# stage	1_synth
# top_module	fpu
# top_n	100
# kind	blocks
# rank	worst_slack_ns	start	end	start_full	end_full
1	-0.6053	uI.mul_a[J]	uI.product_a[J]	u3.mul_a[7]$_SDFFE_PP0P_/Q	u3.product_a[37]$_SDFFE_PP0P_/D
2	-0.6033	uI.mul_b[J]	uI.product_a[J]	u3.mul_b[6]$_SDFFE_PP0P_/Q	u3.product_a[37]$_SDFFE_PP0P_/D
3	-0.5742	uI.mul_a[J]	uI.product_c[J]	u3.mul_a[7]$_SDFFE_PP0P_/Q	u3.product_c[40]$_SDFFE_PP0P_/D
4	-0.5722	uI.mul_b[J]	uI.product_c[J]	u3.mul_b[46]$_SDFFE_PP0P_/Q	u3.product_c[40]$_SDFFE_PP0P_/D
5	-0.5585	uI.mul_a[J]	uI.product_b[J]	u3.mul_a[8]$_SDFFE_PP0P_/Q	u3.product_b[38]$_SDFFE_PP0P_/D
6	-0.5565	uI.mul_b[J]	uI.product_b[J]	u3.mul_b[32]$_SDFFE_PP0P_/Q	u3.product_b[38]$_SDFFE_PP0P_/D
7	-0.5367	uI.mul_a[J]	uI.product_e[J]	u3.mul_a[30]$_SDFFE_PP0P_/Q	u3.product_e[30]$_SDFFE_PP0P_/D
8	-0.5348	uI.mul_b[J]	uI.product_e[J]	u3.mul_b[15]$_SDFFE_PP0P_/Q	u3.product_e[30]$_SDFFE_PP0P_/D
9	-0.5192	uI.mul_a[J]	uI.product_j[J]	u3.mul_a[45]$_SDFFE_PP0P_/Q	u3.product_j[27]$_SDFFE_PP0P_/D
10	-0.5173	uI.mul_b[J]	uI.product_j[J]	u3.mul_b[40]$_SDFFE_PP0P_/Q	u3.product_j[27]$_SDFFE_PP0P_/D
11	-0.4616	uI.mul_a[J]	uI.product_g[J]	u3.mul_a[30]$_SDFFE_PP0P_/Q	u3.product_g[33]$_SDFFE_PP0P_/D
12	-0.4596	uI.mul_b[J]	uI.product_g[J]	u3.mul_b[42]$_SDFFE_PP0P_/Q	u3.product_g[33]$_SDFFE_PP0P_/D
13	-0.4456	uI.mul_a[J]	uI.product_f[J]	u3.mul_a[33]$_SDFFE_PP0P_/Q	u3.product_f[32]$_SDFFE_PP0P_/D
14	-0.4436	uI.mul_b[J]	uI.product_f[J]	u3.mul_b[23]$_SDFFE_PP0P_/Q	u3.product_f[32]$_SDFFE_PP0P_/D
15	-0.3832	uI.mul_a[J]	uI.product_i[J]	u3.mul_a[51]$_SDFFE_PP0P_/Q	u3.product_i[28]$_SDFFE_PP0P_/D
16	-0.3750	uI.mul_b[J]	uI.product_i[J]	u3.mul_b[29]$_SDFFE_PP0P_/Q	u3.product_i[28]$_SDFFE_PP0P_/D
17	-0.3295	uI.mul_a[J]	uI.product_h[J]	u3.mul_a[51]$_SDFFE_PP0P_/Q	u3.product_h[26]$_SDFFE_PP0P_/D
18	-0.3275	uI.mul_b[J]	uI.product_h[J]	u3.mul_b[3]$_SDFFE_PP0P_/Q	u3.product_h[26]$_SDFFE_PP0P_/D
19	0.1212	uI.dividend_reg[J]	uI.remainder_msb	u4.dividend_reg[20]$_SDFFE_PP0P_/Q	u4.remainder_msb$_SDFFE_PP0P_/D
20	0.1281	uI.dividend_reg[J]	uI.dividend_reg[J]	u4.dividend_reg[20]$_SDFFE_PP0P_/Q	u4.dividend_reg[30]$_SDFFE_PP0P_/D
21	0.1345	uI.divisor_reg[J]	uI.remainder_msb	u4.divisor_reg[19]$_SDFFE_PP0P_/Q	u4.remainder_msb$_SDFFE_PP0P_/D
22	0.1375	uI.dividend_reg[J]	uI.quotient[J]	u4.dividend_reg[20]$_SDFFE_PP0P_/Q	u4.quotient[47]$_SDFFE_PP0P_/D
23	0.1387	uI.mul_a[J]	uI.product_d[J]	u3.mul_a[0]$_SDFFE_PP0P_/Q	u3.product_d[23]$_SDFFE_PP0P_/D
24	0.1387	uI.mul_b[J]	uI.product_d[J]	u3.mul_b[52]$_SDFFE_PP0P_/Q	u3.product_d[23]$_SDFFE_PP0P_/D
25	0.1415	uI.divisor_reg[J]	uI.dividend_reg[J]	u4.divisor_reg[19]$_SDFFE_PP0P_/Q	u4.dividend_reg[30]$_SDFFE_PP0P_/D
26	0.1418	uI.dividend_a[J]	uI.dividend_shift_J[K]	u4.dividend_a[51]$_SDFFE_PP0P_/Q	u4.dividend_shift_2[3]$_SDFFE_PP0P_/D
27	0.1443	uI.exponent_J[K]	uI.product_J[K]	u3.exponent_2[1]$_SDFFE_PP0P_/Q	u3.product_4[100]$_SDFFE_PP0P_/D
28	0.1509	uI.divisor_reg[J]	uI.quotient[J]	u4.divisor_reg[19]$_SDFFE_PP0P_/Q	u4.quotient[47]$_SDFFE_PP0P_/D
29	0.1598	uI.diff[J]	uI.diff_shift_J[K]	u2.diff[54]$_SDFFE_PP0P_/Q	u2.diff_shift_2[2]$_SDFFE_PP0P_/D
30	0.1629	uI.divisor_b[J]	uI.divisor_shift_J[K]	u4.divisor_b[31]$_SDFFE_PP0P_/Q	u4.divisor_shift_2[5]$_SDFFE_PP0P_/D
31	0.1785	uI.minuend[J]	uI.diff[J]	u2.minuend[24]$_SDFFE_PP0P_/Q	u2.diff[53]$_SDFFE_PP0P_/D
32	0.1939	uI.product_h[J]	uI.sum_J[K]	u3.product_h[6]$_SDFFE_PP0P_/Q	u3.sum_3[31]$_SDFFE_PP0P_/D
33	0.1993	uI.subtra_shift_J[K]	uI.diff[J]	u2.subtra_shift_3[24]$_SDFFE_PP0P_/QN	u2.diff[53]$_SDFFE_PP0P_/D
34	0.1997	uI.sum_J[K]	uI.sum_J[K]	u3.sum_2[13]$_SDFFE_PP0P_/Q	u3.sum_3[31]$_SDFFE_PP0P_/D
35	0.2020	uI.remainder_shift_term[J]	uI.remainder_b[J]	u4.remainder_shift_term[1]$_SDFFE_PP0P_/Q	u4.remainder_b[99]$_SDFFE_PP0P_/D
36	0.2119	uI.exponent_small[J]	uI.exponent_diff[J]	u2.exponent_small[0]$_SDFFE_PP0P_/Q	u2.exponent_diff[10]$_SDFFE_PP0P_/D
37	0.2160	uI.large_add[J]	uI.sum[J]	u1.large_add[17]$_SDFFE_PP0P_/Q	u1.sum[52]$_SDFFE_PP0P_/D
38	0.2205	uI.exponent_large[J]	uI.exponent_diff[J]	u2.exponent_large[0]$_SDFFE_PP0P_/QN	u2.exponent_diff[10]$_SDFFE_PP0P_/D
39	0.2216	uI.large_norm_small_denorm	uI.exponent_diff[J]	u2.large_norm_small_denorm$_SDFFE_PP0P_/Q	u2.exponent_diff[10]$_SDFFE_PP0P_/D
40	0.2216	uI.small_shift_J[K]	uI.sum[J]	u1.small_shift_3[17]$_SDFFE_PP0P_/Q	u1.sum[52]$_SDFFE_PP0P_/D
41	0.2244	uI.diffshift_gt_exponent	uI.diff_J[K]	u2.diffshift_gt_exponent$_SDFFE_PP0P_/Q	u2.diff_1[51]$_SDFFE_PP0P_/D
42	0.2286	uI.product_shift_J[K]	uI.product_J[K]	u3.product_shift_2[1]$_SDFFE_PP0P_/Q	u3.product_3[105]$_SDFFE_PP0P_/D
43	0.2303	rst	uI.mana_gtet_manb	rst	u2.mana_gtet_manb$_SDFFE_PP0P_/D
44	0.2354	rst	uI.small_shift[J]	rst	u1.small_shift[36]$_SDFFE_PP0P_/D
45	0.2361	rst	uI.expon_uf_term_J[K]	rst	u4.expon_uf_term_1[11]$_SDFFE_PP0P_/D
46	0.2361	rst	uI.expon_final_J[K]	rst	u4.expon_final_3[11]$_SDFFE_PP0P_/D
47	0.2371	rst	uI.dividend_reg[J]	rst	u4.dividend_reg[48]$_SDFFE_PP0P_/D
48	0.2375	rst	uI.count_out[J]	rst	u4.count_out[3]$_SDFFE_PP0N_/D
49	0.2376	rst	uI.sum[J]	rst	u1.sum[41]$_SDFFE_PP0P_/D
50	0.2405	rst	uI.sum_J[K]	rst	u3.sum_3[30]$_SDFFE_PP0P_/D
51	0.2416	mantissa_round[I]	uI.sum_round[J]	mantissa_round[5]$_SDFF_PN0_/Q	u5.sum_round[53]$_SDFF_PP0_/D
52	0.2419	uI.product_e[J]	uI.sum_J[K]	u3.product_e[17]$_SDFFE_PP0P_/Q	u3.sum_1[34]$_SDFFE_PP0P_/D
53	0.2440	uI.product_j[J]	uI.sum_J[K]	u3.product_j[4]$_SDFFE_PP0P_/Q	u3.sum_8[23]$_SDFFE_PP0P_/D
54	0.2450	rst	uI.out_J[K]	rst	u6.out_1[0]$_SDFFE_PP0P_/D
55	0.2455	rst	uI.divisor_reg[J]	rst	u4.divisor_reg[52]$_SDFFE_PP0P_/D
56	0.2455	rst	uI.subtra_shift[J]	rst	u2.subtra_shift[21]$_SDFFE_PP0P_/D
57	0.2455	rst	uI.a_gtet_b	rst	u2.a_gtet_b$_SDFFE_PP0P_/D
58	0.2457	rst	uI.a_is_norm	rst	u3.a_is_norm$_SDFFE_PP0P_/D
59	0.2457	rst	uI.b_is_norm	rst	u3.b_is_norm$_SDFFE_PP0P_/D
60	0.2457	rst	uI.product_e[J]	rst	u3.product_e[33]$_SDFFE_PP0P_/D
61	0.2457	rst	uI.product_j[J]	rst	u3.product_j[30]$_SDFFE_PP0P_/D
62	0.2457	rst	uI.product_lsb	rst	u3.product_lsb$_SDFFE_PP0P_/D
63	0.2461	rst	uI.diff[J]	rst	u2.diff[10]$_SDFFE_PP0P_/D
64	0.2464	rst	uI.enable_trigger	rst	u6.enable_trigger$_SDFFE_PP0P_/D
65	0.2464	rst	uI.underflow_trigger	rst	u6.underflow_trigger$_SDFFE_PP0P_/D
66	0.2471	rst	uI.invalid_trigger	rst	u6.invalid_trigger$_SDFFE_PP0P_/D
67	0.2482	rst	count_ready[I]	rst	count_ready[2]$_SDFFE_PP0P_/D
68	0.2482	rst	ready_I	rst	ready_0$_SDFF_PP0_/D
69	0.2497	rst	uI.product_f[J]	rst	u3.product_f[26]$_SDFFE_PP0P_/D
70	0.2497	rst	uI.product_g[J]	rst	u3.product_g[18]$_SDFFE_PP0P_/D
71	0.2497	rst	uI.product_h[J]	rst	u3.product_h[19]$_SDFFE_PP0P_/D
72	0.2497	rst	uI.product_i[J]	rst	u3.product_i[17]$_SDFFE_PP0P_/D
73	0.2508	rst	uI.product_b[J]	rst	u3.product_b[28]$_SDFFE_PP0P_/D
74	0.2509	rst	uI.count_out[J]	rst	u4.count_out[5]$_SDFFE_PP0P_/D
75	0.2518	rst	uI.small_shift_J[K]	rst	u1.small_shift_3[0]$_SDFFE_PP0P_/D
76	0.2534	uI.diff_shift_J[K]	uI.diff_J[K]	u2.diff_shift_2[0]$_SDFFE_PP0P_/Q	u2.diff_1[51]$_SDFFE_PP0P_/D
77	0.2534	uI.product_c[J]	uI.sum_J[K]	u3.product_c[2]$_SDFFE_PP0P_/Q	u3.sum_2[37]$_SDFFE_PP0P_/D
78	0.2544	rst	uI.product_J[K]	rst	u3.product_3[32]$_SDFFE_PP0P_/D
79	0.2551	rst	uI.exponent_diff[J]	rst	u1.exponent_diff[1]$_SDFFE_PP0P_/D
80	0.2553	uI.product_a[J]	uI.sum_J[K]	u3.product_a[17]$_SDFFE_PP0P_/Q	u3.sum_0[36]$_SDFFE_PP0P_/D
81	0.2578	rst	uI.opa_SNaN	rst	u6.opa_SNaN$_SDFFE_PP0P_/D
82	0.2579	uI.product_g[J]	uI.sum_J[K]	u3.product_g[10]$_SDFFE_PP0P_/Q	u3.sum_7[21]$_SDFFE_PP0P_/D
83	0.2586	uI.product_b[J]	uI.sum_J[K]	u3.product_b[0]$_SDFFE_PP0P_/Q	u3.sum_0[36]$_SDFFE_PP0P_/D
84	0.2592	rst	uI.mantissa_large[J]	rst	u1.mantissa_large[25]$_SDFFE_PP0P_/D
85	0.2596	rst	uI.expon_term[J]	rst	u4.expon_term[10]$_SDFFE_PP0P_/D
86	0.2598	rst	uI.exponent_terms[J]	rst	u3.exponent_terms[9]$_SDFFE_PP0P_/D
87	0.2598	rst	uI.exponent[J]	rst	u2.exponent[9]$_SDFFE_PP0P_/D
88	0.2598	rst	uI.exponent_J[K]	rst	u3.exponent_3[10]$_SDFFE_PP0P_/D
89	0.2620	rst	uI.opa_QNaN	rst	u6.opa_QNaN$_SDFFE_PP0P_/D
90	0.2627	rst	uI.sum_round[J]	rst	u5.sum_round[21]$_SDFF_PP0_/D
91	0.2632	rst	uI.remainder_b[J]	rst	u4.remainder_b[68]$_SDFFE_PP0P_/D
92	0.2632	rst	uI.dividend_shift_J[K]	rst	u4.dividend_shift_2[5]$_SDFFE_PP0P_/D
93	0.2633	rst	uI.a_NaN	rst	u6.a_NaN$_SDFFE_PP0P_/D
94	0.2633	rst	uI.diff_J[K]	rst	u2.diff_1[32]$_SDFFE_PP0P_/D
95	0.2633	rst	uI.NaN_out_trigger	rst	u6.NaN_out_trigger$_SDFFE_PP0P_/D
96	0.2634	rst	uI.subtra_shift_J[K]	rst	u2.subtra_shift_3[0]$_SDFFE_PP0P_/D
97	0.2634	rst	uI.divisor_shift_J[K]	rst	u4.divisor_shift_2[1]$_SDFFE_PP0P_/D
98	0.2634	rst	uI.NaN_output[J]	rst	u6.NaN_output[50]$_SDFFE_PP0P_/D
99	0.2638	rst	uI.quotient[J]	rst	u4.quotient[13]$_SDFFE_PP0P_/D
100	0.2645	rst	fpu_op_reg[I]	rst	fpu_op_reg[0]$_SDFFE_PP0P_/D
