# stage	6_final
# top_module	fpu
# top_n	100
# kind	blocks
# rank	worst_slack_ns	start	end	start_full	end_full
1	-0.4679	uI.mul_a[J]	uI.product_b[J]	u3.mul_a[10]$_SDFFE_PP0P_/Q	u3.product_b[35]$_SDFFE_PP0P_/D
2	-0.4670	uI.mul_a[J]	uI.product_c[J]	u3.mul_a[10]$_SDFFE_PP0P_/Q	u3.product_c[40]$_SDFFE_PP0P_/D
3	-0.4591	uI.mul_a[J]	uI.product_a[J]	u3.mul_a[5]$_SDFFE_PP0P_/Q	u3.product_a[37]$_SDFFE_PP0P_/D
4	-0.4556	uI.mul_b[J]	uI.product_a[J]	u3.mul_b[4]$_SDFFE_PP0P_/Q	u3.product_a[37]$_SDFFE_PP0P_/D
5	-0.4544	uI.mul_b[J]	uI.product_e[J]	u3.mul_b[6]$_SDFFE_PP0P_/Q	u3.product_e[31]$_SDFFE_PP0P_/D
6	-0.4394	uI.mul_b[J]	uI.product_c[J]	u3.mul_b[41]$_SDFFE_PP0P_/Q	u3.product_c[40]$_SDFFE_PP0P_/D
7	-0.4380	uI.mul_a[J]	uI.product_e[J]	u3.mul_a[30]$_SDFFE_PP0P_/Q	u3.product_e[31]$_SDFFE_PP0P_/D
8	-0.4322	uI.mul_b[J]	uI.product_b[J]	u3.mul_b[20]$_SDFFE_PP0P_/Q	u3.product_b[35]$_SDFFE_PP0P_/D
9	-0.4165	uI.mul_b[J]	uI.product_f[J]	u3.mul_b[24]$_SDFFE_PP0P_/Q	u3.product_f[33]$_SDFFE_PP0P_/D
10	-0.4152	uI.mul_a[J]	uI.product_f[J]	u3.mul_a[35]$_SDFFE_PP0P_/Q	u3.product_f[33]$_SDFFE_PP0P_/D
11	-0.4111	uI.mul_a[J]	uI.product_g[J]	u3.mul_a[30]$_SDFFE_PP0P_/Q	u3.product_g[35]$_SDFFE_PP0P_/D
12	-0.4063	uI.mul_b[J]	uI.product_g[J]	u3.mul_b[47]$_SDFFE_PP0P_/Q	u3.product_g[35]$_SDFFE_PP0P_/D
13	-0.3877	uI.mul_b[J]	uI.product_j[J]	u3.mul_b[40]$_SDFFE_PP0P_/Q	u3.product_j[27]$_SDFFE_PP0P_/D
14	-0.3575	uI.mul_b[J]	uI.product_i[J]	u3.mul_b[29]$_SDFFE_PP0P_/Q	u3.product_i[28]$_SDFFE_PP0P_/D
15	-0.3313	uI.mul_b[J]	uI.product_h[J]	u3.mul_b[6]$_SDFFE_PP0P_/Q	u3.product_h[25]$_SDFFE_PP0P_/D
16	-0.3286	uI.mul_a[J]	uI.product_j[J]	u3.mul_a[46]$_SDFFE_PP0P_/Q	u3.product_j[27]$_SDFFE_PP0P_/D
17	-0.3115	uI.mul_a[J]	uI.product_h[J]	u3.mul_a[52]$_SDFFE_PP0P_/Q	u3.product_h[26]$_SDFFE_PP0P_/D
18	-0.3005	uI.mul_a[J]	uI.product_i[J]	u3.mul_a[52]$_SDFFE_PP0P_/Q	u3.product_i[28]$_SDFFE_PP0P_/D
19	-0.0954	uI.mul_b[J]	uI.product_d[J]	u3.mul_b[51]$_SDFFE_PP0P_/Q	u3.product_d[23]$_SDFFE_PP0P_/D
20	0.0406	uI.mul_a[J]	uI.product_d[J]	u3.mul_a[1]$_SDFFE_PP0P_/Q	u3.product_d[23]$_SDFFE_PP0P_/D
21	0.0763	uI.dividend_reg[J]	uI.dividend_reg[J]	u4.dividend_reg[20]$_SDFFE_PP0P_/Q	u4.dividend_reg[27]$_SDFFE_PP0P_/D
22	0.0999	uI.dividend_reg[J]	uI.quotient[J]	u4.dividend_reg[20]$_SDFFE_PP0P_/Q	u4.quotient[29]$_SDFFE_PP0P_/D
23	0.1067	uI.divisor_reg[J]	uI.dividend_reg[J]	u4.divisor_reg[19]$_SDFFE_PP0P_/Q	u4.dividend_reg[27]$_SDFFE_PP0P_/D
24	0.1157	uI.sum_J[K]	uI.sum_J[K]	u3.sum_0[16]$_SDFFE_PP0P_/Q	u3.sum_1[34]$_SDFFE_PP0P_/D
25	0.1184	uI.dividend_reg[J]	uI.remainder_msb	u4.dividend_reg[20]$_SDFFE_PP0P_/Q	u4.remainder_msb$_SDFFE_PP0P_/D
26	0.1195	uI.minuend[J]	uI.diff[J]	u2.minuend[17]$_SDFFE_PP0P_/Q	u2.diff[30]$_SDFFE_PP0P_/D
27	0.1283	uI.product_h[J]	uI.sum_J[K]	u3.product_h[6]$_SDFFE_PP0P_/Q	u3.sum_3[33]$_SDFFE_PP0P_/D
28	0.1303	uI.divisor_reg[J]	uI.quotient[J]	u4.divisor_reg[19]$_SDFFE_PP0P_/Q	u4.quotient[29]$_SDFFE_PP0P_/D
29	0.1312	uI.product_b[J]	uI.sum_J[K]	u3.product_b[0]$_SDFFE_PP0P_/Q	u3.sum_0[36]$_SDFFE_PP0P_/D
30	0.1331	uI.divisor_b[J]	uI.divisor_shift_J[K]	u4.divisor_b[51]$_SDFFE_PP0P_/Q	u4.divisor_shift_2[5]$_SDFFE_PP0P_/D
31	0.1377	uI.product_a[J]	uI.sum_J[K]	u3.product_a[17]$_SDFFE_PP0P_/Q	u3.sum_0[36]$_SDFFE_PP0P_/D
32	0.1412	uI.diff[J]	uI.diff_shift_J[K]	u2.diff[54]$_SDFFE_PP0P_/Q	u2.diff_shift_2[2]$_SDFFE_PP0P_/D
33	0.1425	uI.dividend_a[J]	uI.dividend_shift_J[K]	u4.dividend_a[51]$_SDFFE_PP0P_/Q	u4.dividend_shift_2[3]$_SDFFE_PP0P_/D
34	0.1466	out[I]	out[I]	out[13]$_SDFFE_PP0P_/Q	out[13]
35	0.1469	uI.product_e[J]	uI.sum_J[K]	u3.product_e[17]$_SDFFE_PP0P_/Q	u3.sum_1[34]$_SDFFE_PP0P_/D
36	0.1475	uI.exponent_J[K]	uI.product_J[K]	u3.exponent_2[0]$_SDFFE_PP0P_/Q	u3.product_4[60]$_SDFFE_PP0P_/D
37	0.1489	uI.divisor_reg[J]	uI.remainder_msb	u4.divisor_reg[19]$_SDFFE_PP0P_/Q	u4.remainder_msb$_SDFFE_PP0P_/D
38	0.1491	ready	ready	ready$_SDFF_PP0_/Q	ready
39	0.1537	overflow	overflow	overflow$_SDFFE_PP0P_/Q	overflow
40	0.1558	invalid	invalid	invalid$_SDFFE_PP0P_/Q	invalid
41	0.1563	uI.large_add[J]	uI.sum[J]	u1.large_add[2]$_SDFFE_PP0P_/Q	u1.sum[52]$_SDFFE_PP0P_/D
42	0.1581	exception	exception	exception$_SDFFE_PP0P_/Q	exception
43	0.1591	uI.subtra_shift_J[K]	uI.diff[J]	u2.subtra_shift_3[17]$_SDFFE_PP0P_/QN	u2.diff[30]$_SDFFE_PP0P_/D
44	0.1636	underflow	underflow	underflow$_SDFFE_PP0P_/Q	underflow
45	0.1650	inexact	inexact	inexact$_SDFFE_PP0P_/Q	inexact
46	0.1669	uI.small_shift_J[K]	uI.sum[J]	u1.small_shift_3[2]$_SDFFE_PP0P_/Q	u1.sum[52]$_SDFFE_PP0P_/D
47	0.1695	uI.product_c[J]	uI.sum_J[K]	u3.product_c[5]$_SDFFE_PP0P_/Q	u3.sum_2[37]$_SDFFE_PP0P_/D
48	0.1729	uI.exponent_large[J]	uI.diff_J[K]	u2.exponent_large[1]$_SDFFE_PP0P_/Q	u2.diff_1[41]$_SDFFE_PP0P_/D
49	0.1762	uI.diffshift_gt_exponent	uI.diff_J[K]	u2.diffshift_gt_exponent$_SDFFE_PP0P_/Q	u2.diff_1[41]$_SDFFE_PP0P_/D
50	0.1769	uI.exponent_small[J]	uI.exponent_diff[J]	u2.exponent_small[0]$_SDFFE_PP0P_/Q	u2.exponent_diff[10]$_SDFFE_PP0P_/D
51	0.1801	uI.remainder_shift_term[J]	uI.remainder_b[J]	u4.remainder_shift_term[1]$_SDFFE_PP0P_/Q	u4.remainder_b[102]$_SDFFE_PP0P_/D
52	0.1871	uI.exponent_large[J]	uI.exponent_diff[J]	u2.exponent_large[0]$_SDFFE_PP0P_/QN	u2.exponent_diff[10]$_SDFFE_PP0P_/D
53	0.1941	uI.product_j[J]	uI.sum_J[K]	u3.product_j[0]$_SDFFE_PP0P_/Q	u3.sum_8[23]$_SDFFE_PP0P_/D
54	0.1947	uI.large_norm_small_denorm	uI.exponent_diff[J]	u2.large_norm_small_denorm$_SDFFE_PP0P_/Q	u2.exponent_diff[10]$_SDFFE_PP0P_/D
55	0.1949	mantissa_round[I]	uI.sum_round[J]	mantissa_round[6]$_SDFF_PN0_/Q	u5.sum_round[53]$_SDFF_PP0_/D
56	0.2028	uI.product_shift_J[K]	uI.product_J[K]	u3.product_shift_2[0]$_SDFFE_PP0P_/Q	u3.product_3[57]$_SDFFE_PP0P_/D
57	0.2080	uI.product_g[J]	uI.sum_J[K]	u3.product_g[10]$_SDFFE_PP0P_/Q	u3.sum_7[21]$_SDFFE_PP0P_/D
58	0.2160	uI.diff_shift_J[K]	uI.diff_J[K]	u2.diff_shift_2[1]$_SDFFE_PP0P_/Q	u2.diff_1[41]$_SDFFE_PP0P_/D
59	0.2171	uI.dividend_shift_J[K]	uI.dividend_a_shifted[J]	u4.dividend_shift_2[1]$_SDFFE_PP0P_/Q	u4.dividend_a_shifted[51]$_SDFFE_PP0P_/D
60	0.2190	uI.divisor_shift_J[K]	uI.divisor_b_shifted[J]	u4.divisor_shift_2[1]$_SDFFE_PP0P_/Q	u4.divisor_b_shifted[32]$_SDFFE_PP0P_/D
61	0.2298	uI.product_i[J]	uI.sum_J[K]	u3.product_i[0]$_SDFFE_PP0P_/Q	u3.sum_6[28]$_SDFFE_PP0P_/D
62	0.2305	uI.product_f[J]	uI.sum_J[K]	u3.product_f[0]$_SDFFE_PP0P_/Q	u3.sum_4[34]$_SDFFE_PP0P_/D
63	0.2344	uI.exponent_diff[J]	uI.small_shift[J]	u1.exponent_diff[1]$_SDFFE_PP0P_/Q	u1.small_shift[16]$_SDFFE_PP0P_/D
64	0.2434	uI.exponent_diff[J]	uI.subtra_shift[J]	u2.exponent_diff[1]$_SDFFE_PP0P_/Q	u2.subtra_shift[7]$_SDFFE_PP0P_/D
65	0.2536	uI.product_J[K]	uI.product_J[K]	u3.product_2[0]$_SDFFE_PP0P_/Q	u3.product_4[62]$_SDFFE_PP0P_/D
66	0.2558	mul_enable	uI.product_J[K]	mul_enable$_SDFF_PP0_/Q	u3.product_5[6]$_SDFFE_PP0P_/D
67	0.2570	uI.expon_uf_term_J[K]	uI.mantissa_J[K]	u4.expon_uf_term_4[9]$_SDFFE_PP0P_/Q	u4.mantissa_1[3]$_SDFFE_PP0P_/D
68	0.2570	mul_enable	uI.mul_b[J]	mul_enable$_SDFF_PP0_/Q	u3.mul_b[29]$_SDFFE_PP0P_/D
69	0.2626	mul_enable	uI.mantissa_b[J]	mul_enable$_SDFF_PP0_/Q	u3.mantissa_b[28]$_SDFFE_PP0P_/D
70	0.2662	mul_enable	uI.mul_a[J]	mul_enable$_SDFF_PP0_/Q	u3.mul_a[20]$_SDFFE_PP0P_/D
71	0.2669	mul_enable	uI.mantissa_a[J]	mul_enable$_SDFF_PP0_/Q	u3.mantissa_a[20]$_SDFFE_PP0P_/D
72	0.2732	opb_reg[I]	uI.divisor_reg[J]	opb_reg[56]$_SDFFE_PP0P_/Q	u4.divisor_reg[20]$_SDFFE_PP0P_/D
73	0.2735	uI.product_d[J]	uI.sum_J[K]	u3.product_d[0]$_SDFFE_PP0P_/Q	u3.sum_5[14]$_SDFFE_PP0P_/D
74	0.2763	uI.enable_reg_J	uI.mantissa_b[J]	u4.enable_reg_2$_SDFFE_PP0P_/Q	u4.mantissa_b[36]$_SDFFE_PP0P_/D
75	0.2769	uI.enable_reg_J	uI.divisor_b[J]	u4.enable_reg_2$_SDFFE_PP0P_/Q	u4.divisor_b[30]$_SDFFE_PP0P_/D
76	0.2772	mul_enable	uI.sum_J[K]	mul_enable$_SDFF_PP0_/Q	u3.sum_7[36]$_SDFFE_PP0P_/D
77	0.2864	sub_enable	uI.diff_J[K]	sub_enable$_SDFF_PP0_/Q	u2.diff_2[54]$_SDFFE_PP0P_/D
78	0.2929	mul_enable	uI.product[J]	mul_enable$_SDFF_PP0_/Q	u3.product[17]$_SDFFE_PP0P_/D
79	0.2953	uI.product[J]	uI.product_J[K]	u3.product[104]$_SDFFE_PP0P_/Q	u3.product_1[43]$_SDFFE_PP0P_/D
80	0.2974	opa_reg[I]	uI.exponent_out[J]	opa_reg[51]$_SDFFE_PP0P_/Q	u4.exponent_out[5]$_SDFF_PP0_/D
81	0.3011	sub_enable	uI.mantissa_small[J]	sub_enable$_SDFF_PP0_/Q	u2.mantissa_small[9]$_SDFFE_PP0P_/D
82	0.3019	opb_reg[I]	uI.b_is_zero	opb_reg[47]$_SDFFE_PP0P_/Q	u3.b_is_zero$_SDFFE_PP0P_/D
83	0.3020	opb_reg[I]	uI.opb_pos_inf	opb_reg[47]$_SDFFE_PP0P_/Q	u6.opb_pos_inf$_SDFFE_PP0P_/D
84	0.3030	uI.exponent_J[K]	uI.exponent_J[K]	u3.exponent_2[1]$_SDFFE_PP0P_/Q	u3.exponent_3[11]$_SDFFE_PP0P_/D
85	0.3031	uI.b_is_norm	uI.exponent_terms[J]	u3.b_is_norm$_SDFFE_PP0P_/Q	u3.exponent_terms[10]$_SDFFE_PP0P_/D
86	0.3068	uI.a_is_norm	uI.exponent_terms[J]	u3.a_is_norm$_SDFFE_PP0P_/Q	u3.exponent_terms[10]$_SDFFE_PP0P_/D
87	0.3081	opb_reg[I]	uI.opb_neg_inf	opb_reg[47]$_SDFFE_PP0P_/Q	u6.opb_neg_inf$_SDFFE_PP0P_/D
88	0.3083	sub_enable	uI.mantissa_large[J]	sub_enable$_SDFF_PP0_/Q	u2.mantissa_large[22]$_SDFFE_PP0P_/D
89	0.3087	sub_enable	uI.subtrahend[J]	sub_enable$_SDFF_PP0_/Q	u2.subtrahend[11]$_SDFFE_PP0P_/D
90	0.3102	sub_enable	uI.mantissa_a[J]	sub_enable$_SDFF_PP0_/Q	u2.mantissa_a[19]$_SDFFE_PP0P_/D
91	0.3109	sub_enable	uI.mantissa_b[J]	sub_enable$_SDFF_PP0_/Q	u2.mantissa_b[14]$_SDFFE_PP0P_/D
92	0.3110	uI.enable_reg_J	uI.remainder_b[J]	u4.enable_reg_2$_SDFFE_PP0P_/Q	u4.remainder_b[64]$_SDFFE_PP0P_/D
93	0.3134	uI.enable_reg_J	uI.divisor_b_shifted[J]	u4.enable_reg_2$_SDFFE_PP0P_/Q	u4.divisor_b_shifted[4]$_SDFFE_PP0P_/D
94	0.3161	opb_reg[I]	uI.opb_inf	opb_reg[47]$_SDFFE_PP0P_/Q	u6.opb_inf$_SDFFE_PP0P_/D
95	0.3165	opb_reg[I]	uI.expon_final_J[K]	opb_reg[53]$_SDFFE_PP0P_/Q	u4.expon_final_1[10]$_SDFFE_PP0P_/D
96	0.3168	op_enable	uI.opa_SNaN	op_enable$_SDFFE_PP0P_/Q	u6.opa_SNaN$_SDFFE_PP0P_/D
97	0.3172	op_enable	uI.in_et_zero	op_enable$_SDFFE_PP0P_/Q	u6.in_et_zero$_SDFFE_PP0P_/D
98	0.3194	opa_reg[I]	uI.dividend_reg[J]	opa_reg[57]$_SDFFE_PP0P_/Q	u4.dividend_reg[19]$_SDFFE_PP0P_/D
99	0.3210	add_enable	uI.mantissa_b[J]	add_enable$_SDFF_PP0_/Q	u1.mantissa_b[33]$_SDFFE_PP0P_/D
100	0.3210	op_enable	uI.opa_QNaN	op_enable$_SDFFE_PP0P_/Q	u6.opa_QNaN$_SDFFE_PP0P_/D
