# stage	6_final
# top_module	RsDecodeTop
# top_n	100
# kind	blocks
# rank	worst_slack_ns	start	end	start_full	end_full
1	-0.3709	lambdaRegI_J[K]	degreeLambdaReg[I]	lambdaReg2_10[5]$_DFFE_PN0P_/Q	degreeLambdaReg[0]$_DFFE_PN0P_/D
2	-0.3649	omegaShiftedReg_I[J]	degreeOmegaReg[I]	omegaShiftedReg_11[5]$_DFFE_PN0P_/Q	degreeOmegaReg[1]$_DFFE_PN0P_/D
3	-0.0534	RsDecodeDelay.RsDecodeDpRam.rRdAddr[I]	RsDecodeDelay.RsDecodeDpRam.q[I]	RsDecodeDelay.RsDecodeDpRam.rRdAddr[0]$_DFF_P_/Q	RsDecodeDelay.RsDecodeDpRam.q[8]$_DFFE_PP_/D
4	-0.0486	RsDecodeSyndrome.count[I]	RsDecodePolymul.sumReg_I[J]	RsDecodeSyndrome.count[3]$_DFFE_PN0P_/QN	RsDecodePolymul.sumReg_13[0]$_DFFE_PN0P_/D
5	0.0017	RsDecodeChien.lambdaReg_I[J]	RsDecodeChien.numErrorReg[I]	RsDecodeChien.lambdaReg_17[7]$_DFFE_PN0P_/Q	RsDecodeChien.numErrorReg[3]$_DFFE_PN0P_/D
6	0.0022	RsDecodeChien.lambdaReg_I[J]	RsDecodeChien.numErrorRegI[J]	RsDecodeChien.lambdaReg_17[7]$_DFFE_PN0P_/Q	RsDecodeChien.numErrorReg2[4]$_DFFE_PN0P_/D
7	0.0088	RsDecodeEuclide.qNewReg[I]	RsDecodeEuclide.lambdaXorReg_I[J]	RsDecodeEuclide.qNewReg[6]$_DFFE_PN0P_/Q	RsDecodeEuclide.lambdaXorReg_5[3]$_DFFE_PN0P_/D
8	0.0106	RsDecodeEuclide.qNewReg[I]	RsDecodeEuclide.lambdaInner_I[J]	RsDecodeEuclide.qNewReg[6]$_DFFE_PN0P_/Q	RsDecodeEuclide.lambdaInner_12[6]$_DFFE_PN0P_/D
9	0.0139	RsDecodeEuclide.qNewReg[I]	RsDecodeEuclide.omegaInner_I[J]	RsDecodeEuclide.qNewReg[4]$_DFFE_PN0P_/Q	RsDecodeEuclide.omegaInner_2[0]$_DFFE_PN0P_/D
10	0.0139	RsDecodeErasure.epsilonReg_I[J]	RsDecodePolymul.sumReg_I[J]	RsDecodeErasure.epsilonReg_22[5]$_DFFE_PN0P_/Q	RsDecodePolymul.sumReg_2[4]$_DFFE_PN0P_/D
11	0.0173	OutputValidRegInner	outEnable	OutputValidRegInner$_DFF_PN0_/Q	outEnable
12	0.0209	DelayedDataOutInner[I]	delayedData[I]	DelayedDataOutInner[3]$_DFF_PN0_/Q	delayedData[3]
13	0.0221	DataOutInner[I]	outData[I]	DataOutInner[0]$_DFF_PN0_/Q	outData[0]
14	0.0223	RsDecodeSyndrome.count[I]	RsDecodePolymul.epsilonReg_I[J]	RsDecodeSyndrome.count[0]$_DFFE_PN0P_/Q	RsDecodePolymul.epsilonReg_8[7]$_DFFE_PN0P_/D
15	0.0231	RsDecodePolymul.epsilonReg_I[J]	RsDecodePolymul.sumReg_I[J]	RsDecodePolymul.epsilonReg_22[2]$_DFFE_PN0P_/Q	RsDecodePolymul.sumReg_13[0]$_DFFE_PN0P_/D
16	0.0231	RsDecodeEuclide.qNewReg[I]	RsDecodeEuclide.omegaBkp_I[J]	RsDecodeEuclide.qNewReg[4]$_DFFE_PN0P_/Q	RsDecodeEuclide.omegaBkp_12[3]$_DFFE_PN0P_/D
17	0.0239	numErrorRegInner[I]	errorNum[I]	numErrorRegInner[0]$_DFF_PN0_/Q	errorNum[0]
18	0.0242	numErasureRegInner[I]	erasureNum[I]	numErasureRegInner[1]$_DFF_PN0_/Q	erasureNum[1]
19	0.0257	startRegInner	outStartPls	startRegInner$_DFF_PN0_/Q	outStartPls
20	0.0272	failRegInner	fail	failRegInner$_DFF_PN0_/Q	fail
21	0.0304	doneRegInner	outDone	doneRegInner$_DFF_PN0_/Q	outDone
22	0.0637	RsDecodeEuclide.count[I]	RsDecodeEuclide.lambdaXorReg_I[J]	RsDecodeEuclide.count[1]$_DFFE_PN0P_/Q	RsDecodeEuclide.lambdaXorReg_5[3]$_DFFE_PN0P_/D
23	0.0642	RsDecodeEuclide.omegaInner_I[J]	RsDecodeEuclide.lambdaXorReg_I[J]	RsDecodeEuclide.omegaInner_21[2]$_DFFE_PN0P_/Q	RsDecodeEuclide.lambdaXorReg_5[3]$_DFFE_PN0P_/D
24	0.0652	RsDecodeChien.denomEIReg[J]	RsDecodeChien.denomEIInvReg[J]	RsDecodeChien.denomE0Reg[1]$_DFFE_PN0P_/Q	RsDecodeChien.denomE0InvReg[0]$_DFFE_PN0P_/D
25	0.0686	RsDecodeEuclide.omegaInner_I[J]	RsDecodeEuclide.omegaInner_I[J]	RsDecodeEuclide.omegaInner_21[0]$_DFFE_PN0P_/Q	RsDecodeEuclide.omegaInner_13[7]$_DFFE_PN0P_/D
26	0.0701	RsDecodeEuclide.count[I]	RsDecodeEuclide.lambdaInner_I[J]	RsDecodeEuclide.count[2]$_DFFE_PN0P_/Q	RsDecodeEuclide.lambdaInner_21[5]$_DFFE_PN0P_/D
27	0.0734	RsDecodeEuclide.omegaInner_I[J]	RsDecodeEuclide.numShiftedReg[I]	RsDecodeEuclide.omegaInner_21[2]$_DFFE_PN0P_/Q	RsDecodeEuclide.numShiftedReg[3]$_DFFE_PN0P_/D
28	0.0748	degreeEpsilonReg[I]	RsDecodeEuclide.lambdaInner_I[J]	degreeEpsilonReg[1]$_DFFE_PN0P_/Q	RsDecodeEuclide.lambdaInner_21[5]$_DFFE_PN0P_/D
29	0.0757	RsDecodeEuclide.omegaInner_I[J]	RsDecodeEuclide.offset[I]	RsDecodeEuclide.omegaInner_21[0]$_DFFE_PN0P_/Q	RsDecodeEuclide.offset[4]$_DFFE_PN0P_/D
30	0.0774	RsDecodeEuclide.count[I]	RsDecodeEuclide.omegaBkp_I[J]	RsDecodeEuclide.count[2]$_DFFE_PN0P_/Q	RsDecodeEuclide.omegaBkp_13[1]$_DFFE_PN0P_/D
31	0.0782	numShiftedReg[I]	omegaShiftedReg_I[J]	numShiftedReg[3]$_DFFE_PN0P_/Q	omegaShiftedReg_9[0]$_DFFE_PN0P_/D
32	0.0786	RsDecodeEuclide.omegaInner_I[J]	RsDecodeEuclide.omegaBkp_I[J]	RsDecodeEuclide.omegaInner_21[0]$_DFFE_PN0P_/Q	RsDecodeEuclide.omegaBkp_16[3]$_DFFE_PN0P_/D
33	0.0820	degreeEpsilonReg[I]	RsDecodeEuclide.omegaBkp_I[J]	degreeEpsilonReg[1]$_DFFE_PN0P_/Q	RsDecodeEuclide.omegaBkp_13[1]$_DFFE_PN0P_/D
34	0.0829	RsDecodeEuclide.euclideSteps[I]	RsDecodeEuclide.lambdaXorReg_I[J]	RsDecodeEuclide.euclideSteps[0]$_DFFE_PN0P_/Q	RsDecodeEuclide.lambdaXorReg_5[3]$_DFFE_PN0P_/D
35	0.0837	RsDecodePolymul.count[I]	epsilonRegI_J[K]	RsDecodePolymul.count[0]$_DFFE_PN0P_/Q	epsilonReg2_10[4]$_DFFE_PN0P_/D
36	0.0848	RsDecodeEuclide.omegaInner_I[J]	RsDecodeEuclide.omegaInvReg[I]	RsDecodeEuclide.omegaInner_21[2]$_DFFE_PN0P_/Q	RsDecodeEuclide.omegaInvReg[7]$_DFFE_PN0P_/D
37	0.0851	RsDecodeEuclide.count[I]	RsDecodeEuclide.lambdaBkp_I[J]	RsDecodeEuclide.count[2]$_DFFE_PN0P_/Q	RsDecodeEuclide.lambdaBkp_6[6]$_DFFE_PN0P_/D
38	0.0856	RsDecodePolymul.syndromeReg_I[J]	RsDecodePolymul.sumReg_I[J]	RsDecodePolymul.syndromeReg_12[5]$_DFFE_PN0P_/Q	RsDecodePolymul.sumReg_12[0]$_DFFE_PN0P_/D
39	0.0862	RsDecodeEuclide.omegaInner_I[J]	RsDecodeEuclide.lambdaBkp_I[J]	RsDecodeEuclide.omegaInner_21[2]$_DFFE_PN0P_/Q	RsDecodeEuclide.lambdaBkp_6[4]$_DFFE_PN0P_/D
40	0.0880	RsDecodePolymul.count[I]	RsDecodeEuclide.omegaInner_I[J]	RsDecodePolymul.count[0]$_DFFE_PN0P_/Q	RsDecodeEuclide.omegaInner_7[1]$_DFFE_PN0P_/D
41	0.0897	degreeEpsilonReg[I]	RsDecodeEuclide.lambdaBkp_I[J]	degreeEpsilonReg[1]$_DFFE_PN0P_/Q	RsDecodeEuclide.lambdaBkp_6[6]$_DFFE_PN0P_/D
42	0.0936	RsDecodeChien.numeRegI[J]	DataOutInner[I]	RsDecodeChien.numeReg2[4]$_DFFE_PN0P_/Q	DataOutInner[2]$_DFF_PN0_/D
43	0.0952	RsDecodeErasure.powerReg[I]	RsDecodeErasure.epsilonReg_I[J]	RsDecodeErasure.powerReg[5]$_DFFE_PN0P_/Q	RsDecodeErasure.epsilonReg_18[5]$_DFFE_PN0P_/D
44	0.0972	RsDecodePolymul.count[I]	RsDecodeEuclide.lambdaBkp_I[J]	RsDecodePolymul.count[0]$_DFFE_PN0P_/Q	RsDecodeEuclide.lambdaBkp_6[6]$_DFFE_PN0P_/D
45	0.0976	RsDecodePolymul.count[I]	RsDecodeEuclide.lambdaXorReg_I[J]	RsDecodePolymul.count[0]$_DFFE_PN0P_/Q	RsDecodeEuclide.lambdaXorReg_5[3]$_DFFE_PN0P_/D
46	0.0989	RsDecodeEuclide.omegaInner_I[J]	RsDecodeEuclide.lambdaInner_I[J]	RsDecodeEuclide.omegaInner_21[2]$_DFFE_PN0P_/Q	RsDecodeEuclide.lambdaInner_0[0]$_DFFE_PN0P_/D
47	0.0996	RsDecodeEuclide.euclideSteps[I]	RsDecodeEuclide.omegaBkp_I[J]	RsDecodeEuclide.euclideSteps[0]$_DFFE_PN0P_/Q	RsDecodeEuclide.omegaBkp_13[2]$_DFFE_PN0P_/D
48	0.1003	degreeEpsilonReg[I]	RsDecodeEuclide.lambdaXorReg_I[J]	degreeEpsilonReg[1]$_DFFE_PN0P_/Q	RsDecodeEuclide.lambdaXorReg_5[3]$_DFFE_PN0P_/D
49	0.1017	RsDecodeEuclide.offset[I]	RsDecodeEuclide.numShiftedReg[I]	RsDecodeEuclide.offset[1]$_DFFE_PN0P_/Q	RsDecodeEuclide.numShiftedReg[3]$_DFFE_PN0P_/D
50	0.1034	RsDecodeEuclide.offset[I]	RsDecodeEuclide.omegaInner_I[J]	RsDecodeEuclide.offset[1]$_DFFE_PN0P_/Q	RsDecodeEuclide.omegaInner_13[6]$_DFFE_PN0P_/D
51	0.1077	RsDecodeEuclide.offset[I]	RsDecodeEuclide.lambdaXorReg_I[J]	RsDecodeEuclide.offset[1]$_DFFE_PN0P_/Q	RsDecodeEuclide.lambdaXorReg_5[3]$_DFFE_PN0P_/D
52	0.1083	RsDecodePolymul.count[I]	RsDecodeEuclide.lambdaInner_I[J]	RsDecodePolymul.count[0]$_DFFE_PN0P_/Q	RsDecodeEuclide.lambdaInner_6[6]$_DFFE_PN0P_/D
53	0.1098	degreeEpsilonReg[I]	RsDecodeEuclide.omegaInner_I[J]	degreeEpsilonReg[1]$_DFFE_PN0P_/Q	RsDecodeEuclide.omegaInner_13[7]$_DFFE_PN0P_/D
54	0.1111	RsDecodeChien.denomEIInvReg[J]	DataOutInner[I]	RsDecodeChien.denomE1InvReg[6]$_DFFE_PN0P_/Q	DataOutInner[3]$_DFF_PN0_/D
55	0.1114	RsDecodeEuclide.count[I]	RsDecodeEuclide.omegaInner_I[J]	RsDecodeEuclide.count[2]$_DFFE_PN0P_/Q	RsDecodeEuclide.omegaInner_13[5]$_DFFE_PN0P_/D
56	0.1145	RsDecodeEuclide.offset[I]	RsDecodeEuclide.lambdaBkp_I[J]	RsDecodeEuclide.offset[1]$_DFFE_PN0P_/Q	RsDecodeEuclide.lambdaBkp_6[4]$_DFFE_PN0P_/D
57	0.1167	RsDecodeEuclide.count[I]	RsDecodeEuclide.offset[I]	RsDecodeEuclide.count[2]$_DFFE_PN0P_/Q	RsDecodeEuclide.offset[4]$_DFFE_PN0P_/D
58	0.1194	RsDecodeEuclide.offset[I]	RsDecodeEuclide.omegaBkp_I[J]	RsDecodeEuclide.offset[1]$_DFFE_PN0P_/Q	RsDecodeEuclide.omegaBkp_13[2]$_DFFE_PN0P_/D
59	0.1207	RsDecodeDelay.RsDecodeDpRam.mem[I][J]	RsDecodeDelay.RsDecodeDpRam.q[I]	RsDecodeDelay.RsDecodeDpRam.mem[83][8]$_DFFE_PP_/Q	RsDecodeDelay.RsDecodeDpRam.q[8]$_DFFE_PP_/D
60	0.1214	degreeEpsilonReg[I]	RsDecodeEuclide.offset[I]	degreeEpsilonReg[1]$_DFFE_PN0P_/Q	RsDecodeEuclide.offset[4]$_DFFE_PN0P_/D
61	0.1214	degreeEpsilonReg[I]	RsDecodeEuclide.numShiftedReg[I]	degreeEpsilonReg[1]$_DFFE_PN0P_/Q	RsDecodeEuclide.numShiftedReg[0]$_DFFE_PN0P_/D
62	0.1216	RsDecodeEuclide.euclideSteps[I]	RsDecodeEuclide.lambdaInner_I[J]	RsDecodeEuclide.euclideSteps[0]$_DFFE_PN0P_/Q	RsDecodeEuclide.lambdaInner_21[5]$_DFFE_PN0P_/D
63	0.1246	RsDecodeErasure.epsilonReg_I[J]	RsDecodeErasure.epsilonReg_I[J]	RsDecodeErasure.epsilonReg_22[1]$_DFFE_PN0P_/Q	RsDecodeErasure.epsilonReg_22[2]$_DFFE_PN0P_/D
64	0.1268	RsDecodePolymul.count[I]	RsDecodeEuclide.omegaBkp_I[J]	RsDecodePolymul.count[0]$_DFFE_PN0P_/Q	RsDecodeEuclide.omegaBkp_13[2]$_DFFE_PN0P_/D
65	0.1272	RsDecodeEuclide.offset[I]	RsDecodeEuclide.lambdaInner_I[J]	RsDecodeEuclide.offset[1]$_DFFE_PN0P_/Q	RsDecodeEuclide.lambdaInner_0[0]$_DFFE_PN0P_/D
66	0.1281	RsDecodeEuclide.count[I]	RsDecodeEuclide.numShiftedReg[I]	RsDecodeEuclide.count[1]$_DFFE_PN0P_/Q	RsDecodeEuclide.numShiftedReg[3]$_DFFE_PN0P_/D
67	0.1288	RsDecodePolymul.count[I]	RsDecodeEuclide.offset[I]	RsDecodePolymul.count[0]$_DFFE_PN0P_/Q	RsDecodeEuclide.offset[4]$_DFFE_PN0P_/D
68	0.1352	RsDecodeEuclide.lambdaInner_I[J]	RsDecodeEuclide.lambdaXorReg_I[J]	RsDecodeEuclide.lambdaInner_18[7]$_DFFE_PN0P_/Q	RsDecodeEuclide.lambdaXorReg_18[3]$_DFFE_PN0P_/D
69	0.1354	RsDecodeEuclide.lambdaInner_I[J]	RsDecodeEuclide.lambdaInner_I[J]	RsDecodeEuclide.lambdaInner_20[6]$_DFFE_PN0P_/Q	RsDecodeEuclide.lambdaInner_20[4]$_DFFE_PN0P_/D
70	0.1366	RsDecodeEuclide.euclideSteps[I]	RsDecodeEuclide.lambdaBkp_I[J]	RsDecodeEuclide.euclideSteps[0]$_DFFE_PN0P_/Q	RsDecodeEuclide.lambdaBkp_6[6]$_DFFE_PN0P_/D
71	0.1444	RsDecodePolymul.count[I]	RsDecodeEuclide.numShiftedReg[I]	RsDecodePolymul.count[0]$_DFFE_PN0P_/Q	RsDecodeEuclide.numShiftedReg[0]$_DFFE_PN0P_/D
72	0.1473	RsDecodeEuclide.euclideSteps[I]	RsDecodeEuclide.numShiftedReg[I]	RsDecodeEuclide.euclideSteps[0]$_DFFE_PN0P_/Q	RsDecodeEuclide.numShiftedReg[3]$_DFFE_PN0P_/D
73	0.1489	RsDecodeEuclide.euclideSteps[I]	RsDecodeEuclide.omegaInner_I[J]	RsDecodeEuclide.euclideSteps[0]$_DFFE_PN0P_/Q	RsDecodeEuclide.omegaInner_13[6]$_DFFE_PN0P_/D
74	0.1590	RsDecodeSyndrome.count[I]	RsDecodePolymul.syndromeReg_I[J]	RsDecodeSyndrome.count[0]$_DFFE_PN0P_/Q	RsDecodePolymul.syndromeReg_7[5]$_DFFE_PN0P_/D
75	0.1677	degreeEpsilonRegI[J]	degreeErrorReg	degreeEpsilonReg4[0]$_DFFE_PN0P_/Q	degreeErrorReg$_DFFE_PN0P_/D
76	0.1682	RsDecodeEuclide.euclideSteps[I]	RsDecodeEuclide.offset[I]	RsDecodeEuclide.euclideSteps[0]$_DFFE_PN0P_/Q	RsDecodeEuclide.offset[4]$_DFFE_PN0P_/D
77	0.1717	degreeLambdaReg[I]	degreeErrorReg	degreeLambdaReg[0]$_DFFE_PN0P_/Q	degreeErrorReg$_DFFE_PN0P_/D
78	0.1740	RsDecodePolymul.count[I]	failErasureRegI	RsDecodePolymul.count[0]$_DFFE_PN0P_/Q	failErasureReg2$_DFFE_PN0P_/D
79	0.1759	RsDecodeEuclide.omegaInvReg[I]	RsDecodeEuclide.qNewReg[I]	RsDecodeEuclide.omegaInvReg[4]$_DFFE_PN0P_/Q	RsDecodeEuclide.qNewReg[4]$_DFFE_PN0P_/D
80	0.1772	RsDecodeEuclide.omegaBkpReg[I]	RsDecodeEuclide.qNewReg[I]	RsDecodeEuclide.omegaBkpReg[5]$_DFFE_PN0P_/Q	RsDecodeEuclide.qNewReg[4]$_DFFE_PN0P_/D
81	0.1781	RsDecodeDelay.writePointer[I]	RsDecodeDelay.RsDecodeDpRam.mem[I][J]	RsDecodeDelay.writePointer[5]$_DFFE_PN0P_/Q	RsDecodeDelay.RsDecodeDpRam.mem[115][1]$_DFFE_PP_/D
82	0.1874	RsDecodePolymul.count[I]	RsDecodeEuclide.count[I]	RsDecodePolymul.count[0]$_DFFE_PN0P_/Q	RsDecodeEuclide.count[2]$_DFFE_PN0P_/D
83	0.1924	doneShiftReg	RsDecodeChien.omegaReg_I[J]	doneShiftReg$_DFFE_PN0P_/Q	RsDecodeChien.omegaReg_14[4]$_DFFE_PN0P_/D
84	0.1962	RsDecodeChien.lambdaOddReg[I]	RsDecodeChien.denomEIReg[J]	RsDecodeChien.lambdaOddReg[5]$_DFFE_PN0P_/Q	RsDecodeChien.denomE0Reg[4]$_DFFE_PN0P_/D
85	0.1970	doneShiftReg	RsDecodeChien.epsilonReg_I[J]	doneShiftReg$_DFFE_PN0P_/Q	RsDecodeChien.epsilonReg_16[5]$_DFFE_PN0P_/D
86	0.1972	RsDecodeSyndrome.count[I]	RsDecodePolymul.count[I]	RsDecodeSyndrome.count[3]$_DFFE_PN0P_/QN	RsDecodePolymul.count[4]$_DFFE_PN0P_/D
87	0.2004	RsDecodeChien.epsilonSumReg[I]	RsDecodeChien.denomEIReg[J]	RsDecodeChien.epsilonSumReg[4]$_DFFE_PN0P_/Q	RsDecodeChien.denomE0Reg[4]$_DFFE_PN0P_/D
88	0.2073	RsDecodeEuclide.offset[I]	RsDecodeEuclide.offset[I]	RsDecodeEuclide.offset[1]$_DFFE_PN0P_/Q	RsDecodeEuclide.offset[2]$_DFFE_PN0P_/D
89	0.2127	RsDecodeChien.lambdaReg_I[J]	RsDecodeChien.lambdaSumReg[I]	RsDecodeChien.lambdaReg_9[6]$_DFFE_PN0P_/Q	RsDecodeChien.lambdaSumReg[6]$_DFFE_PN0P_/D
90	0.2131	RsDecodeChien.lambdaSumReg[I]	RsDecodeChien.denomEIReg[J]	RsDecodeChien.lambdaSumReg[5]$_DFFE_PN0P_/Q	RsDecodeChien.denomE1Reg[5]$_DFFE_PN0P_/D
91	0.2133	RsDecodeEuclide.phase[I]	RsDecodeEuclide.lambdaInner_I[J]	RsDecodeEuclide.phase[0]$_DFFE_PN0P_/QN	RsDecodeEuclide.lambdaInner_21[5]$_DFFE_PN0P_/D
92	0.2135	RsDecodeDelay.writePointer[I]	RsDecodeDelay.writePointer[I]	RsDecodeDelay.writePointer[1]$_DFFE_PN1P_/Q	RsDecodeDelay.writePointer[8]$_DFFE_PN1P_/D
93	0.2143	RsDecodeChien.lambdaOddRegI[J]	DataOutInner[I]	RsDecodeChien.lambdaOddReg3[1]$_DFFE_PN0P_/Q	DataOutInner[1]$_DFF_PN0_/D
94	0.2145	RsDecodeChien.lambdaEvenRegI[J]	DataOutInner[I]	RsDecodeChien.lambdaEvenReg3[1]$_DFFE_PN0P_/Q	DataOutInner[1]$_DFF_PN0_/D
95	0.2156	RsDecodeChien.epsilonOddReg[I]	RsDecodeChien.denomEIReg[J]	RsDecodeChien.epsilonOddReg[4]$_DFFE_PN0P_/Q	RsDecodeChien.denomE1Reg[5]$_DFFE_PN0P_/D
96	0.2175	RsDecodeEuclide.omegaBkp_I[J]	RsDecodeEuclide.omegaInner_I[J]	RsDecodeEuclide.omegaBkp_1[7]$_DFFE_PN0P_/Q	RsDecodeEuclide.omegaInner_2[7]$_DFFE_PN0P_/D
97	0.2206	RsDecodeEuclide.phase[I]	RsDecodeEuclide.omegaBkp_I[J]	RsDecodeEuclide.phase[0]$_DFFE_PN0P_/QN	RsDecodeEuclide.omegaBkp_13[1]$_DFFE_PN0P_/D
98	0.2223	RsDecodeChien.omegaReg_I[J]	RsDecodeChien.omegaSumReg[I]	RsDecodeChien.omegaReg_16[6]$_DFFE_PN0P_/Q	RsDecodeChien.omegaSumReg[6]$_DFFE_PN0P_/D
99	0.2283	RsDecodeEuclide.phase[I]	RsDecodeEuclide.lambdaBkp_I[J]	RsDecodeEuclide.phase[0]$_DFFE_PN0P_/QN	RsDecodeEuclide.lambdaBkp_6[6]$_DFFE_PN0P_/D
100	0.2296	RsDecodeSyndrome.reg_I[J]	RsDecodeSyndrome.reg_I[J]	RsDecodeSyndrome.reg_15[7]$_DFFE_PN0P_/Q	RsDecodeSyndrome.reg_15[3]$_DFFE_PN0P_/D
