# stage	1_synth
# top_module	RsDecodeTop
# top_n	100
# kind	blocks
# rank	worst_slack_ns	start	end	start_full	end_full
1	-0.4836	omegaShiftedReg_I[J]	degreeOmegaReg[I]	omegaShiftedReg_11[5]$_DFFE_PN0P_/Q	degreeOmegaReg[1]$_DFFE_PN0P_/D
2	-0.4676	lambdaRegI_J[K]	degreeLambdaReg[I]	lambdaReg2_8[5]$_DFFE_PN0P_/Q	degreeLambdaReg[0]$_DFFE_PN0P_/D
3	-0.0481	RsDecodeSyndrome.count[I]	RsDecodePolymul.sumReg_I[J]	RsDecodeSyndrome.count[1]$_DFFE_PN0P_/Q	RsDecodePolymul.sumReg_7[2]$_DFFE_PN0P_/D
4	-0.0046	enable	RsDecodeDelay.RsDecodeDpRam.mem[I][J]	enable	RsDecodeDelay.RsDecodeDpRam.mem[12][0]$_DFFE_PP_/D
5	0.0011	RsDecodeDelay.RsDecodeDpRam.rRdAddr[I]	RsDecodeDelay.RsDecodeDpRam.q[I]	RsDecodeDelay.RsDecodeDpRam.rRdAddr[0]$_DFF_P_/Q	RsDecodeDelay.RsDecodeDpRam.q[8]$_DFFE_PP_/D
6	0.0033	enable	RsDecodeChien.denomEIInvReg[J]	enable	RsDecodeChien.denomE1InvReg[0]$_DFFE_PN0P_/D
7	0.0033	enable	RsDecodeEuclide.omegaInvReg[I]	enable	RsDecodeEuclide.omegaInvReg[0]$_DFFE_PN0P_/D
8	0.0035	enable	RsDecodeEuclide.lambdaBkp_I[J]	enable	RsDecodeEuclide.lambdaBkp_10[0]$_DFFE_PN0P_/D
9	0.0098	enable	omegaShiftedReg_I[J]	enable	omegaShiftedReg_14[0]$_DFFE_PN0P_/D
10	0.0111	RsDecodeErasure.epsilonReg_I[J]	RsDecodePolymul.sumReg_I[J]	RsDecodeErasure.epsilonReg_22[2]$_DFFE_PN0P_/Q	RsDecodePolymul.sumReg_8[4]$_DFFE_PN0P_/D
11	0.0113	enable	RsDecodeEuclide.lambdaInner_I[J]	enable	RsDecodeEuclide.lambdaInner_12[0]$_DFFE_PN0P_/D
12	0.0129	enable	RsDecodePolymul.epsilonReg_I[J]	enable	RsDecodePolymul.epsilonReg_10[0]$_DFFE_PN0P_/D
13	0.0129	enable	RsDecodePolymul.sumReg_I[J]	enable	RsDecodePolymul.sumReg_8[1]$_DFFE_PN0P_/D
14	0.0134	enable	doneReg[I]	enable	doneReg[0]$_DFFE_PN0P_/D
15	0.0134	enable	lambdaRegI_J[K]	enable	lambdaReg2_0[1]$_DFFE_PN0P_/D
16	0.0134	enable	startReg[I]	enable	startReg[1]$_DFFE_PN0P_/D
17	0.0157	enable	RsDecodeChien.numErrorReg[I]	enable	RsDecodeChien.numErrorReg[0]$_DFFE_PN0P_/D
18	0.0173	enable	doneShiftReg	enable	doneShiftReg$_DFFE_PN0P_/D
19	0.0180	enable	RsDecodeChien.count[I]	enable	RsDecodeChien.count[0]$_DFFE_PN0P_/D
20	0.0180	enable	RsDecodeChien.epsilonReg_I[J]	enable	RsDecodeChien.epsilonReg_15[2]$_DFFE_PN0P_/D
21	0.0180	enable	RsDecodeChien.lambdaReg_I[J]	enable	RsDecodeChien.lambdaReg_10[0]$_DFFE_PN0P_/D
22	0.0180	enable	RsDecodeChien.omegaReg_I[J]	enable	RsDecodeChien.omegaReg_1[0]$_DFFE_PN0P_/D
23	0.0181	enable	RsDecodeSyndrome.reg_I[J]	enable	RsDecodeSyndrome.reg_17[7]$_DFFE_PN0P_/D
24	0.0219	enable	RsDecodeEuclide.count[I]	enable	RsDecodeEuclide.count[0]$_DFFE_PN0P_/D
25	0.0219	enable	RsDecodeEuclide.qNewReg[I]	enable	RsDecodeEuclide.qNewReg[0]$_DFFE_PN0P_/D
26	0.0219	enable	RsDecodeEuclide.omegaBkpReg[I]	enable	RsDecodeEuclide.omegaBkpReg[6]$_DFFE_PN0P_/D
27	0.0219	enable	RsDecodeEuclide.phase[I]	enable	RsDecodeEuclide.phase[0]$_DFFE_PN0P_/D
28	0.0238	enable	RsDecodeEuclide.omegaInner_I[J]	enable	RsDecodeEuclide.omegaInner_21[3]$_DFFE_PN0P_/D
29	0.0304	RsDecodeChien.lambdaReg_I[J]	RsDecodeChien.numErrorRegI[J]	RsDecodeChien.lambdaReg_5[7]$_DFFE_PN0P_/Q	RsDecodeChien.numErrorReg2[3]$_DFFE_PN0P_/D
30	0.0326	enable	RsDecodeErasure.powerReg[I]	enable	RsDecodeErasure.powerReg[2]$_DFFE_PN0P_/D
31	0.0342	enable	RsDecodeDelay.readPointer[I]	enable	RsDecodeDelay.readPointer[0]$_DFFE_PN0P_/D
32	0.0346	enable	RsDecodeErasure.count[I]	enable	RsDecodeErasure.count[1]$_DFFE_PN0P_/D
33	0.0347	enable	RsDecodeSyndrome.count[I]	enable	RsDecodeSyndrome.count[1]$_DFFE_PN0P_/D
34	0.0348	enable	RsDecodeEuclide.omegaBkp_I[J]	enable	RsDecodeEuclide.omegaBkp_11[6]$_DFFE_PN0P_/D
35	0.0348	enable	RsDecodePolymul.count[I]	enable	RsDecodePolymul.count[1]$_DFFE_PN0P_/D
36	0.0362	enable	RsDecodeDelay.writePointer[I]	enable	RsDecodeDelay.writePointer[0]$_DFFE_PN1P_/D
37	0.0387	RsDecodeEuclide.qNewReg[I]	RsDecodeEuclide.omegaInner_I[J]	RsDecodeEuclide.qNewReg[3]$_DFFE_PN0P_/Q	RsDecodeEuclide.omegaInner_16[6]$_DFFE_PN0P_/D
38	0.0398	RsDecodeChien.denomEIReg[J]	RsDecodeChien.denomEIInvReg[J]	RsDecodeChien.denomE0Reg[2]$_DFFE_PN0P_/Q	RsDecodeChien.denomE0InvReg[4]$_DFFE_PN0P_/D
39	0.0435	RsDecodeEuclide.qNewReg[I]	RsDecodeEuclide.lambdaInner_I[J]	RsDecodeEuclide.qNewReg[3]$_DFFE_PN0P_/Q	RsDecodeEuclide.lambdaInner_5[3]$_DFFE_PN0P_/D
40	0.0435	enable	RsDecodeChien.epsilonSumReg[I]	enable	RsDecodeChien.epsilonSumReg[7]$_DFFE_PN0P_/D
41	0.0437	enable	epsilonRegI_J[K]	enable	epsilonReg3_3[2]$_DFFE_PN0P_/D
42	0.0453	RsDecodeEuclide.qNewReg[I]	RsDecodeEuclide.lambdaXorReg_I[J]	RsDecodeEuclide.qNewReg[3]$_DFFE_PN0P_/Q	RsDecodeEuclide.lambdaXorReg_10[3]$_DFFE_PN0P_/D
43	0.0459	erasureIn	RsDecodeSyndrome.reg_I[J]	erasureIn	RsDecodeSyndrome.reg_0[7]$_DFFE_PN0P_/D
44	0.0498	RsDecodeEuclide.qNewReg[I]	RsDecodeEuclide.omegaBkp_I[J]	RsDecodeEuclide.qNewReg[3]$_DFFE_PN0P_/Q	RsDecodeEuclide.omegaBkp_19[6]$_DFFE_PN0P_/D
45	0.0534	erasureIn	RsDecodeDelay.RsDecodeDpRam.mem[I][J]	erasureIn	RsDecodeDelay.RsDecodeDpRam.mem[0][7]$_DFFE_PP_/D
46	0.0541	enable	doneShift	enable	doneShift$_DFFE_PN0P_/D
47	0.0557	enable	RsDecodeErasure.epsilonReg_I[J]	enable	RsDecodeErasure.epsilonReg_11[5]$_DFFE_PN0P_/D
48	0.0559	enable	RsDecodeChien.numErrorRegI[J]	enable	RsDecodeChien.numErrorReg2[0]$_DFFE_PN0P_/D
49	0.0559	enable	degreeEpsilonRegI[J]	enable	degreeEpsilonReg5[0]$_DFFE_PN0P_/D
50	0.0576	RsDecodeEuclide.omegaInner_I[J]	RsDecodeEuclide.omegaInner_I[J]	RsDecodeEuclide.omegaInner_21[0]$_DFFE_PN0P_/Q	RsDecodeEuclide.omegaInner_21[3]$_DFFE_PN0P_/D
51	0.0582	RsDecodePolymul.epsilonReg_I[J]	RsDecodePolymul.sumReg_I[J]	RsDecodePolymul.epsilonReg_22[6]$_DFFE_PN0P_/Q	RsDecodePolymul.sumReg_7[2]$_DFFE_PN0P_/D
52	0.0605	enable	RsDecodeChien.lambdaEvenReg[I]	enable	RsDecodeChien.lambdaEvenReg[0]$_DFFE_PN0P_/D
53	0.0608	RsDecodePolymul.count[I]	RsDecodeEuclide.lambdaBkp_I[J]	RsDecodePolymul.count[1]$_DFFE_PN0P_/Q	RsDecodeEuclide.lambdaBkp_10[0]$_DFFE_PN0P_/D
54	0.0608	enable	RsDecodeEuclide.numShiftedReg[I]	enable	RsDecodeEuclide.numShiftedReg[3]$_DFFE_PN0P_/D
55	0.0608	RsDecodeEuclide.omegaInner_I[J]	RsDecodeEuclide.lambdaXorReg_I[J]	RsDecodeEuclide.omegaInner_21[0]$_DFFE_PN0P_/Q	RsDecodeEuclide.lambdaXorReg_0[5]$_DFFE_PN0P_/D
56	0.0635	enable	RsDecodeErasure.erasureCount[I]	enable	RsDecodeErasure.erasureCount[5]$_DFFE_PN0P_/D
57	0.0652	enable	omegaReg_I[J]	enable	omegaReg_13[6]$_DFFE_PN0P_/D
58	0.0652	enable	numShiftedReg[I]	enable	numShiftedReg[0]$_DFFE_PN0P_/D
59	0.0660	numShiftedReg[I]	omegaShiftedReg_I[J]	numShiftedReg[3]$_DFFE_PN0P_/Q	omegaShiftedReg_8[6]$_DFFE_PN0P_/D
60	0.0664	RsDecodeEuclide.count[I]	RsDecodeEuclide.lambdaInner_I[J]	RsDecodeEuclide.count[1]$_DFFE_PN0P_/Q	RsDecodeEuclide.lambdaInner_12[0]$_DFFE_PN0P_/D
61	0.0669	enable	degreeLambdaReg[I]	enable	degreeLambdaReg[3]$_DFFE_PN0P_/D
62	0.0669	enable	degreeOmegaReg[I]	enable	degreeOmegaReg[1]$_DFFE_PN0P_/D
63	0.0678	RsDecodeErasure.powerReg[I]	RsDecodeErasure.epsilonReg_I[J]	RsDecodeErasure.powerReg[7]$_DFFE_PN0P_/Q	RsDecodeErasure.epsilonReg_7[1]$_DFFE_PN0P_/D
64	0.0690	RsDecodePolymul.count[I]	RsDecodeEuclide.lambdaInner_I[J]	RsDecodePolymul.count[1]$_DFFE_PN0P_/Q	RsDecodeEuclide.lambdaInner_18[6]$_DFFE_PN0P_/D
65	0.0710	RsDecodeEuclide.count[I]	RsDecodeEuclide.lambdaBkp_I[J]	RsDecodeEuclide.count[1]$_DFFE_PN0P_/Q	RsDecodeEuclide.lambdaBkp_10[0]$_DFFE_PN0P_/D
66	0.0713	enable	RsDecodeEuclide.lambdaXorReg_I[J]	enable	RsDecodeEuclide.lambdaXorReg_0[5]$_DFFE_PN0P_/D
67	0.0740	RsDecodeEuclide.omegaInner_I[J]	RsDecodeEuclide.omegaInvReg[I]	RsDecodeEuclide.omegaInner_21[3]$_DFFE_PN0P_/Q	RsDecodeEuclide.omegaInvReg[1]$_DFFE_PN0P_/D
68	0.0742	enable	RsDecodeChien.denomEIReg[J]	enable	RsDecodeChien.denomE0Reg[7]$_DFFE_PN0P_/D
69	0.0742	enable	RsDecodeChien.numeRegI[J]	enable	RsDecodeChien.numeReg2[7]$_DFFE_PN0P_/D
70	0.0742	enable	RsDecodeChien.lambdaOddReg[I]	enable	RsDecodeChien.lambdaOddReg[7]$_DFFE_PN0P_/D
71	0.0742	enable	RsDecodeChien.lambdaEvenRegI[J]	enable	RsDecodeChien.lambdaEvenReg2[7]$_DFFE_PN0P_/D
72	0.0742	enable	RsDecodeChien.lambdaOddRegI[J]	enable	RsDecodeChien.lambdaOddReg2[7]$_DFFE_PN0P_/D
73	0.0742	enable	RsDecodeChien.lambdaSumReg[I]	enable	RsDecodeChien.lambdaSumReg[7]$_DFFE_PN0P_/D
74	0.0742	enable	RsDecodeChien.omegaSumReg[I]	enable	RsDecodeChien.omegaSumReg[7]$_DFFE_PN0P_/D
75	0.0756	enable	RsDecodeChien.epsilonOddReg[I]	enable	RsDecodeChien.epsilonOddReg[0]$_DFFE_PN0P_/D
76	0.0769	RsDecodeEuclide.offset[I]	RsDecodeEuclide.omegaInner_I[J]	RsDecodeEuclide.offset[1]$_DFFE_PN0P_/Q	RsDecodeEuclide.omegaInner_21[3]$_DFFE_PN0P_/D
77	0.0791	RsDecodeEuclide.omegaInner_I[J]	RsDecodeEuclide.omegaBkp_I[J]	RsDecodeEuclide.omegaInner_21[0]$_DFFE_PN0P_/Q	RsDecodeEuclide.omegaBkp_20[5]$_DFFE_PN0P_/D
78	0.0807	RsDecodeEuclide.omegaInner_I[J]	RsDecodeEuclide.offset[I]	RsDecodeEuclide.omegaInner_21[1]$_DFFE_PN0P_/Q	RsDecodeEuclide.offset[4]$_DFFE_PN0P_/D
79	0.0845	RsDecodeEuclide.count[I]	RsDecodeEuclide.lambdaXorReg_I[J]	RsDecodeEuclide.count[1]$_DFFE_PN0P_/Q	RsDecodeEuclide.lambdaXorReg_0[5]$_DFFE_PN0P_/D
80	0.0881	startPls	RsDecodeSyndrome.reg_I[J]	startPls	RsDecodeSyndrome.reg_18[7]$_DFFE_PN0P_/D
81	0.0911	degreeEpsilonReg[I]	RsDecodeEuclide.lambdaInner_I[J]	degreeEpsilonReg[2]$_DFFE_PN0P_/Q	RsDecodeEuclide.lambdaInner_12[0]$_DFFE_PN0P_/D
82	0.0915	RsDecodePolymul.syndromeReg_I[J]	RsDecodePolymul.sumReg_I[J]	RsDecodePolymul.syndromeReg_12[6]$_DFFE_PN0P_/Q	RsDecodePolymul.sumReg_12[0]$_DFFE_PN0P_/D
83	0.0940	enable	failErasureRegI	enable	failErasureReg5$_DFFE_PN0P_/D
84	0.0940	enable	numErrorLambdaReg[I]	enable	numErrorLambdaReg[0]$_DFFE_PN0P_/D
85	0.0946	RsDecodeEuclide.omegaInner_I[J]	RsDecodeEuclide.numShiftedReg[I]	RsDecodeEuclide.omegaInner_21[0]$_DFFE_PN0P_/Q	RsDecodeEuclide.numShiftedReg[3]$_DFFE_PN0P_/D
86	0.0957	degreeEpsilonReg[I]	RsDecodeEuclide.lambdaBkp_I[J]	degreeEpsilonReg[2]$_DFFE_PN0P_/Q	RsDecodeEuclide.lambdaBkp_10[0]$_DFFE_PN0P_/D
87	0.0984	RsDecodeEuclide.count[I]	RsDecodeEuclide.omegaInner_I[J]	RsDecodeEuclide.count[1]$_DFFE_PN0P_/Q	RsDecodeEuclide.omegaInner_21[3]$_DFFE_PN0P_/D
88	0.0996	RsDecodePolymul.count[I]	epsilonRegI_J[K]	RsDecodePolymul.count[1]$_DFFE_PN0P_/Q	epsilonReg2_19[0]$_DFFE_PN0P_/D
89	0.1002	RsDecodeEuclide.omegaInner_I[J]	RsDecodeEuclide.lambdaBkp_I[J]	RsDecodeEuclide.omegaInner_21[0]$_DFFE_PN0P_/Q	RsDecodeEuclide.lambdaBkp_10[0]$_DFFE_PN0P_/D
90	0.1003	startPls	RsDecodeSyndrome.count[I]	startPls	RsDecodeSyndrome.count[3]$_DFFE_PN0P_/D
91	0.1014	enable	RsDecodeEuclide.offset[I]	enable	RsDecodeEuclide.offset[4]$_DFFE_PN0P_/D
92	0.1027	RsDecodeEuclide.count[I]	RsDecodeEuclide.omegaBkp_I[J]	RsDecodeEuclide.count[1]$_DFFE_PN0P_/Q	RsDecodeEuclide.omegaBkp_20[5]$_DFFE_PN0P_/D
93	0.1028	enable	degreeErrorReg	enable	degreeErrorReg$_DFFE_PN0P_/D
94	0.1050	enable	RsDecodePolymul.syndromeReg_I[J]	enable	RsDecodePolymul.syndromeReg_13[0]$_DFFE_PN0P_/D
95	0.1084	RsDecodeEuclide.omegaInner_I[J]	RsDecodeEuclide.lambdaInner_I[J]	RsDecodeEuclide.omegaInner_21[0]$_DFFE_PN0P_/Q	RsDecodeEuclide.lambdaInner_18[6]$_DFFE_PN0P_/D
96	0.1101	startPls	RsDecodeErasure.epsilonReg_I[J]	startPls	RsDecodeErasure.epsilonReg_12[7]$_DFFE_PN0P_/D
97	0.1101	RsDecodeEuclide.euclideSteps[I]	RsDecodeEuclide.lambdaXorReg_I[J]	RsDecodeEuclide.euclideSteps[0]$_DFFE_PN0P_/Q	RsDecodeEuclide.lambdaXorReg_0[5]$_DFFE_PN0P_/D
98	0.1139	RsDecodeEuclide.offset[I]	RsDecodeEuclide.numShiftedReg[I]	RsDecodeEuclide.offset[1]$_DFFE_PN0P_/Q	RsDecodeEuclide.numShiftedReg[3]$_DFFE_PN0P_/D
99	0.1144	RsDecodePolymul.count[I]	RsDecodeEuclide.lambdaXorReg_I[J]	RsDecodePolymul.count[1]$_DFFE_PN0P_/Q	RsDecodeEuclide.lambdaXorReg_0[5]$_DFFE_PN0P_/D
100	0.1157	erasureIn	RsDecodeErasure.epsilonReg_I[J]	erasureIn	RsDecodeErasure.epsilonReg_10[7]$_DFFE_PN0P_/D
