# stage	6_final
# top_module	sha512
# top_n	100
# kind	blocks
# rank	worst_slack_ns	start	end	start_full	end_full
1	-0.8107	core.w_mem_inst.w_mem[I][J]	core.a_reg[I]	core.w_mem_inst.w_mem[1][11]$_DFFE_PN0P_/Q	core.a_reg[63]$_DFFE_PN0P_/D
2	-0.7538	core.w_mem_inst.w_mem[I][J]	core.e_reg[I]	core.w_mem_inst.w_mem[14][8]$_DFFE_PN0P_/Q	core.e_reg[56]$_DFFE_PN0P_/D
3	-0.6135	core.w_mem_inst.w_ctr_reg[I]	core.a_reg[I]	core.w_mem_inst.w_ctr_reg[1]$_DFFE_PN0P_/Q	core.a_reg[63]$_DFFE_PN0P_/D
4	-0.5476	core.w_mem_inst.w_ctr_reg[I]	core.e_reg[I]	core.w_mem_inst.w_ctr_reg[0]$_DFFE_PN0P_/Q	core.e_reg[62]$_DFFE_PN0P_/D
5	-0.4305	core.round_ctr_reg[I]	core.a_reg[I]	core.round_ctr_reg[1]$_DFFE_PN0P_/Q	core.a_reg[63]$_DFFE_PN0P_/D
6	-0.3676	core.round_ctr_reg[I]	core.e_reg[I]	core.round_ctr_reg[2]$_DFFE_PN0P_/Q	core.e_reg[62]$_DFFE_PN0P_/D
7	-0.3177	core.f_reg[I]	core.a_reg[I]	core.f_reg[1]$_DFFE_PN0P_/Q	core.a_reg[63]$_DFFE_PN0P_/D
8	-0.3162	core.e_reg[I]	core.a_reg[I]	core.e_reg[1]$_DFFE_PN0P_/Q	core.a_reg[63]$_DFFE_PN0P_/D
9	-0.3142	core.g_reg[I]	core.a_reg[I]	core.g_reg[1]$_DFFE_PN0P_/Q	core.a_reg[63]$_DFFE_PN0P_/D
10	-0.2972	address[I]	read_data[I]	address[3]	read_data[1]
11	-0.2593	core.e_reg[I]	core.e_reg[I]	core.e_reg[19]$_DFFE_PN0P_/Q	core.e_reg[62]$_DFFE_PN0P_/D
12	-0.2515	core.f_reg[I]	core.e_reg[I]	core.f_reg[1]$_DFFE_PN0P_/Q	core.e_reg[62]$_DFFE_PN0P_/D
13	-0.2480	core.g_reg[I]	core.e_reg[I]	core.g_reg[1]$_DFFE_PN0P_/Q	core.e_reg[62]$_DFFE_PN0P_/D
14	-0.0375	address[I]	error	address[4]	error
15	0.0092	core.h_reg[I]	core.a_reg[I]	core.h_reg[1]$_DFFE_PN0P_/Q	core.a_reg[63]$_DFFE_PN0P_/D
16	0.0447	we	read_data[I]	we	read_data[1]
17	0.0527	core.h_reg[I]	core.e_reg[I]	core.h_reg[1]$_DFFE_PN0P_/Q	core.e_reg[62]$_DFFE_PN0P_/D
18	0.0694	we	error	we	error
19	0.0795	cs	read_data[I]	cs	read_data[1]
20	0.1216	cs	error	cs	error
21	0.1801	digest_reg[I]	read_data[I]	digest_reg[436]$_DFFE_PN0P_/Q	read_data[20]
22	0.1899	block_reg[I][J]	read_data[I]	block_reg[24][22]$_DFFE_PN0P_/Q	read_data[22]
23	0.2887	core.w_mem_inst.w_mem[I][J]	core.w_mem_inst.w_mem[I][J]	core.w_mem_inst.w_mem[1][8]$_DFFE_PN0P_/Q	core.w_mem_inst.w_mem[15][60]$_DFFE_PN0P_/D
24	0.3518	init_reg	read_data[I]	init_reg$_DFF_PN0_/Q	read_data[0]
25	0.3776	work_factor_num_reg[I]	read_data[I]	work_factor_num_reg[0]$_DFFE_PN0P_/Q	read_data[0]
26	0.3818	next_reg	read_data[I]	next_reg$_DFF_PN0_/Q	read_data[1]
27	0.3881	address[I]	block_reg[I][J]	address[3]	block_reg[24][0]$_DFFE_PN0P_/D
28	0.3977	ready_reg	read_data[I]	ready_reg$_DFF_PN0_/Q	read_data[0]
29	0.4055	digest_valid_reg	read_data[I]	digest_valid_reg$_DFF_PN0_/Q	read_data[1]
30	0.4194	core.e_reg[I]	core.HI_reg[J]	core.e_reg[2]$_DFFE_PN0P_/Q	core.H4_reg[63]$_DFFE_PN0P_/D
31	0.4333	core.a_reg[I]	core.a_reg[I]	core.a_reg[35]$_DFFE_PN0P_/Q	core.a_reg[47]$_DFFE_PN0P_/D
32	0.4426	mode_reg[I]	read_data[I]	mode_reg[1]$_DFFE_PN1P_/Q	read_data[3]
33	0.4515	work_factor_reg	read_data[I]	work_factor_reg$_DFFE_PN0P_/Q	read_data[7]
34	0.4539	core.h_reg[I]	core.HI_reg[J]	core.h_reg[6]$_DFFE_PN0P_/Q	core.H7_reg[63]$_DFFE_PN0P_/D
35	0.4901	work_factor_num_reg[I]	core.g_reg[I]	work_factor_num_reg[0]$_DFFE_PN0P_/Q	core.g_reg[46]$_DFFE_PN0P_/D
36	0.4901	work_factor_num_reg[I]	core.h_reg[I]	work_factor_num_reg[0]$_DFFE_PN0P_/Q	core.h_reg[18]$_DFFE_PN0P_/D
37	0.4914	work_factor_num_reg[I]	core.f_reg[I]	work_factor_num_reg[0]$_DFFE_PN0P_/Q	core.f_reg[18]$_DFFE_PN0P_/D
38	0.4923	core.g_reg[I]	core.HI_reg[J]	core.g_reg[4]$_DFFE_PN0P_/Q	core.H6_reg[55]$_DFFE_PN0P_/D
39	0.5011	work_factor_num_reg[I]	core.w_mem_inst.w_mem[I][J]	work_factor_num_reg[0]$_DFFE_PN0P_/Q	core.w_mem_inst.w_mem[5][57]$_DFFE_PN0P_/D
40	0.5076	core.work_factor_ctr_reg[I]	core.g_reg[I]	core.work_factor_ctr_reg[1]$_DFFE_PN0P_/Q	core.g_reg[46]$_DFFE_PN0P_/D
41	0.5077	core.work_factor_ctr_reg[I]	core.h_reg[I]	core.work_factor_ctr_reg[1]$_DFFE_PN0P_/Q	core.h_reg[18]$_DFFE_PN0P_/D
42	0.5083	core.HI_reg[J]	core.HI_reg[J]	core.H7_reg[6]$_DFFE_PN0P_/Q	core.H7_reg[63]$_DFFE_PN0P_/D
43	0.5090	core.work_factor_ctr_reg[I]	core.f_reg[I]	core.work_factor_ctr_reg[1]$_DFFE_PN0P_/Q	core.f_reg[18]$_DFFE_PN0P_/D
44	0.5127	work_factor_num_reg[I]	core.a_reg[I]	work_factor_num_reg[0]$_DFFE_PN0P_/Q	core.a_reg[28]$_DFFE_PN0P_/D
45	0.5142	work_factor_num_reg[I]	core.b_reg[I]	work_factor_num_reg[0]$_DFFE_PN0P_/Q	core.b_reg[50]$_DFFE_PN0P_/D
46	0.5186	core.work_factor_ctr_reg[I]	core.w_mem_inst.w_mem[I][J]	core.work_factor_ctr_reg[1]$_DFFE_PN0P_/Q	core.w_mem_inst.w_mem[5][57]$_DFFE_PN0P_/D
47	0.5253	work_factor_num_reg[I]	core.d_reg[I]	work_factor_num_reg[0]$_DFFE_PN0P_/Q	core.d_reg[23]$_DFFE_PN0P_/D
48	0.5257	work_factor_num_reg[I]	core.c_reg[I]	work_factor_num_reg[0]$_DFFE_PN0P_/Q	core.c_reg[37]$_DFFE_PN0P_/D
49	0.5282	core.f_reg[I]	core.HI_reg[J]	core.f_reg[4]$_DFFE_PN0P_/Q	core.H5_reg[61]$_DFFE_PN0P_/D
50	0.5303	core.work_factor_ctr_reg[I]	core.a_reg[I]	core.work_factor_ctr_reg[1]$_DFFE_PN0P_/Q	core.a_reg[28]$_DFFE_PN0P_/D
51	0.5318	core.work_factor_ctr_reg[I]	core.b_reg[I]	core.work_factor_ctr_reg[1]$_DFFE_PN0P_/Q	core.b_reg[50]$_DFFE_PN0P_/D
52	0.5429	core.work_factor_ctr_reg[I]	core.d_reg[I]	core.work_factor_ctr_reg[1]$_DFFE_PN0P_/Q	core.d_reg[23]$_DFFE_PN0P_/D
53	0.5430	work_factor_num_reg[I]	core.e_reg[I]	work_factor_num_reg[0]$_DFFE_PN0P_/Q	core.e_reg[36]$_DFFE_PN0P_/D
54	0.5432	core.work_factor_ctr_reg[I]	core.c_reg[I]	core.work_factor_ctr_reg[1]$_DFFE_PN0P_/Q	core.c_reg[37]$_DFFE_PN0P_/D
55	0.5544	core.c_reg[I]	core.HI_reg[J]	core.c_reg[3]$_DFFE_PN0P_/Q	core.H2_reg[63]$_DFFE_PN0P_/D
56	0.5605	core.work_factor_ctr_reg[I]	core.e_reg[I]	core.work_factor_ctr_reg[1]$_DFFE_PN0P_/Q	core.e_reg[36]$_DFFE_PN0P_/D
57	0.5706	core.b_reg[I]	core.a_reg[I]	core.b_reg[1]$_DFFE_PN0P_/Q	core.a_reg[47]$_DFFE_PN0P_/D
58	0.5737	core.c_reg[I]	core.a_reg[I]	core.c_reg[22]$_DFFE_PN0P_/Q	core.a_reg[63]$_DFFE_PN0P_/D
59	0.5784	core.d_reg[I]	core.HI_reg[J]	core.d_reg[0]$_DFFE_PN0P_/Q	core.H3_reg[62]$_DFFE_PN0P_/D
60	0.5939	core.a_reg[I]	core.HI_reg[J]	core.a_reg[10]$_DFFE_PN0P_/Q	core.H0_reg[62]$_DFFE_PN0P_/D
61	0.6279	work_factor_num_reg[I]	core.round_ctr_reg[I]	work_factor_num_reg[0]$_DFFE_PN0P_/Q	core.round_ctr_reg[3]$_DFFE_PN0P_/D
62	0.6341	work_factor_num_reg[I]	core.HI_reg[J]	work_factor_num_reg[0]$_DFFE_PN0P_/Q	core.H7_reg[60]$_DFFE_PN0P_/D
63	0.6361	work_factor_num_reg[I]	core.w_mem_inst.w_ctr_reg[I]	work_factor_num_reg[0]$_DFFE_PN0P_/Q	core.w_mem_inst.w_ctr_reg[6]$_DFFE_PN0P_/D
64	0.6380	core.b_reg[I]	core.HI_reg[J]	core.b_reg[0]$_DFFE_PN0P_/Q	core.H1_reg[60]$_DFFE_PN0P_/D
65	0.6380	core.work_factor_ctr_reg[I]	core.HI_reg[J]	core.work_factor_ctr_reg[1]$_DFFE_PN0P_/Q	core.H1_reg[50]$_DFFE_PN0P_/D
66	0.6455	core.work_factor_ctr_reg[I]	core.round_ctr_reg[I]	core.work_factor_ctr_reg[1]$_DFFE_PN0P_/Q	core.round_ctr_reg[3]$_DFFE_PN0P_/D
67	0.6468	address[I]	work_factor_num_reg[I]	address[4]	work_factor_num_reg[13]$_DFFE_PN0P_/D
68	0.6536	core.work_factor_ctr_reg[I]	core.w_mem_inst.w_ctr_reg[I]	core.work_factor_ctr_reg[1]$_DFFE_PN0P_/Q	core.w_mem_inst.w_ctr_reg[6]$_DFFE_PN0P_/D
69	0.6972	cs	block_reg[I][J]	cs	block_reg[24][0]$_DFFE_PN0P_/D
70	0.7179	we	block_reg[I][J]	we	block_reg[24][0]$_DFFE_PN0P_/D
71	0.7252	core.d_reg[I]	core.e_reg[I]	core.d_reg[14]$_DFFE_PN0P_/Q	core.e_reg[56]$_DFFE_PN0P_/D
72	0.7598	core.w_mem_inst.w_ctr_reg[I]	core.w_mem_inst.w_mem[I][J]	core.w_mem_inst.w_ctr_reg[5]$_DFFE_PN0P_/Q	core.w_mem_inst.w_mem[1][17]$_DFFE_PN0P_/D
73	0.7700	address[I]	work_factor_reg	address[0]	work_factor_reg$_DFFE_PN0P_/D
74	0.7709	address[I]	mode_reg[I]	address[0]	mode_reg[1]$_DFFE_PN1P_/D
75	0.7959	address[I]	next_reg	address[0]	next_reg$_DFF_PN0_/D
76	0.7980	address[I]	init_reg	address[0]	init_reg$_DFF_PN0_/D
77	0.8026	core.round_ctr_reg[I]	core.work_factor_ctr_reg[I]	core.round_ctr_reg[4]$_DFFE_PN0P_/Q	core.work_factor_ctr_reg[25]$_DFFE_PN0P_/D
78	0.8055	init_reg	core.HI_reg[J]	init_reg$_DFF_PN0_/Q	core.H0_reg[59]$_DFFE_PN0P_/D
79	0.8082	core.shaI_ctrl_reg[J]	core.HI_reg[J]	core.sha512_ctrl_reg[0]$_DFF_PN1_/Q	core.H0_reg[59]$_DFFE_PN0P_/D
80	0.8177	work_factor_reg	core.g_reg[I]	work_factor_reg$_DFFE_PN0P_/Q	core.g_reg[46]$_DFFE_PN0P_/D
81	0.8178	work_factor_reg	core.h_reg[I]	work_factor_reg$_DFFE_PN0P_/Q	core.h_reg[18]$_DFFE_PN0P_/D
82	0.8189	init_reg	core.h_reg[I]	init_reg$_DFF_PN0_/Q	core.h_reg[61]$_DFFE_PN0P_/D
83	0.8191	work_factor_reg	core.f_reg[I]	work_factor_reg$_DFFE_PN0P_/Q	core.f_reg[18]$_DFFE_PN0P_/D
84	0.8215	core.shaI_ctrl_reg[J]	core.h_reg[I]	core.sha512_ctrl_reg[0]$_DFF_PN1_/Q	core.h_reg[61]$_DFFE_PN0P_/D
85	0.8251	init_reg	core.g_reg[I]	init_reg$_DFF_PN0_/Q	core.g_reg[27]$_DFFE_PN0P_/D
86	0.8277	core.shaI_ctrl_reg[J]	core.g_reg[I]	core.sha512_ctrl_reg[0]$_DFF_PN1_/Q	core.g_reg[27]$_DFFE_PN0P_/D
87	0.8288	work_factor_reg	core.w_mem_inst.w_mem[I][J]	work_factor_reg$_DFFE_PN0P_/Q	core.w_mem_inst.w_mem[5][57]$_DFFE_PN0P_/D
88	0.8404	work_factor_reg	core.a_reg[I]	work_factor_reg$_DFFE_PN0P_/Q	core.a_reg[28]$_DFFE_PN0P_/D
89	0.8419	work_factor_reg	core.b_reg[I]	work_factor_reg$_DFFE_PN0P_/Q	core.b_reg[50]$_DFFE_PN0P_/D
90	0.8429	init_reg	core.a_reg[I]	init_reg$_DFF_PN0_/Q	core.a_reg[58]$_DFFE_PN0P_/D
91	0.8456	core.shaI_ctrl_reg[J]	core.a_reg[I]	core.sha512_ctrl_reg[0]$_DFF_PN1_/Q	core.a_reg[58]$_DFFE_PN0P_/D
92	0.8530	work_factor_reg	core.d_reg[I]	work_factor_reg$_DFFE_PN0P_/Q	core.d_reg[23]$_DFFE_PN0P_/D
93	0.8534	work_factor_reg	core.c_reg[I]	work_factor_reg$_DFFE_PN0P_/Q	core.c_reg[37]$_DFFE_PN0P_/D
94	0.8568	init_reg	core.c_reg[I]	init_reg$_DFF_PN0_/Q	core.c_reg[36]$_DFFE_PN0P_/D
95	0.8599	core.shaI_ctrl_reg[J]	core.f_reg[I]	core.sha512_ctrl_reg[2]$_DFF_PN0_/Q	core.f_reg[25]$_DFFE_PN0P_/D
96	0.8607	init_reg	core.b_reg[I]	init_reg$_DFF_PN0_/Q	core.b_reg[49]$_DFFE_PN0P_/D
97	0.8625	we	work_factor_num_reg[I]	we	work_factor_num_reg[13]$_DFFE_PN0P_/D
98	0.8658	init_reg	core.e_reg[I]	init_reg$_DFF_PN0_/Q	core.e_reg[62]$_DFFE_PN0P_/D
99	0.8680	reset_n	core.HI_reg[J]	reset_n	core.H7_reg[47]$_DFFE_PN0P_/RN
100	0.8707	work_factor_reg	core.e_reg[I]	work_factor_reg$_DFFE_PN0P_/Q	core.e_reg[36]$_DFFE_PN0P_/D
