# stage	1_synth
# top_module	sha512
# top_n	100
# kind	blocks
# rank	worst_slack_ns	start	end	start_full	end_full
1	-1.0818	core.w_mem_inst.w_mem[I][J]	core.a_reg[I]	core.w_mem_inst.w_mem[14][10]$_DFFE_PN0P_/Q	core.a_reg[63]$_DFFE_PN0P_/D
2	-0.8883	core.w_mem_inst.w_mem[I][J]	core.e_reg[I]	core.w_mem_inst.w_mem[14][10]$_DFFE_PN0P_/Q	core.e_reg[62]$_DFFE_PN0P_/D
3	-0.7251	core.w_mem_inst.w_ctr_reg[I]	core.a_reg[I]	core.w_mem_inst.w_ctr_reg[2]$_DFFE_PN0P_/Q	core.a_reg[63]$_DFFE_PN0P_/D
4	-0.6660	core.round_ctr_reg[I]	core.a_reg[I]	core.round_ctr_reg[3]$_DFFE_PN0P_/Q	core.a_reg[63]$_DFFE_PN0P_/D
5	-0.5677	core.w_mem_inst.w_ctr_reg[I]	core.e_reg[I]	core.w_mem_inst.w_ctr_reg[2]$_DFFE_PN0P_/Q	core.e_reg[63]$_DFFE_PN0P_/D
6	-0.5085	core.round_ctr_reg[I]	core.e_reg[I]	core.round_ctr_reg[3]$_DFFE_PN0P_/Q	core.e_reg[63]$_DFFE_PN0P_/D
7	-0.3816	core.e_reg[I]	core.a_reg[I]	core.e_reg[17]$_DFFE_PN0P_/Q	core.a_reg[63]$_DFFE_PN0P_/D
8	-0.3371	core.f_reg[I]	core.a_reg[I]	core.f_reg[3]$_DFFE_PN0P_/Q	core.a_reg[63]$_DFFE_PN0P_/D
9	-0.3301	core.g_reg[I]	core.a_reg[I]	core.g_reg[3]$_DFFE_PN0P_/Q	core.a_reg[63]$_DFFE_PN0P_/D
10	-0.2241	core.e_reg[I]	core.e_reg[I]	core.e_reg[17]$_DFFE_PN0P_/Q	core.e_reg[63]$_DFFE_PN0P_/D
11	-0.2129	address[I]	read_data[I]	address[3]	read_data[15]
12	-0.1796	core.f_reg[I]	core.e_reg[I]	core.f_reg[3]$_DFFE_PN0P_/Q	core.e_reg[63]$_DFFE_PN0P_/D
13	-0.1727	core.g_reg[I]	core.e_reg[I]	core.g_reg[3]$_DFFE_PN0P_/Q	core.e_reg[63]$_DFFE_PN0P_/D
14	-0.0274	address[I]	error	address[4]	error
15	-0.0140	core.h_reg[I]	core.a_reg[I]	core.h_reg[3]$_DFFE_PN0P_/Q	core.a_reg[63]$_DFFE_PN0P_/D
16	0.1239	we	read_data[I]	we	read_data[11]
17	0.1435	core.h_reg[I]	core.e_reg[I]	core.h_reg[3]$_DFFE_PN0P_/Q	core.e_reg[63]$_DFFE_PN0P_/D
18	0.1452	cs	read_data[I]	cs	read_data[11]
19	0.2105	we	error	we	error
20	0.2537	cs	error	cs	error
21	0.3231	address[I]	block_reg[I][J]	address[3]	block_reg[31][10]$_DFFE_PN0P_/D
22	0.3982	address[I]	work_factor_num_reg[I]	address[4]	work_factor_num_reg[10]$_DFFE_PN0P_/D
23	0.4753	core.w_mem_inst.w_mem[I][J]	core.w_mem_inst.w_mem[I][J]	core.w_mem_inst.w_mem[14][9]$_DFFE_PN0P_/Q	core.w_mem_inst.w_mem[15][60]$_DFFE_PN0P_/D
24	0.5135	core.a_reg[I]	core.a_reg[I]	core.a_reg[10]$_DFFE_PN0P_/Q	core.a_reg[63]$_DFFE_PN0P_/D
25	0.5415	address[I]	work_factor_reg	address[0]	work_factor_reg$_DFFE_PN0P_/D
26	0.5419	address[I]	mode_reg[I]	address[0]	mode_reg[0]$_DFFE_PN1P_/D
27	0.5708	address[I]	init_reg	address[0]	init_reg$_DFF_PN0_/D
28	0.5708	address[I]	next_reg	address[0]	next_reg$_DFF_PN0_/D
29	0.5869	block_reg[I][J]	read_data[I]	block_reg[3][31]$_DFFE_PN0P_/Q	read_data[31]
30	0.5927	digest_reg[I]	read_data[I]	digest_reg[272]$_DFFE_PN0P_/Q	read_data[16]
31	0.5931	core.c_reg[I]	core.a_reg[I]	core.c_reg[40]$_DFFE_PN0P_/Q	core.a_reg[63]$_DFFE_PN0P_/D
32	0.5935	core.b_reg[I]	core.a_reg[I]	core.b_reg[40]$_DFFE_PN0P_/Q	core.a_reg[63]$_DFFE_PN0P_/D
33	0.6025	cs	block_reg[I][J]	cs	block_reg[18][10]$_DFFE_PN0P_/D
34	0.6052	we	block_reg[I][J]	we	block_reg[18][10]$_DFFE_PN0P_/D
35	0.6435	we	work_factor_num_reg[I]	we	work_factor_num_reg[10]$_DFFE_PN0P_/D
36	0.6636	cs	work_factor_num_reg[I]	cs	work_factor_num_reg[10]$_DFFE_PN0P_/D
37	0.7511	init_reg	read_data[I]	init_reg$_DFF_PN0_/Q	read_data[0]
38	0.7605	core.g_reg[I]	core.HI_reg[J]	core.g_reg[4]$_DFFE_PN0P_/Q	core.H6_reg[61]$_DFFE_PN0P_/D
39	0.7616	next_reg	read_data[I]	next_reg$_DFF_PN0_/Q	read_data[1]
40	0.7660	core.c_reg[I]	core.HI_reg[J]	core.c_reg[3]$_DFFE_PN0P_/Q	core.H2_reg[63]$_DFFE_PN0P_/D
41	0.7671	core.HI_reg[J]	core.HI_reg[J]	core.H6_reg[4]$_DFFE_PN0P_/Q	core.H6_reg[61]$_DFFE_PN0P_/D
42	0.7740	core.d_reg[I]	core.e_reg[I]	core.d_reg[15]$_DFFE_PN0P_/Q	core.e_reg[62]$_DFFE_PN0P_/D
43	0.7797	core.d_reg[I]	core.HI_reg[J]	core.d_reg[9]$_DFFE_PN0P_/Q	core.H3_reg[62]$_DFFE_PN0P_/D
44	0.7839	work_factor_num_reg[I]	read_data[I]	work_factor_num_reg[24]$_DFFE_PN0P_/Q	read_data[24]
45	0.7880	core.f_reg[I]	core.HI_reg[J]	core.f_reg[14]$_DFFE_PN0P_/Q	core.H5_reg[61]$_DFFE_PN0P_/D
46	0.7906	core.h_reg[I]	core.HI_reg[J]	core.h_reg[14]$_DFFE_PN0P_/Q	core.H7_reg[51]$_DFFE_PN0P_/D
47	0.7921	digest_valid_reg	read_data[I]	digest_valid_reg$_DFF_PN0_/Q	read_data[1]
48	0.7995	ready_reg	read_data[I]	ready_reg$_DFF_PN0_/Q	read_data[0]
49	0.8000	cs	work_factor_reg	cs	work_factor_reg$_DFFE_PN0P_/D
50	0.8003	cs	mode_reg[I]	cs	mode_reg[0]$_DFFE_PN1P_/D
51	0.8010	we	work_factor_reg	we	work_factor_reg$_DFFE_PN0P_/D
52	0.8013	we	mode_reg[I]	we	mode_reg[0]$_DFFE_PN1P_/D
53	0.8036	write_data[I]	block_reg[I][J]	write_data[0]	block_reg[0][0]$_DFFE_PN0P_/D
54	0.8036	write_data[I]	work_factor_num_reg[I]	write_data[0]	work_factor_num_reg[0]$_DFFE_PN0P_/D
55	0.8039	core.e_reg[I]	core.HI_reg[J]	core.e_reg[29]$_DFFE_PN0P_/Q	core.H4_reg[62]$_DFFE_PN0P_/D
56	0.8138	mode_reg[I]	read_data[I]	mode_reg[1]$_DFFE_PN1P_/Q	read_data[3]
57	0.8275	core.b_reg[I]	core.HI_reg[J]	core.b_reg[10]$_DFFE_PN0P_/Q	core.H1_reg[57]$_DFFE_PN0P_/D
58	0.8276	work_factor_reg	read_data[I]	work_factor_reg$_DFFE_PN0P_/Q	read_data[7]
59	0.8293	cs	init_reg	cs	init_reg$_DFF_PN0_/D
60	0.8293	cs	next_reg	cs	next_reg$_DFF_PN0_/D
61	0.8303	we	init_reg	we	init_reg$_DFF_PN0_/D
62	0.8303	we	next_reg	we	next_reg$_DFF_PN0_/D
63	0.8400	write_data[I]	init_reg	write_data[0]	init_reg$_DFF_PN0_/D
64	0.8400	write_data[I]	next_reg	write_data[1]	next_reg$_DFF_PN0_/D
65	0.8474	work_factor_num_reg[I]	core.b_reg[I]	work_factor_num_reg[0]$_DFFE_PN0P_/Q	core.b_reg[52]$_DFFE_PN0P_/D
66	0.8474	work_factor_num_reg[I]	core.d_reg[I]	work_factor_num_reg[0]$_DFFE_PN0P_/Q	core.d_reg[10]$_DFFE_PN0P_/D
67	0.8484	work_factor_num_reg[I]	core.c_reg[I]	work_factor_num_reg[0]$_DFFE_PN0P_/Q	core.c_reg[0]$_DFFE_PN0P_/D
68	0.8498	work_factor_num_reg[I]	core.a_reg[I]	work_factor_num_reg[0]$_DFFE_PN0P_/Q	core.a_reg[0]$_DFFE_PN0P_/D
69	0.8498	work_factor_num_reg[I]	core.e_reg[I]	work_factor_num_reg[0]$_DFFE_PN0P_/Q	core.e_reg[13]$_DFFE_PN0P_/D
70	0.8498	work_factor_num_reg[I]	core.f_reg[I]	work_factor_num_reg[0]$_DFFE_PN0P_/Q	core.f_reg[41]$_DFFE_PN0P_/D
71	0.8498	work_factor_num_reg[I]	core.w_mem_inst.w_mem[I][J]	work_factor_num_reg[0]$_DFFE_PN0P_/Q	core.w_mem_inst.w_mem[0][0]$_DFFE_PN0P_/D
72	0.8522	core.work_factor_ctr_reg[I]	core.b_reg[I]	core.work_factor_ctr_reg[1]$_DFFE_PN0P_/Q	core.b_reg[52]$_DFFE_PN0P_/D
73	0.8522	core.work_factor_ctr_reg[I]	core.d_reg[I]	core.work_factor_ctr_reg[1]$_DFFE_PN0P_/Q	core.d_reg[10]$_DFFE_PN0P_/D
74	0.8532	core.work_factor_ctr_reg[I]	core.c_reg[I]	core.work_factor_ctr_reg[1]$_DFFE_PN0P_/Q	core.c_reg[0]$_DFFE_PN0P_/D
75	0.8545	core.work_factor_ctr_reg[I]	core.a_reg[I]	core.work_factor_ctr_reg[1]$_DFFE_PN0P_/Q	core.a_reg[0]$_DFFE_PN0P_/D
76	0.8545	core.work_factor_ctr_reg[I]	core.e_reg[I]	core.work_factor_ctr_reg[1]$_DFFE_PN0P_/Q	core.e_reg[13]$_DFFE_PN0P_/D
77	0.8545	core.work_factor_ctr_reg[I]	core.f_reg[I]	core.work_factor_ctr_reg[1]$_DFFE_PN0P_/Q	core.f_reg[41]$_DFFE_PN0P_/D
78	0.8545	core.work_factor_ctr_reg[I]	core.w_mem_inst.w_mem[I][J]	core.work_factor_ctr_reg[1]$_DFFE_PN0P_/Q	core.w_mem_inst.w_mem[0][0]$_DFFE_PN0P_/D
79	0.8609	core.a_reg[I]	core.HI_reg[J]	core.a_reg[24]$_DFFE_PN0P_/Q	core.H0_reg[63]$_DFFE_PN0P_/D
80	0.8621	write_data[I]	work_factor_reg	write_data[7]	work_factor_reg$_DFFE_PN0P_/D
81	0.8624	write_data[I]	mode_reg[I]	write_data[2]	mode_reg[0]$_DFFE_PN1P_/D
82	0.8693	work_factor_num_reg[I]	core.g_reg[I]	work_factor_num_reg[0]$_DFFE_PN0P_/Q	core.g_reg[16]$_DFFE_PN0P_/D
83	0.8694	work_factor_num_reg[I]	core.h_reg[I]	work_factor_num_reg[0]$_DFFE_PN0P_/Q	core.h_reg[22]$_DFFE_PN0P_/D
84	0.8741	core.work_factor_ctr_reg[I]	core.g_reg[I]	core.work_factor_ctr_reg[1]$_DFFE_PN0P_/Q	core.g_reg[16]$_DFFE_PN0P_/D
85	0.8742	core.work_factor_ctr_reg[I]	core.h_reg[I]	core.work_factor_ctr_reg[1]$_DFFE_PN0P_/Q	core.h_reg[22]$_DFFE_PN0P_/D
86	0.8744	work_factor_num_reg[I]	core.HI_reg[J]	work_factor_num_reg[0]$_DFFE_PN0P_/Q	core.H5_reg[47]$_DFFE_PN0P_/D
87	0.8791	core.work_factor_ctr_reg[I]	core.HI_reg[J]	core.work_factor_ctr_reg[1]$_DFFE_PN0P_/Q	core.H5_reg[47]$_DFFE_PN0P_/D
88	0.8812	work_factor_num_reg[I]	core.round_ctr_reg[I]	work_factor_num_reg[0]$_DFFE_PN0P_/Q	core.round_ctr_reg[0]$_DFFE_PN0P_/D
89	0.8840	work_factor_num_reg[I]	core.w_mem_inst.w_ctr_reg[I]	work_factor_num_reg[0]$_DFFE_PN0P_/Q	core.w_mem_inst.w_ctr_reg[0]$_DFFE_PN0P_/D
90	0.8860	core.work_factor_ctr_reg[I]	core.round_ctr_reg[I]	core.work_factor_ctr_reg[1]$_DFFE_PN0P_/Q	core.round_ctr_reg[0]$_DFFE_PN0P_/D
91	0.8888	core.work_factor_ctr_reg[I]	core.w_mem_inst.w_ctr_reg[I]	core.work_factor_ctr_reg[1]$_DFFE_PN0P_/Q	core.w_mem_inst.w_ctr_reg[0]$_DFFE_PN0P_/D
92	0.9135	work_factor_num_reg[I]	core.digest_valid_reg	work_factor_num_reg[0]$_DFFE_PN0P_/Q	core.digest_valid_reg$_DFFE_PN0P_/D
93	0.9139	work_factor_num_reg[I]	core.ready_reg	work_factor_num_reg[0]$_DFFE_PN0P_/Q	core.ready_reg$_DFFE_PN1P_/D
94	0.9183	core.work_factor_ctr_reg[I]	core.digest_valid_reg	core.work_factor_ctr_reg[1]$_DFFE_PN0P_/Q	core.digest_valid_reg$_DFFE_PN0P_/D
95	0.9186	core.work_factor_ctr_reg[I]	core.ready_reg	core.work_factor_ctr_reg[1]$_DFFE_PN0P_/Q	core.ready_reg$_DFFE_PN1P_/D
96	1.0304	reset_n	core.ready_reg	reset_n	core.ready_reg$_DFFE_PN1P_/SN
97	1.0304	reset_n	core.shaI_ctrl_reg[J]	reset_n	core.sha512_ctrl_reg[0]$_DFF_PN1_/SN
98	1.0304	reset_n	mode_reg[I]	reset_n	mode_reg[0]$_DFFE_PN1P_/SN
99	1.0304	reset_n	work_factor_num_reg[I]	reset_n	work_factor_num_reg[16]$_DFFE_PN1P_/SN
100	1.0420	reset_n	block_reg[I][J]	reset_n	block_reg[0][0]$_DFFE_PN0P_/RN
