# stage	1_synth
# top_module	tpu_top
# top_n	100
# kind	blocks
# rank	worst_slack_ns	start	end	start_full	end_full
1	-0.6451	systolic.weight_queue[I][J]	systolic.matrix_mul_ID[J][K]	systolic.weight_queue[63][2]$_SDFFE_PN0P_/Q	systolic.matrix_mul_2D[63][20]$_SDFFE_PN0P_/D
2	-0.6440	systolic.data_queue[I][J]	systolic.matrix_mul_ID[J][K]	systolic.data_queue[63][3]$_SDFFE_PN0P_/Q	systolic.matrix_mul_2D[63][20]$_SDFFE_PN0P_/D
3	-0.2896	systolic_controll.matrix_index[I]	_I_	systolic_controll.matrix_index[3]$_SDFF_PP0_/Q	_87265_/D
4	-0.1692	systolic_controll.matrix_index[I]	write_out.sram_wdata_c[I]	systolic_controll.matrix_index[4]$_SDFF_PP0_/QN	write_out.sram_wdata_c[58]$_SDFF_PN0_/D
5	-0.1618	systolic_controll.matrix_index[I]	write_out.sram_wdata_a[I]	systolic_controll.matrix_index[4]$_SDFF_PP0_/QN	write_out.sram_wdata_a[58]$_SDFF_PN0_/D
6	0.0075	systolic_controll.cycle_num[I]	systolic.matrix_mul_ID[J][K]	systolic_controll.cycle_num[0]$_SDFF_PN0_/QN	systolic.matrix_mul_2D[34][10]$_SDFFE_PN0P_/D
7	0.0163	srstn	_I_	srstn	_87247_/D
8	0.0613	srstn	write_out.sram_wdata_c[I]	srstn	write_out.sram_wdata_c[52]$_SDFF_PN0_/D
9	0.0692	systolic.matrix_mul_ID[J][K]	systolic.matrix_mul_ID[J][K]	systolic.matrix_mul_2D[15][0]$_SDFFE_PN0P_/Q	systolic.matrix_mul_2D[15][20]$_SDFFE_PN0P_/D
10	0.0733	srstn	write_out.sram_wdata_a[I]	srstn	write_out.sram_wdata_a[52]$_SDFF_PN0_/D
11	0.1201	systolic.matrix_mul_ID[J][K]	write_out.sram_wdata_a[I]	systolic.matrix_mul_2D[17][15]$_SDFFE_PN0P_/Q	write_out.sram_wdata_a[86]$_SDFF_PN0_/D
12	0.1202	systolic.matrix_mul_ID[J][K]	write_out.sram_wdata_c[I]	systolic.matrix_mul_2D[17][15]$_SDFFE_PN0P_/Q	write_out.sram_wdata_c[22]$_SDFF_PN0_/D
13	0.1382	systolic.matrix_mul_ID[J][K]	_I_	systolic.matrix_mul_2D[25][0]$_SDFFE_PN0P_/Q	_87283_/D
14	0.1403	srstn	write_out.sram_waddr_a[I]	srstn	write_out.sram_waddr_a[3]$_SDFF_PN0_/D
15	0.1448	srstn	write_out.sram_waddr_c[I]	srstn	write_out.sram_waddr_c[3]$_SDFF_PN0_/D
16	0.1709	systolic_controll.cycle_num[I]	_I_	systolic_controll.cycle_num[0]$_SDFF_PN0_/Q	_87247_/D
17	0.1943	srstn	systolic.matrix_mul_ID[J][K]	srstn	systolic.matrix_mul_2D[61][15]$_SDFFE_PN0P_/D
18	0.2160	systolic_controll.cycle_num[I]	write_out.sram_wdata_c[I]	systolic_controll.cycle_num[0]$_SDFF_PN0_/Q	write_out.sram_wdata_c[52]$_SDFF_PN0_/D
19	0.2173	srstn	write_out.sram_write_enable_cI	srstn	write_out.sram_write_enable_c0$_SDFF_PN1_/D
20	0.2245	srstn	write_out.sram_write_enable_aI	srstn	write_out.sram_write_enable_a0$_SDFF_PN1_/D
21	0.2280	systolic_controll.cycle_num[I]	write_out.sram_wdata_a[I]	systolic_controll.cycle_num[0]$_SDFF_PN0_/Q	write_out.sram_wdata_a[52]$_SDFF_PN0_/D
22	0.2326	srstn	systolic_controll.state[I]	srstn	systolic_controll.state[2]$_DFF_P_/D
23	0.2387	srstn	systolic_controll.cycle_num[I]	srstn	systolic_controll.cycle_num[0]$_SDFF_PN0_/D
24	0.2418	srstn	systolic_controll.tpu_done	srstn	systolic_controll.tpu_done$_SDFF_PN0_/D
25	0.2536	srstn	systolic.data_queue[I][J]	srstn	systolic.data_queue[61][3]$_SDFFE_PN0P_/D
26	0.2654	srstn	systolic.weight_queue[I][J]	srstn	systolic.weight_queue[28][2]$_SDFFE_PN0P_/D
27	0.2664	srstn	systolic_controll.addr_serial_num[I]	srstn	systolic_controll.addr_serial_num[2]$_SDFFE_PN0P_/D
28	0.2697	tpu_start	systolic_controll.addr_serial_num[I]	tpu_start	systolic_controll.addr_serial_num[5]$_SDFFE_PN0P_/D
29	0.2949	systolic_controll.cycle_num[I]	write_out.sram_waddr_a[I]	systolic_controll.cycle_num[0]$_SDFF_PN0_/Q	write_out.sram_waddr_a[3]$_SDFF_PN0_/D
30	0.2994	systolic_controll.cycle_num[I]	write_out.sram_waddr_c[I]	systolic_controll.cycle_num[0]$_SDFF_PN0_/Q	write_out.sram_waddr_c[3]$_SDFF_PN0_/D
31	0.3145	systolic_controll.state[I]	systolic.matrix_mul_ID[J][K]	systolic_controll.state[3]$_DFF_P_/Q	systolic.matrix_mul_2D[42][0]$_SDFFE_PN0P_/D
32	0.3173	systolic_controll.state[I]	_I_	systolic_controll.state[3]$_DFF_P_/Q	_87247_/D
33	0.3336	srstn	systolic_controll.matrix_index[I]	srstn	systolic_controll.matrix_index[0]$_SDFF_PP0_/D
34	0.3345	systolic_controll.matrix_index[I]	systolic_controll.matrix_index[I]	systolic_controll.matrix_index[0]$_SDFF_PP0_/Q	systolic_controll.matrix_index[5]$_SDFF_PP0_/D
35	0.3377	systolic_controll.data_set[I]	_I_	systolic_controll.data_set[0]$_SDFFE_PN0P_/Q	_87247_/D
36	0.3553	systolic_controll.matrix_index[I]	systolic_controll.state[I]	systolic_controll.matrix_index[0]$_SDFF_PP0_/Q	systolic_controll.state[3]$_DFF_P_/D
37	0.3624	systolic_controll.state[I]	write_out.sram_wdata_c[I]	systolic_controll.state[3]$_DFF_P_/Q	write_out.sram_wdata_c[52]$_SDFF_PN0_/D
38	0.3744	systolic_controll.state[I]	write_out.sram_wdata_a[I]	systolic_controll.state[3]$_DFF_P_/Q	write_out.sram_wdata_a[52]$_SDFF_PN0_/D
39	0.3756	systolic_controll.matrix_index[I]	systolic_controll.tpu_done	systolic_controll.matrix_index[0]$_SDFF_PP0_/Q	systolic_controll.tpu_done$_SDFF_PN0_/D
40	0.3812	systolic_controll.data_set[I]	write_out.sram_wdata_c[I]	systolic_controll.data_set[0]$_SDFFE_PN0P_/Q	write_out.sram_wdata_c[52]$_SDFF_PN0_/D
41	0.3839	systolic_controll.cycle_num[I]	write_out.sram_write_enable_cI	systolic_controll.cycle_num[6]$_SDFF_PN0_/Q	write_out.sram_write_enable_c0$_SDFF_PN1_/D
42	0.3875	systolic_controll.cycle_num[I]	write_out.sram_write_enable_aI	systolic_controll.cycle_num[0]$_SDFF_PN0_/Q	write_out.sram_write_enable_a0$_SDFF_PN1_/D
43	0.4017	srstn	systolic_controll.data_set[I]	srstn	systolic_controll.data_set[0]$_SDFFE_PN0P_/D
44	0.4153	systolic_controll.matrix_index[I]	write_out.sram_waddr_c[I]	systolic_controll.matrix_index[1]$_SDFF_PP0_/Q	write_out.sram_waddr_c[1]$_SDFF_PN0_/D
45	0.4154	systolic_controll.matrix_index[I]	write_out.sram_waddr_a[I]	systolic_controll.matrix_index[1]$_SDFF_PP0_/Q	write_out.sram_waddr_a[1]$_SDFF_PN0_/D
46	0.4166	systolic_controll.data_set[I]	write_out.sram_wdata_a[I]	systolic_controll.data_set[1]$_SDFFE_PN0P_/QN	write_out.sram_wdata_a[52]$_SDFF_PN0_/D
47	0.4413	systolic_controll.state[I]	write_out.sram_waddr_a[I]	systolic_controll.state[3]$_DFF_P_/Q	write_out.sram_waddr_a[3]$_SDFF_PN0_/D
48	0.4444	systolic_controll.state[I]	systolic.data_queue[I][J]	systolic_controll.state[3]$_DFF_P_/Q	systolic.data_queue[0][7]$_SDFFE_PN0P_/D
49	0.4444	systolic_controll.state[I]	systolic.weight_queue[I][J]	systolic_controll.state[3]$_DFF_P_/Q	systolic.weight_queue[10][7]$_SDFFE_PN0P_/D
50	0.4458	systolic_controll.state[I]	write_out.sram_waddr_c[I]	systolic_controll.state[3]$_DFF_P_/Q	write_out.sram_waddr_c[3]$_SDFF_PN0_/D
51	0.4469	systolic_controll.state[I]	systolic_controll.state[I]	systolic_controll.state[3]$_DFF_P_/Q	systolic_controll.state[0]$_DFF_P_/D
52	0.4491	addr_sel.sram_raddr_wI[J]	sram_raddr_wI[J]	addr_sel.sram_raddr_w0[0]$_SDFF_PN1_/Q	sram_raddr_w0[0]
53	0.4646	systolic_controll.data_set[I]	write_out.sram_waddr_c[I]	systolic_controll.data_set[0]$_SDFFE_PN0P_/Q	write_out.sram_waddr_c[3]$_SDFF_PN0_/D
54	0.4647	systolic_controll.state[I]	systolic_controll.cycle_num[I]	systolic_controll.state[3]$_DFF_P_/Q	systolic_controll.cycle_num[0]$_SDFF_PN0_/D
55	0.4657	addr_sel.sram_raddr_wI[J]	sram_raddr_dI[J]	addr_sel.sram_raddr_w0[0]$_SDFF_PN1_/Q	sram_raddr_d0[0]
56	0.4667	systolic_controll.addr_serial_num[I]	addr_sel.sram_raddr_wI[J]	systolic_controll.addr_serial_num[5]$_SDFFE_PN0P_/Q	addr_sel.sram_raddr_w1[5]$_SDFF_PN1_/D
57	0.4677	systolic_controll.state[I]	systolic_controll.tpu_done	systolic_controll.state[3]$_DFF_P_/Q	systolic_controll.tpu_done$_SDFF_PN0_/D
58	0.4679	write_out.sram_waddr_a[I]	sram_waddr_a[I]	write_out.sram_waddr_a[0]$_SDFF_PN0_/Q	sram_waddr_a[0]
59	0.4679	_I_	sram_waddr_b[I]	_87287_/Q	sram_waddr_b[0]
60	0.4679	write_out.sram_waddr_c[I]	sram_waddr_c[I]	write_out.sram_waddr_c[0]$_SDFF_PN0_/Q	sram_waddr_c[0]
61	0.4679	write_out.sram_wdata_a[I]	sram_wdata_a[I]	write_out.sram_wdata_a[0]$_SDFF_PN0_/Q	sram_wdata_a[0]
62	0.4679	_I_	sram_wdata_b[I]	_87160_/Q	sram_wdata_b[0]
63	0.4679	write_out.sram_wdata_c[I]	sram_wdata_c[I]	write_out.sram_wdata_c[0]$_SDFF_PN0_/Q	sram_wdata_c[0]
64	0.4679	write_out.sram_write_enable_aI	sram_write_enable_aI	write_out.sram_write_enable_a0$_SDFF_PN1_/Q	sram_write_enable_a0
65	0.4679	_I_	sram_write_enable_bI	_87157_/Q	sram_write_enable_b0
66	0.4679	write_out.sram_write_enable_cI	sram_write_enable_cI	write_out.sram_write_enable_c0$_SDFF_PN1_/Q	sram_write_enable_c0
67	0.4679	systolic_controll.tpu_done	tpu_done	systolic_controll.tpu_done$_SDFF_PN0_/Q	tpu_done
68	0.4681	tpu_start	systolic_controll.state[I]	tpu_start	systolic_controll.state[0]$_DFF_P_/D
69	0.4739	systolic_controll.cycle_num[I]	systolic_controll.data_set[I]	systolic_controll.cycle_num[0]$_SDFF_PN0_/Q	systolic_controll.data_set[0]$_SDFFE_PN0P_/D
70	0.4802	sram_rdata_dI[J]	systolic.data_queue[I][J]	sram_rdata_d1[0]	systolic.data_queue[56][0]$_SDFFE_PN0P_/D
71	0.4802	sram_rdata_wI[J]	systolic.weight_queue[I][J]	sram_rdata_w1[15]	systolic.weight_queue[6][7]$_SDFFE_PN0P_/D
72	0.4836	systolic_controll.data_set[I]	write_out.sram_waddr_a[I]	systolic_controll.data_set[1]$_SDFFE_PN0P_/QN	write_out.sram_waddr_a[3]$_SDFF_PN0_/D
73	0.4864	systolic_controll.addr_serial_num[I]	systolic_controll.addr_serial_num[I]	systolic_controll.addr_serial_num[1]$_SDFFE_PN0P_/Q	systolic_controll.addr_serial_num[5]$_SDFFE_PN0P_/D
74	0.4885	systolic_controll.matrix_index[I]	systolic_controll.data_set[I]	systolic_controll.matrix_index[3]$_SDFF_PP0_/Q	systolic_controll.data_set[0]$_SDFFE_PN0P_/D
75	0.4926	systolic_controll.state[I]	systolic_controll.addr_serial_num[I]	systolic_controll.state[3]$_DFF_P_/Q	systolic_controll.addr_serial_num[4]$_SDFFE_PN0P_/D
76	0.5077	systolic_controll.cycle_num[I]	systolic_controll.matrix_index[I]	systolic_controll.cycle_num[0]$_SDFF_PN0_/Q	systolic_controll.matrix_index[0]$_SDFF_PP0_/D
77	0.5339	systolic_controll.state[I]	write_out.sram_write_enable_aI	systolic_controll.state[3]$_DFF_P_/Q	write_out.sram_write_enable_a0$_SDFF_PN1_/D
78	0.5341	systolic_controll.state[I]	write_out.sram_write_enable_cI	systolic_controll.state[3]$_DFF_P_/Q	write_out.sram_write_enable_c0$_SDFF_PN1_/D
79	0.5404	systolic_controll.cycle_num[I]	systolic_controll.cycle_num[I]	systolic_controll.cycle_num[1]$_SDFF_PN0_/Q	systolic_controll.cycle_num[6]$_SDFF_PN0_/D
80	0.5500	systolic_controll.data_set[I]	write_out.sram_write_enable_cI	systolic_controll.data_set[0]$_SDFFE_PN0P_/Q	write_out.sram_write_enable_c0$_SDFF_PN1_/D
81	0.5654	systolic_controll.data_set[I]	write_out.sram_write_enable_aI	systolic_controll.data_set[1]$_SDFFE_PN0P_/QN	write_out.sram_write_enable_a0$_SDFF_PN1_/D
82	0.6253	systolic_controll.data_set[I]	systolic_controll.state[I]	systolic_controll.data_set[0]$_SDFFE_PN0P_/Q	systolic_controll.state[3]$_DFF_P_/D
83	0.6456	systolic_controll.data_set[I]	systolic_controll.tpu_done	systolic_controll.data_set[0]$_SDFFE_PN0P_/Q	systolic_controll.tpu_done$_SDFF_PN0_/D
84	0.6589	systolic_controll.data_set[I]	systolic_controll.data_set[I]	systolic_controll.data_set[1]$_SDFFE_PN0P_/QN	systolic_controll.data_set[1]$_SDFFE_PN0P_/D
85	0.6981	systolic.data_queue[I][J]	systolic.data_queue[I][J]	systolic.data_queue[12][7]$_SDFFE_PN0P_/Q	systolic.data_queue[12][7]$_SDFFE_PN0P_/D
86	0.7028	systolic_controll.state[I]	systolic_controll.data_set[I]	systolic_controll.state[3]$_DFF_P_/Q	systolic_controll.data_set[0]$_SDFFE_PN0P_/D
87	0.7092	systolic_controll.state[I]	systolic_controll.matrix_index[I]	systolic_controll.state[3]$_DFF_P_/QN	systolic_controll.matrix_index[0]$_SDFF_PP0_/D
88	0.7099	systolic.weight_queue[I][J]	systolic.weight_queue[I][J]	systolic.weight_queue[10][7]$_SDFFE_PN0P_/Q	systolic.weight_queue[10][7]$_SDFFE_PN0P_/D
