# stage	6_final
# top_module	tpu_top
# top_n	100
# kind	blocks
# rank	worst_slack_ns	start	end	start_full	end_full
1	-0.4674	systolic.weight_queue[I][J]	systolic.matrix_mul_ID[J][K]	systolic.weight_queue[15][6]$_SDFFE_PN0P_/Q	systolic.matrix_mul_2D[15][20]$_SDFFE_PN0P_/D
2	-0.4662	systolic.data_queue[I][J]	systolic.matrix_mul_ID[J][K]	systolic.data_queue[15][0]$_SDFFE_PN0P_/Q	systolic.matrix_mul_2D[15][20]$_SDFFE_PN0P_/D
3	-0.3013	systolic_controll.matrix_index[I]	write_out.sram_wdata_c[I]	systolic_controll.matrix_index[4]$_SDFF_PP0_/QN	write_out.sram_wdata_c[25]$_SDFF_PN0_/D
4	-0.2828	systolic_controll.matrix_index[I]	write_out.sram_wdata_a[I]	systolic_controll.matrix_index[4]$_SDFF_PP0_/QN	write_out.sram_wdata_a[25]$_SDFF_PN0_/D
5	-0.2637	systolic_controll.matrix_index[I]	_I_	systolic_controll.matrix_index[4]$_SDFF_PP0_/QN	_87286_/D
6	-0.0505	systolic.matrix_mul_ID[J][K]	write_out.sram_wdata_a[I]	systolic.matrix_mul_2D[25][18]$_SDFFE_PN0P_/Q	write_out.sram_wdata_a[120]$_SDFF_PN0_/D
7	-0.0473	systolic.matrix_mul_ID[J][K]	write_out.sram_wdata_c[I]	systolic.matrix_mul_2D[25][18]$_SDFFE_PN0P_/Q	write_out.sram_wdata_c[56]$_SDFF_PN0_/D
8	-0.0439	systolic.matrix_mul_ID[J][K]	_I_	systolic.matrix_mul_2D[48][3]$_SDFFE_PN0P_/Q	_87272_/D
9	0.0340	systolic_controll.cycle_num[I]	systolic.matrix_mul_ID[J][K]	systolic_controll.cycle_num[1]$_SDFF_PN0_/QN	systolic.matrix_mul_2D[6][20]$_SDFFE_PN0P_/D
10	0.0708	systolic_controll.cycle_num[I]	_I_	systolic_controll.cycle_num[0]$_SDFF_PN0_/Q	_87272_/D
11	0.0984	systolic.matrix_mul_ID[J][K]	systolic.matrix_mul_ID[J][K]	systolic.matrix_mul_2D[15][0]$_SDFFE_PN0P_/Q	systolic.matrix_mul_2D[15][20]$_SDFFE_PN0P_/D
12	0.1060	systolic_controll.cycle_num[I]	write_out.sram_wdata_c[I]	systolic_controll.cycle_num[0]$_SDFF_PN0_/Q	write_out.sram_wdata_c[18]$_SDFF_PN0_/D
13	0.1109	systolic_controll.cycle_num[I]	write_out.sram_wdata_a[I]	systolic_controll.cycle_num[0]$_SDFF_PN0_/Q	write_out.sram_wdata_a[120]$_SDFF_PN0_/D
14	0.1145	write_out.sram_wdata_c[I]	sram_wdata_c[I]	write_out.sram_wdata_c[123]$_SDFF_PN0_/Q	sram_wdata_c[123]
15	0.1178	write_out.sram_wdata_a[I]	sram_wdata_a[I]	write_out.sram_wdata_a[22]$_SDFF_PN0_/Q	sram_wdata_a[22]
16	0.1365	_I_	sram_wdata_b[I]	_87272_/Q	sram_wdata_b[112]
17	0.1434	addr_sel.sram_raddr_wI[J]	sram_raddr_wI[J]	addr_sel.sram_raddr_w0[5]$_SDFF_PN1_/Q	sram_raddr_w0[5]
18	0.1438	addr_sel.sram_raddr_wI[J]	sram_raddr_dI[J]	addr_sel.sram_raddr_w0[5]$_SDFF_PN1_/Q	sram_raddr_d0[5]
19	0.1492	_I_	sram_waddr_b[I]	_87287_/Q	sram_waddr_b[0]
20	0.1560	write_out.sram_waddr_a[I]	sram_waddr_a[I]	write_out.sram_waddr_a[1]$_SDFF_PN0_/Q	sram_waddr_a[1]
21	0.1564	_I_	sram_write_enable_bI	_87157_/Q	sram_write_enable_b0
22	0.1580	write_out.sram_waddr_c[I]	sram_waddr_c[I]	write_out.sram_waddr_c[4]$_SDFF_PN0_/Q	sram_waddr_c[4]
23	0.1610	write_out.sram_write_enable_aI	sram_write_enable_aI	write_out.sram_write_enable_a0$_SDFF_PN1_/Q	sram_write_enable_a0
24	0.1614	systolic_controll.tpu_done	tpu_done	systolic_controll.tpu_done$_SDFF_PN0_/Q	tpu_done
25	0.1623	write_out.sram_write_enable_cI	sram_write_enable_cI	write_out.sram_write_enable_c0$_SDFF_PN1_/Q	sram_write_enable_c0
26	0.2025	systolic_controll.state[I]	_I_	systolic_controll.state[3]$_DFF_P_/Q	_87272_/D
27	0.2168	systolic_controll.state[I]	systolic.weight_queue[I][J]	systolic_controll.state[3]$_DFF_P_/Q	systolic.weight_queue[58][1]$_SDFFE_PN0P_/D
28	0.2178	systolic_controll.state[I]	systolic.matrix_mul_ID[J][K]	systolic_controll.state[3]$_DFF_P_/Q	systolic.matrix_mul_2D[54][20]$_SDFFE_PN0P_/D
29	0.2264	systolic_controll.state[I]	systolic.data_queue[I][J]	systolic_controll.state[3]$_DFF_P_/Q	systolic.data_queue[52][4]$_SDFFE_PN0P_/D
30	0.2377	systolic_controll.state[I]	write_out.sram_wdata_c[I]	systolic_controll.state[3]$_DFF_P_/Q	write_out.sram_wdata_c[18]$_SDFF_PN0_/D
31	0.2427	systolic_controll.state[I]	write_out.sram_wdata_a[I]	systolic_controll.state[3]$_DFF_P_/Q	write_out.sram_wdata_a[120]$_SDFF_PN0_/D
32	0.2635	srstn	_I_	srstn	_87272_/D
33	0.2802	systolic_controll.cycle_num[I]	write_out.sram_waddr_a[I]	systolic_controll.cycle_num[0]$_SDFF_PN0_/Q	write_out.sram_waddr_a[2]$_SDFF_PN0_/D
34	0.2874	systolic_controll.cycle_num[I]	write_out.sram_waddr_c[I]	systolic_controll.cycle_num[0]$_SDFF_PN0_/Q	write_out.sram_waddr_c[5]$_SDFF_PN0_/D
35	0.2914	systolic_controll.matrix_index[I]	systolic_controll.tpu_done	systolic_controll.matrix_index[1]$_SDFF_PP0_/Q	systolic_controll.tpu_done$_SDFF_PN0_/D
36	0.2917	srstn	systolic.weight_queue[I][J]	srstn	systolic.weight_queue[49][2]$_SDFFE_PN0P_/D
37	0.2934	srstn	systolic.data_queue[I][J]	srstn	systolic.data_queue[50][1]$_SDFFE_PN0P_/D
38	0.2987	srstn	write_out.sram_wdata_c[I]	srstn	write_out.sram_wdata_c[18]$_SDFF_PN0_/D
39	0.2987	srstn	systolic.matrix_mul_ID[J][K]	srstn	systolic.matrix_mul_2D[60][13]$_SDFFE_PN0P_/D
40	0.2997	srstn	write_out.sram_wdata_a[I]	srstn	write_out.sram_wdata_a[13]$_SDFF_PN0_/D
41	0.3028	systolic_controll.matrix_index[I]	systolic_controll.data_set[I]	systolic_controll.matrix_index[1]$_SDFF_PP0_/Q	systolic_controll.data_set[1]$_SDFFE_PN0P_/D
42	0.3106	systolic_controll.cycle_num[I]	write_out.sram_write_enable_cI	systolic_controll.cycle_num[0]$_SDFF_PN0_/Q	write_out.sram_write_enable_c0$_SDFF_PN1_/D
43	0.3136	systolic_controll.matrix_index[I]	systolic_controll.matrix_index[I]	systolic_controll.matrix_index[1]$_SDFF_PP0_/Q	systolic_controll.matrix_index[2]$_SDFF_PP0_/D
44	0.3144	systolic_controll.cycle_num[I]	write_out.sram_write_enable_aI	systolic_controll.cycle_num[0]$_SDFF_PN0_/Q	write_out.sram_write_enable_a0$_SDFF_PN1_/D
45	0.3199	systolic_controll.data_set[I]	_I_	systolic_controll.data_set[0]$_SDFFE_PN0P_/Q	_87272_/D
46	0.3465	systolic_controll.matrix_index[I]	systolic_controll.state[I]	systolic_controll.matrix_index[1]$_SDFF_PP0_/Q	systolic_controll.state[3]$_DFF_P_/D
47	0.3551	systolic_controll.data_set[I]	write_out.sram_wdata_c[I]	systolic_controll.data_set[0]$_SDFFE_PN0P_/Q	write_out.sram_wdata_c[18]$_SDFF_PN0_/D
48	0.3780	systolic_controll.data_set[I]	write_out.sram_wdata_a[I]	systolic_controll.data_set[1]$_SDFFE_PN0P_/QN	write_out.sram_wdata_a[13]$_SDFF_PN0_/D
49	0.3940	systolic_controll.cycle_num[I]	systolic_controll.data_set[I]	systolic_controll.cycle_num[0]$_SDFF_PN0_/Q	systolic_controll.data_set[1]$_SDFFE_PN0P_/D
50	0.4052	systolic_controll.matrix_index[I]	write_out.sram_waddr_a[I]	systolic_controll.matrix_index[0]$_SDFF_PP0_/Q	write_out.sram_waddr_a[0]$_SDFF_PN0_/D
51	0.4077	systolic_controll.matrix_index[I]	write_out.sram_waddr_c[I]	systolic_controll.matrix_index[0]$_SDFF_PP0_/Q	write_out.sram_waddr_c[0]$_SDFF_PN0_/D
52	0.4119	systolic_controll.state[I]	write_out.sram_waddr_a[I]	systolic_controll.state[3]$_DFF_P_/Q	write_out.sram_waddr_a[2]$_SDFF_PN0_/D
53	0.4169	systolic_controll.cycle_num[I]	systolic_controll.matrix_index[I]	systolic_controll.cycle_num[0]$_SDFF_PN0_/Q	systolic_controll.matrix_index[1]$_SDFF_PP0_/D
54	0.4192	systolic_controll.state[I]	write_out.sram_waddr_c[I]	systolic_controll.state[3]$_DFF_P_/Q	write_out.sram_waddr_c[5]$_SDFF_PN0_/D
55	0.4282	systolic_controll.state[I]	systolic_controll.tpu_done	systolic_controll.state[3]$_DFF_P_/Q	systolic_controll.tpu_done$_SDFF_PN0_/D
56	0.4361	srstn	systolic_controll.addr_serial_num[I]	srstn	systolic_controll.addr_serial_num[4]$_SDFFE_PN0P_/D
57	0.4423	systolic_controll.state[I]	write_out.sram_write_enable_cI	systolic_controll.state[3]$_DFF_P_/Q	write_out.sram_write_enable_c0$_SDFF_PN1_/D
58	0.4426	systolic_controll.state[I]	systolic_controll.cycle_num[I]	systolic_controll.state[3]$_DFF_P_/Q	systolic_controll.cycle_num[1]$_SDFF_PN0_/D
59	0.4445	srstn	systolic_controll.state[I]	srstn	systolic_controll.state[3]$_DFF_P_/D
60	0.4461	systolic_controll.state[I]	write_out.sram_write_enable_aI	systolic_controll.state[3]$_DFF_P_/Q	write_out.sram_write_enable_a0$_SDFF_PN1_/D
61	0.4492	systolic_controll.addr_serial_num[I]	systolic_controll.addr_serial_num[I]	systolic_controll.addr_serial_num[1]$_SDFFE_PN0P_/Q	systolic_controll.addr_serial_num[5]$_SDFFE_PN0P_/D
62	0.4513	srstn	systolic_controll.matrix_index[I]	srstn	systolic_controll.matrix_index[1]$_SDFF_PP0_/D
63	0.4613	systolic_controll.addr_serial_num[I]	addr_sel.sram_raddr_wI[J]	systolic_controll.addr_serial_num[5]$_SDFFE_PN0P_/Q	addr_sel.sram_raddr_w1[5]$_SDFF_PN1_/D
64	0.4672	srstn	systolic_controll.tpu_done	srstn	systolic_controll.tpu_done$_SDFF_PN0_/D
65	0.4729	srstn	write_out.sram_waddr_a[I]	srstn	write_out.sram_waddr_a[2]$_SDFF_PN0_/D
66	0.4730	systolic_controll.state[I]	systolic_controll.state[I]	systolic_controll.state[3]$_DFF_P_/Q	systolic_controll.state[3]$_DFF_P_/D
67	0.4782	systolic_controll.data_set[I]	systolic_controll.tpu_done	systolic_controll.data_set[0]$_SDFFE_PN0P_/Q	systolic_controll.tpu_done$_SDFF_PN0_/D
68	0.4802	srstn	write_out.sram_waddr_c[I]	srstn	write_out.sram_waddr_c[5]$_SDFF_PN0_/D
69	0.4817	srstn	systolic_controll.cycle_num[I]	srstn	systolic_controll.cycle_num[1]$_SDFF_PN0_/D
70	0.5027	tpu_start	systolic_controll.addr_serial_num[I]	tpu_start	systolic_controll.addr_serial_num[5]$_SDFFE_PN0P_/D
71	0.5033	srstn	write_out.sram_write_enable_cI	srstn	write_out.sram_write_enable_c0$_SDFF_PN1_/D
72	0.5071	srstn	write_out.sram_write_enable_aI	srstn	write_out.sram_write_enable_a0$_SDFF_PN1_/D
73	0.5161	systolic_controll.state[I]	systolic_controll.addr_serial_num[I]	systolic_controll.state[3]$_DFF_P_/Q	systolic_controll.addr_serial_num[4]$_SDFFE_PN0P_/D
74	0.5301	systolic_controll.cycle_num[I]	systolic_controll.cycle_num[I]	systolic_controll.cycle_num[1]$_SDFF_PN0_/Q	systolic_controll.cycle_num[6]$_SDFF_PN0_/D
75	0.5333	systolic_controll.data_set[I]	systolic_controll.state[I]	systolic_controll.data_set[0]$_SDFFE_PN0P_/Q	systolic_controll.state[3]$_DFF_P_/D
76	0.5365	systolic_controll.data_set[I]	write_out.sram_waddr_c[I]	systolic_controll.data_set[0]$_SDFFE_PN0P_/Q	write_out.sram_waddr_c[5]$_SDFF_PN0_/D
77	0.5556	systolic_controll.data_set[I]	write_out.sram_waddr_a[I]	systolic_controll.data_set[1]$_SDFFE_PN0P_/QN	write_out.sram_waddr_a[2]$_SDFF_PN0_/D
78	0.5568	systolic_controll.state[I]	systolic_controll.data_set[I]	systolic_controll.state[3]$_DFF_P_/Q	systolic_controll.data_set[1]$_SDFFE_PN0P_/D
79	0.5597	systolic_controll.data_set[I]	write_out.sram_write_enable_cI	systolic_controll.data_set[0]$_SDFFE_PN0P_/Q	write_out.sram_write_enable_c0$_SDFF_PN1_/D
80	0.5734	systolic.weight_queue[I][J]	systolic.weight_queue[I][J]	systolic.weight_queue[1][7]$_SDFFE_PN0P_/Q	systolic.weight_queue[9][7]$_SDFFE_PN0P_/D
81	0.5882	systolic_controll.data_set[I]	write_out.sram_write_enable_aI	systolic_controll.data_set[1]$_SDFFE_PN0P_/QN	write_out.sram_write_enable_a0$_SDFF_PN1_/D
82	0.5959	systolic_controll.state[I]	systolic_controll.matrix_index[I]	systolic_controll.state[3]$_DFF_P_/QN	systolic_controll.matrix_index[1]$_SDFF_PP0_/D
83	0.6178	srstn	systolic_controll.data_set[I]	srstn	systolic_controll.data_set[1]$_SDFFE_PN0P_/D
84	0.6229	systolic.data_queue[I][J]	systolic.data_queue[I][J]	systolic.data_queue[8][0]$_SDFFE_PN0P_/Q	systolic.data_queue[9][0]$_SDFFE_PN0P_/D
85	0.6529	systolic_controll.data_set[I]	systolic_controll.data_set[I]	systolic_controll.data_set[1]$_SDFFE_PN0P_/QN	systolic_controll.data_set[1]$_SDFFE_PN0P_/D
86	0.6717	sram_rdata_dI[J]	systolic.data_queue[I][J]	sram_rdata_d1[1]	systolic.data_queue[56][1]$_SDFFE_PN0P_/D
87	0.7032	sram_rdata_wI[J]	systolic.weight_queue[I][J]	sram_rdata_w1[5]	systolic.weight_queue[7][5]$_SDFFE_PN0P_/D
88	0.7132	tpu_start	systolic_controll.state[I]	tpu_start	systolic_controll.state[0]$_DFF_P_/D
