# stage	1_synth
# top_module	ddr3_controller
# top_n	100
# kind	blocks
# rank	worst_slack_ns	start	end	start_full	end_full
1	-0.3957	lane[I]	dq_target_index[I][J]	lane[1]$_SDFFE_PP0P_/Q	dq_target_index[4][3]$_SDFFCE_PN0P_/D
2	-0.3747	i_wb_addr[I]	stageI_do_pre	i_wb_addr[8]	stage1_do_pre$_SDFF_PP0_/D
3	-0.3469	lane[I]	dqs_target_index[I]	lane[1]$_SDFFE_PP0P_/Q	dqs_target_index[0]$_SDFFE_PP0P_/D
4	-0.3136	lane[I]	added_read_pipe[I]	lane[1]$_SDFFE_PP0P_/Q	added_read_pipe[0]$_SDFFCE_PN0P_/D
5	-0.3096	i_wb_cyc	stageI_do_pre	i_wb_cyc	stage1_do_pre$_SDFF_PP0_/D
6	-0.2757	lane[I]	o_phy_idelay_dqs_cntvaluein[I]	lane[1]$_SDFFE_PP0P_/Q	o_phy_idelay_dqs_cntvaluein[1]
7	-0.2640	lane[I]	o_phy_odelay_data_cntvaluein[I]	lane[1]$_SDFFE_PP0P_/Q	o_phy_odelay_data_cntvaluein[4]
8	-0.2640	lane[I]	o_phy_odelay_dqs_cntvaluein[I]	lane[1]$_SDFFE_PP0P_/Q	o_phy_odelay_dqs_cntvaluein[4]
9	-0.2404	i_wb_addr[I]	stageI_do_act	i_wb_addr[6]	stage1_do_act$_SDFF_PP0_/D
10	-0.2398	i_wb_cyc	stageI_do_act	i_wb_cyc	stage1_do_act$_SDFF_PP0_/D
11	-0.2079	lane[I]	idelay_dqs_cntvaluein[I][J]	lane[1]$_SDFFE_PP0P_/Q	idelay_dqs_cntvaluein[0][1]$_SDFFCE_PN0P_/D
12	-0.2046	lane[I]	o_phy_idelay_data_cntvaluein[I]	lane[1]$_SDFFE_PP0P_/Q	o_phy_idelay_data_cntvaluein[0]
13	-0.2023	lane[I]	o_phy_write_leveling_calib	lane[1]$_SDFFE_PP0P_/Q	o_phy_write_leveling_calib$_SDFFE_PP0P_/D
14	-0.1988	i_phy_iserdes_bitslip_reference[I]	o_phy_write_leveling_calib	i_phy_iserdes_bitslip_reference[30]	o_phy_write_leveling_calib$_SDFFE_PP0P_/D
15	-0.1948	lane[I]	state_calibrate[I]	lane[1]$_SDFFE_PP0P_/Q	state_calibrate[1]$_SDFFE_PP0P_/D
16	-0.1913	lane[I]	sample_clk_repeat[I]	lane[1]$_SDFFE_PP0P_/Q	sample_clk_repeat[1]$_SDFFCE_PP0P_/D
17	-0.1912	i_phy_iserdes_bitslip_reference[I]	state_calibrate[I]	i_phy_iserdes_bitslip_reference[25]	state_calibrate[1]$_SDFFE_PP0P_/D
18	-0.1882	lane[I]	data_start_index[I][J]	lane[1]$_SDFFE_PP0P_/Q	data_start_index[2][0]$_SDFFCE_PN0P_/D
19	-0.1878	i_phy_iserdes_bitslip_reference[I]	sample_clk_repeat[I]	i_phy_iserdes_bitslip_reference[30]	sample_clk_repeat[1]$_SDFFCE_PP0P_/D
20	-0.1803	stageI_do_wr_or_rd	o_wb_stall_int_q	stage2_do_wr_or_rd$_SDFF_PP0_/Q	o_wb_stall_int_q$_SDFF_PP1_/D
21	-0.1771	state_calibrate[I]	write_test_address_counter[I]	state_calibrate[0]$_SDFFE_PP0P_/QN	write_test_address_counter[21]$_SDFFE_PP0P_/D
22	-0.1770	stageI_next_bank[J]	stageI_do_wr_or_rd	stage1_next_bank[2]$_SDFF_PP0_/Q	stage2_do_wr_or_rd$_SDFF_PP0_/D
23	-0.1763	stageI_do_pre	o_wb_stall_int_q	stage2_do_pre$_SDFF_PP0_/Q	o_wb_stall_int_q$_SDFF_PP1_/D
24	-0.1760	dqs_start_index[I]	state_calibrate[I]	dqs_start_index[1]$_SDFFE_PP0P_/Q	state_calibrate[1]$_SDFFE_PP0P_/D
25	-0.1748	stageI_bank[J]	stageI_do_wr_or_rd	stage2_bank[2]$_SDFF_PP0_/Q	stage2_do_wr_or_rd$_SDFF_PP0_/D
26	-0.1739	lane[I]	odelay_dqs_cntvaluein[I][J]	lane[1]$_SDFFE_PP0P_/Q	odelay_dqs_cntvaluein[2][1]$_SDFFCE_PN0P_/D
27	-0.1723	lane[I]	stored_write_level_feedback	lane[1]$_SDFFE_PP0P_/Q	stored_write_level_feedback$_SDFFCE_PN0P_/D
28	-0.1718	dqs_start_index[I]	delay_before_read_data[I]	dqs_start_index[1]$_SDFFE_PP0P_/Q	delay_before_read_data[3]$_SDFF_PP0_/D
29	-0.1701	dqs_start_index[I]	dqs_start_index[I]	dqs_start_index[1]$_SDFFE_PP0P_/Q	dqs_start_index[4]$_SDFFE_PP0P_/D
30	-0.1698	lane[I]	prev_write_level_feedback	lane[1]$_SDFFE_PP0P_/Q	prev_write_level_feedback$_SDFFE_PP1P_/D
31	-0.1695	stageI_do_act	stageI_do_wr_or_rd	stage2_do_act$_SDFF_PP0_/Q	stage2_do_wr_or_rd$_SDFF_PP0_/D
32	-0.1687	i_phy_iserdes_bitslip_reference[I]	stored_write_level_feedback	i_phy_iserdes_bitslip_reference[30]	stored_write_level_feedback$_SDFFCE_PN0P_/D
33	-0.1685	stageI_next_bank[J]	o_wb_stall_int_q	stage1_next_bank[2]$_SDFF_PP0_/Q	o_wb_stall_int_q$_SDFF_PP1_/D
34	-0.1668	dqs_start_index[I]	o_phy_idelay_data_ld[I]	dqs_start_index[1]$_SDFFE_PP0P_/Q	o_phy_idelay_data_ld[7]$_SDFF_PP0_/D
35	-0.1662	stageI_bank[J]	o_wb_stall_int_q	stage2_bank[2]$_SDFF_PP0_/Q	o_wb_stall_int_q$_SDFF_PP1_/D
36	-0.1662	i_phy_iserdes_bitslip_reference[I]	prev_write_level_feedback	i_phy_iserdes_bitslip_reference[30]	prev_write_level_feedback$_SDFFE_PP1P_/D
37	-0.1650	stageI_do_act	o_wb_stall_int_q	stage2_do_act$_SDFF_PP0_/Q	o_wb_stall_int_q$_SDFF_PP1_/D
38	-0.1649	stageI_do_update_delay_before_write_after_act	o_wb_stall_int_q	stage2_do_update_delay_before_write_after_act$_SDFF_PP0_/Q	o_wb_stall_int_q$_SDFF_PP1_/D
39	-0.1644	stageI_pending	stageI_do_wr_or_rd	stage2_pending$_SDFFE_PP0P_/Q	stage2_do_wr_or_rd$_SDFF_PP0_/D
40	-0.1624	calib_addr[I]	stageI_do_pre	calib_addr[6]$_SDFFE_PP0P_/Q	stage1_do_pre$_SDFF_PP0_/D
41	-0.1597	stageI_do_pre	stageI_do_wr_or_rd	stage2_do_pre$_SDFF_PP0_/Q	stage2_do_wr_or_rd$_SDFF_PP0_/D
42	-0.1577	stageI_pending	o_wb_stall_int_q	stage2_pending$_SDFFE_PP0P_/Q	o_wb_stall_int_q$_SDFF_PP1_/D
43	-0.1570	lane[I]	odelay_data_cntvaluein[I][J]	lane[1]$_SDFFE_PP0P_/Q	odelay_data_cntvaluein[0][4]$_SDFFCE_PN0P_/D
44	-0.1560	lane[I]	write_pattern_lane[I]	lane[1]$_SDFFE_PP0P_/Q	write_pattern_lane[0]$_SDFF_PP0_/D
45	-0.1516	stageI_next_bank[J]	stageI_do_pre	stage1_next_bank[2]$_SDFF_PP0_/Q	stage1_do_pre$_SDFF_PP0_/D
46	-0.1490	stageI_bank[J]	stageI_do_pre	stage2_bank[0]$_SDFF_PP0_/Q	stage1_do_pre$_SDFF_PP0_/D
47	-0.1483	stageI_do_wr	o_wb_stall_int_q	stage2_do_wr$_SDFF_PP0_/Q	o_wb_stall_int_q$_SDFF_PP1_/D
48	-0.1482	stageI_do_pre	stageI_do_update_delay_before_read_after_act	stage2_do_pre$_SDFF_PP0_/Q	stage2_do_update_delay_before_read_after_act$_SDFF_PP0_/D
49	-0.1470	stageI_do_wr_or_rd	stageI_do_wr_or_rd	stage2_do_wr_or_rd$_SDFF_PP0_/Q	stage2_do_wr_or_rd$_SDFF_PP0_/D
50	-0.1470	stageI_do_pre	stageI_do_rd	stage2_do_pre$_SDFF_PP0_/Q	stage2_do_rd$_SDFF_PP0_/D
51	-0.1464	lane[I]	initial_dqs	lane[1]$_SDFFE_PP0P_/Q	initial_dqs$_SDFFE_PP1P_/D
52	-0.1454	stageI_bank[J]	stageI_do_update_delay_before_read_after_act	stage2_bank[2]$_SDFF_PP0_/Q	stage2_do_update_delay_before_read_after_act$_SDFF_PP0_/D
53	-0.1451	lane[I]	idelay_data_cntvaluein[I][J]	lane[1]$_SDFFE_PP0P_/Q	idelay_data_cntvaluein[4][1]$_SDFFCE_PN0P_/D
54	-0.1448	stageI_pending	stageI_do_update_delay_before_read_after_act	stage2_pending$_SDFFE_PP0P_/Q	stage2_do_update_delay_before_read_after_act$_SDFF_PP0_/D
55	-0.1447	lane[I]	added_read_pipe_max	lane[1]$_SDFFE_PP0P_/Q	added_read_pipe_max$_SDFFE_PP0P_/D
56	-0.1442	stageI_bank[J]	stageI_do_rd	stage2_bank[2]$_SDFF_PP0_/Q	stage2_do_rd$_SDFF_PP0_/D
57	-0.1435	stageI_pending	stageI_do_rd	stage2_pending$_SDFFE_PP0P_/Q	stage2_do_rd$_SDFF_PP0_/D
58	-0.1431	stageI_next_bank[J]	o_phy_cmd[I]	stage1_next_bank[2]$_SDFF_PP0_/Q	o_phy_cmd[10]
59	-0.1428	i_phy_iserdes_bitslip_reference[I]	initial_dqs	i_phy_iserdes_bitslip_reference[25]	initial_dqs$_SDFFE_PP1P_/D
60	-0.1422	stageI_do_act	stageI_do_pre	stage2_do_act$_SDFF_PP0_/Q	stage2_do_pre$_SDFF_PP0_/D
61	-0.1405	stageI_bank[J]	o_phy_cmd[I]	stage2_bank[0]$_SDFF_PP0_/Q	o_phy_cmd[10]
62	-0.1392	lane[I]	dqs_bitslip_arrangement[I]	lane[1]$_SDFFE_PP0P_/Q	dqs_bitslip_arrangement[1]$_SDFFE_PP0P_/D
63	-0.1390	i_wb_addr[I]	stageI_next_row[J]	i_wb_addr[8]	stage1_next_row[9]$_SDFF_PP0_/D
64	-0.1389	stageI_pending	stageI_do_pre	stage2_pending$_SDFFE_PP0P_/Q	stage1_do_pre$_SDFF_PP0_/D
65	-0.1387	index_wb_data	reset_from_test	index_wb_data$_SDFFE_PP0P_/Q	reset_from_test$_SDFF_PP0_/D
66	-0.1385	stageI_do_wr	stageI_do_update_delay_before_read_after_act	stage2_do_wr$_SDFF_PP0_/Q	stage2_do_update_delay_before_read_after_act$_SDFF_PP0_/D
67	-0.1384	data_start_index[I][J]	data_start_index[I][J]	data_start_index[7][5]$_SDFFCE_PN0P_/Q	data_start_index[2][0]$_SDFFCE_PN0P_/D
68	-0.1373	stageI_do_wr	stageI_do_rd	stage2_do_wr$_SDFF_PP0_/Q	stage2_do_rd$_SDFF_PP0_/D
69	-0.1356	stageI_do_wr_or_rd	stageI_do_wr	stage2_do_wr_or_rd$_SDFF_PP0_/Q	stage2_do_wr$_SDFF_PP0_/D
70	-0.1354	stageI_do_wr	stageI_do_wr_or_rd	stage2_do_wr$_SDFF_PP0_/Q	stage2_do_wr_or_rd$_SDFF_PP0_/D
71	-0.1343	stageI_do_pre	stageI_do_pre	stage2_do_pre$_SDFF_PP0_/Q	stage1_do_pre$_SDFF_PP0_/D
72	-0.1316	stageI_do_pre	stageI_do_wr	stage2_do_pre$_SDFF_PP0_/Q	stage2_do_wr$_SDFF_PP0_/D
73	-0.1305	stageI_pending	o_phy_cmd[I]	stage2_pending$_SDFFE_PP0P_/Q	o_phy_cmd[10]
74	-0.1299	stageI_do_rd	o_wb_stall_int_q	stage2_do_rd$_SDFF_PP0_/Q	o_wb_stall_int_q$_SDFF_PP1_/D
75	-0.1275	lane[I]	dqs_start_index_repeat	lane[1]$_SDFFE_PP0P_/Q	dqs_start_index_repeat$_SDFFE_PP0P_/D
76	-0.1244	stageI_do_pre	o_phy_cmd[I]	stage2_do_pre$_SDFF_PP0_/Q	o_phy_cmd[10]
77	-0.1239	i_phy_iserdes_bitslip_reference[I]	dqs_start_index_repeat	i_phy_iserdes_bitslip_reference[25]	dqs_start_index_repeat$_SDFFE_PP0P_/D
78	-0.1228	lane[I]	lane[I]	lane[1]$_SDFFE_PP0P_/Q	lane[2]$_SDFFE_PP0P_/D
79	-0.1224	stageI_do_rd	stageI_do_wr_or_rd	stage2_do_rd$_SDFF_PP0_/Q	stage2_do_wr_or_rd$_SDFF_PP0_/D
80	-0.1215	stageI_bank[J]	stageI_do_wr	stage2_bank[2]$_SDFF_PP0_/Q	stage2_do_wr$_SDFF_PP0_/D
81	-0.1203	i_wb_addr[I]	stageI_next_bank[J]	i_wb_addr[6]	stage1_next_bank[1]$_SDFF_PP0_/D
82	-0.1203	stageI_do_act	stageI_do_wr	stage2_do_act$_SDFF_PP0_/Q	stage2_do_wr$_SDFF_PP0_/D
83	-0.1202	stageI_do_update_delay_before_write_after_act	stageI_do_wr	stage2_do_update_delay_before_write_after_act$_SDFF_PP0_/Q	stage2_do_wr$_SDFF_PP0_/D
84	-0.1198	stageI_do_wr_or_rd	stageI_do_pre	stage2_do_wr_or_rd$_SDFF_PP0_/Q	stage2_do_pre$_SDFF_PP0_/D
85	-0.1192	i_phy_iserdes_bitslip_reference[I]	lane[I]	i_phy_iserdes_bitslip_reference[30]	lane[2]$_SDFFE_PP0P_/D
86	-0.1164	i_wb_cyc	stageI_dm[J]	i_wb_cyc	stage1_dm[10]$_SDFFE_PP0P_/D
87	-0.1164	i_wb_cyc	stageI_bank[J]	i_wb_cyc	stage1_bank[0]$_SDFFE_PP0P_/D
88	-0.1164	i_wb_cyc	stageI_col[J]	i_wb_cyc	stage1_col[3]$_SDFFE_PP0P_/D
89	-0.1164	i_wb_cyc	stageI_data[J]	i_wb_cyc	stage1_data[481]$_SDFFE_PP0P_/D
90	-0.1164	i_wb_cyc	stageI_row[J]	i_wb_cyc	stage1_row[0]$_SDFFE_PP0P_/D
91	-0.1163	dqs_start_index[I]	dqs_start_index_repeat	dqs_start_index[1]$_SDFFE_PP0P_/Q	dqs_start_index_repeat$_SDFFE_PP0P_/D
92	-0.1157	lane[I]	read_lane_data[I]	lane[1]$_SDFFE_PP0P_/Q	read_lane_data[10]$_SDFF_PP0_/D
93	-0.1155	delay_before_write_counter_q[I][J]	o_wb_stall_int_q	delay_before_write_counter_q[3][1]$_SDFF_PP0_/Q	o_wb_stall_int_q$_SDFF_PP1_/D
94	-0.1142	stageI_do_wr_or_rd	stageI_do_update_delay_before_write_after_act	stage2_do_wr_or_rd$_SDFF_PP0_/Q	stage2_do_update_delay_before_write_after_act$_SDFF_PP0_/D
95	-0.1130	stageI_pending	stageI_do_wr	stage2_pending$_SDFFE_PP0P_/Q	stage2_do_wr$_SDFF_PP0_/D
96	-0.1126	data_start_index[I][J]	write_pattern_lane[I]	data_start_index[7][3]$_SDFFCE_PN0P_/Q	write_pattern_lane[6]$_SDFF_PP0_/D
97	-0.1107	reset_done	stageI_do_pre	reset_done$_SDFFE_PP0P_/Q	stage1_do_pre$_SDFF_PP0_/D
98	-0.1101	stageI_do_pre	stageI_do_update_delay_before_write_after_act	stage2_do_pre$_SDFF_PP0_/Q	stage2_do_update_delay_before_write_after_act$_SDFF_PP0_/D
99	-0.1095	stageI_do_wr_or_rd	stageI_do_update_delay_before_read_after_act	stage2_do_wr_or_rd$_SDFF_PP0_/Q	stage2_do_update_delay_before_read_after_act$_SDFF_PP0_/D
100	-0.1095	final_calibration_done	stageI_do_pre	final_calibration_done$_SDFFE_PP0P_/QN	stage1_do_pre$_SDFF_PP0_/D
