# stage	6_final
# top_module	ddr3_controller
# top_n	100
# kind	blocks
# rank	worst_slack_ns	start	end	start_full	end_full
1	-0.3361	index_wb_data	o_wb_data[I]	index_wb_data$_SDFFE_PP0P_/Q	o_wb_data[93]
2	-0.3286	lane[I]	o_phy_idelay_data_cntvaluein[I]	lane[1]$_SDFFE_PP0P_/Q	o_phy_idelay_data_cntvaluein[4]
3	-0.3260	lane[I]	o_phy_odelay_dqs_cntvaluein[I]	lane[1]$_SDFFE_PP0P_/Q	o_phy_odelay_dqs_cntvaluein[3]
4	-0.3253	lane[I]	o_phy_idelay_dqs_cntvaluein[I]	lane[1]$_SDFFE_PP0P_/Q	o_phy_idelay_dqs_cntvaluein[0]
5	-0.3202	lane[I]	o_phy_odelay_data_cntvaluein[I]	lane[1]$_SDFFE_PP0P_/Q	o_phy_odelay_data_cntvaluein[1]
6	-0.3090	stageI_pending	o_phy_cmd[I]	stage2_pending$_SDFFE_PP0P_/Q	o_phy_cmd[16]
7	-0.3054	stageI_do_pre	o_phy_cmd[I]	stage2_do_pre$_SDFF_PP0_/Q	o_phy_cmd[16]
8	-0.2950	stageI_next_bank[J]	o_phy_cmd[I]	stage1_next_bank[0]$_SDFF_PP0_/Q	o_phy_cmd[45]
9	-0.2945	stageI_bank[J]	o_phy_cmd[I]	stage2_bank[1]$_SDFF_PP0_/Q	o_phy_cmd[16]
10	-0.2669	stageI_do_act	o_phy_cmd[I]	stage2_do_act$_SDFF_PP0_/Q	o_phy_cmd[18]
11	-0.2641	stageI_do_wr_or_rd	o_phy_cmd[I]	stage2_do_wr_or_rd$_SDFF_PP0_/Q	o_phy_cmd[76]
12	-0.2607	stageI_do_wr	o_phy_cmd[I]	stage2_do_wr$_SDFF_PP0_/Q	o_phy_cmd[76]
13	-0.2536	state_calibrate[I]	o_phy_cmd[I]	state_calibrate[0]$_SDFFE_PP0P_/Q	o_phy_cmd[71]
14	-0.2444	index_wb_data	reset_from_test	index_wb_data$_SDFFE_PP0P_/Q	reset_from_test$_SDFF_PP0_/D
15	-0.2377	stageI_pending	o_wb_stall_int_q	stage2_pending$_SDFFE_PP0P_/Q	o_wb_stall_int_q$_SDFF_PP1_/D
16	-0.2340	stageI_do_pre	o_wb_stall_int_q	stage2_do_pre$_SDFF_PP0_/Q	o_wb_stall_int_q$_SDFF_PP1_/D
17	-0.2333	lane[I]	data_start_index[I][J]	lane[1]$_SDFFE_PP0P_/Q	data_start_index[0][1]$_SDFFCE_PN0P_/D
18	-0.2258	stageI_pending	stageI_do_pre	stage2_pending$_SDFFE_PP0P_/Q	stage2_do_pre$_SDFF_PP0_/D
19	-0.2234	stageI_next_bank[J]	o_wb_stall_int_q	stage1_next_bank[0]$_SDFF_PP0_/Q	o_wb_stall_int_q$_SDFF_PP1_/D
20	-0.2232	stageI_bank[J]	o_wb_stall_int_q	stage2_bank[1]$_SDFF_PP0_/Q	o_wb_stall_int_q$_SDFF_PP1_/D
21	-0.2229	stageI_pending	stageI_do_wr_or_rd	stage2_pending$_SDFFE_PP0P_/Q	stage2_do_wr_or_rd$_SDFF_PP0_/D
22	-0.2222	stageI_do_pre	stageI_do_pre	stage2_do_pre$_SDFF_PP0_/Q	stage2_do_pre$_SDFF_PP0_/D
23	-0.2213	stageI_row[J]	o_phy_cmd[I]	stage2_row[2]$_SDFF_PP0_/Q	o_phy_cmd[26]
24	-0.2192	stageI_do_pre	stageI_do_wr_or_rd	stage2_do_pre$_SDFF_PP0_/Q	stage2_do_wr_or_rd$_SDFF_PP0_/D
25	-0.2133	idelay_data_cntvaluein[I][J]	o_phy_idelay_data_cntvaluein[I]	idelay_data_cntvaluein[7][1]$_SDFFCE_PN0P_/Q	o_phy_idelay_data_cntvaluein[1]
26	-0.2130	lane[I]	write_pattern_lane[I]	lane[1]$_SDFFE_PP0P_/Q	write_pattern_lane[9]$_SDFF_PP0_/D
27	-0.2115	stageI_next_bank[J]	stageI_do_pre	stage1_next_bank[0]$_SDFF_PP0_/Q	stage2_do_pre$_SDFF_PP0_/D
28	-0.2113	stageI_bank[J]	stageI_do_pre	stage2_bank[1]$_SDFF_PP0_/Q	stage2_do_pre$_SDFF_PP0_/D
29	-0.2088	stageI_do_rd	o_phy_cmd[I]	stage2_do_rd$_SDFF_PP0_/Q	o_phy_cmd[52]
30	-0.2086	stageI_next_bank[J]	stageI_do_wr_or_rd	stage1_next_bank[0]$_SDFF_PP0_/Q	stage2_do_wr_or_rd$_SDFF_PP0_/D
31	-0.2084	stageI_bank[J]	stageI_do_wr_or_rd	stage2_bank[1]$_SDFF_PP0_/Q	stage2_do_wr_or_rd$_SDFF_PP0_/D
32	-0.2006	stageI_do_act	o_wb_stall_int_q	stage2_do_act$_SDFF_PP0_/Q	o_wb_stall_int_q$_SDFF_PP1_/D
33	-0.1985	odelay_dqs_cntvaluein[I][J]	o_phy_odelay_dqs_cntvaluein[I]	odelay_dqs_cntvaluein[7][3]$_SDFFCE_PN1P_/Q	o_phy_odelay_dqs_cntvaluein[3]
34	-0.1877	odelay_data_cntvaluein[I][J]	o_phy_odelay_data_cntvaluein[I]	odelay_data_cntvaluein[6][2]$_SDFFCE_PN0P_/Q	o_phy_odelay_data_cntvaluein[2]
35	-0.1858	lane[I]	sample_clk_repeat[I]	lane[1]$_SDFFE_PP0P_/Q	sample_clk_repeat[1]$_SDFFCE_PP0P_/D
36	-0.1851	idelay_dqs_cntvaluein[I][J]	o_phy_idelay_dqs_cntvaluein[I]	idelay_dqs_cntvaluein[3][4]$_SDFFCE_PN0P_/Q	o_phy_idelay_dqs_cntvaluein[4]
37	-0.1849	o_wb_data_q[I][J]	o_wb_data[I]	o_wb_data_q[0][403]$_SDFFE_PP0P_/Q	o_wb_data[403]
38	-0.1807	stageI_bank[J]	stageI_do_wr	stage2_bank[2]$_SDFF_PP0_/Q	stage2_do_wr$_SDFF_PP0_/D
39	-0.1805	stageI_do_act	stageI_do_pre	stage1_do_act$_SDFF_PP0_/Q	stage2_do_pre$_SDFF_PP0_/D
40	-0.1776	stageI_do_act	stageI_do_wr_or_rd	stage1_do_act$_SDFF_PP0_/Q	stage2_do_wr_or_rd$_SDFF_PP0_/D
41	-0.1775	lane[I]	prev_write_level_feedback	lane[1]$_SDFFE_PP0P_/Q	prev_write_level_feedback$_SDFFE_PP1P_/D
42	-0.1768	stageI_bank[J]	stageI_do_rd	stage2_bank[2]$_SDFF_PP0_/Q	stage2_do_rd$_SDFF_PP0_/D
43	-0.1736	stageI_next_bank[J]	stageI_do_update_delay_before_read_after_act	stage1_next_bank[2]$_SDFF_PP0_/Q	stage2_do_update_delay_before_read_after_act$_SDFF_PP0_/D
44	-0.1722	stageI_do_act	stageI_do_wr	stage2_do_act$_SDFF_PP0_/Q	stage2_do_wr$_SDFF_PP0_/D
45	-0.1703	stageI_bank[J]	stageI_do_update_delay_before_read_after_act	stage2_bank[2]$_SDFF_PP0_/Q	stage2_do_update_delay_before_read_after_act$_SDFF_PP0_/D
46	-0.1703	stageI_do_pre	stageI_do_wr	stage2_do_pre$_SDFF_PP0_/Q	stage2_do_wr$_SDFF_PP0_/D
47	-0.1701	lane[I]	state_calibrate[I]	lane[1]$_SDFFE_PP0P_/Q	state_calibrate[2]$_SDFFE_PP0P_/D
48	-0.1696	lane[I]	stored_write_level_feedback	lane[1]$_SDFFE_PP0P_/Q	stored_write_level_feedback$_SDFFCE_PN0P_/D
49	-0.1695	stageI_pending	stageI_do_wr	stage2_pending$_SDFFE_PP0P_/Q	stage2_do_wr$_SDFF_PP0_/D
50	-0.1688	lane[I]	o_phy_write_leveling_calib	lane[1]$_SDFFE_PP0P_/Q	o_phy_write_leveling_calib$_SDFFE_PP0P_/D
51	-0.1607	calib_addr[I]	stageI_do_pre	calib_addr[6]$_SDFFE_PP0P_/Q	stage1_do_pre$_SDFF_PP0_/D
52	-0.1604	stageI_bank[J]	stageI_do_update_delay_before_write_after_act	stage2_bank[2]$_SDFF_PP0_/Q	stage2_do_update_delay_before_write_after_act$_SDFF_PP0_/D
53	-0.1589	o_wb_stall_int_q	o_wb_stall	o_wb_stall_int_q$_SDFF_PP1_/Q	o_wb_stall
54	-0.1553	stageI_do_pre	stageI_data_unaligned[J]	stage2_do_pre$_SDFF_PP0_/Q	stage2_data_unaligned[279]$_SDFFE_PP0P_/D
55	-0.1518	stageI_do_act	stageI_do_update_delay_before_write_after_act	stage2_do_act$_SDFF_PP0_/Q	stage2_do_update_delay_before_write_after_act$_SDFF_PP0_/D
56	-0.1508	lane[I]	lane[I]	lane[1]$_SDFFE_PP0P_/Q	lane[2]$_SDFFE_PP0P_/D
57	-0.1499	stageI_do_pre	stageI_do_update_delay_before_write_after_act	stage2_do_pre$_SDFF_PP0_/Q	stage2_do_update_delay_before_write_after_act$_SDFF_PP0_/D
58	-0.1491	stageI_pending	stageI_do_update_delay_before_write_after_act	stage2_pending$_SDFFE_PP0P_/Q	stage2_do_update_delay_before_write_after_act$_SDFF_PP0_/D
59	-0.1483	stageI_next_bank[J]	stageI_do_update_delay_before_precharge_after_wr	stage1_next_bank[0]$_SDFF_PP0_/Q	stage2_do_update_delay_before_precharge_after_wr$_SDFF_PP0_/D
60	-0.1471	delay_before_read_data[I]	o_phy_cmd[I]	delay_before_read_data[1]$_SDFF_PP0_/QN	o_phy_cmd[71]
61	-0.1444	lane[I]	o_phy_bitslip[I]	lane[1]$_SDFFE_PP0P_/Q	o_phy_bitslip[6]$_SDFF_PP0_/D
62	-0.1432	stageI_next_bank[J]	stageI_do_update_delay_before_precharge_after_rd	stage1_next_bank[0]$_SDFF_PP0_/Q	stage2_do_update_delay_before_precharge_after_rd$_SDFF_PP0_/D
63	-0.1426	instruction[I]	o_phy_cmd[I]	instruction[3]$_SDFFE_PP0P_/Q	o_phy_cmd[27]
64	-0.1420	stageI_pending	stageI_do_update_delay_before_precharge_after_rd	stage2_pending$_SDFFE_PP0P_/Q	stage2_do_update_delay_before_precharge_after_rd$_SDFF_PP0_/D
65	-0.1384	stageI_do_pre	stageI_do_update_delay_before_precharge_after_rd	stage2_do_pre$_SDFF_PP0_/Q	stage2_do_update_delay_before_precharge_after_rd$_SDFF_PP0_/D
66	-0.1365	stageI_do_act	stageI_do_update_delay_before_read_after_act	stage2_do_act$_SDFF_PP0_/Q	stage2_do_update_delay_before_read_after_act$_SDFF_PP0_/D
67	-0.1360	stageI_do_act	stageI_do_rd	stage2_do_act$_SDFF_PP0_/Q	stage2_do_rd$_SDFF_PP0_/D
68	-0.1346	stageI_do_pre	stageI_do_update_delay_before_read_after_act	stage2_do_pre$_SDFF_PP0_/Q	stage2_do_update_delay_before_read_after_act$_SDFF_PP0_/D
69	-0.1342	stageI_bank[J]	stageI_do_update_delay_before_precharge_after_rd	stage2_bank[1]$_SDFF_PP0_/Q	stage2_do_update_delay_before_precharge_after_rd$_SDFF_PP0_/D
70	-0.1341	stageI_do_pre	stageI_do_rd	stage2_do_pre$_SDFF_PP0_/Q	stage2_do_rd$_SDFF_PP0_/D
71	-0.1338	stageI_pending	stageI_do_update_delay_before_read_after_act	stage2_pending$_SDFFE_PP0P_/Q	stage2_do_update_delay_before_read_after_act$_SDFF_PP0_/D
72	-0.1333	stageI_pending	stageI_do_rd	stage2_pending$_SDFFE_PP0P_/Q	stage2_do_rd$_SDFF_PP0_/D
73	-0.1332	lane[I]	initial_dqs	lane[1]$_SDFFE_PP0P_/Q	initial_dqs$_SDFFE_PP1P_/D
74	-0.1314	stageI_pending	stageI_do_update_delay_before_precharge_after_wr	stage2_pending$_SDFFE_PP0P_/Q	stage2_do_update_delay_before_precharge_after_wr$_SDFF_PP0_/D
75	-0.1279	lane[I]	train_delay[I]	lane[1]$_SDFFE_PP0P_/Q	train_delay[0]$_SDFF_PP0_/D
76	-0.1277	lane[I]	dq_target_index[I][J]	lane[1]$_SDFFE_PP0P_/Q	dq_target_index[2][0]$_SDFFCE_PN0P_/D
77	-0.1271	stageI_bank[J]	delay_before_read_counter_q[I][J]	stage2_bank[2]$_SDFF_PP0_/Q	delay_before_read_counter_q[1][0]$_SDFF_PP0_/D
78	-0.1264	lane[I]	start_index_check[I]	lane[1]$_SDFFE_PP0P_/Q	start_index_check[5]$_SDFFCE_PN0P_/D
79	-0.1255	data_start_index[I][J]	data_start_index[I][J]	data_start_index[7][4]$_SDFFCE_PN0P_/Q	data_start_index[0][1]$_SDFFCE_PN0P_/D
80	-0.1213	lane[I]	dqs_start_index_repeat	lane[1]$_SDFFE_PP0P_/Q	dqs_start_index_repeat$_SDFFE_PP0P_/D
81	-0.1187	stageI_do_pre	stageI_do_update_delay_before_precharge_after_wr	stage2_do_pre$_SDFF_PP0_/Q	stage2_do_update_delay_before_precharge_after_wr$_SDFF_PP0_/D
82	-0.1169	force_o_wb_stall_high_q	o_wb_stall	force_o_wb_stall_high_q$_SDFF_PP0_/Q	o_wb_stall
83	-0.1167	stageI_do_act	stageI_data_unaligned[J]	stage2_do_act$_SDFF_PP0_/Q	stage2_data_unaligned[279]$_SDFFE_PP0P_/D
84	-0.1167	stageI_do_pre	stageI_do_act	stage2_do_pre$_SDFF_PP0_/Q	stage2_do_act$_SDFF_PP0_/D
85	-0.1145	stageI_bank[J]	stageI_do_update_delay_before_precharge_after_wr	stage2_bank[0]$_SDFF_PP0_/Q	stage2_do_update_delay_before_precharge_after_wr$_SDFF_PP0_/D
86	-0.1129	stageI_pending	stageI_do_act	stage2_pending$_SDFFE_PP0P_/Q	stage2_do_act$_SDFF_PP0_/D
87	-0.1126	stageI_do_wr_or_rd	o_wb_stall_int_q	stage2_do_wr_or_rd$_SDFF_PP0_/Q	o_wb_stall_int_q$_SDFF_PP1_/D
88	-0.1126	stageI_do_wr_or_rd	stageI_do_pre	stage2_do_wr_or_rd$_SDFF_PP0_/Q	stage1_do_pre$_SDFF_PP0_/D
89	-0.1113	stageI_do_wr_or_rd	stageI_do_wr	stage2_do_wr_or_rd$_SDFF_PP0_/Q	stage2_do_wr$_SDFF_PP0_/D
90	-0.1100	data_start_index[I][J]	write_pattern_lane[I]	data_start_index[5][0]$_SDFFCE_PN0P_/Q	write_pattern_lane[9]$_SDFF_PP0_/D
91	-0.1095	o_wb_data_q[I][J]	reset_from_test	o_wb_data_q[0][439]$_SDFFE_PP0P_/Q	reset_from_test$_SDFF_PP0_/D
92	-0.1091	stageI_do_wr	stageI_do_pre	stage2_do_wr$_SDFF_PP0_/Q	stage1_do_pre$_SDFF_PP0_/D
93	-0.1089	o_wb_ack_read_q[I][J]	o_wb_ack	o_wb_ack_read_q[0][0]$_SDFF_PP0_/Q	o_wb_ack
94	-0.1069	o_wb_stall_int_q	stageI_do_pre	o_wb_stall_int_q$_SDFF_PP1_/Q	stage1_do_pre$_SDFF_PP0_/D
95	-0.1069	stageI_do_act	stageI_do_update_delay_before_precharge_after_rd	stage1_do_act$_SDFF_PP0_/Q	stage2_do_update_delay_before_precharge_after_rd$_SDFF_PP0_/D
96	-0.1069	stageI_do_rd	stageI_do_pre	stage2_do_rd$_SDFF_PP0_/Q	stage2_do_pre$_SDFF_PP0_/D
97	-0.1053	stageI_next_bank[J]	stageI_do_act	stage1_next_bank[0]$_SDFF_PP0_/Q	stage2_do_act$_SDFF_PP0_/D
98	-0.1051	stageI_bank[J]	stageI_do_act	stage2_bank[1]$_SDFF_PP0_/Q	stage2_do_act$_SDFF_PP0_/D
99	-0.1042	stageI_bank[J]	delay_before_write_counter_q[I][J]	stage2_bank[2]$_SDFF_PP0_/Q	delay_before_write_counter_q[2][0]$_SDFF_PP0_/D
100	-0.1040	stageI_do_rd	stageI_do_wr_or_rd	stage2_do_rd$_SDFF_PP0_/Q	stage2_do_wr_or_rd$_SDFF_PP0_/D
