# stage	6_final
# top_module	viterbi_core
# top_n	100
# kind	blocks
# rank	worst_slack_ns	start	end	start_full	end_full
1	-0.9487	acs_inst_I.pm_r[J]	pm_normalize_inst.pm_nom_r[I][J]	acs_inst_33.pm_r[8]$_DFF_PN0_/Q	pm_normalize_inst.pm_nom_r[58][1]$_DFFE_PN0P_/D
2	0.1207	src_rdata_i[I]	bmu_inst_I.bm_r[J]	src_rdata_i[20]	bmu_inst_41.bm_r[5]$_DFF_PN0_/D
3	0.2701	register_num_i[I]	acs_inst_I.pm_r[J]	register_num_i[0]	acs_inst_55.pm_r[7]$_DFF_PN0_/D
4	0.3157	register_num_i[I]	acs_inst_I.survivor_path_r	register_num_i[0]	acs_inst_55.survivor_path_r$_DFF_PN0_/D
5	0.3619	register_num_i[I]	pm_normalize_inst.pm_nom_r[I][J]	register_num_i[1]	pm_normalize_inst.pm_nom_r[14][3]$_DFFE_PN0P_/D
6	0.4586	register_num_i[I]	bmu_inst_I.low_codeword_tmp[J]	register_num_i[1]	bmu_inst_25.low_codeword_tmp[2]$_DFFE_PN0P_/D
7	0.5405	rst_sync_i	pm_normalize_inst.pm_nom_r[I][J]	rst_sync_i	pm_normalize_inst.pm_nom_r[18][1]$_DFFE_PN0P_/D
8	0.5975	acs_inst_I.valid_r	tb_addr_o[I]	acs_inst_0.valid_r$_DFF_PN0_/Q	tb_addr_o[2]
9	0.6142	frame_start_i	pm_normalize_inst.pm_nom_r[I][J]	frame_start_i	pm_normalize_inst.pm_nom_r[18][1]$_DFFE_PN0P_/D
10	0.6479	valid_polynomials_i[I]	bmu_inst_I.bm_r[J]	valid_polynomials_i[0]	bmu_inst_24.bm_r[1]$_DFF_PN0_/D
11	0.6545	register_num_i[I]	acs_en_r[I]	register_num_i[1]	acs_en_r[31]$_DFFE_PN0P_/D
12	0.6724	acs_inst_I.valid_r	tb_wr_o	acs_inst_0.valid_r$_DFF_PN0_/Q	tb_wr_o
13	0.6725	tb_wr_addr_r[I]	tb_addr_o[I]	tb_wr_addr_r[1]$_DFFE_PN0P_/Q	tb_addr_o[1]
14	0.6800	dst_wr_r	dst_wr_o	dst_wr_r$_DFF_PN0_/Q	dst_wr_o
15	0.6803	bmu_inst_I.low_codeword[J]	bmu_inst_I.bm_r[J]	bmu_inst_63.low_codeword[5]$_DFFE_PN0P_/Q	bmu_inst_63.bm_r[7]$_DFF_PN0_/D
16	0.6825	traceback_ins.tb_addr_r[I]	tb_addr_o[I]	traceback_ins.tb_addr_r[2]$_DFFE_PN0P_/Q	tb_addr_o[2]
17	0.7039	acs_inst_I.survivor_path_r	tb_wdata_o[I]	acs_inst_9.survivor_path_r$_DFF_PN0_/Q	tb_wdata_o[9]
18	0.7056	src_addr_r[I]	src_addr_o[I]	src_addr_r[1]$_DFFE_PN0P_/Q	src_addr_o[1]
19	0.7089	dst_addr_r[I]	dst_addr_o[I]	dst_addr_r[2]$_DFFE_PN0P_/Q	dst_addr_o[2]
20	0.7164	rst_sync_i	bmu_inst_I.low_codeword[J]	rst_sync_i	bmu_inst_2.low_codeword[1]$_DFFE_PN0P_/D
21	0.7166	rst_sync_i	bmu_inst_I.bm_r[J]	rst_sync_i	bmu_inst_35.bm_r[1]$_DFF_PN0_/D
22	0.7203	rst_sync_i	fetch_src_cnt_r[I]	rst_sync_i	fetch_src_cnt_r[10]$_DFFE_PN0P_/D
23	0.7237	src_rd_r	src_rd_o	src_rd_r$_DFFE_PN0P_/Q	src_rd_o
24	0.7302	tail_biting_en_i	pm_normalize_inst.pm_nom_r[I][J]	tail_biting_en_i	pm_normalize_inst.pm_nom_r[31][7]$_DFFE_PN0P_/D
25	0.7314	frame_start_i	fetch_src_cnt_r[I]	frame_start_i	fetch_src_cnt_r[10]$_DFFE_PN0P_/D
26	0.7335	frame_done_r	frame_done_o	frame_done_r$_DFFE_PN0P_/Q	frame_done_o
27	0.7362	busy_r	busy_o	busy_r$_DFFE_PN0P_/Q	busy_o
28	0.7433	traceback_ins.tb_rd_r	tb_rd_o	traceback_ins.tb_rd_r$_DFF_PN0_/Q	tb_rd_o
29	0.7478	bmu_inst_I.bm_r[J]	acs_inst_I.pm_r[J]	bmu_inst_63.bm_r[0]$_DFF_PN0_/Q	acs_inst_56.pm_r[4]$_DFF_PN0_/D
30	0.7480	valid_polynomials_i[I]	bmu_inst_I.low_codeword[J]	valid_polynomials_i[0]	bmu_inst_32.low_codeword[5]$_DFFE_PN0P_/D
31	0.7525	rst_sync_i	acs_inst_I.pm_r[J]	rst_sync_i	acs_inst_54.pm_r[5]$_DFF_PN0_/D
32	0.7658	polynomialI_i[J]	bmu_inst_I.low_codeword_tmp[J]	polynomial2_i[1]	bmu_inst_59.low_codeword_tmp[1]$_DFFE_PN0P_/D
33	0.7676	rst_sync_i	bmu_inst_I.low_codeword_tmp[J]	rst_sync_i	bmu_inst_44.low_codeword_tmp[5]$_DFFE_PN0P_/D
34	0.7880	pm_normalize_inst.pm_nom_r[I][J]	acs_inst_I.pm_r[J]	pm_normalize_inst.pm_nom_r[21][1]$_DFFE_PN0P_/Q	acs_inst_35.pm_r[0]$_DFF_PN0_/D
35	0.7888	bmu_inst_I.bm_r[J]	acs_inst_I.survivor_path_r	bmu_inst_63.bm_r[0]$_DFF_PN0_/Q	acs_inst_50.survivor_path_r$_DFF_PN0_/D
36	0.8025	rst_sync_i	acs_inst_I.survivor_path_r	rst_sync_i	acs_inst_31.survivor_path_r$_DFF_PN0_/D
37	0.8137	rst_sync_i	trellis_idx_r[I]	rst_sync_i	trellis_idx_r[5]$_DFFE_PN0P_/D
38	0.8145	rst_sync_i	bmu_inst_I.calc_codeword_en	rst_sync_i	bmu_inst_60.calc_codeword_en$_DFF_PN0_/D
39	0.8304	rst_sync_i	src_len_counter_r[I]	rst_sync_i	src_len_counter_r[4]$_DFFE_PN0P_/D
40	0.8317	pm_normalize_inst.pm_nom_r[I][J]	acs_inst_I.survivor_path_r	pm_normalize_inst.pm_nom_r[20][0]$_DFFE_PN0P_/Q	acs_inst_24.survivor_path_r$_DFF_PN0_/D
41	0.8331	frame_start_i	src_addr_r[I]	frame_start_i	src_addr_r[9]$_DFFE_PN0P_/D
42	0.8467	frame_start_i	trellis_idx_r[I]	frame_start_i	trellis_idx_r[5]$_DFFE_PN0P_/D
43	0.8473	frame_start_i	dst_addr_r[I]	frame_start_i	dst_addr_r[7]$_DFFE_PN0P_/D
44	0.8549	rst_sync_i	src_addr_r[I]	rst_sync_i	src_addr_r[8]$_DFFE_PN0P_/D
45	0.8724	rst_sync_i	dst_addr_r[I]	rst_sync_i	dst_addr_r[7]$_DFFE_PN0P_/D
46	0.8729	infobit_length_i[I]	src_addr_r[I]	infobit_length_i[0]	src_addr_r[9]$_DFFE_PN0P_/D
47	0.8941	frame_start_i	src_len_counter_r[I]	frame_start_i	src_len_counter_r[4]$_DFFE_PN0P_/D
48	0.8951	infobit_length_i[I]	src_len_counter_r[I]	infobit_length_i[0]	src_len_counter_r[2]$_DFFE_PN0P_/D
49	0.9189	frame_start_i	src_rd_r	frame_start_i	src_rd_r$_DFFE_PN0P_/D
50	0.9277	rst_sync_i	state_r[I]	rst_sync_i	state_r[0]$_DFF_PN1_/D
51	0.9355	rst_sync_i	tb_len_r[I]	rst_sync_i	tb_len_r[6]$_DFFE_PN0P_/D
52	0.9367	frame_start_i	acs_en_r[I]	frame_start_i	acs_en_r[31]$_DFFE_PN0P_/D
53	0.9440	rst_sync_i	src_rd_r	rst_sync_i	src_rd_r$_DFFE_PN0P_/D
54	0.9509	frame_start_i	bmu_inst_I.calc_polyn_en	frame_start_i	bmu_inst_18.calc_polyn_en$_DFF_PN0_/D
55	0.9619	rst_sync_i	acs_en_r[I]	rst_sync_i	acs_en_r[31]$_DFFE_PN0P_/D
56	0.9640	rst_sync_i	frame_done_r	rst_sync_i	frame_done_r$_DFFE_PN0P_/D
57	0.9647	acs_inst_I.valid_r	pm_normalize_inst.pm_nom_r[I][J]	acs_inst_0.valid_r$_DFF_PN0_/Q	pm_normalize_inst.pm_nom_r[24][6]$_DFFE_PN0P_/D
58	0.9674	rst_sync_i	tb_wr_addr_r[I]	rst_sync_i	tb_wr_addr_r[1]$_DFFE_PN0P_/D
59	0.9760	rst_sync_i	bmu_inst_I.calc_polyn_en	rst_sync_i	bmu_inst_18.calc_polyn_en$_DFF_PN0_/D
60	0.9788	rst_an_i	last_loop_r	rst_an_i	last_loop_r$_DFFE_PN0P_/RN
61	0.9789	rst_an_i	busy_r	rst_an_i	busy_r$_DFFE_PN0P_/RN
62	0.9795	rst_an_i	dst_wr_dI_r	rst_an_i	dst_wr_d1_r$_DFF_PN0_/RN
63	0.9798	rst_sync_i	last_loop_r	rst_sync_i	last_loop_r$_DFFE_PN0P_/D
64	0.9804	rst_an_i	trellis_idx_r[I]	rst_an_i	trellis_idx_r[4]$_DFFE_PN0P_/RN
65	0.9805	rst_an_i	frame_done_r	rst_an_i	frame_done_r$_DFFE_PN0P_/RN
66	0.9811	rst_an_i	state_r[I]	rst_an_i	state_r[1]$_DFF_PN0_/RN
67	0.9826	rst_an_i	pm_normalize_inst.pm_nom_r[I][J]	rst_an_i	pm_normalize_inst.pm_nom_r[47][5]$_DFFE_PN0P_/RN
68	0.9840	rst_an_i	src_len_counter_r[I]	rst_an_i	src_len_counter_r[1]$_DFFE_PN0P_/RN
69	0.9848	rst_an_i	bmu_inst_I.bm_r[J]	rst_an_i	bmu_inst_9.bm_r[3]$_DFF_PN0_/RN
70	0.9866	rst_an_i	fetch_src_cnt_r[I]	rst_an_i	fetch_src_cnt_r[11]$_DFFE_PN0P_/RN
71	0.9892	rst_sync_i	half_tb_start_r	rst_sync_i	half_tb_start_r$_DFFE_PN0P_/D
72	0.9894	frame_start_i	state_r[I]	frame_start_i	state_r[0]$_DFF_PN1_/D
73	0.9898	rst_sync_i	flush_all_start_r	rst_sync_i	flush_all_start_r$_DFFE_PN0P_/D
74	0.9901	rst_sync_i	acs_inst_I.valid_r	rst_sync_i	acs_inst_0.valid_r$_DFF_PN0_/D
75	0.9902	rst_an_i	byte_idx_r[I]	rst_an_i	byte_idx_r[1]$_DFF_PN0_/RN
76	0.9911	rst_an_i	bmu_inst_I.low_codeword[J]	rst_an_i	bmu_inst_31.low_codeword[2]$_DFFE_PN0P_/RN
77	0.9914	rst_an_i	tb_wr_addr_r[I]	rst_an_i	tb_wr_addr_r[5]$_DFFE_PN0P_/RN
78	0.9915	rst_an_i	traceback_ins.tb_rd_r	rst_an_i	traceback_ins.tb_rd_r$_DFF_PN0_/RN
79	0.9915	rst_an_i	bmu_inst_I.low_codeword_tmp[J]	rst_an_i	bmu_inst_31.low_codeword_tmp[1]$_DFFE_PN0P_/RN
80	0.9915	rst_an_i	traceback_ins.tb_addr_r[I]	rst_an_i	traceback_ins.tb_addr_r[4]$_DFFE_PN0P_/RN
81	0.9915	rst_an_i	tb_len_r[I]	rst_an_i	tb_len_r[0]$_DFFE_PN0P_/RN
82	0.9968	rst_an_i	traceback_ins.tb_counter_r[I]	rst_an_i	traceback_ins.tb_counter_r[0]$_DFFE_PN0P_/RN
83	0.9989	rst_an_i	first_loop_r	rst_an_i	first_loop_r$_DFFE_PN0P_/RN
84	1.0025	rst_an_i	decoding_start_r	rst_an_i	decoding_start_r$_DFF_PN0_/RN
85	1.0034	rst_an_i	src_rd_r	rst_an_i	src_rd_r$_DFFE_PN0P_/RN
86	1.0061	frame_start_i	tb_len_r[I]	frame_start_i	tb_len_r[1]$_DFFE_PN0P_/D
87	1.0083	rst_an_i	acs_inst_I.survivor_path_r	rst_an_i	acs_inst_5.survivor_path_r$_DFF_PN0_/RN
88	1.0084	frame_start_i	frame_done_r	frame_start_i	frame_done_r$_DFFE_PN0P_/D
89	1.0096	rst_an_i	acs_inst_I.pm_r[J]	rst_an_i	acs_inst_1.pm_r[8]$_DFF_PN0_/RN
90	1.0122	frame_start_i	tb_wr_addr_r[I]	frame_start_i	tb_wr_addr_r[1]$_DFFE_PN0P_/D
91	1.0181	rst_an_i	acs_en_r[I]	rst_an_i	acs_en_r[31]$_DFFE_PN0P_/RN
92	1.0213	frame_start_i	last_loop_r	frame_start_i	last_loop_r$_DFFE_PN0P_/D
93	1.0268	rst_an_i	acs_inst_I.valid_r	rst_an_i	acs_inst_0.valid_r$_DFF_PN0_/RN
94	1.0273	rst_an_i	dst_wr_r	rst_an_i	dst_wr_r$_DFF_PN0_/RN
95	1.0276	rst_an_i	dst_addr_r[I]	rst_an_i	dst_addr_r[3]$_DFFE_PN0P_/RN
96	1.0287	rst_an_i	soft_data_valid_r	rst_an_i	soft_data_valid_r$_DFF_PN0_/RN
97	1.0302	frame_start_i	half_tb_start_r	frame_start_i	half_tb_start_r$_DFFE_PN0P_/D
98	1.0308	frame_start_i	flush_all_start_r	frame_start_i	flush_all_start_r$_DFFE_PN0P_/D
99	1.0393	rst_an_i	bmu_inst_I.calc_codeword_en	rst_an_i	bmu_inst_60.calc_codeword_en$_DFF_PN0_/RN
100	1.0436	rst_an_i	src_addr_r[I]	rst_an_i	src_addr_r[1]$_DFFE_PN0P_/RN
