# stage	1_synth
# top_module	aes
# top_n	1000
# kind	blocks
# skip_async	1
# rank	worst_slack_ns	start	end	start_full	end_full
1	-0.3879	core.enc_block.sword_ctr_reg[I]	core.keymem.key_mem[I][J]	core.enc_block.sword_ctr_reg[1]$_DFFE_PN0P_/Q	core.keymem.key_mem[12][78]$_DFFE_PN0P_/D
2	-0.3450	core.aes_core_ctrl_reg[I]	core.keymem.key_mem[I][J]	core.aes_core_ctrl_reg[2]$_DFF_PN0_/Q	core.keymem.key_mem[12][78]$_DFFE_PN0P_/D
3	-0.3418	init_reg	core.keymem.key_mem[I][J]	init_reg$_DFF_PN0_/Q	core.keymem.key_mem[12][78]$_DFFE_PN0P_/D
4	-0.3383	core.enc_block.block_wI_reg[J]	core.keymem.key_mem[I][J]	core.enc_block.block_w3_reg[0]$_DFFE_PN0P_/Q	core.keymem.key_mem[12][78]$_DFFE_PN0P_/D
5	-0.3288	core.enc_block.enc_ctrl_reg[I]	core.keymem.key_mem[I][J]	core.enc_block.enc_ctrl_reg[2]$_DFF_PN0_/Q	core.keymem.key_mem[12][78]$_DFFE_PN0P_/D
6	-0.3230	core.dec_block.sword_ctr_reg[I]	core.dec_block.block_wI_reg[J]	core.dec_block.sword_ctr_reg[1]$_DFFE_PN0P_/Q	core.dec_block.block_w2_reg[28]$_DFFE_PN0P_/D
7	-0.3220	core.enc_block.sword_ctr_reg[I]	core.keymem.prev_keyI_reg[J]	core.enc_block.sword_ctr_reg[1]$_DFFE_PN0P_/Q	core.keymem.prev_key1_reg[61]$_DFFE_PN0P_/D
8	-0.2980	core.enc_block.round_ctr_reg[I]	core.dec_block.block_wI_reg[J]	core.enc_block.round_ctr_reg[2]$_DFFE_PN0P_/Q	core.dec_block.block_w0_reg[26]$_DFFE_PN0P_/D
9	-0.2878	core.dec_block.round_ctr_reg[I]	core.dec_block.block_wI_reg[J]	core.dec_block.round_ctr_reg[3]$_DFFE_PN0P_/Q	core.dec_block.block_w0_reg[26]$_DFFE_PN0P_/D
10	-0.2827	encdec_reg	core.dec_block.block_wI_reg[J]	encdec_reg$_DFFE_PN0P_/Q	core.dec_block.block_w0_reg[26]$_DFFE_PN0P_/D
11	-0.2804	init_reg	core.keymem.prev_keyI_reg[J]	init_reg$_DFF_PN0_/Q	core.keymem.prev_key1_reg[19]$_DFFE_PN0P_/D
12	-0.2713	core.aes_core_ctrl_reg[I]	core.keymem.prev_keyI_reg[J]	core.aes_core_ctrl_reg[2]$_DFF_PN0_/Q	core.keymem.prev_key1_reg[19]$_DFFE_PN0P_/D
13	-0.2695	core.enc_block.block_wI_reg[J]	core.keymem.prev_keyI_reg[J]	core.enc_block.block_w3_reg[25]$_DFFE_PN0P_/Q	core.keymem.prev_key1_reg[61]$_DFFE_PN0P_/D
14	-0.2685	core.enc_block.enc_ctrl_reg[I]	core.keymem.prev_keyI_reg[J]	core.enc_block.enc_ctrl_reg[2]$_DFF_PN0_/Q	core.keymem.prev_key1_reg[19]$_DFFE_PN0P_/D
15	-0.2645	core.keymem.prev_keyI_reg[J]	core.keymem.key_mem[I][J]	core.keymem.prev_key1_reg[4]$_DFFE_PN0P_/Q	core.keymem.key_mem[12][15]$_DFFE_PN0P_/D
16	-0.2482	core.dec_block.dec_ctrl_reg[I]	core.dec_block.block_wI_reg[J]	core.dec_block.dec_ctrl_reg[3]$_DFF_PN0_/Q	core.dec_block.block_w3_reg[16]$_DFFE_PN0P_/D
17	-0.2055	core.keymem.prev_keyI_reg[J]	core.keymem.prev_keyI_reg[J]	core.keymem.prev_key1_reg[13]$_DFFE_PN0P_/Q	core.keymem.prev_key1_reg[19]$_DFFE_PN0P_/D
18	-0.1792	core.enc_block.sword_ctr_reg[I]	core.enc_block.block_wI_reg[J]	core.enc_block.sword_ctr_reg[1]$_DFFE_PN0P_/Q	core.enc_block.block_w1_reg[25]$_DFFE_PN0P_/D
19	-0.1517	address[I]	read_data[I]	address[2]	read_data[23]
20	-0.1516	init_reg	core.enc_block.block_wI_reg[J]	init_reg$_DFF_PN0_/Q	core.enc_block.block_w1_reg[25]$_DFFE_PN0P_/D
21	-0.1463	core.aes_core_ctrl_reg[I]	core.enc_block.block_wI_reg[J]	core.aes_core_ctrl_reg[2]$_DFF_PN0_/Q	core.enc_block.block_w1_reg[25]$_DFFE_PN0P_/D
22	-0.1397	core.enc_block.enc_ctrl_reg[I]	core.enc_block.block_wI_reg[J]	core.enc_block.enc_ctrl_reg[2]$_DFF_PN0_/Q	core.enc_block.block_w1_reg[25]$_DFFE_PN0P_/D
23	-0.1383	core.dec_block.block_wI_reg[J]	core.dec_block.block_wI_reg[J]	core.dec_block.block_w2_reg[17]$_DFFE_PN0P_/Q	core.dec_block.block_w0_reg[18]$_DFFE_PN0P_/D
24	-0.1267	core.enc_block.block_wI_reg[J]	core.enc_block.block_wI_reg[J]	core.enc_block.block_w3_reg[25]$_DFFE_PN0P_/Q	core.enc_block.block_w1_reg[25]$_DFFE_PN0P_/D
25	-0.0619	core.keymem.prev_keyI_reg[J]	core.enc_block.block_wI_reg[J]	core.keymem.prev_key1_reg[27]$_DFFE_PN0P_/Q	core.enc_block.block_w1_reg[25]$_DFFE_PN0P_/D
26	-0.0579	we	read_data[I]	we	read_data[14]
27	-0.0475	cs	read_data[I]	cs	read_data[14]
28	-0.0466	core.enc_block.round_ctr_reg[I]	core.enc_block.block_wI_reg[J]	core.enc_block.round_ctr_reg[2]$_DFFE_PN0P_/Q	core.enc_block.block_w2_reg[20]$_DFFE_PN0P_/D
29	-0.0454	core.keymem.key_mem[I][J]	core.dec_block.block_wI_reg[J]	core.keymem.key_mem[7][126]$_DFFE_PN0P_/Q	core.dec_block.block_w1_reg[20]$_DFFE_PN0P_/D
30	-0.0380	core.dec_block.round_ctr_reg[I]	core.enc_block.block_wI_reg[J]	core.dec_block.round_ctr_reg[0]$_DFFE_PN0P_/Q	core.enc_block.block_w2_reg[20]$_DFFE_PN0P_/D
31	-0.0378	encdec_reg	core.enc_block.block_wI_reg[J]	encdec_reg$_DFFE_PN0P_/Q	core.enc_block.block_w2_reg[4]$_DFFE_PN0P_/D
32	0.0670	keylen_reg	read_data[I]	keylen_reg$_DFFE_PN0P_/Q	read_data[3]
33	0.0796	address[I]	key_reg[I][J]	address[6]	key_reg[0][10]$_DFFE_PN0P_/D
34	0.0824	core.keymem.round_ctr_reg[I]	core.keymem.key_mem[I][J]	core.keymem.round_ctr_reg[0]$_DFFE_PN0P_/Q	core.keymem.key_mem[2][58]$_DFFE_PN0P_/D
35	0.0939	address[I]	block_reg[I][J]	address[2]	block_reg[3][10]$_DFFE_PN0P_/D
36	0.0948	cs	key_reg[I][J]	cs	key_reg[0][10]$_DFFE_PN0P_/D
37	0.0952	we	key_reg[I][J]	we	key_reg[0][10]$_DFFE_PN0P_/D
38	0.1064	core.keymem.round_ctr_reg[I]	core.keymem.prev_keyI_reg[J]	core.keymem.round_ctr_reg[0]$_DFFE_PN0P_/QN	core.keymem.prev_key1_reg[55]$_DFFE_PN0P_/D
39	0.1362	keylen_reg	core.enc_block.block_wI_reg[J]	keylen_reg$_DFFE_PN0P_/QN	core.enc_block.block_w0_reg[16]$_DFFE_PN0P_/D
40	0.1678	cs	block_reg[I][J]	cs	block_reg[3][10]$_DFFE_PN0P_/D
41	0.1693	we	block_reg[I][J]	we	block_reg[3][10]$_DFFE_PN0P_/D
42	0.1700	core.keymem.rcon_reg[I]	core.keymem.key_mem[I][J]	core.keymem.rcon_reg[2]$_DFFE_PN0P_/Q	core.keymem.key_mem[2][58]$_DFFE_PN0P_/D
43	0.1703	encdec_reg	read_data[I]	encdec_reg$_DFFE_PN0P_/Q	read_data[2]
44	0.1878	core.keymem.round_ctr_reg[I]	core.keymem.rcon_reg[I]	core.keymem.round_ctr_reg[2]$_DFFE_PN0P_/Q	core.keymem.rcon_reg[2]$_DFFE_PN0P_/D
45	0.1951	address[I]	init_reg	address[4]	init_reg$_DFF_PN0_/D
46	0.1951	address[I]	next_reg	address[4]	next_reg$_DFF_PN0_/D
47	0.2023	address[I]	encdec_reg	address[4]	encdec_reg$_DFFE_PN0P_/D
48	0.2023	address[I]	keylen_reg	address[4]	keylen_reg$_DFFE_PN0P_/D
49	0.2186	keylen_reg	core.keymem.key_mem[I][J]	keylen_reg$_DFFE_PN0P_/Q	core.keymem.key_mem[7][15]$_DFFE_PN0P_/D
50	0.2455	keylen_reg	core.keymem.prev_keyI_reg[J]	keylen_reg$_DFFE_PN0P_/Q	core.keymem.prev_key1_reg[22]$_DFFE_PN0P_/D
51	0.2511	core.keymem.round_ctr_reg[I]	core.keymem.round_ctr_reg[I]	core.keymem.round_ctr_reg[0]$_DFFE_PN0P_/Q	core.keymem.round_ctr_reg[3]$_DFFE_PN0P_/D
52	0.2563	result_reg[I]	read_data[I]	result_reg[2]$_DFF_PN0_/Q	read_data[2]
53	0.2728	core.keymem.rcon_reg[I]	core.keymem.prev_keyI_reg[J]	core.keymem.rcon_reg[2]$_DFFE_PN0P_/Q	core.keymem.prev_key1_reg[90]$_DFFE_PN0P_/D
54	0.2791	init_reg	read_data[I]	init_reg$_DFF_PN0_/Q	read_data[0]
55	0.2808	cs	encdec_reg	cs	encdec_reg$_DFFE_PN0P_/D
56	0.2808	cs	keylen_reg	cs	keylen_reg$_DFFE_PN0P_/D
57	0.2814	next_reg	read_data[I]	next_reg$_DFF_PN0_/Q	read_data[1]
58	0.2823	we	encdec_reg	we	encdec_reg$_DFFE_PN0P_/D
59	0.2823	we	keylen_reg	we	keylen_reg$_DFFE_PN0P_/D
60	0.2879	keylen_reg	core.keymem.rcon_reg[I]	keylen_reg$_DFFE_PN0P_/Q	core.keymem.rcon_reg[2]$_DFFE_PN0P_/D
61	0.3094	core.dec_block.sword_ctr_reg[I]	core.dec_block.round_ctr_reg[I]	core.dec_block.sword_ctr_reg[1]$_DFFE_PN0P_/Q	core.dec_block.round_ctr_reg[2]$_DFFE_PN0P_/D
62	0.3121	ready_reg	read_data[I]	ready_reg$_DFF_PN0_/Q	read_data[0]
63	0.3164	core.keymem.key_mem_ctrl_reg[I]	core.keymem.key_mem[I][J]	core.keymem.key_mem_ctrl_reg[1]$_DFF_PN0_/Q	core.keymem.key_mem[1][56]$_DFFE_PN0P_/D
64	0.3175	keylen_reg	core.dec_block.round_ctr_reg[I]	keylen_reg$_DFFE_PN0P_/Q	core.dec_block.round_ctr_reg[2]$_DFFE_PN0P_/D
65	0.3178	keylen_reg	keylen_reg	keylen_reg$_DFFE_PN0P_/Q	keylen_reg$_DFFE_PN0P_/D
66	0.3268	valid_reg	read_data[I]	valid_reg$_DFF_PN0_/Q	read_data[1]
67	0.3440	core.keymem.key_mem_ctrl_reg[I]	core.keymem.prev_keyI_reg[J]	core.keymem.key_mem_ctrl_reg[1]$_DFF_PN0_/Q	core.keymem.prev_key1_reg[68]$_DFFE_PN0P_/D
68	0.3520	write_data[I]	key_reg[I][J]	write_data[10]	key_reg[0][10]$_DFFE_PN0P_/D
69	0.3521	write_data[I]	encdec_reg	write_data[0]	encdec_reg$_DFFE_PN0P_/D
70	0.3521	write_data[I]	keylen_reg	write_data[1]	keylen_reg$_DFFE_PN0P_/D
71	0.3523	write_data[I]	block_reg[I][J]	write_data[10]	block_reg[0][10]$_DFFE_PN0P_/D
72	0.3645	write_data[I]	init_reg	write_data[0]	init_reg$_DFF_PN0_/D
73	0.3645	write_data[I]	next_reg	write_data[1]	next_reg$_DFF_PN0_/D
74	0.3682	core.keymem.key_mem[I][J]	core.enc_block.block_wI_reg[J]	core.keymem.key_mem[3][30]$_DFFE_PN0P_/Q	core.enc_block.block_w3_reg[30]$_DFFE_PN0P_/D
75	0.3689	core.keymem.key_mem_ctrl_reg[I]	core.keymem.round_ctr_reg[I]	core.keymem.key_mem_ctrl_reg[1]$_DFF_PN0_/Q	core.keymem.round_ctr_reg[0]$_DFFE_PN0P_/D
76	0.3775	core.dec_block.sword_ctr_reg[I]	core.dec_block.dec_ctrl_reg[I]	core.dec_block.sword_ctr_reg[1]$_DFFE_PN0P_/Q	core.dec_block.dec_ctrl_reg[0]$_DFF_PN1_/D
77	0.3816	we	init_reg	we	init_reg$_DFF_PN0_/D
78	0.3816	we	next_reg	we	next_reg$_DFF_PN0_/D
79	0.3834	cs	init_reg	cs	init_reg$_DFF_PN0_/D
80	0.3834	cs	next_reg	cs	next_reg$_DFF_PN0_/D
81	0.3890	encdec_reg	core.dec_block.round_ctr_reg[I]	encdec_reg$_DFFE_PN0P_/Q	core.dec_block.round_ctr_reg[2]$_DFFE_PN0P_/D
82	0.3896	core.keymem.key_mem_ctrl_reg[I]	core.keymem.key_mem_ctrl_reg[I]	core.keymem.key_mem_ctrl_reg[1]$_DFF_PN0_/Q	core.keymem.key_mem_ctrl_reg[0]$_DFF_PN1_/D
83	0.3961	core.keymem.key_mem_ctrl_reg[I]	core.keymem.rcon_reg[I]	core.keymem.key_mem_ctrl_reg[1]$_DFF_PN0_/Q	core.keymem.rcon_reg[0]$_DFFE_PN0P_/D
84	0.4091	core.dec_block.dec_ctrl_reg[I]	core.dec_block.round_ctr_reg[I]	core.dec_block.dec_ctrl_reg[3]$_DFF_PN0_/Q	core.dec_block.round_ctr_reg[2]$_DFFE_PN0P_/D
85	0.4096	keylen_reg	core.keymem.key_mem_ctrl_reg[I]	keylen_reg$_DFFE_PN0P_/Q	core.keymem.key_mem_ctrl_reg[2]$_DFF_PN0_/D
86	0.4172	key_reg[I][J]	core.keymem.key_mem[I][J]	key_reg[1][6]$_DFFE_PN0P_/Q	core.keymem.key_mem[10][70]$_DFFE_PN0P_/D
87	0.4247	encdec_reg	core.aes_core_ctrl_reg[I]	encdec_reg$_DFFE_PN0P_/Q	core.aes_core_ctrl_reg[1]$_DFF_PN0_/D
88	0.4295	encdec_reg	core.dec_block.ready_reg	encdec_reg$_DFFE_PN0P_/Q	core.dec_block.ready_reg$_DFFE_PN1P_/D
89	0.4318	next_reg	core.dec_block.round_ctr_reg[I]	next_reg$_DFF_PN0_/Q	core.dec_block.round_ctr_reg[2]$_DFFE_PN0P_/D
90	0.4363	core.enc_block.enc_ctrl_reg[I]	core.enc_block.enc_ctrl_reg[I]	core.enc_block.enc_ctrl_reg[1]$_DFF_PN0_/Q	core.enc_block.enc_ctrl_reg[2]$_DFF_PN0_/D
91	0.4412	encdec_reg	result_reg[I]	encdec_reg$_DFFE_PN0P_/Q	result_reg[103]$_DFF_PN0_/D
92	0.4420	block_reg[I][J]	core.dec_block.block_wI_reg[J]	block_reg[0][20]$_DFFE_PN0P_/Q	core.dec_block.block_w1_reg[20]$_DFFE_PN0P_/D
93	0.4462	encdec_reg	core.enc_block.enc_ctrl_reg[I]	encdec_reg$_DFFE_PN0P_/Q	core.enc_block.enc_ctrl_reg[2]$_DFF_PN0_/D
94	0.4640	core.enc_block.sword_ctr_reg[I]	core.enc_block.enc_ctrl_reg[I]	core.enc_block.sword_ctr_reg[1]$_DFFE_PN0P_/Q	core.enc_block.enc_ctrl_reg[0]$_DFF_PN1_/D
95	0.4708	encdec_reg	encdec_reg	encdec_reg$_DFFE_PN0P_/Q	encdec_reg$_DFFE_PN0P_/D
96	0.4712	core.keymem.round_ctr_reg[I]	core.keymem.key_mem_ctrl_reg[I]	core.keymem.round_ctr_reg[1]$_DFFE_PN0P_/Q	core.keymem.key_mem_ctrl_reg[2]$_DFF_PN0_/D
97	0.4722	next_reg	core.dec_block.ready_reg	next_reg$_DFF_PN0_/Q	core.dec_block.ready_reg$_DFFE_PN1P_/D
98	0.4805	core.enc_block.round_ctr_reg[I]	core.enc_block.enc_ctrl_reg[I]	core.enc_block.round_ctr_reg[2]$_DFFE_PN0P_/Q	core.enc_block.enc_ctrl_reg[1]$_DFF_PN0_/D
99	0.4812	encdec_reg	core.ready_reg	encdec_reg$_DFFE_PN0P_/Q	core.ready_reg$_DFFE_PN1P_/D
100	0.4843	encdec_reg	core.enc_block.round_ctr_reg[I]	encdec_reg$_DFFE_PN0P_/Q	core.enc_block.round_ctr_reg[2]$_DFFE_PN0P_/D
101	0.4932	core.dec_block.dec_ctrl_reg[I]	core.dec_block.ready_reg	core.dec_block.dec_ctrl_reg[3]$_DFF_PN0_/Q	core.dec_block.ready_reg$_DFFE_PN1P_/D
102	0.4932	encdec_reg	core.enc_block.ready_reg	encdec_reg$_DFFE_PN0P_/Q	core.enc_block.ready_reg$_DFFE_PN1P_/D
103	0.4934	core.dec_block.round_ctr_reg[I]	core.dec_block.round_ctr_reg[I]	core.dec_block.round_ctr_reg[0]$_DFFE_PN0P_/Q	core.dec_block.round_ctr_reg[3]$_DFFE_PN0P_/D
104	0.5078	key_reg[I][J]	core.keymem.prev_keyI_reg[J]	key_reg[3][29]$_DFFE_PN0P_/Q	core.keymem.prev_key1_reg[29]$_DFFE_PN0P_/D
105	0.5109	core.enc_block.round_ctr_reg[I]	core.enc_block.ready_reg	core.enc_block.round_ctr_reg[2]$_DFFE_PN0P_/Q	core.enc_block.ready_reg$_DFFE_PN1P_/D
106	0.5123	encdec_reg	core.result_valid_reg	encdec_reg$_DFFE_PN0P_/Q	core.result_valid_reg$_DFFE_PN0P_/D
107	0.5148	core.enc_block.enc_ctrl_reg[I]	core.enc_block.round_ctr_reg[I]	core.enc_block.enc_ctrl_reg[2]$_DFF_PN0_/Q	core.enc_block.round_ctr_reg[2]$_DFFE_PN0P_/D
108	0.5154	next_reg	core.enc_block.round_ctr_reg[I]	next_reg$_DFF_PN0_/Q	core.enc_block.round_ctr_reg[2]$_DFFE_PN0P_/D
109	0.5156	keylen_reg	core.enc_block.enc_ctrl_reg[I]	keylen_reg$_DFFE_PN0P_/QN	core.enc_block.enc_ctrl_reg[1]$_DFF_PN0_/D
110	0.5180	block_reg[I][J]	core.enc_block.block_wI_reg[J]	block_reg[2][25]$_DFFE_PN0P_/Q	core.enc_block.block_w2_reg[25]$_DFFE_PN0P_/D
111	0.5194	core.enc_block.ready_reg	core.aes_core_ctrl_reg[I]	core.enc_block.ready_reg$_DFFE_PN1P_/Q	core.aes_core_ctrl_reg[1]$_DFF_PN0_/D
112	0.5197	core.dec_block.ready_reg	core.aes_core_ctrl_reg[I]	core.dec_block.ready_reg$_DFFE_PN1P_/Q	core.aes_core_ctrl_reg[1]$_DFF_PN0_/D
113	0.5238	core.enc_block.enc_ctrl_reg[I]	core.enc_block.ready_reg	core.enc_block.enc_ctrl_reg[2]$_DFF_PN0_/Q	core.enc_block.ready_reg$_DFFE_PN1P_/D
114	0.5244	next_reg	core.enc_block.ready_reg	next_reg$_DFF_PN0_/Q	core.enc_block.ready_reg$_DFFE_PN1P_/D
115	0.5273	core.dec_block.dec_ctrl_reg[I]	core.dec_block.dec_ctrl_reg[I]	core.dec_block.dec_ctrl_reg[1]$_DFF_PN0_/Q	core.dec_block.dec_ctrl_reg[0]$_DFF_PN1_/D
116	0.5375	core.enc_block.round_ctr_reg[I]	core.enc_block.round_ctr_reg[I]	core.enc_block.round_ctr_reg[2]$_DFFE_PN0P_/Q	core.enc_block.round_ctr_reg[3]$_DFFE_PN0P_/D
117	0.5408	next_reg	core.aes_core_ctrl_reg[I]	next_reg$_DFF_PN0_/Q	core.aes_core_ctrl_reg[1]$_DFF_PN0_/D
118	0.5414	core.keymem.rcon_reg[I]	core.keymem.rcon_reg[I]	core.keymem.rcon_reg[7]$_DFFE_PN0P_/Q	core.keymem.rcon_reg[3]$_DFFE_PN0P_/D
119	0.5430	encdec_reg	core.dec_block.dec_ctrl_reg[I]	encdec_reg$_DFFE_PN0P_/Q	core.dec_block.dec_ctrl_reg[0]$_DFF_PN1_/D
120	0.5460	keylen_reg	core.enc_block.ready_reg	keylen_reg$_DFFE_PN0P_/QN	core.enc_block.ready_reg$_DFFE_PN1P_/D
121	0.5475	core.enc_block.enc_ctrl_reg[I]	core.enc_block.sword_ctr_reg[I]	core.enc_block.enc_ctrl_reg[2]$_DFF_PN0_/Q	core.enc_block.sword_ctr_reg[0]$_DFFE_PN0P_/D
122	0.5515	key_reg[I][J]	key_reg[I][J]	key_reg[7][15]$_DFFE_PN0P_/Q	key_reg[7][15]$_DFFE_PN0P_/D
123	0.5559	init_reg	core.aes_core_ctrl_reg[I]	init_reg$_DFF_PN0_/Q	core.aes_core_ctrl_reg[1]$_DFF_PN0_/D
124	0.5613	core.aes_core_ctrl_reg[I]	core.aes_core_ctrl_reg[I]	core.aes_core_ctrl_reg[2]$_DFF_PN0_/Q	core.aes_core_ctrl_reg[1]$_DFF_PN0_/D
125	0.5734	next_reg	core.result_valid_reg	next_reg$_DFF_PN0_/Q	core.result_valid_reg$_DFFE_PN0P_/D
126	0.5759	core.enc_block.ready_reg	core.ready_reg	core.enc_block.ready_reg$_DFFE_PN1P_/Q	core.ready_reg$_DFFE_PN1P_/D
127	0.5762	core.dec_block.ready_reg	core.ready_reg	core.dec_block.ready_reg$_DFFE_PN1P_/Q	core.ready_reg$_DFFE_PN1P_/D
128	0.5764	core.dec_block.sword_ctr_reg[I]	core.dec_block.sword_ctr_reg[I]	core.dec_block.sword_ctr_reg[1]$_DFFE_PN0P_/QN	core.dec_block.sword_ctr_reg[1]$_DFFE_PN0P_/D
129	0.5764	core.enc_block.sword_ctr_reg[I]	core.enc_block.sword_ctr_reg[I]	core.enc_block.sword_ctr_reg[1]$_DFFE_PN0P_/QN	core.enc_block.sword_ctr_reg[1]$_DFFE_PN0P_/D
130	0.5828	core.dec_block.dec_ctrl_reg[I]	core.dec_block.sword_ctr_reg[I]	core.dec_block.dec_ctrl_reg[0]$_DFF_PN1_/Q	core.dec_block.sword_ctr_reg[0]$_DFFE_PN0P_/D
131	0.5857	next_reg	core.dec_block.dec_ctrl_reg[I]	next_reg$_DFF_PN0_/Q	core.dec_block.dec_ctrl_reg[0]$_DFF_PN1_/D
132	0.5860	core.keymem.ready_reg	core.aes_core_ctrl_reg[I]	core.keymem.ready_reg$_DFFE_PN1P_/Q	core.aes_core_ctrl_reg[1]$_DFF_PN0_/D
133	0.5878	core.dec_block.round_ctr_reg[I]	core.dec_block.ready_reg	core.dec_block.round_ctr_reg[1]$_DFFE_PN0P_/QN	core.dec_block.ready_reg$_DFFE_PN1P_/D
134	0.5879	core.dec_block.round_ctr_reg[I]	core.dec_block.dec_ctrl_reg[I]	core.dec_block.round_ctr_reg[1]$_DFFE_PN0P_/QN	core.dec_block.dec_ctrl_reg[0]$_DFF_PN1_/D
135	0.5884	core.enc_block.block_wI_reg[J]	result_reg[I]	core.enc_block.block_w2_reg[7]$_DFFE_PN0P_/Q	result_reg[39]$_DFF_PN0_/D
136	0.5885	init_reg	core.result_valid_reg	init_reg$_DFF_PN0_/Q	core.result_valid_reg$_DFFE_PN0P_/D
137	0.5899	next_reg	core.enc_block.enc_ctrl_reg[I]	next_reg$_DFF_PN0_/Q	core.enc_block.enc_ctrl_reg[0]$_DFF_PN1_/D
138	0.5904	next_reg	core.ready_reg	next_reg$_DFF_PN0_/Q	core.ready_reg$_DFFE_PN1P_/D
139	0.5983	core.aes_core_ctrl_reg[I]	core.result_valid_reg	core.aes_core_ctrl_reg[0]$_DFF_PN1_/Q	core.result_valid_reg$_DFFE_PN0P_/D
140	0.5992	init_reg	core.keymem.key_mem_ctrl_reg[I]	init_reg$_DFF_PN0_/Q	core.keymem.key_mem_ctrl_reg[2]$_DFF_PN0_/D
141	0.5996	core.dec_block.block_wI_reg[J]	result_reg[I]	core.dec_block.block_w0_reg[7]$_DFFE_PN0P_/Q	result_reg[103]$_DFF_PN0_/D
142	0.6055	init_reg	core.ready_reg	init_reg$_DFF_PN0_/Q	core.ready_reg$_DFFE_PN1P_/D
143	0.6067	init_reg	core.keymem.ready_reg	init_reg$_DFF_PN0_/Q	core.keymem.ready_reg$_DFFE_PN1P_/D
144	0.6070	core.enc_block.ready_reg	core.result_valid_reg	core.enc_block.ready_reg$_DFFE_PN1P_/Q	core.result_valid_reg$_DFFE_PN0P_/D
145	0.6073	core.dec_block.ready_reg	core.result_valid_reg	core.dec_block.ready_reg$_DFFE_PN1P_/Q	core.result_valid_reg$_DFFE_PN0P_/D
146	0.6152	core.aes_core_ctrl_reg[I]	core.ready_reg	core.aes_core_ctrl_reg[0]$_DFF_PN1_/Q	core.ready_reg$_DFFE_PN1P_/D
147	0.6321	core.keymem.key_mem[I][J]	core.keymem.key_mem[I][J]	core.keymem.key_mem[1][33]$_DFFE_PN0P_/Q	core.keymem.key_mem[1][33]$_DFFE_PN0P_/D
148	0.6425	core.keymem.ready_reg	core.ready_reg	core.keymem.ready_reg$_DFFE_PN1P_/Q	core.ready_reg$_DFFE_PN1P_/D
149	0.6445	block_reg[I][J]	block_reg[I][J]	block_reg[0][2]$_DFFE_PN0P_/Q	block_reg[0][2]$_DFFE_PN0P_/D
150	0.6489	core.keymem.key_mem_ctrl_reg[I]	core.keymem.ready_reg	core.keymem.key_mem_ctrl_reg[0]$_DFF_PN1_/Q	core.keymem.ready_reg$_DFFE_PN1P_/D
151	0.6562	core.result_valid_reg	core.result_valid_reg	core.result_valid_reg$_DFFE_PN0P_/Q	core.result_valid_reg$_DFFE_PN0P_/D
152	0.6779	core.dec_block.ready_reg	core.dec_block.ready_reg	core.dec_block.ready_reg$_DFFE_PN1P_/Q	core.dec_block.ready_reg$_DFFE_PN1P_/D
153	0.6790	core.keymem.ready_reg	core.keymem.ready_reg	core.keymem.ready_reg$_DFFE_PN1P_/Q	core.keymem.ready_reg$_DFFE_PN1P_/D
154	0.6843	core.ready_reg	core.ready_reg	core.ready_reg$_DFFE_PN1P_/Q	core.ready_reg$_DFFE_PN1P_/D
155	0.6864	core.enc_block.ready_reg	core.enc_block.ready_reg	core.enc_block.ready_reg$_DFFE_PN1P_/Q	core.enc_block.ready_reg$_DFFE_PN1P_/D
156	0.6983	core.result_valid_reg	valid_reg	core.result_valid_reg$_DFFE_PN0P_/Q	valid_reg$_DFF_PN0_/D
157	0.7113	core.ready_reg	ready_reg	core.ready_reg$_DFFE_PN1P_/Q	ready_reg$_DFF_PN0_/D
