# stage	1_synth
# top_module	sha512
# top_n	1000
# kind	blocks
# skip_async	1
# rank	worst_slack_ns	start	end	start_full	end_full
1	-1.0818	core.w_mem_inst.w_mem[I][J]	core.a_reg[I]	core.w_mem_inst.w_mem[14][10]$_DFFE_PN0P_/Q	core.a_reg[63]$_DFFE_PN0P_/D
2	-0.8883	core.w_mem_inst.w_mem[I][J]	core.e_reg[I]	core.w_mem_inst.w_mem[14][10]$_DFFE_PN0P_/Q	core.e_reg[62]$_DFFE_PN0P_/D
3	-0.7251	core.w_mem_inst.w_ctr_reg[I]	core.a_reg[I]	core.w_mem_inst.w_ctr_reg[2]$_DFFE_PN0P_/Q	core.a_reg[63]$_DFFE_PN0P_/D
4	-0.6660	core.round_ctr_reg[I]	core.a_reg[I]	core.round_ctr_reg[3]$_DFFE_PN0P_/Q	core.a_reg[63]$_DFFE_PN0P_/D
5	-0.5677	core.w_mem_inst.w_ctr_reg[I]	core.e_reg[I]	core.w_mem_inst.w_ctr_reg[2]$_DFFE_PN0P_/Q	core.e_reg[63]$_DFFE_PN0P_/D
6	-0.5085	core.round_ctr_reg[I]	core.e_reg[I]	core.round_ctr_reg[3]$_DFFE_PN0P_/Q	core.e_reg[63]$_DFFE_PN0P_/D
7	-0.3816	core.e_reg[I]	core.a_reg[I]	core.e_reg[17]$_DFFE_PN0P_/Q	core.a_reg[63]$_DFFE_PN0P_/D
8	-0.3371	core.f_reg[I]	core.a_reg[I]	core.f_reg[3]$_DFFE_PN0P_/Q	core.a_reg[63]$_DFFE_PN0P_/D
9	-0.3301	core.g_reg[I]	core.a_reg[I]	core.g_reg[3]$_DFFE_PN0P_/Q	core.a_reg[63]$_DFFE_PN0P_/D
10	-0.2241	core.e_reg[I]	core.e_reg[I]	core.e_reg[17]$_DFFE_PN0P_/Q	core.e_reg[63]$_DFFE_PN0P_/D
11	-0.2129	address[I]	read_data[I]	address[3]	read_data[15]
12	-0.1796	core.f_reg[I]	core.e_reg[I]	core.f_reg[3]$_DFFE_PN0P_/Q	core.e_reg[63]$_DFFE_PN0P_/D
13	-0.1727	core.g_reg[I]	core.e_reg[I]	core.g_reg[3]$_DFFE_PN0P_/Q	core.e_reg[63]$_DFFE_PN0P_/D
14	-0.0274	address[I]	error	address[4]	error
15	-0.0140	core.h_reg[I]	core.a_reg[I]	core.h_reg[3]$_DFFE_PN0P_/Q	core.a_reg[63]$_DFFE_PN0P_/D
16	0.1239	we	read_data[I]	we	read_data[11]
17	0.1435	core.h_reg[I]	core.e_reg[I]	core.h_reg[3]$_DFFE_PN0P_/Q	core.e_reg[63]$_DFFE_PN0P_/D
18	0.1452	cs	read_data[I]	cs	read_data[11]
19	0.2105	we	error	we	error
20	0.2537	cs	error	cs	error
21	0.3231	address[I]	block_reg[I][J]	address[3]	block_reg[31][10]$_DFFE_PN0P_/D
22	0.3982	address[I]	work_factor_num_reg[I]	address[4]	work_factor_num_reg[10]$_DFFE_PN0P_/D
23	0.4753	core.w_mem_inst.w_mem[I][J]	core.w_mem_inst.w_mem[I][J]	core.w_mem_inst.w_mem[14][9]$_DFFE_PN0P_/Q	core.w_mem_inst.w_mem[15][60]$_DFFE_PN0P_/D
24	0.5135	core.a_reg[I]	core.a_reg[I]	core.a_reg[10]$_DFFE_PN0P_/Q	core.a_reg[63]$_DFFE_PN0P_/D
25	0.5415	address[I]	work_factor_reg	address[0]	work_factor_reg$_DFFE_PN0P_/D
26	0.5419	address[I]	mode_reg[I]	address[0]	mode_reg[0]$_DFFE_PN1P_/D
27	0.5708	address[I]	init_reg	address[0]	init_reg$_DFF_PN0_/D
28	0.5708	address[I]	next_reg	address[0]	next_reg$_DFF_PN0_/D
29	0.5869	block_reg[I][J]	read_data[I]	block_reg[3][31]$_DFFE_PN0P_/Q	read_data[31]
30	0.5927	digest_reg[I]	read_data[I]	digest_reg[272]$_DFFE_PN0P_/Q	read_data[16]
31	0.5931	core.c_reg[I]	core.a_reg[I]	core.c_reg[40]$_DFFE_PN0P_/Q	core.a_reg[63]$_DFFE_PN0P_/D
32	0.5935	core.b_reg[I]	core.a_reg[I]	core.b_reg[40]$_DFFE_PN0P_/Q	core.a_reg[63]$_DFFE_PN0P_/D
33	0.6025	cs	block_reg[I][J]	cs	block_reg[18][10]$_DFFE_PN0P_/D
34	0.6052	we	block_reg[I][J]	we	block_reg[18][10]$_DFFE_PN0P_/D
35	0.6435	we	work_factor_num_reg[I]	we	work_factor_num_reg[10]$_DFFE_PN0P_/D
36	0.6636	cs	work_factor_num_reg[I]	cs	work_factor_num_reg[10]$_DFFE_PN0P_/D
37	0.7511	init_reg	read_data[I]	init_reg$_DFF_PN0_/Q	read_data[0]
38	0.7605	core.g_reg[I]	core.HI_reg[J]	core.g_reg[4]$_DFFE_PN0P_/Q	core.H6_reg[61]$_DFFE_PN0P_/D
39	0.7616	next_reg	read_data[I]	next_reg$_DFF_PN0_/Q	read_data[1]
40	0.7660	core.c_reg[I]	core.HI_reg[J]	core.c_reg[3]$_DFFE_PN0P_/Q	core.H2_reg[63]$_DFFE_PN0P_/D
41	0.7671	core.HI_reg[J]	core.HI_reg[J]	core.H6_reg[4]$_DFFE_PN0P_/Q	core.H6_reg[61]$_DFFE_PN0P_/D
42	0.7740	core.d_reg[I]	core.e_reg[I]	core.d_reg[15]$_DFFE_PN0P_/Q	core.e_reg[62]$_DFFE_PN0P_/D
43	0.7797	core.d_reg[I]	core.HI_reg[J]	core.d_reg[9]$_DFFE_PN0P_/Q	core.H3_reg[62]$_DFFE_PN0P_/D
44	0.7839	work_factor_num_reg[I]	read_data[I]	work_factor_num_reg[24]$_DFFE_PN0P_/Q	read_data[24]
45	0.7880	core.f_reg[I]	core.HI_reg[J]	core.f_reg[14]$_DFFE_PN0P_/Q	core.H5_reg[61]$_DFFE_PN0P_/D
46	0.7906	core.h_reg[I]	core.HI_reg[J]	core.h_reg[14]$_DFFE_PN0P_/Q	core.H7_reg[51]$_DFFE_PN0P_/D
47	0.7921	digest_valid_reg	read_data[I]	digest_valid_reg$_DFF_PN0_/Q	read_data[1]
48	0.7995	ready_reg	read_data[I]	ready_reg$_DFF_PN0_/Q	read_data[0]
49	0.8000	cs	work_factor_reg	cs	work_factor_reg$_DFFE_PN0P_/D
50	0.8003	cs	mode_reg[I]	cs	mode_reg[0]$_DFFE_PN1P_/D
51	0.8010	we	work_factor_reg	we	work_factor_reg$_DFFE_PN0P_/D
52	0.8013	we	mode_reg[I]	we	mode_reg[0]$_DFFE_PN1P_/D
53	0.8036	write_data[I]	block_reg[I][J]	write_data[0]	block_reg[0][0]$_DFFE_PN0P_/D
54	0.8036	write_data[I]	work_factor_num_reg[I]	write_data[0]	work_factor_num_reg[0]$_DFFE_PN0P_/D
55	0.8039	core.e_reg[I]	core.HI_reg[J]	core.e_reg[29]$_DFFE_PN0P_/Q	core.H4_reg[62]$_DFFE_PN0P_/D
56	0.8138	mode_reg[I]	read_data[I]	mode_reg[1]$_DFFE_PN1P_/Q	read_data[3]
57	0.8275	core.b_reg[I]	core.HI_reg[J]	core.b_reg[10]$_DFFE_PN0P_/Q	core.H1_reg[57]$_DFFE_PN0P_/D
58	0.8276	work_factor_reg	read_data[I]	work_factor_reg$_DFFE_PN0P_/Q	read_data[7]
59	0.8293	cs	init_reg	cs	init_reg$_DFF_PN0_/D
60	0.8293	cs	next_reg	cs	next_reg$_DFF_PN0_/D
61	0.8303	we	init_reg	we	init_reg$_DFF_PN0_/D
62	0.8303	we	next_reg	we	next_reg$_DFF_PN0_/D
63	0.8400	write_data[I]	init_reg	write_data[0]	init_reg$_DFF_PN0_/D
64	0.8400	write_data[I]	next_reg	write_data[1]	next_reg$_DFF_PN0_/D
65	0.8474	work_factor_num_reg[I]	core.b_reg[I]	work_factor_num_reg[0]$_DFFE_PN0P_/Q	core.b_reg[52]$_DFFE_PN0P_/D
66	0.8474	work_factor_num_reg[I]	core.d_reg[I]	work_factor_num_reg[0]$_DFFE_PN0P_/Q	core.d_reg[10]$_DFFE_PN0P_/D
67	0.8484	work_factor_num_reg[I]	core.c_reg[I]	work_factor_num_reg[0]$_DFFE_PN0P_/Q	core.c_reg[0]$_DFFE_PN0P_/D
68	0.8498	work_factor_num_reg[I]	core.a_reg[I]	work_factor_num_reg[0]$_DFFE_PN0P_/Q	core.a_reg[0]$_DFFE_PN0P_/D
69	0.8498	work_factor_num_reg[I]	core.e_reg[I]	work_factor_num_reg[0]$_DFFE_PN0P_/Q	core.e_reg[13]$_DFFE_PN0P_/D
70	0.8498	work_factor_num_reg[I]	core.f_reg[I]	work_factor_num_reg[0]$_DFFE_PN0P_/Q	core.f_reg[41]$_DFFE_PN0P_/D
71	0.8498	work_factor_num_reg[I]	core.w_mem_inst.w_mem[I][J]	work_factor_num_reg[0]$_DFFE_PN0P_/Q	core.w_mem_inst.w_mem[0][0]$_DFFE_PN0P_/D
72	0.8522	core.work_factor_ctr_reg[I]	core.b_reg[I]	core.work_factor_ctr_reg[1]$_DFFE_PN0P_/Q	core.b_reg[52]$_DFFE_PN0P_/D
73	0.8522	core.work_factor_ctr_reg[I]	core.d_reg[I]	core.work_factor_ctr_reg[1]$_DFFE_PN0P_/Q	core.d_reg[10]$_DFFE_PN0P_/D
74	0.8532	core.work_factor_ctr_reg[I]	core.c_reg[I]	core.work_factor_ctr_reg[1]$_DFFE_PN0P_/Q	core.c_reg[0]$_DFFE_PN0P_/D
75	0.8545	core.work_factor_ctr_reg[I]	core.a_reg[I]	core.work_factor_ctr_reg[1]$_DFFE_PN0P_/Q	core.a_reg[0]$_DFFE_PN0P_/D
76	0.8545	core.work_factor_ctr_reg[I]	core.e_reg[I]	core.work_factor_ctr_reg[1]$_DFFE_PN0P_/Q	core.e_reg[13]$_DFFE_PN0P_/D
77	0.8545	core.work_factor_ctr_reg[I]	core.f_reg[I]	core.work_factor_ctr_reg[1]$_DFFE_PN0P_/Q	core.f_reg[41]$_DFFE_PN0P_/D
78	0.8545	core.work_factor_ctr_reg[I]	core.w_mem_inst.w_mem[I][J]	core.work_factor_ctr_reg[1]$_DFFE_PN0P_/Q	core.w_mem_inst.w_mem[0][0]$_DFFE_PN0P_/D
79	0.8609	core.a_reg[I]	core.HI_reg[J]	core.a_reg[24]$_DFFE_PN0P_/Q	core.H0_reg[63]$_DFFE_PN0P_/D
80	0.8621	write_data[I]	work_factor_reg	write_data[7]	work_factor_reg$_DFFE_PN0P_/D
81	0.8624	write_data[I]	mode_reg[I]	write_data[2]	mode_reg[0]$_DFFE_PN1P_/D
82	0.8693	work_factor_num_reg[I]	core.g_reg[I]	work_factor_num_reg[0]$_DFFE_PN0P_/Q	core.g_reg[16]$_DFFE_PN0P_/D
83	0.8694	work_factor_num_reg[I]	core.h_reg[I]	work_factor_num_reg[0]$_DFFE_PN0P_/Q	core.h_reg[22]$_DFFE_PN0P_/D
84	0.8741	core.work_factor_ctr_reg[I]	core.g_reg[I]	core.work_factor_ctr_reg[1]$_DFFE_PN0P_/Q	core.g_reg[16]$_DFFE_PN0P_/D
85	0.8742	core.work_factor_ctr_reg[I]	core.h_reg[I]	core.work_factor_ctr_reg[1]$_DFFE_PN0P_/Q	core.h_reg[22]$_DFFE_PN0P_/D
86	0.8744	work_factor_num_reg[I]	core.HI_reg[J]	work_factor_num_reg[0]$_DFFE_PN0P_/Q	core.H5_reg[47]$_DFFE_PN0P_/D
87	0.8791	core.work_factor_ctr_reg[I]	core.HI_reg[J]	core.work_factor_ctr_reg[1]$_DFFE_PN0P_/Q	core.H5_reg[47]$_DFFE_PN0P_/D
88	0.8812	work_factor_num_reg[I]	core.round_ctr_reg[I]	work_factor_num_reg[0]$_DFFE_PN0P_/Q	core.round_ctr_reg[0]$_DFFE_PN0P_/D
89	0.8840	work_factor_num_reg[I]	core.w_mem_inst.w_ctr_reg[I]	work_factor_num_reg[0]$_DFFE_PN0P_/Q	core.w_mem_inst.w_ctr_reg[0]$_DFFE_PN0P_/D
90	0.8860	core.work_factor_ctr_reg[I]	core.round_ctr_reg[I]	core.work_factor_ctr_reg[1]$_DFFE_PN0P_/Q	core.round_ctr_reg[0]$_DFFE_PN0P_/D
91	0.8888	core.work_factor_ctr_reg[I]	core.w_mem_inst.w_ctr_reg[I]	core.work_factor_ctr_reg[1]$_DFFE_PN0P_/Q	core.w_mem_inst.w_ctr_reg[0]$_DFFE_PN0P_/D
92	0.9135	work_factor_num_reg[I]	core.digest_valid_reg	work_factor_num_reg[0]$_DFFE_PN0P_/Q	core.digest_valid_reg$_DFFE_PN0P_/D
93	0.9139	work_factor_num_reg[I]	core.ready_reg	work_factor_num_reg[0]$_DFFE_PN0P_/Q	core.ready_reg$_DFFE_PN1P_/D
94	0.9183	core.work_factor_ctr_reg[I]	core.digest_valid_reg	core.work_factor_ctr_reg[1]$_DFFE_PN0P_/Q	core.digest_valid_reg$_DFFE_PN0P_/D
95	0.9186	core.work_factor_ctr_reg[I]	core.ready_reg	core.work_factor_ctr_reg[1]$_DFFE_PN0P_/Q	core.ready_reg$_DFFE_PN1P_/D
96	1.0451	core.work_factor_ctr_reg[I]	core.work_factor_ctr_reg[I]	core.work_factor_ctr_reg[9]$_DFFE_PN0P_/Q	core.work_factor_ctr_reg[31]$_DFFE_PN0P_/D
97	1.0596	core.round_ctr_reg[I]	core.work_factor_ctr_reg[I]	core.round_ctr_reg[5]$_DFFE_PN0P_/Q	core.work_factor_ctr_reg[25]$_DFFE_PN0P_/D
98	1.0805	core.round_ctr_reg[I]	core.round_ctr_reg[I]	core.round_ctr_reg[0]$_DFFE_PN0P_/Q	core.round_ctr_reg[0]$_DFFE_PN0P_/D
99	1.0869	work_factor_num_reg[I]	core.shaI_ctrl_reg[J]	work_factor_num_reg[0]$_DFFE_PN0P_/Q	core.sha512_ctrl_reg[0]$_DFF_PN1_/D
100	1.0916	core.work_factor_ctr_reg[I]	core.shaI_ctrl_reg[J]	core.work_factor_ctr_reg[1]$_DFFE_PN0P_/Q	core.sha512_ctrl_reg[0]$_DFF_PN1_/D
101	1.0943	core.w_mem_inst.w_ctr_reg[I]	core.w_mem_inst.w_mem[I][J]	core.w_mem_inst.w_ctr_reg[2]$_DFFE_PN0P_/Q	core.w_mem_inst.w_mem[0][38]$_DFFE_PN0P_/D
102	1.1156	init_reg	core.c_reg[I]	init_reg$_DFF_PN0_/Q	core.c_reg[30]$_DFFE_PN0P_/D
103	1.1156	init_reg	core.d_reg[I]	init_reg$_DFF_PN0_/Q	core.d_reg[13]$_DFFE_PN0P_/D
104	1.1157	init_reg	core.f_reg[I]	init_reg$_DFF_PN0_/Q	core.f_reg[13]$_DFFE_PN0P_/D
105	1.1161	init_reg	core.HI_reg[J]	init_reg$_DFF_PN0_/Q	core.H2_reg[26]$_DFFE_PN0P_/D
106	1.1230	core.shaI_ctrl_reg[J]	core.HI_reg[J]	core.sha512_ctrl_reg[0]$_DFF_PN1_/Q	core.H4_reg[55]$_DFFE_PN0P_/D
107	1.1263	core.shaI_ctrl_reg[J]	core.c_reg[I]	core.sha512_ctrl_reg[0]$_DFF_PN1_/Q	core.c_reg[30]$_DFFE_PN0P_/D
108	1.1263	core.shaI_ctrl_reg[J]	core.d_reg[I]	core.sha512_ctrl_reg[0]$_DFF_PN1_/Q	core.d_reg[13]$_DFFE_PN0P_/D
109	1.1264	core.shaI_ctrl_reg[J]	core.f_reg[I]	core.sha512_ctrl_reg[0]$_DFF_PN1_/Q	core.f_reg[13]$_DFFE_PN0P_/D
110	1.1275	init_reg	core.b_reg[I]	init_reg$_DFF_PN0_/Q	core.b_reg[52]$_DFFE_PN0P_/D
111	1.1282	next_reg	core.b_reg[I]	next_reg$_DFF_PN0_/Q	core.b_reg[52]$_DFFE_PN0P_/D
112	1.1282	next_reg	core.d_reg[I]	next_reg$_DFF_PN0_/Q	core.d_reg[10]$_DFFE_PN0P_/D
113	1.1292	next_reg	core.c_reg[I]	next_reg$_DFF_PN0_/Q	core.c_reg[0]$_DFFE_PN0P_/D
114	1.1298	init_reg	core.a_reg[I]	init_reg$_DFF_PN0_/Q	core.a_reg[0]$_DFFE_PN0P_/D
115	1.1298	init_reg	core.e_reg[I]	init_reg$_DFF_PN0_/Q	core.e_reg[13]$_DFFE_PN0P_/D
116	1.1298	init_reg	core.w_mem_inst.w_mem[I][J]	init_reg$_DFF_PN0_/Q	core.w_mem_inst.w_mem[0][0]$_DFFE_PN0P_/D
117	1.1300	core.shaI_ctrl_reg[J]	core.b_reg[I]	core.sha512_ctrl_reg[1]$_DFF_PN0_/Q	core.b_reg[52]$_DFFE_PN0P_/D
118	1.1305	next_reg	core.a_reg[I]	next_reg$_DFF_PN0_/Q	core.a_reg[0]$_DFFE_PN0P_/D
119	1.1305	next_reg	core.e_reg[I]	next_reg$_DFF_PN0_/Q	core.e_reg[13]$_DFFE_PN0P_/D
120	1.1305	next_reg	core.f_reg[I]	next_reg$_DFF_PN0_/Q	core.f_reg[41]$_DFFE_PN0P_/D
121	1.1305	next_reg	core.w_mem_inst.w_mem[I][J]	next_reg$_DFF_PN0_/Q	core.w_mem_inst.w_mem[0][0]$_DFFE_PN0P_/D
122	1.1324	core.shaI_ctrl_reg[J]	core.a_reg[I]	core.sha512_ctrl_reg[1]$_DFF_PN0_/Q	core.a_reg[0]$_DFFE_PN0P_/D
123	1.1324	core.shaI_ctrl_reg[J]	core.e_reg[I]	core.sha512_ctrl_reg[1]$_DFF_PN0_/Q	core.e_reg[13]$_DFFE_PN0P_/D
124	1.1324	core.shaI_ctrl_reg[J]	core.w_mem_inst.w_mem[I][J]	core.sha512_ctrl_reg[1]$_DFF_PN0_/Q	core.w_mem_inst.w_mem[0][0]$_DFFE_PN0P_/D
125	1.1375	init_reg	core.h_reg[I]	init_reg$_DFF_PN0_/Q	core.h_reg[13]$_DFFE_PN0P_/D
126	1.1427	next_reg	core.round_ctr_reg[I]	next_reg$_DFF_PN0_/Q	core.round_ctr_reg[3]$_DFFE_PN0P_/D
127	1.1427	next_reg	core.w_mem_inst.w_ctr_reg[I]	next_reg$_DFF_PN0_/Q	core.w_mem_inst.w_ctr_reg[6]$_DFFE_PN0P_/D
128	1.1428	work_factor_reg	core.b_reg[I]	work_factor_reg$_DFFE_PN0P_/Q	core.b_reg[52]$_DFFE_PN0P_/D
129	1.1428	work_factor_reg	core.d_reg[I]	work_factor_reg$_DFFE_PN0P_/Q	core.d_reg[10]$_DFFE_PN0P_/D
130	1.1438	work_factor_reg	core.c_reg[I]	work_factor_reg$_DFFE_PN0P_/Q	core.c_reg[0]$_DFFE_PN0P_/D
131	1.1446	init_reg	core.g_reg[I]	init_reg$_DFF_PN0_/Q	core.g_reg[50]$_DFFE_PN0P_/D
132	1.1451	work_factor_reg	core.a_reg[I]	work_factor_reg$_DFFE_PN0P_/Q	core.a_reg[0]$_DFFE_PN0P_/D
133	1.1451	work_factor_reg	core.e_reg[I]	work_factor_reg$_DFFE_PN0P_/Q	core.e_reg[13]$_DFFE_PN0P_/D
134	1.1451	work_factor_reg	core.f_reg[I]	work_factor_reg$_DFFE_PN0P_/Q	core.f_reg[41]$_DFFE_PN0P_/D
135	1.1451	work_factor_reg	core.w_mem_inst.w_mem[I][J]	work_factor_reg$_DFFE_PN0P_/Q	core.w_mem_inst.w_mem[0][0]$_DFFE_PN0P_/D
136	1.1457	init_reg	core.round_ctr_reg[I]	init_reg$_DFF_PN0_/Q	core.round_ctr_reg[3]$_DFFE_PN0P_/D
137	1.1457	init_reg	core.w_mem_inst.w_ctr_reg[I]	init_reg$_DFF_PN0_/Q	core.w_mem_inst.w_ctr_reg[6]$_DFFE_PN0P_/D
138	1.1482	core.shaI_ctrl_reg[J]	core.h_reg[I]	core.sha512_ctrl_reg[0]$_DFF_PN1_/Q	core.h_reg[13]$_DFFE_PN0P_/D
139	1.1499	next_reg	core.g_reg[I]	next_reg$_DFF_PN0_/Q	core.g_reg[58]$_DFFE_PN0P_/D
140	1.1499	next_reg	core.h_reg[I]	next_reg$_DFF_PN0_/Q	core.h_reg[60]$_DFFE_PN0P_/D
141	1.1520	core.shaI_ctrl_reg[J]	core.g_reg[I]	core.sha512_ctrl_reg[1]$_DFF_PN0_/Q	core.g_reg[16]$_DFFE_PN0P_/D
142	1.1614	mode_reg[I]	core.c_reg[I]	mode_reg[1]$_DFFE_PN1P_/QN	core.c_reg[30]$_DFFE_PN0P_/D
143	1.1614	mode_reg[I]	core.d_reg[I]	mode_reg[1]$_DFFE_PN1P_/QN	core.d_reg[13]$_DFFE_PN0P_/D
144	1.1616	mode_reg[I]	core.f_reg[I]	mode_reg[1]$_DFFE_PN1P_/QN	core.f_reg[13]$_DFFE_PN0P_/D
145	1.1620	mode_reg[I]	core.HI_reg[J]	mode_reg[1]$_DFFE_PN1P_/QN	core.H2_reg[26]$_DFFE_PN0P_/D
146	1.1638	core.shaI_ctrl_reg[J]	core.round_ctr_reg[I]	core.sha512_ctrl_reg[1]$_DFF_PN0_/Q	core.round_ctr_reg[0]$_DFFE_PN0P_/D
147	1.1647	work_factor_reg	core.g_reg[I]	work_factor_reg$_DFFE_PN0P_/Q	core.g_reg[16]$_DFFE_PN0P_/D
148	1.1648	work_factor_reg	core.h_reg[I]	work_factor_reg$_DFFE_PN0P_/Q	core.h_reg[22]$_DFFE_PN0P_/D
149	1.1666	core.shaI_ctrl_reg[J]	core.w_mem_inst.w_ctr_reg[I]	core.sha512_ctrl_reg[1]$_DFF_PN0_/Q	core.w_mem_inst.w_ctr_reg[0]$_DFFE_PN0P_/D
150	1.1697	work_factor_reg	core.HI_reg[J]	work_factor_reg$_DFFE_PN0P_/Q	core.H5_reg[47]$_DFFE_PN0P_/D
151	1.1766	work_factor_reg	core.round_ctr_reg[I]	work_factor_reg$_DFFE_PN0P_/Q	core.round_ctr_reg[0]$_DFFE_PN0P_/D
152	1.1771	mode_reg[I]	core.a_reg[I]	mode_reg[1]$_DFFE_PN1P_/Q	core.a_reg[14]$_DFFE_PN0P_/D
153	1.1771	mode_reg[I]	core.e_reg[I]	mode_reg[1]$_DFFE_PN1P_/Q	core.e_reg[18]$_DFFE_PN0P_/D
154	1.1771	mode_reg[I]	core.g_reg[I]	mode_reg[1]$_DFFE_PN1P_/Q	core.g_reg[12]$_DFFE_PN0P_/D
155	1.1771	mode_reg[I]	core.h_reg[I]	mode_reg[1]$_DFFE_PN1P_/Q	core.h_reg[18]$_DFFE_PN0P_/D
156	1.1794	work_factor_reg	core.w_mem_inst.w_ctr_reg[I]	work_factor_reg$_DFFE_PN0P_/Q	core.w_mem_inst.w_ctr_reg[0]$_DFFE_PN0P_/D
157	1.1796	core.shaI_ctrl_reg[J]	core.work_factor_ctr_reg[I]	core.sha512_ctrl_reg[2]$_DFF_PN0_/Q	core.work_factor_ctr_reg[25]$_DFFE_PN0P_/D
158	1.1812	mode_reg[I]	core.b_reg[I]	mode_reg[1]$_DFFE_PN1P_/Q	core.b_reg[31]$_DFFE_PN0P_/D
159	1.1952	next_reg	core.work_factor_ctr_reg[I]	next_reg$_DFF_PN0_/Q	core.work_factor_ctr_reg[22]$_DFFE_PN0P_/D
160	1.1983	init_reg	core.work_factor_ctr_reg[I]	init_reg$_DFF_PN0_/Q	core.work_factor_ctr_reg[22]$_DFFE_PN0P_/D
161	1.2089	work_factor_reg	core.digest_valid_reg	work_factor_reg$_DFFE_PN0P_/Q	core.digest_valid_reg$_DFFE_PN0P_/D
162	1.2093	work_factor_reg	core.ready_reg	work_factor_reg$_DFFE_PN0P_/Q	core.ready_reg$_DFFE_PN1P_/D
163	1.2280	core.round_ctr_reg[I]	core.shaI_ctrl_reg[J]	core.round_ctr_reg[5]$_DFFE_PN0P_/Q	core.sha512_ctrl_reg[1]$_DFF_PN0_/D
164	1.2384	core.shaI_ctrl_reg[J]	core.digest_valid_reg	core.sha512_ctrl_reg[1]$_DFF_PN0_/Q	core.digest_valid_reg$_DFFE_PN0P_/D
165	1.2387	core.shaI_ctrl_reg[J]	core.ready_reg	core.sha512_ctrl_reg[1]$_DFF_PN0_/Q	core.ready_reg$_DFFE_PN1P_/D
166	1.2815	core.digest_valid_reg	digest_reg[I]	core.digest_valid_reg$_DFFE_PN0P_/Q	digest_reg[442]$_DFFE_PN0P_/D
167	1.3043	core.w_mem_inst.w_ctr_reg[I]	core.w_mem_inst.w_ctr_reg[I]	core.w_mem_inst.w_ctr_reg[2]$_DFFE_PN0P_/Q	core.w_mem_inst.w_ctr_reg[5]$_DFFE_PN0P_/D
168	1.3101	core.digest_valid_reg	core.digest_valid_reg	core.digest_valid_reg$_DFFE_PN0P_/Q	core.digest_valid_reg$_DFFE_PN0P_/D
169	1.3169	core.shaI_ctrl_reg[J]	core.shaI_ctrl_reg[J]	core.sha512_ctrl_reg[2]$_DFF_PN0_/Q	core.sha512_ctrl_reg[2]$_DFF_PN0_/D
170	1.3201	next_reg	core.shaI_ctrl_reg[J]	next_reg$_DFF_PN0_/Q	core.sha512_ctrl_reg[2]$_DFF_PN0_/D
171	1.3232	init_reg	core.shaI_ctrl_reg[J]	init_reg$_DFF_PN0_/Q	core.sha512_ctrl_reg[2]$_DFF_PN0_/D
172	1.3524	core.HI_reg[J]	core.b_reg[I]	core.H1_reg[1]$_DFFE_PN0P_/Q	core.b_reg[1]$_DFFE_PN0P_/D
173	1.3579	core.HI_reg[J]	core.e_reg[I]	core.H4_reg[33]$_DFFE_PN0P_/Q	core.e_reg[33]$_DFFE_PN0P_/D
174	1.3592	core.HI_reg[J]	core.d_reg[I]	core.H3_reg[0]$_DFFE_PN0P_/Q	core.d_reg[0]$_DFFE_PN0P_/D
175	1.3598	next_reg	core.digest_valid_reg	next_reg$_DFF_PN0_/Q	core.digest_valid_reg$_DFFE_PN0P_/D
176	1.3618	next_reg	core.ready_reg	next_reg$_DFF_PN0_/Q	core.ready_reg$_DFFE_PN1P_/D
177	1.3623	core.HI_reg[J]	core.f_reg[I]	core.H5_reg[63]$_DFFE_PN0P_/Q	core.f_reg[63]$_DFFE_PN0P_/D
178	1.3629	init_reg	core.digest_valid_reg	init_reg$_DFF_PN0_/Q	core.digest_valid_reg$_DFFE_PN0P_/D
179	1.3636	core.HI_reg[J]	core.c_reg[I]	core.H2_reg[41]$_DFFE_PN0P_/Q	core.c_reg[41]$_DFFE_PN0P_/D
180	1.3649	init_reg	core.ready_reg	init_reg$_DFF_PN0_/Q	core.ready_reg$_DFFE_PN1P_/D
181	1.3764	core.HI_reg[J]	core.a_reg[I]	core.H0_reg[0]$_DFFE_PN0P_/Q	core.a_reg[0]$_DFFE_PN0P_/D
182	1.3774	core.f_reg[I]	core.f_reg[I]	core.f_reg[63]$_DFFE_PN0P_/Q	core.f_reg[63]$_DFFE_PN0P_/D
183	1.3906	core.HI_reg[J]	core.h_reg[I]	core.H7_reg[63]$_DFFE_PN0P_/Q	core.h_reg[63]$_DFFE_PN0P_/D
184	1.3924	core.b_reg[I]	core.b_reg[I]	core.b_reg[1]$_DFFE_PN0P_/Q	core.b_reg[1]$_DFFE_PN0P_/D
185	1.3946	core.c_reg[I]	core.c_reg[I]	core.c_reg[63]$_DFFE_PN0P_/Q	core.c_reg[63]$_DFFE_PN0P_/D
186	1.3970	core.HI_reg[J]	core.g_reg[I]	core.H6_reg[1]$_DFFE_PN0P_/Q	core.g_reg[1]$_DFFE_PN0P_/D
187	1.3991	core.d_reg[I]	core.d_reg[I]	core.d_reg[0]$_DFFE_PN0P_/Q	core.d_reg[0]$_DFFE_PN0P_/D
188	1.4050	core.a_reg[I]	core.b_reg[I]	core.a_reg[10]$_DFFE_PN0P_/Q	core.b_reg[10]$_DFFE_PN0P_/D
189	1.4050	core.e_reg[I]	core.f_reg[I]	core.e_reg[43]$_DFFE_PN0P_/Q	core.f_reg[43]$_DFFE_PN0P_/D
190	1.4055	core.g_reg[I]	core.g_reg[I]	core.g_reg[63]$_DFFE_PN0P_/Q	core.g_reg[63]$_DFFE_PN0P_/D
191	1.4070	block_reg[I][J]	core.w_mem_inst.w_mem[I][J]	block_reg[0][1]$_DFFE_PN0P_/Q	core.w_mem_inst.w_mem[0][33]$_DFFE_PN0P_/D
192	1.4112	core.h_reg[I]	core.h_reg[I]	core.h_reg[1]$_DFFE_PN0P_/Q	core.h_reg[1]$_DFFE_PN0P_/D
193	1.4231	core.HI_reg[J]	digest_reg[I]	core.H7_reg[63]$_DFFE_PN0P_/Q	digest_reg[63]$_DFFE_PN0P_/D
194	1.4293	core.c_reg[I]	core.d_reg[I]	core.c_reg[63]$_DFFE_PN0P_/Q	core.d_reg[63]$_DFFE_PN0P_/D
195	1.4318	core.b_reg[I]	core.c_reg[I]	core.b_reg[63]$_DFFE_PN0P_/Q	core.c_reg[63]$_DFFE_PN0P_/D
196	1.4418	core.f_reg[I]	core.g_reg[I]	core.f_reg[63]$_DFFE_PN0P_/Q	core.g_reg[63]$_DFFE_PN0P_/D
197	1.4448	mode_reg[I]	mode_reg[I]	mode_reg[1]$_DFFE_PN1P_/Q	mode_reg[1]$_DFFE_PN1P_/D
198	1.4462	core.g_reg[I]	core.h_reg[I]	core.g_reg[22]$_DFFE_PN0P_/Q	core.h_reg[22]$_DFFE_PN0P_/D
199	1.4517	work_factor_reg	core.shaI_ctrl_reg[J]	work_factor_reg$_DFFE_PN0P_/QN	core.sha512_ctrl_reg[0]$_DFF_PN1_/D
200	1.4586	work_factor_num_reg[I]	work_factor_num_reg[I]	work_factor_num_reg[0]$_DFFE_PN0P_/Q	work_factor_num_reg[0]$_DFFE_PN0P_/D
201	1.4587	work_factor_reg	work_factor_reg	work_factor_reg$_DFFE_PN0P_/Q	work_factor_reg$_DFFE_PN0P_/D
202	1.4632	block_reg[I][J]	block_reg[I][J]	block_reg[0][10]$_DFFE_PN0P_/Q	block_reg[0][10]$_DFFE_PN0P_/D
203	1.4667	digest_reg[I]	digest_reg[I]	digest_reg[100]$_DFFE_PN0P_/Q	digest_reg[100]$_DFFE_PN0P_/D
204	1.4900	core.ready_reg	core.ready_reg	core.ready_reg$_DFFE_PN1P_/Q	core.ready_reg$_DFFE_PN1P_/D
205	1.5130	core.digest_valid_reg	digest_valid_reg	core.digest_valid_reg$_DFFE_PN0P_/Q	digest_valid_reg$_DFF_PN0_/D
206	1.5238	core.ready_reg	ready_reg	core.ready_reg$_DFFE_PN1P_/Q	ready_reg$_DFF_PN0_/D
