# stage	1_synth
# top_module	wb_dma_top
# top_n	1000
# kind	blocks
# skip_async	1
# rank	worst_slack_ns	start	end	start_full	end_full
1	-0.3207	uI.state[J]	wbIs_data_o[J]	u2.state[3]$_DFF_PP0_/Q	wb0s_data_o[10]
2	-0.2385	uI.uJ.pri_outK[L]	wbIs_data_o[J]	u1.u0.pri_out0[1]$_DFF_P_/Q	wb0s_data_o[10]
3	-0.2222	uI.uJ.state[K]	wbIs_data_o[J]	u1.u1.state[1]$_DFFE_PP0P_/Q	wb0s_data_o[10]
4	-0.1966	uI.ch_sel_r[J]	wbIs_data_o[J]	u1.ch_sel_r[0]$_DFFE_PP0P_/Q	wb0s_data_o[10]
5	-0.1352	wbI_addr_i[J]	wbIs_data_o[J]	wb0_addr_i[28]	wb1s_data_o[17]
6	-0.1270	wbI_addr_i[J]	wbI_addr_o[J]	wb0_addr_i[28]	wb1_addr_o[15]
7	-0.1198	wbI_addr_i[J]	wbI_cyc_o	wb0_addr_i[28]	wb1_cyc_o
8	-0.1029	wbI_addr_i[J]	wbI_err_o	wb0_addr_i[28]	wb0_err_o
9	-0.1029	wbI_addr_i[J]	wbI_rty_o	wb0_addr_i[28]	wb0_rty_o
10	-0.0971	wbI_addr_i[J]	wbIm_data_o[J]	wb1_addr_i[29]	wb1m_data_o[0]
11	-0.0822	wbI_addr_i[J]	wbI_sel_o[J]	wb0_addr_i[28]	wb1_sel_o[0]
12	-0.0738	wbI_addr_i[J]	wbI_stb_o	wb0_addr_i[28]	wb1_stb_o
13	-0.0738	wbI_addr_i[J]	wbI_we_o	wb0_addr_i[28]	wb1_we_o
14	-0.0723	wbI_addr_i[J]	wbI_ack_o	wb1_addr_i[29]	wb1_ack_o
15	-0.0714	wbI_cyc_i	wbI_addr_o[J]	wb0_cyc_i	wb1_addr_o[15]
16	-0.0349	wbI_cyc_i	wbI_err_o	wb0_cyc_i	wb0_err_o
17	-0.0349	wbI_cyc_i	wbI_rty_o	wb0_cyc_i	wb0_rty_o
18	-0.0346	wbI_cyc_i	wbIs_data_o[J]	wb0_cyc_i	wb1s_data_o[17]
19	-0.0329	wbI_cyc_i	wbIm_data_o[J]	wb1_cyc_i	wb1m_data_o[0]
20	-0.0299	wbI_cyc_i	wbI_cyc_o	wb0_cyc_i	wb1_cyc_o
21	-0.0103	wbI_cyc_i	wbI_ack_o	wb1_cyc_i	wb1_ack_o
22	-0.0046	wbI_cyc_i	wbI_stb_o	wb1_cyc_i	wb0_stb_o
23	-0.0046	wbI_cyc_i	wbI_we_o	wb1_cyc_i	wb0_we_o
24	0.0185	wbI_cyc_i	wbI_sel_o[J]	wb0_cyc_i	wb1_sel_o[0]
25	0.0252	uI.uJ.ch_csr_r[K]	wbIs_data_o[J]	u0.u10.ch_csr_r[2]$_DFFE_PP0P_/Q	wb0s_data_o[10]
26	0.0422	uI.state[J]	uI.mastJ_adr[K]	u2.state[3]$_DFF_PP0_/Q	u2.mast0_adr[10]$_DFF_P_/D
27	0.0563	wbI_ack_i	wbI_ack_o	wb1_ack_i	wb0_ack_o
28	0.0683	uI.state[J]	uI.uJ.mast_stb	u2.state[3]$_DFF_PP0_/Q	u4.u0.mast_stb$_DFF_P_/D
29	0.0826	uI.state[J]	uI.chunk_J	u2.state[3]$_DFF_PP0_/Q	u2.chunk_0$_DFF_P_/D
30	0.0840	uI.ndr_r[J]	wbIs_data_o[J]	u1.ndr_r[6]$_DFF_P_/Q	wb0s_data_o[10]
31	0.0974	uI.state[J]	uI.uJ.mast_we_r	u2.state[3]$_DFF_PP0_/Q	u3.u0.mast_we_r$_DFF_P_/D
32	0.1001	uI.state[J]	uI.adrJ_cnt[K]	u2.state[3]$_DFF_PP0_/Q	u2.adr1_cnt[10]$_DFFE_PP_/D
33	0.1030	uI.uJ.pri_outK[L]	uI.mastJ_adr[K]	u1.u0.pri_out0[1]$_DFF_P_/Q	u2.mast0_adr[10]$_DFF_P_/D
34	0.1067	uI.state[J]	uI.tsz_cnt[J]	u2.state[3]$_DFF_PP0_/Q	u2.tsz_cnt[10]$_DFFE_PP_/D
35	0.1150	uI.state[J]	uI.uJ.ch_done	u2.state[3]$_DFF_PP0_/Q	u0.u14.ch_done$_DFFE_PP0P_/D
36	0.1153	uI.uJ.state[K]	uI.mastJ_adr[K]	u1.u1.state[3]$_DFFE_PP0P_/Q	u2.mast0_adr[10]$_DFF_P_/D
37	0.1232	uI.state[J]	uI.read_r	u2.state[3]$_DFF_PP0_/Q	u2.read_r$_DFF_P_/D
38	0.1264	uI.state[J]	uI.uJ.mast_cyc	u2.state[3]$_DFF_PP0_/Q	u3.u0.mast_cyc$_DFF_P_/D
39	0.1291	uI.uJ.pri_outK[L]	uI.uJ.mast_stb	u1.u0.pri_out0[1]$_DFF_P_/Q	u4.u0.mast_stb$_DFF_P_/D
40	0.1296	uI.ch_sel_r[J]	uI.mastJ_adr[K]	u1.ch_sel_r[4]$_DFFE_PP0P_/Q	u2.mast0_adr[10]$_DFF_P_/D
41	0.1392	uI.state[J]	uI.uJ.ch_txsz_s[K]	u2.state[3]$_DFF_PP0_/Q	u0.u2.ch_txsz_s[9]$_DFFE_PP_/D
42	0.1414	uI.uJ.state[K]	uI.uJ.mast_stb	u1.u1.state[3]$_DFFE_PP0P_/Q	u4.u0.mast_stb$_DFF_P_/D
43	0.1464	uI.state[J]	uI.uJ.ch_csr_r[K]	u2.state[3]$_DFF_PP0_/Q	u0.u14.ch_csr_r[0]$_DFFE_PP0P_/D
44	0.1474	uI.state[J]	uI.state[J]	u2.state[3]$_DFF_PP0_/Q	u2.state[10]$_DFF_PP0_/D
45	0.1475	uI.state[J]	uI.uJ.pointer_sr[K]	u2.state[3]$_DFF_PP0_/Q	u0.u14.pointer_sr[18]$_DFFE_PP_/D
46	0.1476	uI.state[J]	uI.uJ.ch_eol	u2.state[3]$_DFF_PP0_/Q	u0.u14.ch_eol$_DFFE_PP0P_/D
47	0.1482	uI.state[J]	uI.uJ.ch_chk_sz_r[K]	u2.state[3]$_DFF_PP0_/Q	u0.u12.ch_chk_sz_r[0]$_DFFE_PP_/D
48	0.1534	uI.state[J]	uI.uJ.ch_adrK_s[L]	u2.state[3]$_DFF_PP0_/Q	u0.u5.ch_adr1_s[29]$_DFFE_PP_/D
49	0.1549	uI.uJ.pri_outK[L]	uI.chunk_dec	u1.u0.pri_out0[1]$_DFF_P_/Q	u2.chunk_dec$_DFF_P_/D
50	0.1557	uI.ch_sel_r[J]	uI.uJ.mast_stb	u1.ch_sel_r[4]$_DFFE_PP0P_/Q	u4.u0.mast_stb$_DFF_P_/D
51	0.1654	wbI_stb_i	wbI_stb_o	wb1_stb_i	wb0_stb_o
52	0.1654	wbI_we_i	wbI_we_o	wb1_we_i	wb0_we_o
53	0.1654	wbIs_data_i[J]	wbIm_data_o[J]	wb1s_data_i[0]	wb0m_data_o[0]
54	0.1658	wbIm_data_i[J]	wbIs_data_o[J]	wb1m_data_i[0]	wb0s_data_o[0]
55	0.1666	uI.uJ.pri_outK[L]	uI.adrJ_cnt[K]	u1.u0.pri_out0[1]$_DFF_P_/Q	u2.adr0_cnt[2]$_DFFE_PP_/D
56	0.1668	uI.state[J]	uI.uJ.ch_tot_sz_r[K]	u2.state[3]$_DFF_PP0_/Q	u0.u5.ch_tot_sz_r[10]$_DFFE_PP_/D
57	0.1669	uI.uJ.state[K]	uI.adrJ_cnt[K]	u1.u1.state[3]$_DFFE_PP0P_/Q	u2.adr1_cnt[10]$_DFFE_PP_/D
58	0.1672	uI.uJ.state[K]	uI.chunk_dec	u1.u1.state[3]$_DFFE_PP0P_/Q	u2.chunk_dec$_DFF_P_/D
59	0.1683	uI.state[J]	uI.uJ.ptr_valid	u2.state[3]$_DFF_PP0_/Q	u0.u0.ptr_valid$_DFFE_PP0P_/D
60	0.1704	uI.state[J]	uI.uJ.int_src_r[K]	u2.state[3]$_DFF_PP0_/Q	u0.u14.int_src_r[1]$_DFFE_PP0P_/D
61	0.1750	uI.state[J]	uI.uJ.ch_adrK_r[L]	u2.state[3]$_DFF_PP0_/Q	u0.u14.ch_adr1_r[19]$_DFFE_PP_/D
62	0.1754	uI.state[J]	uI.chunk_cnt[J]	u2.state[3]$_DFF_PP0_/Q	u2.chunk_cnt[0]$_DFFE_PP_/D
63	0.1773	wbI_sel_i[J]	wbI_sel_o[J]	wb1_sel_i[0]	wb0_sel_o[0]
64	0.1802	uI.uJ.pri_outK[L]	uI.uJ.pointer_sr[K]	u1.u0.pri_out0[1]$_DFF_P_/Q	u0.u11.pointer_sr[17]$_DFFE_PP_/D
65	0.1815	uI.ch_sel_r[J]	uI.chunk_dec	u1.ch_sel_r[4]$_DFFE_PP0P_/Q	u2.chunk_dec$_DFF_P_/D
66	0.1830	uI.state[J]	uI.uJ.pointer_r[K]	u2.state[3]$_DFF_PP0_/Q	u0.u2.pointer_r[10]$_DFFE_PP_/D
67	0.1840	uI.uJ.pri_outK[L]	uI.read_r	u1.u0.pri_out0[1]$_DFF_P_/Q	u2.read_r$_DFF_P_/D
68	0.1872	uI.uJ.pri_outK[L]	uI.uJ.ch_chk_sz_r[K]	u1.u0.pri_out0[1]$_DFF_P_/Q	u0.u11.ch_chk_sz_r[0]$_DFFE_PP_/D
69	0.1885	uI.uJ.state[K]	uI.tsz_cnt[J]	u1.u1.state[3]$_DFFE_PP0P_/Q	u2.tsz_cnt[7]$_DFFE_PP_/D
70	0.1891	uI.state[J]	uI.ch_sel_r[J]	u2.state[3]$_DFF_PP0_/Q	u1.ch_sel_r[0]$_DFFE_PP0P_/D
71	0.1898	uI.uJ.pri_outK[L]	uI.uJ.ch_txsz_s[K]	u1.u0.pri_out0[1]$_DFF_P_/Q	u0.u11.ch_txsz_s[11]$_DFFE_PP_/D
72	0.1924	uI.uJ.pri_outK[L]	uI.uJ.mast_we_r	u1.u0.pri_out0[1]$_DFF_P_/Q	u3.u0.mast_we_r$_DFF_P_/D
73	0.1930	wbI_err_i	wbI_err_o	wb1_err_i	wb0_err_o
74	0.1930	wbI_rty_i	wbI_rty_o	wb1_rty_i	wb0_rty_o
75	0.1930	uI.state[J]	uI.tsz_cnt_is_J_r	u2.state[3]$_DFF_PP0_/Q	u2.tsz_cnt_is_0_r$_DFF_P_/D
76	0.1931	uI.uJ.pri_outK[L]	uI.tsz_cnt[J]	u1.u0.pri_out0[1]$_DFF_P_/Q	u2.tsz_cnt[8]$_DFFE_PP_/D
77	0.1942	uI.uJ.state[K]	uI.chunk_J	u1.u1.state[3]$_DFFE_PP0P_/Q	u2.chunk_0$_DFF_P_/D
78	0.1963	uI.uJ.state[K]	uI.read_r	u1.u1.state[3]$_DFFE_PP0P_/Q	u2.read_r$_DFF_P_/D
79	0.1964	uI.uJ.state[K]	uI.uJ.pointer_sr[K]	u1.u1.state[1]$_DFFE_PP0P_/Q	u0.u11.pointer_sr[17]$_DFFE_PP_/D
80	0.1966	uI.uJ.pri_outK[L]	uI.uJ.ch_tot_sz_r[K]	u1.u0.pri_out0[1]$_DFF_P_/Q	u0.u11.ch_tot_sz_r[5]$_DFFE_PP_/D
81	0.1969	uI.uJ.state[K]	uI.uJ.ch_txsz_s[K]	u1.u2.state[2]$_DFFE_PP0P_/Q	u0.u3.ch_txsz_s[8]$_DFFE_PP_/D
82	0.1972	uI.uJ.pri_outK[L]	uI.uJ.ch_done	u1.u0.pri_out0[1]$_DFF_P_/Q	u0.u14.ch_done$_DFFE_PP0P_/D
83	0.1977	uI.uJ.pri_outK[L]	uI.uJ.ch_csr_r[K]	u1.u0.pri_out0[1]$_DFF_P_/Q	u0.u14.ch_csr_r[0]$_DFFE_PP0P_/D
84	0.1989	uI.uJ.pri_outK[L]	uI.uJ.ch_eol	u1.u0.pri_out0[1]$_DFF_P_/Q	u0.u14.ch_eol$_DFFE_PP0P_/D
85	0.2001	uI.uJ.state[K]	uI.uJ.mast_we_r	u1.u1.state[3]$_DFFE_PP0P_/Q	u3.u0.mast_we_r$_DFF_P_/D
86	0.2008	uI.uJ.pri_outK[L]	uI.chunk_J	u1.u0.pri_out0[1]$_DFF_P_/Q	u2.chunk_0$_DFF_P_/D
87	0.2013	uI.uJ.state[K]	uI.uJ.ch_chk_sz_r[K]	u1.u2.state[2]$_DFFE_PP0P_/Q	u0.u3.ch_chk_sz_r[0]$_DFFE_PP_/D
88	0.2030	uI.state[J]	uI.write_r	u2.state[3]$_DFF_PP0_/Q	u2.write_r$_DFF_P_/D
89	0.2065	uI.state[J]	uI.uJ.ch_rl	u2.state[3]$_DFF_PP0_/Q	u0.u14.ch_rl$_DFF_P_/D
90	0.2106	uI.ch_sel_r[J]	uI.read_r	u1.ch_sel_r[4]$_DFFE_PP0P_/Q	u2.read_r$_DFF_P_/D
91	0.2128	uI.uJ.state[K]	uI.uJ.ch_tot_sz_r[K]	u1.u1.state[1]$_DFFE_PP0P_/Q	u0.u11.ch_tot_sz_r[5]$_DFFE_PP_/D
92	0.2134	uI.uJ.state[K]	uI.uJ.ch_done	u1.u1.state[1]$_DFFE_PP0P_/Q	u0.u14.ch_done$_DFFE_PP0P_/D
93	0.2139	uI.uJ.state[K]	uI.uJ.ch_csr_r[K]	u1.u1.state[1]$_DFFE_PP0P_/Q	u0.u14.ch_csr_r[0]$_DFFE_PP0P_/D
94	0.2139	uI.uJ.pri_outK[L]	uI.state[J]	u1.u0.pri_out0[1]$_DFF_P_/Q	u2.state[10]$_DFF_PP0_/D
95	0.2141	uI.uJ.pri_outK[L]	uI.uJ.pointer_r[K]	u1.u0.pri_out0[1]$_DFF_P_/Q	u0.u11.pointer_r[10]$_DFFE_PP_/D
96	0.2142	uI.uJ.state[K]	uI.state[J]	u1.u1.state[3]$_DFFE_PP0P_/Q	u2.state[10]$_DFF_PP0_/D
97	0.2151	uI.uJ.state[K]	uI.uJ.ch_eol	u1.u1.state[1]$_DFFE_PP0P_/Q	u0.u14.ch_eol$_DFFE_PP0P_/D
98	0.2205	uI.state[J]	uI.ack_o[J]	u2.state[3]$_DFF_PP0_/Q	u1.ack_o[15]$_DFF_P_/D
99	0.2212	uI.ch_sel_r[J]	uI.adrJ_cnt[K]	u1.ch_sel_r[4]$_DFFE_PP0P_/Q	u2.adr1_cnt[10]$_DFFE_PP_/D
100	0.2214	wbI_ack_i	uI.mastJ_adr[K]	wb1_ack_i	u2.mast0_adr[10]$_DFF_P_/D
101	0.2214	uI.ch_sel_r[J]	uI.uJ.mast_we_r	u1.ch_sel_r[0]$_DFFE_PP0P_/Q	u3.u0.mast_we_r$_DFF_P_/D
102	0.2214	uI.uJ.pri_outK[L]	uI.uJ.mast_cyc	u1.u0.pri_out0[1]$_DFF_P_/Q	u3.u0.mast_cyc$_DFF_P_/D
103	0.2290	uI.ch_sel_r[J]	uI.uJ.ch_txsz_s[K]	u1.ch_sel_r[4]$_DFFE_PP0P_/Q	u0.u5.ch_txsz_s[10]$_DFFE_PP_/D
104	0.2291	uI.uJ.state[K]	uI.uJ.mast_cyc	u1.u1.state[3]$_DFFE_PP0P_/Q	u3.u0.mast_cyc$_DFF_P_/D
105	0.2303	uI.uJ.state[K]	uI.uJ.pointer_r[K]	u1.u1.state[1]$_DFFE_PP0P_/Q	u0.u11.pointer_r[10]$_DFFE_PP_/D
106	0.2308	uI.ch_sel_r[J]	uI.tsz_cnt[J]	u1.ch_sel_r[0]$_DFFE_PP0P_/Q	u2.tsz_cnt[10]$_DFFE_PP_/D
107	0.2319	uI.uJ.pri_outK[L]	uI.uJ.ptr_valid	u1.u0.pri_out0[1]$_DFF_P_/Q	u0.u14.ptr_valid$_DFFE_PP0P_/D
108	0.2325	uI.ch_sel_r[J]	uI.uJ.ch_csr_r[K]	u1.ch_sel_r[4]$_DFFE_PP0P_/Q	u0.u5.ch_csr_r[1]$_DFFE_PP0P_/D
109	0.2335	uI.uJ.pri_outK[L]	uI.uJ.int_src_r[K]	u1.u0.pri_out0[1]$_DFF_P_/Q	u0.u14.int_src_r[1]$_DFFE_PP0P_/D
110	0.2369	uI.ch_sel_r[J]	uI.uJ.ch_adrK_s[L]	u1.ch_sel_r[4]$_DFFE_PP0P_/Q	u0.u5.ch_adr1_s[29]$_DFFE_PP_/D
111	0.2395	uI.ch_sel_r[J]	uI.uJ.pointer_sr[K]	u1.ch_sel_r[4]$_DFFE_PP0P_/Q	u0.u5.pointer_sr[18]$_DFFE_PP_/D
112	0.2405	uI.ch_sel_r[J]	uI.uJ.ch_chk_sz_r[K]	u1.ch_sel_r[4]$_DFFE_PP0P_/Q	u0.u5.ch_chk_sz_r[0]$_DFFE_PP_/D
113	0.2448	uI.uJ.pri_outK[L]	uI.tsz_cnt_is_J_r	u1.u0.pri_out0[1]$_DFF_P_/Q	u2.tsz_cnt_is_0_r$_DFF_P_/D
114	0.2474	wbI_ack_i	uI.uJ.mast_stb	wb1_ack_i	u4.u0.mast_stb$_DFF_P_/D
115	0.2475	uI.uJ.pri_outK[L]	uI.uJ.ch_rl	u1.u0.pri_out0[1]$_DFF_P_/Q	u0.u14.ch_rl$_DFF_P_/D
116	0.2481	uI.uJ.state[K]	uI.uJ.ptr_valid	u1.u1.state[1]$_DFFE_PP0P_/Q	u0.u14.ptr_valid$_DFFE_PP0P_/D
117	0.2485	uI.ch_sel_r[J]	uI.chunk_J	u1.ch_sel_r[4]$_DFFE_PP0P_/Q	u2.chunk_0$_DFF_P_/D
118	0.2497	uI.uJ.state[K]	uI.uJ.int_src_r[K]	u1.u1.state[1]$_DFFE_PP0P_/Q	u0.u14.int_src_r[1]$_DFFE_PP0P_/D
119	0.2503	uI.ch_sel_r[J]	uI.uJ.ch_tot_sz_r[K]	u1.ch_sel_r[4]$_DFFE_PP0P_/Q	u0.u5.ch_tot_sz_r[10]$_DFFE_PP_/D
120	0.2505	uI.ch_sel_r[J]	uI.uJ.mast_cyc	u1.ch_sel_r[0]$_DFFE_PP0P_/Q	u3.u0.mast_cyc$_DFF_P_/D
121	0.2509	uI.uJ.pri_outK[L]	uI.ch_sel_r[J]	u1.u0.pri_out0[1]$_DFF_P_/Q	u1.ch_sel_r[0]$_DFFE_PP0P_/D
122	0.2511	uI.uJ.pri_outK[L]	uI.chunk_cnt[J]	u1.u0.pri_out0[1]$_DFF_P_/Q	u2.chunk_cnt[3]$_DFFE_PP_/D
123	0.2519	uI.uJ.state[K]	uI.tsz_cnt_is_J_r	u1.u1.state[3]$_DFFE_PP0P_/Q	u2.tsz_cnt_is_0_r$_DFF_P_/D
124	0.2526	uI.uJ.pri_outK[L]	uI.uJ.ch_adrK_r[L]	u1.u0.pri_out0[1]$_DFF_P_/Q	u0.u11.ch_adr0_r[25]$_DFFE_PP_/D
125	0.2577	wbI_ack_i	uI.adrJ_cnt[K]	wb1_ack_i	u2.adr1_cnt[10]$_DFFE_PP_/D
126	0.2624	uI.uJ.pri_outK[L]	uI.ack_o[J]	u1.u0.pri_out0[1]$_DFF_P_/Q	u1.ack_o[9]$_DFF_P_/D
127	0.2636	uI.state[J]	uI.write_hold_r	u2.state[3]$_DFF_PP0_/Q	u2.write_hold_r$_DFF_P_/D
128	0.2637	uI.uJ.state[K]	uI.uJ.ch_rl	u1.u1.state[1]$_DFFE_PP0P_/Q	u0.u14.ch_rl$_DFF_P_/D
129	0.2653	uI.uJ.state[K]	uI.uJ.ch_adrK_s[L]	u1.u1.state[4]$_DFFE_PP0P_/Q	u0.u5.ch_adr1_s[29]$_DFFE_PP_/D
130	0.2678	uI.ch_sel_r[J]	uI.uJ.ch_adrK_r[L]	u1.ch_sel_r[4]$_DFFE_PP0P_/Q	u0.u5.ch_adr1_r[19]$_DFFE_PP_/D
131	0.2686	uI.ch_sel_r[J]	uI.state[J]	u1.ch_sel_r[4]$_DFFE_PP0P_/Q	u2.state[10]$_DFF_PP0_/D
132	0.2688	uI.uJ.state[K]	uI.uJ.ch_adrK_r[L]	u1.u1.state[1]$_DFFE_PP0P_/Q	u0.u11.ch_adr0_r[25]$_DFFE_PP_/D
133	0.2698	uI.uJ.state[K]	uI.write_r	u1.u1.state[3]$_DFFE_PP0P_/Q	u2.write_r$_DFF_P_/D
134	0.2733	wbI_ack_i	uI.chunk_dec	wb1_ack_i	u2.chunk_dec$_DFF_P_/D
135	0.2744	uI.ch_sel_r[J]	uI.uJ.ptr_valid	u1.ch_sel_r[4]$_DFFE_PP0P_/Q	u0.u5.ptr_valid$_DFFE_PP0P_/D
136	0.2745	uI.ch_sel_r[J]	uI.uJ.ch_done	u1.ch_sel_r[0]$_DFFE_PP0P_/Q	u0.u14.ch_done$_DFFE_PP0P_/D
137	0.2764	uI.uJ.pri_outK[L]	uI.write_r	u1.u0.pri_out0[1]$_DFF_P_/Q	u2.write_r$_DFF_P_/D
138	0.2799	uI.uJ.state[K]	uI.ack_o[J]	u1.u1.state[1]$_DFFE_PP0P_/Q	u1.ack_o[15]$_DFF_P_/D
139	0.2799	uI.state[J]	uI.uJ.ch_err	u2.state[3]$_DFF_PP0_/Q	u0.u1.ch_err$_DFFE_PP0P_/D
140	0.2813	uI.uJ.state[K]	uI.ch_sel_r[J]	u1.u1.state[3]$_DFFE_PP0P_/Q	u1.ch_sel_r[0]$_DFFE_PP0P_/D
141	0.2816	uI.uJ.state[K]	uI.chunk_cnt[J]	u1.u1.state[3]$_DFFE_PP0P_/Q	u2.chunk_cnt[3]$_DFFE_PP_/D
142	0.2816	uI.state[J]	uI.next_ch	u2.state[3]$_DFF_PP0_/Q	u2.next_ch$_DFF_P_/D
143	0.2830	uI.uJ.pri_outK[L]	uI.uJ.ch_adrK_s[L]	u1.u0.pri_out0[1]$_DFF_P_/Q	u0.u4.ch_adr1_s[19]$_DFFE_PP_/D
144	0.2926	uI.ch_sel_r[J]	uI.uJ.pointer_r[K]	u1.ch_sel_r[4]$_DFFE_PP0P_/Q	u0.u5.pointer_r[16]$_DFFE_PP_/D
145	0.2968	uI.ch_sel_r[J]	uI.uJ.ch_eol	u1.ch_sel_r[4]$_DFFE_PP0P_/Q	u0.u5.ch_eol$_DFFE_PP0P_/D
146	0.2998	uI.ch_sel_r[J]	uI.tsz_cnt_is_J_r	u1.ch_sel_r[4]$_DFFE_PP0P_/Q	u2.tsz_cnt_is_0_r$_DFF_P_/D
147	0.3023	wbI_ack_i	uI.read_r	wb1_ack_i	u2.read_r$_DFF_P_/D
148	0.3050	wbI_ack_i	uI.state[J]	wb1_ack_i	u2.state[10]$_DFF_PP0_/D
149	0.3053	uI.ch_sel_r[J]	uI.ch_sel_r[J]	u1.ch_sel_r[4]$_DFFE_PP0P_/Q	u1.ch_sel_r[0]$_DFFE_PP0P_/D
150	0.3055	uI.ch_sel_r[J]	uI.chunk_cnt[J]	u1.ch_sel_r[4]$_DFFE_PP0P_/Q	u2.chunk_cnt[3]$_DFFE_PP_/D
151	0.3072	uI.ch_sel_r[J]	uI.ack_o[J]	u1.ch_sel_r[4]$_DFFE_PP0P_/Q	u1.ack_o[5]$_DFF_P_/D
152	0.3092	uI.state[J]	uI.next_start	u2.state[3]$_DFF_PP0_/Q	u1.next_start$_DFF_P_/D
153	0.3093	uI.uJ.slv_adr[K]	uI.uJ.ch_tot_sz_r[K]	u3.u1.slv_adr[6]$_DFF_P_/QN	u0.u9.ch_tot_sz_r[10]$_DFFE_PP_/D
154	0.3136	uI.uJ.slv_adr[K]	uI.uJ.pointer_r[K]	u3.u1.slv_adr[6]$_DFF_P_/QN	u0.u14.pointer_r[10]$_DFFE_PP_/D
155	0.3146	uI.ch_sel_r[J]	uI.write_r	u1.ch_sel_r[4]$_DFFE_PP0P_/Q	u2.write_r$_DFF_P_/D
156	0.3219	uI.ch_sel_r[J]	uI.uJ.int_src_r[K]	u1.ch_sel_r[4]$_DFFE_PP0P_/Q	u0.u5.int_src_r[0]$_DFFE_PP0P_/D
157	0.3221	uI.uJ.slv_adr[K]	uI.uJ.ch_csr_rK[L]	u3.u1.slv_adr[6]$_DFF_P_/QN	u0.u14.ch_csr_r3[0]$_DFFE_PP0P_/D
158	0.3236	uI.uJ.state[K]	uI.uJ.ch_err	u1.u2.state[2]$_DFFE_PP0P_/Q	u0.u3.ch_err$_DFFE_PP0P_/D
159	0.3269	uI.uJ.state[K]	uI.uJ.state[K]	u1.u1.state[4]$_DFFE_PP0P_/Q	u1.u1.state[2]$_DFFE_PP0P_/D
160	0.3279	wbI_ack_i	uI.uJ.mast_we_r	wb1_ack_i	u4.u0.mast_we_r$_DFF_P_/D
161	0.3281	uI.uJ.slv_adr[K]	uI.uJ.ch_txsz_s[K]	u3.u1.slv_adr[6]$_DFF_P_/QN	u0.u9.ch_txsz_s[2]$_DFFE_PP_/D
162	0.3281	uI.uJ.slv_adr[K]	uI.uJ.ch_sz_inf	u3.u1.slv_adr[6]$_DFF_P_/QN	u0.u9.ch_sz_inf$_DFFE_PP_/D
163	0.3304	uI.uJ.state[K]	uI.write_hold_r	u1.u1.state[3]$_DFFE_PP0P_/Q	u2.write_hold_r$_DFF_P_/D
164	0.3315	uI.uJ.ch_csr_r[K]	uI.mastJ_adr[K]	u0.u13.ch_csr_r[1]$_DFFE_PP0P_/Q	u2.mast0_adr[10]$_DFF_P_/D
165	0.3370	uI.uJ.pri_outK[L]	uI.write_hold_r	u1.u0.pri_out0[1]$_DFF_P_/Q	u2.write_hold_r$_DFF_P_/D
166	0.3372	uI.uJ.pri_outK[L]	uI.uJ.ch_err	u1.u0.pri_out0[1]$_DFF_P_/Q	u0.u3.ch_err$_DFFE_PP0P_/D
167	0.3383	uI.state[J]	uI.de_start_r	u2.state[3]$_DFF_PP0_/Q	u1.de_start_r$_DFF_P_/D
168	0.3384	uI.uJ.slv_adr[K]	uI.uJ.ch_chk_sz_r[K]	u3.u1.slv_adr[6]$_DFF_P_/QN	u0.u9.ch_chk_sz_r[4]$_DFFE_PP_/D
169	0.3493	uI.uJ.slv_adr[K]	uI.uJ.ch_stop	u3.u1.slv_adr[6]$_DFF_P_/QN	u0.u14.ch_stop$_DFF_P_/D
170	0.3517	uI.uJ.slv_adr[K]	_I_	u3.u1.slv_adr[2]$_DFF_P_/Q	_51989_/D
171	0.3517	uI.uJ.slv_adr[K]	uI.uJ.ch_amK_r[L]	u3.u1.slv_adr[9]$_DFF_P_/Q	u0.u0.ch_am1_r[0]$_DFFE_PP1P_/D
172	0.3538	wbI_ack_i	uI.uJ.mast_cyc	wb0_ack_i	u3.u0.mast_cyc$_DFF_P_/D
173	0.3576	uI.uJ.ch_csr_r[K]	uI.uJ.mast_stb	u0.u13.ch_csr_r[1]$_DFFE_PP0P_/Q	u4.u0.mast_stb$_DFF_P_/D
174	0.3583	uI.uJ.slv_adr[K]	uI.uJ.ch_adrK_r[L]	u3.u1.slv_adr[9]$_DFF_P_/Q	u0.u6.ch_adr0_r[0]$_DFFE_PP_/D
175	0.3587	uI.uJ.slv_adr[K]	uI.uJ.sw_pointer_r[K]	u3.u1.slv_adr[6]$_DFF_P_/Q	u0.u11.sw_pointer_r[0]$_DFFE_PP0P_/D
176	0.3591	uI.ch_sel_r[J]	uI.uJ.ch_rl	u1.ch_sel_r[4]$_DFFE_PP0P_/Q	u0.u14.ch_rl$_DFF_P_/D
177	0.3603	uI.uJ.mast_dout[K]	wbIs_data_o[J]	u3.u0.mast_dout[10]$_DFFE_PP_/Q	wb0s_data_o[10]
178	0.3606	wbI_ack_i	uI.write_r	wb1_ack_i	u2.write_r$_DFF_P_/D
179	0.3617	uI.uJ.slv_adr[K]	uI.uJ.ch_adrK_s[L]	u3.u1.slv_adr[9]$_DFF_P_/Q	u0.u2.ch_adr1_s[29]$_DFFE_PP_/D
180	0.3678	uI.uJ.ch_csr_r[K]	uI.adrJ_cnt[K]	u0.u13.ch_csr_r[1]$_DFFE_PP0P_/Q	u2.adr1_cnt[10]$_DFFE_PP_/D
181	0.3769	uI.uJ.slv_adr[K]	uI.uJ.ch_done	u3.u1.slv_adr[6]$_DFF_P_/QN	u0.u14.ch_done$_DFFE_PP0P_/D
182	0.3769	uI.uJ.slv_adr[K]	uI.uJ.rest_en	u3.u1.slv_adr[6]$_DFF_P_/QN	u0.u14.rest_en$_DFFE_PP0P_/D
183	0.3834	uI.uJ.ch_csr_r[K]	uI.chunk_dec	u0.u13.ch_csr_r[1]$_DFFE_PP0P_/Q	u2.chunk_dec$_DFF_P_/D
184	0.3848	uI.ch_sel_r[J]	uI.write_hold_r	u1.ch_sel_r[4]$_DFFE_PP0P_/Q	u2.write_hold_r$_DFF_P_/D
185	0.3932	uI.uJ.state[K]	uI.next_ch	u1.u1.state[3]$_DFFE_PP0P_/Q	u2.next_ch$_DFF_P_/D
186	0.3933	uI.uJ.pri_outK[L]	uI.next_ch	u1.u0.pri_out0[1]$_DFF_P_/Q	u2.next_ch$_DFF_P_/D
187	0.3975	uI.uJ.slv_adr[K]	uI.int_maska_r[J]	u3.u1.slv_adr[9]$_DFF_P_/Q	u0.int_maska_r[10]$_DFFE_PP0P_/D
188	0.3979	uI.uJ.ch_csr_r[K]	uI.uJ.state[K]	u0.u14.ch_csr_r[5]$_DFFE_PP0P_/Q	u1.u1.state[2]$_DFFE_PP0P_/D
189	0.4002	uI.uJ.slv_adr[K]	uI.wb_rf_dout[J]	u3.u1.slv_adr[4]$_DFF_P_/Q	u0.wb_rf_dout[0]$_DFFE_PP_/D
190	0.4038	uI.ch_sel_r[J]	uI.uJ.ch_err	u1.ch_sel_r[0]$_DFFE_PP0P_/Q	u0.u3.ch_err$_DFFE_PP0P_/D
191	0.4070	wbI_addr_i[J]	uI.uJ.slv_re	wb0_addr_i[28]	u3.u1.slv_re$_DFF_P_/D
192	0.4117	uI.uJ.slv_adr[K]	uI.uJ.int_src_r[K]	u3.u1.slv_adr[6]$_DFF_P_/QN	u0.u14.int_src_r[0]$_DFFE_PP0P_/D
193	0.4125	uI.uJ.ch_csr_r[K]	uI.read_r	u0.u13.ch_csr_r[1]$_DFFE_PP0P_/Q	u2.read_r$_DFF_P_/D
194	0.4125	uI.state[J]	uI.uJ.ch_busy	u2.state[3]$_DFF_PP0_/Q	u0.u0.ch_busy$_DFF_P_/D
195	0.4151	uI.uJ.ch_csr_r[K]	uI.state[J]	u0.u13.ch_csr_r[1]$_DFFE_PP0P_/Q	u2.state[10]$_DFF_PP0_/D
196	0.4178	uI.tsz_cnt[J]	wbIs_data_o[J]	u2.tsz_cnt[7]$_DFFE_PP_/Q	wb0s_data_o[7]
197	0.4194	uI.uJ.ch_csr_r[K]	uI.tsz_cnt[J]	u0.u7.ch_csr_r[0]$_DFFE_PP0P_/Q	u2.tsz_cnt[10]$_DFFE_PP_/D
198	0.4201	wbI_ack_i	uI.uJ.mast_dout[K]	wb1_ack_i	u4.u0.mast_dout[10]$_DFFE_PP_/D
199	0.4279	uI.uJ.state[K]	uI.next_start	u1.u1.state[0]$_DFFE_PP0P_/Q	u1.next_start$_DFF_P_/D
200	0.4302	uI.uJ.pri_outK[L]	uI.next_start	u1.u0.pri_out0[1]$_DFF_P_/Q	u1.next_start$_DFF_P_/D
201	0.4332	uI.ch_sel_r[J]	uI.next_start	u1.ch_sel_r[0]$_DFFE_PP0P_/Q	u1.next_start$_DFF_P_/D
202	0.4334	uI.req_r[J]	uI.uJ.state[K]	u1.req_r[3]$_DFF_P_/Q	u1.u1.state[2]$_DFFE_PP0P_/D
203	0.4373	uI.uJ.slv_adr[K]	uI.uJ.ch_err	u3.u1.slv_adr[9]$_DFF_P_/Q	u0.u3.ch_err$_DFFE_PP0P_/D
204	0.4380	uI.uJ.ch_csr_r[K]	uI.uJ.mast_we_r	u0.u13.ch_csr_r[1]$_DFFE_PP0P_/Q	u4.u0.mast_we_r$_DFF_P_/D
205	0.4383	wbI_ack_i	uI.write_hold_r	wb1_ack_i	u2.write_hold_r$_DFF_P_/D
206	0.4384	wbI_addr_i[J]	uI.uJ.slv_we	wb0_addr_i[28]	u3.u1.slv_we$_DFF_P_/D
207	0.4397	uI.ch_sel_r[J]	uI.next_ch	u1.ch_sel_r[4]$_DFFE_PP0P_/Q	u2.next_ch$_DFF_P_/D
208	0.4414	uI.uJ.ch_csr_r[K]	uI.ch_sel_r[J]	u0.u6.ch_csr_r[5]$_DFFE_PP0P_/Q	u1.ch_sel_r[0]$_DFFE_PP0P_/D
209	0.4416	uI.uJ.ch_csr_r[K]	uI.chunk_cnt[J]	u0.u6.ch_csr_r[5]$_DFFE_PP0P_/Q	u2.chunk_cnt[3]$_DFFE_PP_/D
210	0.4483	uI.uJ.ch_csr_rK[L]	uI.uJ.state[K]	u0.u12.ch_csr_r2[0]$_DFFE_PP0P_/Q	u1.u2.state[0]$_DFFE_PP0P_/D
211	0.4528	uI.ack_o[J]	uI.uJ.state[K]	u1.ack_o[3]$_DFF_P_/QN	u1.u1.state[2]$_DFFE_PP0P_/D
212	0.4571	uI.uJ.state[K]	uI.de_start_r	u1.u1.state[0]$_DFFE_PP0P_/Q	u1.de_start_r$_DFF_P_/D
213	0.4593	uI.uJ.pri_outK[L]	uI.de_start_r	u1.u0.pri_out0[1]$_DFF_P_/Q	u1.de_start_r$_DFF_P_/D
214	0.4603	wbI_cyc_i	uI.uJ.slv_re	wb1_cyc_i	u4.u1.slv_re$_DFF_P_/D
215	0.4624	uI.ch_sel_r[J]	uI.de_start_r	u1.ch_sel_r[0]$_DFFE_PP0P_/Q	u1.de_start_r$_DFF_P_/D
216	0.4633	uI.req_r[J]	uI.adrJ_cnt[K]	u1.req_r[6]$_DFF_P_/Q	u2.adr0_cnt[2]$_DFFE_PP_/D
217	0.4683	uI.ndr_r[J]	uI.uJ.ch_done	u1.ndr_r[14]$_DFF_P_/Q	u0.u14.ch_done$_DFFE_PP0P_/D
218	0.4686	uI.req_r[J]	uI.tsz_cnt[J]	u1.req_r[6]$_DFF_P_/Q	u2.tsz_cnt[9]$_DFFE_PP_/D
219	0.4708	uI.uJ.ch_csr_r[K]	uI.write_r	u0.u13.ch_csr_r[1]$_DFFE_PP0P_/Q	u2.write_r$_DFF_P_/D
220	0.4710	uI.uJ.ch_sz_inf	uI.mastJ_adr[K]	u0.u12.ch_sz_inf$_DFFE_PP_/Q	u2.mast0_adr[10]$_DFF_P_/D
221	0.4751	uI.ack_o[J]	uI.adrJ_cnt[K]	u1.ack_o[6]$_DFF_P_/QN	u2.adr0_cnt[2]$_DFFE_PP_/D
222	0.4757	uI.ndr_r[J]	uI.mastJ_adr[K]	u1.ndr_r[6]$_DFF_P_/Q	u2.mast0_adr[15]$_DFF_P_/D
223	0.4768	uI.uJ.ch_csr_r[K]	uI.uJ.mast_cyc	u0.u8.ch_csr_r[8]$_DFFE_PP0P_/Q	u3.u0.mast_cyc$_DFF_P_/D
224	0.4805	uI.ack_o[J]	uI.tsz_cnt[J]	u1.ack_o[6]$_DFF_P_/QN	u2.tsz_cnt[9]$_DFFE_PP_/D
225	0.4843	uI.adrJ_cnt[K]	uI.adrJ_cnt[K]	u2.adr1_cnt[22]$_DFFE_PP_/Q	u2.adr1_cnt[29]$_DFFE_PP_/D
226	0.4849	uI.req_r[J]	uI.ch_sel_r[J]	u1.req_r[6]$_DFF_P_/Q	u1.ch_sel_r[0]$_DFFE_PP0P_/D
227	0.4850	uI.tsz_cnt[J]	uI.mastJ_adr[K]	u2.tsz_cnt[3]$_DFFE_PP_/Q	u2.mast0_adr[10]$_DFF_P_/D
228	0.4851	uI.req_r[J]	uI.chunk_cnt[J]	u1.req_r[6]$_DFF_P_/Q	u2.chunk_cnt[3]$_DFFE_PP_/D
229	0.4917	wbI_cyc_i	uI.uJ.slv_we	wb1_cyc_i	u4.u1.slv_we$_DFF_P_/D
230	0.4954	uI.uJ.slv_we	uI.uJ.ch_tot_sz_r[K]	u3.u1.slv_we$_DFF_P_/Q	u0.u9.ch_tot_sz_r[10]$_DFFE_PP_/D
231	0.4967	uI.ack_o[J]	uI.ch_sel_r[J]	u1.ack_o[6]$_DFF_P_/QN	u1.ch_sel_r[0]$_DFFE_PP0P_/D
232	0.4970	uI.ack_o[J]	uI.chunk_cnt[J]	u1.ack_o[6]$_DFF_P_/QN	u2.chunk_cnt[3]$_DFFE_PP_/D
233	0.4997	uI.ndr_r[J]	uI.uJ.ch_csr_r[K]	u1.ndr_r[14]$_DFF_P_/Q	u0.u14.ch_csr_r[0]$_DFFE_PP0P_/D
234	0.5009	uI.ndr_r[J]	uI.uJ.ch_eol	u1.ndr_r[14]$_DFF_P_/Q	u0.u14.ch_eol$_DFFE_PP0P_/D
235	0.5022	wbI_err_i	uI.dma_abort_r	wb1_err_i	u2.dma_abort_r$_DFF_P_/D
236	0.5025	wbI_stb_i	uI.uJ.slv_re	wb0_stb_i	u3.u1.slv_re$_DFF_P_/D
237	0.5030	uI.uJ.ch_sz_inf	uI.uJ.mast_stb	u0.u12.ch_sz_inf$_DFFE_PP_/Q	u4.u0.mast_stb$_DFF_P_/D
238	0.5056	wbI_cyc_i	uI.uJ.rf_ack	wb0_cyc_i	u3.u1.rf_ack$_DFF_P_/D
239	0.5074	uI.ndr_r[J]	uI.uJ.mast_stb	u1.ndr_r[14]$_DFF_P_/Q	u3.u0.mast_stb$_DFF_P_/D
240	0.5078	uI.uJ.slv_we	uI.uJ.ch_chk_sz_r[K]	u3.u1.slv_we$_DFF_P_/Q	u0.u6.ch_chk_sz_r[4]$_DFFE_PP_/D
241	0.5099	uI.uJ.ch_sz_inf	uI.chunk_dec	u0.u12.ch_sz_inf$_DFFE_PP_/Q	u2.chunk_dec$_DFF_P_/D
242	0.5102	uI.uJ.slv_we	uI.uJ.ch_sz_inf	u3.u1.slv_we$_DFF_P_/Q	u0.u11.ch_sz_inf$_DFFE_PP_/D
243	0.5109	_I_	wbIm_data_o[J]	_51994_/Q	wb0m_data_o[10]
244	0.5111	uI.uJ.slv_adr[K]	uI.int_maskb_r[J]	u3.u1.slv_adr[2]$_DFF_P_/Q	u0.int_maskb_r[10]$_DFFE_PP0P_/D
245	0.5111	uI.wb_rf_dout[J]	wbIm_data_o[J]	u0.wb_rf_dout[0]$_DFFE_PP_/Q	wb0m_data_o[0]
246	0.5116	uI.ndr_r[J]	uI.uJ.mast_cyc	u1.ndr_r[14]$_DFF_P_/Q	u3.u0.mast_cyc$_DFF_P_/D
247	0.5124	uI.uJ.slv_we	uI.uJ.ch_txsz_s[K]	u3.u1.slv_we$_DFF_P_/Q	u0.u3.ch_txsz_s[9]$_DFFE_PP_/D
248	0.5136	uI.req_r[J]	uI.state[J]	u1.req_r[6]$_DFF_P_/Q	u2.state[0]$_DFF_PP1_/D
249	0.5142	uI.mastJ_adr[K]	wbI_addr_o[J]	u2.mast0_adr[30]$_DFF_P_/Q	wb0_addr_o[30]
250	0.5145	uI.uJ.rf_ack	wbI_ack_o	u3.u1.rf_ack$_DFF_P_/Q	wb0_ack_o
251	0.5145	uI.uJ.mast_stb	wbI_stb_o	u3.u0.mast_stb$_DFF_P_/Q	wb0_stb_o
252	0.5145	uI.uJ.mast_we_r	wbI_we_o	u3.u0.mast_we_r$_DFF_P_/Q	wb0_we_o
253	0.5149	uI.ndr_r[J]	uI.uJ.mast_we_r	u1.ndr_r[6]$_DFF_P_/Q	u3.u0.mast_we_r$_DFF_P_/D
254	0.5169	uI.tsz_cnt[J]	uI.uJ.mast_stb	u2.tsz_cnt[3]$_DFFE_PP_/Q	u4.u0.mast_stb$_DFF_P_/D
255	0.5206	uI.mastJ_drdy_r	uI.uJ.ch_chk_sz_r[K]	u2.mast0_drdy_r$_DFF_P_/Q	u0.u9.ch_chk_sz_r[0]$_DFFE_PP_/D
256	0.5212	uI.mastJ_drdy_r	uI.uJ.ch_tot_sz_r[K]	u2.mast0_drdy_r$_DFF_P_/Q	u0.u9.ch_tot_sz_r[10]$_DFFE_PP_/D
257	0.5216	uI.ndr_r[J]	uI.uJ.ptr_valid	u1.ndr_r[14]$_DFF_P_/Q	u0.u0.ptr_valid$_DFFE_PP0P_/D
258	0.5236	uI.uJ.pri_outK[L]	uI.uJ.ch_busy	u1.u0.pri_out0[1]$_DFF_P_/Q	u0.u11.ch_busy$_DFF_P_/D
259	0.5237	uI.ndr_r[J]	uI.uJ.int_src_r[K]	u1.ndr_r[14]$_DFF_P_/Q	u0.u14.int_src_r[1]$_DFFE_PP0P_/D
260	0.5239	uI.tsz_cnt[J]	uI.chunk_dec	u2.tsz_cnt[3]$_DFFE_PP_/Q	u2.chunk_dec$_DFF_P_/D
261	0.5254	uI.ack_o[J]	uI.state[J]	u1.ack_o[6]$_DFF_P_/QN	u2.state[0]$_DFF_PP1_/D
262	0.5276	uI.uJ.mast_cyc	wbI_cyc_o	u3.u0.mast_cyc$_DFF_P_/Q	wb0_cyc_o
263	0.5283	dma_rest_i[I]	uI.uJ.ptr_valid	dma_rest_i[2]	u0.u2.ptr_valid$_DFFE_PP0P_/D
264	0.5292	uI.uJ.ch_chk_sz_r[K]	uI.chunk_J	u0.u15.ch_chk_sz_r[8]$_DFFE_PP_/Q	u2.chunk_0$_DFF_P_/D
265	0.5312	uI.tsz_cnt[J]	uI.tsz_cnt[J]	u2.tsz_cnt[2]$_DFFE_PP_/Q	u2.tsz_cnt[11]$_DFFE_PP_/D
266	0.5314	uI.uJ.ch_csr_r[K]	uI.write_hold_r	u0.u13.ch_csr_r[1]$_DFFE_PP0P_/Q	u2.write_hold_r$_DFF_P_/D
267	0.5319	uI.chunk_cnt[J]	uI.uJ.ch_done	u2.chunk_cnt[1]$_DFFE_PP_/QN	u0.u14.ch_done$_DFFE_PP0P_/D
268	0.5324	uI.chunk_cnt[J]	uI.uJ.ch_csr_r[K]	u2.chunk_cnt[1]$_DFFE_PP_/QN	u0.u14.ch_csr_r[0]$_DFFE_PP0P_/D
269	0.5336	uI.chunk_cnt[J]	uI.uJ.ch_eol	u2.chunk_cnt[1]$_DFFE_PP_/QN	u0.u14.ch_eol$_DFFE_PP0P_/D
270	0.5339	wbI_stb_i	uI.uJ.slv_we	wb0_stb_i	u3.u1.slv_we$_DFF_P_/D
271	0.5360	uI.mastJ_drdy_r	uI.uJ.ch_txsz_s[K]	u2.mast0_drdy_r$_DFF_P_/Q	u0.u9.ch_txsz_s[8]$_DFFE_PP_/D
272	0.5380	uI.uJ.int_src_r[K]	_I_	u0.u13.int_src_r[2]$_DFFE_PP0P_/Q	_51997_/D
273	0.5382	uI.uJ.ch_sz_inf	uI.read_r	u0.u12.ch_sz_inf$_DFFE_PP_/Q	u2.read_r$_DFF_P_/D
274	0.5398	uI.uJ.state[K]	uI.uJ.ch_busy	u1.u1.state[1]$_DFFE_PP0P_/Q	u0.u11.ch_busy$_DFF_P_/D
275	0.5426	wbI_stb_i	uI.uJ.rf_ack	wb0_stb_i	u3.u1.rf_ack$_DFF_P_/D
276	0.5434	uI.chunk_cnt[J]	uI.mastJ_adr[K]	u2.chunk_cnt[1]$_DFFE_PP_/QN	u2.mast0_adr[10]$_DFF_P_/D
277	0.5440	uI.uJ.ch_csr_rK[L]	_I_	u0.u13.ch_csr_r3[2]$_DFFE_PP0P_/Q	_51997_/D
278	0.5475	uI.uJ.ch_sz_inf	uI.ack_o[J]	u0.u12.ch_sz_inf$_DFFE_PP_/Q	u1.ack_o[0]$_DFF_P_/D
279	0.5501	wbIs_data_i[J]	uI.uJ.mast_dout[K]	wb0s_data_i[20]	u3.u0.mast_dout[20]$_DFFE_PP_/D
280	0.5521	uI.tsz_cnt[J]	uI.read_r	u2.tsz_cnt[3]$_DFFE_PP_/Q	u2.read_r$_DFF_P_/D
281	0.5549	uI.mastJ_drdy_r	uI.uJ.ch_adrK_s[L]	u2.mast0_drdy_r$_DFF_P_/Q	u0.u4.ch_adr1_s[19]$_DFFE_PP_/D
282	0.5551	uI.uJ.ch_sz_inf	uI.uJ.int_src_r[K]	u0.u12.ch_sz_inf$_DFFE_PP_/Q	u0.u13.int_src_r[2]$_DFFE_PP0P_/D
283	0.5598	uI.ndr_r[J]	uI.uJ.ch_rl	u1.ndr_r[14]$_DFF_P_/Q	u0.u14.ch_rl$_DFF_P_/D
284	0.5614	uI.ack_o[J]	dma_ack_o[I]	u1.ack_o[0]$_DFF_P_/Q	dma_ack_o[0]
285	0.5614	uI.inta_o	inta_o	u0.inta_o$_DFF_P_/Q	inta_o
286	0.5614	uI.intb_o	intb_o	u0.intb_o$_DFF_P_/Q	intb_o
287	0.5615	uI.tsz_cnt[J]	uI.ack_o[J]	u2.tsz_cnt[3]$_DFFE_PP_/Q	u1.ack_o[0]$_DFF_P_/D
288	0.5646	wbI_we_i	uI.uJ.slv_re	wb0_we_i	u3.u1.slv_re$_DFF_P_/D
289	0.5666	uI.chunk_cnt[J]	uI.uJ.ptr_valid	u2.chunk_cnt[1]$_DFFE_PP_/QN	u0.u14.ptr_valid$_DFFE_PP0P_/D
290	0.5682	uI.chunk_cnt[J]	uI.uJ.int_src_r[K]	u2.chunk_cnt[1]$_DFFE_PP_/QN	u0.u14.int_src_r[1]$_DFFE_PP0P_/D
291	0.5690	uI.tsz_cnt[J]	uI.uJ.int_src_r[K]	u2.tsz_cnt[3]$_DFFE_PP_/Q	u0.u13.int_src_r[2]$_DFFE_PP0P_/D
292	0.5695	uI.chunk_cnt[J]	uI.uJ.mast_stb	u2.chunk_cnt[1]$_DFFE_PP_/QN	u4.u0.mast_stb$_DFF_P_/D
293	0.5703	uI.uJ.ch_sz_inf	uI.uJ.mast_cyc	u0.u12.ch_sz_inf$_DFFE_PP_/Q	u3.u0.mast_cyc$_DFF_P_/D
294	0.5724	uI.mastJ_drdy_r	uI.uJ.ch_adrK_r[L]	u2.mast0_drdy_r$_DFF_P_/Q	u0.u11.ch_adr1_r[19]$_DFFE_PP_/D
295	0.5754	dma_rest_i[I]	uI.uJ.ch_rl	dma_rest_i[0]	u0.u0.ch_rl$_DFF_P_/D
296	0.5760	wbI_we_i	uI.uJ.slv_we	wb0_we_i	u3.u1.slv_we$_DFF_P_/D
297	0.5785	uI.uJ.ch_adrK_r[L]	_I_	u0.u13.ch_adr0_r[2]$_DFFE_PP_/Q	_51988_/D
298	0.5788	dma_nd_i[I]	uI.ndr_r[J]	dma_nd_i[0]	u1.ndr_r[0]$_DFF_P_/D
299	0.5810	dma_req_i[I]	uI.req_r[J]	dma_req_i[0]	u1.req_r[0]$_DFF_P_/D
300	0.5810	dma_req_i[I]	uI.ndr_r[J]	dma_req_i[0]	u1.ndr_r[0]$_DFF_P_/D
301	0.5818	uI.uJ.ch_sz_inf	uI.next_ch	u0.u12.ch_sz_inf$_DFFE_PP_/Q	u2.next_ch$_DFF_P_/D
302	0.5822	uI.chunk_cnt[J]	uI.uJ.ch_rl	u2.chunk_cnt[1]$_DFFE_PP_/QN	u0.u14.ch_rl$_DFF_P_/D
303	0.5834	dma_nd_i[I]	uI.ndnr[J]	dma_nd_i[0]	u1.ndnr[0]$_DFF_P_/D
304	0.5836	uI.uJ.rest_en	_I_	u0.u1.rest_en$_DFFE_PP0P_/Q	_52000_/D
305	0.5843	uI.tsz_cnt[J]	uI.uJ.mast_cyc	u2.tsz_cnt[3]$_DFFE_PP_/Q	u3.u0.mast_cyc$_DFF_P_/D
306	0.5864	uI.uJ.slv_we	uI.uJ.pointer_r[K]	u3.u1.slv_we$_DFF_P_/Q	u0.u11.pointer_r[10]$_DFFE_PP_/D
307	0.5873	uI.uJ.ch_sz_inf	uI.state[J]	u0.u12.ch_sz_inf$_DFFE_PP_/Q	u2.state[10]$_DFF_PP0_/D
308	0.5908	uI.uJ.ch_amK_r[L]	_I_	u0.u13.ch_am0_r[0]$_DFFE_PP1P_/Q	_51988_/D
309	0.5927	dma_req_i[I]	uI.ndnr[J]	dma_req_i[0]	u1.ndnr[0]$_DFF_P_/D
310	0.5953	uI.chunk_cnt[J]	uI.chunk_dec	u2.chunk_cnt[1]$_DFFE_PP_/QN	u2.chunk_dec$_DFF_P_/D
311	0.5953	uI.uJ.slv_we	uI.uJ.ch_adrK_r[L]	u3.u1.slv_we$_DFF_P_/Q	u0.u0.ch_adr0_r[0]$_DFFE_PP_/D
312	0.5958	uI.tsz_cnt[J]	uI.next_ch	u2.tsz_cnt[3]$_DFFE_PP_/Q	u2.next_ch$_DFF_P_/D
313	0.5975	uI.uJ.slv_we	uI.uJ.sw_pointer_r[K]	u3.u1.slv_we$_DFF_P_/Q	u0.u7.sw_pointer_r[4]$_DFFE_PP0P_/D
314	0.5979	uI.uJ.slv_we	uI.uJ.ch_amK_r[L]	u3.u1.slv_we$_DFF_P_/Q	u0.u5.ch_am0_r[0]$_DFFE_PP1P_/D
315	0.5992	uI.chunk_cnt[J]	uI.chunk_cnt[J]	u2.chunk_cnt[1]$_DFFE_PP_/QN	u2.chunk_cnt[8]$_DFFE_PP_/D
316	0.5996	uI.uJ.mast_dout[K]	uI.uJ.ch_txsz_s[K]	u3.u0.mast_dout[11]$_DFFE_PP_/Q	u0.u5.ch_txsz_s[11]$_DFFE_PP_/D
317	0.6006	uI.uJ.slv_we	uI.uJ.ch_csr_r[K]	u3.u1.slv_we$_DFF_P_/Q	u0.u6.ch_csr_r[1]$_DFFE_PP0P_/D
318	0.6006	uI.uJ.slv_we	uI.uJ.ch_csr_rK[L]	u3.u1.slv_we$_DFF_P_/Q	u0.u5.ch_csr_r2[0]$_DFFE_PP0P_/D
319	0.6013	uI.tsz_cnt[J]	uI.state[J]	u2.tsz_cnt[3]$_DFFE_PP_/Q	u2.state[10]$_DFF_PP0_/D
320	0.6017	uI.uJ.ch_sz_inf	uI.write_hold_r	u0.u12.ch_sz_inf$_DFFE_PP_/Q	u2.write_hold_r$_DFF_P_/D
321	0.6049	uI.uJ.sw_pointer_r[K]	_I_	u0.u12.sw_pointer_r[14]$_DFFE_PP0P_/Q	_52000_/D
322	0.6053	uI.uJ.slv_we	uI.uJ.ch_adrK_s[L]	u3.u1.slv_we$_DFF_P_/Q	u0.u13.ch_adr0_s[0]$_DFFE_PP_/D
323	0.6055	uI.uJ.ch_csr_r[K]	uI.uJ.pri_outK[L]	u0.u3.ch_csr_r[5]$_DFFE_PP0P_/Q	u1.u0.pri_out0[1]$_DFF_P_/D
324	0.6062	wbI_ack_i	uI.mastJ_drdy_r	wb0_ack_i	u2.mast0_drdy_r$_DFF_P_/D
325	0.6062	wbI_addr_i[J]	uI.uJ.slv_adr[K]	wb0_addr_i[2]	u3.u1.slv_adr[2]$_DFF_P_/D
326	0.6062	wbIm_data_i[J]	uI.uJ.slv_dout[K]	wb0m_data_i[0]	u3.u1.slv_dout[0]$_DFF_P_/D
327	0.6073	uI.int_maska_r[J]	_I_	u0.int_maska_r[13]$_DFFE_PP0P_/Q	_51997_/D
328	0.6075	uI.uJ.pointer_r[K]	uI.mastJ_adr[K]	u0.u2.pointer_r[5]$_DFFE_PP_/Q	u2.mast0_adr[9]$_DFF_P_/D
329	0.6089	uI.uJ.ch_err	uI.state[J]	u0.u3.ch_err$_DFFE_PP0P_/Q	u2.state[10]$_DFF_PP0_/D
330	0.6103	uI.uJ.slv_we	uI.uJ.ch_done	u3.u1.slv_we$_DFF_P_/Q	u0.u4.ch_done$_DFFE_PP0P_/D
331	0.6103	uI.uJ.slv_we	uI.uJ.rest_en	u3.u1.slv_we$_DFF_P_/Q	u0.u4.rest_en$_DFFE_PP0P_/D
332	0.6111	uI.dma_abort_r	uI.mastJ_adr[K]	u2.dma_abort_r$_DFF_P_/Q	u2.mast0_adr[10]$_DFF_P_/D
333	0.6115	uI.uJ.pointer_r[K]	_I_	u0.u8.pointer_r[12]$_DFFE_PP_/Q	_52000_/D
334	0.6136	uI.uJ.pointer_sr[K]	uI.mastJ_adr[K]	u0.u3.pointer_sr[4]$_DFFE_PP_/Q	u2.mast0_adr[8]$_DFF_P_/D
335	0.6157	uI.tsz_cnt[J]	uI.write_hold_r	u2.tsz_cnt[3]$_DFFE_PP_/Q	u2.write_hold_r$_DFF_P_/D
336	0.6167	uI.uJ.mast_dout[K]	uI.uJ.ch_tot_sz_r[K]	u3.u0.mast_dout[11]$_DFFE_PP_/Q	u0.u12.ch_tot_sz_r[11]$_DFFE_PP_/D
337	0.6181	uI.uJ.slv_adr[K]	uI.csr_r[J]	u3.u1.slv_adr[9]$_DFF_P_/Q	u0.csr_r[0]$_DFFE_PP0P_/D
338	0.6202	uI.uJ.int_src_r[K]	uI.intb_o	u0.u10.int_src_r[2]$_DFFE_PP0P_/Q	u0.intb_o$_DFF_P_/D
339	0.6218	uI.uJ.ch_csr_r[K]	uI.next_start	u0.u7.ch_csr_r[0]$_DFFE_PP0P_/Q	u1.next_start$_DFF_P_/D
340	0.6222	uI.ndr_r[J]	uI.state[J]	u1.ndr_r[6]$_DFF_P_/Q	u2.state[0]$_DFF_PP1_/D
341	0.6236	uI.uJ.int_src_r[K]	uI.state[J]	u0.u15.int_src_r[0]$_DFFE_PP0P_/Q	u2.state[10]$_DFF_PP0_/D
342	0.6244	uI.chunk_cnt[J]	uI.read_r	u2.chunk_cnt[1]$_DFFE_PP_/QN	u2.read_r$_DFF_P_/D
343	0.6261	uI.chunk_J	uI.mastJ_adr[K]	u2.chunk_0$_DFF_P_/Q	u2.mast0_adr[10]$_DFF_P_/D
344	0.6261	uI.uJ.ch_chk_sz_r[K]	uI.chunk_cnt[J]	u0.u15.ch_chk_sz_r[8]$_DFFE_PP_/Q	u2.chunk_cnt[8]$_DFFE_PP_/D
345	0.6262	uI.uJ.ch_csr_rK[L]	uI.intb_o	u0.u10.ch_csr_r3[2]$_DFFE_PP0P_/Q	u0.intb_o$_DFF_P_/D
346	0.6268	uI.uJ.out_r[K]	uI.adrJ_cnt[K]	u2.u0.out_r[16]$_DFF_P_/Q	u2.adr0_cnt[22]$_DFFE_PP_/D
347	0.6310	uI.ch_sel_r[J]	uI.uJ.ch_busy	u1.ch_sel_r[3]$_DFFE_PP0P_/Q	u0.u15.ch_busy$_DFF_P_/D
348	0.6364	uI.uJ.ch_csr_rK[L]	uI.wb_rf_dout[J]	u0.u0.ch_csr_r3[2]$_DFFE_PP0P_/Q	u0.wb_rf_dout[0]$_DFFE_PP_/D
349	0.6365	uI.int_maskb_r[J]	_I_	u0.int_maskb_r[13]$_DFFE_PP0P_/Q	_51997_/D
350	0.6371	uI.dma_abort_r	uI.uJ.mast_stb	u2.dma_abort_r$_DFF_P_/Q	u4.u0.mast_stb$_DFF_P_/D
351	0.6391	uI.uJ.ch_chk_sz_r[K]	_I_	u0.u1.ch_chk_sz_r[3]$_DFFE_PP_/Q	_52003_/D
352	0.6398	uI.tsz_cnt_is_J_r	uI.uJ.ch_done	u2.tsz_cnt_is_0_r$_DFF_P_/Q	u0.u14.ch_done$_DFFE_PP0P_/D
353	0.6400	uI.uJ.int_src_r[K]	uI.wb_rf_dout[J]	u0.u0.int_src_r[2]$_DFFE_PP0P_/Q	u0.wb_rf_dout[0]$_DFFE_PP_/D
354	0.6401	uI.uJ.ch_tot_sz_r[K]	_I_	u0.u13.ch_tot_sz_r[8]$_DFFE_PP_/Q	_51992_/D
355	0.6439	uI.mastJ_drdy_r	uI.uJ.ch_csr_r[K]	u2.mast0_drdy_r$_DFF_P_/Q	u0.u6.ch_csr_r[1]$_DFFE_PP0P_/D
356	0.6457	uI.uJ.ch_done	_I_	u0.u8.ch_done$_DFFE_PP0P_/Q	_51995_/D
357	0.6467	uI.tsz_cnt[J]	uI.uJ.ch_txsz_s[K]	u2.tsz_cnt[8]$_DFFE_PP_/Q	u0.u10.ch_txsz_s[8]$_DFFE_PP_/D
358	0.6475	uI.req_r[J]	uI.uJ.pri_outK[L]	u1.req_r[3]$_DFF_P_/Q	u1.u0.pri_out0[1]$_DFF_P_/D
359	0.6483	uI.uJ.slv_we	uI.uJ.ch_stop	u3.u1.slv_we$_DFF_P_/Q	u0.u5.ch_stop$_DFF_P_/D
360	0.6495	uI.uJ.ch_err	_I_	u0.u1.ch_err$_DFFE_PP0P_/Q	_52004_/D
361	0.6510	uI.uJ.ch_csr_r[K]	uI.de_start_r	u0.u7.ch_csr_r[0]$_DFFE_PP0P_/Q	u1.de_start_r$_DFF_P_/D
362	0.6521	uI.chunk_J	uI.uJ.mast_stb	u2.chunk_0$_DFF_P_/Q	u4.u0.mast_stb$_DFF_P_/D
363	0.6530	uI.adrJ_cnt[K]	uI.uJ.out_r[K]	u2.adr0_cnt[2]$_DFFE_PP_/Q	u2.u0.out_r[15]$_DFF_P_/D
364	0.6533	uI.uJ.ch_amK_r[L]	uI.adrJ_cnt[K]	u0.u11.ch_am1_r[27]$_DFFE_PP1P_/Q	u2.adr1_cnt[29]$_DFFE_PP_/D
365	0.6550	uI.uJ.ch_rl	uI.uJ.ch_adrK_r[L]	u0.u5.ch_rl$_DFF_P_/Q	u0.u5.ch_adr1_r[10]$_DFFE_PP_/D
366	0.6554	uI.uJ.ch_sz_inf	_I_	u0.u15.ch_sz_inf$_DFFE_PP_/Q	_51999_/D
367	0.6585	uI.chunk_cnt[J]	uI.ack_o[J]	u2.chunk_cnt[1]$_DFFE_PP_/QN	u1.ack_o[0]$_DFF_P_/D
368	0.6589	uI.next_start	uI.adrJ_cnt[K]	u1.next_start$_DFF_P_/Q	u2.adr0_cnt[2]$_DFFE_PP_/D
369	0.6592	uI.uJ.rest_en	uI.uJ.ch_txsz_s[K]	u0.u2.rest_en$_DFFE_PP0P_/Q	u0.u2.ch_txsz_s[9]$_DFFE_PP_/D
370	0.6593	uI.ack_o[J]	uI.uJ.pri_outK[L]	u1.ack_o[3]$_DFF_P_/QN	u1.u0.pri_out0[1]$_DFF_P_/D
371	0.6619	uI.uJ.slv_we	uI.int_maska_r[J]	u3.u1.slv_we$_DFF_P_/Q	u0.int_maska_r[10]$_DFFE_PP0P_/D
372	0.6619	uI.uJ.slv_we	uI.int_maskb_r[J]	u3.u1.slv_we$_DFF_P_/Q	u0.int_maskb_r[10]$_DFFE_PP0P_/D
373	0.6619	uI.tsz_cnt[J]	uI.uJ.ch_tot_sz_r[K]	u2.tsz_cnt[7]$_DFFE_PP_/Q	u0.u12.ch_tot_sz_r[7]$_DFFE_PP_/D
374	0.6630	uI.dma_abort_r	uI.chunk_dec	u2.dma_abort_r$_DFF_P_/Q	u2.chunk_dec$_DFF_P_/D
375	0.6632	uI.uJ.ch_busy	_I_	u0.u15.ch_busy$_DFF_P_/Q	_51994_/D
376	0.6638	uI.uJ.ch_rl	uI.uJ.ch_tot_sz_r[K]	u0.u0.ch_rl$_DFF_P_/Q	u0.u0.ch_tot_sz_r[10]$_DFFE_PP_/D
377	0.6643	uI.next_start	uI.tsz_cnt[J]	u1.next_start$_DFF_P_/Q	u2.tsz_cnt[9]$_DFFE_PP_/D
378	0.6655	uI.uJ.ptr_valid	uI.wb_rf_dout[J]	u0.u7.ptr_valid$_DFFE_PP0P_/Q	u0.wb_rf_dout[0]$_DFFE_PP_/D
379	0.6675	uI.uJ.ch_csr_rK[L]	uI.uJ.pri_outK[L]	u0.u14.ch_csr_r2[0]$_DFFE_PP0P_/Q	u1.u0.pri_out0[1]$_DFF_P_/D
380	0.6678	uI.uJ.ch_adrK_r[L]	uI.adrJ_cnt[K]	u0.u1.ch_adr1_r[26]$_DFFE_PP_/Q	u2.adr1_cnt[26]$_DFFE_PP_/D
381	0.6680	uI.tsz_cnt_is_J_r	uI.uJ.ch_csr_r[K]	u2.tsz_cnt_is_0_r$_DFF_P_/Q	u0.u14.ch_csr_r[0]$_DFFE_PP0P_/D
382	0.6682	uI.req_r[J]	uI.next_start	u1.req_r[6]$_DFF_P_/Q	u1.next_start$_DFF_P_/D
383	0.6686	uI.read_r	uI.adrJ_cnt[K]	u2.read_r$_DFF_P_/Q	u2.adr0_cnt[28]$_DFFE_PP_/D
384	0.6692	uI.tsz_cnt_is_J_r	uI.uJ.ch_eol	u2.tsz_cnt_is_0_r$_DFF_P_/Q	u0.u14.ch_eol$_DFFE_PP0P_/D
385	0.6702	uI.uJ.ch_tot_sz_r[K]	uI.wb_rf_dout[J]	u0.u13.ch_tot_sz_r[0]$_DFFE_PP_/Q	u0.wb_rf_dout[0]$_DFFE_PP_/D
386	0.6748	uI.chunk_cnt[J]	uI.uJ.mast_cyc	u2.chunk_cnt[1]$_DFFE_PP_/QN	u3.u0.mast_cyc$_DFF_P_/D
387	0.6753	uI.state[J]	uI.wb_rf_dout[J]	u2.state[9]$_DFF_PP0_/Q	u0.wb_rf_dout[0]$_DFFE_PP_/D
388	0.6767	uI.uJ.mast_dout[K]	uI.uJ.ch_adrK_r[L]	u3.u0.mast_dout[4]$_DFFE_PP_/Q	u0.u0.ch_adr0_r[2]$_DFFE_PP_/D
389	0.6780	uI.chunk_J	uI.chunk_dec	u2.chunk_0$_DFF_P_/Q	u2.chunk_dec$_DFF_P_/D
390	0.6791	uI.de_start_r	uI.adrJ_cnt[K]	u1.de_start_r$_DFF_P_/QN	u2.adr1_cnt[29]$_DFFE_PP_/D
391	0.6797	uI.uJ.ch_rl	uI.uJ.ch_chk_sz_r[K]	u0.u10.ch_rl$_DFF_P_/Q	u0.u10.ch_chk_sz_r[0]$_DFFE_PP_/D
392	0.6801	uI.ack_o[J]	uI.next_start	u1.ack_o[6]$_DFF_P_/QN	u1.next_start$_DFF_P_/D
393	0.6815	uI.int_maska_r[J]	uI.wb_rf_dout[J]	u0.int_maska_r[0]$_DFFE_PP0P_/Q	u0.wb_rf_dout[0]$_DFFE_PP_/D
394	0.6834	uI.de_start_r	uI.tsz_cnt[J]	u1.de_start_r$_DFF_P_/QN	u2.tsz_cnt[10]$_DFFE_PP_/D
395	0.6840	uI.uJ.ch_sz_inf	uI.tsz_cnt_is_J_r	u0.u12.ch_sz_inf$_DFFE_PP_/Q	u2.tsz_cnt_is_0_r$_DFF_P_/D
396	0.6853	uI.uJ.rest_en	uI.uJ.ch_adrK_s[L]	u0.u11.rest_en$_DFFE_PP0P_/Q	u0.u11.ch_adr0_s[29]$_DFFE_PP_/D
397	0.6856	uI.write_r	uI.adrJ_cnt[K]	u2.write_r$_DFF_P_/Q	u2.adr1_cnt[10]$_DFFE_PP_/D
398	0.6875	uI.uJ.mast_dout[K]	uI.uJ.ch_adrK_s[L]	u3.u0.mast_dout[31]$_DFFE_PP_/Q	u0.u13.ch_adr0_s[29]$_DFFE_PP_/D
399	0.6908	uI.int_maskb_r[J]	uI.intb_o	u0.int_maskb_r[9]$_DFFE_PP0P_/Q	u0.intb_o$_DFF_P_/D
400	0.6918	uI.chunk_cnt[J]	uI.state[J]	u2.chunk_cnt[1]$_DFFE_PP_/QN	u2.state[10]$_DFF_PP0_/D
401	0.6921	uI.dma_abort_r	uI.read_r	u2.dma_abort_r$_DFF_P_/Q	u2.read_r$_DFF_P_/D
402	0.6929	uI.chunk_cnt[J]	uI.next_ch	u2.chunk_cnt[1]$_DFFE_PP_/QN	u2.next_ch$_DFF_P_/D
403	0.6952	uI.tsz_cnt_is_J_r	uI.uJ.int_src_r[K]	u2.tsz_cnt_is_0_r$_DFF_P_/Q	u0.u14.int_src_r[1]$_DFFE_PP0P_/D
404	0.6967	uI.req_r[J]	uI.de_start_r	u1.req_r[6]$_DFF_P_/Q	u1.de_start_r$_DFF_P_/D
405	0.6969	uI.tsz_cnt_is_J_r	uI.uJ.ptr_valid	u2.tsz_cnt_is_0_r$_DFF_P_/Q	u0.u0.ptr_valid$_DFFE_PP0P_/D
406	0.7017	uI.int_maskb_r[J]	uI.wb_rf_dout[J]	u0.int_maskb_r[0]$_DFFE_PP0P_/Q	u0.wb_rf_dout[0]$_DFFE_PP_/D
407	0.7062	uI.chunk_cnt[J]	uI.write_hold_r	u2.chunk_cnt[1]$_DFFE_PP_/QN	u2.write_hold_r$_DFF_P_/D
408	0.7070	uI.chunk_J	uI.read_r	u2.chunk_0$_DFF_P_/Q	u2.read_r$_DFF_P_/D
409	0.7078	uI.uJ.ch_tot_sz_r[K]	uI.tsz_cnt[J]	u0.u1.ch_tot_sz_r[9]$_DFFE_PP_/Q	u2.tsz_cnt[9]$_DFFE_PP_/D
410	0.7085	uI.ack_o[J]	uI.de_start_r	u1.ack_o[6]$_DFF_P_/QN	u1.de_start_r$_DFF_P_/D
411	0.7107	uI.dma_abort_r	uI.uJ.mast_cyc	u2.dma_abort_r$_DFF_P_/Q	u3.u0.mast_cyc$_DFF_P_/D
412	0.7111	uI.uJ.slv_dout[K]	uI.uJ.ch_csr_r[K]	u3.u1.slv_dout[0]$_DFF_P_/Q	u0.u0.ch_csr_r[0]$_DFFE_PP0P_/D
413	0.7118	uI.uJ.slv_dout[K]	uI.uJ.ch_adrK_r[L]	u3.u1.slv_dout[11]$_DFF_P_/Q	u0.u1.ch_adr0_r[9]$_DFFE_PP_/D
414	0.7118	uI.uJ.slv_dout[K]	uI.uJ.ch_adrK_s[L]	u3.u1.slv_dout[11]$_DFF_P_/Q	u0.u1.ch_adr0_s[9]$_DFFE_PP_/D
415	0.7127	uI.adrJ_cnt[K]	uI.uJ.ch_adrK_r[L]	u2.adr0_cnt[2]$_DFFE_PP_/Q	u0.u0.ch_adr0_r[2]$_DFFE_PP_/D
416	0.7144	uI.uJ.slv_we	uI.csr_r[J]	u3.u1.slv_we$_DFF_P_/Q	u0.csr_r[0]$_DFFE_PP0P_/D
417	0.7167	uI.uJ.slv_dout[K]	uI.uJ.ch_tot_sz_r[K]	u3.u1.slv_dout[10]$_DFF_P_/Q	u0.u3.ch_tot_sz_r[10]$_DFFE_PP_/D
418	0.7167	uI.uJ.slv_dout[K]	uI.uJ.ch_txsz_s[K]	u3.u1.slv_dout[10]$_DFF_P_/Q	u0.u3.ch_txsz_s[10]$_DFFE_PP_/D
419	0.7178	uI.tsz_cnt_is_J_r	uI.uJ.ch_rl	u2.tsz_cnt_is_0_r$_DFF_P_/Q	u0.u14.ch_rl$_DFF_P_/D
420	0.7221	uI.de_start_r	uI.ch_sel_r[J]	u1.de_start_r$_DFF_P_/QN	u1.ch_sel_r[0]$_DFFE_PP0P_/D
421	0.7222	uI.uJ.ptr_valid	uI.state[J]	u0.u1.ptr_valid$_DFFE_PP0P_/Q	u2.state[7]$_DFF_PP0_/D
422	0.7224	uI.de_start_r	uI.chunk_cnt[J]	u1.de_start_r$_DFF_P_/QN	u2.chunk_cnt[3]$_DFFE_PP_/D
423	0.7242	uI.adrJ_cnt[K]	uI.uJ.ch_adrK_s[L]	u2.adr0_cnt[2]$_DFFE_PP_/Q	u0.u13.ch_adr0_s[2]$_DFFE_PP_/D
424	0.7251	uI.next_start	uI.ch_sel_r[J]	u1.next_start$_DFF_P_/Q	u1.ch_sel_r[0]$_DFFE_PP0P_/D
425	0.7254	uI.next_start	uI.chunk_cnt[J]	u1.next_start$_DFF_P_/Q	u2.chunk_cnt[3]$_DFFE_PP_/D
426	0.7271	uI.uJ.slv_dout[K]	uI.uJ.ch_amK_r[L]	u3.u1.slv_dout[5]$_DFF_P_/Q	u0.u5.ch_am0_r[1]$_DFFE_PP1P_/D
427	0.7274	uI.mastJ_drdy_r	uI.uJ.ch_eol	u2.mast0_drdy_r$_DFF_P_/Q	u0.u6.ch_eol$_DFFE_PP0P_/D
428	0.7275	uI.uJ.ch_csr_r[K]	uI.uJ.ch_done	u0.u6.ch_csr_r[7]$_DFFE_PP0P_/Q	u0.u6.ch_done$_DFFE_PP0P_/D
429	0.7281	uI.uJ.ch_stop	uI.dma_abort_r	u0.u7.ch_stop$_DFF_P_/Q	u2.dma_abort_r$_DFF_P_/D
430	0.7290	uI.uJ.int_src_r[K]	uI.inta_o	u0.u7.int_src_r[2]$_DFFE_PP0P_/Q	u0.inta_o$_DFF_P_/D
431	0.7350	uI.uJ.ch_csr_rK[L]	uI.inta_o	u0.u7.ch_csr_r3[2]$_DFFE_PP0P_/Q	u0.inta_o$_DFF_P_/D
432	0.7380	uI.uJ.ch_err	uI.intb_o	u0.u1.ch_err$_DFFE_PP0P_/Q	u0.intb_o$_DFF_P_/D
433	0.7406	uI.uJ.slv_dout[K]	uI.uJ.ch_csr_rK[L]	u3.u1.slv_dout[17]$_DFF_P_/Q	u0.u4.ch_csr_r3[0]$_DFFE_PP0P_/D
434	0.7406	uI.uJ.slv_dout[K]	uI.uJ.sw_pointer_r[K]	u3.u1.slv_dout[16]$_DFF_P_/Q	u0.u5.sw_pointer_r[12]$_DFFE_PP0P_/D
435	0.7416	uI.chunk_dec	uI.chunk_cnt[J]	u2.chunk_dec$_DFF_P_/Q	u2.chunk_cnt[0]$_DFFE_PP_/D
436	0.7438	uI.uJ.slv_dout[K]	uI.uJ.pointer_r[K]	u3.u1.slv_dout[5]$_DFF_P_/Q	u0.u0.pointer_r[1]$_DFFE_PP_/D
437	0.7443	uI.uJ.ch_err	uI.inta_o	u0.u1.ch_err$_DFFE_PP0P_/Q	u0.inta_o$_DFF_P_/D
438	0.7446	uI.chunk_dec	uI.tsz_cnt[J]	u2.chunk_dec$_DFF_P_/Q	u2.tsz_cnt[11]$_DFFE_PP_/D
439	0.7448	uI.dma_abort_r	uI.uJ.mast_we_r	u2.dma_abort_r$_DFF_P_/Q	u4.u0.mast_we_r$_DFF_P_/D
440	0.7462	uI.uJ.slv_dout[K]	uI.int_maska_r[J]	u3.u1.slv_dout[11]$_DFF_P_/Q	u0.int_maska_r[11]$_DFFE_PP0P_/D
441	0.7462	uI.uJ.slv_dout[K]	uI.int_maskb_r[J]	u3.u1.slv_dout[11]$_DFF_P_/Q	u0.int_maskb_r[11]$_DFFE_PP0P_/D
442	0.7493	uI.uJ.slv_dout[K]	uI.uJ.rest_en	u3.u1.slv_dout[16]$_DFF_P_/Q	u0.u10.rest_en$_DFFE_PP0P_/D
443	0.7508	uI.de_start_r	uI.state[J]	u1.de_start_r$_DFF_P_/QN	u2.state[0]$_DFF_PP1_/D
444	0.7515	uI.uJ.mast_dout[K]	uI.uJ.ch_csr_r[K]	u3.u0.mast_dout[16]$_DFFE_PP_/Q	u0.u1.ch_csr_r[1]$_DFFE_PP0P_/D
445	0.7517	uI.uJ.mast_dout[K]	uI.uJ.pointer_r[K]	u3.u0.mast_dout[16]$_DFFE_PP_/Q	u0.u11.pointer_r[12]$_DFFE_PP_/D
446	0.7535	uI.uJ.slv_we	uI.uJ.rf_ack	u3.u1.slv_we$_DFF_P_/Q	u3.u1.rf_ack$_DFF_P_/D
447	0.7538	uI.next_start	uI.state[J]	u1.next_start$_DFF_P_/Q	u2.state[0]$_DFF_PP1_/D
448	0.7560	uI.uJ.slv_dout[K]	uI.uJ.ch_chk_sz_r[K]	u3.u1.slv_dout[26]$_DFF_P_/Q	u0.u1.ch_chk_sz_r[10]$_DFFE_PP_/D
449	0.7586	uI.uJ.slv_re	uI.uJ.int_src_r[K]	u3.u1.slv_re$_DFF_P_/Q	u0.u10.int_src_r[0]$_DFFE_PP0P_/D
450	0.7586	uI.uJ.slv_re	uI.uJ.ch_err	u3.u1.slv_re$_DFF_P_/Q	u0.u3.ch_err$_DFFE_PP0P_/D
451	0.7590	uI.uJ.ch_csr_r[K]	uI.uJ.ch_csr_r[K]	u0.u6.ch_csr_r[7]$_DFFE_PP0P_/Q	u0.u6.ch_csr_r[0]$_DFFE_PP0P_/D
452	0.7604	uI.uJ.ch_csr_r[K]	uI.uJ.ch_eol	u0.u10.ch_csr_r[7]$_DFFE_PP0P_/Q	u0.u10.ch_eol$_DFFE_PP0P_/D
453	0.7607	uI.chunk_cnt_is_J_r	uI.chunk_cnt[J]	u2.chunk_cnt_is_0_r$_DFF_P_/QN	u2.chunk_cnt[0]$_DFFE_PP_/D
454	0.7657	uI.dma_abort_r	uI.state[J]	u2.dma_abort_r$_DFF_P_/Q	u2.state[10]$_DFF_PP0_/D
455	0.7662	uI.tsz_cnt[J]	uI.tsz_cnt_is_J_r	u2.tsz_cnt[3]$_DFFE_PP_/Q	u2.tsz_cnt_is_0_r$_DFF_P_/D
456	0.7668	uI.tsz_cnt_is_J_r	uI.tsz_cnt[J]	u2.tsz_cnt_is_0_r$_DFF_P_/QN	u2.tsz_cnt[10]$_DFFE_PP_/D
457	0.7748	uI.chunk_J	uI.uJ.int_src_r[K]	u2.chunk_0$_DFF_P_/Q	u0.u1.int_src_r[2]$_DFFE_PP0P_/D
458	0.7766	uI.chunk_J	uI.ack_o[J]	u2.chunk_0$_DFF_P_/Q	u1.ack_o[0]$_DFF_P_/D
459	0.7768	uI.uJ.ch_adrK_s[L]	uI.uJ.ch_adrK_r[L]	u0.u6.ch_adr0_s[29]$_DFFE_PP_/Q	u0.u6.ch_adr0_r[29]$_DFFE_PP_/D
460	0.7793	uI.chunk_J	uI.uJ.mast_cyc	u2.chunk_0$_DFF_P_/Q	u4.u0.mast_cyc$_DFF_P_/D
461	0.7795	uI.uJ.mast_dout[K]	uI.uJ.ch_eol	u3.u0.mast_dout[20]$_DFFE_PP_/Q	u0.u9.ch_eol$_DFFE_PP0P_/D
462	0.7815	uI.chunk_J	uI.state[J]	u2.chunk_0$_DFF_P_/Q	u2.state[10]$_DFF_PP0_/D
463	0.7816	uI.next_ch	uI.uJ.state[K]	u2.next_ch$_DFF_P_/Q	u1.u1.state[0]$_DFFE_PP0P_/D
464	0.7826	uI.dma_abort_r	uI.uJ.int_src_r[K]	u2.dma_abort_r$_DFF_P_/Q	u0.u0.int_src_r[0]$_DFFE_PP0P_/D
465	0.7830	uI.uJ.ch_csr_r[K]	uI.uJ.int_src_r[K]	u0.u6.ch_csr_r[7]$_DFFE_PP0P_/Q	u0.u6.int_src_r[1]$_DFFE_PP0P_/D
466	0.7832	uI.uJ.ch_eol	uI.uJ.ch_done	u0.u14.ch_eol$_DFFE_PP0P_/Q	u0.u14.ch_done$_DFFE_PP0P_/D
467	0.7844	uI.dma_abort_r	uI.uJ.ch_err	u2.dma_abort_r$_DFF_P_/Q	u0.u3.ch_err$_DFFE_PP0P_/D
468	0.7849	uI.uJ.slv_dout[K]	uI.uJ.ch_stop	u3.u1.slv_dout[9]$_DFF_P_/Q	u0.u0.ch_stop$_DFF_P_/D
469	0.7857	uI.dma_abort_r	uI.write_hold_r	u2.dma_abort_r$_DFF_P_/Q	u2.write_hold_r$_DFF_P_/D
470	0.7881	uI.csr_r[J]	uI.state[J]	u0.csr_r[0]$_DFFE_PP0P_/Q	u2.state[10]$_DFF_PP0_/D
471	0.7920	uI.dma_abort_r	uI.write_r	u2.dma_abort_r$_DFF_P_/Q	u2.write_r$_DFF_P_/D
472	0.7927	uI.uJ.slv_dout[K]	uI.uJ.ch_sz_inf	u3.u1.slv_dout[15]$_DFF_P_/Q	u0.u11.ch_sz_inf$_DFFE_PP_/D
473	0.7976	uI.chunk_J	uI.write_hold_r	u2.chunk_0$_DFF_P_/Q	u2.write_hold_r$_DFF_P_/D
474	0.7983	uI.adrJ_cnt[K]	uI.mastJ_adr[K]	u2.adr0_cnt[7]$_DFFE_PP_/Q	u2.mast0_adr[9]$_DFF_P_/D
475	0.7993	uI.uJ.ch_adrK_r[L]	uI.uJ.ch_adrK_r[L]	u0.u0.ch_adr0_r[20]$_DFFE_PP_/Q	u0.u0.ch_adr0_r[20]$_DFFE_PP_/D
476	0.8007	uI.int_maska_r[J]	uI.inta_o	u0.int_maska_r[7]$_DFFE_PP0P_/Q	u0.inta_o$_DFF_P_/D
477	0.8054	uI.uJ.ch_txsz_s[K]	uI.uJ.ch_tot_sz_r[K]	u0.u10.ch_txsz_s[2]$_DFFE_PP_/Q	u0.u10.ch_tot_sz_r[2]$_DFFE_PP_/D
478	0.8110	uI.chunk_J	uI.next_ch	u2.chunk_0$_DFF_P_/Q	u2.next_ch$_DFF_P_/D
479	0.8115	uI.uJ.slv_re	uI.uJ.rf_ack	u3.u1.slv_re$_DFF_P_/Q	u3.u1.rf_ack$_DFF_P_/D
480	0.8127	uI.uJ.slv_dout[K]	uI.csr_r[J]	u3.u1.slv_dout[0]$_DFF_P_/Q	u0.csr_r[0]$_DFFE_PP0P_/D
481	0.8146	uI.uJ.ch_eol	uI.uJ.ch_csr_r[K]	u0.u14.ch_eol$_DFFE_PP0P_/Q	u0.u14.ch_csr_r[0]$_DFFE_PP0P_/D
482	0.8155	uI.uJ.ch_eol	uI.uJ.ch_eol	u0.u0.ch_eol$_DFFE_PP0P_/Q	u0.u0.ch_eol$_DFFE_PP0P_/D
483	0.8196	uI.uJ.mast_dout[K]	uI.uJ.mast_dout[K]	u3.u0.mast_dout[10]$_DFFE_PP_/Q	u3.u0.mast_dout[10]$_DFFE_PP_/D
484	0.8212	uI.ndnr[J]	uI.uJ.ch_done	u1.ndnr[1]$_DFF_P_/Q	u0.u1.ch_done$_DFFE_PP0P_/D
485	0.8229	uI.uJ.slv_dout[K]	uI.uJ.ch_done	u3.u1.slv_dout[0]$_DFF_P_/QN	u0.u1.ch_done$_DFFE_PP0P_/D
486	0.8232	uI.uJ.rest_en	uI.uJ.ptr_valid	u0.u2.rest_en$_DFFE_PP0P_/Q	u0.u2.ptr_valid$_DFFE_PP0P_/D
487	0.8341	uI.chunk_cnt[J]	uI.chunk_cnt_is_J_r	u2.chunk_cnt[1]$_DFFE_PP_/QN	u2.chunk_cnt_is_0_r$_DFF_P_/D
488	0.8346	uI.uJ.pointer_r[K]	uI.uJ.pointer_r[K]	u0.u13.pointer_r[15]$_DFFE_PP_/Q	u0.u13.pointer_r[15]$_DFFE_PP_/D
489	0.8386	uI.uJ.ch_eol	uI.uJ.int_src_r[K]	u0.u14.ch_eol$_DFFE_PP0P_/Q	u0.u14.int_src_r[1]$_DFFE_PP0P_/D
490	0.8397	uI.uJ.ch_txsz_s[K]	uI.uJ.ch_chk_sz_r[K]	u0.u10.ch_txsz_s[12]$_DFFE_PP_/Q	u0.u10.ch_chk_sz_r[0]$_DFFE_PP_/D
491	0.8433	uI.uJ.ptr_valid	uI.uJ.ptr_valid	u0.u0.ptr_valid$_DFFE_PP0P_/Q	u0.u0.ptr_valid$_DFFE_PP0P_/D
492	0.8442	uI.uJ.ch_csr_r[K]	uI.ack_o[J]	u0.u8.ch_csr_r[5]$_DFFE_PP0P_/Q	u1.ack_o[8]$_DFF_P_/D
493	0.8481	uI.uJ.ch_tot_sz_r[K]	uI.uJ.ch_tot_sz_r[K]	u0.u7.ch_tot_sz_r[11]$_DFFE_PP_/Q	u0.u7.ch_tot_sz_r[11]$_DFFE_PP_/D
494	0.8518	uI.uJ.rest_en	uI.uJ.rest_en	u0.u2.rest_en$_DFFE_PP0P_/Q	u0.u2.rest_en$_DFFE_PP0P_/D
495	0.8526	uI.ndnr[J]	uI.uJ.ch_csr_r[K]	u1.ndnr[6]$_DFF_P_/Q	u0.u6.ch_csr_r[0]$_DFFE_PP0P_/D
496	0.8538	uI.ndnr[J]	uI.uJ.ptr_valid	u1.ndnr[6]$_DFF_P_/Q	u0.u6.ptr_valid$_DFFE_PP0P_/D
497	0.8539	uI.ndnr[J]	uI.uJ.ch_eol	u1.ndnr[14]$_DFF_P_/Q	u0.u14.ch_eol$_DFFE_PP0P_/D
498	0.8568	uI.uJ.ch_txsz_s[K]	uI.uJ.ch_txsz_s[K]	u0.u2.ch_txsz_s[0]$_DFFE_PP_/Q	u0.u2.ch_txsz_s[0]$_DFFE_PP_/D
499	0.8570	uI.uJ.ch_csr_rK[L]	uI.uJ.ch_csr_rK[L]	u0.u12.ch_csr_r2[0]$_DFFE_PP0P_/Q	u0.u12.ch_csr_r2[0]$_DFFE_PP0P_/D
500	0.8613	uI.write_hold_r	uI.uJ.mast_stb	u2.write_hold_r$_DFF_P_/Q	u4.u0.mast_stb$_DFF_P_/D
501	0.8653	uI.uJ.rf_ack	uI.uJ.slv_re	u3.u1.rf_ack$_DFF_P_/QN	u3.u1.slv_re$_DFF_P_/D
502	0.8658	uI.uJ.ch_done	uI.uJ.ch_done	u0.u3.ch_done$_DFFE_PP0P_/Q	u0.u3.ch_done$_DFFE_PP0P_/D
503	0.8696	uI.uJ.rest_en	uI.uJ.ch_rl	u0.u14.rest_en$_DFFE_PP0P_/Q	u0.u14.ch_rl$_DFF_P_/D
504	0.8766	uI.ndnr[J]	uI.uJ.int_src_r[K]	u1.ndnr[1]$_DFF_P_/Q	u0.u1.int_src_r[1]$_DFFE_PP0P_/D
505	0.8817	uI.write_hold_r	uI.uJ.mast_cyc	u2.write_hold_r$_DFF_P_/Q	u4.u0.mast_cyc$_DFF_P_/D
506	0.8833	uI.int_maska_r[J]	uI.int_maska_r[J]	u0.int_maska_r[6]$_DFFE_PP0P_/Q	u0.int_maska_r[6]$_DFFE_PP0P_/D
507	0.8834	uI.int_maskb_r[J]	uI.int_maskb_r[J]	u0.int_maskb_r[6]$_DFFE_PP0P_/Q	u0.int_maskb_r[6]$_DFFE_PP0P_/D
508	0.8839	uI.uJ.ch_adrK_s[L]	uI.uJ.ch_adrK_s[L]	u0.u0.ch_adr0_s[29]$_DFFE_PP_/Q	u0.u0.ch_adr0_s[29]$_DFFE_PP_/D
509	0.8861	uI.uJ.int_src_r[K]	uI.uJ.int_src_r[K]	u0.u11.int_src_r[0]$_DFFE_PP0P_/Q	u0.u11.int_src_r[0]$_DFFE_PP0P_/D
510	0.8861	uI.uJ.ch_err	uI.uJ.ch_err	u0.u3.ch_err$_DFFE_PP0P_/Q	u0.u3.ch_err$_DFFE_PP0P_/D
511	0.8863	uI.csr_r[J]	uI.csr_r[J]	u0.csr_r[0]$_DFFE_PP0P_/Q	u0.csr_r[0]$_DFFE_PP0P_/D
512	0.8893	uI.uJ.sw_pointer_r[K]	uI.uJ.sw_pointer_r[K]	u0.u2.sw_pointer_r[26]$_DFFE_PP0P_/Q	u0.u2.sw_pointer_r[26]$_DFFE_PP0P_/D
513	0.8898	uI.uJ.ch_amK_r[L]	uI.uJ.ch_amK_r[L]	u0.u0.ch_am1_r[23]$_DFFE_PP1P_/Q	u0.u0.ch_am1_r[23]$_DFFE_PP1P_/D
514	0.8904	uI.uJ.pointer_r[K]	uI.uJ.pointer_sr[K]	u0.u11.pointer_r[6]$_DFFE_PP_/Q	u0.u11.pointer_sr[6]$_DFFE_PP_/D
515	0.8907	uI.uJ.ch_sz_inf	uI.uJ.ch_sz_inf	u0.u5.ch_sz_inf$_DFFE_PP_/Q	u0.u5.ch_sz_inf$_DFFE_PP_/D
516	0.8921	uI.uJ.ch_chk_sz_r[K]	uI.uJ.ch_chk_sz_r[K]	u0.u13.ch_chk_sz_r[2]$_DFFE_PP_/Q	u0.u13.ch_chk_sz_r[2]$_DFFE_PP_/D
517	0.8953	uI.uJ.pointer_sr[K]	uI.uJ.pointer_sr[K]	u0.u1.pointer_sr[11]$_DFFE_PP_/Q	u0.u1.pointer_sr[11]$_DFFE_PP_/D
518	0.8967	uI.uJ.rf_ack	uI.uJ.slv_we	u3.u1.rf_ack$_DFF_P_/QN	u3.u1.slv_we$_DFF_P_/D
519	0.8974	uI.uJ.ch_csr_r[K]	uI.uJ.ch_rl	u0.u1.ch_csr_r[6]$_DFFE_PP0P_/Q	u0.u1.ch_rl$_DFF_P_/D
520	0.9040	uI.wb_rf_dout[J]	uI.wb_rf_dout[J]	u0.wb_rf_dout[0]$_DFFE_PP_/Q	u0.wb_rf_dout[0]$_DFFE_PP_/D
521	0.9054	uI.uJ.rf_ack	uI.uJ.rf_ack	u3.u1.rf_ack$_DFF_P_/QN	u3.u1.rf_ack$_DFF_P_/D
522	0.9056	_I_	_I_	_51989_/Q	_51989_/D
523	0.9063	uI.uJ.slv_re	uI.uJ.slv_re	u3.u1.slv_re$_DFF_P_/QN	u3.u1.slv_re$_DFF_P_/D
524	0.9198	uI.next_ch	uI.next_start	u2.next_ch$_DFF_P_/Q	u1.next_start$_DFF_P_/D
525	0.9333	uI.ack_o[J]	uI.req_r[J]	u1.ack_o[0]$_DFF_P_/QN	u1.req_r[0]$_DFF_P_/D
526	0.9444	uI.read_r	uI.chunk_dec	u2.read_r$_DFF_P_/QN	u2.chunk_dec$_DFF_P_/D
