# stage	1_synth
# top_module	wb_conmax_top
# top_n	100
# kind	blocks
# skip_async	1
# include_full	1
# rank	worst_slack_ns	start	end	start_full	end_full
1	-0.2469	mI_addr_i[J]	mI_rty_o	m3_addr_i[28]	m7_rty_o
2	-0.2353	mI_addr_i[J]	mI_ack_o	m3_addr_i[28]	m1_ack_o
3	-0.2240	mI_addr_i[J]	mI_err_o	m3_addr_i[28]	m1_err_o
4	-0.2111	mI_addr_i[J]	mI_data_o[J]	m7_addr_i[29]	m7_data_o[21]
5	-0.1980	mI_addr_i[J]	sI_cyc_o	m3_addr_i[28]	s15_cyc_o
6	-0.1601	mI_addr_i[J]	sI_stb_o	m0_addr_i[31]	s8_stb_o
7	-0.1443	mI_addr_i[J]	sI_addr_o[J]	m1_addr_i[4]	s15_addr_o[4]
8	-0.1302	mI_stb_i	mI_rty_o	m4_stb_i	m7_rty_o
9	-0.1216	mI_stb_i	mI_ack_o	m4_stb_i	m1_ack_o
10	-0.1073	mI_stb_i	mI_err_o	m4_stb_i	m1_err_o
11	-0.0813	mI_stb_i	sI_cyc_o	m4_stb_i	s15_cyc_o
12	-0.0773	sI_data_i[J]	mI_data_o[J]	s9_data_i[1]	m7_data_o[1]
13	-0.0546	mI_stb_i	sI_stb_o	m4_stb_i	s11_stb_o
14	-0.0436	mI_data_i[J]	sI_data_o[J]	m2_data_i[11]	s15_data_o[11]
15	-0.0434	sI_err_i	mI_err_o	s6_err_i	m3_err_o
16	-0.0401	sI_rty_i	mI_rty_o	s14_rty_i	m3_rty_o
17	-0.0360	sI_ack_i	mI_ack_o	s4_ack_i	m0_ack_o
18	-0.0289	mI_sel_i[J]	sI_sel_o[J]	m7_sel_i[1]	s0_sel_o[1]
19	-0.0286	mI_we_i	sI_we_o	m1_we_i	s12_we_o
20	0.0173	mI_addr_i[J]	rf.rf_dout[I]	m1_addr_i[4]	rf.rf_dout[0]$_SDFF_PN0_/D
21	0.0425	mI_addr_i[J]	rf.confI[J]	m1_addr_i[4]	rf.conf7[0]$_DFFE_PP0P_/D
22	0.0511	sI.mast_sel_r[J]	mI_rty_o	s15.mast_sel_r[0]$_DFF_P_/Q	m7_rty_o
23	0.0627	sI.mast_sel_r[J]	mI_ack_o	s15.mast_sel_r[0]$_DFF_P_/Q	m1_ack_o
24	0.0629	sI.mast_sel_r[J]	sI_addr_o[J]	s15.mast_sel_r[0]$_DFF_P_/Q	s15_addr_o[15]
25	0.0629	sI.mast_sel_r[J]	sI_data_o[J]	s15.mast_sel_r[0]$_DFF_P_/Q	s15_data_o[19]
26	0.0629	sI.mast_sel_r[J]	sI_sel_o[J]	s15.mast_sel_r[0]$_DFF_P_/Q	s15_sel_o[0]
27	0.0740	sI.mast_sel_r[J]	mI_err_o	s15.mast_sel_r[0]$_DFF_P_/Q	m1_err_o
28	0.0925	mI.sJ_cyc_o	mI_rty_o	m4.s15_cyc_o$_DFFE_PP0N_/Q	m7_rty_o
29	0.1000	sI.mast_sel_r[J]	sI_cyc_o	s15.mast_sel_r[0]$_DFF_P_/Q	s15_cyc_o
30	0.1041	mI.sJ_cyc_o	mI_ack_o	m4.s15_cyc_o$_DFFE_PP0N_/Q	m1_ack_o
31	0.1154	mI.sJ_cyc_o	mI_err_o	m4.s15_cyc_o$_DFFE_PP0N_/Q	m1_err_o
32	0.1234	sI.mast_sel_r[J]	sI_we_o	s15.mast_sel_r[0]$_DFF_P_/Q	s15_we_o
33	0.1414	mI.sJ_cyc_o	sI_cyc_o	m4.s15_cyc_o$_DFFE_PP0N_/Q	s15_cyc_o
34	0.1550	mI_addr_i[J]	rf.rf_ack	m3_addr_i[28]	rf.rf_ack$_DFF_P_/D
35	0.1565	rf.rf_ack	mI_data_o[J]	rf.rf_ack$_DFF_P_/Q	m3_data_o[31]
36	0.1587	mI_addr_i[J]	mI.sJ_cyc_o	m7_addr_i[29]	m7.s2_cyc_o$_DFFE_PP0N_/D
37	0.1597	mI_addr_i[J]	rf.rf_we	m3_addr_i[28]	rf.rf_we$_DFF_P_/D
38	0.1967	sI.mJ_cyc_r	mI_rty_o	s15.m4_cyc_r$_DFF_P_/Q	m7_rty_o
39	0.2083	sI.mJ_cyc_r	mI_ack_o	s15.m4_cyc_r$_DFF_P_/Q	m1_ack_o
40	0.2167	mI_stb_i	rf.rf_dout[I]	m4_stb_i	rf.rf_dout[1]$_SDFF_PN0_/D
41	0.2196	sI.mJ_cyc_r	mI_err_o	s15.m4_cyc_r$_DFF_P_/Q	m1_err_o
42	0.2331	rf.rf_ack	mI_ack_o	rf.rf_ack$_DFF_P_/Q	m1_ack_o
43	0.2416	mI_data_i[J]	rf.confI[J]	m2_data_i[11]	rf.conf10[11]$_DFFE_PP0P_/D
44	0.2443	sI.mast_sel_r[J]	sI_stb_o	s7.mast_sel_r[1]$_DFF_P_/Q	s7_stb_o
45	0.2456	sI.mJ_cyc_r	sI_cyc_o	s15.m4_cyc_r$_DFF_P_/Q	s15_cyc_o
46	0.2717	mI_stb_i	rf.rf_ack	m4_stb_i	rf.rf_ack$_DFF_P_/D
47	0.2736	rf.rf_dout[I]	mI_data_o[J]	rf.rf_dout[1]$_SDFF_PN0_/Q	m7_data_o[1]
48	0.2764	mI_stb_i	rf.rf_we	m4_stb_i	rf.rf_we$_DFF_P_/D
49	0.3106	sI.mast_sel_r[J]	rf.rf_dout[I]	s15.mast_sel_r[1]$_DFF_P_/Q	rf.rf_dout[0]$_SDFF_PN0_/D
50	0.3110	rf.confI[J]	sI.msel.arbJ.state[K]	rf.conf2[1]$_DFFE_PP0P_/Q	s2.msel.arb3.state[0]$_DFFE_PP0P_/D
51	0.3331	sI.mast_sel_r[J]	rf.confI[J]	s15.mast_sel_r[0]$_DFF_P_/Q	rf.conf13[1]$_DFFE_PP0P_/D
52	0.3402	mI.sJ_cyc_o	sI.msel.arbJ.state[K]	m0.s2_cyc_o$_DFFE_PP0N_/Q	s2.msel.arb3.state[0]$_DFFE_PP0P_/D
53	0.3442	mI_we_i	rf.rf_we	m5_we_i	rf.rf_we$_DFF_P_/D
54	0.3458	mI_stb_i	mI.sJ_cyc_o	m0_stb_i	m0.s10_cyc_o$_DFFE_PP0N_/D
55	0.3549	rst_i	sI.msel.pri_out[J]	rst_i	s11.msel.pri_out[1]$_DFF_P_/D
56	0.3710	sI.msel.arbJ.state[K]	sI.msel.arbJ.state[K]	s11.msel.arb1.state[1]$_DFFE_PP0P_/Q	s11.msel.arb1.state[0]$_DFFE_PP0P_/D
57	0.4231	mI_cyc_i	mI.sJ_cyc_o	m0_cyc_i	m0.s10_cyc_o$_DFFE_PP0N_/D
58	0.4356	sI.mast_sel_r[J]	rf.rf_we	s15.mast_sel_r[0]$_DFF_P_/Q	rf.rf_we$_DFF_P_/D
59	0.4394	mI.sJ_cyc_o	rf.rf_dout[I]	m4.s15_cyc_o$_DFFE_PP0N_/Q	rf.rf_dout[1]$_SDFF_PN0_/D
60	0.4530	sI.mast_sel_r[J]	rf.rf_ack	s15.mast_sel_r[0]$_DFF_P_/Q	rf.rf_ack$_DFF_P_/D
61	0.4944	mI.sJ_cyc_o	rf.rf_ack	m4.s15_cyc_o$_DFFE_PP0N_/Q	rf.rf_ack$_DFF_P_/D
62	0.4991	mI.sJ_cyc_o	rf.rf_we	m4.s15_cyc_o$_DFFE_PP0N_/Q	rf.rf_we$_DFF_P_/D
63	0.5436	sI.mJ_cyc_r	rf.rf_dout[I]	s15.m4_cyc_r$_DFF_P_/Q	rf.rf_dout[1]$_SDFF_PN0_/D
64	0.5526	mI.sJ_cyc_o	sI.msel.pri_out[J]	m5.s10_cyc_o$_DFFE_PP0N_/Q	s10.msel.pri_out[1]$_DFF_P_/D
65	0.5574	rf.confI[J]	rf.rf_dout[I]	rf.conf11[9]$_DFFE_PP0P_/Q	rf.rf_dout[9]$_SDFF_PN0_/D
66	0.5908	rf.confI[J]	sI.msel.pri_out[J]	rf.conf0[9]$_DFFE_PP0P_/Q	s0.msel.pri_out[1]$_DFF_P_/D
67	0.5928	sI.mast_sel_r[J]	sI.next	s2.mast_sel_r[1]$_DFF_P_/QN	s2.next$_DFF_P_/D
68	0.5986	sI.mJ_cyc_r	rf.rf_ack	s15.m4_cyc_r$_DFF_P_/Q	rf.rf_ack$_DFF_P_/D
69	0.6033	sI.mJ_cyc_r	rf.rf_we	s15.m4_cyc_r$_DFF_P_/Q	rf.rf_we$_DFF_P_/D
70	0.6128	rf.rf_we	rf.confI[J]	rf.rf_we$_DFF_P_/Q	rf.conf2[0]$_DFFE_PP0P_/D
71	0.6196	mI.sJ_cyc_o	sI.next	m5.s5_cyc_o$_DFFE_PP0N_/Q	s5.next$_DFF_P_/D
72	0.6362	sI.msel.arbJ.state[K]	sI.mast_sel_r[J]	s4.msel.arb1.state[2]$_DFFE_PP0P_/Q	s4.mast_sel_r[2]$_DFF_P_/D
73	0.6484	sI.msel.pri_out[J]	sI.mast_sel_r[J]	s2.msel.pri_out[2]$_DFF_P_/Q	s2.mast_sel_r[2]$_DFF_P_/D
74	0.6529	mI.sJ_cyc_o	mI.sJ_cyc_o	m5.s10_cyc_o$_DFFE_PP0N_/Q	m5.s10_cyc_o$_DFFE_PP0N_/D
75	0.7182	sI.mJ_cyc_r	sI.next	s10.m2_cyc_r$_DFF_P_/Q	s10.next$_DFF_P_/D
76	0.7308	sI.msel.pri_out[J]	sI.msel.pri_out[J]	s11.msel.pri_out[3]$_DFF_P_/Q	s11.msel.pri_out[3]$_DFF_P_/D
77	0.7481	sI.next	sI.msel.pri_out[J]	s0.next$_DFF_P_/QN	s0.msel.pri_out[1]$_DFF_P_/D
78	0.7504	rf.confI[J]	rf.confI[J]	rf.conf7[11]$_DFFE_PP0P_/Q	rf.conf7[11]$_DFFE_PP0P_/D
79	0.8168	mI.sJ_cyc_o	sI.mJ_cyc_r	m6.s12_cyc_o$_DFFE_PP0N_/Q	s12.m6_cyc_r$_DFF_P_/D
80	0.8284	rf.rf_we	rf.rf_we	rf.rf_we$_DFF_P_/QN	rf.rf_we$_DFF_P_/D
81	0.8361	rf.rf_ack	rf.rf_ack	rf.rf_ack$_DFF_P_/QN	rf.rf_ack$_DFF_P_/D
