# stage	1_synth
# top_module	tpu_top
# top_n	100
# kind	blocks
# skip_async	1
# include_full	1
# rank	worst_slack_ns	start	end	start_full	end_full
1	-0.1155	systolic.data_queue[I][J]	systolic.mul_pipe[I][J]	systolic.data_queue[1][7]$_SDFFE_PN0P_/Q	systolic.mul_pipe[1][14]$_SDFF_PN0_/D
2	-0.1077	systolic.weight_queue[I][J]	systolic.mul_pipe[I][J]	systolic.weight_queue[1][1]$_SDFFE_PN0P_/Q	systolic.mul_pipe[1][14]$_SDFF_PN0_/D
3	-0.0039	matrix_index_d[I]	write_out.qdata_r[I]	matrix_index_d[1]$_SDFF_PN0_/Q	write_out.qdata_r[90]$_SDFF_PN0_/D
4	0.1628	matrix_index_d[I]	write_out.qdata_r[I]	matrix_index_d[1]$_SDFF_PN0_/Q	write_out.qdata_r[47]$_SDFF_PP0_/D
5	0.1714	systolic.mul_pipe[I][J]	systolic.matrix_mul_ID[J][K]	systolic.mul_pipe[51][0]$_SDFF_PN0_/Q	systolic.matrix_mul_2D[51][20]$_SDFFE_PN0P_/D
6	0.1726	systolic.matrix_mul_ID[J][K]	systolic.matrix_mul_ID[J][K]	systolic.matrix_mul_2D[31][3]$_SDFFE_PN0P_/Q	systolic.matrix_mul_2D[31][20]$_SDFFE_PN0P_/D
7	0.1783	srstn	systolic.mul_pipe[I][J]	srstn	systolic.mul_pipe[54][10]$_SDFF_PN0_/D
8	0.1821	srstn	systolic.accum_pipe[I]	srstn	systolic.accum_pipe[23]$_SDFF_PN0_/D
9	0.1866	srstn	systolic.matrix_mul_ID[J][K]	srstn	systolic.matrix_mul_2D[0][20]$_SDFFE_PN0P_/D
10	0.1898	srstn	write_out.pre_en_mix[I]	srstn	write_out.pre_en_mix[1]$_SDFF_PN0_/D
11	0.1909	srstn	systolic.data_queue[I][J]	srstn	systolic.data_queue[0][7]$_SDFFE_PN0P_/D
12	0.1909	srstn	systolic.weight_queue[I][J]	srstn	systolic.weight_queue[0][0]$_SDFFE_PN0P_/D
13	0.1909	srstn	systolic_controll.addr_serial_num[I]	srstn	systolic_controll.addr_serial_num[1]$_SDFFE_PN0P_/D
14	0.1923	srstn	write_out.pre_en_a_simp[I]	srstn	write_out.pre_en_a_simp[7]$_SDFF_PN0_/D
15	0.1929	srstn	write_out.pre_en_b_mix[I]	srstn	write_out.pre_en_b_mix[3]$_SDFF_PN0_/D
16	0.1993	srstn	write_out.pre_en_b_simp[I]	srstn	write_out.pre_en_b_simp[3]$_SDFF_PN0_/D
17	0.1993	srstn	write_out.pre_src[I][J]	srstn	write_out.pre_src[4][2]$_SDFF_PN0_/D
18	0.1993	srstn	write_out.pre_waddr[I]	srstn	write_out.pre_waddr[2]$_SDFF_PN0_/D
19	0.2044	srstn	write_out.qdata_r[I]	srstn	write_out.qdata_r[79]$_SDFF_PP0_/D
20	0.2066	srstn	systolic_controll.cycle_num[I]	srstn	systolic_controll.cycle_num[2]$_SDFF_PN0_/D
21	0.2066	srstn	systolic_controll.data_set[I]	srstn	systolic_controll.data_set[1]$_SDFFE_PN0P_/D
22	0.2066	srstn	systolic_controll.tpu_done	srstn	systolic_controll.tpu_done$_SDFF_PN0_/D
23	0.2067	srstn	data_set_d[I]	srstn	data_set_d[1]$_SDFF_PN0_/D
24	0.2069	srstn	systolic_controll.state[I]	srstn	systolic_controll.state[3]$_DFF_P_/D
25	0.2084	srstn	write_out.qdata_r[I]	srstn	write_out.qdata_r[91]$_SDFF_PN0_/D
26	0.2244	srstn	_I_	srstn	_86579_/D
27	0.2367	srstn	write_out.sram_wdata_c[I]	srstn	write_out.sram_wdata_c[18]$_SDFF_PN0_/D
28	0.2427	srstn	write_out.sram_wdata_a[I]	srstn	write_out.sram_wdata_a[101]$_SDFF_PN0_/D
29	0.2433	systolic.matrix_mul_ID[J][K]	write_out.qdata_r[I]	systolic.matrix_mul_2D[42][7]$_SDFFE_PN0P_/Q	write_out.qdata_r[90]$_SDFF_PN0_/D
30	0.2465	srstn	matrix_index_d[I]	srstn	matrix_index_d[5]$_SDFF_PN0_/D
31	0.2528	srstn	write_out.we_r	srstn	write_out.we_r$_SDFF_PN0_/D
32	0.2648	srstn	systolic_controll.matrix_index[I]	srstn	systolic_controll.matrix_index[0]$_SDFF_PP0_/D
33	0.2658	srstn	tpu_done_d	srstn	tpu_done_d$_SDFF_PN0_/D
34	0.2658	srstn	tpu_done_dI	srstn	tpu_done_d2$_SDFF_PN0_/D
35	0.2658	srstn	write_out.ds_r[I]	srstn	write_out.ds_r[0]$_SDFF_PN0_/D
36	0.2697	tpu_start	systolic_controll.addr_serial_num[I]	tpu_start	systolic_controll.addr_serial_num[5]$_SDFFE_PN0P_/D
37	0.2717	srstn	write_out.sram_wdata_b[I]	srstn	write_out.sram_wdata_b[10]$_SDFF_PN0_/D
38	0.2971	srstn	write_out.sram_waddr_c[I]	srstn	write_out.sram_waddr_c[3]$_SDFF_PN0_/D
39	0.3022	systolic_controll.cycle_num[I]	systolic.accum_pipe[I]	systolic_controll.cycle_num[1]$_SDFF_PN0_/Q	systolic.accum_pipe[5]$_SDFF_PN0_/D
40	0.3074	srstn	systolic.init_pipe[I]	srstn	systolic.init_pipe[4]$_SDFF_PN0_/D
41	0.3156	srstn	write_out.sram_write_enable_cI	srstn	write_out.sram_write_enable_c0$_SDFF_PN1_/D
42	0.3177	srstn	write_out.sram_write_enable_aI	srstn	write_out.sram_write_enable_a0$_SDFF_PN1_/D
43	0.3316	srstn	sram_write_enable_d	srstn	sram_write_enable_d$_SDFF_PN0_/D
44	0.3332	matrix_index_d[I]	write_out.pre_en_a_simp[I]	matrix_index_d[1]$_SDFF_PN0_/Q	write_out.pre_en_a_simp[2]$_SDFF_PN0_/D
45	0.3524	srstn	write_out.sram_waddr_a[I]	srstn	write_out.sram_waddr_a[0]$_SDFF_PN0_/D
46	0.3828	systolic_controll.cycle_num[I]	systolic.init_pipe[I]	systolic_controll.cycle_num[1]$_SDFF_PN0_/Q	systolic.init_pipe[4]$_SDFF_PN0_/D
47	0.3900	write_out.pre_waddr[I]	write_out.sram_wdata_c[I]	write_out.pre_waddr[1]$_SDFF_PN0_/Q	write_out.sram_wdata_c[68]$_SDFF_PN0_/D
48	0.3927	write_out.pre_waddr[I]	write_out.sram_wdata_a[I]	write_out.pre_waddr[1]$_SDFF_PN0_/Q	write_out.sram_wdata_a[64]$_SDFF_PN0_/D
49	0.4170	systolic_controll.cycle_num[I]	systolic_controll.data_set[I]	systolic_controll.cycle_num[1]$_SDFF_PN0_/Q	systolic_controll.data_set[0]$_SDFFE_PN0P_/D
50	0.4215	write_out.pre_src[I][J]	write_out.sram_wdata_c[I]	write_out.pre_src[5][1]$_SDFF_PN0_/Q	write_out.sram_wdata_c[100]$_SDFF_PN0_/D
51	0.4220	write_out.pre_src[I][J]	write_out.sram_wdata_a[I]	write_out.pre_src[4][1]$_SDFF_PN0_/Q	write_out.sram_wdata_a[127]$_SDFF_PN0_/D
52	0.4274	write_out.pre_waddr[I]	_I_	write_out.pre_waddr[3]$_SDFF_PN0_/Q	_86580_/D
53	0.4309	write_out.pre_src[I][J]	_I_	write_out.pre_src[4][1]$_SDFF_PN0_/Q	_86525_/D
54	0.4491	addr_sel.sram_raddr_wI[J]	sram_raddr_wI[J]	addr_sel.sram_raddr_w0[0]$_SDFF_PN1_/Q	sram_raddr_w0[0]
55	0.4538	systolic_controll.cycle_num[I]	systolic_controll.matrix_index[I]	systolic_controll.cycle_num[1]$_SDFF_PN0_/Q	systolic_controll.matrix_index[0]$_SDFF_PP0_/D
56	0.4538	write_out.pre_waddr[I]	write_out.sram_wdata_b[I]	write_out.pre_waddr[3]$_SDFF_PN0_/Q	write_out.sram_wdata_b[10]$_SDFF_PN0_/D
57	0.4657	addr_sel.sram_raddr_wI[J]	sram_raddr_dI[J]	addr_sel.sram_raddr_w0[0]$_SDFF_PN1_/Q	sram_raddr_d0[0]
58	0.4667	systolic_controll.addr_serial_num[I]	addr_sel.sram_raddr_wI[J]	systolic_controll.addr_serial_num[5]$_SDFFE_PN0P_/Q	addr_sel.sram_raddr_w1[5]$_SDFF_PN1_/D
59	0.4679	write_out.sram_waddr_a[I]	sram_waddr_a[I]	write_out.sram_waddr_a[0]$_SDFF_PN0_/Q	sram_waddr_a[0]
60	0.4679	_I_	sram_waddr_b[I]	_86475_/Q	sram_waddr_b[0]
61	0.4679	write_out.sram_waddr_c[I]	sram_waddr_c[I]	write_out.sram_waddr_c[0]$_SDFF_PN0_/Q	sram_waddr_c[0]
62	0.4679	write_out.sram_wdata_a[I]	sram_wdata_a[I]	write_out.sram_wdata_a[0]$_SDFF_PN0_/Q	sram_wdata_a[0]
63	0.4679	write_out.sram_wdata_b[I]	sram_wdata_b[I]	write_out.sram_wdata_b[0]$_SDFF_PN0_/Q	sram_wdata_b[0]
64	0.4679	_I_	sram_wdata_b[I]	_86562_/Q	sram_wdata_b[100]
65	0.4679	write_out.sram_wdata_c[I]	sram_wdata_c[I]	write_out.sram_wdata_c[0]$_SDFF_PN0_/Q	sram_wdata_c[0]
66	0.4679	write_out.sram_write_enable_aI	sram_write_enable_aI	write_out.sram_write_enable_a0$_SDFF_PN1_/Q	sram_write_enable_a0
67	0.4679	_I_	sram_write_enable_bI	_86473_/Q	sram_write_enable_b0
68	0.4679	write_out.sram_write_enable_cI	sram_write_enable_cI	write_out.sram_write_enable_c0$_SDFF_PN1_/Q	sram_write_enable_c0
69	0.4679	tpu_done_dI	tpu_done	tpu_done_d2$_SDFF_PN0_/Q	tpu_done
70	0.4681	tpu_start	systolic_controll.state[I]	tpu_start	systolic_controll.state[0]$_DFF_P_/D
71	0.4732	write_out.ds_r[I]	_I_	write_out.ds_r[1]$_SDFF_PN0_/Q	_86484_/D
72	0.4805	sram_rdata_dI[J]	systolic.data_queue[I][J]	sram_rdata_d1[20]	systolic.data_queue[40][4]$_SDFFE_PN0P_/D
73	0.4805	sram_rdata_wI[J]	systolic.weight_queue[I][J]	sram_rdata_w0[1]	systolic.weight_queue[3][1]$_SDFFE_PN0P_/D
74	0.4848	systolic.init_pipe[I]	systolic.matrix_mul_ID[J][K]	systolic.init_pipe[6]$_SDFF_PN0_/Q	systolic.matrix_mul_2D[34][20]$_SDFFE_PN0P_/D
75	0.4893	systolic_controll.addr_serial_num[I]	systolic_controll.addr_serial_num[I]	systolic_controll.addr_serial_num[1]$_SDFFE_PN0P_/Q	systolic_controll.addr_serial_num[5]$_SDFFE_PN0P_/D
76	0.4896	systolic_controll.cycle_num[I]	sram_write_enable_d	systolic_controll.cycle_num[1]$_SDFF_PN0_/Q	sram_write_enable_d$_SDFF_PN0_/D
77	0.4957	systolic_controll.state[I]	systolic.accum_pipe[I]	systolic_controll.state[3]$_DFF_P_/Q	systolic.accum_pipe[23]$_SDFF_PN0_/D
78	0.4958	systolic.accum_pipe[I]	systolic.matrix_mul_ID[J][K]	systolic.accum_pipe[55]$_SDFF_PN0_/Q	systolic.matrix_mul_2D[55][20]$_SDFFE_PN0P_/D
79	0.5074	systolic_controll.state[I]	systolic.data_queue[I][J]	systolic_controll.state[3]$_DFF_P_/Q	systolic.data_queue[40][5]$_SDFFE_PN0P_/D
80	0.5122	write_out.ds_r[I]	write_out.sram_wdata_b[I]	write_out.ds_r[0]$_SDFF_PN0_/Q	write_out.sram_wdata_b[10]$_SDFF_PN0_/D
81	0.5127	srstn	write_out.pre_waddr_bs[I]	srstn	write_out.pre_waddr_bs[3]$_DFF_P_/D
82	0.5149	matrix_index_d[I]	write_out.pre_en_b_mix[I]	matrix_index_d[2]$_SDFF_PN0_/Q	write_out.pre_en_b_mix[4]$_SDFF_PN0_/D
83	0.5203	write_out.qdata_r[I]	write_out.sram_wdata_c[I]	write_out.qdata_r[51]$_SDFF_PN0_/Q	write_out.sram_wdata_c[51]$_SDFF_PN0_/D
84	0.5206	write_out.qdata_r[I]	write_out.sram_wdata_c[I]	write_out.qdata_r[63]$_SDFF_PP0_/Q	write_out.sram_wdata_c[127]$_SDFF_PN0_/D
85	0.5208	write_out.qdata_r[I]	write_out.sram_wdata_a[I]	write_out.qdata_r[63]$_SDFF_PP0_/Q	write_out.sram_wdata_a[127]$_SDFF_PN0_/D
86	0.5230	write_out.qdata_r[I]	write_out.sram_wdata_a[I]	write_out.qdata_r[51]$_SDFF_PN0_/Q	write_out.sram_wdata_a[51]$_SDFF_PN0_/D
87	0.5297	write_out.qdata_r[I]	_I_	write_out.qdata_r[63]$_SDFF_PP0_/Q	_86525_/D
88	0.5298	write_out.qdata_r[I]	_I_	write_out.qdata_r[57]$_SDFF_PN0_/Q	_86519_/D
89	0.5337	systolic.matrix_mul_ID[J][K]	write_out.qdata_r[I]	systolic.matrix_mul_2D[41][20]$_SDFFE_PN0P_/Q	write_out.qdata_r[95]$_SDFF_PP0_/D
90	0.5345	matrix_index_d[I]	write_out.pre_en_mix[I]	matrix_index_d[2]$_SDFF_PN0_/Q	write_out.pre_en_mix[1]$_SDFF_PN0_/D
91	0.5368	systolic_controll.cycle_num[I]	systolic_controll.cycle_num[I]	systolic_controll.cycle_num[1]$_SDFF_PN0_/Q	systolic_controll.cycle_num[8]$_SDFF_PN0_/D
92	0.5388	systolic_controll.state[I]	systolic_controll.addr_serial_num[I]	systolic_controll.state[3]$_DFF_P_/QN	systolic_controll.addr_serial_num[5]$_SDFFE_PN0P_/D
93	0.5391	write_out.we_r	_I_	write_out.we_r$_SDFF_PN0_/Q	_86579_/D
94	0.5415	write_out.pre_en_b_simp[I]	write_out.sram_wdata_c[I]	write_out.pre_en_b_simp[3]$_SDFF_PN0_/Q	write_out.sram_wdata_c[70]$_SDFF_PN0_/D
95	0.5442	write_out.pre_en_b_simp[I]	write_out.sram_wdata_a[I]	write_out.pre_en_b_simp[3]$_SDFF_PN0_/Q	write_out.sram_wdata_a[70]$_SDFF_PN0_/D
96	0.5471	write_out.ds_r[I]	write_out.sram_wdata_c[I]	write_out.ds_r[1]$_SDFF_PN0_/Q	write_out.sram_wdata_c[18]$_SDFF_PN0_/D
97	0.5515	write_out.we_r	write_out.sram_wdata_c[I]	write_out.we_r$_SDFF_PN0_/Q	write_out.sram_wdata_c[18]$_SDFF_PN0_/D
98	0.5516	write_out.pre_en_b_simp[I]	_I_	write_out.pre_en_b_simp[3]$_SDFF_PN0_/Q	_86532_/D
99	0.5531	systolic_controll.state[I]	systolic.weight_queue[I][J]	systolic_controll.state[3]$_DFF_P_/Q	systolic.weight_queue[31][7]$_SDFFE_PN0P_/D
100	0.5531	write_out.ds_r[I]	write_out.sram_wdata_a[I]	write_out.ds_r[1]$_SDFF_PN0_/Q	write_out.sram_wdata_a[101]$_SDFF_PN0_/D
