# stage	1_synth
# top_module	RsDecodeTop
# top_n	100
# kind	blocks
# skip_async	1
# include_full	1
# rank	worst_slack_ns	start	end	start_full	end_full
1	0.0064	enable	RsDecodeDelay.RsDecodeDpRam.mem[I][J]	enable	RsDecodeDelay.RsDecodeDpRam.mem[111][0]$_DFFE_PP_/D
2	0.0069	enable	RsDecodePolymul.sumReg_I[J]	enable	RsDecodePolymul.sumReg_18[6]$_DFFE_PN0P_/D
3	0.0206	enable	RsDecodePolymul.count[I]	enable	RsDecodePolymul.count[1]$_DFFE_PN0P_/D
4	0.0239	enable	RsDecodeSyndrome.count[I]	enable	RsDecodeSyndrome.count[2]$_DFFE_PN0P_/D
5	0.0249	enable	RsDecodeChien.omegaReg_I[J]	enable	RsDecodeChien.omegaReg_13[6]$_DFFE_PN0P_/D
6	0.0250	enable	RsDecodeChien.epsilonReg_I[J]	enable	RsDecodeChien.epsilonReg_13[6]$_DFFE_PN0P_/D
7	0.0250	enable	RsDecodeChien.lambdaReg_I[J]	enable	RsDecodeChien.lambdaReg_13[6]$_DFFE_PN0P_/D
8	0.0251	enable	omegaShiftedReg_I[J]	enable	omegaShiftedReg_21[4]$_DFFE_PN0P_/D
9	0.0261	enable	RsDecodeErasure.count[I]	enable	RsDecodeErasure.count[2]$_DFFE_PN0P_/D
10	0.0275	enable	RsDecodeChien.denomEIInvReg[J]	enable	RsDecodeChien.denomE1InvReg[3]$_DFFE_PN0P_/D
11	0.0288	enable	RsDecodeErasure.powerReg[I]	enable	RsDecodeErasure.powerReg[2]$_DFFE_PN0P_/D
12	0.0310	enable	RsDecodeDegree_I.pipeWinnerJb[K]	enable	RsDecodeDegree_1.pipeWinner2b[2]$_DFFE_PN0P_/D
13	0.0310	enable	RsDecodeEuclide.phase[I]	enable	RsDecodeEuclide.phase[1]$_DFFE_PN0P_/D
14	0.0319	enable	RsDecodeDegree_I.pipeWinnerJ[K]	enable	RsDecodeDegree_1.pipeWinner10[2]$_DFFE_PN0P_/D
15	0.0340	enable	RsDecodeChien.count[I]	enable	RsDecodeChien.count[1]$_DFFE_PN0P_/D
16	0.0344	enable	RsDecodeEuclide.count[I]	enable	RsDecodeEuclide.count[0]$_DFFE_PN0P_/D
17	0.0350	enable	RsDecodeDelay.readPointer[I]	enable	RsDecodeDelay.readPointer[0]$_DFFE_PN0P_/D
18	0.0370	enable	RsDecodeDelay.writePointer[I]	enable	RsDecodeDelay.writePointer[0]$_DFFE_PN1P_/D
19	0.0381	lambdaRegI_J[K]	RsDecodeDegree_I.pipeWinnerJ[K]	lambdaReg2_7[1]$_DFFE_PN0P_/Q	RsDecodeDegree_2.pipeWinner1[2]$_DFFE_PN0P_/D
20	0.0382	omegaShiftedReg_I[J]	RsDecodeDegree_I.pipeWinnerJ[K]	omegaShiftedReg_7[1]$_DFFE_PN0P_/Q	RsDecodeDegree_1.pipeWinner1[2]$_DFFE_PN0P_/D
21	0.0403	enable	RsDecodeEuclide.lambdaInner_I[J]	enable	RsDecodeEuclide.lambdaInner_10[7]$_DFFE_PN0P_/D
22	0.0411	enable	RsDecodeSyndrome.reg_I[J]	enable	RsDecodeSyndrome.reg_4[7]$_DFFE_PN0P_/D
23	0.0411	enable	RsDecodePolymul.epsilonReg_I[J]	enable	RsDecodePolymul.epsilonReg_1[2]$_DFFE_PN0P_/D
24	0.0433	enable	RsDecodeEuclide.omegaInvReg[I]	enable	RsDecodeEuclide.omegaInvReg[1]$_DFFE_PN0P_/D
25	0.0457	erasureIn	RsDecodeSyndrome.reg_I[J]	erasureIn	RsDecodeSyndrome.reg_0[7]$_DFFE_PN0P_/D
26	0.0486	enable	doneReg[I]	enable	doneReg[2]$_DFFE_PN0P_/D
27	0.0486	enable	doneShift	enable	doneShift$_DFFE_PN0P_/D
28	0.0486	enable	startReg[I]	enable	startReg[3]$_DFFE_PN0P_/D
29	0.0515	enable	degreeEpsilonRegI[J]	enable	degreeEpsilonReg2[3]$_DFFE_PN0P_/D
30	0.0515	enable	epsilonRegI_J[K]	enable	epsilonReg2_0[3]$_DFFE_PN0P_/D
31	0.0532	erasureIn	RsDecodeDelay.RsDecodeDpRam.mem[I][J]	erasureIn	RsDecodeDelay.RsDecodeDpRam.mem[0][7]$_DFFE_PP_/D
32	0.0536	enable	RsDecodeSyndrome.done	enable	RsDecodeSyndrome.done$_DFFE_PN0P_/D
33	0.0558	enable	RsDecodeChien.numErrorReg[I]	enable	RsDecodeChien.numErrorReg[4]$_DFFE_PN0P_/D
34	0.0613	enable	RsDecodeChien.epsilonSumReg[I]	enable	RsDecodeChien.epsilonSumReg[0]$_DFFE_PN0P_/D
35	0.0613	enable	RsDecodeChien.lambdaEvenReg[I]	enable	RsDecodeChien.lambdaEvenReg[0]$_DFFE_PN0P_/D
36	0.0633	enable	degreeLambdaReg[I]	enable	degreeLambdaReg[0]$_DFFE_PN0P_/D
37	0.0633	enable	degreeOmegaReg[I]	enable	degreeOmegaReg[0]$_DFFE_PN0P_/D
38	0.0644	enable	RsDecodeEuclide.qNewReg[I]	enable	RsDecodeEuclide.qNewReg[7]$_DFFE_PN0P_/D
39	0.0644	enable	RsDecodeEuclide.omegaBkpReg[I]	enable	RsDecodeEuclide.omegaBkpReg[7]$_DFFE_PN0P_/D
40	0.0669	enable	lambdaRegI_J[K]	enable	lambdaReg2_0[0]$_DFFE_PN0P_/D
41	0.0671	RsDecodeEuclide.count[I]	RsDecodeEuclide.omegaBkp_I[J]	RsDecodeEuclide.count[1]$_DFFE_PN0P_/Q	RsDecodeEuclide.omegaBkp_10[7]$_DFFE_PN0P_/D
42	0.0687	enable	doneShiftReg	enable	doneShiftReg$_DFFE_PN0P_/D
43	0.0692	RsDecodeSyndrome.done	RsDecodePolymul.sumReg_I[J]	RsDecodeSyndrome.done$_DFFE_PN0P_/Q	RsDecodePolymul.sumReg_6[6]$_DFFE_PN0P_/D
44	0.0700	RsDecodeEuclide.count[I]	RsDecodeEuclide.lambdaBkp_I[J]	RsDecodeEuclide.count[1]$_DFFE_PN0P_/Q	RsDecodeEuclide.lambdaBkp_10[0]$_DFFE_PN0P_/D
45	0.0715	enable	RsDecodeChien.denomEIReg[J]	enable	RsDecodeChien.denomE0Reg[6]$_DFFE_PN0P_/D
46	0.0715	enable	RsDecodeChien.numeRegI[J]	enable	RsDecodeChien.numeReg2[0]$_DFFE_PN0P_/D
47	0.0715	enable	RsDecodeChien.epsilonOddReg[I]	enable	RsDecodeChien.epsilonOddReg[0]$_DFFE_PN0P_/D
48	0.0715	enable	RsDecodeChien.lambdaEvenRegI[J]	enable	RsDecodeChien.lambdaEvenReg2[0]$_DFFE_PN0P_/D
49	0.0715	enable	RsDecodeChien.lambdaOddRegI[J]	enable	RsDecodeChien.lambdaOddReg2[0]$_DFFE_PN0P_/D
50	0.0715	enable	RsDecodeChien.lambdaSumReg[I]	enable	RsDecodeChien.lambdaSumReg[0]$_DFFE_PN0P_/D
51	0.0715	enable	RsDecodeChien.omegaSumReg[I]	enable	RsDecodeChien.omegaSumReg[0]$_DFFE_PN0P_/D
52	0.0756	RsDecodeEuclide.count[I]	RsDecodeEuclide.lambdaInner_I[J]	RsDecodeEuclide.count[1]$_DFFE_PN0P_/Q	RsDecodeEuclide.lambdaInner_0[7]$_DFFE_PN0P_/D
53	0.0757	RsDecodeDelay.RsDecodeDpRam.rRdAddr[I]	RsDecodeDelay.RsDecodeDpRam.q[I]	RsDecodeDelay.RsDecodeDpRam.rRdAddr[0]$_DFF_P_/Q	RsDecodeDelay.RsDecodeDpRam.q[8]$_DFFE_PP_/D
54	0.0768	enable	RsDecodeEuclide.omegaInner_I[J]	enable	RsDecodeEuclide.omegaInner_11[6]$_DFFE_PN0P_/D
55	0.0819	enable	RsDecodeErasure.epsilonReg_I[J]	enable	RsDecodeErasure.epsilonReg_10[0]$_DFFE_PN0P_/D
56	0.0830	RsDecodeChien.lambdaReg_I[J]	RsDecodeChien.numErrorRegI[J]	RsDecodeChien.lambdaReg_6[3]$_DFFE_PN0P_/Q	RsDecodeChien.numErrorReg2[0]$_DFFE_PN0P_/D
57	0.0837	enable	RsDecodeEuclide.lambdaBkp_I[J]	enable	RsDecodeEuclide.lambdaBkp_10[0]$_DFFE_PN0P_/D
58	0.0862	RsDecodeEuclide.qNewReg[I]	RsDecodeEuclide.omegaInner_I[J]	RsDecodeEuclide.qNewReg[1]$_DFFE_PN0P_/Q	RsDecodeEuclide.omegaInner_1[3]$_DFFE_PN0P_/D
59	0.0865	enable	RsDecodeErasure.erasureCount[I]	enable	RsDecodeErasure.erasureCount[6]$_DFFE_PN0P_/D
60	0.0881	RsDecodeEuclide.count[I]	RsDecodeEuclide.lambdaXorReg_I[J]	RsDecodeEuclide.count[1]$_DFFE_PN0P_/Q	RsDecodeEuclide.lambdaXorReg_0[6]$_DFFE_PN0P_/D
61	0.0885	RsDecodeErasure.epsilonReg_I[J]	RsDecodePolymul.sumReg_I[J]	RsDecodeErasure.epsilonReg_22[7]$_DFFE_PN0P_/Q	RsDecodePolymul.sumReg_12[7]$_DFFE_PN0P_/D
62	0.0899	enable	failErasureRegI	enable	failErasureReg5$_DFFE_PN0P_/D
63	0.0899	enable	numErrorLambdaReg[I]	enable	numErrorLambdaReg[0]$_DFFE_PN0P_/D
64	0.0929	RsDecodeEuclide.count[I]	RsDecodeEuclide.omegaInner_I[J]	RsDecodeEuclide.count[1]$_DFFE_PN0P_/Q	RsDecodeEuclide.omegaInner_11[0]$_DFFE_PN0P_/D
65	0.0969	RsDecodeEuclide.omegaInner_I[J]	RsDecodeEuclide.offset[I]	RsDecodeEuclide.omegaInner_21[0]$_DFFE_PN0P_/Q	RsDecodeEuclide.offset[4]$_DFFE_PN0P_/D
66	0.0973	enable	RsDecodeChien.numErrorRegI[J]	enable	RsDecodeChien.numErrorReg2[2]$_DFFE_PN0P_/D
67	0.0974	RsDecodeEuclide.euclideSteps[I]	RsDecodeEuclide.omegaBkp_I[J]	RsDecodeEuclide.euclideSteps[4]$_DFFE_PN0P_/QN	RsDecodeEuclide.omegaBkp_10[7]$_DFFE_PN0P_/D
68	0.0986	enable	degreeErrorReg	enable	degreeErrorReg$_DFFE_PN0P_/D
69	0.0993	enable	RsDecodeEuclide.omegaBkp_I[J]	enable	RsDecodeEuclide.omegaBkp_21[0]$_DFFE_PN0P_/D
70	0.1003	erasureIn	RsDecodeErasure.erasureCount[I]	erasureIn	RsDecodeErasure.erasureCount[6]$_DFFE_PN0P_/D
71	0.1003	RsDecodeEuclide.euclideSteps[I]	RsDecodeEuclide.lambdaBkp_I[J]	RsDecodeEuclide.euclideSteps[4]$_DFFE_PN0P_/QN	RsDecodeEuclide.lambdaBkp_10[0]$_DFFE_PN0P_/D
72	0.1016	startPls	RsDecodeSyndrome.reg_I[J]	startPls	RsDecodeSyndrome.reg_18[7]$_DFFE_PN0P_/D
73	0.1017	enable	RsDecodeEuclide.lambdaXorReg_I[J]	enable	RsDecodeEuclide.lambdaXorReg_0[6]$_DFFE_PN0P_/D
74	0.1028	degreeEpsilonReg[I]	RsDecodeEuclide.omegaBkp_I[J]	degreeEpsilonReg[2]$_DFFE_PN0P_/Q	RsDecodeEuclide.omegaBkp_10[7]$_DFFE_PN0P_/D
75	0.1048	enable	RsDecodePolymul.syndromeReg_I[J]	enable	RsDecodePolymul.syndromeReg_13[0]$_DFFE_PN0P_/D
76	0.1057	degreeEpsilonReg[I]	RsDecodeEuclide.lambdaBkp_I[J]	degreeEpsilonReg[2]$_DFFE_PN0P_/Q	RsDecodeEuclide.lambdaBkp_10[0]$_DFFE_PN0P_/D
77	0.1059	RsDecodeEuclide.euclideSteps[I]	RsDecodeEuclide.lambdaInner_I[J]	RsDecodeEuclide.euclideSteps[4]$_DFFE_PN0P_/QN	RsDecodeEuclide.lambdaInner_0[7]$_DFFE_PN0P_/D
78	0.1082	RsDecodeEuclide.omegaInner_I[J]	RsDecodeEuclide.omegaInvReg[I]	RsDecodeEuclide.omegaInner_21[1]$_DFFE_PN0P_/Q	RsDecodeEuclide.omegaInvReg[2]$_DFFE_PN0P_/D
79	0.1083	RsDecodePolymul.count[I]	RsDecodeEuclide.omegaInner_I[J]	RsDecodePolymul.count[1]$_DFFE_PN0P_/Q	RsDecodeEuclide.omegaInner_11[0]$_DFFE_PN0P_/D
80	0.1086	RsDecodeDegree_I.pipeWinnerJb[K]	degreeOmegaReg[I]	RsDecodeDegree_1.pipeWinner0b[0]$_DFFE_PN0P_/Q	degreeOmegaReg[0]$_DFFE_PN0P_/D
81	0.1100	erasureIn	RsDecodeErasure.epsilonReg_I[J]	erasureIn	RsDecodeErasure.epsilonReg_10[0]$_DFFE_PN0P_/D
82	0.1104	RsDecodePolymul.epsilonReg_I[J]	RsDecodePolymul.sumReg_I[J]	RsDecodePolymul.epsilonReg_22[7]$_DFFE_PN0P_/Q	RsDecodePolymul.sumReg_12[7]$_DFFE_PN0P_/D
83	0.1105	RsDecodeDegree_I.pipeWinnerJb[K]	degreeLambdaReg[I]	RsDecodeDegree_2.pipeWinner0b[0]$_DFFE_PN0P_/Q	degreeLambdaReg[0]$_DFFE_PN0P_/D
84	0.1113	degreeEpsilonReg[I]	RsDecodeEuclide.lambdaInner_I[J]	degreeEpsilonReg[2]$_DFFE_PN0P_/Q	RsDecodeEuclide.lambdaInner_0[7]$_DFFE_PN0P_/D
85	0.1115	RsDecodeEuclide.omegaInner_I[J]	RsDecodeEuclide.omegaInner_I[J]	RsDecodeEuclide.omegaInner_13[7]$_DFFE_PN0P_/Q	RsDecodeEuclide.omegaInner_14[6]$_DFFE_PN0P_/D
86	0.1120	RsDecodePolymul.count[I]	RsDecodeEuclide.omegaBkp_I[J]	RsDecodePolymul.count[1]$_DFFE_PN0P_/Q	RsDecodeEuclide.omegaBkp_10[7]$_DFFE_PN0P_/D
87	0.1133	startPls	RsDecodeErasure.epsilonReg_I[J]	startPls	RsDecodeErasure.epsilonReg_10[0]$_DFFE_PN0P_/D
88	0.1139	RsDecodeEuclide.qNewReg[I]	RsDecodeEuclide.lambdaInner_I[J]	RsDecodeEuclide.qNewReg[3]$_DFFE_PN0P_/Q	RsDecodeEuclide.lambdaInner_13[6]$_DFFE_PN0P_/D
89	0.1175	RsDecodeChien.denomEIReg[J]	RsDecodeChien.denomEIInvReg[J]	RsDecodeChien.denomE0Reg[1]$_DFFE_PN0P_/Q	RsDecodeChien.denomE0InvReg[6]$_DFFE_PN0P_/D
90	0.1178	RsDecodePolymul.count[I]	RsDecodeEuclide.lambdaBkp_I[J]	RsDecodePolymul.count[1]$_DFFE_PN0P_/Q	RsDecodeEuclide.lambdaBkp_10[0]$_DFFE_PN0P_/D
91	0.1184	RsDecodeEuclide.euclideSteps[I]	RsDecodeEuclide.lambdaXorReg_I[J]	RsDecodeEuclide.euclideSteps[4]$_DFFE_PN0P_/QN	RsDecodeEuclide.lambdaXorReg_0[6]$_DFFE_PN0P_/D
92	0.1191	enable	numErasureReg[I]	enable	numErasureReg[0]$_DFFE_PN0P_/D
93	0.1191	enable	numErrorReg[I]	enable	numErrorReg[0]$_DFFE_PN0P_/D
94	0.1232	RsDecodeEuclide.euclideSteps[I]	RsDecodeEuclide.omegaInner_I[J]	RsDecodeEuclide.euclideSteps[4]$_DFFE_PN0P_/QN	RsDecodeEuclide.omegaInner_11[0]$_DFFE_PN0P_/D
95	0.1233	RsDecodePolymul.count[I]	RsDecodeEuclide.lambdaInner_I[J]	RsDecodePolymul.count[1]$_DFFE_PN0P_/Q	RsDecodeEuclide.lambdaInner_0[7]$_DFFE_PN0P_/D
96	0.1238	degreeEpsilonReg[I]	RsDecodeEuclide.lambdaXorReg_I[J]	degreeEpsilonReg[2]$_DFFE_PN0P_/Q	RsDecodeEuclide.lambdaXorReg_0[6]$_DFFE_PN0P_/D
97	0.1248	RsDecodeEuclide.offset[I]	RsDecodeEuclide.omegaInner_I[J]	RsDecodeEuclide.offset[1]$_DFFE_PN0P_/Q	RsDecodeEuclide.omegaInner_11[0]$_DFFE_PN0P_/D
98	0.1286	degreeEpsilonReg[I]	RsDecodeEuclide.omegaInner_I[J]	degreeEpsilonReg[2]$_DFFE_PN0P_/Q	RsDecodeEuclide.omegaInner_11[0]$_DFFE_PN0P_/D
99	0.1301	enable	RsDecodeEuclide.numShiftedReg[I]	enable	RsDecodeEuclide.numShiftedReg[2]$_DFFE_PN0P_/D
100	0.1315	enable	omegaReg_I[J]	enable	omegaReg_1[3]$_DFFE_PN0P_/D
