# stage	1_synth
# top_module	RsDecodeTop
# top_n	1000
# kind	blocks
# skip_async	1
# include_full	1
# rank	worst_slack_ns	start	end	start_full	end_full
1	-0.0147	enable	RsDecodeChien.epsilonReg_I[J]	enable	RsDecodeChien.epsilonReg_11[7]$_DFFE_PN0P_/D
2	-0.0147	enable	RsDecodeChien.epsilonSumReg[I]	enable	RsDecodeChien.epsilonSumReg[7]$_DFFE_PN0P_/D
3	-0.0147	enable	RsDecodeChien.lambdaOddReg[I]	enable	RsDecodeChien.lambdaOddReg[7]$_DFFE_PN0P_/D
4	-0.0147	enable	RsDecodeChien.lambdaReg_I[J]	enable	RsDecodeChien.lambdaReg_11[7]$_DFFE_PN0P_/D
5	-0.0147	enable	RsDecodeChien.omegaReg_I[J]	enable	RsDecodeChien.omegaReg_11[7]$_DFFE_PN0P_/D
6	-0.0147	enable	RsDecodePolymul.sumReg_I[J]	enable	RsDecodePolymul.sumReg_14[7]$_DFFE_PN0P_/D
7	-0.0087	enable	RsDecodeEuclide.omegaInvReg[I]	enable	RsDecodeEuclide.omegaInvReg[5]$_DFFE_PN0P_/D
8	-0.0086	enable	RsDecodeChien.denomEIInvReg[J]	enable	RsDecodeChien.denomE0InvReg[0]$_DFFE_PN0P_/D
9	-0.0009	enable	nzOmega_I	enable	nzOmega_21$_DFFE_PN0P_/D
10	0.0000	enable	omegaShiftedReg_I[J]	enable	omegaShiftedReg_20[0]$_DFFE_PN0P_/D
11	0.0008	enable	RsDecodeChien.count[I]	enable	RsDecodeChien.count[0]$_DFFE_PN0P_/D
12	0.0008	enable	RsDecodeEuclide.count[I]	enable	RsDecodeEuclide.count[0]$_DFFE_PN0P_/D
13	0.0026	enable	RsDecodePolymul.count[I]	enable	RsDecodePolymul.count[0]$_DFFE_PN0P_/D
14	0.0026	enable	nzLambda_I	enable	nzLambda_10$_DFFE_PN0P_/D
15	0.0109	enable	RsDecodeDelay.RsDecodeDpRam.mem[I][J]	enable	RsDecodeDelay.RsDecodeDpRam.mem[111][0]$_DFFE_PP_/D
16	0.0159	enable	RsDecodeDelay.readPointer[I]	enable	RsDecodeDelay.readPointer[0]$_DFFE_PN0P_/D
17	0.0185	enable	RsDecodeSyndrome.reg_I[J]	enable	RsDecodeSyndrome.reg_10[7]$_DFFE_PN0P_/D
18	0.0202	enable	RsDecodeChien.numErrorReg[I]	enable	RsDecodeChien.numErrorReg[3]$_DFFE_PN0P_/D
19	0.0210	enable	RsDecodeErasure.powerReg[I]	enable	RsDecodeErasure.powerReg[3]$_DFFE_PN0P_/D
20	0.0212	enable	RsDecodeErasure.count[I]	enable	RsDecodeErasure.count[4]$_DFFE_PN0P_/D
21	0.0256	RsDecodeEuclide.count[I]	RsDecodeEuclide.omegaBkp_I[J]	RsDecodeEuclide.count[6]$_DFFE_PN0P_/Q	RsDecodeEuclide.omegaBkp_20[6]$_DFFE_PN0P_/D
22	0.0270	enable	RsDecodeDelay.writePointer[I]	enable	RsDecodeDelay.writePointer[5]$_DFFE_PN0P_/D
23	0.0277	enable	RsDecodePolymul.epsilonReg_I[J]	enable	RsDecodePolymul.epsilonReg_12[3]$_DFFE_PN0P_/D
24	0.0277	enable	lambdaRegI_J[K]	enable	lambdaReg2_10[0]$_DFFE_PN0P_/D
25	0.0291	enable	epsilonReg_I[J]	enable	epsilonReg_16[6]$_DFFE_PN0P_/D
26	0.0291	enable	degreeEpsilonReg[I]	enable	degreeEpsilonReg[0]$_DFFE_PN0P_/D
27	0.0293	enable	RsDecodeSyndrome.count[I]	enable	RsDecodeSyndrome.count[4]$_DFFE_PN0P_/D
28	0.0304	enable	RsDecodeEuclide.omegaInner_I[J]	enable	RsDecodeEuclide.omegaInner_1[6]$_DFFE_PN0P_/D
29	0.0326	enable	RsDecodeErasure.epsilonReg_I[J]	enable	RsDecodeErasure.epsilonReg_10[0]$_DFFE_PN0P_/D
30	0.0360	enable	RsDecodeEuclide.phase[I]	enable	RsDecodeEuclide.phase[1]$_DFFE_PN0P_/D
31	0.0368	enable	RsDecodeEuclide.omegaBkp_I[J]	enable	RsDecodeEuclide.omegaBkp_4[3]$_DFFE_PN0P_/D
32	0.0394	erasureIn	RsDecodeSyndrome.reg_I[J]	erasureIn	RsDecodeSyndrome.reg_0[7]$_DFFE_PN0P_/D
33	0.0436	enable	RsDecodeSyndrome.done	enable	RsDecodeSyndrome.done$_DFFE_PN0P_/D
34	0.0467	erasureIn	RsDecodeDelay.RsDecodeDpRam.mem[I][J]	erasureIn	RsDecodeDelay.RsDecodeDpRam.mem[0][7]$_DFFE_PP_/D
35	0.0473	enable	RsDecodeErasure.erasureCount[I]	enable	RsDecodeErasure.erasureCount[5]$_DFFE_PN0P_/D
36	0.0475	enable	RsDecodeEuclide.lambdaBkp_I[J]	enable	RsDecodeEuclide.lambdaBkp_10[0]$_DFFE_PN0P_/D
37	0.0520	enable	RsDecodeEuclide.lambdaInner_I[J]	enable	RsDecodeEuclide.lambdaInner_12[2]$_DFFE_PN0P_/D
38	0.0526	enable	epsilonRegI_J[K]	enable	epsilonReg2_0[0]$_DFFE_PN0P_/D
39	0.0553	enable	startReg[I]	enable	startReg[0]$_DFFE_PN0P_/D
40	0.0593	enable	failErasureReg	enable	failErasureReg$_DFFE_PN0P_/D
41	0.0611	RsDecodeEuclide.count[I]	RsDecodeEuclide.omegaInner_I[J]	RsDecodeEuclide.count[6]$_DFFE_PN0P_/Q	RsDecodeEuclide.omegaInner_11[0]$_DFFE_PN0P_/D
42	0.0616	enable	doneReg[I]	enable	doneReg[2]$_DFFE_PN0P_/D
43	0.0616	enable	doneShift	enable	doneShift$_DFFE_PN0P_/D
44	0.0693	enable	degreeEpsilonRegI[J]	enable	degreeEpsilonReg2[4]$_DFFE_PN0P_/D
45	0.0693	enable	failErasureRegI	enable	failErasureReg2$_DFFE_PN0P_/D
46	0.0701	RsDecodeSyndrome.done	RsDecodePolymul.sumReg_I[J]	RsDecodeSyndrome.done$_DFFE_PN0P_/Q	RsDecodePolymul.sumReg_3[7]$_DFFE_PN0P_/D
47	0.0713	RsDecodeDelay.RsDecodeDpRam.rRdAddr[I]	RsDecodeDelay.RsDecodeDpRam.q[I]	RsDecodeDelay.RsDecodeDpRam.rRdAddr[0]$_DFF_P_/Q	RsDecodeDelay.RsDecodeDpRam.q[6]$_DFFE_PP_/D
48	0.0729	RsDecodeEuclide.count[I]	RsDecodeEuclide.lambdaXorReg_I[J]	RsDecodeEuclide.count[6]$_DFFE_PN0P_/Q	RsDecodeEuclide.lambdaXorReg_20[2]$_DFFE_PN0P_/D
49	0.0731	RsDecodeEuclide.euclideSteps[I]	RsDecodeEuclide.omegaBkp_I[J]	RsDecodeEuclide.euclideSteps[5]$_DFFE_PN0P_/QN	RsDecodeEuclide.omegaBkp_20[6]$_DFFE_PN0P_/D
50	0.0735	enable	RsDecodePolymul.syndromeReg_I[J]	enable	RsDecodePolymul.syndromeReg_13[0]$_DFFE_PN0P_/D
51	0.0747	enable	doneShiftReg	enable	doneShiftReg$_DFFE_PN0P_/D
52	0.0786	enable	RsDecodeEuclide.numShiftedReg[I]	enable	RsDecodeEuclide.numShiftedReg[3]$_DFFE_PN0P_/D
53	0.0800	RsDecodeEuclide.count[I]	RsDecodeEuclide.lambdaBkp_I[J]	RsDecodeEuclide.count[6]$_DFFE_PN0P_/Q	RsDecodeEuclide.lambdaBkp_18[0]$_DFFE_PN0P_/D
54	0.0859	enable	RsDecodeChien.denomEIReg[J]	enable	RsDecodeChien.denomE1Reg[5]$_DFFE_PN0P_/D
55	0.0859	enable	RsDecodeChien.numeRegI[J]	enable	RsDecodeChien.numeReg2[0]$_DFFE_PN0P_/D
56	0.0859	enable	RsDecodeEuclide.qNewReg[I]	enable	RsDecodeEuclide.qNewReg[0]$_DFFE_PN0P_/D
57	0.0859	enable	RsDecodeEuclide.omegaBkpReg[I]	enable	RsDecodeEuclide.omegaBkpReg[6]$_DFFE_PN0P_/D
58	0.0859	enable	RsDecodeChien.epsilonOddReg[I]	enable	RsDecodeChien.epsilonOddReg[0]$_DFFE_PN0P_/D
59	0.0859	enable	RsDecodeChien.lambdaEvenRegI[J]	enable	RsDecodeChien.lambdaEvenReg2[0]$_DFFE_PN0P_/D
60	0.0859	enable	RsDecodeChien.lambdaOddRegI[J]	enable	RsDecodeChien.lambdaOddReg2[0]$_DFFE_PN0P_/D
61	0.0859	enable	RsDecodeChien.lambdaSumReg[I]	enable	RsDecodeChien.lambdaSumReg[0]$_DFFE_PN0P_/D
62	0.0859	enable	RsDecodeChien.omegaSumReg[I]	enable	RsDecodeChien.omegaSumReg[0]$_DFFE_PN0P_/D
63	0.0872	RsDecodeEuclide.count[I]	RsDecodeEuclide.lambdaInner_I[J]	RsDecodeEuclide.count[6]$_DFFE_PN0P_/Q	RsDecodeEuclide.lambdaInner_21[0]$_DFFE_PN0P_/D
64	0.0872	RsDecodeEuclide.qNewReg[I]	RsDecodeEuclide.omegaBkp_I[J]	RsDecodeEuclide.qNewReg[1]$_DFFE_PN0P_/Q	RsDecodeEuclide.omegaBkp_12[2]$_DFFE_PN0P_/D
65	0.0888	enable	RsDecodeEuclide.lambdaXorReg_I[J]	enable	RsDecodeEuclide.lambdaXorReg_10[1]$_DFFE_PN0P_/D
66	0.0915	RsDecodeChien.lambdaReg_I[J]	RsDecodeChien.numErrorRegI[J]	RsDecodeChien.lambdaReg_3[7]$_DFFE_PN0P_/Q	RsDecodeChien.numErrorReg2[4]$_DFFE_PN0P_/D
67	0.0933	enable	RsDecodeChien.numErrorRegI[J]	enable	RsDecodeChien.numErrorReg2[0]$_DFFE_PN0P_/D
68	0.0946	RsDecodeErasure.epsilonReg_I[J]	RsDecodePolymul.sumReg_I[J]	RsDecodeErasure.epsilonReg_22[7]$_DFFE_PN0P_/Q	RsDecodePolymul.sumReg_7[7]$_DFFE_PN0P_/D
69	0.0954	enable	numErrorLambdaReg[I]	enable	numErrorLambdaReg[0]$_DFFE_PN0P_/D
70	0.0957	erasureIn	RsDecodeErasure.epsilonReg_I[J]	erasureIn	RsDecodeErasure.epsilonReg_10[0]$_DFFE_PN0P_/D
71	0.0971	erasureIn	RsDecodeErasure.erasureCount[I]	erasureIn	RsDecodeErasure.erasureCount[5]$_DFFE_PN0P_/D
72	0.0986	enable	omegaReg_I[J]	enable	omegaReg_0[6]$_DFFE_PN0P_/D
73	0.0986	enable	numShiftedReg[I]	enable	numShiftedReg[0]$_DFFE_PN0P_/D
74	0.1002	startPls	RsDecodeErasure.erasureCount[I]	startPls	RsDecodeErasure.erasureCount[5]$_DFFE_PN0P_/D
75	0.1011	RsDecodeEuclide.count[I]	RsDecodeEuclide.numShiftedReg[I]	RsDecodeEuclide.count[6]$_DFFE_PN0P_/Q	RsDecodeEuclide.numShiftedReg[3]$_DFFE_PN0P_/D
76	0.1017	startPls	RsDecodeSyndrome.reg_I[J]	startPls	RsDecodeSyndrome.reg_13[3]$_DFFE_PN0P_/D
77	0.1042	enable	degreeErrorReg	enable	degreeErrorReg$_DFFE_PN0P_/D
78	0.1044	enable	degreeLambdaReg[I]	enable	degreeLambdaReg[0]$_DFFE_PN0P_/D
79	0.1044	enable	degreeOmegaReg[I]	enable	degreeOmegaReg[0]$_DFFE_PN0P_/D
80	0.1059	degreeEpsilonReg[I]	RsDecodeEuclide.omegaBkp_I[J]	degreeEpsilonReg[2]$_DFFE_PN0P_/Q	RsDecodeEuclide.omegaBkp_20[6]$_DFFE_PN0P_/D
81	0.1080	RsDecodePolymul.count[I]	RsDecodeEuclide.omegaInner_I[J]	RsDecodePolymul.count[1]$_DFFE_PN0P_/Q	RsDecodeEuclide.omegaInner_11[0]$_DFFE_PN0P_/D
82	0.1085	RsDecodeEuclide.euclideSteps[I]	RsDecodeEuclide.omegaInner_I[J]	RsDecodeEuclide.euclideSteps[5]$_DFFE_PN0P_/QN	RsDecodeEuclide.omegaInner_11[0]$_DFFE_PN0P_/D
83	0.1098	RsDecodeEuclide.qNewReg[I]	RsDecodeEuclide.omegaInner_I[J]	RsDecodeEuclide.qNewReg[4]$_DFFE_PN0P_/Q	RsDecodeEuclide.omegaInner_9[5]$_DFFE_PN0P_/D
84	0.1128	RsDecodePolymul.epsilonReg_I[J]	RsDecodePolymul.sumReg_I[J]	RsDecodePolymul.epsilonReg_22[7]$_DFFE_PN0P_/Q	RsDecodePolymul.sumReg_4[0]$_DFFE_PN0P_/D
85	0.1142	startPls	RsDecodeErasure.epsilonReg_I[J]	startPls	RsDecodeErasure.epsilonReg_0[1]$_DFFE_PN0P_/D
86	0.1145	RsDecodeEuclide.omegaInner_I[J]	RsDecodeEuclide.lambdaXorReg_I[J]	RsDecodeEuclide.omegaInner_21[2]$_DFFE_PN0P_/Q	RsDecodeEuclide.lambdaXorReg_11[1]$_DFFE_PN0P_/D
87	0.1148	RsDecodeEuclide.omegaInner_I[J]	RsDecodeEuclide.omegaBkp_I[J]	RsDecodeEuclide.omegaInner_21[2]$_DFFE_PN0P_/Q	RsDecodeEuclide.omegaBkp_14[6]$_DFFE_PN0P_/D
88	0.1149	RsDecodeChien.denomEIReg[J]	RsDecodeChien.denomEIInvReg[J]	RsDecodeChien.denomE0Reg[1]$_DFFE_PN0P_/Q	RsDecodeChien.denomE0InvReg[5]$_DFFE_PN0P_/D
89	0.1157	RsDecodeEuclide.omegaInner_I[J]	RsDecodeEuclide.omegaInner_I[J]	RsDecodeEuclide.omegaInner_21[2]$_DFFE_PN0P_/Q	RsDecodeEuclide.omegaInner_11[0]$_DFFE_PN0P_/D
90	0.1158	RsDecodeEuclide.count[I]	RsDecodeEuclide.offset[I]	RsDecodeEuclide.count[6]$_DFFE_PN0P_/Q	RsDecodeEuclide.offset[4]$_DFFE_PN0P_/D
91	0.1194	RsDecodeEuclide.qNewReg[I]	RsDecodeEuclide.lambdaInner_I[J]	RsDecodeEuclide.qNewReg[4]$_DFFE_PN0P_/Q	RsDecodeEuclide.lambdaInner_1[4]$_DFFE_PN0P_/D
92	0.1203	RsDecodeEuclide.euclideSteps[I]	RsDecodeEuclide.lambdaXorReg_I[J]	RsDecodeEuclide.euclideSteps[5]$_DFFE_PN0P_/QN	RsDecodeEuclide.lambdaXorReg_20[2]$_DFFE_PN0P_/D
93	0.1215	RsDecodePolymul.count[I]	RsDecodeEuclide.omegaBkp_I[J]	RsDecodePolymul.count[1]$_DFFE_PN0P_/Q	RsDecodeEuclide.omegaBkp_20[0]$_DFFE_PN0P_/D
94	0.1218	RsDecodeEuclide.omegaInner_I[J]	RsDecodeEuclide.omegaInvReg[I]	RsDecodeEuclide.omegaInner_21[2]$_DFFE_PN0P_/Q	RsDecodeEuclide.omegaInvReg[7]$_DFFE_PN0P_/D
95	0.1224	RsDecodeEuclide.euclideSteps[I]	RsDecodeEuclide.lambdaBkp_I[J]	RsDecodeEuclide.euclideSteps[6]$_DFFE_PN0P_/QN	RsDecodeEuclide.lambdaBkp_18[0]$_DFFE_PN0P_/D
96	0.1269	enable	numErasureReg[I]	enable	numErasureReg[0]$_DFFE_PN0P_/D
97	0.1269	enable	numErrorReg[I]	enable	numErrorReg[1]$_DFFE_PN0P_/D
98	0.1273	numShiftedReg[I]	nzOmega_I	numShiftedReg[2]$_DFFE_PN0P_/Q	nzOmega_7$_DFFE_PN0P_/D
99	0.1296	RsDecodeEuclide.euclideSteps[I]	RsDecodeEuclide.lambdaInner_I[J]	RsDecodeEuclide.euclideSteps[6]$_DFFE_PN0P_/QN	RsDecodeEuclide.lambdaInner_21[0]$_DFFE_PN0P_/D
100	0.1341	degreeEpsilonReg[I]	RsDecodeEuclide.lambdaInner_I[J]	degreeEpsilonReg[2]$_DFFE_PN0P_/Q	RsDecodeEuclide.lambdaInner_1[0]$_DFFE_PN0P_/D
101	0.1362	RsDecodeChien.denomEIInvReg[J]	DataOutInner[I]	RsDecodeChien.denomE1InvReg[4]$_DFFE_PN0P_/Q	DataOutInner[3]$_DFF_PN0_/D
102	0.1368	RsDecodePolymul.count[I]	RsDecodeEuclide.lambdaBkp_I[J]	RsDecodePolymul.count[1]$_DFFE_PN0P_/Q	RsDecodeEuclide.lambdaBkp_10[0]$_DFFE_PN0P_/D
103	0.1369	degreeEpsilonReg[I]	RsDecodeEuclide.lambdaBkp_I[J]	degreeEpsilonReg[2]$_DFFE_PN0P_/Q	RsDecodeEuclide.lambdaBkp_21[3]$_DFFE_PN0P_/D
104	0.1373	enable	OutputValidReg	enable	OutputValidReg$_DFFE_PN0P_/D
105	0.1382	RsDecodeEuclide.omegaInner_I[J]	RsDecodeEuclide.numShiftedReg[I]	RsDecodeEuclide.omegaInner_21[2]$_DFFE_PN0P_/Q	RsDecodeEuclide.numShiftedReg[3]$_DFFE_PN0P_/D
106	0.1393	enable	failReg	enable	failReg$_DFFE_PN0P_/D
107	0.1394	RsDecodeErasure.powerReg[I]	RsDecodeErasure.epsilonReg_I[J]	RsDecodeErasure.powerReg[3]$_DFFE_PN0P_/Q	RsDecodeErasure.epsilonReg_12[7]$_DFFE_PN0P_/D
108	0.1409	RsDecodeEuclide.omegaInner_I[J]	RsDecodeEuclide.offset[I]	RsDecodeEuclide.omegaInner_21[2]$_DFFE_PN0P_/Q	RsDecodeEuclide.offset[4]$_DFFE_PN0P_/D
109	0.1412	RsDecodeChien.numeRegI[J]	DataOutInner[I]	RsDecodeChien.numeReg2[5]$_DFFE_PN0P_/Q	DataOutInner[3]$_DFF_PN0_/D
110	0.1413	degreeEpsilonReg[I]	RsDecodeEuclide.omegaInner_I[J]	degreeEpsilonReg[2]$_DFFE_PN0P_/Q	RsDecodeEuclide.omegaInner_11[0]$_DFFE_PN0P_/D
111	0.1414	RsDecodePolymul.count[I]	RsDecodeEuclide.lambdaInner_I[J]	RsDecodePolymul.count[1]$_DFFE_PN0P_/Q	RsDecodeEuclide.lambdaInner_12[2]$_DFFE_PN0P_/D
112	0.1426	numShiftedReg[I]	omegaShiftedReg_I[J]	numShiftedReg[0]$_DFFE_PN0P_/Q	omegaShiftedReg_0[2]$_DFFE_PN0P_/D
113	0.1455	RsDecodePolymul.count[I]	epsilonRegI_J[K]	RsDecodePolymul.count[1]$_DFFE_PN0P_/Q	epsilonReg2_0[0]$_DFFE_PN0P_/D
114	0.1464	startPls	RsDecodeErasure.count[I]	startPls	RsDecodeErasure.count[0]$_DFFE_PN0P_/D
115	0.1464	startPls	RsDecodeSyndrome.count[I]	startPls	RsDecodeSyndrome.count[0]$_DFFE_PN0P_/D
116	0.1481	RsDecodePolymul.count[I]	RsDecodeEuclide.numShiftedReg[I]	RsDecodePolymul.count[1]$_DFFE_PN0P_/Q	RsDecodeEuclide.numShiftedReg[3]$_DFFE_PN0P_/D
117	0.1486	RsDecodeEuclide.euclideSteps[I]	RsDecodeEuclide.numShiftedReg[I]	RsDecodeEuclide.euclideSteps[5]$_DFFE_PN0P_/QN	RsDecodeEuclide.numShiftedReg[3]$_DFFE_PN0P_/D
118	0.1518	RsDecodeEuclide.qNewReg[I]	RsDecodeEuclide.lambdaXorReg_I[J]	RsDecodeEuclide.qNewReg[5]$_DFFE_PN0P_/Q	RsDecodeEuclide.lambdaXorReg_14[4]$_DFFE_PN0P_/D
119	0.1531	degreeEpsilonReg[I]	RsDecodeEuclide.lambdaXorReg_I[J]	degreeEpsilonReg[2]$_DFFE_PN0P_/Q	RsDecodeEuclide.lambdaXorReg_20[2]$_DFFE_PN0P_/D
120	0.1536	RsDecodePolymul.count[I]	RsDecodeEuclide.lambdaXorReg_I[J]	RsDecodePolymul.count[1]$_DFFE_PN0P_/Q	RsDecodeEuclide.lambdaXorReg_0[0]$_DFFE_PN0P_/D
121	0.1540	enable	RsDecodeEuclide.offset[I]	enable	RsDecodeEuclide.offset[4]$_DFFE_PN0P_/D
122	0.1594	RsDecodeEuclide.lambdaInner_I[J]	RsDecodeEuclide.lambdaInner_I[J]	RsDecodeEuclide.lambdaInner_20[7]$_DFFE_PN0P_/Q	RsDecodeEuclide.lambdaInner_20[6]$_DFFE_PN0P_/D
123	0.1594	dataIn[I]	RsDecodeSyndrome.reg_I[J]	dataIn[2]	RsDecodeSyndrome.reg_19[2]$_DFFE_PN0P_/D
124	0.1628	RsDecodeEuclide.omegaInner_I[J]	RsDecodeEuclide.lambdaInner_I[J]	RsDecodeEuclide.omegaInner_21[2]$_DFFE_PN0P_/Q	RsDecodeEuclide.lambdaInner_1[0]$_DFFE_PN0P_/D
125	0.1632	RsDecodeEuclide.euclideSteps[I]	RsDecodeEuclide.offset[I]	RsDecodeEuclide.euclideSteps[5]$_DFFE_PN0P_/QN	RsDecodeEuclide.offset[4]$_DFFE_PN0P_/D
126	0.1657	RsDecodeEuclide.omegaInner_I[J]	RsDecodeEuclide.lambdaBkp_I[J]	RsDecodeEuclide.omegaInner_21[2]$_DFFE_PN0P_/Q	RsDecodeEuclide.lambdaBkp_21[3]$_DFFE_PN0P_/D
127	0.1663	dataIn[I]	RsDecodeDelay.RsDecodeDpRam.mem[I][J]	dataIn[1]	RsDecodeDelay.RsDecodeDpRam.mem[0][1]$_DFFE_PP_/D
128	0.1747	RsDecodeDelay.RsDecodeDpRam.mem[I][J]	RsDecodeDelay.RsDecodeDpRam.q[I]	RsDecodeDelay.RsDecodeDpRam.mem[219][3]$_DFFE_PP_/Q	RsDecodeDelay.RsDecodeDpRam.q[3]$_DFFE_PP_/D
129	0.1769	RsDecodeEuclide.omegaBkpReg[I]	RsDecodeEuclide.qNewReg[I]	RsDecodeEuclide.omegaBkpReg[5]$_DFFE_PN0P_/Q	RsDecodeEuclide.qNewReg[4]$_DFFE_PN0P_/D
130	0.1784	RsDecodeEuclide.omegaInvReg[I]	RsDecodeEuclide.qNewReg[I]	RsDecodeEuclide.omegaInvReg[4]$_DFFE_PN0P_/Q	RsDecodeEuclide.qNewReg[4]$_DFFE_PN0P_/D
131	0.1814	degreeEpsilonReg[I]	RsDecodeEuclide.numShiftedReg[I]	degreeEpsilonReg[2]$_DFFE_PN0P_/Q	RsDecodeEuclide.numShiftedReg[3]$_DFFE_PN0P_/D
132	0.1856	startPls	RsDecodeErasure.powerReg[I]	startPls	RsDecodeErasure.powerReg[2]$_DFFE_PN0P_/D
133	0.1864	RsDecodePolymul.syndromeReg_I[J]	RsDecodePolymul.sumReg_I[J]	RsDecodePolymul.syndromeReg_13[7]$_DFFE_PN0P_/Q	RsDecodePolymul.sumReg_13[5]$_DFFE_PN0P_/D
134	0.1907	RsDecodeEuclide.offset[I]	RsDecodeEuclide.omegaInner_I[J]	RsDecodeEuclide.offset[0]$_DFFE_PN0P_/Q	RsDecodeEuclide.omegaInner_11[0]$_DFFE_PN0P_/D
135	0.1960	degreeEpsilonReg[I]	RsDecodeEuclide.offset[I]	degreeEpsilonReg[2]$_DFFE_PN0P_/Q	RsDecodeEuclide.offset[4]$_DFFE_PN0P_/D
136	0.1983	RsDecodeEuclide.lambdaInner_I[J]	RsDecodeEuclide.lambdaXorReg_I[J]	RsDecodeEuclide.lambdaInner_15[6]$_DFFE_PN0P_/Q	RsDecodeEuclide.lambdaXorReg_15[4]$_DFFE_PN0P_/D
137	0.2019	RsDecodeDelay.writePointer[I]	RsDecodeDelay.RsDecodeDpRam.mem[I][J]	RsDecodeDelay.writePointer[1]$_DFFE_PN1P_/Q	RsDecodeDelay.RsDecodeDpRam.mem[115][0]$_DFFE_PP_/D
138	0.2059	RsDecodeErasure.epsilonReg_I[J]	RsDecodeErasure.epsilonReg_I[J]	RsDecodeErasure.epsilonReg_0[3]$_DFFE_PN0P_/Q	RsDecodeErasure.epsilonReg_0[0]$_DFFE_PN0P_/D
139	0.2104	RsDecodePolymul.count[I]	RsDecodeEuclide.offset[I]	RsDecodePolymul.count[1]$_DFFE_PN0P_/Q	RsDecodeEuclide.offset[4]$_DFFE_PN0P_/D
140	0.2114	degreeLambdaReg[I]	degreeErrorReg	degreeLambdaReg[0]$_DFFE_PN0P_/Q	degreeErrorReg$_DFFE_PN0P_/D
141	0.2147	degreeEpsilonRegI[J]	degreeErrorReg	degreeEpsilonReg4[0]$_DFFE_PN0P_/Q	degreeErrorReg$_DFFE_PN0P_/D
142	0.2154	RsDecodeChien.lambdaOddReg[I]	RsDecodeChien.denomEIReg[J]	RsDecodeChien.lambdaOddReg[5]$_DFFE_PN0P_/Q	RsDecodeChien.denomE0Reg[4]$_DFFE_PN0P_/D
143	0.2175	RsDecodeEuclide.phase[I]	RsDecodeEuclide.omegaBkp_I[J]	RsDecodeEuclide.phase[0]$_DFFE_PN0P_/QN	RsDecodeEuclide.omegaBkp_10[0]$_DFFE_PN0P_/D
144	0.2176	RsDecodeChien.epsilonSumReg[I]	RsDecodeChien.denomEIReg[J]	RsDecodeChien.epsilonSumReg[4]$_DFFE_PN0P_/Q	RsDecodeChien.denomE0Reg[4]$_DFFE_PN0P_/D
145	0.2182	RsDecodeChien.lambdaSumReg[I]	RsDecodeChien.denomEIReg[J]	RsDecodeChien.lambdaSumReg[5]$_DFFE_PN0P_/Q	RsDecodeChien.denomE1Reg[5]$_DFFE_PN0P_/D
146	0.2197	RsDecodeChien.epsilonOddReg[I]	RsDecodeChien.denomEIReg[J]	RsDecodeChien.epsilonOddReg[4]$_DFFE_PN0P_/Q	RsDecodeChien.denomE1Reg[5]$_DFFE_PN0P_/D
147	0.2235	RsDecodePolymul.count[I]	RsDecodePolymul.count[I]	RsDecodePolymul.count[1]$_DFFE_PN0P_/Q	RsDecodePolymul.count[2]$_DFFE_PN0P_/D
148	0.2277	omegaReg_I[J]	nzOmega_I	omegaReg_19[5]$_DFFE_PN0P_/Q	nzOmega_4$_DFFE_PN0P_/D
149	0.2294	RsDecodeEuclide.offset[I]	RsDecodeEuclide.omegaBkp_I[J]	RsDecodeEuclide.offset[0]$_DFFE_PN0P_/Q	RsDecodeEuclide.omegaBkp_14[6]$_DFFE_PN0P_/D
150	0.2307	RsDecodeEuclide.offset[I]	RsDecodeEuclide.numShiftedReg[I]	RsDecodeEuclide.offset[0]$_DFFE_PN0P_/Q	RsDecodeEuclide.numShiftedReg[3]$_DFFE_PN0P_/D
151	0.2309	RsDecodeChien.lambdaOddRegI[J]	DataOutInner[I]	RsDecodeChien.lambdaOddReg3[5]$_DFFE_PN0P_/Q	DataOutInner[1]$_DFF_PN0_/D
152	0.2309	RsDecodePolymul.count[I]	degreeEpsilonRegI[J]	RsDecodePolymul.count[1]$_DFFE_PN0P_/Q	degreeEpsilonReg2[4]$_DFFE_PN0P_/D
153	0.2309	RsDecodePolymul.count[I]	failErasureRegI	RsDecodePolymul.count[1]$_DFFE_PN0P_/Q	failErasureReg2$_DFFE_PN0P_/D
154	0.2327	RsDecodeChien.lambdaEvenRegI[J]	DataOutInner[I]	RsDecodeChien.lambdaEvenReg3[5]$_DFFE_PN0P_/Q	DataOutInner[1]$_DFF_PN0_/D
155	0.2329	RsDecodeEuclide.offset[I]	RsDecodeEuclide.lambdaBkp_I[J]	RsDecodeEuclide.offset[0]$_DFFE_PN0P_/Q	RsDecodeEuclide.lambdaBkp_18[0]$_DFFE_PN0P_/D
156	0.2340	RsDecodeErasure.powerReg[I]	RsDecodeErasure.powerReg[I]	RsDecodeErasure.powerReg[7]$_DFFE_PN0P_/Q	RsDecodeErasure.powerReg[4]$_DFFE_PN0P_/D
157	0.2362	RsDecodeEuclide.offset[I]	RsDecodeEuclide.lambdaXorReg_I[J]	RsDecodeEuclide.offset[0]$_DFFE_PN0P_/Q	RsDecodeEuclide.lambdaXorReg_0[0]$_DFFE_PN0P_/D
158	0.2401	RsDecodeEuclide.offset[I]	RsDecodeEuclide.lambdaInner_I[J]	RsDecodeEuclide.offset[0]$_DFFE_PN0P_/Q	RsDecodeEuclide.lambdaInner_21[0]$_DFFE_PN0P_/D
159	0.2412	RsDecodePolymul.count[I]	RsDecodeEuclide.euclideSteps[I]	RsDecodePolymul.count[1]$_DFFE_PN0P_/Q	RsDecodeEuclide.euclideSteps[0]$_DFFE_PN0P_/D
160	0.2429	RsDecodeSyndrome.reg_I[J]	RsDecodeSyndrome.reg_I[J]	RsDecodeSyndrome.reg_15[7]$_DFFE_PN0P_/Q	RsDecodeSyndrome.reg_15[3]$_DFFE_PN0P_/D
161	0.2482	RsDecodeSyndrome.done	RsDecodePolymul.epsilonReg_I[J]	RsDecodeSyndrome.done$_DFFE_PN0P_/Q	RsDecodePolymul.epsilonReg_22[3]$_DFFE_PN0P_/D
162	0.2529	RsDecodeEuclide.phase[I]	RsDecodeEuclide.omegaInner_I[J]	RsDecodeEuclide.phase[0]$_DFFE_PN0P_/QN	RsDecodeEuclide.omegaInner_11[0]$_DFFE_PN0P_/D
163	0.2540	RsDecodeChien.count[I]	RsDecodeChien.numErrorRegI[J]	RsDecodeChien.count[1]$_DFFE_PN0P_/Q	RsDecodeChien.numErrorReg2[0]$_DFFE_PN0P_/D
164	0.2580	RsDecodeEuclide.omegaBkp_I[J]	RsDecodeEuclide.omegaInner_I[J]	RsDecodeEuclide.omegaBkp_9[6]$_DFFE_PN0P_/Q	RsDecodeEuclide.omegaInner_10[6]$_DFFE_PN0P_/D
165	0.2600	RsDecodeEuclide.count[I]	lambdaReg_I[J]	RsDecodeEuclide.count[3]$_DFFE_PN0P_/Q	lambdaReg_18[2]$_DFFE_PN0P_/D
166	0.2627	RsDecodePolymul.count[I]	RsDecodeEuclide.count[I]	RsDecodePolymul.count[1]$_DFFE_PN0P_/Q	RsDecodeEuclide.count[0]$_DFFE_PN0P_/D
167	0.2647	RsDecodeEuclide.phase[I]	RsDecodeEuclide.lambdaXorReg_I[J]	RsDecodeEuclide.phase[0]$_DFFE_PN0P_/QN	RsDecodeEuclide.lambdaXorReg_20[2]$_DFFE_PN0P_/D
168	0.2716	RsDecodeEuclide.omegaBkp_I[J]	RsDecodeEuclide.omegaBkp_I[J]	RsDecodeEuclide.omegaBkp_0[6]$_DFFE_PN0P_/Q	RsDecodeEuclide.omegaBkp_1[6]$_DFFE_PN0P_/D
169	0.2770	RsDecodeEuclide.phase[I]	RsDecodeEuclide.lambdaBkp_I[J]	RsDecodeEuclide.phase[0]$_DFFE_PN0P_/QN	RsDecodeEuclide.lambdaBkp_18[0]$_DFFE_PN0P_/D
170	0.2772	RsDecodeChien.lambdaReg_I[J]	RsDecodeChien.lambdaSumReg[I]	RsDecodeChien.lambdaReg_13[0]$_DFFE_PN0P_/Q	RsDecodeChien.lambdaSumReg[0]$_DFFE_PN0P_/D
171	0.2800	RsDecodeEuclide.count[I]	omegaReg_I[J]	RsDecodeEuclide.count[3]$_DFFE_PN0P_/Q	omegaReg_0[6]$_DFFE_PN0P_/D
172	0.2800	RsDecodeEuclide.count[I]	degreeEpsilonRegI[J]	RsDecodeEuclide.count[3]$_DFFE_PN0P_/Q	degreeEpsilonReg3[0]$_DFFE_PN0P_/D
173	0.2800	RsDecodeEuclide.count[I]	epsilonRegI_J[K]	RsDecodeEuclide.count[3]$_DFFE_PN0P_/Q	epsilonReg3_0[0]$_DFFE_PN0P_/D
174	0.2800	RsDecodeEuclide.count[I]	numShiftedReg[I]	RsDecodeEuclide.count[3]$_DFFE_PN0P_/Q	numShiftedReg[0]$_DFFE_PN0P_/D
175	0.2800	omegaReg_I[J]	omegaShiftedReg_I[J]	omegaReg_19[1]$_DFFE_PN0P_/Q	omegaShiftedReg_11[1]$_DFFE_PN0P_/D
176	0.2842	RsDecodeEuclide.phase[I]	RsDecodeEuclide.lambdaInner_I[J]	RsDecodeEuclide.phase[0]$_DFFE_PN0P_/QN	RsDecodeEuclide.lambdaInner_21[0]$_DFFE_PN0P_/D
177	0.2859	RsDecodeChien.count[I]	RsDecodeChien.count[I]	RsDecodeChien.count[1]$_DFFE_PN0P_/Q	RsDecodeChien.count[2]$_DFFE_PN0P_/D
178	0.2874	RsDecodeChien.denomEIReg[J]	RsDecodeChien.denomEIReg[J]	RsDecodeChien.denomE1Reg[4]$_DFFE_PN0P_/Q	RsDecodeChien.denomE1Reg[4]$_DFFE_PN0P_/D
179	0.2890	RsDecodeEuclide.omegaInner_I[J]	omegaReg_I[J]	RsDecodeEuclide.omegaInner_21[3]$_DFFE_PN0P_/Q	omegaReg_21[3]$_DFFE_PN0P_/D
180	0.2891	RsDecodeEuclide.lambdaXorReg_I[J]	RsDecodeEuclide.lambdaInner_I[J]	RsDecodeEuclide.lambdaXorReg_1[6]$_DFFE_PN0P_/Q	RsDecodeEuclide.lambdaInner_2[6]$_DFFE_PN0P_/D
181	0.2924	RsDecodePolymul.sumReg_I[J]	RsDecodePolymul.sumReg_I[J]	RsDecodePolymul.sumReg_13[6]$_DFFE_PN0P_/Q	RsDecodePolymul.sumReg_14[6]$_DFFE_PN0P_/D
182	0.2929	RsDecodeChien.omegaReg_I[J]	RsDecodeChien.omegaSumReg[I]	RsDecodeChien.omegaReg_21[0]$_DFFE_PN0P_/Q	RsDecodeChien.omegaSumReg[0]$_DFFE_PN0P_/D
183	0.2930	RsDecodeEuclide.phase[I]	RsDecodeEuclide.numShiftedReg[I]	RsDecodeEuclide.phase[0]$_DFFE_PN0P_/QN	RsDecodeEuclide.numShiftedReg[3]$_DFFE_PN0P_/D
184	0.2957	RsDecodeEuclide.count[I]	doneShift	RsDecodeEuclide.count[3]$_DFFE_PN0P_/Q	doneShift$_DFFE_PN0P_/D
185	0.2975	RsDecodeEuclide.offset[I]	RsDecodeEuclide.offset[I]	RsDecodeEuclide.offset[1]$_DFFE_PN0P_/Q	RsDecodeEuclide.offset[4]$_DFFE_PN0P_/D
186	0.2981	RsDecodeChien.omegaReg_I[J]	RsDecodeChien.omegaReg_I[J]	RsDecodeChien.omegaReg_18[4]$_DFFE_PN0P_/Q	RsDecodeChien.omegaReg_18[3]$_DFFE_PN0P_/D
187	0.2988	RsDecodeChien.lambdaReg_I[J]	RsDecodeChien.lambdaReg_I[J]	RsDecodeChien.lambdaReg_18[4]$_DFFE_PN0P_/Q	RsDecodeChien.lambdaReg_18[3]$_DFFE_PN0P_/D
188	0.2995	RsDecodeEuclide.lambdaBkp_I[J]	RsDecodeEuclide.lambdaInner_I[J]	RsDecodeEuclide.lambdaBkp_21[3]$_DFFE_PN0P_/Q	RsDecodeEuclide.lambdaInner_21[3]$_DFFE_PN0P_/D
189	0.2996	doneShiftReg	RsDecodeChien.epsilonReg_I[J]	doneShiftReg$_DFFE_PN0P_/Q	RsDecodeChien.epsilonReg_22[1]$_DFFE_PN0P_/D
190	0.2996	doneShiftReg	RsDecodeChien.lambdaReg_I[J]	doneShiftReg$_DFFE_PN0P_/Q	RsDecodeChien.lambdaReg_18[3]$_DFFE_PN0P_/D
191	0.2996	doneShiftReg	RsDecodeChien.omegaReg_I[J]	doneShiftReg$_DFFE_PN0P_/Q	RsDecodeChien.omegaReg_1[0]$_DFFE_PN0P_/D
192	0.3011	RsDecodeChien.epsilonReg_I[J]	RsDecodeChien.epsilonReg_I[J]	RsDecodeChien.epsilonReg_9[1]$_DFFE_PN0P_/Q	RsDecodeChien.epsilonReg_9[2]$_DFFE_PN0P_/D
193	0.3029	RsDecodeEuclide.qNewReg[I]	RsDecodeEuclide.qNewReg[I]	RsDecodeEuclide.qNewReg[6]$_DFFE_PN0P_/Q	RsDecodeEuclide.qNewReg[6]$_DFFE_PN0P_/D
194	0.3040	lambdaRegI_J[K]	RsDecodeChien.lambdaReg_I[J]	lambdaReg2_15[6]$_DFFE_PN0P_/Q	RsDecodeChien.lambdaReg_15[5]$_DFFE_PN0P_/D
195	0.3041	omegaShiftedReg_I[J]	RsDecodeChien.omegaReg_I[J]	omegaShiftedReg_15[6]$_DFFE_PN0P_/Q	RsDecodeChien.omegaReg_15[5]$_DFFE_PN0P_/D
196	0.3076	RsDecodeEuclide.phase[I]	RsDecodeEuclide.offset[I]	RsDecodeEuclide.phase[0]$_DFFE_PN0P_/QN	RsDecodeEuclide.offset[4]$_DFFE_PN0P_/D
197	0.3085	RsDecodeChien.epsilonReg_I[J]	RsDecodeChien.epsilonSumReg[I]	RsDecodeChien.epsilonReg_21[0]$_DFFE_PN0P_/Q	RsDecodeChien.epsilonSumReg[0]$_DFFE_PN0P_/D
198	0.3096	RsDecodeChien.count[I]	degreeEpsilonRegI[J]	RsDecodeChien.count[1]$_DFFE_PN0P_/Q	degreeEpsilonReg5[0]$_DFFE_PN0P_/D
199	0.3096	RsDecodeSyndrome.done	RsDecodePolymul.syndromeReg_I[J]	RsDecodeSyndrome.done$_DFFE_PN0P_/Q	RsDecodePolymul.syndromeReg_13[0]$_DFFE_PN0P_/D
200	0.3126	epsilonRegI_J[K]	RsDecodeChien.epsilonReg_I[J]	epsilonReg3_18[3]$_DFFE_PN0P_/Q	RsDecodeChien.epsilonReg_18[5]$_DFFE_PN0P_/D
201	0.3139	RsDecodePolymul.count[I]	RsDecodeEuclide.phase[I]	RsDecodePolymul.count[1]$_DFFE_PN0P_/Q	RsDecodeEuclide.phase[0]$_DFFE_PN0P_/D
202	0.3164	RsDecodeDelay.RsDecodeDpRam.q[I]	DataOutInner[I]	RsDecodeDelay.RsDecodeDpRam.q[8]$_DFFE_PP_/Q	DataOutInner[1]$_DFF_PN0_/D
203	0.3170	RsDecodeDelay.readPointer[I]	RsDecodeDelay.readPointer[I]	RsDecodeDelay.readPointer[1]$_DFFE_PN0P_/Q	RsDecodeDelay.readPointer[8]$_DFFE_PN0P_/D
204	0.3177	RsDecodeErasure.count[I]	epsilonReg_I[J]	RsDecodeErasure.count[1]$_DFFE_PN0P_/Q	epsilonReg_16[6]$_DFFE_PN0P_/D
205	0.3178	RsDecodeErasure.count[I]	degreeEpsilonReg[I]	RsDecodeErasure.count[1]$_DFFE_PN0P_/Q	degreeEpsilonReg[0]$_DFFE_PN0P_/D
206	0.3197	RsDecodeEuclide.count[I]	failErasureRegI	RsDecodeEuclide.count[3]$_DFFE_PN0P_/Q	failErasureReg3$_DFFE_PN0P_/D
207	0.3218	doneShiftReg	RsDecodeChien.numErrorReg[I]	doneShiftReg$_DFFE_PN0P_/Q	RsDecodeChien.numErrorReg[4]$_DFFE_PN0P_/D
208	0.3225	doneShiftReg	RsDecodeChien.count[I]	doneShiftReg$_DFFE_PN0P_/Q	RsDecodeChien.count[0]$_DFFE_PN0P_/D
209	0.3249	degreeEpsilonReg[I]	RsDecodeEuclide.euclideSteps[I]	degreeEpsilonReg[1]$_DFFE_PN0P_/Q	RsDecodeEuclide.euclideSteps[3]$_DFFE_PN0P_/D
210	0.3261	RsDecodeDelay.writePointer[I]	RsDecodeDelay.writePointer[I]	RsDecodeDelay.writePointer[1]$_DFFE_PN1P_/Q	RsDecodeDelay.writePointer[8]$_DFFE_PN1P_/D
211	0.3270	RsDecodeErasure.count[I]	failErasureReg	RsDecodeErasure.count[1]$_DFFE_PN0P_/Q	failErasureReg$_DFFE_PN0P_/D
212	0.3318	nzLambda_I	degreeLambdaReg[I]	nzLambda_14$_DFFE_PN0P_/Q	degreeLambdaReg[0]$_DFFE_PN0P_/D
213	0.3318	nzOmega_I	degreeOmegaReg[I]	nzOmega_14$_DFFE_PN0P_/Q	degreeOmegaReg[0]$_DFFE_PN0P_/D
214	0.3342	RsDecodeChien.epsilonReg_I[J]	RsDecodeChien.epsilonOddReg[I]	RsDecodeChien.epsilonReg_21[0]$_DFFE_PN0P_/Q	RsDecodeChien.epsilonOddReg[0]$_DFFE_PN0P_/D
215	0.3351	RsDecodeSyndrome.done	RsDecodePolymul.count[I]	RsDecodeSyndrome.done$_DFFE_PN0P_/Q	RsDecodePolymul.count[1]$_DFFE_PN0P_/D
216	0.3397	RsDecodeChien.lambdaReg_I[J]	RsDecodeChien.lambdaEvenReg[I]	RsDecodeChien.lambdaReg_10[2]$_DFFE_PN0P_/Q	RsDecodeChien.lambdaEvenReg[2]$_DFFE_PN0P_/D
217	0.3399	RsDecodeEuclide.lambdaXorReg_I[J]	RsDecodeEuclide.lambdaXorReg_I[J]	RsDecodeEuclide.lambdaXorReg_1[6]$_DFFE_PN0P_/Q	RsDecodeEuclide.lambdaXorReg_2[6]$_DFFE_PN0P_/D
218	0.3406	RsDecodeChien.lambdaReg_I[J]	RsDecodeChien.lambdaOddReg[I]	RsDecodeChien.lambdaReg_13[0]$_DFFE_PN0P_/Q	RsDecodeChien.lambdaOddReg[0]$_DFFE_PN0P_/D
219	0.3417	RsDecodeChien.count[I]	doneReg[I]	RsDecodeChien.count[1]$_DFFE_PN0P_/Q	doneReg[2]$_DFFE_PN0P_/D
220	0.3466	RsDecodeSyndrome.count[I]	RsDecodeSyndrome.count[I]	RsDecodeSyndrome.count[2]$_DFFE_PN0P_/Q	RsDecodeSyndrome.count[7]$_DFFE_PN0P_/D
221	0.3482	doneShiftReg	doneShiftReg	doneShiftReg$_DFFE_PN0P_/Q	doneShiftReg$_DFFE_PN0P_/D
222	0.3492	DelayedDataOutInner[I]	delayedData[I]	DelayedDataOutInner[0]$_DFF_PN0_/Q	delayedData[0]
223	0.3492	numErasureRegInner[I]	erasureNum[I]	numErasureRegInner[0]$_DFF_PN0_/Q	erasureNum[0]
224	0.3492	numErrorRegInner[I]	errorNum[I]	numErrorRegInner[0]$_DFF_PN0_/Q	errorNum[0]
225	0.3492	failRegInner	fail	failRegInner$_DFF_PN0_/Q	fail
226	0.3492	DataOutInner[I]	outData[I]	DataOutInner[0]$_DFF_PN0_/Q	outData[0]
227	0.3492	doneRegInner	outDone	doneRegInner$_DFF_PN0_/Q	outDone
228	0.3492	OutputValidRegInner	outEnable	OutputValidRegInner$_DFF_PN0_/Q	outEnable
229	0.3492	startRegInner	outStartPls	startRegInner$_DFF_PN0_/Q	outStartPls
230	0.3518	RsDecodeErasure.count[I]	RsDecodeErasure.count[I]	RsDecodeErasure.count[3]$_DFFE_PN0P_/Q	RsDecodeErasure.count[3]$_DFFE_PN0P_/D
231	0.3580	RsDecodeEuclide.count[I]	RsDecodeEuclide.count[I]	RsDecodeEuclide.count[3]$_DFFE_PN0P_/Q	RsDecodeEuclide.count[1]$_DFFE_PN0P_/D
232	0.3603	RsDecodeSyndrome.done	RsDecodeSyndrome.done	RsDecodeSyndrome.done$_DFFE_PN0P_/Q	RsDecodeSyndrome.done$_DFFE_PN0P_/D
233	0.3733	omegaReg_I[J]	omegaReg_I[J]	omegaReg_21[0]$_DFFE_PN0P_/Q	omegaReg_21[0]$_DFFE_PN0P_/D
234	0.3735	doneShiftReg	degreeLambdaReg[I]	doneShiftReg$_DFFE_PN0P_/Q	degreeLambdaReg[0]$_DFFE_PN0P_/D
235	0.3735	doneShiftReg	degreeOmegaReg[I]	doneShiftReg$_DFFE_PN0P_/Q	degreeOmegaReg[0]$_DFFE_PN0P_/D
236	0.3772	doneShiftReg	degreeEpsilonRegI[J]	doneShiftReg$_DFFE_PN0P_/Q	degreeEpsilonReg4[0]$_DFFE_PN0P_/D
237	0.3910	RsDecodeErasure.erasureCount[I]	RsDecodeErasure.erasureCount[I]	RsDecodeErasure.erasureCount[2]$_DFFE_PN0P_/Q	RsDecodeErasure.erasureCount[5]$_DFFE_PN0P_/D
238	0.3928	RsDecodeChien.numErrorReg[I]	RsDecodeChien.numErrorRegI[J]	RsDecodeChien.numErrorReg[0]$_DFFE_PN0P_/Q	RsDecodeChien.numErrorReg2[3]$_DFFE_PN0P_/D
239	0.3989	degreeOmegaReg[I]	degreeErrorReg	degreeOmegaReg[1]$_DFFE_PN0P_/Q	degreeErrorReg$_DFFE_PN0P_/D
240	0.4065	enable	enableFF	enable	enableFF$_DFF_PN0_/D
241	0.4069	enable	RsDecodeDelay.RsDecodeDpRam.rRdEn	enable	RsDecodeDelay.RsDecodeDpRam.rRdEn$_DFF_P_/D
242	0.4075	RsDecodeChien.numErrorRegI[J]	failReg	RsDecodeChien.numErrorReg2[1]$_DFFE_PN0P_/Q	failReg$_DFFE_PN0P_/D
243	0.4124	doneShiftReg	startReg[I]	doneShiftReg$_DFFE_PN0P_/Q	startReg[3]$_DFFE_PN0P_/D
244	0.4173	RsDecodeErasure.epsilonReg_I[J]	RsDecodePolymul.epsilonReg_I[J]	RsDecodeErasure.epsilonReg_14[6]$_DFFE_PN0P_/Q	RsDecodePolymul.epsilonReg_15[6]$_DFFE_PN0P_/D
245	0.4213	RsDecodeEuclide.numShiftedReg[I]	RsDecodeEuclide.numShiftedReg[I]	RsDecodeEuclide.numShiftedReg[1]$_DFFE_PN0P_/Q	RsDecodeEuclide.numShiftedReg[4]$_DFFE_PN0P_/D
246	0.4251	numErrorLambdaReg[I]	failReg	numErrorLambdaReg[2]$_DFFE_PN0P_/Q	failReg$_DFFE_PN0P_/D
247	0.4409	doneShiftReg	failErasureRegI	doneShiftReg$_DFFE_PN0P_/Q	failErasureReg4$_DFFE_PN0P_/D
248	0.4430	RsDecodeChien.numeRegI[J]	RsDecodeChien.numeRegI[J]	RsDecodeChien.numeReg2[6]$_DFFE_PN0P_/Q	RsDecodeChien.numeReg2[6]$_DFFE_PN0P_/D
249	0.4433	RsDecodeErasure.erasureCount[I]	failErasureReg	RsDecodeErasure.erasureCount[2]$_DFFE_PN0P_/Q	failErasureReg$_DFFE_PN0P_/D
250	0.4508	RsDecodeDelay.RsDecodeDpRam.rRdEn	RsDecodeDelay.RsDecodeDpRam.q[I]	RsDecodeDelay.RsDecodeDpRam.rRdEn$_DFF_P_/Q	RsDecodeDelay.RsDecodeDpRam.q[7]$_DFFE_PP_/D
251	0.4551	doneReg[I]	numErasureReg[I]	doneReg[0]$_DFFE_PN0P_/Q	numErasureReg[0]$_DFFE_PN0P_/D
252	0.4551	doneReg[I]	numErrorReg[I]	doneReg[0]$_DFFE_PN0P_/Q	numErrorReg[1]$_DFFE_PN0P_/D
253	0.4599	lambdaReg_I[J]	nzLambda_I	lambdaReg_1[5]$_DFFE_PN0P_/Q	nzLambda_1$_DFFE_PN0P_/D
254	0.4611	RsDecodeSyndrome.reg_I[J]	RsDecodePolymul.sumReg_I[J]	RsDecodeSyndrome.reg_5[7]$_DFFE_PN0P_/Q	RsDecodePolymul.sumReg_5[7]$_DFFE_PN0P_/D
255	0.4677	RsDecodeEuclide.lambdaInner_I[J]	lambdaReg_I[J]	RsDecodeEuclide.lambdaInner_4[7]$_DFFE_PN0P_/Q	lambdaReg_4[7]$_DFFE_PN0P_/D
256	0.4678	RsDecodeErasure.epsilonReg_I[J]	epsilonReg_I[J]	RsDecodeErasure.epsilonReg_22[6]$_DFFE_PN0P_/Q	epsilonReg_22[6]$_DFFE_PN0P_/D
257	0.4745	doneReg[I]	failReg	doneReg[0]$_DFFE_PN0P_/Q	failReg$_DFFE_PN0P_/D
258	0.4762	RsDecodeEuclide.lambdaInner_I[J]	RsDecodeEuclide.lambdaBkp_I[J]	RsDecodeEuclide.lambdaInner_14[7]$_DFFE_PN0P_/Q	RsDecodeEuclide.lambdaBkp_14[7]$_DFFE_PN0P_/D
259	0.4799	doneReg[I]	OutputValidReg	doneReg[0]$_DFFE_PN0P_/Q	OutputValidReg$_DFFE_PN0P_/D
260	0.4803	degreeEpsilonReg[I]	degreeEpsilonRegI[J]	degreeEpsilonReg[2]$_DFFE_PN0P_/Q	degreeEpsilonReg2[2]$_DFFE_PN0P_/D
261	0.4848	RsDecodeSyndrome.count[I]	RsDecodeSyndrome.done	RsDecodeSyndrome.count[1]$_DFFE_PN0P_/Q	RsDecodeSyndrome.done$_DFFE_PN0P_/D
262	0.4896	RsDecodeEuclide.phase[I]	RsDecodeEuclide.phase[I]	RsDecodeEuclide.phase[1]$_DFFE_PN0P_/Q	RsDecodeEuclide.phase[0]$_DFFE_PN0P_/D
263	0.4916	numShiftedReg[I]	numShiftedReg[I]	numShiftedReg[3]$_DFFE_PN0P_/Q	numShiftedReg[3]$_DFFE_PN0P_/D
264	0.4939	startReg[I]	failErasureRegI	startReg[1]$_DFFE_PN0P_/Q	failErasureReg5$_DFFE_PN0P_/D
265	0.4939	startReg[I]	numErrorLambdaReg[I]	startReg[1]$_DFFE_PN0P_/Q	numErrorLambdaReg[0]$_DFFE_PN0P_/D
266	0.4990	RsDecodeChien.lambdaOddReg[I]	RsDecodeChien.lambdaOddRegI[J]	RsDecodeChien.lambdaOddReg[7]$_DFFE_PN0P_/Q	RsDecodeChien.lambdaOddReg2[7]$_DFFE_PN0P_/D
267	0.4995	RsDecodePolymul.syndromeReg_I[J]	RsDecodePolymul.syndromeReg_I[J]	RsDecodePolymul.syndromeReg_10[7]$_DFFE_PN0P_/Q	RsDecodePolymul.syndromeReg_10[7]$_DFFE_PN0P_/D
268	0.5018	RsDecodePolymul.epsilonReg_I[J]	RsDecodePolymul.epsilonReg_I[J]	RsDecodePolymul.epsilonReg_1[0]$_DFFE_PN0P_/Q	RsDecodePolymul.epsilonReg_2[0]$_DFFE_PN0P_/D
269	0.5020	RsDecodeSyndrome.reg_I[J]	RsDecodePolymul.syndromeReg_I[J]	RsDecodeSyndrome.reg_5[7]$_DFFE_PN0P_/Q	RsDecodePolymul.syndromeReg_5[7]$_DFFE_PN0P_/D
270	0.5026	startReg[I]	degreeErrorReg	startReg[1]$_DFFE_PN0P_/Q	degreeErrorReg$_DFFE_PN0P_/D
271	0.5039	RsDecodeEuclide.omegaBkpReg[I]	RsDecodeEuclide.omegaBkpReg[I]	RsDecodeEuclide.omegaBkpReg[7]$_DFFE_PN0P_/Q	RsDecodeEuclide.omegaBkpReg[7]$_DFFE_PN0P_/D
272	0.5047	RsDecodeChien.epsilonSumReg[I]	RsDecodeChien.epsilonSumReg[I]	RsDecodeChien.epsilonSumReg[7]$_DFFE_PN0P_/Q	RsDecodeChien.epsilonSumReg[7]$_DFFE_PN0P_/D
273	0.5051	RsDecodeEuclide.omegaInvReg[I]	RsDecodeEuclide.omegaInvReg[I]	RsDecodeEuclide.omegaInvReg[7]$_DFFE_PN0P_/Q	RsDecodeEuclide.omegaInvReg[7]$_DFFE_PN0P_/D
274	0.5070	failErasureRegI	failReg	failErasureReg5$_DFFE_PN0P_/QN	failReg$_DFFE_PN0P_/D
275	0.5113	degreeErrorReg	failReg	degreeErrorReg$_DFFE_PN0P_/QN	failReg$_DFFE_PN0P_/D
276	0.5147	RsDecodeChien.epsilonOddReg[I]	RsDecodeChien.epsilonOddReg[I]	RsDecodeChien.epsilonOddReg[0]$_DFFE_PN0P_/Q	RsDecodeChien.epsilonOddReg[0]$_DFFE_PN0P_/D
277	0.5151	RsDecodeChien.lambdaSumReg[I]	RsDecodeChien.lambdaSumReg[I]	RsDecodeChien.lambdaSumReg[0]$_DFFE_PN0P_/Q	RsDecodeChien.lambdaSumReg[0]$_DFFE_PN0P_/D
278	0.5154	RsDecodeDelay.RsDecodeDpRam.q[I]	RsDecodeDelay.RsDecodeDpRam.q[I]	RsDecodeDelay.RsDecodeDpRam.q[8]$_DFFE_PP_/Q	RsDecodeDelay.RsDecodeDpRam.q[8]$_DFFE_PP_/D
279	0.5158	epsilonRegI_J[K]	epsilonRegI_J[K]	epsilonReg3_21[0]$_DFFE_PN0P_/Q	epsilonReg3_21[0]$_DFFE_PN0P_/D
280	0.5197	lambdaRegI_J[K]	lambdaRegI_J[K]	lambdaReg2_21[0]$_DFFE_PN0P_/Q	lambdaReg2_21[0]$_DFFE_PN0P_/D
281	0.5198	omegaShiftedReg_I[J]	omegaShiftedReg_I[J]	omegaShiftedReg_13[0]$_DFFE_PN0P_/Q	omegaShiftedReg_13[0]$_DFFE_PN0P_/D
282	0.5228	RsDecodeErasure.erasureCount[I]	degreeEpsilonReg[I]	RsDecodeErasure.erasureCount[3]$_DFFE_PN0P_/Q	degreeEpsilonReg[3]$_DFFE_PN0P_/D
283	0.5260	startReg[I]	startReg[I]	startReg[1]$_DFFE_PN0P_/Q	startReg[0]$_DFFE_PN0P_/D
284	0.5357	startReg[I]	OutputValidReg	startReg[1]$_DFFE_PN0P_/Q	OutputValidReg$_DFFE_PN0P_/D
285	0.5451	nzOmega_I	nzOmega_I	nzOmega_5$_DFFE_PN0P_/Q	nzOmega_5$_DFFE_PN0P_/D
286	0.5452	degreeLambdaReg[I]	degreeLambdaReg[I]	degreeLambdaReg[1]$_DFFE_PN0P_/Q	degreeLambdaReg[1]$_DFFE_PN0P_/D
287	0.5453	degreeEpsilonRegI[J]	degreeEpsilonRegI[J]	degreeEpsilonReg4[1]$_DFFE_PN0P_/Q	degreeEpsilonReg4[1]$_DFFE_PN0P_/D
288	0.5455	degreeLambdaReg[I]	numErrorLambdaReg[I]	degreeLambdaReg[1]$_DFFE_PN0P_/Q	numErrorLambdaReg[1]$_DFFE_PN0P_/D
289	0.5477	RsDecodeEuclide.numShiftedReg[I]	numShiftedReg[I]	RsDecodeEuclide.numShiftedReg[1]$_DFFE_PN0P_/Q	numShiftedReg[1]$_DFFE_PN0P_/D
290	0.5524	RsDecodeChien.numErrorRegI[J]	RsDecodeChien.numErrorRegI[J]	RsDecodeChien.numErrorReg2[3]$_DFFE_PN0P_/Q	RsDecodeChien.numErrorReg2[3]$_DFFE_PN0P_/D
291	0.5524	RsDecodeChien.numErrorRegI[J]	numErrorReg[I]	RsDecodeChien.numErrorReg2[3]$_DFFE_PN0P_/Q	numErrorReg[3]$_DFFE_PN0P_/D
292	0.5529	nzLambda_I	nzLambda_I	nzLambda_4$_DFFE_PN0P_/Q	nzLambda_4$_DFFE_PN0P_/D
293	0.5539	degreeOmegaReg[I]	degreeOmegaReg[I]	degreeOmegaReg[1]$_DFFE_PN0P_/Q	degreeOmegaReg[1]$_DFFE_PN0P_/D
294	0.5542	numErrorLambdaReg[I]	numErrorLambdaReg[I]	numErrorLambdaReg[1]$_DFFE_PN0P_/Q	numErrorLambdaReg[1]$_DFFE_PN0P_/D
295	0.5542	RsDecodeEuclide.euclideSteps[I]	RsDecodeEuclide.euclideSteps[I]	RsDecodeEuclide.euclideSteps[0]$_DFFE_PN0P_/Q	RsDecodeEuclide.euclideSteps[0]$_DFFE_PN0P_/D
296	0.5544	RsDecodePolymul.sumReg_I[J]	RsDecodeEuclide.omegaInner_I[J]	RsDecodePolymul.sumReg_10[2]$_DFFE_PN0P_/Q	RsDecodeEuclide.omegaInner_10[2]$_DFFE_PN0P_/D
297	0.5553	doneReg[I]	doneReg[I]	doneReg[0]$_DFFE_PN0P_/Q	doneReg[0]$_DFFE_PN0P_/D
298	0.5556	RsDecodeChien.lambdaOddRegI[J]	RsDecodeChien.lambdaOddRegI[J]	RsDecodeChien.lambdaOddReg3[6]$_DFFE_PN0P_/Q	RsDecodeChien.lambdaOddReg3[6]$_DFFE_PN0P_/D
299	0.5561	RsDecodeChien.lambdaEvenRegI[J]	RsDecodeChien.lambdaEvenRegI[J]	RsDecodeChien.lambdaEvenReg3[6]$_DFFE_PN0P_/Q	RsDecodeChien.lambdaEvenReg3[6]$_DFFE_PN0P_/D
300	0.5572	doneShift	doneShiftReg	doneShift$_DFFE_PN0P_/Q	doneShiftReg$_DFFE_PN0P_/D
301	0.5573	RsDecodeEuclide.omegaBkp_I[J]	RsDecodeEuclide.omegaBkpReg[I]	RsDecodeEuclide.omegaBkp_21[1]$_DFFE_PN0P_/Q	RsDecodeEuclide.omegaBkpReg[1]$_DFFE_PN0P_/D
302	0.5576	failErasureReg	failErasureRegI	failErasureReg$_DFFE_PN0P_/Q	failErasureReg2$_DFFE_PN0P_/D
303	0.5583	numErasureReg[I]	numErasureReg[I]	numErasureReg[0]$_DFFE_PN0P_/Q	numErasureReg[0]$_DFFE_PN0P_/D
304	0.5583	numErrorReg[I]	numErrorReg[I]	numErrorReg[0]$_DFFE_PN0P_/Q	numErrorReg[0]$_DFFE_PN0P_/D
305	0.5586	RsDecodeChien.omegaSumReg[I]	RsDecodeChien.numeReg[I]	RsDecodeChien.omegaSumReg[0]$_DFFE_PN0P_/Q	RsDecodeChien.numeReg[0]$_DFFE_PN0P_/D
306	0.5586	failErasureRegI	failErasureRegI	failErasureReg2$_DFFE_PN0P_/Q	failErasureReg2$_DFFE_PN0P_/D
307	0.5587	RsDecodeEuclide.lambdaBkp_I[J]	RsDecodeEuclide.lambdaBkp_I[J]	RsDecodeEuclide.lambdaBkp_0[0]$_DFFE_PN0P_/Q	RsDecodeEuclide.lambdaBkp_0[0]$_DFFE_PN0P_/D
308	0.5590	RsDecodeChien.omegaSumReg[I]	RsDecodeChien.omegaSumReg[I]	RsDecodeChien.omegaSumReg[0]$_DFFE_PN0P_/Q	RsDecodeChien.omegaSumReg[0]$_DFFE_PN0P_/D
309	0.5590	degreeEpsilonRegI[J]	numErasureReg[I]	degreeEpsilonReg5[0]$_DFFE_PN0P_/Q	numErasureReg[0]$_DFFE_PN0P_/D
310	0.5644	RsDecodeDelay.RsDecodeDpRam.mem[I][J]	RsDecodeDelay.RsDecodeDpRam.mem[I][J]	RsDecodeDelay.RsDecodeDpRam.mem[320][0]$_DFFE_PP_/Q	RsDecodeDelay.RsDecodeDpRam.mem[320][0]$_DFFE_PP_/D
311	0.5700	failReg	failReg	failReg$_DFFE_PN0P_/Q	failReg$_DFFE_PN0P_/D
312	0.5730	degreeErrorReg	degreeErrorReg	degreeErrorReg$_DFFE_PN0P_/Q	degreeErrorReg$_DFFE_PN0P_/D
313	0.5732	doneShift	doneShift	doneShift$_DFFE_PN0P_/Q	doneShift$_DFFE_PN0P_/D
314	0.5751	OutputValidReg	OutputValidReg	OutputValidReg$_DFFE_PN0P_/Q	OutputValidReg$_DFFE_PN0P_/D
315	0.5759	OutputValidReg	OutputValidRegInner	OutputValidReg$_DFFE_PN0P_/Q	OutputValidRegInner$_DFF_PN0_/D
316	0.5803	enableFF	OutputValidRegInner	enableFF$_DFF_PN0_/Q	OutputValidRegInner$_DFF_PN0_/D
317	0.5825	RsDecodeDelay.readPointer[I]	RsDecodeDelay.RsDecodeDpRam.rRdAddr[I]	RsDecodeDelay.readPointer[1]$_DFFE_PN0P_/Q	RsDecodeDelay.RsDecodeDpRam.rRdAddr[1]$_DFF_P_/D
318	0.6005	doneReg[I]	doneRegInner	doneReg[0]$_DFFE_PN0P_/Q	doneRegInner$_DFF_PN0_/D
319	0.6032	startReg[I]	startRegInner	startReg[0]$_DFFE_PN0P_/Q	startRegInner$_DFF_PN0_/D
320	0.6035	failReg	failRegInner	failReg$_DFFE_PN0P_/Q	failRegInner$_DFF_PN0_/D
321	0.6054	numErasureReg[I]	numErasureRegInner[I]	numErasureReg[0]$_DFFE_PN0P_/Q	numErasureRegInner[0]$_DFF_PN0_/D
322	0.6054	numErrorReg[I]	numErrorRegInner[I]	numErrorReg[0]$_DFFE_PN0P_/Q	numErrorRegInner[0]$_DFF_PN0_/D
323	0.6125	RsDecodeDelay.RsDecodeDpRam.q[I]	DelayedDataOutInner[I]	RsDecodeDelay.RsDecodeDpRam.q[7]$_DFFE_PP_/Q	DelayedDataOutInner[7]$_DFF_PN0_/D
