# stage	1_synth
# top_module	fpu
# top_n	100
# kind	blocks
# skip_async	1
# include_full	1
# rank	worst_slack_ns	start	end	start_full	end_full
1	-0.4135	uI.mul_a[J]	uI.pa_hi[J]	u3.mul_a[19]$_SDFFE_PP0P_/Q	u3.pa_hi[23]$_SDFFE_PP0P_/D
2	-0.4128	uI.mul_a[J]	uI.pc_hi[J]	u3.mul_a[19]$_SDFFE_PP0P_/Q	u3.pc_hi[23]$_SDFFE_PP0P_/D
3	-0.4115	uI.mul_b[J]	uI.pa_hi[J]	u3.mul_b[4]$_SDFFE_PP0P_/Q	u3.pa_hi[23]$_SDFFE_PP0P_/D
4	-0.4108	uI.mul_b[J]	uI.pc_hi[J]	u3.mul_b[38]$_SDFFE_PP0P_/Q	u3.pc_hi[23]$_SDFFE_PP0P_/D
5	-0.4104	uI.mul_a[J]	uI.pb_lo[J]	u3.mul_a[10]$_SDFFE_PP0P_/Q	u3.pb_lo[25]$_SDFFE_PP0P_/D
6	-0.4084	uI.mul_b[J]	uI.pb_lo[J]	u3.mul_b[23]$_SDFFE_PP0P_/Q	u3.pb_lo[25]$_SDFFE_PP0P_/D
7	-0.3791	uI.mul_a[J]	uI.product_i[J]	u3.mul_a[51]$_SDFFE_PP0P_/Q	u3.product_i[27]$_SDFFE_PP0P_/D
8	-0.3771	uI.mul_b[J]	uI.product_i[J]	u3.mul_b[18]$_SDFFE_PP0P_/Q	u3.product_i[27]$_SDFFE_PP0P_/D
9	-0.3610	uI.mul_a[J]	uI.product_j[J]	u3.mul_a[51]$_SDFFE_PP0P_/Q	u3.product_j[29]$_SDFFE_PP0P_/D
10	-0.3590	uI.mul_b[J]	uI.product_j[J]	u3.mul_b[45]$_SDFFE_PP0P_/Q	u3.product_j[29]$_SDFFE_PP0P_/D
11	-0.3326	uI.mul_a[J]	uI.product_h[J]	u3.mul_a[51]$_SDFFE_PP0P_/Q	u3.product_h[28]$_SDFFE_PP0P_/D
12	-0.3306	uI.mul_b[J]	uI.product_h[J]	u3.mul_b[1]$_SDFFE_PP0P_/Q	u3.product_h[28]$_SDFFE_PP0P_/D
13	-0.3104	uI.mul_a[J]	uI.pc_lo[J]	u3.mul_a[4]$_SDFFE_PP0P_/Q	u3.pc_lo[25]$_SDFFE_PP0P_/D
14	-0.3084	uI.mul_b[J]	uI.pc_lo[J]	u3.mul_b[40]$_SDFFE_PP0P_/Q	u3.pc_lo[25]$_SDFFE_PP0P_/D
15	-0.3004	uI.mul_a[J]	uI.pb_hi[J]	u3.mul_a[21]$_SDFFE_PP0P_/Q	u3.pb_hi[23]$_SDFFE_PP0P_/D
16	-0.2977	uI.mul_b[J]	uI.pb_hi[J]	u3.mul_b[22]$_SDFFE_PP0P_/Q	u3.pb_hi[23]$_SDFFE_PP0P_/D
17	-0.2931	uI.mul_a[J]	uI.pa_lo[J]	u3.mul_a[7]$_SDFFE_PP0P_/Q	u3.pa_lo[26]$_SDFFE_PP0P_/D
18	-0.2911	uI.mul_b[J]	uI.pa_lo[J]	u3.mul_b[12]$_SDFFE_PP0P_/Q	u3.pa_lo[26]$_SDFFE_PP0P_/D
19	-0.2649	uI.mul_a[J]	uI.pe_hi[J]	u3.mul_a[36]$_SDFFE_PP0P_/Q	u3.pe_hi[25]$_SDFFE_PP0P_/D
20	-0.2631	uI.mul_b[J]	uI.pe_hi[J]	u3.mul_b[8]$_SDFFE_PP0P_/Q	u3.pe_hi[25]$_SDFFE_PP0P_/D
21	-0.2606	uI.mul_a[J]	uI.pe_lo[J]	u3.mul_a[30]$_SDFFE_PP0P_/Q	u3.pe_lo[24]$_SDFFE_PP0P_/D
22	-0.2586	uI.mul_b[J]	uI.pe_lo[J]	u3.mul_b[1]$_SDFFE_PP0P_/Q	u3.pe_lo[24]$_SDFFE_PP0P_/D
23	-0.2221	uI.mul_a[J]	uI.pg_hi[J]	u3.mul_a[33]$_SDFFE_PP0P_/Q	u3.pg_hi[24]$_SDFFE_PP0P_/D
24	-0.2205	uI.mul_a[J]	uI.pf_lo[J]	u3.mul_a[30]$_SDFFE_PP0P_/Q	u3.pf_lo[23]$_SDFFE_PP0P_/D
25	-0.2201	uI.mul_b[J]	uI.pg_hi[J]	u3.mul_b[40]$_SDFFE_PP0P_/Q	u3.pg_hi[24]$_SDFFE_PP0P_/D
26	-0.2185	uI.mul_b[J]	uI.pf_lo[J]	u3.mul_b[22]$_SDFFE_PP0P_/Q	u3.pf_lo[23]$_SDFFE_PP0P_/D
27	-0.2111	uI.mul_b[J]	uI.pg_lo[J]	u3.mul_b[35]$_SDFFE_PP0P_/Q	u3.pg_lo[23]$_SDFFE_PP0P_/D
28	-0.2069	uI.mul_a[J]	uI.pg_lo[J]	u3.mul_a[27]$_SDFFE_PP0P_/Q	u3.pg_lo[23]$_SDFFE_PP0P_/D
29	-0.2045	uI.mul_a[J]	uI.pf_hi[J]	u3.mul_a[39]$_SDFFE_PP0P_/Q	u3.pf_hi[23]$_SDFFE_PP0P_/D
30	-0.2026	uI.mul_b[J]	uI.pf_hi[J]	u3.mul_b[18]$_SDFFE_PP0P_/Q	u3.pf_hi[23]$_SDFFE_PP0P_/D
31	0.0766	uI.divisor_b[J]	uI.divisor_shift_J[K]	u4.divisor_b[51]$_SDFFE_PP0P_/Q	u4.divisor_shift_2[1]$_SDFFE_PP0P_/D
32	0.0886	uI.dividend_a[J]	uI.dividend_shift_J[K]	u4.dividend_a[21]$_SDFFE_PP0P_/Q	u4.dividend_shift_2[5]$_SDFFE_PP0P_/D
33	0.0991	uI.exponent_J[K]	uI.product_J[K]	u3.exponent_2[1]$_SDFFE_PP0P_/Q	u3.product_4[99]$_SDFFE_PP0P_/D
34	0.1008	uI.divisor_reg[J]	uI.quotient[J]	u4.divisor_reg[52]$_SDFFE_PP0P_/Q	u4.quotient[12]$_SDFFE_PP0P_/D
35	0.1026	uI.divisor_reg[J]	uI.dividend_reg[J]	u4.divisor_reg[52]$_SDFFE_PP0P_/Q	u4.dividend_reg[39]$_SDFFE_PP0P_/D
36	0.1054	uI.dividend_reg[J]	uI.quotient[J]	u4.dividend_reg[49]$_SDFFE_PP0P_/Q	u4.quotient[12]$_SDFFE_PP0P_/D
37	0.1071	uI.dividend_reg[J]	uI.dividend_reg[J]	u4.dividend_reg[49]$_SDFFE_PP0P_/Q	u4.dividend_reg[39]$_SDFFE_PP0P_/D
38	0.1091	uI.divisor_reg[J]	uI.remainder_msb	u4.divisor_reg[52]$_SDFFE_PP0P_/Q	u4.remainder_msb$_SDFFE_PP0P_/D
39	0.1136	uI.dividend_reg[J]	uI.remainder_msb	u4.dividend_reg[49]$_SDFFE_PP0P_/Q	u4.remainder_msb$_SDFFE_PP0P_/D
40	0.1620	uI.sum_J[K]	uI.sum_J[K]	u3.sum_6[12]$_SDFFE_PP0P_/Q	u3.sum_7[35]$_SDFFE_PP0P_/D
41	0.1628	uI.diff[J]	uI.diff_shift_J[K]	u2.diff[45]$_SDFFE_PP0P_/Q	u2.diff_shift_2[1]$_SDFFE_PP0P_/D
42	0.1634	uI.product_g[J]	uI.sum_J[K]	u3.product_g[12]$_SDFFE_PP0P_/Q	u3.sum_7[35]$_SDFFE_PP0P_/D
43	0.1864	rst	uI.diff[J]	rst	u2.diff[49]$_SDFFE_PP0P_/D
44	0.1916	rst	uI.expon_uf_term_J[K]	rst	u4.expon_uf_term_1[11]$_SDFFE_PP0P_/D
45	0.1924	rst	uI.sum_J[K]	rst	u3.sum_4[34]$_SDFFE_PP0P_/D
46	0.1928	rst	uI.product_c[J]	rst	u3.product_c[38]$_SDFFE_PP0P_/D
47	0.1928	rst	uI.expon_final_J[K]	rst	u4.expon_final_5[11]$_SDFFE_PP0P_/D
48	0.1967	rst	uI.pa_hi[J]	rst	u3.pa_hi[20]$_SDFFE_PP0P_/D
49	0.1967	rst	uI.pa_lo[J]	rst	u3.pa_lo[15]$_SDFFE_PP0P_/D
50	0.1967	rst	uI.pb_lo[J]	rst	u3.pb_lo[27]$_SDFFE_PP0P_/D
51	0.1967	rst	uI.pc_hi[J]	rst	u3.pc_hi[20]$_SDFFE_PP0P_/D
52	0.1967	rst	uI.pc_lo[J]	rst	u3.pc_lo[20]$_SDFFE_PP0P_/D
53	0.1967	rst	uI.product_a[J]	rst	u3.product_a[26]$_SDFFE_PP0P_/D
54	0.2020	uI.remainder_shift_term[J]	uI.remainder_b[J]	u4.remainder_shift_term[1]$_SDFFE_PP0P_/Q	u4.remainder_b[99]$_SDFFE_PP0P_/D
55	0.2040	uI.minuend[J]	uI.diff[J]	u2.minuend[14]$_SDFFE_PP0P_/Q	u2.diff[54]$_SDFFE_PP0P_/D
56	0.2044	rst	uI.pg_hi[J]	rst	u3.pg_hi[18]$_SDFFE_PP0P_/D
57	0.2044	rst	uI.product_e[J]	rst	u3.product_e[24]$_SDFFE_PP0P_/D
58	0.2044	rst	uI.product_f[J]	rst	u3.product_f[23]$_SDFFE_PP0P_/D
59	0.2044	rst	uI.product_g[J]	rst	u3.product_g[31]$_SDFFE_PP0P_/D
60	0.2044	rst	uI.product_j[J]	rst	u3.product_j[22]$_SDFFE_PP0P_/D
61	0.2045	uI.large_add[J]	uI.sum[J]	u1.large_add[9]$_SDFFE_PP0P_/Q	u1.sum[52]$_SDFFE_PP0P_/D
62	0.2055	rst	uI.product_i[J]	rst	u3.product_i[23]$_SDFFE_PP0P_/D
63	0.2058	rst	uI.exponent_terms[J]	rst	u3.exponent_terms[9]$_SDFFE_PP0P_/D
64	0.2058	rst	uI.product_b[J]	rst	u3.product_b[27]$_SDFFE_PP0P_/D
65	0.2064	rst	exp_addsub[I]	rst	exp_addsub[10]$_SDFF_PP0_/D
66	0.2064	rst	uI.small_add[J]	rst	u1.small_add[54]$_SDFFE_PP0P_/D
67	0.2064	rst	uI.diff_J[K]	rst	u2.diff_2[54]$_SDFFE_PP0P_/D
68	0.2064	rst	uI.expon_shift_a[J]	rst	u4.expon_shift_a[5]$_SDFFE_PP0P_/D
69	0.2064	rst	uI.expon_shift_b[J]	rst	u4.expon_shift_b[5]$_SDFFE_PP0P_/D
70	0.2066	rst	uI.exponent_J[K]	rst	u3.exponent_3[10]$_SDFFE_PP0P_/D
71	0.2066	rst	uI.pb_hi[J]	rst	u3.pb_hi[19]$_SDFFE_PP0P_/D
72	0.2102	uI.small_shift_J[K]	uI.sum[J]	u1.small_shift_3[9]$_SDFFE_PP0P_/Q	u1.sum[52]$_SDFFE_PP0P_/D
73	0.2107	rst	uI.count_out[J]	rst	u4.count_out[1]$_SDFFE_PP0N_/D
74	0.2107	rst	uI.exponent_out[J]	rst	u4.exponent_out[0]$_SDFF_PP0_/D
75	0.2119	uI.exponent_small[J]	uI.exponent_diff[J]	u1.exponent_small[0]$_SDFFE_PP0P_/Q	u1.exponent_diff[10]$_SDFFE_PP0P_/D
76	0.2134	rst	uI.pe_hi[J]	rst	u3.pe_hi[20]$_SDFFE_PP0P_/D
77	0.2134	rst	uI.pe_lo[J]	rst	u3.pe_lo[17]$_SDFFE_PP0P_/D
78	0.2134	rst	uI.pf_hi[J]	rst	u3.pf_hi[20]$_SDFFE_PP0P_/D
79	0.2134	rst	uI.pg_lo[J]	rst	u3.pg_lo[15]$_SDFFE_PP0P_/D
80	0.2134	rst	uI.product_d[J]	rst	u3.product_d[17]$_SDFFE_PP0P_/D
81	0.2134	rst	uI.product_h[J]	rst	u3.product_h[17]$_SDFFE_PP0P_/D
82	0.2209	uI.product_d[J]	uI.sum_J[K]	u3.product_d[0]$_SDFFE_PP0P_/Q	u3.sum_5[24]$_SDFFE_PP0P_/D
83	0.2217	uI.large_norm_small_denorm	uI.exponent_diff[J]	u1.large_norm_small_denorm$_SDFFE_PP0P_/Q	u1.exponent_diff[10]$_SDFFE_PP0P_/D
84	0.2218	uI.exponent_large[J]	uI.exponent_diff[J]	u1.exponent_large[0]$_SDFFE_PP0P_/QN	u1.exponent_diff[10]$_SDFFE_PP0P_/D
85	0.2228	uI.product_f[J]	uI.sum_J[K]	u3.product_f[17]$_SDFFE_PP0P_/Q	u3.sum_4[33]$_SDFFE_PP0P_/D
86	0.2232	rst	uI.dividend_reg[J]	rst	u4.dividend_reg[21]$_SDFFE_PP0P_/D
87	0.2247	rst	uI.mana_gtet_manb	rst	u2.mana_gtet_manb$_SDFFE_PP0P_/D
88	0.2258	uI.mul_b[J]	uI.product_d[J]	u3.mul_b[52]$_SDFFE_PP0P_/Q	u3.product_d[24]$_SDFFE_PP0P_/D
89	0.2269	uI.product_h[J]	uI.sum_J[K]	u3.product_h[6]$_SDFFE_PP0P_/Q	u3.sum_3[30]$_SDFFE_PP0P_/D
90	0.2273	uI.diffshift_gt_exponent	uI.diff_J[K]	u2.diffshift_gt_exponent$_SDFFE_PP0P_/Q	u2.diff_1[51]$_SDFFE_PP0P_/D
91	0.2283	uI.subtra_shift_J[K]	uI.diff[J]	u2.subtra_shift_3[14]$_SDFFE_PP0P_/QN	u2.diff[54]$_SDFFE_PP0P_/D
92	0.2290	uI.mul_a[J]	uI.product_d[J]	u3.mul_a[0]$_SDFFE_PP0P_/Q	u3.product_d[25]$_SDFFE_PP0P_/D
93	0.2313	uI.divisor_shift_J[K]	uI.divisor_b_shifted[J]	u4.divisor_shift_2[1]$_SDFFE_PP0P_/Q	u4.divisor_b_shifted[37]$_SDFFE_PP0P_/D
94	0.2375	rst	out[I]	rst	out[10]$_SDFFE_PP0P_/D
95	0.2376	uI.product_j[J]	uI.sum_J[K]	u3.product_j[0]$_SDFFE_PP0P_/Q	u3.sum_8[30]$_SDFFE_PP0P_/D
96	0.2381	rst	uI.sum_round[J]	rst	u5.sum_round[55]$_SDFF_PP0_/D
97	0.2381	rst	uI.a_gtet_b	rst	u2.a_gtet_b$_SDFFE_PP0P_/D
98	0.2382	rst	uI.a_is_norm	rst	u3.a_is_norm$_SDFFE_PP0P_/D
99	0.2382	rst	uI.out_J[K]	rst	u6.out_1[0]$_SDFFE_PP0P_/D
100	0.2384	rst	uI.expa_et_expb	rst	u2.expa_et_expb$_SDFFE_PP0P_/D
