# stage	1_synth
# top_module	aes
# top_n	100
# kind	blocks
# skip_async	1
# include_full	1
# rank	worst_slack_ns	start	end	start_full	end_full
1	-0.2245	core.keymem.prev_keyI_reg[J]	core.keymem.key_mem[I][J]	core.keymem.prev_key1_reg[9]$_DFFE_PN0P_/Q	core.keymem.key_mem[10][12]$_DFFE_PN0P_/D
2	-0.2066	encdec_reg	core.dec_block.block_wI_reg[J]	encdec_reg$_DFFE_PN0P_/Q	core.dec_block.block_w0_reg[3]$_DFFE_PN0P_/D
3	-0.2065	core.enc_block.sword_ctr_reg[I]	core.enc_block.block_wI_reg[J]	core.enc_block.sword_ctr_reg[1]$_DFFE_PN0P_/Q	core.enc_block.block_w2_reg[26]$_DFFE_PN0P_/D
4	-0.1871	core.enc_block.round_ctr_reg[I]	core.dec_block.block_wI_reg[J]	core.enc_block.round_ctr_reg[1]$_DFFE_PN0P_/Q	core.dec_block.block_w0_reg[3]$_DFFE_PN0P_/D
5	-0.1816	core.dec_block.round_ctr_reg[I]	core.dec_block.block_wI_reg[J]	core.dec_block.round_ctr_reg[3]$_DFFE_PN0P_/Q	core.dec_block.block_w0_reg[20]$_DFFE_PN0P_/D
6	-0.1737	core.keymem.prev_keyI_reg[J]	core.keymem.prev_keyI_reg[J]	core.keymem.prev_key1_reg[20]$_DFFE_PN0P_/Q	core.keymem.prev_key1_reg[25]$_DFFE_PN0P_/D
7	-0.1469	core.enc_block.enc_ctrl_reg[I]	core.enc_block.block_wI_reg[J]	core.enc_block.enc_ctrl_reg[2]$_DFF_PN0_/Q	core.enc_block.block_w2_reg[26]$_DFFE_PN0P_/D
8	-0.1424	core.enc_block.block_wI_reg[J]	core.enc_block.block_wI_reg[J]	core.enc_block.block_w2_reg[29]$_DFFE_PN0P_/Q	core.enc_block.block_w2_reg[26]$_DFFE_PN0P_/D
9	-0.0423	encdec_reg	core.enc_block.block_wI_reg[J]	encdec_reg$_DFFE_PN0P_/Q	core.enc_block.block_w3_reg[3]$_DFFE_PN0P_/D
10	-0.0229	core.enc_block.round_ctr_reg[I]	core.enc_block.block_wI_reg[J]	core.enc_block.round_ctr_reg[1]$_DFFE_PN0P_/Q	core.enc_block.block_w3_reg[3]$_DFFE_PN0P_/D
11	-0.0209	core.dec_block.block_wI_reg[J]	core.dec_block.block_wI_reg[J]	core.dec_block.block_w1_reg[16]$_DFFE_PN0P_/Q	core.dec_block.block_w1_reg[20]$_DFFE_PN0P_/D
12	-0.0112	core.dec_block.round_ctr_reg[I]	core.enc_block.block_wI_reg[J]	core.dec_block.round_ctr_reg[0]$_DFFE_PN0P_/Q	core.enc_block.block_w3_reg[3]$_DFFE_PN0P_/D
13	-0.0079	core.keymem.key_mem[I][J]	core.dec_block.block_wI_reg[J]	core.keymem.key_mem[4][123]$_DFFE_PN0P_/Q	core.dec_block.block_w2_reg[11]$_DFFE_PN0P_/D
14	0.0389	address[I]	block_reg[I][J]	address[2]	block_reg[3][10]$_DFFE_PN0P_/D
15	0.0796	address[I]	key_reg[I][J]	address[7]	key_reg[0][10]$_DFFE_PN0P_/D
16	0.0856	core.keymem.round_ctr_reg[I]	core.keymem.key_mem[I][J]	core.keymem.round_ctr_reg[0]$_DFFE_PN0P_/Q	core.keymem.key_mem[12][69]$_DFFE_PN0P_/D
17	0.0903	address[I]	read_data_reg[I]	address[2]	read_data_reg[11]$_DFF_PN0_/D
18	0.1151	keylen_reg	core.enc_block.block_wI_reg[J]	keylen_reg$_DFFE_PN0P_/QN	core.enc_block.block_w0_reg[18]$_DFFE_PN0P_/D
19	0.1310	we	key_reg[I][J]	we	key_reg[0][10]$_DFFE_PN0P_/D
20	0.1333	cs	key_reg[I][J]	cs	key_reg[0][10]$_DFFE_PN0P_/D
21	0.1388	core.keymem.round_ctr_reg[I]	core.keymem.prev_keyI_reg[J]	core.keymem.round_ctr_reg[2]$_DFFE_PN0P_/Q	core.keymem.prev_key1_reg[18]$_DFFE_PN0P_/D
22	0.1717	we	block_reg[I][J]	we	block_reg[3][10]$_DFFE_PN0P_/D
23	0.1736	address[I]	init_reg	address[1]	init_reg$_DFF_PN0_/D
24	0.1736	address[I]	next_reg	address[1]	next_reg$_DFF_PN0_/D
25	0.1817	cs	block_reg[I][J]	cs	block_reg[3][10]$_DFFE_PN0P_/D
26	0.1981	core.keymem.rcon_reg[I]	core.keymem.key_mem[I][J]	core.keymem.rcon_reg[2]$_DFFE_PN0P_/Q	core.keymem.key_mem[10][26]$_DFFE_PN0P_/D
27	0.1999	core.dec_block.dec_ctrl_reg[I]	core.dec_block.block_wI_reg[J]	core.dec_block.dec_ctrl_reg[3]$_DFF_PN0_/Q	core.dec_block.block_w0_reg[14]$_DFFE_PN0P_/D
28	0.2067	we	read_data_reg[I]	we	read_data_reg[11]$_DFF_PN0_/D
29	0.2087	core.enc_block.enc_ctrl_reg[I]	core.enc_block.enc_ctrl_reg[I]	core.enc_block.enc_ctrl_reg[2]$_DFF_PN0_/Q	core.enc_block.enc_ctrl_reg[2]$_DFF_PN0_/D
30	0.2148	address[I]	encdec_reg	address[4]	encdec_reg$_DFFE_PN0P_/D
31	0.2148	address[I]	keylen_reg	address[4]	keylen_reg$_DFFE_PN0P_/D
32	0.2174	core.keymem.round_ctr_reg[I]	core.keymem.rcon_reg[I]	core.keymem.round_ctr_reg[0]$_DFFE_PN0P_/Q	core.keymem.rcon_reg[1]$_DFFE_PN0P_/D
33	0.2237	cs	read_data_reg[I]	cs	read_data_reg[11]$_DFF_PN0_/D
34	0.2392	core.keymem.key_mem[I][J]	core.enc_block.block_wI_reg[J]	core.keymem.key_mem[4][35]$_DFFE_PN0P_/Q	core.enc_block.block_w2_reg[3]$_DFFE_PN0P_/D
35	0.2450	keylen_reg	core.keymem.prev_keyI_reg[J]	keylen_reg$_DFFE_PN0P_/Q	core.keymem.prev_key1_reg[11]$_DFFE_PN0P_/D
36	0.2456	core.keymem.rcon_reg[I]	core.keymem.prev_keyI_reg[J]	core.keymem.rcon_reg[2]$_DFFE_PN0P_/Q	core.keymem.prev_key1_reg[26]$_DFFE_PN0P_/D
37	0.2623	core.keymem.key_mem_ctrl_reg[I]	core.keymem.key_mem[I][J]	core.keymem.key_mem_ctrl_reg[1]$_DFF_PN0_/Q	core.keymem.key_mem[12][101]$_DFFE_PN0P_/D
38	0.2733	encdec_reg	core.aes_core_ctrl_reg[I]	encdec_reg$_DFFE_PN0P_/Q	core.aes_core_ctrl_reg[1]$_DFF_PN0_/D
39	0.2886	encdec_reg	result_reg[I]	encdec_reg$_DFFE_PN0P_/Q	result_reg[98]$_DFF_PN0_/D
40	0.2924	keylen_reg	core.keymem.key_mem[I][J]	keylen_reg$_DFFE_PN0P_/Q	core.keymem.key_mem[0][100]$_DFFE_PN0P_/D
41	0.2936	encdec_reg	core.enc_block.enc_ctrl_reg[I]	encdec_reg$_DFFE_PN0P_/Q	core.enc_block.enc_ctrl_reg[2]$_DFF_PN0_/D
42	0.3184	encdec_reg	encdec_reg	encdec_reg$_DFFE_PN0P_/Q	encdec_reg$_DFFE_PN0P_/D
43	0.3203	we	init_reg	we	init_reg$_DFF_PN0_/D
44	0.3203	we	next_reg	we	next_reg$_DFF_PN0_/D
45	0.3227	cs	init_reg	cs	init_reg$_DFF_PN0_/D
46	0.3227	cs	next_reg	cs	next_reg$_DFF_PN0_/D
47	0.3256	encdec_reg	read_data_reg[I]	encdec_reg$_DFFE_PN0P_/Q	read_data_reg[2]$_DFF_PN0_/D
48	0.3272	we	encdec_reg	we	encdec_reg$_DFFE_PN0P_/D
49	0.3272	we	keylen_reg	we	keylen_reg$_DFFE_PN0P_/D
50	0.3274	encdec_reg	core.enc_block.round_ctr_reg[I]	encdec_reg$_DFFE_PN0P_/Q	core.enc_block.round_ctr_reg[3]$_DFFE_PN0P_/D
51	0.3296	cs	encdec_reg	cs	encdec_reg$_DFFE_PN0P_/D
52	0.3296	cs	keylen_reg	cs	keylen_reg$_DFFE_PN0P_/D
53	0.3298	encdec_reg	core.ready_reg	encdec_reg$_DFFE_PN0P_/Q	core.ready_reg$_DFFE_PN1P_/D
54	0.3465	encdec_reg	core.enc_block.ready_reg	encdec_reg$_DFFE_PN0P_/Q	core.enc_block.ready_reg$_DFFE_PN1P_/D
55	0.3498	write_data[I]	encdec_reg	write_data[0]	encdec_reg$_DFFE_PN0P_/D
56	0.3498	write_data[I]	key_reg[I][J]	write_data[0]	key_reg[0][0]$_DFFE_PN0P_/D
57	0.3498	write_data[I]	keylen_reg	write_data[1]	keylen_reg$_DFFE_PN0P_/D
58	0.3501	write_data[I]	block_reg[I][J]	write_data[0]	block_reg[0][0]$_DFFE_PN0P_/D
59	0.3524	encdec_reg	core.dec_block.round_ctr_reg[I]	encdec_reg$_DFFE_PN0P_/Q	core.dec_block.round_ctr_reg[2]$_DFFE_PN0P_/D
60	0.3593	core.keymem.key_mem_ctrl_reg[I]	core.keymem.prev_keyI_reg[J]	core.keymem.key_mem_ctrl_reg[1]$_DFF_PN0_/Q	core.keymem.prev_key1_reg[120]$_DFFE_PN0P_/D
61	0.3611	encdec_reg	core.result_valid_reg	encdec_reg$_DFFE_PN0P_/Q	core.result_valid_reg$_DFFE_PN0P_/D
62	0.3674	keylen_reg	read_data_reg[I]	keylen_reg$_DFFE_PN0P_/Q	read_data_reg[3]$_DFF_PN0_/D
63	0.3699	keylen_reg	keylen_reg	keylen_reg$_DFFE_PN0P_/Q	keylen_reg$_DFFE_PN0P_/D
64	0.3702	keylen_reg	core.dec_block.round_ctr_reg[I]	keylen_reg$_DFFE_PN0P_/Q	core.dec_block.round_ctr_reg[2]$_DFFE_PN0P_/D
65	0.3768	keylen_reg	core.keymem.rcon_reg[I]	keylen_reg$_DFFE_PN0P_/Q	core.keymem.rcon_reg[1]$_DFFE_PN0P_/D
66	0.3822	core.keymem.key_mem_ctrl_reg[I]	core.keymem.round_ctr_reg[I]	core.keymem.key_mem_ctrl_reg[1]$_DFF_PN0_/Q	core.keymem.round_ctr_reg[0]$_DFFE_PN0P_/D
67	0.3877	write_data[I]	init_reg	write_data[0]	init_reg$_DFF_PN0_/D
68	0.3877	write_data[I]	next_reg	write_data[1]	next_reg$_DFF_PN0_/D
69	0.3960	encdec_reg	core.dec_block.ready_reg	encdec_reg$_DFFE_PN0P_/Q	core.dec_block.ready_reg$_DFFE_PN1P_/D
70	0.3995	core.keymem.round_ctr_reg[I]	core.keymem.round_ctr_reg[I]	core.keymem.round_ctr_reg[0]$_DFFE_PN0P_/Q	core.keymem.round_ctr_reg[3]$_DFFE_PN0P_/D
71	0.4014	core.keymem.key_mem_ctrl_reg[I]	core.keymem.key_mem_ctrl_reg[I]	core.keymem.key_mem_ctrl_reg[1]$_DFF_PN0_/Q	core.keymem.key_mem_ctrl_reg[0]$_DFF_PN1_/D
72	0.4062	read_data_reg[I]	read_data[I]	read_data_reg[0]$_DFF_PN0_/Q	read_data[0]
73	0.4082	key_reg[I][J]	core.keymem.key_mem[I][J]	key_reg[0][3]$_DFFE_PN0P_/Q	core.keymem.key_mem[0][99]$_DFFE_PN0P_/D
74	0.4249	keylen_reg	core.keymem.key_mem_ctrl_reg[I]	keylen_reg$_DFFE_PN0P_/Q	core.keymem.key_mem_ctrl_reg[0]$_DFF_PN1_/D
75	0.4355	core.dec_block.dec_ctrl_reg[I]	core.dec_block.round_ctr_reg[I]	core.dec_block.dec_ctrl_reg[2]$_DFF_PN0_/Q	core.dec_block.round_ctr_reg[2]$_DFFE_PN0P_/D
76	0.4391	core.enc_block.sword_ctr_reg[I]	core.enc_block.enc_ctrl_reg[I]	core.enc_block.sword_ctr_reg[1]$_DFFE_PN0P_/Q	core.enc_block.enc_ctrl_reg[0]$_DFF_PN1_/D
77	0.4412	block_reg[I][J]	core.enc_block.block_wI_reg[J]	block_reg[1][3]$_DFFE_PN0P_/Q	core.enc_block.block_w1_reg[3]$_DFFE_PN0P_/D
78	0.4484	encdec_reg	core.dec_block.dec_ctrl_reg[I]	encdec_reg$_DFFE_PN0P_/Q	core.dec_block.dec_ctrl_reg[2]$_DFF_PN0_/D
79	0.4523	core.keymem.key_mem_ctrl_reg[I]	core.keymem.rcon_reg[I]	core.keymem.key_mem_ctrl_reg[1]$_DFF_PN0_/Q	core.keymem.rcon_reg[1]$_DFFE_PN0P_/D
80	0.4703	core.enc_block.round_ctr_reg[I]	core.enc_block.round_ctr_reg[I]	core.enc_block.round_ctr_reg[2]$_DFFE_PN0P_/Q	core.enc_block.round_ctr_reg[3]$_DFFE_PN0P_/D
81	0.4736	block_reg[I][J]	core.dec_block.block_wI_reg[J]	block_reg[2][7]$_DFFE_PN0P_/Q	core.dec_block.block_w1_reg[7]$_DFFE_PN0P_/D
82	0.4758	core.keymem.round_ctr_reg[I]	core.keymem.key_mem_ctrl_reg[I]	core.keymem.round_ctr_reg[1]$_DFFE_PN0P_/Q	core.keymem.key_mem_ctrl_reg[0]$_DFF_PN1_/D
83	0.4962	core.dec_block.round_ctr_reg[I]	core.dec_block.round_ctr_reg[I]	core.dec_block.round_ctr_reg[2]$_DFFE_PN0P_/Q	core.dec_block.round_ctr_reg[3]$_DFFE_PN0P_/D
84	0.4987	next_reg	core.dec_block.round_ctr_reg[I]	next_reg$_DFF_PN0_/Q	core.dec_block.round_ctr_reg[2]$_DFFE_PN0P_/D
85	0.5113	core.enc_block.enc_ctrl_reg[I]	core.enc_block.round_ctr_reg[I]	core.enc_block.enc_ctrl_reg[3]$_DFF_PN0_/Q	core.enc_block.round_ctr_reg[3]$_DFFE_PN0P_/D
86	0.5136	core.enc_block.round_ctr_reg[I]	core.enc_block.enc_ctrl_reg[I]	core.enc_block.round_ctr_reg[3]$_DFFE_PN0P_/Q	core.enc_block.enc_ctrl_reg[1]$_DFF_PN0_/D
87	0.5173	next_reg	core.enc_block.round_ctr_reg[I]	next_reg$_DFF_PN0_/Q	core.enc_block.round_ctr_reg[3]$_DFFE_PN0P_/D
88	0.5192	core.enc_block.ready_reg	core.aes_core_ctrl_reg[I]	core.enc_block.ready_reg$_DFFE_PN1P_/Q	core.aes_core_ctrl_reg[1]$_DFF_PN0_/D
89	0.5195	core.dec_block.ready_reg	core.aes_core_ctrl_reg[I]	core.dec_block.ready_reg$_DFFE_PN1P_/Q	core.aes_core_ctrl_reg[1]$_DFF_PN0_/D
90	0.5332	key_reg[I][J]	core.keymem.prev_keyI_reg[J]	key_reg[7][25]$_DFFE_PN0P_/Q	core.keymem.prev_key1_reg[25]$_DFFE_PN0P_/D
91	0.5363	next_reg	core.enc_block.ready_reg	next_reg$_DFF_PN0_/Q	core.enc_block.ready_reg$_DFFE_PN1P_/D
92	0.5407	init_reg	core.aes_core_ctrl_reg[I]	init_reg$_DFF_PN0_/Q	core.aes_core_ctrl_reg[1]$_DFF_PN0_/D
93	0.5424	next_reg	core.dec_block.ready_reg	next_reg$_DFF_PN0_/Q	core.dec_block.ready_reg$_DFFE_PN1P_/D
94	0.5439	core.enc_block.round_ctr_reg[I]	core.enc_block.ready_reg	core.enc_block.round_ctr_reg[3]$_DFFE_PN0P_/Q	core.enc_block.ready_reg$_DFFE_PN1P_/D
95	0.5441	core.dec_block.block_wI_reg[J]	result_reg[I]	core.dec_block.block_w1_reg[17]$_DFFE_PN0P_/Q	result_reg[81]$_DFF_PN0_/D
96	0.5501	next_reg	core.aes_core_ctrl_reg[I]	next_reg$_DFF_PN0_/Q	core.aes_core_ctrl_reg[1]$_DFF_PN0_/D
97	0.5512	result_reg[I]	read_data_reg[I]	result_reg[2]$_DFF_PN0_/Q	read_data_reg[2]$_DFF_PN0_/D
98	0.5571	core.dec_block.dec_ctrl_reg[I]	core.dec_block.ready_reg	core.dec_block.dec_ctrl_reg[2]$_DFF_PN0_/Q	core.dec_block.ready_reg$_DFFE_PN1P_/D
99	0.5585	keylen_reg	core.enc_block.enc_ctrl_reg[I]	keylen_reg$_DFFE_PN0P_/QN	core.enc_block.enc_ctrl_reg[1]$_DFF_PN0_/D
100	0.5618	core.enc_block.block_wI_reg[J]	result_reg[I]	core.enc_block.block_w0_reg[15]$_DFFE_PN0P_/Q	result_reg[111]$_DFF_PN0_/D
