# stage	1_synth
# top_module	modexp
# top_n	100
# kind	blocks
# skip_async	1
# include_full	1
# rank	worst_slack_ns	start	end	start_full	end_full
1	-0.3709	core_inst.montprod_select_reg[I]	core_inst.montprod_inst.s_mem.mem[I][J]	core_inst.montprod_select_reg[3]$_DFF_PN0_/Q	core_inst.montprod_inst.s_mem.mem[10][26]$_DFFE_PP_/D
2	-0.3223	core_inst.message_mem.tmp_read_dataI[J]	core_inst.montprod_inst.s_mem.mem[I][J]	core_inst.message_mem.tmp_read_data0[0]$_DFF_P_/Q	core_inst.montprod_inst.s_mem.mem[10][26]$_DFFE_PP_/D
3	-0.3188	core_inst.one_reg[I]	core_inst.montprod_inst.s_mem.mem[I][J]	core_inst.one_reg[0]$_DFF_PN0_/Q	core_inst.montprod_inst.s_mem.mem[10][26]$_DFFE_PP_/D
4	-0.2974	core_inst.p_mem.tmp_read_dataI[J]	core_inst.montprod_inst.s_mem.mem[I][J]	core_inst.p_mem.tmp_read_data0[0]$_DFF_P_/Q	core_inst.montprod_inst.s_mem.mem[10][26]$_DFFE_PP_/D
5	-0.2755	address[I]	read_data[I]	address[5]	read_data[27]
6	-0.2354	core_inst.result_mem.tmp_read_dataI[J]	core_inst.montprod_inst.s_mem.mem[I][J]	core_inst.result_mem.tmp_read_data0[0]$_DFF_P_/Q	core_inst.montprod_inst.s_mem.mem[10][26]$_DFFE_PP_/D
7	-0.2065	core_inst.montprod_inst.add_carry_in_sa	core_inst.montprod_inst.s_mem.mem[I][J]	core_inst.montprod_inst.add_carry_in_sa$_DFF_PN0_/Q	core_inst.montprod_inst.s_mem.mem[10][26]$_DFFE_PP_/D
8	-0.2025	core_inst.montprod_inst.s_mem.tmp_read_data[I]	core_inst.montprod_inst.s_mem.mem[I][J]	core_inst.montprod_inst.s_mem.tmp_read_data[0]$_DFF_P_/Q	core_inst.montprod_inst.s_mem.mem[10][26]$_DFFE_PP_/D
9	-0.1860	core_inst.cycle_ctr_low_reg[I]	core_inst.cycle_ctr_high_reg[I]	core_inst.cycle_ctr_low_reg[8]$_DFFE_PN0P_/Q	core_inst.cycle_ctr_high_reg[24]$_DFFE_PN0P_/D
10	-0.1663	address[I]	core_inst.modulus_mem.mem[I][J]	address[1]	core_inst.modulus_mem.mem[0][10]$_DFFE_PP_/D
11	-0.1641	core_inst.montprod_select_reg[I]	core_inst.montprod_inst.add_carry_in_sa	core_inst.montprod_select_reg[3]$_DFF_PN0_/Q	core_inst.montprod_inst.add_carry_in_sa$_DFF_PN0_/D
12	-0.1562	core_inst.residue_inst.loop_counter_I_to_nn_reg[J]	core_inst.modulus_mem.tmp_read_dataI[J]	core_inst.residue_inst.loop_counter_1_to_nn_reg[7]$_DFFE_PN0P_/Q	core_inst.modulus_mem.tmp_read_data0[3]$_DFF_P_/D
13	-0.1408	core_inst.residue_inst.nn_reg[I]	core_inst.modulus_mem.tmp_read_dataI[J]	core_inst.residue_inst.nn_reg[7]$_DFFE_PN0P_/Q	core_inst.modulus_mem.tmp_read_data0[3]$_DFF_P_/D
14	-0.1403	core_inst.residue_inst.residue_ctrl_reg[I]	core_inst.modulus_mem.tmp_read_dataI[J]	core_inst.residue_inst.residue_ctrl_reg[3]$_DFF_PN0_/Q	core_inst.modulus_mem.tmp_read_data0[3]$_DFF_P_/D
15	-0.1341	address[I]	core_inst.exponent_mem.mem[I][J]	address[3]	core_inst.exponent_mem.mem[0][10]$_DFFE_PP_/D
16	-0.1341	address[I]	core_inst.message_mem.mem[I][J]	address[3]	core_inst.message_mem.mem[0][10]$_DFFE_PP_/D
17	-0.1322	modulus_length_reg[I]	core_inst.exponent_mem.tmp_read_dataI[J]	modulus_length_reg[0]$_DFFE_PN0P_/Q	core_inst.exponent_mem.tmp_read_data0[10]$_DFF_P_/D
18	-0.1259	core_inst.montprod_inst.add_carry_in_sm	core_inst.montprod_inst.s_mem.mem[I][J]	core_inst.montprod_inst.add_carry_in_sm$_DFF_PN0_/Q	core_inst.montprod_inst.s_mem.mem[10][24]$_DFFE_PP_/D
19	-0.1249	core_inst.modulus_mem.tmp_read_dataI[J]	core_inst.montprod_inst.s_mem.mem[I][J]	core_inst.modulus_mem.tmp_read_data0[0]$_DFF_P_/Q	core_inst.montprod_inst.s_mem.mem[10][24]$_DFFE_PP_/D
20	-0.1154	core_inst.message_mem.tmp_read_dataI[J]	core_inst.montprod_inst.add_carry_in_sa	core_inst.message_mem.tmp_read_data0[0]$_DFF_P_/Q	core_inst.montprod_inst.add_carry_in_sa$_DFF_PN0_/D
21	-0.1147	modulus_length_reg[I]	core_inst.modulus_mem.tmp_read_dataI[J]	modulus_length_reg[0]$_DFFE_PN0P_/QN	core_inst.modulus_mem.tmp_read_data0[31]$_DFF_P_/D
22	-0.1119	core_inst.one_reg[I]	core_inst.montprod_inst.add_carry_in_sa	core_inst.one_reg[0]$_DFF_PN0_/Q	core_inst.montprod_inst.add_carry_in_sa$_DFF_PN0_/D
23	-0.1100	core_inst.modulus_mem.tmp_read_dataI[J]	core_inst.residue_mem.mem[I][J]	core_inst.modulus_mem.tmp_read_data0[0]$_DFF_P_/Q	core_inst.residue_mem.mem[0][30]$_DFFE_PP_/D
24	-0.1054	start_reg	core_inst.modulus_mem.tmp_read_dataI[J]	start_reg$_DFF_PN0_/Q	core_inst.modulus_mem.tmp_read_data0[3]$_DFF_P_/D
25	-0.1023	core_inst.residue_inst.loop_counter_I_to_nn_reg[J]	core_inst.residue_mem.tmp_read_dataI[J]	core_inst.residue_inst.loop_counter_1_to_nn_reg[7]$_DFFE_PN0P_/Q	core_inst.residue_mem.tmp_read_data0[10]$_DFF_P_/D
26	-0.0999	core_inst.residue_mem.tmp_read_dataI[J]	core_inst.residue_mem.mem[I][J]	core_inst.residue_mem.tmp_read_data0[14]$_DFF_P_/Q	core_inst.residue_mem.mem[10][27]$_DFFE_PP_/D
27	-0.0930	core_inst.montprod_inst.word_index[I]	core_inst.result_mem.tmp_read_dataI[J]	core_inst.montprod_inst.word_index[0]$_DFF_PN0_/Q	core_inst.result_mem.tmp_read_data0[10]$_DFF_P_/D
28	-0.0929	core_inst.montprod_inst.word_index[I]	core_inst.montprod_inst.s_mem.tmp_read_data[I]	core_inst.montprod_inst.word_index[0]$_DFF_PN0_/Q	core_inst.montprod_inst.s_mem.tmp_read_data[25]$_DFF_P_/D
29	-0.0929	core_inst.montprod_inst.word_index[I]	core_inst.message_mem.tmp_read_dataI[J]	core_inst.montprod_inst.word_index[0]$_DFF_PN0_/Q	core_inst.message_mem.tmp_read_data0[10]$_DFF_P_/D
30	-0.0929	core_inst.montprod_inst.word_index[I]	core_inst.p_mem.tmp_read_dataI[J]	core_inst.montprod_inst.word_index[0]$_DFF_PN0_/Q	core_inst.p_mem.tmp_read_data0[0]$_DFF_P_/D
31	-0.0916	address[I]	exponent_length_reg[I]	address[1]	exponent_length_reg[0]$_DFFE_PN0P_/D
32	-0.0906	core_inst.p_mem.tmp_read_dataI[J]	core_inst.montprod_inst.add_carry_in_sa	core_inst.p_mem.tmp_read_data0[0]$_DFF_P_/Q	core_inst.montprod_inst.add_carry_in_sa$_DFF_PN0_/D
33	-0.0904	core_inst.cycle_ctr_high_reg[I]	core_inst.cycle_ctr_high_reg[I]	core_inst.cycle_ctr_high_reg[7]$_DFFE_PN0P_/Q	core_inst.cycle_ctr_high_reg[25]$_DFFE_PN0P_/D
34	-0.0899	core_inst.modexp_ctrl_reg[I]	core_inst.modulus_mem.tmp_read_dataI[J]	core_inst.modexp_ctrl_reg[6]$_DFF_PN0_/Q	core_inst.modulus_mem.tmp_read_data0[31]$_DFF_P_/D
35	-0.0877	core_inst.residue_inst.sub_carry_in_reg	core_inst.residue_mem.mem[I][J]	core_inst.residue_inst.sub_carry_in_reg$_DFF_PN0_/QN	core_inst.residue_mem.mem[0][30]$_DFFE_PP_/D
36	-0.0869	core_inst.residue_inst.nn_reg[I]	core_inst.residue_mem.tmp_read_dataI[J]	core_inst.residue_inst.nn_reg[7]$_DFFE_PN0P_/Q	core_inst.residue_mem.tmp_read_data0[10]$_DFF_P_/D
37	-0.0859	cs	core_inst.exponent_mem.mem[I][J]	cs	core_inst.exponent_mem.mem[0][10]$_DFFE_PP_/D
38	-0.0859	cs	core_inst.message_mem.mem[I][J]	cs	core_inst.message_mem.mem[0][10]$_DFFE_PP_/D
39	-0.0855	core_inst.residue_inst.residue_ctrl_reg[I]	core_inst.residue_mem.tmp_read_dataI[J]	core_inst.residue_inst.residue_ctrl_reg[3]$_DFF_PN0_/Q	core_inst.residue_mem.tmp_read_data0[10]$_DFF_P_/D
40	-0.0806	core_inst.residue_valid_reg	core_inst.modulus_mem.tmp_read_dataI[J]	core_inst.residue_valid_reg$_DFFE_PN0P_/QN	core_inst.modulus_mem.tmp_read_data0[3]$_DFF_P_/D
41	-0.0797	modulus_length_reg[I]	core_inst.montprod_inst.montprod_ctrl_reg[I]	modulus_length_reg[0]$_DFFE_PN0P_/Q	core_inst.montprod_inst.montprod_ctrl_reg[4]$_DFF_PN0_/D
42	-0.0767	modulus_length_reg[I]	core_inst.message_mem.tmp_read_dataI[J]	modulus_length_reg[0]$_DFFE_PN0P_/QN	core_inst.message_mem.tmp_read_data0[23]$_DFF_P_/D
43	-0.0767	modulus_length_reg[I]	core_inst.p_mem.tmp_read_dataI[J]	modulus_length_reg[0]$_DFFE_PN0P_/QN	core_inst.p_mem.tmp_read_data0[0]$_DFF_P_/D
44	-0.0741	modulus_length_reg[I]	core_inst.montprod_inst.word_index[I]	modulus_length_reg[0]$_DFFE_PN0P_/Q	core_inst.montprod_inst.word_index[4]$_DFF_PN0_/D
45	-0.0714	modulus_length_reg[I]	core_inst.montprod_inst.s_mem.tmp_read_data[I]	modulus_length_reg[0]$_DFFE_PN0P_/QN	core_inst.montprod_inst.s_mem.tmp_read_data[25]$_DFF_P_/D
46	-0.0714	modulus_length_reg[I]	core_inst.result_mem.tmp_read_dataI[J]	modulus_length_reg[0]$_DFFE_PN0P_/QN	core_inst.result_mem.tmp_read_data0[0]$_DFF_P_/D
47	-0.0704	core_inst.montprod_inst.word_index[I]	core_inst.modulus_mem.tmp_read_dataI[J]	core_inst.montprod_inst.word_index[1]$_DFF_PN0_/Q	core_inst.modulus_mem.tmp_read_data0[31]$_DFF_P_/D
48	-0.0650	cs	read_data[I]	cs	read_data[10]
49	-0.0647	address[I]	core_inst.exponent_mem.ptr_reg[I]	address[3]	core_inst.exponent_mem.ptr_reg[2]$_DFFE_PN0P_/D
50	-0.0630	modulus_length_reg[I]	core_inst.montprod_select_reg[I]	modulus_length_reg[0]$_DFFE_PN0P_/Q	core_inst.montprod_select_reg[4]$_DFF_PN0_/D
51	-0.0630	modulus_length_reg[I]	core_inst.montprod_dest_reg[I]	modulus_length_reg[0]$_DFFE_PN0P_/Q	core_inst.montprod_dest_reg[2]$_DFF_PN0_/D
52	-0.0623	address[I]	core_inst.modulus_mem.ptr_reg[I]	address[5]	core_inst.modulus_mem.ptr_reg[4]$_DFFE_PN0P_/D
53	-0.0565	address[I]	core_inst.message_mem.ptr_reg[I]	address[3]	core_inst.message_mem.ptr_reg[2]$_DFFE_PN0P_/D
54	-0.0550	core_inst.montprod_select_reg[I]	core_inst.montprod_inst.q_reg	core_inst.montprod_select_reg[3]$_DFF_PN0_/Q	core_inst.montprod_inst.q_reg$_DFFE_PN0P_/D
55	-0.0524	core_inst.loop_counter_reg[I]	core_inst.exponent_mem.tmp_read_dataI[J]	core_inst.loop_counter_reg[5]$_DFFE_PN0P_/Q	core_inst.exponent_mem.tmp_read_data0[10]$_DFF_P_/D
56	-0.0506	start_reg	core_inst.residue_mem.tmp_read_dataI[J]	start_reg$_DFF_PN0_/Q	core_inst.residue_mem.tmp_read_data0[10]$_DFF_P_/D
57	-0.0487	address[I]	modulus_length_reg[I]	address[1]	modulus_length_reg[0]$_DFFE_PN0P_/D
58	-0.0429	core_inst.residue_mem.tmp_read_dataI[J]	core_inst.residue_inst.sub_carry_in_reg	core_inst.residue_mem.tmp_read_data0[7]$_DFF_P_/Q	core_inst.residue_inst.sub_carry_in_reg$_DFF_PN0_/D
59	-0.0380	we	core_inst.exponent_mem.mem[I][J]	we	core_inst.exponent_mem.mem[0][10]$_DFFE_PP_/D
60	-0.0380	we	core_inst.message_mem.mem[I][J]	we	core_inst.message_mem.mem[0][10]$_DFFE_PP_/D
61	-0.0353	core_inst.montprod_inst.montprod_ctrl_reg[I]	core_inst.result_mem.tmp_read_dataI[J]	core_inst.montprod_inst.montprod_ctrl_reg[11]$_DFF_PN0_/Q	core_inst.result_mem.tmp_read_data0[10]$_DFF_P_/D
62	-0.0352	core_inst.montprod_inst.montprod_ctrl_reg[I]	core_inst.montprod_inst.s_mem.tmp_read_data[I]	core_inst.montprod_inst.montprod_ctrl_reg[11]$_DFF_PN0_/Q	core_inst.montprod_inst.s_mem.tmp_read_data[25]$_DFF_P_/D
63	-0.0352	core_inst.montprod_inst.montprod_ctrl_reg[I]	core_inst.message_mem.tmp_read_dataI[J]	core_inst.montprod_inst.montprod_ctrl_reg[11]$_DFF_PN0_/Q	core_inst.message_mem.tmp_read_data0[10]$_DFF_P_/D
64	-0.0352	core_inst.montprod_inst.montprod_ctrl_reg[I]	core_inst.p_mem.tmp_read_dataI[J]	core_inst.montprod_inst.montprod_ctrl_reg[11]$_DFF_PN0_/Q	core_inst.p_mem.tmp_read_data0[0]$_DFF_P_/D
65	-0.0324	core_inst.modulus_mem.tmp_read_dataI[J]	core_inst.residue_inst.sub_carry_in_reg	core_inst.modulus_mem.tmp_read_data0[0]$_DFF_P_/Q	core_inst.residue_inst.sub_carry_in_reg$_DFF_PN0_/D
66	-0.0285	core_inst.result_mem.tmp_read_dataI[J]	core_inst.montprod_inst.add_carry_in_sa	core_inst.result_mem.tmp_read_data0[0]$_DFF_P_/Q	core_inst.montprod_inst.add_carry_in_sa$_DFF_PN0_/D
67	-0.0269	core_inst.modexp_ctrl_reg[I]	core_inst.residue_mem.tmp_read_dataI[J]	core_inst.modexp_ctrl_reg[0]$_DFF_PN1_/Q	core_inst.residue_mem.tmp_read_data0[10]$_DFF_P_/D
68	-0.0263	we	read_data[I]	we	read_data[10]
69	-0.0258	core_inst.residue_valid_reg	core_inst.residue_mem.tmp_read_dataI[J]	core_inst.residue_valid_reg$_DFFE_PN0P_/QN	core_inst.residue_mem.tmp_read_data0[10]$_DFF_P_/D
70	-0.0214	core_inst.residue_inst.length_mI_reg[J]	core_inst.modulus_mem.tmp_read_dataI[J]	core_inst.residue_inst.length_m1_reg[1]$_DFFE_PN0P_/Q	core_inst.modulus_mem.tmp_read_data0[30]$_DFF_P_/D
71	-0.0174	modulus_length_reg[I]	core_inst.montprod_inst.ready_reg	modulus_length_reg[0]$_DFFE_PN0P_/Q	core_inst.montprod_inst.ready_reg$_DFFE_PN0P_/D
72	-0.0101	core_inst.residue_inst.sub_carry_in_reg	core_inst.residue_inst.sub_carry_in_reg	core_inst.residue_inst.sub_carry_in_reg$_DFF_PN0_/QN	core_inst.residue_inst.sub_carry_in_reg$_DFF_PN0_/D
73	-0.0089	core_inst.residue_inst.length_mI_reg[J]	core_inst.residue_mem.tmp_read_dataI[J]	core_inst.residue_inst.length_m1_reg[1]$_DFFE_PN0P_/Q	core_inst.residue_mem.tmp_read_data0[28]$_DFF_P_/D
74	-0.0086	cs	core_inst.modulus_mem.mem[I][J]	cs	core_inst.modulus_mem.mem[0][10]$_DFFE_PP_/D
75	-0.0073	address[I]	core_inst.result_mem.ptr_reg[I]	address[3]	core_inst.result_mem.ptr_reg[3]$_DFFE_PN0P_/D
76	-0.0063	core_inst.montprod_inst.add_carry_in_sm	core_inst.montprod_inst.add_carry_in_sm	core_inst.montprod_inst.add_carry_in_sm$_DFF_PN0_/Q	core_inst.montprod_inst.add_carry_in_sm$_DFF_PN0_/D
77	-0.0052	core_inst.modulus_mem.tmp_read_dataI[J]	core_inst.montprod_inst.add_carry_in_sm	core_inst.modulus_mem.tmp_read_data0[0]$_DFF_P_/Q	core_inst.montprod_inst.add_carry_in_sm$_DFF_PN0_/D
78	-0.0038	core_inst.montprod_inst.B_bit_index_reg[I]	core_inst.montprod_inst.q_reg	core_inst.montprod_inst.B_bit_index_reg[0]$_DFFE_PN0P_/Q	core_inst.montprod_inst.q_reg$_DFFE_PN0P_/D
79	-0.0022	core_inst.montprod_inst.s_mem.tmp_read_data[I]	core_inst.montprod_inst.add_carry_in_sm	core_inst.montprod_inst.s_mem.tmp_read_data[0]$_DFF_P_/Q	core_inst.montprod_inst.add_carry_in_sm$_DFF_PN0_/D
80	-0.0006	core_inst.loop_counter_reg[I]	core_inst.ei_reg	core_inst.loop_counter_reg[0]$_DFFE_PN0P_/Q	core_inst.ei_reg$_DFFE_PN0P_/D
81	0.0004	core_inst.montprod_inst.add_carry_in_sa	core_inst.montprod_inst.add_carry_in_sa	core_inst.montprod_inst.add_carry_in_sa$_DFF_PN0_/Q	core_inst.montprod_inst.add_carry_in_sa$_DFF_PN0_/D
82	0.0044	core_inst.montprod_inst.s_mem.tmp_read_data[I]	core_inst.montprod_inst.add_carry_in_sa	core_inst.montprod_inst.s_mem.tmp_read_data[0]$_DFF_P_/Q	core_inst.montprod_inst.add_carry_in_sa$_DFF_PN0_/D
83	0.0053	core_inst.residue_inst.word_index_reg[I]	core_inst.modulus_mem.tmp_read_dataI[J]	core_inst.residue_inst.word_index_reg[1]$_DFF_PN0_/QN	core_inst.modulus_mem.tmp_read_data0[3]$_DFF_P_/D
84	0.0115	address[I]	core_inst.residue_valid_reg	address[1]	core_inst.residue_valid_reg$_DFFE_PN0P_/D
85	0.0138	core_inst.message_mem.ptr_reg[I]	core_inst.message_mem.tmp_read_dataI[J]	core_inst.message_mem.ptr_reg[0]$_DFFE_PN0P_/Q	core_inst.message_mem.tmp_read_data1[10]$_DFF_P_/D
86	0.0138	core_inst.modulus_mem.ptr_reg[I]	core_inst.modulus_mem.tmp_read_dataI[J]	core_inst.modulus_mem.ptr_reg[0]$_DFFE_PN0P_/Q	core_inst.modulus_mem.tmp_read_data1[10]$_DFF_P_/D
87	0.0139	core_inst.exponent_mem.ptr_reg[I]	core_inst.exponent_mem.tmp_read_dataI[J]	core_inst.exponent_mem.ptr_reg[0]$_DFFE_PN0P_/Q	core_inst.exponent_mem.tmp_read_data1[10]$_DFF_P_/D
88	0.0140	modulus_length_reg[I]	core_inst.residue_mem.tmp_read_dataI[J]	modulus_length_reg[0]$_DFFE_PN0P_/QN	core_inst.residue_mem.tmp_read_data0[10]$_DFF_P_/D
89	0.0186	core_inst.montprod_inst.loop_counter[I]	core_inst.residue_mem.tmp_read_dataI[J]	core_inst.montprod_inst.loop_counter[5]$_DFFE_PN0P_/Q	core_inst.residue_mem.tmp_read_data1[10]$_DFF_P_/D
90	0.0187	core_inst.montprod_inst.loop_counter[I]	core_inst.p_mem.tmp_read_dataI[J]	core_inst.montprod_inst.loop_counter[5]$_DFFE_PN0P_/Q	core_inst.p_mem.tmp_read_data1[0]$_DFF_P_/D
91	0.0218	core_inst.result_mem.ptr_reg[I]	core_inst.result_mem.tmp_read_dataI[J]	core_inst.result_mem.ptr_reg[1]$_DFFE_PN0P_/Q	core_inst.result_mem.tmp_read_data1[10]$_DFF_P_/D
92	0.0234	core_inst.residue_inst.word_index_reg[I]	core_inst.residue_mem.tmp_read_dataI[J]	core_inst.residue_inst.word_index_reg[1]$_DFF_PN0_/QN	core_inst.residue_mem.tmp_read_data0[10]$_DFF_P_/D
93	0.0256	cs	exponent_length_reg[I]	cs	exponent_length_reg[0]$_DFFE_PN0P_/D
94	0.0256	cs	modulus_length_reg[I]	cs	modulus_length_reg[0]$_DFFE_PN0P_/D
95	0.0393	we	core_inst.modulus_mem.mem[I][J]	we	core_inst.modulus_mem.mem[0][10]$_DFFE_PP_/D
96	0.0397	modulus_length_reg[I]	core_inst.modexp_ctrl_reg[I]	modulus_length_reg[0]$_DFFE_PN0P_/Q	core_inst.modexp_ctrl_reg[1]$_DFF_PN0_/D
97	0.0414	core_inst.cycle_ctr_low_reg[I]	core_inst.cycle_ctr_low_reg[I]	core_inst.cycle_ctr_low_reg[8]$_DFFE_PN0P_/Q	core_inst.cycle_ctr_low_reg[31]$_DFFE_PN0P_/D
98	0.0419	core_inst.loop_counter_reg[I]	core_inst.montprod_inst.montprod_ctrl_reg[I]	core_inst.loop_counter_reg[1]$_DFFE_PN0P_/Q	core_inst.montprod_inst.montprod_ctrl_reg[4]$_DFF_PN0_/D
99	0.0429	core_inst.montprod_select_reg[I]	core_inst.montprod_inst.b_reg	core_inst.montprod_select_reg[3]$_DFF_PN0_/Q	core_inst.montprod_inst.b_reg$_DFFE_PN0P_/D
100	0.0431	core_inst.cycle_ctr_state_reg	core_inst.cycle_ctr_high_reg[I]	core_inst.cycle_ctr_state_reg$_DFFE_PN0P_/Q	core_inst.cycle_ctr_high_reg[22]$_DFFE_PN0P_/D
