# stage	1_synth
# top_module	sha512
# top_n	1000
# kind	blocks
# skip_async	1
# include_full	1
# rank	worst_slack_ns	start	end	start_full	end_full
1	-0.3868	core.w_mem_inst.w_mem[I][J]	core.a_reg[I]	core.w_mem_inst.w_mem[14][7]$_DFFE_PN0P_/Q	core.a_reg[63]$_DFFE_PN0P_/D
2	-0.2296	address[I]	read_data[I]	address[4]	read_data[21]
3	-0.2035	core.w_mem_inst.w_mem[I][J]	core.e_reg[I]	core.w_mem_inst.w_mem[14][7]$_DFFE_PN0P_/Q	core.e_reg[62]$_DFFE_PN0P_/D
4	-0.1656	core.e_reg[I]	core.a_reg[I]	core.e_reg[29]$_DFFE_PN0P_/Q	core.a_reg[63]$_DFFE_PN0P_/D
5	-0.1129	core.f_reg[I]	core.a_reg[I]	core.f_reg[11]$_DFFE_PN0P_/Q	core.a_reg[63]$_DFFE_PN0P_/D
6	-0.1102	core.e_reg[I]	core.e_reg[I]	core.e_reg[19]$_DFFE_PN0P_/Q	core.e_reg[62]$_DFFE_PN0P_/D
7	-0.1054	core.g_reg[I]	core.a_reg[I]	core.g_reg[1]$_DFFE_PN0P_/Q	core.a_reg[63]$_DFFE_PN0P_/D
8	-0.0660	core.f_reg[I]	core.e_reg[I]	core.f_reg[1]$_DFFE_PN0P_/Q	core.e_reg[62]$_DFFE_PN0P_/D
9	-0.0593	core.g_reg[I]	core.e_reg[I]	core.g_reg[1]$_DFFE_PN0P_/Q	core.e_reg[62]$_DFFE_PN0P_/D
10	-0.0228	address[I]	error	address[4]	error
11	-0.0144	core.k_data_reg[I]	core.a_reg[I]	core.k_data_reg[11]$_DFF_PN0_/Q	core.a_reg[63]$_DFFE_PN0P_/D
12	0.0437	core.k_data_reg[I]	core.e_reg[I]	core.k_data_reg[1]$_DFF_PN0_/Q	core.e_reg[62]$_DFFE_PN0P_/D
13	0.0860	we	read_data[I]	we	read_data[10]
14	0.0871	core.w_mem_inst.w_ctr_reg[I]	core.a_reg[I]	core.w_mem_inst.w_ctr_reg[3]$_DFFE_PN0P_/Q	core.a_reg[63]$_DFFE_PN0P_/D
15	0.0959	core.h_reg[I]	core.a_reg[I]	core.h_reg[10]$_DFFE_PN0P_/Q	core.a_reg[56]$_DFFE_PN0P_/D
16	0.1052	cs	read_data[I]	cs	read_data[10]
17	0.1366	core.h_reg[I]	core.e_reg[I]	core.h_reg[10]$_DFFE_PN0P_/Q	core.e_reg[62]$_DFFE_PN0P_/D
18	0.2088	we	error	we	error
19	0.2287	core.w_mem_inst.w_ctr_reg[I]	core.e_reg[I]	core.w_mem_inst.w_ctr_reg[3]$_DFFE_PN0P_/Q	core.e_reg[39]$_DFFE_PN0P_/D
20	0.2546	cs	error	cs	error
21	0.3641	address[I]	block_reg[I][J]	address[1]	block_reg[12][10]$_DFFE_PN0P_/D
22	0.4483	address[I]	work_factor_num_reg[I]	address[4]	work_factor_num_reg[10]$_DFFE_PN0P_/D
23	0.4610	core.a_reg[I]	core.a_reg[I]	core.a_reg[60]$_DFFE_PN0P_/Q	core.a_reg[63]$_DFFE_PN0P_/D
24	0.4885	core.w_mem_inst.w_mem[I][J]	core.w_mem_inst.w_mem[I][J]	core.w_mem_inst.w_mem[14][7]$_DFFE_PN0P_/Q	core.w_mem_inst.w_mem[15][57]$_DFFE_PN0P_/D
25	0.5406	core.b_reg[I]	core.a_reg[I]	core.b_reg[25]$_DFFE_PN0P_/Q	core.a_reg[63]$_DFFE_PN0P_/D
26	0.5418	core.c_reg[I]	core.a_reg[I]	core.c_reg[25]$_DFFE_PN0P_/Q	core.a_reg[63]$_DFFE_PN0P_/D
27	0.5536	address[I]	work_factor_reg	address[4]	work_factor_reg$_DFFE_PN0P_/D
28	0.5539	address[I]	mode_reg[I]	address[4]	mode_reg[0]$_DFFE_PN1P_/D
29	0.5736	digest_reg[I]	read_data[I]	digest_reg[260]$_DFFE_PN0P_/Q	read_data[4]
30	0.5829	address[I]	init_reg	address[4]	init_reg$_DFF_PN0_/D
31	0.5829	address[I]	next_reg	address[4]	next_reg$_DFF_PN0_/D
32	0.5959	block_reg[I][J]	read_data[I]	block_reg[16][4]$_DFFE_PN0P_/Q	read_data[4]
33	0.6418	we	work_factor_num_reg[I]	we	work_factor_num_reg[10]$_DFFE_PN0P_/D
34	0.6449	we	block_reg[I][J]	we	block_reg[12][10]$_DFFE_PN0P_/D
35	0.6485	cs	block_reg[I][J]	cs	block_reg[12][10]$_DFFE_PN0P_/D
36	0.6644	cs	work_factor_num_reg[I]	cs	work_factor_num_reg[10]$_DFFE_PN0P_/D
37	0.7292	core.d_reg[I]	core.e_reg[I]	core.d_reg[1]$_DFFE_PN0P_/Q	core.e_reg[39]$_DFFE_PN0P_/D
38	0.7755	ready_reg	read_data[I]	ready_reg$_DFF_PN0_/Q	read_data[0]
39	0.7839	work_factor_num_reg[I]	read_data[I]	work_factor_num_reg[24]$_DFFE_PN0P_/Q	read_data[24]
40	0.7920	next_reg	read_data[I]	next_reg$_DFF_PN0_/Q	read_data[1]
41	0.7921	init_reg	read_data[I]	init_reg$_DFF_PN0_/Q	read_data[0]
42	0.7956	we	work_factor_reg	we	work_factor_reg$_DFFE_PN0P_/D
43	0.7960	we	mode_reg[I]	we	mode_reg[0]$_DFFE_PN1P_/D
44	0.8010	cs	work_factor_reg	cs	work_factor_reg$_DFFE_PN0P_/D
45	0.8013	cs	mode_reg[I]	cs	mode_reg[0]$_DFFE_PN1P_/D
46	0.8036	write_data[I]	block_reg[I][J]	write_data[0]	block_reg[0][0]$_DFFE_PN0P_/D
47	0.8036	write_data[I]	work_factor_num_reg[I]	write_data[0]	work_factor_num_reg[0]$_DFFE_PN0P_/D
48	0.8138	mode_reg[I]	read_data[I]	mode_reg[1]$_DFFE_PN1P_/Q	read_data[3]
49	0.8204	core.h_reg[I]	core.HI_reg[J]	core.h_reg[19]$_DFFE_PN0P_/Q	core.H7_reg[60]$_DFFE_PN0P_/D
50	0.8249	we	init_reg	we	init_reg$_DFF_PN0_/D
51	0.8249	we	next_reg	we	next_reg$_DFF_PN0_/D
52	0.8265	core.b_reg[I]	core.HI_reg[J]	core.b_reg[22]$_DFFE_PN0P_/Q	core.H1_reg[63]$_DFFE_PN0P_/D
53	0.8270	core.g_reg[I]	core.HI_reg[J]	core.g_reg[16]$_DFFE_PN0P_/Q	core.H6_reg[63]$_DFFE_PN0P_/D
54	0.8289	core.HI_reg[J]	core.HI_reg[J]	core.H7_reg[17]$_DFFE_PN0P_/Q	core.H7_reg[60]$_DFFE_PN0P_/D
55	0.8303	cs	init_reg	cs	init_reg$_DFF_PN0_/D
56	0.8303	cs	next_reg	cs	next_reg$_DFF_PN0_/D
57	0.8320	work_factor_reg	read_data[I]	work_factor_reg$_DFFE_PN0P_/Q	read_data[7]
58	0.8328	core.d_reg[I]	core.HI_reg[J]	core.d_reg[28]$_DFFE_PN0P_/Q	core.H3_reg[57]$_DFFE_PN0P_/D
59	0.8357	core.f_reg[I]	core.HI_reg[J]	core.f_reg[29]$_DFFE_PN0P_/Q	core.H5_reg[62]$_DFFE_PN0P_/D
60	0.8395	digest_valid_reg	read_data[I]	digest_valid_reg$_DFF_PN0_/Q	read_data[1]
61	0.8400	write_data[I]	init_reg	write_data[0]	init_reg$_DFF_PN0_/D
62	0.8400	write_data[I]	next_reg	write_data[1]	next_reg$_DFF_PN0_/D
63	0.8402	core.work_factor_ctr_reg[I]	core.w_mem_inst.w_mem[I][J]	core.work_factor_ctr_reg[13]$_DFFE_PN0P_/Q	core.w_mem_inst.w_mem[0][0]$_DFFE_PN0P_/D
64	0.8621	write_data[I]	work_factor_reg	write_data[7]	work_factor_reg$_DFFE_PN0P_/D
65	0.8624	write_data[I]	mode_reg[I]	write_data[2]	mode_reg[0]$_DFFE_PN1P_/D
66	0.8693	core.c_reg[I]	core.HI_reg[J]	core.c_reg[20]$_DFFE_PN0P_/Q	core.H2_reg[61]$_DFFE_PN0P_/D
67	0.8709	core.a_reg[I]	core.HI_reg[J]	core.a_reg[17]$_DFFE_PN0P_/Q	core.H0_reg[63]$_DFFE_PN0P_/D
68	0.8718	core.work_factor_ctr_reg[I]	core.a_reg[I]	core.work_factor_ctr_reg[13]$_DFFE_PN0P_/Q	core.a_reg[0]$_DFFE_PN0P_/D
69	0.8718	core.work_factor_ctr_reg[I]	core.b_reg[I]	core.work_factor_ctr_reg[13]$_DFFE_PN0P_/Q	core.b_reg[0]$_DFFE_PN0P_/D
70	0.8718	core.work_factor_ctr_reg[I]	core.c_reg[I]	core.work_factor_ctr_reg[13]$_DFFE_PN0P_/Q	core.c_reg[11]$_DFFE_PN0P_/D
71	0.8718	core.work_factor_ctr_reg[I]	core.e_reg[I]	core.work_factor_ctr_reg[13]$_DFFE_PN0P_/Q	core.e_reg[55]$_DFFE_PN0P_/D
72	0.8830	core.e_reg[I]	core.HI_reg[J]	core.e_reg[0]$_DFFE_PN0P_/Q	core.H4_reg[60]$_DFFE_PN0P_/D
73	0.8857	core.work_factor_ctr_reg[I]	core.d_reg[I]	core.work_factor_ctr_reg[13]$_DFFE_PN0P_/Q	core.d_reg[0]$_DFFE_PN0P_/D
74	0.8917	work_factor_num_reg[I]	core.w_mem_inst.w_mem[I][J]	work_factor_num_reg[13]$_DFFE_PN0P_/QN	core.w_mem_inst.w_mem[0][0]$_DFFE_PN0P_/D
75	0.8946	work_factor_num_reg[I]	core.a_reg[I]	work_factor_num_reg[13]$_DFFE_PN0P_/QN	core.a_reg[0]$_DFFE_PN0P_/D
76	0.8946	work_factor_num_reg[I]	core.b_reg[I]	work_factor_num_reg[13]$_DFFE_PN0P_/QN	core.b_reg[0]$_DFFE_PN0P_/D
77	0.8946	work_factor_num_reg[I]	core.c_reg[I]	work_factor_num_reg[13]$_DFFE_PN0P_/QN	core.c_reg[11]$_DFFE_PN0P_/D
78	0.8946	work_factor_num_reg[I]	core.e_reg[I]	work_factor_num_reg[13]$_DFFE_PN0P_/QN	core.e_reg[55]$_DFFE_PN0P_/D
79	0.9031	core.work_factor_ctr_reg[I]	core.g_reg[I]	core.work_factor_ctr_reg[13]$_DFFE_PN0P_/Q	core.g_reg[22]$_DFFE_PN0P_/D
80	0.9031	core.work_factor_ctr_reg[I]	core.h_reg[I]	core.work_factor_ctr_reg[13]$_DFFE_PN0P_/Q	core.h_reg[62]$_DFFE_PN0P_/D
81	0.9032	core.work_factor_ctr_reg[I]	core.f_reg[I]	core.work_factor_ctr_reg[13]$_DFFE_PN0P_/Q	core.f_reg[0]$_DFFE_PN0P_/D
82	0.9045	core.round_ctr_reg[I]	core.k_data_reg[I]	core.round_ctr_reg[2]$_DFFE_PN0P_/Q	core.k_data_reg[18]$_DFF_PN0_/D
83	0.9085	work_factor_num_reg[I]	core.d_reg[I]	work_factor_num_reg[13]$_DFFE_PN0P_/QN	core.d_reg[0]$_DFFE_PN0P_/D
84	0.9092	core.work_factor_ctr_reg[I]	core.round_ctr_reg[I]	core.work_factor_ctr_reg[13]$_DFFE_PN0P_/Q	core.round_ctr_reg[0]$_DFFE_PN0P_/D
85	0.9165	core.work_factor_ctr_reg[I]	core.digest_valid_reg	core.work_factor_ctr_reg[25]$_DFFE_PN0P_/Q	core.digest_valid_reg$_DFFE_PN0P_/D
86	0.9168	core.work_factor_ctr_reg[I]	core.ready_reg	core.work_factor_ctr_reg[25]$_DFFE_PN0P_/Q	core.ready_reg$_DFFE_PN1P_/D
87	0.9187	core.work_factor_ctr_reg[I]	core.HI_reg[J]	core.work_factor_ctr_reg[25]$_DFFE_PN0P_/Q	core.H0_reg[40]$_DFFE_PN0P_/D
88	0.9195	core.work_factor_ctr_reg[I]	core.w_mem_inst.w_ctr_reg[I]	core.work_factor_ctr_reg[13]$_DFFE_PN0P_/Q	core.w_mem_inst.w_ctr_reg[0]$_DFFE_PN0P_/D
89	0.9259	work_factor_num_reg[I]	core.g_reg[I]	work_factor_num_reg[13]$_DFFE_PN0P_/QN	core.g_reg[22]$_DFFE_PN0P_/D
90	0.9259	work_factor_num_reg[I]	core.h_reg[I]	work_factor_num_reg[13]$_DFFE_PN0P_/QN	core.h_reg[62]$_DFFE_PN0P_/D
91	0.9260	work_factor_num_reg[I]	core.f_reg[I]	work_factor_num_reg[13]$_DFFE_PN0P_/QN	core.f_reg[0]$_DFFE_PN0P_/D
92	0.9304	core.work_factor_ctr_reg[I]	core.work_factor_ctr_reg[I]	core.work_factor_ctr_reg[1]$_DFFE_PN0P_/Q	core.work_factor_ctr_reg[26]$_DFFE_PN0P_/D
93	0.9336	work_factor_num_reg[I]	core.digest_valid_reg	work_factor_num_reg[25]$_DFFE_PN0P_/QN	core.digest_valid_reg$_DFFE_PN0P_/D
94	0.9339	work_factor_num_reg[I]	core.ready_reg	work_factor_num_reg[25]$_DFFE_PN0P_/QN	core.ready_reg$_DFFE_PN1P_/D
95	0.9358	work_factor_num_reg[I]	core.HI_reg[J]	work_factor_num_reg[25]$_DFFE_PN0P_/QN	core.H0_reg[40]$_DFFE_PN0P_/D
96	0.9423	work_factor_num_reg[I]	core.w_mem_inst.w_ctr_reg[I]	work_factor_num_reg[13]$_DFFE_PN0P_/QN	core.w_mem_inst.w_ctr_reg[0]$_DFFE_PN0P_/D
97	0.9607	work_factor_num_reg[I]	core.round_ctr_reg[I]	work_factor_num_reg[13]$_DFFE_PN0P_/QN	core.round_ctr_reg[0]$_DFFE_PN0P_/D
98	1.0146	core.round_ctr_reg[I]	core.work_factor_ctr_reg[I]	core.round_ctr_reg[1]$_DFFE_PN0P_/Q	core.work_factor_ctr_reg[26]$_DFFE_PN0P_/D
99	1.0249	work_factor_reg	core.a_reg[I]	work_factor_reg$_DFFE_PN0P_/Q	core.a_reg[0]$_DFFE_PN0P_/D
100	1.0249	work_factor_reg	core.b_reg[I]	work_factor_reg$_DFFE_PN0P_/Q	core.b_reg[0]$_DFFE_PN0P_/D
101	1.0249	work_factor_reg	core.c_reg[I]	work_factor_reg$_DFFE_PN0P_/Q	core.c_reg[11]$_DFFE_PN0P_/D
102	1.0249	work_factor_reg	core.e_reg[I]	work_factor_reg$_DFFE_PN0P_/Q	core.e_reg[55]$_DFFE_PN0P_/D
103	1.0313	core.round_ctr_reg[I]	core.round_ctr_reg[I]	core.round_ctr_reg[2]$_DFFE_PN0P_/Q	core.round_ctr_reg[5]$_DFFE_PN0P_/D
104	1.0387	work_factor_reg	core.d_reg[I]	work_factor_reg$_DFFE_PN0P_/Q	core.d_reg[0]$_DFFE_PN0P_/D
105	1.0454	work_factor_reg	core.w_mem_inst.w_mem[I][J]	work_factor_reg$_DFFE_PN0P_/Q	core.w_mem_inst.w_mem[0][0]$_DFFE_PN0P_/D
106	1.0508	core.w_mem_inst.w_ctr_reg[I]	core.w_mem_inst.w_mem[I][J]	core.w_mem_inst.w_ctr_reg[2]$_DFFE_PN0P_/Q	core.w_mem_inst.w_mem[11][25]$_DFFE_PN0P_/D
107	1.0561	work_factor_reg	core.g_reg[I]	work_factor_reg$_DFFE_PN0P_/Q	core.g_reg[22]$_DFFE_PN0P_/D
108	1.0561	work_factor_reg	core.h_reg[I]	work_factor_reg$_DFFE_PN0P_/Q	core.h_reg[40]$_DFFE_PN0P_/D
109	1.0562	work_factor_reg	core.f_reg[I]	work_factor_reg$_DFFE_PN0P_/Q	core.f_reg[0]$_DFFE_PN0P_/D
110	1.0725	work_factor_reg	core.w_mem_inst.w_ctr_reg[I]	work_factor_reg$_DFFE_PN0P_/Q	core.w_mem_inst.w_ctr_reg[0]$_DFFE_PN0P_/D
111	1.0728	work_factor_reg	core.digest_valid_reg	work_factor_reg$_DFFE_PN0P_/Q	core.digest_valid_reg$_DFFE_PN0P_/D
112	1.0731	work_factor_reg	core.ready_reg	work_factor_reg$_DFFE_PN0P_/Q	core.ready_reg$_DFFE_PN1P_/D
113	1.0750	work_factor_reg	core.HI_reg[J]	work_factor_reg$_DFFE_PN0P_/Q	core.H0_reg[40]$_DFFE_PN0P_/D
114	1.0758	core.shaI_ctrl_reg[J]	core.e_reg[I]	core.sha512_ctrl_reg[2]$_DFF_PN0_/Q	core.e_reg[63]$_DFFE_PN0P_/D
115	1.0827	core.shaI_ctrl_reg[J]	core.work_factor_ctr_reg[I]	core.sha512_ctrl_reg[2]$_DFF_PN0_/Q	core.work_factor_ctr_reg[26]$_DFFE_PN0P_/D
116	1.0847	core.shaI_ctrl_reg[J]	core.w_mem_inst.w_mem[I][J]	core.sha512_ctrl_reg[2]$_DFF_PN0_/Q	core.w_mem_inst.w_mem[11][25]$_DFFE_PN0P_/D
117	1.0859	init_reg	core.w_mem_inst.w_mem[I][J]	init_reg$_DFF_PN0_/Q	core.w_mem_inst.w_mem[0][0]$_DFFE_PN0P_/D
118	1.0914	core.shaI_ctrl_reg[J]	core.k_data_reg[I]	core.sha512_ctrl_reg[2]$_DFF_PN0_/Q	core.k_data_reg[57]$_DFF_PN0_/D
119	1.0917	core.shaI_ctrl_reg[J]	core.a_reg[I]	core.sha512_ctrl_reg[2]$_DFF_PN0_/Q	core.a_reg[13]$_DFFE_PN0P_/D
120	1.0924	next_reg	core.w_mem_inst.w_mem[I][J]	next_reg$_DFF_PN0_/Q	core.w_mem_inst.w_mem[0][0]$_DFFE_PN0P_/D
121	1.1002	core.shaI_ctrl_reg[J]	core.w_mem_inst.w_ctr_reg[I]	core.sha512_ctrl_reg[2]$_DFF_PN0_/Q	core.w_mem_inst.w_ctr_reg[5]$_DFFE_PN0P_/D
122	1.1065	mode_reg[I]	core.b_reg[I]	mode_reg[1]$_DFFE_PN1P_/QN	core.b_reg[26]$_DFFE_PN0P_/D
123	1.1065	mode_reg[I]	core.c_reg[I]	mode_reg[1]$_DFFE_PN1P_/QN	core.c_reg[36]$_DFFE_PN0P_/D
124	1.1065	mode_reg[I]	core.d_reg[I]	mode_reg[1]$_DFFE_PN1P_/QN	core.d_reg[25]$_DFFE_PN0P_/D
125	1.1087	core.shaI_ctrl_reg[J]	core.c_reg[I]	core.sha512_ctrl_reg[0]$_DFF_PN1_/Q	core.c_reg[24]$_DFFE_PN0P_/D
126	1.1087	core.shaI_ctrl_reg[J]	core.d_reg[I]	core.sha512_ctrl_reg[0]$_DFF_PN1_/Q	core.d_reg[35]$_DFFE_PN0P_/D
127	1.1087	core.shaI_ctrl_reg[J]	core.g_reg[I]	core.sha512_ctrl_reg[0]$_DFF_PN1_/Q	core.g_reg[31]$_DFFE_PN0P_/D
128	1.1087	core.shaI_ctrl_reg[J]	core.b_reg[I]	core.sha512_ctrl_reg[0]$_DFF_PN1_/Q	core.b_reg[0]$_DFFE_PN0P_/D
129	1.1087	core.shaI_ctrl_reg[J]	core.f_reg[I]	core.sha512_ctrl_reg[0]$_DFF_PN1_/Q	core.f_reg[32]$_DFFE_PN0P_/D
130	1.1087	core.shaI_ctrl_reg[J]	core.h_reg[I]	core.sha512_ctrl_reg[0]$_DFF_PN1_/Q	core.h_reg[0]$_DFFE_PN0P_/D
131	1.1092	core.shaI_ctrl_reg[J]	core.HI_reg[J]	core.sha512_ctrl_reg[0]$_DFF_PN1_/Q	core.H0_reg[13]$_DFFE_PN0P_/D
132	1.1096	work_factor_reg	core.round_ctr_reg[I]	work_factor_reg$_DFFE_PN0P_/Q	core.round_ctr_reg[3]$_DFFE_PN0P_/D
133	1.1146	mode_reg[I]	core.g_reg[I]	mode_reg[1]$_DFFE_PN1P_/QN	core.g_reg[44]$_DFFE_PN0P_/D
134	1.1271	mode_reg[I]	core.HI_reg[J]	mode_reg[1]$_DFFE_PN1P_/QN	core.H7_reg[19]$_DFFE_PN0P_/D
135	1.1311	init_reg	core.c_reg[I]	init_reg$_DFF_PN0_/Q	core.c_reg[24]$_DFFE_PN0P_/D
136	1.1311	init_reg	core.d_reg[I]	init_reg$_DFF_PN0_/Q	core.d_reg[35]$_DFFE_PN0P_/D
137	1.1311	init_reg	core.g_reg[I]	init_reg$_DFF_PN0_/Q	core.g_reg[31]$_DFFE_PN0P_/D
138	1.1312	init_reg	core.a_reg[I]	init_reg$_DFF_PN0_/Q	core.a_reg[1]$_DFFE_PN0P_/D
139	1.1312	init_reg	core.b_reg[I]	init_reg$_DFF_PN0_/Q	core.b_reg[0]$_DFFE_PN0P_/D
140	1.1312	init_reg	core.e_reg[I]	init_reg$_DFF_PN0_/Q	core.e_reg[0]$_DFFE_PN0P_/D
141	1.1312	init_reg	core.f_reg[I]	init_reg$_DFF_PN0_/Q	core.f_reg[32]$_DFFE_PN0P_/D
142	1.1312	init_reg	core.h_reg[I]	init_reg$_DFF_PN0_/Q	core.h_reg[0]$_DFFE_PN0P_/D
143	1.1316	init_reg	core.HI_reg[J]	init_reg$_DFF_PN0_/Q	core.H0_reg[13]$_DFFE_PN0P_/D
144	1.1332	mode_reg[I]	core.a_reg[I]	mode_reg[1]$_DFFE_PN1P_/QN	core.a_reg[62]$_DFFE_PN0P_/D
145	1.1334	core.shaI_ctrl_reg[J]	core.round_ctr_reg[I]	core.sha512_ctrl_reg[2]$_DFF_PN0_/Q	core.round_ctr_reg[2]$_DFFE_PN0P_/D
146	1.1391	core.work_factor_ctr_reg[I]	core.shaI_ctrl_reg[J]	core.work_factor_ctr_reg[13]$_DFFE_PN0P_/Q	core.sha512_ctrl_reg[0]$_DFF_PN1_/D
147	1.1416	mode_reg[I]	core.e_reg[I]	mode_reg[1]$_DFFE_PN1P_/Q	core.e_reg[51]$_DFFE_PN0P_/D
148	1.1416	mode_reg[I]	core.f_reg[I]	mode_reg[1]$_DFFE_PN1P_/Q	core.f_reg[60]$_DFFE_PN0P_/D
149	1.1428	mode_reg[I]	core.h_reg[I]	mode_reg[1]$_DFFE_PN1P_/QN	core.h_reg[0]$_DFFE_PN0P_/D
150	1.1549	init_reg	core.round_ctr_reg[I]	init_reg$_DFF_PN0_/Q	core.round_ctr_reg[0]$_DFFE_PN0P_/D
151	1.1597	next_reg	core.a_reg[I]	next_reg$_DFF_PN0_/Q	core.a_reg[0]$_DFFE_PN0P_/D
152	1.1597	next_reg	core.b_reg[I]	next_reg$_DFF_PN0_/Q	core.b_reg[0]$_DFFE_PN0P_/D
153	1.1597	next_reg	core.c_reg[I]	next_reg$_DFF_PN0_/Q	core.c_reg[11]$_DFFE_PN0P_/D
154	1.1597	next_reg	core.e_reg[I]	next_reg$_DFF_PN0_/Q	core.e_reg[55]$_DFFE_PN0P_/D
155	1.1614	next_reg	core.round_ctr_reg[I]	next_reg$_DFF_PN0_/Q	core.round_ctr_reg[0]$_DFFE_PN0P_/D
156	1.1619	work_factor_num_reg[I]	core.shaI_ctrl_reg[J]	work_factor_num_reg[13]$_DFFE_PN0P_/QN	core.sha512_ctrl_reg[0]$_DFF_PN1_/D
157	1.1736	next_reg	core.d_reg[I]	next_reg$_DFF_PN0_/Q	core.d_reg[0]$_DFFE_PN0P_/D
158	1.1761	core.shaI_ctrl_reg[J]	core.shaI_ctrl_reg[J]	core.sha512_ctrl_reg[2]$_DFF_PN0_/Q	core.sha512_ctrl_reg[2]$_DFF_PN0_/D
159	1.1786	init_reg	core.work_factor_ctr_reg[I]	init_reg$_DFF_PN0_/Q	core.work_factor_ctr_reg[9]$_DFFE_PN0P_/D
160	1.1841	init_reg	core.w_mem_inst.w_ctr_reg[I]	init_reg$_DFF_PN0_/Q	core.w_mem_inst.w_ctr_reg[5]$_DFFE_PN0P_/D
161	1.1851	next_reg	core.work_factor_ctr_reg[I]	next_reg$_DFF_PN0_/Q	core.work_factor_ctr_reg[9]$_DFFE_PN0P_/D
162	1.1905	next_reg	core.w_mem_inst.w_ctr_reg[I]	next_reg$_DFF_PN0_/Q	core.w_mem_inst.w_ctr_reg[5]$_DFFE_PN0P_/D
163	1.1910	next_reg	core.g_reg[I]	next_reg$_DFF_PN0_/Q	core.g_reg[22]$_DFFE_PN0P_/D
164	1.1910	next_reg	core.h_reg[I]	next_reg$_DFF_PN0_/Q	core.h_reg[40]$_DFFE_PN0P_/D
165	1.1911	next_reg	core.f_reg[I]	next_reg$_DFF_PN0_/Q	core.f_reg[0]$_DFFE_PN0P_/D
166	1.2109	core.shaI_ctrl_reg[J]	core.digest_valid_reg	core.sha512_ctrl_reg[1]$_DFF_PN0_/Q	core.digest_valid_reg$_DFFE_PN0P_/D
167	1.2113	core.shaI_ctrl_reg[J]	core.ready_reg	core.sha512_ctrl_reg[1]$_DFF_PN0_/Q	core.ready_reg$_DFFE_PN1P_/D
168	1.2203	init_reg	core.shaI_ctrl_reg[J]	init_reg$_DFF_PN0_/Q	core.sha512_ctrl_reg[2]$_DFF_PN0_/D
169	1.2268	next_reg	core.shaI_ctrl_reg[J]	next_reg$_DFF_PN0_/Q	core.sha512_ctrl_reg[2]$_DFF_PN0_/D
170	1.2686	init_reg	core.digest_valid_reg	init_reg$_DFF_PN0_/Q	core.digest_valid_reg$_DFFE_PN0P_/D
171	1.2689	init_reg	core.ready_reg	init_reg$_DFF_PN0_/Q	core.ready_reg$_DFFE_PN1P_/D
172	1.2700	core.round_ctr_reg[I]	core.shaI_ctrl_reg[J]	core.round_ctr_reg[1]$_DFFE_PN0P_/Q	core.sha512_ctrl_reg[1]$_DFF_PN0_/D
173	1.2735	next_reg	core.digest_valid_reg	next_reg$_DFF_PN0_/Q	core.digest_valid_reg$_DFFE_PN0P_/D
174	1.2738	next_reg	core.ready_reg	next_reg$_DFF_PN0_/Q	core.ready_reg$_DFFE_PN1P_/D
175	1.2815	core.digest_valid_reg	digest_reg[I]	core.digest_valid_reg$_DFFE_PN0P_/Q	digest_reg[442]$_DFFE_PN0P_/D
176	1.3077	core.w_mem_inst.w_ctr_reg[I]	core.w_mem_inst.w_ctr_reg[I]	core.w_mem_inst.w_ctr_reg[1]$_DFFE_PN0P_/Q	core.w_mem_inst.w_ctr_reg[6]$_DFFE_PN0P_/D
177	1.3102	core.digest_valid_reg	core.digest_valid_reg	core.digest_valid_reg$_DFFE_PN0P_/Q	core.digest_valid_reg$_DFFE_PN0P_/D
178	1.3382	core.HI_reg[J]	core.a_reg[I]	core.H0_reg[62]$_DFFE_PN0P_/Q	core.a_reg[62]$_DFFE_PN0P_/D
179	1.3452	core.HI_reg[J]	core.g_reg[I]	core.H6_reg[63]$_DFFE_PN0P_/Q	core.g_reg[63]$_DFFE_PN0P_/D
180	1.3524	core.HI_reg[J]	core.b_reg[I]	core.H1_reg[1]$_DFFE_PN0P_/Q	core.b_reg[1]$_DFFE_PN0P_/D
181	1.3567	core.HI_reg[J]	core.h_reg[I]	core.H7_reg[60]$_DFFE_PN0P_/Q	core.h_reg[60]$_DFFE_PN0P_/D
182	1.3573	core.HI_reg[J]	core.c_reg[I]	core.H2_reg[20]$_DFFE_PN0P_/Q	core.c_reg[20]$_DFFE_PN0P_/D
183	1.3573	core.HI_reg[J]	core.e_reg[I]	core.H4_reg[38]$_DFFE_PN0P_/Q	core.e_reg[38]$_DFFE_PN0P_/D
184	1.3592	core.HI_reg[J]	core.d_reg[I]	core.H3_reg[28]$_DFFE_PN0P_/Q	core.d_reg[28]$_DFFE_PN0P_/D
185	1.3592	core.HI_reg[J]	core.f_reg[I]	core.H5_reg[43]$_DFFE_PN0P_/Q	core.f_reg[43]$_DFFE_PN0P_/D
186	1.3720	core.f_reg[I]	core.f_reg[I]	core.f_reg[63]$_DFFE_PN0P_/Q	core.f_reg[63]$_DFFE_PN0P_/D
187	1.3741	core.h_reg[I]	core.h_reg[I]	core.h_reg[63]$_DFFE_PN0P_/Q	core.h_reg[63]$_DFFE_PN0P_/D
188	1.3757	core.g_reg[I]	core.g_reg[I]	core.g_reg[63]$_DFFE_PN0P_/Q	core.g_reg[63]$_DFFE_PN0P_/D
189	1.3849	core.b_reg[I]	core.b_reg[I]	core.b_reg[2]$_DFFE_PN0P_/Q	core.b_reg[2]$_DFFE_PN0P_/D
190	1.3865	core.c_reg[I]	core.c_reg[I]	core.c_reg[13]$_DFFE_PN0P_/Q	core.c_reg[13]$_DFFE_PN0P_/D
191	1.3943	core.d_reg[I]	core.d_reg[I]	core.d_reg[1]$_DFFE_PN0P_/Q	core.d_reg[1]$_DFFE_PN0P_/D
192	1.3967	core.e_reg[I]	core.f_reg[I]	core.e_reg[1]$_DFFE_PN0P_/Q	core.f_reg[1]$_DFFE_PN0P_/D
193	1.3972	block_reg[I][J]	core.w_mem_inst.w_mem[I][J]	block_reg[30][24]$_DFFE_PN0P_/Q	core.w_mem_inst.w_mem[15][56]$_DFFE_PN0P_/D
194	1.4047	core.a_reg[I]	core.b_reg[I]	core.a_reg[62]$_DFFE_PN0P_/Q	core.b_reg[62]$_DFFE_PN0P_/D
195	1.4277	core.f_reg[I]	core.g_reg[I]	core.f_reg[63]$_DFFE_PN0P_/Q	core.g_reg[63]$_DFFE_PN0P_/D
196	1.4314	core.g_reg[I]	core.h_reg[I]	core.g_reg[63]$_DFFE_PN0P_/Q	core.h_reg[63]$_DFFE_PN0P_/D
197	1.4320	core.b_reg[I]	core.c_reg[I]	core.b_reg[63]$_DFFE_PN0P_/Q	core.c_reg[63]$_DFFE_PN0P_/D
198	1.4333	core.HI_reg[J]	digest_reg[I]	core.H6_reg[63]$_DFFE_PN0P_/Q	digest_reg[127]$_DFFE_PN0P_/D
199	1.4424	core.c_reg[I]	core.d_reg[I]	core.c_reg[22]$_DFFE_PN0P_/Q	core.d_reg[22]$_DFFE_PN0P_/D
200	1.4448	mode_reg[I]	mode_reg[I]	mode_reg[1]$_DFFE_PN1P_/Q	mode_reg[1]$_DFFE_PN1P_/D
201	1.4570	work_factor_reg	core.shaI_ctrl_reg[J]	work_factor_reg$_DFFE_PN0P_/QN	core.sha512_ctrl_reg[0]$_DFF_PN1_/D
202	1.4585	work_factor_num_reg[I]	work_factor_num_reg[I]	work_factor_num_reg[0]$_DFFE_PN0P_/Q	work_factor_num_reg[0]$_DFFE_PN0P_/D
203	1.4618	work_factor_reg	work_factor_reg	work_factor_reg$_DFFE_PN0P_/Q	work_factor_reg$_DFFE_PN0P_/D
204	1.4618	block_reg[I][J]	block_reg[I][J]	block_reg[30][24]$_DFFE_PN0P_/Q	block_reg[30][24]$_DFFE_PN0P_/D
205	1.4667	digest_reg[I]	digest_reg[I]	digest_reg[100]$_DFFE_PN0P_/Q	digest_reg[100]$_DFFE_PN0P_/D
206	1.4902	core.ready_reg	core.ready_reg	core.ready_reg$_DFFE_PN1P_/Q	core.ready_reg$_DFFE_PN1P_/D
207	1.5130	core.digest_valid_reg	digest_valid_reg	core.digest_valid_reg$_DFFE_PN0P_/Q	digest_valid_reg$_DFF_PN0_/D
208	1.5238	core.ready_reg	ready_reg	core.ready_reg$_DFFE_PN1P_/Q	ready_reg$_DFF_PN0_/D
