# stage	1_synth
# top_module	ddr3_controller
# top_n	100
# kind	blocks
# skip_async	1
# include_full	1
# rank	worst_slack_ns	start	end	start_full	end_full
1	-0.3918	lane[I]	dq_target_index[I][J]	lane[1]$_SDFFE_PP0P_/Q	dq_target_index[2][3]$_SDFFCE_PN0P_/D
2	-0.3626	i_wb_addr[I]	stageI_do_pre	i_wb_addr[9]	stage1_do_pre$_SDFF_PP0_/D
3	-0.3283	lane[I]	dqs_target_index[I]	lane[1]$_SDFFE_PP0P_/Q	dqs_target_index[0]$_SDFFE_PP0P_/D
4	-0.2882	i_wb_cyc	stageI_do_pre	i_wb_cyc	stage1_do_pre$_SDFF_PP0_/D
5	-0.2453	lane[I]	added_read_pipe[I]	lane[1]$_SDFFE_PP0P_/Q	added_read_pipe[0]$_SDFFCE_PN0P_/D
6	-0.2263	i_wb_addr[I]	stageI_do_act	i_wb_addr[2]	stage1_do_act$_SDFF_PP0_/D
7	-0.2207	i_phy_iserdes_bitslip_reference[I]	sample_clk_repeat[I]	i_phy_iserdes_bitslip_reference[29]	sample_clk_repeat[3]$_SDFFCE_PP0P_/D
8	-0.1991	lane[I]	odelay_dqs_cntvaluein[I][J]	lane[1]$_SDFFE_PP0P_/Q	odelay_dqs_cntvaluein[1][1]$_SDFFCE_PN0P_/D
9	-0.1984	state_calibrate[I]	write_test_address_counter[I]	state_calibrate[3]$_SDFFE_PP0P_/Q	write_test_address_counter[21]$_SDFFE_PP0P_/D
10	-0.1920	lane[I]	data_start_index[I][J]	lane[1]$_SDFFE_PP0P_/Q	data_start_index[0][1]$_SDFFCE_PN0P_/D
11	-0.1912	i_phy_iserdes_bitslip_reference[I]	state_calibrate[I]	i_phy_iserdes_bitslip_reference[29]	state_calibrate[1]$_SDFFE_PP0P_/D
12	-0.1889	lane[I]	idelay_dqs_cntvaluein[I][J]	lane[1]$_SDFFE_PP0P_/Q	idelay_dqs_cntvaluein[7][1]$_SDFFCE_PN0P_/D
13	-0.1865	stageI_bank[J]	o_wb_stall_int_q	stage2_bank[2]$_SDFF_PP0_/QN	o_wb_stall_int_q$_SDFF_PP1_/D
14	-0.1833	i_wb_cyc	stageI_do_act	i_wb_cyc	stage1_do_act$_SDFF_PP0_/D
15	-0.1818	i_phy_idelayctrl_rdy	write_test_address_counter[I]	i_phy_idelayctrl_rdy	write_test_address_counter[21]$_SDFFE_PP0P_/D
16	-0.1810	lane[I]	sample_clk_repeat[I]	lane[1]$_SDFFE_PP0P_/Q	sample_clk_repeat[3]$_SDFFCE_PP0P_/D
17	-0.1757	dqs_start_index[I]	state_calibrate[I]	dqs_start_index[1]$_SDFFE_PP0P_/Q	state_calibrate[1]$_SDFFE_PP0P_/D
18	-0.1732	stageI_do_act	o_wb_stall_int_q	stage2_do_act$_SDFF_PP0_/Q	o_wb_stall_int_q$_SDFF_PP1_/D
19	-0.1727	i_phy_iserdes_bitslip_reference[I]	stored_write_level_feedback	i_phy_iserdes_bitslip_reference[29]	stored_write_level_feedback$_SDFFCE_PN0P_/D
20	-0.1717	stageI_pending	o_wb_stall_int_q	stage2_pending$_SDFFE_PP0P_/Q	o_wb_stall_int_q$_SDFF_PP1_/D
21	-0.1698	stageI_do_pre	o_wb_stall_int_q	stage2_do_pre$_SDFF_PP0_/Q	o_wb_stall_int_q$_SDFF_PP1_/D
22	-0.1585	stageI_bank[J]	stageI_do_wr_or_rd	stage2_bank[2]$_SDFF_PP0_/QN	stage2_do_wr_or_rd$_SDFF_PP0_/D
23	-0.1548	stageI_do_wr	stageI_do_rd	stage2_do_wr$_SDFF_PP0_/Q	stage2_do_rd$_SDFF_PP0_/D
24	-0.1548	stageI_do_wr_or_rd	stageI_do_rd	stage2_do_wr_or_rd$_SDFF_PP0_/Q	stage2_do_rd$_SDFF_PP0_/D
25	-0.1545	stageI_bank[J]	stageI_do_pre	stage2_bank[2]$_SDFF_PP0_/QN	stage2_do_pre$_SDFF_PP0_/D
26	-0.1539	stageI_bank[J]	stageI_do_wr	stage2_bank[2]$_SDFF_PP0_/QN	stage2_do_wr$_SDFF_PP0_/D
27	-0.1529	stageI_bank[J]	stageI_do_update_delay_before_write_after_act	stage2_bank[2]$_SDFF_PP0_/QN	stage2_do_update_delay_before_write_after_act$_SDFF_PP0_/D
28	-0.1525	lane[I]	write_pattern_lane[I]	lane[1]$_SDFFE_PP0P_/Q	write_pattern_lane[17]$_SDFF_PP0_/D
29	-0.1524	stageI_do_act	stageI_do_wr_or_rd	stage2_do_act$_SDFF_PP0_/Q	stage2_do_wr_or_rd$_SDFF_PP0_/D
30	-0.1515	lane[I]	state_calibrate[I]	lane[1]$_SDFFE_PP0P_/Q	state_calibrate[1]$_SDFFE_PP0P_/D
31	-0.1513	stageI_do_act	stageI_do_rd	stage2_do_act$_SDFF_PP0_/Q	stage2_do_rd$_SDFF_PP0_/D
32	-0.1508	stageI_pending	stageI_do_wr_or_rd	stage2_pending$_SDFFE_PP0P_/Q	stage2_do_wr_or_rd$_SDFF_PP0_/D
33	-0.1489	stageI_do_pre	stageI_do_wr_or_rd	stage2_do_pre$_SDFF_PP0_/Q	stage2_do_wr_or_rd$_SDFF_PP0_/D
34	-0.1483	stageI_do_act	stageI_do_pre	stage2_do_act$_SDFF_PP0_/Q	stage2_do_pre$_SDFF_PP0_/D
35	-0.1468	stageI_pending	stageI_do_pre	stage2_pending$_SDFFE_PP0P_/Q	stage2_do_pre$_SDFF_PP0_/D
36	-0.1456	stageI_bank[J]	stageI_do_rd	stage2_bank[0]$_SDFF_PP0_/Q	stage2_do_rd$_SDFF_PP0_/D
37	-0.1449	stageI_do_pre	stageI_do_pre	stage2_do_pre$_SDFF_PP0_/Q	stage2_do_pre$_SDFF_PP0_/D
38	-0.1443	data_start_index[I][J]	data_start_index[I][J]	data_start_index[5][0]$_SDFFCE_PN0P_/Q	data_start_index[0][1]$_SDFFCE_PN0P_/D
39	-0.1429	stageI_do_act	stageI_do_wr	stage2_do_act$_SDFF_PP0_/Q	stage2_do_wr$_SDFF_PP0_/D
40	-0.1420	i_wb_addr[I]	stageI_next_row[J]	i_wb_addr[9]	stage1_next_row[13]$_SDFF_PP0_/D
41	-0.1419	stageI_do_act	stageI_do_update_delay_before_write_after_act	stage2_do_act$_SDFF_PP0_/Q	stage2_do_update_delay_before_write_after_act$_SDFF_PP0_/D
42	-0.1405	i_phy_iserdes_bitslip_reference[I]	lane[I]	i_phy_iserdes_bitslip_reference[29]	lane[0]$_SDFFE_PP0P_/D
43	-0.1402	stageI_pending	stageI_do_rd	stage2_pending$_SDFFE_PP0P_/Q	stage2_do_rd$_SDFF_PP0_/D
44	-0.1398	stageI_do_pre	stageI_do_rd	stage2_do_pre$_SDFF_PP0_/Q	stage2_do_rd$_SDFF_PP0_/D
45	-0.1375	stageI_do_pre	stageI_do_wr	stage2_do_pre$_SDFF_PP0_/Q	stage2_do_wr$_SDFF_PP0_/D
46	-0.1367	o_wb_stall_int_q	stageI_do_pre	o_wb_stall_int_q$_SDFF_PP1_/Q	stage1_do_pre$_SDFF_PP0_/D
47	-0.1365	stageI_do_pre	stageI_do_update_delay_before_write_after_act	stage2_do_pre$_SDFF_PP0_/Q	stage2_do_update_delay_before_write_after_act$_SDFF_PP0_/D
48	-0.1358	lane[I]	odelay_data_cntvaluein[I][J]	lane[1]$_SDFFE_PP0P_/Q	odelay_data_cntvaluein[0][4]$_SDFFCE_PN0P_/D
49	-0.1342	i_phy_iserdes_bitslip_reference[I]	o_phy_write_leveling_calib	i_phy_iserdes_bitslip_reference[29]	o_phy_write_leveling_calib$_SDFFE_PP0P_/D
50	-0.1337	dqs_start_index[I]	delay_before_read_data[I]	dqs_start_index[1]$_SDFFE_PP0P_/Q	delay_before_read_data[3]$_SDFF_PP0_/D
51	-0.1333	calib_addr[I]	stageI_do_pre	calib_addr[6]$_SDFFE_PP0P_/Q	stage1_do_pre$_SDFF_PP0_/D
52	-0.1330	index_wb_data	reset_from_test	index_wb_data$_SDFFE_PP0P_/Q	reset_from_test$_SDFF_PP0_/D
53	-0.1330	lane[I]	stored_write_level_feedback	lane[1]$_SDFFE_PP0P_/Q	stored_write_level_feedback$_SDFFCE_PN0P_/D
54	-0.1249	stageI_pending	stageI_do_wr	stage2_pending$_SDFFE_PP0P_/Q	stage2_do_wr$_SDFF_PP0_/D
55	-0.1239	stageI_pending	stageI_do_update_delay_before_write_after_act	stage2_pending$_SDFFE_PP0P_/Q	stage2_do_update_delay_before_write_after_act$_SDFF_PP0_/D
56	-0.1216	lane[I]	idelay_data_cntvaluein[I][J]	lane[1]$_SDFFE_PP0P_/Q	idelay_data_cntvaluein[4][1]$_SDFFCE_PN0P_/D
57	-0.1215	i_phy_iserdes_bitslip_reference[I]	prev_write_level_feedback	i_phy_iserdes_bitslip_reference[29]	prev_write_level_feedback$_SDFFE_PP1P_/D
58	-0.1188	i_phy_iserdes_bitslip_reference[I]	dqs_start_index_stored[I]	i_phy_iserdes_bitslip_reference[25]	dqs_start_index_stored[2]$_SDFFE_PP0P_/D
59	-0.1160	dqs_start_index[I]	o_phy_idelay_data_ld[I]	dqs_start_index[1]$_SDFFE_PP0P_/Q	o_phy_idelay_data_ld[0]$_SDFF_PP0_/D
60	-0.1144	stageI_do_wr	stageI_do_update_delay_before_read_after_act	stage2_do_wr$_SDFF_PP0_/Q	stage2_do_update_delay_before_read_after_act$_SDFF_PP0_/D
61	-0.1144	stageI_do_wr_or_rd	stageI_do_update_delay_before_read_after_act	stage2_do_wr_or_rd$_SDFF_PP0_/Q	stage2_do_update_delay_before_read_after_act$_SDFF_PP0_/D
62	-0.1143	force_o_wb_stall_high_q	stageI_do_pre	force_o_wb_stall_high_q$_SDFF_PP0_/Q	stage1_do_pre$_SDFF_PP0_/D
63	-0.1134	stageI_do_wr_or_rd	stageI_do_wr	stage2_do_wr_or_rd$_SDFF_PP0_/Q	stage2_do_wr$_SDFF_PP0_/D
64	-0.1124	stageI_do_wr_or_rd	stageI_do_update_delay_before_write_after_act	stage2_do_wr_or_rd$_SDFF_PP0_/Q	stage2_do_update_delay_before_write_after_act$_SDFF_PP0_/D
65	-0.1119	stageI_do_wr	stageI_do_wr	stage2_do_wr$_SDFF_PP0_/Q	stage2_do_wr$_SDFF_PP0_/D
66	-0.1109	stageI_do_wr	stageI_do_update_delay_before_write_after_act	stage2_do_wr$_SDFF_PP0_/Q	stage2_do_update_delay_before_write_after_act$_SDFF_PP0_/D
67	-0.1109	stageI_do_act	stageI_do_update_delay_before_read_after_act	stage2_do_act$_SDFF_PP0_/Q	stage2_do_update_delay_before_read_after_act$_SDFF_PP0_/D
68	-0.1070	state_calibrate[I]	calib_data[I]	state_calibrate[3]$_SDFFE_PP0P_/Q	calib_data[483]$_SDFFE_PP0P_/D
69	-0.1063	dqs_start_index[I]	dqs_start_index_repeat	dqs_start_index[1]$_SDFFE_PP0P_/Q	dqs_start_index_repeat$_SDFFE_PP0P_/D
70	-0.1054	instruction_address[I]	write_test_address_counter[I]	instruction_address[4]$_SDFF_PP0_/Q	write_test_address_counter[21]$_SDFFE_PP0P_/D
71	-0.1053	stageI_bank[J]	stageI_do_update_delay_before_read_after_act	stage2_bank[0]$_SDFF_PP0_/Q	stage2_do_update_delay_before_read_after_act$_SDFF_PP0_/D
72	-0.1046	stageI_do_rd	stageI_do_wr_or_rd	stage2_do_rd$_SDFF_PP0_/Q	stage2_do_wr_or_rd$_SDFF_PP0_/D
73	-0.1012	stageI_do_update_delay_before_read_after_act	stageI_do_rd	stage2_do_update_delay_before_read_after_act$_SDFF_PP0_/Q	stage2_do_rd$_SDFF_PP0_/D
74	-0.1008	lane[I]	lane[I]	lane[1]$_SDFFE_PP0P_/Q	lane[0]$_SDFFE_PP0P_/D
75	-0.1007	i_phy_iserdes_bitslip_reference[I]	o_phy_bitslip[I]	i_phy_iserdes_bitslip_reference[29]	o_phy_bitslip[0]$_SDFF_PP0_/D
76	-0.1006	stageI_do_rd	stageI_do_pre	stage2_do_rd$_SDFF_PP0_/Q	stage2_do_pre$_SDFF_PP0_/D
77	-0.1000	data_start_index[I][J]	write_pattern_lane[I]	data_start_index[5][0]$_SDFFCE_PN0P_/Q	write_pattern_lane[12]$_SDFF_PP0_/D
78	-0.0998	stageI_pending	stageI_do_update_delay_before_read_after_act	stage2_pending$_SDFFE_PP0P_/Q	stage2_do_update_delay_before_read_after_act$_SDFF_PP0_/D
79	-0.0995	read_lane_data_shifted[I]	data_start_index[I][J]	read_lane_data_shifted[13]$_SDFF_PP0_/Q	data_start_index[0][1]$_SDFFCE_PN0P_/D
80	-0.0994	stageI_do_pre	stageI_do_update_delay_before_read_after_act	stage2_do_pre$_SDFF_PP0_/Q	stage2_do_update_delay_before_read_after_act$_SDFF_PP0_/D
81	-0.0981	i_wb_cyc	stageI_data[J]	i_wb_cyc	stage1_data[463]$_SDFFE_PP0P_/D
82	-0.0973	stageI_bank[J]	o_phy_cmd[I]	stage2_bank[2]$_SDFF_PP0_/Q	o_phy_cmd[27]
83	-0.0973	dqs_start_index[I]	dqs_start_index[I]	dqs_start_index[1]$_SDFFE_PP0P_/Q	dqs_start_index[5]$_SDFFE_PP0P_/D
84	-0.0944	lane[I]	o_phy_write_leveling_calib	lane[1]$_SDFFE_PP0P_/Q	o_phy_write_leveling_calib$_SDFFE_PP0P_/D
85	-0.0914	lane[I]	dqs_bitslip_arrangement[I]	lane[1]$_SDFFE_PP0P_/Q	dqs_bitslip_arrangement[1]$_SDFFE_PP0P_/D
86	-0.0912	delay_before_read_counter_q[I][J]	stageI_do_rd	delay_before_read_counter_q[3][0]$_SDFF_PP0_/QN	stage2_do_rd$_SDFF_PP0_/D
87	-0.0908	lane[I]	added_read_pipe_max	lane[1]$_SDFFE_PP0P_/Q	added_read_pipe_max$_SDFFE_PP0P_/D
88	-0.0908	stageI_do_wr_or_rd	stageI_do_wr_or_rd	stage2_do_wr_or_rd$_SDFF_PP0_/Q	stage2_do_wr_or_rd$_SDFF_PP0_/D
89	-0.0888	stageI_do_wr	o_wb_stall_int_q	stage2_do_wr$_SDFF_PP0_/Q	o_wb_stall_int_q$_SDFF_PP1_/D
90	-0.0887	stageI_do_wr_or_rd	o_wb_stall_int_q	stage2_do_wr_or_rd$_SDFF_PP0_/Q	o_wb_stall_int_q$_SDFF_PP1_/D
91	-0.0871	i_wb_addr[I]	stageI_next_bank[J]	i_wb_addr[2]	stage1_next_bank[1]$_SDFF_PP0_/D
92	-0.0867	stageI_do_wr_or_rd	stageI_do_pre	stage2_do_wr_or_rd$_SDFF_PP0_/Q	stage2_do_pre$_SDFF_PP0_/D
93	-0.0865	lane[I]	lane_write_dq_late[I]	lane[1]$_SDFFE_PP0P_/Q	lane_write_dq_late[0]$_SDFFE_PP0P_/D
94	-0.0863	stageI_do_rd	stageI_do_wr	stage2_do_rd$_SDFF_PP0_/Q	stage2_do_wr$_SDFF_PP0_/D
95	-0.0856	stageI_pending	o_phy_cmd[I]	stage2_pending$_SDFFE_PP0P_/Q	o_phy_cmd[10]
96	-0.0854	stageI_do_act	stageI_do_update_delay_before_precharge_after_wr	stage2_do_act$_SDFF_PP0_/Q	stage2_do_update_delay_before_precharge_after_wr$_SDFF_PP0_/D
97	-0.0854	data_start_index[I][J]	unaligned_data[I][J]	data_start_index[0][0]$_SDFFCE_PN0P_/Q	unaligned_data[0][0]$_SDFF_PP0_/D
98	-0.0853	stageI_do_rd	stageI_do_update_delay_before_write_after_act	stage2_do_rd$_SDFF_PP0_/Q	stage2_do_update_delay_before_write_after_act$_SDFF_PP0_/D
99	-0.0846	stageI_do_wr	stageI_do_wr_or_rd	stage2_do_wr$_SDFF_PP0_/Q	stage2_do_wr_or_rd$_SDFF_PP0_/D
100	-0.0839	stageI_do_pre	o_phy_cmd[I]	stage2_do_pre$_SDFF_PP0_/Q	o_phy_cmd[10]
