# stage	1_synth
# top_module	modexp
# top_n	100
# kind	blocks
# skip_async	1
# include_full	1
# rank	worst_slack_ns	start	end	start_full	end_full
1	-0.3494	core_inst.montprod_select_reg[I]	core_inst.montprod_inst.s_mem.mem[I][J]	core_inst.montprod_select_reg[3]$_DFF_PN0_/Q	core_inst.montprod_inst.s_mem.mem[0][28]$_DFFE_PP_/D
2	-0.3340	address[I]	read_data[I]	address[0]	read_data[10]
3	-0.3236	core_inst.loop_counter_reg[I]	core_inst.exponent_mem.tmp_read_dataI[J]	core_inst.loop_counter_reg[1]$_DFFE_PN0P_/Q	core_inst.exponent_mem.tmp_read_data0[11]$_DFF_P_/D
4	-0.2975	core_inst.message_mem.tmp_read_dataI[J]	core_inst.montprod_inst.s_mem.mem[I][J]	core_inst.message_mem.tmp_read_data0[0]$_DFF_P_/Q	core_inst.montprod_inst.s_mem.mem[0][28]$_DFFE_PP_/D
5	-0.2940	core_inst.one_reg[I]	core_inst.montprod_inst.s_mem.mem[I][J]	core_inst.one_reg[0]$_DFF_PN0_/Q	core_inst.montprod_inst.s_mem.mem[0][28]$_DFFE_PP_/D
6	-0.2726	core_inst.p_mem.tmp_read_dataI[J]	core_inst.montprod_inst.s_mem.mem[I][J]	core_inst.p_mem.tmp_read_data0[0]$_DFF_P_/Q	core_inst.montprod_inst.s_mem.mem[0][28]$_DFFE_PP_/D
7	-0.2322	address[I]	core_inst.exponent_mem.mem[I][J]	address[1]	core_inst.exponent_mem.mem[11][10]$_DFFE_PP_/D
8	-0.2168	core_inst.result_mem.tmp_read_dataI[J]	core_inst.montprod_inst.s_mem.mem[I][J]	core_inst.result_mem.tmp_read_data0[12]$_DFF_P_/Q	core_inst.montprod_inst.s_mem.mem[0][28]$_DFFE_PP_/D
9	-0.2104	core_inst.montprod_select_reg[I]	core_inst.montprod_inst.add_carry_in_sa	core_inst.montprod_select_reg[3]$_DFF_PN0_/Q	core_inst.montprod_inst.add_carry_in_sa$_DFF_PN0_/D
10	-0.2032	core_inst.residue_inst.loop_counter_I_to_nn_reg[J]	core_inst.modulus_mem.tmp_read_dataI[J]	core_inst.residue_inst.loop_counter_1_to_nn_reg[3]$_DFFE_PN0P_/Q	core_inst.modulus_mem.tmp_read_data0[13]$_DFF_P_/D
11	-0.1986	core_inst.cycle_ctr_low_reg[I]	core_inst.cycle_ctr_high_reg[I]	core_inst.cycle_ctr_low_reg[0]$_DFFE_PN0P_/Q	core_inst.cycle_ctr_high_reg[15]$_DFFE_PN0P_/D
12	-0.1817	core_inst.montprod_inst.add_carry_in_sa	core_inst.montprod_inst.s_mem.mem[I][J]	core_inst.montprod_inst.add_carry_in_sa$_DFF_PN0_/Q	core_inst.montprod_inst.s_mem.mem[0][28]$_DFFE_PP_/D
13	-0.1793	core_inst.residue_inst.loop_counter_I_to_nn_reg[J]	core_inst.residue_mem.tmp_read_dataI[J]	core_inst.residue_inst.loop_counter_1_to_nn_reg[3]$_DFFE_PN0P_/Q	core_inst.residue_mem.tmp_read_data0[23]$_DFF_P_/D
14	-0.1777	core_inst.montprod_inst.s_mem.tmp_read_data[I]	core_inst.montprod_inst.s_mem.mem[I][J]	core_inst.montprod_inst.s_mem.tmp_read_data[0]$_DFF_P_/Q	core_inst.montprod_inst.s_mem.mem[0][28]$_DFFE_PP_/D
15	-0.1774	core_inst.residue_inst.nn_reg[I]	core_inst.modulus_mem.tmp_read_dataI[J]	core_inst.residue_inst.nn_reg[9]$_DFFE_PN0P_/Q	core_inst.modulus_mem.tmp_read_data0[13]$_DFF_P_/D
16	-0.1719	core_inst.montprod_inst.add_carry_in_sm	core_inst.montprod_inst.s_mem.mem[I][J]	core_inst.montprod_inst.add_carry_in_sm$_DFF_PN0_/Q	core_inst.montprod_inst.s_mem.mem[0][30]$_DFFE_PP_/D
17	-0.1708	core_inst.modulus_mem.tmp_read_dataI[J]	core_inst.montprod_inst.s_mem.mem[I][J]	core_inst.modulus_mem.tmp_read_data0[0]$_DFF_P_/Q	core_inst.montprod_inst.s_mem.mem[0][30]$_DFFE_PP_/D
18	-0.1622	core_inst.residue_mem.tmp_read_dataI[J]	core_inst.residue_mem.mem[I][J]	core_inst.residue_mem.tmp_read_data0[17]$_DFF_P_/Q	core_inst.residue_mem.mem[0][30]$_DFFE_PP_/D
19	-0.1585	core_inst.message_mem.tmp_read_dataI[J]	core_inst.montprod_inst.add_carry_in_sa	core_inst.message_mem.tmp_read_data0[0]$_DFF_P_/Q	core_inst.montprod_inst.add_carry_in_sa$_DFF_PN0_/D
20	-0.1577	core_inst.residue_inst.residue_ctrl_reg[I]	core_inst.modulus_mem.tmp_read_dataI[J]	core_inst.residue_inst.residue_ctrl_reg[3]$_DFF_PN0_/Q	core_inst.modulus_mem.tmp_read_data0[13]$_DFF_P_/D
21	-0.1550	core_inst.one_reg[I]	core_inst.montprod_inst.add_carry_in_sa	core_inst.one_reg[0]$_DFF_PN0_/Q	core_inst.montprod_inst.add_carry_in_sa$_DFF_PN0_/D
22	-0.1535	core_inst.residue_inst.nn_reg[I]	core_inst.residue_mem.tmp_read_dataI[J]	core_inst.residue_inst.nn_reg[9]$_DFFE_PN0P_/Q	core_inst.residue_mem.tmp_read_data0[23]$_DFF_P_/D
23	-0.1497	core_inst.modexp_ctrl_reg[I]	core_inst.exponent_mem.tmp_read_dataI[J]	core_inst.modexp_ctrl_reg[9]$_DFF_PN0_/Q	core_inst.exponent_mem.tmp_read_data0[11]$_DFF_P_/D
24	-0.1467	start_reg	core_inst.modulus_mem.tmp_read_dataI[J]	start_reg$_DFF_PN0_/Q	core_inst.modulus_mem.tmp_read_data0[28]$_DFF_P_/D
25	-0.1392	address[I]	core_inst.modulus_mem.mem[I][J]	address[1]	core_inst.modulus_mem.mem[10][10]$_DFFE_PP_/D
26	-0.1377	core_inst.modulus_mem.tmp_read_dataI[J]	core_inst.residue_mem.mem[I][J]	core_inst.modulus_mem.tmp_read_data0[17]$_DFF_P_/QN	core_inst.residue_mem.mem[0][30]$_DFFE_PP_/D
27	-0.1359	cs	core_inst.exponent_mem.mem[I][J]	cs	core_inst.exponent_mem.mem[0][10]$_DFFE_PP_/D
28	-0.1337	core_inst.p_mem.tmp_read_dataI[J]	core_inst.montprod_inst.add_carry_in_sa	core_inst.p_mem.tmp_read_data0[0]$_DFF_P_/Q	core_inst.montprod_inst.add_carry_in_sa$_DFF_PN0_/D
29	-0.1329	address[I]	core_inst.message_mem.mem[I][J]	address[9]	core_inst.message_mem.mem[0][10]$_DFFE_PP_/D
30	-0.1328	core_inst.modexp_ctrl_reg[I]	core_inst.modulus_mem.tmp_read_dataI[J]	core_inst.modexp_ctrl_reg[0]$_DFF_PN1_/Q	core_inst.modulus_mem.tmp_read_data0[13]$_DFF_P_/D
31	-0.1259	core_inst.residue_inst.residue_ctrl_reg[I]	core_inst.residue_mem.tmp_read_dataI[J]	core_inst.residue_inst.residue_ctrl_reg[3]$_DFF_PN0_/Q	core_inst.residue_mem.tmp_read_data0[21]$_DFF_P_/D
32	-0.1212	core_inst.residue_valid_reg	core_inst.modulus_mem.tmp_read_dataI[J]	core_inst.residue_valid_reg$_DFFE_PN0P_/QN	core_inst.modulus_mem.tmp_read_data0[13]$_DFF_P_/D
33	-0.1130	address[I]	core_inst.result_mem.ptr_reg[I]	address[1]	core_inst.result_mem.ptr_reg[3]$_DFFE_PN0P_/D
34	-0.1123	start_reg	core_inst.residue_mem.tmp_read_dataI[J]	start_reg$_DFF_PN0_/Q	core_inst.residue_mem.tmp_read_data0[23]$_DFF_P_/D
35	-0.1010	core_inst.modexp_ctrl_reg[I]	core_inst.residue_mem.tmp_read_dataI[J]	core_inst.modexp_ctrl_reg[0]$_DFF_PN1_/Q	core_inst.residue_mem.tmp_read_data0[21]$_DFF_P_/D
36	-0.0952	cs	core_inst.message_mem.mem[I][J]	cs	core_inst.message_mem.mem[0][10]$_DFFE_PP_/D
37	-0.0933	core_inst.residue_inst.sub_carry_in_reg	core_inst.residue_mem.mem[I][J]	core_inst.residue_inst.sub_carry_in_reg$_DFF_PN0_/QN	core_inst.residue_mem.mem[1][20]$_DFFE_PP_/D
38	-0.0893	core_inst.residue_valid_reg	core_inst.residue_mem.tmp_read_dataI[J]	core_inst.residue_valid_reg$_DFFE_PN0P_/QN	core_inst.residue_mem.tmp_read_data0[21]$_DFF_P_/D
39	-0.0889	modulus_length_reg[I]	core_inst.exponent_mem.tmp_read_dataI[J]	modulus_length_reg[0]$_DFFE_PN0P_/Q	core_inst.exponent_mem.tmp_read_data0[10]$_DFF_P_/D
40	-0.0869	core_inst.residue_inst.word_index_reg[I]	core_inst.modulus_mem.tmp_read_dataI[J]	core_inst.residue_inst.word_index_reg[0]$_DFF_PN0_/QN	core_inst.modulus_mem.tmp_read_data0[13]$_DFF_P_/D
41	-0.0865	address[I]	core_inst.exponent_mem.ptr_reg[I]	address[1]	core_inst.exponent_mem.ptr_reg[2]$_DFFE_PN0P_/D
42	-0.0847	we	core_inst.exponent_mem.mem[I][J]	we	core_inst.exponent_mem.mem[0][10]$_DFFE_PP_/D
43	-0.0804	address[I]	core_inst.message_mem.ptr_reg[I]	address[1]	core_inst.message_mem.ptr_reg[4]$_DFFE_PN0P_/D
44	-0.0799	core_inst.montprod_select_reg[I]	core_inst.montprod_inst.q_reg	core_inst.montprod_select_reg[4]$_DFF_PN0_/Q	core_inst.montprod_inst.q_reg$_DFFE_PN0P_/D
45	-0.0778	core_inst.result_mem.tmp_read_dataI[J]	core_inst.montprod_inst.add_carry_in_sa	core_inst.result_mem.tmp_read_data0[12]$_DFF_P_/Q	core_inst.montprod_inst.add_carry_in_sa$_DFF_PN0_/D
46	-0.0772	modulus_length_reg[I]	core_inst.modulus_mem.tmp_read_dataI[J]	modulus_length_reg[0]$_DFFE_PN0P_/Q	core_inst.modulus_mem.tmp_read_data0[24]$_DFF_P_/D
47	-0.0676	modulus_length_reg[I]	core_inst.p_mem.tmp_read_dataI[J]	modulus_length_reg[0]$_DFFE_PN0P_/QN	core_inst.p_mem.tmp_read_data0[12]$_DFF_P_/D
48	-0.0676	modulus_length_reg[I]	core_inst.message_mem.tmp_read_dataI[J]	modulus_length_reg[0]$_DFFE_PN0P_/QN	core_inst.message_mem.tmp_read_data0[13]$_DFF_P_/D
49	-0.0649	address[I]	modulus_length_reg[I]	address[0]	modulus_length_reg[0]$_DFFE_PN0P_/D
50	-0.0639	core_inst.cycle_ctr_high_reg[I]	core_inst.cycle_ctr_high_reg[I]	core_inst.cycle_ctr_high_reg[1]$_DFFE_PN0P_/Q	core_inst.cycle_ctr_high_reg[31]$_DFFE_PN0P_/D
51	-0.0631	cs	read_data[I]	cs	read_data[10]
52	-0.0630	core_inst.residue_inst.word_index_reg[I]	core_inst.residue_mem.tmp_read_dataI[J]	core_inst.residue_inst.word_index_reg[0]$_DFF_PN0_/QN	core_inst.residue_mem.tmp_read_data0[23]$_DFF_P_/D
53	-0.0611	core_inst.montprod_inst.word_index[I]	core_inst.message_mem.tmp_read_dataI[J]	core_inst.montprod_inst.word_index[0]$_DFF_PN0_/Q	core_inst.message_mem.tmp_read_data0[0]$_DFF_P_/D
54	-0.0611	core_inst.montprod_inst.word_index[I]	core_inst.montprod_inst.s_mem.tmp_read_data[I]	core_inst.montprod_inst.word_index[0]$_DFF_PN0_/Q	core_inst.montprod_inst.s_mem.tmp_read_data[15]$_DFF_P_/D
55	-0.0611	core_inst.montprod_inst.word_index[I]	core_inst.p_mem.tmp_read_dataI[J]	core_inst.montprod_inst.word_index[0]$_DFF_PN0_/Q	core_inst.p_mem.tmp_read_data0[0]$_DFF_P_/D
56	-0.0611	core_inst.montprod_inst.word_index[I]	core_inst.result_mem.tmp_read_dataI[J]	core_inst.montprod_inst.word_index[0]$_DFF_PN0_/Q	core_inst.result_mem.tmp_read_data0[0]$_DFF_P_/D
57	-0.0584	core_inst.montprod_inst.add_carry_in_sm	core_inst.montprod_inst.add_carry_in_sm	core_inst.montprod_inst.add_carry_in_sm$_DFF_PN0_/Q	core_inst.montprod_inst.add_carry_in_sm$_DFF_PN0_/D
58	-0.0573	core_inst.modulus_mem.tmp_read_dataI[J]	core_inst.montprod_inst.add_carry_in_sm	core_inst.modulus_mem.tmp_read_data0[0]$_DFF_P_/Q	core_inst.montprod_inst.add_carry_in_sm$_DFF_PN0_/D
59	-0.0558	address[I]	core_inst.modulus_mem.ptr_reg[I]	address[1]	core_inst.modulus_mem.ptr_reg[2]$_DFFE_PN0P_/D
60	-0.0544	core_inst.montprod_inst.s_mem.tmp_read_data[I]	core_inst.montprod_inst.add_carry_in_sm	core_inst.montprod_inst.s_mem.tmp_read_data[0]$_DFF_P_/Q	core_inst.montprod_inst.add_carry_in_sm$_DFF_PN0_/D
61	-0.0541	modulus_length_reg[I]	core_inst.montprod_inst.s_mem.tmp_read_data[I]	modulus_length_reg[0]$_DFFE_PN0P_/QN	core_inst.montprod_inst.s_mem.tmp_read_data[15]$_DFF_P_/D
62	-0.0541	modulus_length_reg[I]	core_inst.result_mem.tmp_read_dataI[J]	modulus_length_reg[0]$_DFFE_PN0P_/QN	core_inst.result_mem.tmp_read_data0[0]$_DFF_P_/D
63	-0.0519	core_inst.residue_mem.tmp_read_dataI[J]	core_inst.residue_inst.sub_carry_in_reg	core_inst.residue_mem.tmp_read_data0[17]$_DFF_P_/Q	core_inst.residue_inst.sub_carry_in_reg$_DFF_PN0_/D
64	-0.0440	we	core_inst.message_mem.mem[I][J]	we	core_inst.message_mem.mem[0][10]$_DFFE_PP_/D
65	-0.0427	core_inst.montprod_inst.add_carry_in_sa	core_inst.montprod_inst.add_carry_in_sa	core_inst.montprod_inst.add_carry_in_sa$_DFF_PN0_/Q	core_inst.montprod_inst.add_carry_in_sa$_DFF_PN0_/D
66	-0.0402	modulus_length_reg[I]	core_inst.residue_mem.tmp_read_dataI[J]	modulus_length_reg[0]$_DFFE_PN0P_/Q	core_inst.residue_mem.tmp_read_data0[21]$_DFF_P_/D
67	-0.0387	core_inst.montprod_inst.s_mem.tmp_read_data[I]	core_inst.montprod_inst.add_carry_in_sa	core_inst.montprod_inst.s_mem.tmp_read_data[0]$_DFF_P_/Q	core_inst.montprod_inst.add_carry_in_sa$_DFF_PN0_/D
68	-0.0386	core_inst.residue_inst.length_mI_reg[J]	core_inst.modulus_mem.tmp_read_dataI[J]	core_inst.residue_inst.length_m1_reg[1]$_DFFE_PN0P_/Q	core_inst.modulus_mem.tmp_read_data0[13]$_DFF_P_/D
69	-0.0383	address[I]	exponent_length_reg[I]	address[1]	exponent_length_reg[0]$_DFFE_PN0P_/D
70	-0.0351	core_inst.montprod_inst.montprod_ctrl_reg[I]	core_inst.message_mem.tmp_read_dataI[J]	core_inst.montprod_inst.montprod_ctrl_reg[11]$_DFF_PN0_/Q	core_inst.message_mem.tmp_read_data0[0]$_DFF_P_/D
71	-0.0351	core_inst.montprod_inst.montprod_ctrl_reg[I]	core_inst.montprod_inst.s_mem.tmp_read_data[I]	core_inst.montprod_inst.montprod_ctrl_reg[11]$_DFF_PN0_/Q	core_inst.montprod_inst.s_mem.tmp_read_data[15]$_DFF_P_/D
72	-0.0351	core_inst.montprod_inst.montprod_ctrl_reg[I]	core_inst.p_mem.tmp_read_dataI[J]	core_inst.montprod_inst.montprod_ctrl_reg[11]$_DFF_PN0_/Q	core_inst.p_mem.tmp_read_data0[0]$_DFF_P_/D
73	-0.0351	core_inst.montprod_inst.montprod_ctrl_reg[I]	core_inst.result_mem.tmp_read_dataI[J]	core_inst.montprod_inst.montprod_ctrl_reg[11]$_DFF_PN0_/Q	core_inst.result_mem.tmp_read_data0[0]$_DFF_P_/D
74	-0.0288	core_inst.montprod_inst.word_index[I]	core_inst.modulus_mem.tmp_read_dataI[J]	core_inst.montprod_inst.word_index[0]$_DFF_PN0_/Q	core_inst.modulus_mem.tmp_read_data0[14]$_DFF_P_/D
75	-0.0275	core_inst.modulus_mem.tmp_read_dataI[J]	core_inst.residue_inst.sub_carry_in_reg	core_inst.modulus_mem.tmp_read_data0[17]$_DFF_P_/QN	core_inst.residue_inst.sub_carry_in_reg$_DFF_PN0_/D
76	-0.0266	we	read_data[I]	we	read_data[10]
77	-0.0261	cs	core_inst.modulus_mem.mem[I][J]	cs	core_inst.modulus_mem.mem[10][10]$_DFFE_PP_/D
78	-0.0147	core_inst.residue_inst.length_mI_reg[J]	core_inst.residue_mem.tmp_read_dataI[J]	core_inst.residue_inst.length_m1_reg[1]$_DFFE_PN0P_/Q	core_inst.residue_mem.tmp_read_data0[23]$_DFF_P_/D
79	-0.0136	core_inst.residue_inst.loop_counter_I_to_nn_reg[J]	core_inst.residue_inst.word_index_reg[I]	core_inst.residue_inst.loop_counter_1_to_nn_reg[3]$_DFFE_PN0P_/Q	core_inst.residue_inst.word_index_reg[1]$_DFF_PN0_/D
80	-0.0100	modulus_length_reg[I]	core_inst.montprod_inst.word_index[I]	modulus_length_reg[0]$_DFFE_PN0P_/Q	core_inst.montprod_inst.word_index[2]$_DFF_PN0_/D
81	-0.0072	core_inst.cycle_ctr_low_reg[I]	core_inst.cycle_ctr_low_reg[I]	core_inst.cycle_ctr_low_reg[0]$_DFFE_PN0P_/Q	core_inst.cycle_ctr_low_reg[30]$_DFFE_PN0P_/D
82	-0.0038	core_inst.montprod_inst.B_bit_index_reg[I]	core_inst.montprod_inst.q_reg	core_inst.montprod_inst.B_bit_index_reg[0]$_DFFE_PN0P_/Q	core_inst.montprod_inst.q_reg$_DFFE_PN0P_/D
83	0.0122	core_inst.residue_inst.nn_reg[I]	core_inst.residue_inst.word_index_reg[I]	core_inst.residue_inst.nn_reg[9]$_DFFE_PN0P_/Q	core_inst.residue_inst.word_index_reg[1]$_DFF_PN0_/D
84	0.0125	core_inst.message_mem.ptr_reg[I]	core_inst.message_mem.tmp_read_dataI[J]	core_inst.message_mem.ptr_reg[1]$_DFFE_PN0P_/Q	core_inst.message_mem.tmp_read_data1[10]$_DFF_P_/D
85	0.0128	modulus_length_reg[I]	core_inst.montprod_inst.montprod_ctrl_reg[I]	modulus_length_reg[0]$_DFFE_PN0P_/QN	core_inst.montprod_inst.montprod_ctrl_reg[4]$_DFF_PN0_/D
86	0.0138	core_inst.modulus_mem.ptr_reg[I]	core_inst.modulus_mem.tmp_read_dataI[J]	core_inst.modulus_mem.ptr_reg[0]$_DFFE_PN0P_/Q	core_inst.modulus_mem.tmp_read_data1[10]$_DFF_P_/D
87	0.0139	core_inst.exponent_mem.ptr_reg[I]	core_inst.exponent_mem.tmp_read_dataI[J]	core_inst.exponent_mem.ptr_reg[0]$_DFFE_PN0P_/Q	core_inst.exponent_mem.tmp_read_data1[10]$_DFF_P_/D
88	0.0164	cs	exponent_length_reg[I]	cs	exponent_length_reg[0]$_DFFE_PN0P_/D
89	0.0164	cs	modulus_length_reg[I]	cs	modulus_length_reg[0]$_DFFE_PN0P_/D
90	0.0167	core_inst.montprod_inst.loop_counter[I]	core_inst.p_mem.tmp_read_dataI[J]	core_inst.montprod_inst.loop_counter[5]$_DFFE_PN0P_/Q	core_inst.p_mem.tmp_read_data1[0]$_DFF_P_/D
91	0.0167	core_inst.montprod_inst.loop_counter[I]	core_inst.residue_mem.tmp_read_dataI[J]	core_inst.montprod_inst.loop_counter[5]$_DFFE_PN0P_/Q	core_inst.residue_mem.tmp_read_data1[24]$_DFF_P_/D
92	0.0180	core_inst.montprod_select_reg[I]	core_inst.montprod_inst.b_reg	core_inst.montprod_select_reg[4]$_DFF_PN0_/Q	core_inst.montprod_inst.b_reg$_DFFE_PN0P_/D
93	0.0218	core_inst.result_mem.ptr_reg[I]	core_inst.result_mem.tmp_read_dataI[J]	core_inst.result_mem.ptr_reg[1]$_DFFE_PN0P_/Q	core_inst.result_mem.tmp_read_data1[10]$_DFF_P_/D
94	0.0251	we	core_inst.modulus_mem.mem[I][J]	we	core_inst.modulus_mem.mem[10][10]$_DFFE_PP_/D
95	0.0259	cs	core_inst.result_mem.ptr_reg[I]	cs	core_inst.result_mem.ptr_reg[3]$_DFFE_PN0P_/D
96	0.0315	cs	core_inst.message_mem.ptr_reg[I]	cs	core_inst.message_mem.ptr_reg[4]$_DFFE_PN0P_/D
97	0.0339	cs	core_inst.exponent_mem.ptr_reg[I]	cs	core_inst.exponent_mem.ptr_reg[3]$_DFFE_PN0P_/D
98	0.0371	address[I]	start_reg	address[1]	start_reg$_DFF_PN0_/D
99	0.0371	modulus_length_reg[I]	core_inst.montprod_select_reg[I]	modulus_length_reg[0]$_DFFE_PN0P_/QN	core_inst.montprod_select_reg[2]$_DFF_PN0_/D
100	0.0476	core_inst.cycle_ctr_low_reg[I]	read_data[I]	core_inst.cycle_ctr_low_reg[2]$_DFFE_PN0P_/Q	read_data[2]
