# stage	1_synth
# top_module	cordic_engine
# top_n	100
# kind	blocks
# skip_async	1
# include_full	1
# rank	worst_slack_ns	start	end	start_full	end_full
1	-0.5129	u_vec.yv[I][J]	u_vec.yv[I][J]	u_vec.yv[14][25]$_SDFFE_PP0P_/Q	u_vec.yv[15][25]$_SDFFE_PP0P_/D
2	-0.4819	u_vec.yv[I][J]	u_vec.xv[I][J]	u_vec.yv[14][25]$_SDFFE_PP0P_/Q	u_vec.xv[15][25]$_SDFFE_PP0P_/D
3	-0.4002	u_vec.xv[I][J]	u_vec.yv[I][J]	u_vec.xv[4][8]$_SDFFE_PP0P_/QN	u_vec.yv[5][24]$_SDFFE_PP0P_/D
4	-0.3916	u_rot.ph[I][J]	u_rot.xv[I][J]	u_rot.ph[9][24]$_SDFFE_PP0P_/Q	u_rot.xv[10][18]$_SDFFE_PP0P_/D
5	-0.3882	u_rot.yv[I][J]	u_rot.xv[I][J]	u_rot.yv[1][4]$_SDFFE_PP0P_/QN	u_rot.xv[2][20]$_SDFFE_PP0P_/D
6	-0.3834	u_rot.ph[I][J]	u_rot.yv[I][J]	u_rot.ph[3][24]$_SDFFE_PP0P_/Q	u_rot.yv[4][20]$_SDFFE_PP0P_/D
7	-0.3690	u_rot.xv[I][J]	u_rot.yv[I][J]	u_rot.xv[12][14]$_SDFFE_PP0P_/QN	u_rot.yv[13][20]$_SDFFE_PP0P_/D
8	-0.3275	u_vec.xv_in[I]	u_vec.xv[I][J]	u_vec.xv_in[6]$_SDFFE_PP0P_/QN	u_vec.xv[0][25]$_SDFFE_PP0P_/D
9	-0.2955	u_vec.yv[I][J]	u_vec.ph[I][J]	u_vec.yv[13][25]$_SDFFE_PP0P_/Q	u_vec.ph[14][24]$_SDFFE_PP0P_/D
10	-0.2768	i_yval[I]	u_rot.yv[I][J]	i_yval[1]	u_rot.yv[0][18]$_SDFFE_PP0P_/D
11	-0.2708	u_vec.xv_in[I]	u_vec.yv[I][J]	u_vec.xv_in[6]$_SDFFE_PP0P_/QN	u_vec.yv[0][25]$_SDFFE_PP0P_/D
12	-0.2562	i_yval[I]	u_rot.xv[I][J]	i_yval[1]	u_rot.xv[0][16]$_SDFFE_PP0P_/D
13	-0.2304	i_xval[I]	u_rot.xv[I][J]	i_xval[4]	u_rot.xv[0][17]$_SDFFE_PP0P_/D
14	-0.2301	i_xval[I]	u_rot.yv[I][J]	i_xval[4]	u_rot.yv[0][17]$_SDFFE_PP0P_/D
15	-0.2178	u_rot.ph[I][J]	u_rot.ph[I][J]	u_rot.ph[17][24]$_SDFFE_PP0P_/QN	u_rot.ph[18][23]$_SDFFE_PP0P_/D
16	-0.1788	u_vec.xv[I][J]	u_vec.xv[I][J]	u_vec.xv[0][6]$_SDFFE_PP0P_/Q	u_vec.xv[1][25]$_SDFFE_PP0P_/D
17	-0.1434	u_vec.ph[I][J]	u_vec.ph[I][J]	u_vec.ph[19][4]$_SDFFE_PP0P_/Q	u_vec.ph[20][24]$_SDFFE_PP0P_/D
18	-0.1359	u_vec.yv_in[I]	u_vec.xv[I][J]	u_vec.yv_in[6]$_SDFFE_PP0P_/Q	u_vec.xv[0][24]$_SDFFE_PP0P_/D
19	-0.1357	u_rot.yv[I][J]	u_rot.yv[I][J]	u_rot.yv[7][3]$_SDFFE_PP0P_/Q	u_rot.yv[8][20]$_SDFFE_PP0P_/D
20	-0.1285	u_rot.xv[I][J]	u_rot.xv[I][J]	u_rot.xv[1][7]$_SDFFE_PP0P_/Q	u_rot.xv[2][20]$_SDFFE_PP0P_/D
21	-0.1067	u_vec.yv_in[I]	u_vec.yv[I][J]	u_vec.yv_in[10]$_SDFFE_PP0P_/QN	u_vec.yv[0][25]$_SDFFE_PP0P_/D
22	-0.0844	i_phase[I]	u_rot.xv[I][J]	i_phase[23]	u_rot.xv[0][20]$_SDFFE_PP0P_/D
23	-0.0830	i_phase[I]	u_rot.yv[I][J]	i_phase[23]	u_rot.yv[0][18]$_SDFFE_PP0P_/D
24	-0.0736	i_reset	u_vec.yv[I][J]	i_reset	u_vec.yv[8][22]$_SDFFE_PP0P_/D
25	-0.0723	i_reset	u_vec.ph[I][J]	i_reset	u_vec.ph[15][25]$_SDFFE_PP0P_/D
26	-0.0714	i_reset	u_vec.xv[I][J]	i_reset	u_vec.xv[3][18]$_SDFFE_PP0P_/D
27	-0.0713	i_reset	u_rot.yv[I][J]	i_reset	u_rot.yv[10][19]$_SDFFE_PP0P_/D
28	-0.0707	i_reset	u_rot.ph[I][J]	i_reset	u_rot.ph[14][24]$_SDFFE_PP0P_/D
29	-0.0707	i_reset	u_rot.xv[I][J]	i_reset	u_rot.xv[13][20]$_SDFFE_PP0P_/D
30	-0.0663	i_ce	u_vec.xv[I][J]	i_ce	u_vec.xv[3][18]$_SDFFE_PP0P_/D
31	-0.0662	i_ce	u_rot.yv[I][J]	i_ce	u_rot.yv[10][19]$_SDFFE_PP0P_/D
32	-0.0633	i_reset	u_vec.o_mag[I]	i_reset	u_vec.o_mag[11]$_SDFFE_PP0P_/D
33	-0.0627	i_ce	u_vec.yv[I][J]	i_ce	u_vec.yv[8][22]$_SDFFE_PP0P_/D
34	-0.0614	i_ce	u_vec.ph[I][J]	i_ce	u_vec.ph[15][25]$_SDFFE_PP0P_/D
35	-0.0605	u_vec.xv[I][J]	u_vec.o_mag[I]	u_vec.xv[23][8]$_SDFFE_PP0P_/QN	u_vec.o_mag[12]$_SDFFE_PP0P_/D
36	-0.0598	i_ce	u_rot.ph[I][J]	i_ce	u_rot.ph[14][24]$_SDFFE_PP0P_/D
37	-0.0598	i_ce	u_rot.xv[I][J]	i_ce	u_rot.xv[13][20]$_SDFFE_PP0P_/D
38	-0.0524	i_ce	u_vec.o_mag[I]	i_ce	u_vec.o_mag[11]$_SDFFE_PP0P_/D
39	-0.0143	i_ce	u_rot.o_xval[I]	i_ce	u_rot.o_xval[17]$_SDFFE_PP0P_/D
40	-0.0143	i_ce	u_rot.o_yval[I]	i_ce	u_rot.o_yval[17]$_SDFFE_PP0P_/D
41	-0.0131	i_ce	u_vec.o_phase[I]	i_ce	u_vec.o_phase[20]$_SDFFE_PP0P_/D
42	-0.0065	i_ce	u_vec.xy_sign[I]	i_ce	u_vec.xy_sign[1]$_SDFFE_PP0P_/D
43	-0.0036	i_ce	u_rot.ax[I]	i_ce	u_rot.ax[10]$_SDFFE_PP0P_/D
44	-0.0036	i_ce	u_vec.ax[I]	i_ce	u_vec.ax[21]$_SDFFE_PP0P_/D
45	-0.0033	i_ce	u_vec.xv_in[I]	i_ce	u_vec.xv_in[10]$_SDFFE_PP0P_/D
46	-0.0033	i_ce	u_vec.yv_in[I]	i_ce	u_vec.yv_in[10]$_SDFFE_PP0P_/D
47	-0.0008	i_ce	u_vec.o_aux	i_ce	u_vec.o_aux$_SDFFE_PP0P_/D
48	0.0158	u_rot.xv[I][J]	u_rot.o_xval[I]	u_rot.xv[21][1]$_SDFFE_PP0P_/Q	u_rot.o_xval[12]$_SDFFE_PP0P_/D
49	0.0164	i_reset	u_rot.o_xval[I]	i_reset	u_rot.o_xval[17]$_SDFFE_PP0P_/D
50	0.0164	i_reset	u_rot.o_yval[I]	i_reset	u_rot.o_yval[17]$_SDFFE_PP0P_/D
51	0.0164	i_reset	u_vec.ax[I]	i_reset	u_vec.ax[24]$_SDFFE_PP0P_/D
52	0.0164	i_reset	u_vec.o_aux	i_reset	u_vec.o_aux$_SDFFE_PP0P_/D
53	0.0164	i_reset	u_vec.o_phase[I]	i_reset	u_vec.o_phase[25]$_SDFFE_PP0P_/D
54	0.0164	i_reset	u_vec.xy_sign[I]	i_reset	u_vec.xy_sign[1]$_SDFFE_PP0P_/D
55	0.0303	u_rot.yv[I][J]	u_rot.o_yval[I]	u_rot.yv[21][1]$_SDFFE_PP0P_/Q	u_rot.o_yval[16]$_SDFFE_PP0P_/D
56	0.0364	i_reset	u_vec.xv_in[I]	i_reset	u_vec.xv_in[10]$_SDFFE_PP0P_/D
57	0.0364	i_reset	u_vec.yv_in[I]	i_reset	u_vec.yv_in[10]$_SDFFE_PP0P_/D
58	0.0379	i_reset	u_rot.ax[I]	i_reset	u_rot.ax[10]$_SDFFE_PP0P_/D
59	0.0383	u_vec.xy_sign[I]	u_vec.xv[I][J]	u_vec.xy_sign[0]$_SDFFE_PP0P_/Q	u_vec.xv[0][15]$_SDFFE_PP0P_/D
60	0.0536	u_vec.xy_sign[I]	u_vec.yv[I][J]	u_vec.xy_sign[0]$_SDFFE_PP0P_/Q	u_vec.yv[0][18]$_SDFFE_PP0P_/D
61	0.0814	i_phase[I]	u_rot.ph[I][J]	i_phase[22]	u_rot.ph[0][24]$_SDFFE_PP0P_/D
62	0.1303	u_vec.xy_sign[I]	u_vec.ph[I][J]	u_vec.xy_sign[0]$_SDFFE_PP0P_/Q	u_vec.ph[0][25]$_SDFFE_PP0P_/D
63	0.2031	i_yval[I]	u_vec.yv_in[I]	i_yval[9]	u_vec.yv_in[15]$_SDFFE_PP0P_/D
64	0.2112	i_xval[I]	u_vec.xv_in[I]	i_xval[2]	u_vec.xv_in[8]$_SDFFE_PP0P_/D
65	0.2231	i_xval[I]	u_vec.xy_sign[I]	i_xval[17]	u_vec.xy_sign[1]$_SDFFE_PP0P_/D
66	0.2252	i_yval[I]	u_vec.xy_sign[I]	i_yval[17]	u_vec.xy_sign[0]$_SDFFE_PP0P_/D
67	0.2561	u_vec.ax[I]	o_rot_aux	u_vec.ax[22]$_SDFFE_PP0P_/Q	o_rot_aux
68	0.2594	u_rot.o_xval[I]	o_rot_xval[I]	u_rot.o_xval[0]$_SDFFE_PP0P_/Q	o_rot_xval[0]
69	0.2594	u_rot.o_yval[I]	o_rot_yval[I]	u_rot.o_yval[0]$_SDFFE_PP0P_/Q	o_rot_yval[0]
70	0.2594	u_vec.o_aux	o_vec_aux	u_vec.o_aux$_SDFFE_PP0P_/Q	o_vec_aux
71	0.2594	u_vec.o_mag[I]	o_vec_mag[I]	u_vec.o_mag[13]$_SDFFE_PP0P_/Q	o_vec_mag[13]
72	0.2594	u_vec.o_phase[I]	o_vec_phase[I]	u_vec.o_phase[0]$_SDFFE_PP0P_/Q	o_vec_phase[0]
73	0.2758	i_aux	u_rot.ax[I]	i_aux	u_rot.ax[0]$_SDFFE_PP0P_/D
74	0.3643	u_vec.yv_in[I]	u_vec.yv_in[I]	u_vec.yv_in[7]$_SDFFE_PP0P_/Q	u_vec.yv_in[7]$_SDFFE_PP0P_/D
75	0.3650	u_vec.xy_sign[I]	u_vec.xy_sign[I]	u_vec.xy_sign[0]$_SDFFE_PP0P_/Q	u_vec.xy_sign[0]$_SDFFE_PP0P_/D
76	0.3794	u_vec.xv_in[I]	u_vec.xv_in[I]	u_vec.xv_in[7]$_SDFFE_PP0P_/Q	u_vec.xv_in[7]$_SDFFE_PP0P_/D
77	0.4034	u_vec.o_mag[I]	u_vec.o_mag[I]	u_vec.o_mag[10]$_SDFFE_PP0P_/Q	u_vec.o_mag[10]$_SDFFE_PP0P_/D
78	0.4036	u_rot.o_xval[I]	u_rot.o_xval[I]	u_rot.o_xval[13]$_SDFFE_PP0P_/Q	u_rot.o_xval[13]$_SDFFE_PP0P_/D
79	0.4041	u_rot.o_yval[I]	u_rot.o_yval[I]	u_rot.o_yval[8]$_SDFFE_PP0P_/Q	u_rot.o_yval[8]$_SDFFE_PP0P_/D
80	0.4084	u_rot.ax[I]	u_rot.ax[I]	u_rot.ax[10]$_SDFFE_PP0P_/Q	u_rot.ax[10]$_SDFFE_PP0P_/D
81	0.4084	u_vec.ax[I]	u_vec.ax[I]	u_vec.ax[21]$_SDFFE_PP0P_/Q	u_vec.ax[21]$_SDFFE_PP0P_/D
82	0.4126	u_vec.o_phase[I]	u_vec.o_phase[I]	u_vec.o_phase[20]$_SDFFE_PP0P_/Q	u_vec.o_phase[20]$_SDFFE_PP0P_/D
83	0.4129	u_vec.o_aux	u_vec.o_aux	u_vec.o_aux$_SDFFE_PP0P_/Q	u_vec.o_aux$_SDFFE_PP0P_/D
84	0.4132	u_vec.ph[I][J]	u_vec.o_phase[I]	u_vec.ph[23][17]$_SDFFE_PP0P_/Q	u_vec.o_phase[17]$_SDFFE_PP0P_/D
85	0.4132	u_rot.ax[I]	u_vec.ax[I]	u_rot.ax[20]$_SDFFE_PP0P_/Q	u_vec.ax[21]$_SDFFE_PP0P_/D
86	0.4136	u_vec.ax[I]	u_vec.o_aux	u_vec.ax[24]$_SDFFE_PP0P_/Q	u_vec.o_aux$_SDFFE_PP0P_/D
