# stage	1_synth
# top_module	wb_dma_top
# top_n	100
# kind	blocks
# skip_async	1
# include_full	1
# rank	worst_slack_ns	start	end	start_full	end_full
1	-0.1993	uI.state[J]	wbIs_data_o[J]	u2.state[10]$_DFF_PP0_/Q	wb0s_data_o[0]
2	-0.1384	uI.uJ.pri_outK[L]	wbIs_data_o[J]	u1.u0.pri_out0[1]$_DFF_P_/Q	wb0s_data_o[10]
3	-0.1382	uI.uJ.state[K]	wbIs_data_o[J]	u1.u2.state[4]$_DFFE_PP0P_/Q	wb0s_data_o[10]
4	-0.1170	wbI_addr_i[J]	wbIs_data_o[J]	wb0_addr_i[28]	wb1s_data_o[27]
5	-0.1010	wbI_addr_i[J]	wbI_addr_o[J]	wb0_addr_i[28]	wb1_addr_o[10]
6	-0.0999	uI.ch_sel_r[J]	wbIs_data_o[J]	u1.ch_sel_r[0]$_DFFE_PP0P_/Q	wb0s_data_o[10]
7	-0.0938	wbI_addr_i[J]	wbI_cyc_o	wb0_addr_i[28]	wb1_cyc_o
8	-0.0878	wbI_addr_i[J]	wbI_sel_o[J]	wb0_addr_i[28]	wb1_sel_o[0]
9	-0.0862	wbI_addr_i[J]	wbI_ack_o	wb1_addr_i[29]	wb1_ack_o
10	-0.0769	wbI_addr_i[J]	wbI_err_o	wb0_addr_i[28]	wb0_err_o
11	-0.0769	wbI_addr_i[J]	wbI_rty_o	wb0_addr_i[28]	wb0_rty_o
12	-0.0699	wbI_addr_i[J]	wbIm_data_o[J]	wb1_addr_i[29]	wb1m_data_o[0]
13	-0.0495	wbI_addr_i[J]	wbI_stb_o	wb0_addr_i[28]	wb1_stb_o
14	-0.0495	wbI_addr_i[J]	wbI_we_o	wb0_addr_i[28]	wb1_we_o
15	-0.0479	wbI_cyc_i	wbI_addr_o[J]	wb0_cyc_i	wb1_addr_o[10]
16	-0.0330	wbI_addr_i[J]	uI.uJ.ch_tot_sz_r[K]	wb0_addr_i[5]	u0.u15.ch_tot_sz_r[4]$_DFFE_PP_/D
17	-0.0298	wbI_cyc_i	wbI_ack_o	wb1_cyc_i	wb1_ack_o
18	-0.0163	wbI_cyc_i	wbIs_data_o[J]	wb0_cyc_i	wb1s_data_o[27]
19	-0.0152	wbI_addr_i[J]	uI.uJ.pointer_r[K]	wb0_addr_i[5]	u0.u13.pointer_r[10]$_DFFE_PP_/D
20	-0.0142	wbI_addr_i[J]	uI.uJ.ch_txsz_s[K]	wb0_addr_i[5]	u0.u15.ch_txsz_s[10]$_DFFE_PP_/D
21	-0.0142	wbI_addr_i[J]	uI.uJ.ch_sz_inf	wb0_addr_i[5]	u0.u15.ch_sz_inf$_DFFE_PP_/D
22	-0.0114	wbI_cyc_i	wbI_err_o	wb0_cyc_i	wb0_err_o
23	-0.0114	wbI_cyc_i	wbI_rty_o	wb0_cyc_i	wb0_rty_o
24	-0.0063	wbI_cyc_i	wbI_cyc_o	wb0_cyc_i	wb1_cyc_o
25	-0.0063	wbI_addr_i[J]	uI.uJ.ch_chk_sz_r[K]	wb0_addr_i[3]	u0.u14.ch_chk_sz_r[4]$_DFFE_PP_/D
26	-0.0050	wbI_cyc_i	wbIm_data_o[J]	wb1_cyc_i	wb1m_data_o[0]
27	-0.0019	wbI_addr_i[J]	_I_	wb0_addr_i[6]	_51122_/D
28	-0.0014	wbI_addr_i[J]	uI.uJ.ch_csr_r[K]	wb0_addr_i[5]	u0.u9.ch_csr_r[1]$_DFFE_PP0P_/D
29	0.0005	wbI_addr_i[J]	uI.uJ.ch_amK_r[L]	wb0_addr_i[5]	u0.u15.ch_am0_r[0]$_DFFE_PP1P_/D
30	0.0011	wbI_ack_i	wbI_ack_o	wb0_ack_i	wb1_ack_o
31	0.0023	wbI_addr_i[J]	uI.uJ.ch_done	wb0_addr_i[5]	u0.u9.ch_done$_DFFE_PP0P_/D
32	0.0129	wbI_cyc_i	wbI_sel_o[J]	wb0_cyc_i	wb1_sel_o[0]
33	0.0174	wbI_cyc_i	wbI_stb_o	wb0_cyc_i	wb1_stb_o
34	0.0174	wbI_cyc_i	wbI_we_o	wb0_cyc_i	wb1_we_o
35	0.0268	wbI_addr_i[J]	uI.uJ.ch_stop	wb0_addr_i[5]	u0.u9.ch_stop$_DFF_P_/D
36	0.0371	wbI_addr_i[J]	uI.wb_rf_dout[J]	wb0_addr_i[5]	u0.wb_rf_dout[0]$_DFFE_PP_/D
37	0.0381	uI.uJ.ch_csr_r[K]	wbIs_data_o[J]	u0.u14.ch_csr_r[7]$_DFFE_PP0P_/Q	wb0s_data_o[10]
38	0.0470	wbI_addr_i[J]	uI.uJ.sw_pointer_r[K]	wb0_addr_i[3]	u0.u11.sw_pointer_r[0]$_DFFE_PP0P_/D
39	0.0530	wbI_addr_i[J]	uI.uJ.ch_csr_rK[L]	wb0_addr_i[5]	u0.u9.ch_csr_r2[0]$_DFFE_PP0P_/D
40	0.0530	wbI_addr_i[J]	uI.uJ.rest_en	wb0_addr_i[5]	u0.u9.rest_en$_DFFE_PP0P_/D
41	0.0758	wbI_addr_i[J]	uI.uJ.int_src_r[K]	wb0_addr_i[5]	u0.u13.int_src_r[0]$_DFFE_PP0P_/D
42	0.0761	wbI_addr_i[J]	uI.uJ.ch_adrK_s[L]	wb0_addr_i[9]	u0.u4.ch_adr1_s[0]$_DFFE_PP_/D
43	0.0827	wbI_addr_i[J]	uI.uJ.ch_adrK_r[L]	wb0_addr_i[2]	u0.u3.ch_adr0_r[0]$_DFFE_PP_/D
44	0.1023	wbI_addr_i[J]	uI.int_maska_r[J]	wb0_addr_i[3]	u0.int_maska_r[10]$_DFFE_PP0P_/D
45	0.1179	wbI_addr_i[J]	uI.uJ.ch_err	wb0_addr_i[9]	u0.u2.ch_err$_DFFE_PP0P_/D
46	0.1310	wbI_ack_i	uI.adrJ_cnt[K]	wb0_ack_i	u2.adr1_cnt[23]$_DFFE_PP_/D
47	0.1369	uI.state[J]	uI.mastJ_adr[K]	u2.state[10]$_DFF_PP0_/Q	u2.mast0_adr[10]$_DFF_P_/D
48	0.1383	wbI_addr_i[J]	uI.int_maskb_r[J]	wb0_addr_i[2]	u0.int_maskb_r[10]$_DFFE_PP0P_/D
49	0.1407	wbI_ack_i	uI.mastJ_adr[K]	wb0_ack_i	u2.mast0_adr[10]$_DFF_P_/D
50	0.1654	wbI_stb_i	wbI_stb_o	wb1_stb_i	wb0_stb_o
51	0.1654	wbI_we_i	wbI_we_o	wb1_we_i	wb0_we_o
52	0.1654	wbIs_data_i[J]	wbIm_data_o[J]	wb1s_data_i[0]	wb0m_data_o[0]
53	0.1658	wbIm_data_i[J]	wbIs_data_o[J]	wb1m_data_i[0]	wb0s_data_o[0]
54	0.1664	wbI_ack_i	uI.uJ.mast_cyc	wb0_ack_i	u4.u0.mast_cyc$_DFF_P_/D
55	0.1773	wbI_sel_i[J]	wbI_sel_o[J]	wb1_sel_i[0]	wb0_sel_o[0]
56	0.1855	uI.state[J]	uI.adrJ_cnt[K]	u2.state[10]$_DFF_PP0_/Q	u2.adr0_cnt[0]$_DFFE_PP_/D
57	0.1913	uI.state[J]	uI.uJ.mast_stb	u2.state[10]$_DFF_PP0_/Q	u3.u0.mast_stb$_DFF_P_/D
58	0.1928	uI.state[J]	uI.uJ.pointer_sr[K]	u2.state[10]$_DFF_PP0_/Q	u0.u15.pointer_sr[17]$_DFFE_PP_/D
59	0.1930	wbI_err_i	wbI_err_o	wb1_err_i	wb0_err_o
60	0.1930	wbI_rty_i	wbI_rty_o	wb1_rty_i	wb0_rty_o
61	0.1951	wbI_ack_i	uI.uJ.mast_stb	wb0_ack_i	u3.u0.mast_stb$_DFF_P_/D
62	0.1977	uI.state[J]	uI.uJ.mast_cyc	u2.state[10]$_DFF_PP0_/Q	u3.u0.mast_cyc$_DFF_P_/D
63	0.2020	uI.state[J]	uI.tsz_cnt[J]	u2.state[10]$_DFF_PP0_/Q	u2.tsz_cnt[6]$_DFFE_PP_/D
64	0.2089	uI.state[J]	uI.chunk_J	u2.state[10]$_DFF_PP0_/Q	u2.chunk_0$_DFF_P_/D
65	0.2141	uI.state[J]	uI.uJ.mast_we_r	u2.state[10]$_DFF_PP0_/Q	u3.u0.mast_we_r$_DFF_P_/D
66	0.2142	uI.state[J]	uI.uJ.ch_chk_sz_r[K]	u2.state[10]$_DFF_PP0_/Q	u0.u15.ch_chk_sz_r[0]$_DFFE_PP_/D
67	0.2179	uI.state[J]	uI.ndr	u2.state[10]$_DFF_PP0_/Q	u1.ndr$_DFFE_PP_/D
68	0.2188	uI.uJ.pri_outK[L]	uI.mastJ_adr[K]	u1.u0.pri_out0[1]$_DFF_P_/Q	u2.mast0_adr[10]$_DFF_P_/D
69	0.2199	wbI_ack_i	uI.chunk_dec	wb0_ack_i	u2.chunk_dec$_DFF_P_/D
70	0.2239	uI.state[J]	uI.uJ.pointer_r[K]	u2.state[10]$_DFF_PP0_/Q	u0.u1.pointer_r[16]$_DFFE_PP_/D
71	0.2241	uI.uJ.state[K]	uI.mastJ_adr[K]	u1.u1.state[1]$_DFFE_PP0P_/Q	u2.mast0_adr[10]$_DFF_P_/D
72	0.2272	uI.ndr	wbIs_data_o[J]	u1.ndr$_DFFE_PP_/Q	wb0s_data_o[10]
73	0.2275	uI.state[J]	uI.uJ.ch_tot_sz_r[K]	u2.state[10]$_DFF_PP0_/Q	u0.u15.ch_tot_sz_r[4]$_DFFE_PP_/D
74	0.2286	uI.state[J]	uI.chunk_cnt[J]	u2.state[10]$_DFF_PP0_/Q	u2.chunk_cnt[6]$_DFFE_PP_/D
75	0.2289	uI.state[J]	uI.state[J]	u2.state[10]$_DFF_PP0_/Q	u2.state[7]$_DFF_PP0_/D
76	0.2306	uI.state[J]	_I_	u2.state[10]$_DFF_PP0_/Q	_51127_/D
77	0.2352	uI.state[J]	uI.uJ.ch_txsz_s[K]	u2.state[10]$_DFF_PP0_/Q	u0.u9.ch_txsz_s[10]$_DFFE_PP_/D
78	0.2362	uI.state[J]	uI.ch_sel_r[J]	u2.state[10]$_DFF_PP0_/Q	u1.ch_sel_r[0]$_DFFE_PP0P_/D
79	0.2385	uI.state[J]	uI.write_hold_r	u2.state[10]$_DFF_PP0_/Q	u2.write_hold_r$_DFF_P_/D
80	0.2388	uI.state[J]	uI.ack_o[J]	u2.state[10]$_DFF_PP0_/Q	u1.ack_o[15]$_DFF_P_/D
81	0.2422	wbI_ack_i	uI.write_hold_r	wb0_ack_i	u2.write_hold_r$_DFF_P_/D
82	0.2441	uI.state[J]	uI.read_r	u2.state[10]$_DFF_PP0_/Q	u2.read_r$_DFF_P_/D
83	0.2479	wbI_ack_i	uI.read_r	wb0_ack_i	u2.read_r$_DFF_P_/D
84	0.2529	wbI_ack_i	uI.state[J]	wb0_ack_i	u2.state[10]$_DFF_PP0_/D
85	0.2537	uI.state[J]	uI.uJ.ch_adrK_s[L]	u2.state[10]$_DFF_PP0_/Q	u0.u9.ch_adr1_s[29]$_DFFE_PP_/D
86	0.2629	uI.ch_sel_r[J]	uI.mastJ_adr[K]	u1.ch_sel_r[0]$_DFFE_PP0P_/Q	u2.mast0_adr[30]$_DFF_P_/D
87	0.2648	uI.uJ.pri_outK[L]	uI.uJ.mast_cyc	u1.u0.pri_out0[1]$_DFF_P_/Q	u4.u0.mast_cyc$_DFF_P_/D
88	0.2652	uI.uJ.pri_outK[L]	uI.adrJ_cnt[K]	u1.u0.pri_out0[1]$_DFF_P_/Q	u2.adr1_cnt[23]$_DFFE_PP_/D
89	0.2680	uI.state[J]	uI.uJ.ptr_valid	u2.state[10]$_DFF_PP0_/Q	u0.u9.ptr_valid$_DFFE_PP0P_/D
90	0.2692	uI.uJ.state[K]	uI.adrJ_cnt[K]	u1.u2.state[2]$_DFFE_PP0P_/Q	u2.adr1_cnt[23]$_DFFE_PP_/D
91	0.2692	uI.uJ.pri_outK[L]	uI.uJ.pointer_r[K]	u1.u0.pri_out0[1]$_DFF_P_/Q	u0.u12.pointer_r[16]$_DFFE_PP_/D
92	0.2715	uI.uJ.state[K]	uI.uJ.pointer_r[K]	u1.u1.state[4]$_DFFE_PP0P_/Q	u0.u12.pointer_r[16]$_DFFE_PP_/D
93	0.2719	uI.state[J]	uI.uJ.ch_adrK_r[L]	u2.state[10]$_DFF_PP0_/Q	u0.u9.ch_adr1_r[28]$_DFFE_PP_/D
94	0.2724	uI.uJ.pri_outK[L]	uI.uJ.mast_we_r	u1.u0.pri_out0[1]$_DFF_P_/Q	u3.u0.mast_we_r$_DFF_P_/D
95	0.2732	uI.uJ.pri_outK[L]	uI.uJ.mast_stb	u1.u0.pri_out0[1]$_DFF_P_/Q	u3.u0.mast_stb$_DFF_P_/D
96	0.2765	uI.uJ.pri_outK[L]	uI.uJ.pointer_sr[K]	u1.u0.pri_out0[1]$_DFF_P_/Q	u0.u4.pointer_sr[10]$_DFFE_PP_/D
97	0.2769	wbI_ack_i	uI.write_r	wb0_ack_i	u2.write_r$_DFF_P_/D
98	0.2785	uI.uJ.state[K]	uI.uJ.mast_stb	u1.u1.state[1]$_DFFE_PP0P_/Q	u3.u0.mast_stb$_DFF_P_/D
99	0.2792	uI.state[J]	uI.uJ.ch_err	u2.state[10]$_DFF_PP0_/Q	u0.u1.ch_err$_DFFE_PP0P_/D
100	0.2794	uI.uJ.state[K]	uI.uJ.mast_we_r	u1.u1.state[4]$_DFFE_PP0P_/Q	u3.u0.mast_we_r$_DFF_P_/D
