# stage	1_synth
# top_module	fpu
# top_n	100
# kind	blocks
# skip_async	1
# include_full	1
# rank	worst_slack_ns	start	end	start_full	end_full
1	-0.4122	uI.mul_a[J]	uI.product_j[J]	u3.mul_a[51]$_SDFFE_PP0P_/Q	u3.product_j[28]$_SDFFE_PP0P_/D
2	-0.3898	uI.mantissa_a[J]	uI.pre_b_hi[J]	u3.mantissa_a[22]$_SDFFE_PP0P_/Q	u3.pre_b_hi[26]$_SDFFE_PP0P_/D
3	-0.3854	uI.mantissa_b[J]	uI.pre_b_hi[J]	u3.mantissa_b[23]$_SDFFE_PP0P_/Q	u3.pre_b_hi[26]$_SDFFE_PP0P_/D
4	-0.3764	uI.mul_a[J]	uI.product_i[J]	u3.mul_a[51]$_SDFFE_PP0P_/Q	u3.product_i[25]$_SDFFE_PP0P_/D
5	-0.3693	uI.mul_b[J]	uI.product_j[J]	u3.mul_b[37]$_SDFFE_PP0P_/Q	u3.product_j[28]$_SDFFE_PP0P_/D
6	-0.3561	uI.mantissa_b[J]	uI.pre_b_lo[J]	u3.mantissa_b[17]$_SDFFE_PP0P_/Q	u3.pre_b_lo[26]$_SDFFE_PP0P_/D
7	-0.3554	uI.mantissa_a[J]	uI.pre_b_lo[J]	u3.mantissa_a[10]$_SDFFE_PP0P_/Q	u3.pre_b_lo[25]$_SDFFE_PP0P_/D
8	-0.3454	uI.mul_a[J]	uI.product_h[J]	u3.mul_a[48]$_SDFFE_PP0P_/Q	u3.product_h[27]$_SDFFE_PP0P_/D
9	-0.3336	uI.mul_b[J]	uI.product_i[J]	u3.mul_b[20]$_SDFFE_PP0P_/Q	u3.product_i[25]$_SDFFE_PP0P_/D
10	-0.3292	uI.mantissa_a[J]	uI.pre_a_hi[J]	u3.mantissa_a[22]$_SDFFE_PP0P_/Q	u3.pre_a_hi[23]$_SDFFE_PP0P_/D
11	-0.3248	uI.mantissa_b[J]	uI.pre_a_hi[J]	u3.mantissa_b[2]$_SDFFE_PP0P_/Q	u3.pre_a_hi[23]$_SDFFE_PP0P_/D
12	-0.3183	uI.mantissa_a[J]	uI.pre_c_lo[J]	u3.mantissa_a[10]$_SDFFE_PP0P_/Q	u3.pre_c_lo[28]$_SDFFE_PP0P_/D
13	-0.3152	uI.mantissa_a[J]	uI.pre_c_hi[J]	u3.mantissa_a[16]$_SDFFE_PP0P_/Q	u3.pre_c_hi[27]$_SDFFE_PP0P_/D
14	-0.3139	uI.mantissa_b[J]	uI.pre_c_lo[J]	u3.mantissa_b[35]$_SDFFE_PP0P_/Q	u3.pre_c_lo[28]$_SDFFE_PP0P_/D
15	-0.3107	uI.mantissa_b[J]	uI.pre_c_hi[J]	u3.mantissa_b[40]$_SDFFE_PP0P_/Q	u3.pre_c_hi[27]$_SDFFE_PP0P_/D
16	-0.3080	uI.mul_b[J]	uI.product_h[J]	u3.mul_b[7]$_SDFFE_PP0P_/Q	u3.product_h[27]$_SDFFE_PP0P_/D
17	-0.3006	uI.mantissa_b[J]	uI.pre_a_lo[J]	u3.mantissa_b[0]$_SDFFE_PP0P_/Q	u3.pre_a_lo[25]$_SDFFE_PP0P_/D
18	-0.2989	uI.mantissa_a[J]	uI.pre_a_lo[J]	u3.mantissa_a[10]$_SDFFE_PP0P_/Q	u3.pre_a_lo[25]$_SDFFE_PP0P_/D
19	-0.2584	uI.mantissa_a[J]	uI.pre_e_lo[J]	u3.mantissa_a[28]$_SDFFE_PP0P_/Q	u3.pre_e_lo[25]$_SDFFE_PP0P_/D
20	-0.2577	uI.mantissa_a[J]	uI.pre_f_hi[J]	u3.mantissa_a[39]$_SDFFE_PP0P_/Q	u3.pre_f_hi[22]$_SDFFE_PP0P_/D
21	-0.2539	uI.mantissa_b[J]	uI.pre_e_lo[J]	u3.mantissa_b[7]$_SDFFE_PP0P_/Q	u3.pre_e_lo[25]$_SDFFE_PP0P_/D
22	-0.2539	uI.mantissa_a[J]	uI.pre_e_hi[J]	u3.mantissa_a[36]$_SDFFE_PP0P_/Q	u3.pre_e_hi[24]$_SDFFE_PP0P_/D
23	-0.2539	uI.mantissa_a[J]	uI.pre_f_lo[J]	u3.mantissa_a[28]$_SDFFE_PP0P_/Q	u3.pre_f_lo[25]$_SDFFE_PP0P_/D
24	-0.2533	uI.mantissa_b[J]	uI.pre_f_hi[J]	u3.mantissa_b[18]$_SDFFE_PP0P_/Q	u3.pre_f_hi[22]$_SDFFE_PP0P_/D
25	-0.2494	uI.mantissa_b[J]	uI.pre_e_hi[J]	u3.mantissa_b[4]$_SDFFE_PP0P_/Q	u3.pre_e_hi[24]$_SDFFE_PP0P_/D
26	-0.2494	uI.mantissa_b[J]	uI.pre_f_lo[J]	u3.mantissa_b[21]$_SDFFE_PP0P_/Q	u3.pre_f_lo[25]$_SDFFE_PP0P_/D
27	-0.2444	uI.mantissa_a[J]	uI.pre_g_hi[J]	u3.mantissa_a[36]$_SDFFE_PP0P_/Q	u3.pre_g_hi[21]$_SDFFE_PP0P_/D
28	-0.2399	uI.mantissa_b[J]	uI.pre_g_hi[J]	u3.mantissa_b[39]$_SDFFE_PP0P_/Q	u3.pre_g_hi[21]$_SDFFE_PP0P_/D
29	-0.2122	uI.mantissa_a[J]	uI.pre_g_lo[J]	u3.mantissa_a[28]$_SDFFE_PP0P_/Q	u3.pre_g_lo[25]$_SDFFE_PP0P_/D
30	-0.2078	uI.mantissa_b[J]	uI.pre_g_lo[J]	u3.mantissa_b[41]$_SDFFE_PP0P_/Q	u3.pre_g_lo[25]$_SDFFE_PP0P_/D
31	-0.1849	uI.pre_g_lo[J]	uI.product_g[J]	u3.pre_g_lo[9]$_SDFFE_PP0P_/Q	u3.product_g[34]$_SDFFE_PP0P_/D
32	-0.1818	uI.pre_g_hi[J]	uI.product_g[J]	u3.pre_g_hi[0]$_SDFFE_PP0P_/Q	u3.product_g[34]$_SDFFE_PP0P_/D
33	0.0824	uI.mul_b[J]	uI.product_g[J]	u3.mul_b[51]$_SDFFE_PP0P_/Q	u3.product_g[34]$_SDFFE_PP0P_/D
34	0.1308	uI.minuend[J]	uI.diff[J]	u2.minuend[20]$_SDFFE_PP0P_/Q	u2.diff[48]$_SDFFE_PP0P_/D
35	0.1330	uI.exponent_J[K]	uI.product_J[K]	u3.exponent_2[1]$_SDFFE_PP0P_/Q	u3.product_4[85]$_SDFFE_PP0P_/D
36	0.1508	uI.dividend_reg[J]	uI.dividend_reg[J]	u4.dividend_reg[29]$_SDFFE_PP0P_/Q	u4.dividend_reg[17]$_SDFFE_PP0P_/D
37	0.1552	uI.subtra_shift_J[K]	uI.diff[J]	u2.subtra_shift_3[20]$_SDFFE_PP0P_/QN	u2.diff[48]$_SDFFE_PP0P_/D
38	0.1595	uI.dividend_reg[J]	uI.quotient[J]	u4.dividend_reg[29]$_SDFFE_PP0P_/Q	u4.quotient[12]$_SDFFE_PP0P_/D
39	0.1624	uI.dividend_reg[J]	uI.remainder_msb	u4.dividend_reg[29]$_SDFFE_PP0P_/Q	u4.remainder_msb$_SDFFE_PP0P_/D
40	0.1660	uI.diff[J]	uI.diff_shift_J[K]	u2.diff[41]$_SDFFE_PP0P_/Q	u2.diff_shift_2[5]$_SDFFE_PP0P_/D
41	0.1673	uI.mul_a[J]	uI.product_g[J]	u3.mul_a[25]$_SDFFE_PP0P_/Q	u3.product_g[34]$_SDFFE_PP0P_/D
42	0.1679	uI.divisor_reg[J]	uI.dividend_reg[J]	u4.divisor_reg[28]$_SDFFE_PP0P_/Q	u4.dividend_reg[17]$_SDFFE_PP0P_/D
43	0.1766	uI.divisor_reg[J]	uI.quotient[J]	u4.divisor_reg[28]$_SDFFE_PP0P_/Q	u4.quotient[12]$_SDFFE_PP0P_/D
44	0.1788	uI.large_add[J]	uI.sum[J]	u1.large_add[15]$_SDFFE_PP0P_/Q	u1.sum[44]$_SDFFE_PP0P_/D
45	0.1795	uI.divisor_reg[J]	uI.remainder_msb	u4.divisor_reg[28]$_SDFFE_PP0P_/Q	u4.remainder_msb$_SDFFE_PP0P_/D
46	0.1844	uI.small_shift_J[K]	uI.sum[J]	u1.small_shift_3[15]$_SDFFE_PP0P_/Q	u1.sum[44]$_SDFFE_PP0P_/D
47	0.1870	rst	uI.product_h[J]	rst	u3.product_h[25]$_SDFFE_PP0P_/D
48	0.1870	rst	uI.sum_J[K]	rst	u3.sum_7[21]$_SDFFE_PP0P_/D
49	0.1933	rst	uI.small_shift[J]	rst	u1.small_shift[47]$_SDFFE_PP0P_/D
50	0.1933	rst	uI.sum[J]	rst	u1.sum[46]$_SDFFE_PP0P_/D
51	0.1944	uI.sum_J[K]	uI.sum_J[K]	u3.sum_6[5]$_SDFFE_PP0P_/Q	u3.sum_7[29]$_SDFFE_PP0P_/D
52	0.1944	rst	uI.diff_J[K]	rst	u2.diff_1[32]$_SDFFE_PP0P_/D
53	0.1944	rst	uI.subtra_shift[J]	rst	u2.subtra_shift[12]$_SDFFE_PP0P_/D
54	0.1958	uI.product_g[J]	uI.sum_J[K]	u3.product_g[5]$_SDFFE_PP0P_/Q	u3.sum_7[29]$_SDFFE_PP0P_/D
55	0.1969	rst	uI.product_J[K]	rst	u3.product_1[26]$_SDFFE_PP0P_/D
56	0.1976	rst	uI.diff[J]	rst	u2.diff[25]$_SDFFE_PP0P_/D
57	0.1976	rst	uI.expon_final_J[K]	rst	u4.expon_final_3[11]$_SDFFE_PP0P_/D
58	0.1981	uI.divisor_b[J]	uI.divisor_shift_J[K]	u4.divisor_b[51]$_SDFFE_PP0P_/Q	u4.divisor_shift_2[5]$_SDFFE_PP0P_/D
59	0.2018	rst	uI.sum_round[J]	rst	u5.sum_round[26]$_SDFF_PP0_/D
60	0.2020	uI.remainder_shift_term[J]	uI.remainder_b[J]	u4.remainder_shift_term[1]$_SDFFE_PP0P_/Q	u4.remainder_b[99]$_SDFFE_PP0P_/D
61	0.2024	uI.product_h[J]	uI.sum_J[K]	u3.product_h[0]$_SDFFE_PP0P_/Q	u3.sum_3[34]$_SDFFE_PP0P_/D
62	0.2024	rst	uI.divisor_reg[J]	rst	u4.divisor_reg[10]$_SDFFE_PP0P_/D
63	0.2031	rst	uI.mantissa_J[K]	rst	u4.mantissa_1[10]$_SDFFE_PP0P_/D
64	0.2031	rst	uI.remainder_b[J]	rst	u4.remainder_b[85]$_SDFFE_PP0P_/D
65	0.2033	rst	uI.pre_a_lo[J]	rst	u3.pre_a_lo[13]$_SDFFE_PP0P_/D
66	0.2043	rst	uI.exponent[J]	rst	u2.exponent[0]$_SDFFE_PP0P_/D
67	0.2043	rst	uI.exponent_diff[J]	rst	u2.exponent_diff[1]$_SDFFE_PP0P_/D
68	0.2043	rst	uI.exponent_J[K]	rst	u3.exponent_1[2]$_SDFFE_PP0P_/D
69	0.2043	rst	uI.mul_b[J]	rst	u3.mul_b[34]$_SDFFE_PP0P_/D
70	0.2043	rst	uI.dividend_a_shifted[J]	rst	u4.dividend_a_shifted[32]$_SDFFE_PP0P_/D
71	0.2043	rst	uI.divisor_b_shifted[J]	rst	u4.divisor_b_shifted[32]$_SDFFE_PP0P_/D
72	0.2046	rst	uI.quotient[J]	rst	u4.quotient[5]$_SDFFE_PP0P_/D
73	0.2053	rst	uI.dividend_reg[J]	rst	u4.dividend_reg[32]$_SDFFE_PP0P_/D
74	0.2060	rst	opa_reg[I]	rst	opa_reg[59]$_SDFFE_PP0P_/D
75	0.2068	uI.dividend_a[J]	uI.dividend_shift_J[K]	u4.dividend_a[39]$_SDFFE_PP0P_/Q	u4.dividend_shift_2[1]$_SDFFE_PP0P_/D
76	0.2079	rst	opb_reg[I]	rst	opb_reg[32]$_SDFFE_PP0P_/D
77	0.2079	rst	uI.small_shift_J[K]	rst	u1.small_shift_3[10]$_SDFFE_PP0P_/D
78	0.2079	rst	uI.subtra_shift_J[K]	rst	u2.subtra_shift_3[10]$_SDFFE_PP0P_/D
79	0.2090	rst	fpu_op_reg[I]	rst	fpu_op_reg[0]$_SDFFE_PP0P_/D
80	0.2090	rst	rmode_reg[I]	rst	rmode_reg[0]$_SDFFE_PP0P_/D
81	0.2093	uI.exponent_small[J]	uI.exponent_diff[J]	u1.exponent_small[0]$_SDFFE_PP0P_/Q	u1.exponent_diff[10]$_SDFFE_PP0P_/D
82	0.2094	rst	addsub_out[I]	rst	addsub_out[0]$_SDFF_PP0_/D
83	0.2094	rst	addsub_sign	rst	addsub_sign$_SDFF_PP0_/D
84	0.2094	rst	enable_reg_I	rst	enable_reg_3$_SDFF_PP0_/D
85	0.2094	rst	exp_addsub[I]	rst	exp_addsub[0]$_SDFF_PP0_/D
86	0.2094	rst	op_enable	rst	op_enable$_SDFFE_PP0P_/D
87	0.2094	rst	uI.denorm_to_norm	rst	u1.denorm_to_norm$_SDFFE_PP0P_/D
88	0.2094	rst	uI.large_add[J]	rst	u1.large_add[10]$_SDFFE_PP0P_/D
89	0.2094	rst	uI.large_norm_small_denorm	rst	u1.large_norm_small_denorm$_SDFFE_PP0P_/D
90	0.2094	rst	uI.sign	rst	u1.sign$_SDFFE_PP0P_/D
91	0.2094	rst	uI.small_add[J]	rst	u1.small_add[10]$_SDFFE_PP0P_/D
92	0.2094	rst	uI.small_is_denorm	rst	u1.small_is_denorm$_SDFFE_PP0P_/D
93	0.2094	rst	uI.diffshift_gt_exponent	rst	u2.diffshift_gt_exponent$_SDFFE_PP0P_/D
94	0.2094	rst	uI.minuend[J]	rst	u2.minuend[10]$_SDFFE_PP0P_/D
95	0.2094	rst	uI.subtrahend[J]	rst	u2.subtrahend[10]$_SDFFE_PP0P_/D
96	0.2094	rst	uI.pre_c_hi[J]	rst	u3.pre_c_hi[11]$_SDFFE_PP0P_/D
97	0.2094	rst	uI.pre_e_hi[J]	rst	u3.pre_e_hi[10]$_SDFFE_PP0P_/D
98	0.2094	rst	uI.pre_e_lo[J]	rst	u3.pre_e_lo[10]$_SDFFE_PP0P_/D
99	0.2094	rst	uI.pre_f_hi[J]	rst	u3.pre_f_hi[10]$_SDFFE_PP0P_/D
100	0.2094	rst	uI.pre_f_lo[J]	rst	u3.pre_f_lo[10]$_SDFFE_PP0P_/D
