# stage	1_synth
# top_module	cordic_engine
# top_n	100
# kind	blocks
# skip_async	1
# include_full	1
# rank	worst_slack_ns	start	end	start_full	end_full
1	-0.5000	u_vec.yv[I][J]	u_vec.yv[I][J]	u_vec.yv[15][25]$_SDFFE_PP0P_/Q	u_vec.yv[16][24]$_SDFFE_PP0P_/D
2	-0.4549	u_vec.yv[I][J]	u_vec.xv[I][J]	u_vec.yv[2][25]$_SDFFE_PP0P_/Q	u_vec.xv[3][21]$_SDFFE_PP0P_/D
3	-0.4001	u_vec.xv[I][J]	u_vec.yv[I][J]	u_vec.xv[1][8]$_SDFFE_PP0P_/QN	u_vec.yv[2][25]$_SDFFE_PP0P_/D
4	-0.3790	u_rot.yv[I][J]	u_rot.xv[I][J]	u_rot.yv[18][20]$_SDFFE_PP0P_/QN	u_rot.xv[19][20]$_SDFFE_PP0P_/D
5	-0.3765	u_rot.ph[I][J]	u_rot.xv[I][J]	u_rot.ph[9][24]$_SDFFE_PP0P_/Q	u_rot.xv[10][20]$_SDFFE_PP0P_/D
6	-0.3677	u_rot.xv[I][J]	u_rot.yv[I][J]	u_rot.xv[1][5]$_SDFFE_PP0P_/QN	u_rot.yv[2][18]$_SDFFE_PP0P_/D
7	-0.3518	u_rot.ph[I][J]	u_rot.yv[I][J]	u_rot.ph[0][24]$_SDFFE_PP0P_/Q	u_rot.yv[1][20]$_SDFFE_PP0P_/D
8	-0.3227	u_vec.yv[I][J]	u_vec.ph[I][J]	u_vec.yv[14][25]$_SDFFE_PP0P_/Q	u_vec.ph[15][24]$_SDFFE_PP0P_/D
9	-0.2982	u_vec.xv_in[I]	u_vec.yv[I][J]	u_vec.xv_in[8]$_SDFFE_PP0P_/QN	u_vec.yv[0][25]$_SDFFE_PP0P_/D
10	-0.2811	u_vec.xv_in[I]	u_vec.xv[I][J]	u_vec.xv_in[8]$_SDFFE_PP0P_/QN	u_vec.xv[0][24]$_SDFFE_PP0P_/D
11	-0.2235	u_rot.ph[I][J]	u_rot.ph[I][J]	u_rot.ph[15][24]$_SDFFE_PP0P_/QN	u_rot.ph[16][23]$_SDFFE_PP0P_/D
12	-0.1350	u_vec.ph[I][J]	u_vec.ph[I][J]	u_vec.ph[14][4]$_SDFFE_PP0P_/Q	u_vec.ph[15][24]$_SDFFE_PP0P_/D
13	-0.1205	u_rot.xv[I][J]	u_rot.xv[I][J]	u_rot.xv[11][0]$_SDFFE_PP0P_/Q	u_rot.xv[12][20]$_SDFFE_PP0P_/D
14	-0.1128	u_vec.yv_in[I]	u_vec.xv[I][J]	u_vec.yv_in[9]$_SDFFE_PP0P_/QN	u_vec.xv[0][23]$_SDFFE_PP0P_/D
15	-0.1034	u_vec.yv_in[I]	u_vec.yv[I][J]	u_vec.yv_in[9]$_SDFFE_PP0P_/QN	u_vec.yv[0][25]$_SDFFE_PP0P_/D
16	-0.0985	u_vec.xv[I][J]	u_vec.xv[I][J]	u_vec.xv[18][6]$_SDFFE_PP0P_/Q	u_vec.xv[19][23]$_SDFFE_PP0P_/D
17	-0.0972	u_rot.yv[I][J]	u_rot.yv[I][J]	u_rot.yv[1][11]$_SDFFE_PP0P_/Q	u_rot.yv[2][18]$_SDFFE_PP0P_/D
18	-0.0551	u_vec.xv[I][J]	u_vec.o_mag[I]	u_vec.xv[23][8]$_SDFFE_PP0P_/QN	u_vec.o_mag[12]$_SDFFE_PP0P_/D
19	-0.0495	i_ce	u_vec.ph[I][J]	i_ce	u_vec.ph[2][16]$_SDFFE_PP0P_/D
20	-0.0482	i_ce	u_vec.xv[I][J]	i_ce	u_vec.xv[12][19]$_SDFFE_PP0P_/D
21	-0.0482	i_ce	u_vec.yv[I][J]	i_ce	u_vec.yv[10][2]$_SDFFE_PP0P_/D
22	-0.0480	i_ce	u_rot.yv[I][J]	i_ce	u_rot.yv[12][8]$_SDFFE_PP0P_/D
23	-0.0420	i_ce	u_rot.o_yval[I]	i_ce	u_rot.o_yval[3]$_SDFFE_PP0P_/D
24	-0.0420	i_ce	u_rot.ph[I][J]	i_ce	u_rot.ph[0][23]$_SDFFE_PP0P_/D
25	-0.0420	i_ce	u_rot.xv[I][J]	i_ce	u_rot.xv[1][4]$_SDFFE_PP0P_/D
26	-0.0370	i_reset	u_vec.ph[I][J]	i_reset	u_vec.ph[14][22]$_SDFFE_PP0P_/D
27	-0.0370	i_reset	u_vec.xv[I][J]	i_reset	u_vec.xv[16][22]$_SDFFE_PP0P_/D
28	-0.0366	i_reset	u_rot.xv[I][J]	i_reset	u_rot.xv[1][18]$_SDFFE_PP0P_/D
29	-0.0334	i_reset	u_rot.yv[I][J]	i_reset	u_rot.yv[12][19]$_SDFFE_PP0P_/D
30	-0.0334	i_reset	u_rot.ph[I][J]	i_reset	u_rot.ph[1][21]$_SDFFE_PP0P_/D
31	-0.0323	i_reset	u_vec.yv[I][J]	i_reset	u_vec.yv[0][22]$_SDFFE_PP0P_/D
32	-0.0312	i_ce	u_vec.o_mag[I]	i_ce	u_vec.o_mag[5]$_SDFFE_PP0P_/D
33	-0.0217	i_ce	u_vec.o_phase[I]	i_ce	u_vec.o_phase[0]$_SDFFE_PP0P_/D
34	-0.0207	i_reset	u_vec.o_mag[I]	i_reset	u_vec.o_mag[5]$_SDFFE_PP0P_/D
35	-0.0205	i_ce	u_rot.ax[I]	i_ce	u_rot.ax[0]$_SDFFE_PP0P_/D
36	-0.0205	i_ce	u_rot.ph_in[I]	i_ce	u_rot.ph_in[0]$_SDFFE_PP0P_/D
37	-0.0205	i_ce	u_vec.ax[I]	i_ce	u_vec.ax[22]$_SDFFE_PP0P_/D
38	-0.0201	i_ce	u_vec.xy_sign[I]	i_ce	u_vec.xy_sign[0]$_SDFFE_PP0P_/D
39	-0.0174	i_ce	u_vec.xv_in[I]	i_ce	u_vec.xv_in[10]$_SDFFE_PP0P_/D
40	-0.0174	i_ce	u_vec.yv_in[I]	i_ce	u_vec.yv_in[10]$_SDFFE_PP0P_/D
41	-0.0171	i_ce	u_vec.o_aux	i_ce	u_vec.o_aux$_SDFFE_PP0P_/D
42	-0.0129	i_ce	u_rot.o_xval[I]	i_ce	u_rot.o_xval[17]$_SDFFE_PP0P_/D
43	-0.0106	u_rot.yv[I][J]	u_rot.o_yval[I]	u_rot.yv[21][1]$_SDFFE_PP0P_/Q	u_rot.o_yval[12]$_SDFFE_PP0P_/D
44	0.0000	i_reset	u_vec.o_aux	i_reset	u_vec.o_aux$_SDFFE_PP0P_/D
45	0.0000	i_reset	u_vec.o_phase[I]	i_reset	u_vec.o_phase[25]$_SDFFE_PP0P_/D
46	0.0002	i_reset	u_rot.o_xval[I]	i_reset	u_rot.o_xval[17]$_SDFFE_PP0P_/D
47	0.0002	i_reset	u_rot.o_yval[I]	i_reset	u_rot.o_yval[17]$_SDFFE_PP0P_/D
48	0.0002	i_reset	u_rot.ph_in[I]	i_reset	u_rot.ph_in[24]$_SDFFE_PP0P_/D
49	0.0002	i_reset	u_vec.ax[I]	i_reset	u_vec.ax[24]$_SDFFE_PP0P_/D
50	0.0002	i_reset	u_vec.xy_sign[I]	i_reset	u_vec.xy_sign[1]$_SDFFE_PP0P_/D
51	0.0031	u_rot.xv[I][J]	u_rot.o_xval[I]	u_rot.xv[21][1]$_SDFFE_PP0P_/Q	u_rot.o_xval[16]$_SDFFE_PP0P_/D
52	0.0062	u_vec.yv_in[I]	u_rot.yv[I][J]	u_vec.yv_in[7]$_SDFFE_PP0P_/QN	u_rot.yv[0][16]$_SDFFE_PP0P_/D
53	0.0301	u_vec.xv_in[I]	u_rot.yv[I][J]	u_vec.xv_in[8]$_SDFFE_PP0P_/QN	u_rot.yv[0][18]$_SDFFE_PP0P_/D
54	0.0412	u_rot.ph_in[I]	u_rot.yv[I][J]	u_rot.ph_in[23]$_SDFFE_PP0P_/Q	u_rot.yv[0][3]$_SDFFE_PP0P_/D
55	0.0440	u_rot.ph_in[I]	u_rot.xv[I][J]	u_rot.ph_in[23]$_SDFFE_PP0P_/Q	u_rot.xv[0][3]$_SDFFE_PP0P_/D
56	0.0454	u_vec.yv_in[I]	u_rot.xv[I][J]	u_vec.yv_in[8]$_SDFFE_PP0P_/QN	u_rot.xv[0][17]$_SDFFE_PP0P_/D
57	0.0467	i_reset	u_rot.ax[I]	i_reset	u_rot.ax[0]$_SDFFE_PP0P_/D
58	0.0474	i_reset	u_vec.xv_in[I]	i_reset	u_vec.xv_in[10]$_SDFFE_PP0P_/D
59	0.0474	i_reset	u_vec.yv_in[I]	i_reset	u_vec.yv_in[10]$_SDFFE_PP0P_/D
60	0.0562	u_vec.xy_sign[I]	u_vec.yv[I][J]	u_vec.xy_sign[1]$_SDFFE_PP0P_/QN	u_vec.yv[0][25]$_SDFFE_PP0P_/D
61	0.0650	u_vec.xy_sign[I]	u_vec.xv[I][J]	u_vec.xy_sign[1]$_SDFFE_PP0P_/QN	u_vec.xv[0][24]$_SDFFE_PP0P_/D
62	0.0855	u_vec.xv_in[I]	u_rot.xv[I][J]	u_vec.xv_in[8]$_SDFFE_PP0P_/QN	u_rot.xv[0][19]$_SDFFE_PP0P_/D
63	0.1333	u_vec.xy_sign[I]	u_vec.ph[I][J]	u_vec.xy_sign[1]$_SDFFE_PP0P_/Q	u_vec.ph[0][25]$_SDFFE_PP0P_/D
64	0.1571	u_rot.ph_in[I]	u_rot.ph[I][J]	u_rot.ph_in[23]$_SDFFE_PP0P_/Q	u_rot.ph[0][23]$_SDFFE_PP0P_/D
65	0.2531	u_vec.xy_sign[I]	u_rot.yv[I][J]	u_vec.xy_sign[0]$_SDFFE_PP0P_/Q	u_rot.yv[0][19]$_SDFFE_PP0P_/D
66	0.2561	u_vec.ax[I]	o_rot_aux	u_vec.ax[23]$_SDFFE_PP0P_/Q	o_rot_aux
67	0.2594	u_rot.o_xval[I]	o_rot_xval[I]	u_rot.o_xval[0]$_SDFFE_PP0P_/Q	o_rot_xval[0]
68	0.2594	u_rot.o_yval[I]	o_rot_yval[I]	u_rot.o_yval[0]$_SDFFE_PP0P_/Q	o_rot_yval[0]
69	0.2594	u_vec.o_aux	o_vec_aux	u_vec.o_aux$_SDFFE_PP0P_/Q	o_vec_aux
70	0.2594	u_vec.o_mag[I]	o_vec_mag[I]	u_vec.o_mag[0]$_SDFFE_PP0P_/Q	o_vec_mag[0]
71	0.2594	u_vec.o_phase[I]	o_vec_phase[I]	u_vec.o_phase[0]$_SDFFE_PP0P_/Q	o_vec_phase[0]
72	0.2611	u_vec.xy_sign[I]	u_rot.xv[I][J]	u_vec.xy_sign[1]$_SDFFE_PP0P_/QN	u_rot.xv[0][20]$_SDFFE_PP0P_/D
73	0.2755	i_xval[I]	u_vec.xv_in[I]	i_xval[4]	u_vec.xv_in[10]$_SDFFE_PP0P_/D
74	0.2755	i_aux	u_rot.ax[I]	i_aux	u_rot.ax[0]$_SDFFE_PP0P_/D
75	0.2755	i_phase[I]	u_rot.ph_in[I]	i_phase[0]	u_rot.ph_in[0]$_SDFFE_PP0P_/D
76	0.2755	i_yval[I]	u_vec.yv_in[I]	i_yval[4]	u_vec.yv_in[10]$_SDFFE_PP0P_/D
77	0.2758	i_xval[I]	u_vec.xy_sign[I]	i_xval[17]	u_vec.xy_sign[1]$_SDFFE_PP0P_/D
78	0.2758	i_yval[I]	u_vec.xy_sign[I]	i_yval[17]	u_vec.xy_sign[0]$_SDFFE_PP0P_/D
79	0.3269	u_vec.xy_sign[I]	u_vec.xy_sign[I]	u_vec.xy_sign[0]$_SDFFE_PP0P_/Q	u_vec.xy_sign[0]$_SDFFE_PP0P_/D
80	0.3556	u_vec.yv_in[I]	u_vec.yv_in[I]	u_vec.yv_in[7]$_SDFFE_PP0P_/Q	u_vec.yv_in[7]$_SDFFE_PP0P_/D
81	0.3604	u_rot.ph_in[I]	u_rot.ph_in[I]	u_rot.ph_in[22]$_SDFFE_PP0P_/Q	u_rot.ph_in[22]$_SDFFE_PP0P_/D
82	0.3776	u_vec.xv_in[I]	u_vec.xv_in[I]	u_vec.xv_in[12]$_SDFFE_PP0P_/Q	u_vec.xv_in[12]$_SDFFE_PP0P_/D
83	0.3851	u_rot.o_yval[I]	u_rot.o_yval[I]	u_rot.o_yval[13]$_SDFFE_PP0P_/Q	u_rot.o_yval[13]$_SDFFE_PP0P_/D
84	0.3851	u_vec.o_mag[I]	u_vec.o_mag[I]	u_vec.o_mag[8]$_SDFFE_PP0P_/Q	u_vec.o_mag[8]$_SDFFE_PP0P_/D
85	0.4084	u_rot.ax[I]	u_rot.ax[I]	u_rot.ax[0]$_SDFFE_PP0P_/Q	u_rot.ax[0]$_SDFFE_PP0P_/D
86	0.4084	u_vec.ax[I]	u_vec.ax[I]	u_vec.ax[22]$_SDFFE_PP0P_/Q	u_vec.ax[22]$_SDFFE_PP0P_/D
87	0.4129	u_vec.o_aux	u_vec.o_aux	u_vec.o_aux$_SDFFE_PP0P_/Q	u_vec.o_aux$_SDFFE_PP0P_/D
88	0.4129	u_vec.o_phase[I]	u_vec.o_phase[I]	u_vec.o_phase[25]$_SDFFE_PP0P_/Q	u_vec.o_phase[25]$_SDFFE_PP0P_/D
89	0.4132	u_rot.ax[I]	u_vec.ax[I]	u_rot.ax[21]$_SDFFE_PP0P_/Q	u_vec.ax[22]$_SDFFE_PP0P_/D
90	0.4135	u_vec.ax[I]	u_vec.o_aux	u_vec.ax[24]$_SDFFE_PP0P_/Q	u_vec.o_aux$_SDFFE_PP0P_/D
91	0.4135	u_vec.ph[I][J]	u_vec.o_phase[I]	u_vec.ph[23][19]$_SDFFE_PP0P_/Q	u_vec.o_phase[19]$_SDFFE_PP0P_/D
92	0.4173	u_rot.o_xval[I]	u_rot.o_xval[I]	u_rot.o_xval[0]$_SDFFE_PP0P_/Q	u_rot.o_xval[0]$_SDFFE_PP0P_/D
