# stage	1_synth
# top_module	filt_fir
# top_n	100
# kind	blocks
# skip_async	1
# include_full	1
# rank	worst_slack_ns	start	end	start_full	end_full
1	-2.2914	i_data[I]	g_fir_tf.g_fir[I].g_fir_dly_tf.g_fir_cs_mid.CS_SUM_DFF.r_data[J]	i_data[4]	g_fir_tf.g_fir[10].g_fir_dly_tf.g_fir_cs_mid.CS_SUM_DFF.r_data[19]$_DFFE_PN0P_/D
2	-2.1709	i_data[I]	g_fir_tf.g_fir[I].g_fir_dly_tf.g_fir_cs_mid.CS_CARRY_DFF.r_data[J]	i_data[4]	g_fir_tf.g_fir[10].g_fir_dly_tf.g_fir_cs_mid.CS_CARRY_DFF.r_data[20]$_DFFE_PN0P_/D
3	-1.0109	i_data[I]	o_data[I]	i_data[15]	o_data[36]
4	-0.1141	i_data[I]	g_fir_tf.g_fir[I].g_fir_dly_tf.g_fir_cs_last.CS_SUM_DFF.r_data[J]	i_data[15]	g_fir_tf.g_fir[79].g_fir_dly_tf.g_fir_cs_last.CS_SUM_DFF.r_data[16]$_DFFE_PN0P_/D
5	-0.0684	g_fir_tf.g_fir[I].g_fir_dly_tf.g_fir_cs_mid.CS_SUM_DFF.r_data[J]	o_data[I]	g_fir_tf.g_fir[1].g_fir_dly_tf.g_fir_cs_mid.CS_SUM_DFF.r_data[7]$_DFFE_PN0P_/Q	o_data[36]
6	-0.0642	g_fir_tf.g_fir[I].g_fir_dly_tf.g_fir_cs_mid.CS_CARRY_DFF.r_data[J]	o_data[I]	g_fir_tf.g_fir[1].g_fir_dly_tf.g_fir_cs_mid.CS_CARRY_DFF.r_data[7]$_DFFE_PN0P_/Q	o_data[36]
7	0.3830	i_ena	g_fir_tf.g_fir[I].g_fir_dly_tf.g_fir_cs_mid.CS_SUM_DFF.r_data[J]	i_ena	g_fir_tf.g_fir[17].g_fir_dly_tf.g_fir_cs_mid.CS_SUM_DFF.r_data[1]$_DFFE_PN0P_/D
8	0.3836	i_ena	g_fir_tf.g_fir[I].g_fir_dly_tf.g_fir_cs_mid.CS_CARRY_DFF.r_data[J]	i_ena	g_fir_tf.g_fir[10].g_fir_dly_tf.g_fir_cs_mid.CS_CARRY_DFF.r_data[24]$_DFFE_PN0P_/D
9	0.4024	i_ena	g_fir_tf.g_fir[I].g_fir_dly_tf.g_fir_cs_last.CS_SUM_DFF.r_data[J]	i_ena	g_fir_tf.g_fir[79].g_fir_dly_tf.g_fir_cs_last.CS_SUM_DFF.r_data[17]$_DFFE_PN0P_/D
10	0.8420	g_fir_tf.g_fir[I].g_fir_dly_tf.g_fir_cs_mid.CS_CARRY_DFF.r_data[J]	g_fir_tf.g_fir[I].g_fir_dly_tf.g_fir_cs_mid.CS_SUM_DFF.r_data[J]	g_fir_tf.g_fir[32].g_fir_dly_tf.g_fir_cs_mid.CS_CARRY_DFF.r_data[38]$_DFFE_PN0P_/Q	g_fir_tf.g_fir[31].g_fir_dly_tf.g_fir_cs_mid.CS_SUM_DFF.r_data[38]$_DFFE_PN0P_/D
11	0.8476	g_fir_tf.g_fir[I].g_fir_dly_tf.g_fir_cs_mid.CS_SUM_DFF.r_data[J]	g_fir_tf.g_fir[I].g_fir_dly_tf.g_fir_cs_mid.CS_SUM_DFF.r_data[J]	g_fir_tf.g_fir[32].g_fir_dly_tf.g_fir_cs_mid.CS_SUM_DFF.r_data[38]$_DFFE_PN0P_/Q	g_fir_tf.g_fir[31].g_fir_dly_tf.g_fir_cs_mid.CS_SUM_DFF.r_data[38]$_DFFE_PN0P_/D
12	0.9474	g_fir_tf.g_fir[I].g_fir_dly_tf.g_fir_cs_mid.CS_SUM_DFF.r_data[J]	g_fir_tf.g_fir[I].g_fir_dly_tf.g_fir_cs_mid.CS_CARRY_DFF.r_data[J]	g_fir_tf.g_fir[11].g_fir_dly_tf.g_fir_cs_mid.CS_SUM_DFF.r_data[19]$_DFFE_PN0P_/Q	g_fir_tf.g_fir[10].g_fir_dly_tf.g_fir_cs_mid.CS_CARRY_DFF.r_data[20]$_DFFE_PN0P_/D
13	0.9547	g_fir_tf.g_fir[I].g_fir_dly_tf.g_fir_cs_last.CS_SUM_DFF.r_data[J]	g_fir_tf.g_fir[I].g_fir_dly_tf.g_fir_cs_mid.CS_SUM_DFF.r_data[J]	g_fir_tf.g_fir[79].g_fir_dly_tf.g_fir_cs_last.CS_SUM_DFF.r_data[30]$_DFFE_PN0P_/Q	g_fir_tf.g_fir[78].g_fir_dly_tf.g_fir_cs_mid.CS_SUM_DFF.r_data[30]$_DFFE_PN0P_/D
14	0.9573	g_fir_tf.g_fir[I].g_fir_dly_tf.g_fir_cs_mid.CS_CARRY_DFF.r_data[J]	g_fir_tf.g_fir[I].g_fir_dly_tf.g_fir_cs_mid.CS_CARRY_DFF.r_data[J]	g_fir_tf.g_fir[11].g_fir_dly_tf.g_fir_cs_mid.CS_CARRY_DFF.r_data[19]$_DFFE_PN0P_/Q	g_fir_tf.g_fir[10].g_fir_dly_tf.g_fir_cs_mid.CS_CARRY_DFF.r_data[20]$_DFFE_PN0P_/D
15	0.9987	g_fir_tf.g_fir[I].g_fir_dly_tf.g_fir_cs_last.CS_SUM_DFF.r_data[J]	g_fir_tf.g_fir[I].g_fir_dly_tf.g_fir_cs_mid.CS_CARRY_DFF.r_data[J]	g_fir_tf.g_fir[79].g_fir_dly_tf.g_fir_cs_last.CS_SUM_DFF.r_data[29]$_DFFE_PN0P_/Q	g_fir_tf.g_fir[78].g_fir_dly_tf.g_fir_cs_mid.CS_CARRY_DFF.r_data[30]$_DFFE_PN0P_/D
16	1.0292	g_fir_tf.g_fir[I].g_fir_dly_tf.g_fir_cs_last.CS_SUM_DFF.r_data[J]	g_fir_tf.g_fir[I].g_fir_dly_tf.g_fir_cs_last.CS_SUM_DFF.r_data[J]	g_fir_tf.g_fir[79].g_fir_dly_tf.g_fir_cs_last.CS_SUM_DFF.r_data[10]$_DFFE_PN0P_/Q	g_fir_tf.g_fir[79].g_fir_dly_tf.g_fir_cs_last.CS_SUM_DFF.r_data[10]$_DFFE_PN0P_/D
