# stage	1_synth
# top_module	sha512
# top_n	100
# kind	blocks
# skip_async	1
# include_full	1
# rank	worst_slack_ns	start	end	start_full	end_full
1	-0.5223	core.w_mem_inst.w_ctr_reg[I]	core.a_reg[I]	core.w_mem_inst.w_ctr_reg[1]$_DFFE_PN0P_/Q	core.a_reg[60]$_DFFE_PN0P_/D
2	-0.4394	core.w_mem_inst.w_ctr_reg[I]	core.e_reg[I]	core.w_mem_inst.w_ctr_reg[1]$_DFFE_PN0P_/Q	core.e_reg[62]$_DFFE_PN0P_/D
3	-0.3015	core.w_mem_inst.w_mem[I][J]	core.a_reg[I]	core.w_mem_inst.w_mem[1][17]$_DFFE_PN0P_/Q	core.a_reg[60]$_DFFE_PN0P_/D
4	-0.2211	core.e_reg[I]	core.a_reg[I]	core.e_reg[30]$_DFFE_PN0P_/Q	core.a_reg[60]$_DFFE_PN0P_/D
5	-0.1916	core.w_mem_inst.w_mem[I][J]	core.e_reg[I]	core.w_mem_inst.w_mem[14][14]$_DFFE_PN0P_/Q	core.e_reg[62]$_DFFE_PN0P_/D
6	-0.1822	address[I]	read_data[I]	address[2]	read_data[7]
7	-0.1780	core.f_reg[I]	core.a_reg[I]	core.f_reg[17]$_DFFE_PN0P_/Q	core.a_reg[60]$_DFFE_PN0P_/D
8	-0.1709	core.g_reg[I]	core.a_reg[I]	core.g_reg[16]$_DFFE_PN0P_/Q	core.a_reg[60]$_DFFE_PN0P_/D
9	-0.1410	core.e_reg[I]	core.e_reg[I]	core.e_reg[42]$_DFFE_PN0P_/Q	core.e_reg[62]$_DFFE_PN0P_/D
10	-0.1073	core.w_mem_inst.w_new_reg[I]	core.a_reg[I]	core.w_mem_inst.w_new_reg[16]$_DFF_PN0_/Q	core.a_reg[60]$_DFFE_PN0P_/D
11	-0.1040	address[I]	error	address[4]	error
12	-0.0985	core.f_reg[I]	core.e_reg[I]	core.f_reg[1]$_DFFE_PN0P_/Q	core.e_reg[62]$_DFFE_PN0P_/D
13	-0.0899	core.g_reg[I]	core.e_reg[I]	core.g_reg[1]$_DFFE_PN0P_/Q	core.e_reg[62]$_DFFE_PN0P_/D
14	-0.0280	core.w_mem_inst.w_new_reg[I]	core.e_reg[I]	core.w_mem_inst.w_new_reg[1]$_DFF_PN0_/Q	core.e_reg[62]$_DFFE_PN0P_/D
15	0.0304	core.k_data_reg[I]	core.a_reg[I]	core.k_data_reg[16]$_DFF_PN0_/Q	core.a_reg[60]$_DFFE_PN0P_/D
16	0.0965	we	read_data[I]	we	read_data[0]
17	0.1051	cs	read_data[I]	cs	read_data[0]
18	0.1312	core.k_data_reg[I]	core.e_reg[I]	core.k_data_reg[1]$_DFF_PN0_/Q	core.e_reg[62]$_DFFE_PN0P_/D
19	0.1414	core.h_reg[I]	core.a_reg[I]	core.h_reg[1]$_DFFE_PN0P_/Q	core.a_reg[60]$_DFFE_PN0P_/D
20	0.2107	core.h_reg[I]	core.e_reg[I]	core.h_reg[1]$_DFFE_PN0P_/Q	core.e_reg[62]$_DFFE_PN0P_/D
21	0.2417	cs	error	cs	error
22	0.2450	we	error	we	error
23	0.3880	address[I]	work_factor_num_reg[I]	address[4]	work_factor_num_reg[10]$_DFFE_PN0P_/D
24	0.3984	address[I]	block_reg[I][J]	address[1]	block_reg[13][10]$_DFFE_PN0P_/D
25	0.4870	core.w_mem_inst.w_mem[I][J]	core.w_mem_inst.w_new_reg[I]	core.w_mem_inst.w_mem[15][7]$_DFFE_PN0P_/Q	core.w_mem_inst.w_new_reg[51]$_DFF_PN0_/D
26	0.4974	core.w_mem_inst.w_mem[I][J]	core.w_mem_inst.w_mem[I][J]	core.w_mem_inst.w_mem[1][8]$_DFFE_PN0P_/Q	core.w_mem_inst.w_mem[15][59]$_DFFE_PN0P_/D
27	0.5321	address[I]	work_factor_reg	address[4]	work_factor_reg$_DFFE_PN0P_/D
28	0.5324	address[I]	mode_reg[I]	address[4]	mode_reg[0]$_DFFE_PN1P_/D
29	0.5655	address[I]	init_reg	address[4]	init_reg$_DFF_PN0_/D
30	0.5655	address[I]	next_reg	address[4]	next_reg$_DFF_PN0_/D
31	0.5930	digest_reg[I]	read_data[I]	digest_reg[130]$_DFFE_PN0P_/Q	read_data[2]
32	0.6121	core.a_reg[I]	core.a_reg[I]	core.a_reg[35]$_DFFE_PN0P_/Q	core.a_reg[31]$_DFFE_PN0P_/D
33	0.6258	block_reg[I][J]	read_data[I]	block_reg[13][24]$_DFFE_PN0P_/Q	read_data[24]
34	0.6398	we	block_reg[I][J]	we	block_reg[13][10]$_DFFE_PN0P_/D
35	0.6433	cs	block_reg[I][J]	cs	block_reg[13][10]$_DFFE_PN0P_/D
36	0.6802	core.c_reg[I]	core.a_reg[I]	core.c_reg[1]$_DFFE_PN0P_/Q	core.a_reg[31]$_DFFE_PN0P_/D
37	0.6842	core.b_reg[I]	core.a_reg[I]	core.b_reg[1]$_DFFE_PN0P_/Q	core.a_reg[31]$_DFFE_PN0P_/D
38	0.7055	we	work_factor_num_reg[I]	we	work_factor_num_reg[10]$_DFFE_PN0P_/D
39	0.7089	cs	work_factor_num_reg[I]	cs	work_factor_num_reg[10]$_DFFE_PN0P_/D
40	0.7415	init_reg	read_data[I]	init_reg$_DFF_PN0_/Q	read_data[0]
41	0.7483	next_reg	read_data[I]	next_reg$_DFF_PN0_/Q	read_data[1]
42	0.7488	ready_reg	read_data[I]	ready_reg$_DFF_PN0_/Q	read_data[0]
43	0.7570	digest_valid_reg	read_data[I]	digest_valid_reg$_DFF_PN0_/Q	read_data[1]
44	0.7706	work_factor_reg	read_data[I]	work_factor_reg$_DFFE_PN0P_/Q	read_data[7]
45	0.7713	work_factor_num_reg[I]	read_data[I]	work_factor_num_reg[12]$_DFFE_PN0P_/Q	read_data[12]
46	0.7762	we	work_factor_reg	we	work_factor_reg$_DFFE_PN0P_/D
47	0.7765	we	mode_reg[I]	we	mode_reg[0]$_DFFE_PN1P_/D
48	0.7766	mode_reg[I]	read_data[I]	mode_reg[1]$_DFFE_PN1P_/Q	read_data[3]
49	0.7814	cs	work_factor_reg	cs	work_factor_reg$_DFFE_PN0P_/D
50	0.7817	cs	mode_reg[I]	cs	mode_reg[0]$_DFFE_PN1P_/D
51	0.8059	write_data[I]	block_reg[I][J]	write_data[2]	block_reg[0][2]$_DFFE_PN0P_/D
52	0.8059	write_data[I]	work_factor_num_reg[I]	write_data[2]	work_factor_num_reg[2]$_DFFE_PN0P_/D
53	0.8063	write_data[I]	mode_reg[I]	write_data[2]	mode_reg[0]$_DFFE_PN1P_/D
54	0.8095	we	init_reg	we	init_reg$_DFF_PN0_/D
55	0.8095	we	next_reg	we	next_reg$_DFF_PN0_/D
56	0.8148	cs	init_reg	cs	init_reg$_DFF_PN0_/D
57	0.8148	cs	next_reg	cs	next_reg$_DFF_PN0_/D
58	0.8294	core.f_reg[I]	core.HI_reg[J]	core.f_reg[10]$_DFFE_PN0P_/Q	core.H5_reg[60]$_DFFE_PN0P_/D
59	0.8356	write_data[I]	init_reg	write_data[0]	init_reg$_DFF_PN0_/D
60	0.8356	write_data[I]	next_reg	write_data[1]	next_reg$_DFF_PN0_/D
61	0.8368	core.HI_reg[J]	core.HI_reg[J]	core.H5_reg[10]$_DFFE_PN0P_/Q	core.H5_reg[60]$_DFFE_PN0P_/D
62	0.8395	core.b_reg[I]	core.HI_reg[J]	core.b_reg[11]$_DFFE_PN0P_/Q	core.H1_reg[63]$_DFFE_PN0P_/D
63	0.8485	core.h_reg[I]	core.HI_reg[J]	core.h_reg[6]$_DFFE_PN0P_/Q	core.H7_reg[63]$_DFFE_PN0P_/D
64	0.8488	core.c_reg[I]	core.HI_reg[J]	core.c_reg[31]$_DFFE_PN0P_/Q	core.H2_reg[63]$_DFFE_PN0P_/D
65	0.8565	core.a_reg[I]	core.HI_reg[J]	core.a_reg[12]$_DFFE_PN0P_/Q	core.H0_reg[43]$_DFFE_PN0P_/D
66	0.8590	core.e_reg[I]	core.HI_reg[J]	core.e_reg[11]$_DFFE_PN0P_/Q	core.H4_reg[56]$_DFFE_PN0P_/D
67	0.8592	core.work_factor_ctr_reg[I]	core.e_reg[I]	core.work_factor_ctr_reg[13]$_DFFE_PN0P_/Q	core.e_reg[0]$_DFFE_PN0P_/D
68	0.8592	core.work_factor_ctr_reg[I]	core.f_reg[I]	core.work_factor_ctr_reg[13]$_DFFE_PN0P_/Q	core.f_reg[60]$_DFFE_PN0P_/D
69	0.8617	write_data[I]	work_factor_reg	write_data[7]	work_factor_reg$_DFFE_PN0P_/D
70	0.8638	core.work_factor_ctr_reg[I]	core.w_mem_inst.w_mem[I][J]	core.work_factor_ctr_reg[7]$_DFFE_PN0P_/Q	core.w_mem_inst.w_mem[15][55]$_DFFE_PN0P_/D
71	0.8660	core.work_factor_ctr_reg[I]	core.b_reg[I]	core.work_factor_ctr_reg[13]$_DFFE_PN0P_/Q	core.b_reg[36]$_DFFE_PN0P_/D
72	0.8660	core.work_factor_ctr_reg[I]	core.c_reg[I]	core.work_factor_ctr_reg[13]$_DFFE_PN0P_/Q	core.c_reg[12]$_DFFE_PN0P_/D
73	0.8660	core.work_factor_ctr_reg[I]	core.d_reg[I]	core.work_factor_ctr_reg[13]$_DFFE_PN0P_/Q	core.d_reg[0]$_DFFE_PN0P_/D
74	0.8743	core.g_reg[I]	core.HI_reg[J]	core.g_reg[31]$_DFFE_PN0P_/Q	core.H6_reg[63]$_DFFE_PN0P_/D
75	0.8755	work_factor_num_reg[I]	core.e_reg[I]	work_factor_num_reg[9]$_DFFE_PN0P_/QN	core.e_reg[0]$_DFFE_PN0P_/D
76	0.8755	work_factor_num_reg[I]	core.f_reg[I]	work_factor_num_reg[9]$_DFFE_PN0P_/QN	core.f_reg[60]$_DFFE_PN0P_/D
77	0.8764	core.d_reg[I]	core.e_reg[I]	core.d_reg[9]$_DFFE_PN0P_/Q	core.e_reg[62]$_DFFE_PN0P_/D
78	0.8811	core.d_reg[I]	core.HI_reg[J]	core.d_reg[0]$_DFFE_PN0P_/Q	core.H3_reg[62]$_DFFE_PN0P_/D
79	0.8823	work_factor_num_reg[I]	core.b_reg[I]	work_factor_num_reg[9]$_DFFE_PN0P_/QN	core.b_reg[36]$_DFFE_PN0P_/D
80	0.8823	work_factor_num_reg[I]	core.c_reg[I]	work_factor_num_reg[9]$_DFFE_PN0P_/QN	core.c_reg[12]$_DFFE_PN0P_/D
81	0.8823	work_factor_num_reg[I]	core.d_reg[I]	work_factor_num_reg[9]$_DFFE_PN0P_/QN	core.d_reg[0]$_DFFE_PN0P_/D
82	0.8839	core.work_factor_ctr_reg[I]	core.a_reg[I]	core.work_factor_ctr_reg[13]$_DFFE_PN0P_/Q	core.a_reg[0]$_DFFE_PN0P_/D
83	0.8839	core.work_factor_ctr_reg[I]	core.g_reg[I]	core.work_factor_ctr_reg[13]$_DFFE_PN0P_/Q	core.g_reg[14]$_DFFE_PN0P_/D
84	0.8839	core.work_factor_ctr_reg[I]	core.h_reg[I]	core.work_factor_ctr_reg[13]$_DFFE_PN0P_/Q	core.h_reg[53]$_DFFE_PN0P_/D
85	0.9002	work_factor_num_reg[I]	core.a_reg[I]	work_factor_num_reg[9]$_DFFE_PN0P_/QN	core.a_reg[0]$_DFFE_PN0P_/D
86	0.9002	work_factor_num_reg[I]	core.g_reg[I]	work_factor_num_reg[9]$_DFFE_PN0P_/QN	core.g_reg[14]$_DFFE_PN0P_/D
87	0.9002	work_factor_num_reg[I]	core.h_reg[I]	work_factor_num_reg[9]$_DFFE_PN0P_/QN	core.h_reg[53]$_DFFE_PN0P_/D
88	0.9003	work_factor_num_reg[I]	core.w_mem_inst.w_mem[I][J]	work_factor_num_reg[9]$_DFFE_PN0P_/QN	core.w_mem_inst.w_mem[9][31]$_DFFE_PN0P_/D
89	0.9224	core.work_factor_ctr_reg[I]	core.w_mem_inst.w_ctr_reg[I]	core.work_factor_ctr_reg[13]$_DFFE_PN0P_/Q	core.w_mem_inst.w_ctr_reg[0]$_DFFE_PN0P_/D
90	0.9339	core.work_factor_ctr_reg[I]	core.HI_reg[J]	core.work_factor_ctr_reg[25]$_DFFE_PN0P_/Q	core.H2_reg[60]$_DFFE_PN0P_/D
91	0.9387	core.round_ctr_reg[I]	core.k_data_reg[I]	core.round_ctr_reg[1]$_DFFE_PN0P_/Q	core.k_data_reg[4]$_DFF_PN0_/D
92	0.9388	work_factor_num_reg[I]	core.w_mem_inst.w_ctr_reg[I]	work_factor_num_reg[9]$_DFFE_PN0P_/QN	core.w_mem_inst.w_ctr_reg[0]$_DFFE_PN0P_/D
93	0.9569	work_factor_num_reg[I]	core.HI_reg[J]	work_factor_num_reg[9]$_DFFE_PN0P_/QN	core.H2_reg[60]$_DFFE_PN0P_/D
94	0.9696	core.work_factor_ctr_reg[I]	core.round_ctr_reg[I]	core.work_factor_ctr_reg[7]$_DFFE_PN0P_/Q	core.round_ctr_reg[5]$_DFFE_PN0P_/D
95	0.9902	core.work_factor_ctr_reg[I]	core.digest_valid_reg	core.work_factor_ctr_reg[13]$_DFFE_PN0P_/Q	core.digest_valid_reg$_DFFE_PN0P_/D
96	0.9906	core.work_factor_ctr_reg[I]	core.ready_reg	core.work_factor_ctr_reg[13]$_DFFE_PN0P_/Q	core.ready_reg$_DFFE_PN1P_/D
97	1.0066	work_factor_num_reg[I]	core.digest_valid_reg	work_factor_num_reg[9]$_DFFE_PN0P_/QN	core.digest_valid_reg$_DFFE_PN0P_/D
98	1.0069	work_factor_num_reg[I]	core.ready_reg	work_factor_num_reg[9]$_DFFE_PN0P_/QN	core.ready_reg$_DFFE_PN1P_/D
99	1.0141	core.work_factor_ctr_reg[I]	core.shaI_ctrl_reg[J]	core.work_factor_ctr_reg[13]$_DFFE_PN0P_/Q	core.sha512_ctrl_reg[0]$_DFF_PN1_/D
100	1.0179	work_factor_num_reg[I]	core.round_ctr_reg[I]	work_factor_num_reg[9]$_DFFE_PN0P_/QN	core.round_ctr_reg[3]$_DFFE_PN0P_/D
