# stage	1_synth
# top_module	ddr3_controller
# top_n	100
# kind	blocks
# skip_async	1
# include_full	1
# rank	worst_slack_ns	start	end	start_full	end_full
1	-0.3272	lane[I]	dq_target_index[I][J]	lane[1]$_SDFFE_PP0P_/Q	dq_target_index[1][3]$_SDFFCE_PN0P_/D
2	-0.2196	lane[I]	added_read_pipe[I]	lane[1]$_SDFFE_PP0P_/Q	added_read_pipe[0]$_SDFFCE_PN0P_/D
3	-0.1770	lane[I]	dqs_target_index[I]	lane[1]$_SDFFE_PP0P_/Q	dqs_target_index[0]$_SDFFE_PP0P_/D
4	-0.1268	i_phy_iserdes_bitslip_reference[I]	sample_clk_repeat[I]	i_phy_iserdes_bitslip_reference[25]	sample_clk_repeat[3]$_SDFFCE_PP0P_/D
5	-0.1222	i_phy_iserdes_bitslip_reference[I]	dqs_start_index_repeat	i_phy_iserdes_bitslip_reference[25]	dqs_start_index_repeat$_SDFFE_PP0P_/D
6	-0.1132	lane[I]	data_start_index[I][J]	lane[1]$_SDFFE_PP0P_/Q	data_start_index[0][5]$_SDFFCE_PN0P_/D
7	-0.1072	lane[I]	odelay_dqs_cntvaluein[I][J]	lane[1]$_SDFFE_PP0P_/Q	odelay_dqs_cntvaluein[1][1]$_SDFFCE_PN0P_/D
8	-0.1067	i_phy_iserdes_bitslip_reference[I]	lane[I]	i_phy_iserdes_bitslip_reference[25]	lane[2]$_SDFFE_PP0P_/D
9	-0.1043	dqs_start_index[I]	dqs_start_index[I]	dqs_start_index[1]$_SDFFE_PP0P_/Q	dqs_start_index[5]$_SDFFE_PP0P_/D
10	-0.0980	stageI_do_act	stageI_do_wr_or_rd	stage2_do_act$_SDFF_PP0_/Q	stage2_do_wr_or_rd$_SDFF_PP0_/D
11	-0.0976	lane[I]	idelay_dqs_cntvaluein[I][J]	lane[1]$_SDFFE_PP0P_/Q	idelay_dqs_cntvaluein[5][1]$_SDFFCE_PN0P_/D
12	-0.0974	i_phy_iserdes_bitslip_reference[I]	o_phy_write_leveling_calib	i_phy_iserdes_bitslip_reference[25]	o_phy_write_leveling_calib$_SDFFE_PP0P_/D
13	-0.0964	lane[I]	write_pattern_lane[I]	lane[1]$_SDFFE_PP0P_/Q	write_pattern_lane[0]$_SDFF_PP0_/D
14	-0.0958	i_phy_iserdes_bitslip_reference[I]	stored_write_level_feedback	i_phy_iserdes_bitslip_reference[25]	stored_write_level_feedback$_SDFFCE_PN0P_/D
15	-0.0935	lane[I]	odelay_data_cntvaluein[I][J]	lane[1]$_SDFFE_PP0P_/Q	odelay_data_cntvaluein[5][1]$_SDFFCE_PN0P_/D
16	-0.0932	dqs_start_index[I]	state_calibrate[I]	dqs_start_index[1]$_SDFFE_PP0P_/Q	state_calibrate[2]$_SDFFE_PP0P_/D
17	-0.0922	lane[I]	sample_clk_repeat[I]	lane[1]$_SDFFE_PP0P_/Q	sample_clk_repeat[3]$_SDFFCE_PP0P_/D
18	-0.0853	lane[I]	idelay_data_cntvaluein[I][J]	lane[1]$_SDFFE_PP0P_/Q	idelay_data_cntvaluein[0][1]$_SDFFCE_PN0P_/D
19	-0.0836	stageI_do_wr_or_rd	stageI_do_wr_or_rd	stage2_do_wr_or_rd$_SDFF_PP0_/Q	stage2_do_wr_or_rd$_SDFF_PP0_/D
20	-0.0834	stageI_do_rd	stageI_do_wr_or_rd	stage2_do_rd$_SDFF_PP0_/Q	stage2_do_wr_or_rd$_SDFF_PP0_/D
21	-0.0808	i_phy_iserdes_bitslip_reference[I]	prev_write_level_feedback	i_phy_iserdes_bitslip_reference[25]	prev_write_level_feedback$_SDFFE_PP1P_/D
22	-0.0796	stageI_do_act	stageI_do_pre	stage2_do_act$_SDFF_PP0_/Q	stage2_do_pre$_SDFF_PP0_/D
23	-0.0794	stageI_do_wr	stageI_do_wr_or_rd	stage2_do_wr$_SDFF_PP0_/Q	stage2_do_wr_or_rd$_SDFF_PP0_/D
24	-0.0794	lane[I]	dqs_start_index_repeat	lane[1]$_SDFFE_PP0P_/Q	dqs_start_index_repeat$_SDFFE_PP0P_/D
25	-0.0775	data_start_index[I][J]	data_start_index[I][J]	data_start_index[3][3]$_SDFFCE_PN0P_/Q	data_start_index[0][5]$_SDFFCE_PN0P_/D
26	-0.0773	i_phy_idelayctrl_rdy	read_test_address_counter[I]	i_phy_idelayctrl_rdy	read_test_address_counter[23]$_SDFFE_PP0P_/D
27	-0.0768	i_phy_iserdes_bitslip_reference[I]	dqs_start_index_stored[I]	i_phy_iserdes_bitslip_reference[25]	dqs_start_index_stored[5]$_SDFFE_PP0P_/D
28	-0.0747	dqs_start_index[I]	dqs_start_index_repeat	dqs_start_index[1]$_SDFFE_PP0P_/Q	dqs_start_index_repeat$_SDFFE_PP0P_/D
29	-0.0736	dqs_start_index[I]	o_phy_idelay_data_ld[I]	dqs_start_index[1]$_SDFFE_PP0P_/Q	o_phy_idelay_data_ld[0]$_SDFF_PP0_/D
30	-0.0723	lane[I]	lane[I]	lane[1]$_SDFFE_PP0P_/Q	lane[2]$_SDFFE_PP0P_/D
31	-0.0714	lane[I]	start_index_check[I]	lane[1]$_SDFFE_PP0P_/Q	start_index_check[5]$_SDFFCE_PN0P_/D
32	-0.0689	i_phy_idelayctrl_rdy	state_calibrate[I]	i_phy_idelayctrl_rdy	state_calibrate[2]$_SDFFE_PP0P_/D
33	-0.0676	stageI_do_pre	stageI_do_wr_or_rd	stage2_do_pre$_SDFF_PP0_/Q	stage2_do_wr_or_rd$_SDFF_PP0_/D
34	-0.0653	stageI_do_wr_or_rd	stageI_do_pre	stage2_do_wr_or_rd$_SDFF_PP0_/Q	stage2_do_pre$_SDFF_PP0_/D
35	-0.0652	i_phy_iserdes_bitslip_reference[I]	state_calibrate[I]	i_phy_iserdes_bitslip_reference[25]	state_calibrate[2]$_SDFFE_PP0P_/D
36	-0.0650	stageI_do_rd	stageI_do_pre	stage2_do_rd$_SDFF_PP0_/Q	stage2_do_pre$_SDFF_PP0_/D
37	-0.0641	lane[I]	state_calibrate[I]	lane[1]$_SDFFE_PP0P_/Q	state_calibrate[0]$_SDFFE_PP0P_/D
38	-0.0636	lane[I]	read_lane_data[I]	lane[1]$_SDFFE_PP0P_/Q	read_lane_data[10]$_SDFF_PP0_/D
39	-0.0629	lane[I]	o_phy_write_leveling_calib	lane[1]$_SDFFE_PP0P_/Q	o_phy_write_leveling_calib$_SDFFE_PP0P_/D
40	-0.0625	stageI_bank[J]	o_wb_stall_int_q	stage2_bank[1]$_SDFF_PP0_/QN	o_wb_stall_int_q$_SDFF_PP1_/D
41	-0.0612	lane[I]	stored_write_level_feedback	lane[1]$_SDFFE_PP0P_/Q	stored_write_level_feedback$_SDFFCE_PN0P_/D
42	-0.0610	stageI_do_wr	stageI_do_pre	stage2_do_wr$_SDFF_PP0_/Q	stage2_do_pre$_SDFF_PP0_/D
43	-0.0606	data_start_index[I][J]	write_pattern_lane[I]	data_start_index[3][3]$_SDFFCE_PN0P_/Q	write_pattern_lane[0]$_SDFF_PP0_/D
44	-0.0594	read_lane_data_shifted[I]	data_start_index[I][J]	read_lane_data_shifted[6]$_SDFF_PP0_/Q	data_start_index[2][0]$_SDFFCE_PN0P_/D
45	-0.0549	state_calibrate[I]	read_test_address_counter[I]	state_calibrate[2]$_SDFFE_PP0P_/Q	read_test_address_counter[23]$_SDFFE_PP0P_/D
46	-0.0547	o_aux[I]	state_calibrate[I]	o_aux[8]$_DFFE_PN_/Q	state_calibrate[2]$_SDFFE_PP0P_/D
47	-0.0535	stageI_bank[J]	stageI_do_wr_or_rd	stage2_bank[2]$_SDFF_PP0_/Q	stage2_do_wr_or_rd$_SDFF_PP0_/D
48	-0.0514	dqs_start_index[I]	delay_before_read_data[I]	dqs_start_index[1]$_SDFFE_PP0P_/Q	delay_before_read_data[1]$_SDFF_PP0_/D
49	-0.0492	stageI_do_pre	stageI_do_pre	stage2_do_pre$_SDFF_PP0_/Q	stage2_do_pre$_SDFF_PP0_/D
50	-0.0477	stageI_do_act	o_wb_stall_int_q	stage2_do_act$_SDFF_PP0_/Q	o_wb_stall_int_q$_SDFF_PP1_/D
51	-0.0477	dqs_store[I]	dqs_start_index[I]	dqs_store[19]$_SDFFE_PP0P_/Q	dqs_start_index[5]$_SDFFE_PP0P_/D
52	-0.0465	dqs_store[I]	state_calibrate[I]	dqs_store[19]$_SDFFE_PP0P_/Q	state_calibrate[2]$_SDFFE_PP0P_/D
53	-0.0463	lane[I]	prev_write_level_feedback	lane[1]$_SDFFE_PP0P_/Q	prev_write_level_feedback$_SDFFE_PP1P_/D
54	-0.0452	lane[I]	lane_write_dq_late[I]	lane[1]$_SDFFE_PP0P_/Q	lane_write_dq_late[4]$_SDFFE_PP0P_/D
55	-0.0448	lane[I]	dqs_bitslip_arrangement[I]	lane[1]$_SDFFE_PP0P_/Q	dqs_bitslip_arrangement[1]$_SDFFE_PP0P_/D
56	-0.0437	lane[I]	dqs_store[I]	lane[1]$_SDFFE_PP0P_/Q	dqs_store[39]$_SDFFE_PP0P_/D
57	-0.0423	i_phy_iserdes_bitslip_reference[I]	initial_dqs	i_phy_iserdes_bitslip_reference[25]	initial_dqs$_SDFFE_PP1P_/D
58	-0.0422	instruction_address[I]	calib_data[I]	instruction_address[1]$_SDFF_PP0_/Q	calib_data[116]$_SDFFE_PP0P_/D
59	-0.0420	data_start_index[I][J]	unaligned_data[I][J]	data_start_index[3][1]$_SDFFCE_PN0P_/Q	unaligned_data[3][63]$_SDFF_PP0_/D
60	-0.0396	write_pattern[I]	data_start_index[I][J]	write_pattern[0]$_SDFFE_PP0P_/Q	data_start_index[2][0]$_SDFFCE_PN0P_/D
61	-0.0394	lane[I]	added_read_pipe_max	lane[1]$_SDFFE_PP0P_/Q	added_read_pipe_max$_SDFFE_PP0P_/D
62	-0.0391	idelay_data_cntvaluein[I][J]	dq_target_index[I][J]	idelay_data_cntvaluein[3][0]$_SDFFCE_PN0P_/Q	dq_target_index[1][3]$_SDFFCE_PN0P_/D
63	-0.0384	state_calibrate[I]	state_calibrate[I]	state_calibrate[3]$_SDFFE_PP0P_/Q	state_calibrate[2]$_SDFFE_PP0P_/D
64	-0.0369	read_test_address_counter[I]	state_calibrate[I]	read_test_address_counter[1]$_SDFFE_PP0P_/Q	state_calibrate[2]$_SDFFE_PP0P_/D
65	-0.0361	stageI_do_pre	o_wb_stall_int_q	stage2_do_pre$_SDFF_PP0_/Q	o_wb_stall_int_q$_SDFF_PP1_/D
66	-0.0351	stageI_bank[J]	stageI_do_pre	stage2_bank[2]$_SDFF_PP0_/Q	stage2_do_pre$_SDFF_PP0_/D
67	-0.0341	stageI_pending	stageI_do_wr_or_rd	stage2_pending$_SDFFE_PP0P_/Q	stage2_do_wr_or_rd$_SDFF_PP0_/D
68	-0.0341	lane[I]	dqs_start_index_stored[I]	lane[1]$_SDFFE_PP0P_/Q	dqs_start_index_stored[5]$_SDFFE_PP0P_/D
69	-0.0338	stageI_do_wr	o_wb_stall_int_q	stage2_do_wr$_SDFF_PP0_/Q	o_wb_stall_int_q$_SDFF_PP1_/D
70	-0.0335	stageI_bank[J]	stageI_do_wr_or_rd	stage1_bank[2]$_SDFFE_PP0P_/Q	stage2_do_wr_or_rd$_SDFF_PP0_/D
71	-0.0310	data_start_index[I][J]	stageI_data[J][K]	data_start_index[0][1]$_SDFFCE_PN0P_/Q	stage2_data[1][454]$_SDFF_PP0_/D
72	-0.0298	stageI_do_pre	o_phy_cmd[I]	stage2_do_pre$_SDFF_PP0_/Q	o_phy_cmd[19]
73	-0.0289	stageI_bank[J]	o_wb_stall_int_q	stage1_bank[2]$_SDFFE_PP0P_/Q	o_wb_stall_int_q$_SDFF_PP1_/D
74	-0.0285	state_calibrate[I]	data_start_index[I][J]	state_calibrate[3]$_SDFFE_PP0P_/QN	data_start_index[0][0]$_SDFFCE_PN0P_/D
75	-0.0279	dqs_store[I]	dqs_start_index_repeat	dqs_store[19]$_SDFFE_PP0P_/Q	dqs_start_index_repeat$_SDFFE_PP0P_/D
76	-0.0272	stageI_pending	o_wb_stall_int_q	stage2_pending$_SDFFE_PP0P_/Q	o_wb_stall_int_q$_SDFF_PP1_/D
77	-0.0230	dqs_start_index[I]	initial_dqs	dqs_start_index[1]$_SDFFE_PP0P_/Q	initial_dqs$_SDFFE_PP1P_/D
78	-0.0219	dqs_store[I]	o_phy_idelay_data_ld[I]	dqs_store[19]$_SDFFE_PP0P_/Q	o_phy_idelay_data_ld[0]$_SDFF_PP0_/D
79	-0.0213	i_phy_iserdes_bitslip_reference[I]	added_read_pipe_max	i_phy_iserdes_bitslip_reference[25]	added_read_pipe_max$_SDFFE_PP0P_/D
80	-0.0212	data_start_index[I][J]	start_index_check[I]	data_start_index[2][1]$_SDFFCE_PN0P_/Q	start_index_check[5]$_SDFFCE_PN0P_/D
81	-0.0206	stageI_pending	o_phy_cmd[I]	stage2_pending$_SDFFE_PP0P_/Q	o_phy_cmd[19]
82	-0.0187	i_wb_cyc	stageI_data[J]	i_wb_cyc	stage1_data[436]$_SDFFE_PP0P_/D
83	-0.0184	i_phy_iserdes_bitslip_reference[I]	o_phy_bitslip[I]	i_phy_iserdes_bitslip_reference[26]	o_phy_bitslip[0]$_SDFF_PP0_/D
84	-0.0176	read_lane_data_shifted[I]	added_read_pipe[I]	read_lane_data_shifted[6]$_SDFF_PP0_/Q	added_read_pipe[0]$_SDFFCE_PN0P_/D
85	-0.0172	read_lane_data_shifted[I]	dqs_bitslip_arrangement[I]	read_lane_data_shifted[6]$_SDFF_PP0_/Q	dqs_bitslip_arrangement[1]$_SDFFE_PP0P_/D
86	-0.0171	stageI_do_act	o_phy_cmd[I]	stage2_do_act$_SDFF_PP0_/Q	o_phy_cmd[19]
87	-0.0165	i_phy_iserdes_bitslip_reference[I]	train_delay[I]	i_phy_iserdes_bitslip_reference[26]	train_delay[0]$_SDFF_PP0_/D
88	-0.0157	stageI_pending	stageI_do_pre	stage2_pending$_SDFFE_PP0P_/Q	stage2_do_pre$_SDFF_PP0_/D
89	-0.0151	stageI_bank[J]	stageI_do_pre	stage1_bank[2]$_SDFFE_PP0P_/Q	stage2_do_pre$_SDFF_PP0_/D
90	-0.0140	lane[I]	o_phy_idelay_data_ld[I]	lane[0]$_SDFFE_PP0P_/Q	o_phy_idelay_data_ld[7]$_SDFF_PP0_/D
91	-0.0139	data_start_index[I][J]	state_calibrate[I]	data_start_index[2][1]$_SDFFCE_PN0P_/Q	state_calibrate[0]$_SDFFE_PP0P_/D
92	-0.0088	instruction_address[I]	read_test_address_counter[I]	instruction_address[4]$_SDFF_PP0_/Q	read_test_address_counter[23]$_SDFFE_PP0P_/D
93	-0.0083	write_test_address_counter[I]	state_calibrate[I]	write_test_address_counter[1]$_SDFFE_PP0P_/Q	state_calibrate[2]$_SDFFE_PP0P_/D
94	-0.0063	instruction_address[I]	state_calibrate[I]	instruction_address[1]$_SDFF_PP0_/Q	state_calibrate[2]$_SDFFE_PP0P_/D
95	-0.0060	data_start_index[I][J]	stageI_data[J][K]	data_start_index[2][1]$_SDFFCE_PN0P_/Q	stage2_data[0][470]$_SDFFE_PP0N_/D
96	-0.0057	lane[I]	o_phy_odelay_data_ld[I]	lane[0]$_SDFFE_PP0P_/Q	o_phy_odelay_data_ld[7]$_SDFF_PP0_/D
97	-0.0047	dqs_store[I]	delay_before_read_data[I]	dqs_store[19]$_SDFFE_PP0P_/Q	delay_before_read_data[1]$_SDFF_PP0_/D
98	-0.0042	o_aux[I]	check_test_address_counter[I]	o_aux[2]$_DFFE_PN_/Q	check_test_address_counter[23]$_SDFFE_PP0P_/D
99	-0.0019	state_calibrate[I]	write_test_address_counter[I]	state_calibrate[0]$_SDFFE_PP0P_/QN	write_test_address_counter[11]$_SDFFE_PP0P_/D
100	-0.0015	lane[I]	lane_read_dq_early[I]	lane[0]$_SDFFE_PP0P_/Q	lane_read_dq_early[7]$_SDFFE_PP0P_/D
