# stage	1_synth
# top_module	aes
# top_n	1000
# kind	blocks
# skip_async	1
# include_full	1
# rank	worst_slack_ns	start	end	start_full	end_full
1	-0.2278	encdec_reg	core.dec_block.block_wI_reg[J]	encdec_reg$_DFFE_PN0P_/Q	core.dec_block.block_w3_reg[28]$_DFFE_PN0P_/D
2	-0.2239	core.keymem.prev_keyI_reg[J]	core.keymem.key_mem[I][J]	core.keymem.prev_key1_reg[16]$_DFFE_PN0P_/Q	core.keymem.key_mem[13][59]$_DFFE_PN0P_/D
3	-0.2166	core.enc_block.round_ctr_reg[I]	core.dec_block.block_wI_reg[J]	core.enc_block.round_ctr_reg[2]$_DFFE_PN0P_/Q	core.dec_block.block_w3_reg[28]$_DFFE_PN0P_/D
4	-0.2071	core.dec_block.round_ctr_reg[I]	core.dec_block.block_wI_reg[J]	core.dec_block.round_ctr_reg[0]$_DFFE_PN0P_/Q	core.dec_block.block_w3_reg[28]$_DFFE_PN0P_/D
5	-0.2008	core.enc_block.sword_ctr_reg[I]	core.enc_block.block_wI_reg[J]	core.enc_block.sword_ctr_reg[1]$_DFFE_PN0P_/Q	core.enc_block.block_w2_reg[8]$_DFFE_PN0P_/D
6	-0.1667	core.keymem.prev_keyI_reg[J]	core.keymem.prev_keyI_reg[J]	core.keymem.prev_key1_reg[16]$_DFFE_PN0P_/Q	core.keymem.prev_key1_reg[27]$_DFFE_PN0P_/D
7	-0.1411	core.enc_block.enc_ctrl_reg[I]	core.enc_block.block_wI_reg[J]	core.enc_block.enc_ctrl_reg[1]$_DFF_PN0_/Q	core.enc_block.block_w2_reg[8]$_DFFE_PN0P_/D
8	-0.1355	core.enc_block.block_wI_reg[J]	core.enc_block.block_wI_reg[J]	core.enc_block.block_w2_reg[1]$_DFFE_PN0P_/Q	core.enc_block.block_w1_reg[7]$_DFFE_PN0P_/D
9	-0.0703	core.dec_block.block_wI_reg[J]	core.dec_block.block_wI_reg[J]	core.dec_block.block_w2_reg[8]$_DFFE_PN0P_/Q	core.dec_block.block_w2_reg[12]$_DFFE_PN0P_/D
10	-0.0423	core.keymem.key_mem[I][J]	core.dec_block.block_wI_reg[J]	core.keymem.key_mem[5][6]$_DFFE_PN0P_/Q	core.dec_block.block_w3_reg[28]$_DFFE_PN0P_/D
11	-0.0244	core.enc_block.round_ctr_reg[I]	core.enc_block.block_wI_reg[J]	core.enc_block.round_ctr_reg[1]$_DFFE_PN0P_/Q	core.enc_block.block_w2_reg[23]$_DFFE_PN0P_/D
12	0.0104	address[I]	read_data_reg[I]	address[1]	read_data_reg[23]$_DFF_PN0_/D
13	0.0247	address[I]	block_reg[I][J]	address[1]	block_reg[0][10]$_DFFE_PN0P_/D
14	0.0546	core.dec_block.round_ctr_reg[I]	core.enc_block.block_wI_reg[J]	core.dec_block.round_ctr_reg[0]$_DFFE_PN0P_/Q	core.enc_block.block_w2_reg[12]$_DFFE_PN0P_/D
15	0.0547	address[I]	key_reg[I][J]	address[1]	key_reg[0][10]$_DFFE_PN0P_/D
16	0.0570	encdec_reg	core.enc_block.block_wI_reg[J]	encdec_reg$_DFFE_PN0P_/Q	core.enc_block.block_w2_reg[12]$_DFFE_PN0P_/D
17	0.0930	we	key_reg[I][J]	we	key_reg[0][10]$_DFFE_PN0P_/D
18	0.1225	keylen_reg	core.enc_block.block_wI_reg[J]	keylen_reg$_DFFE_PN0P_/QN	core.enc_block.block_w2_reg[23]$_DFFE_PN0P_/D
19	0.1244	core.keymem.round_ctr_reg[I]	core.keymem.key_mem[I][J]	core.keymem.round_ctr_reg[3]$_DFFE_PN0P_/Q	core.keymem.key_mem[10][126]$_DFFE_PN0P_/D
20	0.1333	cs	key_reg[I][J]	cs	key_reg[0][10]$_DFFE_PN0P_/D
21	0.1517	core.enc_block.enc_ctrl_reg[I]	core.enc_block.enc_ctrl_reg[I]	core.enc_block.enc_ctrl_reg[1]$_DFF_PN0_/Q	core.enc_block.enc_ctrl_reg[2]$_DFF_PN0_/D
22	0.1621	core.keymem.round_ctr_reg[I]	core.keymem.prev_keyI_reg[J]	core.keymem.round_ctr_reg[3]$_DFFE_PN0P_/Q	core.keymem.prev_key0_reg[101]$_DFFE_PN0P_/D
23	0.1722	core.keymem.rcon_reg[I]	core.keymem.key_mem[I][J]	core.keymem.rcon_reg[7]$_DFFE_PN0P_/Q	core.keymem.key_mem[10][31]$_DFFE_PN0P_/D
24	0.2014	we	block_reg[I][J]	we	block_reg[0][10]$_DFFE_PN0P_/D
25	0.2112	address[I]	encdec_reg	address[7]	encdec_reg$_DFFE_PN0P_/D
26	0.2112	address[I]	keylen_reg	address[7]	keylen_reg$_DFFE_PN0P_/D
27	0.2141	core.dec_block.dec_ctrl_reg[I]	core.dec_block.block_wI_reg[J]	core.dec_block.dec_ctrl_reg[3]$_DFF_PN0_/Q	core.dec_block.block_w3_reg[27]$_DFFE_PN0P_/D
28	0.2151	encdec_reg	core.aes_core_ctrl_reg[I]	encdec_reg$_DFFE_PN0P_/Q	core.aes_core_ctrl_reg[1]$_DFF_PN0_/D
29	0.2303	keylen_reg	core.keymem.key_mem[I][J]	keylen_reg$_DFFE_PN0P_/Q	core.keymem.key_mem[0][70]$_DFFE_PN0P_/D
30	0.2309	encdec_reg	result_reg[I]	encdec_reg$_DFFE_PN0P_/Q	result_reg[42]$_DFF_PN0_/D
31	0.2352	encdec_reg	core.enc_block.enc_ctrl_reg[I]	encdec_reg$_DFFE_PN0P_/Q	core.enc_block.enc_ctrl_reg[2]$_DFF_PN0_/D
32	0.2394	we	read_data_reg[I]	we	read_data_reg[23]$_DFF_PN0_/D
33	0.2399	cs	block_reg[I][J]	cs	block_reg[0][10]$_DFFE_PN0P_/D
34	0.2403	core.keymem.key_mem_ctrl_reg[I]	core.keymem.key_mem[I][J]	core.keymem.key_mem_ctrl_reg[1]$_DFF_PN0_/Q	core.keymem.key_mem[6][121]$_DFFE_PN0P_/D
35	0.2579	core.keymem.rcon_reg[I]	core.keymem.prev_keyI_reg[J]	core.keymem.rcon_reg[7]$_DFFE_PN0P_/Q	core.keymem.prev_key1_reg[31]$_DFFE_PN0P_/D
36	0.2598	encdec_reg	encdec_reg	encdec_reg$_DFFE_PN0P_/Q	encdec_reg$_DFFE_PN0P_/D
37	0.2687	keylen_reg	core.keymem.prev_keyI_reg[J]	keylen_reg$_DFFE_PN0P_/Q	core.keymem.prev_key1_reg[9]$_DFFE_PN0P_/D
38	0.2714	encdec_reg	core.enc_block.round_ctr_reg[I]	encdec_reg$_DFFE_PN0P_/Q	core.enc_block.round_ctr_reg[2]$_DFFE_PN0P_/D
39	0.2716	encdec_reg	core.ready_reg	encdec_reg$_DFFE_PN0P_/Q	core.ready_reg$_DFFE_PN1P_/D
40	0.2721	cs	read_data_reg[I]	cs	read_data_reg[23]$_DFF_PN0_/D
41	0.2787	core.dec_block.sword_ctr_reg[I]	core.dec_block.block_wI_reg[J]	core.dec_block.sword_ctr_reg[1]$_DFFE_PN0P_/Q	core.dec_block.block_w3_reg[14]$_DFFE_PN0P_/D
42	0.2806	we	encdec_reg	we	encdec_reg$_DFFE_PN0P_/D
43	0.2806	we	keylen_reg	we	keylen_reg$_DFFE_PN0P_/D
44	0.2806	encdec_reg	core.enc_block.ready_reg	encdec_reg$_DFFE_PN0P_/Q	core.enc_block.ready_reg$_DFFE_PN1P_/D
45	0.2808	address[I]	init_reg	address[7]	init_reg$_DFF_PN0_/D
46	0.2808	address[I]	next_reg	address[7]	next_reg$_DFF_PN0_/D
47	0.2826	encdec_reg	core.dec_block.round_ctr_reg[I]	encdec_reg$_DFFE_PN0P_/Q	core.dec_block.round_ctr_reg[2]$_DFFE_PN0P_/D
48	0.2907	core.keymem.key_mem[I][J]	core.enc_block.block_wI_reg[J]	core.keymem.key_mem[6][30]$_DFFE_PN0P_/Q	core.enc_block.block_w3_reg[30]$_DFFE_PN0P_/D
49	0.2935	core.keymem.round_ctr_reg[I]	core.keymem.rcon_reg[I]	core.keymem.round_ctr_reg[3]$_DFFE_PN0P_/Q	core.keymem.rcon_reg[0]$_DFFE_PN0P_/D
50	0.2980	core.dec_block.dec_ctrl_reg[I]	core.dec_block.dec_ctrl_reg[I]	core.dec_block.dec_ctrl_reg[2]$_DFF_PN0_/Q	core.dec_block.dec_ctrl_reg[2]$_DFF_PN0_/D
51	0.3008	encdec_reg	read_data_reg[I]	encdec_reg$_DFFE_PN0P_/Q	read_data_reg[2]$_DFF_PN0_/D
52	0.3028	encdec_reg	core.result_valid_reg	encdec_reg$_DFFE_PN0P_/Q	core.result_valid_reg$_DFFE_PN0P_/D
53	0.3199	keylen_reg	core.keymem.rcon_reg[I]	keylen_reg$_DFFE_PN0P_/Q	core.keymem.rcon_reg[0]$_DFFE_PN0P_/D
54	0.3206	cs	encdec_reg	cs	encdec_reg$_DFFE_PN0P_/D
55	0.3206	cs	keylen_reg	cs	keylen_reg$_DFFE_PN0P_/D
56	0.3210	encdec_reg	core.dec_block.ready_reg	encdec_reg$_DFFE_PN0P_/Q	core.dec_block.ready_reg$_DFFE_PN1P_/D
57	0.3520	write_data[I]	key_reg[I][J]	write_data[29]	key_reg[3][29]$_DFFE_PN0P_/D
58	0.3522	write_data[I]	encdec_reg	write_data[0]	encdec_reg$_DFFE_PN0P_/D
59	0.3522	write_data[I]	keylen_reg	write_data[1]	keylen_reg$_DFFE_PN0P_/D
60	0.3523	write_data[I]	block_reg[I][J]	write_data[10]	block_reg[0][10]$_DFFE_PN0P_/D
61	0.3543	we	init_reg	we	init_reg$_DFF_PN0_/D
62	0.3543	we	next_reg	we	next_reg$_DFF_PN0_/D
63	0.3545	keylen_reg	read_data_reg[I]	keylen_reg$_DFFE_PN0P_/Q	read_data_reg[3]$_DFF_PN0_/D
64	0.3629	keylen_reg	core.dec_block.round_ctr_reg[I]	keylen_reg$_DFFE_PN0P_/Q	core.dec_block.round_ctr_reg[2]$_DFFE_PN0P_/D
65	0.3632	keylen_reg	keylen_reg	keylen_reg$_DFFE_PN0P_/Q	keylen_reg$_DFFE_PN0P_/D
66	0.3640	core.keymem.key_mem_ctrl_reg[I]	core.keymem.prev_keyI_reg[J]	core.keymem.key_mem_ctrl_reg[1]$_DFF_PN0_/Q	core.keymem.prev_key1_reg[123]$_DFFE_PN0P_/D
67	0.3817	write_data[I]	init_reg	write_data[0]	init_reg$_DFF_PN0_/D
68	0.3817	write_data[I]	next_reg	write_data[1]	next_reg$_DFF_PN0_/D
69	0.3854	core.keymem.key_mem_ctrl_reg[I]	core.keymem.round_ctr_reg[I]	core.keymem.key_mem_ctrl_reg[1]$_DFF_PN0_/Q	core.keymem.round_ctr_reg[0]$_DFFE_PN0P_/D
70	0.3943	cs	init_reg	cs	init_reg$_DFF_PN0_/D
71	0.3943	cs	next_reg	cs	next_reg$_DFF_PN0_/D
72	0.4062	read_data_reg[I]	read_data[I]	read_data_reg[0]$_DFF_PN0_/Q	read_data[0]
73	0.4085	key_reg[I][J]	core.keymem.key_mem[I][J]	key_reg[0][12]$_DFFE_PN0P_/Q	core.keymem.key_mem[0][108]$_DFFE_PN0P_/D
74	0.4089	core.dec_block.round_ctr_reg[I]	core.dec_block.round_ctr_reg[I]	core.dec_block.round_ctr_reg[1]$_DFFE_PN0P_/Q	core.dec_block.round_ctr_reg[3]$_DFFE_PN0P_/D
75	0.4092	core.enc_block.round_ctr_reg[I]	core.enc_block.round_ctr_reg[I]	core.enc_block.round_ctr_reg[1]$_DFFE_PN0P_/Q	core.enc_block.round_ctr_reg[3]$_DFFE_PN0P_/D
76	0.4108	core.enc_block.round_ctr_reg[I]	core.enc_block.enc_ctrl_reg[I]	core.enc_block.round_ctr_reg[1]$_DFFE_PN0P_/Q	core.enc_block.enc_ctrl_reg[1]$_DFF_PN0_/D
77	0.4109	core.keymem.key_mem_ctrl_reg[I]	core.keymem.key_mem_ctrl_reg[I]	core.keymem.key_mem_ctrl_reg[1]$_DFF_PN0_/Q	core.keymem.key_mem_ctrl_reg[0]$_DFF_PN1_/D
78	0.4128	encdec_reg	core.dec_block.dec_ctrl_reg[I]	encdec_reg$_DFFE_PN0P_/Q	core.dec_block.dec_ctrl_reg[2]$_DFF_PN0_/D
79	0.4157	core.keymem.key_mem_ctrl_reg[I]	core.keymem.rcon_reg[I]	core.keymem.key_mem_ctrl_reg[1]$_DFF_PN0_/Q	core.keymem.rcon_reg[0]$_DFFE_PN0P_/D
80	0.4179	keylen_reg	core.keymem.key_mem_ctrl_reg[I]	keylen_reg$_DFFE_PN0P_/Q	core.keymem.key_mem_ctrl_reg[2]$_DFF_PN0_/D
81	0.4225	block_reg[I][J]	core.dec_block.block_wI_reg[J]	block_reg[3][11]$_DFFE_PN0P_/Q	core.dec_block.block_w1_reg[11]$_DFFE_PN0P_/D
82	0.4258	core.keymem.round_ctr_reg[I]	core.keymem.round_ctr_reg[I]	core.keymem.round_ctr_reg[0]$_DFFE_PN0P_/Q	core.keymem.round_ctr_reg[3]$_DFFE_PN0P_/D
83	0.4259	core.enc_block.sword_ctr_reg[I]	core.enc_block.enc_ctrl_reg[I]	core.enc_block.sword_ctr_reg[1]$_DFFE_PN0P_/Q	core.enc_block.enc_ctrl_reg[0]$_DFF_PN1_/D
84	0.4356	next_reg	core.dec_block.round_ctr_reg[I]	next_reg$_DFF_PN0_/Q	core.dec_block.round_ctr_reg[2]$_DFFE_PN0P_/D
85	0.4411	core.enc_block.round_ctr_reg[I]	core.enc_block.ready_reg	core.enc_block.round_ctr_reg[1]$_DFFE_PN0P_/Q	core.enc_block.ready_reg$_DFFE_PN1P_/D
86	0.4566	core.dec_block.dec_ctrl_reg[I]	core.dec_block.round_ctr_reg[I]	core.dec_block.dec_ctrl_reg[2]$_DFF_PN0_/Q	core.dec_block.round_ctr_reg[2]$_DFFE_PN0P_/D
87	0.4741	next_reg	core.dec_block.ready_reg	next_reg$_DFF_PN0_/Q	core.dec_block.ready_reg$_DFFE_PN1P_/D
88	0.4754	core.keymem.round_ctr_reg[I]	core.keymem.key_mem_ctrl_reg[I]	core.keymem.round_ctr_reg[1]$_DFFE_PN0P_/Q	core.keymem.key_mem_ctrl_reg[2]$_DFF_PN0_/D
89	0.4830	core.dec_block.sword_ctr_reg[I]	core.dec_block.round_ctr_reg[I]	core.dec_block.sword_ctr_reg[1]$_DFFE_PN0P_/Q	core.dec_block.round_ctr_reg[2]$_DFFE_PN0P_/D
90	0.5108	core.dec_block.dec_ctrl_reg[I]	core.dec_block.ready_reg	core.dec_block.dec_ctrl_reg[2]$_DFF_PN0_/Q	core.dec_block.ready_reg$_DFFE_PN1P_/D
91	0.5149	key_reg[I][J]	core.keymem.prev_keyI_reg[J]	key_reg[3][16]$_DFFE_PN0P_/Q	core.keymem.prev_key1_reg[16]$_DFFE_PN0P_/D
92	0.5182	next_reg	core.enc_block.round_ctr_reg[I]	next_reg$_DFF_PN0_/Q	core.enc_block.round_ctr_reg[2]$_DFFE_PN0P_/D
93	0.5192	core.enc_block.ready_reg	core.aes_core_ctrl_reg[I]	core.enc_block.ready_reg$_DFFE_PN1P_/Q	core.aes_core_ctrl_reg[1]$_DFF_PN0_/D
94	0.5195	core.dec_block.ready_reg	core.aes_core_ctrl_reg[I]	core.dec_block.ready_reg$_DFFE_PN1P_/Q	core.aes_core_ctrl_reg[1]$_DFF_PN0_/D
95	0.5236	core.enc_block.enc_ctrl_reg[I]	core.enc_block.round_ctr_reg[I]	core.enc_block.enc_ctrl_reg[2]$_DFF_PN0_/Q	core.enc_block.round_ctr_reg[2]$_DFFE_PN0P_/D
96	0.5274	next_reg	core.enc_block.ready_reg	next_reg$_DFF_PN0_/Q	core.enc_block.ready_reg$_DFFE_PN1P_/D
97	0.5298	block_reg[I][J]	core.enc_block.block_wI_reg[J]	block_reg[2][15]$_DFFE_PN0P_/Q	core.enc_block.block_w2_reg[15]$_DFFE_PN0P_/D
98	0.5329	core.enc_block.enc_ctrl_reg[I]	core.enc_block.ready_reg	core.enc_block.enc_ctrl_reg[2]$_DFF_PN0_/Q	core.enc_block.ready_reg$_DFFE_PN1P_/D
99	0.5434	init_reg	core.aes_core_ctrl_reg[I]	init_reg$_DFF_PN0_/Q	core.aes_core_ctrl_reg[1]$_DFF_PN0_/D
100	0.5453	result_reg[I]	read_data_reg[I]	result_reg[2]$_DFF_PN0_/Q	read_data_reg[2]$_DFF_PN0_/D
101	0.5463	next_reg	core.aes_core_ctrl_reg[I]	next_reg$_DFF_PN0_/Q	core.aes_core_ctrl_reg[1]$_DFF_PN0_/D
102	0.5537	core.dec_block.block_wI_reg[J]	result_reg[I]	core.dec_block.block_w3_reg[2]$_DFFE_PN0P_/Q	result_reg[2]$_DFF_PN0_/D
103	0.5567	core.enc_block.enc_ctrl_reg[I]	core.enc_block.sword_ctr_reg[I]	core.enc_block.enc_ctrl_reg[2]$_DFF_PN0_/Q	core.enc_block.sword_ctr_reg[0]$_DFFE_PN0P_/D
104	0.5576	keylen_reg	core.enc_block.enc_ctrl_reg[I]	keylen_reg$_DFFE_PN0P_/QN	core.enc_block.enc_ctrl_reg[1]$_DFF_PN0_/D
105	0.5583	core.keymem.rcon_reg[I]	core.keymem.rcon_reg[I]	core.keymem.rcon_reg[7]$_DFFE_PN0P_/Q	core.keymem.rcon_reg[3]$_DFFE_PN0P_/D
106	0.5604	core.dec_block.sword_ctr_reg[I]	core.dec_block.dec_ctrl_reg[I]	core.dec_block.sword_ctr_reg[1]$_DFFE_PN0P_/Q	core.dec_block.dec_ctrl_reg[2]$_DFF_PN0_/D
107	0.5623	core.enc_block.block_wI_reg[J]	result_reg[I]	core.enc_block.block_w0_reg[23]$_DFFE_PN0P_/Q	result_reg[119]$_DFF_PN0_/D
108	0.5638	next_reg	read_data_reg[I]	next_reg$_DFF_PN0_/Q	read_data_reg[1]$_DFF_PN0_/D
109	0.5659	next_reg	core.dec_block.dec_ctrl_reg[I]	next_reg$_DFF_PN0_/Q	core.dec_block.dec_ctrl_reg[2]$_DFF_PN0_/D
110	0.5666	init_reg	read_data_reg[I]	init_reg$_DFF_PN0_/Q	read_data_reg[0]$_DFF_PN0_/D
111	0.5677	core.aes_core_ctrl_reg[I]	core.aes_core_ctrl_reg[I]	core.aes_core_ctrl_reg[1]$_DFF_PN0_/Q	core.aes_core_ctrl_reg[1]$_DFF_PN0_/D
112	0.5735	core.dec_block.round_ctr_reg[I]	core.dec_block.dec_ctrl_reg[I]	core.dec_block.round_ctr_reg[1]$_DFFE_PN0P_/QN	core.dec_block.dec_ctrl_reg[0]$_DFF_PN1_/D
113	0.5758	core.enc_block.ready_reg	core.ready_reg	core.enc_block.ready_reg$_DFFE_PN1P_/Q	core.ready_reg$_DFFE_PN1P_/D
114	0.5760	core.dec_block.ready_reg	core.ready_reg	core.dec_block.ready_reg$_DFFE_PN1P_/Q	core.ready_reg$_DFFE_PN1P_/D
115	0.5760	init_reg	core.result_valid_reg	init_reg$_DFF_PN0_/Q	core.result_valid_reg$_DFFE_PN0P_/D
116	0.5764	core.dec_block.sword_ctr_reg[I]	core.dec_block.sword_ctr_reg[I]	core.dec_block.sword_ctr_reg[1]$_DFFE_PN0P_/QN	core.dec_block.sword_ctr_reg[1]$_DFFE_PN0P_/D
117	0.5764	core.enc_block.sword_ctr_reg[I]	core.enc_block.sword_ctr_reg[I]	core.enc_block.sword_ctr_reg[1]$_DFFE_PN0P_/QN	core.enc_block.sword_ctr_reg[1]$_DFFE_PN0P_/D
118	0.5789	next_reg	core.result_valid_reg	next_reg$_DFF_PN0_/Q	core.result_valid_reg$_DFFE_PN0P_/D
119	0.5814	core.dec_block.round_ctr_reg[I]	core.dec_block.ready_reg	core.dec_block.round_ctr_reg[1]$_DFFE_PN0P_/QN	core.dec_block.ready_reg$_DFFE_PN1P_/D
120	0.5876	core.dec_block.dec_ctrl_reg[I]	core.dec_block.sword_ctr_reg[I]	core.dec_block.dec_ctrl_reg[2]$_DFF_PN0_/Q	core.dec_block.sword_ctr_reg[0]$_DFFE_PN0P_/D
121	0.5880	keylen_reg	core.enc_block.ready_reg	keylen_reg$_DFFE_PN0P_/QN	core.enc_block.ready_reg$_DFFE_PN1P_/D
122	0.5905	core.keymem.ready_reg	core.aes_core_ctrl_reg[I]	core.keymem.ready_reg$_DFFE_PN1P_/Q	core.aes_core_ctrl_reg[1]$_DFF_PN0_/D
123	0.5930	next_reg	core.enc_block.enc_ctrl_reg[I]	next_reg$_DFF_PN0_/Q	core.enc_block.enc_ctrl_reg[0]$_DFF_PN1_/D
124	0.5931	init_reg	core.ready_reg	init_reg$_DFF_PN0_/Q	core.ready_reg$_DFFE_PN1P_/D
125	0.5959	next_reg	core.ready_reg	next_reg$_DFF_PN0_/Q	core.ready_reg$_DFFE_PN1P_/D
126	0.5983	init_reg	core.keymem.ready_reg	init_reg$_DFF_PN0_/Q	core.keymem.ready_reg$_DFFE_PN1P_/D
127	0.5989	key_reg[I][J]	key_reg[I][J]	key_reg[3][29]$_DFFE_PN0P_/Q	key_reg[3][29]$_DFFE_PN0P_/D
128	0.5989	init_reg	core.keymem.key_mem_ctrl_reg[I]	init_reg$_DFF_PN0_/Q	core.keymem.key_mem_ctrl_reg[2]$_DFF_PN0_/D
129	0.6022	valid_reg	read_data_reg[I]	valid_reg$_DFF_PN0_/Q	read_data_reg[1]$_DFF_PN0_/D
130	0.6069	ready_reg	read_data_reg[I]	ready_reg$_DFF_PN0_/Q	read_data_reg[0]$_DFF_PN0_/D
131	0.6070	core.enc_block.ready_reg	core.result_valid_reg	core.enc_block.ready_reg$_DFFE_PN1P_/Q	core.result_valid_reg$_DFFE_PN0P_/D
132	0.6073	core.dec_block.ready_reg	core.result_valid_reg	core.dec_block.ready_reg$_DFFE_PN1P_/Q	core.result_valid_reg$_DFFE_PN0P_/D
133	0.6206	core.keymem.key_mem[I][J]	core.keymem.key_mem[I][J]	core.keymem.key_mem[0][51]$_DFFE_PN0P_/Q	core.keymem.key_mem[0][51]$_DFFE_PN0P_/D
134	0.6242	core.aes_core_ctrl_reg[I]	core.ready_reg	core.aes_core_ctrl_reg[1]$_DFF_PN0_/Q	core.ready_reg$_DFFE_PN1P_/D
135	0.6275	core.aes_core_ctrl_reg[I]	core.result_valid_reg	core.aes_core_ctrl_reg[0]$_DFF_PN1_/Q	core.result_valid_reg$_DFFE_PN0P_/D
136	0.6445	block_reg[I][J]	block_reg[I][J]	block_reg[0][20]$_DFFE_PN0P_/Q	block_reg[0][20]$_DFFE_PN0P_/D
137	0.6470	core.keymem.ready_reg	core.ready_reg	core.keymem.ready_reg$_DFFE_PN1P_/Q	core.ready_reg$_DFFE_PN1P_/D
138	0.6525	core.keymem.key_mem_ctrl_reg[I]	core.keymem.ready_reg	core.keymem.key_mem_ctrl_reg[0]$_DFF_PN1_/Q	core.keymem.ready_reg$_DFFE_PN1P_/D
139	0.6562	core.result_valid_reg	core.result_valid_reg	core.result_valid_reg$_DFFE_PN0P_/Q	core.result_valid_reg$_DFFE_PN0P_/D
140	0.6741	core.keymem.ready_reg	core.keymem.ready_reg	core.keymem.ready_reg$_DFFE_PN1P_/Q	core.keymem.ready_reg$_DFFE_PN1P_/D
141	0.6780	core.dec_block.ready_reg	core.dec_block.ready_reg	core.dec_block.ready_reg$_DFFE_PN1P_/Q	core.dec_block.ready_reg$_DFFE_PN1P_/D
142	0.6844	core.ready_reg	core.ready_reg	core.ready_reg$_DFFE_PN1P_/Q	core.ready_reg$_DFFE_PN1P_/D
143	0.6862	core.enc_block.ready_reg	core.enc_block.ready_reg	core.enc_block.ready_reg$_DFFE_PN1P_/Q	core.enc_block.ready_reg$_DFFE_PN1P_/D
144	0.6983	core.result_valid_reg	valid_reg	core.result_valid_reg$_DFFE_PN0P_/Q	valid_reg$_DFF_PN0_/D
145	0.7113	core.ready_reg	ready_reg	core.ready_reg$_DFFE_PN1P_/Q	ready_reg$_DFF_PN0_/D
