# stage	1_synth
# top_module	cordic_engine
# top_n	100
# kind	blocks
# skip_async	1
# include_full	1
# rank	worst_slack_ns	start	end	start_full	end_full
1	-0.5196	u_vec.yv_h[I][J]	u_vec.yv[I][J]	u_vec.yv_h[17][25]$_SDFFE_PP0P_/Q	u_vec.yv[18][25]$_SDFFE_PP0P_/D
2	-0.4496	u_vec.yv_h[I][J]	u_vec.xv[I][J]	u_vec.yv_h[2][25]$_SDFFE_PP0P_/Q	u_vec.xv[3][25]$_SDFFE_PP0P_/D
3	-0.4252	u_vec.xv_h[I][J]	u_vec.yv[I][J]	u_vec.xv_h[3][7]$_SDFFE_PP0P_/QN	u_vec.yv[4][23]$_SDFFE_PP0P_/D
4	-0.4007	u_rot.ph[I][J]	u_rot.yv[I][J]	u_rot.ph[4][24]$_SDFFE_PP0P_/Q	u_rot.yv[5][20]$_SDFFE_PP0P_/D
5	-0.4001	u_vec.dir_h[I]	u_vec.xv[I][J]	u_vec.dir_h[21]$_SDFFE_PP0P_/Q	u_vec.xv[22][20]$_SDFFE_PP0P_/D
6	-0.3999	u_rot.yv[I][J]	u_rot.xv[I][J]	u_rot.yv[18][20]$_SDFFE_PP0P_/QN	u_rot.xv[19][20]$_SDFFE_PP0P_/D
7	-0.3870	u_rot.ph[I][J]	u_rot.xv[I][J]	u_rot.ph[1][24]$_SDFFE_PP0P_/Q	u_rot.xv[2][17]$_SDFFE_PP0P_/D
8	-0.3597	u_vec.xv_in[I]	u_vec.xv[I][J]	u_vec.xv_in[11]$_SDFFE_PP0P_/QN	u_vec.xv[0][23]$_SDFFE_PP0P_/D
9	-0.3498	u_vec.xv_h[I][J]	u_vec.xv[I][J]	u_vec.xv_h[2][3]$_SDFFE_PP0P_/QN	u_vec.xv[3][24]$_SDFFE_PP0P_/D
10	-0.3398	u_rot.xv[I][J]	u_rot.yv[I][J]	u_rot.xv[10][11]$_SDFFE_PP0P_/QN	u_rot.yv[11][20]$_SDFFE_PP0P_/D
11	-0.3359	u_vec.xv_in[I]	u_vec.yv[I][J]	u_vec.xv_in[11]$_SDFFE_PP0P_/QN	u_vec.yv[0][25]$_SDFFE_PP0P_/D
12	-0.2914	u_vec.dir_h[I]	u_vec.yv[I][J]	u_vec.dir_h[1]$_SDFFE_PP0P_/Q	u_vec.yv[2][24]$_SDFFE_PP0P_/D
13	-0.2778	u_vec.dir_h[I]	u_vec.ph[I][J]	u_vec.dir_h[22]$_SDFFE_PP0P_/Q	u_vec.ph[23][25]$_SDFFE_PP0P_/D
14	-0.2702	u_vec.yv_h[I][J]	u_vec.ph[I][J]	u_vec.yv_h[20][25]$_SDFFE_PP0P_/Q	u_vec.ph[21][25]$_SDFFE_PP0P_/D
15	-0.2321	u_rot.ph[I][J]	u_rot.ph[I][J]	u_rot.ph[17][24]$_SDFFE_PP0P_/QN	u_rot.ph[18][23]$_SDFFE_PP0P_/D
16	-0.1454	u_rot.xv[I][J]	u_rot.xv[I][J]	u_rot.xv[19][0]$_SDFFE_PP0P_/Q	u_rot.xv[20][20]$_SDFFE_PP0P_/D
17	-0.1368	u_vec.ph_h[I][J]	u_vec.ph[I][J]	u_vec.ph_h[6][8]$_SDFFE_PP0P_/Q	u_vec.ph[7][25]$_SDFFE_PP0P_/D
18	-0.1345	u_vec.yv_in[I]	u_vec.xv[I][J]	u_vec.yv_in[15]$_SDFFE_PP0P_/QN	u_vec.xv[0][23]$_SDFFE_PP0P_/D
19	-0.1253	u_vec.yv_in[I]	u_vec.yv[I][J]	u_vec.yv_in[15]$_SDFFE_PP0P_/QN	u_vec.yv[0][25]$_SDFFE_PP0P_/D
20	-0.0954	u_rot.yv[I][J]	u_rot.yv[I][J]	u_rot.yv[17][7]$_SDFFE_PP0P_/Q	u_rot.yv[18][20]$_SDFFE_PP0P_/D
21	-0.0774	i_ce	u_rot.ph[I][J]	i_ce	u_rot.ph[1][21]$_SDFFE_PP0P_/D
22	-0.0774	i_ce	u_vec.xv[I][J]	i_ce	u_vec.xv[1][22]$_SDFFE_PP0P_/D
23	-0.0767	i_ce	u_rot.xv[I][J]	i_ce	u_rot.xv[1][17]$_SDFFE_PP0P_/D
24	-0.0744	i_ce	u_rot.yv[I][J]	i_ce	u_rot.yv[14][18]$_SDFFE_PP0P_/D
25	-0.0718	i_ce	u_vec.o_mag[I]	i_ce	u_vec.o_mag[11]$_SDFFE_PP0P_/D
26	-0.0696	i_ce	u_rot.o_xval[I]	i_ce	u_rot.o_xval[17]$_SDFFE_PP0P_/D
27	-0.0696	i_ce	u_rot.o_yval[I]	i_ce	u_rot.o_yval[17]$_SDFFE_PP0P_/D
28	-0.0696	i_ce	u_vec.ph[I][J]	i_ce	u_vec.ph[22][10]$_SDFFE_PP0P_/D
29	-0.0696	i_ce	u_vec.yv[I][J]	i_ce	u_vec.yv[13][25]$_SDFFE_PP0P_/D
30	-0.0665	i_ce	u_vec.ph_h[I][J]	i_ce	u_vec.ph_h[10][0]$_SDFFE_PP0P_/D
31	-0.0665	i_ce	u_vec.xv_h[I][J]	i_ce	u_vec.xv_h[10][0]$_SDFFE_PP0P_/D
32	-0.0665	i_ce	u_vec.xy_sign[I]	i_ce	u_vec.xy_sign[0]$_SDFFE_PP0P_/D
33	-0.0665	i_ce	u_vec.yv_h[I][J]	i_ce	u_vec.yv_h[10][0]$_SDFFE_PP0P_/D
34	-0.0419	u_vec.xv[I][J]	u_vec.o_mag[I]	u_vec.xv[23][8]$_SDFFE_PP0P_/QN	u_vec.o_mag[16]$_SDFFE_PP0P_/D
35	-0.0356	u_vec.yv_in[I]	u_rot.xv[I][J]	u_vec.yv_in[10]$_SDFFE_PP0P_/QN	u_rot.xv[0][19]$_SDFFE_PP0P_/D
36	-0.0288	i_reset	u_vec.ph[I][J]	i_reset	u_vec.ph[4][24]$_SDFFE_PP0P_/D
37	-0.0288	i_reset	u_vec.xv[I][J]	i_reset	u_vec.xv[3][14]$_SDFFE_PP0P_/D
38	-0.0275	i_reset	u_rot.ph[I][J]	i_reset	u_rot.ph[12][13]$_SDFFE_PP0P_/D
39	-0.0275	i_reset	u_rot.xv[I][J]	i_reset	u_rot.xv[11][15]$_SDFFE_PP0P_/D
40	-0.0275	i_reset	u_rot.yv[I][J]	i_reset	u_rot.yv[12][12]$_SDFFE_PP0P_/D
41	-0.0250	i_reset	u_vec.o_mag[I]	i_reset	u_vec.o_mag[17]$_SDFFE_PP0P_/D
42	-0.0250	i_reset	u_vec.yv[I][J]	i_reset	u_vec.yv[15][25]$_SDFFE_PP0P_/D
43	-0.0210	u_vec.yv_in[I]	u_rot.yv[I][J]	u_vec.yv_in[10]$_SDFFE_PP0P_/QN	u_rot.yv[0][19]$_SDFFE_PP0P_/D
44	-0.0208	i_ce	u_rot.ax[I]	i_ce	u_rot.ax[21]$_SDFFE_PP0P_/D
45	-0.0208	i_ce	u_rot.ph_in[I]	i_ce	u_rot.ph_in[15]$_SDFFE_PP0P_/D
46	-0.0208	i_ce	u_vec.ax[I]	i_ce	u_vec.ax[36]$_SDFFE_PP0P_/D
47	-0.0208	i_ce	u_vec.o_phase[I]	i_ce	u_vec.o_phase[0]$_SDFFE_PP0P_/D
48	-0.0123	i_ce	u_vec.dir_h[I]	i_ce	u_vec.dir_h[21]$_SDFFE_PP0P_/D
49	-0.0123	i_ce	u_vec.o_aux	i_ce	u_vec.o_aux$_SDFFE_PP0P_/D
50	-0.0123	i_ce	u_vec.xv_in[I]	i_ce	u_vec.xv_in[10]$_SDFFE_PP0P_/D
51	-0.0123	i_ce	u_vec.yv_in[I]	i_ce	u_vec.yv_in[10]$_SDFFE_PP0P_/D
52	-0.0077	u_vec.xy_sign[I]	u_vec.yv[I][J]	u_vec.xy_sign[1]$_SDFFE_PP0P_/QN	u_vec.yv[0][25]$_SDFFE_PP0P_/D
53	0.0187	u_rot.ph_in[I]	u_rot.xv[I][J]	u_rot.ph_in[22]$_SDFFE_PP0P_/Q	u_rot.xv[0][19]$_SDFFE_PP0P_/D
54	0.0225	i_reset	u_rot.o_xval[I]	i_reset	u_rot.o_xval[4]$_SDFFE_PP0P_/D
55	0.0249	u_vec.xy_sign[I]	u_vec.xv[I][J]	u_vec.xy_sign[0]$_SDFFE_PP0P_/QN	u_vec.xv[0][13]$_SDFFE_PP0P_/D
56	0.0293	u_rot.ph_in[I]	u_rot.yv[I][J]	u_rot.ph_in[22]$_SDFFE_PP0P_/Q	u_rot.yv[0][3]$_SDFFE_PP0P_/D
57	0.0300	i_reset	u_vec.ph_h[I][J]	i_reset	u_vec.ph_h[21][0]$_SDFFE_PP0P_/D
58	0.0300	i_reset	u_vec.xv_h[I][J]	i_reset	u_vec.xv_h[21][10]$_SDFFE_PP0P_/D
59	0.0300	i_reset	u_vec.yv_h[I][J]	i_reset	u_vec.yv_h[21][19]$_SDFFE_PP0P_/D
60	0.0313	i_reset	u_rot.ax[I]	i_reset	u_rot.ax[21]$_SDFFE_PP0P_/D
61	0.0313	i_reset	u_rot.o_yval[I]	i_reset	u_rot.o_yval[10]$_SDFFE_PP0P_/D
62	0.0338	i_reset	u_vec.xy_sign[I]	i_reset	u_vec.xy_sign[0]$_SDFFE_PP0P_/D
63	0.0377	u_rot.xv[I][J]	u_rot.o_xval[I]	u_rot.xv[21][1]$_SDFFE_PP0P_/Q	u_rot.o_xval[6]$_SDFFE_PP0P_/D
64	0.0442	i_reset	u_rot.ph_in[I]	i_reset	u_rot.ph_in[15]$_SDFFE_PP0P_/D
65	0.0442	i_reset	u_vec.ax[I]	i_reset	u_vec.ax[36]$_SDFFE_PP0P_/D
66	0.0452	u_rot.yv[I][J]	u_rot.o_yval[I]	u_rot.yv[21][1]$_SDFFE_PP0P_/Q	u_rot.o_yval[12]$_SDFFE_PP0P_/D
67	0.0666	u_vec.yv_h[I][J]	u_vec.yv_h[I][J]	u_vec.yv_h[14][25]$_SDFFE_PP0P_/Q	u_vec.yv_h[14][25]$_SDFFE_PP0P_/D
68	0.0706	i_reset	u_vec.dir_h[I]	i_reset	u_vec.dir_h[21]$_SDFFE_PP0P_/D
69	0.0706	i_reset	u_vec.o_aux	i_reset	u_vec.o_aux$_SDFFE_PP0P_/D
70	0.0706	i_reset	u_vec.o_phase[I]	i_reset	u_vec.o_phase[25]$_SDFFE_PP0P_/D
71	0.0706	i_reset	u_vec.xv_in[I]	i_reset	u_vec.xv_in[10]$_SDFFE_PP0P_/D
72	0.0706	i_reset	u_vec.yv_in[I]	i_reset	u_vec.yv_in[10]$_SDFFE_PP0P_/D
73	0.0751	u_vec.xv_in[I]	u_rot.xv[I][J]	u_vec.xv_in[11]$_SDFFE_PP0P_/QN	u_rot.xv[0][19]$_SDFFE_PP0P_/D
74	0.0886	u_vec.xv_in[I]	u_rot.yv[I][J]	u_vec.xv_in[11]$_SDFFE_PP0P_/QN	u_rot.yv[0][19]$_SDFFE_PP0P_/D
75	0.1090	u_vec.dir_h[I]	u_vec.dir_h[I]	u_vec.dir_h[21]$_SDFFE_PP0P_/Q	u_vec.dir_h[21]$_SDFFE_PP0P_/D
76	0.1447	u_vec.xy_sign[I]	u_vec.ph[I][J]	u_vec.xy_sign[0]$_SDFFE_PP0P_/Q	u_vec.ph[0][25]$_SDFFE_PP0P_/D
77	0.1497	u_rot.ph_in[I]	u_rot.ph[I][J]	u_rot.ph_in[23]$_SDFFE_PP0P_/Q	u_rot.ph[0][23]$_SDFFE_PP0P_/D
78	0.2382	u_vec.xy_sign[I]	u_rot.xv[I][J]	u_vec.xy_sign[0]$_SDFFE_PP0P_/Q	u_rot.xv[0][19]$_SDFFE_PP0P_/D
79	0.2466	u_vec.xy_sign[I]	u_rot.yv[I][J]	u_vec.xy_sign[0]$_SDFFE_PP0P_/Q	u_rot.yv[0][19]$_SDFFE_PP0P_/D
80	0.2561	u_vec.ax[I]	o_rot_aux	u_vec.ax[23]$_SDFFE_PP0P_/Q	o_rot_aux
81	0.2594	u_rot.o_xval[I]	o_rot_xval[I]	u_rot.o_xval[0]$_SDFFE_PP0P_/Q	o_rot_xval[0]
82	0.2594	u_rot.o_yval[I]	o_rot_yval[I]	u_rot.o_yval[0]$_SDFFE_PP0P_/Q	o_rot_yval[0]
83	0.2594	u_vec.o_aux	o_vec_aux	u_vec.o_aux$_SDFFE_PP0P_/Q	o_vec_aux
84	0.2594	u_vec.o_mag[I]	o_vec_mag[I]	u_vec.o_mag[11]$_SDFFE_PP0P_/Q	o_vec_mag[11]
85	0.2594	u_vec.o_phase[I]	o_vec_phase[I]	u_vec.o_phase[0]$_SDFFE_PP0P_/Q	o_vec_phase[0]
86	0.2755	i_aux	u_rot.ax[I]	i_aux	u_rot.ax[0]$_SDFFE_PP0P_/D
87	0.2755	i_phase[I]	u_rot.ph_in[I]	i_phase[15]	u_rot.ph_in[15]$_SDFFE_PP0P_/D
88	0.2755	i_xval[I]	u_vec.xv_in[I]	i_xval[4]	u_vec.xv_in[10]$_SDFFE_PP0P_/D
89	0.2755	i_yval[I]	u_vec.xy_sign[I]	i_yval[17]	u_vec.xy_sign[0]$_SDFFE_PP0P_/D
90	0.2755	i_xval[I]	u_vec.xy_sign[I]	i_xval[17]	u_vec.xy_sign[1]$_SDFFE_PP0P_/D
91	0.2755	i_yval[I]	u_vec.yv_in[I]	i_yval[4]	u_vec.yv_in[10]$_SDFFE_PP0P_/D
92	0.3080	u_vec.yv[I][J]	u_vec.yv[I][J]	u_vec.yv[0][25]$_SDFFE_PP0P_/Q	u_vec.yv[0][25]$_SDFFE_PP0P_/D
93	0.3090	u_vec.xv[I][J]	u_vec.xv[I][J]	u_vec.xv[23][10]$_SDFFE_PP0P_/Q	u_vec.xv[23][10]$_SDFFE_PP0P_/D
94	0.3313	u_vec.xy_sign[I]	u_vec.xy_sign[I]	u_vec.xy_sign[0]$_SDFFE_PP0P_/Q	u_vec.xy_sign[0]$_SDFFE_PP0P_/D
95	0.3416	u_vec.xv_h[I][J]	u_vec.xv_h[I][J]	u_vec.xv_h[10][25]$_SDFFE_PP0P_/Q	u_vec.xv_h[10][25]$_SDFFE_PP0P_/D
96	0.3507	u_vec.ph[I][J]	u_vec.ph[I][J]	u_vec.ph[15][25]$_SDFFE_PP0P_/Q	u_vec.ph[15][25]$_SDFFE_PP0P_/D
97	0.3553	u_rot.ph_in[I]	u_rot.ph_in[I]	u_rot.ph_in[22]$_SDFFE_PP0P_/Q	u_rot.ph_in[22]$_SDFFE_PP0P_/D
98	0.3556	u_vec.yv_in[I]	u_vec.yv_in[I]	u_vec.yv_in[7]$_SDFFE_PP0P_/Q	u_vec.yv_in[7]$_SDFFE_PP0P_/D
99	0.3665	u_vec.yv[I][J]	u_vec.dir_h[I]	u_vec.yv[1][25]$_SDFFE_PP0P_/Q	u_vec.dir_h[1]$_SDFFE_PP0P_/D
100	0.3665	u_vec.xv[I][J]	u_vec.xv_h[I][J]	u_vec.xv[10][25]$_SDFFE_PP0P_/Q	u_vec.xv_h[10][25]$_SDFFE_PP0P_/D
