# stage	1_synth
# top_module	fpu
# top_n	100
# kind	blocks
# skip_async	1
# include_full	1
# rank	worst_slack_ns	start	end	start_full	end_full
1	-0.4504	uI.mul_a_mid_r[J]	uI.product_e[J]	u3.mul_a_mid_r[7]$_SDFFE_PP0P_/Q	u3.product_e[30]$_SDFFE_PP0P_/D
2	-0.4489	uI.mul_b_rJ[K]	uI.product_e[J]	u3.mul_b_r0[6]$_SDFFE_PP0P_/Q	u3.product_e[30]$_SDFFE_PP0P_/D
3	-0.4377	uI.mul_a_mid_r[J]	uI.product_g[J]	u3.mul_a_mid_r[6]$_SDFFE_PP0P_/Q	u3.product_g[31]$_SDFFE_PP0P_/D
4	-0.4357	uI.mul_b_rJ[K]	uI.product_g[J]	u3.mul_b_r2[8]$_SDFFE_PP0P_/Q	u3.product_g[31]$_SDFFE_PP0P_/D
5	-0.4272	uI.mul_a_mid_r[J]	uI.product_f[J]	u3.mul_a_mid_r[0]$_SDFFE_PP0P_/Q	u3.product_f[30]$_SDFFE_PP0P_/D
6	-0.4250	uI.mul_b_rJ[K]	uI.product_f[J]	u3.mul_b_r1[15]$_SDFFE_PP0P_/Q	u3.product_f[30]$_SDFFE_PP0P_/D
7	-0.3985	uI.mul_a_lo_r[J]	uI.pb_lo[J]	u3.mul_a_lo_r[7]$_SDFFE_PP0P_/Q	u3.pb_lo[25]$_SDFFE_PP0P_/D
8	-0.3966	uI.mul_b_rJ[K]	uI.pb_lo[J]	u3.mul_b_r1[5]$_SDFFE_PP0P_/Q	u3.pb_lo[25]$_SDFFE_PP0P_/D
9	-0.3737	uI.mul_a_lo_r[J]	uI.pa_lo[J]	u3.mul_a_lo_r[10]$_SDFFE_PP0P_/Q	u3.pa_lo[28]$_SDFFE_PP0P_/D
10	-0.3722	uI.mul_b_rJ[K]	uI.pa_lo[J]	u3.mul_b_r0[9]$_SDFFE_PP0P_/Q	u3.pa_lo[28]$_SDFFE_PP0P_/D
11	-0.3544	uI.mul_a_top_r[J]	uI.product_j[J]	u3.mul_a_top_r[10]$_SDFFE_PP0P_/Q	u3.product_j[24]$_SDFFE_PP0P_/D
12	-0.3524	uI.mul_b_rJ[K]	uI.product_j[J]	u3.mul_b_r2[3]$_SDFFE_PP0P_/Q	u3.product_j[24]$_SDFFE_PP0P_/D
13	-0.3469	uI.mul_a_top_r[J]	uI.product_h[J]	u3.mul_a_top_r[7]$_SDFFE_PP0P_/Q	u3.product_h[28]$_SDFFE_PP0P_/D
14	-0.3449	uI.mul_b_rJ[K]	uI.product_h[J]	u3.mul_b_r0[4]$_SDFFE_PP0P_/Q	u3.product_h[28]$_SDFFE_PP0P_/D
15	-0.3405	uI.mul_a_hi_r[J]	uI.pa_hi[J]	u3.mul_a_hi_r[4]$_SDFFE_PP0P_/Q	u3.pa_hi[27]$_SDFFE_PP0P_/D
16	-0.3385	uI.mul_b_rJ[K]	uI.pa_hi[J]	u3.mul_b_r0[6]$_SDFFE_PP0P_/Q	u3.pa_hi[27]$_SDFFE_PP0P_/D
17	-0.3384	uI.mul_a_top_r[J]	uI.product_i[J]	u3.mul_a_top_r[10]$_SDFFE_PP0P_/Q	u3.product_i[27]$_SDFFE_PP0P_/D
18	-0.3364	uI.mul_b_rJ[K]	uI.product_i[J]	u3.mul_b_r1[2]$_SDFFE_PP0P_/Q	u3.product_i[27]$_SDFFE_PP0P_/D
19	-0.3364	uI.mul_a_hi_r[J]	uI.pb_hi[J]	u3.mul_a_hi_r[7]$_SDFFE_PP0P_/Q	u3.pb_hi[28]$_SDFFE_PP0P_/D
20	-0.3344	uI.mul_b_rJ[K]	uI.pb_hi[J]	u3.mul_b_r1[5]$_SDFFE_PP0P_/Q	u3.pb_hi[28]$_SDFFE_PP0P_/D
21	-0.3341	uI.mul_a_lo_r[J]	uI.pc_lo[J]	u3.mul_a_lo_r[10]$_SDFFE_PP0P_/Q	u3.pc_lo[21]$_SDFFE_PP0P_/D
22	-0.3321	uI.mul_b_rJ[K]	uI.pc_lo[J]	u3.mul_b_r2[2]$_SDFFE_PP0P_/Q	u3.pc_lo[21]$_SDFFE_PP0P_/D
23	-0.3247	uI.mul_a_hi_r[J]	uI.pc_hi[J]	u3.mul_a_hi_r[9]$_SDFFE_PP0P_/Q	u3.pc_hi[21]$_SDFFE_PP0P_/D
24	-0.3220	uI.mul_b_rJ[K]	uI.pc_hi[J]	u3.mul_b_r2[5]$_SDFFE_PP0P_/Q	u3.pc_hi[21]$_SDFFE_PP0P_/D
25	0.1300	uI.exponent_J[K]	uI.product_J[K]	u3.exponent_2[1]$_SDFFE_PP0P_/Q	u3.product_4[85]$_SDFFE_PP0P_/D
26	0.1509	uI.small_shift_J[K]	uI.sum[J]	u1.small_shift_3[7]$_SDFFE_PP0P_/Q	u1.sum[43]$_SDFFE_PP0P_/D
27	0.1522	uI.large_add[J]	uI.sum[J]	u1.large_add[7]$_SDFFE_PP0P_/Q	u1.sum[43]$_SDFFE_PP0P_/D
28	0.1748	uI.dividend_a[J]	uI.dividend_shift_J[K]	u4.dividend_a[51]$_SDFFE_PP0P_/Q	u4.dividend_shift_2[1]$_SDFFE_PP0P_/D
29	0.1813	uI.product_g[J]	uI.sum_J[K]	u3.product_g[0]$_SDFFE_PP0P_/Q	u3.sum_7[34]$_SDFFE_PP0P_/D
30	0.1843	uI.sum_J[K]	uI.sum_J[K]	u3.sum_6[0]$_SDFFE_PP0P_/Q	u3.sum_7[34]$_SDFFE_PP0P_/D
31	0.1946	uI.product_c[J]	uI.sum_J[K]	u3.product_c[16]$_SDFFE_PP0P_/Q	u3.sum_2[41]$_SDFFE_PP0P_/D
32	0.1967	uI.dividend_reg[J]	uI.dividend_reg[J]	u4.dividend_reg[39]$_SDFFE_PP0P_/Q	u4.dividend_reg[39]$_SDFFE_PP0P_/D
33	0.1989	uI.divisor_reg[J]	uI.dividend_reg[J]	u4.divisor_reg[47]$_SDFFE_PP0P_/Q	u4.dividend_reg[39]$_SDFFE_PP0P_/D
34	0.2020	uI.remainder_shift_term[J]	uI.remainder_b[J]	u4.remainder_shift_term[1]$_SDFFE_PP0P_/Q	u4.remainder_b[99]$_SDFFE_PP0P_/D
35	0.2040	uI.product_f[J]	uI.sum_J[K]	u3.product_f[4]$_SDFFE_PP0P_/Q	u3.sum_4[35]$_SDFFE_PP0P_/D
36	0.2071	uI.minuend[J]	uI.diff[J]	u2.minuend[11]$_SDFFE_PP0P_/Q	u2.diff[42]$_SDFFE_PP0P_/D
37	0.2090	uI.diff[J]	uI.diff_shift_J[K]	u2.diff[49]$_SDFFE_PP0P_/Q	u2.diff_shift_2[2]$_SDFFE_PP0P_/D
38	0.2233	uI.dividend_reg[J]	uI.remainder_msb	u4.dividend_reg[24]$_SDFFE_PP0P_/Q	u4.remainder_msb$_SDFFE_PP0P_/D
39	0.2240	uI.product_b[J]	uI.sum_J[K]	u3.product_b[5]$_SDFFE_PP0P_/Q	u3.sum_0[29]$_SDFFE_PP0P_/D
40	0.2249	uI.product_a[J]	uI.sum_J[K]	u3.product_a[22]$_SDFFE_PP0P_/Q	u3.sum_0[29]$_SDFFE_PP0P_/D
41	0.2254	uI.exponent_large[J]	uI.diff_J[K]	u2.exponent_large[1]$_SDFFE_PP0P_/Q	u2.diff_1[45]$_SDFFE_PP0P_/D
42	0.2259	rst	uI.sum_J[K]	rst	u3.sum_0[27]$_SDFFE_PP0P_/D
43	0.2279	uI.subtra_shift_J[K]	uI.diff[J]	u2.subtra_shift_3[11]$_SDFFE_PP0P_/QN	u2.diff[42]$_SDFFE_PP0P_/D
44	0.2301	uI.diffshift_gt_exponent	uI.diff_J[K]	u2.diffshift_gt_exponent$_SDFFE_PP0P_/Q	u2.diff_1[45]$_SDFFE_PP0P_/D
45	0.2305	rst	uI.product_e[J]	rst	u3.product_e[30]$_SDFFE_PP0P_/D
46	0.2313	uI.dividend_shift_J[K]	uI.dividend_a_shifted[J]	u4.dividend_shift_2[1]$_SDFFE_PP0P_/Q	u4.dividend_a_shifted[37]$_SDFFE_PP0P_/D
47	0.2320	rst	uI.product_c[J]	rst	u3.product_c[33]$_SDFFE_PP0P_/D
48	0.2321	uI.divisor_b[J]	uI.divisor_shift_J[K]	u4.divisor_b[35]$_SDFFE_PP0P_/Q	u4.divisor_shift_2[2]$_SDFFE_PP0P_/D
49	0.2338	rst	uI.small_shift[J]	rst	u1.small_shift[10]$_SDFFE_PP0P_/D
50	0.2342	rst	uI.exponent_terms[J]	rst	u3.exponent_terms[11]$_SDFFE_PP0P_/D
51	0.2342	rst	uI.pa_lo[J]	rst	u3.pa_lo[28]$_SDFFE_PP0P_/D
52	0.2344	rst	uI.sum[J]	rst	u1.sum[16]$_SDFFE_PP0P_/D
53	0.2350	rst	uI.pc_hi[J]	rst	u3.pc_hi[27]$_SDFFE_PP0P_/D
54	0.2350	rst	uI.pc_lo[J]	rst	u3.pc_lo[27]$_SDFFE_PP0P_/D
55	0.2352	rst	uI.pb_lo[J]	rst	u3.pb_lo[25]$_SDFFE_PP0P_/D
56	0.2355	rst	uI.dividend_reg[J]	rst	u4.dividend_reg[24]$_SDFFE_PP0P_/D
57	0.2356	rst	uI.product_a[J]	rst	u3.product_a[31]$_SDFFE_PP0P_/D
58	0.2356	rst	uI.product_b[J]	rst	u3.product_b[31]$_SDFFE_PP0P_/D
59	0.2359	uI.dividend_reg[J]	uI.quotient[J]	u4.dividend_reg[24]$_SDFFE_PP0P_/Q	u4.quotient[39]$_SDFFE_PP0P_/D
60	0.2362	rst	uI.product_h[J]	rst	u3.product_h[27]$_SDFFE_PP0P_/D
61	0.2376	rst	uI.product_j[J]	rst	u3.product_j[27]$_SDFFE_PP0P_/D
62	0.2396	rst	uI.diff[J]	rst	u2.diff[31]$_SDFFE_PP0P_/D
63	0.2396	rst	uI.expon_final_J[K]	rst	u4.expon_final_5[11]$_SDFFE_PP0P_/D
64	0.2396	rst	uI.expon_uf_term_J[K]	rst	u4.expon_uf_term_1[11]$_SDFFE_PP0P_/D
65	0.2409	uI.divisor_reg[J]	uI.remainder_msb	u4.divisor_reg[25]$_SDFFE_PP0P_/Q	u4.remainder_msb$_SDFFE_PP0P_/D
66	0.2413	rst	uI.mul_a[J]	rst	u3.mul_a[52]$_SDFFE_PP0P_/D
67	0.2413	rst	uI.mul_a_hi_r[J]	rst	u3.mul_a_hi_r[11]$_SDFFE_PP0P_/D
68	0.2413	rst	uI.mul_a_lo_r[J]	rst	u3.mul_a_lo_r[11]$_SDFFE_PP0P_/D
69	0.2413	rst	uI.mul_a_mid_r[J]	rst	u3.mul_a_mid_r[16]$_SDFFE_PP0P_/D
70	0.2413	rst	uI.mul_a_top_r[J]	rst	u3.mul_a_top_r[11]$_SDFFE_PP0P_/D
71	0.2413	rst	uI.mul_b[J]	rst	u3.mul_b[52]$_SDFFE_PP0P_/D
72	0.2413	rst	uI.mul_b_rJ[K]	rst	u3.mul_b_r0[16]$_SDFFE_PP0P_/D
73	0.2413	rst	uI.pa_hi[J]	rst	u3.pa_hi[28]$_SDFFE_PP0P_/D
74	0.2437	rst	uI.exponent_J[K]	rst	u3.exponent_3[10]$_SDFFE_PP0P_/D
75	0.2437	rst	uI.pb_hi[J]	rst	u3.pb_hi[17]$_SDFFE_PP0P_/D
76	0.2461	rst	uI.product_f[J]	rst	u3.product_f[31]$_SDFFE_PP0P_/D
77	0.2464	rst	uI.small_shift_J[K]	rst	u1.small_shift_3[0]$_SDFFE_PP0P_/D
78	0.2468	rst	uI.product_lsb	rst	u3.product_lsb$_SDFFE_PP0P_/D
79	0.2475	rst	uI.out_J[K]	rst	u6.out_1[33]$_SDFFE_PP0P_/D
80	0.2480	rst	uI.a_gtet_b	rst	u2.a_gtet_b$_SDFFE_PP0P_/D
81	0.2480	rst	uI.mana_gtet_manb	rst	u2.mana_gtet_manb$_SDFFE_PP0P_/D
82	0.2480	rst	uI.divisor_reg[J]	rst	u4.divisor_reg[52]$_SDFFE_PP0P_/D
83	0.2481	rst	uI.a_is_norm	rst	u3.a_is_norm$_SDFFE_PP0P_/D
84	0.2481	rst	uI.b_is_norm	rst	u3.b_is_norm$_SDFFE_PP0P_/D
85	0.2489	rst	uI.enable_trigger	rst	u6.enable_trigger$_SDFFE_PP0P_/D
86	0.2489	rst	uI.invalid_trigger	rst	u6.invalid_trigger$_SDFFE_PP0P_/D
87	0.2489	rst	uI.underflow_trigger	rst	u6.underflow_trigger$_SDFFE_PP0P_/D
88	0.2497	uI.diff_shift_J[K]	uI.diff_J[K]	u2.diff_shift_2[1]$_SDFFE_PP0P_/Q	u2.diff_1[45]$_SDFFE_PP0P_/D
89	0.2516	rst	uI.opa_QNaN	rst	u6.opa_QNaN$_SDFFE_PP0P_/D
90	0.2516	rst	uI.opa_SNaN	rst	u6.opa_SNaN$_SDFFE_PP0P_/D
91	0.2520	rst	uI.product_J[K]	rst	u3.product_4[95]$_SDFFE_PP0P_/D
92	0.2524	uI.mul_b_rJ[K]	uI.pd_lo[J]	u3.mul_b_r3[1]$_SDFFE_PP0P_/Q	u3.pd_lo[12]$_SDFFE_PP0P_/D
93	0.2525	rst	uI.large_add[J]	rst	u1.large_add[54]$_SDFFE_PP0P_/D
94	0.2525	rst	uI.small_add[J]	rst	u1.small_add[54]$_SDFFE_PP0P_/D
95	0.2525	rst	uI.minuend[J]	rst	u2.minuend[54]$_SDFFE_PP0P_/D
96	0.2525	rst	uI.subtrahend[J]	rst	u2.subtrahend[54]$_SDFFE_PP0P_/D
97	0.2525	rst	uI.product[J]	rst	u3.product[105]$_SDFFE_PP0P_/D
98	0.2525	rst	uI.dividend_a[J]	rst	u4.dividend_a[51]$_SDFFE_PP0P_/D
99	0.2525	rst	uI.divisor_b[J]	rst	u4.divisor_b[51]$_SDFFE_PP0P_/D
100	0.2525	rst	uI.enable_reg_J	rst	u4.enable_reg_2$_SDFFE_PP0P_/D
