# stage	1_synth
# top_module	wb_dma_top
# top_n	1000
# kind	blocks
# skip_async	1
# include_full	1
# rank	worst_slack_ns	start	end	start_full	end_full
1	-0.1109	wbI_addr_i[J]	wbI_cyc_o	wb1_addr_i[29]	wb0_cyc_o
2	-0.1102	wbI_addr_i[J]	wbI_addr_o[J]	wb1_addr_i[29]	wb0_addr_o[25]
3	-0.1102	wbI_addr_i[J]	wbI_ack_o	wb1_addr_i[29]	wb1_ack_o
4	-0.0963	wbI_addr_i[J]	wbIm_data_o[J]	wb1_addr_i[29]	wb1m_data_o[30]
5	-0.0941	wbI_addr_i[J]	wbIs_data_o[J]	wb1_addr_i[29]	wb0s_data_o[21]
6	-0.0939	wbI_addr_i[J]	wbI_err_o	wb1_addr_i[29]	wb1_err_o
7	-0.0939	wbI_addr_i[J]	wbI_rty_o	wb1_addr_i[29]	wb1_rty_o
8	-0.0705	wbI_addr_i[J]	wbI_stb_o	wb1_addr_i[29]	wb0_stb_o
9	-0.0705	wbI_addr_i[J]	wbI_we_o	wb1_addr_i[29]	wb0_we_o
10	-0.0497	wbI_cyc_i	wbI_addr_o[J]	wb1_cyc_i	wb0_addr_o[25]
11	-0.0497	wbI_cyc_i	wbI_ack_o	wb1_cyc_i	wb1_ack_o
12	-0.0320	wbI_cyc_i	wbIm_data_o[J]	wb1_cyc_i	wb1m_data_o[30]
13	-0.0252	wbI_cyc_i	wbI_err_o	wb1_cyc_i	wb1_err_o
14	-0.0252	wbI_cyc_i	wbI_rty_o	wb1_cyc_i	wb1_rty_o
15	-0.0247	wbI_cyc_i	wbIs_data_o[J]	wb1_cyc_i	wb0s_data_o[21]
16	-0.0208	wbI_addr_i[J]	wbI_sel_o[J]	wb1_addr_i[29]	wb0_sel_o[0]
17	-0.0202	wbI_cyc_i	wbI_cyc_o	wb1_cyc_i	wb0_cyc_o
18	-0.0035	wbI_cyc_i	wbI_stb_o	wb1_cyc_i	wb0_stb_o
19	-0.0035	wbI_cyc_i	wbI_we_o	wb1_cyc_i	wb0_we_o
20	0.0140	wbI_ack_i	wbI_ack_o	wb0_ack_i	wb1_ack_o
21	0.0622	wbI_cyc_i	wbI_sel_o[J]	wb1_cyc_i	wb0_sel_o[0]
22	0.1574	wbI_ack_i	uI.mastJ_adr[K]	wb1_ack_i	u2.mast0_adr[30]$_DFF_P_/D
23	0.1654	wbI_stb_i	wbI_stb_o	wb1_stb_i	wb0_stb_o
24	0.1654	wbI_we_i	wbI_we_o	wb1_we_i	wb0_we_o
25	0.1654	wbIs_data_i[J]	wbIm_data_o[J]	wb1s_data_i[0]	wb0m_data_o[0]
26	0.1658	wbIm_data_i[J]	wbIs_data_o[J]	wb1m_data_i[0]	wb0s_data_o[0]
27	0.1773	wbI_sel_i[J]	wbI_sel_o[J]	wb1_sel_i[0]	wb0_sel_o[0]
28	0.1826	wbI_ack_i	uI.adrJ_cnt[K]	wb1_ack_i	u2.adr0_cnt[15]$_DFFE_PP_/D
29	0.1930	wbI_err_i	wbI_err_o	wb1_err_i	wb0_err_o
30	0.1930	wbI_rty_i	wbI_rty_o	wb1_rty_i	wb0_rty_o
31	0.2213	wbI_ack_i	uI.state[J]	wb1_ack_i	u2.state[10]$_DFF_P_/D
32	0.2527	uI.csr_r[J]	wbIs_data_o[J]	u2.csr_r[2]$_DFF_P_/Q	wb1s_data_o[16]
33	0.2676	wbI_ack_i	uI.uJ.mast_stb	wb1_ack_i	u3.u0.mast_stb$_DFF_P_/D
34	0.2860	wbI_ack_i	uI.uJ.mast_cyc	wb1_ack_i	u3.u0.mast_cyc$_DFF_P_/D
35	0.2895	uI.state[J]	uI.chunk_J	u2.state[8]$_DFF_P_/Q	u2.chunk_0$_DFF_P_/D
36	0.2989	uI.state[J]	uI.mastJ_adr[K]	u2.state[8]$_DFF_P_/Q	u2.mast0_adr[21]$_DFF_P_/D
37	0.3044	uI.state[J]	uI.uJ.mast_stb	u2.state[8]$_DFF_P_/Q	u3.u0.mast_stb$_DFF_P_/D
38	0.3058	uI.state[J]	uI.uJ.ch_csr_r[K]	u2.state[8]$_DFF_P_/Q	u0.u12.ch_csr_r[0]$_SDFFE_PP0P_/D
39	0.3058	uI.state[J]	uI.uJ.ch_eol	u2.state[8]$_DFF_P_/Q	u0.u12.ch_eol$_SDFFE_PP0P_/D
40	0.3081	uI.state[J]	uI.uJ.mast_cyc	u2.state[8]$_DFF_P_/Q	u3.u0.mast_cyc$_DFF_P_/D
41	0.3083	uI.state[J]	uI.adrJ_cnt[K]	u2.state[8]$_DFF_P_/Q	u2.adr1_cnt[26]$_DFFE_PP_/D
42	0.3157	uI.uJ.pri_outK[L]	uI.mastJ_adr[K]	u1.u0.pri_out0[1]$_DFF_P_/Q	u2.mast0_adr[21]$_DFF_P_/D
43	0.3158	uI.state[J]	uI.chunk_cnt[J]	u2.state[8]$_DFF_P_/Q	u2.chunk_cnt[5]$_DFFE_PP_/D
44	0.3199	uI.state[J]	uI.uJ.ch_rl	u2.state[8]$_DFF_P_/Q	u0.u1.ch_rl$_DFF_P_/D
45	0.3209	uI.state[J]	uI.uJ.ch_adrK_s[L]	u2.state[8]$_DFF_P_/Q	u0.u0.ch_adr0_s[9]$_DFFE_PP_/D
46	0.3212	uI.uJ.pri_outK[L]	uI.uJ.mast_stb	u1.u0.pri_out0[1]$_DFF_P_/Q	u3.u0.mast_stb$_DFF_P_/D
47	0.3212	uI.state[J]	uI.uJ.ch_done	u2.state[8]$_DFF_P_/Q	u0.u4.ch_done$_SDFFE_PP0P_/D
48	0.3226	uI.uJ.pri_outK[L]	uI.uJ.ch_csr_r[K]	u1.u0.pri_out0[1]$_DFF_P_/Q	u0.u12.ch_csr_r[0]$_SDFFE_PP0P_/D
49	0.3226	uI.uJ.pri_outK[L]	uI.uJ.ch_eol	u1.u0.pri_out0[1]$_DFF_P_/Q	u0.u12.ch_eol$_SDFFE_PP0P_/D
50	0.3249	uI.uJ.pri_outK[L]	uI.uJ.mast_cyc	u1.u0.pri_out0[1]$_DFF_P_/Q	u3.u0.mast_cyc$_DFF_P_/D
51	0.3251	uI.uJ.pri_outK[L]	uI.adrJ_cnt[K]	u1.u0.pri_out0[1]$_DFF_P_/Q	u2.adr1_cnt[26]$_DFFE_PP_/D
52	0.3261	uI.uJ.pri_outK[L]	uI.chunk_J	u1.u0.pri_out0[1]$_DFF_P_/Q	u2.chunk_0$_DFF_P_/D
53	0.3274	uI.state[J]	uI.uJ.int_src_r[K]	u2.state[8]$_DFF_P_/Q	u0.u1.int_src_r[1]$_SDFFE_PP0P_/D
54	0.3275	uI.state[J]	uI.uJ.mast_we_r	u2.state[8]$_DFF_P_/Q	u3.u0.mast_we_r$_DFF_P_/D
55	0.3290	uI.state[J]	uI.csr_r[J]	u2.state[8]$_DFF_P_/Q	u2.csr_r[7]$_DFF_P_/D
56	0.3298	uI.uJ.state[K]	uI.chunk_J	u1.u2.state[4]$_SDFFE_PP0P_/Q	u2.chunk_0$_DFF_P_/D
57	0.3302	uI.state[J]	uI.uJ.ptr_valid	u2.state[8]$_DFF_P_/Q	u0.u12.ptr_valid$_SDFFE_PP0P_/D
58	0.3304	uI.state[J]	uI.tsz_cnt[J]	u2.state[8]$_DFF_P_/Q	u2.tsz_cnt[0]$_DFFE_PP_/D
59	0.3312	wbI_ack_i	uI.chunk_dec	wb1_ack_i	u2.chunk_dec$_DFF_P_/D
60	0.3317	uI.state[J]	uI.ch_sel_r[J]	u2.state[8]$_DFF_P_/Q	u1.ch_sel_r[4]$_SDFFE_PP0P_/D
61	0.3346	uI.uJ.state[K]	uI.uJ.ch_tot_sz_r[K]	u1.u1.state[0]$_SDFFE_PP0P_/Q	u0.u10.ch_tot_sz_r[2]$_DFFE_PP_/D
62	0.3363	uI.state[J]	uI.uJ.ch_chk_sz_r[K]	u2.state[8]$_DFF_P_/Q	u0.u14.ch_chk_sz_r[0]$_DFFE_PP_/D
63	0.3367	uI.uJ.pri_outK[L]	uI.uJ.ch_rl	u1.u0.pri_out0[1]$_DFF_P_/Q	u0.u1.ch_rl$_DFF_P_/D
64	0.3371	uI.uJ.pri_outK[L]	uI.uJ.ch_tot_sz_r[K]	u1.u0.pri_out0[1]$_DFF_P_/Q	u0.u10.ch_tot_sz_r[2]$_DFFE_PP_/D
65	0.3376	uI.state[J]	uI.uJ.ch_txsz_s[K]	u2.state[8]$_DFF_P_/Q	u0.u0.ch_txsz_s[10]$_DFFE_PP_/D
66	0.3377	uI.uJ.pri_outK[L]	uI.uJ.ch_adrK_s[L]	u1.u0.pri_out0[1]$_DFF_P_/Q	u0.u0.ch_adr0_s[9]$_DFFE_PP_/D
67	0.3380	uI.uJ.pri_outK[L]	uI.uJ.ch_done	u1.u0.pri_out0[1]$_DFF_P_/Q	u0.u4.ch_done$_SDFFE_PP0P_/D
68	0.3395	uI.state[J]	uI.ack_o[J]	u2.state[8]$_DFF_P_/Q	u1.ack_o[2]$_DFF_P_/D
69	0.3400	uI.state[J]	uI.uJ.pointer_sr[K]	u2.state[8]$_DFF_P_/Q	u0.u13.pointer_sr[17]$_DFFE_PP_/D
70	0.3406	wbI_ack_i	uI.write_hold_r	wb1_ack_i	u2.write_hold_r$_DFF_P_/D
71	0.3414	uI.uJ.state[K]	uI.mastJ_adr[K]	u1.u1.state[0]$_SDFFE_PP0P_/Q	u2.mast0_adr[2]$_DFF_P_/D
72	0.3425	wbI_ack_i	uI.uJ.mast_we_r	wb1_ack_i	u3.u0.mast_we_r$_DFF_P_/D
73	0.3435	uI.uJ.state[K]	uI.uJ.state[K]	u1.u1.state[4]$_SDFFE_PP0P_/Q	u1.u1.state[1]$_SDFFE_PP0P_/D
74	0.3438	uI.state[J]	uI.uJ.ch_tot_sz_r[K]	u2.state[3]$_DFF_P_/Q	u0.u10.ch_tot_sz_r[2]$_DFFE_PP_/D
75	0.3442	uI.uJ.pri_outK[L]	uI.uJ.int_src_r[K]	u1.u0.pri_out0[1]$_DFF_P_/Q	u0.u1.int_src_r[1]$_SDFFE_PP0P_/D
76	0.3443	uI.uJ.pri_outK[L]	uI.uJ.mast_we_r	u1.u0.pri_out0[1]$_DFF_P_/Q	u3.u0.mast_we_r$_DFF_P_/D
77	0.3446	uI.uJ.state[K]	uI.uJ.ch_csr_r[K]	u1.u2.state[1]$_SDFFE_PP0P_/Q	u0.u12.ch_csr_r[0]$_SDFFE_PP0P_/D
78	0.3446	uI.uJ.state[K]	uI.uJ.ch_eol	u1.u2.state[1]$_SDFFE_PP0P_/Q	u0.u12.ch_eol$_SDFFE_PP0P_/D
79	0.3457	uI.uJ.pri_outK[L]	uI.uJ.ch_txsz_s[K]	u1.u0.pri_out0[1]$_DFF_P_/Q	u0.u6.ch_txsz_s[10]$_DFFE_PP_/D
80	0.3463	uI.uJ.pri_outK[L]	uI.tsz_cnt[J]	u1.u0.pri_out0[1]$_DFF_P_/Q	u2.tsz_cnt[0]$_DFFE_PP_/D
81	0.3467	uI.uJ.state[K]	uI.uJ.pointer_sr[K]	u1.u1.state[0]$_SDFFE_PP0P_/Q	u0.u10.pointer_sr[17]$_DFFE_PP_/D
82	0.3470	uI.uJ.pri_outK[L]	uI.uJ.ptr_valid	u1.u0.pri_out0[1]$_DFF_P_/Q	u0.u12.ptr_valid$_SDFFE_PP0P_/D
83	0.3473	uI.uJ.slv_adr[K]	uI.uJ.ch_tot_sz_r[K]	u3.u1.slv_adr[5]$_DFF_P_/Q	u0.u9.ch_tot_sz_r[5]$_DFFE_PP_/D
84	0.3475	uI.uJ.pri_outK[L]	uI.csr_r[J]	u1.u0.pri_out0[1]$_DFF_P_/Q	u2.csr_r[4]$_DFF_P_/D
85	0.3482	uI.ch_sel_r[J]	uI.mastJ_adr[K]	u1.ch_sel_r[3]$_SDFFE_PP0P_/Q	u2.mast0_adr[27]$_DFF_P_/D
86	0.3492	uI.uJ.pri_outK[L]	uI.uJ.pointer_sr[K]	u1.u0.pri_out0[1]$_DFF_P_/Q	u0.u10.pointer_sr[17]$_DFFE_PP_/D
87	0.3497	uI.uJ.state[K]	uI.adrJ_cnt[K]	u1.u2.state[4]$_SDFFE_PP0P_/Q	u2.adr0_cnt[16]$_DFFE_PP_/D
88	0.3497	uI.uJ.state[K]	uI.tsz_cnt[J]	u1.u2.state[4]$_SDFFE_PP0P_/Q	u2.tsz_cnt[0]$_DFFE_PP_/D
89	0.3503	uI.uJ.state[K]	uI.uJ.ch_txsz_s[K]	u1.u2.state[3]$_SDFFE_PP0P_/Q	u0.u11.ch_txsz_s[10]$_DFFE_PP_/D
90	0.3505	uI.state[J]	uI.state[J]	u2.state[8]$_DFF_P_/Q	u2.state[10]$_DFF_P_/D
91	0.3508	uI.uJ.state[K]	uI.csr_r[J]	u1.u2.state[4]$_SDFFE_PP0P_/Q	u2.csr_r[4]$_DFF_P_/D
92	0.3517	uI.ch_sel_r[J]	uI.uJ.ch_adrK_s[L]	u1.ch_sel_r[3]$_SDFFE_PP0P_/Q	u0.u2.ch_adr0_s[0]$_DFFE_PP_/D
93	0.3520	uI.uJ.pri_outK[L]	uI.chunk_cnt[J]	u1.u0.pri_out0[1]$_DFF_P_/Q	u2.chunk_cnt[7]$_DFFE_PP_/D
94	0.3552	uI.ch_sel_r[J]	uI.uJ.ch_chk_sz_r[K]	u1.ch_sel_r[3]$_SDFFE_PP0P_/Q	u0.u2.ch_chk_sz_r[0]$_DFFE_PP_/D
95	0.3554	uI.uJ.state[K]	uI.chunk_cnt[J]	u1.u2.state[4]$_SDFFE_PP0P_/Q	u2.chunk_cnt[7]$_DFFE_PP_/D
96	0.3573	uI.uJ.state[K]	uI.uJ.ch_adrK_s[L]	u1.u2.state[1]$_SDFFE_PP0P_/Q	u0.u13.ch_adr0_s[0]$_DFFE_PP_/D
97	0.3584	uI.ch_sel_r[J]	uI.uJ.ch_txsz_s[K]	u1.ch_sel_r[3]$_SDFFE_PP0P_/Q	u0.u2.ch_txsz_s[10]$_DFFE_PP_/D
98	0.3587	uI.uJ.slv_adr[K]	uI.uJ.ch_adrK_s[L]	u3.u1.slv_adr[5]$_DFF_P_/Q	u0.u15.ch_adr1_s[9]$_DFFE_PP_/D
99	0.3592	uI.mJ_we_r	wbIs_data_o[J]	u2.m0_we_r$_DFF_P_/Q	wb0s_data_o[10]
100	0.3594	uI.uJ.slv_adr[K]	uI.uJ.ch_adrK_r[L]	u3.u1.slv_adr[5]$_DFF_P_/Q	u0.u15.ch_adr1_r[0]$_DFFE_PP_/D
101	0.3594	wbI_ack_i	uI.read_r	wb1_ack_i	u2.read_r$_DFF_P_/D
102	0.3595	uI.uJ.slv_adr[K]	uI.uJ.sw_pointer_r[K]	u3.u1.slv_adr[5]$_DFF_P_/Q	u0.u15.sw_pointer_r[7]$_SDFFE_PP0P_/D
103	0.3603	uI.uJ.mast_dout[K]	wbIs_data_o[J]	u3.u0.mast_dout[10]$_DFFE_PP_/Q	wb0s_data_o[10]
104	0.3604	uI.ch_sel_r[J]	uI.uJ.pointer_sr[K]	u1.ch_sel_r[3]$_SDFFE_PP0P_/Q	u0.u3.pointer_sr[17]$_DFFE_PP_/D
105	0.3608	uI.uJ.state[K]	uI.uJ.ptr_valid	u1.u2.state[1]$_SDFFE_PP0P_/Q	u0.u12.ptr_valid$_SDFFE_PP0P_/D
106	0.3610	rst_i	uI.uJ.ch_csr_r[K]	rst_i	u0.u0.ch_csr_r[0]$_SDFFE_PP0P_/D
107	0.3615	rst_i	uI.uJ.ch_eol	rst_i	u0.u13.ch_eol$_SDFFE_PP0P_/D
108	0.3625	uI.uJ.state[K]	uI.uJ.ch_chk_sz_r[K]	u1.u1.state[0]$_SDFFE_PP0P_/Q	u0.u10.ch_chk_sz_r[0]$_DFFE_PP_/D
109	0.3628	uI.uJ.pri_outK[L]	uI.uJ.ch_chk_sz_r[K]	u1.u0.pri_out0[1]$_DFF_P_/Q	u0.u14.ch_chk_sz_r[0]$_DFFE_PP_/D
110	0.3634	uI.ch_sel_r[J]	uI.uJ.ch_csr_r[K]	u1.ch_sel_r[3]$_SDFFE_PP0P_/Q	u0.u3.ch_csr_r[0]$_SDFFE_PP0P_/D
111	0.3634	uI.ch_sel_r[J]	uI.uJ.ch_eol	u1.ch_sel_r[3]$_SDFFE_PP0P_/Q	u0.u3.ch_eol$_SDFFE_PP0P_/D
112	0.3640	uI.ch_sel_r[J]	uI.uJ.ch_done	u1.ch_sel_r[3]$_SDFFE_PP0P_/Q	u0.u2.ch_done$_SDFFE_PP0P_/D
113	0.3642	uI.uJ.slv_adr[K]	uI.uJ.pointer_r[K]	u3.u1.slv_adr[6]$_DFF_P_/Q	u0.u4.pointer_r[10]$_DFFE_PP_/D
114	0.3663	uI.uJ.slv_adr[K]	uI.uJ.ch_txsz_s[K]	u3.u1.slv_adr[5]$_DFF_P_/Q	u0.u9.ch_txsz_s[7]$_DFFE_PP_/D
115	0.3663	uI.uJ.slv_adr[K]	uI.uJ.ch_sz_inf	u3.u1.slv_adr[5]$_DFF_P_/Q	u0.u9.ch_sz_inf$_DFFE_PP_/D
116	0.3668	uI.ch_sel_r[J]	uI.state[J]	u1.ch_sel_r[3]$_SDFFE_PP0P_/Q	u2.state[10]$_DFF_P_/D
117	0.3684	rst_i	uI.uJ.state[K]	rst_i	u1.u2.state[4]$_SDFFE_PP0P_/D
118	0.3685	rst_i	uI.int_maska_r[J]	rst_i	u0.int_maska_r[0]$_SDFFE_PP0P_/D
119	0.3685	rst_i	uI.int_maskb_r[J]	rst_i	u0.int_maskb_r[0]$_SDFFE_PP0P_/D
120	0.3685	rst_i	uI.uJ.ch_csr_rK[L]	rst_i	u0.u0.ch_csr_r2[0]$_SDFFE_PP0P_/D
121	0.3685	rst_i	uI.uJ.sw_pointer_r[K]	rst_i	u0.u1.sw_pointer_r[0]$_SDFFE_PP0P_/D
122	0.3686	uI.uJ.slv_adr[K]	_I_	u3.u1.slv_adr[4]$_DFF_P_/Q	_57901_/D
123	0.3689	uI.uJ.state[K]	uI.uJ.ch_done	u1.u2.state[1]$_SDFFE_PP0P_/Q	u0.u4.ch_done$_SDFFE_PP0P_/D
124	0.3700	uI.uJ.state[K]	uI.uJ.ch_adrK_r[L]	u1.u2.state[1]$_SDFFE_PP0P_/Q	u0.u1.ch_adr1_r[10]$_DFFE_PP_/D
125	0.3718	uI.state[J]	uI.uJ.pointer_r[K]	u2.state[8]$_DFF_P_/Q	u0.u2.pointer_r[10]$_DFFE_PP_/D
126	0.3719	uI.ch_sel_r[J]	uI.tsz_cnt[J]	u1.ch_sel_r[3]$_SDFFE_PP0P_/Q	u2.tsz_cnt[11]$_DFFE_PP_/D
127	0.3719	uI.uJ.slv_adr[K]	uI.int_maskb_r[J]	u3.u1.slv_adr[6]$_DFF_P_/Q	u0.int_maskb_r[1]$_SDFFE_PP0P_/D
128	0.3723	uI.uJ.slv_adr[K]	uI.uJ.ch_csr_r[K]	u3.u1.slv_adr[5]$_DFF_P_/QN	u0.u14.ch_csr_r[0]$_SDFFE_PP0P_/D
129	0.3731	rst_i	uI.uJ.ptr_valid	rst_i	u0.u1.ptr_valid$_SDFFE_PP0P_/D
130	0.3731	uI.uJ.pri_outK[L]	uI.uJ.ch_adrK_r[L]	u1.u0.pri_out0[1]$_DFF_P_/Q	u0.u9.ch_adr1_r[10]$_DFFE_PP_/D
131	0.3731	uI.uJ.state[K]	uI.uJ.ch_rl	u1.u2.state[1]$_SDFFE_PP0P_/Q	u0.u10.ch_rl$_DFF_P_/D
132	0.3732	rst_i	uI.uJ.rest_en	rst_i	u0.u3.rest_en$_SDFFE_PP0P_/D
133	0.3734	rst_i	uI.uJ.ch_done	rst_i	u0.u1.ch_done$_SDFFE_PP0P_/D
134	0.3734	uI.uJ.state[K]	uI.state[J]	u1.u1.state[0]$_SDFFE_PP0P_/Q	u2.state[10]$_DFF_P_/D
135	0.3734	uI.uJ.pri_outK[L]	uI.state[J]	u1.u0.pri_out0[1]$_DFF_P_/Q	u2.state[10]$_DFF_P_/D
136	0.3757	uI.uJ.slv_adr[K]	uI.uJ.ch_chk_sz_r[K]	u3.u1.slv_adr[5]$_DFF_P_/Q	u0.u9.ch_chk_sz_r[5]$_DFFE_PP_/D
137	0.3757	uI.uJ.slv_adr[K]	uI.uJ.ch_amK_r[L]	u3.u1.slv_adr[5]$_DFF_P_/Q	u0.u15.ch_am1_r[16]$_SDFFE_PP1P_/D
138	0.3758	uI.uJ.state[K]	uI.uJ.mast_stb	u1.u2.state[4]$_SDFFE_PP0P_/Q	u3.u0.mast_stb$_DFF_P_/D
139	0.3760	uI.uJ.pri_outK[L]	uI.ack_o[J]	u1.u0.pri_out0[1]$_DFF_P_/Q	u1.ack_o[2]$_DFF_P_/D
140	0.3761	wbI_ack_i	uI.uJ.mast_dout[K]	wb0_ack_i	u3.u0.mast_dout[11]$_DFFE_PP_/D
141	0.3762	uI.ch_sel_r[J]	uI.adrJ_cnt[K]	u1.ch_sel_r[3]$_SDFFE_PP0P_/Q	u2.adr1_cnt[9]$_DFFE_PP_/D
142	0.3765	rst_i	uI.uJ.int_src_r[K]	rst_i	u0.u8.int_src_r[1]$_SDFFE_PP0P_/D
143	0.3774	uI.uJ.state[K]	uI.ack_o[J]	u1.u2.state[1]$_SDFFE_PP0P_/Q	u1.ack_o[2]$_DFF_P_/D
144	0.3781	uI.ch_sel_r[J]	uI.uJ.int_src_r[K]	u1.ch_sel_r[3]$_SDFFE_PP0P_/Q	u0.u2.int_src_r[1]$_SDFFE_PP0P_/D
145	0.3782	uI.uJ.state[K]	uI.uJ.int_src_r[K]	u1.u2.state[1]$_SDFFE_PP0P_/Q	u0.u6.int_src_r[2]$_SDFFE_PP0P_/D
146	0.3786	uI.ch_sel_r[J]	uI.chunk_cnt[J]	u1.ch_sel_r[3]$_SDFFE_PP0P_/Q	u2.chunk_cnt[7]$_DFFE_PP_/D
147	0.3786	uI.uJ.pri_outK[L]	uI.uJ.pointer_r[K]	u1.u0.pri_out0[1]$_DFF_P_/Q	u0.u6.pointer_r[12]$_DFFE_PP_/D
148	0.3787	rst_i	uI.state[J]	rst_i	u2.state[7]$_DFF_P_/D
149	0.3792	uI.uJ.state[K]	uI.uJ.pointer_r[K]	u1.u2.state[1]$_SDFFE_PP0P_/Q	u0.u1.pointer_r[10]$_DFFE_PP_/D
150	0.3794	uI.state[J]	uI.uJ.ch_adrK_r[L]	u2.state[8]$_DFF_P_/Q	u0.u6.ch_adr0_r[10]$_DFFE_PP_/D
151	0.3794	uI.state[J]	uI.next_ch	u2.state[8]$_DFF_P_/Q	u2.next_ch$_DFF_P_/D
152	0.3795	uI.uJ.state[K]	uI.uJ.mast_cyc	u1.u2.state[4]$_SDFFE_PP0P_/Q	u3.u0.mast_cyc$_DFF_P_/D
153	0.3796	uI.ch_sel_r[J]	uI.uJ.ptr_valid	u1.ch_sel_r[3]$_SDFFE_PP0P_/Q	u0.u3.ptr_valid$_SDFFE_PP0P_/D
154	0.3806	uI.uJ.slv_adr[K]	uI.uJ.ch_done	u3.u1.slv_adr[5]$_DFF_P_/QN	u0.u14.ch_done$_SDFFE_PP0P_/D
155	0.3816	uI.ch_sel_r[J]	uI.uJ.pointer_r[K]	u1.ch_sel_r[3]$_SDFFE_PP0P_/Q	u0.u2.pointer_r[10]$_DFFE_PP_/D
156	0.3823	uI.uJ.pri_outK[L]	uI.ch_sel_r[J]	u1.u0.pri_out0[1]$_DFF_P_/Q	u1.ch_sel_r[4]$_SDFFE_PP0P_/D
157	0.3830	wbI_ack_i	uI.write_r	wb1_ack_i	u2.write_r$_DFF_P_/D
158	0.3840	uI.ch_sel_r[J]	uI.csr_r[J]	u1.ch_sel_r[3]$_SDFFE_PP0P_/Q	u2.csr_r[12]$_DFF_P_/D
159	0.3848	uI.uJ.slv_adr[K]	uI.uJ.ch_csr_rK[L]	u3.u1.slv_adr[5]$_DFF_P_/QN	u0.u14.ch_csr_r2[0]$_SDFFE_PP0P_/D
160	0.3848	uI.uJ.slv_adr[K]	uI.uJ.rest_en	u3.u1.slv_adr[5]$_DFF_P_/QN	u0.u14.rest_en$_SDFFE_PP0P_/D
161	0.3850	uI.ch_sel_r[J]	uI.uJ.ch_rl	u1.ch_sel_r[3]$_SDFFE_PP0P_/Q	u0.u2.ch_rl$_DFF_P_/D
162	0.3863	uI.ch_sel_r[J]	uI.ack_o[J]	u1.ch_sel_r[3]$_SDFFE_PP0P_/Q	u1.ack_o[2]$_DFF_P_/D
163	0.3871	rst_i	uI.uJ.ch_amK_r[L]	rst_i	u0.u0.ch_am1_r[0]$_SDFFE_PP1P_/D
164	0.3872	uI.uJ.state[K]	uI.ch_sel_r[J]	u1.u2.state[0]$_SDFFE_PP0P_/Q	u1.ch_sel_r[4]$_SDFFE_PP0P_/D
165	0.3873	uI.uJ.slv_adr[K]	uI.int_maska_r[J]	u3.u1.slv_adr[6]$_DFF_P_/Q	u0.int_maska_r[1]$_SDFFE_PP0P_/D
166	0.3882	rst_i	uI.uJ.ch_err	rst_i	u0.u0.ch_err$_SDFFE_PP0P_/D
167	0.3882	rst_i	uI.ch_sel_r[J]	rst_i	u1.ch_sel_r[0]$_SDFFE_PP0P_/D
168	0.3917	uI.ch_sel_r[J]	uI.uJ.ch_tot_sz_r[K]	u1.ch_sel_r[3]$_SDFFE_PP0P_/Q	u0.u2.ch_tot_sz_r[10]$_DFFE_PP_/D
169	0.3919	uI.uJ.ch_csr_r[K]	uI.uJ.state[K]	u0.u12.ch_csr_r[5]$_SDFFE_PP0P_/Q	u1.u1.state[0]$_SDFFE_PP0P_/D
170	0.3934	uI.uJ.slv_adr[K]	uI.uJ.ch_stop	u3.u1.slv_adr[5]$_DFF_P_/QN	u0.u14.ch_stop$_DFF_P_/D
171	0.3948	uI.ch_sel_r[J]	uI.chunk_J	u1.ch_sel_r[1]$_SDFFE_PP0P_/Q	u2.chunk_0$_DFF_P_/D
172	0.3974	uI.uJ.state[K]	uI.uJ.ch_err	u1.u2.state[1]$_SDFFE_PP0P_/Q	u0.u1.ch_err$_SDFFE_PP0P_/D
173	0.3989	uI.uJ.state[K]	uI.uJ.mast_we_r	u1.u2.state[4]$_SDFFE_PP0P_/Q	u3.u0.mast_we_r$_DFF_P_/D
174	0.3997	rst_i	uI.csr_r[J]	rst_i	u0.csr_r[0]$_SDFFE_PP0P_/D
175	0.4070	wbI_addr_i[J]	uI.uJ.slv_re	wb0_addr_i[28]	u3.u1.slv_re$_DFF_P_/D
176	0.4106	uI.state[J]	uI.mJ_we_r	u2.state[8]$_DFF_P_/Q	u2.m0_we_r$_DFF_P_/D
177	0.4108	uI.req_r[J]	uI.uJ.state[K]	u1.req_r[12]$_DFF_P_/Q	u1.u1.state[0]$_SDFFE_PP0P_/D
178	0.4123	uI.state[J]	uI.write_hold_r	u2.state[8]$_DFF_P_/Q	u2.write_hold_r$_DFF_P_/D
179	0.4141	uI.ch_sel_r[J]	uI.uJ.ch_adrK_r[L]	u1.ch_sel_r[3]$_SDFFE_PP0P_/Q	u0.u2.ch_adr0_r[0]$_DFFE_PP_/D
180	0.4159	uI.uJ.pri_outK[L]	uI.next_ch	u1.u0.pri_out0[1]$_DFF_P_/Q	u2.next_ch$_DFF_P_/D
181	0.4171	uI.state[J]	uI.uJ.ch_err	u2.state[3]$_DFF_P_/Q	u0.u1.ch_err$_SDFFE_PP0P_/D
182	0.4173	uI.uJ.state[K]	uI.next_ch	u1.u2.state[1]$_SDFFE_PP0P_/Q	u2.next_ch$_DFF_P_/D
183	0.4173	uI.uJ.slv_adr[K]	uI.uJ.int_src_r[K]	u3.u1.slv_adr[5]$_DFF_P_/QN	u0.u14.int_src_r[0]$_SDFFE_PP0P_/D
184	0.4201	uI.tsz_cnt[J]	wbIs_data_o[J]	u2.tsz_cnt[6]$_DFFE_PP_/Q	wb0s_data_o[6]
185	0.4219	uI.uJ.pri_outK[L]	uI.uJ.ch_err	u1.u0.pri_out0[1]$_DFF_P_/Q	u0.u1.ch_err$_SDFFE_PP0P_/D
186	0.4243	uI.ch_sel_r[J]	uI.uJ.mast_stb	u1.ch_sel_r[0]$_SDFFE_PP0P_/Q	u3.u0.mast_stb$_DFF_P_/D
187	0.4274	uI.uJ.pri_outK[L]	uI.mJ_we_r	u1.u0.pri_out0[1]$_DFF_P_/Q	u2.m0_we_r$_DFF_P_/D
188	0.4281	uI.ch_sel_r[J]	uI.uJ.mast_cyc	u1.ch_sel_r[0]$_SDFFE_PP0P_/Q	u3.u0.mast_cyc$_DFF_P_/D
189	0.4289	uI.uJ.slv_adr[K]	uI.wb_rf_dout[J]	u3.u1.slv_adr[5]$_DFF_P_/QN	u0.wb_rf_dout[0]$_DFFE_PP_/D
190	0.4302	uI.ack_o[J]	uI.uJ.state[K]	u1.ack_o[12]$_DFF_P_/QN	u1.u1.state[0]$_SDFFE_PP0P_/D
191	0.4384	wbI_addr_i[J]	uI.uJ.slv_we	wb0_addr_i[28]	u3.u1.slv_we$_DFF_P_/D
192	0.4386	uI.ch_sel_r[J]	uI.uJ.mast_we_r	u1.ch_sel_r[3]$_SDFFE_PP0P_/Q	u3.u0.mast_we_r$_DFF_P_/D
193	0.4407	uI.ch_sel_r[J]	uI.ch_sel_r[J]	u1.ch_sel_r[3]$_SDFFE_PP0P_/Q	u1.ch_sel_r[4]$_SDFFE_PP0P_/D
194	0.4422	uI.uJ.state[K]	uI.write_hold_r	u1.u1.state[0]$_SDFFE_PP0P_/Q	u2.write_hold_r$_DFF_P_/D
195	0.4447	uI.uJ.pri_outK[L]	uI.write_hold_r	u1.u0.pri_out0[1]$_DFF_P_/Q	u2.write_hold_r$_DFF_P_/D
196	0.4453	uI.state[J]	uI.next_start	u2.state[8]$_DFF_P_/Q	u1.next_start$_DFF_P_/D
197	0.4500	uI.state[J]	uI.read_r	u2.state[8]$_DFF_P_/Q	u2.read_r$_DFF_P_/D
198	0.4523	uI.uJ.ch_csr_rK[L]	uI.uJ.state[K]	u0.u12.ch_csr_r2[0]$_SDFFE_PP0P_/QN	u1.u1.state[0]$_SDFFE_PP0P_/D
199	0.4554	uI.uJ.state[K]	uI.mJ_we_r	u1.u2.state[3]$_SDFFE_PP0P_/Q	u2.m0_we_r$_DFF_P_/D
200	0.4603	wbI_cyc_i	uI.uJ.slv_re	wb1_cyc_i	u4.u1.slv_re$_DFF_P_/D
201	0.4607	uI.chunk_cnt[J]	uI.mastJ_adr[K]	u2.chunk_cnt[8]$_DFFE_PP_/Q	u2.mast0_adr[30]$_DFF_P_/D
202	0.4611	uI.uJ.state[K]	uI.read_r	u1.u1.state[0]$_SDFFE_PP0P_/Q	u2.read_r$_DFF_P_/D
203	0.4636	uI.uJ.pri_outK[L]	uI.read_r	u1.u0.pri_out0[1]$_DFF_P_/Q	u2.read_r$_DFF_P_/D
204	0.4657	uI.state[J]	uI.write_r	u2.state[3]$_DFF_P_/Q	u2.write_r$_DFF_P_/D
205	0.4673	uI.ch_sel_r[J]	uI.mJ_we_r	u1.ch_sel_r[3]$_SDFFE_PP0P_/Q	u2.m0_we_r$_DFF_P_/D
206	0.4680	uI.ch_sel_r[J]	uI.next_ch	u1.ch_sel_r[3]$_SDFFE_PP0P_/Q	u2.next_ch$_DFF_P_/D
207	0.4735	uI.state[J]	uI.de_start_r	u2.state[8]$_DFF_P_/Q	u1.de_start_r$_DFF_P_/D
208	0.4758	uI.uJ.slv_adr[K]	uI.uJ.ch_err	u3.u1.slv_adr[3]$_DFF_P_/Q	u0.u0.ch_err$_SDFFE_PP0P_/D
209	0.4842	uI.ch_sel_r[J]	uI.write_hold_r	u1.ch_sel_r[3]$_SDFFE_PP0P_/Q	u2.write_hold_r$_DFF_P_/D
210	0.4897	uI.state[J]	uI.tsz_cnt_is_J_r	u2.state[8]$_DFF_P_/Q	u2.tsz_cnt_is_0_r$_DFF_P_/D
211	0.4917	wbI_cyc_i	uI.uJ.slv_we	wb1_cyc_i	u4.u1.slv_we$_DFF_P_/D
212	0.4951	uI.state[J]	uI.wb_rf_dout[J]	u2.state[3]$_DFF_P_/Q	u0.wb_rf_dout[0]$_DFFE_PP_/D
213	0.4959	uI.uJ.pri_outK[L]	uI.next_start	u1.u0.pri_out0[1]$_DFF_P_/Q	u1.next_start$_DFF_P_/D
214	0.4982	uI.tsz_cnt[J]	uI.ack_o[J]	u2.tsz_cnt[1]$_DFFE_PP_/QN	u1.ack_o[2]$_DFF_P_/D
215	0.4989	uI.tsz_cnt[J]	uI.uJ.int_src_r[K]	u2.tsz_cnt[1]$_DFFE_PP_/QN	u0.u6.int_src_r[2]$_SDFFE_PP0P_/D
216	0.5008	uI.uJ.state[K]	uI.next_start	u1.u2.state[0]$_SDFFE_PP0P_/Q	u1.next_start$_DFF_P_/D
217	0.5022	wbI_err_i	uI.dma_abort_r	wb1_err_i	u2.dma_abort_r$_DFF_P_/D
218	0.5027	wbI_stb_i	uI.uJ.slv_re	wb1_stb_i	u4.u1.slv_re$_DFF_P_/D
219	0.5031	uI.ch_sel_r[J]	uI.read_r	u1.ch_sel_r[3]$_SDFFE_PP0P_/Q	u2.read_r$_DFF_P_/D
220	0.5044	uI.ch_sel_r[J]	uI.uJ.ch_err	u1.ch_sel_r[1]$_SDFFE_PP0P_/Q	u0.u1.ch_err$_SDFFE_PP0P_/D
221	0.5047	uI.tsz_cnt[J]	uI.mastJ_adr[K]	u2.tsz_cnt[1]$_DFFE_PP_/QN	u2.mast0_adr[2]$_DFF_P_/D
222	0.5092	uI.tsz_cnt[J]	uI.state[J]	u2.tsz_cnt[1]$_DFFE_PP_/QN	u2.state[10]$_DFF_P_/D
223	0.5106	_I_	wbIm_data_o[J]	_57894_/Q	wb0m_data_o[31]
224	0.5122	uI.wb_rf_dout[J]	wbIm_data_o[J]	u0.wb_rf_dout[0]$_DFFE_PP_/Q	wb0m_data_o[0]
225	0.5142	uI.mastJ_adr[K]	wbI_addr_o[J]	u2.mast0_adr[30]$_DFF_P_/Q	wb0_addr_o[30]
226	0.5145	uI.uJ.rf_ack	wbI_ack_o	u3.u1.rf_ack$_DFF_P_/Q	wb0_ack_o
227	0.5145	uI.uJ.mast_stb	wbI_stb_o	u3.u0.mast_stb$_DFF_P_/Q	wb0_stb_o
228	0.5145	uI.uJ.mast_we_r	wbI_we_o	u3.u0.mast_we_r$_DFF_P_/Q	wb0_we_o
229	0.5155	uI.csr_r[J]	uI.adrJ_cnt[K]	u2.csr_r[2]$_DFF_P_/Q	u2.adr0_cnt[15]$_DFFE_PP_/D
230	0.5169	uI.tsz_cnt[J]	uI.uJ.mast_stb	u2.tsz_cnt[1]$_DFFE_PP_/QN	u3.u0.mast_stb$_DFF_P_/D
231	0.5175	uI.ndr_r[J]	uI.mastJ_adr[K]	u1.ndr_r[5]$_DFF_P_/Q	u2.mast0_adr[30]$_DFF_P_/D
232	0.5176	wbI_cyc_i	uI.uJ.rf_ack	wb1_cyc_i	u4.u1.rf_ack$_DFF_P_/D
233	0.5206	uI.tsz_cnt[J]	uI.uJ.mast_cyc	u2.tsz_cnt[1]$_DFFE_PP_/QN	u3.u0.mast_cyc$_DFF_P_/D
234	0.5209	uI.uJ.state[K]	uI.tsz_cnt_is_J_r	u1.u1.state[0]$_SDFFE_PP0P_/Q	u2.tsz_cnt_is_0_r$_DFF_P_/D
235	0.5235	uI.uJ.pri_outK[L]	uI.tsz_cnt_is_J_r	u1.u0.pri_out0[1]$_DFF_P_/Q	u2.tsz_cnt_is_0_r$_DFF_P_/D
236	0.5241	uI.uJ.pri_outK[L]	uI.de_start_r	u1.u0.pri_out0[1]$_DFF_P_/Q	u1.de_start_r$_DFF_P_/D
237	0.5247	uI.chunk_cnt[J]	uI.state[J]	u2.chunk_cnt[8]$_DFFE_PP_/Q	u2.state[10]$_DFF_P_/D
238	0.5276	uI.uJ.mast_cyc	wbI_cyc_o	u3.u0.mast_cyc$_DFF_P_/Q	wb0_cyc_o
239	0.5290	uI.uJ.state[K]	uI.de_start_r	u1.u2.state[0]$_SDFFE_PP0P_/Q	u1.de_start_r$_DFF_P_/D
240	0.5298	uI.tsz_cnt[J]	uI.tsz_cnt[J]	u2.tsz_cnt[1]$_DFFE_PP_/Q	u2.tsz_cnt[9]$_DFFE_PP_/D
241	0.5299	dma_rest_i[I]	uI.uJ.ptr_valid	dma_rest_i[14]	u0.u14.ptr_valid$_SDFFE_PP0P_/D
242	0.5310	uI.csr_r[J]	uI.mastJ_adr[K]	u2.csr_r[1]$_DFF_P_/Q	u2.mast0_adr[30]$_DFF_P_/D
243	0.5311	uI.uJ.ch_csr_r[K]	uI.chunk_cnt[J]	u0.u8.ch_csr_r[0]$_SDFFE_PP0P_/Q	u2.chunk_cnt[5]$_DFFE_PP_/D
244	0.5314	uI.ndr_r[J]	uI.uJ.ch_done	u1.ndr_r[5]$_DFF_P_/Q	u0.u4.ch_done$_SDFFE_PP0P_/D
245	0.5341	wbI_stb_i	uI.uJ.slv_we	wb1_stb_i	u4.u1.slv_we$_DFF_P_/D
246	0.5376	uI.ndr_r[J]	uI.uJ.int_src_r[K]	u1.ndr_r[5]$_DFF_P_/Q	u0.u1.int_src_r[1]$_SDFFE_PP0P_/D
247	0.5381	uI.tsz_cnt[J]	uI.next_ch	u2.tsz_cnt[1]$_DFFE_PP_/QN	u2.next_ch$_DFF_P_/D
248	0.5397	uI.uJ.ch_csr_r[K]	uI.adrJ_cnt[K]	u0.u8.ch_csr_r[0]$_SDFFE_PP0P_/Q	u2.adr0_cnt[0]$_DFFE_PP_/D
249	0.5456	uI.ch_sel_r[J]	uI.next_start	u1.ch_sel_r[3]$_SDFFE_PP0P_/Q	u1.next_start$_DFF_P_/D
250	0.5470	uI.uJ.ch_csr_r[K]	uI.ch_sel_r[J]	u0.u8.ch_csr_r[0]$_SDFFE_PP0P_/Q	u1.ch_sel_r[4]$_SDFFE_PP0P_/D
251	0.5495	uI.uJ.ch_csr_r[K]	uI.tsz_cnt[J]	u0.u8.ch_csr_r[0]$_SDFFE_PP0P_/Q	u2.tsz_cnt[11]$_DFFE_PP_/D
252	0.5501	wbIs_data_i[J]	uI.uJ.mast_dout[K]	wb0s_data_i[11]	u3.u0.mast_dout[11]$_DFFE_PP_/D
253	0.5506	uI.ndr_r[J]	uI.uJ.ch_csr_r[K]	u1.ndr_r[5]$_DFF_P_/Q	u0.u12.ch_csr_r[0]$_SDFFE_PP0P_/D
254	0.5506	uI.ndr_r[J]	uI.uJ.ch_eol	u1.ndr_r[5]$_DFF_P_/Q	u0.u12.ch_eol$_SDFFE_PP0P_/D
255	0.5519	uI.uJ.slv_we	uI.uJ.ch_tot_sz_r[K]	u3.u1.slv_we$_DFF_P_/Q	u0.u3.ch_tot_sz_r[5]$_DFFE_PP_/D
256	0.5519	uI.uJ.slv_we	uI.uJ.ch_txsz_s[K]	u3.u1.slv_we$_DFF_P_/Q	u0.u3.ch_txsz_s[5]$_DFFE_PP_/D
257	0.5548	uI.req_r[J]	uI.chunk_cnt[J]	u1.req_r[3]$_DFF_P_/Q	u2.chunk_cnt[5]$_DFFE_PP_/D
258	0.5550	uI.ndr_r[J]	uI.uJ.mast_stb	u1.ndr_r[5]$_DFF_P_/Q	u3.u0.mast_stb$_DFF_P_/D
259	0.5582	uI.uJ.slv_we	uI.uJ.pointer_r[K]	u3.u1.slv_we$_DFF_P_/Q	u0.u1.pointer_r[10]$_DFFE_PP_/D
260	0.5584	uI.adrJ_cnt[K]	uI.adrJ_cnt[K]	u2.adr1_cnt[16]$_DFFE_PP_/Q	u2.adr1_cnt[27]$_DFFE_PP_/D
261	0.5587	uI.ndr_r[J]	uI.uJ.mast_cyc	u1.ndr_r[5]$_DFF_P_/Q	u3.u0.mast_cyc$_DFF_P_/D
262	0.5600	wbI_stb_i	uI.uJ.rf_ack	wb1_stb_i	u4.u1.rf_ack$_DFF_P_/D
263	0.5614	uI.ack_o[J]	dma_ack_o[I]	u1.ack_o[0]$_DFF_P_/Q	dma_ack_o[0]
264	0.5614	uI.inta_o	inta_o	u0.inta_o$_DFF_P_/Q	inta_o
265	0.5614	uI.intb_o	intb_o	u0.intb_o$_DFF_P_/Q	intb_o
266	0.5626	uI.uJ.slv_we	uI.uJ.ch_amK_r[L]	u3.u1.slv_we$_DFF_P_/Q	u0.u8.ch_am0_r[10]$_SDFFE_PP1P_/D
267	0.5629	uI.ch_sel_r[J]	uI.tsz_cnt_is_J_r	u1.ch_sel_r[3]$_SDFFE_PP0P_/Q	u2.tsz_cnt_is_0_r$_DFF_P_/D
268	0.5631	uI.uJ.int_src_r[K]	_I_	u0.u6.int_src_r[2]$_SDFFE_PP0P_/Q	_57900_/D
269	0.5634	uI.req_r[J]	uI.adrJ_cnt[K]	u1.req_r[3]$_DFF_P_/Q	u2.adr0_cnt[0]$_DFFE_PP_/D
270	0.5646	wbI_we_i	uI.uJ.slv_re	wb0_we_i	u3.u1.slv_re$_DFF_P_/D
271	0.5647	uI.ndr_r[J]	uI.uJ.ch_rl	u1.ndr_r[5]$_DFF_P_/Q	u0.u1.ch_rl$_DFF_P_/D
272	0.5666	uI.uJ.ch_csr_r[K]	uI.state[J]	u0.u8.ch_csr_r[0]$_SDFFE_PP0P_/Q	u2.state[0]$_DFF_P_/D
273	0.5667	uI.ack_o[J]	uI.chunk_cnt[J]	u1.ack_o[3]$_DFF_P_/QN	u2.chunk_cnt[5]$_DFFE_PP_/D
274	0.5678	uI.uJ.ch_csr_rK[L]	_I_	u0.u6.ch_csr_r3[2]$_SDFFE_PP0P_/Q	_57900_/D
275	0.5702	dma_rest_i[I]	uI.uJ.ch_rl	dma_rest_i[1]	u0.u1.ch_rl$_DFF_P_/D
276	0.5707	uI.req_r[J]	uI.ch_sel_r[J]	u1.req_r[3]$_DFF_P_/Q	u1.ch_sel_r[4]$_SDFFE_PP0P_/D
277	0.5709	uI.tsz_cnt[J]	uI.write_hold_r	u2.tsz_cnt[1]$_DFFE_PP_/QN	u2.write_hold_r$_DFF_P_/D
278	0.5717	uI.uJ.out_r[K]	uI.adrJ_cnt[K]	u2.u1.out_r[16]$_DFF_P_/Q	u2.adr1_cnt[27]$_DFFE_PP_/D
279	0.5732	uI.req_r[J]	uI.tsz_cnt[J]	u1.req_r[3]$_DFF_P_/Q	u2.tsz_cnt[11]$_DFFE_PP_/D
280	0.5746	uI.ch_sel_r[J]	uI.de_start_r	u1.ch_sel_r[3]$_SDFFE_PP0P_/Q	u1.de_start_r$_DFF_P_/D
281	0.5750	uI.ndr_r[J]	uI.uJ.ptr_valid	u1.ndr_r[5]$_DFF_P_/Q	u0.u12.ptr_valid$_SDFFE_PP0P_/D
282	0.5753	uI.ack_o[J]	uI.adrJ_cnt[K]	u1.ack_o[3]$_DFF_P_/QN	u2.adr0_cnt[0]$_DFFE_PP_/D
283	0.5760	wbI_we_i	uI.uJ.slv_we	wb0_we_i	u3.u1.slv_we$_DFF_P_/D
284	0.5780	uI.mastJ_drdy_r	uI.uJ.ch_txsz_s[K]	u2.mast0_drdy_r$_DFF_P_/Q	u0.u3.ch_txsz_s[10]$_DFFE_PP_/D
285	0.5781	uI.ndr_r[J]	uI.uJ.mast_we_r	u1.ndr_r[5]$_DFF_P_/Q	u3.u0.mast_we_r$_DFF_P_/D
286	0.5788	dma_nd_i[I]	uI.ndr_r[J]	dma_nd_i[0]	u1.ndr_r[0]$_DFF_P_/D
287	0.5794	uI.uJ.slv_adr[K]	uI.csr_r[J]	u3.u1.slv_adr[6]$_DFF_P_/Q	u0.csr_r[0]$_SDFFE_PP0P_/D
288	0.5802	uI.tsz_cnt[J]	uI.chunk_dec	u2.tsz_cnt[1]$_DFFE_PP_/QN	u2.chunk_dec$_DFF_P_/D
289	0.5810	dma_req_i[I]	uI.req_r[J]	dma_req_i[0]	u1.req_r[0]$_DFF_P_/D
290	0.5810	dma_req_i[I]	uI.ndr_r[J]	dma_req_i[0]	u1.ndr_r[0]$_DFF_P_/D
291	0.5818	uI.uJ.ch_chk_sz_r[K]	uI.chunk_J	u0.u13.ch_chk_sz_r[1]$_DFFE_PP_/Q	u2.chunk_0$_DFF_P_/D
292	0.5824	uI.mastJ_drdy_r	uI.uJ.ch_chk_sz_r[K]	u2.mast0_drdy_r$_DFF_P_/Q	u0.u3.ch_chk_sz_r[0]$_DFFE_PP_/D
293	0.5826	uI.ack_o[J]	uI.ch_sel_r[J]	u1.ack_o[3]$_DFF_P_/QN	u1.ch_sel_r[4]$_SDFFE_PP0P_/D
294	0.5826	uI.uJ.ch_sz_inf	uI.mastJ_adr[K]	u0.u3.ch_sz_inf$_DFFE_PP_/Q	u2.mast0_adr[21]$_DFF_P_/D
295	0.5834	dma_nd_i[I]	uI.ndnr[J]	dma_nd_i[0]	u1.ndnr[0]$_DFF_P_/D
296	0.5851	uI.ack_o[J]	uI.tsz_cnt[J]	u1.ack_o[3]$_DFF_P_/QN	u2.tsz_cnt[11]$_DFFE_PP_/D
297	0.5904	uI.req_r[J]	uI.state[J]	u1.req_r[3]$_DFF_P_/Q	u2.state[0]$_DFF_P_/D
298	0.5910	uI.chunk_cnt[J]	uI.uJ.ch_csr_r[K]	u2.chunk_cnt[8]$_DFFE_PP_/Q	u0.u12.ch_csr_r[0]$_SDFFE_PP0P_/D
299	0.5910	uI.chunk_cnt[J]	uI.uJ.ch_eol	u2.chunk_cnt[8]$_DFFE_PP_/Q	u0.u12.ch_eol$_SDFFE_PP0P_/D
300	0.5913	uI.uJ.slv_we	uI.uJ.sw_pointer_r[K]	u3.u1.slv_we$_DFF_P_/Q	u0.u1.sw_pointer_r[10]$_SDFFE_PP0P_/D
301	0.5927	dma_req_i[I]	uI.ndnr[J]	dma_req_i[0]	u1.ndnr[0]$_DFF_P_/D
302	0.5929	uI.csr_r[J]	uI.state[J]	u2.csr_r[2]$_DFF_P_/Q	u2.state[10]$_DFF_P_/D
303	0.5932	uI.mastJ_drdy_r	uI.uJ.ch_tot_sz_r[K]	u2.mast0_drdy_r$_DFF_P_/Q	u0.u13.ch_tot_sz_r[1]$_DFFE_PP_/D
304	0.5933	uI.csr_r[J]	uI.uJ.mast_stb	u2.csr_r[2]$_DFF_P_/Q	u3.u0.mast_stb$_DFF_P_/D
305	0.5961	uI.adrJ_cnt[K]	uI.uJ.out_r[K]	u2.adr1_cnt[2]$_DFFE_PP_/Q	u2.u1.out_r[10]$_DFF_P_/D
306	0.5981	uI.dma_abort_r	uI.mastJ_adr[K]	u2.dma_abort_r$_DFF_P_/Q	u2.mast0_adr[30]$_DFF_P_/D
307	0.5998	uI.chunk_cnt[J]	uI.uJ.ch_done	u2.chunk_cnt[8]$_DFFE_PP_/Q	u0.u4.ch_done$_SDFFE_PP0P_/D
308	0.6000	uI.state[J]	uI.uJ.ch_busy	u2.state[8]$_DFF_P_/Q	u0.u0.ch_busy$_DFF_P_/D
309	0.6001	uI.chunk_J	uI.mastJ_adr[K]	u2.chunk_0$_DFF_P_/Q	u2.mast0_adr[30]$_DFF_P_/D
310	0.6022	uI.ack_o[J]	uI.state[J]	u1.ack_o[3]$_DFF_P_/QN	u2.state[0]$_DFF_P_/D
311	0.6056	uI.uJ.slv_we	uI.uJ.ch_sz_inf	u3.u1.slv_we$_DFF_P_/Q	u0.u11.ch_sz_inf$_DFFE_PP_/D
312	0.6062	wbI_ack_i	uI.mastJ_drdy_r	wb0_ack_i	u2.mast0_drdy_r$_DFF_P_/D
313	0.6062	wbI_addr_i[J]	uI.uJ.slv_adr[K]	wb0_addr_i[2]	u3.u1.slv_adr[2]$_DFF_P_/D
314	0.6062	wbIm_data_i[J]	uI.uJ.slv_dout[K]	wb0m_data_i[0]	u3.u1.slv_dout[0]$_DFF_P_/D
315	0.6063	uI.uJ.slv_we	uI.uJ.ch_chk_sz_r[K]	u3.u1.slv_we$_DFF_P_/Q	u0.u11.ch_chk_sz_r[1]$_DFFE_PP_/D
316	0.6072	uI.chunk_cnt[J]	uI.uJ.ptr_valid	u2.chunk_cnt[8]$_DFFE_PP_/Q	u0.u12.ptr_valid$_SDFFE_PP0P_/D
317	0.6073	uI.uJ.int_src_r[K]	uI.wb_rf_dout[J]	u0.u0.int_src_r[2]$_SDFFE_PP0P_/Q	u0.wb_rf_dout[0]$_DFFE_PP_/D
318	0.6090	uI.tsz_cnt[J]	uI.read_r	u2.tsz_cnt[1]$_DFFE_PP_/QN	u2.read_r$_DFF_P_/D
319	0.6117	uI.csr_r[J]	uI.uJ.mast_cyc	u2.csr_r[2]$_DFF_P_/Q	u3.u0.mast_cyc$_DFF_P_/D
320	0.6120	uI.uJ.slv_we	uI.uJ.ch_csr_rK[L]	u3.u1.slv_we$_DFF_P_/Q	u0.u1.ch_csr_r2[0]$_SDFFE_PP0P_/D
321	0.6121	uI.uJ.ch_csr_rK[L]	uI.wb_rf_dout[J]	u0.u0.ch_csr_r3[2]$_SDFFE_PP0P_/Q	u0.wb_rf_dout[0]$_DFFE_PP_/D
322	0.6122	uI.ndr_r[J]	uI.mJ_we_r	u1.ndr_r[5]$_DFF_P_/Q	u2.m0_we_r$_DFF_P_/D
323	0.6125	uI.uJ.mast_dout[K]	uI.uJ.ch_txsz_s[K]	u3.u0.mast_dout[10]$_DFFE_PP_/Q	u0.u0.ch_txsz_s[10]$_DFFE_PP_/D
324	0.6139	uI.chunk_cnt[J]	uI.uJ.int_src_r[K]	u2.chunk_cnt[8]$_DFFE_PP_/Q	u0.u4.int_src_r[1]$_SDFFE_PP0P_/D
325	0.6169	uI.uJ.slv_we	uI.int_maska_r[J]	u3.u1.slv_we$_DFF_P_/Q	u0.int_maska_r[0]$_SDFFE_PP0P_/D
326	0.6169	uI.uJ.slv_we	uI.int_maskb_r[J]	u3.u1.slv_we$_DFF_P_/Q	u0.int_maskb_r[0]$_SDFFE_PP0P_/D
327	0.6191	uI.uJ.mast_dout[K]	uI.uJ.ch_tot_sz_r[K]	u3.u0.mast_dout[10]$_DFFE_PP_/Q	u0.u14.ch_tot_sz_r[10]$_DFFE_PP_/D
328	0.6193	uI.uJ.ch_err	uI.wb_rf_dout[J]	u0.u0.ch_err$_SDFFE_PP0P_/Q	u0.wb_rf_dout[0]$_DFFE_PP_/D
329	0.6194	uI.ndr_r[J]	uI.state[J]	u1.ndr_r[5]$_DFF_P_/Q	u2.state[2]$_DFF_P_/D
330	0.6195	uI.chunk_cnt[J]	uI.uJ.ch_rl	u2.chunk_cnt[8]$_DFFE_PP_/Q	u0.u10.ch_rl$_DFF_P_/D
331	0.6206	uI.uJ.slv_we	uI.uJ.ch_stop	u3.u1.slv_we$_DFF_P_/Q	u0.u1.ch_stop$_DFF_P_/D
332	0.6206	uI.uJ.ch_amK_r[L]	_I_	u0.u5.ch_am0_r[23]$_SDFFE_PP1P_/Q	_57921_/D
333	0.6220	uI.chunk_cnt[J]	uI.uJ.mast_stb	u2.chunk_cnt[8]$_DFFE_PP_/Q	u3.u0.mast_stb$_DFF_P_/D
334	0.6221	uI.uJ.ch_sz_inf	uI.ack_o[J]	u0.u0.ch_sz_inf$_DFFE_PP_/Q	u1.ack_o[2]$_DFF_P_/D
335	0.6229	uI.uJ.ch_sz_inf	uI.uJ.int_src_r[K]	u0.u0.ch_sz_inf$_DFFE_PP_/Q	u0.u6.int_src_r[2]$_SDFFE_PP0P_/D
336	0.6233	uI.read_r	uI.adrJ_cnt[K]	u2.read_r$_DFF_P_/Q	u2.adr0_cnt[15]$_DFFE_PP_/D
337	0.6233	uI.write_r	uI.adrJ_cnt[K]	u2.write_r$_DFF_P_/Q	u2.adr1_cnt[16]$_DFFE_PP_/D
338	0.6250	uI.mastJ_drdy_r	uI.uJ.ch_adrK_s[L]	u2.mast0_drdy_r$_DFF_P_/Q	u0.u0.ch_adr1_s[0]$_DFFE_PP_/D
339	0.6258	uI.chunk_cnt[J]	uI.uJ.mast_cyc	u2.chunk_cnt[8]$_DFFE_PP_/Q	u3.u0.mast_cyc$_DFF_P_/D
340	0.6262	uI.uJ.slv_we	uI.uJ.ch_adrK_r[L]	u3.u1.slv_we$_DFF_P_/Q	u0.u2.ch_adr1_r[9]$_DFFE_PP_/D
341	0.6262	uI.uJ.slv_we	uI.uJ.ch_adrK_s[L]	u3.u1.slv_we$_DFF_P_/Q	u0.u2.ch_adr1_s[9]$_DFFE_PP_/D
342	0.6285	uI.int_maskb_r[J]	_I_	u0.int_maskb_r[6]$_SDFFE_PP0P_/Q	_57900_/D
343	0.6297	uI.uJ.ch_adrK_r[L]	_I_	u0.u5.ch_adr0_r[25]$_DFFE_PP_/Q	_57921_/D
344	0.6322	uI.uJ.pri_outK[L]	uI.uJ.ch_busy	u1.u0.pri_out0[1]$_DFF_P_/Q	u0.u0.ch_busy$_DFF_P_/D
345	0.6322	uI.chunk_cnt[J]	uI.ack_o[J]	u2.chunk_cnt[8]$_DFFE_PP_/Q	u1.ack_o[2]$_DFF_P_/D
346	0.6331	uI.uJ.ch_sz_inf	uI.state[J]	u0.u0.ch_sz_inf$_DFFE_PP_/Q	u2.state[10]$_DFF_P_/D
347	0.6334	uI.uJ.ch_csr_r[K]	uI.uJ.pri_outK[L]	u0.u4.ch_csr_r[5]$_SDFFE_PP0P_/Q	u1.u0.pri_out0[1]$_DFF_P_/D
348	0.6336	uI.uJ.state[K]	uI.uJ.ch_busy	u1.u2.state[0]$_SDFFE_PP0P_/Q	u0.u0.ch_busy$_DFF_P_/D
349	0.6359	uI.chunk_cnt[J]	uI.chunk_cnt[J]	u2.chunk_cnt[1]$_DFFE_PP_/QN	u2.chunk_cnt[8]$_DFFE_PP_/D
350	0.6363	uI.uJ.slv_we	uI.uJ.ch_done	u3.u1.slv_we$_DFF_P_/Q	u0.u1.ch_done$_SDFFE_PP0P_/D
351	0.6376	uI.uJ.pointer_r[K]	_I_	u0.u10.pointer_r[3]$_DFFE_PP_/Q	_57901_/D
352	0.6382	uI.uJ.slv_we	uI.uJ.rest_en	u3.u1.slv_we$_DFF_P_/Q	u0.u5.rest_en$_SDFFE_PP0P_/D
353	0.6405	uI.uJ.ch_tot_sz_r[K]	_I_	u0.u7.ch_tot_sz_r[7]$_DFFE_PP_/Q	_57901_/D
354	0.6408	uI.uJ.ch_sz_inf	uI.uJ.mast_stb	u0.u0.ch_sz_inf$_DFFE_PP_/Q	u3.u0.mast_stb$_DFF_P_/D
355	0.6411	uI.uJ.sw_pointer_r[K]	_I_	u0.u13.sw_pointer_r[5]$_SDFFE_PP0P_/Q	_57901_/D
356	0.6426	uI.mastJ_drdy_r	uI.uJ.ch_adrK_r[L]	u2.mast0_drdy_r$_DFF_P_/Q	u0.u1.ch_adr1_r[10]$_DFFE_PP_/D
357	0.6436	uI.int_maska_r[J]	_I_	u0.int_maska_r[6]$_SDFFE_PP0P_/Q	_57900_/D
358	0.6436	uI.dma_abort_r	uI.state[J]	u2.dma_abort_r$_DFF_P_/Q	u2.state[10]$_DFF_P_/D
359	0.6439	uI.uJ.mast_dout[K]	uI.uJ.ch_adrK_r[L]	u3.u0.mast_dout[10]$_DFFE_PP_/Q	u0.u12.ch_adr0_r[8]$_DFFE_PP_/D
360	0.6446	uI.uJ.ch_sz_inf	uI.uJ.mast_cyc	u0.u0.ch_sz_inf$_DFFE_PP_/Q	u3.u0.mast_cyc$_DFF_P_/D
361	0.6452	uI.uJ.ch_rl	uI.uJ.ch_adrK_r[L]	u0.u9.ch_rl$_DFF_P_/Q	u0.u9.ch_adr1_r[10]$_DFFE_PP_/D
362	0.6484	uI.tsz_cnt[J]	uI.tsz_cnt_is_J_r	u2.tsz_cnt[1]$_DFFE_PP_/QN	u2.tsz_cnt_is_0_r$_DFF_P_/D
363	0.6488	uI.chunk_cnt[J]	uI.write_hold_r	u2.chunk_cnt[8]$_DFFE_PP_/Q	u2.write_hold_r$_DFF_P_/D
364	0.6496	uI.uJ.ch_chk_sz_r[K]	_I_	u0.u8.ch_chk_sz_r[5]$_DFFE_PP_/Q	_57915_/D
365	0.6553	uI.uJ.mast_dout[K]	uI.uJ.ch_adrK_s[L]	u3.u0.mast_dout[10]$_DFFE_PP_/Q	u0.u2.ch_adr1_s[8]$_DFFE_PP_/D
366	0.6561	uI.tsz_cnt[J]	uI.uJ.ch_txsz_s[K]	u2.tsz_cnt[3]$_DFFE_PP_/Q	u0.u0.ch_txsz_s[3]$_DFFE_PP_/D
367	0.6569	uI.uJ.ch_done	_I_	u0.u9.ch_done$_SDFFE_PP0P_/Q	_57905_/D
368	0.6581	uI.chunk_cnt[J]	uI.chunk_dec	u2.chunk_cnt[8]$_DFFE_PP_/Q	u2.chunk_dec$_DFF_P_/D
369	0.6584	uI.mastJ_drdy_r	uI.uJ.ch_eol	u2.mast0_drdy_r$_DFF_P_/Q	u0.u6.ch_eol$_SDFFE_PP0P_/D
370	0.6602	uI.uJ.ch_err	_I_	u0.u1.ch_err$_SDFFE_PP0P_/Q	_57895_/D
371	0.6605	uI.uJ.ch_csr_r[K]	uI.next_start	u0.u8.ch_csr_r[0]$_SDFFE_PP0P_/Q	u1.next_start$_DFF_P_/D
372	0.6620	uI.uJ.ch_sz_inf	uI.next_ch	u0.u0.ch_sz_inf$_DFFE_PP_/Q	u2.next_ch$_DFF_P_/D
373	0.6630	uI.tsz_cnt[J]	uI.uJ.ch_tot_sz_r[K]	u2.tsz_cnt[3]$_DFFE_PP_/Q	u0.u14.ch_tot_sz_r[3]$_DFFE_PP_/D
374	0.6641	uI.chunk_J	uI.state[J]	u2.chunk_0$_DFF_P_/Q	u2.state[10]$_DFF_P_/D
375	0.6673	uI.mastJ_drdy_r	uI.uJ.ch_csr_r[K]	u2.mast0_drdy_r$_DFF_P_/Q	u0.u15.ch_csr_r[1]$_SDFFE_PP0P_/D
376	0.6677	uI.req_r[J]	uI.uJ.pri_outK[L]	u1.req_r[4]$_DFF_P_/Q	u1.u0.pri_out0[1]$_DFF_P_/D
377	0.6681	uI.csr_r[J]	uI.uJ.mast_we_r	u2.csr_r[7]$_DFF_P_/Q	u3.u0.mast_we_r$_DFF_P_/D
378	0.6692	uI.uJ.slv_we	uI.csr_r[J]	u3.u1.slv_we$_DFF_P_/Q	u0.csr_r[0]$_SDFFE_PP0P_/D
379	0.6700	uI.uJ.rest_en	_I_	u0.u14.rest_en$_SDFFE_PP0P_/Q	_57910_/D
380	0.6701	uI.uJ.ch_sz_inf	_I_	u0.u2.ch_sz_inf$_DFFE_PP_/Q	_57909_/D
381	0.6704	uI.uJ.ch_rl	uI.uJ.ch_tot_sz_r[K]	u0.u9.ch_rl$_DFF_P_/Q	u0.u9.ch_tot_sz_r[2]$_DFFE_PP_/D
382	0.6717	uI.uJ.ch_busy	_I_	u0.u13.ch_busy$_DFF_P_/Q	_57904_/D
383	0.6721	uI.chunk_cnt[J]	uI.next_ch	u2.chunk_cnt[8]$_DFFE_PP_/Q	u2.next_ch$_DFF_P_/D
384	0.6759	uI.dma_abort_r	uI.uJ.mast_stb	u2.dma_abort_r$_DFF_P_/Q	u3.u0.mast_stb$_DFF_P_/D
385	0.6772	uI.csr_r[J]	uI.chunk_dec	u2.csr_r[2]$_DFF_P_/Q	u2.chunk_dec$_DFF_P_/D
386	0.6795	uI.int_maska_r[J]	uI.wb_rf_dout[J]	u0.int_maska_r[0]$_SDFFE_PP0P_/Q	u0.wb_rf_dout[0]$_DFFE_PP_/D
387	0.6795	uI.ack_o[J]	uI.uJ.pri_outK[L]	u1.ack_o[4]$_DFF_P_/QN	u1.u0.pri_out0[1]$_DFF_P_/D
388	0.6797	uI.dma_abort_r	uI.uJ.mast_cyc	u2.dma_abort_r$_DFF_P_/Q	u3.u0.mast_cyc$_DFF_P_/D
389	0.6797	uI.adrJ_cnt[K]	uI.uJ.ch_adrK_r[L]	u2.adr0_cnt[7]$_DFFE_PP_/Q	u0.u12.ch_adr0_r[7]$_DFFE_PP_/D
390	0.6831	uI.uJ.ch_sz_inf	uI.chunk_dec	u0.u3.ch_sz_inf$_DFFE_PP_/Q	u2.chunk_dec$_DFF_P_/D
391	0.6841	uI.ch_sel_r[J]	uI.uJ.ch_busy	u1.ch_sel_r[3]$_SDFFE_PP0P_/Q	u0.u0.ch_busy$_DFF_P_/D
392	0.6843	uI.req_r[J]	uI.next_start	u1.req_r[3]$_DFF_P_/Q	u1.next_start$_DFF_P_/D
393	0.6848	uI.uJ.ch_chk_sz_r[K]	uI.chunk_cnt[J]	u0.u10.ch_chk_sz_r[5]$_DFFE_PP_/Q	u2.chunk_cnt[5]$_DFFE_PP_/D
394	0.6866	uI.csr_r[J]	uI.write_hold_r	u2.csr_r[2]$_DFF_P_/Q	u2.write_hold_r$_DFF_P_/D
395	0.6869	uI.chunk_cnt[J]	uI.read_r	u2.chunk_cnt[8]$_DFFE_PP_/Q	u2.read_r$_DFF_P_/D
396	0.6887	uI.uJ.ch_csr_r[K]	uI.de_start_r	u0.u8.ch_csr_r[0]$_SDFFE_PP0P_/Q	u1.de_start_r$_DFF_P_/D
397	0.6892	uI.uJ.ptr_valid	uI.wb_rf_dout[J]	u0.u0.ptr_valid$_SDFFE_PP0P_/Q	u0.wb_rf_dout[0]$_DFFE_PP_/D
398	0.6907	uI.uJ.pointer_r[K]	uI.mastJ_adr[K]	u0.u7.pointer_r[14]$_DFFE_PP_/Q	u2.mast0_adr[18]$_DFF_P_/D
399	0.6914	uI.adrJ_cnt[K]	uI.uJ.ch_adrK_s[L]	u2.adr0_cnt[7]$_DFFE_PP_/Q	u0.u0.ch_adr0_s[7]$_DFFE_PP_/D
400	0.6924	uI.uJ.ch_sz_inf	uI.write_hold_r	u0.u3.ch_sz_inf$_DFFE_PP_/Q	u2.write_hold_r$_DFF_P_/D
401	0.6947	uI.uJ.ch_tot_sz_r[K]	uI.wb_rf_dout[J]	u0.u7.ch_tot_sz_r[0]$_DFFE_PP_/Q	u0.wb_rf_dout[0]$_DFFE_PP_/D
402	0.6954	uI.uJ.ch_rl	uI.uJ.ch_chk_sz_r[K]	u0.u1.ch_rl$_DFF_P_/Q	u0.u1.ch_chk_sz_r[0]$_DFFE_PP_/D
403	0.6956	uI.uJ.slv_dout[K]	uI.uJ.ch_adrK_s[L]	u3.u1.slv_dout[7]$_DFF_P_/Q	u0.u1.ch_adr0_s[5]$_DFFE_PP_/D
404	0.6961	uI.ack_o[J]	uI.next_start	u1.ack_o[3]$_DFF_P_/QN	u1.next_start$_DFF_P_/D
405	0.6963	uI.uJ.pointer_sr[K]	uI.mastJ_adr[K]	u0.u3.pointer_sr[24]$_DFFE_PP_/Q	u2.mast0_adr[28]$_DFF_P_/D
406	0.6971	uI.uJ.ch_csr_rK[L]	uI.uJ.pri_outK[L]	u0.u4.ch_csr_r2[0]$_SDFFE_PP0P_/Q	u1.u0.pri_out0[1]$_DFF_P_/D
407	0.7054	uI.csr_r[J]	uI.read_r	u2.csr_r[2]$_DFF_P_/Q	u2.read_r$_DFF_P_/D
408	0.7054	uI.next_ch	uI.uJ.state[K]	u2.next_ch$_DFF_P_/Q	u1.u2.state[2]$_SDFFE_PP0P_/D
409	0.7069	uI.uJ.slv_dout[K]	uI.uJ.ch_adrK_r[L]	u3.u1.slv_dout[9]$_DFF_P_/Q	u0.u1.ch_adr1_r[7]$_DFFE_PP_/D
410	0.7070	uI.uJ.slv_dout[K]	uI.uJ.ch_txsz_s[K]	u3.u1.slv_dout[9]$_DFF_P_/Q	u0.u0.ch_txsz_s[9]$_DFFE_PP_/D
411	0.7072	uI.uJ.ch_csr_rK[L]	uI.intb_o	u0.u10.ch_csr_r3[1]$_SDFFE_PP0P_/Q	u0.intb_o$_DFF_P_/D
412	0.7074	uI.uJ.rest_en	uI.uJ.ch_txsz_s[K]	u0.u15.rest_en$_SDFFE_PP0P_/Q	u0.u15.ch_txsz_s[10]$_DFFE_PP_/D
413	0.7076	uI.tsz_cnt_is_J_r	uI.uJ.ch_done	u2.tsz_cnt_is_0_r$_DFF_P_/Q	u0.u4.ch_done$_SDFFE_PP0P_/D
414	0.7079	uI.uJ.ch_tot_sz_r[K]	uI.tsz_cnt[J]	u0.u2.ch_tot_sz_r[10]$_DFFE_PP_/Q	u2.tsz_cnt[10]$_DFFE_PP_/D
415	0.7080	uI.uJ.slv_dout[K]	uI.uJ.ch_tot_sz_r[K]	u3.u1.slv_dout[1]$_DFF_P_/Q	u0.u0.ch_tot_sz_r[1]$_DFFE_PP_/D
416	0.7113	uI.uJ.ch_sz_inf	uI.read_r	u0.u3.ch_sz_inf$_DFFE_PP_/Q	u2.read_r$_DFF_P_/D
417	0.7119	uI.uJ.int_src_r[K]	uI.intb_o	u0.u10.int_src_r[1]$_SDFFE_PP0P_/Q	u0.intb_o$_DFF_P_/D
418	0.7124	uI.uJ.slv_dout[K]	uI.int_maska_r[J]	u3.u1.slv_dout[7]$_DFF_P_/Q	u0.int_maska_r[7]$_SDFFE_PP0P_/D
419	0.7124	uI.uJ.slv_dout[K]	uI.int_maskb_r[J]	u3.u1.slv_dout[7]$_DFF_P_/Q	u0.int_maskb_r[7]$_SDFFE_PP0P_/D
420	0.7124	uI.uJ.slv_dout[K]	uI.uJ.ch_csr_r[K]	u3.u1.slv_dout[7]$_DFF_P_/Q	u0.u0.ch_csr_r[7]$_SDFFE_PP0P_/D
421	0.7124	uI.uJ.slv_dout[K]	uI.uJ.sw_pointer_r[K]	u3.u1.slv_dout[7]$_DFF_P_/Q	u0.u0.sw_pointer_r[3]$_SDFFE_PP0P_/D
422	0.7125	uI.req_r[J]	uI.de_start_r	u1.req_r[3]$_DFF_P_/Q	u1.de_start_r$_DFF_P_/D
423	0.7133	uI.uJ.ch_amK_r[L]	uI.adrJ_cnt[K]	u0.u9.ch_am1_r[15]$_SDFFE_PP1P_/Q	u2.adr1_cnt[17]$_DFFE_PP_/D
424	0.7151	uI.uJ.rest_en	uI.uJ.ch_adrK_s[L]	u0.u0.rest_en$_SDFFE_PP0P_/Q	u0.u0.ch_adr1_s[0]$_DFFE_PP_/D
425	0.7214	uI.uJ.ch_err	uI.intb_o	u0.u1.ch_err$_SDFFE_PP0P_/Q	u0.intb_o$_DFF_P_/D
426	0.7217	uI.tsz_cnt_is_J_r	uI.uJ.int_src_r[K]	u2.tsz_cnt_is_0_r$_DFF_P_/Q	u0.u4.int_src_r[1]$_SDFFE_PP0P_/D
427	0.7224	uI.uJ.int_src_r[K]	uI.inta_o	u0.u9.int_src_r[2]$_SDFFE_PP0P_/Q	u0.inta_o$_DFF_P_/D
428	0.7225	uI.uJ.ptr_valid	uI.state[J]	u0.u1.ptr_valid$_SDFFE_PP0P_/Q	u2.state[10]$_DFF_P_/D
429	0.7243	uI.ack_o[J]	uI.de_start_r	u1.ack_o[3]$_DFF_P_/QN	u1.de_start_r$_DFF_P_/D
430	0.7272	uI.uJ.ch_csr_rK[L]	uI.inta_o	u0.u9.ch_csr_r3[2]$_SDFFE_PP0P_/Q	u0.inta_o$_DFF_P_/D
431	0.7281	uI.uJ.ch_stop	uI.dma_abort_r	u0.u7.ch_stop$_DFF_P_/Q	u2.dma_abort_r$_DFF_P_/D
432	0.7319	uI.chunk_dec	uI.tsz_cnt[J]	u2.chunk_dec$_DFF_P_/Q	u2.tsz_cnt[10]$_DFFE_PP_/D
433	0.7322	uI.uJ.slv_dout[K]	uI.uJ.ch_stop	u3.u1.slv_dout[9]$_DFF_P_/Q	u0.u4.ch_stop$_DFF_P_/D
434	0.7324	uI.uJ.slv_we	uI.uJ.rf_ack	u3.u1.slv_we$_DFF_P_/Q	u3.u1.rf_ack$_DFF_P_/D
435	0.7365	uI.chunk_dec	uI.chunk_cnt[J]	u2.chunk_dec$_DFF_P_/Q	u2.chunk_cnt[6]$_DFFE_PP_/D
436	0.7438	uI.uJ.ch_err	uI.inta_o	u0.u1.ch_err$_SDFFE_PP0P_/Q	u0.inta_o$_DFF_P_/D
437	0.7443	uI.uJ.mast_dout[K]	uI.uJ.pointer_r[K]	u3.u0.mast_dout[20]$_DFFE_PP_/Q	u0.u0.pointer_r[16]$_DFFE_PP_/D
438	0.7445	uI.uJ.slv_dout[K]	uI.uJ.pointer_r[K]	u3.u1.slv_dout[5]$_DFF_P_/Q	u0.u0.pointer_r[1]$_DFFE_PP_/D
439	0.7463	uI.uJ.slv_dout[K]	uI.uJ.ch_csr_rK[L]	u3.u1.slv_dout[13]$_DFF_P_/Q	u0.u0.ch_csr_r2[0]$_SDFFE_PP0P_/D
440	0.7478	uI.uJ.slv_dout[K]	uI.uJ.ch_chk_sz_r[K]	u3.u1.slv_dout[16]$_DFF_P_/Q	u0.u13.ch_chk_sz_r[0]$_DFFE_PP_/D
441	0.7486	uI.uJ.slv_dout[K]	uI.uJ.ch_amK_r[L]	u3.u1.slv_dout[6]$_DFF_P_/Q	u0.u0.ch_am1_r[2]$_SDFFE_PP1P_/D
442	0.7488	uI.tsz_cnt_is_J_r	uI.tsz_cnt[J]	u2.tsz_cnt_is_0_r$_DFF_P_/QN	u2.tsz_cnt[10]$_DFFE_PP_/D
443	0.7491	uI.adrJ_cnt[K]	uI.mastJ_adr[K]	u2.adr0_cnt[7]$_DFFE_PP_/Q	u2.mast0_adr[9]$_DFF_P_/D
444	0.7501	uI.chunk_cnt_is_J_r	uI.chunk_cnt[J]	u2.chunk_cnt_is_0_r$_DFF_P_/QN	u2.chunk_cnt[6]$_DFFE_PP_/D
445	0.7510	uI.tsz_cnt_is_J_r	uI.uJ.ch_csr_r[K]	u2.tsz_cnt_is_0_r$_DFF_P_/Q	u0.u12.ch_csr_r[0]$_SDFFE_PP0P_/D
446	0.7510	uI.tsz_cnt_is_J_r	uI.uJ.ch_eol	u2.tsz_cnt_is_0_r$_DFF_P_/Q	u0.u12.ch_eol$_SDFFE_PP0P_/D
447	0.7515	uI.uJ.ch_csr_r[K]	uI.csr_r[J]	u0.u14.ch_csr_r[7]$_SDFFE_PP0P_/Q	u2.csr_r[7]$_DFF_P_/D
448	0.7516	uI.uJ.slv_dout[K]	uI.uJ.ch_sz_inf	u3.u1.slv_dout[15]$_DFF_P_/Q	u0.u8.ch_sz_inf$_DFFE_PP_/D
449	0.7524	uI.next_start	uI.adrJ_cnt[K]	u1.next_start$_DFF_P_/Q	u2.adr0_cnt[18]$_DFFE_PP_/D
450	0.7525	uI.dma_abort_r	uI.write_hold_r	u2.dma_abort_r$_DFF_P_/Q	u2.write_hold_r$_DFF_P_/D
451	0.7532	uI.chunk_J	uI.uJ.mast_stb	u2.chunk_0$_DFF_P_/Q	u3.u0.mast_stb$_DFF_P_/D
452	0.7533	uI.uJ.slv_dout[K]	uI.uJ.rest_en	u3.u1.slv_dout[16]$_DFF_P_/Q	u0.u0.rest_en$_SDFFE_PP0P_/D
453	0.7534	uI.uJ.mast_dout[K]	uI.uJ.ch_eol	u3.u0.mast_dout[20]$_DFFE_PP_/Q	u0.u13.ch_eol$_SDFFE_PP0P_/D
454	0.7540	uI.uJ.slv_re	uI.uJ.ch_err	u3.u1.slv_re$_DFF_P_/Q	u0.u0.ch_err$_SDFFE_PP0P_/D
455	0.7540	uI.uJ.slv_re	uI.uJ.int_src_r[K]	u3.u1.slv_re$_DFF_P_/Q	u0.u0.int_src_r[2]$_SDFFE_PP0P_/D
456	0.7567	uI.csr_r[J]	uI.write_r	u2.csr_r[1]$_DFF_P_/Q	u2.write_r$_DFF_P_/D
457	0.7581	uI.de_start_r	uI.adrJ_cnt[K]	u1.de_start_r$_DFF_P_/QN	u2.adr0_cnt[18]$_DFFE_PP_/D
458	0.7590	uI.dma_abort_r	uI.chunk_dec	u2.dma_abort_r$_DFF_P_/Q	u2.chunk_dec$_DFF_P_/D
459	0.7595	uI.uJ.ch_err	uI.csr_r[J]	u0.u1.ch_err$_SDFFE_PP0P_/Q	u2.csr_r[12]$_DFF_P_/D
460	0.7607	uI.csr_r[J]	uI.mJ_we_r	u2.csr_r[7]$_DFF_P_/Q	u2.m0_we_r$_DFF_P_/D
461	0.7610	uI.uJ.ch_csr_r[K]	uI.uJ.ch_eol	u0.u0.ch_csr_r[7]$_SDFFE_PP0P_/Q	u0.u0.ch_eol$_SDFFE_PP0P_/D
462	0.7613	uI.uJ.int_src_r[K]	uI.csr_r[J]	u0.u10.int_src_r[0]$_SDFFE_PP0P_/Q	u2.csr_r[12]$_DFF_P_/D
463	0.7626	uI.uJ.ch_adrK_r[L]	uI.adrJ_cnt[K]	u0.u10.ch_adr0_r[14]$_DFFE_PP_/Q	u2.adr0_cnt[14]$_DFFE_PP_/D
464	0.7633	uI.de_start_r	uI.chunk_cnt[J]	u1.de_start_r$_DFF_P_/QN	u2.chunk_cnt[5]$_DFFE_PP_/D
465	0.7643	uI.next_start	uI.chunk_cnt[J]	u1.next_start$_DFF_P_/Q	u2.chunk_cnt[5]$_DFFE_PP_/D
466	0.7649	uI.chunk_J	uI.uJ.mast_cyc	u2.chunk_0$_DFF_P_/Q	u4.u0.mast_cyc$_DFF_P_/D
467	0.7650	uI.tsz_cnt_is_J_r	uI.uJ.ch_rl	u2.tsz_cnt_is_0_r$_DFF_P_/Q	u0.u1.ch_rl$_DFF_P_/D
468	0.7672	uI.tsz_cnt_is_J_r	uI.uJ.ptr_valid	u2.tsz_cnt_is_0_r$_DFF_P_/Q	u0.u12.ptr_valid$_SDFFE_PP0P_/D
469	0.7685	uI.uJ.mast_dout[K]	uI.uJ.ch_csr_r[K]	u3.u0.mast_dout[19]$_DFFE_PP_/Q	u0.u3.ch_csr_r[4]$_SDFFE_PP0P_/D
470	0.7711	uI.uJ.ch_sz_inf	uI.tsz_cnt_is_J_r	u0.u3.ch_sz_inf$_DFFE_PP_/Q	u2.tsz_cnt_is_0_r$_DFF_P_/D
471	0.7713	uI.uJ.slv_dout[K]	uI.csr_r[J]	u3.u1.slv_dout[0]$_DFF_P_/Q	u0.csr_r[0]$_SDFFE_PP0P_/D
472	0.7716	uI.chunk_J	uI.ack_o[J]	u2.chunk_0$_DFF_P_/Q	u1.ack_o[2]$_DFF_P_/D
473	0.7723	uI.chunk_J	uI.uJ.int_src_r[K]	u2.chunk_0$_DFF_P_/Q	u0.u6.int_src_r[2]$_SDFFE_PP0P_/D
474	0.7724	uI.next_start	uI.tsz_cnt[J]	u1.next_start$_DFF_P_/Q	u2.tsz_cnt[0]$_DFFE_PP_/D
475	0.7778	uI.dma_abort_r	uI.uJ.ch_err	u2.dma_abort_r$_DFF_P_/Q	u0.u0.ch_err$_SDFFE_PP0P_/D
476	0.7778	uI.dma_abort_r	uI.uJ.int_src_r[K]	u2.dma_abort_r$_DFF_P_/Q	u0.u12.int_src_r[0]$_SDFFE_PP0P_/D
477	0.7781	uI.de_start_r	uI.tsz_cnt[J]	u1.de_start_r$_DFF_P_/QN	u2.tsz_cnt[0]$_DFFE_PP_/D
478	0.7792	uI.de_start_r	uI.ch_sel_r[J]	u1.de_start_r$_DFF_P_/QN	u1.ch_sel_r[4]$_SDFFE_PP0P_/D
479	0.7795	uI.int_maskb_r[J]	uI.intb_o	u0.int_maskb_r[10]$_SDFFE_PP0P_/Q	u0.intb_o$_DFF_P_/D
480	0.7795	uI.uJ.ch_eol	uI.uJ.ch_eol	u0.u0.ch_eol$_SDFFE_PP0P_/Q	u0.u0.ch_eol$_SDFFE_PP0P_/D
481	0.7802	uI.next_start	uI.ch_sel_r[J]	u1.next_start$_DFF_P_/Q	u1.ch_sel_r[4]$_SDFFE_PP0P_/D
482	0.7811	uI.uJ.ch_adrK_r[L]	uI.uJ.ch_adrK_r[L]	u0.u1.ch_adr1_r[19]$_DFFE_PP_/Q	u0.u1.ch_adr1_r[19]$_DFFE_PP_/D
483	0.7840	uI.uJ.ch_adrK_s[L]	uI.uJ.ch_adrK_r[L]	u0.u1.ch_adr0_s[10]$_DFFE_PP_/Q	u0.u1.ch_adr0_r[10]$_DFFE_PP_/D
484	0.7841	uI.chunk_J	uI.chunk_dec	u2.chunk_0$_DFF_P_/Q	u2.chunk_dec$_DFF_P_/D
485	0.7852	uI.uJ.ch_txsz_s[K]	uI.uJ.ch_tot_sz_r[K]	u0.u13.ch_txsz_s[0]$_DFFE_PP_/Q	u0.u13.ch_tot_sz_r[0]$_DFFE_PP_/D
486	0.7872	uI.dma_abort_r	uI.read_r	u2.dma_abort_r$_DFF_P_/Q	u2.read_r$_DFF_P_/D
487	0.7882	uI.chunk_J	uI.write_hold_r	u2.chunk_0$_DFF_P_/Q	u2.write_hold_r$_DFF_P_/D
488	0.7893	uI.next_start	uI.state[J]	u1.next_start$_DFF_P_/Q	u2.state[0]$_DFF_P_/D
489	0.7912	uI.uJ.slv_dout[K]	uI.uJ.ch_done	u3.u1.slv_dout[0]$_DFF_P_/QN	u0.u4.ch_done$_SDFFE_PP0P_/D
490	0.7928	uI.int_maska_r[J]	uI.inta_o	u0.int_maska_r[9]$_SDFFE_PP0P_/Q	u0.inta_o$_DFF_P_/D
491	0.7944	uI.de_start_r	uI.state[J]	u1.de_start_r$_DFF_P_/QN	u2.state[0]$_DFF_P_/D
492	0.7963	uI.uJ.ch_csr_r[K]	uI.uJ.ch_done	u0.u11.ch_csr_r[7]$_SDFFE_PP0P_/Q	u0.u11.ch_done$_SDFFE_PP0P_/D
493	0.8004	uI.uJ.mast_dout[K]	uI.uJ.mast_dout[K]	u3.u0.mast_dout[20]$_DFFE_PP_/Q	u3.u0.mast_dout[20]$_DFFE_PP_/D
494	0.8007	uI.uJ.ch_csr_r[K]	uI.uJ.ch_csr_r[K]	u0.u7.ch_csr_r[7]$_SDFFE_PP0P_/Q	u0.u7.ch_csr_r[0]$_SDFFE_PP0P_/D
495	0.8018	uI.csr_r[J]	uI.state[J]	u0.csr_r[0]$_SDFFE_PP0P_/Q	u2.state[10]$_DFF_P_/D
496	0.8029	uI.dma_abort_r	uI.uJ.mast_we_r	u2.dma_abort_r$_DFF_P_/Q	u3.u0.mast_we_r$_DFF_P_/D
497	0.8053	uI.uJ.slv_re	uI.uJ.rf_ack	u3.u1.slv_re$_DFF_P_/Q	u3.u1.rf_ack$_DFF_P_/D
498	0.8055	uI.uJ.ch_csr_r[K]	uI.uJ.int_src_r[K]	u0.u11.ch_csr_r[7]$_SDFFE_PP0P_/Q	u0.u11.int_src_r[1]$_SDFFE_PP0P_/D
499	0.8090	uI.uJ.ch_eol	uI.uJ.ch_done	u0.u7.ch_eol$_SDFFE_PP0P_/Q	u0.u7.ch_done$_SDFFE_PP0P_/D
500	0.8115	uI.chunk_J	uI.next_ch	u2.chunk_0$_DFF_P_/Q	u2.next_ch$_DFF_P_/D
501	0.8123	uI.chunk_J	uI.read_r	u2.chunk_0$_DFF_P_/Q	u2.read_r$_DFF_P_/D
502	0.8129	uI.chunk_cnt[J]	uI.chunk_cnt_is_J_r	u2.chunk_cnt[8]$_DFFE_PP_/Q	u2.chunk_cnt_is_0_r$_DFF_P_/D
503	0.8162	uI.uJ.ch_eol	uI.uJ.ch_csr_r[K]	u0.u7.ch_eol$_SDFFE_PP0P_/Q	u0.u7.ch_csr_r[0]$_SDFFE_PP0P_/D
504	0.8206	uI.uJ.ch_eol	uI.uJ.int_src_r[K]	u0.u11.ch_eol$_SDFFE_PP0P_/Q	u0.u11.int_src_r[1]$_SDFFE_PP0P_/D
505	0.8226	uI.int_maskb_r[J]	uI.wb_rf_dout[J]	u0.int_maskb_r[0]$_SDFFE_PP0P_/Q	u0.wb_rf_dout[0]$_DFFE_PP_/D
506	0.8340	uI.uJ.rest_en	uI.uJ.ptr_valid	u0.u14.rest_en$_SDFFE_PP0P_/Q	u0.u14.ptr_valid$_SDFFE_PP0P_/D
507	0.8346	uI.uJ.pointer_r[K]	uI.uJ.pointer_r[K]	u0.u4.pointer_r[19]$_DFFE_PP_/Q	u0.u4.pointer_r[19]$_DFFE_PP_/D
508	0.8393	uI.uJ.ch_txsz_s[K]	uI.uJ.ch_chk_sz_r[K]	u0.u13.ch_txsz_s[12]$_DFFE_PP_/Q	u0.u13.ch_chk_sz_r[0]$_DFFE_PP_/D
509	0.8402	uI.uJ.ch_txsz_s[K]	uI.uJ.ch_txsz_s[K]	u0.u0.ch_txsz_s[0]$_DFFE_PP_/Q	u0.u0.ch_txsz_s[0]$_DFFE_PP_/D
510	0.8433	uI.dma_abort_r	uI.write_r	u2.dma_abort_r$_DFF_P_/Q	u2.write_r$_DFF_P_/D
511	0.8452	uI.uJ.ch_amK_r[L]	uI.uJ.ch_amK_r[L]	u0.u0.ch_am0_r[11]$_SDFFE_PP1P_/Q	u0.u0.ch_am0_r[11]$_SDFFE_PP1P_/D
512	0.8481	uI.uJ.ch_tot_sz_r[K]	uI.uJ.ch_tot_sz_r[K]	u0.u3.ch_tot_sz_r[11]$_DFFE_PP_/Q	u0.u3.ch_tot_sz_r[11]$_DFFE_PP_/D
513	0.8515	uI.wb_rf_dout[J]	uI.wb_rf_dout[J]	u0.wb_rf_dout[0]$_DFFE_PP_/Q	u0.wb_rf_dout[0]$_DFFE_PP_/D
514	0.8545	uI.ndnr[J]	uI.uJ.ch_csr_r[K]	u1.ndnr[11]$_DFF_P_/Q	u0.u11.ch_csr_r[0]$_SDFFE_PP0P_/D
515	0.8545	uI.ndnr[J]	uI.uJ.ch_eol	u1.ndnr[11]$_DFF_P_/Q	u0.u11.ch_eol$_SDFFE_PP0P_/D
516	0.8562	uI.uJ.ch_csr_r[K]	uI.ack_o[J]	u0.u2.ch_csr_r[5]$_SDFFE_PP0P_/Q	u1.ack_o[2]$_DFF_P_/D
517	0.8574	uI.write_hold_r	uI.uJ.mast_stb	u2.write_hold_r$_DFF_P_/Q	u3.u0.mast_stb$_DFF_P_/D
518	0.8637	uI.uJ.ch_sz_inf	uI.uJ.ch_sz_inf	u0.u0.ch_sz_inf$_DFFE_PP_/Q	u0.u0.ch_sz_inf$_DFFE_PP_/D
519	0.8655	uI.uJ.rf_ack	uI.uJ.slv_re	u4.u1.rf_ack$_DFF_P_/QN	u4.u1.slv_re$_DFF_P_/D
520	0.8677	uI.csr_r[J]	uI.csr_r[J]	u0.csr_r[0]$_SDFFE_PP0P_/Q	u0.csr_r[0]$_SDFFE_PP0P_/D
521	0.8682	uI.uJ.ch_csr_rK[L]	uI.uJ.ch_csr_rK[L]	u0.u2.ch_csr_r2[0]$_SDFFE_PP0P_/Q	u0.u2.ch_csr_r2[0]$_SDFFE_PP0P_/D
522	0.8701	uI.uJ.rest_en	uI.uJ.rest_en	u0.u0.rest_en$_SDFFE_PP0P_/Q	u0.u0.rest_en$_SDFFE_PP0P_/D
523	0.8733	uI.ndnr[J]	uI.uJ.ch_done	u1.ndnr[0]$_DFF_P_/Q	u0.u0.ch_done$_SDFFE_PP0P_/D
524	0.8777	uI.write_hold_r	uI.uJ.mast_cyc	u2.write_hold_r$_DFF_P_/Q	u3.u0.mast_cyc$_DFF_P_/D
525	0.8788	uI.ndnr[J]	uI.uJ.ptr_valid	u1.ndnr[11]$_DFF_P_/Q	u0.u11.ptr_valid$_SDFFE_PP0P_/D
526	0.8802	uI.uJ.rest_en	uI.uJ.ch_rl	u0.u0.rest_en$_SDFFE_PP0P_/Q	u0.u0.ch_rl$_DFF_P_/D
527	0.8830	uI.ndnr[J]	uI.uJ.int_src_r[K]	u1.ndnr[1]$_DFF_P_/Q	u0.u1.int_src_r[1]$_SDFFE_PP0P_/D
528	0.8839	uI.uJ.ch_adrK_s[L]	uI.uJ.ch_adrK_s[L]	u0.u1.ch_adr0_s[29]$_DFFE_PP_/Q	u0.u1.ch_adr0_s[29]$_DFFE_PP_/D
529	0.8872	uI.uJ.ch_err	uI.uJ.ch_err	u0.u1.ch_err$_SDFFE_PP0P_/Q	u0.u1.ch_err$_SDFFE_PP0P_/D
530	0.8873	uI.uJ.int_src_r[K]	uI.uJ.int_src_r[K]	u0.u15.int_src_r[0]$_SDFFE_PP0P_/Q	u0.u15.int_src_r[0]$_SDFFE_PP0P_/D
531	0.8895	uI.uJ.ch_chk_sz_r[K]	uI.uJ.ch_chk_sz_r[K]	u0.u15.ch_chk_sz_r[1]$_DFFE_PP_/Q	u0.u15.ch_chk_sz_r[1]$_DFFE_PP_/D
532	0.8904	uI.uJ.pointer_r[K]	uI.uJ.pointer_sr[K]	u0.u0.pointer_r[0]$_DFFE_PP_/Q	u0.u0.pointer_sr[0]$_DFFE_PP_/D
533	0.8947	uI.uJ.ptr_valid	uI.uJ.ptr_valid	u0.u0.ptr_valid$_SDFFE_PP0P_/Q	u0.u0.ptr_valid$_SDFFE_PP0P_/D
534	0.8953	uI.uJ.pointer_sr[K]	uI.uJ.pointer_sr[K]	u0.u4.pointer_sr[15]$_DFFE_PP_/Q	u0.u4.pointer_sr[15]$_DFFE_PP_/D
535	0.8969	uI.uJ.rf_ack	uI.uJ.slv_we	u4.u1.rf_ack$_DFF_P_/QN	u4.u1.slv_we$_DFF_P_/D
536	0.8972	uI.uJ.ch_done	uI.uJ.ch_done	u0.u7.ch_done$_SDFFE_PP0P_/Q	u0.u7.ch_done$_SDFFE_PP0P_/D
537	0.8986	uI.int_maskb_r[J]	uI.int_maskb_r[J]	u0.int_maskb_r[7]$_SDFFE_PP0P_/Q	u0.int_maskb_r[7]$_SDFFE_PP0P_/D
538	0.8987	uI.int_maska_r[J]	uI.int_maska_r[J]	u0.int_maska_r[7]$_SDFFE_PP0P_/Q	u0.int_maska_r[7]$_SDFFE_PP0P_/D
539	0.9028	uI.uJ.ch_csr_r[K]	uI.uJ.ch_rl	u0.u11.ch_csr_r[6]$_SDFFE_PP0P_/Q	u0.u11.ch_rl$_DFF_P_/D
540	0.9056	_I_	_I_	_57917_/Q	_57917_/D
541	0.9063	uI.uJ.slv_re	uI.uJ.slv_re	u3.u1.slv_re$_DFF_P_/QN	u3.u1.slv_re$_DFF_P_/D
542	0.9076	uI.uJ.sw_pointer_r[K]	uI.uJ.sw_pointer_r[K]	u0.u0.sw_pointer_r[16]$_SDFFE_PP0P_/Q	u0.u0.sw_pointer_r[16]$_SDFFE_PP0P_/D
543	0.9228	uI.uJ.rf_ack	uI.uJ.rf_ack	u4.u1.rf_ack$_DFF_P_/QN	u4.u1.rf_ack$_DFF_P_/D
544	0.9242	uI.next_ch	uI.next_start	u2.next_ch$_DFF_P_/Q	u1.next_start$_DFF_P_/D
545	0.9333	uI.ack_o[J]	uI.req_r[J]	u1.ack_o[0]$_DFF_P_/QN	u1.req_r[0]$_DFF_P_/D
546	0.9444	uI.read_r	uI.chunk_dec	u2.read_r$_DFF_P_/QN	u2.chunk_dec$_DFF_P_/D
