# stage	1_synth
# top_module	RsDecodeTop
# top_n	100
# kind	blocks
# skip_async	1
# include_full	1
# rank	worst_slack_ns	start	end	start_full	end_full
1	-0.1096	RsDecodeDegree_I.pipeWinnerJ[K]	degreeOmegaReg[I]	RsDecodeDegree_1.pipeWinner2[0]$_DFFE_PN0P_/Q	degreeOmegaReg[0]$_DFFE_PN0P_/D
2	-0.0733	RsDecodeDegree_I.pipeWinnerJ[K]	degreeLambdaReg[I]	RsDecodeDegree_2.pipeWinner2[0]$_DFFE_PN0P_/Q	degreeLambdaReg[0]$_DFFE_PN0P_/D
3	-0.0200	enable	RsDecodeDelay.RsDecodeDpRam.mem[I][J]	enable	RsDecodeDelay.RsDecodeDpRam.mem[10][0]$_DFFE_PP_/D
4	-0.0185	enable	RsDecodeEuclide.lambdaBkp_I[J]	enable	RsDecodeEuclide.lambdaBkp_10[0]$_DFFE_PN0P_/D
5	-0.0095	enable	RsDecodeEuclide.lambdaInner_I[J]	enable	RsDecodeEuclide.lambdaInner_21[6]$_DFFE_PN0P_/D
6	-0.0084	enable	RsDecodeEuclide.omegaBkp_I[J]	enable	RsDecodeEuclide.omegaBkp_10[0]$_DFFE_PN0P_/D
7	-0.0003	enable	RsDecodeEuclide.omegaInner_I[J]	enable	RsDecodeEuclide.omegaInner_17[3]$_DFFE_PN0P_/D
8	0.0068	RsDecodeDelay.RsDecodeDpRam.rRdAddr[I]	RsDecodeDelay.RsDecodeDpRam.q[I]	RsDecodeDelay.RsDecodeDpRam.rRdAddr[1]$_DFF_P_/Q	RsDecodeDelay.RsDecodeDpRam.q[0]$_DFFE_PP_/D
9	0.0095	enable	RsDecodePolymul.sumReg_I[J]	enable	RsDecodePolymul.sumReg_21[1]$_DFFE_PN0P_/D
10	0.0095	enable	omegaShiftedReg_I[J]	enable	omegaShiftedReg_20[0]$_DFFE_PN0P_/D
11	0.0171	RsDecodeSyndrome.count[I]	RsDecodePolymul.sumReg_I[J]	RsDecodeSyndrome.count[1]$_DFFE_PN0P_/Q	RsDecodePolymul.sumReg_3[5]$_DFFE_PN0P_/D
12	0.0175	enable	RsDecodeDegree_I.pipeWinnerJ[K]	enable	RsDecodeDegree_1.pipeWinner10[0]$_DFFE_PN0P_/D
13	0.0182	enable	RsDecodeChien.denomEIInvReg[J]	enable	RsDecodeChien.denomE0InvReg[4]$_DFFE_PN0P_/D
14	0.0182	enable	RsDecodeEuclide.omegaInvReg[I]	enable	RsDecodeEuclide.omegaInvReg[2]$_DFFE_PN0P_/D
15	0.0184	enable	RsDecodeChien.epsilonReg_I[J]	enable	RsDecodeChien.epsilonReg_13[7]$_DFFE_PN0P_/D
16	0.0184	enable	RsDecodeChien.epsilonSumReg[I]	enable	RsDecodeChien.epsilonSumReg[0]$_DFFE_PN0P_/D
17	0.0184	enable	RsDecodeChien.lambdaEvenReg[I]	enable	RsDecodeChien.lambdaEvenReg[0]$_DFFE_PN0P_/D
18	0.0184	enable	RsDecodeChien.lambdaOddReg[I]	enable	RsDecodeChien.lambdaOddReg[7]$_DFFE_PN0P_/D
19	0.0184	enable	RsDecodeChien.lambdaReg_I[J]	enable	RsDecodeChien.lambdaReg_12[0]$_DFFE_PN0P_/D
20	0.0184	enable	RsDecodeChien.omegaReg_I[J]	enable	RsDecodeChien.omegaReg_11[0]$_DFFE_PN0P_/D
21	0.0191	enable	RsDecodePolymul.count[I]	enable	RsDecodePolymul.count[0]$_DFFE_PN0P_/D
22	0.0229	enable	RsDecodeChien.count[I]	enable	RsDecodeChien.count[0]$_DFFE_PN0P_/D
23	0.0244	enable	RsDecodeErasure.erasureCount[I]	enable	RsDecodeErasure.erasureCount[5]$_DFFE_PN0P_/D
24	0.0257	enable	epsilonRegI_J[K]	enable	epsilonReg2_19[0]$_DFFE_PN0P_/D
25	0.0305	enable	RsDecodeEuclide.lambdaXorReg_I[J]	enable	RsDecodeEuclide.lambdaXorReg_12[6]$_DFFE_PN0P_/D
26	0.0328	enable	doneReg[I]	enable	doneReg[0]$_DFFE_PN0P_/D
27	0.0328	enable	lambdaRegI_J[K]	enable	lambdaReg2_0[0]$_DFFE_PN0P_/D
28	0.0328	enable	startReg[I]	enable	startReg[1]$_DFFE_PN0P_/D
29	0.0381	omegaShiftedReg_I[J]	RsDecodeDegree_I.pipeWinnerJ[K]	omegaShiftedReg_7[1]$_DFFE_PN0P_/Q	RsDecodeDegree_1.pipeWinner1[2]$_DFFE_PN0P_/D
30	0.0381	lambdaRegI_J[K]	RsDecodeDegree_I.pipeWinnerJ[K]	lambdaReg2_7[1]$_DFFE_PN0P_/Q	RsDecodeDegree_2.pipeWinner1[2]$_DFFE_PN0P_/D
31	0.0422	enable	RsDecodeSyndrome.reg_I[J]	enable	RsDecodeSyndrome.reg_10[7]$_DFFE_PN0P_/D
32	0.0424	enable	RsDecodeChien.numErrorReg[I]	enable	RsDecodeChien.numErrorReg[0]$_DFFE_PN0P_/D
33	0.0430	erasureIn	RsDecodeSyndrome.reg_I[J]	erasureIn	RsDecodeSyndrome.reg_0[7]$_DFFE_PN0P_/D
34	0.0461	enable	RsDecodeEuclide.count[I]	enable	RsDecodeEuclide.count[0]$_DFFE_PN0P_/D
35	0.0503	erasureIn	RsDecodeDelay.RsDecodeDpRam.mem[I][J]	erasureIn	RsDecodeDelay.RsDecodeDpRam.mem[0][7]$_DFFE_PP_/D
36	0.0520	enable	RsDecodeErasure.count[I]	enable	RsDecodeErasure.count[4]$_DFFE_PN0P_/D
37	0.0528	enable	RsDecodeSyndrome.count[I]	enable	RsDecodeSyndrome.count[3]$_DFFE_PN0P_/D
38	0.0549	enable	RsDecodePolymul.epsilonReg_I[J]	enable	RsDecodePolymul.epsilonReg_1[6]$_DFFE_PN0P_/D
39	0.0559	enable	RsDecodeEuclide.phase[I]	enable	RsDecodeEuclide.phase[1]$_DFFE_PN0P_/D
40	0.0572	RsDecodeEuclide.qNewReg[I]	RsDecodeEuclide.omegaInner_I[J]	RsDecodeEuclide.qNewReg[0]$_DFFE_PN0P_/Q	RsDecodeEuclide.omegaInner_5[0]$_DFFE_PN0P_/D
41	0.0580	enable	degreeOmegaReg[I]	enable	degreeOmegaReg[3]$_DFFE_PN0P_/D
42	0.0581	enable	RsDecodeErasure.powerReg[I]	enable	RsDecodeErasure.powerReg[3]$_DFFE_PN0P_/D
43	0.0586	enable	RsDecodeDelay.readPointer[I]	enable	RsDecodeDelay.readPointer[0]$_DFFE_PN0P_/D
44	0.0606	enable	RsDecodeDelay.writePointer[I]	enable	RsDecodeDelay.writePointer[0]$_DFFE_PN1P_/D
45	0.0610	enable	degreeEpsilonReg[I]	enable	degreeEpsilonReg[3]$_DFFE_PN0P_/D
46	0.0641	enable	RsDecodeChien.numErrorRegI[J]	enable	RsDecodeChien.numErrorReg2[0]$_DFFE_PN0P_/D
47	0.0649	RsDecodeEuclide.qNewReg[I]	RsDecodeEuclide.omegaBkp_I[J]	RsDecodeEuclide.qNewReg[3]$_DFFE_PN0P_/Q	RsDecodeEuclide.omegaBkp_10[4]$_DFFE_PN0P_/D
48	0.0650	RsDecodeEuclide.count[I]	RsDecodeEuclide.lambdaBkp_I[J]	RsDecodeEuclide.count[1]$_DFFE_PN0P_/Q	RsDecodeEuclide.lambdaBkp_10[0]$_DFFE_PN0P_/D
49	0.0683	RsDecodeChien.lambdaReg_I[J]	RsDecodeChien.numErrorRegI[J]	RsDecodeChien.lambdaReg_6[3]$_DFFE_PN0P_/Q	RsDecodeChien.numErrorReg2[3]$_DFFE_PN0P_/D
50	0.0686	enable	RsDecodeErasure.epsilonReg_I[J]	enable	RsDecodeErasure.epsilonReg_0[0]$_DFFE_PN0P_/D
51	0.0688	enable	degreeLambdaReg[I]	enable	degreeLambdaReg[2]$_DFFE_PN0P_/D
52	0.0709	RsDecodeEuclide.qNewReg[I]	RsDecodeEuclide.lambdaInner_I[J]	RsDecodeEuclide.qNewReg[3]$_DFFE_PN0P_/Q	RsDecodeEuclide.lambdaInner_6[6]$_DFFE_PN0P_/D
53	0.0741	RsDecodeEuclide.count[I]	RsDecodeEuclide.lambdaInner_I[J]	RsDecodeEuclide.count[1]$_DFFE_PN0P_/Q	RsDecodeEuclide.lambdaInner_21[6]$_DFFE_PN0P_/D
54	0.0752	RsDecodeEuclide.count[I]	RsDecodeEuclide.omegaBkp_I[J]	RsDecodeEuclide.count[1]$_DFFE_PN0P_/Q	RsDecodeEuclide.omegaBkp_10[0]$_DFFE_PN0P_/D
55	0.0753	enable	doneShiftReg	enable	doneShiftReg$_DFFE_PN0P_/D
56	0.0756	enable	doneShift	enable	doneShift$_DFFE_PN0P_/D
57	0.0761	erasureIn	RsDecodeErasure.erasureCount[I]	erasureIn	RsDecodeErasure.erasureCount[5]$_DFFE_PN0P_/D
58	0.0817	enable	degreeEpsilonRegI[J]	enable	degreeEpsilonReg4[0]$_DFFE_PN0P_/D
59	0.0819	enable	RsDecodeEuclide.numShiftedReg[I]	enable	RsDecodeEuclide.numShiftedReg[0]$_DFFE_PN0P_/D
60	0.0821	RsDecodeEuclide.euclideSteps[I]	RsDecodeEuclide.lambdaBkp_I[J]	RsDecodeEuclide.euclideSteps[0]$_DFFE_PN0P_/Q	RsDecodeEuclide.lambdaBkp_10[0]$_DFFE_PN0P_/D
61	0.0826	enable	RsDecodeChien.denomEIReg[J]	enable	RsDecodeChien.denomE0Reg[6]$_DFFE_PN0P_/D
62	0.0826	enable	RsDecodeChien.lambdaEvenRegI[J]	enable	RsDecodeChien.lambdaEvenReg2[0]$_DFFE_PN0P_/D
63	0.0826	enable	RsDecodeChien.lambdaOddRegI[J]	enable	RsDecodeChien.lambdaOddReg2[0]$_DFFE_PN0P_/D
64	0.0826	enable	RsDecodeChien.lambdaSumReg[I]	enable	RsDecodeChien.lambdaSumReg[0]$_DFFE_PN0P_/D
65	0.0827	startPls	RsDecodeErasure.erasureCount[I]	startPls	RsDecodeErasure.erasureCount[5]$_DFFE_PN0P_/D
66	0.0831	enable	RsDecodeChien.numeRegI[J]	enable	RsDecodeChien.numeReg2[7]$_DFFE_PN0P_/D
67	0.0831	enable	RsDecodeEuclide.qNewReg[I]	enable	RsDecodeEuclide.qNewReg[7]$_DFFE_PN0P_/D
68	0.0831	enable	RsDecodeChien.epsilonOddReg[I]	enable	RsDecodeChien.epsilonOddReg[7]$_DFFE_PN0P_/D
69	0.0831	enable	RsDecodeChien.omegaSumReg[I]	enable	RsDecodeChien.omegaSumReg[7]$_DFFE_PN0P_/D
70	0.0831	enable	RsDecodeEuclide.omegaBkpReg[I]	enable	RsDecodeEuclide.omegaBkpReg[7]$_DFFE_PN0P_/D
71	0.0832	RsDecodeEuclide.count[I]	RsDecodeEuclide.omegaInner_I[J]	RsDecodeEuclide.count[1]$_DFFE_PN0P_/Q	RsDecodeEuclide.omegaInner_17[3]$_DFFE_PN0P_/D
72	0.0854	startPls	RsDecodeSyndrome.count[I]	startPls	RsDecodeSyndrome.count[3]$_DFFE_PN0P_/D
73	0.0855	RsDecodeChien.denomEIReg[J]	RsDecodeChien.denomEIInvReg[J]	RsDecodeChien.denomE1Reg[2]$_DFFE_PN0P_/Q	RsDecodeChien.denomE1InvReg[7]$_DFFE_PN0P_/D
74	0.0874	startPls	RsDecodeSyndrome.reg_I[J]	startPls	RsDecodeSyndrome.reg_13[7]$_DFFE_PN0P_/D
75	0.0876	enable	failErasureReg	enable	failErasureReg$_DFFE_PN0P_/D
76	0.0887	RsDecodeEuclide.omegaInner_I[J]	RsDecodeEuclide.offset[I]	RsDecodeEuclide.omegaInner_21[5]$_DFFE_PN0P_/Q	RsDecodeEuclide.offset[4]$_DFFE_PN0P_/D
77	0.0901	degreeEpsilonReg[I]	RsDecodeEuclide.lambdaBkp_I[J]	degreeEpsilonReg[2]$_DFFE_PN0P_/Q	RsDecodeEuclide.lambdaBkp_10[0]$_DFFE_PN0P_/D
78	0.0911	RsDecodeEuclide.euclideSteps[I]	RsDecodeEuclide.lambdaInner_I[J]	RsDecodeEuclide.euclideSteps[0]$_DFFE_PN0P_/Q	RsDecodeEuclide.lambdaInner_21[6]$_DFFE_PN0P_/D
79	0.0922	RsDecodeEuclide.euclideSteps[I]	RsDecodeEuclide.omegaBkp_I[J]	RsDecodeEuclide.euclideSteps[0]$_DFFE_PN0P_/Q	RsDecodeEuclide.omegaBkp_10[0]$_DFFE_PN0P_/D
80	0.0931	RsDecodeEuclide.qNewReg[I]	RsDecodeEuclide.lambdaXorReg_I[J]	RsDecodeEuclide.qNewReg[3]$_DFFE_PN0P_/Q	RsDecodeEuclide.lambdaXorReg_6[6]$_DFFE_PN0P_/D
81	0.0952	RsDecodePolymul.count[I]	RsDecodeEuclide.omegaInner_I[J]	RsDecodePolymul.count[1]$_DFFE_PN0P_/Q	RsDecodeEuclide.omegaInner_16[6]$_DFFE_PN0P_/D
82	0.0965	enable	failErasureRegI	enable	failErasureReg5$_DFFE_PN0P_/D
83	0.0965	enable	numErrorLambdaReg[I]	enable	numErrorLambdaReg[0]$_DFFE_PN0P_/D
84	0.0986	enable	omegaReg_I[J]	enable	omegaReg_21[0]$_DFFE_PN0P_/D
85	0.0986	enable	numShiftedReg[I]	enable	numShiftedReg[0]$_DFFE_PN0P_/D
86	0.0992	degreeEpsilonReg[I]	RsDecodeEuclide.lambdaInner_I[J]	degreeEpsilonReg[2]$_DFFE_PN0P_/Q	RsDecodeEuclide.lambdaInner_21[6]$_DFFE_PN0P_/D
87	0.1002	RsDecodeEuclide.euclideSteps[I]	RsDecodeEuclide.omegaInner_I[J]	RsDecodeEuclide.euclideSteps[0]$_DFFE_PN0P_/Q	RsDecodeEuclide.omegaInner_17[3]$_DFFE_PN0P_/D
88	0.1003	degreeEpsilonReg[I]	RsDecodeEuclide.omegaBkp_I[J]	degreeEpsilonReg[2]$_DFFE_PN0P_/Q	RsDecodeEuclide.omegaBkp_10[0]$_DFFE_PN0P_/D
89	0.1017	RsDecodeEuclide.omegaInner_I[J]	RsDecodeEuclide.omegaInvReg[I]	RsDecodeEuclide.omegaInner_21[2]$_DFFE_PN0P_/Q	RsDecodeEuclide.omegaInvReg[6]$_DFFE_PN0P_/D
90	0.1023	RsDecodeSyndrome.count[I]	RsDecodePolymul.epsilonReg_I[J]	RsDecodeSyndrome.count[1]$_DFFE_PN0P_/Q	RsDecodePolymul.epsilonReg_18[4]$_DFFE_PN0P_/D
91	0.1024	RsDecodeErasure.epsilonReg_I[J]	RsDecodePolymul.sumReg_I[J]	RsDecodeErasure.epsilonReg_22[2]$_DFFE_PN0P_/Q	RsDecodePolymul.sumReg_21[0]$_DFFE_PN0P_/D
92	0.1039	RsDecodeErasure.powerReg[I]	RsDecodeErasure.epsilonReg_I[J]	RsDecodeErasure.powerReg[4]$_DFFE_PN0P_/Q	RsDecodeErasure.epsilonReg_10[7]$_DFFE_PN0P_/D
93	0.1044	enable	RsDecodeEuclide.offset[I]	enable	RsDecodeEuclide.offset[4]$_DFFE_PN0P_/D
94	0.1045	RsDecodePolymul.syndromeReg_I[J]	RsDecodePolymul.sumReg_I[J]	RsDecodePolymul.syndromeReg_14[1]$_DFFE_PN0P_/Q	RsDecodePolymul.sumReg_14[0]$_DFFE_PN0P_/D
95	0.1052	enable	degreeErrorReg	enable	degreeErrorReg$_DFFE_PN0P_/D
96	0.1054	numShiftedReg[I]	omegaShiftedReg_I[J]	numShiftedReg[4]$_DFFE_PN0P_/Q	omegaShiftedReg_4[4]$_DFFE_PN0P_/D
97	0.1071	RsDecodePolymul.epsilonReg_I[J]	RsDecodePolymul.sumReg_I[J]	RsDecodePolymul.epsilonReg_22[2]$_DFFE_PN0P_/Q	RsDecodePolymul.sumReg_21[0]$_DFFE_PN0P_/D
98	0.1074	enable	RsDecodePolymul.syndromeReg_I[J]	enable	RsDecodePolymul.syndromeReg_13[0]$_DFFE_PN0P_/D
99	0.1083	degreeEpsilonReg[I]	RsDecodeEuclide.omegaInner_I[J]	degreeEpsilonReg[2]$_DFFE_PN0P_/Q	RsDecodeEuclide.omegaInner_17[3]$_DFFE_PN0P_/D
100	0.1115	RsDecodePolymul.count[I]	RsDecodeEuclide.lambdaBkp_I[J]	RsDecodePolymul.count[1]$_DFFE_PN0P_/Q	RsDecodeEuclide.lambdaBkp_21[2]$_DFFE_PN0P_/D
