# stage	1_synth
# top_module	wb_conmax_top
# top_n	100
# kind	blocks
# skip_async	1
# include_full	1
# rank	worst_slack_ns	start	end	start_full	end_full
1	-0.2376	mI_addr_i[J]	mI_data_o[J]	m7_addr_i[31]	m7_data_o[12]
2	-0.2252	mI_addr_i[J]	sI_cyc_o	m4_addr_i[30]	s15_cyc_o
3	-0.2244	mI_addr_i[J]	mI_err_o	m4_addr_i[29]	m4_err_o
4	-0.2190	mI_addr_i[J]	mI_rty_o	m2_addr_i[31]	m2_rty_o
5	-0.2183	mI_addr_i[J]	mI_ack_o	m4_addr_i[28]	m4_ack_o
6	-0.2113	mI_addr_i[J]	sI_stb_o	m7_addr_i[31]	s0_stb_o
7	-0.1446	mI_addr_i[J]	sI_addr_o[J]	m5_addr_i[2]	s15_addr_o[2]
8	-0.1210	mI_data_i[J]	sI_data_o[J]	m1_data_i[3]	s15_data_o[3]
9	-0.1021	sI.msel.arbJ.state[K]	sI_cyc_o	s15.msel.arb1.state[2]$_SDFFE_PP0P_/Q	s15_cyc_o
10	-0.1012	sI.msel.pri_out[J]	sI_cyc_o	s15.msel.pri_out[2]$_DFF_P_/Q	s15_cyc_o
11	-0.0944	sI_ack_i	mI_ack_o	s15_ack_i	m4_ack_o
12	-0.0875	mI_sel_i[J]	sI_sel_o[J]	m4_sel_i[0]	s6_sel_o[0]
13	-0.0867	mI_we_i	sI_we_o	m1_we_i	s0_we_o
14	-0.0866	sI.msel.pri_out[J]	sI_addr_o[J]	s8.msel.pri_out[1]$_DFF_P_/Q	s8_addr_o[11]
15	-0.0866	sI.msel.pri_out[J]	sI_data_o[J]	s8.msel.pri_out[1]$_DFF_P_/Q	s8_data_o[25]
16	-0.0866	sI.msel.pri_out[J]	sI_sel_o[J]	s8.msel.pri_out[1]$_DFF_P_/Q	s8_sel_o[2]
17	-0.0863	sI.msel.pri_out[J]	sI_we_o	s8.msel.pri_out[1]$_DFF_P_/Q	s8_we_o
18	-0.0809	mI_stb_i	sI_stb_o	m3_stb_i	s13_stb_o
19	-0.0801	sI.msel.arbJ.state[K]	sI_addr_o[J]	s8.msel.arb2.state[2]$_SDFFE_PP0P_/Q	s8_addr_o[11]
20	-0.0801	sI.msel.arbJ.state[K]	sI_data_o[J]	s8.msel.arb2.state[2]$_SDFFE_PP0P_/Q	s8_data_o[25]
21	-0.0801	sI.msel.arbJ.state[K]	sI_sel_o[J]	s8.msel.arb2.state[2]$_SDFFE_PP0P_/Q	s8_sel_o[2]
22	-0.0798	sI.msel.arbJ.state[K]	sI_we_o	s8.msel.arb2.state[2]$_SDFFE_PP0P_/Q	s8_we_o
23	-0.0762	mI_stb_i	sI_cyc_o	m5_stb_i	s15_cyc_o
24	-0.0701	sI.msel.pri_out[J]	mI_ack_o	s3.msel.pri_out[2]$_DFF_P_/Q	m4_ack_o
25	-0.0641	sI_err_i	mI_err_o	s2_err_i	m4_err_o
26	-0.0586	sI_data_i[J]	mI_data_o[J]	s4_data_i[15]	m0_data_o[15]
27	-0.0577	sI.msel.arbJ.state[K]	mI_ack_o	s3.msel.arb1.state[0]$_SDFFE_PP0P_/Q	m4_ack_o
28	-0.0550	sI_rty_i	mI_rty_o	s9_rty_i	m7_rty_o
29	-0.0506	sI.msel.pri_out[J]	sI_stb_o	s0.msel.pri_out[3]$_DFF_P_/Q	s0_stb_o
30	-0.0451	sI.msel.pri_out[J]	mI_err_o	s3.msel.pri_out[2]$_DFF_P_/Q	m4_err_o
31	-0.0427	sI.msel.pri_out[J]	mI_rty_o	s1.msel.pri_out[2]$_DFF_P_/Q	m4_rty_o
32	-0.0369	sI.msel.arbJ.state[K]	sI_stb_o	s0.msel.arb3.state[2]$_SDFFE_PP0P_/Q	s0_stb_o
33	-0.0349	sI.msel.arbJ.state[K]	mI_err_o	s15.msel.arb1.state[2]$_SDFFE_PP0P_/Q	m6_err_o
34	-0.0187	sI.msel.arbJ.state[K]	mI_rty_o	s3.msel.arb1.state[0]$_SDFFE_PP0P_/Q	m4_rty_o
35	0.0411	rf.rf_sel_r	mI_data_o[J]	rf.rf_sel_r$_DFF_P_/Q	m0_data_o[25]
36	0.0463	mI_addr_i[J]	rf.confI[J]	m2_addr_i[4]	rf.conf0[12]$_SDFFE_PP0P_/D
37	0.0536	mI_addr_i[J]	rf.rf_dout[I]	m5_addr_i[2]	rf.rf_dout[11]$_SDFF_PN0_/D
38	0.0926	mI_addr_i[J]	rf.rf_we	m4_addr_i[30]	rf.rf_we$_DFF_P_/D
39	0.1047	mI_addr_i[J]	rf.rf_ack	m4_addr_i[30]	rf.rf_ack$_DFF_P_/D
40	0.1150	mI_addr_i[J]	mI.sJ_cyc_o	m7_addr_i[31]	m7.s0_cyc_o$_SDFFE_PP0N_/D
41	0.1337	mI_addr_i[J]	rf.rf_sel_r	m4_addr_i[30]	rf.rf_sel_r$_DFF_P_/D
42	0.1401	mI.sJ_cyc_o	sI_cyc_o	m5.s15_cyc_o$_SDFFE_PP0N_/Q	s15_cyc_o
43	0.1461	rf.rf_sel_r	mI_ack_o	rf.rf_sel_r$_DFF_P_/Q	m4_ack_o
44	0.1897	mI_data_i[J]	rf.confI[J]	m1_data_i[3]	rf.conf1[3]$_SDFFE_PP0P_/D
45	0.1978	rf.rf_sel_r	mI_rty_o	rf.rf_sel_r$_DFF_P_/Q	m4_rty_o
46	0.2062	sI.msel.arbJ.state[K]	rf.rf_dout[I]	s15.msel.arb1.state[2]$_SDFFE_PP0P_/Q	rf.rf_dout[11]$_SDFF_PN0_/D
47	0.2071	sI.msel.pri_out[J]	rf.rf_dout[I]	s15.msel.pri_out[2]$_DFF_P_/Q	rf.rf_dout[11]$_SDFF_PN0_/D
48	0.2091	rf.rf_ack	mI_ack_o	rf.rf_ack$_DFF_P_/Q	m4_ack_o
49	0.2180	sI.msel.arbJ.state[K]	rf.confI[J]	s15.msel.arb1.state[2]$_SDFFE_PP0P_/Q	rf.conf4[5]$_SDFFE_PP0P_/D
50	0.2189	sI.msel.pri_out[J]	rf.confI[J]	s15.msel.pri_out[2]$_DFF_P_/Q	rf.conf4[5]$_SDFFE_PP0P_/D
51	0.2216	sI.mJ_cyc_r	sI_cyc_o	s15.m5_cyc_r$_DFF_P_/Q	s15_cyc_o
52	0.2283	mI_stb_i	rf.rf_dout[I]	m5_stb_i	rf.rf_dout[10]$_SDFF_PN0_/D
53	0.2283	sI.msel.arbJ.state[K]	rf.rf_we	s15.msel.arb1.state[2]$_SDFFE_PP0P_/Q	rf.rf_we$_DFF_P_/D
54	0.2292	sI.msel.pri_out[J]	rf.rf_we	s15.msel.pri_out[2]$_DFF_P_/Q	rf.rf_we$_DFF_P_/D
55	0.2315	rf.rf_sel_r	mI_err_o	rf.rf_sel_r$_DFF_P_/Q	m6_err_o
56	0.2326	sI.msel.arbJ.state[K]	rf.rf_ack	s15.msel.arb1.state[2]$_SDFFE_PP0P_/Q	rf.rf_ack$_DFF_P_/D
57	0.2336	sI.msel.pri_out[J]	rf.rf_ack	s15.msel.pri_out[2]$_DFF_P_/Q	rf.rf_ack$_DFF_P_/D
58	0.2417	mI_stb_i	rf.rf_we	m5_stb_i	rf.rf_we$_DFF_P_/D
59	0.2538	mI_stb_i	rf.rf_ack	m5_stb_i	rf.rf_ack$_DFF_P_/D
60	0.2574	rf.rf_dout[I]	mI_data_o[J]	rf.rf_dout[0]$_SDFF_PN0_/Q	m0_data_o[0]
61	0.2602	sI.msel.arbJ.state[K]	rf.rf_sel_r	s15.msel.arb1.state[2]$_SDFFE_PP0P_/Q	rf.rf_sel_r$_DFF_P_/D
62	0.2612	sI.msel.pri_out[J]	rf.rf_sel_r	s15.msel.pri_out[2]$_DFF_P_/Q	rf.rf_sel_r$_DFF_P_/D
63	0.2827	mI_stb_i	rf.rf_sel_r	m5_stb_i	rf.rf_sel_r$_DFF_P_/D
64	0.3044	sI.msel.pri_out[J]	sI.next	s0.msel.pri_out[3]$_DFF_P_/Q	s0.next$_DFF_P_/D
65	0.3069	rst_i	rf.confI[J]	rst_i	rf.conf1[13]$_SDFFE_PP0P_/D
66	0.3087	sI.msel.arbJ.state[K]	sI.next	s0.msel.arb3.state[2]$_SDFFE_PP0P_/Q	s0.next$_DFF_P_/D
67	0.3096	rst_i	sI.msel.arbJ.state[K]	rst_i	s0.msel.arb2.state[1]$_SDFFE_PP0P_/D
68	0.3196	mI_we_i	rf.rf_we	m3_we_i	rf.rf_we$_DFF_P_/D
69	0.3229	rf.confI[J]	sI.msel.arbJ.state[K]	rf.conf5[3]$_SDFFE_PP0P_/Q	s5.msel.arb3.state[1]$_SDFFE_PP0P_/D
70	0.3284	rst_i	sI.msel.pri_out[J]	rst_i	s5.msel.pri_out[1]$_DFF_P_/D
71	0.3287	mI_stb_i	mI.sJ_cyc_o	m2_stb_i	m2.s6_cyc_o$_SDFFE_PP0N_/D
72	0.3316	rst_i	mI.sJ_cyc_o	rst_i	m0.s10_cyc_o$_SDFFE_PP0N_/D
73	0.3571	mI.sJ_cyc_o	sI.msel.arbJ.state[K]	m4.s14_cyc_o$_SDFFE_PP0N_/Q	s14.msel.arb3.state[0]$_SDFFE_PP0P_/D
74	0.3825	sI.msel.arbJ.state[K]	sI.msel.arbJ.state[K]	s5.msel.arb3.state[0]$_SDFFE_PP0P_/Q	s5.msel.arb3.state[1]$_SDFFE_PP0P_/D
75	0.4181	mI_cyc_i	mI.sJ_cyc_o	m4_cyc_i	m4.s0_cyc_o$_SDFFE_PP0N_/D
76	0.4680	mI.sJ_cyc_o	rf.rf_dout[I]	m1.s15_cyc_o$_SDFFE_PP0N_/Q	rf.rf_dout[10]$_SDFF_PN0_/D
77	0.4705	mI.sJ_cyc_o	rf.rf_we	m5.s15_cyc_o$_SDFFE_PP0N_/Q	rf.rf_we$_DFF_P_/D
78	0.4749	mI.sJ_cyc_o	rf.rf_ack	m5.s15_cyc_o$_SDFFE_PP0N_/Q	rf.rf_ack$_DFF_P_/D
79	0.5025	mI.sJ_cyc_o	rf.rf_sel_r	m5.s15_cyc_o$_SDFFE_PP0N_/Q	rf.rf_sel_r$_DFF_P_/D
80	0.5520	sI.mJ_cyc_r	rf.rf_we	s15.m5_cyc_r$_DFF_P_/Q	rf.rf_we$_DFF_P_/D
81	0.5520	rf.rf_we	rf.confI[J]	rf.rf_we$_DFF_P_/Q	rf.conf1[5]$_SDFFE_PP0P_/D
82	0.5538	mI.sJ_cyc_o	sI.msel.pri_out[J]	m5.s6_cyc_o$_SDFFE_PP0N_/Q	s6.msel.pri_out[1]$_DFF_P_/D
83	0.5564	sI.mJ_cyc_r	rf.rf_ack	s15.m5_cyc_r$_DFF_P_/Q	rf.rf_ack$_DFF_P_/D
84	0.5618	sI.mJ_cyc_r	rf.rf_dout[I]	s15.m1_cyc_r$_DFF_P_/Q	rf.rf_dout[10]$_SDFF_PN0_/D
85	0.5772	rf.confI[J]	rf.rf_dout[I]	rf.conf8[14]$_SDFFE_PP0P_/Q	rf.rf_dout[14]$_SDFF_PN0_/D
86	0.5802	mI.sJ_cyc_o	sI.next	m6.s11_cyc_o$_SDFFE_PP0N_/Q	s11.next$_DFF_P_/D
87	0.5840	sI.mJ_cyc_r	rf.rf_sel_r	s15.m5_cyc_r$_DFF_P_/Q	rf.rf_sel_r$_DFF_P_/D
88	0.5961	rf.confI[J]	sI.msel.pri_out[J]	rf.conf9[7]$_SDFFE_PP0P_/Q	s9.msel.pri_out[1]$_DFF_P_/D
89	0.6625	mI.sJ_cyc_o	mI.sJ_cyc_o	m6.s7_cyc_o$_SDFFE_PP0N_/Q	m6.s7_cyc_o$_SDFFE_PP0N_/D
90	0.6695	sI.mJ_cyc_r	sI.next	s4.m6_cyc_r$_DFF_P_/Q	s4.next$_DFF_P_/D
91	0.7095	rf.confI[J]	rf.confI[J]	rf.conf0[5]$_SDFFE_PP0P_/Q	rf.conf0[5]$_SDFFE_PP0P_/D
92	0.7347	sI.msel.pri_out[J]	sI.msel.pri_out[J]	s12.msel.pri_out[3]$_DFF_P_/Q	s12.msel.pri_out[3]$_DFF_P_/D
93	0.7481	sI.next	sI.msel.pri_out[J]	s5.next$_DFF_P_/QN	s5.msel.pri_out[1]$_DFF_P_/D
94	0.8298	rf.rf_we	rf.rf_we	rf.rf_we$_DFF_P_/QN	rf.rf_we$_DFF_P_/D
95	0.8321	rf.rf_ack	rf.rf_ack	rf.rf_ack$_DFF_P_/QN	rf.rf_ack$_DFF_P_/D
96	0.8329	mI.sJ_cyc_o	sI.mJ_cyc_r	m4.s10_cyc_o$_SDFFE_PP0N_/Q	s10.m4_cyc_r$_DFF_P_/D
