# stage	1_synth
# top_module	RsDecodeTop
# top_n	100
# kind	blocks
# skip_async	1
# include_full	1
# rank	worst_slack_ns	start	end	start_full	end_full
1	-0.0706	RsDecodeDegree_I.winnerJStepKR[L]	degreeLambdaReg[I]	RsDecodeDegree_2.winner2Step1R[0]$_DFF_PN0_/Q	degreeLambdaReg[0]$_DFFE_PN0P_/D
2	-0.0657	RsDecodeDegree_I.winnerJStepKR[L]	degreeOmegaReg[I]	RsDecodeDegree_1.winner2Step1R[0]$_DFF_PN0_/Q	degreeOmegaReg[0]$_DFFE_PN0P_/D
3	-0.0212	RsDecodeDelay.RsDecodeDpRam.rRdAddr[I]	RsDecodeDelay.RsDecodeDpRam.q[I]	RsDecodeDelay.RsDecodeDpRam.rRdAddr[0]$_DFF_P_/Q	RsDecodeDelay.RsDecodeDpRam.q[6]$_DFFE_PP_/D
4	-0.0206	RsDecodeSyndrome.count[I]	RsDecodePolymul.sumReg_I[J]	RsDecodeSyndrome.count[1]$_DFFE_PN0P_/Q	RsDecodePolymul.sumReg_10[0]$_DFFE_PN0P_/D
5	-0.0075	enable	RsDecodeChien.numErrorReg[I]	enable	RsDecodeChien.numErrorReg[4]$_DFFE_PN0P_/D
6	-0.0075	enable	RsDecodeDelay.readPointer[I]	enable	RsDecodeDelay.readPointer[8]$_DFFE_PN0P_/D
7	-0.0075	enable	RsDecodeErasure.powerReg[I]	enable	RsDecodeErasure.powerReg[0]$_DFFE_PN0P_/D
8	-0.0072	enable	RsDecodeDelay.writePointer[I]	enable	RsDecodeDelay.writePointer[3]$_DFFE_PN1P_/D
9	-0.0041	enable	RsDecodeChien.epsilonReg_I[J]	enable	RsDecodeChien.epsilonReg_4[7]$_DFFE_PN0P_/D
10	-0.0041	enable	RsDecodeChien.lambdaReg_I[J]	enable	RsDecodeChien.lambdaReg_4[7]$_DFFE_PN0P_/D
11	-0.0039	enable	RsDecodeSyndrome.reg_I[J]	enable	RsDecodeSyndrome.reg_13[5]$_DFFE_PN0P_/D
12	0.0134	enable	RsDecodeDelay.RsDecodeDpRam.mem[I][J]	enable	RsDecodeDelay.RsDecodeDpRam.mem[111][0]$_DFFE_PP_/D
13	0.0174	enable	RsDecodeChien.omegaReg_I[J]	enable	RsDecodeChien.omegaReg_13[5]$_DFFE_PN0P_/D
14	0.0176	enable	RsDecodeChien.count[I]	enable	RsDecodeChien.count[1]$_DFFE_PN0P_/D
15	0.0176	enable	RsDecodeErasure.count[I]	enable	RsDecodeErasure.count[1]$_DFFE_PN0P_/D
16	0.0176	enable	RsDecodeEuclide.phase[I]	enable	RsDecodeEuclide.phase[1]$_DFFE_PN0P_/D
17	0.0176	enable	RsDecodePolymul.epsilonReg_I[J]	enable	RsDecodePolymul.epsilonReg_1[0]$_DFFE_PN0P_/D
18	0.0176	enable	omegaShiftedReg_I[J]	enable	omegaShiftedReg_21[0]$_DFFE_PN0P_/D
19	0.0176	enable	startReg[I]	enable	startReg[0]$_DFFE_PN0P_/D
20	0.0212	enable	RsDecodeChien.denomEIInvReg[J]	enable	RsDecodeChien.denomE0InvReg[0]$_DFFE_PN0P_/D
21	0.0212	enable	RsDecodeEuclide.omegaInvReg[I]	enable	RsDecodeEuclide.omegaInvReg[3]$_DFFE_PN0P_/D
22	0.0216	RsDecodeEuclide.qNewReg[I]	RsDecodeEuclide.omegaInner_I[J]	RsDecodeEuclide.qNewReg[5]$_DFFE_PN0P_/Q	RsDecodeEuclide.omegaInner_1[4]$_DFFE_PN0P_/D
23	0.0311	enable	doneReg[I]	enable	doneReg[0]$_DFFE_PN0P_/D
24	0.0311	enable	lambdaRegI_J[K]	enable	lambdaReg2_0[0]$_DFFE_PN0P_/D
25	0.0312	enable	RsDecodeErasure.epsilonReg_I[J]	enable	RsDecodeErasure.epsilonReg_22[1]$_DFFE_PN0P_/D
26	0.0325	enable	RsDecodeChien.denomEIReg[J]	enable	RsDecodeChien.denomE0Reg[6]$_DFFE_PN0P_/D
27	0.0325	enable	RsDecodeChien.numeRegI[J]	enable	RsDecodeChien.numeReg2[0]$_DFFE_PN0P_/D
28	0.0325	enable	RsDecodeChien.lambdaOddReg[I]	enable	RsDecodeChien.lambdaOddReg[0]$_DFFE_PN0P_/D
29	0.0325	enable	RsDecodeChien.epsilonOddReg[I]	enable	RsDecodeChien.epsilonOddReg[0]$_DFFE_PN0P_/D
30	0.0325	enable	RsDecodeChien.lambdaEvenRegI[J]	enable	RsDecodeChien.lambdaEvenReg2[0]$_DFFE_PN0P_/D
31	0.0325	enable	RsDecodeChien.lambdaOddRegI[J]	enable	RsDecodeChien.lambdaOddReg2[0]$_DFFE_PN0P_/D
32	0.0325	enable	RsDecodeChien.lambdaSumReg[I]	enable	RsDecodeChien.lambdaSumReg[0]$_DFFE_PN0P_/D
33	0.0325	enable	RsDecodeChien.omegaSumReg[I]	enable	RsDecodeChien.omegaSumReg[0]$_DFFE_PN0P_/D
34	0.0326	enable	RsDecodeSyndrome.count[I]	enable	RsDecodeSyndrome.count[2]$_DFFE_PN0P_/D
35	0.0331	enable	RsDecodeEuclide.qNewReg[I]	enable	RsDecodeEuclide.qNewReg[7]$_DFFE_PN0P_/D
36	0.0331	enable	RsDecodeEuclide.omegaBkpReg[I]	enable	RsDecodeEuclide.omegaBkpReg[7]$_DFFE_PN0P_/D
37	0.0336	enable	doneShiftReg	enable	doneShiftReg$_DFFE_PN0P_/D
38	0.0358	enable	RsDecodePolymul.sumReg_I[J]	enable	RsDecodePolymul.sumReg_5[4]$_DFFE_PN0P_/D
39	0.0445	enable	failErasureRegI	enable	failErasureReg5$_DFFE_PN0P_/D
40	0.0445	enable	numErrorLambdaReg[I]	enable	numErrorLambdaReg[0]$_DFFE_PN0P_/D
41	0.0499	erasureIn	RsDecodeSyndrome.reg_I[J]	erasureIn	RsDecodeSyndrome.reg_0[7]$_DFFE_PN0P_/D
42	0.0515	RsDecodeEuclide.qNewReg[I]	RsDecodeEuclide.lambdaInner_I[J]	RsDecodeEuclide.qNewReg[2]$_DFFE_PN0P_/Q	RsDecodeEuclide.lambdaInner_21[4]$_DFFE_PN0P_/D
43	0.0522	RsDecodeEuclide.qNewReg[I]	RsDecodeEuclide.omegaBkp_I[J]	RsDecodeEuclide.qNewReg[1]$_DFFE_PN0P_/Q	RsDecodeEuclide.omegaBkp_4[1]$_DFFE_PN0P_/D
44	0.0527	enable	RsDecodeEuclide.count[I]	enable	RsDecodeEuclide.count[1]$_DFFE_PN0P_/D
45	0.0528	enable	RsDecodePolymul.count[I]	enable	RsDecodePolymul.count[1]$_DFFE_PN0P_/D
46	0.0533	enable	degreeErrorReg	enable	degreeErrorReg$_DFFE_PN0P_/D
47	0.0554	enable	RsDecodeEuclide.lambdaBkp_I[J]	enable	RsDecodeEuclide.lambdaBkp_10[0]$_DFFE_PN0P_/D
48	0.0564	RsDecodeEuclide.count[I]	RsDecodeEuclide.omegaBkp_I[J]	RsDecodeEuclide.count[1]$_DFFE_PN0P_/Q	RsDecodeEuclide.omegaBkp_21[5]$_DFFE_PN0P_/D
49	0.0568	erasureIn	RsDecodeDelay.RsDecodeDpRam.mem[I][J]	erasureIn	RsDecodeDelay.RsDecodeDpRam.mem[0][7]$_DFFE_PP_/D
50	0.0576	enable	RsDecodeEuclide.omegaInner_I[J]	enable	RsDecodeEuclide.omegaInner_12[0]$_DFFE_PN0P_/D
51	0.0587	RsDecodeEuclide.count[I]	RsDecodeEuclide.omegaInner_I[J]	RsDecodeEuclide.count[1]$_DFFE_PN0P_/Q	RsDecodeEuclide.omegaInner_1[2]$_DFFE_PN0P_/D
52	0.0595	RsDecodeChien.lambdaReg_I[J]	RsDecodeChien.numErrorReg[I]	RsDecodeChien.lambdaReg_6[3]$_DFFE_PN0P_/Q	RsDecodeChien.numErrorReg[3]$_DFFE_PN0P_/D
53	0.0600	enable	RsDecodeEuclide.lambdaInner_I[J]	enable	RsDecodeEuclide.lambdaInner_10[5]$_DFFE_PN0P_/D
54	0.0600	RsDecodeChien.denomEIReg[J]	RsDecodeChien.denomEIInvReg[J]	RsDecodeChien.denomE1Reg[1]$_DFFE_PN0P_/Q	RsDecodeChien.denomE1InvReg[2]$_DFFE_PN0P_/D
55	0.0619	RsDecodeChien.lambdaReg_I[J]	RsDecodeChien.numErrorRegI[J]	RsDecodeChien.lambdaReg_6[3]$_DFFE_PN0P_/Q	RsDecodeChien.numErrorReg2[3]$_DFFE_PN0P_/D
56	0.0627	RsDecodeErasure.epsilonReg_I[J]	RsDecodePolymul.sumReg_I[J]	RsDecodeErasure.epsilonReg_22[6]$_DFFE_PN0P_/Q	RsDecodePolymul.sumReg_20[4]$_DFFE_PN0P_/D
57	0.0641	RsDecodeEuclide.omegaInner_I[J]	RsDecodeEuclide.omegaInvReg[I]	RsDecodeEuclide.omegaInner_21[2]$_DFFE_PN0P_/Q	RsDecodeEuclide.omegaInvReg[0]$_DFFE_PN0P_/D
58	0.0661	enable	degreeOmegaReg[I]	enable	degreeOmegaReg[3]$_DFFE_PN0P_/D
59	0.0671	enable	RsDecodePolymul.syndromeReg_I[J]	enable	RsDecodePolymul.syndromeReg_13[0]$_DFFE_PN0P_/D
60	0.0681	RsDecodeEuclide.count[I]	RsDecodeEuclide.lambdaInner_I[J]	RsDecodeEuclide.count[1]$_DFFE_PN0P_/Q	RsDecodeEuclide.lambdaInner_21[3]$_DFFE_PN0P_/D
61	0.0683	enable	doneShift	enable	doneShift$_DFFE_PN0P_/D
62	0.0684	RsDecodeEuclide.count[I]	RsDecodeEuclide.lambdaBkp_I[J]	RsDecodeEuclide.count[1]$_DFFE_PN0P_/Q	RsDecodeEuclide.lambdaBkp_10[5]$_DFFE_PN0P_/D
63	0.0685	enable	RsDecodeEuclide.omegaBkp_I[J]	enable	RsDecodeEuclide.omegaBkp_6[0]$_DFFE_PN0P_/D
64	0.0695	enable	RsDecodeErasure.erasureCount[I]	enable	RsDecodeErasure.erasureCount[1]$_DFFE_PN0P_/D
65	0.0709	lambdaRegI_J[K]	RsDecodeDegree_I.winnerJStepKR[L]	lambdaReg2_15[3]$_DFFE_PN0P_/Q	RsDecodeDegree_2.winner3Step1R[2]$_DFF_PN0_/D
66	0.0716	RsDecodePolymul.epsilonReg_I[J]	RsDecodePolymul.sumReg_I[J]	RsDecodePolymul.epsilonReg_22[4]$_DFFE_PN0P_/Q	RsDecodePolymul.sumReg_20[4]$_DFFE_PN0P_/D
67	0.0722	RsDecodeEuclide.euclideSteps[I]	RsDecodeEuclide.omegaBkp_I[J]	RsDecodeEuclide.euclideSteps[0]$_DFFE_PN0P_/Q	RsDecodeEuclide.omegaBkp_21[5]$_DFFE_PN0P_/D
68	0.0739	enable	RsDecodeEuclide.offset[I]	enable	RsDecodeEuclide.offset[0]$_DFFE_PN0P_/D
69	0.0745	RsDecodeEuclide.euclideSteps[I]	RsDecodeEuclide.omegaInner_I[J]	RsDecodeEuclide.euclideSteps[0]$_DFFE_PN0P_/Q	RsDecodeEuclide.omegaInner_1[2]$_DFFE_PN0P_/D
70	0.0747	omegaShiftedReg_I[J]	RsDecodeDegree_I.winnerJStepKR[L]	omegaShiftedReg_15[3]$_DFFE_PN0P_/Q	RsDecodeDegree_1.winner3Step1R[2]$_DFF_PN0_/D
71	0.0747	enable	degreeLambdaReg[I]	enable	degreeLambdaReg[1]$_DFFE_PN0P_/D
72	0.0759	RsDecodeEuclide.count[I]	RsDecodeEuclide.lambdaXorReg_I[J]	RsDecodeEuclide.count[1]$_DFFE_PN0P_/Q	RsDecodeEuclide.lambdaXorReg_20[1]$_DFFE_PN0P_/D
73	0.0762	enable	RsDecodeChien.numErrorRegI[J]	enable	RsDecodeChien.numErrorReg2[0]$_DFFE_PN0P_/D
74	0.0762	enable	degreeEpsilonRegI[J]	enable	degreeEpsilonReg5[0]$_DFFE_PN0P_/D
75	0.0762	numShiftedReg[I]	omegaShiftedReg_I[J]	numShiftedReg[3]$_DFFE_PN0P_/Q	omegaShiftedReg_6[6]$_DFFE_PN0P_/D
76	0.0769	enable	numErasureReg[I]	enable	numErasureReg[0]$_DFFE_PN0P_/D
77	0.0769	enable	numErrorReg[I]	enable	numErrorReg[1]$_DFFE_PN0P_/D
78	0.0777	enable	epsilonRegI_J[K]	enable	epsilonReg3_3[2]$_DFFE_PN0P_/D
79	0.0788	RsDecodeEuclide.omegaInner_I[J]	RsDecodeEuclide.lambdaBkp_I[J]	RsDecodeEuclide.omegaInner_21[2]$_DFFE_PN0P_/Q	RsDecodeEuclide.lambdaBkp_21[3]$_DFFE_PN0P_/D
80	0.0821	enable	RsDecodeEuclide.lambdaXorReg_I[J]	enable	RsDecodeEuclide.lambdaXorReg_20[1]$_DFFE_PN0P_/D
81	0.0831	RsDecodeEuclide.omegaInner_I[J]	RsDecodeEuclide.lambdaInner_I[J]	RsDecodeEuclide.omegaInner_21[2]$_DFFE_PN0P_/Q	RsDecodeEuclide.lambdaInner_11[0]$_DFFE_PN0P_/D
82	0.0839	RsDecodeEuclide.euclideSteps[I]	RsDecodeEuclide.lambdaInner_I[J]	RsDecodeEuclide.euclideSteps[0]$_DFFE_PN0P_/Q	RsDecodeEuclide.lambdaInner_21[3]$_DFFE_PN0P_/D
83	0.0842	RsDecodeEuclide.euclideSteps[I]	RsDecodeEuclide.lambdaBkp_I[J]	RsDecodeEuclide.euclideSteps[0]$_DFFE_PN0P_/Q	RsDecodeEuclide.lambdaBkp_10[5]$_DFFE_PN0P_/D
84	0.0853	enable	failReg	enable	failReg$_DFFE_PN0P_/D
85	0.0853	RsDecodePolymul.syndromeReg_I[J]	RsDecodePolymul.sumReg_I[J]	RsDecodePolymul.syndromeReg_2[3]$_DFFE_PN0P_/Q	RsDecodePolymul.sumReg_2[4]$_DFFE_PN0P_/D
86	0.0861	enable	RsDecodeEuclide.numShiftedReg[I]	enable	RsDecodeEuclide.numShiftedReg[3]$_DFFE_PN0P_/D
87	0.0864	degreeEpsilonReg[I]	RsDecodeEuclide.omegaBkp_I[J]	degreeEpsilonReg[2]$_DFFE_PN0P_/Q	RsDecodeEuclide.omegaBkp_21[5]$_DFFE_PN0P_/D
88	0.0865	enable	OutputValidReg	enable	OutputValidReg$_DFFE_PN0P_/D
89	0.0878	RsDecodeEuclide.count[I]	RsDecodeEuclide.numShiftedReg[I]	RsDecodeEuclide.count[1]$_DFFE_PN0P_/Q	RsDecodeEuclide.numShiftedReg[3]$_DFFE_PN0P_/D
90	0.0878	startPls	RsDecodeSyndrome.reg_I[J]	startPls	RsDecodeSyndrome.reg_13[7]$_DFFE_PN0P_/D
91	0.0887	degreeEpsilonReg[I]	RsDecodeEuclide.omegaInner_I[J]	degreeEpsilonReg[2]$_DFFE_PN0P_/Q	RsDecodeEuclide.omegaInner_1[2]$_DFFE_PN0P_/D
92	0.0910	RsDecodeEuclide.omegaInner_I[J]	RsDecodeEuclide.omegaInner_I[J]	RsDecodeEuclide.omegaInner_21[2]$_DFFE_PN0P_/Q	RsDecodeEuclide.omegaInner_20[4]$_DFFE_PN0P_/D
93	0.0912	enable	RsDecodeChien.epsilonSumReg[I]	enable	RsDecodeChien.epsilonSumReg[7]$_DFFE_PN0P_/D
94	0.0917	RsDecodeErasure.powerReg[I]	RsDecodeErasure.epsilonReg_I[J]	RsDecodeErasure.powerReg[6]$_DFFE_PN0P_/Q	RsDecodeErasure.epsilonReg_0[4]$_DFFE_PN0P_/D
95	0.0918	RsDecodeEuclide.euclideSteps[I]	RsDecodeEuclide.lambdaXorReg_I[J]	RsDecodeEuclide.euclideSteps[0]$_DFFE_PN0P_/Q	RsDecodeEuclide.lambdaXorReg_20[1]$_DFFE_PN0P_/D
96	0.0982	degreeEpsilonReg[I]	RsDecodeEuclide.lambdaInner_I[J]	degreeEpsilonReg[2]$_DFFE_PN0P_/Q	RsDecodeEuclide.lambdaInner_21[3]$_DFFE_PN0P_/D
97	0.0984	degreeEpsilonReg[I]	RsDecodeEuclide.lambdaBkp_I[J]	degreeEpsilonReg[2]$_DFFE_PN0P_/Q	RsDecodeEuclide.lambdaBkp_10[5]$_DFFE_PN0P_/D
98	0.0991	RsDecodeEuclide.omegaInner_I[J]	RsDecodeEuclide.offset[I]	RsDecodeEuclide.omegaInner_21[2]$_DFFE_PN0P_/Q	RsDecodeEuclide.offset[4]$_DFFE_PN0P_/D
99	0.0992	enable	omegaReg_I[J]	enable	omegaReg_15[6]$_DFFE_PN0P_/D
100	0.0992	enable	numShiftedReg[I]	enable	numShiftedReg[0]$_DFFE_PN0P_/D
