# stage	1_synth
# top_module	aes
# top_n	1000
# kind	blocks
# skip_async	1
# include_full	1
# rank	worst_slack_ns	start	end	start_full	end_full
1	-0.2690	address[I]	read_data[I]	address[1]	read_data[19]
2	-0.2163	core.dec_block.sword_ctr_reg[I]	core.dec_block.block_wI_reg[J]	core.dec_block.sword_ctr_reg[1]$_DFFE_PN0P_/Q	core.dec_block.block_w0_reg[12]$_DFFE_PN0P_/D
3	-0.1969	core.keymem.prev_keyI_reg[J]	core.keymem.key_mem[I][J]	core.keymem.prev_key1_reg[8]$_DFFE_PN0P_/Q	core.keymem.key_mem[10][17]$_DFFE_PN0P_/D
4	-0.1766	encdec_reg	core.dec_block.block_wI_reg[J]	encdec_reg$_DFFE_PN0P_/Q	core.dec_block.block_w0_reg[0]$_DFFE_PN0P_/D
5	-0.1720	core.enc_block.round_ctr_reg[I]	core.dec_block.block_wI_reg[J]	core.enc_block.round_ctr_reg[1]$_DFFE_PN0P_/Q	core.dec_block.block_w0_reg[12]$_DFFE_PN0P_/D
6	-0.1719	core.enc_block.sword_ctr_reg[I]	core.enc_block.block_wI_reg[J]	core.enc_block.sword_ctr_reg[1]$_DFFE_PN0P_/Q	core.enc_block.block_w3_reg[5]$_DFFE_PN0P_/D
7	-0.1708	core.keymem.prev_keyI_reg[J]	core.keymem.prev_keyI_reg[J]	core.keymem.prev_key1_reg[16]$_DFFE_PN0P_/Q	core.keymem.prev_key1_reg[25]$_DFFE_PN0P_/D
8	-0.1682	core.dec_block.round_ctr_reg[I]	core.dec_block.block_wI_reg[J]	core.dec_block.round_ctr_reg[0]$_DFFE_PN0P_/Q	core.dec_block.block_w0_reg[12]$_DFFE_PN0P_/D
9	-0.1532	core.dec_block.dec_ctrl_reg[I]	core.dec_block.block_wI_reg[J]	core.dec_block.dec_ctrl_reg[2]$_DFF_PN0_/Q	core.dec_block.block_w0_reg[12]$_DFFE_PN0P_/D
10	-0.1484	core.dec_block.block_wI_reg[J]	core.dec_block.block_wI_reg[J]	core.dec_block.block_w2_reg[9]$_DFFE_PN0P_/Q	core.dec_block.block_w0_reg[12]$_DFFE_PN0P_/D
11	-0.1191	core.enc_block.block_wI_reg[J]	core.enc_block.block_wI_reg[J]	core.enc_block.block_w3_reg[30]$_DFFE_PN0P_/Q	core.enc_block.block_w1_reg[27]$_DFFE_PN0P_/D
12	-0.1086	core.enc_block.enc_ctrl_reg[I]	core.enc_block.block_wI_reg[J]	core.enc_block.enc_ctrl_reg[2]$_DFF_PN0_/Q	core.enc_block.block_w1_reg[27]$_DFFE_PN0P_/D
13	-0.0965	core.enc_block.round_ctr_reg[I]	core.enc_block.block_wI_reg[J]	core.enc_block.round_ctr_reg[1]$_DFFE_PN0P_/Q	core.enc_block.block_w0_reg[20]$_DFFE_PN0P_/D
14	-0.0506	we	read_data[I]	we	read_data[19]
15	-0.0357	cs	read_data[I]	cs	read_data[19]
16	-0.0138	core.keymem.key_mem[I][J]	core.dec_block.block_wI_reg[J]	core.keymem.key_mem[8][53]$_DFFE_PN0P_/Q	core.dec_block.block_w0_reg[12]$_DFFE_PN0P_/D
17	-0.0046	address[I]	block_reg[I][J]	address[1]	block_reg[0][10]$_DFFE_PN0P_/D
18	-0.0030	encdec_reg	read_data[I]	encdec_reg$_DFFE_PN0P_/Q	read_data[2]
19	0.0605	address[I]	key_reg[I][J]	address[1]	key_reg[0][10]$_DFFE_PN0P_/D
20	0.0726	core.keymem.round_ctr_reg[I]	core.keymem.key_mem[I][J]	core.keymem.round_ctr_reg[0]$_DFFE_PN0P_/Q	core.keymem.key_mem[10][26]$_DFFE_PN0P_/D
21	0.0759	keylen_reg	read_data[I]	keylen_reg$_DFFE_PN0P_/Q	read_data[3]
22	0.0897	keylen_reg	core.enc_block.block_wI_reg[J]	keylen_reg$_DFFE_PN0P_/QN	core.enc_block.block_w0_reg[20]$_DFFE_PN0P_/D
23	0.0908	encdec_reg	core.enc_block.block_wI_reg[J]	encdec_reg$_DFFE_PN0P_/Q	core.enc_block.block_w0_reg[10]$_DFFE_PN0P_/D
24	0.0994	core.dec_block.round_ctr_reg[I]	core.enc_block.block_wI_reg[J]	core.dec_block.round_ctr_reg[3]$_DFFE_PN0P_/Q	core.enc_block.block_w2_reg[11]$_DFFE_PN0P_/D
25	0.1166	core.keymem.round_ctr_reg[I]	core.keymem.rcon_reg[I]	core.keymem.round_ctr_reg[0]$_DFFE_PN0P_/Q	core.keymem.rcon_reg[1]$_DFFE_PN0P_/D
26	0.1310	we	key_reg[I][J]	we	key_reg[0][10]$_DFFE_PN0P_/D
27	0.1334	cs	key_reg[I][J]	cs	key_reg[0][10]$_DFFE_PN0P_/D
28	0.1358	core.keymem.round_ctr_reg[I]	core.keymem.prev_keyI_reg[J]	core.keymem.round_ctr_reg[0]$_DFFE_PN0P_/Q	core.keymem.prev_key1_reg[25]$_DFFE_PN0P_/D
29	0.1878	address[I]	encdec_reg	address[4]	encdec_reg$_DFFE_PN0P_/D
30	0.1878	address[I]	keylen_reg	address[4]	keylen_reg$_DFFE_PN0P_/D
31	0.1914	core.keymem.rcon_reg[I]	core.keymem.key_mem[I][J]	core.keymem.rcon_reg[2]$_DFFE_PN0P_/Q	core.keymem.key_mem[10][26]$_DFFE_PN0P_/D
32	0.2130	we	block_reg[I][J]	we	block_reg[0][10]$_DFFE_PN0P_/D
33	0.2143	cs	block_reg[I][J]	cs	block_reg[0][10]$_DFFE_PN0P_/D
34	0.2289	keylen_reg	core.keymem.key_mem[I][J]	keylen_reg$_DFFE_PN0P_/Q	core.keymem.key_mem[10][52]$_DFFE_PN0P_/D
35	0.2392	encdec_reg	core.aes_core_ctrl_reg[I]	encdec_reg$_DFFE_PN0P_/Q	core.aes_core_ctrl_reg[1]$_DFF_PN0_/D
36	0.2484	address[I]	init_reg	address[4]	init_reg$_DFF_PN0_/D
37	0.2484	address[I]	next_reg	address[4]	next_reg$_DFF_PN0_/D
38	0.2558	encdec_reg	result_reg[I]	encdec_reg$_DFFE_PN0P_/Q	result_reg[112]$_DFF_PN0_/D
39	0.2561	core.enc_block.enc_ctrl_reg[I]	core.enc_block.enc_ctrl_reg[I]	core.enc_block.enc_ctrl_reg[2]$_DFF_PN0_/Q	core.enc_block.enc_ctrl_reg[2]$_DFF_PN0_/D
40	0.2603	result_reg[I]	read_data[I]	result_reg[2]$_DFF_PN0_/Q	read_data[2]
41	0.2607	encdec_reg	core.enc_block.enc_ctrl_reg[I]	encdec_reg$_DFFE_PN0P_/Q	core.enc_block.enc_ctrl_reg[2]$_DFF_PN0_/D
42	0.2704	next_reg	read_data[I]	next_reg$_DFF_PN0_/Q	read_data[1]
43	0.2735	keylen_reg	core.keymem.prev_keyI_reg[J]	keylen_reg$_DFFE_PN0P_/Q	core.keymem.prev_key1_reg[56]$_DFFE_PN0P_/D
44	0.2790	init_reg	read_data[I]	init_reg$_DFF_PN0_/Q	read_data[0]
45	0.2829	core.keymem.rcon_reg[I]	core.keymem.prev_keyI_reg[J]	core.keymem.rcon_reg[2]$_DFFE_PN0P_/Q	core.keymem.prev_key1_reg[26]$_DFFE_PN0P_/D
46	0.2854	encdec_reg	encdec_reg	encdec_reg$_DFFE_PN0P_/Q	encdec_reg$_DFFE_PN0P_/D
47	0.2957	encdec_reg	core.ready_reg	encdec_reg$_DFFE_PN0P_/Q	core.ready_reg$_DFFE_PN1P_/D
48	0.2998	encdec_reg	core.enc_block.round_ctr_reg[I]	encdec_reg$_DFFE_PN0P_/Q	core.enc_block.round_ctr_reg[2]$_DFFE_PN0P_/D
49	0.3007	encdec_reg	core.dec_block.round_ctr_reg[I]	encdec_reg$_DFFE_PN0P_/Q	core.dec_block.round_ctr_reg[2]$_DFFE_PN0P_/D
50	0.3017	core.keymem.key_mem[I][J]	core.enc_block.block_wI_reg[J]	core.keymem.key_mem[8][88]$_DFFE_PN0P_/Q	core.enc_block.block_w1_reg[24]$_DFFE_PN0P_/D
51	0.3092	encdec_reg	core.enc_block.ready_reg	encdec_reg$_DFFE_PN0P_/Q	core.enc_block.ready_reg$_DFFE_PN1P_/D
52	0.3113	valid_reg	read_data[I]	valid_reg$_DFF_PN0_/Q	read_data[1]
53	0.3154	we	encdec_reg	we	encdec_reg$_DFFE_PN0P_/D
54	0.3154	we	keylen_reg	we	keylen_reg$_DFFE_PN0P_/D
55	0.3160	ready_reg	read_data[I]	ready_reg$_DFF_PN0_/Q	read_data[0]
56	0.3167	cs	encdec_reg	cs	encdec_reg$_DFFE_PN0P_/D
57	0.3167	cs	keylen_reg	cs	keylen_reg$_DFFE_PN0P_/D
58	0.3269	encdec_reg	core.result_valid_reg	encdec_reg$_DFFE_PN0P_/Q	core.result_valid_reg$_DFFE_PN0P_/D
59	0.3277	core.keymem.key_mem_ctrl_reg[I]	core.keymem.key_mem[I][J]	core.keymem.key_mem_ctrl_reg[1]$_DFF_PN0_/Q	core.keymem.key_mem[0][122]$_DFFE_PN0P_/D
60	0.3279	core.dec_block.round_ctr_reg[I]	core.dec_block.round_ctr_reg[I]	core.dec_block.round_ctr_reg[0]$_DFFE_PN0P_/Q	core.dec_block.round_ctr_reg[3]$_DFFE_PN0P_/D
61	0.3284	core.enc_block.round_ctr_reg[I]	core.enc_block.enc_ctrl_reg[I]	core.enc_block.round_ctr_reg[1]$_DFFE_PN0P_/Q	core.enc_block.enc_ctrl_reg[1]$_DFF_PN0_/D
62	0.3374	keylen_reg	core.keymem.rcon_reg[I]	keylen_reg$_DFFE_PN0P_/Q	core.keymem.rcon_reg[1]$_DFFE_PN0P_/D
63	0.3416	core.keymem.key_mem_ctrl_reg[I]	core.keymem.prev_keyI_reg[J]	core.keymem.key_mem_ctrl_reg[1]$_DFF_PN0_/Q	core.keymem.prev_key1_reg[100]$_DFFE_PN0P_/D
64	0.3420	encdec_reg	core.dec_block.ready_reg	encdec_reg$_DFFE_PN0P_/Q	core.dec_block.ready_reg$_DFFE_PN1P_/D
65	0.3520	write_data[I]	key_reg[I][J]	write_data[10]	key_reg[0][10]$_DFFE_PN0P_/D
66	0.3522	write_data[I]	encdec_reg	write_data[0]	encdec_reg$_DFFE_PN0P_/D
67	0.3522	write_data[I]	keylen_reg	write_data[1]	keylen_reg$_DFFE_PN0P_/D
68	0.3523	write_data[I]	block_reg[I][J]	write_data[10]	block_reg[0][10]$_DFFE_PN0P_/D
69	0.3546	core.dec_block.sword_ctr_reg[I]	core.dec_block.round_ctr_reg[I]	core.dec_block.sword_ctr_reg[1]$_DFFE_PN0P_/Q	core.dec_block.round_ctr_reg[2]$_DFFE_PN0P_/D
70	0.3593	core.enc_block.round_ctr_reg[I]	core.enc_block.ready_reg	core.enc_block.round_ctr_reg[1]$_DFFE_PN0P_/Q	core.enc_block.ready_reg$_DFFE_PN1P_/D
71	0.3730	keylen_reg	keylen_reg	keylen_reg$_DFFE_PN0P_/Q	keylen_reg$_DFFE_PN0P_/D
72	0.3730	keylen_reg	core.dec_block.round_ctr_reg[I]	keylen_reg$_DFFE_PN0P_/Q	core.dec_block.round_ctr_reg[2]$_DFFE_PN0P_/D
73	0.3753	core.keymem.key_mem_ctrl_reg[I]	core.keymem.round_ctr_reg[I]	core.keymem.key_mem_ctrl_reg[1]$_DFF_PN0_/Q	core.keymem.round_ctr_reg[0]$_DFFE_PN0P_/D
74	0.3817	write_data[I]	init_reg	write_data[0]	init_reg$_DFF_PN0_/D
75	0.3817	write_data[I]	next_reg	write_data[1]	next_reg$_DFF_PN0_/D
76	0.3889	we	init_reg	we	init_reg$_DFF_PN0_/D
77	0.3889	we	next_reg	we	next_reg$_DFF_PN0_/D
78	0.3902	core.keymem.round_ctr_reg[I]	core.keymem.round_ctr_reg[I]	core.keymem.round_ctr_reg[0]$_DFFE_PN0P_/Q	core.keymem.round_ctr_reg[3]$_DFFE_PN0P_/D
79	0.3902	cs	init_reg	cs	init_reg$_DFF_PN0_/D
80	0.3902	cs	next_reg	cs	next_reg$_DFF_PN0_/D
81	0.4000	core.dec_block.dec_ctrl_reg[I]	core.dec_block.round_ctr_reg[I]	core.dec_block.dec_ctrl_reg[2]$_DFF_PN0_/Q	core.dec_block.round_ctr_reg[2]$_DFFE_PN0P_/D
82	0.4002	core.keymem.key_mem_ctrl_reg[I]	core.keymem.key_mem_ctrl_reg[I]	core.keymem.key_mem_ctrl_reg[1]$_DFF_PN0_/Q	core.keymem.key_mem_ctrl_reg[0]$_DFF_PN1_/D
83	0.4051	block_reg[I][J]	core.dec_block.block_wI_reg[J]	block_reg[1][19]$_DFFE_PN0P_/Q	core.dec_block.block_w2_reg[19]$_DFFE_PN0P_/D
84	0.4085	key_reg[I][J]	core.keymem.key_mem[I][J]	key_reg[0][3]$_DFFE_PN0P_/Q	core.keymem.key_mem[0][99]$_DFFE_PN0P_/D
85	0.4105	encdec_reg	core.dec_block.dec_ctrl_reg[I]	encdec_reg$_DFFE_PN0P_/Q	core.dec_block.dec_ctrl_reg[0]$_DFF_PN1_/D
86	0.4158	core.dec_block.sword_ctr_reg[I]	core.dec_block.dec_ctrl_reg[I]	core.dec_block.sword_ctr_reg[1]$_DFFE_PN0P_/Q	core.dec_block.dec_ctrl_reg[0]$_DFF_PN1_/D
87	0.4204	core.enc_block.sword_ctr_reg[I]	core.enc_block.enc_ctrl_reg[I]	core.enc_block.sword_ctr_reg[1]$_DFFE_PN0P_/Q	core.enc_block.enc_ctrl_reg[0]$_DFF_PN1_/D
88	0.4265	core.keymem.key_mem_ctrl_reg[I]	core.keymem.rcon_reg[I]	core.keymem.key_mem_ctrl_reg[1]$_DFF_PN0_/Q	core.keymem.rcon_reg[1]$_DFFE_PN0P_/D
89	0.4287	keylen_reg	core.keymem.key_mem_ctrl_reg[I]	keylen_reg$_DFFE_PN0P_/Q	core.keymem.key_mem_ctrl_reg[2]$_DFF_PN0_/D
90	0.4367	core.enc_block.round_ctr_reg[I]	core.enc_block.round_ctr_reg[I]	core.enc_block.round_ctr_reg[1]$_DFFE_PN0P_/Q	core.enc_block.round_ctr_reg[1]$_DFFE_PN0P_/D
91	0.4573	core.keymem.round_ctr_reg[I]	core.keymem.key_mem_ctrl_reg[I]	core.keymem.round_ctr_reg[1]$_DFFE_PN0P_/Q	core.keymem.key_mem_ctrl_reg[2]$_DFF_PN0_/D
92	0.4720	key_reg[I][J]	core.keymem.prev_keyI_reg[J]	key_reg[7][25]$_DFFE_PN0P_/Q	core.keymem.prev_key1_reg[25]$_DFFE_PN0P_/D
93	0.4757	core.dec_block.dec_ctrl_reg[I]	core.dec_block.ready_reg	core.dec_block.dec_ctrl_reg[2]$_DFF_PN0_/Q	core.dec_block.ready_reg$_DFFE_PN1P_/D
94	0.4760	next_reg	core.dec_block.round_ctr_reg[I]	next_reg$_DFF_PN0_/Q	core.dec_block.round_ctr_reg[2]$_DFFE_PN0P_/D
95	0.5146	keylen_reg	core.enc_block.enc_ctrl_reg[I]	keylen_reg$_DFFE_PN0P_/QN	core.enc_block.enc_ctrl_reg[1]$_DFF_PN0_/D
96	0.5163	next_reg	core.enc_block.round_ctr_reg[I]	next_reg$_DFF_PN0_/Q	core.enc_block.round_ctr_reg[2]$_DFFE_PN0P_/D
97	0.5164	block_reg[I][J]	core.enc_block.block_wI_reg[J]	block_reg[1][26]$_DFFE_PN0P_/Q	core.enc_block.block_w1_reg[26]$_DFFE_PN0P_/D
98	0.5172	next_reg	core.dec_block.ready_reg	next_reg$_DFF_PN0_/Q	core.dec_block.ready_reg$_DFFE_PN1P_/D
99	0.5193	core.enc_block.ready_reg	core.aes_core_ctrl_reg[I]	core.enc_block.ready_reg$_DFFE_PN1P_/Q	core.aes_core_ctrl_reg[1]$_DFF_PN0_/D
100	0.5195	core.dec_block.ready_reg	core.aes_core_ctrl_reg[I]	core.dec_block.ready_reg$_DFFE_PN1P_/Q	core.aes_core_ctrl_reg[1]$_DFF_PN0_/D
101	0.5222	core.dec_block.dec_ctrl_reg[I]	core.dec_block.dec_ctrl_reg[I]	core.dec_block.dec_ctrl_reg[2]$_DFF_PN0_/Q	core.dec_block.dec_ctrl_reg[0]$_DFF_PN1_/D
102	0.5258	next_reg	core.enc_block.ready_reg	next_reg$_DFF_PN0_/Q	core.enc_block.ready_reg$_DFFE_PN1P_/D
103	0.5396	core.enc_block.enc_ctrl_reg[I]	core.enc_block.round_ctr_reg[I]	core.enc_block.enc_ctrl_reg[2]$_DFF_PN0_/Q	core.enc_block.round_ctr_reg[2]$_DFFE_PN0P_/D
104	0.5441	next_reg	core.aes_core_ctrl_reg[I]	next_reg$_DFF_PN0_/Q	core.aes_core_ctrl_reg[1]$_DFF_PN0_/D
105	0.5456	keylen_reg	core.enc_block.ready_reg	keylen_reg$_DFFE_PN0P_/QN	core.enc_block.ready_reg$_DFFE_PN1P_/D
106	0.5488	init_reg	core.aes_core_ctrl_reg[I]	init_reg$_DFF_PN0_/Q	core.aes_core_ctrl_reg[1]$_DFF_PN0_/D
107	0.5491	core.enc_block.enc_ctrl_reg[I]	core.enc_block.ready_reg	core.enc_block.enc_ctrl_reg[2]$_DFF_PN0_/Q	core.enc_block.ready_reg$_DFFE_PN1P_/D
108	0.5595	core.keymem.rcon_reg[I]	core.keymem.rcon_reg[I]	core.keymem.rcon_reg[0]$_DFFE_PN0P_/Q	core.keymem.rcon_reg[1]$_DFFE_PN0P_/D
109	0.5674	core.aes_core_ctrl_reg[I]	core.aes_core_ctrl_reg[I]	core.aes_core_ctrl_reg[1]$_DFF_PN0_/Q	core.aes_core_ctrl_reg[1]$_DFF_PN0_/D
110	0.5731	core.enc_block.enc_ctrl_reg[I]	core.enc_block.sword_ctr_reg[I]	core.enc_block.enc_ctrl_reg[2]$_DFF_PN0_/Q	core.enc_block.sword_ctr_reg[0]$_DFFE_PN0P_/D
111	0.5758	core.enc_block.ready_reg	core.ready_reg	core.enc_block.ready_reg$_DFFE_PN1P_/Q	core.ready_reg$_DFFE_PN1P_/D
112	0.5761	core.dec_block.ready_reg	core.ready_reg	core.dec_block.ready_reg$_DFFE_PN1P_/Q	core.ready_reg$_DFFE_PN1P_/D
113	0.5764	core.dec_block.sword_ctr_reg[I]	core.dec_block.sword_ctr_reg[I]	core.dec_block.sword_ctr_reg[1]$_DFFE_PN0P_/QN	core.dec_block.sword_ctr_reg[1]$_DFFE_PN0P_/D
114	0.5764	core.enc_block.sword_ctr_reg[I]	core.enc_block.sword_ctr_reg[I]	core.enc_block.sword_ctr_reg[1]$_DFFE_PN0P_/QN	core.enc_block.sword_ctr_reg[1]$_DFFE_PN0P_/D
115	0.5767	next_reg	core.result_valid_reg	next_reg$_DFF_PN0_/Q	core.result_valid_reg$_DFFE_PN0P_/D
116	0.5813	init_reg	core.result_valid_reg	init_reg$_DFF_PN0_/Q	core.result_valid_reg$_DFFE_PN0P_/D
117	0.5825	core.dec_block.dec_ctrl_reg[I]	core.dec_block.sword_ctr_reg[I]	core.dec_block.dec_ctrl_reg[0]$_DFF_PN1_/Q	core.dec_block.sword_ctr_reg[0]$_DFFE_PN0P_/D
118	0.5857	next_reg	core.dec_block.dec_ctrl_reg[I]	next_reg$_DFF_PN0_/Q	core.dec_block.dec_ctrl_reg[0]$_DFF_PN1_/D
119	0.5869	core.enc_block.block_wI_reg[J]	result_reg[I]	core.enc_block.block_w0_reg[31]$_DFFE_PN0P_/Q	result_reg[127]$_DFF_PN0_/D
120	0.5888	core.dec_block.round_ctr_reg[I]	core.dec_block.ready_reg	core.dec_block.round_ctr_reg[1]$_DFFE_PN0P_/QN	core.dec_block.ready_reg$_DFFE_PN1P_/D
121	0.5888	core.dec_block.round_ctr_reg[I]	core.dec_block.dec_ctrl_reg[I]	core.dec_block.round_ctr_reg[1]$_DFFE_PN0P_/QN	core.dec_block.dec_ctrl_reg[0]$_DFF_PN1_/D
122	0.5898	next_reg	core.enc_block.enc_ctrl_reg[I]	next_reg$_DFF_PN0_/Q	core.enc_block.enc_ctrl_reg[0]$_DFF_PN1_/D
123	0.5905	core.keymem.ready_reg	core.aes_core_ctrl_reg[I]	core.keymem.ready_reg$_DFFE_PN1P_/Q	core.aes_core_ctrl_reg[1]$_DFF_PN0_/D
124	0.5920	core.dec_block.block_wI_reg[J]	result_reg[I]	core.dec_block.block_w0_reg[16]$_DFFE_PN0P_/Q	result_reg[112]$_DFF_PN0_/D
125	0.5938	next_reg	core.ready_reg	next_reg$_DFF_PN0_/Q	core.ready_reg$_DFFE_PN1P_/D
126	0.5984	init_reg	core.ready_reg	init_reg$_DFF_PN0_/Q	core.ready_reg$_DFFE_PN1P_/D
127	0.6054	init_reg	core.keymem.key_mem_ctrl_reg[I]	init_reg$_DFF_PN0_/Q	core.keymem.key_mem_ctrl_reg[2]$_DFF_PN0_/D
128	0.6061	init_reg	core.keymem.ready_reg	init_reg$_DFF_PN0_/Q	core.keymem.ready_reg$_DFFE_PN1P_/D
129	0.6070	core.enc_block.ready_reg	core.result_valid_reg	core.enc_block.ready_reg$_DFFE_PN1P_/Q	core.result_valid_reg$_DFFE_PN0P_/D
130	0.6073	core.dec_block.ready_reg	core.result_valid_reg	core.dec_block.ready_reg$_DFFE_PN1P_/Q	core.result_valid_reg$_DFFE_PN0P_/D
131	0.6179	key_reg[I][J]	key_reg[I][J]	key_reg[3][8]$_DFFE_PN0P_/Q	key_reg[3][8]$_DFFE_PN0P_/D
132	0.6204	block_reg[I][J]	block_reg[I][J]	block_reg[1][29]$_DFFE_PN0P_/Q	block_reg[1][29]$_DFFE_PN0P_/D
133	0.6239	core.aes_core_ctrl_reg[I]	core.ready_reg	core.aes_core_ctrl_reg[1]$_DFF_PN0_/Q	core.ready_reg$_DFFE_PN1P_/D
134	0.6276	core.aes_core_ctrl_reg[I]	core.result_valid_reg	core.aes_core_ctrl_reg[0]$_DFF_PN1_/Q	core.result_valid_reg$_DFFE_PN0P_/D
135	0.6463	core.keymem.key_mem[I][J]	core.keymem.key_mem[I][J]	core.keymem.key_mem[0][86]$_DFFE_PN0P_/Q	core.keymem.key_mem[0][86]$_DFFE_PN0P_/D
136	0.6471	core.keymem.ready_reg	core.ready_reg	core.keymem.ready_reg$_DFFE_PN1P_/Q	core.ready_reg$_DFFE_PN1P_/D
137	0.6530	core.keymem.key_mem_ctrl_reg[I]	core.keymem.ready_reg	core.keymem.key_mem_ctrl_reg[0]$_DFF_PN1_/Q	core.keymem.ready_reg$_DFFE_PN1P_/D
138	0.6562	core.result_valid_reg	core.result_valid_reg	core.result_valid_reg$_DFFE_PN0P_/Q	core.result_valid_reg$_DFFE_PN0P_/D
139	0.6741	core.keymem.ready_reg	core.keymem.ready_reg	core.keymem.ready_reg$_DFFE_PN1P_/Q	core.keymem.ready_reg$_DFFE_PN1P_/D
140	0.6779	core.dec_block.ready_reg	core.dec_block.ready_reg	core.dec_block.ready_reg$_DFFE_PN1P_/Q	core.dec_block.ready_reg$_DFFE_PN1P_/D
141	0.6844	core.ready_reg	core.ready_reg	core.ready_reg$_DFFE_PN1P_/Q	core.ready_reg$_DFFE_PN1P_/D
142	0.6865	core.enc_block.ready_reg	core.enc_block.ready_reg	core.enc_block.ready_reg$_DFFE_PN1P_/Q	core.enc_block.ready_reg$_DFFE_PN1P_/D
143	0.6983	core.result_valid_reg	valid_reg	core.result_valid_reg$_DFFE_PN0P_/Q	valid_reg$_DFF_PN0_/D
144	0.7113	core.ready_reg	ready_reg	core.ready_reg$_DFFE_PN1P_/Q	ready_reg$_DFF_PN0_/D
