# stage	1_synth
# top_module	cordic_engine
# top_n	100
# kind	blocks
# skip_async	1
# include_full	1
# rank	worst_slack_ns	start	end	start_full	end_full
1	-0.6795	i_xval[I]	u_vec.xv[I][J]	i_xval[1]	u_vec.xv[0][23]$_SDFFE_PP0P_/D
2	-0.6123	i_xval[I]	u_vec.yv[I][J]	i_xval[1]	u_vec.yv[0][23]$_SDFFE_PP0P_/D
3	-0.4577	u_vec.yv[I][J]	u_vec.yv[I][J]	u_vec.yv[19][24]$_SDFFE_PP0P_/Q	u_vec.yv[20][24]$_SDFFE_PP0P_/D
4	-0.4128	u_vec.yv[I][J]	u_vec.xv[I][J]	u_vec.yv[13][24]$_SDFFE_PP0P_/Q	u_vec.xv[14][21]$_SDFFE_PP0P_/D
5	-0.3805	u_vec.xv[I][J]	u_vec.yv[I][J]	u_vec.xv[10][14]$_SDFFE_PP0P_/QN	u_vec.yv[11][24]$_SDFFE_PP0P_/D
6	-0.3739	u_rot.ph[I][J]	u_rot.xv[I][J]	u_rot.ph[1][24]$_SDFFE_PP0P_/Q	u_rot.xv[2][18]$_SDFFE_PP0P_/D
7	-0.3622	i_yval[I]	u_vec.xv[I][J]	i_yval[8]	u_vec.xv[0][23]$_SDFFE_PP0P_/D
8	-0.3167	i_xval[I]	u_rot.xv[I][J]	i_xval[1]	u_rot.xv[0][10]$_SDFFE_PP0P_/D
9	-0.3097	u_rot.yv[I][J]	u_rot.xv[I][J]	u_rot.yv[0][4]$_SDFFE_PP0P_/QN	u_rot.xv[1][18]$_SDFFE_PP0P_/D
10	-0.3079	i_xval[I]	u_rot.yv[I][J]	i_xval[2]	u_rot.yv[0][11]$_SDFFE_PP0P_/D
11	-0.3067	i_yval[I]	u_vec.yv[I][J]	i_yval[6]	u_vec.yv[0][22]$_SDFFE_PP0P_/D
12	-0.2921	u_rot.xv[I][J]	u_rot.yv[I][J]	u_rot.xv[2][4]$_SDFFE_PP0P_/QN	u_rot.yv[3][16]$_SDFFE_PP0P_/D
13	-0.2894	u_rot.ph[I][J]	u_rot.yv[I][J]	u_rot.ph[5][24]$_SDFFE_PP0P_/Q	u_rot.yv[6][16]$_SDFFE_PP0P_/D
14	-0.2733	u_vec.yv[I][J]	u_vec.ph[I][J]	u_vec.yv[13][24]$_SDFFE_PP0P_/Q	u_vec.ph[14][24]$_SDFFE_PP0P_/D
15	-0.2555	i_yval[I]	u_rot.xv[I][J]	i_yval[4]	u_rot.xv[0][12]$_SDFFE_PP0P_/D
16	-0.2474	u_rot.ph[I][J]	u_rot.ph[I][J]	u_rot.ph[15][24]$_SDFFE_PP0P_/QN	u_rot.ph[16][24]$_SDFFE_PP0P_/D
17	-0.1870	i_yval[I]	u_rot.yv[I][J]	i_yval[8]	u_rot.yv[0][13]$_SDFFE_PP0P_/D
18	-0.1771	u_rot.xv[I][J]	u_rot.xv[I][J]	u_rot.xv[1][0]$_SDFFE_PP0P_/Q	u_rot.xv[2][18]$_SDFFE_PP0P_/D
19	-0.1372	u_vec.ph[I][J]	u_vec.ph[I][J]	u_vec.ph[6][4]$_SDFFE_PP0P_/Q	u_vec.ph[7][23]$_SDFFE_PP0P_/D
20	-0.1354	u_vec.xv[I][J]	u_vec.xv[I][J]	u_vec.xv[21][7]$_SDFFE_PP0P_/Q	u_vec.xv[22][20]$_SDFFE_PP0P_/D
21	-0.1184	i_phase[I]	u_rot.yv[I][J]	i_phase[23]	u_rot.yv[0][6]$_SDFFE_PP0P_/D
22	-0.1000	i_phase[I]	u_rot.xv[I][J]	i_phase[23]	u_rot.xv[0][8]$_SDFFE_PP0P_/D
23	-0.0579	i_ce	u_rot.yv[I][J]	i_ce	u_rot.yv[10][18]$_SDFFE_PP0P_/D
24	-0.0530	i_ce	u_vec.xv[I][J]	i_ce	u_vec.xv[14][17]$_SDFFE_PP0P_/D
25	-0.0519	i_ce	u_rot.ph[I][J]	i_ce	u_rot.ph[9][24]$_SDFFE_PP0P_/D
26	-0.0519	i_ce	u_vec.ph[I][J]	i_ce	u_vec.ph[6][25]$_SDFFE_PP0P_/D
27	-0.0492	i_ce	u_vec.o_mag[I]	i_ce	u_vec.o_mag[17]$_SDFFE_PP0P_/D
28	-0.0492	i_ce	u_vec.yv[I][J]	i_ce	u_vec.yv[10][24]$_SDFFE_PP0P_/D
29	-0.0415	i_reset	u_rot.yv[I][J]	i_reset	u_rot.yv[10][18]$_SDFFE_PP0P_/D
30	-0.0380	i_ce	u_rot.xv[I][J]	i_ce	u_rot.xv[0][2]$_SDFFE_PP0P_/D
31	-0.0366	i_reset	u_vec.xv[I][J]	i_reset	u_vec.xv[14][17]$_SDFFE_PP0P_/D
32	-0.0356	i_reset	u_rot.ph[I][J]	i_reset	u_rot.ph[9][24]$_SDFFE_PP0P_/D
33	-0.0356	i_reset	u_vec.ph[I][J]	i_reset	u_vec.ph[6][25]$_SDFFE_PP0P_/D
34	-0.0285	i_reset	u_rot.xv[I][J]	i_reset	u_rot.xv[12][18]$_SDFFE_PP0P_/D
35	-0.0285	i_reset	u_vec.yv[I][J]	i_reset	u_vec.yv[22][24]$_SDFFE_PP0P_/D
36	-0.0266	i_ce	u_vec.ax[I]	i_ce	u_vec.ax[20]$_SDFFE_PP0P_/D
37	-0.0265	u_rot.yv[I][J]	u_rot.yv[I][J]	u_rot.yv[12][1]$_SDFFE_PP0P_/Q	u_rot.yv[13][15]$_SDFFE_PP0P_/D
38	-0.0260	i_ce	u_vec.o_phase[I]	i_ce	u_vec.o_phase[0]$_SDFFE_PP0P_/D
39	-0.0211	i_ce	u_rot.o_yval[I]	i_ce	u_rot.o_yval[0]$_SDFFE_PP0P_/D
40	-0.0207	i_ce	u_rot.o_xval[I]	i_ce	u_rot.o_xval[0]$_SDFFE_PP0P_/D
41	-0.0202	i_ce	u_vec.o_aux	i_ce	u_vec.o_aux$_SDFFE_PP0P_/D
42	-0.0093	u_vec.xv[I][J]	u_vec.o_mag[I]	u_vec.xv[23][7]$_SDFFE_PP0P_/QN	u_vec.o_mag[7]$_SDFFE_PP0P_/D
43	-0.0032	i_reset	u_vec.o_mag[I]	i_reset	u_vec.o_mag[0]$_SDFFE_PP0P_/D
44	0.0039	u_rot.xv[I][J]	u_rot.o_xval[I]	u_rot.xv[21][2]$_SDFFE_PP0P_/Q	u_rot.o_xval[17]$_SDFFE_PP0P_/D
45	0.0092	i_phase[I]	u_rot.ph[I][J]	i_phase[22]	u_rot.ph[0][24]$_SDFFE_PP0P_/D
46	0.0120	i_reset	u_rot.o_xval[I]	i_reset	u_rot.o_xval[17]$_SDFFE_PP0P_/D
47	0.0120	i_reset	u_rot.o_yval[I]	i_reset	u_rot.o_yval[17]$_SDFFE_PP0P_/D
48	0.0120	i_reset	u_vec.ax[I]	i_reset	u_vec.ax[23]$_SDFFE_PP0P_/D
49	0.0120	i_reset	u_vec.o_aux	i_reset	u_vec.o_aux$_SDFFE_PP0P_/D
50	0.0120	i_reset	u_vec.o_phase[I]	i_reset	u_vec.o_phase[25]$_SDFFE_PP0P_/D
51	0.0241	i_xval[I]	u_vec.ph[I][J]	i_xval[17]	u_vec.ph[0][25]$_SDFFE_PP0P_/D
52	0.0529	i_yval[I]	u_vec.ph[I][J]	i_yval[17]	u_vec.ph[0][25]$_SDFFE_PP0P_/D
53	0.0741	u_rot.yv[I][J]	u_rot.o_yval[I]	u_rot.yv[21][2]$_SDFFE_PP0P_/Q	u_rot.o_yval[12]$_SDFFE_PP0P_/D
54	0.2561	u_vec.ax[I]	o_rot_aux	u_vec.ax[22]$_SDFFE_PP0P_/Q	o_rot_aux
55	0.2594	u_rot.o_xval[I]	o_rot_xval[I]	u_rot.o_xval[0]$_SDFFE_PP0P_/Q	o_rot_xval[0]
56	0.2594	u_rot.o_yval[I]	o_rot_yval[I]	u_rot.o_yval[0]$_SDFFE_PP0P_/Q	o_rot_yval[0]
57	0.2594	u_vec.o_aux	o_vec_aux	u_vec.o_aux$_SDFFE_PP0P_/Q	o_vec_aux
58	0.2594	u_vec.o_phase[I]	o_vec_phase[I]	u_vec.o_phase[0]$_SDFFE_PP0P_/Q	o_vec_phase[0]
59	0.2594	u_vec.o_mag[I]	o_vec_mag[I]	u_vec.o_mag[10]$_SDFFE_PP0P_/Q	o_vec_mag[10]
60	0.2755	i_aux	u_vec.ax[I]	i_aux	u_vec.ax[0]$_SDFFE_PP0P_/D
61	0.3852	u_vec.o_mag[I]	u_vec.o_mag[I]	u_vec.o_mag[12]$_SDFFE_PP0P_/Q	u_vec.o_mag[12]$_SDFFE_PP0P_/D
62	0.4041	u_rot.o_xval[I]	u_rot.o_xval[I]	u_rot.o_xval[1]$_SDFFE_PP0P_/Q	u_rot.o_xval[1]$_SDFFE_PP0P_/D
63	0.4041	u_rot.o_yval[I]	u_rot.o_yval[I]	u_rot.o_yval[10]$_SDFFE_PP0P_/Q	u_rot.o_yval[10]$_SDFFE_PP0P_/D
64	0.4084	u_vec.ax[I]	u_vec.ax[I]	u_vec.ax[0]$_SDFFE_PP0P_/Q	u_vec.ax[0]$_SDFFE_PP0P_/D
65	0.4129	u_vec.o_aux	u_vec.o_aux	u_vec.o_aux$_SDFFE_PP0P_/Q	u_vec.o_aux$_SDFFE_PP0P_/D
66	0.4129	u_vec.o_phase[I]	u_vec.o_phase[I]	u_vec.o_phase[25]$_SDFFE_PP0P_/Q	u_vec.o_phase[25]$_SDFFE_PP0P_/D
67	0.4135	u_vec.ph[I][J]	u_vec.o_phase[I]	u_vec.ph[23][0]$_SDFFE_PP0P_/Q	u_vec.o_phase[0]$_SDFFE_PP0P_/D
68	0.4136	u_vec.ax[I]	u_vec.o_aux	u_vec.ax[23]$_SDFFE_PP0P_/Q	u_vec.o_aux$_SDFFE_PP0P_/D
