# stage	1_synth
# top_module	viterbi_core
# top_n	1000
# kind	blocks
# skip_async	1
# include_full	1
# rank	worst_slack_ns	start	end	start_full	end_full
1	-0.9537	pm_normalize_inst.grp_max_r[I][J]	pm_normalize_inst.pm_nom_r[I][J]	pm_normalize_inst.grp_max_r[3][2]$_DFF_PN0_/Q	pm_normalize_inst.pm_nom_r[40][0]$_DFFE_PN0P_/D
2	-0.8595	register_num_i[I]	pm_normalize_inst.pm_nom_r[I][J]	register_num_i[1]	pm_normalize_inst.pm_nom_r[40][0]$_DFFE_PN0P_/D
3	-0.3029	src_rdata_i[I]	bmu_inst_I.bm_r[J]	src_rdata_i[20]	bmu_inst_24.bm_r[6]$_DFF_PN0_/D
4	-0.0843	register_num_i[I]	acs_inst_I.pm_r[J]	register_num_i[1]	acs_inst_51.pm_r[4]$_DFF_PN0_/D
5	-0.0315	register_num_i[I]	acs_inst_I.survivor_path_r	register_num_i[1]	acs_inst_51.survivor_path_r$_DFF_PN0_/D
6	0.4725	bmu_inst_I.bm_rJ[K]	acs_inst_I.pm_r[J]	bmu_inst_63.bm_r2[0]$_DFF_PN0_/Q	acs_inst_56.pm_r[4]$_DFF_PN0_/D
7	0.5262	bmu_inst_I.bm_rJ[K]	acs_inst_I.survivor_path_r	bmu_inst_63.bm_r2[0]$_DFF_PN0_/Q	acs_inst_56.survivor_path_r$_DFF_PN0_/D
8	0.5659	acs_inst_I.pm_r[J]	pm_normalize_inst.grp_max_r[I][J]	acs_inst_37.pm_r[4]$_DFF_PN0_/Q	pm_normalize_inst.grp_max_r[4][8]$_DFF_PN0_/D
9	0.6635	infobit_length_i[I]	src_addr_r[I]	infobit_length_i[5]	src_addr_r[10]$_DFFE_PN0P_/D
10	0.6814	register_num_i[I]	bmu_inst_I.low_codeword_tmp[J]	register_num_i[1]	bmu_inst_51.low_codeword_tmp[1]$_DFFE_PN0P_/D
11	0.6954	infobit_length_i[I]	src_len_counter_r[I]	infobit_length_i[5]	src_len_counter_r[10]$_DFFE_PN0P_/D
12	0.7110	frame_start_i	fetch_src_cnt_r[I]	frame_start_i	fetch_src_cnt_r[10]$_DFFE_PN0P_/D
13	0.7177	rst_sync_i	fetch_src_cnt_r[I]	rst_sync_i	fetch_src_cnt_r[10]$_DFFE_PN0P_/D
14	0.7209	polynomialI_i[J]	bmu_inst_I.low_codeword_tmp[J]	polynomial4_i[4]	bmu_inst_59.low_codeword_tmp[3]$_DFFE_PN0P_/D
15	0.7393	valid_polynomials_i[I]	bmu_inst_I.bm_r[J]	valid_polynomials_i[0]	bmu_inst_59.bm_r[2]$_DFF_PN0_/D
16	0.7490	valid_polynomials_i[I]	bmu_inst_I.low_codeword[J]	valid_polynomials_i[0]	bmu_inst_1.low_codeword[3]$_DFFE_PN0P_/D
17	0.7580	rst_sync_i	bmu_inst_I.low_codeword_tmp[J]	rst_sync_i	bmu_inst_42.low_codeword_tmp[0]$_DFFE_PN0P_/D
18	0.7586	rst_sync_i	pm_normalize_inst.pm_nom_r[I][J]	rst_sync_i	pm_normalize_inst.pm_nom_r[17][6]$_DFFE_PN0P_/D
19	0.7651	rst_sync_i	bmu_inst_I.bm_r[J]	rst_sync_i	bmu_inst_21.bm_r[6]$_DFF_PN0_/D
20	0.7677	register_num_i[I]	acs_en_r[I]	register_num_i[1]	acs_en_r[15]$_DFFE_PN0P_/D
21	0.7768	rst_sync_i	acs_inst_I.pm_r[J]	rst_sync_i	acs_inst_37.pm_r[8]$_DFF_PN0_/D
22	0.7772	bmu_inst_I.low_codeword[J]	bmu_inst_I.bm_r[J]	bmu_inst_10.low_codeword[4]$_DFFE_PN0P_/Q	bmu_inst_10.bm_r[6]$_DFF_PN0_/D
23	0.7810	rst_sync_i	src_rd_r	rst_sync_i	src_rd_r$_DFFE_PN0P_/D
24	0.7850	frame_start_i	src_rd_r	frame_start_i	src_rd_r$_DFFE_PN0P_/D
25	0.7850	rst_sync_i	tb_len_r[I]	rst_sync_i	tb_len_r[3]$_DFFE_PN0P_/D
26	0.7856	rst_sync_i	bmu_inst_I.low_codeword[J]	rst_sync_i	bmu_inst_1.low_codeword[0]$_DFFE_PN0P_/D
27	0.7890	frame_start_i	tb_len_r[I]	frame_start_i	tb_len_r[3]$_DFFE_PN0P_/D
28	0.7953	rst_sync_i	state_r[I]	rst_sync_i	state_r[2]$_DFF_PN0_/D
29	0.7953	rst_sync_i	tb_wr_addr_r[I]	rst_sync_i	tb_wr_addr_r[2]$_DFFE_PN0P_/D
30	0.7993	frame_start_i	state_r[I]	frame_start_i	state_r[2]$_DFF_PN0_/D
31	0.7993	frame_start_i	tb_wr_addr_r[I]	frame_start_i	tb_wr_addr_r[2]$_DFFE_PN0P_/D
32	0.8023	rst_sync_i	flush_all_start_r	rst_sync_i	flush_all_start_r$_DFFE_PN0P_/D
33	0.8040	rst_sync_i	pm_normalize_inst.grp_max_r[I][J]	rst_sync_i	pm_normalize_inst.grp_max_r[7][1]$_DFF_PN0_/D
34	0.8047	rst_sync_i	src_addr_r[I]	rst_sync_i	src_addr_r[10]$_DFFE_PN0P_/D
35	0.8062	rst_sync_i	trellis_idx_r[I]	rst_sync_i	trellis_idx_r[12]$_DFFE_PN0P_/D
36	0.8063	frame_start_i	flush_all_start_r	frame_start_i	flush_all_start_r$_DFFE_PN0P_/D
37	0.8065	frame_start_i	src_addr_r[I]	frame_start_i	src_addr_r[10]$_DFFE_PN0P_/D
38	0.8066	rst_sync_i	pm_normalize_inst.pm_pipe_r[I][J]	rst_sync_i	pm_normalize_inst.pm_pipe_r[49][7]$_DFF_PN0_/D
39	0.8076	rst_sync_i	bmu_inst_I.bm_rJ[K]	rst_sync_i	bmu_inst_59.bm_r2[7]$_DFF_PN0_/D
40	0.8080	frame_start_i	trellis_idx_r[I]	frame_start_i	trellis_idx_r[12]$_DFFE_PN0P_/D
41	0.8095	rst_sync_i	traceback_ins.tb_addr_r[I]	rst_sync_i	traceback_ins.tb_addr_r[1]$_DFFE_PN0P_/D
42	0.8140	rst_sync_i	dst_addr_r[I]	rst_sync_i	dst_addr_r[4]$_DFFE_PN0P_/D
43	0.8146	rst_sync_i	acs_inst_I.survivor_path_r	rst_sync_i	acs_inst_57.survivor_path_r$_DFF_PN0_/D
44	0.8443	frame_start_i	dst_addr_r[I]	frame_start_i	dst_addr_r[8]$_DFFE_PN0P_/D
45	0.8495	rst_sync_i	src_len_counter_r[I]	rst_sync_i	src_len_counter_r[5]$_DFFE_PN0P_/D
46	0.8516	rst_sync_i	frame_done_r	rst_sync_i	frame_done_r$_DFFE_PN0P_/D
47	0.8516	rst_sync_i	last_loop_r	rst_sync_i	last_loop_r$_DFFE_PN0P_/D
48	0.8524	frame_start_i	src_len_counter_r[I]	frame_start_i	src_len_counter_r[9]$_DFFE_PN0P_/D
49	0.8526	pm_normalize_inst.pm_nom_r[I][J]	acs_inst_I.pm_r[J]	pm_normalize_inst.pm_nom_r[32][0]$_DFFE_PN0P_/Q	acs_inst_56.pm_r[4]$_DFF_PN0_/D
50	0.8529	rst_sync_i	traceback_start_r	rst_sync_i	traceback_start_r$_DFF_PN0_/D
51	0.8540	rst_sync_i	traceback_ins.tb_counter_r[I]	rst_sync_i	traceback_ins.tb_counter_r[4]$_DFFE_PN0P_/D
52	0.8556	frame_start_i	frame_done_r	frame_start_i	frame_done_r$_DFFE_PN0P_/D
53	0.8556	frame_start_i	last_loop_r	frame_start_i	last_loop_r$_DFFE_PN0P_/D
54	0.8556	frame_start_i	half_tb_start_r	frame_start_i	half_tb_start_r$_DFFE_PN0P_/D
55	0.8568	rst_sync_i	first_loop_r	rst_sync_i	first_loop_r$_DFFE_PN0P_/D
56	0.8571	rst_sync_i	full_tb_start_r	rst_sync_i	full_tb_start_r$_DFFE_PN0P_/D
57	0.8571	rst_sync_i	half_tb_start_r	rst_sync_i	half_tb_start_r$_DFFE_PN0P_/D
58	0.8577	rst_sync_i	dst_wr_dI_r	rst_sync_i	dst_wr_d1_r$_DFF_PN0_/D
59	0.8608	frame_start_i	first_loop_r	frame_start_i	first_loop_r$_DFFE_PN0P_/D
60	0.8611	frame_start_i	full_tb_start_r	frame_start_i	full_tb_start_r$_DFFE_PN0P_/D
61	0.8633	rst_sync_i	acs_en_r[I]	rst_sync_i	acs_en_r[15]$_DFFE_PN0P_/D
62	0.8647	rst_sync_i	bmu_ready_dI_r	rst_sync_i	bmu_ready_d1_r$_DFF_PN1_/D
63	0.8687	tail_biting_en_i	trellis_idx_r[I]	tail_biting_en_i	trellis_idx_r[10]$_DFFE_PN0P_/D
64	0.8704	rst_sync_i	traceback_ins.tb_rd_r	rst_sync_i	traceback_ins.tb_rd_r$_DFF_PN0_/D
65	0.8704	rst_sync_i	decoding_start_r	rst_sync_i	decoding_start_r$_DFF_PN0_/D
66	0.8704	rst_sync_i	pm_normalize_inst.en_pipe_r	rst_sync_i	pm_normalize_inst.en_pipe_r$_DFF_PN0_/D
67	0.8707	rst_sync_i	busy_r	rst_sync_i	busy_r$_DFFE_PN0P_/D
68	0.8725	rst_sync_i	bmu_inst_I.bm_valid_rJ	rst_sync_i	bmu_inst_16.bm_valid_r2$_DFF_PN0_/D
69	0.8765	acs_inst_I.valid_r	tb_addr_o[I]	acs_inst_0.valid_r$_DFF_PN0_/Q	tb_addr_o[0]
70	0.8858	rst_sync_i	acs_inst_I.valid_r	rst_sync_i	acs_inst_0.valid_r$_DFF_PN0_/D
71	0.8886	frame_start_i	bmu_inst_I.ready_r	frame_start_i	bmu_inst_0.ready_r$_DFFE_PN0P_/D
72	0.8901	frame_start_i	acs_en_r[I]	frame_start_i	acs_en_r[31]$_DFFE_PN0P_/D
73	0.9064	pm_normalize_inst.pm_nom_r[I][J]	acs_inst_I.survivor_path_r	pm_normalize_inst.pm_nom_r[32][0]$_DFFE_PN0P_/Q	acs_inst_56.survivor_path_r$_DFF_PN0_/D
74	0.9081	frame_start_i	byte_idx_r[I]	frame_start_i	byte_idx_r[0]$_DFF_PN0_/D
75	0.9219	rst_sync_i	bmu_inst_I.ready_r	rst_sync_i	bmu_inst_0.ready_r$_DFFE_PN0P_/D
76	0.9256	rst_sync_i	bmu_inst_I.calc_codeword_en	rst_sync_i	bmu_inst_60.calc_codeword_en$_DFF_PN0_/D
77	0.9371	frame_start_i	dst_wr_r	frame_start_i	dst_wr_r$_DFF_PN0_/D
78	0.9414	rst_sync_i	byte_idx_r[I]	rst_sync_i	byte_idx_r[0]$_DFF_PN0_/D
79	0.9436	decoding_length_i[I]	trellis_idx_r[I]	decoding_length_i[6]	trellis_idx_r[6]$_DFFE_PN0P_/D
80	0.9440	infobit_length_i[I]	trellis_idx_r[I]	infobit_length_i[6]	trellis_idx_r[6]$_DFFE_PN0P_/D
81	0.9497	frame_start_i	bmu_inst_I.calc_polyn_en	frame_start_i	bmu_inst_29.calc_polyn_en$_DFF_PN0_/D
82	0.9511	tail_biting_en_i	pm_normalize_inst.tail_biting_pipe_r	tail_biting_en_i	pm_normalize_inst.tail_biting_pipe_r$_DFF_PN0_/D
83	0.9628	tb_wr_addr_r[I]	tb_addr_o[I]	tb_wr_addr_r[2]$_DFFE_PN0P_/Q	tb_addr_o[2]
84	0.9631	frame_start_i	busy_r	frame_start_i	busy_r$_DFFE_PN0P_/D
85	0.9676	rst_sync_i	bmu_inst_I.calc_polyn_en	rst_sync_i	bmu_inst_29.calc_polyn_en$_DFF_PN0_/D
86	0.9703	rst_sync_i	dst_wr_r	rst_sync_i	dst_wr_r$_DFF_PN0_/D
87	0.9787	rst_sync_i	pm_normalize_inst.tail_biting_pipe_r	rst_sync_i	pm_normalize_inst.tail_biting_pipe_r$_DFF_PN0_/D
88	0.9912	traceback_ins.tb_addr_r[I]	tb_addr_o[I]	traceback_ins.tb_addr_r[3]$_DFFE_PN0P_/Q	tb_addr_o[3]
89	0.9989	dst_start_addr_i[I]	dst_addr_r[I]	dst_start_addr_i[8]	dst_addr_r[8]$_DFFE_PN0P_/D
90	1.0087	src_start_addr_i[I]	src_addr_r[I]	src_start_addr_i[10]	src_addr_r[10]$_DFFE_PN0P_/D
91	1.0196	acs_inst_I.survivor_path_r	tb_wdata_o[I]	acs_inst_0.survivor_path_r$_DFF_PN0_/Q	tb_wdata_o[0]
92	1.0224	dst_addr_r[I]	dst_addr_o[I]	dst_addr_r[1]$_DFFE_PN0P_/Q	dst_addr_o[1]
93	1.0227	src_addr_r[I]	src_addr_o[I]	src_addr_r[1]$_DFFE_PN0P_/Q	src_addr_o[1]
94	1.0267	src_rd_r	src_rd_o	src_rd_r$_DFFE_PN0P_/Q	src_rd_o
95	1.0346	frame_done_r	frame_done_o	frame_done_r$_DFFE_PN0P_/Q	frame_done_o
96	1.0346	busy_r	busy_o	busy_r$_DFFE_PN0P_/Q	busy_o
97	1.0367	dst_wr_r	dst_wr_o	dst_wr_r$_DFF_PN0_/Q	dst_wr_o
98	1.0367	acs_inst_I.valid_r	tb_wr_o	acs_inst_0.valid_r$_DFF_PN0_/Q	tb_wr_o
99	1.0383	rst_sync_i	soft_data_valid_r	rst_sync_i	soft_data_valid_r$_DFF_PN0_/D
100	1.0396	traceback_ins.tb_rd_r	tb_rd_o	traceback_ins.tb_rd_r$_DFF_PN0_/Q	tb_rd_o
101	1.2824	pm_normalize_inst.pm_pipe_r[I][J]	pm_normalize_inst.pm_nom_r[I][J]	pm_normalize_inst.pm_pipe_r[40][3]$_DFF_PN0_/Q	pm_normalize_inst.pm_nom_r[40][0]$_DFFE_PN0P_/D
102	1.3251	src_len_counter_r[I]	src_addr_r[I]	src_len_counter_r[5]$_DFFE_PN0P_/Q	src_addr_r[10]$_DFFE_PN0P_/D
103	1.3550	src_addr_r[I]	src_addr_r[I]	src_addr_r[1]$_DFFE_PN0P_/Q	src_addr_r[10]$_DFFE_PN0P_/D
104	1.3570	src_len_counter_r[I]	src_len_counter_r[I]	src_len_counter_r[5]$_DFFE_PN0P_/Q	src_len_counter_r[10]$_DFFE_PN0P_/D
105	1.3620	fetch_src_cnt_r[I]	fetch_src_cnt_r[I]	fetch_src_cnt_r[2]$_DFFE_PN0P_/Q	fetch_src_cnt_r[11]$_DFFE_PN0P_/D
106	1.3655	flush_all_start_r	fetch_src_cnt_r[I]	flush_all_start_r$_DFFE_PN0P_/Q	fetch_src_cnt_r[10]$_DFFE_PN0P_/D
107	1.3693	half_tb_start_r	fetch_src_cnt_r[I]	half_tb_start_r$_DFFE_PN0P_/Q	fetch_src_cnt_r[10]$_DFFE_PN0P_/D
108	1.3857	pm_normalize_inst.en_pipe_r	pm_normalize_inst.pm_nom_r[I][J]	pm_normalize_inst.en_pipe_r$_DFF_PN0_/Q	pm_normalize_inst.pm_nom_r[17][6]$_DFFE_PN0P_/D
109	1.3886	src_rd_r	fetch_src_cnt_r[I]	src_rd_r$_DFFE_PN0P_/Q	fetch_src_cnt_r[10]$_DFFE_PN0P_/D
110	1.3933	full_tb_start_r	fetch_src_cnt_r[I]	full_tb_start_r$_DFFE_PN0P_/Q	fetch_src_cnt_r[10]$_DFFE_PN0P_/D
111	1.3960	trellis_idx_r[I]	first_loop_r	trellis_idx_r[7]$_DFFE_PN0P_/QN	first_loop_r$_DFFE_PN0P_/D
112	1.3975	bmu_inst_I.calc_polyn_en	pm_normalize_inst.pm_nom_r[I][J]	bmu_inst_29.calc_polyn_en$_DFF_PN0_/Q	pm_normalize_inst.pm_nom_r[17][6]$_DFFE_PN0P_/D
113	1.3995	trellis_idx_r[I]	flush_all_start_r	trellis_idx_r[7]$_DFFE_PN0P_/QN	flush_all_start_r$_DFFE_PN0P_/D
114	1.4355	fetch_src_cnt_r[I]	src_len_counter_r[I]	fetch_src_cnt_r[7]$_DFFE_PN0P_/Q	src_len_counter_r[9]$_DFFE_PN0P_/D
115	1.4384	bmu_inst_I.calc_polyn_en	bmu_inst_I.low_codeword_tmp[J]	bmu_inst_29.calc_polyn_en$_DFF_PN0_/Q	bmu_inst_55.low_codeword_tmp[3]$_DFFE_PN0P_/D
116	1.4496	flush_all_start_r	src_len_counter_r[I]	flush_all_start_r$_DFFE_PN0P_/Q	src_len_counter_r[9]$_DFFE_PN0P_/D
117	1.4498	trellis_idx_r[I]	trellis_idx_r[I]	trellis_idx_r[5]$_DFFE_PN0P_/Q	trellis_idx_r[12]$_DFFE_PN0P_/D
118	1.4557	half_tb_start_r	src_len_counter_r[I]	half_tb_start_r$_DFFE_PN0P_/Q	src_len_counter_r[9]$_DFFE_PN0P_/D
119	1.4569	trellis_idx_r[I]	full_tb_start_r	trellis_idx_r[7]$_DFFE_PN0P_/QN	full_tb_start_r$_DFFE_PN0P_/D
120	1.4578	dst_addr_r[I]	dst_addr_r[I]	dst_addr_r[3]$_DFFE_PN0P_/Q	dst_addr_r[11]$_DFFE_PN0P_/D
121	1.4639	traceback_ins.tb_counter_r[I]	traceback_ins.tb_addr_r[I]	traceback_ins.tb_counter_r[3]$_DFFE_PN0P_/Q	traceback_ins.tb_addr_r[1]$_DFFE_PN0P_/D
122	1.4723	trellis_idx_r[I]	half_tb_start_r	trellis_idx_r[10]$_DFFE_PN0P_/Q	half_tb_start_r$_DFFE_PN0P_/D
123	1.4778	trellis_idx_r[I]	state_r[I]	trellis_idx_r[7]$_DFFE_PN0P_/QN	state_r[2]$_DFF_PN0_/D
124	1.4828	bmu_inst_I.calc_codeword_en	bmu_inst_I.low_codeword[J]	bmu_inst_60.calc_codeword_en$_DFF_PN0_/Q	bmu_inst_1.low_codeword[0]$_DFFE_PN0P_/D
125	1.4855	soft_data_valid_r	bmu_inst_I.bm_r[J]	soft_data_valid_r$_DFF_PN0_/Q	bmu_inst_14.bm_r[6]$_DFF_PN0_/D
126	1.4883	bmu_inst_I.bm_valid_rJ	acs_inst_I.pm_r[J]	bmu_inst_16.bm_valid_r2$_DFF_PN0_/Q	acs_inst_37.pm_r[8]$_DFF_PN0_/D
127	1.4922	full_tb_start_r	src_len_counter_r[I]	full_tb_start_r$_DFFE_PN0P_/Q	src_len_counter_r[9]$_DFFE_PN0P_/D
128	1.4991	traceback_ins.tb_addr_r[I]	traceback_ins.tb_addr_r[I]	traceback_ins.tb_addr_r[1]$_DFFE_PN0P_/Q	traceback_ins.tb_addr_r[5]$_DFFE_PN0P_/D
129	1.5042	traceback_ins.tb_counter_r[I]	traceback_ins.tb_counter_r[I]	traceback_ins.tb_counter_r[1]$_DFFE_PN0P_/Q	traceback_ins.tb_counter_r[7]$_DFFE_PN0P_/D
130	1.5049	acs_inst_I.valid_r	src_len_counter_r[I]	acs_inst_0.valid_r$_DFF_PN0_/Q	src_len_counter_r[10]$_DFFE_PN0P_/D
131	1.5174	state_r[I]	trellis_idx_r[I]	state_r[0]$_DFF_PN1_/Q	trellis_idx_r[12]$_DFFE_PN0P_/D
132	1.5261	bmu_inst_I.bm_valid_rJ	acs_inst_I.survivor_path_r	bmu_inst_16.bm_valid_r2$_DFF_PN0_/Q	acs_inst_57.survivor_path_r$_DFF_PN0_/D
133	1.5266	dst_wr_dI_r	trellis_idx_r[I]	dst_wr_d1_r$_DFF_PN0_/Q	trellis_idx_r[11]$_DFFE_PN0P_/D
134	1.5287	src_rd_r	src_addr_r[I]	src_rd_r$_DFFE_PN0P_/Q	src_addr_r[5]$_DFFE_PN0P_/D
135	1.5389	dst_wr_r	trellis_idx_r[I]	dst_wr_r$_DFF_PN0_/QN	trellis_idx_r[12]$_DFFE_PN0P_/D
136	1.5430	state_r[I]	first_loop_r	state_r[4]$_DFF_PN0_/Q	first_loop_r$_DFFE_PN0P_/D
137	1.5430	state_r[I]	flush_all_start_r	state_r[4]$_DFF_PN0_/Q	flush_all_start_r$_DFFE_PN0P_/D
138	1.5430	fetch_src_cnt_r[I]	src_rd_r	fetch_src_cnt_r[7]$_DFFE_PN0P_/Q	src_rd_r$_DFFE_PN0P_/D
139	1.5522	acs_inst_I.valid_r	tb_wr_addr_r[I]	acs_inst_0.valid_r$_DFF_PN0_/Q	tb_wr_addr_r[2]$_DFFE_PN0P_/D
140	1.5523	pm_normalize_inst.tail_biting_pipe_r	pm_normalize_inst.pm_nom_r[I][J]	pm_normalize_inst.tail_biting_pipe_r$_DFF_PN0_/QN	pm_normalize_inst.pm_nom_r[33][8]$_DFFE_PN0P_/D
141	1.5556	traceback_start_r	traceback_ins.tb_addr_r[I]	traceback_start_r$_DFF_PN0_/Q	traceback_ins.tb_addr_r[3]$_DFFE_PN0P_/D
142	1.5560	acs_en_r[I]	acs_inst_I.pm_r[J]	acs_en_r[62]$_DFFE_PN0P_/QN	acs_inst_37.pm_r[8]$_DFF_PN0_/D
143	1.5564	dst_wr_dI_r	first_loop_r	dst_wr_d1_r$_DFF_PN0_/Q	first_loop_r$_DFFE_PN0P_/D
144	1.5571	flush_all_start_r	src_rd_r	flush_all_start_r$_DFFE_PN0P_/Q	src_rd_r$_DFFE_PN0P_/D
145	1.5621	tb_wr_addr_r[I]	tb_wr_addr_r[I]	tb_wr_addr_r[2]$_DFFE_PN0P_/Q	tb_wr_addr_r[5]$_DFFE_PN0P_/D
146	1.5623	dst_wr_r	dst_addr_r[I]	dst_wr_r$_DFF_PN0_/Q	dst_addr_r[8]$_DFFE_PN0P_/D
147	1.5631	half_tb_start_r	src_rd_r	half_tb_start_r$_DFFE_PN0P_/Q	src_rd_r$_DFFE_PN0P_/D
148	1.5677	traceback_start_r	traceback_ins.tb_counter_r[I]	traceback_start_r$_DFF_PN0_/Q	traceback_ins.tb_counter_r[2]$_DFFE_PN0P_/D
149	1.5679	traceback_ins.tb_counter_r[I]	traceback_ins.tb_rd_r	traceback_ins.tb_counter_r[3]$_DFFE_PN0P_/Q	traceback_ins.tb_rd_r$_DFF_PN0_/D
150	1.5708	state_r[I]	tb_len_r[I]	state_r[1]$_DFF_PN0_/Q	tb_len_r[0]$_DFFE_PN0P_/D
151	1.5724	fetch_src_cnt_r[I]	traceback_start_r	fetch_src_cnt_r[7]$_DFFE_PN0P_/Q	traceback_start_r$_DFF_PN0_/D
152	1.5768	state_r[I]	state_r[I]	state_r[4]$_DFF_PN0_/Q	state_r[3]$_DFF_PN0_/D
153	1.5790	decoding_start_r	first_loop_r	decoding_start_r$_DFF_PN0_/Q	first_loop_r$_DFFE_PN0P_/D
154	1.5799	dst_wr_r	first_loop_r	dst_wr_r$_DFF_PN0_/QN	first_loop_r$_DFFE_PN0P_/D
155	1.5889	acs_inst_I.valid_r	traceback_start_r	acs_inst_0.valid_r$_DFF_PN0_/Q	traceback_start_r$_DFF_PN0_/D
156	1.5896	decoding_start_r	flush_all_start_r	decoding_start_r$_DFF_PN0_/Q	flush_all_start_r$_DFFE_PN0P_/D
157	1.5921	acs_en_r[I]	acs_inst_I.survivor_path_r	acs_en_r[62]$_DFFE_PN0P_/QN	acs_inst_57.survivor_path_r$_DFF_PN0_/D
158	1.5956	state_r[I]	half_tb_start_r	state_r[2]$_DFF_PN0_/Q	half_tb_start_r$_DFFE_PN0P_/D
159	1.5973	bmu_inst_I.bm_valid_rJ	acs_inst_I.valid_r	bmu_inst_16.bm_valid_r2$_DFF_PN0_/Q	acs_inst_0.valid_r$_DFF_PN0_/D
160	1.5976	state_r[I]	last_loop_r	state_r[1]$_DFF_PN0_/Q	last_loop_r$_DFFE_PN0P_/D
161	1.5997	full_tb_start_r	src_rd_r	full_tb_start_r$_DFFE_PN0P_/Q	src_rd_r$_DFFE_PN0P_/D
162	1.6032	state_r[I]	full_tb_start_r	state_r[4]$_DFF_PN0_/Q	full_tb_start_r$_DFFE_PN0P_/D
163	1.6062	acs_inst_I.valid_r	pm_normalize_inst.en_pipe_r	acs_inst_0.valid_r$_DFF_PN0_/Q	pm_normalize_inst.en_pipe_r$_DFF_PN0_/D
164	1.6098	bmu_inst_I.calc_polyn_en	bmu_inst_I.calc_codeword_en	bmu_inst_29.calc_polyn_en$_DFF_PN0_/Q	bmu_inst_60.calc_codeword_en$_DFF_PN0_/D
165	1.6149	dst_wr_dI_r	last_loop_r	dst_wr_d1_r$_DFF_PN0_/Q	last_loop_r$_DFFE_PN0P_/D
166	1.6254	dst_wr_r	last_loop_r	dst_wr_r$_DFF_PN0_/QN	last_loop_r$_DFFE_PN0P_/D
167	1.6257	flush_all_start_r	flush_all_start_r	flush_all_start_r$_DFFE_PN0P_/Q	flush_all_start_r$_DFFE_PN0P_/D
168	1.6261	trellis_idx_r[I]	fetch_src_cnt_r[I]	trellis_idx_r[5]$_DFFE_PN0P_/Q	fetch_src_cnt_r[5]$_DFFE_PN0P_/D
169	1.6266	trellis_idx_r[I]	tb_len_r[I]	trellis_idx_r[5]$_DFFE_PN0P_/Q	tb_len_r[5]$_DFFE_PN0P_/D
170	1.6282	state_r[I]	busy_r	state_r[0]$_DFF_PN1_/Q	busy_r$_DFFE_PN0P_/D
171	1.6313	byte_idx_r[I]	byte_idx_r[I]	byte_idx_r[1]$_DFF_PN0_/Q	byte_idx_r[3]$_DFF_PN0_/D
172	1.6378	dst_wr_dI_r	state_r[I]	dst_wr_d1_r$_DFF_PN0_/Q	state_r[0]$_DFF_PN1_/D
173	1.6412	state_r[I]	frame_done_r	state_r[0]$_DFF_PN1_/Q	frame_done_r$_DFFE_PN0P_/D
174	1.6458	decoding_start_r	full_tb_start_r	decoding_start_r$_DFF_PN0_/Q	full_tb_start_r$_DFFE_PN0P_/D
175	1.6464	first_loop_r	tb_len_r[I]	first_loop_r$_DFFE_PN0P_/Q	tb_len_r[5]$_DFFE_PN0P_/D
176	1.6483	dst_wr_r	state_r[I]	dst_wr_r$_DFF_PN0_/QN	state_r[0]$_DFF_PN1_/D
177	1.6505	half_tb_start_r	half_tb_start_r	half_tb_start_r$_DFFE_PN0P_/Q	half_tb_start_r$_DFFE_PN0P_/D
178	1.6526	pm_normalize_inst.pm_nom_r[I][J]	pm_normalize_inst.pm_nom_r[I][J]	pm_normalize_inst.pm_nom_r[26][8]$_DFFE_PN0P_/Q	pm_normalize_inst.pm_nom_r[26][8]$_DFFE_PN0P_/D
179	1.6528	bmu_inst_I.ready_r	state_r[I]	bmu_inst_0.ready_r$_DFFE_PN0P_/Q	state_r[0]$_DFF_PN1_/D
180	1.6581	decoding_start_r	half_tb_start_r	decoding_start_r$_DFF_PN0_/QN	half_tb_start_r$_DFFE_PN0P_/D
181	1.6584	acs_inst_I.valid_r	src_rd_r	acs_inst_0.valid_r$_DFF_PN0_/Q	src_rd_r$_DFFE_PN0P_/D
182	1.6634	tb_len_r[I]	tb_len_r[I]	tb_len_r[6]$_DFFE_PN0P_/Q	tb_len_r[6]$_DFFE_PN0P_/D
183	1.6649	bmu_inst_I.low_codeword_tmp[J]	bmu_inst_I.low_codeword_tmp[J]	bmu_inst_19.low_codeword_tmp[1]$_DFFE_PN0P_/Q	bmu_inst_19.low_codeword_tmp[1]$_DFFE_PN0P_/D
184	1.6680	decoding_start_r	state_r[I]	decoding_start_r$_DFF_PN0_/Q	state_r[4]$_DFF_PN0_/D
185	1.6681	tb_wr_addr_r[I]	traceback_ins.tb_addr_r[I]	tb_wr_addr_r[2]$_DFFE_PN0P_/Q	traceback_ins.tb_addr_r[2]$_DFFE_PN0P_/D
186	1.6700	last_loop_r	busy_r	last_loop_r$_DFFE_PN0P_/Q	busy_r$_DFFE_PN0P_/D
187	1.6702	acs_en_r[I]	acs_inst_I.valid_r	acs_en_r[7]$_DFFE_PN0P_/QN	acs_inst_0.valid_r$_DFF_PN0_/D
188	1.6716	byte_idx_r[I]	dst_wr_r	byte_idx_r[1]$_DFF_PN0_/QN	dst_wr_r$_DFF_PN0_/D
189	1.6718	full_tb_start_r	full_tb_start_r	full_tb_start_r$_DFFE_PN0P_/Q	full_tb_start_r$_DFFE_PN0P_/D
190	1.6761	first_loop_r	first_loop_r	first_loop_r$_DFFE_PN0P_/Q	first_loop_r$_DFFE_PN0P_/D
191	1.6773	dst_wr_r	dst_wr_dI_r	dst_wr_r$_DFF_PN0_/Q	dst_wr_d1_r$_DFF_PN0_/D
192	1.6881	bmu_inst_I.low_codeword[J]	bmu_inst_I.low_codeword[J]	bmu_inst_1.low_codeword[0]$_DFFE_PN0P_/Q	bmu_inst_1.low_codeword[0]$_DFFE_PN0P_/D
193	1.6942	last_loop_r	frame_done_r	last_loop_r$_DFFE_PN0P_/Q	frame_done_r$_DFFE_PN0P_/D
194	1.6955	bmu_ready_dI_r	state_r[I]	bmu_ready_d1_r$_DFF_PN1_/QN	state_r[0]$_DFF_PN1_/D
195	1.6989	src_rd_r	soft_data_valid_r	src_rd_r$_DFFE_PN0P_/Q	soft_data_valid_r$_DFF_PN0_/D
196	1.6993	tb_len_r[I]	traceback_ins.tb_counter_r[I]	tb_len_r[0]$_DFFE_PN0P_/Q	traceback_ins.tb_counter_r[1]$_DFFE_PN0P_/D
197	1.7003	dst_wr_r	busy_r	dst_wr_r$_DFF_PN0_/QN	busy_r$_DFFE_PN0P_/D
198	1.7026	last_loop_r	last_loop_r	last_loop_r$_DFFE_PN0P_/Q	last_loop_r$_DFFE_PN0P_/D
199	1.7037	bmu_inst_I.ready_r	decoding_start_r	bmu_inst_0.ready_r$_DFFE_PN0P_/Q	decoding_start_r$_DFF_PN0_/D
200	1.7075	acs_inst_I.pm_r[J]	pm_normalize_inst.pm_pipe_r[I][J]	acs_inst_54.pm_r[0]$_DFF_PN0_/Q	pm_normalize_inst.pm_pipe_r[54][0]$_DFF_PN0_/D
201	1.7094	frame_done_r	frame_done_r	frame_done_r$_DFFE_PN0P_/Q	frame_done_r$_DFFE_PN0P_/D
202	1.7107	bmu_inst_I.low_codeword_tmp[J]	bmu_inst_I.low_codeword[J]	bmu_inst_10.low_codeword_tmp[0]$_DFFE_PN0P_/Q	bmu_inst_10.low_codeword[0]$_DFFE_PN0P_/D
203	1.7124	acs_en_r[I]	acs_en_r[I]	acs_en_r[15]$_DFFE_PN0P_/Q	acs_en_r[15]$_DFFE_PN0P_/D
204	1.7138	bmu_inst_I.ready_r	bmu_ready_dI_r	bmu_inst_0.ready_r$_DFFE_PN0P_/Q	bmu_ready_d1_r$_DFF_PN1_/D
205	1.7144	src_rd_r	src_rd_r	src_rd_r$_DFFE_PN0P_/Q	src_rd_r$_DFFE_PN0P_/D
206	1.7154	busy_r	busy_r	busy_r$_DFFE_PN0P_/Q	busy_r$_DFFE_PN0P_/D
207	1.7203	bmu_inst_I.calc_codeword_en	bmu_inst_I.ready_r	bmu_inst_60.calc_codeword_en$_DFF_PN0_/Q	bmu_inst_0.ready_r$_DFFE_PN0P_/D
208	1.7229	bmu_inst_I.ready_r	bmu_inst_I.ready_r	bmu_inst_0.ready_r$_DFFE_PN0P_/Q	bmu_inst_0.ready_r$_DFFE_PN0P_/D
209	1.7234	soft_data_valid_r	bmu_inst_I.bm_valid_r	soft_data_valid_r$_DFF_PN0_/Q	bmu_inst_47.bm_valid_r$_DFF_PN0_/D
210	1.7245	dst_wr_r	frame_done_r	dst_wr_r$_DFF_PN0_/QN	frame_done_r$_DFFE_PN0P_/D
211	1.7309	bmu_inst_I.bm_r[J]	bmu_inst_I.bm_rJ[K]	bmu_inst_0.bm_r[0]$_DFF_PN0_/Q	bmu_inst_0.bm_r2[0]$_DFF_PN0_/D
212	1.7309	bmu_inst_I.bm_valid_r	bmu_inst_I.bm_valid_rJ	bmu_inst_47.bm_valid_r$_DFF_PN0_/Q	bmu_inst_16.bm_valid_r2$_DFF_PN0_/D
213	1.7463	bmu_ready_dI_r	decoding_start_r	bmu_ready_d1_r$_DFF_PN1_/QN	decoding_start_r$_DFF_PN0_/D
