# stage	1_synth
# top_module	wb_dma_top
# top_n	1000
# kind	blocks
# skip_async	1
# include_full	1
# rank	worst_slack_ns	start	end	start_full	end_full
1	-0.3037	uI.state[J]	wbIs_data_o[J]	u2.state[8]$_DFF_PN0_/Q	wb0s_data_o[0]
2	-0.2226	uI.uJ.state[K]	wbIs_data_o[J]	u1.u2.state[2]$_DFFE_PN0P_/Q	wb0s_data_o[0]
3	-0.2085	uI.uJ.pri_outK[L]	wbIs_data_o[J]	u1.u0.pri_out0[1]$_DFF_P_/Q	wb0s_data_o[0]
4	-0.1386	uI.ch_sel_r[J]	wbIs_data_o[J]	u1.ch_sel_r[0]$_DFFE_PN0P_/Q	wb0s_data_o[0]
5	-0.0972	wbI_addr_i[J]	wbIm_data_o[J]	wb0_addr_i[28]	wb0m_data_o[25]
6	-0.0972	wbI_addr_i[J]	wbI_addr_o[J]	wb0_addr_i[28]	wb1_addr_o[10]
7	-0.0972	wbI_addr_i[J]	wbI_stb_o	wb0_addr_i[28]	wb1_stb_o
8	-0.0972	wbI_addr_i[J]	wbI_we_o	wb0_addr_i[28]	wb1_we_o
9	-0.0901	wbI_addr_i[J]	wbI_cyc_o	wb0_addr_i[28]	wb1_cyc_o
10	-0.0862	wbI_addr_i[J]	wbI_ack_o	wb1_addr_i[29]	wb1_ack_o
11	-0.0732	wbI_addr_i[J]	wbI_err_o	wb0_addr_i[28]	wb0_err_o
12	-0.0732	wbI_addr_i[J]	wbI_rty_o	wb0_addr_i[28]	wb0_rty_o
13	-0.0697	wbI_addr_i[J]	wbIs_data_o[J]	wb0_addr_i[28]	wb1s_data_o[10]
14	-0.0471	wbI_cyc_i	wbIm_data_o[J]	wb0_cyc_i	wb0m_data_o[25]
15	-0.0471	wbI_cyc_i	wbI_addr_o[J]	wb0_cyc_i	wb1_addr_o[10]
16	-0.0471	wbI_cyc_i	wbI_stb_o	wb0_cyc_i	wb1_stb_o
17	-0.0471	wbI_cyc_i	wbI_we_o	wb0_cyc_i	wb1_we_o
18	-0.0298	wbI_cyc_i	wbI_ack_o	wb1_cyc_i	wb1_ack_o
19	-0.0233	wbI_addr_i[J]	wbI_sel_o[J]	wb1_addr_i[29]	wb0_sel_o[0]
20	-0.0105	wbI_cyc_i	wbI_err_o	wb0_cyc_i	wb0_err_o
21	-0.0105	wbI_cyc_i	wbI_rty_o	wb0_cyc_i	wb0_rty_o
22	-0.0055	wbI_cyc_i	wbI_cyc_o	wb0_cyc_i	wb1_cyc_o
23	0.0001	uI.uJ.ch_csr_r[K]	wbIs_data_o[J]	u0.u7.ch_csr_r[7]$_DFFE_PN0P_/Q	wb0s_data_o[0]
24	0.0239	wbI_cyc_i	wbIs_data_o[J]	wb0_cyc_i	wb1s_data_o[10]
25	0.0416	uI.ndr_r[J]	wbIs_data_o[J]	u1.ndr_r[2]$_DFF_P_/Q	wb0s_data_o[0]
26	0.0582	wbI_ack_i	wbI_ack_o	wb1_ack_i	wb0_ack_o
27	0.0595	wbI_cyc_i	wbI_sel_o[J]	wb1_cyc_i	wb0_sel_o[0]
28	0.0814	uI.state[J]	uI.uJ.pointer_sr[K]	u2.state[8]$_DFF_PN0_/Q	u0.u9.pointer_sr[17]$_DFFE_PP_/D
29	0.0830	uI.state[J]	uI.mastJ_adr[K]	u2.state[8]$_DFF_PN0_/Q	u2.mast0_adr[13]$_DFF_P_/D
30	0.1048	uI.state[J]	uI.adrJ_cnt[K]	u2.state[8]$_DFF_PN0_/Q	u2.adr0_cnt[11]$_DFFE_PP_/D
31	0.1058	uI.state[J]	uI.uJ.ch_txsz_s[K]	u2.state[8]$_DFF_PN0_/Q	u0.u0.ch_txsz_s[10]$_DFFE_PP_/D
32	0.1226	uI.state[J]	uI.chunk_J	u2.state[8]$_DFF_PN0_/Q	u2.chunk_0$_DFF_P_/D
33	0.1264	uI.state[J]	uI.uJ.ch_csr_r[K]	u2.state[8]$_DFF_PN0_/Q	u0.u4.ch_csr_r[1]$_DFFE_PN0P_/D
34	0.1264	uI.state[J]	uI.uJ.ch_adrK_s[L]	u2.state[8]$_DFF_PN0_/Q	u0.u12.ch_adr0_s[29]$_DFFE_PP_/D
35	0.1272	uI.state[J]	uI.uJ.mast_stb	u2.state[8]$_DFF_PN0_/Q	u4.u0.mast_stb$_DFF_P_/D
36	0.1334	uI.uJ.state[K]	uI.mastJ_adr[K]	u1.u2.state[2]$_DFFE_PN0P_/Q	u2.mast0_adr[13]$_DFF_P_/D
37	0.1416	uI.state[J]	uI.uJ.pointer_r[K]	u2.state[8]$_DFF_PN0_/Q	u0.u9.pointer_r[10]$_DFFE_PP_/D
38	0.1418	uI.state[J]	uI.uJ.ch_chk_sz_r[K]	u2.state[8]$_DFF_PN0_/Q	u0.u12.ch_chk_sz_r[0]$_DFFE_PP_/D
39	0.1463	uI.uJ.state[K]	uI.adrJ_cnt[K]	u1.u2.state[3]$_DFFE_PN0P_/Q	u2.adr1_cnt[10]$_DFFE_PP_/D
40	0.1481	uI.state[J]	uI.tsz_cnt[J]	u2.state[8]$_DFF_PN0_/Q	u2.tsz_cnt[6]$_DFFE_PP_/D
41	0.1502	uI.uJ.pri_outK[L]	uI.adrJ_cnt[K]	u1.u0.pri_out0[1]$_DFF_P_/Q	u2.adr1_cnt[10]$_DFFE_PP_/D
42	0.1502	uI.state[J]	uI.uJ.mast_we_r	u2.state[8]$_DFF_PN0_/Q	u4.u0.mast_we_r$_DFF_P_/D
43	0.1544	uI.state[J]	uI.state[J]	u2.state[8]$_DFF_PN0_/Q	u2.state[7]$_DFF_PN0_/D
44	0.1577	uI.state[J]	uI.uJ.ch_tot_sz_r[K]	u2.state[8]$_DFF_PN0_/Q	u0.u12.ch_tot_sz_r[9]$_DFFE_PP_/D
45	0.1619	uI.state[J]	uI.uJ.ptr_valid	u2.state[8]$_DFF_PN0_/Q	u0.u9.ptr_valid$_DFFE_PN0P_/D
46	0.1654	wbI_stb_i	wbI_stb_o	wb1_stb_i	wb0_stb_o
47	0.1654	wbI_we_i	wbI_we_o	wb1_we_i	wb0_we_o
48	0.1654	wbIs_data_i[J]	wbIm_data_o[J]	wb1s_data_i[0]	wb0m_data_o[0]
49	0.1658	wbIm_data_i[J]	wbIs_data_o[J]	wb1m_data_i[0]	wb0s_data_o[0]
50	0.1671	uI.uJ.pri_outK[L]	uI.mastJ_adr[K]	u1.u0.pri_out0[1]$_DFF_P_/Q	u2.mast0_adr[13]$_DFF_P_/D
51	0.1679	uI.state[J]	uI.uJ.mast_cyc	u2.state[8]$_DFF_PN0_/Q	u3.u0.mast_cyc$_DFF_P_/D
52	0.1681	uI.uJ.state[K]	uI.uJ.pointer_sr[K]	u1.u2.state[0]$_DFFE_PN0P_/Q	u0.u9.pointer_sr[17]$_DFFE_PP_/D
53	0.1702	uI.uJ.state[K]	uI.uJ.mast_stb	u1.u2.state[2]$_DFFE_PN0P_/Q	u4.u0.mast_stb$_DFF_P_/D
54	0.1769	uI.state[J]	uI.uJ.ch_adrK_r[L]	u2.state[8]$_DFF_PN0_/Q	u0.u4.ch_adr0_r[0]$_DFFE_PP_/D
55	0.1773	wbI_sel_i[J]	wbI_sel_o[J]	wb1_sel_i[0]	wb0_sel_o[0]
56	0.1778	uI.state[J]	uI.chunk_cnt[J]	u2.state[8]$_DFF_PN0_/Q	u2.chunk_cnt[3]$_DFFE_PP_/D
57	0.1784	uI.state[J]	uI.write_r	u2.state[8]$_DFF_PN0_/Q	u2.write_r$_DFF_P_/D
58	0.1797	uI.uJ.pri_outK[L]	uI.uJ.ch_txsz_s[K]	u1.u0.pri_out0[1]$_DFF_P_/Q	u0.u1.ch_txsz_s[9]$_DFFE_PP_/D
59	0.1930	wbI_err_i	wbI_err_o	wb1_err_i	wb0_err_o
60	0.1930	wbI_rty_i	wbI_rty_o	wb1_rty_i	wb0_rty_o
61	0.1933	uI.uJ.state[K]	uI.uJ.mast_we_r	u1.u2.state[2]$_DFFE_PN0P_/Q	u4.u0.mast_we_r$_DFF_P_/D
62	0.1961	uI.uJ.pri_outK[L]	uI.uJ.pointer_sr[K]	u1.u0.pri_out0[1]$_DFF_P_/Q	u0.u1.pointer_sr[17]$_DFFE_PP_/D
63	0.1965	uI.uJ.state[K]	uI.tsz_cnt[J]	u1.u1.state[1]$_DFFE_PN0P_/Q	u2.tsz_cnt[1]$_DFFE_PP_/D
64	0.1972	uI.uJ.state[K]	uI.chunk_J	u1.u2.state[3]$_DFFE_PN0P_/Q	u2.chunk_0$_DFF_P_/D
65	0.1987	uI.uJ.pri_outK[L]	uI.uJ.ch_chk_sz_r[K]	u1.u0.pri_out0[1]$_DFF_P_/Q	u0.u1.ch_chk_sz_r[0]$_DFFE_PP_/D
66	0.1996	uI.state[J]	uI.uJ.ch_done	u2.state[8]$_DFF_PN0_/Q	u0.u5.ch_done$_DFFE_PN0P_/D
67	0.2001	uI.uJ.pri_outK[L]	uI.uJ.ch_adrK_s[L]	u1.u0.pri_out0[1]$_DFF_P_/Q	u0.u1.ch_adr1_s[18]$_DFFE_PP_/D
68	0.2011	uI.uJ.pri_outK[L]	uI.chunk_J	u1.u0.pri_out0[1]$_DFF_P_/Q	u2.chunk_0$_DFF_P_/D
69	0.2017	uI.state[J]	uI.uJ.ch_eol	u2.state[8]$_DFF_PN0_/Q	u0.u4.ch_eol$_DFFE_PN0P_/D
70	0.2040	uI.uJ.pri_outK[L]	uI.uJ.mast_stb	u1.u0.pri_out0[1]$_DFF_P_/Q	u4.u0.mast_stb$_DFF_P_/D
71	0.2063	uI.uJ.state[K]	uI.uJ.ch_chk_sz_r[K]	u1.u1.state[1]$_DFFE_PN0P_/Q	u0.u10.ch_chk_sz_r[0]$_DFFE_PP_/D
72	0.2070	uI.uJ.pri_outK[L]	uI.tsz_cnt[J]	u1.u0.pri_out0[1]$_DFF_P_/Q	u2.tsz_cnt[1]$_DFFE_PP_/D
73	0.2097	uI.ch_sel_r[J]	uI.adrJ_cnt[K]	u1.ch_sel_r[3]$_DFFE_PN0P_/Q	u2.adr1_cnt[10]$_DFFE_PP_/D
74	0.2109	uI.uJ.state[K]	uI.uJ.ch_txsz_s[K]	u1.u2.state[0]$_DFFE_PN0P_/Q	u0.u0.ch_txsz_s[10]$_DFFE_PP_/D
75	0.2111	uI.ch_sel_r[J]	uI.uJ.pointer_sr[K]	u1.ch_sel_r[0]$_DFFE_PN0P_/Q	u0.u9.pointer_sr[17]$_DFFE_PP_/D
76	0.2118	uI.uJ.state[K]	uI.uJ.mast_cyc	u1.u1.state[1]$_DFFE_PN0P_/Q	u3.u0.mast_cyc$_DFF_P_/D
77	0.2127	uI.state[J]	uI.write_hold_r	u2.state[8]$_DFF_PN0_/Q	u2.write_hold_r$_DFF_P_/D
78	0.2141	uI.state[J]	uI.ack_o[J]	u2.state[8]$_DFF_PN0_/Q	u1.ack_o[9]$_DFF_P_/D
79	0.2143	uI.state[J]	uI.read_r	u2.state[8]$_DFF_PN0_/Q	u2.read_r$_DFF_P_/D
80	0.2172	uI.state[J]	uI.uJ.int_src_r[K]	u2.state[8]$_DFF_PN0_/Q	u0.u5.int_src_r[1]$_DFFE_PN0P_/D
81	0.2181	uI.state[J]	uI.ch_sel_r[J]	u2.state[8]$_DFF_PN0_/Q	u1.ch_sel_r[2]$_DFFE_PN0P_/D
82	0.2211	uI.state[J]	uI.uJ.ch_rl	u2.state[8]$_DFF_PN0_/Q	u0.u5.ch_rl$_DFF_P_/D
83	0.2214	uI.uJ.state[K]	uI.write_r	u1.u2.state[2]$_DFFE_PN0P_/Q	u2.write_r$_DFF_P_/D
84	0.2242	uI.uJ.pri_outK[L]	uI.uJ.ch_tot_sz_r[K]	u1.u0.pri_out0[1]$_DFF_P_/Q	u0.u1.ch_tot_sz_r[11]$_DFFE_PP_/D
85	0.2257	uI.state[J]	uI.tsz_cnt_is_J_r	u2.state[8]$_DFF_PN0_/Q	u2.tsz_cnt_is_0_r$_DFF_P_/D
86	0.2270	uI.uJ.pri_outK[L]	uI.uJ.mast_we_r	u1.u0.pri_out0[1]$_DFF_P_/Q	u4.u0.mast_we_r$_DFF_P_/D
87	0.2272	uI.uJ.pri_outK[L]	uI.uJ.ch_csr_r[K]	u1.u0.pri_out0[1]$_DFF_P_/Q	u0.u8.ch_csr_r[2]$_DFFE_PN0P_/D
88	0.2281	uI.uJ.pri_outK[L]	uI.uJ.pointer_r[K]	u1.u0.pri_out0[1]$_DFF_P_/Q	u0.u8.pointer_r[12]$_DFFE_PP_/D
89	0.2283	uI.uJ.state[K]	uI.uJ.pointer_r[K]	u1.u2.state[0]$_DFFE_PN0P_/Q	u0.u9.pointer_r[10]$_DFFE_PP_/D
90	0.2315	uI.uJ.state[K]	uI.uJ.ch_csr_r[K]	u1.u2.state[0]$_DFFE_PN0P_/Q	u0.u4.ch_csr_r[1]$_DFFE_PN0P_/D
91	0.2315	uI.uJ.state[K]	uI.uJ.ch_adrK_s[L]	u1.u2.state[0]$_DFFE_PN0P_/Q	u0.u12.ch_adr0_s[29]$_DFFE_PP_/D
92	0.2325	uI.ch_sel_r[J]	uI.mastJ_adr[K]	u1.ch_sel_r[2]$_DFFE_PN0P_/Q	u2.mast0_adr[13]$_DFF_P_/D
93	0.2343	uI.uJ.state[K]	uI.state[J]	u1.u1.state[1]$_DFFE_PN0P_/Q	u2.state[10]$_DFF_PN0_/D
94	0.2368	uI.uJ.pri_outK[L]	uI.uJ.mast_cyc	u1.u0.pri_out0[1]$_DFF_P_/Q	u3.u0.mast_cyc$_DFF_P_/D
95	0.2414	uI.uJ.state[K]	uI.uJ.ch_tot_sz_r[K]	u1.u1.state[4]$_DFFE_PN0P_/Q	u0.u2.ch_tot_sz_r[11]$_DFFE_PP_/D
96	0.2420	uI.uJ.state[K]	uI.chunk_cnt[J]	u1.u1.state[1]$_DFFE_PN0P_/Q	u2.chunk_cnt[3]$_DFFE_PP_/D
97	0.2473	uI.uJ.pri_outK[L]	uI.uJ.ch_adrK_r[L]	u1.u0.pri_out0[1]$_DFF_P_/Q	u0.u1.ch_adr0_r[19]$_DFFE_PP_/D
98	0.2486	uI.uJ.state[K]	uI.uJ.ptr_valid	u1.u2.state[0]$_DFFE_PN0P_/Q	u0.u9.ptr_valid$_DFFE_PN0P_/D
99	0.2525	uI.uJ.state[K]	uI.ack_o[J]	u1.u1.state[4]$_DFFE_PN0P_/Q	u1.ack_o[14]$_DFF_P_/D
100	0.2528	uI.uJ.pri_outK[L]	uI.ack_o[J]	u1.u0.pri_out0[1]$_DFF_P_/Q	u1.ack_o[14]$_DFF_P_/D
101	0.2551	uI.uJ.pri_outK[L]	uI.chunk_cnt[J]	u1.u0.pri_out0[1]$_DFF_P_/Q	u2.chunk_cnt[4]$_DFFE_PP_/D
102	0.2551	uI.uJ.pri_outK[L]	uI.write_r	u1.u0.pri_out0[1]$_DFF_P_/Q	u2.write_r$_DFF_P_/D
103	0.2565	uI.uJ.state[K]	uI.write_hold_r	u1.u1.state[1]$_DFFE_PN0P_/Q	u2.write_hold_r$_DFF_P_/D
104	0.2570	uI.uJ.pri_outK[L]	uI.state[J]	u1.u0.pri_out0[1]$_DFF_P_/Q	u2.state[7]$_DFF_PN0_/D
105	0.2573	uI.uJ.state[K]	uI.read_r	u1.u2.state[2]$_DFFE_PN0P_/Q	u2.read_r$_DFF_P_/D
106	0.2581	uI.uJ.state[K]	uI.uJ.ch_eol	u1.u1.state[1]$_DFFE_PN0P_/Q	u0.u5.ch_eol$_DFFE_PN0P_/D
107	0.2602	wbI_ack_i	uI.mastJ_adr[K]	wb0_ack_i	u2.mast0_adr[13]$_DFF_P_/D
108	0.2606	uI.ch_sel_r[J]	uI.chunk_J	u1.ch_sel_r[3]$_DFFE_PN0P_/Q	u2.chunk_0$_DFF_P_/D
109	0.2610	wbI_ack_i	uI.adrJ_cnt[K]	wb0_ack_i	u2.adr0_cnt[11]$_DFFE_PP_/D
110	0.2654	uI.ch_sel_r[J]	uI.uJ.ch_txsz_s[K]	u1.ch_sel_r[1]$_DFFE_PN0P_/Q	u0.u7.ch_txsz_s[10]$_DFFE_PP_/D
111	0.2668	uI.uJ.state[K]	uI.uJ.int_src_r[K]	u1.u1.state[4]$_DFFE_PN0P_/Q	u0.u14.int_src_r[0]$_DFFE_PN0P_/D
112	0.2671	uI.uJ.pri_outK[L]	uI.uJ.int_src_r[K]	u1.u0.pri_out0[1]$_DFF_P_/Q	u0.u14.int_src_r[0]$_DFFE_PN0P_/D
113	0.2684	uI.uJ.pri_outK[L]	uI.uJ.ptr_valid	u1.u0.pri_out0[1]$_DFF_P_/Q	u0.u1.ptr_valid$_DFFE_PN0P_/D
114	0.2694	uI.ch_sel_r[J]	uI.uJ.mast_stb	u1.ch_sel_r[2]$_DFFE_PN0P_/Q	u4.u0.mast_stb$_DFF_P_/D
115	0.2714	uI.ch_sel_r[J]	uI.uJ.pointer_r[K]	u1.ch_sel_r[0]$_DFFE_PN0P_/Q	u0.u9.pointer_r[10]$_DFFE_PP_/D
116	0.2725	uI.state[J]	uI.next_start	u2.state[8]$_DFF_PN0_/Q	u1.next_start$_DFF_P_/D
117	0.2741	uI.state[J]	uI.uJ.ch_busy	u2.state[8]$_DFF_PN0_/Q	u0.u5.ch_busy$_DFF_P_/D
118	0.2778	uI.ch_sel_r[J]	uI.tsz_cnt[J]	u1.ch_sel_r[0]$_DFFE_PN0P_/Q	u2.tsz_cnt[6]$_DFFE_PP_/D
119	0.2792	uI.uJ.state[K]	uI.uJ.ch_adrK_r[L]	u1.u1.state[4]$_DFFE_PN0P_/Q	u0.u1.ch_adr0_r[19]$_DFFE_PP_/D
120	0.2807	uI.uJ.pri_outK[L]	uI.tsz_cnt_is_J_r	u1.u0.pri_out0[1]$_DFF_P_/Q	u2.tsz_cnt_is_0_r$_DFF_P_/D
121	0.2807	uI.ch_sel_r[J]	uI.uJ.ch_csr_r[K]	u1.ch_sel_r[3]$_DFFE_PN0P_/Q	u0.u8.ch_csr_r[2]$_DFFE_PN0P_/D
122	0.2810	uI.uJ.pri_outK[L]	uI.uJ.ch_done	u1.u0.pri_out0[1]$_DFF_P_/Q	u0.u5.ch_done$_DFFE_PN0P_/D
123	0.2815	uI.uJ.pri_outK[L]	uI.write_hold_r	u1.u0.pri_out0[1]$_DFF_P_/Q	u2.write_hold_r$_DFF_P_/D
124	0.2834	wbI_ack_i	uI.uJ.mast_stb	wb0_ack_i	u4.u0.mast_stb$_DFF_P_/D
125	0.2846	uI.ch_sel_r[J]	uI.uJ.ch_chk_sz_r[K]	u1.ch_sel_r[1]$_DFFE_PN0P_/Q	u0.u7.ch_chk_sz_r[0]$_DFFE_PP_/D
126	0.2856	uI.uJ.pri_outK[L]	uI.uJ.ch_eol	u1.u0.pri_out0[1]$_DFF_P_/Q	u0.u5.ch_eol$_DFFE_PN0P_/D
127	0.2877	uI.uJ.ch_csr_r[K]	uI.mastJ_adr[K]	u0.u11.ch_csr_r[1]$_DFFE_PN0P_/Q	u2.mast0_adr[13]$_DFF_P_/D
128	0.2883	uI.state[J]	uI.uJ.ch_err	u2.state[8]$_DFF_PN0_/Q	u0.u1.ch_err$_DFFE_PN0P_/D
129	0.2910	uI.uJ.pri_outK[L]	uI.read_r	u1.u0.pri_out0[1]$_DFF_P_/Q	u2.read_r$_DFF_P_/D
130	0.2911	uI.uJ.ch_csr_r[K]	uI.adrJ_cnt[K]	u0.u11.ch_csr_r[1]$_DFFE_PN0P_/Q	u2.adr1_cnt[0]$_DFFE_PP_/D
131	0.2917	uI.ch_sel_r[J]	uI.uJ.ptr_valid	u1.ch_sel_r[0]$_DFFE_PN0P_/Q	u0.u9.ptr_valid$_DFFE_PN0P_/D
132	0.2924	uI.ch_sel_r[J]	uI.uJ.mast_we_r	u1.ch_sel_r[2]$_DFFE_PN0P_/Q	u4.u0.mast_we_r$_DFF_P_/D
133	0.2928	uI.uJ.state[K]	uI.uJ.ch_done	u1.u1.state[1]$_DFFE_PN0P_/Q	u0.u2.ch_done$_DFFE_PN0P_/D
134	0.2928	uI.ch_sel_r[J]	uI.uJ.ch_adrK_s[L]	u1.ch_sel_r[3]$_DFFE_PN0P_/Q	u0.u1.ch_adr1_s[18]$_DFFE_PP_/D
135	0.2941	uI.uJ.state[K]	uI.tsz_cnt_is_J_r	u1.u1.state[1]$_DFFE_PN0P_/Q	u2.tsz_cnt_is_0_r$_DFF_P_/D
136	0.2959	uI.uJ.pri_outK[L]	uI.uJ.ch_err	u1.u0.pri_out0[1]$_DFF_P_/Q	u0.u1.ch_err$_DFFE_PN0P_/D
137	0.3012	uI.ch_sel_r[J]	uI.uJ.mast_cyc	u1.ch_sel_r[1]$_DFFE_PN0P_/Q	u3.u0.mast_cyc$_DFF_P_/D
138	0.3016	uI.ch_sel_r[J]	uI.state[J]	u1.ch_sel_r[0]$_DFFE_PN0P_/Q	u2.state[7]$_DFF_PN0_/D
139	0.3018	uI.state[J]	uI.de_start_r	u2.state[8]$_DFF_PN0_/Q	u1.de_start_r$_DFF_P_/D
140	0.3025	uI.uJ.pri_outK[L]	uI.uJ.ch_rl	u1.u0.pri_out0[1]$_DFF_P_/Q	u0.u5.ch_rl$_DFF_P_/D
141	0.3065	wbI_ack_i	uI.uJ.mast_we_r	wb0_ack_i	u4.u0.mast_we_r$_DFF_P_/D
142	0.3107	uI.state[J]	uI.next_ch	u2.state[8]$_DFF_PN0_/Q	u2.next_ch$_DFF_P_/D
143	0.3122	uI.ch_sel_r[J]	uI.chunk_cnt[J]	u1.ch_sel_r[3]$_DFFE_PN0P_/Q	u2.chunk_cnt[3]$_DFFE_PP_/D
144	0.3145	uI.uJ.state[K]	uI.uJ.ch_rl	u1.u1.state[1]$_DFFE_PN0P_/Q	u0.u2.ch_rl$_DFF_P_/D
145	0.3164	uI.uJ.state[K]	uI.next_start	u1.u1.state[1]$_DFFE_PN0P_/Q	u1.next_start$_DFF_P_/D
146	0.3169	uI.ch_sel_r[J]	uI.uJ.ch_tot_sz_r[K]	u1.ch_sel_r[3]$_DFFE_PN0P_/Q	u0.u1.ch_tot_sz_r[11]$_DFFE_PP_/D
147	0.3206	uI.ch_sel_r[J]	uI.write_r	u1.ch_sel_r[2]$_DFFE_PN0P_/Q	u2.write_r$_DFF_P_/D
148	0.3232	uI.uJ.state[K]	uI.ch_sel_r[J]	u1.u2.state[0]$_DFFE_PN0P_/Q	u1.ch_sel_r[2]$_DFFE_PN0P_/D
149	0.3277	uI.ch_sel_r[J]	uI.uJ.ch_adrK_r[L]	u1.ch_sel_r[3]$_DFFE_PN0P_/Q	u0.u8.ch_adr1_r[20]$_DFFE_PP_/D
150	0.3278	uI.uJ.state[K]	uI.uJ.ch_err	u1.u1.state[4]$_DFFE_PN0P_/Q	u0.u1.ch_err$_DFFE_PN0P_/D
151	0.3285	uI.ch_sel_r[J]	uI.ack_o[J]	u1.ch_sel_r[1]$_DFFE_PN0P_/Q	u1.ack_o[14]$_DFF_P_/D
152	0.3302	uI.uJ.ch_csr_r[K]	uI.uJ.mast_stb	u0.u11.ch_csr_r[1]$_DFFE_PN0P_/Q	u3.u0.mast_stb$_DFF_P_/D
153	0.3318	uI.uJ.pri_outK[L]	uI.ch_sel_r[J]	u1.u0.pri_out0[1]$_DFF_P_/Q	u1.ch_sel_r[2]$_DFFE_PN0P_/D
154	0.3335	uI.uJ.slv_adr[K]	uI.uJ.pointer_r[K]	u3.u1.slv_adr[6]$_DFF_P_/QN	u0.u9.pointer_r[10]$_DFFE_PP_/D
155	0.3346	wbI_ack_i	uI.write_r	wb0_ack_i	u2.write_r$_DFF_P_/D
156	0.3347	uI.uJ.pri_outK[L]	uI.next_start	u1.u0.pri_out0[1]$_DFF_P_/Q	u1.next_start$_DFF_P_/D
157	0.3349	uI.ch_sel_r[J]	uI.uJ.ch_done	u1.ch_sel_r[2]$_DFFE_PN0P_/Q	u0.u5.ch_done$_DFFE_PN0P_/D
158	0.3414	uI.uJ.slv_adr[K]	uI.uJ.sw_pointer_r[K]	u3.u1.slv_adr[6]$_DFF_P_/Q	u0.u0.sw_pointer_r[16]$_DFFE_PN0P_/D
159	0.3428	uI.ch_sel_r[J]	uI.uJ.int_src_r[K]	u1.ch_sel_r[1]$_DFFE_PN0P_/Q	u0.u14.int_src_r[0]$_DFFE_PN0P_/D
160	0.3451	uI.ch_sel_r[J]	uI.uJ.ch_eol	u1.ch_sel_r[3]$_DFFE_PN0P_/Q	u0.u5.ch_eol$_DFFE_PN0P_/D
161	0.3456	uI.uJ.slv_adr[K]	uI.uJ.ch_adrK_r[L]	u3.u1.slv_adr[6]$_DFF_P_/QN	u0.u9.ch_adr1_r[29]$_DFFE_PP_/D
162	0.3456	uI.uJ.slv_adr[K]	uI.uJ.ch_adrK_s[L]	u3.u1.slv_adr[6]$_DFF_P_/QN	u0.u9.ch_adr1_s[29]$_DFFE_PP_/D
163	0.3457	uI.uJ.state[K]	uI.de_start_r	u1.u1.state[1]$_DFFE_PN0P_/Q	u1.de_start_r$_DFF_P_/D
164	0.3460	uI.ch_sel_r[J]	uI.write_hold_r	u1.ch_sel_r[1]$_DFFE_PN0P_/Q	u2.write_hold_r$_DFF_P_/D
165	0.3469	uI.uJ.slv_adr[K]	uI.uJ.ch_csr_rK[L]	u3.u1.slv_adr[7]$_DFF_P_/QN	u0.u13.ch_csr_r2[0]$_DFFE_PN0P_/D
166	0.3498	wbI_ack_i	uI.uJ.mast_cyc	wb1_ack_i	u3.u0.mast_cyc$_DFF_P_/D
167	0.3510	uI.uJ.slv_adr[K]	uI.uJ.ch_done	u3.u1.slv_adr[7]$_DFF_P_/QN	u0.u13.ch_done$_DFFE_PN0P_/D
168	0.3516	uI.uJ.ch_csr_r[K]	uI.uJ.mast_cyc	u0.u11.ch_csr_r[1]$_DFFE_PN0P_/Q	u3.u0.mast_cyc$_DFF_P_/D
169	0.3524	wbI_ack_i	uI.state[J]	wb0_ack_i	u2.state[10]$_DFF_PN0_/D
170	0.3526	uI.uJ.state[K]	uI.uJ.state[K]	u1.u2.state[4]$_DFFE_PN0P_/Q	u1.u2.state[3]$_DFFE_PN0P_/D
171	0.3530	uI.ch_sel_r[J]	uI.tsz_cnt_is_J_r	u1.ch_sel_r[1]$_DFFE_PN0P_/Q	u2.tsz_cnt_is_0_r$_DFF_P_/D
172	0.3550	wbI_ack_i	uI.chunk_dec	wb0_ack_i	u2.chunk_dec$_DFF_P_/D
173	0.3554	uI.uJ.pri_outK[L]	uI.uJ.ch_busy	u1.u0.pri_out0[1]$_DFF_P_/Q	u0.u5.ch_busy$_DFF_P_/D
174	0.3564	uI.ch_sel_r[J]	uI.read_r	u1.ch_sel_r[2]$_DFFE_PN0P_/Q	u2.read_r$_DFF_P_/D
175	0.3565	uI.ch_sel_r[J]	uI.uJ.ch_rl	u1.ch_sel_r[2]$_DFFE_PN0P_/Q	u0.u5.ch_rl$_DFF_P_/D
176	0.3577	uI.uJ.mast_dout[K]	wbIs_data_o[J]	u3.u0.mast_dout[10]$_DFFE_PP_/Q	wb0s_data_o[10]
177	0.3583	uI.uJ.state[K]	uI.next_ch	u1.u2.state[3]$_DFFE_PN0P_/Q	u2.next_ch$_DFF_P_/D
178	0.3587	uI.uJ.ch_csr_r[K]	uI.state[J]	u0.u11.ch_csr_r[1]$_DFFE_PN0P_/Q	u2.state[10]$_DFF_PN0_/D
179	0.3622	uI.uJ.pri_outK[L]	uI.next_ch	u1.u0.pri_out0[1]$_DFF_P_/Q	u2.next_ch$_DFF_P_/D
180	0.3625	uI.uJ.pri_outK[L]	uI.de_start_r	u1.u0.pri_out0[1]$_DFF_P_/Q	u1.de_start_r$_DFF_P_/D
181	0.3687	uI.uJ.slv_adr[K]	uI.uJ.ch_txsz_s[K]	u3.u1.slv_adr[3]$_DFF_P_/Q	u0.u6.ch_txsz_s[10]$_DFFE_PP_/D
182	0.3694	uI.uJ.slv_adr[K]	_I_	u3.u1.slv_adr[4]$_DFF_P_/Q	_51428_/D
183	0.3741	uI.uJ.slv_adr[K]	uI.uJ.ch_stop	u3.u1.slv_adr[7]$_DFF_P_/QN	u0.u13.ch_stop$_DFF_P_/D
184	0.3743	uI.uJ.slv_adr[K]	uI.uJ.ch_amK_r[L]	u3.u1.slv_adr[6]$_DFF_P_/QN	u0.u9.ch_am0_r[10]$_DFFE_PN1P_/D
185	0.3748	uI.uJ.state[K]	uI.uJ.ch_busy	u1.u1.state[2]$_DFFE_PN0P_/Q	u0.u5.ch_busy$_DFF_P_/D
186	0.3773	uI.uJ.slv_adr[K]	uI.uJ.ch_chk_sz_r[K]	u3.u1.slv_adr[3]$_DFF_P_/Q	u0.u10.ch_chk_sz_r[5]$_DFFE_PP_/D
187	0.3794	uI.uJ.ch_csr_r[K]	uI.uJ.mast_we_r	u0.u11.ch_csr_r[1]$_DFFE_PN0P_/Q	u4.u0.mast_we_r$_DFF_P_/D
188	0.3811	uI.uJ.slv_adr[K]	uI.uJ.ch_tot_sz_r[K]	u3.u1.slv_adr[3]$_DFF_P_/Q	u0.u10.ch_tot_sz_r[1]$_DFFE_PP_/D
189	0.3825	uI.uJ.ch_csr_r[K]	uI.chunk_dec	u0.u11.ch_csr_r[1]$_DFFE_PN0P_/Q	u2.chunk_dec$_DFF_P_/D
190	0.3841	wbI_ack_i	uI.read_r	wb0_ack_i	u2.read_r$_DFF_P_/D
191	0.3872	uI.uJ.slv_adr[K]	uI.uJ.ch_sz_inf	u3.u1.slv_adr[7]$_DFF_P_/QN	u0.u14.ch_sz_inf$_DFFE_PP_/D
192	0.3877	uI.ch_sel_r[J]	uI.ch_sel_r[J]	u1.ch_sel_r[0]$_DFFE_PN0P_/Q	u1.ch_sel_r[2]$_DFFE_PN0P_/D
193	0.3886	uI.ch_sel_r[J]	uI.uJ.ch_err	u1.ch_sel_r[3]$_DFFE_PN0P_/Q	u0.u1.ch_err$_DFFE_PN0P_/D
194	0.3922	uI.tsz_cnt[J]	uI.mastJ_adr[K]	u2.tsz_cnt[8]$_DFFE_PP_/Q	u2.mast0_adr[13]$_DFF_P_/D
195	0.3942	uI.ch_sel_r[J]	uI.next_start	u1.ch_sel_r[3]$_DFFE_PN0P_/Q	u1.next_start$_DFF_P_/D
196	0.3945	wbI_ack_i	uI.write_hold_r	wb1_ack_i	u2.write_hold_r$_DFF_P_/D
197	0.3963	uI.uJ.ch_csr_r[K]	uI.write_hold_r	u0.u11.ch_csr_r[1]$_DFFE_PN0P_/Q	u2.write_hold_r$_DFF_P_/D
198	0.4013	uI.uJ.slv_adr[K]	uI.uJ.rest_en	u3.u1.slv_adr[7]$_DFF_P_/QN	u0.u13.rest_en$_DFFE_PN0P_/D
199	0.4039	uI.uJ.slv_adr[K]	uI.wb_rf_dout[J]	u3.u1.slv_adr[3]$_DFF_P_/Q	u0.wb_rf_dout[0]$_DFFE_PP_/D
200	0.4051	uI.uJ.slv_adr[K]	uI.int_maskb_r[J]	u3.u1.slv_adr[6]$_DFF_P_/Q	u0.int_maskb_r[1]$_DFFE_PN0P_/D
201	0.4059	uI.uJ.slv_adr[K]	uI.int_maska_r[J]	u3.u1.slv_adr[6]$_DFF_P_/Q	u0.int_maska_r[1]$_DFFE_PN0P_/D
202	0.4070	wbI_addr_i[J]	uI.uJ.slv_re	wb0_addr_i[28]	u3.u1.slv_re$_DFF_P_/D
203	0.4075	uI.uJ.ch_csr_r[K]	uI.write_r	u0.u11.ch_csr_r[1]$_DFFE_PN0P_/Q	u2.write_r$_DFF_P_/D
204	0.4094	uI.ch_sel_r[J]	uI.uJ.ch_busy	u1.ch_sel_r[2]$_DFFE_PN0P_/Q	u0.u5.ch_busy$_DFF_P_/D
205	0.4116	uI.uJ.ch_csr_r[K]	uI.read_r	u0.u11.ch_csr_r[1]$_DFFE_PN0P_/Q	u2.read_r$_DFF_P_/D
206	0.4122	uI.uJ.ch_csr_r[K]	uI.tsz_cnt[J]	u0.u8.ch_csr_r[0]$_DFFE_PN0P_/Q	u2.tsz_cnt[0]$_DFFE_PP_/D
207	0.4168	uI.tsz_cnt[J]	wbIs_data_o[J]	u2.tsz_cnt[8]$_DFFE_PP_/Q	wb0s_data_o[8]
208	0.4190	uI.uJ.ch_csr_r[K]	uI.uJ.state[K]	u0.u10.ch_csr_r[5]$_DFFE_PN0P_/Q	u1.u2.state[1]$_DFFE_PN0P_/D
209	0.4217	uI.ch_sel_r[J]	uI.next_ch	u1.ch_sel_r[3]$_DFFE_PN0P_/Q	u2.next_ch$_DFF_P_/D
210	0.4220	uI.ch_sel_r[J]	uI.de_start_r	u1.ch_sel_r[3]$_DFFE_PN0P_/Q	u1.de_start_r$_DFF_P_/D
211	0.4220	uI.uJ.slv_adr[K]	uI.uJ.int_src_r[K]	u3.u1.slv_adr[6]$_DFF_P_/QN	u0.u9.int_src_r[0]$_DFFE_PN0P_/D
212	0.4221	wbI_ack_i	uI.uJ.mast_dout[K]	wb1_ack_i	u4.u0.mast_dout[10]$_DFFE_PP_/D
213	0.4277	uI.ndr_r[J]	uI.mastJ_adr[K]	u1.ndr_r[2]$_DFF_P_/Q	u2.mast0_adr[13]$_DFF_P_/D
214	0.4322	uI.uJ.ch_csr_rK[L]	uI.uJ.state[K]	u0.u13.ch_csr_r2[0]$_DFFE_PN0P_/Q	u1.u2.state[0]$_DFFE_PN0P_/D
215	0.4384	wbI_addr_i[J]	uI.uJ.slv_we	wb0_addr_i[28]	u3.u1.slv_we$_DFF_P_/D
216	0.4421	uI.tsz_cnt[J]	uI.uJ.mast_stb	u2.tsz_cnt[8]$_DFFE_PP_/Q	u4.u0.mast_stb$_DFF_P_/D
217	0.4521	uI.req_r[J]	uI.adrJ_cnt[K]	u1.req_r[5]$_DFF_P_/Q	u2.adr0_cnt[24]$_DFFE_PP_/D
218	0.4582	uI.req_r[J]	uI.uJ.state[K]	u1.req_r[10]$_DFF_P_/Q	u1.u2.state[1]$_DFFE_PN0P_/D
219	0.4603	wbI_cyc_i	uI.uJ.slv_re	wb0_cyc_i	u3.u1.slv_re$_DFF_P_/D
220	0.4654	uI.ack_o[J]	uI.adrJ_cnt[K]	u1.ack_o[5]$_DFF_P_/QN	u2.adr0_cnt[24]$_DFFE_PP_/D
221	0.4679	uI.tsz_cnt[J]	uI.chunk_dec	u2.tsz_cnt[8]$_DFFE_PP_/Q	u2.chunk_dec$_DFF_P_/D
222	0.4686	uI.req_r[J]	uI.tsz_cnt[J]	u1.req_r[8]$_DFF_P_/Q	u2.tsz_cnt[0]$_DFFE_PP_/D
223	0.4698	uI.ack_o[J]	uI.uJ.state[K]	u1.ack_o[10]$_DFF_P_/QN	u1.u2.state[1]$_DFFE_PN0P_/D
224	0.4753	uI.uJ.slv_adr[K]	uI.uJ.ch_err	u3.u1.slv_adr[9]$_DFF_P_/Q	u0.u1.ch_err$_DFFE_PN0P_/D
225	0.4778	uI.tsz_cnt[J]	uI.ack_o[J]	u2.tsz_cnt[8]$_DFFE_PP_/Q	u1.ack_o[0]$_DFF_P_/D
226	0.4815	uI.uJ.ch_csr_r[K]	uI.ch_sel_r[J]	u0.u8.ch_csr_r[0]$_DFFE_PN0P_/Q	u1.ch_sel_r[2]$_DFFE_PN0P_/D
227	0.4817	uI.tsz_cnt[J]	uI.uJ.int_src_r[K]	u2.tsz_cnt[8]$_DFFE_PP_/Q	u0.u0.int_src_r[2]$_DFFE_PN0P_/D
228	0.4818	uI.uJ.ch_csr_r[K]	uI.chunk_cnt[J]	u0.u8.ch_csr_r[0]$_DFFE_PN0P_/Q	u2.chunk_cnt[0]$_DFFE_PP_/D
229	0.4842	uI.tsz_cnt[J]	uI.state[J]	u2.tsz_cnt[8]$_DFFE_PP_/Q	u2.state[10]$_DFF_PN0_/D
230	0.4870	uI.ack_o[J]	uI.tsz_cnt[J]	u1.ack_o[5]$_DFF_P_/QN	u2.tsz_cnt[10]$_DFFE_PP_/D
231	0.4888	uI.tsz_cnt[J]	uI.uJ.mast_cyc	u2.tsz_cnt[8]$_DFFE_PP_/Q	u3.u0.mast_cyc$_DFF_P_/D
232	0.4917	wbI_cyc_i	uI.uJ.slv_we	wb0_cyc_i	u3.u1.slv_we$_DFF_P_/D
233	0.4943	uI.uJ.ch_sz_inf	uI.mastJ_adr[K]	u0.u5.ch_sz_inf$_DFFE_PP_/Q	u2.mast0_adr[13]$_DFF_P_/D
234	0.4957	uI.tsz_cnt[J]	uI.read_r	u2.tsz_cnt[8]$_DFFE_PP_/Q	u2.read_r$_DFF_P_/D
235	0.4972	uI.ndr_r[J]	uI.uJ.mast_we_r	u1.ndr_r[2]$_DFF_P_/Q	u3.u0.mast_we_r$_DFF_P_/D
236	0.5022	wbI_err_i	uI.dma_abort_r	wb1_err_i	u2.dma_abort_r$_DFF_P_/D
237	0.5027	wbI_stb_i	uI.uJ.slv_re	wb0_stb_i	u3.u1.slv_re$_DFF_P_/D
238	0.5106	_I_	wbIm_data_o[J]	_51413_/Q	wb0m_data_o[31]
239	0.5121	uI.tsz_cnt[J]	uI.next_ch	u2.tsz_cnt[8]$_DFFE_PP_/Q	u2.next_ch$_DFF_P_/D
240	0.5123	uI.chunk_cnt[J]	uI.mastJ_adr[K]	u2.chunk_cnt[1]$_DFFE_PP_/QN	u2.mast0_adr[13]$_DFF_P_/D
241	0.5125	uI.wb_rf_dout[J]	wbIm_data_o[J]	u0.wb_rf_dout[0]$_DFFE_PP_/Q	wb0m_data_o[0]
242	0.5142	uI.mastJ_adr[K]	wbI_addr_o[J]	u2.mast0_adr[30]$_DFF_P_/Q	wb0_addr_o[30]
243	0.5145	uI.uJ.rf_ack	wbI_ack_o	u3.u1.rf_ack$_DFF_P_/Q	wb0_ack_o
244	0.5145	uI.uJ.mast_stb	wbI_stb_o	u3.u0.mast_stb$_DFF_P_/Q	wb0_stb_o
245	0.5145	uI.uJ.mast_we_r	wbI_we_o	u3.u0.mast_we_r$_DFF_P_/Q	wb0_we_o
246	0.5176	wbI_cyc_i	uI.uJ.rf_ack	wb0_cyc_i	u3.u1.rf_ack$_DFF_P_/D
247	0.5180	uI.ndr_r[J]	uI.uJ.ch_csr_r[K]	u1.ndr_r[2]$_DFF_P_/Q	u0.u2.ch_csr_r[0]$_DFFE_PN0P_/D
248	0.5226	uI.ndr_r[J]	uI.uJ.mast_stb	u1.ndr_r[2]$_DFF_P_/Q	u3.u0.mast_stb$_DFF_P_/D
249	0.5234	uI.uJ.slv_we	uI.uJ.pointer_r[K]	u3.u1.slv_we$_DFF_P_/Q	u0.u1.pointer_r[10]$_DFFE_PP_/D
250	0.5243	dma_rest_i[I]	uI.uJ.ptr_valid	dma_rest_i[4]	u0.u4.ptr_valid$_DFFE_PN0P_/D
251	0.5257	uI.ndr_r[J]	uI.uJ.mast_cyc	u1.ndr_r[2]$_DFF_P_/Q	u3.u0.mast_cyc$_DFF_P_/D
252	0.5263	uI.mastJ_drdy_r	uI.uJ.ch_txsz_s[K]	u2.mast0_drdy_r$_DFF_P_/Q	u0.u0.ch_txsz_s[10]$_DFFE_PP_/D
253	0.5276	uI.uJ.mast_cyc	wbI_cyc_o	u3.u0.mast_cyc$_DFF_P_/Q	wb0_cyc_o
254	0.5326	uI.mastJ_drdy_r	uI.uJ.ch_tot_sz_r[K]	u2.mast0_drdy_r$_DFF_P_/Q	u0.u14.ch_tot_sz_r[5]$_DFFE_PP_/D
255	0.5331	uI.ndr_r[J]	uI.uJ.ch_eol	u1.ndr_r[2]$_DFF_P_/Q	u0.u0.ch_eol$_DFFE_PN0P_/D
256	0.5336	uI.mastJ_drdy_r	uI.uJ.ch_chk_sz_r[K]	u2.mast0_drdy_r$_DFF_P_/Q	u0.u13.ch_chk_sz_r[0]$_DFFE_PP_/D
257	0.5341	wbI_stb_i	uI.uJ.slv_we	wb0_stb_i	u3.u1.slv_we$_DFF_P_/D
258	0.5371	uI.tsz_cnt[J]	uI.tsz_cnt[J]	u2.tsz_cnt[2]$_DFFE_PP_/Q	u2.tsz_cnt[10]$_DFFE_PP_/D
259	0.5377	uI.mastJ_drdy_r	uI.uJ.ch_adrK_s[L]	u2.mast0_drdy_r$_DFF_P_/Q	u0.u9.ch_adr1_s[0]$_DFFE_PP_/D
260	0.5378	uI.req_r[J]	uI.ch_sel_r[J]	u1.req_r[8]$_DFF_P_/Q	u1.ch_sel_r[2]$_DFFE_PN0P_/D
261	0.5381	uI.req_r[J]	uI.chunk_cnt[J]	u1.req_r[8]$_DFF_P_/Q	u2.chunk_cnt[0]$_DFFE_PP_/D
262	0.5406	uI.ndr_r[J]	uI.uJ.ch_done	u1.ndr_r[2]$_DFF_P_/Q	u0.u2.ch_done$_DFFE_PN0P_/D
263	0.5424	uI.ndr_r[J]	uI.uJ.int_src_r[K]	u1.ndr_r[2]$_DFF_P_/Q	u0.u2.int_src_r[1]$_DFFE_PN0P_/D
264	0.5441	uI.uJ.ch_sz_inf	uI.uJ.mast_stb	u0.u5.ch_sz_inf$_DFFE_PP_/Q	u4.u0.mast_stb$_DFF_P_/D
265	0.5457	uI.chunk_cnt[J]	uI.uJ.ch_eol	u2.chunk_cnt[1]$_DFFE_PP_/QN	u0.u5.ch_eol$_DFFE_PN0P_/D
266	0.5484	uI.ndr_r[J]	uI.uJ.ptr_valid	u1.ndr_r[2]$_DFF_P_/Q	u0.u0.ptr_valid$_DFFE_PN0P_/D
267	0.5501	wbIs_data_i[J]	uI.uJ.mast_dout[K]	wb0s_data_i[0]	u3.u0.mast_dout[0]$_DFFE_PP_/D
268	0.5503	uI.adrJ_cnt[K]	uI.adrJ_cnt[K]	u2.adr1_cnt[16]$_DFFE_PP_/Q	u2.adr1_cnt[28]$_DFFE_PP_/D
269	0.5526	uI.uJ.ch_chk_sz_r[K]	uI.chunk_J	u0.u5.ch_chk_sz_r[8]$_DFFE_PP_/Q	u2.chunk_0$_DFF_P_/D
270	0.5546	uI.uJ.slv_we	uI.uJ.ch_csr_rK[L]	u3.u1.slv_we$_DFF_P_/Q	u0.u4.ch_csr_r2[0]$_DFFE_PN0P_/D
271	0.5551	uI.mastJ_drdy_r	uI.uJ.ch_adrK_r[L]	u2.mast0_drdy_r$_DFF_P_/Q	u0.u6.ch_adr1_r[19]$_DFFE_PP_/D
272	0.5552	uI.ack_o[J]	uI.ch_sel_r[J]	u1.ack_o[5]$_DFF_P_/QN	u1.ch_sel_r[2]$_DFFE_PN0P_/D
273	0.5555	uI.ack_o[J]	uI.chunk_cnt[J]	u1.ack_o[5]$_DFF_P_/QN	u2.chunk_cnt[0]$_DFFE_PP_/D
274	0.5557	uI.uJ.slv_we	uI.uJ.ch_amK_r[L]	u3.u1.slv_we$_DFF_P_/Q	u0.u1.ch_am0_r[10]$_DFFE_PN1P_/D
275	0.5569	uI.tsz_cnt[J]	uI.write_hold_r	u2.tsz_cnt[8]$_DFFE_PP_/Q	u2.write_hold_r$_DFF_P_/D
276	0.5578	uI.uJ.int_src_r[K]	_I_	u0.u10.int_src_r[0]$_DFFE_PN0P_/Q	_51423_/D
277	0.5587	uI.uJ.slv_we	uI.uJ.ch_done	u3.u1.slv_we$_DFF_P_/Q	u0.u4.ch_done$_DFFE_PN0P_/D
278	0.5600	wbI_stb_i	uI.uJ.rf_ack	wb0_stb_i	u3.u1.rf_ack$_DFF_P_/D
279	0.5605	uI.uJ.pointer_sr[K]	uI.mastJ_adr[K]	u0.u5.pointer_sr[26]$_DFFE_PP_/Q	u2.mast0_adr[30]$_DFF_P_/D
280	0.5614	uI.ack_o[J]	dma_ack_o[I]	u1.ack_o[0]$_DFF_P_/Q	dma_ack_o[0]
281	0.5614	uI.inta_o	inta_o	u0.inta_o$_DFF_P_/Q	inta_o
282	0.5614	uI.intb_o	intb_o	u0.intb_o$_DFF_P_/Q	intb_o
283	0.5616	uI.uJ.out_r[K]	uI.adrJ_cnt[K]	u2.u1.out_r[16]$_DFF_P_/Q	u2.adr1_cnt[28]$_DFFE_PP_/D
284	0.5646	wbI_we_i	uI.uJ.slv_re	wb0_we_i	u3.u1.slv_re$_DFF_P_/D
285	0.5657	uI.uJ.slv_we	uI.uJ.ch_tot_sz_r[K]	u3.u1.slv_we$_DFF_P_/Q	u0.u7.ch_tot_sz_r[10]$_DFFE_PP_/D
286	0.5657	uI.uJ.slv_we	uI.uJ.ch_txsz_s[K]	u3.u1.slv_we$_DFF_P_/Q	u0.u7.ch_txsz_s[10]$_DFFE_PP_/D
287	0.5669	uI.uJ.ch_csr_rK[L]	_I_	u0.u10.ch_csr_r3[0]$_DFFE_PN0P_/Q	_51423_/D
288	0.5672	uI.chunk_cnt[J]	uI.uJ.ch_csr_r[K]	u2.chunk_cnt[1]$_DFFE_PP_/QN	u0.u2.ch_csr_r[0]$_DFFE_PN0P_/D
289	0.5689	uI.ndr_r[J]	uI.uJ.ch_rl	u1.ndr_r[2]$_DFF_P_/Q	u0.u2.ch_rl$_DFF_P_/D
290	0.5699	uI.uJ.ch_sz_inf	uI.chunk_dec	u0.u5.ch_sz_inf$_DFFE_PP_/Q	u2.chunk_dec$_DFF_P_/D
291	0.5746	uI.chunk_cnt[J]	uI.uJ.mast_stb	u2.chunk_cnt[1]$_DFFE_PP_/QN	u4.u0.mast_stb$_DFF_P_/D
292	0.5753	dma_rest_i[I]	uI.uJ.ch_rl	dma_rest_i[0]	u0.u0.ch_rl$_DFF_P_/D
293	0.5760	wbI_we_i	uI.uJ.slv_we	wb0_we_i	u3.u1.slv_we$_DFF_P_/D
294	0.5763	uI.req_r[J]	uI.state[J]	u1.req_r[5]$_DFF_P_/Q	u2.state[0]$_DFF_PN1_/D
295	0.5783	uI.uJ.slv_we	uI.uJ.ch_chk_sz_r[K]	u3.u1.slv_we$_DFF_P_/Q	u0.u11.ch_chk_sz_r[2]$_DFFE_PP_/D
296	0.5788	dma_nd_i[I]	uI.ndr_r[J]	dma_nd_i[0]	u1.ndr_r[0]$_DFF_P_/D
297	0.5798	uI.uJ.ch_sz_inf	uI.ack_o[J]	u0.u5.ch_sz_inf$_DFFE_PP_/Q	u1.ack_o[0]$_DFF_P_/D
298	0.5810	dma_req_i[I]	uI.req_r[J]	dma_req_i[0]	u1.req_r[0]$_DFF_P_/D
299	0.5810	dma_req_i[I]	uI.ndr_r[J]	dma_req_i[0]	u1.ndr_r[0]$_DFF_P_/D
300	0.5827	uI.uJ.slv_we	uI.uJ.ch_stop	u3.u1.slv_we$_DFF_P_/Q	u0.u4.ch_stop$_DFF_P_/D
301	0.5834	dma_nd_i[I]	uI.ndnr[J]	dma_nd_i[0]	u1.ndnr[0]$_DFF_P_/D
302	0.5837	uI.uJ.ch_sz_inf	uI.uJ.int_src_r[K]	u0.u5.ch_sz_inf$_DFFE_PP_/Q	u0.u0.int_src_r[2]$_DFFE_PN0P_/D
303	0.5840	uI.chunk_cnt[J]	uI.uJ.ch_done	u2.chunk_cnt[1]$_DFFE_PP_/QN	u0.u2.ch_done$_DFFE_PN0P_/D
304	0.5862	uI.uJ.ch_sz_inf	uI.state[J]	u0.u5.ch_sz_inf$_DFFE_PP_/Q	u2.state[10]$_DFF_PN0_/D
305	0.5870	uI.chunk_cnt[J]	uI.uJ.ptr_valid	u2.chunk_cnt[1]$_DFFE_PP_/QN	u0.u0.ptr_valid$_DFFE_PN0P_/D
306	0.5895	uI.ack_o[J]	uI.state[J]	u1.ack_o[5]$_DFF_P_/QN	u2.state[0]$_DFF_PN1_/D
307	0.5897	uI.chunk_J	uI.mastJ_adr[K]	u2.chunk_0$_DFF_P_/Q	u2.mast0_adr[13]$_DFF_P_/D
308	0.5908	uI.uJ.ch_sz_inf	uI.uJ.mast_cyc	u0.u5.ch_sz_inf$_DFFE_PP_/Q	u3.u0.mast_cyc$_DFF_P_/D
309	0.5927	dma_req_i[I]	uI.ndnr[J]	dma_req_i[0]	u1.ndnr[0]$_DFF_P_/D
310	0.5951	uI.uJ.ch_amK_r[L]	uI.adrJ_cnt[K]	u0.u2.ch_am1_r[20]$_DFFE_PN1P_/Q	u2.adr1_cnt[22]$_DFFE_PP_/D
311	0.5977	uI.uJ.ch_sz_inf	uI.read_r	u0.u5.ch_sz_inf$_DFFE_PP_/Q	u2.read_r$_DFF_P_/D
312	0.5995	uI.chunk_cnt[J]	uI.chunk_cnt[J]	u2.chunk_cnt[1]$_DFFE_PP_/QN	u2.chunk_cnt[8]$_DFFE_PP_/D
313	0.6005	uI.chunk_cnt[J]	uI.chunk_dec	u2.chunk_cnt[1]$_DFFE_PP_/QN	u2.chunk_dec$_DFF_P_/D
314	0.6016	uI.chunk_cnt[J]	uI.uJ.int_src_r[K]	u2.chunk_cnt[1]$_DFFE_PP_/QN	u0.u2.int_src_r[1]$_DFFE_PN0P_/D
315	0.6038	uI.uJ.slv_we	uI.uJ.sw_pointer_r[K]	u3.u1.slv_we$_DFF_P_/Q	u0.u0.sw_pointer_r[16]$_DFFE_PN0P_/D
316	0.6057	uI.chunk_cnt[J]	uI.uJ.ch_rl	u2.chunk_cnt[1]$_DFFE_PP_/QN	u0.u2.ch_rl$_DFF_P_/D
317	0.6062	wbI_ack_i	uI.mastJ_drdy_r	wb0_ack_i	u2.mast0_drdy_r$_DFF_P_/D
318	0.6062	wbI_addr_i[J]	uI.uJ.slv_adr[K]	wb0_addr_i[2]	u3.u1.slv_adr[2]$_DFF_P_/D
319	0.6062	wbIm_data_i[J]	uI.uJ.slv_dout[K]	wb0m_data_i[0]	u3.u1.slv_dout[0]$_DFF_P_/D
320	0.6090	uI.uJ.slv_we	uI.uJ.rest_en	u3.u1.slv_we$_DFF_P_/Q	u0.u4.rest_en$_DFFE_PN0P_/D
321	0.6091	uI.uJ.slv_adr[K]	uI.csr_r[J]	u3.u1.slv_adr[6]$_DFF_P_/Q	u0.csr_r[0]$_DFFE_PN0P_/D
322	0.6104	uI.chunk_cnt[J]	uI.ack_o[J]	u2.chunk_cnt[1]$_DFFE_PP_/QN	u1.ack_o[0]$_DFF_P_/D
323	0.6107	uI.uJ.sw_pointer_r[K]	_I_	u0.u15.sw_pointer_r[3]$_DFFE_PN0P_/Q	_51418_/D
324	0.6116	uI.mastJ_drdy_r	uI.uJ.ch_csr_r[K]	u2.mast0_drdy_r$_DFF_P_/Q	u0.u2.ch_csr_r[1]$_DFFE_PN0P_/D
325	0.6141	uI.uJ.ch_sz_inf	uI.next_ch	u0.u5.ch_sz_inf$_DFFE_PP_/Q	u2.next_ch$_DFF_P_/D
326	0.6157	uI.uJ.ch_amK_r[L]	_I_	u0.u15.ch_am0_r[1]$_DFFE_PN1P_/Q	_51418_/D
327	0.6168	uI.chunk_cnt[J]	uI.state[J]	u2.chunk_cnt[1]$_DFFE_PP_/QN	u2.state[10]$_DFF_PN0_/D
328	0.6172	uI.uJ.rest_en	_I_	u0.u10.rest_en$_DFFE_PN0P_/Q	_51429_/D
329	0.6186	uI.ndr_r[J]	uI.state[J]	u1.ndr_r[2]$_DFF_P_/Q	u2.state[2]$_DFF_PN0_/D
330	0.6191	uI.dma_abort_r	uI.mastJ_adr[K]	u2.dma_abort_r$_DFF_P_/Q	u2.mast0_adr[13]$_DFF_P_/D
331	0.6194	uI.uJ.slv_we	uI.uJ.ch_sz_inf	u3.u1.slv_we$_DFF_P_/Q	u0.u7.ch_sz_inf$_DFFE_PP_/D
332	0.6200	uI.uJ.slv_we	uI.uJ.ch_adrK_r[L]	u3.u1.slv_we$_DFF_P_/Q	u0.u14.ch_adr0_r[7]$_DFFE_PP_/D
333	0.6200	uI.uJ.slv_we	uI.uJ.ch_adrK_s[L]	u3.u1.slv_we$_DFF_P_/Q	u0.u14.ch_adr0_s[7]$_DFFE_PP_/D
334	0.6206	uI.uJ.ch_csr_r[K]	uI.uJ.pri_outK[L]	u0.u4.ch_csr_r[5]$_DFFE_PN0P_/Q	u1.u0.pri_out0[1]$_DFF_P_/D
335	0.6214	uI.chunk_cnt[J]	uI.uJ.mast_cyc	u2.chunk_cnt[1]$_DFFE_PP_/QN	u3.u0.mast_cyc$_DFF_P_/D
336	0.6254	uI.uJ.mast_dout[K]	uI.uJ.ch_txsz_s[K]	u3.u0.mast_dout[9]$_DFFE_PP_/Q	u0.u0.ch_txsz_s[9]$_DFFE_PP_/D
337	0.6277	uI.uJ.ch_rl	uI.uJ.ch_adrK_r[L]	u0.u8.ch_rl$_DFF_P_/Q	u0.u8.ch_adr0_r[10]$_DFFE_PP_/D
338	0.6283	uI.chunk_cnt[J]	uI.read_r	u2.chunk_cnt[1]$_DFFE_PP_/QN	u2.read_r$_DFF_P_/D
339	0.6287	uI.uJ.mast_dout[K]	uI.uJ.ch_tot_sz_r[K]	u3.u0.mast_dout[9]$_DFFE_PP_/Q	u0.u8.ch_tot_sz_r[9]$_DFFE_PP_/D
340	0.6288	uI.state[J]	uI.wb_rf_dout[J]	u2.state[5]$_DFF_PN0_/Q	u0.wb_rf_dout[0]$_DFFE_PP_/D
341	0.6299	uI.int_maskb_r[J]	_I_	u0.int_maskb_r[10]$_DFFE_PN0P_/Q	_51423_/D
342	0.6344	uI.uJ.ch_csr_r[K]	uI.next_start	u0.u8.ch_csr_r[0]$_DFFE_PN0P_/Q	u1.next_start$_DFF_P_/D
343	0.6380	uI.uJ.pointer_r[K]	_I_	u0.u9.pointer_r[14]$_DFFE_PP_/Q	_51431_/D
344	0.6394	uI.uJ.pointer_r[K]	uI.mastJ_adr[K]	u0.u15.pointer_r[0]$_DFFE_PP_/Q	u2.mast0_adr[4]$_DFF_P_/D
345	0.6423	uI.mastJ_drdy_r	uI.uJ.ch_eol	u2.mast0_drdy_r$_DFF_P_/Q	u0.u14.ch_eol$_DFFE_PN0P_/D
346	0.6430	uI.uJ.ch_rl	uI.uJ.ch_tot_sz_r[K]	u0.u3.ch_rl$_DFF_P_/Q	u0.u3.ch_tot_sz_r[0]$_DFFE_PP_/D
347	0.6435	uI.uJ.ch_adrK_r[L]	_I_	u0.u7.ch_adr0_r[7]$_DFFE_PP_/Q	_51422_/D
348	0.6442	uI.adrJ_cnt[K]	uI.uJ.out_r[K]	u2.adr1_cnt[2]$_DFFE_PP_/Q	u2.u1.out_r[14]$_DFF_P_/D
349	0.6446	uI.chunk_cnt[J]	uI.next_ch	u2.chunk_cnt[1]$_DFFE_PP_/QN	u2.next_ch$_DFF_P_/D
350	0.6452	uI.uJ.mast_dout[K]	uI.uJ.ch_adrK_s[L]	u3.u0.mast_dout[31]$_DFFE_PP_/Q	u0.u10.ch_adr0_s[29]$_DFFE_PP_/D
351	0.6458	uI.uJ.slv_we	uI.uJ.rf_ack	u3.u1.slv_we$_DFF_P_/Q	u3.u1.rf_ack$_DFF_P_/D
352	0.6484	uI.uJ.ch_tot_sz_r[K]	_I_	u0.u3.ch_tot_sz_r[10]$_DFFE_PP_/Q	_51423_/D
353	0.6498	uI.uJ.int_src_r[K]	uI.inta_o	u0.u8.int_src_r[0]$_DFFE_PN0P_/Q	u0.inta_o$_DFF_P_/D
354	0.6514	uI.uJ.ch_csr_rK[L]	uI.wb_rf_dout[J]	u0.u0.ch_csr_r3[2]$_DFFE_PN0P_/Q	u0.wb_rf_dout[0]$_DFFE_PP_/D
355	0.6524	uI.uJ.int_src_r[K]	uI.state[J]	u0.u8.int_src_r[0]$_DFFE_PN0P_/Q	u2.state[10]$_DFF_PN0_/D
356	0.6549	uI.uJ.int_src_r[K]	uI.wb_rf_dout[J]	u0.u0.int_src_r[2]$_DFFE_PN0P_/Q	u0.wb_rf_dout[0]$_DFFE_PP_/D
357	0.6560	uI.uJ.ptr_valid	uI.state[J]	u0.u5.ptr_valid$_DFFE_PN0P_/Q	u2.state[7]$_DFF_PN0_/D
358	0.6582	uI.uJ.ch_chk_sz_r[K]	_I_	u0.u0.ch_chk_sz_r[2]$_DFFE_PP_/Q	_51431_/D
359	0.6585	uI.uJ.ch_rl	uI.uJ.ch_chk_sz_r[K]	u0.u6.ch_rl$_DFF_P_/Q	u0.u6.ch_chk_sz_r[0]$_DFFE_PP_/D
360	0.6587	uI.uJ.ch_csr_rK[L]	uI.inta_o	u0.u8.ch_csr_r3[0]$_DFFE_PN0P_/Q	u0.inta_o$_DFF_P_/D
361	0.6589	uI.uJ.ch_sz_inf	uI.write_hold_r	u0.u5.ch_sz_inf$_DFFE_PP_/Q	u2.write_hold_r$_DFF_P_/D
362	0.6597	uI.chunk_J	uI.uJ.mast_stb	u2.chunk_0$_DFF_P_/Q	u4.u0.mast_stb$_DFF_P_/D
363	0.6600	uI.uJ.rest_en	uI.uJ.ch_txsz_s[K]	u0.u6.rest_en$_DFFE_PN0P_/Q	u0.u6.ch_txsz_s[10]$_DFFE_PP_/D
364	0.6600	uI.uJ.ch_sz_inf	_I_	u0.u3.ch_sz_inf$_DFFE_PP_/Q	_51428_/D
365	0.6602	uI.uJ.slv_we	uI.int_maska_r[J]	u3.u1.slv_we$_DFF_P_/Q	u0.int_maska_r[1]$_DFFE_PN0P_/D
366	0.6602	uI.uJ.slv_we	uI.int_maskb_r[J]	u3.u1.slv_we$_DFF_P_/Q	u0.int_maskb_r[1]$_DFFE_PN0P_/D
367	0.6603	uI.req_r[J]	uI.uJ.pri_outK[L]	u1.req_r[4]$_DFF_P_/Q	u1.u0.pri_out0[1]$_DFF_P_/D
368	0.6606	uI.uJ.ch_adrK_r[L]	uI.adrJ_cnt[K]	u0.u4.ch_adr0_r[28]$_DFFE_PP_/Q	u2.adr0_cnt[28]$_DFFE_PP_/D
369	0.6637	uI.uJ.ch_csr_r[K]	uI.de_start_r	u0.u8.ch_csr_r[0]$_DFFE_PN0P_/Q	u1.de_start_r$_DFF_P_/D
370	0.6665	uI.tsz_cnt[J]	uI.uJ.ch_tot_sz_r[K]	u2.tsz_cnt[8]$_DFFE_PP_/Q	u0.u9.ch_tot_sz_r[8]$_DFFE_PP_/D
371	0.6673	uI.tsz_cnt_is_J_r	uI.uJ.ch_csr_r[K]	u2.tsz_cnt_is_0_r$_DFF_P_/Q	u0.u2.ch_csr_r[0]$_DFFE_PN0P_/D
372	0.6682	uI.uJ.ch_chk_sz_r[K]	uI.chunk_cnt[J]	u0.u11.ch_chk_sz_r[3]$_DFFE_PP_/Q	u2.chunk_cnt[3]$_DFFE_PP_/D
373	0.6683	uI.tsz_cnt[J]	uI.uJ.ch_txsz_s[K]	u2.tsz_cnt[9]$_DFFE_PP_/Q	u0.u0.ch_txsz_s[9]$_DFFE_PP_/D
374	0.6705	uI.tsz_cnt_is_J_r	uI.uJ.ch_eol	u2.tsz_cnt_is_0_r$_DFF_P_/Q	u0.u5.ch_eol$_DFFE_PN0P_/D
375	0.6711	uI.req_r[J]	uI.next_start	u1.req_r[5]$_DFF_P_/Q	u1.next_start$_DFF_P_/D
376	0.6720	uI.ack_o[J]	uI.uJ.pri_outK[L]	u1.ack_o[4]$_DFF_P_/QN	u1.u0.pri_out0[1]$_DFF_P_/D
377	0.6727	uI.uJ.ch_busy	_I_	u0.u12.ch_busy$_DFF_P_/Q	_51423_/D
378	0.6727	uI.int_maska_r[J]	_I_	u0.int_maska_r[8]$_DFFE_PN0P_/Q	_51421_/D
379	0.6744	uI.uJ.ch_done	_I_	u0.u15.ch_done$_DFFE_PN0P_/Q	_51424_/D
380	0.6746	uI.dma_abort_r	uI.uJ.mast_stb	u2.dma_abort_r$_DFF_P_/Q	u3.u0.mast_stb$_DFF_P_/D
381	0.6751	uI.uJ.mast_dout[K]	uI.uJ.ch_adrK_r[L]	u3.u0.mast_dout[9]$_DFFE_PP_/Q	u0.u3.ch_adr0_r[7]$_DFFE_PP_/D
382	0.6752	uI.uJ.slv_we	uI.csr_r[J]	u3.u1.slv_we$_DFF_P_/Q	u0.csr_r[0]$_DFFE_PN0P_/D
383	0.6813	uI.uJ.ch_csr_rK[L]	uI.uJ.pri_outK[L]	u0.u7.ch_csr_r2[0]$_DFFE_PN0P_/Q	u1.u0.pri_out0[1]$_DFF_P_/D
384	0.6822	uI.next_start	uI.adrJ_cnt[K]	u1.next_start$_DFF_P_/Q	u2.adr0_cnt[24]$_DFFE_PP_/D
385	0.6822	uI.uJ.ch_sz_inf	uI.tsz_cnt_is_J_r	u0.u11.ch_sz_inf$_DFFE_PP_/Q	u2.tsz_cnt_is_0_r$_DFF_P_/D
386	0.6844	uI.ack_o[J]	uI.next_start	u1.ack_o[5]$_DFF_P_/QN	u1.next_start$_DFF_P_/D
387	0.6845	uI.chunk_J	uI.chunk_dec	u2.chunk_0$_DFF_P_/Q	u2.chunk_dec$_DFF_P_/D
388	0.6856	uI.tsz_cnt[J]	uI.tsz_cnt_is_J_r	u2.tsz_cnt[8]$_DFFE_PP_/Q	u2.tsz_cnt_is_0_r$_DFF_P_/D
389	0.6857	uI.de_start_r	uI.adrJ_cnt[K]	u1.de_start_r$_DFF_P_/QN	u2.adr0_cnt[13]$_DFFE_PP_/D
390	0.6860	uI.uJ.ptr_valid	uI.wb_rf_dout[J]	u0.u5.ptr_valid$_DFFE_PN0P_/Q	u0.wb_rf_dout[0]$_DFFE_PP_/D
391	0.6867	uI.de_start_r	uI.tsz_cnt[J]	u1.de_start_r$_DFF_P_/QN	u2.tsz_cnt[0]$_DFFE_PP_/D
392	0.6895	uI.chunk_cnt[J]	uI.write_hold_r	u2.chunk_cnt[1]$_DFFE_PP_/QN	u2.write_hold_r$_DFF_P_/D
393	0.6896	uI.next_start	uI.tsz_cnt[J]	u1.next_start$_DFF_P_/Q	u2.tsz_cnt[0]$_DFFE_PP_/D
394	0.6899	uI.tsz_cnt_is_J_r	uI.uJ.ch_done	u2.tsz_cnt_is_0_r$_DFF_P_/Q	u0.u2.ch_done$_DFFE_PN0P_/D
395	0.6903	uI.write_r	uI.adrJ_cnt[K]	u2.write_r$_DFF_P_/Q	u2.adr1_cnt[11]$_DFFE_PP_/D
396	0.6917	uI.tsz_cnt_is_J_r	uI.uJ.int_src_r[K]	u2.tsz_cnt_is_0_r$_DFF_P_/Q	u0.u2.int_src_r[1]$_DFFE_PN0P_/D
397	0.6952	uI.uJ.ch_err	_I_	u0.u1.ch_err$_DFFE_PN0P_/Q	_51414_/D
398	0.6960	uI.dma_abort_r	uI.uJ.mast_cyc	u2.dma_abort_r$_DFF_P_/Q	u3.u0.mast_cyc$_DFF_P_/D
399	0.6970	uI.uJ.rest_en	uI.uJ.ch_adrK_s[L]	u0.u1.rest_en$_DFFE_PN0P_/Q	u0.u1.ch_adr1_s[18]$_DFFE_PP_/D
400	0.6977	uI.tsz_cnt_is_J_r	uI.uJ.ptr_valid	u2.tsz_cnt_is_0_r$_DFF_P_/Q	u0.u0.ptr_valid$_DFFE_PN0P_/D
401	0.6988	uI.uJ.ch_tot_sz_r[K]	uI.wb_rf_dout[J]	u0.u4.ch_tot_sz_r[0]$_DFFE_PP_/Q	u0.wb_rf_dout[0]$_DFFE_PP_/D
402	0.6989	uI.req_r[J]	uI.de_start_r	u1.req_r[5]$_DFF_P_/Q	u1.de_start_r$_DFF_P_/D
403	0.7014	uI.read_r	uI.adrJ_cnt[K]	u2.read_r$_DFF_P_/Q	u2.adr0_cnt[11]$_DFFE_PP_/D
404	0.7030	uI.uJ.int_src_r[K]	uI.intb_o	u0.u10.int_src_r[0]$_DFFE_PN0P_/Q	u0.intb_o$_DFF_P_/D
405	0.7033	uI.uJ.ch_tot_sz_r[K]	uI.tsz_cnt[J]	u0.u4.ch_tot_sz_r[10]$_DFFE_PP_/Q	u2.tsz_cnt[10]$_DFFE_PP_/D
406	0.7121	uI.uJ.ch_csr_rK[L]	uI.intb_o	u0.u10.ch_csr_r3[0]$_DFFE_PN0P_/Q	u0.intb_o$_DFF_P_/D
407	0.7122	uI.ack_o[J]	uI.de_start_r	u1.ack_o[5]$_DFF_P_/QN	u1.de_start_r$_DFF_P_/D
408	0.7133	uI.chunk_dec	uI.chunk_cnt[J]	u2.chunk_dec$_DFF_P_/Q	u2.chunk_cnt[0]$_DFFE_PP_/D
409	0.7136	uI.chunk_J	uI.read_r	u2.chunk_0$_DFF_P_/Q	u2.read_r$_DFF_P_/D
410	0.7136	uI.adrJ_cnt[K]	uI.uJ.ch_adrK_r[L]	u2.adr0_cnt[7]$_DFFE_PP_/Q	u0.u3.ch_adr0_r[7]$_DFFE_PP_/D
411	0.7139	uI.dma_abort_r	uI.chunk_dec	u2.dma_abort_r$_DFF_P_/Q	u2.chunk_dec$_DFF_P_/D
412	0.7147	uI.adrJ_cnt[K]	uI.uJ.ch_adrK_s[L]	u2.adr0_cnt[29]$_DFFE_PP_/Q	u0.u10.ch_adr0_s[29]$_DFFE_PP_/D
413	0.7149	uI.uJ.ch_err	uI.state[J]	u0.u1.ch_err$_DFFE_PN0P_/Q	u2.state[10]$_DFF_PN0_/D
414	0.7182	uI.tsz_cnt_is_J_r	uI.uJ.ch_rl	u2.tsz_cnt_is_0_r$_DFF_P_/Q	u0.u2.ch_rl$_DFF_P_/D
415	0.7207	uI.chunk_dec	uI.tsz_cnt[J]	u2.chunk_dec$_DFF_P_/Q	u2.tsz_cnt[11]$_DFFE_PP_/D
416	0.7220	uI.uJ.slv_dout[K]	uI.uJ.ch_adrK_s[L]	u3.u1.slv_dout[8]$_DFF_P_/Q	u0.u8.ch_adr1_s[6]$_DFFE_PP_/D
417	0.7221	uI.int_maska_r[J]	uI.inta_o	u0.int_maska_r[8]$_DFFE_PN0P_/Q	u0.inta_o$_DFF_P_/D
418	0.7247	uI.uJ.slv_dout[K]	uI.uJ.ch_csr_r[K]	u3.u1.slv_dout[8]$_DFF_P_/Q	u0.u10.ch_csr_r[8]$_DFFE_PN0P_/D
419	0.7271	uI.uJ.slv_dout[K]	uI.uJ.ch_txsz_s[K]	u3.u1.slv_dout[8]$_DFF_P_/Q	u0.u12.ch_txsz_s[8]$_DFFE_PP_/D
420	0.7281	uI.uJ.ch_stop	uI.dma_abort_r	u0.u7.ch_stop$_DFF_P_/Q	u2.dma_abort_r$_DFF_P_/D
421	0.7291	uI.uJ.slv_dout[K]	uI.uJ.ch_adrK_r[L]	u3.u1.slv_dout[30]$_DFF_P_/Q	u0.u3.ch_adr0_r[28]$_DFFE_PP_/D
422	0.7302	uI.uJ.slv_dout[K]	uI.uJ.sw_pointer_r[K]	u3.u1.slv_dout[7]$_DFF_P_/Q	u0.u1.sw_pointer_r[3]$_DFFE_PN0P_/D
423	0.7307	uI.uJ.slv_dout[K]	uI.int_maska_r[J]	u3.u1.slv_dout[30]$_DFF_P_/Q	u0.int_maska_r[30]$_DFFE_PN0P_/D
424	0.7307	uI.uJ.slv_dout[K]	uI.int_maskb_r[J]	u3.u1.slv_dout[30]$_DFF_P_/Q	u0.int_maskb_r[30]$_DFFE_PN0P_/D
425	0.7313	uI.chunk_J	uI.state[J]	u2.chunk_0$_DFF_P_/Q	u2.state[10]$_DFF_PN0_/D
426	0.7314	uI.uJ.slv_dout[K]	uI.uJ.ch_stop	u3.u1.slv_dout[9]$_DFF_P_/Q	u0.u0.ch_stop$_DFF_P_/D
427	0.7325	uI.uJ.slv_dout[K]	uI.uJ.ch_tot_sz_r[K]	u3.u1.slv_dout[3]$_DFF_P_/Q	u0.u4.ch_tot_sz_r[3]$_DFFE_PP_/D
428	0.7342	uI.next_ch	uI.uJ.state[K]	u2.next_ch$_DFF_P_/Q	u1.u1.state[1]$_DFFE_PN0P_/D
429	0.7348	uI.uJ.slv_dout[K]	uI.uJ.pointer_r[K]	u3.u1.slv_dout[31]$_DFF_P_/Q	u0.u9.pointer_r[27]$_DFFE_PP_/D
430	0.7349	uI.uJ.slv_dout[K]	uI.uJ.ch_amK_r[L]	u3.u1.slv_dout[31]$_DFF_P_/Q	u0.u10.ch_am0_r[27]$_DFFE_PN1P_/D
431	0.7351	uI.uJ.ch_csr_r[K]	uI.uJ.ch_done	u0.u3.ch_csr_r[7]$_DFFE_PN0P_/Q	u0.u3.ch_done$_DFFE_PN0P_/D
432	0.7359	uI.chunk_J	uI.ack_o[J]	u2.chunk_0$_DFF_P_/Q	u1.ack_o[0]$_DFF_P_/D
433	0.7373	uI.chunk_J	uI.uJ.int_src_r[K]	u2.chunk_0$_DFF_P_/Q	u0.u0.int_src_r[2]$_DFFE_PN0P_/D
434	0.7377	uI.int_maskb_r[J]	uI.wb_rf_dout[J]	u0.int_maskb_r[0]$_DFFE_PN0P_/Q	u0.wb_rf_dout[0]$_DFFE_PP_/D
435	0.7377	uI.chunk_J	uI.uJ.mast_cyc	u2.chunk_0$_DFF_P_/Q	u3.u0.mast_cyc$_DFF_P_/D
436	0.7388	uI.dma_abort_r	uI.uJ.mast_we_r	u2.dma_abort_r$_DFF_P_/Q	u4.u0.mast_we_r$_DFF_P_/D
437	0.7399	uI.uJ.slv_dout[K]	uI.csr_r[J]	u3.u1.slv_dout[0]$_DFF_P_/Q	u0.csr_r[0]$_DFFE_PN0P_/D
438	0.7407	uI.dma_abort_r	uI.write_hold_r	u2.dma_abort_r$_DFF_P_/Q	u2.write_hold_r$_DFF_P_/D
439	0.7430	uI.dma_abort_r	uI.read_r	u2.dma_abort_r$_DFF_P_/Q	u2.read_r$_DFF_P_/D
440	0.7483	uI.uJ.ch_csr_r[K]	uI.uJ.ch_eol	u0.u2.ch_csr_r[7]$_DFFE_PN0P_/Q	u0.u2.ch_eol$_DFFE_PN0P_/D
441	0.7515	uI.uJ.mast_dout[K]	uI.uJ.ch_csr_r[K]	u3.u0.mast_dout[16]$_DFFE_PP_/Q	u0.u6.ch_csr_r[1]$_DFFE_PN0P_/D
442	0.7516	uI.uJ.ch_err	uI.inta_o	u0.u1.ch_err$_DFFE_PN0P_/Q	u0.inta_o$_DFF_P_/D
443	0.7517	uI.uJ.mast_dout[K]	uI.uJ.pointer_r[K]	u3.u0.mast_dout[16]$_DFFE_PP_/Q	u0.u10.pointer_r[12]$_DFFE_PP_/D
444	0.7534	uI.uJ.slv_dout[K]	uI.uJ.ch_chk_sz_r[K]	u3.u1.slv_dout[20]$_DFF_P_/Q	u0.u14.ch_chk_sz_r[4]$_DFFE_PP_/D
445	0.7536	uI.uJ.mast_dout[K]	uI.uJ.ch_eol	u3.u0.mast_dout[20]$_DFFE_PP_/Q	u0.u0.ch_eol$_DFFE_PN0P_/D
446	0.7560	uI.de_start_r	uI.ch_sel_r[J]	u1.de_start_r$_DFF_P_/QN	u1.ch_sel_r[2]$_DFFE_PN0P_/D
447	0.7561	uI.uJ.ch_csr_r[K]	uI.uJ.ch_csr_r[K]	u0.u11.ch_csr_r[7]$_DFFE_PN0P_/Q	u0.u11.ch_csr_r[0]$_DFFE_PN0P_/D
448	0.7562	uI.de_start_r	uI.chunk_cnt[J]	u1.de_start_r$_DFF_P_/QN	u2.chunk_cnt[0]$_DFFE_PP_/D
449	0.7584	uI.uJ.slv_dout[K]	uI.uJ.ch_csr_rK[L]	u3.u1.slv_dout[13]$_DFF_P_/Q	u0.u0.ch_csr_r2[0]$_DFFE_PN0P_/D
450	0.7587	uI.uJ.slv_re	uI.uJ.int_src_r[K]	u3.u1.slv_re$_DFF_P_/Q	u0.u0.int_src_r[0]$_DFFE_PN0P_/D
451	0.7587	uI.uJ.slv_re	uI.uJ.ch_err	u3.u1.slv_re$_DFF_P_/Q	u0.u1.ch_err$_DFFE_PN0P_/D
452	0.7592	uI.dma_abort_r	uI.uJ.int_src_r[K]	u2.dma_abort_r$_DFF_P_/Q	u0.u0.int_src_r[0]$_DFFE_PN0P_/D
453	0.7592	uI.dma_abort_r	uI.uJ.ch_err	u2.dma_abort_r$_DFF_P_/Q	u0.u1.ch_err$_DFFE_PN0P_/D
454	0.7610	uI.chunk_cnt_is_J_r	uI.chunk_cnt[J]	u2.chunk_cnt_is_0_r$_DFF_P_/QN	u2.chunk_cnt[0]$_DFFE_PP_/D
455	0.7616	uI.uJ.slv_dout[K]	uI.uJ.rest_en	u3.u1.slv_dout[16]$_DFF_P_/Q	u0.u0.rest_en$_DFFE_PN0P_/D
456	0.7659	uI.tsz_cnt_is_J_r	uI.tsz_cnt[J]	u2.tsz_cnt_is_0_r$_DFF_P_/QN	u2.tsz_cnt[11]$_DFFE_PP_/D
457	0.7669	uI.dma_abort_r	uI.write_r	u2.dma_abort_r$_DFF_P_/Q	u2.write_r$_DFF_P_/D
458	0.7677	uI.uJ.slv_dout[K]	uI.uJ.ch_sz_inf	u3.u1.slv_dout[15]$_DFF_P_/Q	u0.u9.ch_sz_inf$_DFFE_PP_/D
459	0.7702	uI.chunk_J	uI.next_ch	u2.chunk_0$_DFF_P_/Q	u2.next_ch$_DFF_P_/D
460	0.7704	uI.next_start	uI.ch_sel_r[J]	u1.next_start$_DFF_P_/Q	u1.ch_sel_r[2]$_DFFE_PN0P_/D
461	0.7706	uI.next_start	uI.chunk_cnt[J]	u1.next_start$_DFF_P_/Q	u2.chunk_cnt[0]$_DFFE_PP_/D
462	0.7709	uI.int_maska_r[J]	uI.wb_rf_dout[J]	u0.int_maska_r[0]$_DFFE_PN0P_/Q	u0.wb_rf_dout[0]$_DFFE_PP_/D
463	0.7732	uI.uJ.ch_eol	uI.uJ.ch_eol	u0.u2.ch_eol$_DFFE_PN0P_/Q	u0.u2.ch_eol$_DFFE_PN0P_/D
464	0.7741	uI.dma_abort_r	uI.state[J]	u2.dma_abort_r$_DFF_P_/Q	u2.state[10]$_DFF_PN0_/D
465	0.7751	uI.int_maskb_r[J]	uI.intb_o	u0.int_maskb_r[10]$_DFFE_PN0P_/Q	u0.intb_o$_DFF_P_/D
466	0.7768	uI.uJ.ch_adrK_s[L]	uI.uJ.ch_adrK_r[L]	u0.u13.ch_adr0_s[29]$_DFFE_PP_/Q	u0.u13.ch_adr0_r[29]$_DFFE_PP_/D
467	0.7800	uI.uJ.ch_csr_r[K]	uI.uJ.int_src_r[K]	u0.u11.ch_csr_r[7]$_DFFE_PN0P_/Q	u0.u11.int_src_r[1]$_DFFE_PN0P_/D
468	0.7825	uI.chunk_J	uI.write_hold_r	u2.chunk_0$_DFF_P_/Q	u2.write_hold_r$_DFF_P_/D
469	0.7843	uI.uJ.ch_err	uI.intb_o	u0.u1.ch_err$_DFFE_PN0P_/Q	u0.intb_o$_DFF_P_/D
470	0.7851	uI.uJ.ch_txsz_s[K]	uI.uJ.ch_tot_sz_r[K]	u0.u5.ch_txsz_s[0]$_DFFE_PP_/Q	u0.u5.ch_tot_sz_r[0]$_DFFE_PP_/D
471	0.7885	uI.uJ.ch_eol	uI.uJ.ch_done	u0.u3.ch_eol$_DFFE_PN0P_/Q	u0.u3.ch_done$_DFFE_PN0P_/D
472	0.7961	uI.adrJ_cnt[K]	uI.mastJ_adr[K]	u2.adr0_cnt[4]$_DFFE_PP_/Q	u2.mast0_adr[6]$_DFF_P_/D
473	0.7994	uI.uJ.ch_adrK_r[L]	uI.uJ.ch_adrK_r[L]	u0.u8.ch_adr1_r[25]$_DFFE_PP_/Q	u0.u8.ch_adr1_r[25]$_DFFE_PP_/D
474	0.8001	uI.de_start_r	uI.state[J]	u1.de_start_r$_DFF_P_/QN	u2.state[10]$_DFF_PN0_/D
475	0.8012	uI.uJ.slv_dout[K]	uI.uJ.ch_done	u3.u1.slv_dout[0]$_DFF_P_/QN	u0.u3.ch_done$_DFFE_PN0P_/D
476	0.8052	uI.uJ.slv_re	uI.uJ.rf_ack	u3.u1.slv_re$_DFF_P_/Q	u3.u1.rf_ack$_DFF_P_/D
477	0.8124	uI.uJ.ch_eol	uI.uJ.ch_csr_r[K]	u0.u2.ch_eol$_DFFE_PN0P_/Q	u0.u2.ch_csr_r[0]$_DFFE_PN0P_/D
478	0.8146	uI.next_start	uI.state[J]	u1.next_start$_DFF_P_/Q	u2.state[10]$_DFF_PN0_/D
479	0.8161	uI.uJ.mast_dout[K]	uI.uJ.mast_dout[K]	u3.u0.mast_dout[20]$_DFFE_PP_/Q	u3.u0.mast_dout[20]$_DFFE_PP_/D
480	0.8280	uI.ndnr[J]	uI.uJ.ch_done	u1.ndnr[3]$_DFF_P_/Q	u0.u3.ch_done$_DFFE_PN0P_/D
481	0.8315	uI.chunk_cnt[J]	uI.chunk_cnt_is_J_r	u2.chunk_cnt[1]$_DFFE_PP_/QN	u2.chunk_cnt_is_0_r$_DFF_P_/D
482	0.8344	uI.uJ.rest_en	uI.uJ.ptr_valid	u0.u14.rest_en$_DFFE_PN0P_/Q	u0.u14.ptr_valid$_DFFE_PN0P_/D
483	0.8346	uI.uJ.pointer_r[K]	uI.uJ.pointer_r[K]	u0.u0.pointer_r[12]$_DFFE_PP_/Q	u0.u0.pointer_r[12]$_DFFE_PP_/D
484	0.8367	uI.uJ.ch_eol	uI.uJ.int_src_r[K]	u0.u2.ch_eol$_DFFE_PN0P_/Q	u0.u2.int_src_r[1]$_DFFE_PN0P_/D
485	0.8393	uI.uJ.ch_txsz_s[K]	uI.uJ.ch_chk_sz_r[K]	u0.u8.ch_txsz_s[12]$_DFFE_PP_/Q	u0.u8.ch_chk_sz_r[0]$_DFFE_PP_/D
486	0.8395	uI.uJ.ch_txsz_s[K]	uI.uJ.ch_txsz_s[K]	u0.u5.ch_txsz_s[10]$_DFFE_PP_/Q	u0.u5.ch_txsz_s[10]$_DFFE_PP_/D
487	0.8436	uI.csr_r[J]	uI.state[J]	u0.csr_r[0]$_DFFE_PN0P_/Q	u2.state[10]$_DFF_PN0_/D
488	0.8444	uI.uJ.ch_csr_r[K]	uI.ack_o[J]	u0.u11.ch_csr_r[5]$_DFFE_PN0P_/Q	u1.ack_o[11]$_DFF_P_/D
489	0.8458	uI.ndnr[J]	uI.uJ.ch_eol	u1.ndnr[2]$_DFF_P_/Q	u0.u2.ch_eol$_DFFE_PN0P_/D
490	0.8482	uI.uJ.ch_tot_sz_r[K]	uI.uJ.ch_tot_sz_r[K]	u0.u3.ch_tot_sz_r[11]$_DFFE_PP_/Q	u0.u3.ch_tot_sz_r[11]$_DFFE_PP_/D
491	0.8518	uI.ndnr[J]	uI.uJ.ptr_valid	u1.ndnr[6]$_DFF_P_/Q	u0.u6.ptr_valid$_DFFE_PN0P_/D
492	0.8521	uI.uJ.rest_en	uI.uJ.rest_en	u0.u10.rest_en$_DFFE_PN0P_/Q	u0.u10.rest_en$_DFFE_PN0P_/D
493	0.8562	uI.uJ.ptr_valid	uI.uJ.ptr_valid	u0.u15.ptr_valid$_DFFE_PN0P_/Q	u0.u15.ptr_valid$_DFFE_PN0P_/D
494	0.8570	uI.uJ.ch_csr_rK[L]	uI.uJ.ch_csr_rK[L]	u0.u13.ch_csr_r2[0]$_DFFE_PN0P_/Q	u0.u13.ch_csr_r2[0]$_DFFE_PN0P_/D
495	0.8591	uI.ndnr[J]	uI.uJ.ch_csr_r[K]	u1.ndnr[1]$_DFF_P_/Q	u0.u1.ch_csr_r[0]$_DFFE_PN0P_/D
496	0.8655	uI.uJ.rf_ack	uI.uJ.slv_re	u3.u1.rf_ack$_DFF_P_/QN	u3.u1.slv_re$_DFF_P_/D
497	0.8663	uI.uJ.ch_done	uI.uJ.ch_done	u0.u3.ch_done$_DFFE_PN0P_/Q	u0.u3.ch_done$_DFFE_PN0P_/D
498	0.8672	uI.wb_rf_dout[J]	uI.wb_rf_dout[J]	u0.wb_rf_dout[0]$_DFFE_PP_/Q	u0.wb_rf_dout[0]$_DFFE_PP_/D
499	0.8700	uI.uJ.rest_en	uI.uJ.ch_rl	u0.u10.rest_en$_DFFE_PN0P_/Q	u0.u10.ch_rl$_DFF_P_/D
500	0.8805	uI.write_hold_r	uI.uJ.mast_stb	u2.write_hold_r$_DFF_P_/Q	u3.u0.mast_stb$_DFF_P_/D
501	0.8830	uI.int_maskb_r[J]	uI.int_maskb_r[J]	u0.int_maskb_r[3]$_DFFE_PN0P_/Q	u0.int_maskb_r[3]$_DFFE_PN0P_/D
502	0.8835	uI.ndnr[J]	uI.uJ.int_src_r[K]	u1.ndnr[1]$_DFF_P_/Q	u0.u1.int_src_r[1]$_DFFE_PN0P_/D
503	0.8838	uI.uJ.ch_adrK_s[L]	uI.uJ.ch_adrK_s[L]	u0.u4.ch_adr0_s[10]$_DFFE_PP_/Q	u0.u4.ch_adr0_s[10]$_DFFE_PP_/D
504	0.8860	uI.csr_r[J]	uI.csr_r[J]	u0.csr_r[0]$_DFFE_PN0P_/Q	u0.csr_r[0]$_DFFE_PN0P_/D
505	0.8860	uI.int_maska_r[J]	uI.int_maska_r[J]	u0.int_maska_r[12]$_DFFE_PN0P_/Q	u0.int_maska_r[12]$_DFFE_PN0P_/D
506	0.8860	uI.uJ.int_src_r[K]	uI.uJ.int_src_r[K]	u0.u10.int_src_r[0]$_DFFE_PN0P_/Q	u0.u10.int_src_r[0]$_DFFE_PN0P_/D
507	0.8861	uI.uJ.ch_err	uI.uJ.ch_err	u0.u1.ch_err$_DFFE_PN0P_/Q	u0.u1.ch_err$_DFFE_PN0P_/D
508	0.8893	uI.uJ.sw_pointer_r[K]	uI.uJ.sw_pointer_r[K]	u0.u12.sw_pointer_r[27]$_DFFE_PN0P_/Q	u0.u12.sw_pointer_r[27]$_DFFE_PN0P_/D
509	0.8897	uI.uJ.ch_sz_inf	uI.uJ.ch_sz_inf	u0.u10.ch_sz_inf$_DFFE_PP_/Q	u0.u10.ch_sz_inf$_DFFE_PP_/D
510	0.8899	uI.uJ.ch_amK_r[L]	uI.uJ.ch_amK_r[L]	u0.u0.ch_am0_r[10]$_DFFE_PN1P_/Q	u0.u0.ch_am0_r[10]$_DFFE_PN1P_/D
511	0.8905	uI.uJ.pointer_r[K]	uI.uJ.pointer_sr[K]	u0.u10.pointer_r[17]$_DFFE_PP_/Q	u0.u10.pointer_sr[17]$_DFFE_PP_/D
512	0.8921	uI.uJ.ch_chk_sz_r[K]	uI.uJ.ch_chk_sz_r[K]	u0.u10.ch_chk_sz_r[8]$_DFFE_PP_/Q	u0.u10.ch_chk_sz_r[8]$_DFFE_PP_/D
513	0.8953	uI.uJ.pointer_sr[K]	uI.uJ.pointer_sr[K]	u0.u14.pointer_sr[12]$_DFFE_PP_/Q	u0.u14.pointer_sr[12]$_DFFE_PP_/D
514	0.8969	uI.uJ.rf_ack	uI.uJ.slv_we	u3.u1.rf_ack$_DFF_P_/QN	u3.u1.slv_we$_DFF_P_/D
515	0.8993	uI.uJ.ch_csr_r[K]	uI.uJ.ch_rl	u0.u9.ch_csr_r[6]$_DFFE_PN0P_/Q	u0.u9.ch_rl$_DFF_P_/D
516	0.9019	uI.write_hold_r	uI.uJ.mast_cyc	u2.write_hold_r$_DFF_P_/Q	u3.u0.mast_cyc$_DFF_P_/D
517	0.9056	_I_	_I_	_51422_/Q	_51422_/D
518	0.9063	uI.uJ.slv_re	uI.uJ.slv_re	u3.u1.slv_re$_DFF_P_/QN	u3.u1.slv_re$_DFF_P_/D
519	0.9199	uI.next_ch	uI.next_start	u2.next_ch$_DFF_P_/Q	u1.next_start$_DFF_P_/D
520	0.9228	uI.uJ.rf_ack	uI.uJ.rf_ack	u3.u1.rf_ack$_DFF_P_/QN	u3.u1.rf_ack$_DFF_P_/D
521	0.9333	uI.ack_o[J]	uI.req_r[J]	u1.ack_o[0]$_DFF_P_/QN	u1.req_r[0]$_DFF_P_/D
522	0.9408	rst_syncI	rst_syncI	rst_sync1$_DFF_PP0_/Q	rst_sync2$_DFF_PP0_/D
523	0.9444	uI.read_r	uI.chunk_dec	u2.read_r$_DFF_P_/QN	u2.chunk_dec$_DFF_P_/D
