# stage	1_synth
# top_module	wb_dma_top
# top_n	100
# kind	blocks
# skip_async	1
# include_full	1
# rank	worst_slack_ns	start	end	start_full	end_full
1	-0.3207	uI.state[J]	wbIs_data_o[J]	u2.state[3]$_DFF_PP0_/Q	wb0s_data_o[10]
2	-0.2385	uI.uJ.pri_outK[L]	wbIs_data_o[J]	u1.u0.pri_out0[1]$_DFF_P_/Q	wb0s_data_o[10]
3	-0.2222	uI.uJ.state[K]	wbIs_data_o[J]	u1.u1.state[1]$_DFFE_PP0P_/Q	wb0s_data_o[10]
4	-0.1966	uI.ch_sel_r[J]	wbIs_data_o[J]	u1.ch_sel_r[0]$_DFFE_PP0P_/Q	wb0s_data_o[10]
5	-0.1352	wbI_addr_i[J]	wbIs_data_o[J]	wb0_addr_i[28]	wb1s_data_o[17]
6	-0.1270	wbI_addr_i[J]	wbI_addr_o[J]	wb0_addr_i[28]	wb1_addr_o[15]
7	-0.1198	wbI_addr_i[J]	wbI_cyc_o	wb0_addr_i[28]	wb1_cyc_o
8	-0.1029	wbI_addr_i[J]	wbI_err_o	wb0_addr_i[28]	wb0_err_o
9	-0.1029	wbI_addr_i[J]	wbI_rty_o	wb0_addr_i[28]	wb0_rty_o
10	-0.0971	wbI_addr_i[J]	wbIm_data_o[J]	wb1_addr_i[29]	wb1m_data_o[0]
11	-0.0822	wbI_addr_i[J]	wbI_sel_o[J]	wb0_addr_i[28]	wb1_sel_o[0]
12	-0.0738	wbI_addr_i[J]	wbI_stb_o	wb0_addr_i[28]	wb1_stb_o
13	-0.0738	wbI_addr_i[J]	wbI_we_o	wb0_addr_i[28]	wb1_we_o
14	-0.0723	wbI_addr_i[J]	wbI_ack_o	wb1_addr_i[29]	wb1_ack_o
15	-0.0714	wbI_cyc_i	wbI_addr_o[J]	wb0_cyc_i	wb1_addr_o[15]
16	-0.0349	wbI_cyc_i	wbI_err_o	wb0_cyc_i	wb0_err_o
17	-0.0349	wbI_cyc_i	wbI_rty_o	wb0_cyc_i	wb0_rty_o
18	-0.0346	wbI_cyc_i	wbIs_data_o[J]	wb0_cyc_i	wb1s_data_o[17]
19	-0.0329	wbI_cyc_i	wbIm_data_o[J]	wb1_cyc_i	wb1m_data_o[0]
20	-0.0299	wbI_cyc_i	wbI_cyc_o	wb0_cyc_i	wb1_cyc_o
21	-0.0103	wbI_cyc_i	wbI_ack_o	wb1_cyc_i	wb1_ack_o
22	-0.0046	wbI_cyc_i	wbI_stb_o	wb1_cyc_i	wb0_stb_o
23	-0.0046	wbI_cyc_i	wbI_we_o	wb1_cyc_i	wb0_we_o
24	0.0185	wbI_cyc_i	wbI_sel_o[J]	wb0_cyc_i	wb1_sel_o[0]
25	0.0252	uI.uJ.ch_csr_r[K]	wbIs_data_o[J]	u0.u10.ch_csr_r[2]$_DFFE_PP0P_/Q	wb0s_data_o[10]
26	0.0422	uI.state[J]	uI.mastJ_adr[K]	u2.state[3]$_DFF_PP0_/Q	u2.mast0_adr[10]$_DFF_P_/D
27	0.0563	wbI_ack_i	wbI_ack_o	wb1_ack_i	wb0_ack_o
28	0.0683	uI.state[J]	uI.uJ.mast_stb	u2.state[3]$_DFF_PP0_/Q	u4.u0.mast_stb$_DFF_P_/D
29	0.0826	uI.state[J]	uI.chunk_J	u2.state[3]$_DFF_PP0_/Q	u2.chunk_0$_DFF_P_/D
30	0.0840	uI.ndr_r[J]	wbIs_data_o[J]	u1.ndr_r[6]$_DFF_P_/Q	wb0s_data_o[10]
31	0.0974	uI.state[J]	uI.uJ.mast_we_r	u2.state[3]$_DFF_PP0_/Q	u3.u0.mast_we_r$_DFF_P_/D
32	0.1001	uI.state[J]	uI.adrJ_cnt[K]	u2.state[3]$_DFF_PP0_/Q	u2.adr1_cnt[10]$_DFFE_PP_/D
33	0.1030	uI.uJ.pri_outK[L]	uI.mastJ_adr[K]	u1.u0.pri_out0[1]$_DFF_P_/Q	u2.mast0_adr[10]$_DFF_P_/D
34	0.1067	uI.state[J]	uI.tsz_cnt[J]	u2.state[3]$_DFF_PP0_/Q	u2.tsz_cnt[10]$_DFFE_PP_/D
35	0.1150	uI.state[J]	uI.uJ.ch_done	u2.state[3]$_DFF_PP0_/Q	u0.u14.ch_done$_DFFE_PP0P_/D
36	0.1153	uI.uJ.state[K]	uI.mastJ_adr[K]	u1.u1.state[3]$_DFFE_PP0P_/Q	u2.mast0_adr[10]$_DFF_P_/D
37	0.1232	uI.state[J]	uI.read_r	u2.state[3]$_DFF_PP0_/Q	u2.read_r$_DFF_P_/D
38	0.1264	uI.state[J]	uI.uJ.mast_cyc	u2.state[3]$_DFF_PP0_/Q	u3.u0.mast_cyc$_DFF_P_/D
39	0.1291	uI.uJ.pri_outK[L]	uI.uJ.mast_stb	u1.u0.pri_out0[1]$_DFF_P_/Q	u4.u0.mast_stb$_DFF_P_/D
40	0.1296	uI.ch_sel_r[J]	uI.mastJ_adr[K]	u1.ch_sel_r[4]$_DFFE_PP0P_/Q	u2.mast0_adr[10]$_DFF_P_/D
41	0.1392	uI.state[J]	uI.uJ.ch_txsz_s[K]	u2.state[3]$_DFF_PP0_/Q	u0.u2.ch_txsz_s[9]$_DFFE_PP_/D
42	0.1414	uI.uJ.state[K]	uI.uJ.mast_stb	u1.u1.state[3]$_DFFE_PP0P_/Q	u4.u0.mast_stb$_DFF_P_/D
43	0.1464	uI.state[J]	uI.uJ.ch_csr_r[K]	u2.state[3]$_DFF_PP0_/Q	u0.u14.ch_csr_r[0]$_DFFE_PP0P_/D
44	0.1474	uI.state[J]	uI.state[J]	u2.state[3]$_DFF_PP0_/Q	u2.state[10]$_DFF_PP0_/D
45	0.1475	uI.state[J]	uI.uJ.pointer_sr[K]	u2.state[3]$_DFF_PP0_/Q	u0.u14.pointer_sr[18]$_DFFE_PP_/D
46	0.1476	uI.state[J]	uI.uJ.ch_eol	u2.state[3]$_DFF_PP0_/Q	u0.u14.ch_eol$_DFFE_PP0P_/D
47	0.1482	uI.state[J]	uI.uJ.ch_chk_sz_r[K]	u2.state[3]$_DFF_PP0_/Q	u0.u12.ch_chk_sz_r[0]$_DFFE_PP_/D
48	0.1534	uI.state[J]	uI.uJ.ch_adrK_s[L]	u2.state[3]$_DFF_PP0_/Q	u0.u5.ch_adr1_s[29]$_DFFE_PP_/D
49	0.1549	uI.uJ.pri_outK[L]	uI.chunk_dec	u1.u0.pri_out0[1]$_DFF_P_/Q	u2.chunk_dec$_DFF_P_/D
50	0.1557	uI.ch_sel_r[J]	uI.uJ.mast_stb	u1.ch_sel_r[4]$_DFFE_PP0P_/Q	u4.u0.mast_stb$_DFF_P_/D
51	0.1654	wbI_stb_i	wbI_stb_o	wb1_stb_i	wb0_stb_o
52	0.1654	wbI_we_i	wbI_we_o	wb1_we_i	wb0_we_o
53	0.1654	wbIs_data_i[J]	wbIm_data_o[J]	wb1s_data_i[0]	wb0m_data_o[0]
54	0.1658	wbIm_data_i[J]	wbIs_data_o[J]	wb1m_data_i[0]	wb0s_data_o[0]
55	0.1666	uI.uJ.pri_outK[L]	uI.adrJ_cnt[K]	u1.u0.pri_out0[1]$_DFF_P_/Q	u2.adr0_cnt[2]$_DFFE_PP_/D
56	0.1668	uI.state[J]	uI.uJ.ch_tot_sz_r[K]	u2.state[3]$_DFF_PP0_/Q	u0.u5.ch_tot_sz_r[10]$_DFFE_PP_/D
57	0.1669	uI.uJ.state[K]	uI.adrJ_cnt[K]	u1.u1.state[3]$_DFFE_PP0P_/Q	u2.adr1_cnt[10]$_DFFE_PP_/D
58	0.1672	uI.uJ.state[K]	uI.chunk_dec	u1.u1.state[3]$_DFFE_PP0P_/Q	u2.chunk_dec$_DFF_P_/D
59	0.1683	uI.state[J]	uI.uJ.ptr_valid	u2.state[3]$_DFF_PP0_/Q	u0.u0.ptr_valid$_DFFE_PP0P_/D
60	0.1704	uI.state[J]	uI.uJ.int_src_r[K]	u2.state[3]$_DFF_PP0_/Q	u0.u14.int_src_r[1]$_DFFE_PP0P_/D
61	0.1750	uI.state[J]	uI.uJ.ch_adrK_r[L]	u2.state[3]$_DFF_PP0_/Q	u0.u14.ch_adr1_r[19]$_DFFE_PP_/D
62	0.1754	uI.state[J]	uI.chunk_cnt[J]	u2.state[3]$_DFF_PP0_/Q	u2.chunk_cnt[0]$_DFFE_PP_/D
63	0.1773	wbI_sel_i[J]	wbI_sel_o[J]	wb1_sel_i[0]	wb0_sel_o[0]
64	0.1802	uI.uJ.pri_outK[L]	uI.uJ.pointer_sr[K]	u1.u0.pri_out0[1]$_DFF_P_/Q	u0.u11.pointer_sr[17]$_DFFE_PP_/D
65	0.1815	uI.ch_sel_r[J]	uI.chunk_dec	u1.ch_sel_r[4]$_DFFE_PP0P_/Q	u2.chunk_dec$_DFF_P_/D
66	0.1830	uI.state[J]	uI.uJ.pointer_r[K]	u2.state[3]$_DFF_PP0_/Q	u0.u2.pointer_r[10]$_DFFE_PP_/D
67	0.1840	uI.uJ.pri_outK[L]	uI.read_r	u1.u0.pri_out0[1]$_DFF_P_/Q	u2.read_r$_DFF_P_/D
68	0.1872	uI.uJ.pri_outK[L]	uI.uJ.ch_chk_sz_r[K]	u1.u0.pri_out0[1]$_DFF_P_/Q	u0.u11.ch_chk_sz_r[0]$_DFFE_PP_/D
69	0.1885	uI.uJ.state[K]	uI.tsz_cnt[J]	u1.u1.state[3]$_DFFE_PP0P_/Q	u2.tsz_cnt[7]$_DFFE_PP_/D
70	0.1891	uI.state[J]	uI.ch_sel_r[J]	u2.state[3]$_DFF_PP0_/Q	u1.ch_sel_r[0]$_DFFE_PP0P_/D
71	0.1898	uI.uJ.pri_outK[L]	uI.uJ.ch_txsz_s[K]	u1.u0.pri_out0[1]$_DFF_P_/Q	u0.u11.ch_txsz_s[11]$_DFFE_PP_/D
72	0.1924	uI.uJ.pri_outK[L]	uI.uJ.mast_we_r	u1.u0.pri_out0[1]$_DFF_P_/Q	u3.u0.mast_we_r$_DFF_P_/D
73	0.1930	wbI_err_i	wbI_err_o	wb1_err_i	wb0_err_o
74	0.1930	wbI_rty_i	wbI_rty_o	wb1_rty_i	wb0_rty_o
75	0.1930	uI.state[J]	uI.tsz_cnt_is_J_r	u2.state[3]$_DFF_PP0_/Q	u2.tsz_cnt_is_0_r$_DFF_P_/D
76	0.1931	uI.uJ.pri_outK[L]	uI.tsz_cnt[J]	u1.u0.pri_out0[1]$_DFF_P_/Q	u2.tsz_cnt[8]$_DFFE_PP_/D
77	0.1942	uI.uJ.state[K]	uI.chunk_J	u1.u1.state[3]$_DFFE_PP0P_/Q	u2.chunk_0$_DFF_P_/D
78	0.1963	uI.uJ.state[K]	uI.read_r	u1.u1.state[3]$_DFFE_PP0P_/Q	u2.read_r$_DFF_P_/D
79	0.1964	uI.uJ.state[K]	uI.uJ.pointer_sr[K]	u1.u1.state[1]$_DFFE_PP0P_/Q	u0.u11.pointer_sr[17]$_DFFE_PP_/D
80	0.1966	uI.uJ.pri_outK[L]	uI.uJ.ch_tot_sz_r[K]	u1.u0.pri_out0[1]$_DFF_P_/Q	u0.u11.ch_tot_sz_r[5]$_DFFE_PP_/D
81	0.1969	uI.uJ.state[K]	uI.uJ.ch_txsz_s[K]	u1.u2.state[2]$_DFFE_PP0P_/Q	u0.u3.ch_txsz_s[8]$_DFFE_PP_/D
82	0.1972	uI.uJ.pri_outK[L]	uI.uJ.ch_done	u1.u0.pri_out0[1]$_DFF_P_/Q	u0.u14.ch_done$_DFFE_PP0P_/D
83	0.1977	uI.uJ.pri_outK[L]	uI.uJ.ch_csr_r[K]	u1.u0.pri_out0[1]$_DFF_P_/Q	u0.u14.ch_csr_r[0]$_DFFE_PP0P_/D
84	0.1989	uI.uJ.pri_outK[L]	uI.uJ.ch_eol	u1.u0.pri_out0[1]$_DFF_P_/Q	u0.u14.ch_eol$_DFFE_PP0P_/D
85	0.2001	uI.uJ.state[K]	uI.uJ.mast_we_r	u1.u1.state[3]$_DFFE_PP0P_/Q	u3.u0.mast_we_r$_DFF_P_/D
86	0.2008	uI.uJ.pri_outK[L]	uI.chunk_J	u1.u0.pri_out0[1]$_DFF_P_/Q	u2.chunk_0$_DFF_P_/D
87	0.2013	uI.uJ.state[K]	uI.uJ.ch_chk_sz_r[K]	u1.u2.state[2]$_DFFE_PP0P_/Q	u0.u3.ch_chk_sz_r[0]$_DFFE_PP_/D
88	0.2030	uI.state[J]	uI.write_r	u2.state[3]$_DFF_PP0_/Q	u2.write_r$_DFF_P_/D
89	0.2065	uI.state[J]	uI.uJ.ch_rl	u2.state[3]$_DFF_PP0_/Q	u0.u14.ch_rl$_DFF_P_/D
90	0.2106	uI.ch_sel_r[J]	uI.read_r	u1.ch_sel_r[4]$_DFFE_PP0P_/Q	u2.read_r$_DFF_P_/D
91	0.2128	uI.uJ.state[K]	uI.uJ.ch_tot_sz_r[K]	u1.u1.state[1]$_DFFE_PP0P_/Q	u0.u11.ch_tot_sz_r[5]$_DFFE_PP_/D
92	0.2134	uI.uJ.state[K]	uI.uJ.ch_done	u1.u1.state[1]$_DFFE_PP0P_/Q	u0.u14.ch_done$_DFFE_PP0P_/D
93	0.2139	uI.uJ.state[K]	uI.uJ.ch_csr_r[K]	u1.u1.state[1]$_DFFE_PP0P_/Q	u0.u14.ch_csr_r[0]$_DFFE_PP0P_/D
94	0.2139	uI.uJ.pri_outK[L]	uI.state[J]	u1.u0.pri_out0[1]$_DFF_P_/Q	u2.state[10]$_DFF_PP0_/D
95	0.2141	uI.uJ.pri_outK[L]	uI.uJ.pointer_r[K]	u1.u0.pri_out0[1]$_DFF_P_/Q	u0.u11.pointer_r[10]$_DFFE_PP_/D
96	0.2142	uI.uJ.state[K]	uI.state[J]	u1.u1.state[3]$_DFFE_PP0P_/Q	u2.state[10]$_DFF_PP0_/D
97	0.2151	uI.uJ.state[K]	uI.uJ.ch_eol	u1.u1.state[1]$_DFFE_PP0P_/Q	u0.u14.ch_eol$_DFFE_PP0P_/D
98	0.2205	uI.state[J]	uI.ack_o[J]	u2.state[3]$_DFF_PP0_/Q	u1.ack_o[15]$_DFF_P_/D
99	0.2212	uI.ch_sel_r[J]	uI.adrJ_cnt[K]	u1.ch_sel_r[4]$_DFFE_PP0P_/Q	u2.adr1_cnt[10]$_DFFE_PP_/D
100	0.2214	wbI_ack_i	uI.mastJ_adr[K]	wb1_ack_i	u2.mast0_adr[10]$_DFF_P_/D
