# stage	1_synth
# top_module	cordic_engine
# top_n	100
# kind	blocks
# skip_async	1
# include_full	1
# rank	worst_slack_ns	start	end	start_full	end_full
1	-0.4432	u_vec.yv_h[I][J]	u_vec.yv[I][J]	u_vec.yv_h[14][24]$_SDFFE_PP0P_/Q	u_vec.yv[15][23]$_SDFFE_PP0P_/D
2	-0.4288	u_vec.yv_h[I][J]	u_vec.xv[I][J]	u_vec.yv_h[16][24]$_SDFFE_PP0P_/Q	u_vec.xv[17][24]$_SDFFE_PP0P_/D
3	-0.3838	u_vec.xv_in[I]	u_vec.yv[I][J]	u_vec.xv_in[7]$_SDFFE_PP0P_/QN	u_vec.yv[0][24]$_SDFFE_PP0P_/D
4	-0.3804	u_rot.ph[I][J]	u_rot.yv[I][J]	u_rot.ph[0][24]$_SDFFE_PP0P_/Q	u_rot.yv[1][20]$_SDFFE_PP0P_/D
5	-0.3750	u_rot.xv[I][J]	u_rot.yv[I][J]	u_rot.xv[3][7]$_SDFFE_PP0P_/QN	u_rot.yv[4][19]$_SDFFE_PP0P_/D
6	-0.3592	u_rot.ph[I][J]	u_rot.xv[I][J]	u_rot.ph[4][24]$_SDFFE_PP0P_/Q	u_rot.xv[5][19]$_SDFFE_PP0P_/D
7	-0.3566	u_rot.yv[I][J]	u_rot.xv[I][J]	u_rot.yv[2][3]$_SDFFE_PP0P_/QN	u_rot.xv[3][19]$_SDFFE_PP0P_/D
8	-0.3560	u_vec.xv_in[I]	u_vec.xv[I][J]	u_vec.xv_in[7]$_SDFFE_PP0P_/QN	u_vec.xv[0][22]$_SDFFE_PP0P_/D
9	-0.3516	u_vec.xv_h[I][J]	u_vec.yv[I][J]	u_vec.xv_h[12][16]$_SDFFE_PP0P_/QN	u_vec.yv[13][21]$_SDFFE_PP0P_/D
10	-0.3299	u_vec.dir_h[I]	u_vec.xv[I][J]	u_vec.dir_h[1]$_SDFFE_PP0P_/Q	u_vec.xv[2][23]$_SDFFE_PP0P_/D
11	-0.3293	u_vec.dir_h[I]	u_vec.yv[I][J]	u_vec.dir_h[21]$_SDFFE_PP0P_/Q	u_vec.yv[22][24]$_SDFFE_PP0P_/D
12	-0.2770	u_vec.xv_h[I][J]	u_vec.xv[I][J]	u_vec.xv_h[1][4]$_SDFFE_PP0P_/QN	u_vec.xv[2][23]$_SDFFE_PP0P_/D
13	-0.2613	u_vec.dir_h[I]	u_vec.ph[I][J]	u_vec.dir_h[22]$_SDFFE_PP0P_/Q	u_vec.ph[23][24]$_SDFFE_PP0P_/D
14	-0.2572	u_vec.yv_h[I][J]	u_vec.ph[I][J]	u_vec.yv_h[20][24]$_SDFFE_PP0P_/Q	u_vec.ph[21][25]$_SDFFE_PP0P_/D
15	-0.2325	u_rot.ph[I][J]	u_rot.ph[I][J]	u_rot.ph[18][24]$_SDFFE_PP0P_/QN	u_rot.ph[19][24]$_SDFFE_PP0P_/D
16	-0.1367	u_vec.yv_in[I]	u_vec.yv[I][J]	u_vec.yv_in[14]$_SDFFE_PP0P_/QN	u_vec.yv[0][24]$_SDFFE_PP0P_/D
17	-0.1234	u_vec.yv_in[I]	u_vec.xv[I][J]	u_vec.yv_in[16]$_SDFFE_PP0P_/QN	u_vec.xv[0][23]$_SDFFE_PP0P_/D
18	-0.1216	u_vec.ph_h[I][J]	u_vec.ph[I][J]	u_vec.ph_h[5][10]$_SDFFE_PP0P_/Q	u_vec.ph[6][24]$_SDFFE_PP0P_/D
19	-0.1213	u_rot.xv[I][J]	u_rot.xv[I][J]	u_rot.xv[6][0]$_SDFFE_PP0P_/Q	u_rot.xv[7][20]$_SDFFE_PP0P_/D
20	-0.0908	u_rot.yv[I][J]	u_rot.yv[I][J]	u_rot.yv[0][3]$_SDFFE_PP0P_/Q	u_rot.yv[1][20]$_SDFFE_PP0P_/D
21	-0.0691	i_reset	u_vec.xv[I][J]	i_reset	u_vec.xv[4][21]$_SDFFE_PP0P_/D
22	-0.0691	i_reset	u_vec.yv[I][J]	i_reset	u_vec.yv[4][16]$_SDFFE_PP0P_/D
23	-0.0644	i_reset	u_rot.xv[I][J]	i_reset	u_rot.xv[18][19]$_SDFFE_PP0P_/D
24	-0.0642	i_reset	u_rot.ph[I][J]	i_reset	u_rot.ph[19][18]$_SDFFE_PP0P_/D
25	-0.0641	i_reset	u_vec.o_mag[I]	i_reset	u_vec.o_mag[15]$_SDFFE_PP0P_/D
26	-0.0641	i_reset	u_rot.yv[I][J]	i_reset	u_rot.yv[19][12]$_SDFFE_PP0P_/D
27	-0.0603	i_reset	u_vec.ph[I][J]	i_reset	u_vec.ph[5][20]$_SDFFE_PP0P_/D
28	-0.0565	i_ce	u_rot.ph[I][J]	i_ce	u_rot.ph[4][15]$_SDFFE_PP0P_/D
29	-0.0564	i_ce	u_vec.ph[I][J]	i_ce	u_vec.ph[5][20]$_SDFFE_PP0P_/D
30	-0.0564	i_ce	u_vec.xv[I][J]	i_ce	u_vec.xv[4][16]$_SDFFE_PP0P_/D
31	-0.0564	i_ce	u_vec.yv[I][J]	i_ce	u_vec.yv[5][20]$_SDFFE_PP0P_/D
32	-0.0546	i_ce	u_rot.xv[I][J]	i_ce	u_rot.xv[16][17]$_SDFFE_PP0P_/D
33	-0.0541	i_ce	u_rot.yv[I][J]	i_ce	u_rot.yv[3][18]$_SDFFE_PP0P_/D
34	-0.0396	i_ce	u_vec.dir_h[I]	i_ce	u_vec.dir_h[22]$_SDFFE_PP0P_/D
35	-0.0327	i_ce	u_vec.ph_h[I][J]	i_ce	u_vec.ph_h[2][0]$_SDFFE_PP0P_/D
36	-0.0327	i_ce	u_vec.xv_h[I][J]	i_ce	u_vec.xv_h[1][10]$_SDFFE_PP0P_/D
37	-0.0327	i_ce	u_vec.yv_h[I][J]	i_ce	u_vec.yv_h[1][10]$_SDFFE_PP0P_/D
38	-0.0327	i_ce	u_vec.yv_in[I]	i_ce	u_vec.yv_in[19]$_SDFFE_PP0P_/D
39	-0.0327	i_ce	u_rot.ph_in[I]	i_ce	u_rot.ph_in[24]$_SDFFE_PP0P_/D
40	-0.0327	i_ce	u_vec.ax[I]	i_ce	u_vec.ax[47]$_SDFFE_PP0P_/D
41	-0.0327	i_ce	u_vec.xv_in[I]	i_ce	u_vec.xv_in[16]$_SDFFE_PP0P_/D
42	-0.0327	i_ce	u_vec.xy_sign[I]	i_ce	u_vec.xy_sign[1]$_SDFFE_PP0P_/D
43	-0.0323	i_ce	u_vec.o_aux	i_ce	u_vec.o_aux$_SDFFE_PP0P_/D
44	-0.0323	i_ce	u_vec.o_phase[I]	i_ce	u_vec.o_phase[25]$_SDFFE_PP0P_/D
45	-0.0290	i_ce	u_vec.o_mag[I]	i_ce	u_vec.o_mag[15]$_SDFFE_PP0P_/D
46	-0.0148	u_vec.xv[I][J]	u_vec.o_mag[I]	u_vec.xv[23][7]$_SDFFE_PP0P_/QN	u_vec.o_mag[16]$_SDFFE_PP0P_/D
47	-0.0144	i_ce	u_rot.o_xval[I]	i_ce	u_rot.o_xval[17]$_SDFFE_PP0P_/D
48	-0.0144	i_ce	u_rot.o_yval[I]	i_ce	u_rot.o_yval[17]$_SDFFE_PP0P_/D
49	-0.0084	i_ce	u_rot.ax[I]	i_ce	u_rot.ax[0]$_SDFFE_PP0P_/D
50	-0.0053	i_reset	u_vec.o_phase[I]	i_reset	u_vec.o_phase[0]$_SDFFE_PP0P_/D
51	-0.0053	i_reset	u_vec.xv_h[I][J]	i_reset	u_vec.xv_h[0][10]$_SDFFE_PP0P_/D
52	-0.0053	i_reset	u_vec.yv_h[I][J]	i_reset	u_vec.yv_h[0][10]$_SDFFE_PP0P_/D
53	-0.0048	i_reset	u_rot.o_yval[I]	i_reset	u_rot.o_yval[8]$_SDFFE_PP0P_/D
54	-0.0034	u_rot.xv[I][J]	u_rot.o_xval[I]	u_rot.xv[21][1]$_SDFFE_PP0P_/Q	u_rot.o_xval[16]$_SDFFE_PP0P_/D
55	-0.0006	u_vec.xv_in[I]	u_rot.xv[I][J]	u_vec.xv_in[7]$_SDFFE_PP0P_/QN	u_rot.xv[0][19]$_SDFFE_PP0P_/D
56	0.0177	u_rot.yv[I][J]	u_rot.o_yval[I]	u_rot.yv[21][1]$_SDFFE_PP0P_/Q	u_rot.o_yval[17]$_SDFFE_PP0P_/D
57	0.0238	i_reset	u_rot.o_xval[I]	i_reset	u_rot.o_xval[8]$_SDFFE_PP0P_/D
58	0.0377	i_reset	u_vec.ph_h[I][J]	i_reset	u_vec.ph_h[3][0]$_SDFFE_PP0P_/D
59	0.0396	i_reset	u_vec.yv_in[I]	i_reset	u_vec.yv_in[19]$_SDFFE_PP0P_/D
60	0.0452	u_rot.ph_in[I]	u_rot.xv[I][J]	u_rot.ph_in[22]$_SDFFE_PP0P_/Q	u_rot.xv[0][19]$_SDFFE_PP0P_/D
61	0.0479	u_rot.ph_in[I]	u_rot.yv[I][J]	u_rot.ph_in[23]$_SDFFE_PP0P_/Q	u_rot.yv[0][4]$_SDFFE_PP0P_/D
62	0.0516	i_reset	u_vec.dir_h[I]	i_reset	u_vec.dir_h[22]$_SDFFE_PP0P_/D
63	0.0516	i_reset	u_rot.ph_in[I]	i_reset	u_rot.ph_in[24]$_SDFFE_PP0P_/D
64	0.0516	i_reset	u_vec.ax[I]	i_reset	u_vec.ax[47]$_SDFFE_PP0P_/D
65	0.0516	i_reset	u_vec.xv_in[I]	i_reset	u_vec.xv_in[16]$_SDFFE_PP0P_/D
66	0.0516	i_reset	u_vec.xy_sign[I]	i_reset	u_vec.xy_sign[1]$_SDFFE_PP0P_/D
67	0.0545	u_vec.xy_sign[I]	u_vec.xv[I][J]	u_vec.xy_sign[1]$_SDFFE_PP0P_/QN	u_vec.xv[0][23]$_SDFFE_PP0P_/D
68	0.0564	u_vec.xy_sign[I]	u_vec.yv[I][J]	u_vec.xy_sign[1]$_SDFFE_PP0P_/QN	u_vec.yv[0][24]$_SDFFE_PP0P_/D
69	0.0577	u_vec.yv_in[I]	u_rot.xv[I][J]	u_vec.yv_in[7]$_SDFFE_PP0P_/QN	u_rot.xv[0][19]$_SDFFE_PP0P_/D
70	0.0596	u_vec.xv_in[I]	u_rot.yv[I][J]	u_vec.xv_in[7]$_SDFFE_PP0P_/QN	u_rot.yv[0][16]$_SDFFE_PP0P_/D
71	0.0616	i_reset	u_rot.ax[I]	i_reset	u_rot.ax[0]$_SDFFE_PP0P_/D
72	0.0654	i_reset	u_vec.o_aux	i_reset	u_vec.o_aux$_SDFFE_PP0P_/D
73	0.0738	u_vec.yv_in[I]	u_rot.yv[I][J]	u_vec.yv_in[6]$_SDFFE_PP0P_/QN	u_rot.yv[0][18]$_SDFFE_PP0P_/D
74	0.0763	u_vec.yv_h[I][J]	u_vec.yv_h[I][J]	u_vec.yv_h[13][24]$_SDFFE_PP0P_/Q	u_vec.yv_h[13][24]$_SDFFE_PP0P_/D
75	0.1178	u_rot.ph_in[I]	u_rot.ph[I][J]	u_rot.ph_in[22]$_SDFFE_PP0P_/QN	u_rot.ph[0][23]$_SDFFE_PP0P_/D
76	0.1470	u_vec.xy_sign[I]	u_vec.ph[I][J]	u_vec.xy_sign[1]$_SDFFE_PP0P_/Q	u_vec.ph[0][25]$_SDFFE_PP0P_/D
77	0.1558	u_vec.dir_h[I]	u_vec.dir_h[I]	u_vec.dir_h[21]$_SDFFE_PP0P_/Q	u_vec.dir_h[21]$_SDFFE_PP0P_/D
78	0.2339	u_vec.xy_sign[I]	u_rot.xv[I][J]	u_vec.xy_sign[1]$_SDFFE_PP0P_/QN	u_rot.xv[0][19]$_SDFFE_PP0P_/D
79	0.2346	u_vec.xy_sign[I]	u_rot.yv[I][J]	u_vec.xy_sign[0]$_SDFFE_PP0P_/Q	u_rot.yv[0][19]$_SDFFE_PP0P_/D
80	0.2561	u_vec.ax[I]	o_rot_aux	u_vec.ax[23]$_SDFFE_PP0P_/Q	o_rot_aux
81	0.2594	u_rot.o_xval[I]	o_rot_xval[I]	u_rot.o_xval[0]$_SDFFE_PP0P_/Q	o_rot_xval[0]
82	0.2594	u_rot.o_yval[I]	o_rot_yval[I]	u_rot.o_yval[0]$_SDFFE_PP0P_/Q	o_rot_yval[0]
83	0.2594	u_vec.o_aux	o_vec_aux	u_vec.o_aux$_SDFFE_PP0P_/Q	o_vec_aux
84	0.2594	u_vec.o_phase[I]	o_vec_phase[I]	u_vec.o_phase[0]$_SDFFE_PP0P_/Q	o_vec_phase[0]
85	0.2594	u_vec.o_mag[I]	o_vec_mag[I]	u_vec.o_mag[10]$_SDFFE_PP0P_/Q	o_vec_mag[10]
86	0.2746	u_vec.yv[I][J]	u_vec.yv[I][J]	u_vec.yv[0][16]$_SDFFE_PP0P_/Q	u_vec.yv[0][16]$_SDFFE_PP0P_/D
87	0.2755	i_phase[I]	u_rot.ph_in[I]	i_phase[24]	u_rot.ph_in[24]$_SDFFE_PP0P_/D
88	0.2755	i_xval[I]	u_vec.xv_in[I]	i_xval[11]	u_vec.xv_in[16]$_SDFFE_PP0P_/D
89	0.2755	i_yval[I]	u_vec.yv_in[I]	i_yval[13]	u_vec.yv_in[18]$_SDFFE_PP0P_/D
90	0.2755	i_xval[I]	u_vec.xy_sign[I]	i_xval[17]	u_vec.xy_sign[1]$_SDFFE_PP0P_/D
91	0.2758	i_yval[I]	u_vec.xy_sign[I]	i_yval[17]	u_vec.xy_sign[0]$_SDFFE_PP0P_/D
92	0.2758	i_aux	u_rot.ax[I]	i_aux	u_rot.ax[0]$_SDFFE_PP0P_/D
93	0.3319	u_vec.xy_sign[I]	u_vec.xy_sign[I]	u_vec.xy_sign[0]$_SDFFE_PP0P_/Q	u_vec.xy_sign[0]$_SDFFE_PP0P_/D
94	0.3411	u_vec.ph[I][J]	u_vec.ph[I][J]	u_vec.ph[9][25]$_SDFFE_PP0P_/Q	u_vec.ph[9][25]$_SDFFE_PP0P_/D
95	0.3532	u_vec.xv[I][J]	u_vec.xv[I][J]	u_vec.xv[0][20]$_SDFFE_PP0P_/Q	u_vec.xv[0][20]$_SDFFE_PP0P_/D
96	0.3556	u_vec.yv_in[I]	u_vec.yv_in[I]	u_vec.yv_in[6]$_SDFFE_PP0P_/Q	u_vec.yv_in[6]$_SDFFE_PP0P_/D
97	0.3580	u_rot.ph_in[I]	u_rot.ph_in[I]	u_rot.ph_in[22]$_SDFFE_PP0P_/Q	u_rot.ph_in[22]$_SDFFE_PP0P_/D
98	0.3709	u_vec.xv_in[I]	u_vec.xv_in[I]	u_vec.xv_in[6]$_SDFFE_PP0P_/Q	u_vec.xv_in[6]$_SDFFE_PP0P_/D
99	0.3723	u_vec.xv_h[I][J]	u_vec.xv_h[I][J]	u_vec.xv_h[2][24]$_SDFFE_PP0P_/Q	u_vec.xv_h[2][24]$_SDFFE_PP0P_/D
100	0.3794	u_vec.ph_h[I][J]	u_vec.ph_h[I][J]	u_vec.ph_h[1][21]$_SDFFE_PP0P_/Q	u_vec.ph_h[1][21]$_SDFFE_PP0P_/D
