# stage	1_synth
# top_module	viterbi_core
# top_n	1000
# kind	blocks
# skip_async	1
# include_full	1
# rank	worst_slack_ns	start	end	start_full	end_full
1	-0.3045	src_rdata_i[I]	bmu_inst_I.bm_r[J]	src_rdata_i[20]	bmu_inst_44.bm_r[6]$_DFF_PN0_/D
2	-0.0229	register_num_i[I]	acs_inst_I.pm_r[J]	register_num_i[0]	acs_inst_52.pm_r[4]$_DFF_PN0_/D
3	0.0288	register_num_i[I]	acs_inst_I.survivor_path_r	register_num_i[1]	acs_inst_45.survivor_path_r$_DFF_PN0_/D
4	0.4880	bmu_inst_I.bm_r[J]	acs_inst_I.pm_r[J]	bmu_inst_63.bm_r[0]$_DFF_PN0_/Q	acs_inst_14.pm_r[6]$_DFF_PN0_/D
5	0.5361	bmu_inst_I.bm_r[J]	acs_inst_I.survivor_path_r	bmu_inst_63.bm_r[0]$_DFF_PN0_/Q	acs_inst_14.survivor_path_r$_DFF_PN0_/D
6	0.5420	acs_inst_I.pm_r[J]	pm_normalize_inst.grp_max_r[I][J]	acs_inst_43.pm_r[4]$_DFF_PN0_/Q	pm_normalize_inst.grp_max_r[5][0]$_DFFE_PP_/D
7	0.6352	infobit_length_i[I]	src_addr_r[I]	infobit_length_i[5]	src_addr_r[10]$_DFFE_PN0P_/D
8	0.6495	pm_normalize_inst.grp_max_r[I][J]	pm_normalize_inst.max_r[I]	pm_normalize_inst.grp_max_r[1][2]$_DFFE_PP_/Q	pm_normalize_inst.max_r[0]$_DFFE_PN0P_/D
9	0.6607	register_num_i[I]	bmu_inst_I.low_codeword_tmp[J]	register_num_i[1]	bmu_inst_49.low_codeword_tmp[3]$_DFFE_PN0P_/D
10	0.6648	infobit_length_i[I]	src_len_counter_r[I]	infobit_length_i[5]	src_len_counter_r[5]$_DFFE_PN0P_/D
11	0.6864	rst_sync_i	fetch_src_cnt_r[I]	rst_sync_i	fetch_src_cnt_r[10]$_DFFE_PN0P_/D
12	0.6880	frame_start_i	fetch_src_cnt_r[I]	frame_start_i	fetch_src_cnt_r[10]$_DFFE_PN0P_/D
13	0.6914	polynomialI_i[J]	bmu_inst_I.low_codeword_tmp[J]	polynomial3_i[2]	bmu_inst_63.low_codeword_tmp[2]$_DFFE_PN0P_/D
14	0.7196	pm_normalize_inst.max_r[I]	pm_normalize_inst.pm_nom_r[I][J]	pm_normalize_inst.max_r[0]$_DFFE_PN0P_/Q	pm_normalize_inst.pm_nom_r[32][2]$_DFFE_PN0P_/D
15	0.7255	valid_polynomials_i[I]	bmu_inst_I.bm_r[J]	valid_polynomials_i[1]	bmu_inst_33.bm_r[6]$_DFF_PN0_/D
16	0.7274	rst_sync_i	bmu_inst_I.low_codeword_tmp[J]	rst_sync_i	bmu_inst_46.low_codeword_tmp[4]$_DFFE_PN0P_/D
17	0.7327	frame_start_i	pm_normalize_inst.pm_nom_r[I][J]	frame_start_i	pm_normalize_inst.pm_nom_r[16][1]$_DFFE_PN0P_/D
18	0.7388	register_num_i[I]	pm_normalize_inst.pm_update_en_pipe_r[I]	register_num_i[1]	pm_normalize_inst.pm_update_en_pipe_r[31]$_DFFE_PN0P_/D
19	0.7395	rst_sync_i	pm_normalize_inst.pm_nom_r[I][J]	rst_sync_i	pm_normalize_inst.pm_nom_r[16][1]$_DFFE_PN0P_/D
20	0.7402	valid_polynomials_i[I]	bmu_inst_I.low_codeword[J]	valid_polynomials_i[1]	bmu_inst_1.low_codeword[3]$_DFFE_PN0P_/D
21	0.7505	rst_sync_i	bmu_inst_I.bm_r[J]	rst_sync_i	bmu_inst_25.bm_r[6]$_DFF_PN0_/D
22	0.7505	rst_sync_i	pm_normalize_inst.grp_max_r[I][J]	rst_sync_i	pm_normalize_inst.grp_max_r[4][0]$_DFFE_PP_/D
23	0.7534	register_num_i[I]	acs_en_r[I]	register_num_i[1]	acs_en_r[31]$_DFFE_PN0P_/D
24	0.7663	frame_start_i	trellis_idx_r[I]	frame_start_i	trellis_idx_r[5]$_DFFE_PN0P_/D
25	0.7731	rst_sync_i	trellis_idx_r[I]	rst_sync_i	trellis_idx_r[5]$_DFFE_PN0P_/D
26	0.7755	bmu_inst_I.low_codeword[J]	bmu_inst_I.bm_r[J]	bmu_inst_44.low_codeword[4]$_DFFE_PN0P_/Q	bmu_inst_44.bm_r[6]$_DFF_PN0_/D
27	0.7767	frame_start_i	src_len_counter_r[I]	frame_start_i	src_len_counter_r[5]$_DFFE_PN0P_/D
28	0.7824	rst_sync_i	acs_inst_I.pm_r[J]	rst_sync_i	acs_inst_32.pm_r[8]$_DFF_PN0_/D
29	0.7826	rst_sync_i	bmu_inst_I.low_codeword[J]	rst_sync_i	bmu_inst_1.low_codeword[0]$_DFFE_PN0P_/D
30	0.7835	rst_sync_i	src_len_counter_r[I]	rst_sync_i	src_len_counter_r[5]$_DFFE_PN0P_/D
31	0.7863	frame_start_i	src_addr_r[I]	frame_start_i	src_addr_r[10]$_DFFE_PN0P_/D
32	0.7899	rst_sync_i	src_addr_r[I]	rst_sync_i	src_addr_r[10]$_DFFE_PN0P_/D
33	0.7904	frame_start_i	flush_all_start_r	frame_start_i	flush_all_start_r$_DFFE_PN0P_/D
34	0.7932	tail_biting_en_i	pm_normalize_inst.pm_nom_r[I][J]	tail_biting_en_i	pm_normalize_inst.pm_nom_r[1][7]$_DFFE_PN0P_/D
35	0.7972	rst_sync_i	flush_all_start_r	rst_sync_i	flush_all_start_r$_DFFE_PN0P_/D
36	0.8053	rst_sync_i	src_rd_r	rst_sync_i	src_rd_r$_DFFE_PN0P_/D
37	0.8069	frame_start_i	src_rd_r	frame_start_i	src_rd_r$_DFFE_PN0P_/D
38	0.8070	rst_an_i	pm_normalize_inst.grp_max_r[I][J]	rst_an_i	pm_normalize_inst.grp_max_r[4][0]$_DFFE_PP_/D
39	0.8098	rst_sync_i	tb_len_r[I]	rst_sync_i	tb_len_r[3]$_DFFE_PN0P_/D
40	0.8112	rst_sync_i	frame_done_r	rst_sync_i	frame_done_r$_DFFE_PN0P_/D
41	0.8112	rst_sync_i	last_loop_r	rst_sync_i	last_loop_r$_DFFE_PN0P_/D
42	0.8112	rst_sync_i	tb_wr_addr_r[I]	rst_sync_i	tb_wr_addr_r[0]$_DFFE_PN0P_/D
43	0.8114	frame_start_i	tb_len_r[I]	frame_start_i	tb_len_r[3]$_DFFE_PN0P_/D
44	0.8128	frame_start_i	frame_done_r	frame_start_i	frame_done_r$_DFFE_PN0P_/D
45	0.8128	frame_start_i	last_loop_r	frame_start_i	last_loop_r$_DFFE_PN0P_/D
46	0.8128	frame_start_i	tb_wr_addr_r[I]	frame_start_i	tb_wr_addr_r[0]$_DFFE_PN0P_/D
47	0.8135	frame_start_i	state_r[I]	frame_start_i	state_r[0]$_DFF_PN1_/D
48	0.8150	frame_start_i	dst_addr_r[I]	frame_start_i	dst_addr_r[10]$_DFFE_PN0P_/D
49	0.8181	rst_sync_i	dst_addr_r[I]	rst_sync_i	dst_addr_r[10]$_DFFE_PN0P_/D
50	0.8201	rst_sync_i	state_r[I]	rst_sync_i	state_r[2]$_DFF_PN0_/D
51	0.8250	rst_sync_i	acs_inst_I.survivor_path_r	rst_sync_i	acs_inst_44.survivor_path_r$_DFF_PN0_/D
52	0.8284	frame_start_i	first_loop_r	frame_start_i	first_loop_r$_DFFE_PN0P_/D
53	0.8284	frame_start_i	full_tb_start_r	frame_start_i	full_tb_start_r$_DFFE_PN0P_/D
54	0.8284	frame_start_i	half_tb_start_r	frame_start_i	half_tb_start_r$_DFFE_PN0P_/D
55	0.8301	frame_start_i	bmu_inst_I.ready_r	frame_start_i	bmu_inst_0.ready_r$_DFFE_PN0P_/D
56	0.8311	frame_start_i	acs_en_r[I]	frame_start_i	acs_en_r[31]$_DFFE_PN0P_/D
57	0.8315	rst_sync_i	first_loop_r	rst_sync_i	first_loop_r$_DFFE_PN0P_/D
58	0.8315	rst_sync_i	full_tb_start_r	rst_sync_i	full_tb_start_r$_DFFE_PN0P_/D
59	0.8315	rst_sync_i	half_tb_start_r	rst_sync_i	half_tb_start_r$_DFFE_PN0P_/D
60	0.8332	rst_sync_i	bmu_inst_I.ready_r	rst_sync_i	bmu_inst_0.ready_r$_DFFE_PN0P_/D
61	0.8342	rst_sync_i	acs_en_r[I]	rst_sync_i	acs_en_r[31]$_DFFE_PN0P_/D
62	0.8385	tail_biting_en_i	trellis_idx_r[I]	tail_biting_en_i	trellis_idx_r[7]$_DFFE_PN0P_/D
63	0.8413	rst_sync_i	pm_normalize_inst.max_r[I]	rst_sync_i	pm_normalize_inst.max_r[0]$_DFFE_PN0P_/D
64	0.8446	frame_start_i	byte_idx_r[I]	frame_start_i	byte_idx_r[0]$_DFF_PN0_/D
65	0.8477	rst_sync_i	byte_idx_r[I]	rst_sync_i	byte_idx_r[0]$_DFF_PN0_/D
66	0.8688	acs_inst_I.valid_r	tb_addr_o[I]	acs_inst_0.valid_r$_DFF_PN0_/Q	tb_addr_o[0]
67	0.8698	rst_sync_i	traceback_ins.tb_addr_r[I]	rst_sync_i	traceback_ins.tb_addr_r[1]$_DFFE_PN0P_/D
68	0.8736	frame_start_i	dst_wr_r	frame_start_i	dst_wr_r$_DFF_PN0_/D
69	0.8750	rst_sync_i	pm_normalize_inst.pm_pipe_r[I][J]	rst_sync_i	pm_normalize_inst.pm_pipe_r[23][8]$_DFFE_PN0P_/D
70	0.8767	rst_sync_i	dst_wr_r	rst_sync_i	dst_wr_r$_DFF_PN0_/D
71	0.8818	rst_sync_i	acs_inst_I.valid_r	rst_sync_i	acs_inst_0.valid_r$_DFF_PN0_/D
72	0.8836	rst_sync_i	traceback_ins.tb_counter_r[I]	rst_sync_i	traceback_ins.tb_counter_r[0]$_DFFE_PN0P_/D
73	0.8851	rst_sync_i	pm_normalize_inst.pm_update_en_pipe_r[I]	rst_sync_i	pm_normalize_inst.pm_update_en_pipe_r[15]$_DFFE_PN0P_/D
74	0.8856	frame_start_i	bmu_inst_I.calc_polyn_en	frame_start_i	bmu_inst_56.calc_polyn_en$_DFF_PN0_/D
75	0.8856	pm_normalize_inst.pm_nom_r[I][J]	acs_inst_I.pm_r[J]	pm_normalize_inst.pm_nom_r[12][0]$_DFFE_PN0P_/Q	acs_inst_8.pm_r[3]$_DFF_PN0_/D
76	0.8884	frame_start_i	busy_r	frame_start_i	busy_r$_DFFE_PN0P_/D
77	0.8947	rst_sync_i	traceback_ins.tb_rd_r	rst_sync_i	traceback_ins.tb_rd_r$_DFF_PN0_/D
78	0.8947	rst_sync_i	decoding_start_r	rst_sync_i	decoding_start_r$_DFF_PN0_/D
79	0.8949	rst_sync_i	traceback_start_r	rst_sync_i	traceback_start_r$_DFF_PN0_/D
80	0.8952	rst_sync_i	busy_r	rst_sync_i	busy_r$_DFFE_PN0P_/D
81	0.9066	rst_sync_i	bmu_inst_I.calc_codeword_en	rst_sync_i	bmu_inst_49.calc_codeword_en$_DFF_PN0_/D
82	0.9079	rst_sync_i	bmu_inst_I.calc_polyn_en	rst_sync_i	bmu_inst_56.calc_polyn_en$_DFF_PN0_/D
83	0.9133	rst_sync_i	pm_normalize_inst.en_i_rr	rst_sync_i	pm_normalize_inst.en_i_rr$_DFF_PN0_/D
84	0.9133	rst_sync_i	dst_wr_dI_r	rst_sync_i	dst_wr_d1_r$_DFF_PN0_/D
85	0.9226	infobit_length_i[I]	trellis_idx_r[I]	infobit_length_i[7]	trellis_idx_r[7]$_DFFE_PN0P_/D
86	0.9320	pm_normalize_inst.pm_nom_r[I][J]	acs_inst_I.survivor_path_r	pm_normalize_inst.pm_nom_r[12][0]$_DFFE_PN0P_/Q	acs_inst_8.survivor_path_r$_DFF_PN0_/D
87	0.9342	rst_sync_i	bmu_ready_dI_r	rst_sync_i	bmu_ready_d1_r$_DFF_PN1_/D
88	0.9435	decoding_length_i[I]	trellis_idx_r[I]	decoding_length_i[6]	trellis_idx_r[6]$_DFFE_PN0P_/D
89	0.9628	tb_wr_addr_r[I]	tb_addr_o[I]	tb_wr_addr_r[2]$_DFFE_PN0P_/Q	tb_addr_o[2]
90	0.9873	dst_start_addr_i[I]	dst_addr_r[I]	dst_start_addr_i[8]	dst_addr_r[8]$_DFFE_PN0P_/D
91	0.9912	traceback_ins.tb_addr_r[I]	tb_addr_o[I]	traceback_ins.tb_addr_r[3]$_DFFE_PN0P_/Q	tb_addr_o[3]
92	1.0042	rst_sync_i	soft_data_valid_r	rst_sync_i	soft_data_valid_r$_DFF_PN0_/D
93	1.0066	rst_sync_i	bmu_inst_I.bm_valid_r	rst_sync_i	bmu_inst_33.bm_valid_r$_DFF_PN0_/D
94	1.0088	src_start_addr_i[I]	src_addr_r[I]	src_start_addr_i[10]	src_addr_r[10]$_DFFE_PN0P_/D
95	1.0187	dst_addr_r[I]	dst_addr_o[I]	dst_addr_r[1]$_DFFE_PN0P_/Q	dst_addr_o[1]
96	1.0196	acs_inst_I.survivor_path_r	tb_wdata_o[I]	acs_inst_0.survivor_path_r$_DFF_PN0_/Q	tb_wdata_o[0]
97	1.0210	src_addr_r[I]	src_addr_o[I]	src_addr_r[1]$_DFFE_PN0P_/Q	src_addr_o[1]
98	1.0282	dst_wr_r	dst_wr_o	dst_wr_r$_DFF_PN0_/Q	dst_wr_o
99	1.0346	frame_done_r	frame_done_o	frame_done_r$_DFFE_PN0P_/Q	frame_done_o
100	1.0346	busy_r	busy_o	busy_r$_DFFE_PN0P_/Q	busy_o
101	1.0367	src_rd_r	src_rd_o	src_rd_r$_DFFE_PN0P_/Q	src_rd_o
102	1.0367	acs_inst_I.valid_r	tb_wr_o	acs_inst_0.valid_r$_DFF_PN0_/Q	tb_wr_o
103	1.0396	traceback_ins.tb_rd_r	tb_rd_o	traceback_ins.tb_rd_r$_DFF_PN0_/Q	tb_rd_o
104	1.0436	rst_sync_i	pm_normalize_inst.en_i_r	rst_sync_i	pm_normalize_inst.en_i_r$_DFF_PN0_/D
105	1.1735	pm_normalize_inst.max_r[I]	pm_normalize_inst.max_r[I]	pm_normalize_inst.max_r[0]$_DFFE_PN0P_/Q	pm_normalize_inst.max_r[0]$_DFFE_PN0P_/D
106	1.2490	pm_normalize_inst.pm_pipe_r[I][J]	pm_normalize_inst.pm_nom_r[I][J]	pm_normalize_inst.pm_pipe_r[32][4]$_DFFE_PN0P_/Q	pm_normalize_inst.pm_nom_r[32][2]$_DFFE_PN0P_/D
107	1.2972	src_len_counter_r[I]	src_addr_r[I]	src_len_counter_r[5]$_DFFE_PN0P_/Q	src_addr_r[10]$_DFFE_PN0P_/D
108	1.3268	src_len_counter_r[I]	src_len_counter_r[I]	src_len_counter_r[5]$_DFFE_PN0P_/Q	src_len_counter_r[5]$_DFFE_PN0P_/D
109	1.3408	src_addr_r[I]	src_addr_r[I]	src_addr_r[2]$_DFFE_PN0P_/Q	src_addr_r[11]$_DFFE_PN0P_/D
110	1.3494	full_tb_start_r	fetch_src_cnt_r[I]	full_tb_start_r$_DFFE_PN0P_/Q	fetch_src_cnt_r[10]$_DFFE_PN0P_/D
111	1.3500	half_tb_start_r	fetch_src_cnt_r[I]	half_tb_start_r$_DFFE_PN0P_/Q	fetch_src_cnt_r[10]$_DFFE_PN0P_/D
112	1.3508	fetch_src_cnt_r[I]	fetch_src_cnt_r[I]	fetch_src_cnt_r[2]$_DFFE_PN0P_/Q	fetch_src_cnt_r[11]$_DFFE_PN0P_/D
113	1.3520	flush_all_start_r	fetch_src_cnt_r[I]	flush_all_start_r$_DFFE_PN0P_/Q	fetch_src_cnt_r[10]$_DFFE_PN0P_/D
114	1.3692	trellis_idx_r[I]	first_loop_r	trellis_idx_r[7]$_DFFE_PN0P_/QN	first_loop_r$_DFFE_PN0P_/D
115	1.3729	trellis_idx_r[I]	flush_all_start_r	trellis_idx_r[7]$_DFFE_PN0P_/QN	flush_all_start_r$_DFFE_PN0P_/D
116	1.3857	trellis_idx_r[I]	full_tb_start_r	trellis_idx_r[9]$_DFFE_PN0P_/QN	full_tb_start_r$_DFFE_PN0P_/D
117	1.3887	src_rd_r	fetch_src_cnt_r[I]	src_rd_r$_DFFE_PN0P_/Q	fetch_src_cnt_r[10]$_DFFE_PN0P_/D
118	1.4085	acs_inst_I.valid_r	pm_normalize_inst.grp_max_r[I][J]	acs_inst_0.valid_r$_DFF_PN0_/Q	pm_normalize_inst.grp_max_r[4][0]$_DFFE_PP_/D
119	1.4183	bmu_inst_I.calc_polyn_en	bmu_inst_I.low_codeword_tmp[J]	bmu_inst_56.calc_polyn_en$_DFF_PN0_/Q	bmu_inst_46.low_codeword_tmp[4]$_DFFE_PN0P_/D
120	1.4371	fetch_src_cnt_r[I]	src_len_counter_r[I]	fetch_src_cnt_r[6]$_DFFE_PN0P_/Q	src_len_counter_r[6]$_DFFE_PN0P_/D
121	1.4470	pm_normalize_inst.en_i_rr	pm_normalize_inst.pm_nom_r[I][J]	pm_normalize_inst.en_i_rr$_DFF_PN0_/Q	pm_normalize_inst.pm_nom_r[33][2]$_DFFE_PN0P_/D
122	1.4500	trellis_idx_r[I]	half_tb_start_r	trellis_idx_r[9]$_DFFE_PN0P_/QN	half_tb_start_r$_DFFE_PN0P_/D
123	1.4592	full_tb_start_r	src_len_counter_r[I]	full_tb_start_r$_DFFE_PN0P_/Q	src_len_counter_r[5]$_DFFE_PN0P_/D
124	1.4598	state_r[I]	flush_all_start_r	state_r[4]$_DFF_PN0_/Q	flush_all_start_r$_DFFE_PN0P_/D
125	1.4598	half_tb_start_r	src_len_counter_r[I]	half_tb_start_r$_DFFE_PN0P_/Q	src_len_counter_r[5]$_DFFE_PN0P_/D
126	1.4618	flush_all_start_r	src_len_counter_r[I]	flush_all_start_r$_DFFE_PN0P_/Q	src_len_counter_r[5]$_DFFE_PN0P_/D
127	1.4622	trellis_idx_r[I]	trellis_idx_r[I]	trellis_idx_r[6]$_DFFE_PN0P_/QN	trellis_idx_r[11]$_DFFE_PN0P_/D
128	1.4749	soft_data_valid_r	bmu_inst_I.bm_r[J]	soft_data_valid_r$_DFF_PN0_/Q	bmu_inst_17.bm_r[6]$_DFF_PN0_/D
129	1.4755	acs_inst_I.valid_r	src_len_counter_r[I]	acs_inst_0.valid_r$_DFF_PN0_/Q	src_len_counter_r[5]$_DFFE_PN0P_/D
130	1.4782	trellis_idx_r[I]	state_r[I]	trellis_idx_r[9]$_DFFE_PN0P_/QN	state_r[4]$_DFF_PN0_/D
131	1.4808	traceback_ins.tb_counter_r[I]	traceback_ins.tb_addr_r[I]	traceback_ins.tb_counter_r[4]$_DFFE_PN0P_/Q	traceback_ins.tb_addr_r[1]$_DFFE_PN0P_/D
132	1.4828	bmu_inst_I.calc_codeword_en	bmu_inst_I.low_codeword[J]	bmu_inst_49.calc_codeword_en$_DFF_PN0_/Q	bmu_inst_1.low_codeword[0]$_DFFE_PN0P_/D
133	1.4878	traceback_ins.tb_counter_r[I]	traceback_ins.tb_counter_r[I]	traceback_ins.tb_counter_r[1]$_DFFE_PN0P_/Q	traceback_ins.tb_counter_r[7]$_DFFE_PN0P_/D
134	1.4927	pm_normalize_inst.pm_update_en_pipe_r[I]	pm_normalize_inst.pm_nom_r[I][J]	pm_normalize_inst.pm_update_en_pipe_r[62]$_DFFE_PN0P_/Q	pm_normalize_inst.pm_nom_r[33][2]$_DFFE_PN0P_/D
135	1.4967	bmu_inst_I.bm_valid_r	acs_inst_I.pm_r[J]	bmu_inst_33.bm_valid_r$_DFF_PN0_/Q	acs_inst_32.pm_r[8]$_DFF_PN0_/D
136	1.4993	dst_addr_r[I]	dst_addr_r[I]	dst_addr_r[3]$_DFFE_PN0P_/Q	dst_addr_r[11]$_DFFE_PN0P_/D
137	1.4998	src_rd_r	src_addr_r[I]	src_rd_r$_DFFE_PN0P_/Q	src_addr_r[10]$_DFFE_PN0P_/D
138	1.5072	acs_inst_I.valid_r	pm_normalize_inst.pm_pipe_r[I][J]	acs_inst_0.valid_r$_DFF_PN0_/Q	pm_normalize_inst.pm_pipe_r[2][0]$_DFFE_PN0P_/D
139	1.5081	acs_inst_I.valid_r	tb_wr_addr_r[I]	acs_inst_0.valid_r$_DFF_PN0_/Q	tb_wr_addr_r[0]$_DFFE_PN0P_/D
140	1.5088	traceback_ins.tb_addr_r[I]	traceback_ins.tb_addr_r[I]	traceback_ins.tb_addr_r[1]$_DFFE_PN0P_/Q	traceback_ins.tb_addr_r[5]$_DFFE_PN0P_/D
141	1.5114	state_r[I]	trellis_idx_r[I]	state_r[2]$_DFF_PN0_/Q	trellis_idx_r[12]$_DFFE_PN0P_/D
142	1.5202	dst_wr_dI_r	trellis_idx_r[I]	dst_wr_d1_r$_DFF_PN0_/Q	trellis_idx_r[5]$_DFFE_PN0P_/D
143	1.5206	fetch_src_cnt_r[I]	src_rd_r	fetch_src_cnt_r[6]$_DFFE_PN0P_/Q	src_rd_r$_DFFE_PN0P_/D
144	1.5219	state_r[I]	first_loop_r	state_r[2]$_DFF_PN0_/Q	first_loop_r$_DFFE_PN0P_/D
145	1.5290	dst_wr_dI_r	first_loop_r	dst_wr_d1_r$_DFF_PN0_/Q	first_loop_r$_DFFE_PN0P_/D
146	1.5392	bmu_inst_I.bm_valid_r	acs_inst_I.survivor_path_r	bmu_inst_33.bm_valid_r$_DFF_PN0_/Q	acs_inst_44.survivor_path_r$_DFF_PN0_/D
147	1.5402	acs_inst_I.valid_r	pm_normalize_inst.pm_update_en_pipe_r[I]	acs_inst_0.valid_r$_DFF_PN0_/Q	pm_normalize_inst.pm_update_en_pipe_r[62]$_DFFE_PN0P_/D
148	1.5424	dst_wr_r	trellis_idx_r[I]	dst_wr_r$_DFF_PN0_/QN	trellis_idx_r[5]$_DFFE_PN0P_/D
149	1.5434	state_r[I]	half_tb_start_r	state_r[2]$_DFF_PN0_/Q	half_tb_start_r$_DFFE_PN0P_/D
150	1.5493	acs_inst_I.valid_r	traceback_start_r	acs_inst_0.valid_r$_DFF_PN0_/Q	traceback_start_r$_DFF_PN0_/D
151	1.5516	decoding_start_r	full_tb_start_r	decoding_start_r$_DFF_PN0_/Q	full_tb_start_r$_DFFE_PN0P_/D
152	1.5518	decoding_start_r	first_loop_r	decoding_start_r$_DFF_PN0_/Q	first_loop_r$_DFFE_PN0P_/D
153	1.5525	dst_wr_r	first_loop_r	dst_wr_r$_DFF_PN0_/QN	first_loop_r$_DFFE_PN0P_/D
154	1.5548	state_r[I]	tb_len_r[I]	state_r[4]$_DFF_PN0_/Q	tb_len_r[6]$_DFFE_PN0P_/D
155	1.5619	fetch_src_cnt_r[I]	traceback_start_r	fetch_src_cnt_r[6]$_DFFE_PN0P_/Q	traceback_start_r$_DFF_PN0_/D
156	1.5621	tb_wr_addr_r[I]	tb_wr_addr_r[I]	tb_wr_addr_r[2]$_DFFE_PN0P_/Q	tb_wr_addr_r[5]$_DFFE_PN0P_/D
157	1.5622	dst_wr_r	dst_addr_r[I]	dst_wr_r$_DFF_PN0_/Q	dst_addr_r[6]$_DFFE_PN0P_/D
158	1.5627	state_r[I]	full_tb_start_r	state_r[0]$_DFF_PN1_/Q	full_tb_start_r$_DFFE_PN0P_/D
159	1.5644	acs_en_r[I]	acs_inst_I.pm_r[J]	acs_en_r[62]$_DFFE_PN0P_/QN	acs_inst_32.pm_r[8]$_DFF_PN0_/D
160	1.5679	state_r[I]	state_r[I]	state_r[4]$_DFF_PN0_/Q	state_r[3]$_DFF_PN0_/D
161	1.5720	flush_all_start_r	src_rd_r	flush_all_start_r$_DFFE_PN0P_/Q	src_rd_r$_DFFE_PN0P_/D
162	1.5739	half_tb_start_r	src_rd_r	half_tb_start_r$_DFFE_PN0P_/Q	src_rd_r$_DFFE_PN0P_/D
163	1.5775	traceback_start_r	traceback_ins.tb_addr_r[I]	traceback_start_r$_DFF_PN0_/Q	traceback_ins.tb_addr_r[1]$_DFFE_PN0P_/D
164	1.5789	traceback_start_r	traceback_ins.tb_counter_r[I]	traceback_start_r$_DFF_PN0_/Q	traceback_ins.tb_counter_r[2]$_DFFE_PN0P_/D
165	1.5846	full_tb_start_r	src_rd_r	full_tb_start_r$_DFFE_PN0P_/Q	src_rd_r$_DFFE_PN0P_/D
166	1.5848	traceback_ins.tb_counter_r[I]	traceback_ins.tb_rd_r	traceback_ins.tb_counter_r[4]$_DFFE_PN0P_/Q	traceback_ins.tb_rd_r$_DFF_PN0_/D
167	1.5903	decoding_start_r	flush_all_start_r	decoding_start_r$_DFF_PN0_/Q	flush_all_start_r$_DFFE_PN0P_/D
168	1.5936	pm_normalize_inst.en_i_r	pm_normalize_inst.en_i_rr	pm_normalize_inst.en_i_r$_DFF_PN0_/Q	pm_normalize_inst.en_i_rr$_DFF_PN0_/D
169	1.5961	bmu_inst_I.bm_valid_r	acs_inst_I.valid_r	bmu_inst_33.bm_valid_r$_DFF_PN0_/Q	acs_inst_0.valid_r$_DFF_PN0_/D
170	1.5975	bmu_inst_I.calc_polyn_en	bmu_inst_I.calc_codeword_en	bmu_inst_56.calc_polyn_en$_DFF_PN0_/Q	bmu_inst_49.calc_codeword_en$_DFF_PN0_/D
171	1.6018	pm_normalize_inst.en_i_r	pm_normalize_inst.max_r[I]	pm_normalize_inst.en_i_r$_DFF_PN0_/Q	pm_normalize_inst.max_r[1]$_DFFE_PN0P_/D
172	1.6030	state_r[I]	last_loop_r	state_r[1]$_DFF_PN0_/Q	last_loop_r$_DFFE_PN0P_/D
173	1.6067	trellis_idx_r[I]	tb_len_r[I]	trellis_idx_r[6]$_DFFE_PN0P_/QN	tb_len_r[6]$_DFFE_PN0P_/D
174	1.6070	acs_en_r[I]	acs_inst_I.survivor_path_r	acs_en_r[62]$_DFFE_PN0P_/QN	acs_inst_44.survivor_path_r$_DFF_PN0_/D
175	1.6148	dst_wr_dI_r	last_loop_r	dst_wr_d1_r$_DFF_PN0_/Q	last_loop_r$_DFFE_PN0P_/D
176	1.6252	dst_wr_r	last_loop_r	dst_wr_r$_DFF_PN0_/QN	last_loop_r$_DFFE_PN0P_/D
177	1.6313	byte_idx_r[I]	byte_idx_r[I]	byte_idx_r[1]$_DFF_PN0_/Q	byte_idx_r[3]$_DFF_PN0_/D
178	1.6378	dst_wr_dI_r	state_r[I]	dst_wr_d1_r$_DFF_PN0_/Q	state_r[0]$_DFF_PN1_/D
179	1.6392	state_r[I]	busy_r	state_r[0]$_DFF_PN1_/Q	busy_r$_DFFE_PN0P_/D
180	1.6398	acs_inst_I.valid_r	src_rd_r	acs_inst_0.valid_r$_DFF_PN0_/Q	src_rd_r$_DFFE_PN0P_/D
181	1.6426	state_r[I]	frame_done_r	state_r[0]$_DFF_PN1_/Q	frame_done_r$_DFFE_PN0P_/D
182	1.6438	decoding_start_r	half_tb_start_r	decoding_start_r$_DFF_PN0_/QN	half_tb_start_r$_DFFE_PN0P_/D
183	1.6462	first_loop_r	tb_len_r[I]	first_loop_r$_DFFE_PN0P_/Q	tb_len_r[5]$_DFFE_PN0P_/D
184	1.6478	trellis_idx_r[I]	fetch_src_cnt_r[I]	trellis_idx_r[0]$_DFFE_PN0P_/Q	fetch_src_cnt_r[0]$_DFFE_PN0P_/D
185	1.6481	full_tb_start_r	full_tb_start_r	full_tb_start_r$_DFFE_PN0P_/Q	full_tb_start_r$_DFFE_PN0P_/D
186	1.6483	dst_wr_r	state_r[I]	dst_wr_r$_DFF_PN0_/QN	state_r[0]$_DFF_PN1_/D
187	1.6487	half_tb_start_r	half_tb_start_r	half_tb_start_r$_DFFE_PN0P_/Q	half_tb_start_r$_DFFE_PN0P_/D
188	1.6528	bmu_inst_I.ready_r	state_r[I]	bmu_inst_0.ready_r$_DFFE_PN0P_/Q	state_r[0]$_DFF_PN1_/D
189	1.6545	acs_inst_I.valid_r	pm_normalize_inst.en_i_r	acs_inst_0.valid_r$_DFF_PN0_/Q	pm_normalize_inst.en_i_r$_DFF_PN0_/D
190	1.6564	dst_wr_r	dst_wr_dI_r	dst_wr_r$_DFF_PN0_/Q	dst_wr_d1_r$_DFF_PN0_/D
191	1.6593	pm_normalize_inst.pm_nom_r[I][J]	pm_normalize_inst.pm_nom_r[I][J]	pm_normalize_inst.pm_nom_r[12][8]$_DFFE_PN0P_/Q	pm_normalize_inst.pm_nom_r[12][8]$_DFFE_PN0P_/D
192	1.6617	tb_len_r[I]	tb_len_r[I]	tb_len_r[6]$_DFFE_PN0P_/Q	tb_len_r[6]$_DFFE_PN0P_/D
193	1.6676	tb_wr_addr_r[I]	traceback_ins.tb_addr_r[I]	tb_wr_addr_r[2]$_DFFE_PN0P_/Q	traceback_ins.tb_addr_r[2]$_DFFE_PN0P_/D
194	1.6683	decoding_start_r	state_r[I]	decoding_start_r$_DFF_PN0_/Q	state_r[4]$_DFF_PN0_/D
195	1.6690	acs_en_r[I]	acs_inst_I.valid_r	acs_en_r[7]$_DFFE_PN0P_/QN	acs_inst_0.valid_r$_DFF_PN0_/D
196	1.6708	last_loop_r	busy_r	last_loop_r$_DFFE_PN0P_/Q	busy_r$_DFFE_PN0P_/D
197	1.6710	flush_all_start_r	flush_all_start_r	flush_all_start_r$_DFFE_PN0P_/Q	flush_all_start_r$_DFFE_PN0P_/D
198	1.6718	byte_idx_r[I]	dst_wr_r	byte_idx_r[1]$_DFF_PN0_/QN	dst_wr_r$_DFF_PN0_/D
199	1.6740	first_loop_r	first_loop_r	first_loop_r$_DFFE_PN0P_/Q	first_loop_r$_DFFE_PN0P_/D
200	1.6778	bmu_inst_I.low_codeword_tmp[J]	bmu_inst_I.low_codeword_tmp[J]	bmu_inst_40.low_codeword_tmp[5]$_DFFE_PN0P_/Q	bmu_inst_40.low_codeword_tmp[5]$_DFFE_PN0P_/D
201	1.6796	src_rd_r	soft_data_valid_r	src_rd_r$_DFFE_PN0P_/Q	soft_data_valid_r$_DFF_PN0_/D
202	1.6871	src_rd_r	src_rd_r	src_rd_r$_DFFE_PN0P_/Q	src_rd_r$_DFFE_PN0P_/D
203	1.6881	bmu_inst_I.low_codeword[J]	bmu_inst_I.low_codeword[J]	bmu_inst_1.low_codeword[1]$_DFFE_PN0P_/Q	bmu_inst_1.low_codeword[1]$_DFFE_PN0P_/D
204	1.6905	pm_normalize_inst.pm_update_en_pipe_r[I]	pm_normalize_inst.pm_update_en_pipe_r[I]	pm_normalize_inst.pm_update_en_pipe_r[7]$_DFFE_PN0P_/Q	pm_normalize_inst.pm_update_en_pipe_r[7]$_DFFE_PN0P_/D
205	1.6949	last_loop_r	frame_done_r	last_loop_r$_DFFE_PN0P_/Q	frame_done_r$_DFFE_PN0P_/D
206	1.6955	bmu_ready_dI_r	state_r[I]	bmu_ready_d1_r$_DFF_PN1_/QN	state_r[0]$_DFF_PN1_/D
207	1.6971	acs_inst_I.pm_r[J]	pm_normalize_inst.pm_pipe_r[I][J]	acs_inst_2.pm_r[0]$_DFF_PN0_/Q	pm_normalize_inst.pm_pipe_r[2][0]$_DFFE_PN0P_/D
208	1.7002	pm_normalize_inst.grp_max_r[I][J]	pm_normalize_inst.grp_max_r[I][J]	pm_normalize_inst.grp_max_r[4][0]$_DFFE_PP_/Q	pm_normalize_inst.grp_max_r[4][0]$_DFFE_PP_/D
209	1.7012	dst_wr_r	busy_r	dst_wr_r$_DFF_PN0_/QN	busy_r$_DFFE_PN0P_/D
210	1.7026	last_loop_r	last_loop_r	last_loop_r$_DFFE_PN0P_/Q	last_loop_r$_DFFE_PN0P_/D
211	1.7033	pm_normalize_inst.pm_pipe_r[I][J]	pm_normalize_inst.pm_pipe_r[I][J]	pm_normalize_inst.pm_pipe_r[0][1]$_DFFE_PN0P_/Q	pm_normalize_inst.pm_pipe_r[0][1]$_DFFE_PN0P_/D
212	1.7037	bmu_inst_I.ready_r	decoding_start_r	bmu_inst_0.ready_r$_DFFE_PN0P_/Q	decoding_start_r$_DFF_PN0_/D
213	1.7091	frame_done_r	frame_done_r	frame_done_r$_DFFE_PN0P_/Q	frame_done_r$_DFFE_PN0P_/D
214	1.7107	bmu_inst_I.low_codeword_tmp[J]	bmu_inst_I.low_codeword[J]	bmu_inst_47.low_codeword_tmp[0]$_DFFE_PN0P_/Q	bmu_inst_47.low_codeword[0]$_DFFE_PN0P_/D
215	1.7117	tb_len_r[I]	traceback_ins.tb_counter_r[I]	tb_len_r[1]$_DFFE_PN0P_/Q	traceback_ins.tb_counter_r[2]$_DFFE_PN0P_/D
216	1.7124	acs_en_r[I]	acs_en_r[I]	acs_en_r[15]$_DFFE_PN0P_/Q	acs_en_r[15]$_DFFE_PN0P_/D
217	1.7138	bmu_inst_I.ready_r	bmu_ready_dI_r	bmu_inst_0.ready_r$_DFFE_PN0P_/Q	bmu_ready_d1_r$_DFF_PN1_/D
218	1.7154	busy_r	busy_r	busy_r$_DFFE_PN0P_/Q	busy_r$_DFFE_PN0P_/D
219	1.7205	bmu_inst_I.calc_codeword_en	bmu_inst_I.ready_r	bmu_inst_49.calc_codeword_en$_DFF_PN0_/Q	bmu_inst_0.ready_r$_DFFE_PN0P_/D
220	1.7231	bmu_inst_I.ready_r	bmu_inst_I.ready_r	bmu_inst_0.ready_r$_DFFE_PN0P_/Q	bmu_inst_0.ready_r$_DFFE_PN0P_/D
221	1.7234	soft_data_valid_r	bmu_inst_I.bm_valid_r	soft_data_valid_r$_DFF_PN0_/Q	bmu_inst_33.bm_valid_r$_DFF_PN0_/D
222	1.7252	dst_wr_r	frame_done_r	dst_wr_r$_DFF_PN0_/QN	frame_done_r$_DFFE_PN0P_/D
223	1.7463	bmu_ready_dI_r	decoding_start_r	bmu_ready_d1_r$_DFF_PN1_/QN	decoding_start_r$_DFF_PN0_/D
