# stage	1_synth
# top_module	wb_dma_top
# top_n	100
# kind	blocks
# skip_async	1
# include_full	1
# rank	worst_slack_ns	start	end	start_full	end_full
1	-0.2100	uI.state[J]	wbIs_data_o[J]	u2.state[10]$_DFF_PP0_/Q	wb0s_data_o[0]
2	-0.1862	uI.uJ.state[K]	wbIs_data_o[J]	u1.u1.state[2]$_DFFE_PP0P_/Q	wb0s_data_o[0]
3	-0.1852	uI.uJ.pri_outK[L]	wbIs_data_o[J]	u1.u0.pri_out0[1]$_DFF_P_/Q	wb0s_data_o[0]
4	-0.1535	uI.ch_sel_r[J]	wbIs_data_o[J]	u1.ch_sel_r[1]$_DFFE_PP0P_/Q	wb0s_data_o[0]
5	-0.1174	wbI_addr_i[J]	wbIs_data_o[J]	wb0_addr_i[28]	wb1s_data_o[28]
6	-0.1115	wbI_addr_i[J]	wbI_cyc_o	wb1_addr_i[29]	wb0_cyc_o
7	-0.1010	wbI_addr_i[J]	wbI_addr_o[J]	wb0_addr_i[28]	wb1_addr_o[10]
8	-0.0944	wbI_addr_i[J]	wbI_err_o	wb1_addr_i[29]	wb1_err_o
9	-0.0944	wbI_addr_i[J]	wbI_rty_o	wb1_addr_i[29]	wb1_rty_o
10	-0.0944	wbI_addr_i[J]	wbIm_data_o[J]	wb1_addr_i[29]	wb1m_data_o[0]
11	-0.0881	wbI_addr_i[J]	wbI_sel_o[J]	wb0_addr_i[28]	wb1_sel_o[0]
12	-0.0700	wbI_addr_i[J]	wbI_ack_o	wb1_addr_i[29]	wb1_ack_o
13	-0.0672	wbI_addr_i[J]	wbI_stb_o	wb1_addr_i[29]	wb0_stb_o
14	-0.0672	wbI_addr_i[J]	wbI_we_o	wb1_addr_i[29]	wb0_we_o
15	-0.0532	wbI_cyc_i	wbI_addr_o[J]	wb0_cyc_i	wb1_addr_o[10]
16	-0.0225	wbI_cyc_i	wbIs_data_o[J]	wb1_cyc_i	wb0s_data_o[28]
17	-0.0212	wbI_cyc_i	wbI_err_o	wb1_cyc_i	wb1_err_o
18	-0.0212	wbI_cyc_i	wbI_rty_o	wb1_cyc_i	wb1_rty_o
19	-0.0212	wbI_cyc_i	wbIm_data_o[J]	wb1_cyc_i	wb1m_data_o[0]
20	-0.0161	wbI_cyc_i	wbI_cyc_o	wb1_cyc_i	wb0_cyc_o
21	-0.0106	wbI_ack_i	wbI_ack_o	wb0_ack_i	wb1_ack_o
22	0.0016	wbI_cyc_i	wbI_ack_o	wb1_cyc_i	wb1_ack_o
23	0.0068	wbI_cyc_i	wbI_stb_o	wb1_cyc_i	wb0_stb_o
24	0.0068	wbI_cyc_i	wbI_we_o	wb1_cyc_i	wb0_we_o
25	0.0100	wbI_cyc_i	wbI_sel_o[J]	wb0_cyc_i	wb1_sel_o[0]
26	0.0908	uI.uJ.ch_csr_r[K]	wbIs_data_o[J]	u0.u5.ch_csr_r[8]$_DFFE_PP0P_/Q	wb0s_data_o[0]
27	0.1129	uI.state[J]	uI.mastJ_adr[K]	u2.state[10]$_DFF_PP0_/Q	u2.mast0_adr[20]$_DFF_P_/D
28	0.1268	uI.state[J]	uI.adrJ_cnt[K]	u2.state[10]$_DFF_PP0_/Q	u2.adr1_cnt[23]$_DFFE_PP_/D
29	0.1269	uI.state[J]	uI.tsz_cnt[J]	u2.state[10]$_DFF_PP0_/Q	u2.tsz_cnt[0]$_DFFE_PP_/D
30	0.1435	uI.ndr_r[J]	wbIs_data_o[J]	u1.ndr_r[7]$_DFF_P_/Q	wb0s_data_o[0]
31	0.1500	uI.state[J]	uI.chunk_J	u2.state[10]$_DFF_PP0_/Q	u2.chunk_0$_DFF_P_/D
32	0.1532	uI.state[J]	uI.uJ.ch_done	u2.state[10]$_DFF_PP0_/Q	u0.u11.ch_done$_DFFE_PP0P_/D
33	0.1618	uI.state[J]	uI.state[J]	u2.state[10]$_DFF_PP0_/Q	u2.state[10]$_DFF_PP0_/D
34	0.1654	wbI_stb_i	wbI_stb_o	wb1_stb_i	wb0_stb_o
35	0.1654	wbI_we_i	wbI_we_o	wb1_we_i	wb0_we_o
36	0.1654	wbIs_data_i[J]	wbIm_data_o[J]	wb1s_data_i[0]	wb0m_data_o[0]
37	0.1658	wbIm_data_i[J]	wbIs_data_o[J]	wb1m_data_i[0]	wb0s_data_o[0]
38	0.1723	uI.uJ.state[K]	uI.mastJ_adr[K]	u1.u1.state[2]$_DFFE_PP0P_/Q	u2.mast0_adr[23]$_DFF_P_/D
39	0.1733	uI.uJ.pri_outK[L]	uI.mastJ_adr[K]	u1.u0.pri_out0[1]$_DFF_P_/Q	u2.mast0_adr[23]$_DFF_P_/D
40	0.1741	uI.state[J]	uI.uJ.mast_stb	u2.state[10]$_DFF_PP0_/Q	u4.u0.mast_stb$_DFF_P_/D
41	0.1760	uI.state[J]	uI.uJ.ch_eol	u2.state[10]$_DFF_PP0_/Q	u0.u6.ch_eol$_DFFE_PP0P_/D
42	0.1773	wbI_sel_i[J]	wbI_sel_o[J]	wb1_sel_i[0]	wb0_sel_o[0]
43	0.1784	uI.state[J]	uI.write_hold_r	u2.state[10]$_DFF_PP0_/Q	u2.write_hold_r$_DFF_P_/D
44	0.1831	uI.state[J]	uI.uJ.pointer_sr[K]	u2.state[10]$_DFF_PP0_/Q	u0.u14.pointer_sr[18]$_DFFE_PP_/D
45	0.1852	uI.state[J]	uI.uJ.ch_csr_r[K]	u2.state[10]$_DFF_PP0_/Q	u0.u11.ch_csr_r[0]$_DFFE_PP0P_/D
46	0.1863	uI.state[J]	uI.uJ.ch_chk_sz_r[K]	u2.state[10]$_DFF_PP0_/Q	u0.u5.ch_chk_sz_r[0]$_DFFE_PP_/D
47	0.1895	uI.state[J]	uI.uJ.ch_txsz_s[K]	u2.state[10]$_DFF_PP0_/Q	u0.u8.ch_txsz_s[0]$_DFFE_PP_/D
48	0.1921	uI.state[J]	uI.chunk_cnt[J]	u2.state[10]$_DFF_PP0_/Q	u2.chunk_cnt[0]$_DFFE_PP_/D
49	0.1930	wbI_err_i	wbI_err_o	wb1_err_i	wb0_err_o
50	0.1930	wbI_rty_i	wbI_rty_o	wb1_rty_i	wb0_rty_o
51	0.2001	uI.state[J]	uI.uJ.ptr_valid	u2.state[10]$_DFF_PP0_/Q	u0.u9.ptr_valid$_DFFE_PP0P_/D
52	0.2004	uI.state[J]	uI.ch_sel_r[J]	u2.state[10]$_DFF_PP0_/Q	u1.ch_sel_r[0]$_DFFE_PP0P_/D
53	0.2051	uI.ch_sel_r[J]	uI.mastJ_adr[K]	u1.ch_sel_r[1]$_DFFE_PP0P_/Q	u2.mast0_adr[23]$_DFF_P_/D
54	0.2084	uI.uJ.state[K]	uI.adrJ_cnt[K]	u1.u2.state[0]$_DFFE_PP0P_/Q	u2.adr1_cnt[23]$_DFFE_PP_/D
55	0.2084	uI.uJ.state[K]	uI.tsz_cnt[J]	u1.u2.state[0]$_DFFE_PP0P_/Q	u2.tsz_cnt[0]$_DFFE_PP_/D
56	0.2091	uI.state[J]	uI.uJ.mast_we_r	u2.state[10]$_DFF_PP0_/Q	u3.u0.mast_we_r$_DFF_P_/D
57	0.2094	uI.state[J]	uI.uJ.int_src_r[K]	u2.state[10]$_DFF_PP0_/Q	u0.u14.int_src_r[1]$_DFFE_PP0P_/D
58	0.2130	uI.state[J]	uI.uJ.ch_tot_sz_r[K]	u2.state[10]$_DFF_PP0_/Q	u0.u5.ch_tot_sz_r[1]$_DFFE_PP_/D
59	0.2175	uI.state[J]	uI.uJ.ch_rl	u2.state[10]$_DFF_PP0_/Q	u0.u11.ch_rl$_DFF_P_/D
60	0.2203	uI.uJ.pri_outK[L]	uI.adrJ_cnt[K]	u1.u0.pri_out0[1]$_DFF_P_/Q	u2.adr1_cnt[23]$_DFFE_PP_/D
61	0.2204	uI.uJ.pri_outK[L]	uI.tsz_cnt[J]	u1.u0.pri_out0[1]$_DFF_P_/Q	u2.tsz_cnt[0]$_DFFE_PP_/D
62	0.2209	uI.state[J]	uI.read_r	u2.state[10]$_DFF_PP0_/Q	u2.read_r$_DFF_P_/D
63	0.2262	uI.uJ.pri_outK[L]	uI.chunk_J	u1.u0.pri_out0[1]$_DFF_P_/Q	u2.chunk_0$_DFF_P_/D
64	0.2263	uI.uJ.state[K]	uI.uJ.ch_eol	u1.u1.state[2]$_DFFE_PP0P_/Q	u0.u4.ch_eol$_DFFE_PP0P_/D
65	0.2267	uI.uJ.pri_outK[L]	uI.uJ.pointer_sr[K]	u1.u0.pri_out0[1]$_DFF_P_/Q	u0.u1.pointer_sr[18]$_DFFE_PP_/D
66	0.2285	uI.uJ.state[K]	uI.uJ.pointer_sr[K]	u1.u1.state[4]$_DFFE_PP0P_/Q	u0.u1.pointer_sr[18]$_DFFE_PP_/D
67	0.2311	uI.uJ.pri_outK[L]	uI.uJ.ch_txsz_s[K]	u1.u0.pri_out0[1]$_DFF_P_/Q	u0.u11.ch_txsz_s[11]$_DFFE_PP_/D
68	0.2314	uI.uJ.pri_outK[L]	uI.uJ.ch_chk_sz_r[K]	u1.u0.pri_out0[1]$_DFF_P_/Q	u0.u1.ch_chk_sz_r[0]$_DFFE_PP_/D
69	0.2316	uI.uJ.state[K]	uI.chunk_J	u1.u2.state[0]$_DFFE_PP0P_/Q	u2.chunk_0$_DFF_P_/D
70	0.2318	uI.state[J]	uI.uJ.ch_adrK_s[L]	u2.state[10]$_DFF_PP0_/Q	u0.u4.ch_adr1_s[0]$_DFFE_PP_/D
71	0.2328	uI.state[J]	uI.ack_o[J]	u2.state[10]$_DFF_PP0_/Q	u1.ack_o[0]$_DFF_P_/D
72	0.2329	uI.uJ.state[K]	uI.uJ.ch_txsz_s[K]	u1.u1.state[4]$_DFFE_PP0P_/Q	u0.u11.ch_txsz_s[11]$_DFFE_PP_/D
73	0.2332	uI.uJ.state[K]	uI.uJ.ch_chk_sz_r[K]	u1.u1.state[4]$_DFFE_PP0P_/Q	u0.u1.ch_chk_sz_r[0]$_DFFE_PP_/D
74	0.2344	uI.uJ.state[K]	uI.uJ.mast_we_r	u1.u1.state[2]$_DFFE_PP0P_/Q	u3.u0.mast_we_r$_DFF_P_/D
75	0.2353	uI.uJ.pri_outK[L]	uI.uJ.ch_done	u1.u0.pri_out0[1]$_DFF_P_/Q	u0.u11.ch_done$_DFFE_PP0P_/D
76	0.2355	uI.uJ.pri_outK[L]	uI.uJ.mast_we_r	u1.u0.pri_out0[1]$_DFF_P_/Q	u3.u0.mast_we_r$_DFF_P_/D
77	0.2374	uI.state[J]	uI.uJ.mast_cyc	u2.state[10]$_DFF_PP0_/Q	u3.u0.mast_cyc$_DFF_P_/D
78	0.2375	uI.uJ.pri_outK[L]	uI.uJ.ch_rl	u1.u0.pri_out0[1]$_DFF_P_/Q	u0.u11.ch_rl$_DFF_P_/D
79	0.2376	uI.state[J]	uI.uJ.pointer_r[K]	u2.state[10]$_DFF_PP0_/Q	u0.u8.pointer_r[12]$_DFFE_PP_/D
80	0.2380	uI.uJ.pri_outK[L]	uI.uJ.ch_csr_r[K]	u1.u0.pri_out0[1]$_DFF_P_/Q	u0.u13.ch_csr_r[1]$_DFFE_PP0P_/D
81	0.2383	uI.uJ.pri_outK[L]	uI.uJ.ch_eol	u1.u0.pri_out0[1]$_DFF_P_/Q	u0.u4.ch_eol$_DFFE_PP0P_/D
82	0.2394	uI.uJ.state[K]	uI.uJ.ch_rl	u1.u1.state[4]$_DFFE_PP0P_/Q	u0.u11.ch_rl$_DFF_P_/D
83	0.2395	uI.uJ.pri_outK[L]	uI.state[J]	u1.u0.pri_out0[1]$_DFF_P_/Q	u2.state[10]$_DFF_PP0_/D
84	0.2398	uI.uJ.state[K]	uI.uJ.ch_csr_r[K]	u1.u1.state[4]$_DFFE_PP0P_/Q	u0.u13.ch_csr_r[1]$_DFFE_PP0P_/D
85	0.2426	uI.uJ.pri_outK[L]	uI.uJ.ch_adrK_s[L]	u1.u0.pri_out0[1]$_DFF_P_/Q	u0.u11.ch_adr0_s[29]$_DFFE_PP_/D
86	0.2434	uI.uJ.state[K]	uI.state[J]	u1.u2.state[0]$_DFFE_PP0P_/Q	u2.state[10]$_DFF_PP0_/D
87	0.2436	uI.uJ.state[K]	uI.uJ.ch_adrK_s[L]	u1.u1.state[2]$_DFFE_PP0P_/Q	u0.u4.ch_adr1_s[0]$_DFFE_PP_/D
88	0.2455	uI.uJ.pri_outK[L]	uI.uJ.ch_tot_sz_r[K]	u1.u0.pri_out0[1]$_DFF_P_/Q	u0.u1.ch_tot_sz_r[7]$_DFFE_PP_/D
89	0.2467	uI.uJ.pri_outK[L]	uI.uJ.mast_stb	u1.u0.pri_out0[1]$_DFF_P_/Q	u4.u0.mast_stb$_DFF_P_/D
90	0.2468	wbI_ack_i	uI.mastJ_adr[K]	wb0_ack_i	u2.mast0_adr[20]$_DFF_P_/D
91	0.2473	uI.uJ.state[K]	uI.uJ.ch_tot_sz_r[K]	u1.u1.state[4]$_DFFE_PP0P_/Q	u0.u1.ch_tot_sz_r[7]$_DFFE_PP_/D
92	0.2484	uI.uJ.state[K]	uI.uJ.mast_stb	u1.u1.state[2]$_DFFE_PP0P_/Q	u4.u0.mast_stb$_DFF_P_/D
93	0.2500	uI.uJ.state[K]	uI.uJ.ch_done	u1.u1.state[4]$_DFFE_PP0P_/Q	u0.u11.ch_done$_DFFE_PP0P_/D
94	0.2510	uI.uJ.pri_outK[L]	uI.write_hold_r	u1.u0.pri_out0[1]$_DFF_P_/Q	u2.write_hold_r$_DFF_P_/D
95	0.2521	uI.state[J]	uI.uJ.ch_adrK_r[L]	u2.state[10]$_DFF_PP0_/Q	u0.u10.ch_adr0_r[26]$_DFFE_PP_/D
96	0.2528	uI.uJ.state[K]	uI.write_hold_r	u1.u1.state[2]$_DFFE_PP0P_/Q	u2.write_hold_r$_DFF_P_/D
97	0.2585	wbI_ack_i	uI.adrJ_cnt[K]	wb0_ack_i	u2.adr1_cnt[28]$_DFFE_PP_/D
98	0.2605	uI.uJ.state[K]	uI.ack_o[J]	u1.u1.state[2]$_DFFE_PP0P_/Q	u1.ack_o[4]$_DFF_P_/D
99	0.2608	uI.ch_sel_r[J]	uI.uJ.pointer_sr[K]	u1.ch_sel_r[1]$_DFFE_PP0P_/Q	u0.u7.pointer_sr[18]$_DFFE_PP_/D
100	0.2632	uI.uJ.pri_outK[L]	uI.chunk_cnt[J]	u1.u0.pri_out0[1]$_DFF_P_/Q	u2.chunk_cnt[8]$_DFFE_PP_/D
