# stage	1_synth
# top_module	cordic_engine
# top_n	100
# kind	blocks
# skip_async	1
# include_full	1
# rank	worst_slack_ns	start	end	start_full	end_full
1	-0.5901	i_xval[I]	u_vec.xv[I][J]	i_xval[0]	u_vec.xv[0][21]$_SDFFE_PP0P_/D
2	-0.5667	i_xval[I]	u_vec.yv[I][J]	i_xval[0]	u_vec.yv[0][22]$_SDFFE_PP0P_/D
3	-0.4404	u_vec.yv[I][J]	u_vec.xv[I][J]	u_vec.yv[13][24]$_SDFFE_PP0P_/Q	u_vec.xv[14][22]$_SDFFE_PP0P_/D
4	-0.4234	u_vec.yv[I][J]	u_vec.yv[I][J]	u_vec.yv[9][24]$_SDFFE_PP0P_/Q	u_vec.yv[10][24]$_SDFFE_PP0P_/D
5	-0.4118	u_vec.xv[I][J]	u_vec.yv[I][J]	u_vec.xv[9][13]$_SDFFE_PP0P_/QN	u_vec.yv[10][24]$_SDFFE_PP0P_/D
6	-0.3634	u_rot.ph[I][J]	u_rot.xv[I][J]	u_rot.ph[1][24]$_SDFFE_PP0P_/Q	u_rot.xv[2][20]$_SDFFE_PP0P_/D
7	-0.3534	i_yval[I]	u_vec.xv[I][J]	i_yval[6]	u_vec.xv[0][21]$_SDFFE_PP0P_/D
8	-0.3323	u_rot.yv[I][J]	u_rot.xv[I][J]	u_rot.yv[3][7]$_SDFFE_PP0P_/QN	u_rot.xv[4][20]$_SDFFE_PP0P_/D
9	-0.3252	i_yval[I]	u_vec.yv[I][J]	i_yval[8]	u_vec.yv[0][22]$_SDFFE_PP0P_/D
10	-0.3123	u_rot.ph[I][J]	u_rot.yv[I][J]	u_rot.ph[3][24]$_SDFFE_PP0P_/Q	u_rot.yv[4][20]$_SDFFE_PP0P_/D
11	-0.3094	u_rot.xv[I][J]	u_rot.yv[I][J]	u_rot.xv[3][5]$_SDFFE_PP0P_/QN	u_rot.yv[4][20]$_SDFFE_PP0P_/D
12	-0.2848	u_vec.yv[I][J]	u_vec.ph[I][J]	u_vec.yv[16][24]$_SDFFE_PP0P_/Q	u_vec.ph[17][25]$_SDFFE_PP0P_/D
13	-0.2663	i_yval[I]	u_rot.xv[I][J]	i_yval[1]	u_rot.xv[0][12]$_SDFFE_PP0P_/D
14	-0.2451	u_rot.ph[I][J]	u_rot.ph[I][J]	u_rot.ph[17][24]$_SDFFE_PP0P_/QN	u_rot.ph[18][23]$_SDFFE_PP0P_/D
15	-0.2364	i_xval[I]	u_rot.yv[I][J]	i_xval[0]	u_rot.yv[0][18]$_SDFFE_PP0P_/D
16	-0.2285	i_yval[I]	u_rot.yv[I][J]	i_yval[1]	u_rot.yv[0][16]$_SDFFE_PP0P_/D
17	-0.2246	i_xval[I]	u_rot.xv[I][J]	i_xval[0]	u_rot.xv[0][18]$_SDFFE_PP0P_/D
18	-0.1343	u_vec.ph[I][J]	u_vec.ph[I][J]	u_vec.ph[16][4]$_SDFFE_PP0P_/Q	u_vec.ph[17][25]$_SDFFE_PP0P_/D
19	-0.1201	i_ce	u_vec.ph[I][J]	i_ce	u_vec.ph[4][18]$_SDFFE_PP0P_/D
20	-0.1201	i_ce	u_vec.yv[I][J]	i_ce	u_vec.yv[4][16]$_SDFFE_PP0P_/D
21	-0.1110	u_vec.xv[I][J]	u_vec.xv[I][J]	u_vec.xv[13][0]$_SDFFE_PP0P_/QN	u_vec.xv[14][22]$_SDFFE_PP0P_/D
22	-0.1092	i_ce	u_rot.ph[I][J]	i_ce	u_rot.ph[19][24]$_SDFFE_PP0P_/D
23	-0.1092	i_ce	u_rot.xv[I][J]	i_ce	u_rot.xv[12][20]$_SDFFE_PP0P_/D
24	-0.1092	i_ce	u_vec.xv[I][J]	i_ce	u_vec.xv[10][24]$_SDFFE_PP0P_/D
25	-0.0975	i_ce	u_rot.yv[I][J]	i_ce	u_rot.yv[1][13]$_SDFFE_PP0P_/D
26	-0.0975	i_ce	u_vec.o_mag[I]	i_ce	u_vec.o_mag[14]$_SDFFE_PP0P_/D
27	-0.0960	i_reset	u_vec.ph[I][J]	i_reset	u_vec.ph[4][18]$_SDFFE_PP0P_/D
28	-0.0960	i_reset	u_vec.yv[I][J]	i_reset	u_vec.yv[4][16]$_SDFFE_PP0P_/D
29	-0.0883	u_rot.xv[I][J]	u_rot.xv[I][J]	u_rot.xv[1][7]$_SDFFE_PP0P_/Q	u_rot.xv[2][20]$_SDFFE_PP0P_/D
30	-0.0863	i_phase[I]	u_rot.yv[I][J]	i_phase[23]	u_rot.yv[0][10]$_SDFFE_PP0P_/D
31	-0.0851	i_reset	u_rot.ph[I][J]	i_reset	u_rot.ph[19][24]$_SDFFE_PP0P_/D
32	-0.0851	i_reset	u_rot.xv[I][J]	i_reset	u_rot.xv[12][20]$_SDFFE_PP0P_/D
33	-0.0851	i_reset	u_vec.xv[I][J]	i_reset	u_vec.xv[10][24]$_SDFFE_PP0P_/D
34	-0.0781	i_phase[I]	u_rot.xv[I][J]	i_phase[23]	u_rot.xv[0][15]$_SDFFE_PP0P_/D
35	-0.0734	i_reset	u_rot.yv[I][J]	i_reset	u_rot.yv[1][13]$_SDFFE_PP0P_/D
36	-0.0734	i_reset	u_vec.o_mag[I]	i_reset	u_vec.o_mag[14]$_SDFFE_PP0P_/D
37	-0.0533	u_rot.yv[I][J]	u_rot.yv[I][J]	u_rot.yv[0][3]$_SDFFE_PP0P_/Q	u_rot.yv[1][20]$_SDFFE_PP0P_/D
38	-0.0431	i_ce	u_rot.o_xval[I]	i_ce	u_rot.o_xval[17]$_SDFFE_PP0P_/D
39	-0.0431	i_ce	u_rot.o_yval[I]	i_ce	u_rot.o_yval[17]$_SDFFE_PP0P_/D
40	-0.0189	i_ce	u_vec.ax[I]	i_ce	u_vec.ax[23]$_SDFFE_PP0P_/D
41	-0.0189	i_ce	u_vec.o_aux	i_ce	u_vec.o_aux$_SDFFE_PP0P_/D
42	-0.0189	i_ce	u_vec.o_phase[I]	i_ce	u_vec.o_phase[25]$_SDFFE_PP0P_/D
43	-0.0152	i_ce	u_rot.ax[I]	i_ce	u_rot.ax[0]$_SDFFE_PP0P_/D
44	0.0003	u_vec.xv[I][J]	u_vec.o_mag[I]	u_vec.xv[23][7]$_SDFFE_PP0P_/QN	u_vec.o_mag[10]$_SDFFE_PP0P_/D
45	0.0032	i_reset	u_rot.o_yval[I]	i_reset	u_rot.o_yval[14]$_SDFFE_PP0P_/D
46	0.0046	i_reset	u_rot.o_xval[I]	i_reset	u_rot.o_xval[17]$_SDFFE_PP0P_/D
47	0.0046	i_reset	u_vec.ax[I]	i_reset	u_vec.ax[23]$_SDFFE_PP0P_/D
48	0.0046	i_reset	u_vec.o_aux	i_reset	u_vec.o_aux$_SDFFE_PP0P_/D
49	0.0046	i_reset	u_vec.o_phase[I]	i_reset	u_vec.o_phase[25]$_SDFFE_PP0P_/D
50	0.0076	i_reset	u_rot.ax[I]	i_reset	u_rot.ax[0]$_SDFFE_PP0P_/D
51	0.0284	u_rot.yv[I][J]	u_rot.o_yval[I]	u_rot.yv[21][1]$_SDFFE_PP0P_/Q	u_rot.o_yval[15]$_SDFFE_PP0P_/D
52	0.0320	i_xval[I]	u_vec.ph[I][J]	i_xval[17]	u_vec.ph[0][25]$_SDFFE_PP0P_/D
53	0.0414	i_yval[I]	u_vec.ph[I][J]	i_yval[17]	u_vec.ph[0][25]$_SDFFE_PP0P_/D
54	0.0675	u_rot.xv[I][J]	u_rot.o_xval[I]	u_rot.xv[21][1]$_SDFFE_PP0P_/Q	u_rot.o_xval[14]$_SDFFE_PP0P_/D
55	0.0797	i_phase[I]	u_rot.ph[I][J]	i_phase[22]	u_rot.ph[0][22]$_SDFFE_PP0P_/D
56	0.2561	u_vec.ax[I]	o_rot_aux	u_vec.ax[22]$_SDFFE_PP0P_/Q	o_rot_aux
57	0.2593	u_vec.o_mag[I]	o_vec_mag[I]	u_vec.o_mag[0]$_SDFFE_PP0P_/Q	o_vec_mag[0]
58	0.2594	u_rot.o_xval[I]	o_rot_xval[I]	u_rot.o_xval[0]$_SDFFE_PP0P_/Q	o_rot_xval[0]
59	0.2594	u_rot.o_yval[I]	o_rot_yval[I]	u_rot.o_yval[0]$_SDFFE_PP0P_/Q	o_rot_yval[0]
60	0.2594	u_vec.o_aux	o_vec_aux	u_vec.o_aux$_SDFFE_PP0P_/Q	o_vec_aux
61	0.2594	u_vec.o_phase[I]	o_vec_phase[I]	u_vec.o_phase[0]$_SDFFE_PP0P_/Q	o_vec_phase[0]
62	0.2758	i_aux	u_rot.ax[I]	i_aux	u_rot.ax[0]$_SDFFE_PP0P_/D
63	0.3792	u_vec.o_mag[I]	u_vec.o_mag[I]	u_vec.o_mag[10]$_SDFFE_PP0P_/Q	u_vec.o_mag[10]$_SDFFE_PP0P_/D
64	0.4041	u_rot.o_xval[I]	u_rot.o_xval[I]	u_rot.o_xval[13]$_SDFFE_PP0P_/Q	u_rot.o_xval[13]$_SDFFE_PP0P_/D
65	0.4041	u_rot.o_yval[I]	u_rot.o_yval[I]	u_rot.o_yval[5]$_SDFFE_PP0P_/Q	u_rot.o_yval[5]$_SDFFE_PP0P_/D
66	0.4088	u_vec.ax[I]	u_vec.ax[I]	u_vec.ax[23]$_SDFFE_PP0P_/Q	u_vec.ax[23]$_SDFFE_PP0P_/D
67	0.4088	u_rot.ax[I]	u_rot.ax[I]	u_rot.ax[0]$_SDFFE_PP0P_/Q	u_rot.ax[0]$_SDFFE_PP0P_/D
68	0.4129	u_vec.o_aux	u_vec.o_aux	u_vec.o_aux$_SDFFE_PP0P_/Q	u_vec.o_aux$_SDFFE_PP0P_/D
69	0.4129	u_vec.o_phase[I]	u_vec.o_phase[I]	u_vec.o_phase[25]$_SDFFE_PP0P_/Q	u_vec.o_phase[25]$_SDFFE_PP0P_/D
70	0.4135	u_vec.ax[I]	u_vec.o_aux	u_vec.ax[23]$_SDFFE_PP0P_/Q	u_vec.o_aux$_SDFFE_PP0P_/D
71	0.4135	u_rot.ax[I]	u_vec.ax[I]	u_rot.ax[20]$_SDFFE_PP0P_/Q	u_vec.ax[21]$_SDFFE_PP0P_/D
72	0.4135	u_vec.ph[I][J]	u_vec.o_phase[I]	u_vec.ph[23][0]$_SDFFE_PP0P_/Q	u_vec.o_phase[0]$_SDFFE_PP0P_/D
