# stage	1_synth
# top_module	tpu_top
# top_n	100
# kind	blocks
# skip_async	1
# include_full	1
# rank	worst_slack_ns	start	end	start_full	end_full
1	-0.1880	matrix_index_dI[J]	_I_	matrix_index_d3[3]$_SDFF_PN0_/Q	_91606_/D
2	-0.1048	systolic.data_queue[I][J]	systolic.mul_product[I][J]	systolic.data_queue[45][7]$_SDFFE_PN0P_/Q	systolic.mul_product[45][14]$_SDFFE_PN0P_/D
3	-0.0997	systolic.weight_queue[I][J]	systolic.mul_product[I][J]	systolic.weight_queue[45][1]$_SDFFE_PN0P_/Q	systolic.mul_product[45][14]$_SDFFE_PN0P_/D
4	0.0996	srstn	ori_data_reg[I]	srstn	ori_data_reg[64]$_SDFF_PN0_/D
5	0.1068	srstn	_I_	srstn	_91606_/D
6	0.1293	systolic.cycle_num_dI[J]	systolic.matrix_mul_ID[J][K]	systolic.cycle_num_d1[1]$_SDFF_PN0_/QN	systolic.matrix_mul_2D[58][20]$_SDFFE_PN0P_/D
7	0.1491	systolic.mul_product[I][J]	systolic.matrix_mul_ID[J][K]	systolic.mul_product[6][0]$_SDFFE_PN0P_/Q	systolic.matrix_mul_2D[6][20]$_SDFFE_PN0P_/D
8	0.1514	systolic.matrix_mul_ID[J][K]	systolic.matrix_mul_ID[J][K]	systolic.matrix_mul_2D[6][0]$_SDFFE_PN0P_/Q	systolic.matrix_mul_2D[6][20]$_SDFFE_PN0P_/D
9	0.1542	srstn	systolic.matrix_mul_ID[J][K]	srstn	systolic.matrix_mul_2D[49][20]$_SDFFE_PN0P_/D
10	0.1678	srstn	quantized_data_reg[I]	srstn	quantized_data_reg[123]$_SDFF_PN0_/D
11	0.1721	srstn	systolic.mul_product[I][J]	srstn	systolic.mul_product[0][9]$_SDFFE_PN0P_/D
12	0.1767	srstn	matrix_index_dI[J]	srstn	matrix_index_d2[5]$_SDFF_PN0_/D
13	0.1785	srstn	systolic.cycle_num_dI[J]	srstn	systolic.cycle_num_d1[2]$_SDFF_PN0_/D
14	0.1792	srstn	systolic.data_queue[I][J]	srstn	systolic.data_queue[0][7]$_SDFFE_PN0P_/D
15	0.1792	srstn	systolic.weight_queue[I][J]	srstn	systolic.weight_queue[20][7]$_SDFFE_PN0P_/D
16	0.1810	srstn	data_set_dI[J]	srstn	data_set_d1[1]$_SDFF_PN0_/D
17	0.1810	srstn	systolic_controll.addr_serial_num[I]	srstn	systolic_controll.addr_serial_num[0]$_SDFFE_PN0P_/D
18	0.1823	srstn	systolic_controll.state[I]	srstn	systolic_controll.state[3]$_DFF_P_/D
19	0.2023	srstn	write_out.sram_wdata_c[I]	srstn	write_out.sram_wdata_c[112]$_SDFF_PN0_/D
20	0.2061	srstn	systolic_controll.matrix_index[I]	srstn	systolic_controll.matrix_index[0]$_SDFF_PP0_/D
21	0.2101	srstn	write_out.sram_wdata_a[I]	srstn	write_out.sram_wdata_a[100]$_SDFF_PN0_/D
22	0.2114	matrix_index_dI[J]	ori_data_reg[I]	matrix_index_d1[4]$_SDFF_PN0_/QN	ori_data_reg[57]$_SDFF_PN0_/D
23	0.2196	srstn	quantized_data_reg[I]	srstn	quantized_data_reg[15]$_SDFF_PP0_/D
24	0.2297	srstn	write_out.sram_waddr_c[I]	srstn	write_out.sram_waddr_c[2]$_SDFF_PN0_/D
25	0.2300	srstn	write_out.sram_waddr_a[I]	srstn	write_out.sram_waddr_a[2]$_SDFF_PN0_/D
26	0.2399	srstn	sram_write_enable_dI	srstn	sram_write_enable_d2$_SDFF_PN0_/D
27	0.2399	srstn	tpu_done_dI	srstn	tpu_done_d1$_SDFF_PN0_/D
28	0.2483	srstn	write_out.sram_write_enable_cI	srstn	write_out.sram_write_enable_c0$_SDFF_PN1_/D
29	0.2502	srstn	write_out.sram_write_enable_aI	srstn	write_out.sram_write_enable_a0$_SDFF_PN1_/D
30	0.2541	tpu_start	systolic_controll.addr_serial_num[I]	tpu_start	systolic_controll.addr_serial_num[5]$_SDFFE_PN0P_/D
31	0.2724	srstn	systolic_controll.cycle_num[I]	srstn	systolic_controll.cycle_num[2]$_SDFF_PN0_/D
32	0.2724	srstn	systolic_controll.data_set[I]	srstn	systolic_controll.data_set[1]$_SDFFE_PN0P_/D
33	0.2724	srstn	systolic_controll.tpu_done	srstn	systolic_controll.tpu_done$_SDFF_PN0_/D
34	0.2919	matrix_index_dI[J]	write_out.sram_wdata_a[I]	matrix_index_d3[4]$_SDFF_PN0_/QN	write_out.sram_wdata_a[70]$_SDFF_PN0_/D
35	0.2920	matrix_index_dI[J]	write_out.sram_wdata_c[I]	matrix_index_d3[4]$_SDFF_PN0_/QN	write_out.sram_wdata_c[70]$_SDFF_PN0_/D
36	0.3480	srstn	systolic.alu_start_dI	srstn	systolic.alu_start_d1$_SDFF_PN0_/D
37	0.3816	systolic.alu_start_dI	systolic.matrix_mul_ID[J][K]	systolic.alu_start_d1$_SDFF_PN0_/Q	systolic.matrix_mul_2D[29][20]$_SDFFE_PN0P_/D
38	0.3979	systolic_controll.cycle_num[I]	systolic_controll.matrix_index[I]	systolic_controll.cycle_num[0]$_SDFF_PN0_/Q	systolic_controll.matrix_index[0]$_SDFF_PP0_/D
39	0.4155	ori_data_reg[I]	quantized_data_reg[I]	ori_data_reg[30]$_SDFF_PN0_/Q	quantized_data_reg[27]$_SDFF_PN0_/D
40	0.4162	data_set_dI[J]	_I_	data_set_d3[1]$_SDFF_PN0_/Q	_91606_/D
41	0.4262	sram_write_enable_dI	_I_	sram_write_enable_d3$_SDFF_PN0_/Q	_91606_/D
42	0.4270	systolic_controll.cycle_num[I]	systolic_controll.data_set[I]	systolic_controll.cycle_num[0]$_SDFF_PN0_/Q	systolic_controll.data_set[0]$_SDFFE_PN0P_/D
43	0.4491	addr_sel.sram_raddr_wI[J]	sram_raddr_wI[J]	addr_sel.sram_raddr_w0[0]$_SDFF_PN1_/Q	sram_raddr_w0[0]
44	0.4518	ori_data_reg[I]	quantized_data_reg[I]	ori_data_reg[135]$_SDFF_PN0_/Q	quantized_data_reg[111]$_SDFF_PP0_/D
45	0.4657	addr_sel.sram_raddr_wI[J]	sram_raddr_dI[J]	addr_sel.sram_raddr_w0[0]$_SDFF_PN1_/Q	sram_raddr_d0[0]
46	0.4666	systolic_controll.addr_serial_num[I]	addr_sel.sram_raddr_wI[J]	systolic_controll.addr_serial_num[5]$_SDFFE_PN0P_/Q	addr_sel.sram_raddr_w1[5]$_SDFF_PN1_/D
47	0.4679	write_out.sram_waddr_a[I]	sram_waddr_a[I]	write_out.sram_waddr_a[0]$_SDFF_PN0_/Q	sram_waddr_a[0]
48	0.4679	_I_	sram_waddr_b[I]	_91531_/Q	sram_waddr_b[0]
49	0.4679	write_out.sram_waddr_c[I]	sram_waddr_c[I]	write_out.sram_waddr_c[0]$_SDFF_PN0_/Q	sram_waddr_c[0]
50	0.4679	write_out.sram_wdata_a[I]	sram_wdata_a[I]	write_out.sram_wdata_a[0]$_SDFF_PN0_/Q	sram_wdata_a[0]
51	0.4679	_I_	sram_wdata_b[I]	_91536_/Q	sram_wdata_b[0]
52	0.4679	write_out.sram_wdata_c[I]	sram_wdata_c[I]	write_out.sram_wdata_c[0]$_SDFF_PN0_/Q	sram_wdata_c[0]
53	0.4679	write_out.sram_write_enable_aI	sram_write_enable_aI	write_out.sram_write_enable_a0$_SDFF_PN1_/Q	sram_write_enable_a0
54	0.4679	_I_	sram_write_enable_bI	_91530_/Q	sram_write_enable_b0
55	0.4679	write_out.sram_write_enable_cI	sram_write_enable_cI	write_out.sram_write_enable_c0$_SDFF_PN1_/Q	sram_write_enable_c0
56	0.4679	tpu_done_dI	tpu_done	tpu_done_d3$_SDFF_PN0_/Q	tpu_done
57	0.4681	tpu_start	systolic_controll.state[I]	tpu_start	systolic_controll.state[0]$_DFF_P_/D
58	0.4805	sram_rdata_wI[J]	systolic.weight_queue[I][J]	sram_rdata_w0[31]	systolic.weight_queue[0][7]$_SDFFE_PN0P_/D
59	0.4805	sram_rdata_dI[J]	systolic.data_queue[I][J]	sram_rdata_d0[31]	systolic.data_queue[0][7]$_SDFFE_PN0P_/D
60	0.4832	systolic_controll.addr_serial_num[I]	systolic_controll.addr_serial_num[I]	systolic_controll.addr_serial_num[1]$_SDFFE_PN0P_/Q	systolic_controll.addr_serial_num[5]$_SDFFE_PN0P_/D
61	0.4879	systolic.matrix_mul_ID[J][K]	ori_data_reg[I]	systolic.matrix_mul_2D[56][5]$_SDFFE_PN0P_/Q	ori_data_reg[152]$_SDFF_PN0_/D
62	0.4887	systolic_controll.matrix_index[I]	systolic_controll.data_set[I]	systolic_controll.matrix_index[1]$_SDFF_PP0_/Q	systolic_controll.data_set[0]$_SDFFE_PN0P_/D
63	0.5065	systolic_controll.cycle_num[I]	sram_write_enable_dI	systolic_controll.cycle_num[0]$_SDFF_PN0_/Q	sram_write_enable_d1$_SDFF_PN0_/D
64	0.5104	quantized_data_reg[I]	write_out.sram_wdata_a[I]	quantized_data_reg[123]$_SDFF_PN0_/Q	write_out.sram_wdata_a[11]$_SDFF_PN0_/D
65	0.5114	quantized_data_reg[I]	write_out.sram_wdata_a[I]	quantized_data_reg[127]$_SDFF_PP0_/Q	write_out.sram_wdata_a[15]$_SDFF_PN0_/D
66	0.5131	quantized_data_reg[I]	write_out.sram_wdata_c[I]	quantized_data_reg[123]$_SDFF_PN0_/Q	write_out.sram_wdata_c[11]$_SDFF_PN0_/D
67	0.5141	quantized_data_reg[I]	write_out.sram_wdata_c[I]	quantized_data_reg[127]$_SDFF_PP0_/Q	write_out.sram_wdata_c[15]$_SDFF_PN0_/D
68	0.5161	data_set_dI[J]	write_out.sram_wdata_c[I]	data_set_d3[1]$_SDFF_PN0_/Q	write_out.sram_wdata_c[112]$_SDFF_PN0_/D
69	0.5189	matrix_index_dI[J]	write_out.sram_waddr_a[I]	matrix_index_d3[1]$_SDFF_PN0_/Q	write_out.sram_waddr_a[1]$_SDFF_PN0_/D
70	0.5189	matrix_index_dI[J]	write_out.sram_waddr_c[I]	matrix_index_d3[1]$_SDFF_PN0_/Q	write_out.sram_waddr_c[1]$_SDFF_PN0_/D
71	0.5217	sram_write_enable_dI	write_out.sram_wdata_c[I]	sram_write_enable_d3$_SDFF_PN0_/Q	write_out.sram_wdata_c[112]$_SDFF_PN0_/D
72	0.5255	systolic_controll.state[I]	systolic.data_queue[I][J]	systolic_controll.state[3]$_DFF_P_/Q	systolic.data_queue[0][4]$_SDFFE_PN0P_/D
73	0.5261	systolic_controll.state[I]	systolic.mul_product[I][J]	systolic_controll.state[3]$_DFF_P_/Q	systolic.mul_product[17][1]$_SDFFE_PN0P_/D
74	0.5261	systolic_controll.state[I]	systolic.weight_queue[I][J]	systolic_controll.state[3]$_DFF_P_/Q	systolic.weight_queue[0][2]$_SDFFE_PN0P_/D
75	0.5295	sram_write_enable_dI	write_out.sram_wdata_a[I]	sram_write_enable_d3$_SDFF_PN0_/Q	write_out.sram_wdata_a[100]$_SDFF_PN0_/D
76	0.5352	data_set_dI[J]	write_out.sram_wdata_a[I]	data_set_d3[1]$_SDFF_PN0_/Q	write_out.sram_wdata_a[100]$_SDFF_PN0_/D
77	0.5372	quantized_data_reg[I]	_I_	quantized_data_reg[81]$_SDFF_PN0_/Q	_91633_/D
78	0.5426	quantized_data_reg[I]	_I_	quantized_data_reg[79]$_SDFF_PP0_/Q	_91647_/D
79	0.5435	data_set_dI[J]	write_out.sram_waddr_c[I]	data_set_d3[1]$_SDFF_PN0_/Q	write_out.sram_waddr_c[2]$_SDFF_PN0_/D
80	0.5448	systolic_controll.matrix_index[I]	systolic_controll.matrix_index[I]	systolic_controll.matrix_index[1]$_SDFF_PP0_/Q	systolic_controll.matrix_index[0]$_SDFF_PP0_/D
81	0.5479	systolic_controll.cycle_num[I]	systolic_controll.cycle_num[I]	systolic_controll.cycle_num[0]$_SDFF_PN0_/Q	systolic_controll.cycle_num[8]$_SDFF_PN0_/D
82	0.5479	systolic_controll.matrix_index[I]	systolic_controll.state[I]	systolic_controll.matrix_index[1]$_SDFF_PP0_/Q	systolic_controll.state[3]$_DFF_P_/D
83	0.5490	sram_write_enable_dI	write_out.sram_waddr_c[I]	sram_write_enable_d3$_SDFF_PN0_/Q	write_out.sram_waddr_c[2]$_SDFF_PN0_/D
84	0.5493	sram_write_enable_dI	write_out.sram_waddr_a[I]	sram_write_enable_d3$_SDFF_PN0_/Q	write_out.sram_waddr_a[2]$_SDFF_PN0_/D
85	0.5540	systolic_controll.state[I]	systolic_controll.addr_serial_num[I]	systolic_controll.state[0]$_DFF_P_/QN	systolic_controll.addr_serial_num[5]$_SDFFE_PN0P_/D
86	0.5551	data_set_dI[J]	write_out.sram_waddr_a[I]	data_set_d3[1]$_SDFF_PN0_/Q	write_out.sram_waddr_a[2]$_SDFF_PN0_/D
87	0.5621	data_set_dI[J]	write_out.sram_write_enable_cI	data_set_d3[1]$_SDFF_PN0_/Q	write_out.sram_write_enable_c0$_SDFF_PN1_/D
88	0.5676	sram_write_enable_dI	write_out.sram_write_enable_cI	sram_write_enable_d3$_SDFF_PN0_/Q	write_out.sram_write_enable_c0$_SDFF_PN1_/D
89	0.5676	systolic_controll.state[I]	systolic_controll.state[I]	systolic_controll.state[3]$_DFF_P_/Q	systolic_controll.state[3]$_DFF_P_/D
90	0.5677	systolic_controll.matrix_index[I]	systolic_controll.tpu_done	systolic_controll.matrix_index[1]$_SDFF_PP0_/Q	systolic_controll.tpu_done$_SDFF_PN0_/D
91	0.5696	sram_write_enable_dI	write_out.sram_write_enable_aI	sram_write_enable_d3$_SDFF_PN0_/Q	write_out.sram_write_enable_a0$_SDFF_PN1_/D
92	0.5753	systolic_controll.state[I]	sram_write_enable_dI	systolic_controll.state[3]$_DFF_P_/Q	sram_write_enable_d1$_SDFF_PN0_/D
93	0.5753	systolic_controll.state[I]	systolic_controll.cycle_num[I]	systolic_controll.state[3]$_DFF_P_/Q	systolic_controll.cycle_num[2]$_SDFF_PN0_/D
94	0.5753	systolic_controll.state[I]	systolic_controll.data_set[I]	systolic_controll.state[3]$_DFF_P_/Q	systolic_controll.data_set[1]$_SDFFE_PN0P_/D
95	0.5753	systolic_controll.state[I]	systolic_controll.tpu_done	systolic_controll.state[3]$_DFF_P_/Q	systolic_controll.tpu_done$_SDFF_PN0_/D
96	0.5753	data_set_dI[J]	write_out.sram_write_enable_aI	data_set_d3[1]$_SDFF_PN0_/Q	write_out.sram_write_enable_a0$_SDFF_PN1_/D
97	0.6365	systolic.mul_product[I][J]	systolic.mul_product[I][J]	systolic.mul_product[24][15]$_SDFFE_PN0P_/Q	systolic.mul_product[24][15]$_SDFFE_PN0P_/D
98	0.6503	systolic_controll.state[I]	systolic.alu_start_dI	systolic_controll.state[3]$_DFF_P_/Q	systolic.alu_start_d1$_SDFF_PN0_/D
99	0.6639	systolic_controll.state[I]	systolic_controll.matrix_index[I]	systolic_controll.state[3]$_DFF_P_/QN	systolic_controll.matrix_index[0]$_SDFF_PP0_/D
100	0.6662	systolic_controll.data_set[I]	systolic_controll.data_set[I]	systolic_controll.data_set[0]$_SDFFE_PN0P_/Q	systolic_controll.data_set[1]$_SDFFE_PN0P_/D
