# stage	1_synth
# top_module	sha512
# top_n	100
# kind	blocks
# skip_async	1
# include_full	1
# rank	worst_slack_ns	start	end	start_full	end_full
1	-0.5064	core.round_ctr_reg[I]	core.a_reg[I]	core.round_ctr_reg[1]$_DFFE_PN0P_/Q	core.a_reg[57]$_DFFE_PN0P_/D
2	-0.4114	core.round_ctr_reg[I]	core.e_reg[I]	core.round_ctr_reg[1]$_DFFE_PN0P_/Q	core.e_reg[61]$_DFFE_PN0P_/D
3	-0.2765	core.e_reg[I]	core.a_reg[I]	core.e_reg[42]$_DFFE_PN0P_/Q	core.a_reg[57]$_DFFE_PN0P_/D
4	-0.2320	core.f_reg[I]	core.a_reg[I]	core.f_reg[1]$_DFFE_PN0P_/Q	core.a_reg[57]$_DFFE_PN0P_/D
5	-0.2254	core.g_reg[I]	core.a_reg[I]	core.g_reg[1]$_DFFE_PN0P_/Q	core.a_reg[57]$_DFFE_PN0P_/D
6	-0.2064	address[I]	read_data[I]	address[4]	read_data[11]
7	-0.1815	core.e_reg[I]	core.e_reg[I]	core.e_reg[42]$_DFFE_PN0P_/Q	core.e_reg[61]$_DFFE_PN0P_/D
8	-0.1370	core.f_reg[I]	core.e_reg[I]	core.f_reg[1]$_DFFE_PN0P_/Q	core.e_reg[61]$_DFFE_PN0P_/D
9	-0.1352	core.w_mem_inst.w_mem[I][J]	core.a_reg[I]	core.w_mem_inst.w_mem[0][1]$_DFFE_PN0P_/Q	core.a_reg[57]$_DFFE_PN0P_/D
10	-0.1304	core.g_reg[I]	core.e_reg[I]	core.g_reg[1]$_DFFE_PN0P_/Q	core.e_reg[61]$_DFFE_PN0P_/D
11	-0.1165	address[I]	error	address[4]	error
12	-0.0402	core.w_mem_inst.w_mem[I][J]	core.e_reg[I]	core.w_mem_inst.w_mem[0][1]$_DFFE_PN0P_/Q	core.e_reg[61]$_DFFE_PN0P_/D
13	0.0753	core.h_reg[I]	core.a_reg[I]	core.h_reg[1]$_DFFE_PN0P_/Q	core.a_reg[57]$_DFFE_PN0P_/D
14	0.0985	we	read_data[I]	we	read_data[0]
15	0.1127	cs	read_data[I]	cs	read_data[0]
16	0.1703	core.h_reg[I]	core.e_reg[I]	core.h_reg[1]$_DFFE_PN0P_/Q	core.e_reg[61]$_DFFE_PN0P_/D
17	0.2351	we	error	we	error
18	0.2702	cs	error	cs	error
19	0.3629	address[I]	work_factor_num_reg[I]	address[4]	work_factor_num_reg[10]$_DFFE_PN0P_/D
20	0.4126	address[I]	block_reg[I][J]	address[2]	block_reg[19][10]$_DFFE_PN0P_/D
21	0.4621	address[I]	work_factor_reg	address[4]	work_factor_reg$_DFFE_PN0P_/D
22	0.4625	address[I]	mode_reg[I]	address[4]	mode_reg[0]$_DFFE_PN1P_/D
23	0.4955	address[I]	init_reg	address[4]	init_reg$_DFF_PN0_/D
24	0.4955	address[I]	next_reg	address[4]	next_reg$_DFF_PN0_/D
25	0.5370	core.w_mem_inst.w_mem[I][J]	core.w_mem_inst.w_mem[I][J]	core.w_mem_inst.w_mem[14][23]$_DFFE_PN0P_/Q	core.w_mem_inst.w_mem[15][63]$_DFFE_PN0P_/D
26	0.5459	digest_reg[I]	read_data[I]	digest_reg[267]$_DFFE_PN0P_/Q	read_data[11]
27	0.5778	block_reg[I][J]	read_data[I]	block_reg[9][11]$_DFFE_PN0P_/Q	read_data[11]
28	0.6049	core.a_reg[I]	core.a_reg[I]	core.a_reg[46]$_DFFE_PN0P_/Q	core.a_reg[63]$_DFFE_PN0P_/D
29	0.6292	cs	block_reg[I][J]	cs	block_reg[19][10]$_DFFE_PN0P_/D
30	0.6320	we	block_reg[I][J]	we	block_reg[19][10]$_DFFE_PN0P_/D
31	0.6808	core.b_reg[I]	core.a_reg[I]	core.b_reg[12]$_DFFE_PN0P_/Q	core.a_reg[63]$_DFFE_PN0P_/D
32	0.6825	core.c_reg[I]	core.a_reg[I]	core.c_reg[12]$_DFFE_PN0P_/Q	core.a_reg[63]$_DFFE_PN0P_/D
33	0.7129	cs	work_factor_num_reg[I]	cs	work_factor_num_reg[10]$_DFFE_PN0P_/D
34	0.7157	we	work_factor_num_reg[I]	we	work_factor_num_reg[10]$_DFFE_PN0P_/D
35	0.7403	work_factor_num_reg[I]	read_data[I]	work_factor_num_reg[11]$_DFFE_PN0P_/Q	read_data[11]
36	0.7733	next_reg	read_data[I]	next_reg$_DFF_PN0_/Q	read_data[1]
37	0.7752	init_reg	read_data[I]	init_reg$_DFF_PN0_/Q	read_data[0]
38	0.7776	work_factor_reg	read_data[I]	work_factor_reg$_DFFE_PN0P_/Q	read_data[7]
39	0.7815	cs	work_factor_reg	cs	work_factor_reg$_DFFE_PN0P_/D
40	0.7819	cs	mode_reg[I]	cs	mode_reg[0]$_DFFE_PN1P_/D
41	0.7848	we	work_factor_reg	we	work_factor_reg$_DFFE_PN0P_/D
42	0.7852	we	mode_reg[I]	we	mode_reg[0]$_DFFE_PN1P_/D
43	0.7861	digest_valid_reg	read_data[I]	digest_valid_reg$_DFF_PN0_/Q	read_data[1]
44	0.7918	mode_reg[I]	read_data[I]	mode_reg[1]$_DFFE_PN1P_/Q	read_data[3]
45	0.8059	write_data[I]	block_reg[I][J]	write_data[2]	block_reg[0][2]$_DFFE_PN0P_/D
46	0.8059	write_data[I]	work_factor_num_reg[I]	write_data[2]	work_factor_num_reg[2]$_DFFE_PN0P_/D
47	0.8063	write_data[I]	mode_reg[I]	write_data[2]	mode_reg[0]$_DFFE_PN1P_/D
48	0.8084	ready_reg	read_data[I]	ready_reg$_DFF_PN0_/Q	read_data[0]
49	0.8149	cs	init_reg	cs	init_reg$_DFF_PN0_/D
50	0.8149	cs	next_reg	cs	next_reg$_DFF_PN0_/D
51	0.8182	we	init_reg	we	init_reg$_DFF_PN0_/D
52	0.8182	we	next_reg	we	next_reg$_DFF_PN0_/D
53	0.8342	core.d_reg[I]	core.e_reg[I]	core.d_reg[15]$_DFFE_PN0P_/Q	core.e_reg[58]$_DFFE_PN0P_/D
54	0.8356	write_data[I]	init_reg	write_data[0]	init_reg$_DFF_PN0_/D
55	0.8356	write_data[I]	next_reg	write_data[1]	next_reg$_DFF_PN0_/D
56	0.8368	core.d_reg[I]	core.HI_reg[J]	core.d_reg[0]$_DFFE_PN0P_/Q	core.H3_reg[62]$_DFFE_PN0P_/D
57	0.8453	core.HI_reg[J]	core.HI_reg[J]	core.H3_reg[0]$_DFFE_PN0P_/Q	core.H3_reg[62]$_DFFE_PN0P_/D
58	0.8462	core.b_reg[I]	core.HI_reg[J]	core.b_reg[27]$_DFFE_PN0P_/Q	core.H1_reg[63]$_DFFE_PN0P_/D
59	0.8471	core.f_reg[I]	core.HI_reg[J]	core.f_reg[10]$_DFFE_PN0P_/Q	core.H5_reg[61]$_DFFE_PN0P_/D
60	0.8541	core.g_reg[I]	core.HI_reg[J]	core.g_reg[39]$_DFFE_PN0P_/Q	core.H6_reg[63]$_DFFE_PN0P_/D
61	0.8617	write_data[I]	work_factor_reg	write_data[7]	work_factor_reg$_DFFE_PN0P_/D
62	0.8628	core.e_reg[I]	core.HI_reg[J]	core.e_reg[28]$_DFFE_PN0P_/Q	core.H4_reg[59]$_DFFE_PN0P_/D
63	0.8667	core.h_reg[I]	core.HI_reg[J]	core.h_reg[3]$_DFFE_PN0P_/Q	core.H7_reg[59]$_DFFE_PN0P_/D
64	0.8785	core.c_reg[I]	core.HI_reg[J]	core.c_reg[24]$_DFFE_PN0P_/Q	core.H2_reg[63]$_DFFE_PN0P_/D
65	0.8837	core.work_factor_ctr_reg[I]	core.w_mem_inst.w_mem[I][J]	core.work_factor_ctr_reg[13]$_DFFE_PN0P_/Q	core.w_mem_inst.w_mem[0][0]$_DFFE_PN0P_/D
66	0.8950	core.work_factor_ctr_reg[I]	core.c_reg[I]	core.work_factor_ctr_reg[25]$_DFFE_PN0P_/Q	core.c_reg[29]$_DFFE_PN0P_/D
67	0.9008	core.work_factor_ctr_reg[I]	core.e_reg[I]	core.work_factor_ctr_reg[25]$_DFFE_PN0P_/Q	core.e_reg[36]$_DFFE_PN0P_/D
68	0.9009	core.work_factor_ctr_reg[I]	core.a_reg[I]	core.work_factor_ctr_reg[25]$_DFFE_PN0P_/Q	core.a_reg[0]$_DFFE_PN0P_/D
69	0.9009	core.work_factor_ctr_reg[I]	core.b_reg[I]	core.work_factor_ctr_reg[25]$_DFFE_PN0P_/Q	core.b_reg[16]$_DFFE_PN0P_/D
70	0.9009	core.work_factor_ctr_reg[I]	core.f_reg[I]	core.work_factor_ctr_reg[25]$_DFFE_PN0P_/Q	core.f_reg[9]$_DFFE_PN0P_/D
71	0.9009	core.work_factor_ctr_reg[I]	core.g_reg[I]	core.work_factor_ctr_reg[25]$_DFFE_PN0P_/Q	core.g_reg[46]$_DFFE_PN0P_/D
72	0.9009	core.work_factor_ctr_reg[I]	core.h_reg[I]	core.work_factor_ctr_reg[25]$_DFFE_PN0P_/Q	core.h_reg[27]$_DFFE_PN0P_/D
73	0.9085	core.a_reg[I]	core.HI_reg[J]	core.a_reg[28]$_DFFE_PN0P_/Q	core.H0_reg[59]$_DFFE_PN0P_/D
74	0.9157	core.work_factor_ctr_reg[I]	core.round_ctr_reg[I]	core.work_factor_ctr_reg[13]$_DFFE_PN0P_/Q	core.round_ctr_reg[0]$_DFFE_PN0P_/D
75	0.9172	core.work_factor_ctr_reg[I]	core.d_reg[I]	core.work_factor_ctr_reg[13]$_DFFE_PN0P_/Q	core.d_reg[23]$_DFFE_PN0P_/D
76	0.9178	work_factor_num_reg[I]	core.c_reg[I]	work_factor_num_reg[25]$_DFFE_PN0P_/QN	core.c_reg[29]$_DFFE_PN0P_/D
77	0.9219	core.work_factor_ctr_reg[I]	core.HI_reg[J]	core.work_factor_ctr_reg[25]$_DFFE_PN0P_/Q	core.H7_reg[14]$_DFFE_PN0P_/D
78	0.9236	work_factor_num_reg[I]	core.e_reg[I]	work_factor_num_reg[25]$_DFFE_PN0P_/QN	core.e_reg[36]$_DFFE_PN0P_/D
79	0.9237	work_factor_num_reg[I]	core.a_reg[I]	work_factor_num_reg[25]$_DFFE_PN0P_/QN	core.a_reg[0]$_DFFE_PN0P_/D
80	0.9237	work_factor_num_reg[I]	core.b_reg[I]	work_factor_num_reg[25]$_DFFE_PN0P_/QN	core.b_reg[16]$_DFFE_PN0P_/D
81	0.9237	work_factor_num_reg[I]	core.f_reg[I]	work_factor_num_reg[25]$_DFFE_PN0P_/QN	core.f_reg[9]$_DFFE_PN0P_/D
82	0.9237	work_factor_num_reg[I]	core.g_reg[I]	work_factor_num_reg[25]$_DFFE_PN0P_/QN	core.g_reg[46]$_DFFE_PN0P_/D
83	0.9237	work_factor_num_reg[I]	core.h_reg[I]	work_factor_num_reg[25]$_DFFE_PN0P_/QN	core.h_reg[27]$_DFFE_PN0P_/D
84	0.9295	work_factor_num_reg[I]	core.w_mem_inst.w_mem[I][J]	work_factor_num_reg[13]$_DFFE_PN0P_/QN	core.w_mem_inst.w_mem[0][0]$_DFFE_PN0P_/D
85	0.9447	work_factor_num_reg[I]	core.HI_reg[J]	work_factor_num_reg[25]$_DFFE_PN0P_/QN	core.H7_reg[14]$_DFFE_PN0P_/D
86	0.9471	work_factor_num_reg[I]	core.d_reg[I]	work_factor_num_reg[25]$_DFFE_PN0P_/QN	core.d_reg[28]$_DFFE_PN0P_/D
87	0.9558	work_factor_num_reg[I]	core.round_ctr_reg[I]	work_factor_num_reg[25]$_DFFE_PN0P_/QN	core.round_ctr_reg[0]$_DFFE_PN0P_/D
88	0.9859	core.round_ctr_reg[I]	core.work_factor_ctr_reg[I]	core.round_ctr_reg[4]$_DFFE_PN0P_/Q	core.work_factor_ctr_reg[30]$_DFFE_PN0P_/D
89	0.9905	core.work_factor_ctr_reg[I]	core.digest_valid_reg	core.work_factor_ctr_reg[25]$_DFFE_PN0P_/Q	core.digest_valid_reg$_DFFE_PN0P_/D
90	0.9909	core.work_factor_ctr_reg[I]	core.ready_reg	core.work_factor_ctr_reg[25]$_DFFE_PN0P_/Q	core.ready_reg$_DFFE_PN1P_/D
91	0.9961	core.work_factor_ctr_reg[I]	core.work_factor_ctr_reg[I]	core.work_factor_ctr_reg[1]$_DFFE_PN0P_/Q	core.work_factor_ctr_reg[30]$_DFFE_PN0P_/D
92	1.0133	work_factor_num_reg[I]	core.digest_valid_reg	work_factor_num_reg[25]$_DFFE_PN0P_/QN	core.digest_valid_reg$_DFFE_PN0P_/D
93	1.0137	work_factor_num_reg[I]	core.ready_reg	work_factor_num_reg[25]$_DFFE_PN0P_/QN	core.ready_reg$_DFFE_PN1P_/D
94	1.0206	next_reg	core.w_mem_inst.w_mem[I][J]	next_reg$_DFF_PN0_/Q	core.w_mem_inst.w_mem[0][0]$_DFFE_PN0P_/D
95	1.0240	init_reg	core.w_mem_inst.w_mem[I][J]	init_reg$_DFF_PN0_/Q	core.w_mem_inst.w_mem[0][0]$_DFFE_PN0P_/D
96	1.0361	core.round_ctr_reg[I]	core.round_ctr_reg[I]	core.round_ctr_reg[1]$_DFFE_PN0P_/Q	core.round_ctr_reg[1]$_DFFE_PN0P_/D
97	1.0424	next_reg	core.a_reg[I]	next_reg$_DFF_PN0_/Q	core.a_reg[62]$_DFFE_PN0P_/D
98	1.0458	init_reg	core.a_reg[I]	init_reg$_DFF_PN0_/Q	core.a_reg[62]$_DFFE_PN0P_/D
99	1.0526	next_reg	core.round_ctr_reg[I]	next_reg$_DFF_PN0_/Q	core.round_ctr_reg[0]$_DFFE_PN0P_/D
100	1.0538	next_reg	core.b_reg[I]	next_reg$_DFF_PN0_/Q	core.b_reg[62]$_DFFE_PN0P_/D
