# stage	1_synth
# top_module	modexp
# top_n	100
# kind	blocks
# skip_async	1
# include_full	1
# rank	worst_slack_ns	start	end	start_full	end_full
1	-0.4013	core_inst.montprod_select_reg[I]	core_inst.montprod_inst.s_mem.mem[I][J]	core_inst.montprod_select_reg[3]$_DFF_PN0_/Q	core_inst.montprod_inst.s_mem.mem[0][16]$_DFFE_PP_/D
2	-0.3527	core_inst.message_mem.tmp_read_dataI[J]	core_inst.montprod_inst.s_mem.mem[I][J]	core_inst.message_mem.tmp_read_data0[0]$_DFF_P_/Q	core_inst.montprod_inst.s_mem.mem[0][16]$_DFFE_PP_/D
3	-0.3492	core_inst.one_reg[I]	core_inst.montprod_inst.s_mem.mem[I][J]	core_inst.one_reg[0]$_DFF_PN0_/Q	core_inst.montprod_inst.s_mem.mem[0][16]$_DFFE_PP_/D
4	-0.3469	address[I]	read_data[I]	address[0]	read_data[10]
5	-0.3317	core_inst.loop_counter_reg[I]	core_inst.exponent_mem.tmp_read_dataI[J]	core_inst.loop_counter_reg[1]$_DFFE_PN0P_/Q	core_inst.exponent_mem.tmp_read_data0[10]$_DFF_P_/D
6	-0.3278	core_inst.p_mem.tmp_read_dataI[J]	core_inst.montprod_inst.s_mem.mem[I][J]	core_inst.p_mem.tmp_read_data0[0]$_DFF_P_/Q	core_inst.montprod_inst.s_mem.mem[0][16]$_DFFE_PP_/D
7	-0.2706	core_inst.montprod_select_reg[I]	core_inst.montprod_inst.add_carry_in_sa	core_inst.montprod_select_reg[3]$_DFF_PN0_/Q	core_inst.montprod_inst.add_carry_in_sa$_DFF_PN0_/D
8	-0.2658	core_inst.result_mem.tmp_read_dataI[J]	core_inst.montprod_inst.s_mem.mem[I][J]	core_inst.result_mem.tmp_read_data0[0]$_DFF_P_/Q	core_inst.montprod_inst.s_mem.mem[0][16]$_DFFE_PP_/D
9	-0.2569	address[I]	core_inst.modulus_mem.mem[I][J]	address[1]	core_inst.modulus_mem.mem[1][10]$_DFFE_PP_/D
10	-0.2369	core_inst.montprod_inst.add_carry_in_sa	core_inst.montprod_inst.s_mem.mem[I][J]	core_inst.montprod_inst.add_carry_in_sa$_DFF_PN0_/Q	core_inst.montprod_inst.s_mem.mem[0][16]$_DFFE_PP_/D
11	-0.2329	core_inst.montprod_inst.s_mem.tmp_read_data[I]	core_inst.montprod_inst.s_mem.mem[I][J]	core_inst.montprod_inst.s_mem.tmp_read_data[0]$_DFF_P_/Q	core_inst.montprod_inst.s_mem.mem[0][16]$_DFFE_PP_/D
12	-0.2219	core_inst.message_mem.tmp_read_dataI[J]	core_inst.montprod_inst.add_carry_in_sa	core_inst.message_mem.tmp_read_data0[0]$_DFF_P_/Q	core_inst.montprod_inst.add_carry_in_sa$_DFF_PN0_/D
13	-0.2184	core_inst.one_reg[I]	core_inst.montprod_inst.add_carry_in_sa	core_inst.one_reg[0]$_DFF_PN0_/Q	core_inst.montprod_inst.add_carry_in_sa$_DFF_PN0_/D
14	-0.2150	core_inst.cycle_ctr_low_reg[I]	core_inst.cycle_ctr_high_reg[I]	core_inst.cycle_ctr_low_reg[1]$_DFFE_PN0P_/Q	core_inst.cycle_ctr_high_reg[17]$_DFFE_PN0P_/D
15	-0.2063	address[I]	core_inst.exponent_mem.mem[I][J]	address[5]	core_inst.exponent_mem.mem[11][1]$_DFFE_PP_/D
16	-0.1971	core_inst.p_mem.tmp_read_dataI[J]	core_inst.montprod_inst.add_carry_in_sa	core_inst.p_mem.tmp_read_data0[0]$_DFF_P_/Q	core_inst.montprod_inst.add_carry_in_sa$_DFF_PN0_/D
17	-0.1886	core_inst.residue_inst.loop_counter_I_to_nn_reg[J]	core_inst.modulus_mem.tmp_read_dataI[J]	core_inst.residue_inst.loop_counter_1_to_nn_reg[4]$_DFFE_PN0P_/Q	core_inst.modulus_mem.tmp_read_data0[31]$_DFF_P_/D
18	-0.1853	core_inst.residue_inst.nn_reg[I]	core_inst.modulus_mem.tmp_read_dataI[J]	core_inst.residue_inst.nn_reg[10]$_DFFE_PN0P_/Q	core_inst.modulus_mem.tmp_read_data0[31]$_DFF_P_/D
19	-0.1658	core_inst.residue_inst.loop_counter_I_to_nn_reg[J]	core_inst.residue_mem.tmp_read_dataI[J]	core_inst.residue_inst.loop_counter_1_to_nn_reg[4]$_DFFE_PN0P_/Q	core_inst.residue_mem.tmp_read_data0[2]$_DFF_P_/D
20	-0.1631	core_inst.residue_inst.nn_reg[I]	core_inst.residue_mem.tmp_read_dataI[J]	core_inst.residue_inst.nn_reg[10]$_DFFE_PN0P_/Q	core_inst.residue_mem.tmp_read_data0[2]$_DFF_P_/D
21	-0.1543	core_inst.modulus_mem.tmp_read_dataI[J]	core_inst.residue_mem.mem[I][J]	core_inst.modulus_mem.tmp_read_data0[0]$_DFF_P_/Q	core_inst.residue_mem.mem[1][30]$_DFFE_PP_/D
22	-0.1527	core_inst.montprod_inst.add_carry_in_sm	core_inst.montprod_inst.s_mem.mem[I][J]	core_inst.montprod_inst.add_carry_in_sm$_DFF_PN0_/Q	core_inst.montprod_inst.s_mem.mem[0][30]$_DFFE_PP_/D
23	-0.1517	core_inst.modulus_mem.tmp_read_dataI[J]	core_inst.montprod_inst.s_mem.mem[I][J]	core_inst.modulus_mem.tmp_read_data0[0]$_DFF_P_/Q	core_inst.montprod_inst.s_mem.mem[0][30]$_DFFE_PP_/D
24	-0.1383	core_inst.modexp_ctrl_reg[I]	core_inst.exponent_mem.tmp_read_dataI[J]	core_inst.modexp_ctrl_reg[9]$_DFF_PN0_/Q	core_inst.exponent_mem.tmp_read_data0[10]$_DFF_P_/D
25	-0.1378	core_inst.residue_mem.tmp_read_dataI[J]	core_inst.residue_mem.mem[I][J]	core_inst.residue_mem.tmp_read_data0[0]$_DFF_P_/QN	core_inst.residue_mem.mem[1][30]$_DFFE_PP_/D
26	-0.1350	core_inst.result_mem.tmp_read_dataI[J]	core_inst.montprod_inst.add_carry_in_sa	core_inst.result_mem.tmp_read_data0[0]$_DFF_P_/Q	core_inst.montprod_inst.add_carry_in_sa$_DFF_PN0_/D
27	-0.1344	core_inst.residue_inst.residue_ctrl_reg[I]	core_inst.modulus_mem.tmp_read_dataI[J]	core_inst.residue_inst.residue_ctrl_reg[3]$_DFF_PN0_/Q	core_inst.modulus_mem.tmp_read_data0[31]$_DFF_P_/D
28	-0.1338	address[I]	core_inst.message_mem.mem[I][J]	address[1]	core_inst.message_mem.mem[0][10]$_DFFE_PP_/D
29	-0.1321	core_inst.cycle_ctr_high_reg[I]	core_inst.cycle_ctr_high_reg[I]	core_inst.cycle_ctr_high_reg[9]$_DFFE_PN0P_/Q	core_inst.cycle_ctr_high_reg[30]$_DFFE_PN0P_/D
30	-0.1320	core_inst.residue_inst.sub_carry_in_reg	core_inst.residue_mem.mem[I][J]	core_inst.residue_inst.sub_carry_in_reg$_DFF_PN0_/QN	core_inst.residue_mem.mem[1][30]$_DFFE_PP_/D
31	-0.1137	start_reg	core_inst.modulus_mem.tmp_read_dataI[J]	start_reg$_DFF_PN0_/Q	core_inst.modulus_mem.tmp_read_data0[28]$_DFF_P_/D
32	-0.1061	core_inst.montprod_inst.add_carry_in_sa	core_inst.montprod_inst.add_carry_in_sa	core_inst.montprod_inst.add_carry_in_sa$_DFF_PN0_/Q	core_inst.montprod_inst.add_carry_in_sa$_DFF_PN0_/D
33	-0.1021	core_inst.montprod_inst.s_mem.tmp_read_data[I]	core_inst.montprod_inst.add_carry_in_sa	core_inst.montprod_inst.s_mem.tmp_read_data[0]$_DFF_P_/Q	core_inst.montprod_inst.add_carry_in_sa$_DFF_PN0_/D
34	-0.1019	core_inst.modexp_ctrl_reg[I]	core_inst.modulus_mem.tmp_read_dataI[J]	core_inst.modexp_ctrl_reg[0]$_DFF_PN1_/Q	core_inst.modulus_mem.tmp_read_data0[31]$_DFF_P_/D
35	-0.1008	core_inst.residue_inst.residue_ctrl_reg[I]	core_inst.residue_mem.tmp_read_dataI[J]	core_inst.residue_inst.residue_ctrl_reg[3]$_DFF_PN0_/Q	core_inst.residue_mem.tmp_read_data0[2]$_DFF_P_/D
36	-0.0983	address[I]	exponent_length_reg[I]	address[1]	exponent_length_reg[0]$_DFFE_PN0P_/D
37	-0.0965	start_reg	core_inst.residue_mem.tmp_read_dataI[J]	start_reg$_DFF_PN0_/Q	core_inst.residue_mem.tmp_read_data0[2]$_DFF_P_/D
38	-0.0910	core_inst.residue_valid_reg	core_inst.modulus_mem.tmp_read_dataI[J]	core_inst.residue_valid_reg$_DFFE_PN0P_/QN	core_inst.modulus_mem.tmp_read_data0[31]$_DFF_P_/D
39	-0.0876	cs	core_inst.exponent_mem.mem[I][J]	cs	core_inst.exponent_mem.mem[11][1]$_DFFE_PP_/D
40	-0.0875	cs	core_inst.message_mem.mem[I][J]	cs	core_inst.message_mem.mem[0][10]$_DFFE_PP_/D
41	-0.0851	modulus_length_reg[I]	core_inst.exponent_mem.tmp_read_dataI[J]	modulus_length_reg[0]$_DFFE_PN0P_/Q	core_inst.exponent_mem.tmp_read_data0[10]$_DFF_P_/D
42	-0.0817	core_inst.modexp_ctrl_reg[I]	core_inst.residue_mem.tmp_read_dataI[J]	core_inst.modexp_ctrl_reg[0]$_DFF_PN1_/Q	core_inst.residue_mem.tmp_read_data0[2]$_DFF_P_/D
43	-0.0799	core_inst.montprod_select_reg[I]	core_inst.montprod_inst.q_reg	core_inst.montprod_select_reg[3]$_DFF_PN0_/Q	core_inst.montprod_inst.q_reg$_DFFE_PN0P_/D
44	-0.0767	modulus_length_reg[I]	core_inst.message_mem.tmp_read_dataI[J]	modulus_length_reg[0]$_DFFE_PN0P_/QN	core_inst.message_mem.tmp_read_data0[13]$_DFF_P_/D
45	-0.0767	modulus_length_reg[I]	core_inst.montprod_inst.s_mem.tmp_read_data[I]	modulus_length_reg[0]$_DFFE_PN0P_/QN	core_inst.montprod_inst.s_mem.tmp_read_data[10]$_DFF_P_/D
46	-0.0767	modulus_length_reg[I]	core_inst.p_mem.tmp_read_dataI[J]	modulus_length_reg[0]$_DFFE_PN0P_/QN	core_inst.p_mem.tmp_read_data0[0]$_DFF_P_/D
47	-0.0767	modulus_length_reg[I]	core_inst.result_mem.tmp_read_dataI[J]	modulus_length_reg[0]$_DFFE_PN0P_/QN	core_inst.result_mem.tmp_read_data0[0]$_DFF_P_/D
48	-0.0750	cs	core_inst.modulus_mem.mem[I][J]	cs	core_inst.modulus_mem.mem[1][10]$_DFFE_PP_/D
49	-0.0712	address[I]	core_inst.modulus_mem.ptr_reg[I]	address[1]	core_inst.modulus_mem.ptr_reg[4]$_DFFE_PN0P_/D
50	-0.0690	core_inst.montprod_inst.word_index[I]	core_inst.message_mem.tmp_read_dataI[J]	core_inst.montprod_inst.word_index[1]$_DFF_PN0_/Q	core_inst.message_mem.tmp_read_data0[13]$_DFF_P_/D
51	-0.0689	core_inst.montprod_inst.word_index[I]	core_inst.p_mem.tmp_read_dataI[J]	core_inst.montprod_inst.word_index[1]$_DFF_PN0_/Q	core_inst.p_mem.tmp_read_data0[12]$_DFF_P_/D
52	-0.0654	modulus_length_reg[I]	core_inst.modulus_mem.tmp_read_dataI[J]	modulus_length_reg[0]$_DFFE_PN0P_/Q	core_inst.modulus_mem.tmp_read_data0[16]$_DFF_P_/D
53	-0.0650	cs	read_data[I]	cs	read_data[10]
54	-0.0613	core_inst.residue_valid_reg	core_inst.residue_mem.tmp_read_dataI[J]	core_inst.residue_valid_reg$_DFFE_PN0P_/QN	core_inst.residue_mem.tmp_read_data0[2]$_DFF_P_/D
55	-0.0598	address[I]	core_inst.exponent_mem.ptr_reg[I]	address[5]	core_inst.exponent_mem.ptr_reg[2]$_DFFE_PN0P_/D
56	-0.0590	address[I]	modulus_length_reg[I]	address[1]	modulus_length_reg[0]$_DFFE_PN0P_/D
57	-0.0578	core_inst.residue_inst.word_index_reg[I]	core_inst.modulus_mem.tmp_read_dataI[J]	core_inst.residue_inst.word_index_reg[0]$_DFF_PN0_/QN	core_inst.modulus_mem.tmp_read_data0[31]$_DFF_P_/D
58	-0.0562	address[I]	core_inst.residue_valid_reg	address[1]	core_inst.residue_valid_reg$_DFFE_PN0P_/D
59	-0.0554	core_inst.montprod_inst.word_index[I]	core_inst.montprod_inst.s_mem.tmp_read_data[I]	core_inst.montprod_inst.word_index[1]$_DFF_PN0_/Q	core_inst.montprod_inst.s_mem.tmp_read_data[10]$_DFF_P_/D
60	-0.0554	core_inst.montprod_inst.word_index[I]	core_inst.result_mem.tmp_read_dataI[J]	core_inst.montprod_inst.word_index[1]$_DFF_PN0_/Q	core_inst.result_mem.tmp_read_data0[0]$_DFF_P_/D
61	-0.0406	core_inst.montprod_inst.add_carry_in_sm	core_inst.montprod_inst.add_carry_in_sm	core_inst.montprod_inst.add_carry_in_sm$_DFF_PN0_/Q	core_inst.montprod_inst.add_carry_in_sm$_DFF_PN0_/D
62	-0.0396	core_inst.modulus_mem.tmp_read_dataI[J]	core_inst.montprod_inst.add_carry_in_sm	core_inst.modulus_mem.tmp_read_data0[0]$_DFF_P_/Q	core_inst.montprod_inst.add_carry_in_sm$_DFF_PN0_/D
63	-0.0366	core_inst.montprod_inst.s_mem.tmp_read_data[I]	core_inst.montprod_inst.add_carry_in_sm	core_inst.montprod_inst.s_mem.tmp_read_data[0]$_DFF_P_/Q	core_inst.montprod_inst.add_carry_in_sm$_DFF_PN0_/D
64	-0.0353	core_inst.montprod_inst.montprod_ctrl_reg[I]	core_inst.message_mem.tmp_read_dataI[J]	core_inst.montprod_inst.montprod_ctrl_reg[11]$_DFF_PN0_/Q	core_inst.message_mem.tmp_read_data0[13]$_DFF_P_/D
65	-0.0353	core_inst.montprod_inst.montprod_ctrl_reg[I]	core_inst.montprod_inst.s_mem.tmp_read_data[I]	core_inst.montprod_inst.montprod_ctrl_reg[11]$_DFF_PN0_/Q	core_inst.montprod_inst.s_mem.tmp_read_data[10]$_DFF_P_/D
66	-0.0353	core_inst.montprod_inst.montprod_ctrl_reg[I]	core_inst.p_mem.tmp_read_dataI[J]	core_inst.montprod_inst.montprod_ctrl_reg[11]$_DFF_PN0_/Q	core_inst.p_mem.tmp_read_data0[0]$_DFF_P_/D
67	-0.0353	core_inst.montprod_inst.montprod_ctrl_reg[I]	core_inst.result_mem.tmp_read_dataI[J]	core_inst.montprod_inst.montprod_ctrl_reg[11]$_DFF_PN0_/Q	core_inst.result_mem.tmp_read_data0[0]$_DFF_P_/D
68	-0.0308	we	core_inst.message_mem.mem[I][J]	we	core_inst.message_mem.mem[0][10]$_DFFE_PP_/D
69	-0.0263	we	read_data[I]	we	read_data[10]
70	-0.0236	we	core_inst.exponent_mem.mem[I][J]	we	core_inst.exponent_mem.mem[0][10]$_DFFE_PP_/D
71	-0.0219	address[I]	core_inst.message_mem.ptr_reg[I]	address[5]	core_inst.message_mem.ptr_reg[4]$_DFFE_PN0P_/D
72	-0.0183	we	core_inst.modulus_mem.mem[I][J]	we	core_inst.modulus_mem.mem[1][10]$_DFFE_PP_/D
73	-0.0155	address[I]	core_inst.result_mem.ptr_reg[I]	address[1]	core_inst.result_mem.ptr_reg[3]$_DFFE_PN0P_/D
74	-0.0138	core_inst.modulus_mem.tmp_read_dataI[J]	core_inst.residue_inst.sub_carry_in_reg	core_inst.modulus_mem.tmp_read_data0[0]$_DFF_P_/Q	core_inst.residue_inst.sub_carry_in_reg$_DFF_PN0_/D
75	-0.0100	modulus_length_reg[I]	core_inst.montprod_inst.word_index[I]	modulus_length_reg[0]$_DFFE_PN0P_/Q	core_inst.montprod_inst.word_index[4]$_DFF_PN0_/D
76	-0.0038	core_inst.montprod_inst.B_bit_index_reg[I]	core_inst.montprod_inst.q_reg	core_inst.montprod_inst.B_bit_index_reg[0]$_DFFE_PN0P_/Q	core_inst.montprod_inst.q_reg$_DFFE_PN0P_/D
77	-0.0007	core_inst.residue_inst.word_index_reg[I]	core_inst.residue_mem.tmp_read_dataI[J]	core_inst.residue_inst.word_index_reg[0]$_DFF_PN0_/QN	core_inst.residue_mem.tmp_read_data0[2]$_DFF_P_/D
78	0.0027	core_inst.residue_mem.tmp_read_dataI[J]	core_inst.residue_inst.sub_carry_in_reg	core_inst.residue_mem.tmp_read_data0[0]$_DFF_P_/QN	core_inst.residue_inst.sub_carry_in_reg$_DFF_PN0_/D
79	0.0085	core_inst.residue_inst.sub_carry_in_reg	core_inst.residue_inst.sub_carry_in_reg	core_inst.residue_inst.sub_carry_in_reg$_DFF_PN0_/QN	core_inst.residue_inst.sub_carry_in_reg$_DFF_PN0_/D
80	0.0090	core_inst.residue_inst.loop_counter_I_to_nn_reg[J]	core_inst.residue_inst.word_index_reg[I]	core_inst.residue_inst.loop_counter_1_to_nn_reg[4]$_DFFE_PN0P_/Q	core_inst.residue_inst.word_index_reg[2]$_DFF_PN0_/D
81	0.0123	core_inst.residue_inst.nn_reg[I]	core_inst.residue_inst.word_index_reg[I]	core_inst.residue_inst.nn_reg[10]$_DFFE_PN0P_/Q	core_inst.residue_inst.word_index_reg[2]$_DFF_PN0_/D
82	0.0130	core_inst.message_mem.ptr_reg[I]	core_inst.message_mem.tmp_read_dataI[J]	core_inst.message_mem.ptr_reg[1]$_DFFE_PN0P_/Q	core_inst.message_mem.tmp_read_data1[14]$_DFF_P_/D
83	0.0138	core_inst.exponent_mem.ptr_reg[I]	core_inst.exponent_mem.tmp_read_dataI[J]	core_inst.exponent_mem.ptr_reg[0]$_DFFE_PN0P_/Q	core_inst.exponent_mem.tmp_read_data1[10]$_DFF_P_/D
84	0.0140	modulus_length_reg[I]	core_inst.montprod_inst.montprod_ctrl_reg[I]	modulus_length_reg[0]$_DFFE_PN0P_/Q	core_inst.montprod_inst.montprod_ctrl_reg[4]$_DFF_PN0_/D
85	0.0144	core_inst.modulus_mem.ptr_reg[I]	core_inst.modulus_mem.tmp_read_dataI[J]	core_inst.modulus_mem.ptr_reg[0]$_DFFE_PN0P_/Q	core_inst.modulus_mem.tmp_read_data1[16]$_DFF_P_/D
86	0.0167	core_inst.montprod_inst.loop_counter[I]	core_inst.p_mem.tmp_read_dataI[J]	core_inst.montprod_inst.loop_counter[5]$_DFFE_PN0P_/Q	core_inst.p_mem.tmp_read_data1[0]$_DFF_P_/D
87	0.0167	core_inst.montprod_inst.loop_counter[I]	core_inst.residue_mem.tmp_read_dataI[J]	core_inst.montprod_inst.loop_counter[5]$_DFFE_PN0P_/Q	core_inst.residue_mem.tmp_read_data1[24]$_DFF_P_/D
88	0.0180	core_inst.montprod_select_reg[I]	core_inst.montprod_inst.b_reg	core_inst.montprod_select_reg[3]$_DFF_PN0_/Q	core_inst.montprod_inst.b_reg$_DFFE_PN0P_/D
89	0.0219	core_inst.result_mem.ptr_reg[I]	core_inst.result_mem.tmp_read_dataI[J]	core_inst.result_mem.ptr_reg[1]$_DFFE_PN0P_/Q	core_inst.result_mem.tmp_read_data1[10]$_DFF_P_/D
90	0.0241	cs	modulus_length_reg[I]	cs	modulus_length_reg[0]$_DFFE_PN0P_/D
91	0.0290	core_inst.residue_inst.length_mI_reg[J]	core_inst.modulus_mem.tmp_read_dataI[J]	core_inst.residue_inst.length_m1_reg[0]$_DFFE_PN0P_/Q	core_inst.modulus_mem.tmp_read_data0[19]$_DFF_P_/D
92	0.0316	core_inst.montprod_inst.word_index[I]	core_inst.modulus_mem.tmp_read_dataI[J]	core_inst.montprod_inst.word_index[0]$_DFF_PN0_/Q	core_inst.modulus_mem.tmp_read_data0[19]$_DFF_P_/D
93	0.0332	cs	core_inst.result_mem.ptr_reg[I]	cs	core_inst.result_mem.ptr_reg[3]$_DFFE_PN0P_/D
94	0.0370	modulus_length_reg[I]	core_inst.residue_mem.tmp_read_dataI[J]	modulus_length_reg[0]$_DFFE_PN0P_/Q	core_inst.residue_mem.tmp_read_data0[10]$_DFF_P_/D
95	0.0383	modulus_length_reg[I]	core_inst.montprod_select_reg[I]	modulus_length_reg[0]$_DFFE_PN0P_/Q	core_inst.montprod_select_reg[4]$_DFF_PN0_/D
96	0.0388	core_inst.cycle_ctr_low_reg[I]	core_inst.cycle_ctr_low_reg[I]	core_inst.cycle_ctr_low_reg[1]$_DFFE_PN0P_/Q	core_inst.cycle_ctr_low_reg[31]$_DFFE_PN0P_/D
97	0.0389	cs	core_inst.message_mem.ptr_reg[I]	cs	core_inst.message_mem.ptr_reg[4]$_DFFE_PN0P_/D
98	0.0394	cs	core_inst.exponent_mem.ptr_reg[I]	cs	core_inst.exponent_mem.ptr_reg[3]$_DFFE_PN0P_/D
99	0.0502	core_inst.residue_inst.length_mI_reg[J]	core_inst.residue_mem.tmp_read_dataI[J]	core_inst.residue_inst.length_m1_reg[0]$_DFFE_PN0P_/Q	core_inst.residue_mem.tmp_read_data0[2]$_DFF_P_/D
100	0.0525	modulus_length_reg[I]	core_inst.montprod_dest_reg[I]	modulus_length_reg[0]$_DFFE_PN0P_/Q	core_inst.montprod_dest_reg[1]$_DFF_PN0_/D
