# stage	1_synth
# top_module	tpu_top
# top_n	100
# kind	blocks
# skip_async	1
# include_full	1
# rank	worst_slack_ns	start	end	start_full	end_full
1	-0.4113	matrix_index_dI[J]	_I_	matrix_index_d1[3]$_SDFF_PN0_/Q	_94305_/D
2	-0.1572	matrix_index_dI[J]	write_out.sram_wdata_c[I]	matrix_index_d1[4]$_SDFF_PN0_/QN	write_out.sram_wdata_c[7]$_SDFF_PN0_/D
3	-0.1549	matrix_index_dI[J]	write_out.sram_wdata_a[I]	matrix_index_d1[4]$_SDFF_PN0_/QN	write_out.sram_wdata_a[7]$_SDFF_PN0_/D
4	-0.1212	systolic.data_queue[I][J]	systolic.mul_product[I][J]	systolic.data_queue[29][3]$_SDFFE_PN0P_/Q	systolic.mul_product[29][15]$_SDFFE_PN0P_/D
5	-0.1169	systolic.weight_queue[I][J]	systolic.mul_product[I][J]	systolic.weight_queue[29][2]$_SDFFE_PN0P_/Q	systolic.mul_product[29][15]$_SDFFE_PN0P_/D
6	-0.0588	srstn	_I_	srstn	_94296_/D
7	0.0126	systolic.cycle_num_dI[J]	systolic.matrix_mul_ID[J][K]	systolic.cycle_num_d1[0]$_SDFF_PN0_/QN	systolic.matrix_mul_2D[8][10]$_SDFFE_PN0P_/D
8	0.0571	srstn	write_out.sram_wdata_c[I]	srstn	write_out.sram_wdata_c[73]$_SDFF_PN0_/D
9	0.0626	srstn	write_out.sram_wdata_a[I]	srstn	write_out.sram_wdata_a[66]$_SDFF_PN0_/D
10	0.0760	systolic.matrix_mul_ID[J][K]	write_out.sram_wdata_a[I]	systolic.matrix_mul_2D[11][3]$_SDFFE_PN0P_/Q	write_out.sram_wdata_a[40]$_SDFF_PN0_/D
11	0.0775	systolic.matrix_mul_ID[J][K]	write_out.sram_wdata_c[I]	systolic.matrix_mul_2D[11][3]$_SDFFE_PN0P_/Q	write_out.sram_wdata_c[40]$_SDFF_PN0_/D
12	0.0854	systolic.matrix_mul_ID[J][K]	systolic.matrix_mul_ID[J][K]	systolic.matrix_mul_2D[47][2]$_SDFFE_PN0P_/Q	systolic.matrix_mul_2D[47][19]$_SDFFE_PN0P_/D
13	0.0922	systolic.mul_product[I][J]	systolic.matrix_mul_ID[J][K]	systolic.mul_product[54][2]$_SDFFE_PN0P_/Q	systolic.matrix_mul_2D[54][19]$_SDFFE_PN0P_/D
14	0.1198	systolic.matrix_mul_ID[J][K]	_I_	systolic.matrix_mul_2D[11][3]$_SDFFE_PN0P_/Q	_94325_/D
15	0.1529	srstn	write_out.sram_waddr_c[I]	srstn	write_out.sram_waddr_c[5]$_SDFF_PN0_/D
16	0.1583	srstn	write_out.sram_waddr_a[I]	srstn	write_out.sram_waddr_a[5]$_SDFF_PN0_/D
17	0.1998	srstn	write_out.sram_write_enable_cI	srstn	write_out.sram_write_enable_c0$_SDFF_PN1_/D
18	0.2057	srstn	write_out.sram_write_enable_aI	srstn	write_out.sram_write_enable_a0$_SDFF_PN1_/D
19	0.2371	srstn	systolic.matrix_mul_ID[J][K]	srstn	systolic.matrix_mul_2D[14][10]$_SDFFE_PN0P_/D
20	0.2461	srstn	systolic.mul_product[I][J]	srstn	systolic.mul_product[16][15]$_SDFFE_PN0P_/D
21	0.2541	tpu_start	systolic_controll.addr_serial_num[I]	tpu_start	systolic_controll.addr_serial_num[5]$_SDFFE_PN0P_/D
22	0.2549	srstn	data_set_dI[J]	srstn	data_set_d1[1]$_SDFF_PN0_/D
23	0.2549	srstn	systolic_controll.addr_serial_num[I]	srstn	systolic_controll.addr_serial_num[0]$_SDFFE_PN0P_/D
24	0.2559	srstn	systolic_controll.matrix_index[I]	srstn	systolic_controll.matrix_index[0]$_SDFF_PP0_/D
25	0.2588	data_set_dI[J]	_I_	data_set_d1[1]$_SDFF_PN0_/Q	_94296_/D
26	0.2631	sram_write_enable_dI	_I_	sram_write_enable_d1$_SDFF_PN0_/Q	_94296_/D
27	0.2736	srstn	systolic.data_queue[I][J]	srstn	systolic.data_queue[10][7]$_SDFFE_PN0P_/D
28	0.2878	srstn	systolic.weight_queue[I][J]	srstn	systolic.weight_queue[0][0]$_SDFFE_PN0P_/D
29	0.2911	srstn	systolic_controll.state[I]	srstn	systolic_controll.state[0]$_DFF_P_/D
30	0.2937	srstn	systolic.cycle_num_dI[J]	srstn	systolic.cycle_num_d1[4]$_SDFF_PN0_/D
31	0.3032	srstn	matrix_index_dI[J]	srstn	matrix_index_d1[0]$_SDFF_PN0_/D
32	0.3054	srstn	tpu_done_dI	srstn	tpu_done_d1$_SDFF_PN0_/D
33	0.3353	srstn	sram_write_enable_dI	srstn	sram_write_enable_d1$_SDFF_PN0_/D
34	0.3353	srstn	systolic_controll.cycle_num[I]	srstn	systolic_controll.cycle_num[2]$_SDFF_PN0_/D
35	0.3353	srstn	systolic_controll.data_set[I]	srstn	systolic_controll.data_set[1]$_SDFFE_PN0P_/D
36	0.3353	srstn	systolic_controll.tpu_done	srstn	systolic_controll.tpu_done$_SDFF_PN0_/D
37	0.3747	data_set_dI[J]	write_out.sram_wdata_c[I]	data_set_d1[1]$_SDFF_PN0_/Q	write_out.sram_wdata_c[73]$_SDFF_PN0_/D
38	0.3791	sram_write_enable_dI	write_out.sram_wdata_c[I]	sram_write_enable_d1$_SDFF_PN0_/Q	write_out.sram_wdata_c[73]$_SDFF_PN0_/D
39	0.3839	data_set_dI[J]	write_out.sram_wdata_a[I]	data_set_d1[0]$_SDFF_PN0_/Q	write_out.sram_wdata_a[66]$_SDFF_PN0_/D
40	0.3846	sram_write_enable_dI	write_out.sram_wdata_a[I]	sram_write_enable_d1$_SDFF_PN0_/Q	write_out.sram_wdata_a[66]$_SDFF_PN0_/D
41	0.3895	srstn	systolic.alu_start_dI	srstn	systolic.alu_start_d1$_SDFF_PN0_/D
42	0.3906	matrix_index_dI[J]	write_out.sram_waddr_a[I]	matrix_index_d1[0]$_SDFF_PN0_/Q	write_out.sram_waddr_a[0]$_SDFF_PN0_/D
43	0.3907	matrix_index_dI[J]	write_out.sram_waddr_c[I]	matrix_index_d1[0]$_SDFF_PN0_/Q	write_out.sram_waddr_c[0]$_SDFF_PN0_/D
44	0.4208	systolic_controll.cycle_num[I]	systolic_controll.data_set[I]	systolic_controll.cycle_num[0]$_SDFF_PN0_/Q	systolic_controll.data_set[0]$_SDFFE_PN0P_/D
45	0.4256	systolic_controll.cycle_num[I]	systolic_controll.matrix_index[I]	systolic_controll.cycle_num[0]$_SDFF_PN0_/Q	systolic_controll.matrix_index[0]$_SDFF_PP0_/D
46	0.4387	systolic.alu_start_dI	systolic.matrix_mul_ID[J][K]	systolic.alu_start_d1$_SDFF_PN0_/Q	systolic.matrix_mul_2D[8][19]$_SDFFE_PN0P_/D
47	0.4491	addr_sel.sram_raddr_wI[J]	sram_raddr_wI[J]	addr_sel.sram_raddr_w0[0]$_SDFF_PN1_/Q	sram_raddr_w0[0]
48	0.4657	addr_sel.sram_raddr_wI[J]	sram_raddr_dI[J]	addr_sel.sram_raddr_w0[0]$_SDFF_PN1_/Q	sram_raddr_d0[0]
49	0.4666	systolic_controll.addr_serial_num[I]	addr_sel.sram_raddr_wI[J]	systolic_controll.addr_serial_num[5]$_SDFFE_PN0P_/Q	addr_sel.sram_raddr_w1[5]$_SDFF_PN1_/D
50	0.4679	write_out.sram_waddr_a[I]	sram_waddr_a[I]	write_out.sram_waddr_a[0]$_SDFF_PN0_/Q	sram_waddr_a[0]
51	0.4679	_I_	sram_waddr_b[I]	_94200_/Q	sram_waddr_b[0]
52	0.4679	write_out.sram_waddr_c[I]	sram_waddr_c[I]	write_out.sram_waddr_c[0]$_SDFF_PN0_/Q	sram_waddr_c[0]
53	0.4679	write_out.sram_wdata_a[I]	sram_wdata_a[I]	write_out.sram_wdata_a[0]$_SDFF_PN0_/Q	sram_wdata_a[0]
54	0.4679	_I_	sram_wdata_b[I]	_94205_/Q	sram_wdata_b[0]
55	0.4679	write_out.sram_wdata_c[I]	sram_wdata_c[I]	write_out.sram_wdata_c[0]$_SDFF_PN0_/Q	sram_wdata_c[0]
56	0.4679	write_out.sram_write_enable_aI	sram_write_enable_aI	write_out.sram_write_enable_a0$_SDFF_PN1_/Q	sram_write_enable_a0
57	0.4679	_I_	sram_write_enable_bI	_94199_/Q	sram_write_enable_b0
58	0.4679	write_out.sram_write_enable_cI	sram_write_enable_cI	write_out.sram_write_enable_c0$_SDFF_PN1_/Q	sram_write_enable_c0
59	0.4679	tpu_done_dI	tpu_done	tpu_done_d1$_SDFF_PN0_/Q	tpu_done
60	0.4681	tpu_start	systolic_controll.state[I]	tpu_start	systolic_controll.state[0]$_DFF_P_/D
61	0.4706	data_set_dI[J]	write_out.sram_waddr_c[I]	data_set_d1[1]$_SDFF_PN0_/Q	write_out.sram_waddr_c[5]$_SDFF_PN0_/D
62	0.4749	sram_write_enable_dI	write_out.sram_waddr_c[I]	sram_write_enable_d1$_SDFF_PN0_/Q	write_out.sram_waddr_c[5]$_SDFF_PN0_/D
63	0.4796	data_set_dI[J]	write_out.sram_waddr_a[I]	data_set_d1[0]$_SDFF_PN0_/Q	write_out.sram_waddr_a[5]$_SDFF_PN0_/D
64	0.4802	sram_rdata_dI[J]	systolic.data_queue[I][J]	sram_rdata_d0[15]	systolic.data_queue[16][7]$_SDFFE_PN0P_/D
65	0.4803	sram_write_enable_dI	write_out.sram_waddr_a[I]	sram_write_enable_d1$_SDFF_PN0_/Q	write_out.sram_waddr_a[5]$_SDFF_PN0_/D
66	0.4805	sram_rdata_wI[J]	systolic.weight_queue[I][J]	sram_rdata_w0[24]	systolic.weight_queue[0][0]$_SDFFE_PN0P_/D
67	0.4889	systolic_controll.addr_serial_num[I]	systolic_controll.addr_serial_num[I]	systolic_controll.addr_serial_num[3]$_SDFFE_PN0P_/Q	systolic_controll.addr_serial_num[5]$_SDFFE_PN0P_/D
68	0.4977	systolic_controll.cycle_num[I]	sram_write_enable_dI	systolic_controll.cycle_num[0]$_SDFF_PN0_/Q	sram_write_enable_d1$_SDFF_PN0_/D
69	0.5175	data_set_dI[J]	write_out.sram_write_enable_cI	data_set_d1[1]$_SDFF_PN0_/Q	write_out.sram_write_enable_c0$_SDFF_PN1_/D
70	0.5218	sram_write_enable_dI	write_out.sram_write_enable_cI	sram_write_enable_d1$_SDFF_PN0_/Q	write_out.sram_write_enable_c0$_SDFF_PN1_/D
71	0.5270	data_set_dI[J]	write_out.sram_write_enable_aI	data_set_d1[0]$_SDFF_PN0_/Q	write_out.sram_write_enable_a0$_SDFF_PN1_/D
72	0.5277	sram_write_enable_dI	write_out.sram_write_enable_aI	sram_write_enable_d1$_SDFF_PN0_/Q	write_out.sram_write_enable_a0$_SDFF_PN1_/D
73	0.5436	systolic_controll.state[I]	systolic.mul_product[I][J]	systolic_controll.state[3]$_DFF_P_/Q	systolic.mul_product[36][15]$_SDFFE_PN0P_/D
74	0.5520	systolic_controll.cycle_num[I]	systolic_controll.cycle_num[I]	systolic_controll.cycle_num[3]$_SDFF_PN0_/Q	systolic_controll.cycle_num[8]$_SDFF_PN0_/D
75	0.5526	systolic_controll.state[I]	systolic.weight_queue[I][J]	systolic_controll.state[3]$_DFF_P_/Q	systolic.weight_queue[6][6]$_SDFFE_PN0P_/D
76	0.5540	systolic_controll.state[I]	systolic_controll.addr_serial_num[I]	systolic_controll.state[0]$_DFF_P_/QN	systolic_controll.addr_serial_num[5]$_SDFFE_PN0P_/D
77	0.5545	systolic_controll.state[I]	systolic.data_queue[I][J]	systolic_controll.state[3]$_DFF_P_/Q	systolic.data_queue[0][0]$_SDFFE_PN0P_/D
78	0.5552	systolic_controll.matrix_index[I]	systolic_controll.data_set[I]	systolic_controll.matrix_index[4]$_SDFF_PP0_/Q	systolic_controll.data_set[0]$_SDFFE_PN0P_/D
79	0.5570	systolic_controll.state[I]	systolic_controll.state[I]	systolic_controll.state[3]$_DFF_P_/Q	systolic_controll.state[0]$_DFF_P_/D
80	0.5641	systolic_controll.matrix_index[I]	systolic_controll.matrix_index[I]	systolic_controll.matrix_index[1]$_SDFF_PP0_/Q	systolic_controll.matrix_index[0]$_SDFF_PP0_/D
81	0.6136	systolic.mul_product[I][J]	systolic.mul_product[I][J]	systolic.mul_product[46][15]$_SDFFE_PN0P_/Q	systolic.mul_product[46][15]$_SDFFE_PN0P_/D
82	0.6200	systolic_controll.state[I]	sram_write_enable_dI	systolic_controll.state[3]$_DFF_P_/Q	sram_write_enable_d1$_SDFF_PN0_/D
83	0.6200	systolic_controll.state[I]	systolic_controll.cycle_num[I]	systolic_controll.state[3]$_DFF_P_/Q	systolic_controll.cycle_num[2]$_SDFF_PN0_/D
84	0.6200	systolic_controll.state[I]	systolic_controll.data_set[I]	systolic_controll.state[3]$_DFF_P_/Q	systolic_controll.data_set[1]$_SDFFE_PN0P_/D
85	0.6200	systolic_controll.state[I]	systolic_controll.tpu_done	systolic_controll.state[3]$_DFF_P_/Q	systolic_controll.tpu_done$_SDFF_PN0_/D
86	0.6281	systolic_controll.matrix_index[I]	systolic_controll.state[I]	systolic_controll.matrix_index[4]$_SDFF_PP0_/Q	systolic_controll.state[3]$_DFF_P_/D
87	0.6478	systolic_controll.matrix_index[I]	systolic_controll.tpu_done	systolic_controll.matrix_index[4]$_SDFF_PP0_/Q	systolic_controll.tpu_done$_SDFF_PN0_/D
88	0.6638	systolic_controll.state[I]	systolic_controll.matrix_index[I]	systolic_controll.state[3]$_DFF_P_/QN	systolic_controll.matrix_index[0]$_SDFF_PP0_/D
89	0.6662	systolic_controll.data_set[I]	systolic_controll.data_set[I]	systolic_controll.data_set[0]$_SDFFE_PN0P_/Q	systolic_controll.data_set[1]$_SDFFE_PN0P_/D
90	0.6742	systolic_controll.state[I]	systolic.alu_start_dI	systolic_controll.state[3]$_DFF_P_/Q	systolic.alu_start_d1$_SDFF_PN0_/D
91	0.6950	systolic_controll.data_set[I]	systolic_controll.state[I]	systolic_controll.data_set[0]$_SDFFE_PN0P_/Q	systolic_controll.state[3]$_DFF_P_/D
92	0.6979	systolic.data_queue[I][J]	systolic.data_queue[I][J]	systolic.data_queue[13][7]$_SDFFE_PN0P_/Q	systolic.data_queue[13][7]$_SDFFE_PN0P_/D
93	0.7095	systolic.weight_queue[I][J]	systolic.weight_queue[I][J]	systolic.weight_queue[0][0]$_SDFFE_PN0P_/Q	systolic.weight_queue[0][0]$_SDFFE_PN0P_/D
94	0.7147	systolic_controll.data_set[I]	systolic_controll.tpu_done	systolic_controll.data_set[0]$_SDFFE_PN0P_/Q	systolic_controll.tpu_done$_SDFF_PN0_/D
95	0.7282	systolic_controll.cycle_num[I]	systolic.cycle_num_dI[J]	systolic_controll.cycle_num[3]$_SDFF_PN0_/Q	systolic.cycle_num_d1[3]$_SDFF_PN0_/D
96	0.7488	systolic_controll.matrix_index[I]	matrix_index_dI[J]	systolic_controll.matrix_index[1]$_SDFF_PP0_/Q	matrix_index_d1[1]$_SDFF_PN0_/D
97	0.7615	systolic_controll.data_set[I]	data_set_dI[J]	systolic_controll.data_set[0]$_SDFFE_PN0P_/Q	data_set_d1[0]$_SDFF_PN0_/D
98	0.7718	systolic_controll.tpu_done	tpu_done_dI	systolic_controll.tpu_done$_SDFF_PN0_/Q	tpu_done_d1$_SDFF_PN0_/D
