# stage	1_synth
# top_module	fpu
# top_n	100
# kind	blocks
# skip_async	1
# include_full	1
# rank	worst_slack_ns	start	end	start_full	end_full
1	-0.4129	uI.mul_a[J]	uI.pb_lo[J]	u3.mul_a[10]$_SDFFE_PP0P_/Q	u3.pb_lo[27]$_SDFFE_PP0P_/D
2	-0.4109	uI.mul_b[J]	uI.pb_lo[J]	u3.mul_b[19]$_SDFFE_PP0P_/Q	u3.pb_lo[27]$_SDFFE_PP0P_/D
3	-0.3726	uI.mul_a[J]	uI.pa_lo[J]	u3.mul_a[4]$_SDFFE_PP0P_/Q	u3.pa_lo[28]$_SDFFE_PP0P_/D
4	-0.3706	uI.mul_b[J]	uI.pa_lo[J]	u3.mul_b[6]$_SDFFE_PP0P_/Q	u3.pa_lo[28]$_SDFFE_PP0P_/D
5	-0.3300	uI.mul_a[J]	uI.pc_lo[J]	u3.mul_a[4]$_SDFFE_PP0P_/Q	u3.pc_lo[28]$_SDFFE_PP0P_/D
6	-0.3280	uI.mul_b[J]	uI.pc_lo[J]	u3.mul_b[40]$_SDFFE_PP0P_/Q	u3.pc_lo[28]$_SDFFE_PP0P_/D
7	-0.3157	uI.mul_a[J]	uI.pf_lo[J]	u3.mul_a[27]$_SDFFE_PP0P_/Q	u3.pf_lo[24]$_SDFFE_PP0P_/D
8	-0.3137	uI.mul_b[J]	uI.pf_lo[J]	u3.mul_b[25]$_SDFFE_PP0P_/Q	u3.pf_lo[24]$_SDFFE_PP0P_/D
9	-0.2526	uI.mul_a[J]	uI.pg_hi[J]	u3.mul_a[33]$_SDFFE_PP0P_/Q	u3.pg_hi[26]$_SDFFE_PP0P_/D
10	-0.2514	uI.mul_a[J]	uI.pf_hi[J]	u3.mul_a[36]$_SDFFE_PP0P_/Q	u3.pf_hi[25]$_SDFFE_PP0P_/D
11	-0.2506	uI.mul_b[J]	uI.pg_hi[J]	u3.mul_b[38]$_SDFFE_PP0P_/Q	u3.pg_hi[26]$_SDFFE_PP0P_/D
12	-0.2494	uI.mul_b[J]	uI.pf_hi[J]	u3.mul_b[25]$_SDFFE_PP0P_/Q	u3.pf_hi[25]$_SDFFE_PP0P_/D
13	-0.2492	uI.mul_b[J]	uI.pe_hi[J]	u3.mul_b[0]$_SDFFE_PP0P_/Q	u3.pe_hi[25]$_SDFFE_PP0P_/D
14	-0.2482	uI.mul_a[J]	uI.pe_hi[J]	u3.mul_a[39]$_SDFFE_PP0P_/Q	u3.pe_hi[25]$_SDFFE_PP0P_/D
15	-0.2016	uI.mul_a[J]	uI.pg_lo[J]	u3.mul_a[27]$_SDFFE_PP0P_/Q	u3.pg_lo[25]$_SDFFE_PP0P_/D
16	-0.1997	uI.mul_b[J]	uI.pg_lo[J]	u3.mul_b[45]$_SDFFE_PP0P_/Q	u3.pg_lo[25]$_SDFFE_PP0P_/D
17	-0.1955	uI.mul_a[J]	uI.pj_lo[J]	u3.mul_a[42]$_SDFFE_PP0P_/Q	u3.pj_lo[24]$_SDFFE_PP0P_/D
18	-0.1936	uI.mul_b[J]	uI.pj_lo[J]	u3.mul_b[42]$_SDFFE_PP0P_/Q	u3.pj_lo[24]$_SDFFE_PP0P_/D
19	-0.1909	uI.mul_a[J]	uI.pa_hi_hi[J]	u3.mul_a[22]$_SDFFE_PP0P_/Q	u3.pa_hi_hi[22]$_SDFFE_PP0P_/D
20	-0.1889	uI.mul_b[J]	uI.pa_hi_hi[J]	u3.mul_b[1]$_SDFFE_PP0P_/Q	u3.pa_hi_hi[22]$_SDFFE_PP0P_/D
21	-0.1778	uI.mul_a[J]	uI.pe_lo[J]	u3.mul_a[27]$_SDFFE_PP0P_/Q	u3.pe_lo[24]$_SDFFE_PP0P_/D
22	-0.1758	uI.mul_b[J]	uI.pe_lo[J]	u3.mul_b[7]$_SDFFE_PP0P_/Q	u3.pe_lo[24]$_SDFFE_PP0P_/D
23	-0.1752	uI.mul_a[J]	uI.pb_hi_hi[J]	u3.mul_a[22]$_SDFFE_PP0P_/Q	u3.pb_hi_hi[22]$_SDFFE_PP0P_/D
24	-0.1691	uI.mul_a[J]	uI.ph_lo[J]	u3.mul_a[45]$_SDFFE_PP0P_/Q	u3.ph_lo[22]$_SDFFE_PP0P_/D
25	-0.1671	uI.mul_b[J]	uI.pc_hi_lo[J]	u3.mul_b[35]$_SDFFE_PP0P_/Q	u3.pc_hi_lo[22]$_SDFFE_PP0P_/D
26	-0.1671	uI.mul_b[J]	uI.ph_lo[J]	u3.mul_b[1]$_SDFFE_PP0P_/Q	u3.ph_lo[22]$_SDFFE_PP0P_/D
27	-0.1670	uI.mul_b[J]	uI.pc_hi_hi[J]	u3.mul_b[35]$_SDFFE_PP0P_/Q	u3.pc_hi_hi[22]$_SDFFE_PP0P_/D
28	-0.1670	uI.mul_b[J]	uI.pb_hi_hi[J]	u3.mul_b[21]$_SDFFE_PP0P_/Q	u3.pb_hi_hi[22]$_SDFFE_PP0P_/D
29	-0.1629	uI.mul_a[J]	uI.pc_hi_lo[J]	u3.mul_a[13]$_SDFFE_PP0P_/Q	u3.pc_hi_lo[22]$_SDFFE_PP0P_/D
30	-0.1627	uI.mul_a[J]	uI.pc_hi_hi[J]	u3.mul_a[19]$_SDFFE_PP0P_/Q	u3.pc_hi_hi[22]$_SDFFE_PP0P_/D
31	-0.1627	uI.mul_a[J]	uI.ph_hi[J]	u3.mul_a[48]$_SDFFE_PP0P_/Q	u3.ph_hi[22]$_SDFFE_PP0P_/D
32	-0.1608	uI.mul_b[J]	uI.ph_hi[J]	u3.mul_b[4]$_SDFFE_PP0P_/Q	u3.ph_hi[22]$_SDFFE_PP0P_/D
33	-0.1492	uI.mul_b[J]	uI.pi_lo[J]	u3.mul_b[17]$_SDFFE_PP0P_/Q	u3.pi_lo[22]$_SDFFE_PP0P_/D
34	-0.1482	uI.mul_a[J]	uI.pi_lo[J]	u3.mul_a[45]$_SDFFE_PP0P_/Q	u3.pi_lo[22]$_SDFFE_PP0P_/D
35	-0.1408	uI.mul_a[J]	uI.pb_hi_lo[J]	u3.mul_a[16]$_SDFFE_PP0P_/Q	u3.pb_hi_lo[21]$_SDFFE_PP0P_/D
36	-0.1388	uI.mul_b[J]	uI.pb_hi_lo[J]	u3.mul_b[18]$_SDFFE_PP0P_/Q	u3.pb_hi_lo[21]$_SDFFE_PP0P_/D
37	-0.1289	uI.mul_b[J]	uI.pj_hi[J]	u3.mul_b[34]$_SDFFE_PP0P_/Q	u3.pj_hi[23]$_SDFFE_PP0P_/D
38	-0.1279	uI.mul_a[J]	uI.pj_hi[J]	u3.mul_a[51]$_SDFFE_PP0P_/Q	u3.pj_hi[23]$_SDFFE_PP0P_/D
39	-0.1276	uI.mul_b[J]	uI.pi_hi[J]	u3.mul_b[17]$_SDFFE_PP0P_/Q	u3.pi_hi[22]$_SDFFE_PP0P_/D
40	-0.1266	uI.mul_a[J]	uI.pa_hi_lo[J]	u3.mul_a[16]$_SDFFE_PP0P_/Q	u3.pa_hi_lo[22]$_SDFFE_PP0P_/D
41	-0.1266	uI.mul_a[J]	uI.pi_hi[J]	u3.mul_a[51]$_SDFFE_PP0P_/Q	u3.pi_hi[22]$_SDFFE_PP0P_/D
42	-0.1246	uI.mul_b[J]	uI.pa_hi_lo[J]	u3.mul_b[1]$_SDFFE_PP0P_/Q	u3.pa_hi_lo[22]$_SDFFE_PP0P_/D
43	0.0959	uI.divisor_b[J]	uI.divisor_shift_J[K]	u4.divisor_b[51]$_SDFFE_PP0P_/Q	u4.divisor_shift_2[0]$_SDFFE_PP0P_/D
44	0.1165	uI.diff[J]	uI.diff_shift_J[K]	u2.diff[54]$_SDFFE_PP0P_/Q	u2.diff_shift_2[4]$_SDFFE_PP0P_/D
45	0.1188	uI.product_g[J]	uI.sum_J[K]	u3.product_g[0]$_SDFFE_PP0P_/Q	u3.sum_7[34]$_SDFFE_PP0P_/D
46	0.1203	uI.sum_J[K]	uI.sum_J[K]	u3.sum_6[0]$_SDFFE_PP0P_/Q	u3.sum_7[34]$_SDFFE_PP0P_/D
47	0.1465	uI.dividend_a[J]	uI.dividend_shift_J[K]	u4.dividend_a[51]$_SDFFE_PP0P_/Q	u4.dividend_shift_2[5]$_SDFFE_PP0P_/D
48	0.1752	uI.dividend_reg[J]	uI.dividend_reg[J]	u4.dividend_reg[3]$_SDFFE_PP0P_/Q	u4.dividend_reg[37]$_SDFFE_PP0P_/D
49	0.1760	uI.product_a[J]	uI.sum_J[K]	u3.product_a[17]$_SDFFE_PP0P_/Q	u3.sum_0[38]$_SDFFE_PP0P_/D
50	0.1792	uI.product_b[J]	uI.sum_J[K]	u3.product_b[0]$_SDFFE_PP0P_/Q	u3.sum_0[38]$_SDFFE_PP0P_/D
51	0.1832	uI.exponent_large[J]	uI.diff_J[K]	u2.exponent_large[1]$_SDFFE_PP0P_/Q	u2.diff_1[36]$_SDFFE_PP0P_/D
52	0.1882	uI.divisor_reg[J]	uI.dividend_reg[J]	u4.divisor_reg[0]$_SDFFE_PP0P_/Q	u4.dividend_reg[37]$_SDFFE_PP0P_/D
53	0.1898	uI.mul_b[J]	uI.product_d[J]	u3.mul_b[52]$_SDFFE_PP0P_/Q	u3.product_d[20]$_SDFFE_PP0P_/D
54	0.1910	uI.mul_a[J]	uI.product_d[J]	u3.mul_a[3]$_SDFFE_PP0P_/Q	u3.product_d[20]$_SDFFE_PP0P_/D
55	0.1913	uI.minuend[J]	uI.diff[J]	u2.minuend[11]$_SDFFE_PP0P_/Q	u2.diff[22]$_SDFFE_PP0P_/D
56	0.1936	uI.exponent_J[K]	uI.product_J[K]	u3.exponent_2[11]$_SDFFE_PP0P_/Q	u3.product_4[67]$_SDFFE_PP0P_/D
57	0.1953	uI.pj_lo[J]	uI.product_j[J]	u3.pj_lo[10]$_SDFFE_PP0P_/Q	u3.product_j[27]$_SDFFE_PP0P_/D
58	0.1955	uI.large_add[J]	uI.sum[J]	u1.large_add[18]$_SDFFE_PP0P_/Q	u1.sum[49]$_SDFFE_PP0P_/D
59	0.1964	rst	uI.opa_QNaN	rst	u6.opa_QNaN$_SDFFE_PP0P_/D
60	0.1964	rst	uI.opa_SNaN	rst	u6.opa_SNaN$_SDFFE_PP0P_/D
61	0.1978	uI.dividend_reg[J]	uI.remainder_msb	u4.dividend_reg[31]$_SDFFE_PP0P_/Q	u4.remainder_msb$_SDFFE_PP0P_/D
62	0.1985	uI.pj_hi[J]	uI.product_j[J]	u3.pj_hi[4]$_SDFFE_PP0P_/Q	u3.product_j[27]$_SDFFE_PP0P_/D
63	0.2012	uI.small_shift_J[K]	uI.sum[J]	u1.small_shift_3[18]$_SDFFE_PP0P_/Q	u1.sum[49]$_SDFFE_PP0P_/D
64	0.2020	uI.remainder_shift_term[J]	uI.remainder_b[J]	u4.remainder_shift_term[1]$_SDFFE_PP0P_/Q	u4.remainder_b[99]$_SDFFE_PP0P_/D
65	0.2062	rst	uI.diff[J]	rst	u2.diff[39]$_SDFFE_PP0P_/D
66	0.2074	uI.diff_shift_J[K]	uI.diff_J[K]	u2.diff_shift_2[1]$_SDFFE_PP0P_/Q	u2.diff_1[36]$_SDFFE_PP0P_/D
67	0.2095	rst	uI.out_J[K]	rst	u6.out_0[10]$_SDFFE_PP0P_/D
68	0.2096	uI.dividend_reg[J]	uI.quotient[J]	u4.dividend_reg[31]$_SDFFE_PP0P_/Q	u4.quotient[25]$_SDFFE_PP0P_/D
69	0.2120	uI.subtra_shift_J[K]	uI.diff[J]	u2.subtra_shift_3[11]$_SDFFE_PP0P_/QN	u2.diff[22]$_SDFFE_PP0P_/D
70	0.2122	uI.diffshift_gt_exponent	uI.diff_J[K]	u2.diffshift_gt_exponent$_SDFFE_PP0P_/Q	u2.diff_1[36]$_SDFFE_PP0P_/D
71	0.2180	uI.product_c[J]	uI.sum_J[K]	u3.product_c[0]$_SDFFE_PP0P_/Q	u3.sum_2[38]$_SDFFE_PP0P_/D
72	0.2180	rst	uI.opa_neg_inf	rst	u6.opa_neg_inf$_SDFFE_PP0P_/D
73	0.2180	rst	uI.opa_pos_inf	rst	u6.opa_pos_inf$_SDFFE_PP0P_/D
74	0.2197	rst	uI.small_shift[J]	rst	u1.small_shift[10]$_SDFFE_PP0P_/D
75	0.2204	rst	uI.sum[J]	rst	u1.sum[21]$_SDFFE_PP0P_/D
76	0.2226	uI.divisor_reg[J]	uI.remainder_msb	u4.divisor_reg[37]$_SDFFE_PP0P_/Q	u4.remainder_msb$_SDFFE_PP0P_/D
77	0.2277	rst	uI.diff_J[K]	rst	u2.diff_1[32]$_SDFFE_PP0P_/D
78	0.2277	rst	uI.subtra_shift[J]	rst	u2.subtra_shift[10]$_SDFFE_PP0P_/D
79	0.2281	rst	uI.dividend_reg[J]	rst	u4.dividend_reg[41]$_SDFFE_PP0P_/D
80	0.2285	uI.product_shift_J[K]	uI.product_J[K]	u3.product_shift_2[1]$_SDFFE_PP0P_/Q	u3.product_3[105]$_SDFFE_PP0P_/D
81	0.2290	rst	uI.product_J[K]	rst	u3.product_1[1]$_SDFFE_PP0P_/D
82	0.2302	rst	uI.exponent_diff[J]	rst	u1.exponent_diff[1]$_SDFFE_PP0P_/D
83	0.2313	uI.divisor_shift_J[K]	uI.divisor_b_shifted[J]	u4.divisor_shift_2[1]$_SDFFE_PP0P_/Q	u4.divisor_b_shifted[37]$_SDFFE_PP0P_/D
84	0.2313	uI.dividend_shift_J[K]	uI.dividend_a_shifted[J]	u4.dividend_shift_2[1]$_SDFFE_PP0P_/Q	u4.dividend_a_shifted[37]$_SDFFE_PP0P_/D
85	0.2314	uI.product_h[J]	uI.sum_J[K]	u3.product_h[2]$_SDFFE_PP0P_/Q	u3.sum_3[31]$_SDFFE_PP0P_/D
86	0.2319	rst	uI.opa_inf	rst	u6.opa_inf$_SDFFE_PP0P_/D
87	0.2326	mantissa_round[I]	uI.sum_round[J]	mantissa_round[16]$_SDFF_PN0_/Q	u5.sum_round[50]$_SDFF_PP0_/D
88	0.2335	rst	uI.expon_final_J[K]	rst	u4.expon_final_3[11]$_SDFFE_PP0P_/D
89	0.2344	uI.divisor_reg[J]	uI.quotient[J]	u4.divisor_reg[37]$_SDFFE_PP0P_/Q	u4.quotient[25]$_SDFFE_PP0P_/D
90	0.2361	rst	uI.count_out[J]	rst	u4.count_out[3]$_SDFFE_PP0N_/D
91	0.2368	rst	uI.mul_b[J]	rst	u3.mul_b[10]$_SDFFE_PP0P_/D
92	0.2368	rst	uI.pc_lo[J]	rst	u3.pc_lo[10]$_SDFFE_PP0P_/D
93	0.2368	rst	uI.sum_J[K]	rst	u3.sum_2[10]$_SDFFE_PP0P_/D
94	0.2369	rst	uI.pf_hi[J]	rst	u3.pf_hi[22]$_SDFFE_PP0P_/D
95	0.2369	rst	uI.pg_hi[J]	rst	u3.pg_hi[16]$_SDFFE_PP0P_/D
96	0.2369	rst	uI.pg_lo[J]	rst	u3.pg_lo[15]$_SDFFE_PP0P_/D
97	0.2369	rst	uI.ph_hi[J]	rst	u3.ph_hi[20]$_SDFFE_PP0P_/D
98	0.2369	rst	uI.ph_lo[J]	rst	u3.ph_lo[20]$_SDFFE_PP0P_/D
99	0.2369	rst	uI.pi_hi[J]	rst	u3.pi_hi[19]$_SDFFE_PP0P_/D
100	0.2369	rst	uI.pi_lo[J]	rst	u3.pi_lo[20]$_SDFFE_PP0P_/D
