# stage	1_synth
# top_module	filt_fir
# top_n	100
# kind	blocks
# skip_async	1
# include_full	1
# rank	worst_slack_ns	start	end	start_full	end_full
1	-2.2573	i_data[I]	g_fir_tf.g_fir[I].genblkJ.g_fir_add.FIR_TF_DFF.r_data[K]	i_data[2]	g_fir_tf.g_fir[10].genblk2.g_fir_add.FIR_TF_DFF.r_data[19]$_DFFE_PN0P_/D
2	-2.1369	i_data[I]	g_fir_tf.g_fir[I].genblkJ.g_fir_add.FIR_TF_DFF_C.r_data[K]	i_data[2]	g_fir_tf.g_fir[10].genblk2.g_fir_add.FIR_TF_DFF_C.r_data[20]$_DFFE_PN0P_/D
3	-1.2599	i_data[I]	o_data[I]	i_data[4]	o_data[38]
4	-0.4441	i_data[I]	g_fir_tf.g_fir[I].g_fir_add_last.FIR_TF_DFF.r_data[J]	i_data[4]	g_fir_tf.g_fir[79].g_fir_add_last.FIR_TF_DFF.r_data[17]$_DFFE_PN0P_/D
5	0.0100	g_fir_tf.g_fir[I].genblkJ.g_fir_add.FIR_TF_DFF.r_data[K]	o_data[I]	g_fir_tf.g_fir[1].genblk2.g_fir_add.FIR_TF_DFF.r_data[1]$_DFFE_PN0P_/Q	o_data[37]
6	0.0142	g_fir_tf.g_fir[I].genblkJ.g_fir_add.FIR_TF_DFF_C.r_data[K]	o_data[I]	g_fir_tf.g_fir[1].genblk2.g_fir_add.FIR_TF_DFF_C.r_data[1]$_DFFE_PN0P_/Q	o_data[37]
7	0.3620	i_ena	g_fir_tf.g_fir[I].genblkJ.g_fir_add.FIR_TF_DFF.r_data[K]	i_ena	g_fir_tf.g_fir[40].genblk2.g_fir_add.FIR_TF_DFF.r_data[38]$_DFFE_PN0P_/D
8	0.3681	i_ena	g_fir_tf.g_fir[I].g_fir_add_last.FIR_TF_DFF.r_data[J]	i_ena	g_fir_tf.g_fir[79].g_fir_add_last.FIR_TF_DFF.r_data[17]$_DFFE_PN0P_/D
9	0.3758	i_ena	g_fir_tf.g_fir[I].genblkJ.g_fir_add.FIR_TF_DFF_C.r_data[K]	i_ena	g_fir_tf.g_fir[44].genblk2.g_fir_add.FIR_TF_DFF_C.r_data[22]$_DFFE_PN0P_/D
10	0.8502	g_fir_tf.g_fir[I].genblkJ.g_fir_add.FIR_TF_DFF.r_data[K]	g_fir_tf.g_fir[I].genblkJ.g_fir_add.FIR_TF_DFF.r_data[K]	g_fir_tf.g_fir[37].genblk2.g_fir_add.FIR_TF_DFF.r_data[38]$_DFFE_PN0P_/Q	g_fir_tf.g_fir[36].genblk2.g_fir_add.FIR_TF_DFF.r_data[38]$_DFFE_PN0P_/D
11	0.8506	g_fir_tf.g_fir[I].genblkJ.g_fir_add.FIR_TF_DFF_C.r_data[K]	g_fir_tf.g_fir[I].genblkJ.g_fir_add.FIR_TF_DFF.r_data[K]	g_fir_tf.g_fir[37].genblk2.g_fir_add.FIR_TF_DFF_C.r_data[38]$_DFFE_PN0P_/Q	g_fir_tf.g_fir[36].genblk2.g_fir_add.FIR_TF_DFF.r_data[38]$_DFFE_PN0P_/D
12	0.9394	g_fir_tf.g_fir[I].g_fir_add_last.FIR_TF_DFF.r_data[J]	g_fir_tf.g_fir[I].genblkJ.g_fir_add.FIR_TF_DFF.r_data[K]	g_fir_tf.g_fir[79].g_fir_add_last.FIR_TF_DFF.r_data[29]$_DFFE_PN0P_/Q	g_fir_tf.g_fir[78].genblk2.g_fir_add.FIR_TF_DFF.r_data[29]$_DFFE_PN0P_/D
13	0.9468	g_fir_tf.g_fir[I].genblkJ.g_fir_add.FIR_TF_DFF.r_data[K]	g_fir_tf.g_fir[I].genblkJ.g_fir_add.FIR_TF_DFF_C.r_data[K]	g_fir_tf.g_fir[72].genblk2.g_fir_add.FIR_TF_DFF.r_data[37]$_DFFE_PN0P_/Q	g_fir_tf.g_fir[71].genblk2.g_fir_add.FIR_TF_DFF_C.r_data[38]$_DFFE_PN0P_/D
14	0.9533	g_fir_tf.g_fir[I].genblkJ.g_fir_add.FIR_TF_DFF_C.r_data[K]	g_fir_tf.g_fir[I].genblkJ.g_fir_add.FIR_TF_DFF_C.r_data[K]	g_fir_tf.g_fir[78].genblk2.g_fir_add.FIR_TF_DFF_C.r_data[29]$_DFFE_PN0P_/Q	g_fir_tf.g_fir[77].genblk2.g_fir_add.FIR_TF_DFF_C.r_data[30]$_DFFE_PN0P_/D
15	0.9972	g_fir_tf.g_fir[I].g_fir_add_last.FIR_TF_DFF.r_data[J]	g_fir_tf.g_fir[I].genblkJ.g_fir_add.FIR_TF_DFF_C.r_data[K]	g_fir_tf.g_fir[79].g_fir_add_last.FIR_TF_DFF.r_data[29]$_DFFE_PN0P_/Q	g_fir_tf.g_fir[78].genblk2.g_fir_add.FIR_TF_DFF_C.r_data[30]$_DFFE_PN0P_/D
16	1.0292	g_fir_tf.g_fir[I].g_fir_add_last.FIR_TF_DFF.r_data[J]	g_fir_tf.g_fir[I].g_fir_add_last.FIR_TF_DFF.r_data[J]	g_fir_tf.g_fir[79].g_fir_add_last.FIR_TF_DFF.r_data[10]$_DFFE_PN0P_/Q	g_fir_tf.g_fir[79].g_fir_add_last.FIR_TF_DFF.r_data[10]$_DFFE_PN0P_/D
