# stage	1_synth
# top_module	viterbi_core
# top_n	1000
# kind	blocks
# skip_async	1
# include_full	1
# rank	worst_slack_ns	start	end	start_full	end_full
1	-0.7850	acs_inst_I.pm_r[J]	pm_normalize_inst.max_r[I]	acs_inst_3.pm_r[2]$_DFF_PN0_/Q	pm_normalize_inst.max_r[1]$_DFFE_PN0P_/D
2	-0.3108	src_rdata_i[I]	bmu_inst_I.bm_r[J]	src_rdata_i[20]	bmu_inst_63.bm_r[7]$_DFF_PN0_/D
3	-0.0322	register_num_i[I]	acs_inst_I.pm_r[J]	register_num_i[1]	acs_inst_42.pm_r[0]$_DFF_PN0_/D
4	0.0148	register_num_i[I]	acs_inst_I.survivor_path_r	register_num_i[1]	acs_inst_42.survivor_path_r$_DFF_PN0_/D
5	0.5637	bmu_inst_I.bm_r[J]	acs_inst_I.pm_r[J]	bmu_inst_63.bm_r[0]$_DFF_PN0_/Q	acs_inst_42.pm_r[0]$_DFF_PN0_/D
6	0.5838	register_num_i[I]	pm_normalize_inst.max_r[I]	register_num_i[1]	pm_normalize_inst.max_r[1]$_DFFE_PN0P_/D
7	0.6107	bmu_inst_I.bm_r[J]	acs_inst_I.survivor_path_r	bmu_inst_63.bm_r[0]$_DFF_PN0_/Q	acs_inst_42.survivor_path_r$_DFF_PN0_/D
8	0.6197	register_num_i[I]	bmu_inst_I.low_codeword_tmp[J]	register_num_i[1]	bmu_inst_56.low_codeword_tmp[0]$_DFFE_PN0P_/D
9	0.6225	infobit_length_i[I]	src_addr_r[I]	infobit_length_i[0]	src_addr_r[10]$_DFFE_PN0P_/D
10	0.6428	rst_sync_i	bmu_inst_I.low_codeword_tmp[J]	rst_sync_i	bmu_inst_45.low_codeword_tmp[0]$_DFFE_PN0P_/D
11	0.6494	rst_sync_i	fetch_src_cnt_r[I]	rst_sync_i	fetch_src_cnt_r[11]$_DFFE_PN0P_/D
12	0.6571	rst_sync_i	pm_normalize_inst.pm_nom_r[I][J]	rst_sync_i	pm_normalize_inst.pm_nom_r[16][6]$_DFFE_PN0P_/D
13	0.6591	register_num_i[I]	pm_normalize_inst.pm_update_en_pipe_r[I]	register_num_i[1]	pm_normalize_inst.pm_update_en_pipe_r[31]$_DFFE_PN0P_/D
14	0.6648	polynomialI_i[J]	bmu_inst_I.low_codeword_tmp[J]	polynomial3_i[3]	bmu_inst_63.low_codeword_tmp[2]$_DFFE_PN0P_/D
15	0.6798	valid_polynomials_i[I]	bmu_inst_I.bm_r[J]	valid_polynomials_i[1]	bmu_inst_53.bm_r[1]$_DFF_PN0_/D
16	0.6851	infobit_length_i[I]	src_len_counter_r[I]	infobit_length_i[0]	src_len_counter_r[10]$_DFFE_PN0P_/D
17	0.6902	frame_start_i	pm_normalize_inst.pm_nom_r[I][J]	frame_start_i	pm_normalize_inst.pm_nom_r[16][6]$_DFFE_PN0P_/D
18	0.6949	pm_normalize_inst.max_r[I]	pm_normalize_inst.pm_nom_r[I][J]	pm_normalize_inst.max_r[0]$_DFFE_PN0P_/Q	pm_normalize_inst.pm_nom_r[50][6]$_DFFE_PN0P_/D
19	0.6982	frame_start_i	fetch_src_cnt_r[I]	frame_start_i	fetch_src_cnt_r[11]$_DFFE_PN0P_/D
20	0.7014	valid_polynomials_i[I]	bmu_inst_I.low_codeword[J]	valid_polynomials_i[1]	bmu_inst_1.low_codeword[2]$_DFFE_PN0P_/D
21	0.7110	register_num_i[I]	acs_en_r[I]	register_num_i[1]	acs_en_r[62]$_DFFE_PN0P_/D
22	0.7380	rst_sync_i	src_len_counter_r[I]	rst_sync_i	src_len_counter_r[10]$_DFFE_PN0P_/D
23	0.7710	frame_start_i	src_len_counter_r[I]	frame_start_i	src_len_counter_r[10]$_DFFE_PN0P_/D
24	0.7733	rst_sync_i	bmu_inst_I.low_codeword[J]	rst_sync_i	bmu_inst_1.low_codeword[0]$_DFFE_PN0P_/D
25	0.7773	bmu_inst_I.low_codeword[J]	bmu_inst_I.bm_r[J]	bmu_inst_63.low_codeword[4]$_DFFE_PN0P_/Q	bmu_inst_63.bm_r[7]$_DFF_PN0_/D
26	0.7780	rst_sync_i	acs_inst_I.pm_r[J]	rst_sync_i	acs_inst_30.pm_r[5]$_DFF_PN0_/D
27	0.7792	rst_sync_i	dst_addr_r[I]	rst_sync_i	dst_addr_r[0]$_DFFE_PN0P_/D
28	0.7792	rst_sync_i	traceback_ins.tb_addr_r[I]	rst_sync_i	traceback_ins.tb_addr_r[0]$_DFFE_PN0P_/D
29	0.7811	rst_sync_i	traceback_ins.tb_rd_r	rst_sync_i	traceback_ins.tb_rd_r$_DFF_PN0_/D
30	0.7813	rst_sync_i	decoding_start_r	rst_sync_i	decoding_start_r$_DFF_PN0_/D
31	0.7813	rst_sync_i	dst_wr_dI_r	rst_sync_i	dst_wr_d1_r$_DFF_PN0_/D
32	0.7815	rst_sync_i	busy_r	rst_sync_i	busy_r$_DFFE_PN0P_/D
33	0.7815	rst_sync_i	traceback_ins.tb_counter_r[I]	rst_sync_i	traceback_ins.tb_counter_r[1]$_DFFE_PN0P_/D
34	0.7838	frame_start_i	src_addr_r[I]	frame_start_i	src_addr_r[10]$_DFFE_PN0P_/D
35	0.7841	rst_sync_i	src_addr_r[I]	rst_sync_i	src_addr_r[10]$_DFFE_PN0P_/D
36	0.7851	rst_sync_i	bmu_inst_I.bm_r[J]	rst_sync_i	bmu_inst_16.bm_r[7]$_DFF_PN0_/D
37	0.8028	tail_biting_en_i	pm_normalize_inst.pm_nom_r[I][J]	tail_biting_en_i	pm_normalize_inst.pm_nom_r[42][7]$_DFFE_PN0P_/D
38	0.8069	rst_sync_i	first_loop_r	rst_sync_i	first_loop_r$_DFFE_PN0P_/D
39	0.8069	rst_sync_i	flush_all_start_r	rst_sync_i	flush_all_start_r$_DFFE_PN0P_/D
40	0.8069	rst_sync_i	full_tb_start_r	rst_sync_i	full_tb_start_r$_DFFE_PN0P_/D
41	0.8069	rst_sync_i	half_tb_start_r	rst_sync_i	half_tb_start_r$_DFFE_PN0P_/D
42	0.8069	rst_sync_i	state_r[I]	rst_sync_i	state_r[3]$_DFF_PN0_/D
43	0.8085	rst_sync_i	bmu_inst_I.ready_r	rst_sync_i	bmu_inst_0.ready_r$_DFFE_PN0P_/D
44	0.8093	rst_sync_i	acs_en_r[I]	rst_sync_i	acs_en_r[31]$_DFFE_PN0P_/D
45	0.8097	rst_sync_i	pm_normalize_inst.max_r[I]	rst_sync_i	pm_normalize_inst.max_r[3]$_DFFE_PN0P_/D
46	0.8125	acs_inst_I.valid_r	tb_addr_o[I]	acs_inst_0.valid_r$_DFF_PN0_/Q	tb_addr_o[4]
47	0.8157	frame_start_i	dst_addr_r[I]	frame_start_i	dst_addr_r[4]$_DFFE_PN0P_/D
48	0.8210	rst_sync_i	byte_idx_r[I]	rst_sync_i	byte_idx_r[0]$_DFF_PN0_/D
49	0.8229	rst_sync_i	bmu_ready_dI_r	rst_sync_i	bmu_ready_d1_r$_DFF_PN1_/D
50	0.8246	rst_sync_i	trellis_idx_r[I]	rst_sync_i	trellis_idx_r[5]$_DFFE_PN0P_/D
51	0.8251	rst_sync_i	acs_inst_I.survivor_path_r	rst_sync_i	acs_inst_17.survivor_path_r$_DFF_PN0_/D
52	0.8258	frame_start_i	tb_len_r[I]	frame_start_i	tb_len_r[3]$_DFFE_PN0P_/D
53	0.8277	frame_start_i	frame_done_r	frame_start_i	frame_done_r$_DFFE_PN0P_/D
54	0.8277	frame_start_i	state_r[I]	frame_start_i	state_r[1]$_DFF_PN0_/D
55	0.8277	frame_start_i	tb_wr_addr_r[I]	frame_start_i	tb_wr_addr_r[0]$_DFFE_PN0P_/D
56	0.8310	rst_sync_i	pm_normalize_inst.pm_pipe_r[I][J]	rst_sync_i	pm_normalize_inst.pm_pipe_r[0][8]$_DFFE_PN0P_/D
57	0.8310	rst_sync_i	pm_normalize_inst.pm_update_en_pipe_r[I]	rst_sync_i	pm_normalize_inst.pm_update_en_pipe_r[15]$_DFFE_PN0P_/D
58	0.8361	frame_start_i	last_loop_r	frame_start_i	last_loop_r$_DFFE_PN0P_/D
59	0.8362	rst_sync_i	frame_done_r	rst_sync_i	frame_done_r$_DFFE_PN0P_/D
60	0.8362	rst_sync_i	tb_len_r[I]	rst_sync_i	tb_len_r[0]$_DFFE_PN0P_/D
61	0.8362	rst_sync_i	tb_wr_addr_r[I]	rst_sync_i	tb_wr_addr_r[0]$_DFFE_PN0P_/D
62	0.8396	frame_start_i	trellis_idx_r[I]	frame_start_i	trellis_idx_r[8]$_DFFE_PN0P_/D
63	0.8399	frame_start_i	first_loop_r	frame_start_i	first_loop_r$_DFFE_PN0P_/D
64	0.8399	frame_start_i	flush_all_start_r	frame_start_i	flush_all_start_r$_DFFE_PN0P_/D
65	0.8399	frame_start_i	full_tb_start_r	frame_start_i	full_tb_start_r$_DFFE_PN0P_/D
66	0.8399	frame_start_i	half_tb_start_r	frame_start_i	half_tb_start_r$_DFFE_PN0P_/D
67	0.8415	frame_start_i	bmu_inst_I.ready_r	frame_start_i	bmu_inst_0.ready_r$_DFFE_PN0P_/D
68	0.8423	frame_start_i	acs_en_r[I]	frame_start_i	acs_en_r[31]$_DFFE_PN0P_/D
69	0.8469	frame_start_i	busy_r	frame_start_i	busy_r$_DFFE_PN0P_/D
70	0.8477	tail_biting_en_i	trellis_idx_r[I]	tail_biting_en_i	trellis_idx_r[5]$_DFFE_PN0P_/D
71	0.8486	rst_sync_i	last_loop_r	rst_sync_i	last_loop_r$_DFFE_PN0P_/D
72	0.8499	rst_sync_i	dst_wr_r	rst_sync_i	dst_wr_r$_DFF_PN0_/D
73	0.8540	frame_start_i	byte_idx_r[I]	frame_start_i	byte_idx_r[0]$_DFF_PN0_/D
74	0.8618	rst_sync_i	src_rd_r	rst_sync_i	src_rd_r$_DFFE_PN0P_/D
75	0.8694	rst_sync_i	acs_inst_I.valid_r	rst_sync_i	acs_inst_0.valid_r$_DFF_PN0_/D
76	0.8756	frame_start_i	src_rd_r	frame_start_i	src_rd_r$_DFFE_PN0P_/D
77	0.8829	frame_start_i	dst_wr_r	frame_start_i	dst_wr_r$_DFF_PN0_/D
78	0.8848	rst_sync_i	bmu_inst_I.calc_polyn_en	rst_sync_i	bmu_inst_41.calc_polyn_en$_DFF_PN0_/D
79	0.8986	frame_start_i	bmu_inst_I.calc_polyn_en	frame_start_i	bmu_inst_41.calc_polyn_en$_DFF_PN0_/D
80	0.9334	pm_normalize_inst.pm_nom_r[I][J]	acs_inst_I.pm_r[J]	pm_normalize_inst.pm_nom_r[29][1]$_DFFE_PN0P_/Q	acs_inst_42.pm_r[0]$_DFF_PN0_/D
81	0.9349	rst_sync_i	bmu_inst_I.calc_codeword_en	rst_sync_i	bmu_inst_35.calc_codeword_en$_DFF_PN0_/D
82	0.9435	decoding_length_i[I]	trellis_idx_r[I]	decoding_length_i[6]	trellis_idx_r[6]$_DFFE_PN0P_/D
83	0.9439	infobit_length_i[I]	trellis_idx_r[I]	infobit_length_i[6]	trellis_idx_r[6]$_DFFE_PN0P_/D
84	0.9530	rst_sync_i	pm_normalize_inst.en_i_r	rst_sync_i	pm_normalize_inst.en_i_r$_DFF_PN0_/D
85	0.9628	tb_wr_addr_r[I]	tb_addr_o[I]	tb_wr_addr_r[2]$_DFFE_PN0P_/Q	tb_addr_o[2]
86	0.9695	rst_sync_i	traceback_start_r	rst_sync_i	traceback_start_r$_DFF_PN0_/D
87	0.9794	pm_normalize_inst.pm_nom_r[I][J]	acs_inst_I.survivor_path_r	pm_normalize_inst.pm_nom_r[30][1]$_DFFE_PN0P_/Q	acs_inst_53.survivor_path_r$_DFF_PN0_/D
88	0.9881	dst_start_addr_i[I]	dst_addr_r[I]	dst_start_addr_i[8]	dst_addr_r[8]$_DFFE_PN0P_/D
89	0.9912	traceback_ins.tb_addr_r[I]	tb_addr_o[I]	traceback_ins.tb_addr_r[3]$_DFFE_PN0P_/Q	tb_addr_o[3]
90	0.9971	rst_sync_i	soft_data_valid_r	rst_sync_i	soft_data_valid_r$_DFF_PN0_/D
91	1.0012	rst_sync_i	bmu_inst_I.bm_valid_r	rst_sync_i	bmu_inst_60.bm_valid_r$_DFF_PN0_/D
92	1.0159	src_start_addr_i[I]	src_addr_r[I]	src_start_addr_i[0]	src_addr_r[0]$_DFFE_PN0P_/D
93	1.0196	acs_inst_I.survivor_path_r	tb_wdata_o[I]	acs_inst_0.survivor_path_r$_DFF_PN0_/Q	tb_wdata_o[0]
94	1.0229	src_addr_r[I]	src_addr_o[I]	src_addr_r[1]$_DFFE_PN0P_/Q	src_addr_o[1]
95	1.0229	src_rd_r	src_rd_o	src_rd_r$_DFFE_PN0P_/Q	src_rd_o
96	1.0244	dst_addr_r[I]	dst_addr_o[I]	dst_addr_r[1]$_DFFE_PN0P_/Q	dst_addr_o[1]
97	1.0346	frame_done_r	frame_done_o	frame_done_r$_DFFE_PN0P_/Q	frame_done_o
98	1.0346	busy_r	busy_o	busy_r$_DFFE_PN0P_/Q	busy_o
99	1.0367	dst_wr_r	dst_wr_o	dst_wr_r$_DFF_PN0_/Q	dst_wr_o
100	1.0367	acs_inst_I.valid_r	tb_wr_o	acs_inst_0.valid_r$_DFF_PN0_/Q	tb_wr_o
101	1.0396	traceback_ins.tb_rd_r	tb_rd_o	traceback_ins.tb_rd_r$_DFF_PN0_/Q	tb_rd_o
102	1.1779	pm_normalize_inst.max_r[I]	pm_normalize_inst.max_r[I]	pm_normalize_inst.max_r[0]$_DFFE_PN0P_/Q	pm_normalize_inst.max_r[0]$_DFFE_PN0P_/D
103	1.2290	pm_normalize_inst.pm_pipe_r[I][J]	pm_normalize_inst.pm_nom_r[I][J]	pm_normalize_inst.pm_pipe_r[50][1]$_DFFE_PN0P_/Q	pm_normalize_inst.pm_nom_r[50][6]$_DFFE_PN0P_/D
104	1.2605	src_addr_r[I]	src_addr_r[I]	src_addr_r[2]$_DFFE_PN0P_/Q	src_addr_r[11]$_DFFE_PN0P_/D
105	1.2801	src_len_counter_r[I]	src_addr_r[I]	src_len_counter_r[0]$_DFFE_PN0P_/Q	src_addr_r[10]$_DFFE_PN0P_/D
106	1.3237	bmu_inst_I.calc_polyn_en	bmu_inst_I.low_codeword_tmp[J]	bmu_inst_41.calc_polyn_en$_DFF_PN0_/Q	bmu_inst_45.low_codeword_tmp[0]$_DFFE_PN0P_/D
107	1.3427	src_len_counter_r[I]	src_len_counter_r[I]	src_len_counter_r[0]$_DFFE_PN0P_/Q	src_len_counter_r[10]$_DFFE_PN0P_/D
108	1.3638	flush_all_start_r	fetch_src_cnt_r[I]	flush_all_start_r$_DFFE_PN0P_/Q	fetch_src_cnt_r[11]$_DFFE_PN0P_/D
109	1.3651	half_tb_start_r	fetch_src_cnt_r[I]	half_tb_start_r$_DFFE_PN0P_/Q	fetch_src_cnt_r[11]$_DFFE_PN0P_/D
110	1.3670	full_tb_start_r	fetch_src_cnt_r[I]	full_tb_start_r$_DFFE_PN0P_/Q	fetch_src_cnt_r[11]$_DFFE_PN0P_/D
111	1.3858	trellis_idx_r[I]	full_tb_start_r	trellis_idx_r[9]$_DFFE_PN0P_/Q	full_tb_start_r$_DFFE_PN0P_/D
112	1.3858	trellis_idx_r[I]	half_tb_start_r	trellis_idx_r[9]$_DFFE_PN0P_/Q	half_tb_start_r$_DFFE_PN0P_/D
113	1.3925	src_rd_r	fetch_src_cnt_r[I]	src_rd_r$_DFFE_PN0P_/Q	fetch_src_cnt_r[11]$_DFFE_PN0P_/D
114	1.3927	pm_normalize_inst.en_i_r	pm_normalize_inst.pm_nom_r[I][J]	pm_normalize_inst.en_i_r$_DFF_PN0_/Q	pm_normalize_inst.pm_nom_r[40][0]$_DFFE_PN0P_/D
115	1.4029	fetch_src_cnt_r[I]	src_len_counter_r[I]	fetch_src_cnt_r[1]$_DFFE_PN0P_/QN	src_len_counter_r[10]$_DFFE_PN0P_/D
116	1.4037	trellis_idx_r[I]	first_loop_r	trellis_idx_r[10]$_DFFE_PN0P_/Q	first_loop_r$_DFFE_PN0P_/D
117	1.4052	fetch_src_cnt_r[I]	fetch_src_cnt_r[I]	fetch_src_cnt_r[0]$_DFFE_PN0P_/Q	fetch_src_cnt_r[11]$_DFFE_PN0P_/D
118	1.4134	trellis_idx_r[I]	flush_all_start_r	trellis_idx_r[10]$_DFFE_PN0P_/Q	flush_all_start_r$_DFFE_PN0P_/D
119	1.4211	flush_all_start_r	src_len_counter_r[I]	flush_all_start_r$_DFFE_PN0P_/Q	src_len_counter_r[10]$_DFFE_PN0P_/D
120	1.4253	half_tb_start_r	src_len_counter_r[I]	half_tb_start_r$_DFFE_PN0P_/Q	src_len_counter_r[10]$_DFFE_PN0P_/D
121	1.4292	traceback_ins.tb_counter_r[I]	traceback_ins.tb_addr_r[I]	traceback_ins.tb_counter_r[1]$_DFFE_PN0P_/QN	traceback_ins.tb_addr_r[2]$_DFFE_PN0P_/D
122	1.4359	pm_normalize_inst.pm_update_en_pipe_r[I]	pm_normalize_inst.pm_nom_r[I][J]	pm_normalize_inst.pm_update_en_pipe_r[62]$_DFFE_PN0P_/Q	pm_normalize_inst.pm_nom_r[40][0]$_DFFE_PN0P_/D
123	1.4368	full_tb_start_r	src_len_counter_r[I]	full_tb_start_r$_DFFE_PN0P_/Q	src_len_counter_r[10]$_DFFE_PN0P_/D
124	1.4588	traceback_ins.tb_counter_r[I]	traceback_ins.tb_counter_r[I]	traceback_ins.tb_counter_r[0]$_DFFE_PN0P_/Q	traceback_ins.tb_counter_r[7]$_DFFE_PN0P_/D
125	1.4691	acs_inst_I.valid_r	src_len_counter_r[I]	acs_inst_0.valid_r$_DFF_PN0_/Q	src_len_counter_r[6]$_DFFE_PN0P_/D
126	1.4766	trellis_idx_r[I]	trellis_idx_r[I]	trellis_idx_r[7]$_DFFE_PN0P_/QN	trellis_idx_r[9]$_DFFE_PN0P_/D
127	1.4772	traceback_ins.tb_addr_r[I]	traceback_ins.tb_addr_r[I]	traceback_ins.tb_addr_r[1]$_DFFE_PN0P_/Q	traceback_ins.tb_addr_r[5]$_DFFE_PN0P_/D
128	1.4786	acs_inst_I.valid_r	pm_normalize_inst.max_r[I]	acs_inst_0.valid_r$_DFF_PN0_/Q	pm_normalize_inst.max_r[3]$_DFFE_PN0P_/D
129	1.4828	bmu_inst_I.calc_codeword_en	bmu_inst_I.low_codeword[J]	bmu_inst_35.calc_codeword_en$_DFF_PN0_/Q	bmu_inst_1.low_codeword[0]$_DFFE_PN0P_/D
130	1.4907	acs_inst_I.valid_r	pm_normalize_inst.pm_pipe_r[I][J]	acs_inst_0.valid_r$_DFF_PN0_/Q	pm_normalize_inst.pm_pipe_r[0][8]$_DFFE_PN0P_/D
131	1.4907	acs_inst_I.valid_r	pm_normalize_inst.pm_update_en_pipe_r[I]	acs_inst_0.valid_r$_DFF_PN0_/Q	pm_normalize_inst.pm_update_en_pipe_r[62]$_DFFE_PN0P_/D
132	1.4909	dst_addr_r[I]	dst_addr_r[I]	dst_addr_r[3]$_DFFE_PN0P_/Q	dst_addr_r[6]$_DFFE_PN0P_/D
133	1.4912	fetch_src_cnt_r[I]	src_rd_r	fetch_src_cnt_r[1]$_DFFE_PN0P_/QN	src_rd_r$_DFFE_PN0P_/D
134	1.4916	state_r[I]	trellis_idx_r[I]	state_r[4]$_DFF_PN0_/Q	trellis_idx_r[10]$_DFFE_PN0P_/D
135	1.4918	dst_wr_r	dst_addr_r[I]	dst_wr_r$_DFF_PN0_/Q	dst_addr_r[5]$_DFFE_PN0P_/D
136	1.4951	trellis_idx_r[I]	state_r[I]	trellis_idx_r[10]$_DFFE_PN0P_/Q	state_r[2]$_DFF_PN0_/D
137	1.5005	bmu_inst_I.bm_valid_r	acs_inst_I.pm_r[J]	bmu_inst_60.bm_valid_r$_DFF_PN0_/Q	acs_inst_30.pm_r[5]$_DFF_PN0_/D
138	1.5038	acs_inst_I.valid_r	tb_wr_addr_r[I]	acs_inst_0.valid_r$_DFF_PN0_/Q	tb_wr_addr_r[0]$_DFFE_PN0P_/D
139	1.5094	flush_all_start_r	src_rd_r	flush_all_start_r$_DFFE_PN0P_/Q	src_rd_r$_DFFE_PN0P_/D
140	1.5103	soft_data_valid_r	bmu_inst_I.bm_r[J]	soft_data_valid_r$_DFF_PN0_/Q	bmu_inst_16.bm_r[7]$_DFF_PN0_/D
141	1.5136	half_tb_start_r	src_rd_r	half_tb_start_r$_DFFE_PN0P_/Q	src_rd_r$_DFFE_PN0P_/D
142	1.5137	src_rd_r	src_addr_r[I]	src_rd_r$_DFFE_PN0P_/Q	src_addr_r[10]$_DFFE_PN0P_/D
143	1.5183	traceback_ins.tb_counter_r[I]	traceback_ins.tb_rd_r	traceback_ins.tb_counter_r[1]$_DFFE_PN0P_/QN	traceback_ins.tb_rd_r$_DFF_PN0_/D
144	1.5190	dst_wr_dI_r	trellis_idx_r[I]	dst_wr_d1_r$_DFF_PN0_/Q	trellis_idx_r[5]$_DFFE_PN0P_/D
145	1.5250	dst_wr_r	trellis_idx_r[I]	dst_wr_r$_DFF_PN0_/QN	trellis_idx_r[5]$_DFFE_PN0P_/D
146	1.5251	full_tb_start_r	src_rd_r	full_tb_start_r$_DFFE_PN0P_/Q	src_rd_r$_DFFE_PN0P_/D
147	1.5326	state_r[I]	first_loop_r	state_r[4]$_DFF_PN0_/Q	first_loop_r$_DFFE_PN0P_/D
148	1.5477	bmu_inst_I.bm_valid_r	acs_inst_I.survivor_path_r	bmu_inst_60.bm_valid_r$_DFF_PN0_/Q	acs_inst_17.survivor_path_r$_DFF_PN0_/D
149	1.5521	decoding_start_r	full_tb_start_r	decoding_start_r$_DFF_PN0_/Q	full_tb_start_r$_DFFE_PN0P_/D
150	1.5621	tb_wr_addr_r[I]	tb_wr_addr_r[I]	tb_wr_addr_r[2]$_DFFE_PN0P_/Q	tb_wr_addr_r[5]$_DFFE_PN0P_/D
151	1.5626	acs_en_r[I]	acs_inst_I.pm_r[J]	acs_en_r[62]$_DFFE_PN0P_/QN	acs_inst_61.pm_r[1]$_DFF_PN0_/D
152	1.5649	state_r[I]	full_tb_start_r	state_r[0]$_DFF_PN1_/Q	full_tb_start_r$_DFFE_PN0P_/D
153	1.5649	state_r[I]	half_tb_start_r	state_r[0]$_DFF_PN1_/Q	half_tb_start_r$_DFFE_PN0P_/D
154	1.5662	state_r[I]	tb_len_r[I]	state_r[4]$_DFF_PN0_/Q	tb_len_r[6]$_DFFE_PN0P_/D
155	1.5674	state_r[I]	state_r[I]	state_r[4]$_DFF_PN0_/Q	state_r[3]$_DFF_PN0_/D
156	1.5785	state_r[I]	flush_all_start_r	state_r[4]$_DFF_PN0_/Q	flush_all_start_r$_DFFE_PN0P_/D
157	1.5820	decoding_start_r	first_loop_r	decoding_start_r$_DFF_PN0_/Q	first_loop_r$_DFFE_PN0P_/D
158	1.5825	state_r[I]	last_loop_r	state_r[1]$_DFF_PN0_/Q	last_loop_r$_DFFE_PN0P_/D
159	1.5857	traceback_start_r	traceback_ins.tb_counter_r[I]	traceback_start_r$_DFF_PN0_/Q	traceback_ins.tb_counter_r[2]$_DFFE_PN0P_/D
160	1.5877	traceback_start_r	traceback_ins.tb_addr_r[I]	traceback_start_r$_DFF_PN0_/Q	traceback_ins.tb_addr_r[1]$_DFFE_PN0P_/D
161	1.5887	decoding_start_r	half_tb_start_r	decoding_start_r$_DFF_PN0_/QN	half_tb_start_r$_DFFE_PN0P_/D
162	1.5919	bmu_inst_I.bm_valid_r	acs_inst_I.valid_r	bmu_inst_60.bm_valid_r$_DFF_PN0_/Q	acs_inst_0.valid_r$_DFF_PN0_/D
163	1.5930	decoding_start_r	flush_all_start_r	decoding_start_r$_DFF_PN0_/Q	flush_all_start_r$_DFFE_PN0P_/D
164	1.5948	fetch_src_cnt_r[I]	traceback_start_r	fetch_src_cnt_r[1]$_DFFE_PN0P_/QN	traceback_start_r$_DFF_PN0_/D
165	1.5972	flush_all_start_r	flush_all_start_r	flush_all_start_r$_DFFE_PN0P_/Q	flush_all_start_r$_DFFE_PN0P_/D
166	1.6010	acs_inst_I.valid_r	src_rd_r	acs_inst_0.valid_r$_DFF_PN0_/Q	src_rd_r$_DFFE_PN0P_/D
167	1.6046	dst_wr_dI_r	first_loop_r	dst_wr_d1_r$_DFF_PN0_/Q	first_loop_r$_DFFE_PN0P_/D
168	1.6076	trellis_idx_r[I]	tb_len_r[I]	trellis_idx_r[6]$_DFFE_PN0P_/QN	tb_len_r[6]$_DFFE_PN0P_/D
169	1.6096	acs_en_r[I]	acs_inst_I.survivor_path_r	acs_en_r[62]$_DFFE_PN0P_/QN	acs_inst_58.survivor_path_r$_DFF_PN0_/D
170	1.6107	dst_wr_r	first_loop_r	dst_wr_r$_DFF_PN0_/QN	first_loop_r$_DFFE_PN0P_/D
171	1.6125	dst_wr_r	last_loop_r	dst_wr_r$_DFF_PN0_/QN	last_loop_r$_DFFE_PN0P_/D
172	1.6157	bmu_inst_I.calc_polyn_en	bmu_inst_I.calc_codeword_en	bmu_inst_41.calc_polyn_en$_DFF_PN0_/Q	bmu_inst_35.calc_codeword_en$_DFF_PN0_/D
173	1.6177	dst_wr_dI_r	last_loop_r	dst_wr_d1_r$_DFF_PN0_/Q	last_loop_r$_DFFE_PN0P_/D
174	1.6218	acs_inst_I.valid_r	pm_normalize_inst.en_i_r	acs_inst_0.valid_r$_DFF_PN0_/Q	pm_normalize_inst.en_i_r$_DFF_PN0_/D
175	1.6246	trellis_idx_r[I]	fetch_src_cnt_r[I]	trellis_idx_r[5]$_DFFE_PN0P_/Q	fetch_src_cnt_r[5]$_DFFE_PN0P_/D
176	1.6313	byte_idx_r[I]	byte_idx_r[I]	byte_idx_r[1]$_DFF_PN0_/Q	byte_idx_r[3]$_DFF_PN0_/D
177	1.6383	acs_inst_I.valid_r	traceback_start_r	acs_inst_0.valid_r$_DFF_PN0_/Q	traceback_start_r$_DFF_PN0_/D
178	1.6448	state_r[I]	frame_done_r	state_r[0]$_DFF_PN1_/Q	frame_done_r$_DFFE_PN0P_/D
179	1.6450	state_r[I]	busy_r	state_r[0]$_DFF_PN1_/Q	busy_r$_DFFE_PN0P_/D
180	1.6473	first_loop_r	tb_len_r[I]	first_loop_r$_DFFE_PN0P_/Q	tb_len_r[5]$_DFFE_PN0P_/D
181	1.6514	half_tb_start_r	half_tb_start_r	half_tb_start_r$_DFFE_PN0P_/Q	half_tb_start_r$_DFFE_PN0P_/D
182	1.6517	full_tb_start_r	full_tb_start_r	full_tb_start_r$_DFFE_PN0P_/Q	full_tb_start_r$_DFFE_PN0P_/D
183	1.6534	dst_wr_dI_r	state_r[I]	dst_wr_d1_r$_DFF_PN0_/Q	state_r[1]$_DFF_PN0_/D
184	1.6560	dst_wr_r	dst_wr_dI_r	dst_wr_r$_DFF_PN0_/Q	dst_wr_d1_r$_DFF_PN0_/D
185	1.6567	acs_en_r[I]	acs_inst_I.valid_r	acs_en_r[7]$_DFFE_PN0P_/QN	acs_inst_0.valid_r$_DFF_PN0_/D
186	1.6587	last_loop_r	last_loop_r	last_loop_r$_DFFE_PN0P_/Q	last_loop_r$_DFFE_PN0P_/D
187	1.6594	dst_wr_r	state_r[I]	dst_wr_r$_DFF_PN0_/QN	state_r[1]$_DFF_PN0_/D
188	1.6602	decoding_start_r	state_r[I]	decoding_start_r$_DFF_PN0_/Q	state_r[0]$_DFF_PN1_/D
189	1.6620	bmu_inst_I.ready_r	state_r[I]	bmu_inst_0.ready_r$_DFFE_PN0P_/Q	state_r[0]$_DFF_PN1_/D
190	1.6629	pm_normalize_inst.pm_nom_r[I][J]	pm_normalize_inst.pm_nom_r[I][J]	pm_normalize_inst.pm_nom_r[7][8]$_DFFE_PN0P_/Q	pm_normalize_inst.pm_nom_r[7][8]$_DFFE_PN0P_/D
191	1.6637	tb_len_r[I]	tb_len_r[I]	tb_len_r[6]$_DFFE_PN0P_/Q	tb_len_r[6]$_DFFE_PN0P_/D
192	1.6690	tb_wr_addr_r[I]	traceback_ins.tb_addr_r[I]	tb_wr_addr_r[2]$_DFFE_PN0P_/Q	traceback_ins.tb_addr_r[2]$_DFFE_PN0P_/D
193	1.6714	last_loop_r	busy_r	last_loop_r$_DFFE_PN0P_/Q	busy_r$_DFFE_PN0P_/D
194	1.6718	byte_idx_r[I]	dst_wr_r	byte_idx_r[1]$_DFF_PN0_/QN	dst_wr_r$_DFF_PN0_/D
195	1.6740	first_loop_r	first_loop_r	first_loop_r$_DFFE_PN0P_/Q	first_loop_r$_DFFE_PN0P_/D
196	1.6778	bmu_inst_I.low_codeword_tmp[J]	bmu_inst_I.low_codeword_tmp[J]	bmu_inst_40.low_codeword_tmp[5]$_DFFE_PN0P_/Q	bmu_inst_40.low_codeword_tmp[5]$_DFFE_PN0P_/D
197	1.6818	dst_wr_r	busy_r	dst_wr_r$_DFF_PN0_/QN	busy_r$_DFFE_PN0P_/D
198	1.6881	bmu_inst_I.low_codeword[J]	bmu_inst_I.low_codeword[J]	bmu_inst_1.low_codeword[0]$_DFFE_PN0P_/Q	bmu_inst_1.low_codeword[0]$_DFFE_PN0P_/D
199	1.6904	pm_normalize_inst.pm_update_en_pipe_r[I]	pm_normalize_inst.pm_update_en_pipe_r[I]	pm_normalize_inst.pm_update_en_pipe_r[7]$_DFFE_PN0P_/Q	pm_normalize_inst.pm_update_en_pipe_r[7]$_DFFE_PN0P_/D
200	1.6914	src_rd_r	soft_data_valid_r	src_rd_r$_DFFE_PN0P_/Q	soft_data_valid_r$_DFF_PN0_/D
201	1.6929	acs_inst_I.pm_r[J]	pm_normalize_inst.pm_pipe_r[I][J]	acs_inst_57.pm_r[8]$_DFF_PN0_/Q	pm_normalize_inst.pm_pipe_r[57][8]$_DFFE_PN0P_/D
202	1.6954	last_loop_r	frame_done_r	last_loop_r$_DFFE_PN0P_/Q	frame_done_r$_DFFE_PN0P_/D
203	1.7033	pm_normalize_inst.pm_pipe_r[I][J]	pm_normalize_inst.pm_pipe_r[I][J]	pm_normalize_inst.pm_pipe_r[0][1]$_DFFE_PN0P_/Q	pm_normalize_inst.pm_pipe_r[0][1]$_DFFE_PN0P_/D
204	1.7035	bmu_inst_I.ready_r	decoding_start_r	bmu_inst_0.ready_r$_DFFE_PN0P_/Q	decoding_start_r$_DFF_PN0_/D
205	1.7047	bmu_ready_dI_r	state_r[I]	bmu_ready_d1_r$_DFF_PN1_/QN	state_r[0]$_DFF_PN1_/D
206	1.7059	dst_wr_r	frame_done_r	dst_wr_r$_DFF_PN0_/QN	frame_done_r$_DFFE_PN0P_/D
207	1.7088	frame_done_r	frame_done_r	frame_done_r$_DFFE_PN0P_/Q	frame_done_r$_DFFE_PN0P_/D
208	1.7107	bmu_inst_I.low_codeword_tmp[J]	bmu_inst_I.low_codeword[J]	bmu_inst_10.low_codeword_tmp[0]$_DFFE_PN0P_/Q	bmu_inst_10.low_codeword[0]$_DFFE_PN0P_/D
209	1.7115	tb_len_r[I]	traceback_ins.tb_counter_r[I]	tb_len_r[6]$_DFFE_PN0P_/Q	traceback_ins.tb_counter_r[7]$_DFFE_PN0P_/D
210	1.7124	acs_en_r[I]	acs_en_r[I]	acs_en_r[15]$_DFFE_PN0P_/Q	acs_en_r[15]$_DFFE_PN0P_/D
211	1.7138	bmu_inst_I.ready_r	bmu_ready_dI_r	bmu_inst_0.ready_r$_DFFE_PN0P_/Q	bmu_ready_d1_r$_DFF_PN1_/D
212	1.7155	busy_r	busy_r	busy_r$_DFFE_PN0P_/Q	busy_r$_DFFE_PN0P_/D
213	1.7168	src_rd_r	src_rd_r	src_rd_r$_DFFE_PN0P_/Q	src_rd_r$_DFFE_PN0P_/D
214	1.7206	bmu_inst_I.calc_codeword_en	bmu_inst_I.ready_r	bmu_inst_35.calc_codeword_en$_DFF_PN0_/Q	bmu_inst_0.ready_r$_DFFE_PN0P_/D
215	1.7232	bmu_inst_I.ready_r	bmu_inst_I.ready_r	bmu_inst_0.ready_r$_DFFE_PN0P_/Q	bmu_inst_0.ready_r$_DFFE_PN0P_/D
216	1.7264	soft_data_valid_r	bmu_inst_I.bm_valid_r	soft_data_valid_r$_DFF_PN0_/Q	bmu_inst_60.bm_valid_r$_DFF_PN0_/D
217	1.7461	bmu_ready_dI_r	decoding_start_r	bmu_ready_d1_r$_DFF_PN1_/QN	decoding_start_r$_DFF_PN0_/D
