# stage	1_synth
# top_module	modexp
# top_n	100
# kind	blocks
# skip_async	1
# include_full	1
# rank	worst_slack_ns	start	end	start_full	end_full
1	-0.3999	core_inst.montprod_select_reg[I]	_I_	core_inst.montprod_select_reg[2]$_DFF_PN0_/Q	_60996_/D
2	-0.3731	core_inst.montprod_select_reg[I]	core_inst.montprod_inst.add_carry_in_sa	core_inst.montprod_select_reg[2]$_DFF_PN0_/Q	core_inst.montprod_inst.add_carry_in_sa$_DFF_PN0_/D
3	-0.3474	address[I]	read_data[I]	address[3]	read_data[18]
4	-0.3109	core_inst.one_reg[I]	_I_	core_inst.one_reg[0]$_DFF_PN0_/Q	_60996_/D
5	-0.2962	core_inst.p_mem.tmp_read_dataI[J]	_I_	core_inst.p_mem.tmp_read_data0[0]$_DFF_P_/Q	_60996_/D
6	-0.2840	core_inst.one_reg[I]	core_inst.montprod_inst.add_carry_in_sa	core_inst.one_reg[0]$_DFF_PN0_/Q	core_inst.montprod_inst.add_carry_in_sa$_DFF_PN0_/D
7	-0.2804	core_inst.message_mem.tmp_read_dataI[J]	_I_	core_inst.message_mem.tmp_read_data0[0]$_DFF_P_/Q	_60996_/D
8	-0.2693	core_inst.p_mem.tmp_read_dataI[J]	core_inst.montprod_inst.add_carry_in_sa	core_inst.p_mem.tmp_read_data0[0]$_DFF_P_/Q	core_inst.montprod_inst.add_carry_in_sa$_DFF_PN0_/D
9	-0.2536	core_inst.message_mem.tmp_read_dataI[J]	core_inst.montprod_inst.add_carry_in_sa	core_inst.message_mem.tmp_read_data0[0]$_DFF_P_/Q	core_inst.montprod_inst.add_carry_in_sa$_DFF_PN0_/D
10	-0.2534	core_inst.result_mem.tmp_read_dataI[J]	_I_	core_inst.result_mem.tmp_read_data0[8]$_DFF_P_/Q	_60996_/D
11	-0.2406	core_inst.modulus_mem.tmp_read_dataI[J]	core_inst.residue_mem.mem[I][J]	core_inst.modulus_mem.tmp_read_data0[0]$_DFF_P_/Q	core_inst.residue_mem.mem[10][31]$_DFFE_PP_/D
12	-0.2266	core_inst.result_mem.tmp_read_dataI[J]	core_inst.montprod_inst.add_carry_in_sa	core_inst.result_mem.tmp_read_data0[8]$_DFF_P_/Q	core_inst.montprod_inst.add_carry_in_sa$_DFF_PN0_/D
13	-0.2242	core_inst.residue_mem.tmp_read_dataI[J]	core_inst.residue_mem.mem[I][J]	core_inst.residue_mem.tmp_read_data0[0]$_DFF_P_/QN	core_inst.residue_mem.mem[10][31]$_DFFE_PP_/D
14	-0.2183	core_inst.residue_inst.sub_carry_in_reg	core_inst.residue_mem.mem[I][J]	core_inst.residue_inst.sub_carry_in_reg$_DFF_PN0_/QN	core_inst.residue_mem.mem[10][31]$_DFFE_PP_/D
15	-0.2157	core_inst.residue_inst.loop_counter_I_to_nn_reg[J]	core_inst.modulus_mem.tmp_read_dataI[J]	core_inst.residue_inst.loop_counter_1_to_nn_reg[11]$_DFFE_PN0P_/Q	core_inst.modulus_mem.tmp_read_data0[15]$_DFF_P_/D
16	-0.2095	core_inst.montprod_inst.s_mem.tmp_read_data[I]	_I_	core_inst.montprod_inst.s_mem.tmp_read_data[0]$_DFF_P_/Q	_60996_/D
17	-0.2092	core_inst.montprod_inst.add_carry_in_sa	_I_	core_inst.montprod_inst.add_carry_in_sa$_DFF_PN0_/Q	_60996_/D
18	-0.2011	core_inst.residue_inst.nn_reg[I]	core_inst.modulus_mem.tmp_read_dataI[J]	core_inst.residue_inst.nn_reg[11]$_DFFE_PN0P_/Q	core_inst.modulus_mem.tmp_read_data0[15]$_DFF_P_/D
19	-0.1941	core_inst.montprod_inst.add_carry_in_sm	_I_	core_inst.montprod_inst.add_carry_in_sm$_DFF_PN0_/Q	_60965_/D
20	-0.1914	core_inst.modulus_mem.tmp_read_dataI[J]	_I_	core_inst.modulus_mem.tmp_read_data0[0]$_DFF_P_/Q	_60965_/D
21	-0.1844	core_inst.residue_inst.loop_counter_I_to_nn_reg[J]	core_inst.residue_mem.tmp_read_dataI[J]	core_inst.residue_inst.loop_counter_1_to_nn_reg[11]$_DFFE_PN0P_/Q	core_inst.residue_mem.tmp_read_data0[30]$_DFF_P_/D
22	-0.1826	core_inst.montprod_inst.s_mem.tmp_read_data[I]	core_inst.montprod_inst.add_carry_in_sa	core_inst.montprod_inst.s_mem.tmp_read_data[0]$_DFF_P_/Q	core_inst.montprod_inst.add_carry_in_sa$_DFF_PN0_/D
23	-0.1823	core_inst.montprod_inst.add_carry_in_sa	core_inst.montprod_inst.add_carry_in_sa	core_inst.montprod_inst.add_carry_in_sa$_DFF_PN0_/Q	core_inst.montprod_inst.add_carry_in_sa$_DFF_PN0_/D
24	-0.1779	address[I]	core_inst.exponent_mem.mem[I][J]	address[3]	core_inst.exponent_mem.mem[11][10]$_DFFE_PP_/D
25	-0.1699	core_inst.residue_inst.nn_reg[I]	core_inst.residue_mem.tmp_read_dataI[J]	core_inst.residue_inst.nn_reg[11]$_DFFE_PN0P_/Q	core_inst.residue_mem.tmp_read_data0[30]$_DFF_P_/D
26	-0.1655	core_inst.residue_inst.residue_ctrl_reg[I]	core_inst.modulus_mem.tmp_read_dataI[J]	core_inst.residue_inst.residue_ctrl_reg[3]$_DFF_PN0_/Q	core_inst.modulus_mem.tmp_read_data0[7]$_DFF_P_/D
27	-0.1546	core_inst.modulus_mem.tmp_read_dataI[J]	core_inst.residue_inst.sub_carry_in_reg	core_inst.modulus_mem.tmp_read_data0[0]$_DFF_P_/Q	core_inst.residue_inst.sub_carry_in_reg$_DFF_PN0_/D
28	-0.1391	modulus_length_reg[I]	core_inst.exponent_mem.tmp_read_dataI[J]	modulus_length_reg[0]$_DFFE_PN0P_/Q	core_inst.exponent_mem.tmp_read_data0[10]$_DFF_P_/D
29	-0.1381	core_inst.residue_mem.tmp_read_dataI[J]	core_inst.residue_inst.sub_carry_in_reg	core_inst.residue_mem.tmp_read_data0[0]$_DFF_P_/QN	core_inst.residue_inst.sub_carry_in_reg$_DFF_PN0_/D
30	-0.1368	address[I]	core_inst.modulus_mem.mem[I][J]	address[3]	core_inst.modulus_mem.mem[10][10]$_DFFE_PP_/D
31	-0.1323	core_inst.residue_inst.sub_carry_in_reg	core_inst.residue_inst.sub_carry_in_reg	core_inst.residue_inst.sub_carry_in_reg$_DFF_PN0_/QN	core_inst.residue_inst.sub_carry_in_reg$_DFF_PN0_/D
32	-0.1269	core_inst.residue_inst.residue_ctrl_reg[I]	core_inst.residue_mem.tmp_read_dataI[J]	core_inst.residue_inst.residue_ctrl_reg[3]$_DFF_PN0_/Q	core_inst.residue_mem.tmp_read_data0[30]$_DFF_P_/D
33	-0.1236	core_inst.residue_inst.word_index_reg[I]	core_inst.modulus_mem.tmp_read_dataI[J]	core_inst.residue_inst.word_index_reg[0]$_DFF_PN0_/QN	core_inst.modulus_mem.tmp_read_data0[7]$_DFF_P_/D
34	-0.1218	core_inst.cycle_ctr_low_reg[I]	core_inst.cycle_ctr_high_reg[I]	core_inst.cycle_ctr_low_reg[4]$_DFFE_PN0P_/Q	core_inst.cycle_ctr_high_reg[22]$_DFFE_PN0P_/D
35	-0.1201	core_inst.modexp_ctrl_reg[I]	core_inst.modulus_mem.tmp_read_dataI[J]	core_inst.modexp_ctrl_reg[0]$_DFF_PN1_/Q	core_inst.modulus_mem.tmp_read_data0[7]$_DFF_P_/D
36	-0.1182	start_reg	core_inst.modulus_mem.tmp_read_dataI[J]	start_reg$_DFF_PN0_/Q	core_inst.modulus_mem.tmp_read_data0[7]$_DFF_P_/D
37	-0.1181	address[I]	core_inst.message_mem.mem[I][J]	address[3]	core_inst.message_mem.mem[10][10]$_DFFE_PP_/D
38	-0.1136	core_inst.montprod_inst.s_mem.tmp_read_data[I]	core_inst.montprod_inst.add_carry_in_sm	core_inst.montprod_inst.s_mem.tmp_read_data[8]$_DFF_P_/Q	core_inst.montprod_inst.add_carry_in_sm$_DFF_PN0_/D
39	-0.1089	modulus_length_reg[I]	core_inst.montprod_select_reg[I]	modulus_length_reg[0]$_DFFE_PN0P_/Q	core_inst.montprod_select_reg[3]$_DFF_PN0_/D
40	-0.1089	modulus_length_reg[I]	core_inst.montprod_dest_reg[I]	modulus_length_reg[0]$_DFFE_PN0P_/Q	core_inst.montprod_dest_reg[2]$_DFF_PN0_/D
41	-0.1059	core_inst.montprod_inst.add_carry_in_sm	core_inst.montprod_inst.add_carry_in_sm	core_inst.montprod_inst.add_carry_in_sm$_DFF_PN0_/Q	core_inst.montprod_inst.add_carry_in_sm$_DFF_PN0_/D
42	-0.1032	core_inst.modulus_mem.tmp_read_dataI[J]	core_inst.montprod_inst.add_carry_in_sm	core_inst.modulus_mem.tmp_read_data0[0]$_DFF_P_/Q	core_inst.montprod_inst.add_carry_in_sm$_DFF_PN0_/D
43	-0.1014	modulus_length_reg[I]	core_inst.message_mem.tmp_read_dataI[J]	modulus_length_reg[0]$_DFFE_PN0P_/QN	core_inst.message_mem.tmp_read_data0[13]$_DFF_P_/D
44	-0.0951	modulus_length_reg[I]	core_inst.montprod_inst.word_index[I]	modulus_length_reg[0]$_DFFE_PN0P_/Q	core_inst.montprod_inst.word_index[3]$_DFF_PN0_/D
45	-0.0920	address[I]	core_inst.exponent_mem.ptr_reg[I]	address[3]	core_inst.exponent_mem.ptr_reg[2]$_DFFE_PN0P_/D
46	-0.0903	modulus_length_reg[I]	core_inst.p_mem.tmp_read_dataI[J]	modulus_length_reg[0]$_DFFE_PN0P_/QN	core_inst.p_mem.tmp_read_data0[10]$_DFF_P_/D
47	-0.0880	core_inst.residue_valid_reg	core_inst.modulus_mem.tmp_read_dataI[J]	core_inst.residue_valid_reg$_DFFE_PN0P_/QN	core_inst.modulus_mem.tmp_read_data0[7]$_DFF_P_/D
48	-0.0862	modulus_length_reg[I]	core_inst.montprod_inst.s_mem.tmp_read_data[I]	modulus_length_reg[0]$_DFFE_PN0P_/QN	core_inst.montprod_inst.s_mem.tmp_read_data[10]$_DFF_P_/D
49	-0.0862	modulus_length_reg[I]	core_inst.result_mem.tmp_read_dataI[J]	modulus_length_reg[0]$_DFFE_PN0P_/QN	core_inst.result_mem.tmp_read_data0[10]$_DFF_P_/D
50	-0.0816	core_inst.modexp_ctrl_reg[I]	core_inst.residue_mem.tmp_read_dataI[J]	core_inst.modexp_ctrl_reg[0]$_DFF_PN1_/Q	core_inst.residue_mem.tmp_read_data0[30]$_DFF_P_/D
51	-0.0809	address[I]	core_inst.result_mem.ptr_reg[I]	address[3]	core_inst.result_mem.ptr_reg[3]$_DFFE_PN0P_/D
52	-0.0796	start_reg	core_inst.residue_mem.tmp_read_dataI[J]	start_reg$_DFF_PN0_/Q	core_inst.residue_mem.tmp_read_data0[30]$_DFF_P_/D
53	-0.0762	core_inst.residue_inst.length_mI_reg[J]	core_inst.modulus_mem.tmp_read_dataI[J]	core_inst.residue_inst.length_m1_reg[1]$_DFFE_PN0P_/Q	core_inst.modulus_mem.tmp_read_data0[7]$_DFF_P_/D
54	-0.0749	modulus_length_reg[I]	core_inst.montprod_inst.montprod_ctrl_reg[I]	modulus_length_reg[0]$_DFFE_PN0P_/Q	core_inst.montprod_inst.montprod_ctrl_reg[9]$_DFF_PN0_/D
55	-0.0680	core_inst.montprod_select_reg[I]	core_inst.montprod_inst.q_reg	core_inst.montprod_select_reg[4]$_DFF_PN0_/Q	core_inst.montprod_inst.q_reg$_DFFE_PN0P_/D
56	-0.0670	modulus_length_reg[I]	core_inst.modulus_mem.tmp_read_dataI[J]	modulus_length_reg[0]$_DFFE_PN0P_/Q	core_inst.modulus_mem.tmp_read_data0[12]$_DFF_P_/D
57	-0.0645	core_inst.cycle_ctr_high_reg[I]	core_inst.cycle_ctr_high_reg[I]	core_inst.cycle_ctr_high_reg[2]$_DFFE_PN0P_/Q	core_inst.cycle_ctr_high_reg[25]$_DFFE_PN0P_/D
58	-0.0644	address[I]	exponent_length_reg[I]	address[3]	exponent_length_reg[0]$_DFFE_PN0P_/D
59	-0.0624	address[I]	modulus_length_reg[I]	address[0]	modulus_length_reg[0]$_DFFE_PN0P_/D
60	-0.0584	address[I]	core_inst.modulus_mem.ptr_reg[I]	address[3]	core_inst.modulus_mem.ptr_reg[2]$_DFFE_PN0P_/D
61	-0.0584	core_inst.montprod_inst.word_index[I]	core_inst.message_mem.tmp_read_dataI[J]	core_inst.montprod_inst.word_index[1]$_DFF_PN0_/Q	core_inst.message_mem.tmp_read_data0[13]$_DFF_P_/D
62	-0.0566	core_inst.residue_inst.word_index_reg[I]	core_inst.residue_mem.tmp_read_dataI[J]	core_inst.residue_inst.word_index_reg[0]$_DFF_PN0_/QN	core_inst.residue_mem.tmp_read_data0[11]$_DFF_P_/D
63	-0.0517	core_inst.loop_counter_reg[I]	core_inst.exponent_mem.tmp_read_dataI[J]	core_inst.loop_counter_reg[5]$_DFFE_PN0P_/Q	core_inst.exponent_mem.tmp_read_data0[10]$_DFF_P_/D
64	-0.0510	address[I]	core_inst.message_mem.ptr_reg[I]	address[3]	core_inst.message_mem.ptr_reg[2]$_DFFE_PN0P_/D
65	-0.0494	core_inst.residue_valid_reg	core_inst.residue_mem.tmp_read_dataI[J]	core_inst.residue_valid_reg$_DFFE_PN0P_/QN	core_inst.residue_mem.tmp_read_data0[30]$_DFF_P_/D
66	-0.0491	core_inst.montprod_inst.word_index[I]	core_inst.result_mem.tmp_read_dataI[J]	core_inst.montprod_inst.word_index[1]$_DFF_PN0_/Q	core_inst.result_mem.tmp_read_data0[10]$_DFF_P_/D
67	-0.0491	core_inst.montprod_inst.word_index[I]	core_inst.montprod_inst.s_mem.tmp_read_data[I]	core_inst.montprod_inst.word_index[1]$_DFF_PN0_/Q	core_inst.montprod_inst.s_mem.tmp_read_data[25]$_DFF_P_/D
68	-0.0488	core_inst.montprod_inst.word_index[I]	core_inst.p_mem.tmp_read_dataI[J]	core_inst.montprod_inst.word_index[1]$_DFF_PN0_/Q	core_inst.p_mem.tmp_read_data0[12]$_DFF_P_/D
69	-0.0459	modulus_length_reg[I]	core_inst.montprod_inst.ready_reg	modulus_length_reg[0]$_DFFE_PN0P_/Q	core_inst.montprod_inst.ready_reg$_DFFE_PN0P_/D
70	-0.0447	cs	core_inst.modulus_mem.mem[I][J]	cs	core_inst.modulus_mem.mem[10][10]$_DFFE_PP_/D
71	-0.0425	core_inst.cycle_ctr_state_reg	core_inst.cycle_ctr_high_reg[I]	core_inst.cycle_ctr_state_reg$_DFFE_PN0P_/Q	core_inst.cycle_ctr_high_reg[22]$_DFFE_PN0P_/D
72	-0.0353	core_inst.montprod_inst.montprod_ctrl_reg[I]	core_inst.result_mem.tmp_read_dataI[J]	core_inst.montprod_inst.montprod_ctrl_reg[13]$_DFF_PN0_/Q	core_inst.result_mem.tmp_read_data0[10]$_DFF_P_/D
73	-0.0352	core_inst.montprod_inst.montprod_ctrl_reg[I]	core_inst.message_mem.tmp_read_dataI[J]	core_inst.montprod_inst.montprod_ctrl_reg[13]$_DFF_PN0_/Q	core_inst.message_mem.tmp_read_data0[13]$_DFF_P_/D
74	-0.0352	core_inst.montprod_inst.montprod_ctrl_reg[I]	core_inst.montprod_inst.s_mem.tmp_read_data[I]	core_inst.montprod_inst.montprod_ctrl_reg[13]$_DFF_PN0_/Q	core_inst.montprod_inst.s_mem.tmp_read_data[25]$_DFF_P_/D
75	-0.0352	core_inst.montprod_inst.montprod_ctrl_reg[I]	core_inst.p_mem.tmp_read_dataI[J]	core_inst.montprod_inst.montprod_ctrl_reg[13]$_DFF_PN0_/Q	core_inst.p_mem.tmp_read_data0[10]$_DFF_P_/D
76	-0.0348	cs	read_data[I]	cs	read_data[10]
77	-0.0302	cs	core_inst.message_mem.mem[I][J]	cs	core_inst.message_mem.mem[10][10]$_DFFE_PP_/D
78	-0.0113	core_inst.residue_inst.loop_counter_I_to_nn_reg[J]	core_inst.residue_inst.word_index_reg[I]	core_inst.residue_inst.loop_counter_1_to_nn_reg[11]$_DFFE_PN0P_/Q	core_inst.residue_inst.word_index_reg[0]$_DFF_PN0_/D
79	-0.0112	core_inst.exponent_mem.ptr_reg[I]	core_inst.exponent_mem.tmp_read_dataI[J]	core_inst.exponent_mem.ptr_reg[0]$_DFFE_PN0P_/Q	core_inst.exponent_mem.tmp_read_data1[5]$_DFF_P_/D
80	-0.0111	core_inst.message_mem.ptr_reg[I]	core_inst.message_mem.tmp_read_dataI[J]	core_inst.message_mem.ptr_reg[0]$_DFFE_PN0P_/Q	core_inst.message_mem.tmp_read_data1[10]$_DFF_P_/D
81	-0.0111	core_inst.modulus_mem.ptr_reg[I]	core_inst.modulus_mem.tmp_read_dataI[J]	core_inst.modulus_mem.ptr_reg[0]$_DFFE_PN0P_/Q	core_inst.modulus_mem.tmp_read_data1[10]$_DFF_P_/D
82	-0.0104	core_inst.cycle_ctr_low_reg[I]	core_inst.cycle_ctr_low_reg[I]	core_inst.cycle_ctr_low_reg[4]$_DFFE_PN0P_/Q	core_inst.cycle_ctr_low_reg[29]$_DFFE_PN0P_/D
83	-0.0104	we	read_data[I]	we	read_data[10]
84	-0.0092	core_inst.residue_inst.length_mI_reg[J]	core_inst.residue_mem.tmp_read_dataI[J]	core_inst.residue_inst.length_m1_reg[1]$_DFFE_PN0P_/Q	core_inst.residue_mem.tmp_read_data0[11]$_DFF_P_/D
85	-0.0077	core_inst.montprod_inst.word_index[I]	core_inst.modulus_mem.tmp_read_dataI[J]	core_inst.montprod_inst.word_index[1]$_DFF_PN0_/Q	core_inst.modulus_mem.tmp_read_data0[7]$_DFF_P_/D
86	0.0004	we	core_inst.modulus_mem.mem[I][J]	we	core_inst.modulus_mem.mem[10][10]$_DFFE_PP_/D
87	0.0010	core_inst.loop_counter_reg[I]	core_inst.ei_reg	core_inst.loop_counter_reg[1]$_DFFE_PN0P_/Q	core_inst.ei_reg$_DFFE_PN0P_/D
88	0.0033	core_inst.residue_inst.nn_reg[I]	core_inst.residue_inst.word_index_reg[I]	core_inst.residue_inst.nn_reg[11]$_DFFE_PN0P_/Q	core_inst.residue_inst.word_index_reg[0]$_DFF_PN0_/D
89	0.0048	cs	core_inst.exponent_mem.mem[I][J]	cs	core_inst.exponent_mem.mem[0][10]$_DFFE_PP_/D
90	0.0085	modulus_length_reg[I]	core_inst.residue_mem.tmp_read_dataI[J]	modulus_length_reg[0]$_DFFE_PN0P_/Q	core_inst.residue_mem.tmp_read_data0[10]$_DFF_P_/D
91	0.0149	we	core_inst.message_mem.mem[I][J]	we	core_inst.message_mem.mem[10][10]$_DFFE_PP_/D
92	0.0186	core_inst.montprod_inst.loop_counter[I]	core_inst.p_mem.tmp_read_dataI[J]	core_inst.montprod_inst.loop_counter[5]$_DFFE_PN0P_/Q	core_inst.p_mem.tmp_read_data1[0]$_DFF_P_/D
93	0.0186	core_inst.montprod_inst.loop_counter[I]	core_inst.residue_mem.tmp_read_dataI[J]	core_inst.montprod_inst.loop_counter[5]$_DFFE_PN0P_/Q	core_inst.residue_mem.tmp_read_data1[11]$_DFF_P_/D
94	0.0199	core_inst.montprod_inst.B_bit_index_reg[I]	core_inst.montprod_inst.q_reg	core_inst.montprod_inst.B_bit_index_reg[0]$_DFFE_PN0P_/Q	core_inst.montprod_inst.q_reg$_DFFE_PN0P_/D
95	0.0222	modulus_length_reg[I]	core_inst.modexp_ctrl_reg[I]	modulus_length_reg[0]$_DFFE_PN0P_/Q	core_inst.modexp_ctrl_reg[4]$_DFF_PN0_/D
96	0.0226	core_inst.result_mem.ptr_reg[I]	core_inst.result_mem.tmp_read_dataI[J]	core_inst.result_mem.ptr_reg[0]$_DFFE_PN0P_/Q	core_inst.result_mem.tmp_read_data1[10]$_DFF_P_/D
97	0.0299	core_inst.montprod_select_reg[I]	core_inst.montprod_inst.b_reg	core_inst.montprod_select_reg[4]$_DFF_PN0_/Q	core_inst.montprod_inst.b_reg$_DFFE_PN0P_/D
98	0.0317	address[I]	start_reg	address[4]	start_reg$_DFF_PN0_/D
99	0.0377	cs	exponent_length_reg[I]	cs	exponent_length_reg[0]$_DFFE_PN0P_/D
100	0.0377	cs	modulus_length_reg[I]	cs	modulus_length_reg[0]$_DFFE_PN0P_/D
