# stage	1_synth
# top_module	jpeg_encoder
# top_n	100
# kind	blocks
# skip_async	1
# include_full	1
# rank	worst_slack_ns	start	end	start_full	end_full
1	-1.0719	fdct_zigzag.dct_mod.dct_block_I.dct_unit_J.macu.din_r[K]	fdct_zigzag.dct_mod.dct_block_I.dct_unit_J.macu.mult_res[K]	fdct_zigzag.dct_mod.dct_block_4.dct_unit_1.macu.din_r[7]$_DFFE_PP_/Q	fdct_zigzag.dct_mod.dct_block_6.dct_unit_6.macu.mult_res[16]$_DFFE_PP_/D
2	-0.3602	fdct_zigzag.dct_mod.dct_block_I.dct_unit_J.macu.coef_r[K]	fdct_zigzag.dct_mod.dct_block_I.dct_unit_J.macu.mult_res[K]	fdct_zigzag.dct_mod.dct_block_0.dct_unit_6.macu.coef_r[8]$_DFFE_PP_/Q	fdct_zigzag.dct_mod.dct_block_0.dct_unit_2.macu.mult_res[18]$_DFFE_PP_/D
3	-0.0609	fdct_zigzag.dct_mod.dct_block_I.dct_unit_J.macu.din_r[K]	fdct_zigzag.dct_mod.dct_block_I.dct_unit_J.macu.din_r[K]	fdct_zigzag.dct_mod.dct_block_4.dct_unit_1.macu.din_r[7]$_DFFE_PP_/Q	fdct_zigzag.dct_mod.dct_block_4.dct_unit_1.macu.din_r[7]$_DFFE_PP_/D
4	0.0556	ena	fdct_zigzag.dct_mod.dct_block_I.dct_unit_J.coef[K]	ena	fdct_zigzag.dct_mod.dct_block_5.dct_unit_7.coef[24]$_DFFE_PP_/D
5	0.0572	ena	fdct_zigzag.dct_mod.dct_block_I.dct_unit_J.macu.result[K]	ena	fdct_zigzag.dct_mod.dct_block_0.dct_unit_1.macu.result[18]$_DFFE_PP_/D
6	0.0766	fdct_zigzag.dct_mod.dct_block_I.dct_unit_J.macu.mult_res[K]	fdct_zigzag.dct_mod.dct_block_I.dct_unit_J.macu.result[K]	fdct_zigzag.dct_mod.dct_block_3.dct_unit_5.macu.mult_res[0]$_DFFE_PP_/Q	fdct_zigzag.dct_mod.dct_block_5.dct_unit_3.macu.result[20]$_DFFE_PP_/D
7	0.0800	ena	qnr.rq[I]	ena	qnr.rq[9]$_DFFE_PP_/D
8	0.0801	ena	qnr.divider.divider.s_pipe[I][J]	ena	qnr.divider.divider.s_pipe[1][12]$_DFFE_PP_/D
9	0.0828	ena	rle.rle.dcterm	ena	rle.rle.dcterm$_DFFE_PN0P_/D
10	0.0828	ena	rle.rle.rlen[I]	ena	rle.rle.rlen[0]$_DFFE_PN0P_/D
11	0.0837	fdct_zigzag.dct_mod.dct_block_I.dct_unit_J.macu.result[K]	fdct_zigzag.dct_mod.dct_block_I.dct_unit_J.macu.result[K]	fdct_zigzag.dct_mod.dct_block_5.dct_unit_3.macu.result[0]$_DFFE_PP_/Q	fdct_zigzag.dct_mod.dct_block_5.dct_unit_3.macu.result[20]$_DFFE_PP_/D
12	0.0864	ena	fdct_zigzag.dct_mod.sample_cnt[I]	ena	fdct_zigzag.dct_mod.sample_cnt[4]$_DFFE_PN0P_/D
13	0.0881	ena	qnr.dep[I]	ena	qnr.dep[0]$_DFFE_PN0P_/D
14	0.0881	ena	rle.rle.size[I]	ena	rle.rle.size[2]$_DFFE_PN0P_/D
15	0.0883	ena	qnr.divider.iz[I]	ena	qnr.divider.iz[19]$_SDFFCE_PN0P_/D
16	0.0883	ena	rle.rle.sample_cnt[I]	ena	rle.rle.sample_cnt[0]$_SDFFCE_PP1P_/D
17	0.0883	ena	rle.rle.zero_cnt[I]	ena	rle.rle.zero_cnt[1]$_SDFFCE_PP0P_/D
18	0.0883	ena	fdct_zigzag.dct_mod.dct_block_I.dct_unit_J.macu.mult_res[K]	ena	fdct_zigzag.dct_mod.dct_block_0.dct_unit_1.macu.mult_res[13]$_DFFE_PP_/D
19	0.0988	ena	rle.rle.den	ena	rle.rle.den$_DFFE_PN0P_/D
20	0.0990	ena	rle.rle.amp[I]	ena	rle.rle.amp[10]$_SDFFCE_PN0P_/D
21	0.0990	ena	rle.rle.amp[I]	ena	rle.rle.amp[9]$_DFFE_PP_/D
22	0.0992	ena	qnr.divider.divider.d_pipe[I][J]	ena	qnr.divider.divider.d_pipe[2][19]$_DFFE_PP_/D
23	0.0992	ena	qnr.divider.divider.q_pipe[I][J]	ena	qnr.divider.divider.q_pipe[10][9]$_DFFE_PP_/D
24	0.0992	ena	rle.rzI.ampo[J]	ena	rle.rz1.ampo[10]$_DFFE_PP_/D
25	0.1078	ena	rle.rzI.den	ena	rle.rz1.den$_DFFE_PN0P_/D
26	0.1105	ena	fdct_zigzag.dct_mod.ddgo	ena	fdct_zigzag.dct_mod.ddgo$_DFFE_PN0P_/D
27	0.1105	ena	fdct_zigzag.dct_mod.dgo	ena	fdct_zigzag.dct_mod.dgo$_DFFE_PN0P_/D
28	0.1105	ena	rle.rzI.deno	ena	rle.rz1.deno$_DFFE_PN0P_/D
29	0.1108	ena	qnr.divider.spipe[I]	ena	qnr.divider.spipe[13]$_DFFE_PP_/D
30	0.1108	ena	fdct_zigzag.zigzag_mod.ld_zigzag	ena	fdct_zigzag.zigzag_mod.ld_zigzag$_DFFE_PP_/D
31	0.1108	ena	fdct_zigzag.dct_mod.dct_block_I.dct_unit_J.macu.din_r[K]	ena	fdct_zigzag.dct_mod.dct_block_4.dct_unit_1.macu.din_r[7]$_DFFE_PP_/D
32	0.1108	ena	fdct_zigzag.dct_mod.dct_block_I.dct_unit_J.ddin_r[K]	ena	fdct_zigzag.dct_mod.dct_block_6.dct_unit_1.ddin_r[8]$_DFFE_PP_/D
33	0.1108	ena	fdct_zigzag.dct_mod.dct_block_I.dct_unit_J.macu.dclr_r	ena	fdct_zigzag.dct_mod.dct_block_6.dct_unit_1.macu.dclr_r$_DFFE_PP_/D
34	0.1108	ena	fdct_zigzag.zigzag_mod.sresult[I][J]	ena	fdct_zigzag.zigzag_mod.sresult[12][11]$_DFFE_PP_/D
35	0.1108	ena	qnr.divider.divider.q[I]	ena	qnr.divider.divider.q[11]$_DFFE_PP_/D
36	0.1108	ena	qnr.divider.id[I]	ena	qnr.divider.id[7]$_DFFE_PP_/D
37	0.1108	ena	qnr.divider.iz[I]	ena	qnr.divider.iz[10]$_DFFE_PP_/D
38	0.1108	ena	qnr.divider.q[I]	ena	qnr.divider.q[11]$_DFFE_PP_/D
39	0.1108	ena	rle.rzI.dc	ena	rle.rz1.dc$_DFFE_PP_/D
40	0.1108	ena	rle.rzI.dco	ena	rle.rz1.dco$_DFFE_PP_/D
41	0.1108	ena	rle.rzI.rleno[J]	ena	rle.rz1.rleno[3]$_DFFE_PP_/D
42	0.1108	ena	rle.rzI.sizeo[J]	ena	rle.rz1.sizeo[3]$_DFFE_PP_/D
43	0.1109	ena	fdct_zigzag.dct_mod.dddcnt	ena	fdct_zigzag.dct_mod.dddcnt$_DFFE_PN1P_/D
44	0.1109	ena	fdct_zigzag.dct_mod.ddddcnt	ena	fdct_zigzag.dct_mod.ddddcnt$_DFFE_PN1P_/D
45	0.1171	ena	qnr.qnt_cnt[I]	ena	qnr.qnt_cnt[0]$_DFFE_PN0P_/D
46	0.1182	qnr.divider.divider.s_pipe[I][J]	qnr.divider.divider.s_pipe[I][J]	qnr.divider.divider.s_pipe[1][24]$_DFFE_PP_/Q	qnr.divider.divider.s_pipe[2][23]$_DFFE_PP_/D
47	0.1195	qnr.divider.divider.d_pipe[I][J]	qnr.divider.divider.s_pipe[I][J]	qnr.divider.divider.d_pipe[1][12]$_DFFE_PP_/QN	qnr.divider.divider.s_pipe[2][23]$_DFFE_PP_/D
48	0.1204	ena	dfdct_dout[I]	ena	dfdct_dout[11]$_DFFE_PP_/D
49	0.1204	ena	dqnr_doe	ena	dqnr_doe$_DFFE_PP_/D
50	0.1204	ena	fdct_zigzag.dct_mod.dct_block_I.dct_unit_J.macu.coef_r[K]	ena	fdct_zigzag.dct_mod.dct_block_0.dct_unit_3.macu.coef_r[2]$_DFFE_PP_/D
51	0.1239	ena	rle.rle.state	ena	rle.rle.state$_DFFE_PN0P_/D
52	0.1250	ena	qnr.divider.q[I]	ena	qnr.divider.q[12]$_SDFFCE_PN0P_/D
53	0.1271	ena	fdct_zigzag.dct_mod.douten	ena	fdct_zigzag.dct_mod.douten$_DFFE_PN0P_/D
54	0.1283	qnr.divider.q[I]	qnr.rq[I]	qnr.divider.q[12]$_SDFFCE_PN0P_/Q	qnr.rq[11]$_DFFE_PP_/D
55	0.1303	ena	rle.rzI.state	ena	rle.rz1.state$_DFFE_PN0P_/D
56	0.1380	ena	fdct_zigzag.dct_mod.go	ena	fdct_zigzag.dct_mod.go$_DFFE_PN0P_/D
57	0.1426	ena	fdct_zigzag.dct_mod.ddcnt	ena	fdct_zigzag.dct_mod.ddcnt$_DFFE_PN1P_/D
58	0.1634	ena	rle.rzI.amp[J]	ena	rle.rz1.amp[0]$_DFFE_PP_/D
59	0.1634	ena	rle.rzI.rlen[J]	ena	rle.rz1.rlen[3]$_DFFE_PP_/D
60	0.1634	ena	rle.rzI.size[J]	ena	rle.rz1.size[3]$_DFFE_PP_/D
61	0.1788	fdct_zigzag.dct_mod.sample_cnt[I]	fdct_zigzag.dct_mod.dct_block_I.dct_unit_J.coef[K]	fdct_zigzag.dct_mod.sample_cnt[1]$_DFFE_PN0P_/Q	fdct_zigzag.dct_mod.dct_block_1.dct_unit_1.coef[5]$_DFFE_PP_/D
62	0.2164	qnr.divider.q[I]	qnr.rq[I]	qnr.divider.q[2]$_DFFE_PP_/Q	qnr.rq[11]$_DFFE_PP_/D
63	0.2193	qnr.divider.id[I]	qnr.divider.divider.s_pipe[I][J]	qnr.divider.id[0]$_DFFE_PP_/Q	qnr.divider.divider.s_pipe[1][24]$_DFFE_PP_/D
64	0.2204	dstrb	fdct_zigzag.dct_mod.sample_cnt[I]	dstrb	fdct_zigzag.dct_mod.sample_cnt[5]$_DFFE_PN0P_/D
65	0.2379	qnr.divider.iz[I]	qnr.divider.divider.s_pipe[I][J]	qnr.divider.iz[11]$_SDFFCE_PN0P_/QN	qnr.divider.divider.s_pipe[1][24]$_DFFE_PP_/D
66	0.2398	qnr.rq[I]	rle.rle.size[I]	qnr.rq[3]$_DFFE_PP_/QN	rle.rle.size[3]$_DFFE_PN0P_/D
67	0.2584	fdct_zigzag.dct_mod.sample_cnt[I]	fdct_zigzag.dct_mod.sample_cnt[I]	fdct_zigzag.dct_mod.sample_cnt[4]$_DFFE_PN0P_/Q	fdct_zigzag.dct_mod.sample_cnt[5]$_DFFE_PN0P_/D
68	0.3193	qnr.rq[I]	rle.rle.amp[I]	qnr.rq[2]$_DFFE_PP_/Q	rle.rle.amp[7]$_DFFE_PP_/D
69	0.3404	qnr.rq[I]	rle.rle.amp[I]	qnr.rq[2]$_DFFE_PP_/QN	rle.rle.amp[10]$_SDFFCE_PN0P_/D
70	0.3455	dfdct_dout[I]	qnr.divider.iz[I]	dfdct_dout[3]$_DFFE_PP_/QN	qnr.divider.iz[10]$_DFFE_PP_/D
71	0.3522	fdct_zigzag.dct_mod.dct_block_I.dct_unit_J.macu.dclr_r	fdct_zigzag.dct_mod.dct_block_I.dct_unit_J.macu.result[K]	fdct_zigzag.dct_mod.dct_block_6.dct_unit_1.macu.dclr_r$_DFFE_PP_/Q	fdct_zigzag.dct_mod.dct_block_2.dct_unit_0.macu.result[10]$_DFFE_PP_/D
72	0.3570	qnr.divider.divider.q[I]	qnr.divider.q[I]	qnr.divider.divider.q[3]$_DFFE_PP_/QN	qnr.divider.q[11]$_DFFE_PP_/D
73	0.3686	qnr.qnt_cnt[I]	qnt_cnt[I]	qnr.qnt_cnt[1]$_DFFE_PN0P_/Q	qnt_cnt[1]
74	0.3768	qnr.rq[I]	rle.rle.den	qnr.rq[11]$_DFFE_PP_/Q	rle.rle.den$_DFFE_PN0P_/D
75	0.3822	rle.rzI.deno	douten	rle.rz4.deno$_DFFE_PN0P_/Q	douten
76	0.3843	dfdct_dout[I]	qnr.divider.iz[I]	dfdct_dout[3]$_DFFE_PP_/QN	qnr.divider.iz[11]$_SDFFCE_PN0P_/D
77	0.3867	din[I]	fdct_zigzag.dct_mod.dct_block_I.dct_unit_J.ddin_r[K]	din[0]	fdct_zigzag.dct_mod.dct_block_6.dct_unit_1.ddin_r[1]$_DFFE_PP_/D
78	0.3867	qnt_val[I]	qnr.divider.id[I]	qnt_val[0]	qnr.divider.id[0]$_DFFE_PP_/D
79	0.3897	qnr.rq[I]	rle.rle.rlen[I]	qnr.rq[11]$_DFFE_PP_/Q	rle.rle.rlen[0]$_DFFE_PN0P_/D
80	0.3907	fdct_zigzag.dct_mod.dct_block_I.dct_unit_J.macu.dclr_r	fdct_zigzag.dct_mod.dct_block_I.dct_unit_J.macu.dclr_r	fdct_zigzag.dct_mod.dct_block_6.dct_unit_1.macu.dclr_r$_DFFE_PP_/Q	fdct_zigzag.dct_mod.dct_block_6.dct_unit_1.macu.dclr_r$_DFFE_PP_/D
81	0.3959	rle.rzI.ampo[J]	amp[I]	rle.rz4.ampo[0]$_DFFE_PP_/Q	amp[0]
82	0.3959	rle.rzI.rleno[J]	rlen[I]	rle.rz4.rleno[0]$_DFFE_PP_/Q	rlen[0]
83	0.3959	rle.rzI.sizeo[J]	size[I]	rle.rz4.sizeo[0]$_DFFE_PP_/Q	size[0]
84	0.3970	fdct_zigzag.zigzag_mod.ld_zigzag	fdct_zigzag.zigzag_mod.sresult[I][J]	fdct_zigzag.zigzag_mod.ld_zigzag$_DFFE_PP_/Q	fdct_zigzag.zigzag_mod.sresult[1][0]$_DFFE_PP_/D
85	0.3990	fdct_zigzag.dct_mod.sample_cnt[I]	fdct_zigzag.dct_mod.ddcnt	fdct_zigzag.dct_mod.sample_cnt[2]$_DFFE_PN0P_/Q	fdct_zigzag.dct_mod.ddcnt$_DFFE_PN1P_/D
86	0.3994	dstrb	fdct_zigzag.dct_mod.go	dstrb	fdct_zigzag.dct_mod.go$_DFFE_PN0P_/D
87	0.4047	qnr.rq[I]	rle.rle.zero_cnt[I]	qnr.rq[11]$_DFFE_PP_/Q	rle.rle.zero_cnt[3]$_SDFFCE_PP0P_/D
88	0.4298	qnr.divider.divider.q[I]	qnr.divider.q[I]	qnr.divider.divider.q[3]$_DFFE_PP_/QN	qnr.divider.q[12]$_SDFFCE_PN0P_/D
89	0.4537	rle.rle.rlen[I]	rle.rzI.den	rle.rle.rlen[1]$_DFFE_PN0P_/Q	rle.rz1.den$_DFFE_PN0P_/D
90	0.4585	qnr.rq[I]	qnr.rq[I]	qnr.rq[11]$_DFFE_PP_/Q	qnr.rq[11]$_DFFE_PP_/D
91	0.4591	rle.rle.size[I]	rle.rzI.den	rle.rle.size[1]$_DFFE_PN0P_/Q	rle.rz1.den$_DFFE_PN0P_/D
92	0.4596	rle.rle.size[I]	rle.rzI.deno	rle.rle.size[1]$_DFFE_PN0P_/Q	rle.rz1.deno$_DFFE_PN0P_/D
93	0.4598	qnr.divider.spipe[I]	qnr.divider.q[I]	qnr.divider.spipe[13]$_DFFE_PP_/Q	qnr.divider.q[10]$_DFFE_PP_/D
94	0.4649	rle.rzI.sizeo[J]	rle.rzI.den	rle.rz1.sizeo[1]$_DFFE_PP_/Q	rle.rz2.den$_DFFE_PN0P_/D
95	0.4654	rle.rzI.sizeo[J]	rle.rzI.deno	rle.rz2.sizeo[1]$_DFFE_PP_/Q	rle.rz3.deno$_DFFE_PN0P_/D
96	0.4670	rle.rle.sample_cnt[I]	rle.rle.rlen[I]	rle.rle.sample_cnt[1]$_SDFFCE_PP0P_/Q	rle.rle.rlen[0]$_DFFE_PN0P_/D
97	0.4712	rle.rle.rlen[I]	rle.rzI.deno	rle.rle.rlen[1]$_DFFE_PN0P_/Q	rle.rz1.deno$_DFFE_PN0P_/D
98	0.4725	rle.rle.sample_cnt[I]	rle.rle.sample_cnt[I]	rle.rle.sample_cnt[2]$_SDFFCE_PP0P_/Q	rle.rle.sample_cnt[5]$_SDFFCE_PP0P_/D
99	0.4766	rle.rzI.rleno[J]	rle.rzI.deno	rle.rz2.rleno[1]$_DFFE_PP_/Q	rle.rz3.deno$_DFFE_PN0P_/D
100	0.4781	fdct_zigzag.zigzag_mod.ld_zigzag	qnr.dep[I]	fdct_zigzag.zigzag_mod.ld_zigzag$_DFFE_PP_/Q	qnr.dep[0]$_DFFE_PN0P_/D
