# stage	1_synth
# top_module	wb_dma_top
# top_n	1000
# kind	blocks
# skip_async	1
# include_full	1
# rank	worst_slack_ns	start	end	start_full	end_full
1	-0.2123	uI.uJ.pri_outK[L]	wbIs_data_o[J]	u1.u0.pri_out0[1]$_DFF_P_/Q	wb0s_data_o[0]
2	-0.2062	uI.uJ.state[K]	wbIs_data_o[J]	u1.u2.state[4]$_SDFFE_PP0P_/Q	wb0s_data_o[0]
3	-0.1967	uI.dma_busy_r	wbIs_data_o[J]	u1.dma_busy_r$_DFF_P_/Q	wb0s_data_o[0]
4	-0.1253	wbI_addr_i[J]	wbIs_data_o[J]	wb0_addr_i[28]	wb1s_data_o[10]
5	-0.1235	wbI_addr_i[J]	wbI_addr_o[J]	wb0_addr_i[28]	wb1_addr_o[10]
6	-0.1182	wbI_addr_i[J]	wbI_cyc_o	wb0_addr_i[28]	wb1_cyc_o
7	-0.1168	uI.ch_sel_r[J]	wbIs_data_o[J]	u1.ch_sel_r[4]$_SDFFE_PP0P_/Q	wb0s_data_o[0]
8	-0.0746	wbI_addr_i[J]	wbI_sel_o[J]	wb0_addr_i[28]	wb1_sel_o[0]
9	-0.0673	wbI_addr_i[J]	wbI_stb_o	wb0_addr_i[28]	wb1_stb_o
10	-0.0673	wbI_addr_i[J]	wbI_we_o	wb0_addr_i[28]	wb1_we_o
11	-0.0142	wbI_cyc_i	wbI_addr_o[J]	wb0_cyc_i	wb1_addr_o[10]
12	-0.0021	wbI_cyc_i	wbIs_data_o[J]	wb1_cyc_i	wb0s_data_o[0]
13	0.0152	wbI_cyc_i	wbI_cyc_o	wb0_cyc_i	wb1_cyc_o
14	0.0324	wbI_ack_i	wbI_ack_o	wb0_ack_i	wb1_ack_o
15	0.0579	wbI_cyc_i	wbI_stb_o	wb0_cyc_i	wb1_stb_o
16	0.0579	wbI_cyc_i	wbI_we_o	wb0_cyc_i	wb1_we_o
17	0.0588	wbI_cyc_i	wbI_sel_o[J]	wb0_cyc_i	wb1_sel_o[0]
18	0.0630	uI.ndr_r[J]	wbIs_data_o[J]	u1.ndr_r[14]$_DFF_P_/Q	wb0s_data_o[0]
19	0.0712	uI.state[J]	wbIs_data_o[J]	u2.state[5]$_DFF_P_/Q	wb0s_data_o[0]
20	0.1349	uI.uJ.ch_csr_r[K]	wbIs_data_o[J]	u0.u4.ch_csr_r[8]$_SDFFE_PP0P_/Q	wb0s_data_o[0]
21	0.1654	wbI_stb_i	wbI_stb_o	wb1_stb_i	wb0_stb_o
22	0.1654	wbI_we_i	wbI_we_o	wb1_we_i	wb0_we_o
23	0.1654	wbIs_data_i[J]	wbIm_data_o[J]	wb1s_data_i[0]	wb0m_data_o[0]
24	0.1658	wbIm_data_i[J]	wbIs_data_o[J]	wb0m_data_i[0]	wb1s_data_o[0]
25	0.1724	uI.uJ.pri_outK[L]	uI.mastJ_adr[K]	u1.u0.pri_out0[1]$_DFF_P_/Q	u2.mast0_adr[10]$_DFF_P_/D
26	0.1773	wbI_sel_i[J]	wbI_sel_o[J]	wb1_sel_i[0]	wb0_sel_o[0]
27	0.1785	uI.uJ.state[K]	uI.mastJ_adr[K]	u1.u2.state[4]$_SDFFE_PP0P_/Q	u2.mast0_adr[10]$_DFF_P_/D
28	0.1880	uI.dma_busy_r	uI.mastJ_adr[K]	u1.dma_busy_r$_DFF_P_/Q	u2.mast0_adr[10]$_DFF_P_/D
29	0.1917	wbI_err_i	wbI_err_o	wb1_err_i	wb0_err_o
30	0.1917	wbI_rty_i	wbI_rty_o	wb1_rty_i	wb0_rty_o
31	0.2335	uI.uJ.pri_outK[L]	uI.adrJ_cnt[K]	u1.u0.pri_out0[1]$_DFF_P_/Q	u2.adr1_cnt[28]$_DFFE_PP_/D
32	0.2396	uI.uJ.state[K]	uI.adrJ_cnt[K]	u1.u2.state[4]$_SDFFE_PP0P_/Q	u2.adr1_cnt[28]$_DFFE_PP_/D
33	0.2449	uI.uJ.pri_outK[L]	uI.uJ.pointer_sr[K]	u1.u0.pri_out0[1]$_DFF_P_/Q	u0.u11.pointer_sr[17]$_DFFE_PP_/D
34	0.2491	uI.dma_busy_r	uI.adrJ_cnt[K]	u1.dma_busy_r$_DFF_P_/Q	u2.adr1_cnt[28]$_DFFE_PP_/D
35	0.2509	uI.uJ.state[K]	uI.uJ.pointer_sr[K]	u1.u2.state[4]$_SDFFE_PP0P_/Q	u0.u11.pointer_sr[17]$_DFFE_PP_/D
36	0.2541	uI.uJ.pri_outK[L]	uI.tsz_cnt[J]	u1.u0.pri_out0[1]$_DFF_P_/Q	u2.tsz_cnt[0]$_DFFE_PP_/D
37	0.2552	uI.uJ.pri_outK[L]	uI.uJ.ch_csr_r[K]	u1.u0.pri_out0[1]$_DFF_P_/Q	u0.u12.ch_csr_r[1]$_SDFFE_PP0P_/D
38	0.2567	uI.uJ.pri_outK[L]	uI.uJ.ch_chk_sz_r[K]	u1.u0.pri_out0[1]$_DFF_P_/Q	u0.u14.ch_chk_sz_r[0]$_DFFE_PP_/D
39	0.2572	uI.uJ.pri_outK[L]	uI.uJ.ch_tot_sz_r[K]	u1.u0.pri_out0[1]$_DFF_P_/Q	u0.u14.ch_tot_sz_r[5]$_DFFE_PP_/D
40	0.2572	uI.uJ.pri_outK[L]	uI.uJ.mast_stb	u1.u0.pri_out0[1]$_DFF_P_/Q	u4.u0.mast_stb$_DFF_P_/D
41	0.2580	uI.uJ.pri_outK[L]	uI.state[J]	u1.u0.pri_out0[1]$_DFF_P_/Q	u2.state[10]$_DFF_P_/D
42	0.2587	uI.uJ.pri_outK[L]	uI.uJ.ch_adrK_s[L]	u1.u0.pri_out0[1]$_DFF_P_/Q	u0.u14.ch_adr1_s[0]$_DFFE_PP_/D
43	0.2591	uI.uJ.pri_outK[L]	uI.uJ.mast_we_r	u1.u0.pri_out0[1]$_DFF_P_/Q	u3.u0.mast_we_r$_DFF_P_/D
44	0.2602	uI.uJ.state[K]	uI.tsz_cnt[J]	u1.u2.state[4]$_SDFFE_PP0P_/Q	u2.tsz_cnt[0]$_DFFE_PP_/D
45	0.2605	uI.dma_busy_r	uI.uJ.pointer_sr[K]	u1.dma_busy_r$_DFF_P_/Q	u0.u11.pointer_sr[17]$_DFFE_PP_/D
46	0.2612	wbI_ack_i	uI.mastJ_adr[K]	wb0_ack_i	u2.mast0_adr[11]$_DFF_P_/D
47	0.2613	uI.uJ.state[K]	uI.uJ.ch_csr_r[K]	u1.u2.state[4]$_SDFFE_PP0P_/Q	u0.u12.ch_csr_r[1]$_SDFFE_PP0P_/D
48	0.2620	uI.uJ.pri_outK[L]	uI.uJ.ch_txsz_s[K]	u1.u0.pri_out0[1]$_DFF_P_/Q	u0.u9.ch_txsz_s[10]$_DFFE_PP_/D
49	0.2627	uI.uJ.state[K]	uI.uJ.ch_chk_sz_r[K]	u1.u2.state[4]$_SDFFE_PP0P_/Q	u0.u14.ch_chk_sz_r[0]$_DFFE_PP_/D
50	0.2632	uI.uJ.state[K]	uI.uJ.ch_tot_sz_r[K]	u1.u2.state[4]$_SDFFE_PP0P_/Q	u0.u14.ch_tot_sz_r[5]$_DFFE_PP_/D
51	0.2632	uI.uJ.state[K]	uI.uJ.mast_stb	u1.u2.state[4]$_SDFFE_PP0P_/Q	u4.u0.mast_stb$_DFF_P_/D
52	0.2640	uI.uJ.state[K]	uI.state[J]	u1.u2.state[4]$_SDFFE_PP0P_/Q	u2.state[10]$_DFF_P_/D
53	0.2648	uI.uJ.state[K]	uI.uJ.ch_adrK_s[L]	u1.u2.state[4]$_SDFFE_PP0P_/Q	u0.u14.ch_adr1_s[0]$_DFFE_PP_/D
54	0.2652	uI.uJ.state[K]	uI.uJ.mast_we_r	u1.u2.state[4]$_SDFFE_PP0P_/Q	u3.u0.mast_we_r$_DFF_P_/D
55	0.2652	uI.uJ.pri_outK[L]	uI.uJ.pointer_r[K]	u1.u0.pri_out0[1]$_DFF_P_/Q	u0.u11.pointer_r[10]$_DFFE_PP_/D
56	0.2678	uI.ch_sel_r[J]	uI.mastJ_adr[K]	u1.ch_sel_r[4]$_SDFFE_PP0P_/Q	u2.mast0_adr[10]$_DFF_P_/D
57	0.2681	uI.uJ.state[K]	uI.uJ.ch_txsz_s[K]	u1.u2.state[4]$_SDFFE_PP0P_/Q	u0.u9.ch_txsz_s[10]$_DFFE_PP_/D
58	0.2697	uI.dma_busy_r	uI.tsz_cnt[J]	u1.dma_busy_r$_DFF_P_/Q	u2.tsz_cnt[0]$_DFFE_PP_/D
59	0.2708	uI.dma_busy_r	uI.uJ.ch_csr_r[K]	u1.dma_busy_r$_DFF_P_/Q	u0.u12.ch_csr_r[1]$_SDFFE_PP0P_/D
60	0.2712	uI.uJ.state[K]	uI.uJ.pointer_r[K]	u1.u2.state[4]$_SDFFE_PP0P_/Q	u0.u11.pointer_r[10]$_DFFE_PP_/D
61	0.2723	uI.dma_busy_r	uI.uJ.ch_chk_sz_r[K]	u1.dma_busy_r$_DFF_P_/Q	u0.u14.ch_chk_sz_r[0]$_DFFE_PP_/D
62	0.2724	uI.uJ.pri_outK[L]	uI.chunk_J	u1.u0.pri_out0[1]$_DFF_P_/Q	u2.chunk_0$_DFF_P_/D
63	0.2728	uI.dma_busy_r	uI.uJ.ch_tot_sz_r[K]	u1.dma_busy_r$_DFF_P_/Q	u0.u14.ch_tot_sz_r[5]$_DFFE_PP_/D
64	0.2728	uI.dma_busy_r	uI.uJ.mast_stb	u1.dma_busy_r$_DFF_P_/Q	u4.u0.mast_stb$_DFF_P_/D
65	0.2735	uI.uJ.state[K]	uI.chunk_J	u1.u2.state[1]$_SDFFE_PP0P_/Q	u2.chunk_0$_DFF_P_/D
66	0.2736	uI.dma_busy_r	uI.state[J]	u1.dma_busy_r$_DFF_P_/Q	u2.state[10]$_DFF_P_/D
67	0.2743	uI.dma_busy_r	uI.uJ.ch_adrK_s[L]	u1.dma_busy_r$_DFF_P_/Q	u0.u14.ch_adr1_s[0]$_DFFE_PP_/D
68	0.2747	uI.dma_busy_r	uI.uJ.mast_we_r	u1.dma_busy_r$_DFF_P_/Q	u3.u0.mast_we_r$_DFF_P_/D
69	0.2776	uI.dma_busy_r	uI.uJ.ch_txsz_s[K]	u1.dma_busy_r$_DFF_P_/Q	u0.u9.ch_txsz_s[10]$_DFFE_PP_/D
70	0.2790	uI.uJ.pri_outK[L]	uI.uJ.int_src_r[K]	u1.u0.pri_out0[1]$_DFF_P_/Q	u0.u12.int_src_r[2]$_SDFFE_PP0P_/D
71	0.2808	uI.dma_busy_r	uI.uJ.pointer_r[K]	u1.dma_busy_r$_DFF_P_/Q	u0.u11.pointer_r[10]$_DFFE_PP_/D
72	0.2823	uI.uJ.pri_outK[L]	uI.chunk_cnt[J]	u1.u0.pri_out0[1]$_DFF_P_/Q	u2.chunk_cnt[3]$_DFFE_PP_/D
73	0.2850	uI.uJ.state[K]	uI.uJ.int_src_r[K]	u1.u2.state[4]$_SDFFE_PP0P_/Q	u0.u12.int_src_r[2]$_SDFFE_PP0P_/D
74	0.2860	wbI_ack_i	uI.adrJ_cnt[K]	wb0_ack_i	u2.adr1_cnt[28]$_DFFE_PP_/D
75	0.2878	uI.uJ.pri_outK[L]	uI.uJ.ch_done	u1.u0.pri_out0[1]$_DFF_P_/Q	u0.u12.ch_done$_SDFFE_PP0P_/D
76	0.2884	uI.uJ.state[K]	uI.chunk_cnt[J]	u1.u2.state[4]$_SDFFE_PP0P_/Q	u2.chunk_cnt[3]$_DFFE_PP_/D
77	0.2888	uI.dma_busy_r	uI.chunk_J	u1.dma_busy_r$_DFF_P_/Q	u2.chunk_0$_DFF_P_/D
78	0.2889	uI.uJ.slv_adr[K]	uI.uJ.ch_amK_r[L]	u3.u1.slv_adr[7]$_DFF_P_/Q	u0.u15.ch_am0_r[16]$_SDFFE_PP1P_/D
79	0.2908	uI.uJ.pri_outK[L]	uI.uJ.ch_eol	u1.u0.pri_out0[1]$_DFF_P_/Q	u0.u12.ch_eol$_SDFFE_PP0P_/D
80	0.2909	uI.uJ.pri_outK[L]	uI.uJ.ch_adrK_r[L]	u1.u0.pri_out0[1]$_DFF_P_/Q	u0.u1.ch_adr0_r[19]$_DFFE_PP_/D
81	0.2915	uI.uJ.pri_outK[L]	uI.ch_sel_r[J]	u1.u0.pri_out0[1]$_DFF_P_/Q	u1.ch_sel_r[3]$_SDFFE_PP0P_/D
82	0.2938	uI.uJ.state[K]	uI.uJ.ch_done	u1.u2.state[4]$_SDFFE_PP0P_/Q	u0.u12.ch_done$_SDFFE_PP0P_/D
83	0.2946	uI.dma_busy_r	uI.uJ.int_src_r[K]	u1.dma_busy_r$_DFF_P_/Q	u0.u12.int_src_r[2]$_SDFFE_PP0P_/D
84	0.2952	uI.uJ.state[K]	uI.ch_sel_r[J]	u1.u2.state[2]$_SDFFE_PP0P_/Q	u1.ch_sel_r[3]$_SDFFE_PP0P_/D
85	0.2969	uI.uJ.state[K]	uI.uJ.ch_eol	u1.u2.state[4]$_SDFFE_PP0P_/Q	u0.u12.ch_eol$_SDFFE_PP0P_/D
86	0.2970	uI.uJ.state[K]	uI.uJ.ch_adrK_r[L]	u1.u2.state[4]$_SDFFE_PP0P_/Q	u0.u1.ch_adr0_r[19]$_DFFE_PP_/D
87	0.2979	uI.dma_busy_r	uI.chunk_cnt[J]	u1.dma_busy_r$_DFF_P_/Q	u2.chunk_cnt[3]$_DFFE_PP_/D
88	0.2996	uI.uJ.pri_outK[L]	uI.uJ.ptr_valid	u1.u0.pri_out0[1]$_DFF_P_/Q	u0.u13.ptr_valid$_SDFFE_PP0P_/D
89	0.3003	uI.uJ.pri_outK[L]	uI.ack_o[J]	u1.u0.pri_out0[1]$_DFF_P_/Q	u1.ack_o[10]$_DFF_P_/D
90	0.3034	uI.dma_busy_r	uI.uJ.ch_done	u1.dma_busy_r$_DFF_P_/Q	u0.u12.ch_done$_SDFFE_PP0P_/D
91	0.3056	uI.uJ.state[K]	uI.uJ.ptr_valid	u1.u2.state[4]$_SDFFE_PP0P_/Q	u0.u13.ptr_valid$_SDFFE_PP0P_/D
92	0.3063	uI.uJ.state[K]	uI.ack_o[J]	u1.u2.state[4]$_SDFFE_PP0P_/Q	u1.ack_o[10]$_DFF_P_/D
93	0.3064	uI.dma_busy_r	uI.uJ.ch_eol	u1.dma_busy_r$_DFF_P_/Q	u0.u12.ch_eol$_SDFFE_PP0P_/D
94	0.3065	uI.dma_busy_r	uI.uJ.ch_adrK_r[L]	u1.dma_busy_r$_DFF_P_/Q	u0.u1.ch_adr0_r[19]$_DFFE_PP_/D
95	0.3131	uI.dma_busy_r	uI.ch_sel_r[J]	u1.dma_busy_r$_DFF_P_/Q	u1.ch_sel_r[3]$_SDFFE_PP0P_/D
96	0.3138	wbI_ack_i	uI.uJ.mast_stb	wb0_ack_i	u4.u0.mast_stb$_DFF_P_/D
97	0.3147	wbI_addr_i[J]	uI.uJ.pt_sel_r	wb0_addr_i[28]	u3.u1.pt_sel_r$_DFF_P_/D
98	0.3150	uI.uJ.slv_adr[K]	uI.uJ.pointer_r[K]	u3.u1.slv_adr[9]$_DFF_P_/Q	u0.u6.pointer_r[10]$_DFFE_PP_/D
99	0.3152	uI.dma_busy_r	uI.uJ.ptr_valid	u1.dma_busy_r$_DFF_P_/Q	u0.u13.ptr_valid$_SDFFE_PP0P_/D
100	0.3159	uI.dma_busy_r	uI.ack_o[J]	u1.dma_busy_r$_DFF_P_/Q	u1.ack_o[10]$_DFF_P_/D
101	0.3163	uI.state[J]	uI.uJ.ch_adrK_r[L]	u2.state[1]$_DFF_P_/Q	u0.u10.ch_adr0_r[20]$_DFFE_PP_/D
102	0.3182	uI.uJ.pri_outK[L]	uI.read_r	u1.u0.pri_out0[1]$_DFF_P_/Q	u2.read_r$_DFF_P_/D
103	0.3214	uI.uJ.slv_adr[K]	_I_	u3.u1.slv_adr[9]$_DFF_P_/Q	_55890_/D
104	0.3232	uI.uJ.slv_adr[K]	uI.uJ.sw_pointer_r[K]	u3.u1.slv_adr[9]$_DFF_P_/Q	u0.u6.sw_pointer_r[10]$_SDFFE_PP0P_/D
105	0.3243	uI.uJ.state[K]	uI.read_r	u1.u2.state[4]$_SDFFE_PP0P_/Q	u2.read_r$_DFF_P_/D
106	0.3249	uI.state[J]	uI.uJ.ch_tot_sz_r[K]	u2.state[1]$_DFF_P_/Q	u0.u11.ch_tot_sz_r[7]$_DFFE_PP_/D
107	0.3251	uI.ch_sel_r[J]	uI.adrJ_cnt[K]	u1.ch_sel_r[2]$_SDFFE_PP0P_/Q	u2.adr0_cnt[25]$_DFFE_PP_/D
108	0.3270	uI.uJ.pri_outK[L]	uI.uJ.ch_rl	u1.u0.pri_out0[1]$_DFF_P_/Q	u0.u12.ch_rl$_DFF_P_/D
109	0.3273	uI.uJ.pri_outK[L]	uI.uJ.mast_cyc	u1.u0.pri_out0[1]$_DFF_P_/Q	u3.u0.mast_cyc$_DFF_P_/D
110	0.3327	uI.state[J]	uI.uJ.ch_txsz_s[K]	u2.state[1]$_DFF_P_/Q	u0.u15.ch_txsz_s[10]$_DFFE_PP_/D
111	0.3330	uI.uJ.state[K]	uI.uJ.ch_rl	u1.u2.state[4]$_SDFFE_PP0P_/Q	u0.u12.ch_rl$_DFF_P_/D
112	0.3334	uI.uJ.state[K]	uI.uJ.mast_cyc	u1.u2.state[4]$_SDFFE_PP0P_/Q	u3.u0.mast_cyc$_DFF_P_/D
113	0.3338	uI.dma_busy_r	uI.read_r	u1.dma_busy_r$_DFF_P_/Q	u2.read_r$_DFF_P_/D
114	0.3356	uI.uJ.pri_outK[L]	uI.next_ch	u1.u0.pri_out0[1]$_DFF_P_/Q	u2.next_ch$_DFF_P_/D
115	0.3403	uI.ch_sel_r[J]	uI.uJ.pointer_sr[K]	u1.ch_sel_r[4]$_SDFFE_PP0P_/Q	u0.u11.pointer_sr[17]$_DFFE_PP_/D
116	0.3409	uI.state[J]	uI.uJ.ch_adrK_s[L]	u2.state[1]$_DFF_P_/Q	u0.u15.ch_adr0_s[20]$_DFFE_PP_/D
117	0.3416	uI.uJ.state[K]	uI.next_ch	u1.u2.state[4]$_SDFFE_PP0P_/Q	u2.next_ch$_DFF_P_/D
118	0.3423	uI.uJ.pri_outK[L]	uI.uJ.ch_err	u1.u0.pri_out0[1]$_DFF_P_/Q	u0.u1.ch_err$_SDFFE_PP0P_/D
119	0.3426	uI.dma_busy_r	uI.uJ.ch_rl	u1.dma_busy_r$_DFF_P_/Q	u0.u12.ch_rl$_DFF_P_/D
120	0.3429	uI.dma_busy_r	uI.uJ.mast_cyc	u1.dma_busy_r$_DFF_P_/Q	u3.u0.mast_cyc$_DFF_P_/D
121	0.3430	uI.uJ.mast_dout[K]	wbIs_data_o[J]	u3.u0.mast_dout[7]$_DFFE_PP_/Q	wb0s_data_o[7]
122	0.3438	uI.uJ.slv_adr[K]	uI.uJ.ch_txsz_s[K]	u3.u1.slv_adr[3]$_DFF_P_/Q	u0.u13.ch_txsz_s[10]$_DFFE_PP_/D
123	0.3472	wbI_ack_i	uI.chunk_dec	wb0_ack_i	u2.chunk_dec$_DFF_P_/D
124	0.3483	uI.uJ.state[K]	uI.uJ.ch_err	u1.u2.state[4]$_SDFFE_PP0P_/Q	u0.u1.ch_err$_SDFFE_PP0P_/D
125	0.3496	uI.ch_sel_r[J]	uI.tsz_cnt[J]	u1.ch_sel_r[4]$_SDFFE_PP0P_/Q	u2.tsz_cnt[0]$_DFFE_PP_/D
126	0.3497	uI.ch_sel_r[J]	uI.chunk_J	u1.ch_sel_r[2]$_SDFFE_PP0P_/Q	u2.chunk_0$_DFF_P_/D
127	0.3506	uI.ch_sel_r[J]	uI.uJ.ch_csr_r[K]	u1.ch_sel_r[4]$_SDFFE_PP0P_/Q	u0.u12.ch_csr_r[1]$_SDFFE_PP0P_/D
128	0.3512	uI.dma_busy_r	uI.next_ch	u1.dma_busy_r$_DFF_P_/Q	u2.next_ch$_DFF_P_/D
129	0.3521	uI.ch_sel_r[J]	uI.uJ.ch_chk_sz_r[K]	u1.ch_sel_r[4]$_SDFFE_PP0P_/Q	u0.u14.ch_chk_sz_r[0]$_DFFE_PP_/D
130	0.3526	uI.ch_sel_r[J]	uI.uJ.ch_tot_sz_r[K]	u1.ch_sel_r[4]$_SDFFE_PP0P_/Q	u0.u14.ch_tot_sz_r[5]$_DFFE_PP_/D
131	0.3526	uI.ch_sel_r[J]	uI.uJ.mast_stb	u1.ch_sel_r[4]$_SDFFE_PP0P_/Q	u4.u0.mast_stb$_DFF_P_/D
132	0.3534	uI.ch_sel_r[J]	uI.state[J]	u1.ch_sel_r[4]$_SDFFE_PP0P_/Q	u2.state[10]$_DFF_P_/D
133	0.3542	uI.ch_sel_r[J]	uI.uJ.ch_adrK_s[L]	u1.ch_sel_r[4]$_SDFFE_PP0P_/Q	u0.u14.ch_adr1_s[0]$_DFFE_PP_/D
134	0.3546	uI.ch_sel_r[J]	uI.uJ.mast_we_r	u1.ch_sel_r[4]$_SDFFE_PP0P_/Q	u3.u0.mast_we_r$_DFF_P_/D
135	0.3574	uI.ch_sel_r[J]	uI.uJ.ch_txsz_s[K]	u1.ch_sel_r[4]$_SDFFE_PP0P_/Q	u0.u9.ch_txsz_s[10]$_DFFE_PP_/D
136	0.3579	uI.dma_busy_r	uI.uJ.ch_err	u1.dma_busy_r$_DFF_P_/Q	u0.u1.ch_err$_SDFFE_PP0P_/D
137	0.3606	uI.ch_sel_r[J]	uI.uJ.pointer_r[K]	u1.ch_sel_r[4]$_SDFFE_PP0P_/Q	u0.u11.pointer_r[10]$_DFFE_PP_/D
138	0.3616	uI.state[J]	uI.uJ.ch_csr_r[K]	u2.state[1]$_DFF_P_/Q	u0.u3.ch_csr_r[2]$_SDFFE_PP0P_/D
139	0.3637	uI.uJ.slv_adr[K]	uI.uJ.ch_chk_sz_r[K]	u3.u1.slv_adr[6]$_DFF_P_/QN	u0.u10.ch_chk_sz_r[0]$_DFFE_PP_/D
140	0.3643	uI.uJ.slv_adr[K]	uI.uJ.ch_sz_inf	u3.u1.slv_adr[9]$_DFF_P_/Q	u0.u1.ch_sz_inf$_DFFE_PP_/D
141	0.3666	uI.uJ.slv_adr[K]	uI.uJ.ch_tot_sz_r[K]	u3.u1.slv_adr[9]$_DFF_P_/Q	u0.u1.ch_tot_sz_r[6]$_DFFE_PP_/D
142	0.3680	uI.ch_sel_r[J]	uI.chunk_cnt[J]	u1.ch_sel_r[1]$_SDFFE_PP0P_/Q	u2.chunk_cnt[0]$_DFFE_PP_/D
143	0.3729	uI.uJ.pri_outK[L]	uI.write_hold_r	u1.u0.pri_out0[1]$_DFF_P_/Q	u2.write_hold_r$_DFF_P_/D
144	0.3740	uI.ch_sel_r[J]	uI.ch_sel_r[J]	u1.ch_sel_r[1]$_SDFFE_PP0P_/Q	u1.ch_sel_r[3]$_SDFFE_PP0P_/D
145	0.3744	uI.ch_sel_r[J]	uI.uJ.int_src_r[K]	u1.ch_sel_r[4]$_SDFFE_PP0P_/Q	u0.u0.int_src_r[2]$_SDFFE_PP0P_/D
146	0.3749	wbI_ack_i	uI.read_r	wb0_ack_i	u2.read_r$_DFF_P_/D
147	0.3757	rst_i	uI.uJ.ch_amK_r[L]	rst_i	u0.u0.ch_am0_r[27]$_SDFFE_PP1P_/D
148	0.3773	uI.uJ.slv_adr[K]	uI.uJ.ch_adrK_s[L]	u3.u1.slv_adr[4]$_DFF_P_/Q	u0.u1.ch_adr0_s[29]$_DFFE_PP_/D
149	0.3779	uI.uJ.slv_adr[K]	uI.wb_rf_dout[J]	u3.u1.slv_adr[7]$_DFF_P_/QN	u0.wb_rf_dout[0]$_DFFE_PP_/D
150	0.3789	uI.uJ.state[K]	uI.write_hold_r	u1.u2.state[4]$_SDFFE_PP0P_/Q	u2.write_hold_r$_DFF_P_/D
151	0.3810	rst_i	uI.uJ.state[K]	rst_i	u1.u1.state[4]$_SDFFE_PP0P_/D
152	0.3825	rst_i	uI.int_maska_r[J]	rst_i	u0.int_maska_r[0]$_SDFFE_PP0P_/D
153	0.3825	rst_i	uI.int_maskb_r[J]	rst_i	u0.int_maskb_r[0]$_SDFFE_PP0P_/D
154	0.3825	rst_i	uI.uJ.ch_csr_rK[L]	rst_i	u0.u0.ch_csr_r2[0]$_SDFFE_PP0P_/D
155	0.3825	rst_i	uI.uJ.sw_pointer_r[K]	rst_i	u0.u0.sw_pointer_r[0]$_SDFFE_PP0P_/D
156	0.3825	rst_i	uI.uJ.int_src_r[K]	rst_i	u0.u4.int_src_r[1]$_SDFFE_PP0P_/D
157	0.3825	rst_i	uI.uJ.rest_en	rst_i	u0.u4.rest_en$_SDFFE_PP0P_/D
158	0.3832	uI.ch_sel_r[J]	uI.uJ.ch_done	u1.ch_sel_r[4]$_SDFFE_PP0P_/Q	u0.u12.ch_done$_SDFFE_PP0P_/D
159	0.3832	uI.ch_sel_r[J]	uI.uJ.ch_eol	u1.ch_sel_r[1]$_SDFFE_PP0P_/Q	u0.u1.ch_eol$_SDFFE_PP0P_/D
160	0.3833	uI.uJ.ch_csr_r[K]	uI.uJ.state[K]	u0.u8.ch_csr_r[5]$_SDFFE_PP0P_/Q	u1.u2.state[2]$_SDFFE_PP0P_/D
161	0.3834	uI.uJ.pt_sel_r	wbIm_data_o[J]	u3.u1.pt_sel_r$_DFF_P_/Q	wb0m_data_o[10]
162	0.3847	rst_i	uI.uJ.ch_eol	rst_i	u0.u10.ch_eol$_SDFFE_PP0P_/D
163	0.3855	uI.uJ.pri_outK[L]	uI.write_r	u1.u0.pri_out0[1]$_DFF_P_/Q	u2.write_r$_DFF_P_/D
164	0.3864	uI.ch_sel_r[J]	uI.uJ.ch_adrK_r[L]	u1.ch_sel_r[4]$_SDFFE_PP0P_/Q	u0.u1.ch_adr0_r[19]$_DFFE_PP_/D
165	0.3875	uI.uJ.slv_adr[K]	uI.uJ.ch_adrK_r[L]	u3.u1.slv_adr[3]$_DFF_P_/Q	u0.u1.ch_adr1_r[0]$_DFFE_PP_/D
166	0.3885	uI.dma_busy_r	uI.write_hold_r	u1.dma_busy_r$_DFF_P_/Q	u2.write_hold_r$_DFF_P_/D
167	0.3893	uI.uJ.slv_adr[K]	uI.uJ.ch_csr_rK[L]	u3.u1.slv_adr[9]$_DFF_P_/Q	u0.u6.ch_csr_r2[0]$_SDFFE_PP0P_/D
168	0.3915	uI.uJ.state[K]	uI.write_r	u1.u2.state[4]$_SDFFE_PP0P_/Q	u2.write_r$_DFF_P_/D
169	0.3916	wbI_ack_i	uI.uJ.mast_dout[K]	wb0_ack_i	u3.u0.mast_dout[10]$_DFFE_PP_/D
170	0.3921	rst_i	uI.ch_sel_r[J]	rst_i	u1.ch_sel_r[0]$_SDFFE_PP0P_/D
171	0.3921	rst_i	uI.state[J]	rst_i	u2.state[9]$_DFF_P_/D
172	0.3950	uI.ch_sel_r[J]	uI.uJ.ptr_valid	u1.ch_sel_r[4]$_SDFFE_PP0P_/Q	u0.u13.ptr_valid$_SDFFE_PP0P_/D
173	0.3957	uI.ch_sel_r[J]	uI.ack_o[J]	u1.ch_sel_r[4]$_SDFFE_PP0P_/Q	u1.ack_o[10]$_DFF_P_/D
174	0.3969	wbI_ack_i	uI.state[J]	wb0_ack_i	u2.state[10]$_DFF_P_/D
175	0.3978	uI.uJ.slv_adr[K]	uI.uJ.rest_en	u3.u1.slv_adr[7]$_DFF_P_/Q	u0.u15.rest_en$_SDFFE_PP0P_/D
176	0.4000	wbI_ack_i	uI.uJ.mast_cyc	wb1_ack_i	u3.u0.mast_cyc$_DFF_P_/D
177	0.4011	uI.dma_busy_r	uI.write_r	u1.dma_busy_r$_DFF_P_/Q	u2.write_r$_DFF_P_/D
178	0.4026	uI.uJ.ch_csr_r[K]	uI.adrJ_cnt[K]	u0.u15.ch_csr_r[5]$_SDFFE_PP0P_/Q	u2.adr0_cnt[10]$_DFFE_PP_/D
179	0.4033	rst_i	uI.uJ.ch_err	rst_i	u0.u0.ch_err$_SDFFE_PP0P_/D
180	0.4033	rst_i	uI.uJ.ptr_valid	rst_i	u0.u10.ptr_valid$_SDFFE_PP0P_/D
181	0.4061	uI.uJ.ch_csr_r[K]	uI.tsz_cnt[J]	u0.u15.ch_csr_r[5]$_SDFFE_PP0P_/Q	u2.tsz_cnt[1]$_DFFE_PP_/D
182	0.4063	uI.uJ.slv_adr[K]	uI.uJ.ch_stop	u3.u1.slv_adr[7]$_DFF_P_/Q	u0.u15.ch_stop$_DFF_P_/D
183	0.4076	rst_i	uI.uJ.ch_done	rst_i	u0.u11.ch_done$_SDFFE_PP0P_/D
184	0.4079	uI.uJ.ch_csr_r[K]	uI.chunk_cnt[J]	u0.u15.ch_csr_r[5]$_SDFFE_PP0P_/Q	u2.chunk_cnt[0]$_DFFE_PP_/D
185	0.4098	wbI_addr_i[J]	uI.uJ.slv_re	wb0_addr_i[28]	u3.u1.slv_re$_DFF_P_/D
186	0.4103	wbI_ack_i	uI.uJ.mast_we_r	wb1_ack_i	u3.u0.mast_we_r$_DFF_P_/D
187	0.4105	uI.state[J]	uI.uJ.ch_chk_sz_r[K]	u2.state[1]$_DFF_P_/Q	u0.u13.ch_chk_sz_r[0]$_DFFE_PP_/D
188	0.4107	uI.uJ.pt_sel_r	wbI_err_o	u3.u1.pt_sel_r$_DFF_P_/Q	wb0_err_o
189	0.4107	uI.uJ.pt_sel_r	wbI_rty_o	u3.u1.pt_sel_r$_DFF_P_/Q	wb0_rty_o
190	0.4128	uI.state[J]	uI.uJ.ch_eol	u2.state[1]$_DFF_P_/Q	u0.u8.ch_eol$_SDFFE_PP0P_/D
191	0.4135	uI.req_r[J]	uI.uJ.state[K]	u1.req_r[8]$_DFF_P_/Q	u1.u2.state[2]$_SDFFE_PP0P_/D
192	0.4137	uI.ch_sel_r[J]	uI.read_r	u1.ch_sel_r[4]$_SDFFE_PP0P_/Q	u2.read_r$_DFF_P_/D
193	0.4139	uI.uJ.ch_csr_r[K]	uI.ch_sel_r[J]	u0.u15.ch_csr_r[5]$_SDFFE_PP0P_/Q	u1.ch_sel_r[3]$_SDFFE_PP0P_/D
194	0.4144	uI.state[J]	uI.mastJ_adr[K]	u2.state[1]$_DFF_P_/Q	u2.mast0_adr[2]$_DFF_P_/D
195	0.4159	uI.uJ.slv_adr[K]	uI.int_maska_r[J]	u3.u1.slv_adr[3]$_DFF_P_/Q	u0.int_maska_r[0]$_SDFFE_PP0P_/D
196	0.4179	uI.tsz_cnt[J]	wbIs_data_o[J]	u2.tsz_cnt[8]$_DFFE_PP_/Q	wb0s_data_o[8]
197	0.4189	uI.uJ.state[K]	uI.uJ.state[K]	u1.u1.state[1]$_SDFFE_PP0P_/QN	u1.u1.state[0]$_SDFFE_PP0P_/D
198	0.4221	uI.uJ.slv_adr[K]	uI.int_maskb_r[J]	u3.u1.slv_adr[9]$_DFF_P_/Q	u0.int_maskb_r[1]$_SDFFE_PP0P_/D
199	0.4224	uI.ch_sel_r[J]	uI.uJ.ch_rl	u1.ch_sel_r[4]$_SDFFE_PP0P_/Q	u0.u12.ch_rl$_DFF_P_/D
200	0.4228	uI.ch_sel_r[J]	uI.uJ.mast_cyc	u1.ch_sel_r[4]$_SDFFE_PP0P_/Q	u3.u0.mast_cyc$_DFF_P_/D
201	0.4253	uI.ack_o[J]	uI.uJ.state[K]	u1.ack_o[8]$_DFF_P_/QN	u1.u2.state[2]$_SDFFE_PP0P_/D
202	0.4278	uI.req_r[J]	uI.adrJ_cnt[K]	u1.req_r[11]$_DFF_P_/Q	u2.adr0_cnt[10]$_DFFE_PP_/D
203	0.4310	uI.ch_sel_r[J]	uI.next_ch	u1.ch_sel_r[4]$_SDFFE_PP0P_/Q	u2.next_ch$_DFF_P_/D
204	0.4313	uI.req_r[J]	uI.tsz_cnt[J]	u1.req_r[11]$_DFF_P_/Q	u2.tsz_cnt[1]$_DFFE_PP_/D
205	0.4321	uI.tsz_cnt[J]	uI.mastJ_adr[K]	u2.tsz_cnt[1]$_DFFE_PP_/QN	u2.mast0_adr[22]$_DFF_P_/D
206	0.4331	uI.req_r[J]	uI.chunk_cnt[J]	u1.req_r[11]$_DFF_P_/Q	u2.chunk_cnt[0]$_DFFE_PP_/D
207	0.4338	uI.state[J]	uI.uJ.ptr_valid	u2.state[5]$_DFF_P_/Q	u0.u13.ptr_valid$_SDFFE_PP0P_/D
208	0.4377	uI.ch_sel_r[J]	uI.uJ.ch_err	u1.ch_sel_r[4]$_SDFFE_PP0P_/Q	u0.u1.ch_err$_SDFFE_PP0P_/D
209	0.4387	uI.uJ.slv_adr[K]	uI.uJ.int_src_r[K]	u3.u1.slv_adr[9]$_DFF_P_/Q	u0.u6.int_src_r[0]$_SDFFE_PP0P_/D
210	0.4391	uI.req_r[J]	uI.ch_sel_r[J]	u1.req_r[11]$_DFF_P_/Q	u1.ch_sel_r[3]$_SDFFE_PP0P_/D
211	0.4396	uI.ack_o[J]	uI.adrJ_cnt[K]	u1.ack_o[11]$_DFF_P_/QN	u2.adr0_cnt[10]$_DFFE_PP_/D
212	0.4404	uI.uJ.slv_adr[K]	uI.uJ.ch_done	u3.u1.slv_adr[7]$_DFF_P_/Q	u0.u15.ch_done$_SDFFE_PP0P_/D
213	0.4412	wbI_addr_i[J]	uI.uJ.slv_we	wb0_addr_i[28]	u3.u1.slv_we$_DFF_P_/D
214	0.4412	wbI_cyc_i	uI.uJ.pt_sel_r	wb0_cyc_i	u3.u1.pt_sel_r$_DFF_P_/D
215	0.4419	uI.uJ.pri_outK[L]	uI.next_start	u1.u0.pri_out0[1]$_DFF_P_/Q	u1.next_start$_DFF_P_/D
216	0.4431	uI.ack_o[J]	uI.tsz_cnt[J]	u1.ack_o[11]$_DFF_P_/QN	u2.tsz_cnt[1]$_DFFE_PP_/D
217	0.4449	uI.ack_o[J]	uI.chunk_cnt[J]	u1.ack_o[11]$_DFF_P_/QN	u2.chunk_cnt[0]$_DFFE_PP_/D
218	0.4477	uI.ndr_r[J]	uI.mastJ_adr[K]	u1.ndr_r[14]$_DFF_P_/Q	u2.mast0_adr[10]$_DFF_P_/D
219	0.4480	uI.uJ.state[K]	uI.next_start	u1.u2.state[4]$_SDFFE_PP0P_/Q	u1.next_start$_DFF_P_/D
220	0.4509	uI.ack_o[J]	uI.ch_sel_r[J]	u1.ack_o[11]$_DFF_P_/QN	u1.ch_sel_r[3]$_SDFFE_PP0P_/D
221	0.4545	uI.uJ.ch_csr_r[K]	uI.mastJ_adr[K]	u0.u12.ch_csr_r[2]$_SDFFE_PP0P_/Q	u2.mast0_adr[22]$_DFF_P_/D
222	0.4550	uI.state[J]	uI.uJ.ch_done	u2.state[5]$_DFF_P_/Q	u0.u11.ch_done$_SDFFE_PP0P_/D
223	0.4551	uI.uJ.pt_sel_r	wbI_ack_o	u3.u1.pt_sel_r$_DFF_P_/Q	wb0_ack_o
224	0.4575	uI.dma_busy_r	uI.next_start	u1.dma_busy_r$_DFF_P_/Q	u1.next_start$_DFF_P_/D
225	0.4600	wbI_ack_i	uI.write_hold_r	wb1_ack_i	u2.write_hold_r$_DFF_P_/D
226	0.4613	rst_i	uI.csr_r[J]	rst_i	u0.csr_r[0]$_SDFFE_PP0P_/D
227	0.4627	uI.uJ.ch_csr_r[K]	uI.state[J]	u0.u15.ch_csr_r[5]$_SDFFE_PP0P_/Q	u2.state[10]$_DFF_P_/D
228	0.4633	wbI_cyc_i	uI.uJ.slv_re	wb1_cyc_i	u4.u1.slv_re$_DFF_P_/D
229	0.4634	uI.tsz_cnt[J]	uI.uJ.int_src_r[K]	u2.tsz_cnt[1]$_DFFE_PP_/QN	u0.u6.int_src_r[2]$_SDFFE_PP0P_/D
230	0.4669	uI.uJ.ch_csr_rK[L]	uI.uJ.state[K]	u0.u4.ch_csr_r2[0]$_SDFFE_PP0P_/Q	u1.u2.state[2]$_SDFFE_PP0P_/D
231	0.4683	uI.ch_sel_r[J]	uI.write_hold_r	u1.ch_sel_r[4]$_SDFFE_PP0P_/Q	u2.write_hold_r$_DFF_P_/D
232	0.4710	uI.uJ.pri_outK[L]	uI.de_start_r	u1.u0.pri_out0[1]$_DFF_P_/Q	u1.de_start_r$_DFF_P_/D
233	0.4716	wbI_ack_i	uI.write_r	wb1_ack_i	u2.write_r$_DFF_P_/D
234	0.4726	uI.req_r[J]	uI.state[J]	u1.req_r[15]$_DFF_P_/Q	u2.state[10]$_DFF_P_/D
235	0.4765	uI.tsz_cnt[J]	uI.uJ.mast_stb	u2.tsz_cnt[1]$_DFFE_PP_/QN	u4.u0.mast_stb$_DFF_P_/D
236	0.4770	uI.uJ.state[K]	uI.de_start_r	u1.u2.state[4]$_SDFFE_PP0P_/Q	u1.de_start_r$_DFF_P_/D
237	0.4774	uI.state[J]	uI.uJ.int_src_r[K]	u2.state[5]$_DFF_P_/Q	u0.u1.int_src_r[1]$_SDFFE_PP0P_/D
238	0.4809	uI.ch_sel_r[J]	uI.write_r	u1.ch_sel_r[4]$_SDFFE_PP0P_/Q	u2.write_r$_DFF_P_/D
239	0.4814	uI.tsz_cnt[J]	uI.ack_o[J]	u2.tsz_cnt[1]$_DFFE_PP_/QN	u1.ack_o[14]$_DFF_P_/D
240	0.4866	uI.dma_busy_r	uI.de_start_r	u1.dma_busy_r$_DFF_P_/Q	u1.de_start_r$_DFF_P_/D
241	0.4893	uI.mastJ_drdy_r	uI.uJ.ch_txsz_s[K]	u2.mast0_drdy_r$_DFF_P_/Q	u0.u0.ch_txsz_s[1]$_DFFE_PP_/D
242	0.4903	uI.uJ.slv_adr[K]	uI.uJ.ch_err	u3.u1.slv_adr[3]$_DFF_P_/Q	u0.u1.ch_err$_SDFFE_PP0P_/D
243	0.4921	uI.ack_o[J]	uI.state[J]	u1.ack_o[15]$_DFF_P_/QN	u2.state[10]$_DFF_P_/D
244	0.4936	uI.uJ.pri_outK[L]	uI.tsz_cnt_is_J_r	u1.u0.pri_out0[1]$_DFF_P_/Q	u2.tsz_cnt_is_0_r$_DFF_P_/D
245	0.4948	wbI_cyc_i	uI.uJ.slv_we	wb1_cyc_i	u4.u1.slv_we$_DFF_P_/D
246	0.4966	uI.state[J]	uI.uJ.mast_stb	u2.state[1]$_DFF_P_/Q	u4.u0.mast_stb$_DFF_P_/D
247	0.4977	uI.uJ.ch_sz_inf	uI.mastJ_adr[K]	u0.u13.ch_sz_inf$_DFFE_PP_/Q	u2.mast0_adr[11]$_DFF_P_/D
248	0.4989	uI.uJ.ch_csr_r[K]	uI.uJ.mast_stb	u0.u12.ch_csr_r[2]$_SDFFE_PP0P_/Q	u4.u0.mast_stb$_DFF_P_/D
249	0.4990	uI.state[J]	uI.uJ.ch_rl	u2.state[5]$_DFF_P_/Q	u0.u1.ch_rl$_DFF_P_/D
250	0.4996	uI.uJ.state[K]	uI.tsz_cnt_is_J_r	u1.u2.state[4]$_SDFFE_PP0P_/Q	u2.tsz_cnt_is_0_r$_DFF_P_/D
251	0.5022	wbI_err_i	uI.dma_abort_r	wb1_err_i	u2.dma_abort_r$_DFF_P_/D
252	0.5027	wbI_stb_i	uI.uJ.slv_re	wb0_stb_i	u3.u1.slv_re$_DFF_P_/D
253	0.5072	uI.mastJ_drdy_r	uI.uJ.ch_chk_sz_r[K]	u2.mast0_drdy_r$_DFF_P_/Q	u0.u0.ch_chk_sz_r[0]$_DFFE_PP_/D
254	0.5092	uI.dma_busy_r	uI.tsz_cnt_is_J_r	u1.dma_busy_r$_DFF_P_/Q	u2.tsz_cnt_is_0_r$_DFF_P_/D
255	0.5100	uI.tsz_cnt[J]	uI.chunk_dec	u2.tsz_cnt[1]$_DFFE_PP_/QN	u2.chunk_dec$_DFF_P_/D
256	0.5109	_I_	wbIm_data_o[J]	_55896_/Q	wb0m_data_o[10]
257	0.5111	uI.wb_rf_dout[J]	wbIm_data_o[J]	u0.wb_rf_dout[0]$_DFFE_PP_/Q	wb0m_data_o[0]
258	0.5142	uI.mastJ_adr[K]	wbI_addr_o[J]	u2.mast0_adr[30]$_DFF_P_/Q	wb0_addr_o[30]
259	0.5145	uI.uJ.rf_ack	wbI_ack_o	u3.u1.rf_ack$_DFF_P_/Q	wb0_ack_o
260	0.5145	uI.uJ.mast_stb	wbI_stb_o	u3.u0.mast_stb$_DFF_P_/Q	wb0_stb_o
261	0.5145	uI.uJ.mast_we_r	wbI_we_o	u3.u0.mast_we_r$_DFF_P_/Q	wb0_we_o
262	0.5154	uI.uJ.slv_we	uI.uJ.sw_pointer_r[K]	u3.u1.slv_we$_DFF_P_/Q	u0.u1.sw_pointer_r[7]$_SDFFE_PP0P_/D
263	0.5195	dma_rest_i[I]	uI.uJ.ptr_valid	dma_rest_i[4]	u0.u4.ptr_valid$_SDFFE_PP0P_/D
264	0.5200	uI.state[J]	uI.chunk_dec	u2.state[1]$_DFF_P_/Q	u2.chunk_dec$_DFF_P_/D
265	0.5207	wbI_cyc_i	uI.uJ.rf_ack	wb1_cyc_i	u4.u1.rf_ack$_DFF_P_/D
266	0.5269	uI.tsz_cnt[J]	uI.next_ch	u2.tsz_cnt[1]$_DFFE_PP_/QN	u2.next_ch$_DFF_P_/D
267	0.5276	uI.uJ.mast_cyc	wbI_cyc_o	u3.u0.mast_cyc$_DFF_P_/Q	wb0_cyc_o
268	0.5280	uI.state[J]	uI.uJ.pointer_sr[K]	u2.state[3]$_DFF_P_/Q	u0.u13.pointer_sr[10]$_DFFE_PP_/D
269	0.5301	uI.tsz_cnt[J]	uI.uJ.mast_cyc	u2.tsz_cnt[1]$_DFFE_PP_/QN	u3.u0.mast_cyc$_DFF_P_/D
270	0.5302	uI.uJ.slv_we	uI.uJ.ch_chk_sz_r[K]	u3.u1.slv_we$_DFF_P_/Q	u0.u13.ch_chk_sz_r[4]$_DFFE_PP_/D
271	0.5304	uI.mastJ_drdy_r	uI.uJ.ch_tot_sz_r[K]	u2.mast0_drdy_r$_DFF_P_/Q	u0.u10.ch_tot_sz_r[5]$_DFFE_PP_/D
272	0.5324	uI.uJ.ch_csr_r[K]	uI.chunk_dec	u0.u12.ch_csr_r[2]$_SDFFE_PP0P_/Q	u2.chunk_dec$_DFF_P_/D
273	0.5341	wbI_stb_i	uI.uJ.slv_we	wb0_stb_i	u3.u1.slv_we$_DFF_P_/D
274	0.5344	uI.ndr_r[J]	uI.uJ.mast_we_r	u1.ndr_r[14]$_DFF_P_/Q	u3.u0.mast_we_r$_DFF_P_/D
275	0.5369	uI.uJ.slv_we	uI.uJ.ch_tot_sz_r[K]	u3.u1.slv_we$_DFF_P_/Q	u0.u2.ch_tot_sz_r[4]$_DFFE_PP_/D
276	0.5373	uI.ch_sel_r[J]	uI.next_start	u1.ch_sel_r[4]$_SDFFE_PP0P_/Q	u1.next_start$_DFF_P_/D
277	0.5376	uI.tsz_cnt[J]	uI.read_r	u2.tsz_cnt[1]$_DFFE_PP_/QN	u2.read_r$_DFF_P_/D
278	0.5383	uI.uJ.slv_we	uI.uJ.pointer_r[K]	u3.u1.slv_we$_DFF_P_/Q	u0.u0.pointer_r[10]$_DFFE_PP_/D
279	0.5393	uI.uJ.slv_we	uI.uJ.ch_sz_inf	u3.u1.slv_we$_DFF_P_/Q	u0.u1.ch_sz_inf$_DFFE_PP_/D
280	0.5410	uI.tsz_cnt[J]	uI.tsz_cnt[J]	u2.tsz_cnt[1]$_DFFE_PP_/Q	u2.tsz_cnt[11]$_DFFE_PP_/D
281	0.5426	uI.state[J]	uI.uJ.mast_we_r	u2.state[5]$_DFF_P_/Q	u3.u0.mast_we_r$_DFF_P_/D
282	0.5429	wbI_stb_i	uI.uJ.rf_ack	wb0_stb_i	u3.u1.rf_ack$_DFF_P_/D
283	0.5443	uI.uJ.slv_we	uI.uJ.ch_txsz_s[K]	u3.u1.slv_we$_DFF_P_/Q	u0.u9.ch_txsz_s[10]$_DFFE_PP_/D
284	0.5457	uI.uJ.int_src_r[K]	_I_	u0.u13.int_src_r[1]$_SDFFE_PP0P_/Q	_55899_/D
285	0.5490	uI.state[J]	uI.read_r	u2.state[1]$_DFF_P_/Q	u2.read_r$_DFF_P_/D
286	0.5501	wbIs_data_i[J]	uI.uJ.mast_dout[K]	wb0s_data_i[10]	u3.u0.mast_dout[10]$_DFFE_PP_/D
287	0.5502	uI.uJ.slv_we	uI.uJ.ch_csr_rK[L]	u3.u1.slv_we$_DFF_P_/Q	u0.u10.ch_csr_r2[0]$_SDFFE_PP0P_/D
288	0.5502	uI.uJ.slv_we	uI.uJ.rest_en	u3.u1.slv_we$_DFF_P_/Q	u0.u10.rest_en$_SDFFE_PP0P_/D
289	0.5505	uI.uJ.ch_csr_rK[L]	_I_	u0.u13.ch_csr_r3[1]$_SDFFE_PP0P_/Q	_55899_/D
290	0.5508	uI.chunk_cnt[J]	uI.mastJ_adr[K]	u2.chunk_cnt[8]$_DFFE_PP_/Q	u2.mast0_adr[22]$_DFF_P_/D
291	0.5540	uI.uJ.ch_sz_inf	uI.uJ.int_src_r[K]	u0.u5.ch_sz_inf$_DFFE_PP_/Q	u0.u6.int_src_r[2]$_SDFFE_PP0P_/D
292	0.5544	uI.ndr_r[J]	uI.uJ.ch_csr_r[K]	u1.ndr_r[8]$_DFF_P_/Q	u0.u14.ch_csr_r[0]$_SDFFE_PP0P_/D
293	0.5555	uI.ndr_r[J]	uI.uJ.ch_eol	u1.ndr_r[8]$_DFF_P_/Q	u0.u1.ch_eol$_SDFFE_PP0P_/D
294	0.5557	uI.uJ.pri_outK[L]	uI.uJ.ch_busy	u1.u0.pri_out0[1]$_DFF_P_/Q	u0.u11.ch_busy$_DFF_P_/D
295	0.5583	uI.chunk_cnt[J]	uI.uJ.ptr_valid	u2.chunk_cnt[8]$_DFFE_PP_/Q	u0.u13.ptr_valid$_SDFFE_PP0P_/D
296	0.5588	uI.uJ.slv_we	uI.uJ.ch_stop	u3.u1.slv_we$_DFF_P_/Q	u0.u10.ch_stop$_DFF_P_/D
297	0.5596	uI.uJ.slv_adr[K]	uI.csr_r[J]	u3.u1.slv_adr[5]$_DFF_P_/Q	u0.csr_r[0]$_SDFFE_PP0P_/D
298	0.5596	uI.tsz_cnt[J]	uI.state[J]	u2.tsz_cnt[1]$_DFFE_PP_/QN	u2.state[10]$_DFF_P_/D
299	0.5600	uI.uJ.ch_csr_r[K]	uI.read_r	u0.u12.ch_csr_r[2]$_SDFFE_PP0P_/Q	u2.read_r$_DFF_P_/D
300	0.5614	uI.ack_o[J]	dma_ack_o[I]	u1.ack_o[0]$_DFF_P_/Q	dma_ack_o[0]
301	0.5614	uI.inta_o	inta_o	u0.inta_o$_DFF_P_/Q	inta_o
302	0.5614	uI.intb_o	intb_o	u0.intb_o$_DFF_P_/Q	intb_o
303	0.5618	uI.uJ.state[K]	uI.uJ.ch_busy	u1.u2.state[4]$_SDFFE_PP0P_/Q	u0.u11.ch_busy$_DFF_P_/D
304	0.5642	uI.state[J]	uI.ack_o[J]	u2.state[5]$_DFF_P_/Q	u1.ack_o[14]$_DFF_P_/D
305	0.5646	uI.state[J]	uI.uJ.mast_cyc	u2.state[1]$_DFF_P_/Q	u4.u0.mast_cyc$_DFF_P_/D
306	0.5646	wbI_we_i	uI.uJ.slv_re	wb0_we_i	u3.u1.slv_re$_DFF_P_/D
307	0.5656	uI.mastJ_drdy_r	uI.uJ.ch_adrK_s[L]	u2.mast0_drdy_r$_DFF_P_/Q	u0.u15.ch_adr0_s[0]$_DFFE_PP_/D
308	0.5658	uI.ndr_r[J]	uI.state[J]	u1.ndr_r[14]$_DFF_P_/Q	u2.state[0]$_DFF_P_/D
309	0.5664	uI.ch_sel_r[J]	uI.de_start_r	u1.ch_sel_r[4]$_SDFFE_PP0P_/Q	u1.de_start_r$_DFF_P_/D
310	0.5670	uI.uJ.slv_we	uI.uJ.ch_amK_r[L]	u3.u1.slv_we$_DFF_P_/Q	u0.u7.ch_am1_r[10]$_SDFFE_PP1P_/D
311	0.5671	uI.uJ.ch_sz_inf	uI.uJ.mast_stb	u0.u13.ch_sz_inf$_DFFE_PP_/Q	u4.u0.mast_stb$_DFF_P_/D
312	0.5687	uI.tsz_cnt[J]	uI.write_hold_r	u2.tsz_cnt[1]$_DFFE_PP_/QN	u2.write_hold_r$_DFF_P_/D
313	0.5713	uI.dma_busy_r	uI.uJ.ch_busy	u1.dma_busy_r$_DFF_P_/Q	u0.u11.ch_busy$_DFF_P_/D
314	0.5720	uI.uJ.ch_sz_inf	uI.ack_o[J]	u0.u5.ch_sz_inf$_DFFE_PP_/Q	u1.ack_o[14]$_DFF_P_/D
315	0.5721	uI.uJ.slv_we	uI.uJ.ch_adrK_s[L]	u3.u1.slv_we$_DFF_P_/Q	u0.u1.ch_adr0_s[29]$_DFFE_PP_/D
316	0.5753	dma_rest_i[I]	uI.uJ.ch_rl	dma_rest_i[1]	u0.u1.ch_rl$_DFF_P_/D
317	0.5757	uI.ndr_r[J]	uI.uJ.ch_done	u1.ndr_r[8]$_DFF_P_/Q	u0.u1.ch_done$_SDFFE_PP0P_/D
318	0.5760	wbI_we_i	uI.uJ.slv_we	wb0_we_i	u3.u1.slv_we$_DFF_P_/D
319	0.5770	uI.ndr_r[J]	uI.uJ.mast_stb	u1.ndr_r[10]$_DFF_P_/Q	u3.u0.mast_stb$_DFF_P_/D
320	0.5786	uI.ndr_r[J]	uI.uJ.ptr_valid	u1.ndr_r[14]$_DFF_P_/Q	u0.u13.ptr_valid$_SDFFE_PP0P_/D
321	0.5788	uI.uJ.ch_csr_r[K]	uI.uJ.mast_cyc	u0.u9.ch_csr_r[1]$_SDFFE_PP0P_/Q	u3.u0.mast_cyc$_DFF_P_/D
322	0.5788	dma_nd_i[I]	uI.ndr_r[J]	dma_nd_i[0]	u1.ndr_r[0]$_DFF_P_/D
323	0.5796	uI.chunk_cnt[J]	uI.uJ.ch_done	u2.chunk_cnt[8]$_DFFE_PP_/Q	u0.u11.ch_done$_SDFFE_PP0P_/D
324	0.5810	dma_req_i[I]	uI.req_r[J]	dma_req_i[0]	u1.req_r[0]$_DFF_P_/D
325	0.5810	dma_req_i[I]	uI.ndr_r[J]	dma_req_i[0]	u1.ndr_r[0]$_DFF_P_/D
326	0.5821	uI.chunk_cnt[J]	uI.uJ.int_src_r[K]	u2.chunk_cnt[8]$_DFFE_PP_/Q	u0.u6.int_src_r[2]$_SDFFE_PP0P_/D
327	0.5825	uI.chunk_cnt[J]	uI.uJ.ch_eol	u2.chunk_cnt[8]$_DFFE_PP_/Q	u0.u1.ch_eol$_SDFFE_PP0P_/D
328	0.5826	uI.chunk_cnt[J]	uI.uJ.ch_csr_r[K]	u2.chunk_cnt[8]$_DFFE_PP_/Q	u0.u11.ch_csr_r[0]$_SDFFE_PP0P_/D
329	0.5832	uI.uJ.ch_csr_r[K]	uI.uJ.pri_outK[L]	u0.u8.ch_csr_r[5]$_SDFFE_PP0P_/Q	u1.u0.pri_out0[1]$_DFF_P_/D
330	0.5834	dma_nd_i[I]	uI.ndnr[J]	dma_nd_i[0]	u1.ndnr[0]$_DFF_P_/D
331	0.5837	uI.ndr_r[J]	uI.uJ.int_src_r[K]	u1.ndr_r[8]$_DFF_P_/Q	u0.u8.int_src_r[1]$_SDFFE_PP0P_/D
332	0.5843	uI.uJ.ch_csr_r[K]	uI.uJ.mast_we_r	u0.u12.ch_csr_r[2]$_SDFFE_PP0P_/Q	u3.u0.mast_we_r$_DFF_P_/D
333	0.5890	uI.ch_sel_r[J]	uI.tsz_cnt_is_J_r	u1.ch_sel_r[4]$_SDFFE_PP0P_/Q	u2.tsz_cnt_is_0_r$_DFF_P_/D
334	0.5892	uI.adrJ_cnt[K]	uI.adrJ_cnt[K]	u2.adr0_cnt[16]$_DFFE_PP_/Q	u2.adr0_cnt[29]$_DFFE_PP_/D
335	0.5905	uI.uJ.ch_sz_inf	uI.chunk_dec	u0.u13.ch_sz_inf$_DFFE_PP_/Q	u2.chunk_dec$_DFF_P_/D
336	0.5924	uI.uJ.slv_we	uI.uJ.ch_done	u3.u1.slv_we$_DFF_P_/Q	u0.u3.ch_done$_SDFFE_PP0P_/D
337	0.5926	uI.uJ.ch_csr_r[K]	uI.wb_rf_dout[J]	u0.u15.ch_csr_r[0]$_SDFFE_PP0P_/Q	u0.wb_rf_dout[0]$_DFFE_PP_/D
338	0.5927	dma_req_i[I]	uI.ndnr[J]	dma_req_i[0]	u1.ndnr[0]$_DFF_P_/D
339	0.5952	uI.chunk_cnt[J]	uI.uJ.mast_stb	u2.chunk_cnt[8]$_DFFE_PP_/Q	u4.u0.mast_stb$_DFF_P_/D
340	0.5959	uI.uJ.ch_amK_r[L]	_I_	u0.u9.ch_am0_r[18]$_SDFFE_PP1P_/Q	_55908_/D
341	0.5994	uI.uJ.pointer_r[K]	_I_	u0.u10.pointer_r[5]$_DFFE_PP_/Q	_55895_/D
342	0.6001	uI.chunk_cnt[J]	uI.ack_o[J]	u2.chunk_cnt[8]$_DFFE_PP_/Q	u1.ack_o[14]$_DFF_P_/D
343	0.6002	uI.uJ.rest_en	_I_	u0.u1.rest_en$_SDFFE_PP0P_/Q	_55902_/D
344	0.6025	uI.uJ.out_r[K]	uI.adrJ_cnt[K]	u2.u0.out_r[16]$_DFF_P_/Q	u2.adr0_cnt[29]$_DFFE_PP_/D
345	0.6037	uI.ndr_r[J]	uI.uJ.mast_cyc	u1.ndr_r[10]$_DFF_P_/Q	u3.u0.mast_cyc$_DFF_P_/D
346	0.6047	uI.uJ.slv_we	uI.int_maskb_r[J]	u3.u1.slv_we$_DFF_P_/Q	u0.int_maskb_r[1]$_SDFFE_PP0P_/D
347	0.6050	uI.uJ.ch_chk_sz_r[K]	_I_	u0.u6.ch_chk_sz_r[6]$_DFFE_PP_/Q	_55908_/D
348	0.6062	wbI_ack_i	uI.mastJ_drdy_r	wb0_ack_i	u2.mast0_drdy_r$_DFF_P_/D
349	0.6062	wbI_addr_i[J]	uI.uJ.slv_adr[K]	wb0_addr_i[2]	u3.u1.slv_adr[2]$_DFF_P_/D
350	0.6062	wbIm_data_i[J]	uI.uJ.slv_dout[K]	wb0m_data_i[0]	u3.u1.slv_dout[0]$_DFF_P_/D
351	0.6081	uI.uJ.sw_pointer_r[K]	_I_	u0.u10.sw_pointer_r[8]$_SDFFE_PP0P_/Q	_55896_/D
352	0.6081	uI.mastJ_drdy_r	uI.uJ.ch_adrK_r[L]	u2.mast0_drdy_r$_DFF_P_/Q	u0.u13.ch_adr1_r[0]$_DFFE_PP_/D
353	0.6083	uI.uJ.ch_csr_r[K]	uI.next_start	u0.u15.ch_csr_r[5]$_SDFFE_PP0P_/Q	u1.next_start$_DFF_P_/D
354	0.6097	uI.state[J]	uI.next_ch	u2.state[5]$_DFF_P_/Q	u2.next_ch$_DFF_P_/D
355	0.6105	uI.state[J]	uI.uJ.pointer_r[K]	u2.state[3]$_DFF_P_/Q	u0.u5.pointer_r[16]$_DFFE_PP_/D
356	0.6112	uI.uJ.slv_we	uI.uJ.ch_adrK_r[L]	u3.u1.slv_we$_DFF_P_/Q	u0.u5.ch_adr1_r[0]$_DFFE_PP_/D
357	0.6118	uI.uJ.ch_adrK_r[L]	_I_	u0.u7.ch_adr1_r[13]$_DFFE_PP_/Q	_55901_/D
358	0.6118	uI.uJ.ch_tot_sz_r[K]	_I_	u0.u13.ch_tot_sz_r[9]$_DFFE_PP_/Q	_55895_/D
359	0.6129	uI.uJ.int_src_r[K]	uI.state[J]	u0.u9.int_src_r[0]$_SDFFE_PP0P_/Q	u2.state[10]$_DFF_P_/D
360	0.6133	uI.int_maska_r[J]	_I_	u0.int_maska_r[13]$_SDFFE_PP0P_/Q	_55899_/D
361	0.6134	uI.req_r[J]	uI.uJ.pri_outK[L]	u1.req_r[8]$_DFF_P_/Q	u1.u0.pri_out0[1]$_DFF_P_/D
362	0.6139	uI.uJ.mast_dout[K]	uI.uJ.ch_txsz_s[K]	u3.u0.mast_dout[6]$_DFFE_PP_/Q	u0.u10.ch_txsz_s[6]$_DFFE_PP_/D
363	0.6147	uI.state[J]	uI.write_r	u2.state[1]$_DFF_P_/Q	u2.write_r$_DFF_P_/D
364	0.6175	uI.uJ.ch_sz_inf	uI.next_ch	u0.u5.ch_sz_inf$_DFFE_PP_/Q	u2.next_ch$_DFF_P_/D
365	0.6180	uI.uJ.slv_we	uI.int_maska_r[J]	u3.u1.slv_we$_DFF_P_/Q	u0.int_maska_r[10]$_SDFFE_PP0P_/D
366	0.6186	uI.uJ.mast_dout[K]	uI.uJ.ch_tot_sz_r[K]	u3.u0.mast_dout[6]$_DFFE_PP_/Q	u0.u14.ch_tot_sz_r[6]$_DFFE_PP_/D
367	0.6195	uI.uJ.ch_sz_inf	uI.read_r	u0.u13.ch_sz_inf$_DFFE_PP_/Q	u2.read_r$_DFF_P_/D
368	0.6203	uI.uJ.ptr_valid	uI.wb_rf_dout[J]	u0.u5.ptr_valid$_SDFFE_PP0P_/Q	u0.wb_rf_dout[0]$_DFFE_PP_/D
369	0.6203	uI.chunk_cnt[J]	uI.chunk_cnt[J]	u2.chunk_cnt[1]$_DFFE_PP_/QN	u2.chunk_cnt[8]$_DFFE_PP_/D
370	0.6207	uI.uJ.ch_sz_inf	uI.uJ.mast_cyc	u0.u5.ch_sz_inf$_DFFE_PP_/Q	u3.u0.mast_cyc$_DFF_P_/D
371	0.6210	uI.uJ.ch_amK_r[L]	uI.adrJ_cnt[K]	u0.u4.ch_am0_r[23]$_SDFFE_PP1P_/Q	u2.adr0_cnt[25]$_DFFE_PP_/D
372	0.6226	uI.ndr_r[J]	uI.uJ.ch_rl	u1.ndr_r[8]$_DFF_P_/Q	u0.u1.ch_rl$_DFF_P_/D
373	0.6236	uI.chunk_cnt[J]	uI.uJ.ch_rl	u2.chunk_cnt[8]$_DFFE_PP_/Q	u0.u1.ch_rl$_DFF_P_/D
374	0.6251	uI.uJ.slv_we	uI.csr_r[J]	u3.u1.slv_we$_DFF_P_/Q	u0.csr_r[0]$_SDFFE_PP0P_/D
375	0.6252	uI.ack_o[J]	uI.uJ.pri_outK[L]	u1.ack_o[8]$_DFF_P_/QN	u1.u0.pri_out0[1]$_DFF_P_/D
376	0.6264	uI.uJ.ch_csr_rK[L]	uI.wb_rf_dout[J]	u0.u0.ch_csr_r3[0]$_SDFFE_PP0P_/Q	u0.wb_rf_dout[0]$_DFFE_PP_/D
377	0.6273	uI.state[J]	uI.uJ.ch_busy	u2.state[5]$_DFF_P_/Q	u0.u1.ch_busy$_DFF_P_/D
378	0.6286	uI.uJ.ch_err	uI.wb_rf_dout[J]	u0.u0.ch_err$_SDFFE_PP0P_/Q	u0.wb_rf_dout[0]$_DFFE_PP_/D
379	0.6287	uI.chunk_cnt[J]	uI.chunk_dec	u2.chunk_cnt[8]$_DFFE_PP_/Q	u2.chunk_dec$_DFF_P_/D
380	0.6300	uI.uJ.ch_csr_r[K]	uI.write_r	u0.u12.ch_csr_r[2]$_SDFFE_PP0P_/Q	u2.write_r$_DFF_P_/D
381	0.6320	uI.uJ.ch_rl	uI.uJ.ch_adrK_r[L]	u0.u7.ch_rl$_DFF_P_/Q	u0.u7.ch_adr0_r[0]$_DFFE_PP_/D
382	0.6328	uI.state[J]	uI.dma_busy_r	u2.state[5]$_DFF_P_/Q	u1.dma_busy_r$_DFF_P_/D
383	0.6335	uI.req_r[J]	uI.next_start	u1.req_r[11]$_DFF_P_/Q	u1.next_start$_DFF_P_/D
384	0.6346	uI.state[J]	uI.write_hold_r	u2.state[1]$_DFF_P_/Q	u2.write_hold_r$_DFF_P_/D
385	0.6354	uI.mastJ_drdy_r	uI.uJ.ch_csr_r[K]	u2.mast0_drdy_r$_DFF_P_/Q	u0.u3.ch_csr_r[2]$_SDFFE_PP0P_/D
386	0.6361	uI.uJ.ch_csr_r[K]	uI.de_start_r	u0.u15.ch_csr_r[5]$_SDFFE_PP0P_/Q	u1.de_start_r$_DFF_P_/D
387	0.6379	uI.uJ.ch_chk_sz_r[K]	uI.chunk_J	u0.u8.ch_chk_sz_r[8]$_DFFE_PP_/Q	u2.chunk_0$_DFF_P_/D
388	0.6388	uI.uJ.ch_csr_r[K]	uI.write_hold_r	u0.u9.ch_csr_r[1]$_SDFFE_PP0P_/Q	u2.write_hold_r$_DFF_P_/D
389	0.6410	uI.uJ.int_src_r[K]	uI.wb_rf_dout[J]	u0.u0.int_src_r[1]$_SDFFE_PP0P_/Q	u0.wb_rf_dout[0]$_DFFE_PP_/D
390	0.6421	uI.adrJ_cnt[K]	uI.uJ.out_r[K]	u2.adr1_cnt[2]$_DFFE_PP_/Q	u2.u1.out_r[14]$_DFF_P_/D
391	0.6433	uI.uJ.ch_err	_I_	u0.u1.ch_err$_SDFFE_PP0P_/Q	_55887_/D
392	0.6438	uI.tsz_cnt[J]	uI.uJ.ch_tot_sz_r[K]	u2.tsz_cnt[8]$_DFFE_PP_/Q	u0.u14.ch_tot_sz_r[8]$_DFFE_PP_/D
393	0.6453	uI.ack_o[J]	uI.next_start	u1.ack_o[11]$_DFF_P_/QN	u1.next_start$_DFF_P_/D
394	0.6456	uI.chunk_cnt[J]	uI.next_ch	u2.chunk_cnt[8]$_DFFE_PP_/Q	u2.next_ch$_DFF_P_/D
395	0.6471	uI.uJ.ch_sz_inf	uI.state[J]	u0.u13.ch_sz_inf$_DFFE_PP_/Q	u2.state[10]$_DFF_P_/D
396	0.6484	uI.int_maskb_r[J]	_I_	u0.int_maskb_r[16]$_SDFFE_PP0P_/Q	_55902_/D
397	0.6486	uI.uJ.ch_busy	_I_	u0.u3.ch_busy$_DFF_P_/Q	_55896_/D
398	0.6488	uI.chunk_cnt[J]	uI.uJ.mast_cyc	u2.chunk_cnt[8]$_DFFE_PP_/Q	u3.u0.mast_cyc$_DFF_P_/D
399	0.6501	uI.state[J]	uI.adrJ_cnt[K]	u2.state[3]$_DFF_P_/Q	u2.adr0_cnt[19]$_DFFE_PP_/D
400	0.6501	uI.state[J]	uI.tsz_cnt[J]	u2.state[3]$_DFF_P_/Q	u2.tsz_cnt[1]$_DFFE_PP_/D
401	0.6511	uI.chunk_J	uI.mastJ_adr[K]	u2.chunk_0$_DFF_P_/Q	u2.mast0_adr[11]$_DFF_P_/D
402	0.6511	uI.ch_sel_r[J]	uI.uJ.ch_busy	u1.ch_sel_r[4]$_SDFFE_PP0P_/Q	u0.u11.ch_busy$_DFF_P_/D
403	0.6513	uI.uJ.ch_sz_inf	_I_	u0.u0.ch_sz_inf$_DFFE_PP_/Q	_55901_/D
404	0.6521	uI.uJ.mast_dout[K]	uI.uJ.ch_adrK_s[L]	u3.u0.mast_dout[6]$_DFFE_PP_/Q	u0.u4.ch_adr1_s[4]$_DFFE_PP_/D
405	0.6549	uI.dma_abort_r	uI.mastJ_adr[K]	u2.dma_abort_r$_DFF_P_/Q	u2.mast0_adr[11]$_DFF_P_/D
406	0.6563	uI.chunk_cnt[J]	uI.read_r	u2.chunk_cnt[8]$_DFFE_PP_/Q	u2.read_r$_DFF_P_/D
407	0.6593	uI.uJ.ch_sz_inf	uI.write_hold_r	u0.u5.ch_sz_inf$_DFFE_PP_/Q	u2.write_hold_r$_DFF_P_/D
408	0.6613	uI.req_r[J]	uI.de_start_r	u1.req_r[11]$_DFF_P_/Q	u1.de_start_r$_DFF_P_/D
409	0.6613	uI.uJ.ch_tot_sz_r[K]	uI.wb_rf_dout[J]	u0.u14.ch_tot_sz_r[0]$_DFFE_PP_/Q	u0.wb_rf_dout[0]$_DFFE_PP_/D
410	0.6616	uI.uJ.pointer_r[K]	uI.mastJ_adr[K]	u0.u4.pointer_r[15]$_DFFE_PP_/Q	u2.mast0_adr[19]$_DFF_P_/D
411	0.6657	uI.uJ.ch_csr_rK[L]	uI.uJ.pri_outK[L]	u0.u15.ch_csr_r2[0]$_SDFFE_PP0P_/Q	u1.u0.pri_out0[1]$_DFF_P_/D
412	0.6662	uI.uJ.pointer_sr[K]	uI.mastJ_adr[K]	u0.u13.pointer_sr[17]$_DFFE_PP_/Q	u2.mast0_adr[21]$_DFF_P_/D
413	0.6702	uI.uJ.ch_err	uI.state[J]	u0.u1.ch_err$_SDFFE_PP0P_/Q	u2.state[10]$_DFF_P_/D
414	0.6715	uI.uJ.mast_dout[K]	uI.uJ.ch_adrK_r[L]	u3.u0.mast_dout[6]$_DFFE_PP_/Q	u0.u1.ch_adr1_r[4]$_DFFE_PP_/D
415	0.6731	uI.ack_o[J]	uI.de_start_r	u1.ack_o[11]$_DFF_P_/QN	u1.de_start_r$_DFF_P_/D
416	0.6768	uI.uJ.ch_done	_I_	u0.u3.ch_done$_SDFFE_PP0P_/Q	_55897_/D
417	0.6783	uI.chunk_cnt[J]	uI.state[J]	u2.chunk_cnt[8]$_DFFE_PP_/Q	u2.state[10]$_DFF_P_/D
418	0.6800	uI.tsz_cnt[J]	uI.tsz_cnt_is_J_r	u2.tsz_cnt[1]$_DFFE_PP_/QN	u2.tsz_cnt_is_0_r$_DFF_P_/D
419	0.6825	uI.tsz_cnt[J]	uI.uJ.ch_txsz_s[K]	u2.tsz_cnt[10]$_DFFE_PP_/Q	u0.u15.ch_txsz_s[10]$_DFFE_PP_/D
420	0.6837	uI.uJ.ch_rl	uI.uJ.ch_tot_sz_r[K]	u0.u3.ch_rl$_DFF_P_/Q	u0.u3.ch_tot_sz_r[1]$_DFFE_PP_/D
421	0.6865	uI.int_maska_r[J]	uI.wb_rf_dout[J]	u0.int_maska_r[0]$_SDFFE_PP0P_/Q	u0.wb_rf_dout[0]$_DFFE_PP_/D
422	0.6867	uI.mastJ_drdy_r	uI.uJ.ch_eol	u2.mast0_drdy_r$_DFF_P_/Q	u0.u8.ch_eol$_SDFFE_PP0P_/D
423	0.6874	uI.chunk_cnt[J]	uI.write_hold_r	u2.chunk_cnt[8]$_DFFE_PP_/Q	u2.write_hold_r$_DFF_P_/D
424	0.6894	uI.adrJ_cnt[K]	uI.uJ.ch_adrK_s[L]	u2.adr1_cnt[7]$_DFFE_PP_/Q	u0.u4.ch_adr1_s[7]$_DFFE_PP_/D
425	0.6905	uI.next_start	uI.adrJ_cnt[K]	u1.next_start$_DFF_P_/Q	u2.adr0_cnt[18]$_DFFE_PP_/D
426	0.6906	uI.next_start	uI.tsz_cnt[J]	u1.next_start$_DFF_P_/Q	u2.tsz_cnt[1]$_DFFE_PP_/D
427	0.6912	uI.uJ.slv_we	uI.uJ.rf_ack	u3.u1.slv_we$_DFF_P_/Q	u3.u1.rf_ack$_DFF_P_/D
428	0.6915	uI.dma_abort_r	uI.uJ.mast_stb	u2.dma_abort_r$_DFF_P_/Q	u4.u0.mast_stb$_DFF_P_/D
429	0.6943	uI.uJ.ch_rl	uI.uJ.ch_chk_sz_r[K]	u0.u2.ch_rl$_DFF_P_/Q	u0.u2.ch_chk_sz_r[0]$_DFFE_PP_/D
430	0.6961	uI.uJ.rest_en	uI.uJ.ch_adrK_s[L]	u0.u7.rest_en$_SDFFE_PP0P_/Q	u0.u7.ch_adr1_s[29]$_DFFE_PP_/D
431	0.7009	uI.uJ.rest_en	uI.uJ.ch_txsz_s[K]	u0.u13.rest_en$_SDFFE_PP0P_/Q	u0.u13.ch_txsz_s[10]$_DFFE_PP_/D
432	0.7032	uI.write_r	uI.adrJ_cnt[K]	u2.write_r$_DFF_P_/Q	u2.adr1_cnt[28]$_DFFE_PP_/D
433	0.7039	uI.uJ.int_src_r[K]	uI.inta_o	u0.u3.int_src_r[1]$_SDFFE_PP0P_/Q	u0.inta_o$_DFF_P_/D
434	0.7039	uI.de_start_r	uI.adrJ_cnt[K]	u1.de_start_r$_DFF_P_/QN	u2.adr0_cnt[18]$_DFFE_PP_/D
435	0.7040	uI.de_start_r	uI.tsz_cnt[J]	u1.de_start_r$_DFF_P_/QN	u2.tsz_cnt[1]$_DFFE_PP_/D
436	0.7086	uI.uJ.ch_csr_rK[L]	uI.inta_o	u0.u3.ch_csr_r3[1]$_SDFFE_PP0P_/Q	u0.inta_o$_DFF_P_/D
437	0.7087	uI.adrJ_cnt[K]	uI.uJ.ch_adrK_r[L]	u2.adr1_cnt[7]$_DFFE_PP_/Q	u0.u1.ch_adr1_r[7]$_DFFE_PP_/D
438	0.7089	uI.next_start	uI.chunk_cnt[J]	u1.next_start$_DFF_P_/Q	u2.chunk_cnt[0]$_DFFE_PP_/D
439	0.7099	uI.state[J]	uI.wb_rf_dout[J]	u2.state[5]$_DFF_P_/Q	u0.wb_rf_dout[0]$_DFFE_PP_/D
440	0.7149	uI.next_start	uI.ch_sel_r[J]	u1.next_start$_DFF_P_/Q	u1.ch_sel_r[3]$_SDFFE_PP0P_/D
441	0.7205	uI.chunk_J	uI.uJ.mast_stb	u2.chunk_0$_DFF_P_/Q	u4.u0.mast_stb$_DFF_P_/D
442	0.7205	uI.uJ.slv_dout[K]	uI.uJ.ch_tot_sz_r[K]	u3.u1.slv_dout[2]$_DFF_P_/Q	u0.u11.ch_tot_sz_r[2]$_DFFE_PP_/D
443	0.7206	uI.uJ.ch_tot_sz_r[K]	uI.tsz_cnt[J]	u0.u7.ch_tot_sz_r[11]$_DFFE_PP_/Q	u2.tsz_cnt[11]$_DFFE_PP_/D
444	0.7218	uI.chunk_J	uI.uJ.int_src_r[K]	u2.chunk_0$_DFF_P_/Q	u0.u6.int_src_r[2]$_SDFFE_PP0P_/D
445	0.7221	uI.next_ch	uI.uJ.state[K]	u2.next_ch$_DFF_P_/Q	u1.u2.state[2]$_SDFFE_PP0P_/D
446	0.7254	uI.chunk_dec	uI.tsz_cnt[J]	u2.chunk_dec$_DFF_P_/Q	u2.tsz_cnt[10]$_DFFE_PP_/D
447	0.7255	uI.tsz_cnt_is_J_r	uI.uJ.ptr_valid	u2.tsz_cnt_is_0_r$_DFF_P_/Q	u0.u13.ptr_valid$_SDFFE_PP0P_/D
448	0.7264	uI.uJ.slv_dout[K]	uI.uJ.ch_adrK_r[L]	u3.u1.slv_dout[2]$_DFF_P_/Q	u0.u12.ch_adr0_r[0]$_DFFE_PP_/D
449	0.7264	uI.uJ.slv_dout[K]	uI.uJ.ch_adrK_s[L]	u3.u1.slv_dout[2]$_DFF_P_/Q	u0.u12.ch_adr0_s[0]$_DFFE_PP_/D
450	0.7274	uI.dma_abort_r	uI.uJ.mast_cyc	u2.dma_abort_r$_DFF_P_/Q	u3.u0.mast_cyc$_DFF_P_/D
451	0.7275	uI.uJ.slv_dout[K]	uI.int_maska_r[J]	u3.u1.slv_dout[11]$_DFF_P_/Q	u0.int_maska_r[11]$_SDFFE_PP0P_/D
452	0.7275	uI.uJ.slv_dout[K]	uI.int_maskb_r[J]	u3.u1.slv_dout[11]$_DFF_P_/Q	u0.int_maskb_r[11]$_SDFFE_PP0P_/D
453	0.7275	uI.uJ.slv_dout[K]	uI.uJ.sw_pointer_r[K]	u3.u1.slv_dout[11]$_DFF_P_/Q	u0.u1.sw_pointer_r[7]$_SDFFE_PP0P_/D
454	0.7281	uI.uJ.slv_dout[K]	uI.uJ.ch_txsz_s[K]	u3.u1.slv_dout[1]$_DFF_P_/Q	u0.u8.ch_txsz_s[1]$_DFFE_PP_/D
455	0.7281	uI.uJ.ch_stop	uI.dma_abort_r	u0.u7.ch_stop$_DFF_P_/Q	u2.dma_abort_r$_DFF_P_/D
456	0.7296	uI.uJ.mast_dout[K]	uI.uJ.pointer_r[K]	u3.u0.mast_dout[5]$_DFFE_PP_/Q	u0.u5.pointer_r[1]$_DFFE_PP_/D
457	0.7298	uI.de_start_r	uI.chunk_cnt[J]	u1.de_start_r$_DFF_P_/QN	u2.chunk_cnt[0]$_DFFE_PP_/D
458	0.7305	uI.tsz_cnt_is_J_r	uI.uJ.ch_csr_r[K]	u2.tsz_cnt_is_0_r$_DFF_P_/Q	u0.u14.ch_csr_r[0]$_SDFFE_PP0P_/D
459	0.7307	uI.uJ.ch_adrK_r[L]	uI.adrJ_cnt[K]	u0.u2.ch_adr0_r[23]$_DFFE_PP_/Q	u2.adr0_cnt[23]$_DFFE_PP_/D
460	0.7315	uI.dma_abort_r	uI.uJ.mast_we_r	u2.dma_abort_r$_DFF_P_/Q	u3.u0.mast_we_r$_DFF_P_/D
461	0.7317	uI.tsz_cnt_is_J_r	uI.uJ.ch_eol	u2.tsz_cnt_is_0_r$_DFF_P_/Q	u0.u1.ch_eol$_SDFFE_PP0P_/D
462	0.7330	uI.de_start_r	uI.state[J]	u1.de_start_r$_DFF_P_/QN	u2.state[10]$_DFF_P_/D
463	0.7337	uI.uJ.slv_dout[K]	uI.uJ.ch_csr_rK[L]	u3.u1.slv_dout[13]$_DFF_P_/Q	u0.u0.ch_csr_r2[0]$_SDFFE_PP0P_/D
464	0.7343	uI.uJ.ptr_valid	uI.state[J]	u0.u14.ptr_valid$_SDFFE_PP0P_/Q	u2.state[10]$_DFF_P_/D
465	0.7358	uI.de_start_r	uI.ch_sel_r[J]	u1.de_start_r$_DFF_P_/QN	u1.ch_sel_r[3]$_SDFFE_PP0P_/D
466	0.7358	uI.read_r	uI.adrJ_cnt[K]	u2.read_r$_DFF_P_/Q	u2.adr0_cnt[25]$_DFFE_PP_/D
467	0.7360	uI.next_start	uI.state[J]	u1.next_start$_DFF_P_/Q	u2.state[10]$_DFF_P_/D
468	0.7398	uI.chunk_J	uI.ack_o[J]	u2.chunk_0$_DFF_P_/Q	u1.ack_o[14]$_DFF_P_/D
469	0.7399	uI.uJ.slv_dout[K]	uI.uJ.pointer_r[K]	u3.u1.slv_dout[11]$_DFF_P_/Q	u0.u3.pointer_r[7]$_DFFE_PP_/D
470	0.7406	uI.uJ.mast_dout[K]	uI.uJ.ch_eol	u3.u0.mast_dout[20]$_DFFE_PP_/Q	u0.u0.ch_eol$_SDFFE_PP0P_/D
471	0.7416	uI.chunk_dec	uI.chunk_cnt[J]	u2.chunk_dec$_DFF_P_/Q	u2.chunk_cnt[0]$_DFFE_PP_/D
472	0.7439	uI.chunk_J	uI.chunk_dec	u2.chunk_0$_DFF_P_/Q	u2.chunk_dec$_DFF_P_/D
473	0.7448	uI.uJ.slv_dout[K]	uI.uJ.rest_en	u3.u1.slv_dout[16]$_DFF_P_/Q	u0.u0.rest_en$_SDFFE_PP0P_/D
474	0.7458	uI.uJ.slv_dout[K]	uI.uJ.ch_chk_sz_r[K]	u3.u1.slv_dout[16]$_DFF_P_/Q	u0.u12.ch_chk_sz_r[0]$_DFFE_PP_/D
475	0.7467	uI.tsz_cnt_is_J_r	uI.uJ.ch_done	u2.tsz_cnt_is_0_r$_DFF_P_/Q	u0.u11.ch_done$_SDFFE_PP0P_/D
476	0.7478	uI.dma_abort_r	uI.chunk_dec	u2.dma_abort_r$_DFF_P_/Q	u2.chunk_dec$_DFF_P_/D
477	0.7485	uI.uJ.ch_csr_rK[L]	uI.intb_o	u0.u0.ch_csr_r3[0]$_SDFFE_PP0P_/Q	u0.intb_o$_DFF_P_/D
478	0.7487	uI.uJ.int_src_r[K]	uI.intb_o	u0.u3.int_src_r[1]$_SDFFE_PP0P_/Q	u0.intb_o$_DFF_P_/D
479	0.7500	uI.uJ.slv_dout[K]	uI.uJ.ch_sz_inf	u3.u1.slv_dout[15]$_DFF_P_/Q	u0.u2.ch_sz_inf$_DFFE_PP_/D
480	0.7506	uI.uJ.ch_err	uI.inta_o	u0.u1.ch_err$_SDFFE_PP0P_/Q	u0.inta_o$_DFF_P_/D
481	0.7507	uI.uJ.ch_err	uI.intb_o	u0.u0.ch_err$_SDFFE_PP0P_/Q	u0.intb_o$_DFF_P_/D
482	0.7515	uI.tsz_cnt_is_J_r	uI.tsz_cnt[J]	u2.tsz_cnt_is_0_r$_DFF_P_/QN	u2.tsz_cnt[10]$_DFFE_PP_/D
483	0.7521	uI.uJ.mast_dout[K]	uI.uJ.ch_csr_r[K]	u3.u0.mast_dout[16]$_DFFE_PP_/Q	u0.u15.ch_csr_r[1]$_SDFFE_PP0P_/D
484	0.7538	uI.uJ.slv_re	uI.uJ.ch_err	u3.u1.slv_re$_DFF_P_/Q	u0.u0.ch_err$_SDFFE_PP0P_/D
485	0.7538	uI.uJ.slv_re	uI.uJ.int_src_r[K]	u3.u1.slv_re$_DFF_P_/Q	u0.u0.int_src_r[2]$_SDFFE_PP0P_/D
486	0.7538	uI.uJ.slv_dout[K]	uI.uJ.ch_amK_r[L]	u3.u1.slv_dout[20]$_DFF_P_/Q	u0.u0.ch_am0_r[16]$_SDFFE_PP1P_/D
487	0.7546	uI.dma_abort_r	uI.uJ.int_src_r[K]	u2.dma_abort_r$_DFF_P_/Q	u0.u3.int_src_r[0]$_SDFFE_PP0P_/D
488	0.7546	uI.dma_abort_r	uI.uJ.ch_err	u2.dma_abort_r$_DFF_P_/Q	u0.u1.ch_err$_SDFFE_PP0P_/D
489	0.7598	uI.tsz_cnt_is_J_r	uI.uJ.int_src_r[K]	u2.tsz_cnt_is_0_r$_DFF_P_/Q	u0.u8.int_src_r[1]$_SDFFE_PP0P_/D
490	0.7607	uI.chunk_cnt_is_J_r	uI.chunk_cnt[J]	u2.chunk_cnt_is_0_r$_DFF_P_/QN	u2.chunk_cnt[0]$_DFFE_PP_/D
491	0.7641	uI.dma_abort_r	uI.state[J]	u2.dma_abort_r$_DFF_P_/Q	u2.state[9]$_DFF_P_/D
492	0.7643	uI.uJ.ch_chk_sz_r[K]	uI.chunk_cnt[J]	u0.u10.ch_chk_sz_r[4]$_DFFE_PP_/Q	u2.chunk_cnt[4]$_DFFE_PP_/D
493	0.7686	uI.dma_abort_r	uI.write_r	u2.dma_abort_r$_DFF_P_/Q	u2.write_r$_DFF_P_/D
494	0.7706	uI.uJ.ch_sz_inf	uI.tsz_cnt_is_J_r	u0.u5.ch_sz_inf$_DFFE_PP_/Q	u2.tsz_cnt_is_0_r$_DFF_P_/D
495	0.7724	uI.uJ.slv_dout[K]	uI.uJ.ch_stop	u3.u1.slv_dout[9]$_DFF_P_/Q	u0.u4.ch_stop$_DFF_P_/D
496	0.7728	uI.chunk_J	uI.read_r	u2.chunk_0$_DFF_P_/Q	u2.read_r$_DFF_P_/D
497	0.7767	uI.dma_abort_r	uI.read_r	u2.dma_abort_r$_DFF_P_/Q	u2.read_r$_DFF_P_/D
498	0.7771	uI.chunk_J	uI.uJ.mast_cyc	u2.chunk_0$_DFF_P_/Q	u3.u0.mast_cyc$_DFF_P_/D
499	0.7784	uI.state[J]	uI.state[J]	u2.state[9]$_DFF_P_/Q	u2.state[10]$_DFF_P_/D
500	0.7790	uI.int_maska_r[J]	uI.inta_o	u0.int_maska_r[3]$_SDFFE_PP0P_/Q	u0.inta_o$_DFF_P_/D
501	0.7840	uI.uJ.ch_csr_r[K]	uI.uJ.ch_csr_r[K]	u0.u0.ch_csr_r[7]$_SDFFE_PP0P_/Q	u0.u0.ch_csr_r[0]$_SDFFE_PP0P_/D
502	0.7847	uI.uJ.ch_csr_r[K]	uI.uJ.ch_eol	u0.u0.ch_csr_r[7]$_SDFFE_PP0P_/Q	u0.u0.ch_eol$_SDFFE_PP0P_/D
503	0.7851	uI.uJ.ch_txsz_s[K]	uI.uJ.ch_tot_sz_r[K]	u0.u10.ch_txsz_s[4]$_DFFE_PP_/Q	u0.u10.ch_tot_sz_r[4]$_DFFE_PP_/D
504	0.7853	uI.chunk_J	uI.next_ch	u2.chunk_0$_DFF_P_/Q	u2.next_ch$_DFF_P_/D
505	0.7857	uI.uJ.mast_dout[K]	uI.uJ.mast_dout[K]	u3.u0.mast_dout[10]$_DFFE_PP_/Q	u3.u0.mast_dout[10]$_DFFE_PP_/D
506	0.7886	uI.dma_abort_r	uI.write_hold_r	u2.dma_abort_r$_DFF_P_/Q	u2.write_hold_r$_DFF_P_/D
507	0.7907	uI.tsz_cnt_is_J_r	uI.uJ.ch_rl	u2.tsz_cnt_is_0_r$_DFF_P_/Q	u0.u1.ch_rl$_DFF_P_/D
508	0.7912	uI.uJ.ch_csr_r[K]	uI.uJ.ch_done	u0.u0.ch_csr_r[7]$_SDFFE_PP0P_/Q	u0.u0.ch_done$_SDFFE_PP0P_/D
509	0.7918	uI.uJ.ch_adrK_r[L]	uI.uJ.ch_adrK_r[L]	u0.u13.ch_adr1_r[3]$_DFFE_PP_/Q	u0.u13.ch_adr1_r[3]$_DFFE_PP_/D
510	0.7923	uI.uJ.slv_dout[K]	uI.csr_r[J]	u3.u1.slv_dout[0]$_DFF_P_/Q	u0.csr_r[0]$_SDFFE_PP0P_/D
511	0.7946	uI.uJ.ch_adrK_s[L]	uI.uJ.ch_adrK_r[L]	u0.u13.ch_adr1_s[3]$_DFFE_PP_/Q	u0.u13.ch_adr1_r[3]$_DFFE_PP_/D
512	0.7951	uI.adrJ_cnt[K]	uI.mastJ_adr[K]	u2.adr1_cnt[7]$_DFFE_PP_/Q	u2.mast0_adr[9]$_DFF_P_/D
513	0.8004	uI.chunk_J	uI.state[J]	u2.chunk_0$_DFF_P_/Q	u2.state[10]$_DFF_P_/D
514	0.8022	uI.int_maskb_r[J]	uI.wb_rf_dout[J]	u0.int_maskb_r[0]$_SDFFE_PP0P_/Q	u0.wb_rf_dout[0]$_DFFE_PP_/D
515	0.8024	uI.uJ.ch_eol	uI.uJ.ch_csr_r[K]	u0.u0.ch_eol$_SDFFE_PP0P_/Q	u0.u0.ch_csr_r[0]$_SDFFE_PP0P_/D
516	0.8031	uI.uJ.ch_eol	uI.uJ.ch_eol	u0.u0.ch_eol$_SDFFE_PP0P_/Q	u0.u0.ch_eol$_SDFFE_PP0P_/D
517	0.8045	uI.uJ.ch_eol	uI.uJ.ch_done	u0.u0.ch_eol$_SDFFE_PP0P_/Q	u0.u0.ch_done$_SDFFE_PP0P_/D
518	0.8060	uI.uJ.slv_dout[K]	uI.uJ.ch_done	u3.u1.slv_dout[0]$_DFF_P_/QN	u0.u11.ch_done$_SDFFE_PP0P_/D
519	0.8115	uI.uJ.slv_re	uI.uJ.rf_ack	u3.u1.slv_re$_DFF_P_/Q	u3.u1.rf_ack$_DFF_P_/D
520	0.8126	uI.uJ.ch_csr_r[K]	uI.uJ.int_src_r[K]	u0.u0.ch_csr_r[7]$_SDFFE_PP0P_/Q	u0.u0.int_src_r[1]$_SDFFE_PP0P_/D
521	0.8154	uI.int_maskb_r[J]	uI.intb_o	u0.int_maskb_r[3]$_SDFFE_PP0P_/Q	u0.intb_o$_DFF_P_/D
522	0.8176	uI.chunk_cnt[J]	uI.chunk_cnt_is_J_r	u2.chunk_cnt[8]$_DFFE_PP_/Q	u2.chunk_cnt_is_0_r$_DFF_P_/D
523	0.8245	uI.ndnr[J]	uI.uJ.ch_csr_r[K]	u1.ndnr[0]$_DFF_P_/Q	u0.u0.ch_csr_r[0]$_SDFFE_PP0P_/D
524	0.8252	uI.ndnr[J]	uI.uJ.ch_eol	u1.ndnr[0]$_DFF_P_/Q	u0.u0.ch_eol$_SDFFE_PP0P_/D
525	0.8271	uI.chunk_J	uI.write_hold_r	u2.chunk_0$_DFF_P_/Q	u2.write_hold_r$_DFF_P_/D
526	0.8272	uI.uJ.ch_eol	uI.uJ.int_src_r[K]	u0.u0.ch_eol$_SDFFE_PP0P_/Q	u0.u0.int_src_r[1]$_SDFFE_PP0P_/D
527	0.8346	uI.uJ.pointer_r[K]	uI.uJ.pointer_r[K]	u0.u2.pointer_r[20]$_DFFE_PP_/Q	u0.u2.pointer_r[20]$_DFFE_PP_/D
528	0.8348	uI.uJ.rest_en	uI.uJ.ptr_valid	u0.u6.rest_en$_SDFFE_PP0P_/Q	u0.u6.ptr_valid$_SDFFE_PP0P_/D
529	0.8357	uI.ndnr[J]	uI.uJ.ch_done	u1.ndnr[0]$_DFF_P_/Q	u0.u0.ch_done$_SDFFE_PP0P_/D
530	0.8395	uI.uJ.ch_txsz_s[K]	uI.uJ.ch_txsz_s[K]	u0.u14.ch_txsz_s[10]$_DFFE_PP_/Q	u0.u14.ch_txsz_s[10]$_DFFE_PP_/D
531	0.8396	uI.uJ.ch_txsz_s[K]	uI.uJ.ch_chk_sz_r[K]	u0.u8.ch_txsz_s[12]$_DFFE_PP_/Q	u0.u8.ch_chk_sz_r[0]$_DFFE_PP_/D
532	0.8399	uI.csr_r[J]	uI.state[J]	u0.csr_r[0]$_SDFFE_PP0P_/Q	u2.state[10]$_DFF_P_/D
533	0.8407	uI.write_hold_r	uI.uJ.mast_stb	u2.write_hold_r$_DFF_P_/Q	u3.u0.mast_stb$_DFF_P_/D
534	0.8453	uI.uJ.ch_amK_r[L]	uI.uJ.ch_amK_r[L]	u0.u15.ch_am0_r[22]$_SDFFE_PP1P_/Q	u0.u15.ch_am0_r[22]$_SDFFE_PP1P_/D
535	0.8507	uI.ndnr[J]	uI.uJ.ptr_valid	u1.ndnr[15]$_DFF_P_/Q	u0.u15.ptr_valid$_SDFFE_PP0P_/D
536	0.8532	uI.ndnr[J]	uI.uJ.int_src_r[K]	u1.ndnr[0]$_DFF_P_/Q	u0.u0.int_src_r[1]$_SDFFE_PP0P_/D
537	0.8565	uI.uJ.ch_csr_r[K]	uI.ack_o[J]	u0.u2.ch_csr_r[5]$_SDFFE_PP0P_/Q	u1.ack_o[2]$_DFF_P_/D
538	0.8572	uI.uJ.ptr_valid	uI.uJ.ptr_valid	u0.u15.ptr_valid$_SDFFE_PP0P_/Q	u0.u15.ptr_valid$_SDFFE_PP0P_/D
539	0.8639	uI.csr_r[J]	uI.csr_r[J]	u0.csr_r[0]$_SDFFE_PP0P_/Q	u0.csr_r[0]$_SDFFE_PP0P_/D
540	0.8655	uI.uJ.rf_ack	uI.uJ.slv_re	u3.u1.rf_ack$_DFF_P_/QN	u3.u1.slv_re$_DFF_P_/D
541	0.8701	uI.uJ.rest_en	uI.uJ.rest_en	u0.u15.rest_en$_SDFFE_PP0P_/Q	u0.u15.rest_en$_SDFFE_PP0P_/D
542	0.8704	uI.write_hold_r	uI.uJ.mast_cyc	u2.write_hold_r$_DFF_P_/Q	u3.u0.mast_cyc$_DFF_P_/D
543	0.8726	uI.uJ.ch_csr_rK[L]	uI.uJ.ch_csr_rK[L]	u0.u1.ch_csr_r2[0]$_SDFFE_PP0P_/Q	u0.u1.ch_csr_r2[0]$_SDFFE_PP0P_/D
544	0.8795	uI.uJ.ch_tot_sz_r[K]	uI.uJ.ch_tot_sz_r[K]	u0.u3.ch_tot_sz_r[3]$_DFFE_PP_/Q	u0.u3.ch_tot_sz_r[3]$_DFFE_PP_/D
545	0.8799	uI.uJ.ch_done	uI.uJ.ch_done	u0.u12.ch_done$_SDFFE_PP0P_/Q	u0.u12.ch_done$_SDFFE_PP0P_/D
546	0.8839	uI.uJ.ch_adrK_s[L]	uI.uJ.ch_adrK_s[L]	u0.u0.ch_adr1_s[29]$_DFFE_PP_/Q	u0.u0.ch_adr1_s[29]$_DFFE_PP_/D
547	0.8864	uI.uJ.rest_en	uI.uJ.ch_rl	u0.u6.rest_en$_SDFFE_PP0P_/Q	u0.u6.ch_rl$_DFF_P_/D
548	0.8873	uI.uJ.int_src_r[K]	uI.uJ.int_src_r[K]	u0.u2.int_src_r[0]$_SDFFE_PP0P_/Q	u0.u2.int_src_r[0]$_SDFFE_PP0P_/D
549	0.8874	uI.uJ.ch_err	uI.uJ.ch_err	u0.u1.ch_err$_SDFFE_PP0P_/Q	u0.u1.ch_err$_SDFFE_PP0P_/D
550	0.8904	uI.uJ.pointer_r[K]	uI.uJ.pointer_sr[K]	u0.u5.pointer_r[4]$_DFFE_PP_/Q	u0.u5.pointer_sr[4]$_DFFE_PP_/D
551	0.8920	uI.uJ.ch_sz_inf	uI.uJ.ch_sz_inf	u0.u7.ch_sz_inf$_DFFE_PP_/Q	u0.u7.ch_sz_inf$_DFFE_PP_/D
552	0.8921	uI.uJ.ch_chk_sz_r[K]	uI.uJ.ch_chk_sz_r[K]	u0.u13.ch_chk_sz_r[3]$_DFFE_PP_/Q	u0.u13.ch_chk_sz_r[3]$_DFFE_PP_/D
553	0.8953	uI.uJ.pointer_sr[K]	uI.uJ.pointer_sr[K]	u0.u10.pointer_sr[0]$_DFFE_PP_/Q	u0.u10.pointer_sr[0]$_DFFE_PP_/D
554	0.8969	uI.uJ.rf_ack	uI.uJ.slv_we	u3.u1.rf_ack$_DFF_P_/QN	u3.u1.slv_we$_DFF_P_/D
555	0.8987	uI.int_maska_r[J]	uI.int_maska_r[J]	u0.int_maska_r[12]$_SDFFE_PP0P_/Q	u0.int_maska_r[12]$_SDFFE_PP0P_/D
556	0.8988	uI.int_maskb_r[J]	uI.int_maskb_r[J]	u0.int_maskb_r[12]$_SDFFE_PP0P_/Q	u0.int_maskb_r[12]$_SDFFE_PP0P_/D
557	0.9040	uI.wb_rf_dout[J]	uI.wb_rf_dout[J]	u0.wb_rf_dout[0]$_DFFE_PP_/Q	u0.wb_rf_dout[0]$_DFFE_PP_/D
558	0.9048	uI.uJ.ch_csr_r[K]	uI.uJ.ch_rl	u0.u0.ch_csr_r[6]$_SDFFE_PP0P_/Q	u0.u0.ch_rl$_DFF_P_/D
559	0.9052	_I_	_I_	_55894_/Q	_55894_/D
560	0.9057	uI.uJ.rf_ack	uI.uJ.rf_ack	u3.u1.rf_ack$_DFF_P_/QN	u3.u1.rf_ack$_DFF_P_/D
561	0.9063	uI.uJ.slv_re	uI.uJ.slv_re	u3.u1.slv_re$_DFF_P_/QN	u3.u1.slv_re$_DFF_P_/D
562	0.9076	uI.uJ.sw_pointer_r[K]	uI.uJ.sw_pointer_r[K]	u0.u0.sw_pointer_r[21]$_SDFFE_PP0P_/Q	u0.u0.sw_pointer_r[21]$_SDFFE_PP0P_/D
563	0.9199	uI.next_ch	uI.next_start	u2.next_ch$_DFF_P_/Q	u1.next_start$_DFF_P_/D
564	0.9333	uI.ack_o[J]	uI.req_r[J]	u1.ack_o[0]$_DFF_P_/QN	u1.req_r[0]$_DFF_P_/D
565	0.9444	uI.read_r	uI.chunk_dec	u2.read_r$_DFF_P_/QN	u2.chunk_dec$_DFF_P_/D
