# stage	1_synth
# top_module	fpu
# top_n	100
# kind	blocks
# skip_async	1
# include_full	1
# rank	worst_slack_ns	start	end	start_full	end_full
1	-0.8220	uI.mul_a_lo_r[J]	uI.product_c[J]	u3.mul_a_lo_r[10]$_SDFFE_PP0P_/Q	u3.product_c[40]$_SDFFE_PP0P_/D
2	-0.8201	uI.mul_b_rJ[K]	uI.product_c[J]	u3.mul_b_r2[4]$_SDFFE_PP0P_/Q	u3.product_c[40]$_SDFFE_PP0P_/D
3	-0.8017	uI.mul_a_lo_r[J]	uI.product_b[J]	u3.mul_a_lo_r[7]$_SDFFE_PP0P_/Q	u3.product_b[39]$_SDFFE_PP0P_/D
4	-0.7997	uI.mul_b_rJ[K]	uI.product_b[J]	u3.mul_b_r1[5]$_SDFFE_PP0P_/Q	u3.product_b[39]$_SDFFE_PP0P_/D
5	-0.7941	uI.mul_a_lo_r[J]	uI.product_a[J]	u3.mul_a_lo_r[4]$_SDFFE_PP0P_/Q	u3.product_a[36]$_SDFFE_PP0P_/D
6	-0.7921	uI.mul_b_rJ[K]	uI.product_a[J]	u3.mul_b_r0[6]$_SDFFE_PP0P_/Q	u3.product_a[36]$_SDFFE_PP0P_/D
7	-0.6341	uI.mul_a_hi_r[J]	uI.product_c[J]	u3.mul_a_hi_r[4]$_SDFFE_PP0P_/Q	u3.product_c[40]$_SDFFE_PP0P_/D
8	-0.6072	uI.mul_a_hi_r[J]	uI.product_a[J]	u3.mul_a_hi_r[4]$_SDFFE_PP0P_/Q	u3.product_a[36]$_SDFFE_PP0P_/D
9	-0.5825	uI.mul_a_mid_r[J]	uI.product_g[J]	u3.mul_a_mid_r[15]$_SDFFE_PP0P_/Q	u3.product_g[35]$_SDFFE_PP0P_/D
10	-0.5805	uI.mul_b_rJ[K]	uI.product_g[J]	u3.mul_b_r2[1]$_SDFFE_PP0P_/Q	u3.product_g[35]$_SDFFE_PP0P_/D
11	-0.5634	uI.mul_a_hi_r[J]	uI.product_b[J]	u3.mul_a_hi_r[7]$_SDFFE_PP0P_/Q	u3.product_b[39]$_SDFFE_PP0P_/D
12	-0.5449	uI.mul_a_mid_r[J]	uI.product_f[J]	u3.mul_a_mid_r[0]$_SDFFE_PP0P_/Q	u3.product_f[31]$_SDFFE_PP0P_/D
13	-0.5364	uI.mul_b_rJ[K]	uI.product_f[J]	u3.mul_b_r1[12]$_SDFFE_PP0P_/Q	u3.product_f[31]$_SDFFE_PP0P_/D
14	-0.5063	uI.mul_a_mid_r[J]	uI.product_e[J]	u3.mul_a_mid_r[6]$_SDFFE_PP0P_/Q	u3.product_e[32]$_SDFFE_PP0P_/D
15	-0.5043	uI.mul_b_rJ[K]	uI.product_e[J]	u3.mul_b_r0[6]$_SDFFE_PP0P_/Q	u3.product_e[32]$_SDFFE_PP0P_/D
16	-0.4037	uI.mul_a_top_r[J]	uI.product_h[J]	u3.mul_a_top_r[4]$_SDFFE_PP0P_/Q	u3.product_h[27]$_SDFFE_PP0P_/D
17	-0.4017	uI.mul_b_rJ[K]	uI.product_h[J]	u3.mul_b_r0[4]$_SDFFE_PP0P_/Q	u3.product_h[27]$_SDFFE_PP0P_/D
18	-0.3521	uI.mul_a_top_r[J]	uI.product_j[J]	u3.mul_a_top_r[7]$_SDFFE_PP0P_/Q	u3.product_j[27]$_SDFFE_PP0P_/D
19	-0.3501	uI.mul_b_rJ[K]	uI.product_j[J]	u3.mul_b_r2[8]$_SDFFE_PP0P_/Q	u3.product_j[27]$_SDFFE_PP0P_/D
20	-0.3163	uI.mul_a_top_r[J]	uI.product_i[J]	u3.mul_a_top_r[10]$_SDFFE_PP0P_/Q	u3.product_i[27]$_SDFFE_PP0P_/D
21	-0.3144	uI.mul_b_rJ[K]	uI.product_i[J]	u3.mul_b_r1[4]$_SDFFE_PP0P_/Q	u3.product_i[27]$_SDFFE_PP0P_/D
22	-0.1421	uI.mul_a_lo_r[J]	uI.product_d[J]	u3.mul_a_lo_r[0]$_SDFFE_PP0P_/Q	u3.product_d[23]$_SDFFE_PP0P_/D
23	-0.1389	uI.mul_b_rJ[K]	uI.product_d[J]	u3.mul_b_r3[1]$_SDFFE_PP0P_/Q	u3.product_d[23]$_SDFFE_PP0P_/D
24	0.1186	uI.minuend[J]	uI.diff[J]	u2.minuend[12]$_SDFFE_PP0P_/Q	u2.diff[38]$_SDFFE_PP0P_/D
25	0.1430	uI.subtra_shift_J[K]	uI.diff[J]	u2.subtra_shift_3[12]$_SDFFE_PP0P_/QN	u2.diff[38]$_SDFFE_PP0P_/D
26	0.1613	uI.sum_J[K]	uI.sum_J[K]	u3.sum_2[18]$_SDFFE_PP0P_/Q	u3.sum_3[31]$_SDFFE_PP0P_/D
27	0.1625	uI.product_h[J]	uI.sum_J[K]	u3.product_h[11]$_SDFFE_PP0P_/Q	u3.sum_3[31]$_SDFFE_PP0P_/D
28	0.1737	uI.divisor_b[J]	uI.divisor_shift_J[K]	u4.divisor_b[44]$_SDFFE_PP0P_/Q	u4.divisor_shift_2[1]$_SDFFE_PP0P_/D
29	0.1737	uI.dividend_reg[J]	uI.dividend_reg[J]	u4.dividend_reg[9]$_SDFFE_PP0P_/Q	u4.dividend_reg[50]$_SDFFE_PP0P_/D
30	0.1797	uI.dividend_reg[J]	uI.remainder_msb	u4.dividend_reg[47]$_SDFFE_PP0P_/Q	u4.remainder_msb$_SDFFE_PP0P_/D
31	0.1821	uI.dividend_a[J]	uI.dividend_shift_J[K]	u4.dividend_a[51]$_SDFFE_PP0P_/Q	u4.dividend_shift_2[5]$_SDFFE_PP0P_/D
32	0.1897	uI.dividend_reg[J]	uI.quotient[J]	u4.dividend_reg[47]$_SDFFE_PP0P_/Q	u4.quotient[45]$_SDFFE_PP0P_/D
33	0.1897	uI.mul_a_hi_r[J]	uI.product_d[J]	u3.mul_a_hi_r[1]$_SDFFE_PP0P_/Q	u3.product_d[23]$_SDFFE_PP0P_/D
34	0.1900	uI.divisor_reg[J]	uI.remainder_msb	u4.divisor_reg[45]$_SDFFE_PP0P_/Q	u4.remainder_msb$_SDFFE_PP0P_/D
35	0.1943	uI.divisor_reg[J]	uI.dividend_reg[J]	u4.divisor_reg[45]$_SDFFE_PP0P_/Q	u4.dividend_reg[22]$_SDFFE_PP0P_/D
36	0.1979	uI.product_f[J]	uI.sum_J[K]	u3.product_f[6]$_SDFFE_PP0P_/Q	u3.sum_4[33]$_SDFFE_PP0P_/D
37	0.2001	uI.divisor_reg[J]	uI.quotient[J]	u4.divisor_reg[45]$_SDFFE_PP0P_/Q	u4.quotient[45]$_SDFFE_PP0P_/D
38	0.2020	uI.remainder_shift_term[J]	uI.remainder_b[J]	u4.remainder_shift_term[1]$_SDFFE_PP0P_/Q	u4.remainder_b[99]$_SDFFE_PP0P_/D
39	0.2034	uI.product_g[J]	uI.sum_J[K]	u3.product_g[7]$_SDFFE_PP0P_/Q	u3.sum_7[32]$_SDFFE_PP0P_/D
40	0.2051	uI.exponent_large[J]	uI.diff_J[K]	u2.exponent_large[1]$_SDFFE_PP0P_/Q	u2.diff_1[54]$_SDFFE_PP0P_/D
41	0.2059	uI.diff[J]	uI.diff_shift_J[K]	u2.diff[34]$_SDFFE_PP0P_/Q	u2.diff_shift_2[5]$_SDFFE_PP0P_/D
42	0.2066	uI.exponent_J[K]	uI.product_J[K]	u3.exponent_2[1]$_SDFFE_PP0P_/Q	u3.product_4[65]$_SDFFE_PP0P_/D
43	0.2119	uI.product_j[J]	uI.sum_J[K]	u3.product_j[0]$_SDFFE_PP0P_/Q	u3.sum_8[30]$_SDFFE_PP0P_/D
44	0.2154	uI.exponent_small[J]	uI.exponent_diff[J]	u2.exponent_small[0]$_SDFFE_PP0P_/Q	u2.exponent_diff[10]$_SDFFE_PP0P_/D
45	0.2240	uI.exponent_large[J]	uI.exponent_diff[J]	u2.exponent_large[0]$_SDFFE_PP0P_/QN	u2.exponent_diff[10]$_SDFFE_PP0P_/D
46	0.2251	uI.large_norm_small_denorm	uI.exponent_diff[J]	u2.large_norm_small_denorm$_SDFFE_PP0P_/Q	u2.exponent_diff[10]$_SDFFE_PP0P_/D
47	0.2262	rst	uI.product_J[K]	rst	u3.product_4[41]$_SDFFE_PP0P_/D
48	0.2286	uI.product_shift_J[K]	uI.product_J[K]	u3.product_shift_2[1]$_SDFFE_PP0P_/Q	u3.product_3[105]$_SDFFE_PP0P_/D
49	0.2294	uI.diff_shift_J[K]	uI.diff_J[K]	u2.diff_shift_2[1]$_SDFFE_PP0P_/Q	u2.diff_1[54]$_SDFFE_PP0P_/D
50	0.2313	uI.dividend_shift_J[K]	uI.dividend_a_shifted[J]	u4.dividend_shift_2[1]$_SDFFE_PP0P_/Q	u4.dividend_a_shifted[37]$_SDFFE_PP0P_/D
51	0.2313	uI.divisor_shift_J[K]	uI.divisor_b_shifted[J]	u4.divisor_shift_2[1]$_SDFFE_PP0P_/Q	u4.divisor_b_shifted[37]$_SDFFE_PP0P_/D
52	0.2364	uI.diffshift_gt_exponent	uI.diff_J[K]	u2.diffshift_gt_exponent$_SDFFE_PP0P_/Q	u2.diff_1[54]$_SDFFE_PP0P_/D
53	0.2368	uI.product_i[J]	uI.sum_J[K]	u3.product_i[0]$_SDFFE_PP0P_/Q	u3.sum_6[22]$_SDFFE_PP0P_/D
54	0.2386	rst	uI.dividend_reg[J]	rst	u4.dividend_reg[28]$_SDFFE_PP0P_/D
55	0.2387	rst	uI.sum_J[K]	rst	u3.sum_7[31]$_SDFFE_PP0P_/D
56	0.2388	uI.product_d[J]	uI.sum_J[K]	u3.product_d[2]$_SDFFE_PP0P_/Q	u3.sum_5[27]$_SDFFE_PP0P_/D
57	0.2399	uI.product_b[J]	uI.sum_J[K]	u3.product_b[0]$_SDFFE_PP0P_/Q	u3.sum_0[30]$_SDFFE_PP0P_/D
58	0.2405	uI.product_a[J]	uI.sum_J[K]	u3.product_a[17]$_SDFFE_PP0P_/Q	u3.sum_0[30]$_SDFFE_PP0P_/D
59	0.2434	uI.large_add[J]	uI.sum[J]	u1.large_add[19]$_SDFFE_PP0P_/Q	u1.sum[48]$_SDFFE_PP0P_/D
60	0.2459	uI.product_e[J]	uI.sum_J[K]	u3.product_e[13]$_SDFFE_PP0P_/Q	u3.sum_1[24]$_SDFFE_PP0P_/D
61	0.2476	rst	uI.out_J[K]	rst	u6.out_2[62]$_SDFFE_PP0P_/D
62	0.2478	rst	uI.divisor_shift_J[K]	rst	u4.divisor_shift_2[2]$_SDFFE_PP0P_/D
63	0.2481	rst	uI.expon_final_J[K]	rst	u4.expon_final_1[11]$_SDFFE_PP0P_/D
64	0.2481	rst	uI.expon_uf_term_J[K]	rst	u4.expon_uf_term_1[11]$_SDFFE_PP0P_/D
65	0.2484	rst	uI.dividend_shift_J[K]	rst	u4.dividend_shift_2[2]$_SDFFE_PP0P_/D
66	0.2490	rst	uI.small_shift_J[K]	rst	u1.small_shift_3[0]$_SDFFE_PP0P_/D
67	0.2491	uI.small_shift_J[K]	uI.sum[J]	u1.small_shift_3[19]$_SDFFE_PP0P_/Q	u1.sum[48]$_SDFFE_PP0P_/D
68	0.2523	rst	uI.product[J]	rst	u3.product[30]$_SDFFE_PP0P_/D
69	0.2530	rst	uI.exponent_J[K]	rst	u3.exponent_3[2]$_SDFFE_PP0P_/D
70	0.2530	rst	uI.mantissa_b[J]	rst	u3.mantissa_b[0]$_SDFFE_PP0P_/D
71	0.2530	rst	uI.mul_a[J]	rst	u3.mul_a[50]$_SDFFE_PP0P_/D
72	0.2536	rst	uI.diff[J]	rst	u2.diff[43]$_SDFFE_PP0P_/D
73	0.2545	rst	uI.small_shift[J]	rst	u1.small_shift[47]$_SDFFE_PP0P_/D
74	0.2545	rst	uI.sum[J]	rst	u1.sum[46]$_SDFFE_PP0P_/D
75	0.2590	rst	uI.diff_shift_J[K]	rst	u2.diff_shift_2[0]$_SDFFE_PP0P_/D
76	0.2591	rst	uI.expa_et_expb	rst	u2.expa_et_expb$_SDFFE_PP0P_/D
77	0.2591	rst	uI.NaN_out_trigger	rst	u6.NaN_out_trigger$_SDFFE_PP0P_/D
78	0.2592	rst	uI.NaN_output[J]	rst	u6.NaN_output[50]$_SDFFE_PP0P_/D
79	0.2595	rst	uI.subtra_shift_J[K]	rst	u2.subtra_shift_3[0]$_SDFFE_PP0P_/D
80	0.2603	rst	uI.mantissa_a[J]	rst	u4.mantissa_a[10]$_SDFFE_PP0P_/D
81	0.2608	rst	uI.mana_gtet_manb	rst	u2.mana_gtet_manb$_SDFFE_PP0P_/D
82	0.2613	rst	uI.SNaN_input	rst	u6.SNaN_input$_SDFFE_PP0P_/D
83	0.2616	rst	uI.divisor_reg[J]	rst	u4.divisor_reg[10]$_SDFFE_PP0P_/D
84	0.2622	rst	uI.dividend_a[J]	rst	u4.dividend_a[0]$_SDFFE_PP0P_/D
85	0.2627	rst	uI.mantissa_large[J]	rst	u2.mantissa_large[42]$_SDFFE_PP0P_/D
86	0.2633	rst	uI.mul_a_lo_r[J]	rst	u3.mul_a_lo_r[10]$_SDFFE_PP0P_/D
87	0.2633	rst	uI.mul_a_mid_r[J]	rst	u3.mul_a_mid_r[0]$_SDFFE_PP0P_/D
88	0.2633	rst	uI.mul_b[J]	rst	u3.mul_b[0]$_SDFFE_PP0P_/D
89	0.2633	rst	uI.mul_b_rJ[K]	rst	u3.mul_b_r0[0]$_SDFFE_PP0P_/D
90	0.2639	rst	uI.diff_J[K]	rst	u2.diff_1[32]$_SDFFE_PP0P_/D
91	0.2639	rst	uI.quotient[J]	rst	u4.quotient[15]$_SDFFE_PP0P_/D
92	0.2641	rst	uI.dividend_a_shifted[J]	rst	u4.dividend_a_shifted[48]$_SDFFE_PP0P_/D
93	0.2641	rst	uI.divisor_b[J]	rst	u4.divisor_b[0]$_SDFFE_PP0P_/D
94	0.2641	rst	uI.divisor_b_shifted[J]	rst	u4.divisor_b_shifted[48]$_SDFFE_PP0P_/D
95	0.2641	rst	uI.expon_term[J]	rst	u4.expon_term[0]$_SDFFE_PP0P_/D
96	0.2648	rst	uI.in_et_zero	rst	u6.in_et_zero$_SDFFE_PP0P_/D
97	0.2650	rst	uI.subtra_shift[J]	rst	u2.subtra_shift[10]$_SDFFE_PP0P_/D
98	0.2653	rst	uI.mul_uf	rst	u6.mul_uf$_SDFFE_PP0P_/D
99	0.2654	rst	uI.remainder_b[J]	rst	u4.remainder_b[65]$_SDFFE_PP0P_/D
100	0.2656	rst	uI.mantissa_J[K]	rst	u4.mantissa_1[10]$_SDFFE_PP0P_/D
