# stage	1_synth
# top_module	cordic_engine
# top_n	100
# kind	blocks
# skip_async	1
# include_full	1
# rank	worst_slack_ns	start	end	start_full	end_full
1	-0.6038	i_xval[I]	u_vec.xv[I][J]	i_xval[7]	u_vec.xv[0][23]$_SDFFE_PP0P_/D
2	-0.6018	i_xval[I]	u_vec.yv[I][J]	i_xval[7]	u_vec.yv[0][23]$_SDFFE_PP0P_/D
3	-0.4646	u_vec.yv_r[I][J]	u_vec.yv[I][J]	u_vec.yv_r[14][24]$_SDFFE_PP0P_/Q	u_vec.yv[15][24]$_SDFFE_PP0P_/D
4	-0.4449	u_vec.yv_r[I][J]	u_vec.xv[I][J]	u_vec.yv_r[3][24]$_SDFFE_PP0P_/Q	u_vec.xv[4][24]$_SDFFE_PP0P_/D
5	-0.4426	u_vec.dir_r[I]	u_vec.yv[I][J]	u_vec.dir_r[20]$_SDFFE_PP0P_/Q	u_vec.yv[21][24]$_SDFFE_PP0P_/D
6	-0.4036	u_vec.xv_r[I][J]	u_vec.yv[I][J]	u_vec.xv_r[2][6]$_SDFFE_PP0P_/QN	u_vec.yv[3][23]$_SDFFE_PP0P_/D
7	-0.3816	u_vec.dir_r[I]	u_vec.xv[I][J]	u_vec.dir_r[7]$_SDFFE_PP0P_/Q	u_vec.xv[8][24]$_SDFFE_PP0P_/D
8	-0.3733	u_rot.by_r[I][J]	u_rot.xv[I][J]	u_rot.by_r[17][1]$_SDFFE_PP0P_/QN	u_rot.xv[18][19]$_SDFFE_PP0P_/D
9	-0.3720	u_rot.ph_r[I][J]	u_rot.xv[I][J]	u_rot.ph_r[9][24]$_SDFFE_PP0P_/Q	u_rot.xv[10][19]$_SDFFE_PP0P_/D
10	-0.3599	i_yval[I]	u_vec.xv[I][J]	i_yval[11]	u_vec.xv[0][23]$_SDFFE_PP0P_/D
11	-0.3579	i_yval[I]	u_vec.yv[I][J]	i_yval[11]	u_vec.yv[0][23]$_SDFFE_PP0P_/D
12	-0.3264	u_rot.yv_r[I][J]	u_rot.xv[I][J]	u_rot.yv_r[3][7]$_SDFFE_PP0P_/QN	u_rot.xv[4][19]$_SDFFE_PP0P_/D
13	-0.3249	u_vec.bx_r[I][J]	u_vec.yv[I][J]	u_vec.bx_r[20][0]$_SDFFE_PP0P_/QN	u_vec.yv[21][24]$_SDFFE_PP0P_/D
14	-0.3185	u_vec.by_r[I][J]	u_vec.xv[I][J]	u_vec.by_r[7][3]$_SDFFE_PP0P_/QN	u_vec.xv[8][24]$_SDFFE_PP0P_/D
15	-0.3181	u_rot.ph_r[I][J]	u_rot.yv[I][J]	u_rot.ph_r[9][24]$_SDFFE_PP0P_/Q	u_rot.yv[10][18]$_SDFFE_PP0P_/D
16	-0.2982	i_yval[I]	u_rot.xv[I][J]	i_yval[5]	u_rot.xv[0][16]$_SDFFE_PP0P_/D
17	-0.2920	i_xval[I]	u_rot.xv[I][J]	i_xval[1]	u_rot.xv[0][17]$_SDFFE_PP0P_/D
18	-0.2864	u_rot.dir_r[I]	u_rot.xv[I][J]	u_rot.dir_r[17]$_SDFFE_PP0P_/Q	u_rot.xv[18][19]$_SDFFE_PP0P_/D
19	-0.2765	u_rot.xv_r[I][J]	u_rot.yv[I][J]	u_rot.xv_r[15][18]$_SDFFE_PP0P_/QN	u_rot.yv[16][19]$_SDFFE_PP0P_/D
20	-0.2752	u_rot.dir_r[I]	u_rot.yv[I][J]	u_rot.dir_r[18]$_SDFFE_PP0P_/Q	u_rot.yv[19][18]$_SDFFE_PP0P_/D
21	-0.2708	u_rot.bx_r[I][J]	u_rot.yv[I][J]	u_rot.bx_r[18][0]$_SDFFE_PP0P_/Q	u_rot.yv[19][18]$_SDFFE_PP0P_/D
22	-0.2653	u_vec.xv_r[I][J]	u_vec.xv[I][J]	u_vec.xv_r[1][4]$_SDFFE_PP0P_/QN	u_vec.xv[2][22]$_SDFFE_PP0P_/D
23	-0.2632	u_vec.dir_r[I]	u_vec.ph[I][J]	u_vec.dir_r[18]$_SDFFE_PP0P_/Q	u_vec.ph[19][24]$_SDFFE_PP0P_/D
24	-0.2578	u_vec.yv_r[I][J]	u_vec.ph[I][J]	u_vec.yv_r[4][24]$_SDFFE_PP0P_/QN	u_vec.ph[5][25]$_SDFFE_PP0P_/D
25	-0.2413	i_xval[I]	u_rot.yv[I][J]	i_xval[7]	u_rot.yv[0][18]$_SDFFE_PP0P_/D
26	-0.1925	i_yval[I]	u_rot.yv[I][J]	i_yval[1]	u_rot.yv[0][17]$_SDFFE_PP0P_/D
27	-0.1900	u_rot.ph_r[I][J]	u_rot.ph[I][J]	u_rot.ph_r[14][24]$_SDFFE_PP0P_/QN	u_rot.ph[15][23]$_SDFFE_PP0P_/D
28	-0.1510	u_rot.dir_r[I]	u_rot.ph[I][J]	u_rot.dir_r[17]$_SDFFE_PP0P_/QN	u_rot.ph[18][21]$_SDFFE_PP0P_/D
29	-0.1462	u_vec.ph_r[I][J]	u_vec.ph[I][J]	u_vec.ph_r[4][2]$_SDFFE_PP0P_/Q	u_vec.ph[5][25]$_SDFFE_PP0P_/D
30	-0.1121	u_rot.xv_r[I][J]	u_rot.xv[I][J]	u_rot.xv_r[17][2]$_SDFFE_PP0P_/Q	u_rot.xv[18][19]$_SDFFE_PP0P_/D
31	-0.1063	i_phase[I]	u_rot.yv[I][J]	i_phase[22]	u_rot.yv[0][10]$_SDFFE_PP0P_/D
32	-0.0948	i_phase[I]	u_rot.xv[I][J]	i_phase[23]	u_rot.xv[0][17]$_SDFFE_PP0P_/D
33	-0.0814	u_rot.yv_r[I][J]	u_rot.yv[I][J]	u_rot.yv_r[18][2]$_SDFFE_PP0P_/Q	u_rot.yv[19][18]$_SDFFE_PP0P_/D
34	-0.0740	i_ce	u_vec.dir_r[I]	i_ce	u_vec.dir_r[22]$_SDFFE_PP0P_/D
35	-0.0692	i_reset	u_vec.ph[I][J]	i_reset	u_vec.ph[12][23]$_SDFFE_PP0P_/D
36	-0.0692	i_reset	u_vec.xv[I][J]	i_reset	u_vec.xv[3][23]$_SDFFE_PP0P_/D
37	-0.0689	i_reset	u_rot.ph[I][J]	i_reset	u_rot.ph[16][17]$_SDFFE_PP0P_/D
38	-0.0681	i_ce	u_rot.xv[I][J]	i_ce	u_rot.xv[1][19]$_SDFFE_PP0P_/D
39	-0.0674	i_ce	u_vec.xv[I][J]	i_ce	u_vec.xv[11][22]$_SDFFE_PP0P_/D
40	-0.0671	i_ce	u_vec.ph_r[I][J]	i_ce	u_vec.ph_r[11][25]$_SDFFE_PP0P_/D
41	-0.0671	i_ce	u_vec.xv_r[I][J]	i_ce	u_vec.xv_r[10][24]$_SDFFE_PP0P_/D
42	-0.0671	i_ce	u_vec.yv_r[I][J]	i_ce	u_vec.yv_r[10][24]$_SDFFE_PP0P_/D
43	-0.0671	i_ce	u_rot.ph[I][J]	i_ce	u_rot.ph[0][0]$_SDFFE_PP0P_/D
44	-0.0671	i_ce	u_rot.ph_r[I][J]	i_ce	u_rot.ph_r[0][24]$_SDFFE_PP0P_/D
45	-0.0671	i_ce	u_rot.xv_r[I][J]	i_ce	u_rot.xv_r[0][10]$_SDFFE_PP0P_/D
46	-0.0671	i_ce	u_rot.yv[I][J]	i_ce	u_rot.yv[10][14]$_SDFFE_PP0P_/D
47	-0.0671	i_ce	u_rot.yv_r[I][J]	i_ce	u_rot.yv_r[0][10]$_SDFFE_PP0P_/D
48	-0.0671	i_ce	u_vec.ax[I]	i_ce	u_vec.ax[0]$_SDFFE_PP0P_/D
49	-0.0671	i_ce	u_vec.bx_r[I][J]	i_ce	u_vec.bx_r[17][0]$_SDFFE_PP0P_/D
50	-0.0671	i_ce	u_vec.by_r[I][J]	i_ce	u_vec.by_r[18][0]$_SDFFE_PP0P_/D
51	-0.0671	i_ce	u_vec.o_aux	i_ce	u_vec.o_aux$_SDFFE_PP0P_/D
52	-0.0671	i_ce	u_vec.o_phase[I]	i_ce	u_vec.o_phase[11]$_SDFFE_PP0P_/D
53	-0.0671	i_ce	u_vec.ph[I][J]	i_ce	u_vec.ph[10][0]$_SDFFE_PP0P_/D
54	-0.0671	i_ce	u_vec.yv[I][J]	i_ce	u_vec.yv[0][17]$_SDFFE_PP0P_/D
55	-0.0671	i_ce	u_rot.bx_r[I][J]	i_ce	u_rot.bx_r[16][2]$_SDFFE_PP0P_/D
56	-0.0671	i_ce	u_rot.by_r[I][J]	i_ce	u_rot.by_r[16][2]$_SDFFE_PP0P_/D
57	-0.0671	i_ce	u_rot.dir_r[I]	i_ce	u_rot.dir_r[16]$_SDFFE_PP0P_/D
58	-0.0637	i_ce	u_rot.o_xval[I]	i_ce	u_rot.o_xval[17]$_SDFFE_PP0P_/D
59	-0.0637	i_ce	u_rot.o_yval[I]	i_ce	u_rot.o_yval[17]$_SDFFE_PP0P_/D
60	-0.0624	i_ce	u_vec.o_mag[I]	i_ce	u_vec.o_mag[10]$_SDFFE_PP0P_/D
61	-0.0386	i_reset	u_vec.yv[I][J]	i_reset	u_vec.yv[12][15]$_SDFFE_PP0P_/D
62	-0.0385	i_reset	u_rot.xv[I][J]	i_reset	u_rot.xv[10][11]$_SDFFE_PP0P_/D
63	-0.0385	i_reset	u_rot.yv[I][J]	i_reset	u_rot.yv[10][13]$_SDFFE_PP0P_/D
64	-0.0337	u_vec.by_r[I][J]	u_vec.yv[I][J]	u_vec.by_r[7][3]$_SDFFE_PP0P_/Q	u_vec.yv[8][22]$_SDFFE_PP0P_/D
65	-0.0292	i_reset	u_vec.o_mag[I]	i_reset	u_vec.o_mag[0]$_SDFFE_PP0P_/D
66	-0.0206	i_xval[I]	u_vec.ph[I][J]	i_xval[17]	u_vec.ph[0][25]$_SDFFE_PP0P_/D
67	-0.0190	u_rot.xv[I][J]	u_rot.o_xval[I]	u_rot.xv[21][2]$_SDFFE_PP0P_/Q	u_rot.o_xval[16]$_SDFFE_PP0P_/D
68	-0.0190	u_rot.yv[I][J]	u_rot.o_yval[I]	u_rot.yv[21][2]$_SDFFE_PP0P_/Q	u_rot.o_yval[16]$_SDFFE_PP0P_/D
69	0.0040	u_vec.xv[I][J]	u_vec.o_mag[I]	u_vec.xv[23][7]$_SDFFE_PP0P_/QN	u_vec.o_mag[17]$_SDFFE_PP0P_/D
70	0.0116	i_reset	u_rot.bx_r[I][J]	i_reset	u_rot.bx_r[16][0]$_SDFFE_PP0P_/D
71	0.0116	i_reset	u_rot.by_r[I][J]	i_reset	u_rot.by_r[16][0]$_SDFFE_PP0P_/D
72	0.0116	i_reset	u_rot.ph_r[I][J]	i_reset	u_rot.ph_r[16][10]$_SDFFE_PP0P_/D
73	0.0116	i_reset	u_rot.xv_r[I][J]	i_reset	u_rot.xv_r[16][0]$_SDFFE_PP0P_/D
74	0.0116	i_reset	u_rot.yv_r[I][J]	i_reset	u_rot.yv_r[16][10]$_SDFFE_PP0P_/D
75	0.0210	i_reset	u_vec.ph_r[I][J]	i_reset	u_vec.ph_r[10][25]$_SDFFE_PP0P_/D
76	0.0210	i_reset	u_vec.xv_r[I][J]	i_reset	u_vec.xv_r[10][24]$_SDFFE_PP0P_/D
77	0.0210	i_reset	u_vec.yv_r[I][J]	i_reset	u_vec.yv_r[10][24]$_SDFFE_PP0P_/D
78	0.0234	i_reset	u_rot.o_xval[I]	i_reset	u_rot.o_xval[11]$_SDFFE_PP0P_/D
79	0.0234	i_reset	u_rot.o_yval[I]	i_reset	u_rot.o_yval[16]$_SDFFE_PP0P_/D
80	0.0253	i_reset	u_vec.bx_r[I][J]	i_reset	u_vec.bx_r[17][0]$_SDFFE_PP0P_/D
81	0.0253	i_reset	u_vec.by_r[I][J]	i_reset	u_vec.by_r[18][0]$_SDFFE_PP0P_/D
82	0.0256	i_reset	u_vec.ax[I]	i_reset	u_vec.ax[0]$_SDFFE_PP0P_/D
83	0.0256	i_reset	u_vec.o_phase[I]	i_reset	u_vec.o_phase[11]$_SDFFE_PP0P_/D
84	0.0379	i_yval[I]	u_vec.ph[I][J]	i_yval[17]	u_vec.ph[0][25]$_SDFFE_PP0P_/D
85	0.0641	i_reset	u_vec.dir_r[I]	i_reset	u_vec.dir_r[22]$_SDFFE_PP0P_/D
86	0.0641	i_reset	u_vec.o_aux	i_reset	u_vec.o_aux$_SDFFE_PP0P_/D
87	0.0768	i_phase[I]	u_rot.ph[I][J]	i_phase[22]	u_rot.ph[0][24]$_SDFFE_PP0P_/D
88	0.0769	u_vec.yv_r[I][J]	u_vec.yv_r[I][J]	u_vec.yv_r[13][24]$_SDFFE_PP0P_/Q	u_vec.yv_r[13][24]$_SDFFE_PP0P_/D
89	0.0771	i_reset	u_rot.dir_r[I]	i_reset	u_rot.dir_r[16]$_SDFFE_PP0P_/D
90	0.0872	u_vec.bx_r[I][J]	u_vec.xv[I][J]	u_vec.bx_r[18][0]$_SDFFE_PP0P_/Q	u_vec.xv[19][23]$_SDFFE_PP0P_/D
91	0.1114	u_vec.dir_r[I]	u_vec.dir_r[I]	u_vec.dir_r[18]$_SDFFE_PP0P_/Q	u_vec.dir_r[18]$_SDFFE_PP0P_/D
92	0.1473	u_rot.ph_r[I][J]	u_rot.ph_r[I][J]	u_rot.ph_r[1][24]$_SDFFE_PP0P_/Q	u_rot.ph_r[1][24]$_SDFFE_PP0P_/D
93	0.2016	u_rot.by_r[I][J]	u_rot.yv[I][J]	u_rot.by_r[16][0]$_SDFFE_PP0P_/Q	u_rot.yv[17][18]$_SDFFE_PP0P_/D
94	0.2218	u_rot.bx_r[I][J]	u_rot.xv[I][J]	u_rot.bx_r[18][0]$_SDFFE_PP0P_/Q	u_rot.xv[19][19]$_SDFFE_PP0P_/D
95	0.2561	u_vec.ax[I]	o_rot_aux	u_vec.ax[43]$_SDFFE_PP0P_/Q	o_rot_aux
96	0.2593	u_rot.o_xval[I]	o_rot_xval[I]	u_rot.o_xval[0]$_SDFFE_PP0P_/Q	o_rot_xval[0]
97	0.2593	u_rot.o_yval[I]	o_rot_yval[I]	u_rot.o_yval[0]$_SDFFE_PP0P_/Q	o_rot_yval[0]
98	0.2594	u_vec.o_aux	o_vec_aux	u_vec.o_aux$_SDFFE_PP0P_/Q	o_vec_aux
99	0.2594	u_vec.o_mag[I]	o_vec_mag[I]	u_vec.o_mag[10]$_SDFFE_PP0P_/Q	o_vec_mag[10]
100	0.2594	u_vec.o_phase[I]	o_vec_phase[I]	u_vec.o_phase[0]$_SDFFE_PP0P_/Q	o_vec_phase[0]
