# stage	1_synth
# top_module	sha512
# top_n	100
# kind	blocks
# skip_async	1
# include_full	1
# rank	worst_slack_ns	start	end	start_full	end_full
1	-0.2572	core.e_reg[I]	core.a_reg[I]	core.e_reg[33]$_DFFE_PN0P_/Q	core.a_reg[62]$_DFFE_PN0P_/D
2	-0.2064	core.f_reg[I]	core.a_reg[I]	core.f_reg[15]$_DFFE_PN0P_/Q	core.a_reg[62]$_DFFE_PN0P_/D
3	-0.1976	core.g_reg[I]	core.a_reg[I]	core.g_reg[15]$_DFFE_PN0P_/Q	core.a_reg[62]$_DFFE_PN0P_/D
4	-0.1852	address[I]	read_data[I]	address[4]	read_data[26]
5	-0.1413	core.e_reg[I]	core.e_reg[I]	core.e_reg[33]$_DFFE_PN0P_/Q	core.e_reg[63]$_DFFE_PN0P_/D
6	-0.1173	core.w_mem_inst.w_mem[I][J]	core.a_reg[I]	core.w_mem_inst.w_mem[0][15]$_DFFE_PN0P_/Q	core.a_reg[62]$_DFFE_PN0P_/D
7	-0.0905	core.f_reg[I]	core.e_reg[I]	core.f_reg[15]$_DFFE_PN0P_/Q	core.e_reg[63]$_DFFE_PN0P_/D
8	-0.0817	core.g_reg[I]	core.e_reg[I]	core.g_reg[15]$_DFFE_PN0P_/Q	core.e_reg[63]$_DFFE_PN0P_/D
9	-0.0014	core.w_mem_inst.w_mem[I][J]	core.e_reg[I]	core.w_mem_inst.w_mem[0][15]$_DFFE_PN0P_/Q	core.e_reg[63]$_DFFE_PN0P_/D
10	0.0198	core.k_data_reg[I]	core.a_reg[I]	core.k_data_reg[15]$_DFFE_PP_/Q	core.a_reg[62]$_DFFE_PN0P_/D
11	0.0264	address[I]	error	address[4]	error
12	0.1038	core.h_reg[I]	core.a_reg[I]	core.h_reg[15]$_DFFE_PN0P_/Q	core.a_reg[62]$_DFFE_PN0P_/D
13	0.1357	core.k_data_reg[I]	core.e_reg[I]	core.k_data_reg[15]$_DFFE_PP_/Q	core.e_reg[63]$_DFFE_PN0P_/D
14	0.2197	core.h_reg[I]	core.e_reg[I]	core.h_reg[15]$_DFFE_PN0P_/Q	core.e_reg[63]$_DFFE_PN0P_/D
15	0.2508	we	error	we	error
16	0.2578	cs	error	cs	error
17	0.4308	address[I]	block_reg[I][J]	address[4]	block_reg[28][10]$_DFFE_PN0P_/D
18	0.5213	address[I]	work_factor_num_reg[I]	address[6]	work_factor_num_reg[10]$_DFFE_PN0P_/D
19	0.5456	core.w_mem_inst.w_mem[I][J]	core.w_mem_inst.w_mem[I][J]	core.w_mem_inst.w_mem[14][7]$_DFFE_PN0P_/Q	core.w_mem_inst.w_mem[15][51]$_DFFE_PN0P_/D
20	0.5608	address[I]	work_factor_reg	address[6]	work_factor_reg$_DFFE_PN0P_/D
21	0.5612	address[I]	mode_reg[I]	address[6]	mode_reg[0]$_DFFE_PN1P_/D
22	0.5895	digest_reg[I]	read_data[I]	digest_reg[267]$_DFFE_PN0P_/Q	read_data[11]
23	0.5945	address[I]	init_reg	address[6]	init_reg$_DFF_PN0_/D
24	0.5945	address[I]	next_reg	address[6]	next_reg$_DFF_PN0_/D
25	0.6001	block_reg[I][J]	read_data[I]	block_reg[12][7]$_DFFE_PN0P_/Q	read_data[7]
26	0.6064	core.a_reg[I]	core.a_reg[I]	core.a_reg[35]$_DFFE_PN0P_/Q	core.a_reg[57]$_DFFE_PN0P_/D
27	0.6116	we	block_reg[I][J]	we	block_reg[19][10]$_DFFE_PN0P_/D
28	0.6146	cs	block_reg[I][J]	cs	block_reg[19][10]$_DFFE_PN0P_/D
29	0.6782	core.c_reg[I]	core.a_reg[I]	core.c_reg[1]$_DFFE_PN0P_/Q	core.a_reg[57]$_DFFE_PN0P_/D
30	0.6805	core.b_reg[I]	core.a_reg[I]	core.b_reg[1]$_DFFE_PN0P_/Q	core.a_reg[57]$_DFFE_PN0P_/D
31	0.7064	next_reg	read_data[I]	next_reg$_DFF_PN0_/Q	read_data[1]
32	0.7131	we	work_factor_num_reg[I]	we	work_factor_num_reg[10]$_DFFE_PN0P_/D
33	0.7160	cs	work_factor_num_reg[I]	cs	work_factor_num_reg[10]$_DFFE_PN0P_/D
34	0.7390	digest_valid_reg	read_data[I]	digest_valid_reg$_DFF_PN0_/Q	read_data[1]
35	0.7447	reset_n	core.k_data_reg[I]	reset_n	core.k_data_reg[21]$_DFFE_PP_/D
36	0.7484	init_reg	read_data[I]	init_reg$_DFF_PN0_/Q	read_data[0]
37	0.7827	ready_reg	read_data[I]	ready_reg$_DFF_PN0_/Q	read_data[0]
38	0.7973	we	work_factor_reg	we	work_factor_reg$_DFFE_PN0P_/D
39	0.7976	we	mode_reg[I]	we	mode_reg[0]$_DFFE_PN1P_/D
40	0.8002	cs	work_factor_reg	cs	work_factor_reg$_DFFE_PN0P_/D
41	0.8006	cs	mode_reg[I]	cs	mode_reg[0]$_DFFE_PN1P_/D
42	0.8030	work_factor_num_reg[I]	read_data[I]	work_factor_num_reg[1]$_DFFE_PN0P_/Q	read_data[1]
43	0.8059	write_data[I]	block_reg[I][J]	write_data[2]	block_reg[0][2]$_DFFE_PN0P_/D
44	0.8059	write_data[I]	work_factor_num_reg[I]	write_data[2]	work_factor_num_reg[2]$_DFFE_PN0P_/D
45	0.8059	write_data[I]	work_factor_reg	write_data[7]	work_factor_reg$_DFFE_PN0P_/D
46	0.8062	write_data[I]	mode_reg[I]	write_data[2]	mode_reg[0]$_DFFE_PN1P_/D
47	0.8132	work_factor_reg	read_data[I]	work_factor_reg$_DFFE_PN0P_/Q	read_data[7]
48	0.8250	mode_reg[I]	read_data[I]	mode_reg[1]$_DFFE_PN1P_/Q	read_data[3]
49	0.8309	we	init_reg	we	init_reg$_DFF_PN0_/D
50	0.8309	we	next_reg	we	next_reg$_DFF_PN0_/D
51	0.8338	cs	init_reg	cs	init_reg$_DFF_PN0_/D
52	0.8338	cs	next_reg	cs	next_reg$_DFF_PN0_/D
53	0.8355	write_data[I]	init_reg	write_data[0]	init_reg$_DFF_PN0_/D
54	0.8355	write_data[I]	next_reg	write_data[1]	next_reg$_DFF_PN0_/D
55	0.8510	core.f_reg[I]	core.HI_reg[J]	core.f_reg[23]$_DFFE_PN0P_/Q	core.H5_reg[61]$_DFFE_PN0P_/D
56	0.8538	core.HI_reg[J]	core.HI_reg[J]	core.H5_reg[22]$_DFFE_PN0P_/Q	core.H5_reg[61]$_DFFE_PN0P_/D
57	0.8552	core.g_reg[I]	core.HI_reg[J]	core.g_reg[0]$_DFFE_PN0P_/Q	core.H6_reg[62]$_DFFE_PN0P_/D
58	0.8646	core.c_reg[I]	core.HI_reg[J]	core.c_reg[7]$_DFFE_PN0P_/Q	core.H2_reg[63]$_DFFE_PN0P_/D
59	0.8679	core.work_factor_ctr_reg[I]	core.w_mem_inst.w_mem[I][J]	core.work_factor_ctr_reg[29]$_DFFE_PN0P_/Q	core.w_mem_inst.w_mem[0][16]$_DFFE_PN0P_/D
60	0.8714	core.b_reg[I]	core.HI_reg[J]	core.b_reg[0]$_DFFE_PN0P_/Q	core.H1_reg[32]$_DFFE_PN0P_/D
61	0.8765	core.d_reg[I]	core.e_reg[I]	core.d_reg[35]$_DFFE_PN0P_/Q	core.e_reg[63]$_DFFE_PN0P_/D
62	0.8786	core.e_reg[I]	core.HI_reg[J]	core.e_reg[20]$_DFFE_PN0P_/Q	core.H4_reg[61]$_DFFE_PN0P_/D
63	0.8887	core.h_reg[I]	core.HI_reg[J]	core.h_reg[15]$_DFFE_PN0P_/Q	core.H7_reg[63]$_DFFE_PN0P_/D
64	0.8951	core.a_reg[I]	core.HI_reg[J]	core.a_reg[11]$_DFFE_PN0P_/Q	core.H0_reg[60]$_DFFE_PN0P_/D
65	0.9033	core.work_factor_ctr_reg[I]	core.c_reg[I]	core.work_factor_ctr_reg[15]$_DFFE_PN0P_/Q	core.c_reg[49]$_DFFE_PN0P_/D
66	0.9047	core.work_factor_ctr_reg[I]	core.a_reg[I]	core.work_factor_ctr_reg[15]$_DFFE_PN0P_/Q	core.a_reg[11]$_DFFE_PN0P_/D
67	0.9047	core.work_factor_ctr_reg[I]	core.b_reg[I]	core.work_factor_ctr_reg[15]$_DFFE_PN0P_/Q	core.b_reg[10]$_DFFE_PN0P_/D
68	0.9047	core.work_factor_ctr_reg[I]	core.d_reg[I]	core.work_factor_ctr_reg[15]$_DFFE_PN0P_/Q	core.d_reg[0]$_DFFE_PN0P_/D
69	0.9047	core.work_factor_ctr_reg[I]	core.e_reg[I]	core.work_factor_ctr_reg[15]$_DFFE_PN0P_/Q	core.e_reg[0]$_DFFE_PN0P_/D
70	0.9047	core.work_factor_ctr_reg[I]	core.f_reg[I]	core.work_factor_ctr_reg[15]$_DFFE_PN0P_/Q	core.f_reg[47]$_DFFE_PN0P_/D
71	0.9047	core.work_factor_ctr_reg[I]	core.g_reg[I]	core.work_factor_ctr_reg[15]$_DFFE_PN0P_/Q	core.g_reg[10]$_DFFE_PN0P_/D
72	0.9047	core.work_factor_ctr_reg[I]	core.h_reg[I]	core.work_factor_ctr_reg[15]$_DFFE_PN0P_/Q	core.h_reg[0]$_DFFE_PN0P_/D
73	0.9093	core.work_factor_ctr_reg[I]	core.HI_reg[J]	core.work_factor_ctr_reg[17]$_DFFE_PN0P_/Q	core.H6_reg[62]$_DFFE_PN0P_/D
74	0.9119	work_factor_num_reg[I]	core.w_mem_inst.w_mem[I][J]	work_factor_num_reg[29]$_DFFE_PN0P_/QN	core.w_mem_inst.w_mem[0][16]$_DFFE_PN0P_/D
75	0.9164	core.round_ctr_reg[I]	core.k_data_reg[I]	core.round_ctr_reg[1]$_DFFE_PN0P_/Q	core.k_data_reg[37]$_DFFE_PP_/D
76	0.9173	core.work_factor_ctr_reg[I]	core.round_ctr_reg[I]	core.work_factor_ctr_reg[29]$_DFFE_PN0P_/Q	core.round_ctr_reg[0]$_DFFE_PN0P_/D
77	0.9203	work_factor_num_reg[I]	core.c_reg[I]	work_factor_num_reg[13]$_DFFE_PN0P_/QN	core.c_reg[49]$_DFFE_PN0P_/D
78	0.9217	work_factor_num_reg[I]	core.a_reg[I]	work_factor_num_reg[13]$_DFFE_PN0P_/QN	core.a_reg[11]$_DFFE_PN0P_/D
79	0.9217	work_factor_num_reg[I]	core.b_reg[I]	work_factor_num_reg[13]$_DFFE_PN0P_/QN	core.b_reg[10]$_DFFE_PN0P_/D
80	0.9217	work_factor_num_reg[I]	core.d_reg[I]	work_factor_num_reg[13]$_DFFE_PN0P_/QN	core.d_reg[0]$_DFFE_PN0P_/D
81	0.9217	work_factor_num_reg[I]	core.e_reg[I]	work_factor_num_reg[13]$_DFFE_PN0P_/QN	core.e_reg[0]$_DFFE_PN0P_/D
82	0.9217	work_factor_num_reg[I]	core.f_reg[I]	work_factor_num_reg[13]$_DFFE_PN0P_/QN	core.f_reg[47]$_DFFE_PN0P_/D
83	0.9217	work_factor_num_reg[I]	core.g_reg[I]	work_factor_num_reg[13]$_DFFE_PN0P_/QN	core.g_reg[10]$_DFFE_PN0P_/D
84	0.9217	work_factor_num_reg[I]	core.h_reg[I]	work_factor_num_reg[13]$_DFFE_PN0P_/QN	core.h_reg[0]$_DFFE_PN0P_/D
85	0.9260	core.d_reg[I]	core.HI_reg[J]	core.d_reg[9]$_DFFE_PN0P_/Q	core.H3_reg[35]$_DFFE_PN0P_/D
86	0.9490	core.work_factor_ctr_reg[I]	core.digest_valid_reg	core.work_factor_ctr_reg[15]$_DFFE_PN0P_/Q	core.digest_valid_reg$_DFFE_PN0P_/D
87	0.9494	core.work_factor_ctr_reg[I]	core.ready_reg	core.work_factor_ctr_reg[15]$_DFFE_PN0P_/Q	core.ready_reg$_DFFE_PN1P_/D
88	0.9547	work_factor_num_reg[I]	core.HI_reg[J]	work_factor_num_reg[17]$_DFFE_PN1P_/QN	core.H6_reg[62]$_DFFE_PN0P_/D
89	0.9613	work_factor_num_reg[I]	core.round_ctr_reg[I]	work_factor_num_reg[29]$_DFFE_PN0P_/QN	core.round_ctr_reg[0]$_DFFE_PN0P_/D
90	0.9661	work_factor_num_reg[I]	core.digest_valid_reg	work_factor_num_reg[13]$_DFFE_PN0P_/QN	core.digest_valid_reg$_DFFE_PN0P_/D
91	0.9665	work_factor_num_reg[I]	core.ready_reg	work_factor_num_reg[13]$_DFFE_PN0P_/QN	core.ready_reg$_DFFE_PN1P_/D
92	0.9985	core.round_ctr_reg[I]	core.work_factor_ctr_reg[I]	core.round_ctr_reg[1]$_DFFE_PN0P_/Q	core.work_factor_ctr_reg[27]$_DFFE_PN0P_/D
93	0.9999	core.work_factor_ctr_reg[I]	core.work_factor_ctr_reg[I]	core.work_factor_ctr_reg[1]$_DFFE_PN0P_/Q	core.work_factor_ctr_reg[27]$_DFFE_PN0P_/D
94	1.0514	core.shaI_ctrl_reg[J]	core.a_reg[I]	core.sha512_ctrl_reg[2]$_DFF_PN0_/Q	core.a_reg[63]$_DFFE_PN0P_/D
95	1.0579	core.shaI_ctrl_reg[J]	core.round_ctr_reg[I]	core.sha512_ctrl_reg[2]$_DFF_PN0_/Q	core.round_ctr_reg[2]$_DFFE_PN0P_/D
96	1.0598	core.shaI_ctrl_reg[J]	core.b_reg[I]	core.sha512_ctrl_reg[2]$_DFF_PN0_/Q	core.b_reg[15]$_DFFE_PN0P_/D
97	1.0602	core.shaI_ctrl_reg[J]	core.c_reg[I]	core.sha512_ctrl_reg[2]$_DFF_PN0_/Q	core.c_reg[4]$_DFFE_PN0P_/D
98	1.0616	core.round_ctr_reg[I]	core.round_ctr_reg[I]	core.round_ctr_reg[1]$_DFFE_PN0P_/Q	core.round_ctr_reg[6]$_DFFE_PN0P_/D
99	1.0616	core.shaI_ctrl_reg[J]	core.k_data_reg[I]	core.sha512_ctrl_reg[2]$_DFF_PN0_/Q	core.k_data_reg[37]$_DFFE_PP_/D
100	1.0716	core.shaI_ctrl_reg[J]	core.e_reg[I]	core.sha512_ctrl_reg[2]$_DFF_PN0_/Q	core.e_reg[39]$_DFFE_PN0P_/D
