# stage	1_synth
# top_module	cordic_engine
# top_n	100
# kind	blocks
# skip_async	1
# include_full	1
# rank	worst_slack_ns	start	end	start_full	end_full
1	-0.5434	i_xval[I]	u_vec.yv[I][J]	i_xval[3]	u_vec.yv[0][23]$_SDFFE_PP0P_/D
2	-0.5009	i_xval[I]	u_vec.xv[I][J]	i_xval[1]	u_vec.xv[0][24]$_SDFFE_PP0P_/D
3	-0.4500	u_vec.yv_r[I][J]	u_vec.yv[I][J]	u_vec.yv_r[2][24]$_SDFFE_PP0P_/Q	u_vec.yv[3][24]$_SDFFE_PP0P_/D
4	-0.4416	u_vec.yv_r[I][J]	u_vec.xv[I][J]	u_vec.yv_r[17][24]$_SDFFE_PP0P_/Q	u_vec.xv[18][23]$_SDFFE_PP0P_/D
5	-0.4000	u_vec.dir_r[I]	u_vec.xv[I][J]	u_vec.dir_r[20]$_SDFFE_PP0P_/Q	u_vec.xv[21][23]$_SDFFE_PP0P_/D
6	-0.3733	u_vec.dir_r[I]	u_vec.yv[I][J]	u_vec.dir_r[20]$_SDFFE_PP0P_/Q	u_vec.yv[21][24]$_SDFFE_PP0P_/D
7	-0.3507	u_vec.xv_r[I][J]	u_vec.yv[I][J]	u_vec.xv_r[12][16]$_SDFFE_PP0P_/QN	u_vec.yv[13][19]$_SDFFE_PP0P_/D
8	-0.3410	i_yval[I]	u_vec.yv[I][J]	i_yval[5]	u_vec.yv[0][23]$_SDFFE_PP0P_/D
9	-0.3389	u_vec.by_r[I][J]	u_vec.xv[I][J]	u_vec.by_r[1][5]$_SDFFE_PP0P_/QN	u_vec.xv[2][23]$_SDFFE_PP0P_/D
10	-0.3265	u_rot.ph[I][J]	u_rot.xv[I][J]	u_rot.ph[0][24]$_SDFFE_PP0P_/Q	u_rot.xv[1][17]$_SDFFE_PP0P_/D
11	-0.3201	i_yval[I]	u_vec.xv[I][J]	i_yval[4]	u_vec.xv[0][24]$_SDFFE_PP0P_/D
12	-0.3176	u_rot.ph[I][J]	u_rot.yv[I][J]	u_rot.ph[1][24]$_SDFFE_PP0P_/Q	u_rot.yv[2][17]$_SDFFE_PP0P_/D
13	-0.3057	u_rot.yv[I][J]	u_rot.xv[I][J]	u_rot.yv[17][19]$_SDFFE_PP0P_/QN	u_rot.xv[18][17]$_SDFFE_PP0P_/D
14	-0.2865	i_xval[I]	u_rot.yv[I][J]	i_xval[1]	u_rot.yv[0][17]$_SDFFE_PP0P_/D
15	-0.2849	i_yval[I]	u_rot.yv[I][J]	i_yval[2]	u_rot.yv[0][16]$_SDFFE_PP0P_/D
16	-0.2784	u_vec.xv_r[I][J]	u_vec.xv[I][J]	u_vec.xv_r[0][5]$_SDFFE_PP0P_/QN	u_vec.xv[1][20]$_SDFFE_PP0P_/D
17	-0.2726	u_rot.xv[I][J]	u_rot.yv[I][J]	u_rot.xv[3][7]$_SDFFE_PP0P_/QN	u_rot.yv[4][17]$_SDFFE_PP0P_/D
18	-0.2708	u_vec.bx_r[I][J]	u_vec.yv[I][J]	u_vec.bx_r[20][0]$_SDFFE_PP0P_/QN	u_vec.yv[21][24]$_SDFFE_PP0P_/D
19	-0.2550	i_xval[I]	u_rot.xv[I][J]	i_xval[1]	u_rot.xv[0][11]$_SDFFE_PP0P_/D
20	-0.2509	u_vec.by_r[I][J]	u_vec.yv[I][J]	u_vec.by_r[1][2]$_SDFFE_PP0P_/QN	u_vec.yv[2][24]$_SDFFE_PP0P_/D
21	-0.2461	u_rot.ph[I][J]	u_rot.ph[I][J]	u_rot.ph[14][24]$_SDFFE_PP0P_/QN	u_rot.ph[15][24]$_SDFFE_PP0P_/D
22	-0.2284	u_vec.dir_r[I]	u_vec.ph[I][J]	u_vec.dir_r[22]$_SDFFE_PP0P_/Q	u_vec.ph[23][25]$_SDFFE_PP0P_/D
23	-0.2116	u_vec.yv_r[I][J]	u_vec.ph[I][J]	u_vec.yv_r[11][24]$_SDFFE_PP0P_/Q	u_vec.ph[12][23]$_SDFFE_PP0P_/D
24	-0.1864	i_yval[I]	u_rot.xv[I][J]	i_yval[2]	u_rot.xv[0][12]$_SDFFE_PP0P_/D
25	-0.1144	u_vec.ph_r[I][J]	u_vec.ph[I][J]	u_vec.ph_r[7][0]$_SDFFE_PP0P_/Q	u_vec.ph[8][22]$_SDFFE_PP0P_/D
26	-0.1106	u_rot.xv[I][J]	u_rot.xv[I][J]	u_rot.xv[0][1]$_SDFFE_PP0P_/Q	u_rot.xv[1][17]$_SDFFE_PP0P_/D
27	-0.1050	i_phase[I]	u_rot.xv[I][J]	i_phase[23]	u_rot.xv[0][13]$_SDFFE_PP0P_/D
28	-0.1000	i_phase[I]	u_rot.yv[I][J]	i_phase[23]	u_rot.yv[0][16]$_SDFFE_PP0P_/D
29	-0.0867	i_reset	u_rot.ph[I][J]	i_reset	u_rot.ph[2][19]$_SDFFE_PP0P_/D
30	-0.0867	i_reset	u_rot.xv[I][J]	i_reset	u_rot.xv[1][16]$_SDFFE_PP0P_/D
31	-0.0867	i_reset	u_rot.yv[I][J]	i_reset	u_rot.yv[2][12]$_SDFFE_PP0P_/D
32	-0.0867	i_reset	u_vec.ph[I][J]	i_reset	u_vec.ph[13][11]$_SDFFE_PP0P_/D
33	-0.0867	i_reset	u_vec.xv[I][J]	i_reset	u_vec.xv[12][16]$_SDFFE_PP0P_/D
34	-0.0867	i_reset	u_vec.yv[I][J]	i_reset	u_vec.yv[12][17]$_SDFFE_PP0P_/D
35	-0.0773	i_reset	u_vec.o_mag[I]	i_reset	u_vec.o_mag[0]$_SDFFE_PP0P_/D
36	-0.0493	i_ce	u_rot.ph[I][J]	i_ce	u_rot.ph[12][24]$_SDFFE_PP0P_/D
37	-0.0491	i_ce	u_vec.yv[I][J]	i_ce	u_vec.yv[3][24]$_SDFFE_PP0P_/D
38	-0.0490	i_ce	u_rot.xv[I][J]	i_ce	u_rot.xv[1][16]$_SDFFE_PP0P_/D
39	-0.0490	i_ce	u_rot.yv[I][J]	i_ce	u_rot.yv[2][12]$_SDFFE_PP0P_/D
40	-0.0490	i_ce	u_vec.ph[I][J]	i_ce	u_vec.ph[13][11]$_SDFFE_PP0P_/D
41	-0.0490	i_ce	u_vec.xv[I][J]	i_ce	u_vec.xv[12][16]$_SDFFE_PP0P_/D
42	-0.0417	u_vec.xv[I][J]	u_vec.o_mag[I]	u_vec.xv[23][7]$_SDFFE_PP0P_/QN	u_vec.o_mag[14]$_SDFFE_PP0P_/D
43	-0.0396	i_ce	u_vec.o_mag[I]	i_ce	u_vec.o_mag[0]$_SDFFE_PP0P_/D
44	-0.0342	i_xval[I]	u_vec.ph[I][J]	i_xval[17]	u_vec.ph[0][25]$_SDFFE_PP0P_/D
45	-0.0312	i_ce	u_rot.o_xval[I]	i_ce	u_rot.o_xval[17]$_SDFFE_PP0P_/D
46	-0.0312	i_ce	u_rot.o_yval[I]	i_ce	u_rot.o_yval[17]$_SDFFE_PP0P_/D
47	-0.0293	i_ce	u_vec.xv_r[I][J]	i_ce	u_vec.xv_r[7][13]$_SDFFE_PP0P_/D
48	-0.0290	i_ce	u_vec.ax[I]	i_ce	u_vec.ax[45]$_SDFFE_PP0P_/D
49	-0.0290	i_ce	u_vec.by_r[I][J]	i_ce	u_vec.by_r[1][10]$_SDFFE_PP0P_/D
50	-0.0290	i_ce	u_vec.yv_r[I][J]	i_ce	u_vec.yv_r[7][0]$_SDFFE_PP0P_/D
51	-0.0260	i_ce	u_vec.ph_r[I][J]	i_ce	u_vec.ph_r[3][25]$_SDFFE_PP0P_/D
52	-0.0258	i_ce	u_vec.bx_r[I][J]	i_ce	u_vec.bx_r[17][0]$_SDFFE_PP0P_/D
53	-0.0230	u_rot.yv[I][J]	u_rot.yv[I][J]	u_rot.yv[15][2]$_SDFFE_PP0P_/Q	u_rot.yv[16][17]$_SDFFE_PP0P_/D
54	-0.0196	i_ce	u_vec.o_phase[I]	i_ce	u_vec.o_phase[10]$_SDFFE_PP0P_/D
55	-0.0185	u_rot.xv[I][J]	u_rot.o_xval[I]	u_rot.xv[21][2]$_SDFFE_PP0P_/Q	u_rot.o_xval[16]$_SDFFE_PP0P_/D
56	-0.0129	i_yval[I]	u_vec.ph[I][J]	i_yval[17]	u_vec.ph[0][25]$_SDFFE_PP0P_/D
57	0.0107	i_reset	u_vec.xv_r[I][J]	i_reset	u_vec.xv_r[7][23]$_SDFFE_PP0P_/D
58	0.0141	i_reset	u_vec.ph_r[I][J]	i_reset	u_vec.ph_r[3][25]$_SDFFE_PP0P_/D
59	0.0141	i_reset	u_vec.yv_r[I][J]	i_reset	u_vec.yv_r[4][24]$_SDFFE_PP0P_/D
60	0.0308	i_ce	u_vec.dir_r[I]	i_ce	u_vec.dir_r[22]$_SDFFE_PP0P_/D
61	0.0322	i_reset	u_vec.ax[I]	i_reset	u_vec.ax[35]$_SDFFE_PP0P_/D
62	0.0332	i_ce	u_vec.o_aux	i_ce	u_vec.o_aux$_SDFFE_PP0P_/D
63	0.0358	i_reset	u_rot.o_xval[I]	i_reset	u_rot.o_xval[0]$_SDFFE_PP0P_/D
64	0.0358	i_reset	u_rot.o_yval[I]	i_reset	u_rot.o_yval[0]$_SDFFE_PP0P_/D
65	0.0367	u_vec.bx_r[I][J]	u_vec.xv[I][J]	u_vec.bx_r[17][0]$_SDFFE_PP0P_/Q	u_vec.xv[18][23]$_SDFFE_PP0P_/D
66	0.0380	i_reset	u_vec.bx_r[I][J]	i_reset	u_vec.bx_r[18][0]$_SDFFE_PP0P_/D
67	0.0380	i_reset	u_vec.by_r[I][J]	i_reset	u_vec.by_r[18][0]$_SDFFE_PP0P_/D
68	0.0398	i_reset	u_vec.o_phase[I]	i_reset	u_vec.o_phase[10]$_SDFFE_PP0P_/D
69	0.0425	i_reset	u_vec.dir_r[I]	i_reset	u_vec.dir_r[18]$_SDFFE_PP0P_/D
70	0.0425	i_reset	u_vec.o_aux	i_reset	u_vec.o_aux$_SDFFE_PP0P_/D
71	0.0430	i_phase[I]	u_rot.ph[I][J]	i_phase[22]	u_rot.ph[0][22]$_SDFFE_PP0P_/D
72	0.0486	u_rot.yv[I][J]	u_rot.o_yval[I]	u_rot.yv[21][2]$_SDFFE_PP0P_/Q	u_rot.o_yval[10]$_SDFFE_PP0P_/D
73	0.0763	u_vec.yv_r[I][J]	u_vec.yv_r[I][J]	u_vec.yv_r[13][24]$_SDFFE_PP0P_/Q	u_vec.yv_r[13][24]$_SDFFE_PP0P_/D
74	0.1058	u_vec.dir_r[I]	u_vec.dir_r[I]	u_vec.dir_r[20]$_SDFFE_PP0P_/Q	u_vec.dir_r[20]$_SDFFE_PP0P_/D
75	0.2561	u_vec.ax[I]	o_rot_aux	u_vec.ax[22]$_SDFFE_PP0P_/Q	o_rot_aux
76	0.2593	u_rot.o_xval[I]	o_rot_xval[I]	u_rot.o_xval[0]$_SDFFE_PP0P_/Q	o_rot_xval[0]
77	0.2593	u_rot.o_yval[I]	o_rot_yval[I]	u_rot.o_yval[0]$_SDFFE_PP0P_/Q	o_rot_yval[0]
78	0.2594	u_vec.o_aux	o_vec_aux	u_vec.o_aux$_SDFFE_PP0P_/Q	o_vec_aux
79	0.2594	u_vec.o_mag[I]	o_vec_mag[I]	u_vec.o_mag[15]$_SDFFE_PP0P_/Q	o_vec_mag[15]
80	0.2594	u_vec.o_phase[I]	o_vec_phase[I]	u_vec.o_phase[0]$_SDFFE_PP0P_/Q	o_vec_phase[0]
81	0.2758	i_aux	u_vec.ax[I]	i_aux	u_vec.ax[0]$_SDFFE_PP0P_/D
82	0.3138	u_vec.xv[I][J]	u_vec.xv[I][J]	u_vec.xv[0][21]$_SDFFE_PP0P_/Q	u_vec.xv[0][21]$_SDFFE_PP0P_/D
83	0.3173	u_vec.yv[I][J]	u_vec.yv[I][J]	u_vec.yv[12][21]$_SDFFE_PP0P_/Q	u_vec.yv[12][21]$_SDFFE_PP0P_/D
84	0.3377	u_vec.xv_r[I][J]	u_vec.xv_r[I][J]	u_vec.xv_r[14][24]$_SDFFE_PP0P_/Q	u_vec.xv_r[14][24]$_SDFFE_PP0P_/D
85	0.3500	u_vec.ph[I][J]	u_vec.ph[I][J]	u_vec.ph[19][19]$_SDFFE_PP0P_/Q	u_vec.ph[19][19]$_SDFFE_PP0P_/D
86	0.3668	u_vec.yv[I][J]	u_vec.yv_r[I][J]	u_vec.yv[3][24]$_SDFFE_PP0P_/Q	u_vec.yv_r[3][24]$_SDFFE_PP0P_/D
87	0.3670	u_vec.xv[I][J]	u_vec.xv_r[I][J]	u_vec.xv[14][24]$_SDFFE_PP0P_/Q	u_vec.xv_r[14][24]$_SDFFE_PP0P_/D
88	0.3690	u_rot.o_xval[I]	u_rot.o_xval[I]	u_rot.o_xval[0]$_SDFFE_PP0P_/Q	u_rot.o_xval[0]$_SDFFE_PP0P_/D
89	0.3690	u_rot.o_yval[I]	u_rot.o_yval[I]	u_rot.o_yval[0]$_SDFFE_PP0P_/Q	u_rot.o_yval[0]$_SDFFE_PP0P_/D
90	0.3728	u_vec.bx_r[I][J]	u_vec.bx_r[I][J]	u_vec.bx_r[18][5]$_SDFFE_PP0P_/Q	u_vec.bx_r[18][5]$_SDFFE_PP0P_/D
91	0.3794	u_vec.ph_r[I][J]	u_vec.ph_r[I][J]	u_vec.ph_r[1][21]$_SDFFE_PP0P_/Q	u_vec.ph_r[1][21]$_SDFFE_PP0P_/D
92	0.3912	u_vec.by_r[I][J]	u_vec.by_r[I][J]	u_vec.by_r[1][2]$_SDFFE_PP0P_/Q	u_vec.by_r[1][2]$_SDFFE_PP0P_/D
93	0.4027	u_vec.o_mag[I]	u_vec.o_mag[I]	u_vec.o_mag[12]$_SDFFE_PP0P_/Q	u_vec.o_mag[12]$_SDFFE_PP0P_/D
94	0.4084	u_vec.ax[I]	u_vec.ax[I]	u_vec.ax[35]$_SDFFE_PP0P_/Q	u_vec.ax[35]$_SDFFE_PP0P_/D
95	0.4126	u_vec.o_phase[I]	u_vec.o_phase[I]	u_vec.o_phase[10]$_SDFFE_PP0P_/Q	u_vec.o_phase[10]$_SDFFE_PP0P_/D
96	0.4129	u_vec.o_aux	u_vec.o_aux	u_vec.o_aux$_SDFFE_PP0P_/Q	u_vec.o_aux$_SDFFE_PP0P_/D
97	0.4131	u_vec.ph[I][J]	u_vec.o_phase[I]	u_vec.ph[23][21]$_SDFFE_PP0P_/Q	u_vec.o_phase[21]$_SDFFE_PP0P_/D
98	0.4131	u_vec.ph[I][J]	u_vec.ph_r[I][J]	u_vec.ph[10][12]$_SDFFE_PP0P_/Q	u_vec.ph_r[10][12]$_SDFFE_PP0P_/D
99	0.4132	u_vec.xv[I][J]	u_vec.bx_r[I][J]	u_vec.xv[17][19]$_SDFFE_PP0P_/Q	u_vec.bx_r[17][1]$_SDFFE_PP0P_/D
100	0.4132	u_vec.yv[I][J]	u_vec.by_r[I][J]	u_vec.yv[21][23]$_SDFFE_PP0P_/Q	u_vec.by_r[21][1]$_SDFFE_PP0P_/D
