# stage	1_synth
# top_module	wb_conmax_top
# top_n	100
# kind	blocks
# skip_async	1
# include_full	1
# rank	worst_slack_ns	start	end	start_full	end_full
1	-0.1988	mI_addr_i[J]	sI_cyc_o	m3_addr_i[28]	s15_cyc_o
2	-0.1390	mI_stb_i	sI_cyc_o	m3_stb_i	s15_cyc_o
3	-0.1130	mI_addr_i[J]	sI_addr_o[J]	m3_addr_i[2]	s15_addr_o[2]
4	-0.1097	mI_addr_i[J]	sI_stb_o	m2_addr_i[28]	s1_stb_o
5	-0.0803	sI_err_i	mI_err_o	s4_err_i	m3_err_o
6	-0.0708	mI_stb_i	sI_stb_o	m2_stb_i	s1_stb_o
7	-0.0685	sI_ack_i	mI_ack_o	s4_ack_i	m3_ack_o
8	-0.0679	sI_data_i[J]	mI_data_o[J]	s15_data_i[13]	m1_data_o[13]
9	-0.0454	sI_rty_i	mI_rty_o	s12_rty_i	m0_rty_o
10	-0.0434	mI_data_i[J]	sI_data_o[J]	m3_data_i[1]	s15_data_o[1]
11	-0.0296	mI_sel_i[J]	sI_sel_o[J]	m6_sel_i[3]	s13_sel_o[3]
12	-0.0280	mI_we_i	sI_we_o	m1_we_i	s3_we_o
13	0.0162	mI.slv_sel_r[J]	mI_rty_o	m2.slv_sel_r[2]$_DFF_PP0_/Q	m2_rty_o
14	0.0508	mI.slv_sel_r[J]	mI_data_o[J]	m2.slv_sel_r[2]$_DFF_PP0_/Q	m2_data_o[17]
15	0.0577	mI.slv_sel_r[J]	mI_err_o	m7.slv_sel_r[2]$_DFF_PP0_/Q	m7_err_o
16	0.0729	mI.slv_sel_r[J]	mI_ack_o	m0.slv_sel_r[1]$_DFF_PP0_/Q	m0_ack_o
17	0.0742	sI.msel.sel[J]	mI_err_o	s15.msel.sel[0]$_SDFF_PP0_/Q	m6_err_o
18	0.0798	sI.msel.sel[J]	sI_addr_o[J]	s15.msel.sel[1]$_SDFF_PP0_/Q	s15_addr_o[23]
19	0.0816	sI.msel.sel[J]	sI_sel_o[J]	s15.msel.sel[1]$_SDFF_PP0_/Q	s15_sel_o[3]
20	0.0817	mI_addr_i[J]	rf.rf_dout[I]	m4_addr_i[4]	rf.rf_dout[5]$_SDFF_PN0_/D
21	0.0818	sI.msel.sel[J]	sI_data_o[J]	s15.msel.sel[1]$_SDFF_PP0_/Q	s15_data_o[17]
22	0.0864	sI.msel.sel[J]	mI_rty_o	s15.msel.sel[1]$_SDFF_PP0_/QN	m7_rty_o
23	0.0891	sI.msel.sel[J]	mI_ack_o	s15.msel.sel[1]$_SDFF_PP0_/QN	m7_ack_o
24	0.0908	rf.rf_sel_r	mI_data_o[J]	rf.rf_sel_r$_DFF_P_/Q	m5_data_o[24]
25	0.0923	sI.msel.sel[J]	sI_cyc_o	s15.msel.sel[1]$_SDFF_PP0_/Q	s15_cyc_o
26	0.1037	mI_addr_i[J]	rf.confI[J]	m1_addr_i[4]	rf.conf8[0]$_DFFE_PP0P_/D
27	0.1080	rf.rf_sel_r	mI_err_o	rf.rf_sel_r$_DFF_P_/Q	m3_err_o
28	0.1091	rf.rf_sel_r	mI_ack_o	rf.rf_sel_r$_DFF_P_/Q	m0_ack_o
29	0.1119	rf.rf_sel_r	mI_rty_o	rf.rf_sel_r$_DFF_P_/Q	m0_rty_o
30	0.1190	mI_addr_i[J]	rf.rf_we	m3_addr_i[28]	rf.rf_we$_DFF_P_/D
31	0.1308	mI_addr_i[J]	rf.rf_ack	m3_addr_i[28]	rf.rf_ack$_DFF_P_/D
32	0.1446	sI.msel.sel[J]	sI_we_o	s15.msel.sel[0]$_SDFF_PP0_/Q	s15_we_o
33	0.1588	mI_stb_i	rf.rf_dout[I]	m3_stb_i	rf.rf_dout[15]$_SDFF_PN0_/D
34	0.1598	mI_addr_i[J]	rf.rf_sel_r	m3_addr_i[28]	rf.rf_sel_r$_DFF_P_/D
35	0.1789	mI_stb_i	rf.rf_we	m3_stb_i	rf.rf_we$_DFF_P_/D
36	0.1879	mI.sJ_cyc_o	sI_cyc_o	m4.s15_cyc_o$_DFFE_PP0N_/Q	s15_cyc_o
37	0.1906	mI_stb_i	rf.rf_ack	m3_stb_i	rf.rf_ack$_DFF_P_/D
38	0.2160	sI.msel.sel[J]	sI_stb_o	s11.msel.sel[0]$_SDFF_PP0_/Q	s11_stb_o
39	0.2197	mI_stb_i	rf.rf_sel_r	m3_stb_i	rf.rf_sel_r$_DFF_P_/D
40	0.2356	rf.rf_dout[I]	mI_data_o[J]	rf.rf_dout[13]$_SDFF_PN0_/Q	m1_data_o[13]
41	0.2419	mI_data_i[J]	rf.confI[J]	m3_data_i[1]	rf.conf10[1]$_DFFE_PP0P_/D
42	0.2426	rf.rf_ack	mI_ack_o	rf.rf_ack$_DFF_P_/Q	m0_ack_o
43	0.2753	sI.mJ_cyc_r	sI_cyc_o	s15.m4_cyc_r$_DFF_P_/Q	s15_cyc_o
44	0.2775	mI_addr_i[J]	mI.sJ_cyc_o	m0_addr_i[28]	m0.s1_cyc_o$_DFFE_PP0N_/D
45	0.3157	mI_stb_i	mI.sJ_cyc_o	m0_stb_i	m0.s1_cyc_o$_DFFE_PP0N_/D
46	0.3423	mI_we_i	rf.rf_we	m6_we_i	rf.rf_we$_DFF_P_/D
47	0.3462	rf.confI[J]	sI.msel.arbJ.state[K]	rf.conf7[13]$_DFFE_PP0P_/Q	s7.msel.arb2.state[0]$_DFFE_PP0P_/D
48	0.3490	sI.msel.sel[J]	rf.rf_dout[I]	s15.msel.sel[0]$_SDFF_PP0_/Q	rf.rf_dout[5]$_SDFF_PN0_/D
49	0.3589	rst_i	sI.msel.sel[J]	rst_i	s0.msel.sel[2]$_SDFF_PP0_/D
50	0.3615	rst_i	sI.msel.pri_out[J]	rst_i	s1.msel.pri_out[1]$_DFF_P_/D
51	0.3652	sI.msel.sel[J]	rf.confI[J]	s15.msel.sel[0]$_SDFF_PP0_/Q	rf.conf3[10]$_DFFE_PP0P_/D
52	0.3897	mI.sJ_cyc_o	sI.msel.arbJ.state[K]	m5.s11_cyc_o$_DFFE_PP0N_/Q	s11.msel.arb2.state[0]$_DFFE_PP0P_/D
53	0.3993	sI.msel.arbJ.state[K]	sI.msel.arbJ.state[K]	s4.msel.arb0.state[0]$_DFFE_PP0P_/Q	s4.msel.arb0.state[0]$_DFFE_PP0P_/D
54	0.4101	sI.msel.sel[J]	rf.rf_we	s15.msel.sel[1]$_SDFF_PP0_/Q	rf.rf_we$_DFF_P_/D
55	0.4206	mI_cyc_i	mI.sJ_cyc_o	m2_cyc_i	m2.s15_cyc_o$_DFFE_PP0N_/D
56	0.4218	sI.msel.sel[J]	rf.rf_ack	s15.msel.sel[1]$_SDFF_PP0_/Q	rf.rf_ack$_DFF_P_/D
57	0.4509	sI.msel.sel[J]	rf.rf_sel_r	s15.msel.sel[1]$_SDFF_PP0_/Q	rf.rf_sel_r$_DFF_P_/D
58	0.4921	mI.sJ_cyc_o	rf.rf_dout[I]	m1.s15_cyc_o$_DFFE_PP0N_/Q	rf.rf_dout[15]$_SDFF_PN0_/D
59	0.5121	mI.sJ_cyc_o	rf.rf_we	m1.s15_cyc_o$_DFFE_PP0N_/Q	rf.rf_we$_DFF_P_/D
60	0.5225	mI.sJ_cyc_o	rf.rf_ack	m4.s15_cyc_o$_DFFE_PP0N_/Q	rf.rf_ack$_DFF_P_/D
61	0.5384	mI_addr_i[J]	mI.slv_sel_r[J]	m0_addr_i[28]	m0.slv_sel_r[0]$_DFF_PP0_/D
62	0.5440	sI.msel.sel[J]	sI.next	s15.msel.sel[1]$_SDFF_PP0_/Q	s15.next$_DFF_P_/D
63	0.5497	mI.sJ_cyc_o	sI.msel.pri_out[J]	m5.s9_cyc_o$_DFFE_PP0N_/Q	s9.msel.pri_out[1]$_DFF_P_/D
64	0.5503	mI.sJ_cyc_o	rf.rf_sel_r	m4.s15_cyc_o$_DFFE_PP0N_/Q	rf.rf_sel_r$_DFF_P_/D
65	0.5695	rf.rf_we	rf.confI[J]	rf.rf_we$_DFF_P_/Q	rf.conf15[10]$_DFFE_PP0P_/D
66	0.5908	rf.confI[J]	sI.msel.pri_out[J]	rf.conf15[15]$_DFFE_PP0P_/Q	s15.msel.pri_out[1]$_DFF_P_/D
67	0.5981	mI.sJ_cyc_o	sI.next	m4.s15_cyc_o$_DFFE_PP0N_/Q	s15.next$_DFF_P_/D
68	0.6014	rf.confI[J]	rf.rf_dout[I]	rf.conf12[14]$_DFFE_PP0P_/Q	rf.rf_dout[14]$_SDFF_PN0_/D
69	0.6020	sI.mJ_cyc_r	rf.rf_dout[I]	s15.m4_cyc_r$_DFF_P_/Q	rf.rf_dout[10]$_SDFF_PN0_/D
70	0.6056	sI.mJ_cyc_r	rf.rf_we	s15.m4_cyc_r$_DFF_P_/Q	rf.rf_we$_DFF_P_/D
71	0.6099	sI.mJ_cyc_r	rf.rf_ack	s15.m4_cyc_r$_DFF_P_/Q	rf.rf_ack$_DFF_P_/D
72	0.6377	sI.mJ_cyc_r	rf.rf_sel_r	s15.m4_cyc_r$_DFF_P_/Q	rf.rf_sel_r$_DFF_P_/D
73	0.6609	mI.sJ_cyc_o	mI.sJ_cyc_o	m5.s9_cyc_o$_DFFE_PP0N_/Q	m5.s9_cyc_o$_DFFE_PP0N_/D
74	0.6758	sI.msel.arbJ.state[K]	sI.msel.sel[J]	s14.msel.arb3.state[0]$_DFFE_PP0P_/Q	s14.msel.sel[0]$_SDFF_PP0_/D
75	0.6855	sI.mJ_cyc_r	sI.next	s15.m4_cyc_r$_DFF_P_/Q	s15.next$_DFF_P_/D
76	0.6895	sI.msel.pri_out[J]	sI.msel.sel[J]	s12.msel.pri_out[2]$_DFF_P_/Q	s12.msel.sel[1]$_SDFF_PP0_/D
77	0.7481	sI.next	sI.msel.pri_out[J]	s0.next$_DFF_P_/QN	s0.msel.pri_out[1]$_DFF_P_/D
78	0.7504	rf.confI[J]	rf.confI[J]	rf.conf12[11]$_DFFE_PP0P_/Q	rf.conf12[11]$_DFFE_PP0P_/D
79	0.7608	sI.msel.pri_out[J]	sI.msel.pri_out[J]	s12.msel.pri_out[3]$_DFF_P_/Q	s12.msel.pri_out[3]$_DFF_P_/D
80	0.8174	mI.sJ_cyc_o	sI.mJ_cyc_r	m4.s1_cyc_o$_DFFE_PP0N_/Q	s1.m4_cyc_r$_DFF_P_/D
81	0.8298	rf.rf_we	rf.rf_we	rf.rf_we$_DFF_P_/QN	rf.rf_we$_DFF_P_/D
82	0.8321	rf.rf_ack	rf.rf_ack	rf.rf_ack$_DFF_P_/QN	rf.rf_ack$_DFF_P_/D
