# stage	1_synth
# top_module	wb_conmax_top
# top_n	100
# kind	blocks
# skip_async	1
# include_full	1
# rank	worst_slack_ns	start	end	start_full	end_full
1	-0.3348	mI_addr_i[J]	mI_data_o[J]	m6_addr_i[29]	m0_data_o[10]
2	-0.3116	mI_addr_i[J]	mI_ack_o	m6_addr_i[29]	m0_ack_o
3	-0.2796	mI_addr_i[J]	sI_cyc_o	m6_addr_i[29]	s15_cyc_o
4	-0.2691	mI_addr_i[J]	mI_err_o	m6_addr_i[29]	m0_err_o
5	-0.2691	mI_addr_i[J]	mI_rty_o	m6_addr_i[29]	m0_rty_o
6	-0.2260	mI_addr_i[J]	sI_stb_o	m3_addr_i[29]	s0_stb_o
7	-0.2099	sI.msel.arbJ.state[K]	mI_data_o[J]	s15.msel.arb1.state[0]$_SDFFE_PP0P_/Q	m0_data_o[10]
8	-0.2057	mI_stb_i	mI_data_o[J]	m6_stb_i	m0_data_o[10]
9	-0.1915	sI.msel.pri_out[J]	mI_data_o[J]	s15.msel.pri_out[1]$_DFF_P_/Q	m0_data_o[10]
10	-0.1867	sI.msel.arbJ.state[K]	mI_ack_o	s15.msel.arb1.state[0]$_SDFFE_PP0P_/Q	m0_ack_o
11	-0.1842	mI_addr_i[J]	sI_addr_o[J]	m6_addr_i[4]	s15_addr_o[4]
12	-0.1825	mI_stb_i	mI_ack_o	m6_stb_i	m0_ack_o
13	-0.1811	mI_stb_i	mI_err_o	m4_stb_i	m4_err_o
14	-0.1810	mI_stb_i	mI_rty_o	m4_stb_i	m1_rty_o
15	-0.1754	sI.msel.pri_out[J]	sI_data_o[J]	s13.msel.pri_out[3]$_DFF_P_/Q	s13_data_o[6]
16	-0.1751	sI.msel.pri_out[J]	sI_addr_o[J]	s13.msel.pri_out[3]$_DFF_P_/Q	s13_addr_o[2]
17	-0.1683	sI.msel.pri_out[J]	mI_ack_o	s15.msel.pri_out[1]$_DFF_P_/Q	m0_ack_o
18	-0.1581	sI.msel.pri_out[J]	sI_sel_o[J]	s15.msel.pri_out[2]$_DFF_P_/Q	s15_sel_o[0]
19	-0.1547	sI.msel.arbJ.state[K]	sI_cyc_o	s15.msel.arb1.state[0]$_SDFFE_PP0P_/Q	s15_cyc_o
20	-0.1505	mI_stb_i	sI_cyc_o	m6_stb_i	s15_cyc_o
21	-0.1491	sI.msel.arbJ.state[K]	sI_sel_o[J]	s15.msel.arb1.state[0]$_SDFFE_PP0P_/Q	s15_sel_o[0]
22	-0.1491	sI.msel.arbJ.state[K]	sI_addr_o[J]	s15.msel.arb1.state[0]$_SDFFE_PP0P_/Q	s15_addr_o[6]
23	-0.1491	sI.msel.pri_out[J]	sI_we_o	s13.msel.pri_out[3]$_DFF_P_/Q	s13_we_o
24	-0.1406	sI.msel.arbJ.state[K]	mI_err_o	s15.msel.arb1.state[0]$_SDFFE_PP0P_/Q	m0_err_o
25	-0.1406	sI.msel.arbJ.state[K]	mI_rty_o	s15.msel.arb1.state[0]$_SDFFE_PP0P_/Q	m0_rty_o
26	-0.1363	sI.msel.pri_out[J]	sI_cyc_o	s15.msel.pri_out[1]$_DFF_P_/Q	s15_cyc_o
27	-0.1306	sI.msel.arbJ.state[K]	sI_data_o[J]	s15.msel.arb2.state[2]$_SDFFE_PP0P_/Q	s15_data_o[18]
28	-0.1254	sI.msel.pri_out[J]	mI_err_o	s15.msel.pri_out[2]$_DFF_P_/Q	m4_err_o
29	-0.1254	sI.msel.pri_out[J]	mI_rty_o	s15.msel.pri_out[2]$_DFF_P_/Q	m1_rty_o
30	-0.1190	mI_data_i[J]	sI_data_o[J]	m5_data_i[4]	s15_data_o[4]
31	-0.1144	sI_data_i[J]	mI_data_o[J]	s4_data_i[20]	m6_data_o[20]
32	-0.1004	sI.msel.arbJ.state[K]	sI_we_o	s13.msel.arb2.state[1]$_SDFFE_PP0P_/Q	s13_we_o
33	-0.0814	mI_sel_i[J]	sI_sel_o[J]	m2_sel_i[0]	s13_sel_o[0]
34	-0.0754	sI_ack_i	mI_ack_o	s1_ack_i	m0_ack_o
35	-0.0731	mI_we_i	sI_we_o	m3_we_i	s14_we_o
36	-0.0584	sI_err_i	mI_err_o	s4_err_i	m0_err_o
37	-0.0543	mI_stb_i	sI_stb_o	m1_stb_i	s3_stb_o
38	-0.0525	sI_rty_i	mI_rty_o	s2_rty_i	m0_rty_o
39	-0.0475	sI.msel.arbJ.state[K]	sI_stb_o	s12.msel.arb1.state[2]$_SDFFE_PP0P_/Q	s12_stb_o
40	-0.0457	sI.msel.pri_out[J]	sI_stb_o	s12.msel.pri_out[2]$_DFF_P_/Q	s12_stb_o
41	-0.0293	mI_addr_i[J]	rf.rf_dout[I]	m2_addr_i[5]	rf.rf_dout[11]$_SDFF_PN0_/D
42	-0.0253	mI_addr_i[J]	rf.confI[J]	m2_addr_i[5]	rf.conf4[0]$_SDFFE_PP0P_/D
43	-0.0050	mI.sJ_cyc_o	mI_data_o[J]	m6.s15_cyc_o$_SDFFE_PP0N_/Q	m0_data_o[10]
44	0.0182	mI.sJ_cyc_o	mI_ack_o	m6.s15_cyc_o$_SDFFE_PP0N_/Q	m0_ack_o
45	0.0371	mI_addr_i[J]	rf.rf_we	m6_addr_i[29]	rf.rf_we$_DFF_P_/D
46	0.0384	sI.mJ_cyc_r	mI_data_o[J]	s15.m5_cyc_r$_DFF_P_/Q	m0_data_o[10]
47	0.0487	mI_addr_i[J]	rf.rf_ack	m6_addr_i[29]	rf.rf_ack$_DFF_P_/D
48	0.0502	mI.sJ_cyc_o	sI_cyc_o	m6.s15_cyc_o$_SDFFE_PP0N_/Q	s15_cyc_o
49	0.0616	sI.mJ_cyc_r	mI_ack_o	s15.m5_cyc_r$_DFF_P_/Q	m0_ack_o
50	0.0621	mI.sJ_cyc_o	mI_err_o	m6.s15_cyc_o$_SDFFE_PP0N_/Q	m0_err_o
51	0.0621	mI.sJ_cyc_o	mI_rty_o	m6.s15_cyc_o$_SDFFE_PP0N_/Q	m0_rty_o
52	0.0684	mI_addr_i[J]	mI.sJ_cyc_o	m6_addr_i[29]	m6.s4_cyc_o$_SDFFE_PP0N_/D
53	0.0936	sI.mJ_cyc_r	sI_cyc_o	s15.m5_cyc_r$_DFF_P_/Q	s15_cyc_o
54	0.0977	sI.msel.arbJ.state[K]	rf.confI[J]	s15.msel.arb1.state[2]$_SDFFE_PP0P_/Q	rf.conf8[12]$_SDFFE_PP0P_/D
55	0.0989	sI.msel.pri_out[J]	rf.confI[J]	s15.msel.pri_out[2]$_DFF_P_/Q	rf.conf8[12]$_SDFFE_PP0P_/D
56	0.1054	sI.mJ_cyc_r	mI_err_o	s15.m5_cyc_r$_DFF_P_/Q	m0_err_o
57	0.1054	sI.mJ_cyc_r	mI_rty_o	s15.m5_cyc_r$_DFF_P_/Q	m0_rty_o
58	0.1101	sI.msel.arbJ.state[K]	rf.rf_dout[I]	s15.msel.arb1.state[2]$_SDFFE_PP0P_/Q	rf.rf_dout[11]$_SDFF_PN0_/D
59	0.1113	sI.msel.pri_out[J]	rf.rf_dout[I]	s15.msel.pri_out[2]$_DFF_P_/Q	rf.rf_dout[11]$_SDFF_PN0_/D
60	0.1476	mI_stb_i	rf.rf_dout[I]	m6_stb_i	rf.rf_dout[7]$_SDFF_PN0_/D
61	0.1564	mI_data_i[J]	rf.confI[J]	m3_data_i[1]	rf.conf2[1]$_SDFFE_PP0P_/D
62	0.1620	sI.msel.arbJ.state[K]	rf.rf_we	s15.msel.arb1.state[0]$_SDFFE_PP0P_/Q	rf.rf_we$_DFF_P_/D
63	0.1662	mI_stb_i	rf.rf_we	m6_stb_i	rf.rf_we$_DFF_P_/D
64	0.1737	sI.msel.arbJ.state[K]	rf.rf_ack	s15.msel.arb1.state[0]$_SDFFE_PP0P_/Q	rf.rf_ack$_DFF_P_/D
65	0.1779	mI_stb_i	rf.rf_ack	m6_stb_i	rf.rf_ack$_DFF_P_/D
66	0.1804	sI.msel.pri_out[J]	rf.rf_we	s15.msel.pri_out[1]$_DFF_P_/Q	rf.rf_we$_DFF_P_/D
67	0.1920	sI.msel.pri_out[J]	rf.rf_ack	s15.msel.pri_out[1]$_DFF_P_/Q	rf.rf_ack$_DFF_P_/D
68	0.2849	mI_we_i	rf.rf_we	m3_we_i	rf.rf_we$_DFF_P_/D
69	0.2869	mI_stb_i	mI.sJ_cyc_o	m1_stb_i	m1.s14_cyc_o$_SDFFE_PP0N_/D
70	0.2952	sI.msel.pri_out[J]	sI.next	s4.msel.pri_out[2]$_DFF_P_/Q	s4.next$_DFF_P_/D
71	0.3026	sI.msel.arbJ.state[K]	sI.next	s0.msel.arb3.state[0]$_SDFFE_PP0P_/Q	s0.next$_DFF_P_/D
72	0.3212	rst_i	rf.confI[J]	rst_i	rf.conf2[2]$_SDFFE_PP0P_/D
73	0.3212	rst_i	sI.msel.arbJ.state[K]	rst_i	s0.msel.arb0.state[0]$_SDFFE_PP0P_/D
74	0.3422	rf.rf_ack	mI_ack_o	rf.rf_ack$_DFF_P_/Q	m4_ack_o
75	0.3463	rst_i	sI.msel.pri_out[J]	rst_i	s1.msel.pri_out[1]$_DFF_P_/D
76	0.3467	rst_i	mI.sJ_cyc_o	rst_i	m1.s10_cyc_o$_SDFFE_PP0N_/D
77	0.3483	mI.sJ_cyc_o	rf.rf_dout[I]	m6.s15_cyc_o$_SDFFE_PP0N_/Q	rf.rf_dout[7]$_SDFF_PN0_/D
78	0.3496	rf.confI[J]	sI.msel.arbJ.state[K]	rf.conf7[10]$_SDFFE_PP0P_/Q	s7.msel.arb1.state[1]$_SDFFE_PP0P_/D
79	0.3586	mI.sJ_cyc_o	sI.msel.arbJ.state[K]	m0.s12_cyc_o$_SDFFE_PP0N_/Q	s12.msel.arb1.state[1]$_SDFFE_PP0P_/D
80	0.3669	mI.sJ_cyc_o	rf.rf_we	m6.s15_cyc_o$_SDFFE_PP0N_/Q	rf.rf_we$_DFF_P_/D
81	0.3718	sI.msel.arbJ.state[K]	sI.msel.arbJ.state[K]	s14.msel.arb0.state[1]$_SDFFE_PP0P_/Q	s14.msel.arb0.state[0]$_SDFFE_PP0P_/D
82	0.3786	mI.sJ_cyc_o	rf.rf_ack	m6.s15_cyc_o$_SDFFE_PP0N_/Q	rf.rf_ack$_DFF_P_/D
83	0.3861	rf.rf_dout[I]	mI_data_o[J]	rf.rf_dout[10]$_SDFF_PN0_/Q	m0_data_o[10]
84	0.3916	sI.mJ_cyc_r	rf.rf_dout[I]	s15.m5_cyc_r$_DFF_P_/Q	rf.rf_dout[7]$_SDFF_PN0_/D
85	0.4103	sI.mJ_cyc_r	rf.rf_we	s15.m5_cyc_r$_DFF_P_/Q	rf.rf_we$_DFF_P_/D
86	0.4181	mI_cyc_i	mI.sJ_cyc_o	m1_cyc_i	m1.s10_cyc_o$_SDFFE_PP0N_/D
87	0.4219	sI.mJ_cyc_r	rf.rf_ack	s15.m5_cyc_r$_DFF_P_/Q	rf.rf_ack$_DFF_P_/D
88	0.5313	rf.rf_we	rf.confI[J]	rf.rf_we$_DFF_P_/Q	rf.conf4[0]$_SDFFE_PP0P_/D
89	0.5553	mI.sJ_cyc_o	sI.msel.pri_out[J]	m6.s10_cyc_o$_SDFFE_PP0N_/Q	s10.msel.pri_out[1]$_DFF_P_/D
90	0.5881	rf.confI[J]	rf.rf_dout[I]	rf.conf1[10]$_SDFFE_PP0P_/Q	rf.rf_dout[10]$_SDFF_PN0_/D
91	0.5961	rf.confI[J]	sI.msel.pri_out[J]	rf.conf0[15]$_SDFFE_PP0P_/Q	s0.msel.pri_out[1]$_DFF_P_/D
92	0.6033	mI.sJ_cyc_o	sI.next	m0.s0_cyc_o$_SDFFE_PP0N_/Q	s0.next$_DFF_P_/D
93	0.6626	mI.sJ_cyc_o	mI.sJ_cyc_o	m6.s10_cyc_o$_SDFFE_PP0N_/Q	m6.s10_cyc_o$_SDFFE_PP0N_/D
94	0.6786	sI.mJ_cyc_r	sI.next	s15.m1_cyc_r$_DFF_P_/Q	s15.next$_DFF_P_/D
95	0.7138	rf.confI[J]	rf.confI[J]	rf.conf7[11]$_SDFFE_PP0P_/Q	rf.conf7[11]$_SDFFE_PP0P_/D
96	0.7431	sI.msel.pri_out[J]	sI.msel.pri_out[J]	s11.msel.pri_out[3]$_DFF_P_/Q	s11.msel.pri_out[3]$_DFF_P_/D
97	0.7481	sI.next	sI.msel.pri_out[J]	s0.next$_DFF_P_/QN	s0.msel.pri_out[1]$_DFF_P_/D
98	0.8298	rf.rf_we	rf.rf_we	rf.rf_we$_DFF_P_/QN	rf.rf_we$_DFF_P_/D
99	0.8321	rf.rf_ack	rf.rf_ack	rf.rf_ack$_DFF_P_/QN	rf.rf_ack$_DFF_P_/D
100	0.8331	mI.sJ_cyc_o	sI.mJ_cyc_r	m6.s13_cyc_o$_SDFFE_PP0N_/Q	s13.m6_cyc_r$_DFF_P_/D
