# stage	1_synth
# top_module	aes
# top_n	1000
# kind	blocks
# skip_async	1
# include_full	1
# rank	worst_slack_ns	start	end	start_full	end_full
1	-0.1473	encdec_reg	core.dec_block.block_wI_reg[J]	encdec_reg$_DFFE_PN0P_/Q	core.dec_block.block_w0_reg[3]$_DFFE_PN0P_/D
2	-0.1320	core.enc_block.round_ctr_reg[I]	core.dec_block.block_wI_reg[J]	core.enc_block.round_ctr_reg[2]$_DFFE_PN0P_/Q	core.dec_block.block_w1_reg[11]$_DFFE_PN0P_/D
3	-0.1312	core.enc_block.sword_ctr_reg[I]	core.enc_block.block_wI_reg[J]	core.enc_block.sword_ctr_reg[1]$_DFFE_PN0P_/Q	core.enc_block.block_w0_reg[20]$_DFFE_PN0P_/D
4	-0.1138	core.dec_block.round_ctr_reg[I]	core.dec_block.block_wI_reg[J]	core.dec_block.round_ctr_reg[3]$_DFFE_PN0P_/Q	core.dec_block.block_w1_reg[11]$_DFFE_PN0P_/D
5	-0.0887	core.enc_block.block_wI_reg[J]	core.enc_block.block_wI_reg[J]	core.enc_block.block_w3_reg[12]$_DFFE_PN0P_/Q	core.enc_block.block_w1_reg[8]$_DFFE_PN0P_/D
6	-0.0794	core.enc_block.enc_ctrl_reg[I]	core.enc_block.block_wI_reg[J]	core.enc_block.enc_ctrl_reg[2]$_DFF_PN0_/Q	core.enc_block.block_w1_reg[8]$_DFFE_PN0P_/D
7	-0.0242	core.enc_block.round_ctr_reg[I]	core.enc_block.block_wI_reg[J]	core.enc_block.round_ctr_reg[1]$_DFFE_PN0P_/Q	core.enc_block.block_w1_reg[10]$_DFFE_PN0P_/D
8	-0.0234	core.dec_block.block_wI_reg[J]	core.dec_block.block_wI_reg[J]	core.dec_block.block_w0_reg[16]$_DFFE_PN0P_/Q	core.dec_block.block_w0_reg[18]$_DFFE_PN0P_/D
9	0.0374	core.keymem.key_mem[I][J]	core.dec_block.block_wI_reg[J]	core.keymem.key_mem[6][23]$_DFFE_PN0P_/Q	core.dec_block.block_w1_reg[11]$_DFFE_PN0P_/D
10	0.0566	core.keymem.round_ctr_reg[I]	core.keymem.key_mem[I][J]	core.keymem.round_ctr_reg[0]$_DFFE_PN0P_/Q	core.keymem.key_mem[0][31]$_DFFE_PN0P_/D
11	0.0748	encdec_reg	core.enc_block.block_wI_reg[J]	encdec_reg$_DFFE_PN0P_/Q	core.enc_block.block_w3_reg[2]$_DFFE_PN0P_/D
12	0.0787	core.dec_block.round_ctr_reg[I]	core.enc_block.block_wI_reg[J]	core.dec_block.round_ctr_reg[0]$_DFFE_PN0P_/Q	core.enc_block.block_w3_reg[12]$_DFFE_PN0P_/D
13	0.0796	address[I]	key_reg[I][J]	address[6]	key_reg[0][10]$_DFFE_PN0P_/D
14	0.0905	address[I]	read_data_reg[I]	address[2]	read_data_reg[11]$_DFF_PN0_/D
15	0.0913	address[I]	block_reg[I][J]	address[2]	block_reg[3][10]$_DFFE_PN0P_/D
16	0.1097	core.keymem.prev_keyI_reg[J]	core.keymem.sbox_out_reg[I]	core.keymem.prev_key1_reg[24]$_DFFE_PN0P_/Q	core.keymem.sbox_out_reg[31]$_DFFE_PN0P_/D
17	0.1260	core.keymem.rcon_reg[I]	core.keymem.key_mem[I][J]	core.keymem.rcon_reg[7]$_DFFE_PN0P_/Q	core.keymem.key_mem[0][31]$_DFFE_PN0P_/D
18	0.1310	we	key_reg[I][J]	we	key_reg[0][10]$_DFFE_PN0P_/D
19	0.1333	cs	key_reg[I][J]	cs	key_reg[0][10]$_DFFE_PN0P_/D
20	0.1485	keylen_reg	core.enc_block.block_wI_reg[J]	keylen_reg$_DFFE_PN0P_/QN	core.enc_block.block_w1_reg[10]$_DFFE_PN0P_/D
21	0.1552	core.keymem.sbox_out_reg[I]	core.keymem.key_mem[I][J]	core.keymem.sbox_out_reg[23]$_DFFE_PN0P_/Q	core.keymem.key_mem[0][31]$_DFFE_PN0P_/D
22	0.1563	core.dec_block.dec_ctrl_reg[I]	core.dec_block.block_wI_reg[J]	core.dec_block.dec_ctrl_reg[3]$_DFF_PN0_/Q	core.dec_block.block_w3_reg[30]$_DFFE_PN0P_/D
23	0.1658	core.keymem.round_ctr_reg[I]	core.keymem.prev_keyI_reg[J]	core.keymem.round_ctr_reg[0]$_DFFE_PN0P_/Q	core.keymem.prev_key1_reg[10]$_DFFE_PN0P_/D
24	0.1775	address[I]	init_reg	address[1]	init_reg$_DFF_PN0_/D
25	0.1775	address[I]	next_reg	address[1]	next_reg$_DFF_PN0_/D
26	0.1859	core.enc_block.enc_ctrl_reg[I]	core.enc_block.enc_ctrl_reg[I]	core.enc_block.enc_ctrl_reg[2]$_DFF_PN0_/Q	core.enc_block.enc_ctrl_reg[2]$_DFF_PN0_/D
27	0.1942	address[I]	encdec_reg	address[4]	encdec_reg$_DFFE_PN0P_/D
28	0.1942	address[I]	keylen_reg	address[4]	keylen_reg$_DFFE_PN0P_/D
29	0.2027	we	block_reg[I][J]	we	block_reg[3][10]$_DFFE_PN0P_/D
30	0.2040	cs	block_reg[I][J]	cs	block_reg[3][10]$_DFFE_PN0P_/D
31	0.2069	we	read_data_reg[I]	we	read_data_reg[11]$_DFF_PN0_/D
32	0.2216	cs	read_data_reg[I]	cs	read_data_reg[11]$_DFF_PN0_/D
33	0.2238	encdec_reg	core.aes_core_ctrl_reg[I]	encdec_reg$_DFFE_PN0P_/Q	core.aes_core_ctrl_reg[1]$_DFF_PN0_/D
34	0.2364	encdec_reg	result_reg[I]	encdec_reg$_DFFE_PN0P_/Q	result_reg[57]$_DFF_PN0_/D
35	0.2367	core.keymem.round_ctr_reg[I]	core.keymem.rcon_reg[I]	core.keymem.round_ctr_reg[3]$_DFFE_PN0P_/Q	core.keymem.rcon_reg[2]$_DFFE_PN0P_/D
36	0.2418	encdec_reg	core.enc_block.enc_ctrl_reg[I]	encdec_reg$_DFFE_PN0P_/Q	core.enc_block.enc_ctrl_reg[2]$_DFF_PN0_/D
37	0.2428	core.keymem.rcon_reg[I]	core.keymem.prev_keyI_reg[J]	core.keymem.rcon_reg[7]$_DFFE_PN0P_/Q	core.keymem.prev_key1_reg[31]$_DFFE_PN0P_/D
38	0.2479	core.keymem.prev_keyI_reg[J]	core.keymem.key_mem[I][J]	core.keymem.prev_key1_reg[121]$_DFFE_PN0P_/Q	core.keymem.key_mem[0][25]$_DFFE_PN0P_/D
39	0.2664	encdec_reg	encdec_reg	encdec_reg$_DFFE_PN0P_/Q	encdec_reg$_DFFE_PN0P_/D
40	0.2687	core.keymem.sbox_out_reg[I]	core.keymem.prev_keyI_reg[J]	core.keymem.sbox_out_reg[18]$_DFFE_PN0P_/Q	core.keymem.prev_key1_reg[26]$_DFFE_PN0P_/D
41	0.2738	encdec_reg	read_data_reg[I]	encdec_reg$_DFFE_PN0P_/Q	read_data_reg[2]$_DFF_PN0_/D
42	0.2782	encdec_reg	core.enc_block.round_ctr_reg[I]	encdec_reg$_DFFE_PN0P_/Q	core.enc_block.round_ctr_reg[3]$_DFFE_PN0P_/D
43	0.2803	encdec_reg	core.ready_reg	encdec_reg$_DFFE_PN0P_/Q	core.ready_reg$_DFFE_PN1P_/D
44	0.2812	core.keymem.key_mem_ctrl_reg[I]	core.keymem.sbox_out_reg[I]	core.keymem.key_mem_ctrl_reg[2]$_DFF_PN0_/Q	core.keymem.sbox_out_reg[14]$_DFFE_PN0P_/D
45	0.2909	encdec_reg	core.dec_block.dec_ctrl_reg[I]	encdec_reg$_DFFE_PN0P_/Q	core.dec_block.dec_ctrl_reg[2]$_DFF_PN0_/D
46	0.2960	encdec_reg	core.enc_block.ready_reg	encdec_reg$_DFFE_PN0P_/Q	core.enc_block.ready_reg$_DFFE_PN1P_/D
47	0.2967	keylen_reg	core.keymem.prev_keyI_reg[J]	keylen_reg$_DFFE_PN0P_/Q	core.keymem.prev_key1_reg[103]$_DFFE_PN0P_/D
48	0.3113	encdec_reg	core.dec_block.round_ctr_reg[I]	encdec_reg$_DFFE_PN0P_/Q	core.dec_block.round_ctr_reg[2]$_DFFE_PN0P_/D
49	0.3115	encdec_reg	core.result_valid_reg	encdec_reg$_DFFE_PN0P_/Q	core.result_valid_reg$_DFFE_PN0P_/D
50	0.3146	core.keymem.key_mem_ctrl_reg[I]	core.keymem.key_mem[I][J]	core.keymem.key_mem_ctrl_reg[4]$_DFF_PN0_/Q	core.keymem.key_mem[0][107]$_DFFE_PN0P_/D
51	0.3154	we	encdec_reg	we	encdec_reg$_DFFE_PN0P_/D
52	0.3154	we	keylen_reg	we	keylen_reg$_DFFE_PN0P_/D
53	0.3167	cs	encdec_reg	cs	encdec_reg$_DFFE_PN0P_/D
54	0.3167	cs	keylen_reg	cs	keylen_reg$_DFFE_PN0P_/D
55	0.3312	we	init_reg	we	init_reg$_DFF_PN0_/D
56	0.3312	we	next_reg	we	next_reg$_DFF_PN0_/D
57	0.3324	cs	init_reg	cs	init_reg$_DFF_PN0_/D
58	0.3324	cs	next_reg	cs	next_reg$_DFF_PN0_/D
59	0.3340	core.keymem.key_mem[I][J]	core.enc_block.block_wI_reg[J]	core.keymem.key_mem[8][12]$_DFFE_PN0P_/Q	core.enc_block.block_w3_reg[12]$_DFFE_PN0P_/D
60	0.3344	keylen_reg	core.keymem.key_mem[I][J]	keylen_reg$_DFFE_PN0P_/Q	core.keymem.key_mem[0][120]$_DFFE_PN0P_/D
61	0.3482	encdec_reg	core.dec_block.ready_reg	encdec_reg$_DFFE_PN0P_/Q	core.dec_block.ready_reg$_DFFE_PN1P_/D
62	0.3518	keylen_reg	core.keymem.key_mem_ctrl_reg[I]	keylen_reg$_DFFE_PN0P_/Q	core.keymem.key_mem_ctrl_reg[1]$_DFF_PN0_/D
63	0.3520	write_data[I]	key_reg[I][J]	write_data[10]	key_reg[0][10]$_DFFE_PN0P_/D
64	0.3522	write_data[I]	encdec_reg	write_data[0]	encdec_reg$_DFFE_PN0P_/D
65	0.3522	write_data[I]	keylen_reg	write_data[1]	keylen_reg$_DFFE_PN0P_/D
66	0.3523	write_data[I]	block_reg[I][J]	write_data[10]	block_reg[0][10]$_DFFE_PN0P_/D
67	0.3558	core.keymem.key_mem_ctrl_reg[I]	core.keymem.prev_keyI_reg[J]	core.keymem.key_mem_ctrl_reg[4]$_DFF_PN0_/Q	core.keymem.prev_key0_reg[100]$_DFFE_PN0P_/D
68	0.3600	keylen_reg	read_data_reg[I]	keylen_reg$_DFFE_PN0P_/Q	read_data_reg[3]$_DFF_PN0_/D
69	0.3605	core.keymem.prev_keyI_reg[J]	core.keymem.prev_keyI_reg[J]	core.keymem.prev_key1_reg[121]$_DFFE_PN0P_/Q	core.keymem.prev_key1_reg[25]$_DFFE_PN0P_/D
70	0.3623	keylen_reg	keylen_reg	keylen_reg$_DFFE_PN0P_/Q	keylen_reg$_DFFE_PN0P_/D
71	0.3625	keylen_reg	core.dec_block.round_ctr_reg[I]	keylen_reg$_DFFE_PN0P_/Q	core.dec_block.round_ctr_reg[2]$_DFFE_PN0P_/D
72	0.3817	write_data[I]	init_reg	write_data[0]	init_reg$_DFF_PN0_/D
73	0.3817	write_data[I]	next_reg	write_data[1]	next_reg$_DFF_PN0_/D
74	0.3840	core.enc_block.round_ctr_reg[I]	core.enc_block.enc_ctrl_reg[I]	core.enc_block.round_ctr_reg[1]$_DFFE_PN0P_/Q	core.enc_block.enc_ctrl_reg[1]$_DFF_PN0_/D
75	0.4062	read_data_reg[I]	read_data[I]	read_data_reg[0]$_DFF_PN0_/Q	read_data[0]
76	0.4076	core.keymem.key_mem_ctrl_reg[I]	core.keymem.rcon_reg[I]	core.keymem.key_mem_ctrl_reg[4]$_DFF_PN0_/Q	core.keymem.rcon_reg[2]$_DFFE_PN0P_/D
77	0.4143	core.enc_block.round_ctr_reg[I]	core.enc_block.ready_reg	core.enc_block.round_ctr_reg[1]$_DFFE_PN0P_/Q	core.enc_block.ready_reg$_DFFE_PN1P_/D
78	0.4240	block_reg[I][J]	core.dec_block.block_wI_reg[J]	block_reg[1][3]$_DFFE_PN0P_/Q	core.dec_block.block_w0_reg[3]$_DFFE_PN0P_/D
79	0.4264	core.dec_block.round_ctr_reg[I]	core.dec_block.round_ctr_reg[I]	core.dec_block.round_ctr_reg[0]$_DFFE_PN0P_/Q	core.dec_block.round_ctr_reg[3]$_DFFE_PN0P_/D
80	0.4316	core.keymem.round_ctr_reg[I]	core.keymem.round_ctr_reg[I]	core.keymem.round_ctr_reg[0]$_DFFE_PN0P_/Q	core.keymem.round_ctr_reg[3]$_DFFE_PN0P_/D
81	0.4352	keylen_reg	core.keymem.rcon_reg[I]	keylen_reg$_DFFE_PN0P_/Q	core.keymem.rcon_reg[2]$_DFFE_PN0P_/D
82	0.4382	key_reg[I][J]	core.keymem.key_mem[I][J]	key_reg[0][31]$_DFFE_PN0P_/Q	core.keymem.key_mem[4][127]$_DFFE_PN0P_/D
83	0.4383	core.dec_block.dec_ctrl_reg[I]	core.dec_block.round_ctr_reg[I]	core.dec_block.dec_ctrl_reg[2]$_DFF_PN0_/Q	core.dec_block.round_ctr_reg[2]$_DFFE_PN0P_/D
84	0.4548	core.enc_block.round_ctr_reg[I]	core.enc_block.round_ctr_reg[I]	core.enc_block.round_ctr_reg[2]$_DFFE_PN0P_/Q	core.enc_block.round_ctr_reg[3]$_DFFE_PN0P_/D
85	0.4875	core.keymem.key_mem_ctrl_reg[I]	core.keymem.round_ctr_reg[I]	core.keymem.key_mem_ctrl_reg[4]$_DFF_PN0_/Q	core.keymem.round_ctr_reg[3]$_DFFE_PN0P_/D
86	0.4900	core.enc_block.sword_ctr_reg[I]	core.enc_block.enc_ctrl_reg[I]	core.enc_block.sword_ctr_reg[1]$_DFFE_PN0P_/Q	core.enc_block.enc_ctrl_reg[0]$_DFF_PN1_/D
87	0.4937	core.keymem.key_mem_ctrl_reg[I]	core.keymem.key_mem_ctrl_reg[I]	core.keymem.key_mem_ctrl_reg[2]$_DFF_PN0_/Q	core.keymem.key_mem_ctrl_reg[3]$_DFF_PN0_/D
88	0.5042	core.enc_block.enc_ctrl_reg[I]	core.enc_block.round_ctr_reg[I]	core.enc_block.enc_ctrl_reg[2]$_DFF_PN0_/Q	core.enc_block.round_ctr_reg[3]$_DFFE_PN0P_/D
89	0.5152	next_reg	core.dec_block.round_ctr_reg[I]	next_reg$_DFF_PN0_/Q	core.dec_block.round_ctr_reg[2]$_DFFE_PN0P_/D
90	0.5160	next_reg	core.enc_block.round_ctr_reg[I]	next_reg$_DFF_PN0_/Q	core.enc_block.round_ctr_reg[3]$_DFFE_PN0P_/D
91	0.5193	core.enc_block.ready_reg	core.aes_core_ctrl_reg[I]	core.enc_block.ready_reg$_DFFE_PN1P_/Q	core.aes_core_ctrl_reg[1]$_DFF_PN0_/D
92	0.5196	core.dec_block.ready_reg	core.aes_core_ctrl_reg[I]	core.dec_block.ready_reg$_DFFE_PN1P_/Q	core.aes_core_ctrl_reg[1]$_DFF_PN0_/D
93	0.5214	core.keymem.round_ctr_reg[I]	core.keymem.key_mem_ctrl_reg[I]	core.keymem.round_ctr_reg[2]$_DFFE_PN0P_/Q	core.keymem.key_mem_ctrl_reg[1]$_DFF_PN0_/D
94	0.5268	block_reg[I][J]	core.enc_block.block_wI_reg[J]	block_reg[2][12]$_DFFE_PN0P_/Q	core.enc_block.block_w2_reg[12]$_DFFE_PN0P_/D
95	0.5298	core.enc_block.enc_ctrl_reg[I]	core.enc_block.ready_reg	core.enc_block.enc_ctrl_reg[2]$_DFF_PN0_/Q	core.enc_block.ready_reg$_DFFE_PN1P_/D
96	0.5309	next_reg	core.dec_block.ready_reg	next_reg$_DFF_PN0_/Q	core.dec_block.ready_reg$_DFFE_PN1P_/D
97	0.5337	next_reg	core.enc_block.ready_reg	next_reg$_DFF_PN0_/Q	core.enc_block.ready_reg$_DFFE_PN1P_/D
98	0.5359	core.dec_block.block_wI_reg[J]	result_reg[I]	core.dec_block.block_w1_reg[16]$_DFFE_PN0P_/Q	result_reg[80]$_DFF_PN0_/D
99	0.5466	core.enc_block.enc_ctrl_reg[I]	core.enc_block.sword_ctr_reg[I]	core.enc_block.enc_ctrl_reg[2]$_DFF_PN0_/Q	core.enc_block.sword_ctr_reg[0]$_DFFE_PN0P_/D
100	0.5488	init_reg	core.aes_core_ctrl_reg[I]	init_reg$_DFF_PN0_/Q	core.aes_core_ctrl_reg[1]$_DFF_PN0_/D
101	0.5490	next_reg	core.aes_core_ctrl_reg[I]	next_reg$_DFF_PN0_/Q	core.aes_core_ctrl_reg[1]$_DFF_PN0_/D
102	0.5512	result_reg[I]	read_data_reg[I]	result_reg[2]$_DFF_PN0_/Q	read_data_reg[2]$_DFF_PN0_/D
103	0.5513	core.dec_block.dec_ctrl_reg[I]	core.dec_block.ready_reg	core.dec_block.dec_ctrl_reg[2]$_DFF_PN0_/Q	core.dec_block.ready_reg$_DFFE_PN1P_/D
104	0.5524	key_reg[I][J]	core.keymem.prev_keyI_reg[J]	key_reg[0][7]$_DFFE_PN0P_/Q	core.keymem.prev_key1_reg[103]$_DFFE_PN0P_/D
105	0.5563	core.enc_block.block_wI_reg[J]	result_reg[I]	core.enc_block.block_w0_reg[15]$_DFFE_PN0P_/Q	result_reg[111]$_DFF_PN0_/D
106	0.5567	keylen_reg	core.enc_block.enc_ctrl_reg[I]	keylen_reg$_DFFE_PN0P_/QN	core.enc_block.enc_ctrl_reg[1]$_DFF_PN0_/D
107	0.5639	next_reg	read_data_reg[I]	next_reg$_DFF_PN0_/Q	read_data_reg[1]$_DFF_PN0_/D
108	0.5663	core.keymem.rcon_reg[I]	core.keymem.rcon_reg[I]	core.keymem.rcon_reg[7]$_DFFE_PN0P_/Q	core.keymem.rcon_reg[7]$_DFFE_PN0P_/D
109	0.5674	core.aes_core_ctrl_reg[I]	core.aes_core_ctrl_reg[I]	core.aes_core_ctrl_reg[1]$_DFF_PN0_/Q	core.aes_core_ctrl_reg[1]$_DFF_PN0_/D
110	0.5699	init_reg	read_data_reg[I]	init_reg$_DFF_PN0_/Q	read_data_reg[0]$_DFF_PN0_/D
111	0.5758	core.enc_block.ready_reg	core.ready_reg	core.enc_block.ready_reg$_DFFE_PN1P_/Q	core.ready_reg$_DFFE_PN1P_/D
112	0.5761	core.dec_block.ready_reg	core.ready_reg	core.dec_block.ready_reg$_DFFE_PN1P_/Q	core.ready_reg$_DFFE_PN1P_/D
113	0.5764	core.enc_block.sword_ctr_reg[I]	core.enc_block.sword_ctr_reg[I]	core.enc_block.sword_ctr_reg[1]$_DFFE_PN0P_/QN	core.enc_block.sword_ctr_reg[1]$_DFFE_PN0P_/D
114	0.5793	core.dec_block.dec_ctrl_reg[I]	core.dec_block.dec_ctrl_reg[I]	core.dec_block.dec_ctrl_reg[3]$_DFF_PN0_/Q	core.dec_block.dec_ctrl_reg[0]$_DFF_PN1_/D
115	0.5814	init_reg	core.result_valid_reg	init_reg$_DFF_PN0_/Q	core.result_valid_reg$_DFFE_PN0P_/D
116	0.5815	next_reg	core.result_valid_reg	next_reg$_DFF_PN0_/Q	core.result_valid_reg$_DFFE_PN0P_/D
117	0.5860	core.keymem.ready_reg	core.aes_core_ctrl_reg[I]	core.keymem.ready_reg$_DFFE_PN1P_/Q	core.aes_core_ctrl_reg[1]$_DFF_PN0_/D
118	0.5866	keylen_reg	core.enc_block.ready_reg	keylen_reg$_DFFE_PN0P_/QN	core.enc_block.ready_reg$_DFFE_PN1P_/D
119	0.5923	core.dec_block.round_ctr_reg[I]	core.dec_block.dec_ctrl_reg[I]	core.dec_block.round_ctr_reg[1]$_DFFE_PN0P_/QN	core.dec_block.dec_ctrl_reg[0]$_DFF_PN1_/D
120	0.5924	next_reg	core.dec_block.dec_ctrl_reg[I]	next_reg$_DFF_PN0_/Q	core.dec_block.dec_ctrl_reg[0]$_DFF_PN1_/D
121	0.5940	next_reg	core.enc_block.enc_ctrl_reg[I]	next_reg$_DFF_PN0_/Q	core.enc_block.enc_ctrl_reg[0]$_DFF_PN1_/D
122	0.5985	init_reg	core.ready_reg	init_reg$_DFF_PN0_/Q	core.ready_reg$_DFFE_PN1P_/D
123	0.5986	next_reg	core.ready_reg	next_reg$_DFF_PN0_/Q	core.ready_reg$_DFFE_PN1P_/D
124	0.6022	valid_reg	read_data_reg[I]	valid_reg$_DFF_PN0_/Q	read_data_reg[1]$_DFF_PN0_/D
125	0.6022	core.dec_block.round_ctr_reg[I]	core.dec_block.ready_reg	core.dec_block.round_ctr_reg[1]$_DFFE_PN0P_/QN	core.dec_block.ready_reg$_DFFE_PN1P_/D
126	0.6051	init_reg	core.keymem.key_mem_ctrl_reg[I]	init_reg$_DFF_PN0_/Q	core.keymem.key_mem_ctrl_reg[3]$_DFF_PN0_/D
127	0.6069	ready_reg	read_data_reg[I]	ready_reg$_DFF_PN0_/Q	read_data_reg[0]$_DFF_PN0_/D
128	0.6070	core.enc_block.ready_reg	core.result_valid_reg	core.enc_block.ready_reg$_DFFE_PN1P_/Q	core.result_valid_reg$_DFFE_PN0P_/D
129	0.6073	core.dec_block.ready_reg	core.result_valid_reg	core.dec_block.ready_reg$_DFFE_PN1P_/Q	core.result_valid_reg$_DFFE_PN0P_/D
130	0.6113	init_reg	core.keymem.ready_reg	init_reg$_DFF_PN0_/Q	core.keymem.ready_reg$_DFFE_PN1P_/D
131	0.6204	block_reg[I][J]	block_reg[I][J]	block_reg[0][28]$_DFFE_PN0P_/Q	block_reg[0][28]$_DFFE_PN0P_/D
132	0.6239	core.aes_core_ctrl_reg[I]	core.ready_reg	core.aes_core_ctrl_reg[1]$_DFF_PN0_/Q	core.ready_reg$_DFFE_PN1P_/D
133	0.6276	core.aes_core_ctrl_reg[I]	core.result_valid_reg	core.aes_core_ctrl_reg[0]$_DFF_PN1_/Q	core.result_valid_reg$_DFFE_PN0P_/D
134	0.6413	core.keymem.sbox_out_reg[I]	core.keymem.sbox_out_reg[I]	core.keymem.sbox_out_reg[24]$_DFFE_PN0P_/Q	core.keymem.sbox_out_reg[24]$_DFFE_PN0P_/D
135	0.6425	core.keymem.ready_reg	core.ready_reg	core.keymem.ready_reg$_DFFE_PN1P_/Q	core.ready_reg$_DFFE_PN1P_/D
136	0.6441	core.keymem.key_mem[I][J]	core.keymem.key_mem[I][J]	core.keymem.key_mem[0][123]$_DFFE_PN0P_/Q	core.keymem.key_mem[0][123]$_DFFE_PN0P_/D
137	0.6464	key_reg[I][J]	key_reg[I][J]	key_reg[2][0]$_DFFE_PN0P_/Q	key_reg[2][0]$_DFFE_PN0P_/D
138	0.6562	core.result_valid_reg	core.result_valid_reg	core.result_valid_reg$_DFFE_PN0P_/Q	core.result_valid_reg$_DFFE_PN0P_/D
139	0.6573	core.keymem.key_mem_ctrl_reg[I]	core.keymem.ready_reg	core.keymem.key_mem_ctrl_reg[0]$_DFF_PN1_/Q	core.keymem.ready_reg$_DFFE_PN1P_/D
140	0.6743	core.keymem.ready_reg	core.keymem.ready_reg	core.keymem.ready_reg$_DFFE_PN1P_/Q	core.keymem.ready_reg$_DFFE_PN1P_/D
141	0.6844	core.ready_reg	core.ready_reg	core.ready_reg$_DFFE_PN1P_/Q	core.ready_reg$_DFFE_PN1P_/D
142	0.6849	core.dec_block.ready_reg	core.dec_block.ready_reg	core.dec_block.ready_reg$_DFFE_PN1P_/Q	core.dec_block.ready_reg$_DFFE_PN1P_/D
143	0.6863	core.enc_block.ready_reg	core.enc_block.ready_reg	core.enc_block.ready_reg$_DFFE_PN1P_/Q	core.enc_block.ready_reg$_DFFE_PN1P_/D
144	0.6983	core.result_valid_reg	valid_reg	core.result_valid_reg$_DFFE_PN0P_/Q	valid_reg$_DFF_PN0_/D
145	0.7113	core.ready_reg	ready_reg	core.ready_reg$_DFFE_PN1P_/Q	ready_reg$_DFF_PN0_/D
