# stage	1_synth
# top_module	sha512
# top_n	100
# kind	blocks
# skip_async	1
# include_full	1
# rank	worst_slack_ns	start	end	start_full	end_full
1	-0.4100	core.e_reg[I]	core.a_reg[I]	core.e_reg[19]$_DFFE_PN0P_/Q	core.a_reg[62]$_DFFE_PN0P_/D
2	-0.3659	core.f_reg[I]	core.a_reg[I]	core.f_reg[1]$_DFFE_PN0P_/Q	core.a_reg[62]$_DFFE_PN0P_/D
3	-0.3574	core.g_reg[I]	core.a_reg[I]	core.g_reg[1]$_DFFE_PN0P_/Q	core.a_reg[62]$_DFFE_PN0P_/D
4	-0.2579	core.w_mem_inst.w_pre_reg[I]	core.a_reg[I]	core.w_mem_inst.w_pre_reg[1]$_DFF_PN0_/Q	core.a_reg[62]$_DFFE_PN0P_/D
5	-0.2318	address[I]	read_data[I]	address[4]	read_data[6]
6	-0.1982	core.e_reg[I]	core.e_reg[I]	core.e_reg[19]$_DFFE_PN0P_/Q	core.e_reg[62]$_DFFE_PN0P_/D
7	-0.1541	core.f_reg[I]	core.e_reg[I]	core.f_reg[1]$_DFFE_PN0P_/Q	core.e_reg[62]$_DFFE_PN0P_/D
8	-0.1456	core.g_reg[I]	core.e_reg[I]	core.g_reg[1]$_DFFE_PN0P_/Q	core.e_reg[62]$_DFFE_PN0P_/D
9	-0.1358	core.k_data_reg[I]	core.a_reg[I]	core.k_data_reg[1]$_DFF_PN0_/Q	core.a_reg[62]$_DFFE_PN0P_/D
10	-0.0587	core.h_reg[I]	core.a_reg[I]	core.h_reg[1]$_DFFE_PN0P_/Q	core.a_reg[62]$_DFFE_PN0P_/D
11	-0.0461	core.w_mem_inst.w_pre_reg[I]	core.e_reg[I]	core.w_mem_inst.w_pre_reg[1]$_DFF_PN0_/Q	core.e_reg[62]$_DFFE_PN0P_/D
12	0.0086	address[I]	error	address[4]	error
13	0.0760	core.k_data_reg[I]	core.e_reg[I]	core.k_data_reg[1]$_DFF_PN0_/Q	core.e_reg[62]$_DFFE_PN0P_/D
14	0.0924	we	read_data[I]	we	read_data[10]
15	0.1061	cs	read_data[I]	cs	read_data[10]
16	0.1531	core.h_reg[I]	core.e_reg[I]	core.h_reg[1]$_DFFE_PN0P_/Q	core.e_reg[62]$_DFFE_PN0P_/D
17	0.2091	we	error	we	error
18	0.2594	cs	error	cs	error
19	0.3256	address[I]	block_reg[I][J]	address[2]	block_reg[22][10]$_DFFE_PN0P_/D
20	0.4246	address[I]	work_factor_num_reg[I]	address[4]	work_factor_num_reg[10]$_DFFE_PN0P_/D
21	0.4373	core.w_mem_inst.w_mem[I][J]	core.w_mem_inst.w_pre_reg[I]	core.w_mem_inst.w_mem[1][14]$_DFFE_PN0P_/Q	core.w_mem_inst.w_pre_reg[58]$_DFF_PN0_/D
22	0.4475	core.w_mem_inst.w_mem[I][J]	core.w_mem_inst.w_mem[I][J]	core.w_mem_inst.w_mem[1][14]$_DFFE_PN0P_/Q	core.w_mem_inst.w_mem[15][58]$_DFFE_PN0P_/D
23	0.5017	core.a_reg[I]	core.a_reg[I]	core.a_reg[49]$_DFFE_PN0P_/Q	core.a_reg[62]$_DFFE_PN0P_/D
24	0.5134	address[I]	work_factor_reg	address[4]	work_factor_reg$_DFFE_PN0P_/D
25	0.5138	address[I]	mode_reg[I]	address[4]	mode_reg[0]$_DFFE_PN1P_/D
26	0.5468	address[I]	init_reg	address[4]	init_reg$_DFF_PN0_/D
27	0.5468	address[I]	next_reg	address[4]	next_reg$_DFF_PN0_/D
28	0.5646	digest_reg[I]	read_data[I]	digest_reg[285]$_DFFE_PN0P_/Q	read_data[29]
29	0.5923	core.c_reg[I]	core.a_reg[I]	core.c_reg[15]$_DFFE_PN0P_/Q	core.a_reg[62]$_DFFE_PN0P_/D
30	0.5938	core.b_reg[I]	core.a_reg[I]	core.b_reg[1]$_DFFE_PN0P_/Q	core.a_reg[59]$_DFFE_PN0P_/D
31	0.5980	block_reg[I][J]	read_data[I]	block_reg[20][31]$_DFFE_PN0P_/Q	read_data[31]
32	0.6180	we	block_reg[I][J]	we	block_reg[22][10]$_DFFE_PN0P_/D
33	0.6205	cs	block_reg[I][J]	cs	block_reg[22][10]$_DFFE_PN0P_/D
34	0.7531	core.d_reg[I]	core.HI_reg[J]	core.d_reg[9]$_DFFE_PN0P_/Q	core.H3_reg[62]$_DFFE_PN0P_/D
35	0.7553	we	work_factor_num_reg[I]	we	work_factor_num_reg[10]$_DFFE_PN0P_/D
36	0.7573	cs	work_factor_num_reg[I]	cs	work_factor_num_reg[10]$_DFFE_PN0P_/D
37	0.7584	work_factor_num_reg[I]	read_data[I]	work_factor_num_reg[8]$_DFFE_PN0P_/Q	read_data[8]
38	0.7589	core.HI_reg[J]	core.HI_reg[J]	core.H3_reg[9]$_DFFE_PN0P_/Q	core.H3_reg[62]$_DFFE_PN0P_/D
39	0.7612	core.work_factor_ctr_reg[I]	core.w_mem_inst.w_pre_reg[I]	core.work_factor_ctr_reg[9]$_DFFE_PN0P_/Q	core.w_mem_inst.w_pre_reg[19]$_DFF_PN0_/D
40	0.7699	core.g_reg[I]	core.HI_reg[J]	core.g_reg[6]$_DFFE_PN0P_/Q	core.H6_reg[63]$_DFFE_PN0P_/D
41	0.7778	we	work_factor_reg	we	work_factor_reg$_DFFE_PN0P_/D
42	0.7779	init_reg	read_data[I]	init_reg$_DFF_PN0_/Q	read_data[0]
43	0.7782	we	mode_reg[I]	we	mode_reg[0]$_DFFE_PN1P_/D
44	0.7795	cs	work_factor_reg	cs	work_factor_reg$_DFFE_PN0P_/D
45	0.7799	cs	mode_reg[I]	cs	mode_reg[0]$_DFFE_PN1P_/D
46	0.7800	core.d_reg[I]	core.e_reg[I]	core.d_reg[0]$_DFFE_PN0P_/Q	core.e_reg[60]$_DFFE_PN0P_/D
47	0.7807	work_factor_reg	read_data[I]	work_factor_reg$_DFFE_PN0P_/Q	read_data[7]
48	0.7837	core.work_factor_ctr_reg[I]	core.w_mem_inst.w_mem[I][J]	core.work_factor_ctr_reg[7]$_DFFE_PN0P_/Q	core.w_mem_inst.w_mem[8][10]$_DFFE_PN0P_/D
49	0.7838	mode_reg[I]	read_data[I]	mode_reg[0]$_DFFE_PN1P_/Q	read_data[2]
50	0.7875	core.a_reg[I]	core.HI_reg[J]	core.a_reg[22]$_DFFE_PN0P_/Q	core.H0_reg[63]$_DFFE_PN0P_/D
51	0.7912	core.c_reg[I]	core.HI_reg[J]	core.c_reg[23]$_DFFE_PN0P_/Q	core.H2_reg[63]$_DFFE_PN0P_/D
52	0.7914	core.work_factor_ctr_reg[I]	core.a_reg[I]	core.work_factor_ctr_reg[7]$_DFFE_PN0P_/Q	core.a_reg[0]$_DFFE_PN0P_/D
53	0.7914	core.work_factor_ctr_reg[I]	core.b_reg[I]	core.work_factor_ctr_reg[7]$_DFFE_PN0P_/Q	core.b_reg[52]$_DFFE_PN0P_/D
54	0.7914	core.work_factor_ctr_reg[I]	core.c_reg[I]	core.work_factor_ctr_reg[7]$_DFFE_PN0P_/Q	core.c_reg[57]$_DFFE_PN0P_/D
55	0.7972	work_factor_num_reg[I]	core.w_mem_inst.w_pre_reg[I]	work_factor_num_reg[7]$_DFFE_PN0P_/QN	core.w_mem_inst.w_pre_reg[35]$_DFF_PN0_/D
56	0.7974	next_reg	read_data[I]	next_reg$_DFF_PN0_/Q	read_data[1]
57	0.7979	digest_valid_reg	read_data[I]	digest_valid_reg$_DFF_PN0_/Q	read_data[1]
58	0.8041	work_factor_num_reg[I]	core.w_mem_inst.w_mem[I][J]	work_factor_num_reg[7]$_DFFE_PN0P_/QN	core.w_mem_inst.w_mem[8][10]$_DFFE_PN0P_/D
59	0.8042	core.work_factor_ctr_reg[I]	core.h_reg[I]	core.work_factor_ctr_reg[7]$_DFFE_PN0P_/Q	core.h_reg[58]$_DFFE_PN0P_/D
60	0.8043	ready_reg	read_data[I]	ready_reg$_DFF_PN0_/Q	read_data[0]
61	0.8053	core.w_mem_inst.w_ctr_reg[I]	core.w_mem_inst.w_pre_reg[I]	core.w_mem_inst.w_ctr_reg[1]$_DFFE_PN0P_/Q	core.w_mem_inst.w_pre_reg[33]$_DFF_PN0_/D
62	0.8059	write_data[I]	block_reg[I][J]	write_data[2]	block_reg[0][2]$_DFFE_PN0P_/D
63	0.8063	write_data[I]	mode_reg[I]	write_data[2]	mode_reg[0]$_DFFE_PN1P_/D
64	0.8067	core.b_reg[I]	core.HI_reg[J]	core.b_reg[34]$_DFFE_PN0P_/Q	core.H1_reg[61]$_DFFE_PN0P_/D
65	0.8095	core.work_factor_ctr_reg[I]	core.d_reg[I]	core.work_factor_ctr_reg[7]$_DFFE_PN0P_/Q	core.d_reg[57]$_DFFE_PN0P_/D
66	0.8095	core.work_factor_ctr_reg[I]	core.e_reg[I]	core.work_factor_ctr_reg[7]$_DFFE_PN0P_/Q	core.e_reg[16]$_DFFE_PN0P_/D
67	0.8095	core.work_factor_ctr_reg[I]	core.f_reg[I]	core.work_factor_ctr_reg[7]$_DFFE_PN0P_/Q	core.f_reg[9]$_DFFE_PN0P_/D
68	0.8095	core.work_factor_ctr_reg[I]	core.g_reg[I]	core.work_factor_ctr_reg[7]$_DFFE_PN0P_/Q	core.g_reg[17]$_DFFE_PN0P_/D
69	0.8112	we	init_reg	we	init_reg$_DFF_PN0_/D
70	0.8112	we	next_reg	we	next_reg$_DFF_PN0_/D
71	0.8118	work_factor_num_reg[I]	core.a_reg[I]	work_factor_num_reg[7]$_DFFE_PN0P_/QN	core.a_reg[0]$_DFFE_PN0P_/D
72	0.8118	work_factor_num_reg[I]	core.b_reg[I]	work_factor_num_reg[7]$_DFFE_PN0P_/QN	core.b_reg[52]$_DFFE_PN0P_/D
73	0.8118	work_factor_num_reg[I]	core.c_reg[I]	work_factor_num_reg[7]$_DFFE_PN0P_/QN	core.c_reg[57]$_DFFE_PN0P_/D
74	0.8129	cs	init_reg	cs	init_reg$_DFF_PN0_/D
75	0.8129	cs	next_reg	cs	next_reg$_DFF_PN0_/D
76	0.8178	core.work_factor_ctr_reg[I]	core.w_mem_inst.w_ctr_reg[I]	core.work_factor_ctr_reg[9]$_DFFE_PN0P_/Q	core.w_mem_inst.w_ctr_reg[3]$_DFFE_PN0P_/D
77	0.8178	core.work_factor_ctr_reg[I]	core.round_ctr_reg[I]	core.work_factor_ctr_reg[9]$_DFFE_PN0P_/Q	core.round_ctr_reg[2]$_DFFE_PN0P_/D
78	0.8181	core.e_reg[I]	core.HI_reg[J]	core.e_reg[8]$_DFFE_PN0P_/Q	core.H4_reg[63]$_DFFE_PN0P_/D
79	0.8246	work_factor_num_reg[I]	core.h_reg[I]	work_factor_num_reg[7]$_DFFE_PN0P_/QN	core.h_reg[58]$_DFFE_PN0P_/D
80	0.8299	work_factor_num_reg[I]	core.d_reg[I]	work_factor_num_reg[7]$_DFFE_PN0P_/QN	core.d_reg[57]$_DFFE_PN0P_/D
81	0.8299	work_factor_num_reg[I]	core.e_reg[I]	work_factor_num_reg[7]$_DFFE_PN0P_/QN	core.e_reg[16]$_DFFE_PN0P_/D
82	0.8299	work_factor_num_reg[I]	core.f_reg[I]	work_factor_num_reg[7]$_DFFE_PN0P_/QN	core.f_reg[9]$_DFFE_PN0P_/D
83	0.8299	work_factor_num_reg[I]	core.g_reg[I]	work_factor_num_reg[7]$_DFFE_PN0P_/QN	core.g_reg[17]$_DFFE_PN0P_/D
84	0.8355	write_data[I]	init_reg	write_data[0]	init_reg$_DFF_PN0_/D
85	0.8355	write_data[I]	next_reg	write_data[1]	next_reg$_DFF_PN0_/D
86	0.8424	work_factor_num_reg[I]	core.round_ctr_reg[I]	work_factor_num_reg[7]$_DFFE_PN0P_/QN	core.round_ctr_reg[2]$_DFFE_PN0P_/D
87	0.8429	work_factor_num_reg[I]	core.w_mem_inst.w_ctr_reg[I]	work_factor_num_reg[7]$_DFFE_PN0P_/QN	core.w_mem_inst.w_ctr_reg[5]$_DFFE_PN0P_/D
88	0.8453	core.f_reg[I]	core.HI_reg[J]	core.f_reg[6]$_DFFE_PN0P_/Q	core.H5_reg[63]$_DFFE_PN0P_/D
89	0.8460	core.h_reg[I]	core.HI_reg[J]	core.h_reg[6]$_DFFE_PN0P_/Q	core.H7_reg[63]$_DFFE_PN0P_/D
90	0.8617	write_data[I]	work_factor_reg	write_data[7]	work_factor_reg$_DFFE_PN0P_/D
91	0.8621	write_data[I]	work_factor_num_reg[I]	write_data[0]	work_factor_num_reg[0]$_DFFE_PN0P_/D
92	0.8678	core.shaI_ctrl_reg[J]	core.w_mem_inst.w_pre_reg[I]	core.sha512_ctrl_reg[2]$_DFF_PN0_/Q	core.w_mem_inst.w_pre_reg[19]$_DFF_PN0_/D
93	0.8702	core.work_factor_ctr_reg[I]	core.digest_valid_reg	core.work_factor_ctr_reg[7]$_DFFE_PN0P_/Q	core.digest_valid_reg$_DFFE_PN0P_/D
94	0.8705	core.work_factor_ctr_reg[I]	core.ready_reg	core.work_factor_ctr_reg[7]$_DFFE_PN0P_/Q	core.ready_reg$_DFFE_PN1P_/D
95	0.8711	core.work_factor_ctr_reg[I]	core.HI_reg[J]	core.work_factor_ctr_reg[7]$_DFFE_PN0P_/Q	core.H1_reg[59]$_DFFE_PN0P_/D
96	0.8853	core.round_ctr_reg[I]	core.k_data_reg[I]	core.round_ctr_reg[1]$_DFFE_PN0P_/Q	core.k_data_reg[13]$_DFF_PN0_/D
97	0.8906	work_factor_num_reg[I]	core.digest_valid_reg	work_factor_num_reg[7]$_DFFE_PN0P_/QN	core.digest_valid_reg$_DFFE_PN0P_/D
98	0.8909	work_factor_num_reg[I]	core.ready_reg	work_factor_num_reg[7]$_DFFE_PN0P_/QN	core.ready_reg$_DFFE_PN1P_/D
99	0.8916	work_factor_num_reg[I]	core.HI_reg[J]	work_factor_num_reg[7]$_DFFE_PN0P_/QN	core.H1_reg[59]$_DFFE_PN0P_/D
100	0.9012	core.w_mem_inst.w_ctr_reg[I]	core.w_mem_inst.w_mem[I][J]	core.w_mem_inst.w_ctr_reg[5]$_DFFE_PN0P_/Q	core.w_mem_inst.w_mem[9][27]$_DFFE_PN0P_/D
