# stage	1_synth
# top_module	viterbi_core
# top_n	1000
# kind	blocks
# skip_async	1
# include_full	1
# rank	worst_slack_ns	start	end	start_full	end_full
1	-2.8171	acs_inst_I.pm_r[J]	pm_normalize_inst.pm_nom_r[I][J]	acs_inst_5.pm_r[3]$_DFF_PN0_/Q	pm_normalize_inst.pm_nom_r[49][5]$_DFFE_PN0P_/D
2	-1.4830	register_num_i[I]	pm_normalize_inst.pm_nom_r[I][J]	register_num_i[1]	pm_normalize_inst.pm_nom_r[49][5]$_DFFE_PN0P_/D
3	-0.4252	src_rdata_i[I]	bmu_inst_I.bm_r[J]	src_rdata_i[20]	bmu_inst_63.bm_r[7]$_DFF_PN0_/D
4	-0.0698	register_num_i[I]	acs_inst_I.pm_r[J]	register_num_i[1]	acs_inst_45.pm_r[7]$_DFF_PN0_/D
5	-0.0213	register_num_i[I]	acs_inst_I.survivor_path_r	register_num_i[1]	acs_inst_45.survivor_path_r$_DFF_PN0_/D
6	0.5440	register_num_i[I]	bmu_inst_I.low_codeword_tmp[J]	register_num_i[1]	bmu_inst_31.low_codeword_tmp[4]$_DFFE_PN0P_/D
7	0.5829	bmu_inst_I.bm_r[J]	acs_inst_I.pm_r[J]	bmu_inst_63.bm_r[0]$_DFF_PN0_/Q	acs_inst_49.pm_r[7]$_DFF_PN0_/D
8	0.5936	polynomialI_i[J]	bmu_inst_I.low_codeword_tmp[J]	polynomial3_i[5]	bmu_inst_59.low_codeword_tmp[2]$_DFFE_PN0P_/D
9	0.5978	rst_sync_i	pm_normalize_inst.pm_nom_r[I][J]	rst_sync_i	pm_normalize_inst.pm_nom_r[60][2]$_DFFE_PN0P_/D
10	0.6031	frame_start_i	pm_normalize_inst.pm_nom_r[I][J]	frame_start_i	pm_normalize_inst.pm_nom_r[60][2]$_DFFE_PN0P_/D
11	0.6302	bmu_inst_I.bm_r[J]	acs_inst_I.survivor_path_r	bmu_inst_63.bm_r[0]$_DFF_PN0_/Q	acs_inst_47.survivor_path_r$_DFF_PN0_/D
12	0.6320	infobit_length_i[I]	src_addr_r[I]	infobit_length_i[1]	src_addr_r[10]$_DFFE_PN0P_/D
13	0.6566	register_num_i[I]	acs_en_r[I]	register_num_i[1]	acs_en_r[62]$_DFFE_PN0P_/D
14	0.6747	infobit_length_i[I]	src_len_counter_r[I]	infobit_length_i[1]	src_len_counter_r[11]$_DFFE_PN0P_/D
15	0.6790	valid_polynomials_i[I]	bmu_inst_I.bm_r[J]	valid_polynomials_i[0]	bmu_inst_51.bm_r[1]$_DFF_PN0_/D
16	0.6875	rst_sync_i	fetch_src_cnt_r[I]	rst_sync_i	fetch_src_cnt_r[10]$_DFFE_PN0P_/D
17	0.6875	tail_biting_en_i	pm_normalize_inst.pm_nom_r[I][J]	tail_biting_en_i	pm_normalize_inst.pm_nom_r[40][8]$_DFFE_PN0P_/D
18	0.6927	frame_start_i	fetch_src_cnt_r[I]	frame_start_i	fetch_src_cnt_r[10]$_DFFE_PN0P_/D
19	0.7002	valid_polynomials_i[I]	bmu_inst_I.low_codeword[J]	valid_polynomials_i[0]	bmu_inst_1.low_codeword[2]$_DFFE_PN0P_/D
20	0.7232	rst_sync_i	bmu_inst_I.low_codeword[J]	rst_sync_i	bmu_inst_1.low_codeword[0]$_DFFE_PN0P_/D
21	0.7340	rst_sync_i	acs_inst_I.pm_r[J]	rst_sync_i	acs_inst_22.pm_r[1]$_DFF_PN0_/D
22	0.7341	rst_sync_i	bmu_inst_I.low_codeword_tmp[J]	rst_sync_i	bmu_inst_44.low_codeword_tmp[2]$_DFFE_PN0P_/D
23	0.7428	rst_sync_i	src_addr_r[I]	rst_sync_i	src_addr_r[10]$_DFFE_PN0P_/D
24	0.7433	rst_sync_i	trellis_idx_r[I]	rst_sync_i	trellis_idx_r[5]$_DFFE_PN0P_/D
25	0.7469	rst_sync_i	tb_len_r[I]	rst_sync_i	tb_len_r[4]$_DFFE_PN0P_/D
26	0.7486	frame_start_i	trellis_idx_r[I]	frame_start_i	trellis_idx_r[5]$_DFFE_PN0P_/D
27	0.7508	frame_start_i	src_addr_r[I]	frame_start_i	src_addr_r[10]$_DFFE_PN0P_/D
28	0.7549	frame_start_i	tb_len_r[I]	frame_start_i	tb_len_r[4]$_DFFE_PN0P_/D
29	0.7572	rst_sync_i	flush_all_start_r	rst_sync_i	flush_all_start_r$_DFFE_PN0P_/D
30	0.7572	rst_sync_i	last_loop_r	rst_sync_i	last_loop_r$_DFFE_PN0P_/D
31	0.7572	rst_sync_i	state_r[I]	rst_sync_i	state_r[2]$_DFF_PN0_/D
32	0.7572	rst_sync_i	tb_wr_addr_r[I]	rst_sync_i	tb_wr_addr_r[2]$_DFFE_PN0P_/D
33	0.7632	rst_sync_i	bmu_inst_I.bm_r[J]	rst_sync_i	bmu_inst_26.bm_r[5]$_DFF_PN0_/D
34	0.7652	frame_start_i	flush_all_start_r	frame_start_i	flush_all_start_r$_DFFE_PN0P_/D
35	0.7652	frame_start_i	last_loop_r	frame_start_i	last_loop_r$_DFFE_PN0P_/D
36	0.7652	frame_start_i	state_r[I]	frame_start_i	state_r[2]$_DFF_PN0_/D
37	0.7652	frame_start_i	tb_wr_addr_r[I]	frame_start_i	tb_wr_addr_r[2]$_DFFE_PN0P_/D
38	0.7662	frame_start_i	dst_addr_r[I]	frame_start_i	dst_addr_r[8]$_DFFE_PN0P_/D
39	0.7799	rst_sync_i	acs_inst_I.survivor_path_r	rst_sync_i	acs_inst_60.survivor_path_r$_DFF_PN0_/D
40	0.7824	bmu_inst_I.low_codeword[J]	bmu_inst_I.bm_r[J]	bmu_inst_63.low_codeword[4]$_DFFE_PN0P_/Q	bmu_inst_63.bm_r[7]$_DFF_PN0_/D
41	0.7899	rst_sync_i	src_len_counter_r[I]	rst_sync_i	src_len_counter_r[9]$_DFFE_PN0P_/D
42	0.7952	frame_start_i	src_len_counter_r[I]	frame_start_i	src_len_counter_r[9]$_DFFE_PN0P_/D
43	0.8090	rst_sync_i	dst_addr_r[I]	rst_sync_i	dst_addr_r[8]$_DFFE_PN0P_/D
44	0.8140	rst_sync_i	frame_done_r	rst_sync_i	frame_done_r$_DFFE_PN0P_/D
45	0.8154	frame_start_i	acs_en_r[I]	frame_start_i	acs_en_r[31]$_DFFE_PN0P_/D
46	0.8220	frame_start_i	frame_done_r	frame_start_i	frame_done_r$_DFFE_PN0P_/D
47	0.8241	rst_sync_i	acs_inst_I.valid_r	rst_sync_i	acs_inst_0.valid_r$_DFF_PN0_/D
48	0.8263	frame_start_i	src_rd_r	frame_start_i	src_rd_r$_DFFE_PN0P_/D
49	0.8320	tail_biting_en_i	trellis_idx_r[I]	tail_biting_en_i	trellis_idx_r[5]$_DFFE_PN0P_/D
50	0.8377	frame_start_i	busy_r	frame_start_i	busy_r$_DFFE_PN0P_/D
51	0.8493	frame_start_i	bmu_inst_I.calc_polyn_en	frame_start_i	bmu_inst_29.calc_polyn_en$_DFF_PN0_/D
52	0.8580	acs_inst_I.valid_r	tb_addr_o[I]	acs_inst_0.valid_r$_DFF_PN0_/Q	tb_addr_o[0]
53	0.8655	rst_sync_i	busy_r	rst_sync_i	busy_r$_DFFE_PN0P_/D
54	0.8663	frame_start_i	first_loop_r	frame_start_i	first_loop_r$_DFFE_PN0P_/D
55	0.8663	frame_start_i	full_tb_start_r	frame_start_i	full_tb_start_r$_DFFE_PN0P_/D
56	0.8663	frame_start_i	half_tb_start_r	frame_start_i	half_tb_start_r$_DFFE_PN0P_/D
57	0.8664	rst_sync_i	soft_data_valid_r	rst_sync_i	soft_data_valid_r$_DFF_PN0_/D
58	0.8664	rst_sync_i	traceback_ins.tb_addr_r[I]	rst_sync_i	traceback_ins.tb_addr_r[1]$_DFFE_PN0P_/D
59	0.8664	rst_sync_i	traceback_ins.tb_counter_r[I]	rst_sync_i	traceback_ins.tb_counter_r[1]$_DFFE_PN0P_/D
60	0.8669	rst_sync_i	acs_en_r[I]	rst_sync_i	acs_en_r[15]$_DFFE_PN0P_/D
61	0.8671	rst_sync_i	traceback_start_r	rst_sync_i	traceback_start_r$_DFF_PN0_/D
62	0.8679	frame_start_i	bmu_inst_I.ready_r	frame_start_i	bmu_inst_0.ready_r$_DFFE_PN0P_/D
63	0.8700	rst_sync_i	first_loop_r	rst_sync_i	first_loop_r$_DFFE_PN0P_/D
64	0.8700	rst_sync_i	full_tb_start_r	rst_sync_i	full_tb_start_r$_DFFE_PN0P_/D
65	0.8700	rst_sync_i	half_tb_start_r	rst_sync_i	half_tb_start_r$_DFFE_PN0P_/D
66	0.8716	rst_sync_i	bmu_inst_I.ready_r	rst_sync_i	bmu_inst_0.ready_r$_DFFE_PN0P_/D
67	0.8740	rst_sync_i	traceback_ins.tb_rd_r	rst_sync_i	traceback_ins.tb_rd_r$_DFF_PN0_/D
68	0.8741	rst_sync_i	decoding_start_r	rst_sync_i	decoding_start_r$_DFF_PN0_/D
69	0.8823	frame_start_i	byte_idx_r[I]	frame_start_i	byte_idx_r[0]$_DFF_PN0_/D
70	0.8860	rst_sync_i	byte_idx_r[I]	rst_sync_i	byte_idx_r[0]$_DFF_PN0_/D
71	0.8894	rst_sync_i	src_rd_r	rst_sync_i	src_rd_r$_DFFE_PN0P_/D
72	0.9112	frame_start_i	dst_wr_r	frame_start_i	dst_wr_r$_DFF_PN0_/D
73	0.9124	rst_sync_i	dst_wr_dI_r	rst_sync_i	dst_wr_d1_r$_DFF_PN0_/D
74	0.9149	rst_sync_i	dst_wr_r	rst_sync_i	dst_wr_r$_DFF_PN0_/D
75	0.9166	rst_sync_i	bmu_inst_I.calc_polyn_en	rst_sync_i	bmu_inst_29.calc_polyn_en$_DFF_PN0_/D
76	0.9193	infobit_length_i[I]	trellis_idx_r[I]	infobit_length_i[6]	trellis_idx_r[6]$_DFFE_PN0P_/D
77	0.9201	decoding_length_i[I]	trellis_idx_r[I]	decoding_length_i[6]	trellis_idx_r[6]$_DFFE_PN0P_/D
78	0.9245	rst_sync_i	bmu_ready_dI_r	rst_sync_i	bmu_ready_d1_r$_DFF_PN1_/D
79	0.9264	rst_sync_i	bmu_inst_I.calc_codeword_en	rst_sync_i	bmu_inst_36.calc_codeword_en$_DFF_PN0_/D
80	0.9389	pm_normalize_inst.pm_nom_r[I][J]	acs_inst_I.pm_r[J]	pm_normalize_inst.pm_nom_r[31][1]$_DFFE_PN0P_/Q	acs_inst_47.pm_r[8]$_DFF_PN0_/D
81	0.9512	rst_sync_i	bmu_inst_I.bm_valid_r	rst_sync_i	bmu_inst_17.bm_valid_r$_DFF_PN0_/D
82	0.9628	tb_wr_addr_r[I]	tb_addr_o[I]	tb_wr_addr_r[2]$_DFFE_PN0P_/Q	tb_addr_o[2]
83	0.9711	pm_normalize_inst.pm_nom_r[I][J]	acs_inst_I.survivor_path_r	pm_normalize_inst.pm_nom_r[31][1]$_DFFE_PN0P_/Q	acs_inst_47.survivor_path_r$_DFF_PN0_/D
84	0.9912	traceback_ins.tb_addr_r[I]	tb_addr_o[I]	traceback_ins.tb_addr_r[3]$_DFFE_PN0P_/Q	tb_addr_o[3]
85	0.9923	src_start_addr_i[I]	src_addr_r[I]	src_start_addr_i[0]	src_addr_r[0]$_DFFE_PN0P_/D
86	1.0108	dst_start_addr_i[I]	dst_addr_r[I]	dst_start_addr_i[5]	dst_addr_r[5]$_DFFE_PN0P_/D
87	1.0191	src_addr_r[I]	src_addr_o[I]	src_addr_r[1]$_DFFE_PN0P_/Q	src_addr_o[1]
88	1.0196	acs_inst_I.survivor_path_r	tb_wdata_o[I]	acs_inst_0.survivor_path_r$_DFF_PN0_/Q	tb_wdata_o[0]
89	1.0209	dst_addr_r[I]	dst_addr_o[I]	dst_addr_r[1]$_DFFE_PN0P_/Q	dst_addr_o[1]
90	1.0229	src_rd_r	src_rd_o	src_rd_r$_DFFE_PN0P_/Q	src_rd_o
91	1.0346	frame_done_r	frame_done_o	frame_done_r$_DFFE_PN0P_/Q	frame_done_o
92	1.0346	busy_r	busy_o	busy_r$_DFFE_PN0P_/Q	busy_o
93	1.0367	dst_wr_r	dst_wr_o	dst_wr_r$_DFF_PN0_/Q	dst_wr_o
94	1.0367	acs_inst_I.valid_r	tb_wr_o	acs_inst_0.valid_r$_DFF_PN0_/Q	tb_wr_o
95	1.0396	traceback_ins.tb_rd_r	tb_rd_o	traceback_ins.tb_rd_r$_DFF_PN0_/Q	tb_rd_o
96	1.2523	acs_inst_I.valid_r	pm_normalize_inst.pm_nom_r[I][J]	acs_inst_0.valid_r$_DFF_PN0_/Q	pm_normalize_inst.pm_nom_r[60][2]$_DFFE_PN0P_/D
97	1.2801	src_len_counter_r[I]	src_addr_r[I]	src_len_counter_r[1]$_DFFE_PN0P_/Q	src_addr_r[10]$_DFFE_PN0P_/D
98	1.3078	fetch_src_cnt_r[I]	src_len_counter_r[I]	fetch_src_cnt_r[7]$_DFFE_PN0P_/Q	src_len_counter_r[9]$_DFFE_PN0P_/D
99	1.3228	src_len_counter_r[I]	src_len_counter_r[I]	src_len_counter_r[1]$_DFFE_PN0P_/Q	src_len_counter_r[11]$_DFFE_PN0P_/D
100	1.3465	src_addr_r[I]	src_addr_r[I]	src_addr_r[5]$_DFFE_PN0P_/Q	src_addr_r[11]$_DFFE_PN0P_/D
101	1.3720	flush_all_start_r	fetch_src_cnt_r[I]	flush_all_start_r$_DFFE_PN0P_/Q	fetch_src_cnt_r[10]$_DFFE_PN0P_/D
102	1.3738	half_tb_start_r	fetch_src_cnt_r[I]	half_tb_start_r$_DFFE_PN0P_/Q	fetch_src_cnt_r[10]$_DFFE_PN0P_/D
103	1.3757	full_tb_start_r	fetch_src_cnt_r[I]	full_tb_start_r$_DFFE_PN0P_/Q	fetch_src_cnt_r[10]$_DFFE_PN0P_/D
104	1.3889	trellis_idx_r[I]	half_tb_start_r	trellis_idx_r[7]$_DFFE_PN0P_/QN	half_tb_start_r$_DFFE_PN0P_/D
105	1.4014	trellis_idx_r[I]	full_tb_start_r	trellis_idx_r[7]$_DFFE_PN0P_/QN	full_tb_start_r$_DFFE_PN0P_/D
106	1.4028	fetch_src_cnt_r[I]	src_rd_r	fetch_src_cnt_r[7]$_DFFE_PN0P_/Q	src_rd_r$_DFFE_PN0P_/D
107	1.4056	bmu_inst_I.calc_polyn_en	bmu_inst_I.low_codeword_tmp[J]	bmu_inst_29.calc_polyn_en$_DFF_PN0_/Q	bmu_inst_44.low_codeword_tmp[2]$_DFFE_PN0P_/D
108	1.4058	flush_all_start_r	src_len_counter_r[I]	flush_all_start_r$_DFFE_PN0P_/Q	src_len_counter_r[9]$_DFFE_PN0P_/D
109	1.4071	fetch_src_cnt_r[I]	fetch_src_cnt_r[I]	fetch_src_cnt_r[1]$_DFFE_PN0P_/QN	fetch_src_cnt_r[10]$_DFFE_PN0P_/D
110	1.4092	src_rd_r	fetch_src_cnt_r[I]	src_rd_r$_DFFE_PN0P_/Q	fetch_src_cnt_r[10]$_DFFE_PN0P_/D
111	1.4107	half_tb_start_r	src_len_counter_r[I]	half_tb_start_r$_DFFE_PN0P_/Q	src_len_counter_r[9]$_DFFE_PN0P_/D
112	1.4218	trellis_idx_r[I]	first_loop_r	trellis_idx_r[7]$_DFFE_PN0P_/QN	first_loop_r$_DFFE_PN0P_/D
113	1.4224	full_tb_start_r	src_len_counter_r[I]	full_tb_start_r$_DFFE_PN0P_/Q	src_len_counter_r[9]$_DFFE_PN0P_/D
114	1.4275	trellis_idx_r[I]	flush_all_start_r	trellis_idx_r[6]$_DFFE_PN0P_/QN	flush_all_start_r$_DFFE_PN0P_/D
115	1.4333	traceback_ins.tb_counter_r[I]	traceback_ins.tb_addr_r[I]	traceback_ins.tb_counter_r[1]$_DFFE_PN0P_/QN	traceback_ins.tb_addr_r[2]$_DFFE_PN0P_/D
116	1.4561	trellis_idx_r[I]	trellis_idx_r[I]	trellis_idx_r[7]$_DFFE_PN0P_/QN	trellis_idx_r[11]$_DFFE_PN0P_/D
117	1.4621	state_r[I]	first_loop_r	state_r[4]$_DFF_PN0_/Q	first_loop_r$_DFFE_PN0P_/D
118	1.4658	dst_addr_r[I]	dst_addr_r[I]	dst_addr_r[4]$_DFFE_PN0P_/Q	dst_addr_r[10]$_DFFE_PN0P_/D
119	1.4695	traceback_ins.tb_counter_r[I]	traceback_ins.tb_counter_r[I]	traceback_ins.tb_counter_r[0]$_DFFE_PN0P_/Q	traceback_ins.tb_counter_r[7]$_DFFE_PN0P_/D
120	1.4716	dst_wr_r	trellis_idx_r[I]	dst_wr_r$_DFF_PN0_/QN	trellis_idx_r[5]$_DFFE_PN0P_/D
121	1.4781	acs_inst_I.valid_r	src_len_counter_r[I]	acs_inst_0.valid_r$_DFF_PN0_/Q	src_len_counter_r[9]$_DFFE_PN0P_/D
122	1.4797	dst_wr_dI_r	trellis_idx_r[I]	dst_wr_d1_r$_DFF_PN0_/Q	trellis_idx_r[5]$_DFFE_PN0P_/D
123	1.4828	bmu_inst_I.calc_codeword_en	bmu_inst_I.low_codeword[J]	bmu_inst_36.calc_codeword_en$_DFF_PN0_/Q	bmu_inst_1.low_codeword[0]$_DFFE_PN0P_/D
124	1.4858	fetch_src_cnt_r[I]	traceback_start_r	fetch_src_cnt_r[7]$_DFFE_PN0P_/Q	traceback_start_r$_DFF_PN0_/D
125	1.4883	state_r[I]	trellis_idx_r[I]	state_r[3]$_DFF_PN0_/Q	trellis_idx_r[5]$_DFFE_PN0P_/D
126	1.5008	flush_all_start_r	src_rd_r	flush_all_start_r$_DFFE_PN0P_/Q	src_rd_r$_DFFE_PN0P_/D
127	1.5014	traceback_ins.tb_addr_r[I]	traceback_ins.tb_addr_r[I]	traceback_ins.tb_addr_r[1]$_DFFE_PN0P_/Q	traceback_ins.tb_addr_r[5]$_DFFE_PN0P_/D
128	1.5057	half_tb_start_r	src_rd_r	half_tb_start_r$_DFFE_PN0P_/Q	src_rd_r$_DFFE_PN0P_/D
129	1.5060	bmu_inst_I.bm_valid_r	acs_inst_I.pm_r[J]	bmu_inst_17.bm_valid_r$_DFF_PN0_/Q	acs_inst_22.pm_r[1]$_DFF_PN0_/D
130	1.5122	trellis_idx_r[I]	state_r[I]	trellis_idx_r[7]$_DFFE_PN0P_/QN	state_r[2]$_DFF_PN0_/D
131	1.5128	dst_wr_r	dst_addr_r[I]	dst_wr_r$_DFF_PN0_/Q	dst_addr_r[10]$_DFFE_PN0P_/D
132	1.5141	state_r[I]	flush_all_start_r	state_r[4]$_DFF_PN0_/Q	flush_all_start_r$_DFFE_PN0P_/D
133	1.5174	full_tb_start_r	src_rd_r	full_tb_start_r$_DFFE_PN0P_/Q	src_rd_r$_DFFE_PN0P_/D
134	1.5225	traceback_ins.tb_counter_r[I]	traceback_ins.tb_rd_r	traceback_ins.tb_counter_r[1]$_DFFE_PN0P_/QN	traceback_ins.tb_rd_r$_DFF_PN0_/D
135	1.5338	acs_inst_I.valid_r	tb_wr_addr_r[I]	acs_inst_0.valid_r$_DFF_PN0_/Q	tb_wr_addr_r[2]$_DFFE_PN0P_/D
136	1.5383	soft_data_valid_r	bmu_inst_I.bm_r[J]	soft_data_valid_r$_DFF_PN0_/Q	bmu_inst_26.bm_r[5]$_DFF_PN0_/D
137	1.5412	src_rd_r	src_addr_r[I]	src_rd_r$_DFFE_PN0P_/Q	src_addr_r[10]$_DFFE_PN0P_/D
138	1.5519	bmu_inst_I.bm_valid_r	acs_inst_I.survivor_path_r	bmu_inst_17.bm_valid_r$_DFF_PN0_/Q	acs_inst_60.survivor_path_r$_DFF_PN0_/D
139	1.5521	decoding_start_r	full_tb_start_r	decoding_start_r$_DFF_PN0_/Q	full_tb_start_r$_DFFE_PN0P_/D
140	1.5583	tb_wr_addr_r[I]	tb_wr_addr_r[I]	tb_wr_addr_r[2]$_DFFE_PN0P_/Q	tb_wr_addr_r[5]$_DFFE_PN0P_/D
141	1.5600	state_r[I]	state_r[I]	state_r[4]$_DFF_PN0_/Q	state_r[3]$_DFF_PN0_/D
142	1.5649	state_r[I]	full_tb_start_r	state_r[0]$_DFF_PN1_/Q	full_tb_start_r$_DFFE_PN0P_/D
143	1.5649	state_r[I]	half_tb_start_r	state_r[0]$_DFF_PN1_/Q	half_tb_start_r$_DFFE_PN0P_/D
144	1.5649	state_r[I]	tb_len_r[I]	state_r[4]$_DFF_PN0_/Q	tb_len_r[0]$_DFFE_PN0P_/D
145	1.5666	acs_en_r[I]	acs_inst_I.pm_r[J]	acs_en_r[31]$_DFFE_PN0P_/QN	acs_inst_22.pm_r[1]$_DFF_PN0_/D
146	1.5822	pm_normalize_inst.pm_nom_r[I][J]	pm_normalize_inst.pm_nom_r[I][J]	pm_normalize_inst.pm_nom_r[35][7]$_DFFE_PN0P_/Q	pm_normalize_inst.pm_nom_r[35][7]$_DFFE_PN0P_/D
147	1.5825	state_r[I]	last_loop_r	state_r[1]$_DFF_PN0_/Q	last_loop_r$_DFFE_PN0P_/D
148	1.5838	decoding_start_r	first_loop_r	decoding_start_r$_DFF_PN0_/Q	first_loop_r$_DFFE_PN0P_/D
149	1.5858	traceback_start_r	traceback_ins.tb_counter_r[I]	traceback_start_r$_DFF_PN0_/Q	traceback_ins.tb_counter_r[2]$_DFFE_PN0P_/D
150	1.5878	traceback_start_r	traceback_ins.tb_addr_r[I]	traceback_start_r$_DFF_PN0_/Q	traceback_ins.tb_addr_r[1]$_DFFE_PN0P_/D
151	1.5879	trellis_idx_r[I]	tb_len_r[I]	trellis_idx_r[6]$_DFFE_PN0P_/QN	tb_len_r[6]$_DFFE_PN0P_/D
152	1.5887	decoding_start_r	half_tb_start_r	decoding_start_r$_DFF_PN0_/QN	half_tb_start_r$_DFFE_PN0P_/D
153	1.5933	acs_inst_I.valid_r	src_rd_r	acs_inst_0.valid_r$_DFF_PN0_/Q	src_rd_r$_DFFE_PN0P_/D
154	1.5961	bmu_inst_I.bm_valid_r	acs_inst_I.valid_r	bmu_inst_17.bm_valid_r$_DFF_PN0_/Q	acs_inst_0.valid_r$_DFF_PN0_/D
155	1.5979	bmu_inst_I.calc_polyn_en	bmu_inst_I.calc_codeword_en	bmu_inst_29.calc_polyn_en$_DFF_PN0_/Q	bmu_inst_36.calc_codeword_en$_DFF_PN0_/D
156	1.5981	decoding_start_r	flush_all_start_r	decoding_start_r$_DFF_PN0_/Q	flush_all_start_r$_DFFE_PN0P_/D
157	1.6001	trellis_idx_r[I]	fetch_src_cnt_r[I]	trellis_idx_r[6]$_DFFE_PN0P_/Q	fetch_src_cnt_r[6]$_DFFE_PN0P_/D
158	1.6046	dst_wr_dI_r	first_loop_r	dst_wr_d1_r$_DFF_PN0_/Q	first_loop_r$_DFFE_PN0P_/D
159	1.6098	flush_all_start_r	flush_all_start_r	flush_all_start_r$_DFFE_PN0P_/Q	flush_all_start_r$_DFFE_PN0P_/D
160	1.6107	dst_wr_r	first_loop_r	dst_wr_r$_DFF_PN0_/QN	first_loop_r$_DFFE_PN0P_/D
161	1.6124	dst_wr_r	last_loop_r	dst_wr_r$_DFF_PN0_/QN	last_loop_r$_DFFE_PN0P_/D
162	1.6125	acs_en_r[I]	acs_inst_I.survivor_path_r	acs_en_r[62]$_DFFE_PN0P_/QN	acs_inst_60.survivor_path_r$_DFF_PN0_/D
163	1.6177	dst_wr_dI_r	last_loop_r	dst_wr_d1_r$_DFF_PN0_/Q	last_loop_r$_DFFE_PN0P_/D
164	1.6313	byte_idx_r[I]	byte_idx_r[I]	byte_idx_r[1]$_DFF_PN0_/Q	byte_idx_r[3]$_DFF_PN0_/D
165	1.6330	acs_inst_I.valid_r	traceback_start_r	acs_inst_0.valid_r$_DFF_PN0_/Q	traceback_start_r$_DFF_PN0_/D
166	1.6419	first_loop_r	tb_len_r[I]	first_loop_r$_DFFE_PN0P_/Q	tb_len_r[6]$_DFFE_PN0P_/D
167	1.6450	state_r[I]	frame_done_r	state_r[0]$_DFF_PN1_/Q	frame_done_r$_DFFE_PN0P_/D
168	1.6451	state_r[I]	busy_r	state_r[0]$_DFF_PN1_/Q	busy_r$_DFFE_PN0P_/D
169	1.6487	half_tb_start_r	half_tb_start_r	half_tb_start_r$_DFFE_PN0P_/Q	half_tb_start_r$_DFFE_PN0P_/D
170	1.6491	full_tb_start_r	full_tb_start_r	full_tb_start_r$_DFFE_PN0P_/Q	full_tb_start_r$_DFFE_PN0P_/D
171	1.6494	dst_wr_dI_r	state_r[I]	dst_wr_d1_r$_DFF_PN0_/Q	state_r[1]$_DFF_PN0_/D
172	1.6554	dst_wr_r	state_r[I]	dst_wr_r$_DFF_PN0_/QN	state_r[1]$_DFF_PN0_/D
173	1.6559	decoding_start_r	state_r[I]	decoding_start_r$_DFF_PN0_/Q	state_r[0]$_DFF_PN1_/D
174	1.6567	acs_en_r[I]	acs_inst_I.valid_r	acs_en_r[7]$_DFFE_PN0P_/QN	acs_inst_0.valid_r$_DFF_PN0_/D
175	1.6587	last_loop_r	last_loop_r	last_loop_r$_DFFE_PN0P_/Q	last_loop_r$_DFFE_PN0P_/D
176	1.6620	bmu_inst_I.ready_r	state_r[I]	bmu_inst_0.ready_r$_DFFE_PN0P_/Q	state_r[0]$_DFF_PN1_/D
177	1.6623	tb_wr_addr_r[I]	traceback_ins.tb_addr_r[I]	tb_wr_addr_r[5]$_DFFE_PN0P_/Q	traceback_ins.tb_addr_r[5]$_DFFE_PN0P_/D
178	1.6637	tb_len_r[I]	tb_len_r[I]	tb_len_r[6]$_DFFE_PN0P_/Q	tb_len_r[6]$_DFFE_PN0P_/D
179	1.6714	last_loop_r	busy_r	last_loop_r$_DFFE_PN0P_/Q	busy_r$_DFFE_PN0P_/D
180	1.6718	byte_idx_r[I]	dst_wr_r	byte_idx_r[1]$_DFF_PN0_/QN	dst_wr_r$_DFF_PN0_/D
181	1.6764	first_loop_r	first_loop_r	first_loop_r$_DFFE_PN0P_/Q	first_loop_r$_DFFE_PN0P_/D
182	1.6771	dst_wr_r	dst_wr_dI_r	dst_wr_r$_DFF_PN0_/Q	dst_wr_d1_r$_DFF_PN0_/D
183	1.6818	dst_wr_r	busy_r	dst_wr_r$_DFF_PN0_/QN	busy_r$_DFFE_PN0P_/D
184	1.6881	bmu_inst_I.low_codeword[J]	bmu_inst_I.low_codeword[J]	bmu_inst_1.low_codeword[0]$_DFFE_PN0P_/Q	bmu_inst_1.low_codeword[0]$_DFFE_PN0P_/D
185	1.6902	bmu_inst_I.low_codeword_tmp[J]	bmu_inst_I.low_codeword_tmp[J]	bmu_inst_29.low_codeword_tmp[1]$_DFFE_PN0P_/Q	bmu_inst_29.low_codeword_tmp[1]$_DFFE_PN0P_/D
186	1.6954	last_loop_r	frame_done_r	last_loop_r$_DFFE_PN0P_/Q	frame_done_r$_DFFE_PN0P_/D
187	1.7035	bmu_inst_I.ready_r	decoding_start_r	bmu_inst_0.ready_r$_DFFE_PN0P_/Q	decoding_start_r$_DFF_PN0_/D
188	1.7046	bmu_ready_dI_r	state_r[I]	bmu_ready_d1_r$_DFF_PN1_/QN	state_r[0]$_DFF_PN1_/D
189	1.7048	src_rd_r	soft_data_valid_r	src_rd_r$_DFFE_PN0P_/Q	soft_data_valid_r$_DFF_PN0_/D
190	1.7059	dst_wr_r	frame_done_r	dst_wr_r$_DFF_PN0_/QN	frame_done_r$_DFFE_PN0P_/D
191	1.7088	frame_done_r	frame_done_r	frame_done_r$_DFFE_PN0P_/Q	frame_done_r$_DFFE_PN0P_/D
192	1.7107	bmu_inst_I.low_codeword_tmp[J]	bmu_inst_I.low_codeword[J]	bmu_inst_29.low_codeword_tmp[0]$_DFFE_PN0P_/Q	bmu_inst_29.low_codeword[0]$_DFFE_PN0P_/D
193	1.7116	tb_len_r[I]	traceback_ins.tb_counter_r[I]	tb_len_r[6]$_DFFE_PN0P_/Q	traceback_ins.tb_counter_r[7]$_DFFE_PN0P_/D
194	1.7123	acs_en_r[I]	acs_en_r[I]	acs_en_r[15]$_DFFE_PN0P_/Q	acs_en_r[15]$_DFFE_PN0P_/D
195	1.7138	bmu_inst_I.ready_r	bmu_ready_dI_r	bmu_inst_0.ready_r$_DFFE_PN0P_/Q	bmu_ready_d1_r$_DFF_PN1_/D
196	1.7144	busy_r	busy_r	busy_r$_DFFE_PN0P_/Q	busy_r$_DFFE_PN0P_/D
197	1.7168	src_rd_r	src_rd_r	src_rd_r$_DFFE_PN0P_/Q	src_rd_r$_DFFE_PN0P_/D
198	1.7205	bmu_inst_I.calc_codeword_en	bmu_inst_I.ready_r	bmu_inst_36.calc_codeword_en$_DFF_PN0_/Q	bmu_inst_0.ready_r$_DFFE_PN0P_/D
199	1.7231	bmu_inst_I.ready_r	bmu_inst_I.ready_r	bmu_inst_0.ready_r$_DFFE_PN0P_/Q	bmu_inst_0.ready_r$_DFFE_PN0P_/D
200	1.7264	soft_data_valid_r	bmu_inst_I.bm_valid_r	soft_data_valid_r$_DFF_PN0_/Q	bmu_inst_17.bm_valid_r$_DFF_PN0_/D
201	1.7462	bmu_ready_dI_r	decoding_start_r	bmu_ready_d1_r$_DFF_PN1_/QN	decoding_start_r$_DFF_PN0_/D
