# stage	1_synth
# top_module	wb_dma_top
# top_n	100
# kind	blocks
# skip_async	1
# include_full	1
# rank	worst_slack_ns	start	end	start_full	end_full
1	-0.2516	uI.state[J]	wbIs_data_o[J]	u2.state[8]$_DFF_PP0_/Q	wb0s_data_o[10]
2	-0.2068	uI.uJ.state[K]	wbIs_data_o[J]	u1.u1.state[3]$_DFFE_PP0P_/Q	wb0s_data_o[10]
3	-0.2053	uI.uJ.pri_outK[L]	wbIs_data_o[J]	u1.u0.pri_out0[1]$_DFF_P_/Q	wb0s_data_o[10]
4	-0.1170	wbI_addr_i[J]	wbIs_data_o[J]	wb0_addr_i[28]	wb1s_data_o[27]
5	-0.1143	wbI_addr_i[J]	wbI_cyc_o	wb1_addr_i[29]	wb0_cyc_o
6	-0.1010	wbI_addr_i[J]	wbI_addr_o[J]	wb0_addr_i[28]	wb1_addr_o[10]
7	-0.0971	wbI_addr_i[J]	wbI_err_o	wb1_addr_i[29]	wb1_err_o
8	-0.0971	wbI_addr_i[J]	wbI_rty_o	wb1_addr_i[29]	wb1_rty_o
9	-0.0971	wbI_addr_i[J]	wbIm_data_o[J]	wb1_addr_i[29]	wb1m_data_o[0]
10	-0.0878	wbI_addr_i[J]	wbI_sel_o[J]	wb0_addr_i[28]	wb1_sel_o[0]
11	-0.0819	uI.ch_sel_r[J]	wbIs_data_o[J]	u1.ch_sel_r[0]$_DFFE_PP0P_/Q	wb0s_data_o[10]
12	-0.0809	wbI_addr_i[J]	uI.uJ.ch_tot_sz_r[K]	wb0_addr_i[3]	u0.u4.ch_tot_sz_r[10]$_DFFE_PP_/D
13	-0.0809	wbI_addr_i[J]	uI.uJ.ch_txsz_s[K]	wb0_addr_i[3]	u0.u4.ch_txsz_s[10]$_DFFE_PP_/D
14	-0.0723	wbI_addr_i[J]	wbI_ack_o	wb1_addr_i[29]	wb1_ack_o
15	-0.0704	wbI_addr_i[J]	wbI_stb_o	wb1_addr_i[29]	wb0_stb_o
16	-0.0704	wbI_addr_i[J]	wbI_we_o	wb1_addr_i[29]	wb0_we_o
17	-0.0479	wbI_cyc_i	wbI_addr_o[J]	wb0_cyc_i	wb1_addr_o[10]
18	-0.0358	wbI_addr_i[J]	_I_	wb0_addr_i[9]	_52889_/D
19	-0.0329	wbI_cyc_i	wbI_err_o	wb1_cyc_i	wb1_err_o
20	-0.0329	wbI_cyc_i	wbI_rty_o	wb1_cyc_i	wb1_rty_o
21	-0.0329	wbI_cyc_i	wbIm_data_o[J]	wb1_cyc_i	wb1m_data_o[0]
22	-0.0296	wbI_cyc_i	wbIs_data_o[J]	wb1_cyc_i	wb0s_data_o[28]
23	-0.0278	wbI_cyc_i	wbI_cyc_o	wb1_cyc_i	wb0_cyc_o
24	-0.0273	wbI_addr_i[J]	uI.uJ.ch_sz_inf	wb0_addr_i[3]	u0.u4.ch_sz_inf$_DFFE_PP_/D
25	-0.0266	wbI_addr_i[J]	uI.uJ.ch_chk_sz_r[K]	wb0_addr_i[3]	u0.u4.ch_chk_sz_r[4]$_DFFE_PP_/D
26	-0.0193	wbI_addr_i[J]	uI.uJ.ch_adrK_s[L]	wb0_addr_i[3]	u0.u0.ch_adr0_s[12]$_DFFE_PP_/D
27	-0.0103	wbI_cyc_i	wbI_ack_o	wb1_cyc_i	wb1_ack_o
28	-0.0046	wbI_cyc_i	wbI_stb_o	wb1_cyc_i	wb0_stb_o
29	-0.0046	wbI_cyc_i	wbI_we_o	wb1_cyc_i	wb0_we_o
30	-0.0033	wbI_addr_i[J]	uI.uJ.ch_adrK_r[L]	wb0_addr_i[6]	u0.u10.ch_adr0_r[29]$_DFFE_PP_/D
31	0.0019	wbI_addr_i[J]	uI.uJ.sw_pointer_r[K]	wb0_addr_i[3]	u0.u14.sw_pointer_r[0]$_DFFE_PP0P_/D
32	0.0052	wbI_addr_i[J]	uI.uJ.pointer_r[K]	wb0_addr_i[2]	u0.u0.pointer_r[10]$_DFFE_PP_/D
33	0.0129	wbI_cyc_i	wbI_sel_o[J]	wb0_cyc_i	wb1_sel_o[0]
34	0.0182	wbI_addr_i[J]	uI.uJ.ch_amK_r[L]	wb0_addr_i[6]	u0.u10.ch_am0_r[0]$_DFFE_PP1P_/D
35	0.0198	wbI_addr_i[J]	uI.wb_rf_dout[J]	wb0_addr_i[9]	u0.wb_rf_dout[0]$_DFFE_PP_/D
36	0.0271	wbI_addr_i[J]	uI.uJ.ch_csr_r[K]	wb0_addr_i[8]	u0.u6.ch_csr_r[1]$_DFFE_PP0P_/D
37	0.0271	wbI_addr_i[J]	uI.uJ.ch_csr_rK[L]	wb0_addr_i[8]	u0.u6.ch_csr_r3[0]$_DFFE_PP0P_/D
38	0.0285	wbI_addr_i[J]	uI.uJ.ch_done	wb0_addr_i[8]	u0.u4.ch_done$_DFFE_PP0P_/D
39	0.0285	wbI_addr_i[J]	uI.uJ.rest_en	wb0_addr_i[8]	u0.u4.rest_en$_DFFE_PP0P_/D
40	0.0337	uI.uJ.ch_csr_r[K]	wbIs_data_o[J]	u0.u4.ch_csr_r[7]$_DFFE_PP0P_/Q	wb0s_data_o[10]
41	0.0560	wbI_ack_i	wbI_ack_o	wb1_ack_i	wb0_ack_o
42	0.0655	wbI_addr_i[J]	uI.int_maskb_r[J]	wb0_addr_i[3]	u0.int_maskb_r[0]$_DFFE_PP0P_/D
43	0.0833	wbI_addr_i[J]	uI.int_maska_r[J]	wb0_addr_i[3]	u0.int_maska_r[0]$_DFFE_PP0P_/D
44	0.0969	uI.state[J]	uI.adrJ_cnt[K]	u2.state[8]$_DFF_PP0_/Q	u2.adr1_cnt[19]$_DFFE_PP_/D
45	0.1061	uI.state[J]	uI.mastJ_adr[K]	u2.state[8]$_DFF_PP0_/Q	u2.mast0_adr[10]$_DFF_P_/D
46	0.1215	uI.ndr_r[J]	wbIs_data_o[J]	u1.ndr_r[12]$_DFF_P_/Q	wb0s_data_o[10]
47	0.1384	uI.state[J]	uI.uJ.ch_done	u2.state[8]$_DFF_PP0_/Q	u0.u3.ch_done$_DFFE_PP0P_/D
48	0.1494	uI.state[J]	uI.tsz_cnt[J]	u2.state[8]$_DFF_PP0_/Q	u2.tsz_cnt[9]$_DFFE_PP_/D
49	0.1522	wbI_addr_i[J]	uI.uJ.ch_stop	wb0_addr_i[8]	u0.u6.ch_stop$_DFF_P_/D
50	0.1536	uI.state[J]	uI.uJ.mast_stb	u2.state[8]$_DFF_PP0_/Q	u3.u0.mast_stb$_DFF_P_/D
51	0.1640	uI.state[J]	uI.uJ.mast_we_r	u2.state[8]$_DFF_PP0_/Q	u3.u0.mast_we_r$_DFF_P_/D
52	0.1654	wbI_stb_i	wbI_stb_o	wb1_stb_i	wb0_stb_o
53	0.1654	wbI_we_i	wbI_we_o	wb1_we_i	wb0_we_o
54	0.1654	wbIs_data_i[J]	wbIm_data_o[J]	wb1s_data_i[0]	wb0m_data_o[0]
55	0.1658	wbIm_data_i[J]	wbIs_data_o[J]	wb1m_data_i[0]	wb0s_data_o[0]
56	0.1661	uI.state[J]	uI.uJ.ch_csr_r[K]	u2.state[8]$_DFF_PP0_/Q	u0.u10.ch_csr_r[1]$_DFFE_PP0P_/D
57	0.1687	uI.state[J]	uI.uJ.mast_cyc	u2.state[8]$_DFF_PP0_/Q	u3.u0.mast_cyc$_DFF_P_/D
58	0.1689	uI.uJ.state[K]	uI.mastJ_adr[K]	u1.u1.state[3]$_DFFE_PP0P_/Q	u2.mast0_adr[17]$_DFF_P_/D
59	0.1699	uI.state[J]	uI.chunk_J	u2.state[8]$_DFF_PP0_/Q	u2.chunk_0$_DFF_P_/D
60	0.1699	uI.state[J]	uI.uJ.ch_txsz_s[K]	u2.state[8]$_DFF_PP0_/Q	u0.u12.ch_txsz_s[2]$_DFFE_PP_/D
61	0.1704	uI.uJ.pri_outK[L]	uI.mastJ_adr[K]	u1.u0.pri_out0[1]$_DFF_P_/Q	u2.mast0_adr[17]$_DFF_P_/D
62	0.1706	uI.state[J]	uI.write_hold_r	u2.state[8]$_DFF_PP0_/Q	u2.write_hold_r$_DFF_P_/D
63	0.1706	uI.state[J]	uI.uJ.ch_eol	u2.state[8]$_DFF_PP0_/Q	u0.u2.ch_eol$_DFFE_PP0P_/D
64	0.1728	uI.state[J]	uI.uJ.pointer_sr[K]	u2.state[8]$_DFF_PP0_/Q	u0.u13.pointer_sr[18]$_DFFE_PP_/D
65	0.1745	uI.state[J]	uI.uJ.ch_adrK_s[L]	u2.state[8]$_DFF_PP0_/Q	u0.u12.ch_adr1_s[29]$_DFFE_PP_/D
66	0.1756	wbI_addr_i[J]	uI.uJ.int_src_r[K]	wb0_addr_i[3]	u0.u14.int_src_r[0]$_DFFE_PP0P_/D
67	0.1773	wbI_sel_i[J]	wbI_sel_o[J]	wb1_sel_i[0]	wb0_sel_o[0]
68	0.1778	uI.state[J]	uI.uJ.ch_tot_sz_r[K]	u2.state[8]$_DFF_PP0_/Q	u0.u10.ch_tot_sz_r[7]$_DFFE_PP_/D
69	0.1809	uI.state[J]	uI.uJ.ch_chk_sz_r[K]	u2.state[8]$_DFF_PP0_/Q	u0.u12.ch_chk_sz_r[0]$_DFFE_PP_/D
70	0.1837	uI.state[J]	uI.uJ.pointer_r[K]	u2.state[8]$_DFF_PP0_/Q	u0.u6.pointer_r[10]$_DFFE_PP_/D
71	0.1846	uI.state[J]	uI.ch_sel_r[J]	u2.state[8]$_DFF_PP0_/Q	u1.ch_sel_r[0]$_DFFE_PP0P_/D
72	0.1847	uI.state[J]	uI.chunk_cnt[J]	u2.state[8]$_DFF_PP0_/Q	u2.chunk_cnt[3]$_DFFE_PP_/D
73	0.1888	uI.state[J]	uI.state[J]	u2.state[8]$_DFF_PP0_/Q	u2.state[7]$_DFF_PP0_/D
74	0.1913	wbI_addr_i[J]	uI.uJ.ch_err	wb0_addr_i[7]	u0.u1.ch_err$_DFFE_PP0P_/D
75	0.1930	wbI_err_i	wbI_err_o	wb1_err_i	wb0_err_o
76	0.1930	wbI_rty_i	wbI_rty_o	wb1_rty_i	wb0_rty_o
77	0.1938	uI.state[J]	uI.uJ.int_src_r[K]	u2.state[8]$_DFF_PP0_/Q	u0.u3.int_src_r[1]$_DFFE_PP0P_/D
78	0.1952	uI.state[J]	uI.uJ.ptr_valid	u2.state[8]$_DFF_PP0_/Q	u0.u0.ptr_valid$_DFFE_PP0P_/D
79	0.1954	uI.uJ.pri_outK[L]	uI.adrJ_cnt[K]	u1.u0.pri_out0[1]$_DFF_P_/Q	u2.adr1_cnt[19]$_DFFE_PP_/D
80	0.2053	uI.uJ.state[K]	uI.adrJ_cnt[K]	u1.u1.state[3]$_DFFE_PP0P_/Q	u2.adr1_cnt[19]$_DFFE_PP_/D
81	0.2149	uI.state[J]	uI.uJ.ch_adrK_r[L]	u2.state[8]$_DFF_PP0_/Q	u0.u6.ch_adr0_r[12]$_DFFE_PP_/D
82	0.2261	uI.state[J]	uI.write_r	u2.state[8]$_DFF_PP0_/Q	u2.write_r$_DFF_P_/D
83	0.2288	uI.state[J]	uI.read_r	u2.state[8]$_DFF_PP0_/Q	u2.read_r$_DFF_P_/D
84	0.2320	uI.state[J]	uI.uJ.ch_rl	u2.state[8]$_DFF_PP0_/Q	u0.u2.ch_rl$_DFF_P_/D
85	0.2346	uI.uJ.state[K]	uI.state[J]	u1.u1.state[3]$_DFFE_PP0P_/Q	u2.state[7]$_DFF_PP0_/D
86	0.2356	uI.uJ.pri_outK[L]	uI.state[J]	u1.u0.pri_out0[1]$_DFF_P_/Q	u2.state[7]$_DFF_PP0_/D
87	0.2372	uI.state[J]	uI.ack_o[J]	u2.state[8]$_DFF_PP0_/Q	u1.ack_o[1]$_DFF_P_/D
88	0.2379	uI.uJ.state[K]	uI.uJ.ch_tot_sz_r[K]	u1.u1.state[3]$_DFFE_PP0P_/Q	u0.u8.ch_tot_sz_r[0]$_DFFE_PP_/D
89	0.2389	uI.uJ.pri_outK[L]	uI.uJ.ch_tot_sz_r[K]	u1.u0.pri_out0[1]$_DFF_P_/Q	u0.u8.ch_tot_sz_r[0]$_DFFE_PP_/D
90	0.2389	uI.uJ.pri_outK[L]	uI.tsz_cnt[J]	u1.u0.pri_out0[1]$_DFF_P_/Q	u2.tsz_cnt[10]$_DFFE_PP_/D
91	0.2393	uI.uJ.state[K]	uI.tsz_cnt[J]	u1.u1.state[3]$_DFFE_PP0P_/Q	u2.tsz_cnt[2]$_DFFE_PP_/D
92	0.2418	uI.uJ.pri_outK[L]	uI.uJ.pointer_sr[K]	u1.u0.pri_out0[1]$_DFF_P_/Q	u0.u5.pointer_sr[18]$_DFFE_PP_/D
93	0.2425	uI.uJ.pri_outK[L]	uI.uJ.ch_txsz_s[K]	u1.u0.pri_out0[1]$_DFF_P_/Q	u0.u5.ch_txsz_s[6]$_DFFE_PP_/D
94	0.2433	uI.uJ.pri_outK[L]	uI.uJ.ch_csr_r[K]	u1.u0.pri_out0[1]$_DFF_P_/Q	u0.u5.ch_csr_r[2]$_DFFE_PP0P_/D
95	0.2433	uI.uJ.state[K]	uI.uJ.ch_chk_sz_r[K]	u1.u1.state[3]$_DFFE_PP0P_/Q	u0.u11.ch_chk_sz_r[0]$_DFFE_PP_/D
96	0.2448	uI.uJ.pri_outK[L]	uI.uJ.ch_chk_sz_r[K]	u1.u0.pri_out0[1]$_DFF_P_/Q	u0.u11.ch_chk_sz_r[0]$_DFFE_PP_/D
97	0.2464	uI.uJ.pri_outK[L]	uI.chunk_J	u1.u0.pri_out0[1]$_DFF_P_/Q	u2.chunk_0$_DFF_P_/D
98	0.2514	uI.state[J]	uI.uJ.ch_err	u2.state[8]$_DFF_PP0_/Q	u0.u1.ch_err$_DFFE_PP0P_/D
99	0.2516	uI.uJ.pri_outK[L]	uI.uJ.ch_adrK_s[L]	u1.u0.pri_out0[1]$_DFF_P_/Q	u0.u5.ch_adr1_s[0]$_DFFE_PP_/D
100	0.2521	uI.uJ.pri_outK[L]	uI.uJ.mast_stb	u1.u0.pri_out0[1]$_DFF_P_/Q	u3.u0.mast_stb$_DFF_P_/D
