# stage	1_synth
# top_module	cordic_engine
# top_n	100
# kind	blocks
# skip_async	1
# include_full	1
# rank	worst_slack_ns	start	end	start_full	end_full
1	-0.5436	i_xval[I]	u_vec.xv[I][J]	i_xval[1]	u_vec.xv[0][24]$_SDFFE_PP0P_/D
2	-0.5305	i_xval[I]	u_vec.yv[I][J]	i_xval[1]	u_vec.yv[0][24]$_SDFFE_PP0P_/D
3	-0.4755	u_vec.yv_h[I][J]	u_vec.yv[I][J]	u_vec.yv_h[16][24]$_SDFFE_PP0P_/Q	u_vec.yv[17][24]$_SDFFE_PP0P_/D
4	-0.4409	u_vec.yv_h[I][J]	u_vec.xv[I][J]	u_vec.yv_h[8][24]$_SDFFE_PP0P_/Q	u_vec.xv[9][21]$_SDFFE_PP0P_/D
5	-0.4145	u_vec.xv_h[I][J]	u_vec.yv[I][J]	u_vec.xv_h[4][5]$_SDFFE_PP0P_/QN	u_vec.yv[5][23]$_SDFFE_PP0P_/D
6	-0.4031	i_yval[I]	u_vec.yv[I][J]	i_yval[6]	u_vec.yv[0][22]$_SDFFE_PP0P_/D
7	-0.3705	u_rot.ph[I][J]	u_rot.yv[I][J]	u_rot.ph[4][24]$_SDFFE_PP0P_/Q	u_rot.yv[5][17]$_SDFFE_PP0P_/D
8	-0.3525	u_rot.yv[I][J]	u_rot.xv[I][J]	u_rot.yv[17][19]$_SDFFE_PP0P_/QN	u_rot.xv[18][19]$_SDFFE_PP0P_/D
9	-0.3521	i_yval[I]	u_vec.xv[I][J]	i_yval[6]	u_vec.xv[0][20]$_SDFFE_PP0P_/D
10	-0.3480	u_vec.xv_h[I][J]	u_vec.xv[I][J]	u_vec.xv_h[1][4]$_SDFFE_PP0P_/QN	u_vec.xv[2][24]$_SDFFE_PP0P_/D
11	-0.3305	u_rot.ph[I][J]	u_rot.xv[I][J]	u_rot.ph[3][24]$_SDFFE_PP0P_/Q	u_rot.xv[4][17]$_SDFFE_PP0P_/D
12	-0.3294	i_yval[I]	u_rot.xv[I][J]	i_yval[1]	u_rot.xv[0][15]$_SDFFE_PP0P_/D
13	-0.3275	i_yval[I]	u_rot.yv[I][J]	i_yval[1]	u_rot.yv[0][17]$_SDFFE_PP0P_/D
14	-0.3186	u_rot.xv[I][J]	u_rot.yv[I][J]	u_rot.xv[3][7]$_SDFFE_PP0P_/QN	u_rot.yv[4][19]$_SDFFE_PP0P_/D
15	-0.3074	u_vec.yv_h[I][J]	u_vec.ph[I][J]	u_vec.yv_h[15][24]$_SDFFE_PP0P_/Q	u_vec.ph[16][24]$_SDFFE_PP0P_/D
16	-0.2856	i_xval[I]	u_rot.xv[I][J]	i_xval[1]	u_rot.xv[0][15]$_SDFFE_PP0P_/D
17	-0.2633	u_rot.ph[I][J]	u_rot.ph[I][J]	u_rot.ph[12][24]$_SDFFE_PP0P_/QN	u_rot.ph[13][23]$_SDFFE_PP0P_/D
18	-0.2454	i_xval[I]	u_rot.yv[I][J]	i_xval[1]	u_rot.yv[0][15]$_SDFFE_PP0P_/D
19	-0.1698	u_vec.ph_h[I][J]	u_vec.ph[I][J]	u_vec.ph_h[15][7]$_SDFFE_PP0P_/Q	u_vec.ph[16][24]$_SDFFE_PP0P_/D
20	-0.1199	i_phase[I]	u_rot.yv[I][J]	i_phase[23]	u_rot.yv[0][16]$_SDFFE_PP0P_/D
21	-0.1029	i_phase[I]	u_rot.xv[I][J]	i_phase[23]	u_rot.xv[0][18]$_SDFFE_PP0P_/D
22	-0.0902	u_rot.yv[I][J]	u_rot.yv[I][J]	u_rot.yv[3][0]$_SDFFE_PP0P_/QN	u_rot.yv[4][18]$_SDFFE_PP0P_/D
23	-0.0828	u_rot.xv[I][J]	u_rot.xv[I][J]	u_rot.xv[3][1]$_SDFFE_PP0P_/Q	u_rot.xv[4][17]$_SDFFE_PP0P_/D
24	-0.0750	i_xval[I]	u_vec.ph[I][J]	i_xval[17]	u_vec.ph[0][25]$_SDFFE_PP0P_/D
25	-0.0605	i_reset	u_rot.xv[I][J]	i_reset	u_rot.xv[11][19]$_SDFFE_PP0P_/D
26	-0.0605	i_reset	u_rot.yv[I][J]	i_reset	u_rot.yv[2][19]$_SDFFE_PP0P_/D
27	-0.0605	i_reset	u_vec.ph[I][J]	i_reset	u_vec.ph[12][25]$_SDFFE_PP0P_/D
28	-0.0605	i_reset	u_vec.xv[I][J]	i_reset	u_vec.xv[19][24]$_SDFFE_PP0P_/D
29	-0.0605	i_reset	u_vec.yv[I][J]	i_reset	u_vec.yv[14][24]$_SDFFE_PP0P_/D
30	-0.0514	i_ce	u_rot.xv[I][J]	i_ce	u_rot.xv[11][19]$_SDFFE_PP0P_/D
31	-0.0514	i_ce	u_rot.yv[I][J]	i_ce	u_rot.yv[2][19]$_SDFFE_PP0P_/D
32	-0.0514	i_ce	u_vec.ph[I][J]	i_ce	u_vec.ph[12][25]$_SDFFE_PP0P_/D
33	-0.0514	i_ce	u_vec.xv[I][J]	i_ce	u_vec.xv[19][24]$_SDFFE_PP0P_/D
34	-0.0514	i_ce	u_vec.yv[I][J]	i_ce	u_vec.yv[14][24]$_SDFFE_PP0P_/D
35	-0.0513	i_reset	u_rot.ph[I][J]	i_reset	u_rot.ph[19][24]$_SDFFE_PP0P_/D
36	-0.0440	i_ce	u_rot.ph[I][J]	i_ce	u_rot.ph[12][10]$_SDFFE_PP0P_/D
37	-0.0377	i_ce	u_rot.o_xval[I]	i_ce	u_rot.o_xval[10]$_SDFFE_PP0P_/D
38	-0.0377	i_ce	u_rot.o_yval[I]	i_ce	u_rot.o_yval[10]$_SDFFE_PP0P_/D
39	-0.0377	i_ce	u_vec.o_mag[I]	i_ce	u_vec.o_mag[7]$_SDFFE_PP0P_/D
40	-0.0283	u_vec.xv[I][J]	u_vec.o_mag[I]	u_vec.xv[21][7]$_SDFFE_PP0P_/QN	u_vec.o_mag[12]$_SDFFE_PP0P_/D
41	-0.0185	u_rot.xv[I][J]	u_rot.o_xval[I]	u_rot.xv[21][2]$_SDFFE_PP0P_/Q	u_rot.o_xval[16]$_SDFFE_PP0P_/D
42	-0.0185	u_rot.yv[I][J]	u_rot.o_yval[I]	u_rot.yv[21][2]$_SDFFE_PP0P_/Q	u_rot.o_yval[16]$_SDFFE_PP0P_/D
43	-0.0090	i_ce	u_vec.ph_h[I][J]	i_ce	u_vec.ph_h[2][23]$_SDFFE_PP0P_/D
44	-0.0089	i_ce	u_vec.xv_h[I][J]	i_ce	u_vec.xv_h[10][24]$_SDFFE_PP0P_/D
45	-0.0089	i_ce	u_vec.yv_h[I][J]	i_ce	u_vec.yv_h[10][24]$_SDFFE_PP0P_/D
46	-0.0042	i_reset	u_vec.o_mag[I]	i_reset	u_vec.o_mag[0]$_SDFFE_PP0P_/D
47	-0.0022	i_reset	u_vec.ax[I]	i_reset	u_vec.ax[0]$_SDFFE_PP0P_/D
48	-0.0022	i_reset	u_vec.ph_h[I][J]	i_reset	u_vec.ph_h[2][0]$_SDFFE_PP0P_/D
49	-0.0022	i_reset	u_vec.xv_h[I][J]	i_reset	u_vec.xv_h[1][10]$_SDFFE_PP0P_/D
50	-0.0022	i_reset	u_vec.yv_h[I][J]	i_reset	u_vec.yv_h[1][10]$_SDFFE_PP0P_/D
51	0.0012	i_reset	u_rot.o_xval[I]	i_reset	u_rot.o_xval[17]$_SDFFE_PP0P_/D
52	0.0012	i_reset	u_rot.o_yval[I]	i_reset	u_rot.o_yval[17]$_SDFFE_PP0P_/D
53	0.0012	i_reset	u_vec.o_aux	i_reset	u_vec.o_aux$_SDFFE_PP0P_/D
54	0.0012	i_reset	u_vec.o_phase[I]	i_reset	u_vec.o_phase[0]$_SDFFE_PP0P_/D
55	0.0028	i_ce	u_vec.ax[I]	i_ce	u_vec.ax[10]$_SDFFE_PP0P_/D
56	0.0043	i_ce	u_vec.o_aux	i_ce	u_vec.o_aux$_SDFFE_PP0P_/D
57	0.0043	i_ce	u_vec.o_phase[I]	i_ce	u_vec.o_phase[25]$_SDFFE_PP0P_/D
58	0.0064	i_yval[I]	u_vec.ph[I][J]	i_yval[17]	u_vec.ph[0][25]$_SDFFE_PP0P_/D
59	0.0227	i_phase[I]	u_rot.ph[I][J]	i_phase[22]	u_rot.ph[0][22]$_SDFFE_PP0P_/D
60	0.0735	u_vec.yv_h[I][J]	u_vec.yv_h[I][J]	u_vec.yv_h[13][24]$_SDFFE_PP0P_/Q	u_vec.yv_h[13][24]$_SDFFE_PP0P_/D
61	0.2561	u_vec.ax[I]	o_rot_aux	u_vec.ax[22]$_SDFFE_PP0P_/Q	o_rot_aux
62	0.2593	u_rot.o_xval[I]	o_rot_xval[I]	u_rot.o_xval[0]$_SDFFE_PP0P_/Q	o_rot_xval[0]
63	0.2593	u_rot.o_yval[I]	o_rot_yval[I]	u_rot.o_yval[0]$_SDFFE_PP0P_/Q	o_rot_yval[0]
64	0.2594	u_vec.o_aux	o_vec_aux	u_vec.o_aux$_SDFFE_PP0P_/Q	o_vec_aux
65	0.2594	u_vec.o_mag[I]	o_vec_mag[I]	u_vec.o_mag[17]$_SDFFE_PP0P_/Q	o_vec_mag[17]
66	0.2594	u_vec.o_phase[I]	o_vec_phase[I]	u_vec.o_phase[0]$_SDFFE_PP0P_/Q	o_vec_phase[0]
67	0.2735	u_vec.xv[I][J]	u_vec.xv[I][J]	u_vec.xv[11][24]$_SDFFE_PP0P_/Q	u_vec.xv[11][24]$_SDFFE_PP0P_/D
68	0.2758	i_aux	u_vec.ax[I]	i_aux	u_vec.ax[0]$_SDFFE_PP0P_/D
69	0.3071	u_vec.yv[I][J]	u_vec.yv[I][J]	u_vec.yv[0][20]$_SDFFE_PP0P_/Q	u_vec.yv[0][20]$_SDFFE_PP0P_/D
70	0.3499	u_vec.ph[I][J]	u_vec.ph[I][J]	u_vec.ph[16][25]$_SDFFE_PP0P_/Q	u_vec.ph[16][25]$_SDFFE_PP0P_/D
71	0.3503	u_vec.xv_h[I][J]	u_vec.xv_h[I][J]	u_vec.xv_h[2][24]$_SDFFE_PP0P_/Q	u_vec.xv_h[2][24]$_SDFFE_PP0P_/D
72	0.3665	u_vec.yv[I][J]	u_vec.yv_h[I][J]	u_vec.yv[1][24]$_SDFFE_PP0P_/Q	u_vec.yv_h[1][24]$_SDFFE_PP0P_/D
73	0.3676	u_vec.xv[I][J]	u_vec.xv_h[I][J]	u_vec.xv[2][24]$_SDFFE_PP0P_/Q	u_vec.xv_h[2][24]$_SDFFE_PP0P_/D
74	0.3699	u_rot.o_xval[I]	u_rot.o_xval[I]	u_rot.o_xval[0]$_SDFFE_PP0P_/Q	u_rot.o_xval[0]$_SDFFE_PP0P_/D
75	0.3699	u_rot.o_yval[I]	u_rot.o_yval[I]	u_rot.o_yval[0]$_SDFFE_PP0P_/Q	u_rot.o_yval[0]$_SDFFE_PP0P_/D
76	0.3790	u_vec.ph_h[I][J]	u_vec.ph_h[I][J]	u_vec.ph_h[1][21]$_SDFFE_PP0P_/Q	u_vec.ph_h[1][21]$_SDFFE_PP0P_/D
77	0.4027	u_vec.o_mag[I]	u_vec.o_mag[I]	u_vec.o_mag[10]$_SDFFE_PP0P_/Q	u_vec.o_mag[10]$_SDFFE_PP0P_/D
78	0.4088	u_vec.ax[I]	u_vec.ax[I]	u_vec.ax[0]$_SDFFE_PP0P_/Q	u_vec.ax[0]$_SDFFE_PP0P_/D
79	0.4129	u_vec.o_aux	u_vec.o_aux	u_vec.o_aux$_SDFFE_PP0P_/Q	u_vec.o_aux$_SDFFE_PP0P_/D
80	0.4129	u_vec.o_phase[I]	u_vec.o_phase[I]	u_vec.o_phase[0]$_SDFFE_PP0P_/Q	u_vec.o_phase[0]$_SDFFE_PP0P_/D
81	0.4135	u_vec.ph[I][J]	u_vec.ph_h[I][J]	u_vec.ph[2][0]$_SDFFE_PP0P_/Q	u_vec.ph_h[2][0]$_SDFFE_PP0P_/D
82	0.4135	u_vec.ph[I][J]	u_vec.o_phase[I]	u_vec.ph[21][23]$_SDFFE_PP0P_/Q	u_vec.o_phase[23]$_SDFFE_PP0P_/D
83	0.4136	u_vec.ax[I]	u_vec.o_aux	u_vec.ax[42]$_SDFFE_PP0P_/Q	u_vec.o_aux$_SDFFE_PP0P_/D
84	0.4136	u_vec.yv[I][J]	u_vec.xv_h[I][J]	u_vec.yv[0][5]$_SDFFE_PP0P_/Q	u_vec.xv_h[0][5]$_SDFFE_PP0P_/D
