# stage	1_synth
# top_module	wb_conmax_top
# top_n	100
# kind	blocks
# skip_async	1
# include_full	1
# rank	worst_slack_ns	start	end	start_full	end_full
1	-0.2743	mI_addr_i[J]	mI_rty_o	m2_addr_i[30]	m1_rty_o
2	-0.2338	mI_addr_i[J]	mI_ack_o	m2_addr_i[30]	m0_ack_o
3	-0.2304	mI_stb_i	mI_rty_o	m5_stb_i	m1_rty_o
4	-0.2027	mI_addr_i[J]	mI_err_o	m2_addr_i[30]	m1_err_o
5	-0.1900	mI_stb_i	mI_ack_o	m5_stb_i	m0_ack_o
6	-0.1588	mI_stb_i	mI_err_o	m5_stb_i	m1_err_o
7	-0.1156	mI_addr_i[J]	sI_addr_o[J]	m6_addr_i[4]	s15_addr_o[4]
8	-0.0908	mI_addr_i[J]	sI_stb_o	m5_addr_i[28]	s4_stb_o
9	-0.0775	mI_addr_i[J]	sI_cyc_o	m1_addr_i[28]	s15_cyc_o
10	-0.0600	mI_stb_i	sI_stb_o	m5_stb_i	s4_stb_o
11	-0.0597	mI_stb_i	sI_cyc_o	m5_stb_i	s15_cyc_o
12	-0.0549	sI_data_i[J]	mI_data_o[J]	s6_data_i[9]	m1_data_o[9]
13	-0.0538	sI_rty_i	mI_rty_o	s4_rty_i	m2_rty_o
14	-0.0470	mI_data_i[J]	sI_data_o[J]	m1_data_i[14]	s15_data_o[14]
15	-0.0284	mI_we_i	sI_we_o	m4_we_i	s13_we_o
16	-0.0282	mI_sel_i[J]	sI_sel_o[J]	m1_sel_i[3]	s10_sel_o[3]
17	-0.0222	sI_ack_i	mI_ack_o	s7_ack_i	m2_ack_o
18	-0.0222	sI_err_i	mI_err_o	s11_err_i	m3_err_o
19	0.0082	sI.mast_sel_pe_r[J]	mI_rty_o	s15.mast_sel_pe_r[0]$_SDFF_PP0_/Q	m1_rty_o
20	0.0487	sI.mast_sel_pe_r[J]	mI_ack_o	s15.mast_sel_pe_r[0]$_SDFF_PP0_/Q	m0_ack_o
21	0.0730	mI.sJ_cyc_o	mI_rty_o	m6.s15_cyc_o$_DFFE_PP0N_/Q	m1_rty_o
22	0.0798	sI.mast_sel_pe_r[J]	mI_err_o	s15.mast_sel_pe_r[0]$_SDFF_PP0_/Q	m1_err_o
23	0.0945	mI_addr_i[J]	rf.rf_dout[I]	m2_addr_i[30]	rf.rf_dout[6]$_SDFF_PN0_/D
24	0.0964	mI_addr_i[J]	rf.confI[J]	m2_addr_i[5]	rf.conf7[0]$_DFFE_PP0P_/D
25	0.1135	mI.sJ_cyc_o	mI_ack_o	m6.s15_cyc_o$_DFFE_PP0N_/Q	m0_ack_o
26	0.1143	sI.mast_sel_pe_r[J]	sI_addr_o[J]	s15.mast_sel_pe_r[2]$_SDFF_PP0_/Q	s15_addr_o[10]
27	0.1143	sI.mast_sel_pe_r[J]	sI_sel_o[J]	s15.mast_sel_pe_r[2]$_SDFF_PP0_/Q	s15_sel_o[3]
28	0.1151	sI.mast_sel_pe_r[J]	sI_data_o[J]	s15.mast_sel_pe_r[2]$_SDFF_PP0_/Q	s15_data_o[31]
29	0.1217	mI_addr_i[J]	rf.rf_we	m2_addr_i[30]	rf.rf_we$_DFF_P_/D
30	0.1334	mI_addr_i[J]	rf.rf_ack	m2_addr_i[30]	rf.rf_ack$_DFF_P_/D
31	0.1384	mI_stb_i	rf.rf_dout[I]	m5_stb_i	rf.rf_dout[6]$_SDFF_PN0_/D
32	0.1447	mI.sJ_cyc_o	mI_err_o	m6.s15_cyc_o$_DFFE_PP0N_/Q	m1_err_o
33	0.1625	mI_addr_i[J]	rf.rf_sel_r	m2_addr_i[30]	rf.rf_sel_r$_DFF_P_/D
34	0.1655	mI_stb_i	rf.rf_we	m5_stb_i	rf.rf_we$_DFF_P_/D
35	0.1736	sI.mJ_cyc_r	mI_rty_o	s15.m3_cyc_r$_DFF_P_/Q	m1_rty_o
36	0.1773	mI_stb_i	rf.rf_ack	m5_stb_i	rf.rf_ack$_DFF_P_/D
37	0.1775	sI.mast_sel_pe_r[J]	sI_we_o	s9.mast_sel_pe_r[1]$_SDFF_PP0_/Q	s9_we_o
38	0.1936	sI.mast_sel_pe_r[J]	sI_cyc_o	s15.mast_sel_pe_r[0]$_SDFF_PP0_/Q	s15_cyc_o
39	0.2026	mI.slv_sel_oh_r[J]	mI_err_o	m7.slv_sel_oh_r[14]$_DFF_PP0_/Q	m7_err_o
40	0.2064	mI_stb_i	rf.rf_sel_r	m5_stb_i	rf.rf_sel_r$_DFF_P_/D
41	0.2093	sI.mast_sel_pe_r[J]	sI_stb_o	s0.mast_sel_pe_r[1]$_SDFF_PP0_/Q	s0_stb_o
42	0.2139	sI.mJ_cyc_r	mI_ack_o	s15.m3_cyc_r$_DFF_P_/Q	m0_ack_o
43	0.2177	mI.slv_sel_oh_r[J]	mI_data_o[J]	m1.slv_sel_oh_r[14]$_DFF_PP0_/Q	m1_data_o[13]
44	0.2278	mI.slv_sel_oh_r[J]	mI_rty_o	m0.slv_sel_oh_r[13]$_DFF_PP0_/Q	m0_rty_o
45	0.2289	mI.slv_sel_oh_r[J]	mI_ack_o	m0.slv_sel_oh_r[3]$_DFF_PP0_/Q	m0_ack_o
46	0.2382	mI_data_i[J]	rf.confI[J]	m1_data_i[14]	rf.conf10[14]$_DFFE_PP0P_/D
47	0.2421	rf.rf_sel_r	mI_data_o[J]	rf.rf_sel_r$_DFF_P_/Q	m0_data_o[20]
48	0.2452	sI.mJ_cyc_r	mI_err_o	s15.m3_cyc_r$_DFF_P_/Q	m1_err_o
49	0.2633	mI.sJ_cyc_o	sI_cyc_o	m1.s6_cyc_o$_DFFE_PP0N_/Q	s6_cyc_o
50	0.2758	mI_addr_i[J]	mI.sJ_cyc_o	m2_addr_i[28]	m2.s8_cyc_o$_DFFE_PP0N_/D
51	0.3132	mI_stb_i	mI.sJ_cyc_o	m7_stb_i	m7.s12_cyc_o$_DFFE_PP0N_/D
52	0.3378	mI_addr_i[J]	mI.slv_sel_oh_r[J]	m2_addr_i[28]	m2.slv_sel_oh_r[8]$_DFF_PP0_/D
53	0.3395	mI_we_i	rf.rf_we	m5_we_i	rf.rf_we$_DFF_P_/D
54	0.3490	sI.msel.arbJ.state[K]	sI.msel.arbJ.state[K]	s14.msel.arb1.state[0]$_DFFE_PP0P_/Q	s14.msel.arb1.state[0]$_DFFE_PP0P_/D
55	0.3589	rst_i	sI.mast_sel_pe_r[J]	rst_i	s0.mast_sel_pe_r[2]$_SDFF_PP0_/D
56	0.3613	rf.confI[J]	sI.msel.arbJ.state[K]	rf.conf14[3]$_DFFE_PP0P_/Q	s14.msel.arb3.state[0]$_DFFE_PP0P_/D
57	0.3615	rst_i	sI.msel.pri_out[J]	rst_i	s1.msel.pri_out[1]$_DFF_P_/D
58	0.3631	sI.mJ_cyc_r	sI_cyc_o	s7.m7_cyc_r$_DFF_P_/Q	s7_cyc_o
59	0.3660	rf.rf_dout[I]	mI_data_o[J]	rf.rf_dout[0]$_SDFF_PN0_/Q	m0_data_o[0]
60	0.3714	mI.sJ_cyc_o	sI.msel.arbJ.state[K]	m1.s14_cyc_o$_DFFE_PP0N_/Q	s14.msel.arb3.state[0]$_DFFE_PP0P_/D
61	0.3725	sI.mast_sel_pe_r[J]	rf.confI[J]	s15.mast_sel_pe_r[2]$_SDFF_PP0_/Q	rf.conf7[0]$_DFFE_PP0P_/D
62	0.3771	sI.mast_sel_pe_r[J]	rf.rf_dout[I]	s15.mast_sel_pe_r[0]$_SDFF_PP0_/Q	rf.rf_dout[6]$_SDFF_PN0_/D
63	0.3987	rf.rf_ack	mI_ack_o	rf.rf_ack$_DFF_P_/Q	m0_ack_o
64	0.4042	sI.mast_sel_pe_r[J]	rf.rf_we	s15.mast_sel_pe_r[0]$_SDFF_PP0_/Q	rf.rf_we$_DFF_P_/D
65	0.4160	sI.mast_sel_pe_r[J]	rf.rf_ack	s15.mast_sel_pe_r[0]$_SDFF_PP0_/Q	rf.rf_ack$_DFF_P_/D
66	0.4231	mI_cyc_i	mI.sJ_cyc_o	m0_cyc_i	m0.s0_cyc_o$_DFFE_PP0N_/D
67	0.4419	mI.sJ_cyc_o	rf.rf_dout[I]	m6.s15_cyc_o$_DFFE_PP0N_/Q	rf.rf_dout[6]$_SDFF_PN0_/D
68	0.4450	sI.mast_sel_pe_r[J]	rf.rf_sel_r	s15.mast_sel_pe_r[0]$_SDFF_PP0_/Q	rf.rf_sel_r$_DFF_P_/D
69	0.4690	mI.sJ_cyc_o	rf.rf_we	m6.s15_cyc_o$_DFFE_PP0N_/Q	rf.rf_we$_DFF_P_/D
70	0.4808	mI.sJ_cyc_o	rf.rf_ack	m6.s15_cyc_o$_DFFE_PP0N_/Q	rf.rf_ack$_DFF_P_/D
71	0.5099	mI.sJ_cyc_o	rf.rf_sel_r	m6.s15_cyc_o$_DFFE_PP0N_/Q	rf.rf_sel_r$_DFF_P_/D
72	0.5298	rf.rf_we	rf.confI[J]	rf.rf_we$_DFF_P_/Q	rf.conf2[15]$_DFFE_PP0P_/D
73	0.5424	sI.mJ_cyc_r	rf.rf_dout[I]	s15.m3_cyc_r$_DFF_P_/Q	rf.rf_dout[6]$_SDFF_PN0_/D
74	0.5510	mI.sJ_cyc_o	sI.msel.pri_out[J]	m2.s11_cyc_o$_DFFE_PP0N_/Q	s11.msel.pri_out[1]$_DFF_P_/D
75	0.5695	sI.mJ_cyc_r	rf.rf_we	s15.m3_cyc_r$_DFF_P_/Q	rf.rf_we$_DFF_P_/D
76	0.5756	sI.mast_sel_pe_r[J]	sI.next	s13.mast_sel_pe_r[2]$_SDFF_PP0_/Q	s13.next$_DFF_P_/D
77	0.5813	sI.mJ_cyc_r	rf.rf_ack	s15.m3_cyc_r$_DFF_P_/Q	rf.rf_ack$_DFF_P_/D
78	0.5880	rf.confI[J]	sI.msel.pri_out[J]	rf.conf10[9]$_DFFE_PP0P_/Q	s10.msel.pri_out[1]$_DFF_P_/D
79	0.6104	sI.mJ_cyc_r	rf.rf_sel_r	s15.m3_cyc_r$_DFF_P_/Q	rf.rf_sel_r$_DFF_P_/D
80	0.6132	rf.confI[J]	rf.rf_dout[I]	rf.conf4[15]$_DFFE_PP0P_/Q	rf.rf_dout[15]$_SDFF_PN0_/D
81	0.6145	mI.sJ_cyc_o	sI.next	m1.s6_cyc_o$_DFFE_PP0N_/Q	s6.next$_DFF_P_/D
82	0.6441	mI.sJ_cyc_o	mI.sJ_cyc_o	m5.s8_cyc_o$_DFFE_PP0N_/Q	m5.s8_cyc_o$_DFFE_PP0N_/D
83	0.6453	sI.msel.arbJ.state[K]	sI.mast_sel_pe_r[J]	s11.msel.arb1.state[2]$_DFFE_PP0P_/Q	s11.mast_sel_pe_r[2]$_SDFF_PP0_/D
84	0.6896	sI.msel.pri_out[J]	sI.mast_sel_pe_r[J]	s5.msel.pri_out[1]$_DFF_P_/Q	s5.mast_sel_pe_r[2]$_SDFF_PP0_/D
85	0.7182	sI.mJ_cyc_r	sI.next	s7.m7_cyc_r$_DFF_P_/Q	s7.next$_DFF_P_/D
86	0.7459	rf.confI[J]	rf.confI[J]	rf.conf10[3]$_DFFE_PP0P_/Q	rf.conf10[3]$_DFFE_PP0P_/D
87	0.7481	sI.next	sI.msel.pri_out[J]	s0.next$_DFF_P_/QN	s0.msel.pri_out[1]$_DFF_P_/D
88	0.7608	sI.msel.pri_out[J]	sI.msel.pri_out[J]	s10.msel.pri_out[3]$_DFF_P_/Q	s10.msel.pri_out[3]$_DFF_P_/D
89	0.8165	mI.sJ_cyc_o	sI.mJ_cyc_r	m4.s5_cyc_o$_DFFE_PP0N_/Q	s5.m4_cyc_r$_DFF_P_/D
90	0.8298	rf.rf_we	rf.rf_we	rf.rf_we$_DFF_P_/QN	rf.rf_we$_DFF_P_/D
91	0.8321	rf.rf_ack	rf.rf_ack	rf.rf_ack$_DFF_P_/QN	rf.rf_ack$_DFF_P_/D
