# stage	1_synth
# top_module	viterbi_core
# top_n	100
# kind	blocks
# skip_async	1
# include_full	1
# rank	worst_slack_ns	start	end	start_full	end_full
1	-0.0269	register_num_i[I]	acs_inst_I.pm_r[J]	register_num_i[1]	acs_inst_27.pm_r[2]$_DFF_PN0_/D
2	0.0252	register_num_i[I]	acs_inst_I.survivor_path_r	register_num_i[1]	acs_inst_27.survivor_path_r$_DFF_PN0_/D
3	0.3577	bmu_inst_I.x_sb_r[J][K]	bmu_inst_I.bm_r[J]	bmu_inst_22.x_sb_r[4][0]$_DFFE_PN0P_/Q	bmu_inst_63.bm_r[7]$_DFF_PN0_/D
4	0.4978	bmu_inst_I.bm_r[J]	acs_inst_I.pm_r[J]	bmu_inst_63.bm_r[0]$_DFF_PN0_/Q	acs_inst_18.pm_r[1]$_DFF_PN0_/D
5	0.5568	acs_inst_I.pm_r[J]	pm_normalize_inst.grp_max_r[I][J]	acs_inst_49.pm_r[6]$_DFF_PN0_/Q	pm_normalize_inst.grp_max_r[6][0]$_DFFE_PN0P_/D
6	0.5658	bmu_inst_I.bm_r[J]	acs_inst_I.survivor_path_r	bmu_inst_63.bm_r[0]$_DFF_PN0_/Q	acs_inst_18.survivor_path_r$_DFF_PN0_/D
7	0.5913	pm_normalize_inst.grp_max_r[I][J]	pm_normalize_inst.final_max_r[I]	pm_normalize_inst.grp_max_r[1][2]$_DFFE_PN0P_/Q	pm_normalize_inst.final_max_r[0]$_DFFE_PN0P_/D
8	0.6433	register_num_i[I]	bmu_inst_I.low_codeword_tmp[J]	register_num_i[1]	bmu_inst_27.low_codeword_tmp[5]$_DFFE_PN0P_/D
9	0.6622	register_num_i[I]	pm_normalize_inst.pm_nom_r[I][J]	register_num_i[1]	pm_normalize_inst.pm_nom_r[21][2]$_DFFE_PN0P_/D
10	0.6899	infobit_length_i[I]	src_addr_r[I]	infobit_length_i[9]	src_addr_r[11]$_DFFE_PN0P_/D
11	0.6912	src_rdata_i[I]	bmu_inst_I.x_sb_r[J][K]	src_rdata_i[5]	bmu_inst_14.x_sb_r[1][4]$_DFFE_PN0P_/D
12	0.7028	register_num_i[I]	pm_normalize_inst.final_max_r[I]	register_num_i[1]	pm_normalize_inst.final_max_r[1]$_DFFE_PN0P_/D
13	0.7047	rst_sync_i	pm_normalize_inst.pm_nom_r[I][J]	rst_sync_i	pm_normalize_inst.pm_nom_r[40][3]$_DFFE_PN0P_/D
14	0.7062	frame_start_i	pm_normalize_inst.pm_nom_r[I][J]	frame_start_i	pm_normalize_inst.pm_nom_r[40][3]$_DFFE_PN0P_/D
15	0.7082	polynomialI_i[J]	bmu_inst_I.low_codeword_tmp[J]	polynomial5_i[0]	bmu_inst_31.low_codeword_tmp[4]$_DFFE_PN0P_/D
16	0.7098	infobit_length_i[I]	src_len_counter_r[I]	infobit_length_i[0]	src_len_counter_r[10]$_DFFE_PN0P_/D
17	0.7256	valid_polynomials_i[I]	bmu_inst_I.bm_r[J]	valid_polynomials_i[1]	bmu_inst_23.bm_r[4]$_DFF_PN0_/D
18	0.7391	valid_polynomials_i[I]	bmu_inst_I.low_codeword[J]	valid_polynomials_i[1]	bmu_inst_1.low_codeword[3]$_DFFE_PN0P_/D
19	0.7439	pm_normalize_inst.final_max_r[I]	pm_normalize_inst.pm_nom_r[I][J]	pm_normalize_inst.final_max_r[0]$_DFFE_PN0P_/Q	pm_normalize_inst.pm_nom_r[22][5]$_DFFE_PN0P_/D
20	0.7466	rst_sync_i	fetch_src_cnt_r[I]	rst_sync_i	fetch_src_cnt_r[9]$_DFFE_PN0P_/D
21	0.7488	acs_inst_I.valid_r	tb_addr_o[I]	acs_inst_0.valid_r$_DFF_PN0_/Q	tb_addr_o[0]
22	0.7506	frame_start_i	fetch_src_cnt_r[I]	frame_start_i	fetch_src_cnt_r[9]$_DFFE_PN0P_/D
23	0.7557	register_num_i[I]	acs_en_r[I]	register_num_i[1]	acs_en_r[62]$_DFFE_PN0P_/D
24	0.7616	rst_sync_i	bmu_inst_I.low_codeword_tmp[J]	rst_sync_i	bmu_inst_43.low_codeword_tmp[3]$_DFFE_PN0P_/D
25	0.7645	rst_sync_i	bmu_inst_I.x_sb_r[J][K]	rst_sync_i	bmu_inst_22.x_sb_r[1][3]$_DFFE_PN0P_/D
26	0.7854	rst_sync_i	acs_inst_I.pm_r[J]	rst_sync_i	acs_inst_50.pm_r[8]$_DFF_PN0_/D
27	0.7908	rst_sync_i	pm_normalize_inst.grp_max_r[I][J]	rst_sync_i	pm_normalize_inst.grp_max_r[6][3]$_DFFE_PN0P_/D
28	0.7910	rst_sync_i	bmu_inst_I.low_codeword[J]	rst_sync_i	bmu_inst_1.low_codeword[0]$_DFFE_PN0P_/D
29	0.7917	rst_sync_i	bmu_inst_I.xsb_valid_r	rst_sync_i	bmu_inst_63.xsb_valid_r$_DFF_PN0_/D
30	0.7917	rst_sync_i	dst_wr_dI_r	rst_sync_i	dst_wr_d1_r$_DFF_PN0_/D
31	0.7953	frame_start_i	src_addr_r[I]	frame_start_i	src_addr_r[11]$_DFFE_PN0P_/D
32	0.7985	rst_sync_i	traceback_ins.tb_counter_r[I]	rst_sync_i	traceback_ins.tb_counter_r[7]$_DFFE_PN0P_/D
33	0.7998	rst_sync_i	src_addr_r[I]	rst_sync_i	src_addr_r[2]$_DFFE_PN0P_/D
34	0.8013	rst_sync_i	src_len_counter_r[I]	rst_sync_i	src_len_counter_r[10]$_DFFE_PN0P_/D
35	0.8028	frame_start_i	src_len_counter_r[I]	frame_start_i	src_len_counter_r[10]$_DFFE_PN0P_/D
36	0.8091	rst_sync_i	dst_addr_r[I]	rst_sync_i	dst_addr_r[4]$_DFFE_PN0P_/D
37	0.8097	tail_biting_en_i	pm_normalize_inst.pm_nom_r[I][J]	tail_biting_en_i	pm_normalize_inst.pm_nom_r[16][7]$_DFFE_PN0P_/D
38	0.8117	rst_sync_i	bmu_inst_I.bm_r[J]	rst_sync_i	bmu_inst_20.bm_r[6]$_DFF_PN0_/D
39	0.8136	rst_sync_i	pm_normalize_inst.final_max_r[I]	rst_sync_i	pm_normalize_inst.final_max_r[1]$_DFFE_PN0P_/D
40	0.8177	rst_sync_i	acs_inst_I.survivor_path_r	rst_sync_i	acs_inst_12.survivor_path_r$_DFF_PN0_/D
41	0.8263	frame_start_i	dst_addr_r[I]	frame_start_i	dst_addr_r[10]$_DFFE_PN0P_/D
42	0.8270	frame_start_i	acs_en_r[I]	frame_start_i	acs_en_r[15]$_DFFE_PN0P_/D
43	0.8291	rst_sync_i	trellis_idx_r[I]	rst_sync_i	trellis_idx_r[5]$_DFFE_PN0P_/D
44	0.8306	frame_start_i	trellis_idx_r[I]	frame_start_i	trellis_idx_r[5]$_DFFE_PN0P_/D
45	0.8379	tail_biting_en_i	trellis_idx_r[I]	tail_biting_en_i	trellis_idx_r[5]$_DFFE_PN0P_/D
46	0.8525	frame_start_i	first_loop_r	frame_start_i	first_loop_r$_DFFE_PN0P_/D
47	0.8525	frame_start_i	full_tb_start_r	frame_start_i	full_tb_start_r$_DFFE_PN0P_/D
48	0.8525	frame_start_i	state_r[I]	frame_start_i	state_r[3]$_DFF_PN0_/D
49	0.8543	frame_start_i	bmu_inst_I.ready_r	frame_start_i	bmu_inst_0.ready_r$_DFFE_PN0P_/D
50	0.8549	rst_sync_i	first_loop_r	rst_sync_i	first_loop_r$_DFFE_PN0P_/D
51	0.8549	rst_sync_i	full_tb_start_r	rst_sync_i	full_tb_start_r$_DFFE_PN0P_/D
52	0.8549	rst_sync_i	state_r[I]	rst_sync_i	state_r[3]$_DFF_PN0_/D
53	0.8567	rst_sync_i	bmu_inst_I.ready_r	rst_sync_i	bmu_inst_0.ready_r$_DFFE_PN0P_/D
54	0.8579	rst_sync_i	pm_normalize_inst.pm_stgI_r[J][K]	rst_sync_i	pm_normalize_inst.pm_stg1_r[1][0]$_DFFE_PN0P_/D
55	0.8594	rst_sync_i	acs_en_r[I]	rst_sync_i	acs_en_r[31]$_DFFE_PN0P_/D
56	0.8689	rst_sync_i	frame_done_r	rst_sync_i	frame_done_r$_DFFE_PN0P_/D
57	0.8689	rst_sync_i	tb_len_r[I]	rst_sync_i	tb_len_r[0]$_DFFE_PN0P_/D
58	0.8689	rst_sync_i	tb_wr_addr_r[I]	rst_sync_i	tb_wr_addr_r[0]$_DFFE_PN0P_/D
59	0.8712	frame_start_i	byte_idx_r[I]	frame_start_i	byte_idx_r[0]$_DFF_PN0_/D
60	0.8729	frame_start_i	frame_done_r	frame_start_i	frame_done_r$_DFFE_PN0P_/D
61	0.8729	frame_start_i	tb_len_r[I]	frame_start_i	tb_len_r[0]$_DFFE_PN0P_/D
62	0.8729	frame_start_i	tb_wr_addr_r[I]	frame_start_i	tb_wr_addr_r[0]$_DFFE_PN0P_/D
63	0.8736	rst_sync_i	byte_idx_r[I]	rst_sync_i	byte_idx_r[0]$_DFF_PN0_/D
64	0.8766	rst_sync_i	half_tb_start_r	rst_sync_i	half_tb_start_r$_DFFE_PN0P_/D
65	0.8766	rst_sync_i	last_loop_r	rst_sync_i	last_loop_r$_DFFE_PN0P_/D
66	0.8805	frame_start_i	half_tb_start_r	frame_start_i	half_tb_start_r$_DFFE_PN0P_/D
67	0.8805	frame_start_i	last_loop_r	frame_start_i	last_loop_r$_DFFE_PN0P_/D
68	0.8810	frame_start_i	flush_all_start_r	frame_start_i	flush_all_start_r$_DFFE_PN0P_/D
69	0.8833	rst_sync_i	flush_all_start_r	rst_sync_i	flush_all_start_r$_DFFE_PN0P_/D
70	0.8868	rst_sync_i	busy_r	rst_sync_i	busy_r$_DFFE_PN0P_/D
71	0.8872	pm_normalize_inst.pm_nom_r[I][J]	acs_inst_I.pm_r[J]	pm_normalize_inst.pm_nom_r[14][0]$_DFFE_PN0P_/Q	acs_inst_21.pm_r[0]$_DFF_PN0_/D
72	0.8873	rst_sync_i	traceback_ins.tb_addr_r[I]	rst_sync_i	traceback_ins.tb_addr_r[0]$_DFFE_PN0P_/D
73	0.8891	rst_sync_i	traceback_ins.tb_rd_r	rst_sync_i	traceback_ins.tb_rd_r$_DFF_PN0_/D
74	0.8893	rst_sync_i	pm_normalize_inst.en_stageI_r	rst_sync_i	pm_normalize_inst.en_stage2_r$_DFF_PN0_/D
75	0.8894	rst_sync_i	decoding_start_r	rst_sync_i	decoding_start_r$_DFF_PN0_/D
76	0.8910	rst_sync_i	acs_inst_I.valid_r	rst_sync_i	acs_inst_0.valid_r$_DFF_PN0_/D
77	0.8931	frame_start_i	busy_r	frame_start_i	busy_r$_DFFE_PN0P_/D
78	0.9001	frame_start_i	dst_wr_r	frame_start_i	dst_wr_r$_DFF_PN0_/D
79	0.9025	rst_sync_i	dst_wr_r	rst_sync_i	dst_wr_r$_DFF_PN0_/D
80	0.9248	frame_start_i	src_rd_r	frame_start_i	src_rd_r$_DFFE_PN0P_/D
81	0.9259	rst_sync_i	traceback_start_r	rst_sync_i	traceback_start_r$_DFF_PN0_/D
82	0.9303	rst_sync_i	bmu_ready_dI_r	rst_sync_i	bmu_ready_d1_r$_DFF_PN1_/D
83	0.9417	rst_sync_i	src_rd_r	rst_sync_i	src_rd_r$_DFFE_PN0P_/D
84	0.9436	decoding_length_i[I]	trellis_idx_r[I]	decoding_length_i[6]	trellis_idx_r[6]$_DFFE_PN0P_/D
85	0.9440	infobit_length_i[I]	trellis_idx_r[I]	infobit_length_i[6]	trellis_idx_r[6]$_DFFE_PN0P_/D
86	0.9467	rst_sync_i	bmu_inst_I.calc_codeword_en	rst_sync_i	bmu_inst_31.calc_codeword_en$_DFF_PN0_/D
87	0.9478	frame_start_i	bmu_inst_I.calc_polyn_en	frame_start_i	bmu_inst_48.calc_polyn_en$_DFF_PN0_/D
88	0.9553	pm_normalize_inst.pm_nom_r[I][J]	acs_inst_I.survivor_path_r	pm_normalize_inst.pm_nom_r[14][0]$_DFFE_PN0P_/Q	acs_inst_21.survivor_path_r$_DFF_PN0_/D
89	0.9628	tb_wr_addr_r[I]	tb_addr_o[I]	tb_wr_addr_r[2]$_DFFE_PN0P_/Q	tb_addr_o[2]
90	0.9647	rst_sync_i	bmu_inst_I.calc_polyn_en	rst_sync_i	bmu_inst_48.calc_polyn_en$_DFF_PN0_/D
91	0.9912	traceback_ins.tb_addr_r[I]	tb_addr_o[I]	traceback_ins.tb_addr_r[3]$_DFFE_PN0P_/Q	tb_addr_o[3]
92	0.9923	src_start_addr_i[I]	src_addr_r[I]	src_start_addr_i[0]	src_addr_r[0]$_DFFE_PN0P_/D
93	1.0079	rst_sync_i	bmu_inst_I.bm_valid_r	rst_sync_i	bmu_inst_19.bm_valid_r$_DFF_PN0_/D
94	1.0104	dst_start_addr_i[I]	dst_addr_r[I]	dst_start_addr_i[11]	dst_addr_r[11]$_DFFE_PN0P_/D
95	1.0121	rst_sync_i	soft_data_valid_r	rst_sync_i	soft_data_valid_r$_DFF_PN0_/D
96	1.0190	src_addr_r[I]	src_addr_o[I]	src_addr_r[0]$_DFFE_PN0P_/Q	src_addr_o[0]
97	1.0196	acs_inst_I.survivor_path_r	tb_wdata_o[I]	acs_inst_0.survivor_path_r$_DFF_PN0_/Q	tb_wdata_o[0]
98	1.0209	dst_addr_r[I]	dst_addr_o[I]	dst_addr_r[1]$_DFFE_PN0P_/Q	dst_addr_o[1]
99	1.0320	acs_inst_I.valid_r	tb_wr_o	acs_inst_0.valid_r$_DFF_PN0_/Q	tb_wr_o
100	1.0346	frame_done_r	frame_done_o	frame_done_r$_DFFE_PN0P_/Q	frame_done_o
