# stage	1_synth
# top_module	jpeg_encoder
# top_n	100
# kind	blocks
# skip_async	1
# include_full	1
# rank	worst_slack_ns	start	end	start_full	end_full
1	-0.5031	fdct_zigzag.dct_mod.dct_block_I.dct_unit_J.macu.din_reg[K]	fdct_zigzag.dct_mod.dct_block_I.dct_unit_J.macu.pa[K]	fdct_zigzag.dct_mod.dct_block_5.dct_unit_5.macu.din_reg[7]$_DFFE_PP_/Q	fdct_zigzag.dct_mod.dct_block_2.dct_unit_2.macu.pa[9]$_DFFE_PP_/D
2	-0.3150	fdct_zigzag.dct_mod.dct_block_I.dct_unit_J.macu.din_reg[K]	fdct_zigzag.dct_mod.dct_block_I.dct_unit_J.macu.pp_lo[K]	fdct_zigzag.dct_mod.dct_block_5.dct_unit_5.macu.din_reg[3]$_DFFE_PP_/Q	fdct_zigzag.dct_mod.dct_block_2.dct_unit_2.macu.pp_lo[15]$_DFFE_PP_/D
3	-0.1995	fdct_zigzag.dct_mod.dct_block_I.dct_unit_J.macu.coef_reg[K]	fdct_zigzag.dct_mod.dct_block_I.dct_unit_J.macu.pp_lo[K]	fdct_zigzag.dct_mod.dct_block_2.dct_unit_6.macu.coef_reg[8]$_DFFE_PP_/Q	fdct_zigzag.dct_mod.dct_block_2.dct_unit_2.macu.pp_lo[15]$_DFFE_PP_/D
4	-0.0836	fdct_zigzag.dct_mod.dct_block_I.dct_unit_J.macu.din_reg[K]	fdct_zigzag.dct_mod.dct_block_I.dct_unit_J.macu.pb[K]	fdct_zigzag.dct_mod.dct_block_5.dct_unit_5.macu.din_reg[5]$_DFFE_PP_/Q	fdct_zigzag.dct_mod.dct_block_2.dct_unit_2.macu.pb[11]$_DFFE_PP_/D
5	0.0319	fdct_zigzag.dct_mod.dct_block_I.dct_unit_J.macu.coef_reg[K]	fdct_zigzag.dct_mod.dct_block_I.dct_unit_J.macu.pb[K]	fdct_zigzag.dct_mod.dct_block_2.dct_unit_6.macu.coef_reg[8]$_DFFE_PP_/Q	fdct_zigzag.dct_mod.dct_block_2.dct_unit_2.macu.pb[11]$_DFFE_PP_/D
6	0.0556	ena	fdct_zigzag.dct_mod.dct_block_I.dct_unit_J.coef[K]	ena	fdct_zigzag.dct_mod.dct_block_3.dct_unit_7.coef[25]$_DFFE_PP_/D
7	0.0563	ena	fdct_zigzag.dct_mod.dct_block_I.dct_unit_J.macu.result[K]	ena	fdct_zigzag.dct_mod.dct_block_6.dct_unit_0.macu.result[20]$_DFFE_PP_/D
8	0.0626	ena	qnr.qnt_cnt[I]	ena	qnr.qnt_cnt[0]$_DFFE_PN0P_/D
9	0.0647	ena	fdct_zigzag.dct_mod.ddcnt	ena	fdct_zigzag.dct_mod.ddcnt$_DFFE_PN1P_/D
10	0.0661	ena	fdct_zigzag.dct_mod.dct_block_I.dct_unit_J.macu.pa[K]	ena	fdct_zigzag.dct_mod.dct_block_4.dct_unit_1.macu.pa[12]$_DFFE_PP_/D
11	0.0677	ena	fdct_zigzag.dct_mod.dct_block_I.dct_unit_J.macu.pb[K]	ena	fdct_zigzag.dct_mod.dct_block_4.dct_unit_4.macu.pb[12]$_DFFE_PP_/D
12	0.0678	ena	qnr.rq[I]	ena	qnr.rq[9]$_DFFE_PP_/D
13	0.0679	ena	qnr.divider.divider.s_pipe[I][J]	ena	qnr.divider.divider.s_pipe[1][12]$_DFFE_PP_/D
14	0.0690	ena	rle.rle.size[I]	ena	rle.rle.size[2]$_DFFE_PN0P_/D
15	0.0694	ena	rle.rle.state	ena	rle.rle.state$_DFFE_PN0P_/D
16	0.0700	ena	fdct_zigzag.dct_mod.dct_block_I.dct_unit_J.macu.mult_res[K]	ena	fdct_zigzag.dct_mod.dct_block_1.dct_unit_0.macu.mult_res[9]$_DFFE_PP_/D
17	0.0700	ena	fdct_zigzag.dct_mod.dct_block_I.dct_unit_J.macu.pp_hi[K]	ena	fdct_zigzag.dct_mod.dct_block_1.dct_unit_0.macu.pp_hi[9]$_DFFE_PP_/D
18	0.0700	ena	fdct_zigzag.dct_mod.dct_block_I.dct_unit_J.macu.pp_lo[K]	ena	fdct_zigzag.dct_mod.dct_block_2.dct_unit_6.macu.pp_lo[10]$_DFFE_PP_/D
19	0.0714	ena	qnr.divider.q[I]	ena	qnr.divider.q[12]$_SDFFCE_PN0P_/D
20	0.0725	ena	rle.rle.rlen[I]	ena	rle.rle.rlen[1]$_DFFE_PN0P_/D
21	0.0742	ena	rle.rle.den	ena	rle.rle.den$_DFFE_PN0P_/D
22	0.0744	ena	rle.rle.sample_cnt[I]	ena	rle.rle.sample_cnt[2]$_SDFFCE_PP0P_/D
23	0.0756	ena	qnr.divider.q[I]	ena	qnr.divider.q[3]$_DFFE_PP_/D
24	0.0756	ena	rle.rle.amp[I]	ena	rle.rle.amp[7]$_DFFE_PP_/D
25	0.0766	fdct_zigzag.dct_mod.dct_block_I.dct_unit_J.macu.coef_reg[K]	fdct_zigzag.dct_mod.dct_block_I.dct_unit_J.macu.pa[K]	fdct_zigzag.dct_mod.dct_block_0.dct_unit_6.macu.coef_reg[8]$_DFFE_PP_/Q	fdct_zigzag.dct_mod.dct_block_0.dct_unit_6.macu.pa[12]$_DFFE_PP_/D
26	0.0780	ena	qnr.divider.iz[I]	ena	qnr.divider.iz[19]$_SDFFCE_PN0P_/D
27	0.0780	ena	rle.rle.zero_cnt[I]	ena	rle.rle.zero_cnt[0]$_SDFFCE_PP0P_/D
28	0.0832	fdct_zigzag.dct_mod.dct_block_I.dct_unit_J.macu.din_reg[K]	fdct_zigzag.dct_mod.dct_block_I.dct_unit_J.macu.din_reg[K]	fdct_zigzag.dct_mod.dct_block_5.dct_unit_5.macu.din_reg[7]$_DFFE_PP_/Q	fdct_zigzag.dct_mod.dct_block_5.dct_unit_5.macu.din_reg[7]$_DFFE_PP_/D
29	0.0842	ena	rle.rle.dcterm	ena	rle.rle.dcterm$_DFFE_PN0P_/D
30	0.0861	ena	qnr.dep[I]	ena	qnr.dep[0]$_DFFE_PN0P_/D
31	0.1023	ena	fdct_zigzag.dct_mod.dct_block_I.dct_unit_J.macu.coef_reg[K]	ena	fdct_zigzag.dct_mod.dct_block_2.dct_unit_0.macu.coef_reg[3]$_DFFE_PP_/D
32	0.1023	ena	fdct_zigzag.dct_mod.dct_block_I.dct_unit_J.macu.pp_lo_r[K]	ena	fdct_zigzag.dct_mod.dct_block_2.dct_unit_0.macu.pp_lo_r[0]$_DFFE_PP_/D
33	0.1023	ena	rle.rzI.rleno[J]	ena	rle.rz2.rleno[0]$_DFFE_PP_/D
34	0.1023	ena	rle.rzI.sizeo[J]	ena	rle.rz4.sizeo[0]$_DFFE_PP_/D
35	0.1080	ena	rle.rle.amp[I]	ena	rle.rle.amp[10]$_SDFFCE_PN0P_/D
36	0.1090	ena	qnr.divider.spipe[I]	ena	qnr.divider.spipe[13]$_DFFE_PP_/D
37	0.1090	ena	qnr.divider.divider.d_pipe[I][J]	ena	qnr.divider.divider.d_pipe[10][19]$_DFFE_PP_/D
38	0.1090	ena	qnr.divider.divider.q[I]	ena	qnr.divider.divider.q[11]$_DFFE_PP_/D
39	0.1090	ena	qnr.divider.divider.q_pipe[I][J]	ena	qnr.divider.divider.q_pipe[10][9]$_DFFE_PP_/D
40	0.1090	ena	qnr.divider.id[I]	ena	qnr.divider.id[7]$_DFFE_PP_/D
41	0.1090	ena	qnr.divider.iz[I]	ena	qnr.divider.iz[10]$_DFFE_PP_/D
42	0.1090	ena	rle.rzI.ampo[J]	ena	rle.rz1.ampo[10]$_DFFE_PP_/D
43	0.1143	ena	fdct_zigzag.dct_mod.ddgo	ena	fdct_zigzag.dct_mod.ddgo$_DFFE_PN0P_/D
44	0.1143	ena	fdct_zigzag.dct_mod.ddin[I]	ena	fdct_zigzag.dct_mod.ddin[8]$_DFFE_PN0P_/D
45	0.1143	ena	fdct_zigzag.dct_mod.dgo	ena	fdct_zigzag.dct_mod.dgo$_DFFE_PN0P_/D
46	0.1143	ena	fdct_zigzag.dct_mod.go	ena	fdct_zigzag.dct_mod.go$_DFFE_PN0P_/D
47	0.1143	ena	rle.rzI.deno	ena	rle.rz1.deno$_DFFE_PN0P_/D
48	0.1145	ena	dfdct_dout[I]	ena	dfdct_dout[11]$_DFFE_PP_/D
49	0.1145	ena	fdct_zigzag.zigzag_mod.ld_zigzag	ena	fdct_zigzag.zigzag_mod.ld_zigzag$_DFFE_PP_/D
50	0.1145	ena	dqnr_doe	ena	dqnr_doe$_DFFE_PP_/D
51	0.1145	ena	fdct_zigzag.dct_mod.dct_block_I.dct_unit_J.macu.dclr_Ka	ena	fdct_zigzag.dct_mod.dct_block_4.dct_unit_0.macu.dclr_2a$_DFFE_PP_/D
52	0.1145	ena	fdct_zigzag.dct_mod.dct_block_I.dct_unit_J.macu.dclr_pp	ena	fdct_zigzag.dct_mod.dct_block_4.dct_unit_2.macu.dclr_pp$_DFFE_PP_/D
53	0.1145	ena	fdct_zigzag.dct_mod.dct_block_I.dct_unit_J.macu.din_reg[K]	ena	fdct_zigzag.dct_mod.dct_block_5.dct_unit_5.macu.din_reg[7]$_DFFE_PP_/D
54	0.1145	ena	fdct_zigzag.dct_mod.dct_block_I.dct_unit_J.macu.dclr_reg	ena	fdct_zigzag.dct_mod.dct_block_5.dct_unit_6.macu.dclr_reg$_DFFE_PP_/D
55	0.1145	ena	fdct_zigzag.zigzag_mod.sresult[I][J]	ena	fdct_zigzag.zigzag_mod.sresult[10][11]$_DFFE_PP_/D
56	0.1145	ena	rle.rzI.dc	ena	rle.rz1.dc$_DFFE_PP_/D
57	0.1145	ena	rle.rzI.dco	ena	rle.rz1.dco$_DFFE_PP_/D
58	0.1146	ena	rle.rzI.den	ena	rle.rz3.den$_DFFE_PN0P_/D
59	0.1146	ena	fdct_zigzag.dct_mod.dddcnt	ena	fdct_zigzag.dct_mod.dddcnt$_DFFE_PN1P_/D
60	0.1146	ena	fdct_zigzag.dct_mod.ddddcnt	ena	fdct_zigzag.dct_mod.ddddcnt$_DFFE_PN1P_/D
61	0.1146	ena	fdct_zigzag.dct_mod.dddddcnt	ena	fdct_zigzag.dct_mod.dddddcnt$_DFFE_PN1P_/D
62	0.1146	ena	fdct_zigzag.dct_mod.ddddddcnt	ena	fdct_zigzag.dct_mod.ddddddcnt$_DFFE_PN1P_/D
63	0.1204	ena	rle.rzI.state	ena	rle.rz2.state$_DFFE_PN0P_/D
64	0.1266	fdct_zigzag.dct_mod.dct_block_I.dct_unit_J.macu.mult_res[K]	fdct_zigzag.dct_mod.dct_block_I.dct_unit_J.macu.result[K]	fdct_zigzag.dct_mod.dct_block_2.dct_unit_6.macu.mult_res[0]$_DFFE_PP_/Q	fdct_zigzag.dct_mod.dct_block_2.dct_unit_6.macu.result[18]$_DFFE_PP_/D
65	0.1268	qnr.divider.divider.d_pipe[I][J]	qnr.divider.divider.s_pipe[I][J]	qnr.divider.divider.d_pipe[11][12]$_DFFE_PP_/QN	qnr.divider.divider.s_pipe[12][24]$_DFFE_PP_/D
66	0.1274	ena	fdct_zigzag.dct_mod.sample_cnt[I]	ena	fdct_zigzag.dct_mod.sample_cnt[5]$_DFFE_PN0P_/D
67	0.1323	ena	fdct_zigzag.dct_mod.douten	ena	fdct_zigzag.dct_mod.douten$_DFFE_PN0P_/D
68	0.1326	fdct_zigzag.dct_mod.dct_block_I.dct_unit_J.macu.result[K]	fdct_zigzag.dct_mod.dct_block_I.dct_unit_J.macu.result[K]	fdct_zigzag.dct_mod.dct_block_2.dct_unit_6.macu.result[0]$_DFFE_PP_/Q	fdct_zigzag.dct_mod.dct_block_2.dct_unit_6.macu.result[18]$_DFFE_PP_/D
69	0.1448	qnr.divider.divider.s_pipe[I][J]	qnr.divider.divider.s_pipe[I][J]	qnr.divider.divider.s_pipe[1][24]$_DFFE_PP_/Q	qnr.divider.divider.s_pipe[2][23]$_DFFE_PP_/D
70	0.1667	ena	rle.rzI.amp[J]	ena	rle.rz1.amp[0]$_DFFE_PP_/D
71	0.1667	ena	rle.rzI.rlen[J]	ena	rle.rz1.rlen[3]$_DFFE_PP_/D
72	0.1667	ena	rle.rzI.size[J]	ena	rle.rz1.size[3]$_DFFE_PP_/D
73	0.1761	qnr.divider.q[I]	qnr.rq[I]	qnr.divider.q[12]$_SDFFCE_PN0P_/Q	qnr.rq[11]$_DFFE_PP_/D
74	0.1793	qnr.divider.id[I]	qnr.divider.divider.s_pipe[I][J]	qnr.divider.id[0]$_DFFE_PP_/Q	qnr.divider.divider.s_pipe[1][24]$_DFFE_PP_/D
75	0.1979	qnr.divider.iz[I]	qnr.divider.divider.s_pipe[I][J]	qnr.divider.iz[11]$_SDFFCE_PN0P_/QN	qnr.divider.divider.s_pipe[1][24]$_DFFE_PP_/D
76	0.2129	fdct_zigzag.dct_mod.sample_cnt[I]	fdct_zigzag.dct_mod.dct_block_I.dct_unit_J.coef[K]	fdct_zigzag.dct_mod.sample_cnt[1]$_DFFE_PN0P_/Q	fdct_zigzag.dct_mod.dct_block_3.dct_unit_7.coef[5]$_DFFE_PP_/D
77	0.2168	qnr.rq[I]	rle.rle.size[I]	qnr.rq[1]$_DFFE_PP_/QN	rle.rle.size[0]$_DFFE_PN0P_/D
78	0.2197	fdct_zigzag.dct_mod.dct_block_I.dct_unit_J.macu.pb[K]	fdct_zigzag.dct_mod.dct_block_I.dct_unit_J.macu.pp_hi[K]	fdct_zigzag.dct_mod.dct_block_4.dct_unit_4.macu.pb[7]$_DFFE_PP_/Q	fdct_zigzag.dct_mod.dct_block_4.dct_unit_4.macu.pp_hi[13]$_DFFE_PP_/D
79	0.2277	fdct_zigzag.dct_mod.dct_block_I.dct_unit_J.macu.pa[K]	fdct_zigzag.dct_mod.dct_block_I.dct_unit_J.macu.pp_hi[K]	fdct_zigzag.dct_mod.dct_block_4.dct_unit_4.macu.pa[7]$_DFFE_PP_/Q	fdct_zigzag.dct_mod.dct_block_4.dct_unit_4.macu.pp_hi[13]$_DFFE_PP_/D
80	0.2481	qnr.divider.q[I]	qnr.rq[I]	qnr.divider.q[1]$_DFFE_PP_/Q	qnr.rq[10]$_DFFE_PP_/D
81	0.2592	fdct_zigzag.dct_mod.dct_block_I.dct_unit_J.macu.pp_hi[K]	fdct_zigzag.dct_mod.dct_block_I.dct_unit_J.macu.mult_res[K]	fdct_zigzag.dct_mod.dct_block_0.dct_unit_2.macu.pp_hi[0]$_DFFE_PP_/Q	fdct_zigzag.dct_mod.dct_block_0.dct_unit_2.macu.mult_res[18]$_DFFE_PP_/D
82	0.2624	fdct_zigzag.dct_mod.dct_block_I.dct_unit_J.macu.pp_lo_r[K]	fdct_zigzag.dct_mod.dct_block_I.dct_unit_J.macu.mult_res[K]	fdct_zigzag.dct_mod.dct_block_0.dct_unit_2.macu.pp_lo_r[4]$_DFFE_PP_/Q	fdct_zigzag.dct_mod.dct_block_0.dct_unit_2.macu.mult_res[18]$_DFFE_PP_/D
83	0.3039	fdct_zigzag.dct_mod.dct_block_I.dct_unit_J.macu.dclr_pp	fdct_zigzag.dct_mod.dct_block_I.dct_unit_J.macu.result[K]	fdct_zigzag.dct_mod.dct_block_4.dct_unit_2.macu.dclr_pp$_DFFE_PP_/Q	fdct_zigzag.dct_mod.dct_block_7.dct_unit_1.macu.result[19]$_DFFE_PP_/D
84	0.3254	fdct_zigzag.dct_mod.sample_cnt[I]	fdct_zigzag.dct_mod.sample_cnt[I]	fdct_zigzag.dct_mod.sample_cnt[5]$_DFFE_PN0P_/Q	fdct_zigzag.dct_mod.sample_cnt[5]$_DFFE_PN0P_/D
85	0.3285	dstrb	fdct_zigzag.dct_mod.sample_cnt[I]	dstrb	fdct_zigzag.dct_mod.sample_cnt[0]$_DFFE_PN0P_/D
86	0.3453	dfdct_dout[I]	qnr.divider.iz[I]	dfdct_dout[3]$_DFFE_PP_/QN	qnr.divider.iz[10]$_DFFE_PP_/D
87	0.3515	qnr.divider.divider.q[I]	qnr.divider.q[I]	qnr.divider.divider.q[3]$_DFFE_PP_/QN	qnr.divider.q[10]$_DFFE_PP_/D
88	0.3686	qnr.qnt_cnt[I]	qnt_cnt[I]	qnr.qnt_cnt[1]$_DFFE_PN0P_/Q	qnt_cnt[1]
89	0.3759	qnr.rq[I]	rle.rle.amp[I]	qnr.rq[2]$_DFFE_PP_/Q	rle.rle.amp[9]$_DFFE_PP_/D
90	0.3771	qnr.rq[I]	rle.rle.den	qnr.rq[11]$_DFFE_PP_/Q	rle.rle.den$_DFFE_PN0P_/D
91	0.3822	rle.rzI.deno	douten	rle.rz4.deno$_DFFE_PN0P_/Q	douten
92	0.3827	dfdct_dout[I]	qnr.divider.iz[I]	dfdct_dout[3]$_DFFE_PP_/QN	qnr.divider.iz[11]$_SDFFCE_PN0P_/D
93	0.3865	din[I]	fdct_zigzag.dct_mod.ddin[I]	din[0]	fdct_zigzag.dct_mod.ddin[1]$_DFFE_PN0P_/D
94	0.3865	dstrb	fdct_zigzag.dct_mod.go	dstrb	fdct_zigzag.dct_mod.go$_DFFE_PN0P_/D
95	0.3867	qnt_val[I]	qnr.divider.id[I]	qnt_val[0]	qnr.divider.id[0]$_DFFE_PP_/D
96	0.3871	qnr.rq[I]	rle.rle.rlen[I]	qnr.rq[11]$_DFFE_PP_/Q	rle.rle.rlen[1]$_DFFE_PN0P_/D
97	0.3916	fdct_zigzag.dct_mod.dct_block_I.dct_unit_J.macu.dclr_pp	fdct_zigzag.dct_mod.dct_block_I.dct_unit_J.macu.dclr_pp	fdct_zigzag.dct_mod.dct_block_4.dct_unit_2.macu.dclr_pp$_DFFE_PP_/Q	fdct_zigzag.dct_mod.dct_block_4.dct_unit_2.macu.dclr_pp$_DFFE_PP_/D
98	0.3959	rle.rzI.ampo[J]	amp[I]	rle.rz4.ampo[0]$_DFFE_PP_/Q	amp[0]
99	0.3959	rle.rzI.rleno[J]	rlen[I]	rle.rz4.rleno[0]$_DFFE_PP_/Q	rlen[0]
100	0.3959	rle.rzI.sizeo[J]	size[I]	rle.rz4.sizeo[0]$_DFFE_PP_/Q	size[0]
