# stage	1_synth
# top_module	sha512
# top_n	100
# kind	blocks
# skip_async	1
# include_full	1
# rank	worst_slack_ns	start	end	start_full	end_full
1	-0.3175	core.e_reg[I]	core.a_reg[I]	core.e_reg[9]$_DFFE_PN0P_/Q	core.a_reg[63]$_DFFE_PN0P_/D
2	-0.2751	core.f_reg[I]	core.a_reg[I]	core.f_reg[9]$_DFFE_PN0P_/Q	core.a_reg[63]$_DFFE_PN0P_/D
3	-0.2681	core.g_reg[I]	core.a_reg[I]	core.g_reg[9]$_DFFE_PN0P_/Q	core.a_reg[63]$_DFFE_PN0P_/D
4	-0.2267	address[I]	read_data[I]	address[4]	read_data[14]
5	-0.2182	core.e_reg[I]	core.e_reg[I]	core.e_reg[9]$_DFFE_PN0P_/Q	core.e_reg[60]$_DFFE_PN0P_/D
6	-0.1758	core.f_reg[I]	core.e_reg[I]	core.f_reg[9]$_DFFE_PN0P_/Q	core.e_reg[60]$_DFFE_PN0P_/D
7	-0.1705	core.w_mem_inst.w_next_reg[I]	core.a_reg[I]	core.w_mem_inst.w_next_reg[9]$_DFFE_PN0P_/Q	core.a_reg[63]$_DFFE_PN0P_/D
8	-0.1688	core.g_reg[I]	core.e_reg[I]	core.g_reg[9]$_DFFE_PN0P_/Q	core.e_reg[60]$_DFFE_PN0P_/D
9	-0.0712	core.w_mem_inst.w_next_reg[I]	core.e_reg[I]	core.w_mem_inst.w_next_reg[9]$_DFFE_PN0P_/Q	core.e_reg[60]$_DFFE_PN0P_/D
10	-0.0699	core.k_reg[I]	core.a_reg[I]	core.k_reg[9]$_DFFE_PN0P_/Q	core.a_reg[63]$_DFFE_PN0P_/D
11	-0.0694	address[I]	error	address[4]	error
12	0.0294	core.k_reg[I]	core.e_reg[I]	core.k_reg[9]$_DFFE_PN0P_/Q	core.e_reg[60]$_DFFE_PN0P_/D
13	0.0480	core.h_reg[I]	core.a_reg[I]	core.h_reg[9]$_DFFE_PN0P_/Q	core.a_reg[63]$_DFFE_PN0P_/D
14	0.0730	we	read_data[I]	we	read_data[21]
15	0.0936	cs	read_data[I]	cs	read_data[21]
16	0.1473	core.h_reg[I]	core.e_reg[I]	core.h_reg[9]$_DFFE_PN0P_/Q	core.e_reg[60]$_DFFE_PN0P_/D
17	0.2123	we	error	we	error
18	0.2560	cs	error	cs	error
19	0.3620	address[I]	block_reg[I][J]	address[0]	block_reg[13][10]$_DFFE_PN0P_/D
20	0.4122	address[I]	work_factor_num_reg[I]	address[4]	work_factor_num_reg[10]$_DFFE_PN0P_/D
21	0.4638	core.w_mem_inst.w_mem[I][J]	core.w_mem_inst.w_next_reg[I]	core.w_mem_inst.w_mem[1][8]$_DFFE_PN0P_/Q	core.w_mem_inst.w_next_reg[39]$_DFFE_PN0P_/D
22	0.4647	core.w_mem_inst.w_mem[I][J]	core.w_mem_inst.w_mem[I][J]	core.w_mem_inst.w_mem[1][49]$_DFFE_PN0P_/Q	core.w_mem_inst.w_mem[15][63]$_DFFE_PN0P_/D
23	0.5217	address[I]	work_factor_reg	address[4]	work_factor_reg$_DFFE_PN0P_/D
24	0.5220	address[I]	mode_reg[I]	address[4]	mode_reg[0]$_DFFE_PN1P_/D
25	0.5510	address[I]	init_reg	address[4]	init_reg$_DFF_PN0_/D
26	0.5510	address[I]	next_reg	address[4]	next_reg$_DFF_PN0_/D
27	0.5533	digest_reg[I]	read_data[I]	digest_reg[261]$_DFFE_PN0P_/Q	read_data[5]
28	0.5703	block_reg[I][J]	read_data[I]	block_reg[19][15]$_DFFE_PN0P_/Q	read_data[15]
29	0.5740	core.a_reg[I]	core.a_reg[I]	core.a_reg[35]$_DFFE_PN0P_/Q	core.a_reg[63]$_DFFE_PN0P_/D
30	0.6287	cs	block_reg[I][J]	cs	block_reg[13][10]$_DFFE_PN0P_/D
31	0.6287	we	block_reg[I][J]	we	block_reg[13][10]$_DFFE_PN0P_/D
32	0.6440	core.c_reg[I]	core.a_reg[I]	core.c_reg[1]$_DFFE_PN0P_/Q	core.a_reg[63]$_DFFE_PN0P_/D
33	0.6450	we	work_factor_num_reg[I]	we	work_factor_num_reg[10]$_DFFE_PN0P_/D
34	0.6464	core.b_reg[I]	core.a_reg[I]	core.b_reg[1]$_DFFE_PN0P_/Q	core.a_reg[63]$_DFFE_PN0P_/D
35	0.6658	cs	work_factor_num_reg[I]	cs	work_factor_num_reg[10]$_DFFE_PN0P_/D
36	0.7630	work_factor_num_reg[I]	read_data[I]	work_factor_num_reg[1]$_DFFE_PN0P_/Q	read_data[1]
37	0.7704	init_reg	read_data[I]	init_reg$_DFF_PN0_/Q	read_data[0]
38	0.7718	next_reg	read_data[I]	next_reg$_DFF_PN0_/Q	read_data[1]
39	0.7801	ready_reg	read_data[I]	ready_reg$_DFF_PN0_/Q	read_data[0]
40	0.7968	digest_valid_reg	read_data[I]	digest_valid_reg$_DFF_PN0_/Q	read_data[1]
41	0.7977	core.h_reg[I]	core.HI_reg[J]	core.h_reg[24]$_DFFE_PN0P_/Q	core.H7_reg[63]$_DFFE_PN0P_/D
42	0.8010	we	work_factor_reg	we	work_factor_reg$_DFFE_PN0P_/D
43	0.8013	we	mode_reg[I]	we	mode_reg[0]$_DFFE_PN1P_/D
44	0.8016	core.HI_reg[J]	core.HI_reg[J]	core.H7_reg[24]$_DFFE_PN0P_/Q	core.H7_reg[63]$_DFFE_PN0P_/D
45	0.8022	core.d_reg[I]	core.e_reg[I]	core.d_reg[0]$_DFFE_PN0P_/Q	core.e_reg[60]$_DFFE_PN0P_/D
46	0.8026	cs	work_factor_reg	cs	work_factor_reg$_DFFE_PN0P_/D
47	0.8030	cs	mode_reg[I]	cs	mode_reg[0]$_DFFE_PN1P_/D
48	0.8036	write_data[I]	block_reg[I][J]	write_data[0]	block_reg[0][0]$_DFFE_PN0P_/D
49	0.8036	write_data[I]	work_factor_num_reg[I]	write_data[0]	work_factor_num_reg[0]$_DFFE_PN0P_/D
50	0.8138	mode_reg[I]	read_data[I]	mode_reg[1]$_DFFE_PN1P_/Q	read_data[3]
51	0.8263	core.d_reg[I]	core.HI_reg[J]	core.d_reg[3]$_DFFE_PN0P_/Q	core.H3_reg[57]$_DFFE_PN0P_/D
52	0.8303	we	init_reg	we	init_reg$_DFF_PN0_/D
53	0.8303	we	next_reg	we	next_reg$_DFF_PN0_/D
54	0.8317	core.work_factor_ctr_reg[I]	core.w_mem_inst.w_mem[I][J]	core.work_factor_ctr_reg[13]$_DFFE_PN0P_/Q	core.w_mem_inst.w_mem[15][29]$_DFFE_PN0P_/D
55	0.8320	cs	init_reg	cs	init_reg$_DFF_PN0_/D
56	0.8320	cs	next_reg	cs	next_reg$_DFF_PN0_/D
57	0.8320	work_factor_reg	read_data[I]	work_factor_reg$_DFFE_PN0P_/Q	read_data[7]
58	0.8400	write_data[I]	init_reg	write_data[0]	init_reg$_DFF_PN0_/D
59	0.8400	write_data[I]	next_reg	write_data[1]	next_reg$_DFF_PN0_/D
60	0.8462	core.f_reg[I]	core.HI_reg[J]	core.f_reg[5]$_DFFE_PN0P_/Q	core.H5_reg[63]$_DFFE_PN0P_/D
61	0.8478	core.work_factor_ctr_reg[I]	core.k_reg[I]	core.work_factor_ctr_reg[13]$_DFFE_PN0P_/Q	core.k_reg[37]$_DFFE_PN0P_/D
62	0.8495	core.g_reg[I]	core.HI_reg[J]	core.g_reg[19]$_DFFE_PN0P_/Q	core.H6_reg[62]$_DFFE_PN0P_/D
63	0.8505	core.work_factor_ctr_reg[I]	core.round_ctr_reg[I]	core.work_factor_ctr_reg[13]$_DFFE_PN0P_/Q	core.round_ctr_reg[0]$_DFFE_PN0P_/D
64	0.8512	core.work_factor_ctr_reg[I]	core.w_mem_inst.w_ctr_reg[I]	core.work_factor_ctr_reg[13]$_DFFE_PN0P_/Q	core.w_mem_inst.w_ctr_reg[4]$_DFFE_PN0P_/D
65	0.8558	core.w_mem_inst.w_ctr_reg[I]	core.w_mem_inst.w_next_reg[I]	core.w_mem_inst.w_ctr_reg[1]$_DFFE_PN0P_/Q	core.w_mem_inst.w_next_reg[4]$_DFFE_PN0P_/D
66	0.8621	write_data[I]	work_factor_reg	write_data[7]	work_factor_reg$_DFFE_PN0P_/D
67	0.8624	write_data[I]	mode_reg[I]	write_data[2]	mode_reg[0]$_DFFE_PN1P_/D
68	0.8658	core.work_factor_ctr_reg[I]	core.w_mem_inst.w_next_reg[I]	core.work_factor_ctr_reg[13]$_DFFE_PN0P_/Q	core.w_mem_inst.w_next_reg[12]$_DFFE_PN0P_/D
69	0.8668	core.work_factor_ctr_reg[I]	core.a_reg[I]	core.work_factor_ctr_reg[13]$_DFFE_PN0P_/Q	core.a_reg[60]$_DFFE_PN0P_/D
70	0.8722	core.b_reg[I]	core.HI_reg[J]	core.b_reg[22]$_DFFE_PN0P_/Q	core.H1_reg[62]$_DFFE_PN0P_/D
71	0.8737	core.e_reg[I]	core.HI_reg[J]	core.e_reg[28]$_DFFE_PN0P_/Q	core.H4_reg[60]$_DFFE_PN0P_/D
72	0.8758	core.c_reg[I]	core.HI_reg[J]	core.c_reg[7]$_DFFE_PN0P_/Q	core.H2_reg[57]$_DFFE_PN0P_/D
73	0.8797	core.work_factor_ctr_reg[I]	core.e_reg[I]	core.work_factor_ctr_reg[13]$_DFFE_PN0P_/Q	core.e_reg[4]$_DFFE_PN0P_/D
74	0.8820	work_factor_num_reg[I]	core.w_mem_inst.w_mem[I][J]	work_factor_num_reg[13]$_DFFE_PN0P_/QN	core.w_mem_inst.w_mem[15][29]$_DFFE_PN0P_/D
75	0.8848	core.work_factor_ctr_reg[I]	core.f_reg[I]	core.work_factor_ctr_reg[13]$_DFFE_PN0P_/Q	core.f_reg[63]$_DFFE_PN0P_/D
76	0.8848	core.work_factor_ctr_reg[I]	core.b_reg[I]	core.work_factor_ctr_reg[13]$_DFFE_PN0P_/Q	core.b_reg[45]$_DFFE_PN0P_/D
77	0.8850	core.work_factor_ctr_reg[I]	core.d_reg[I]	core.work_factor_ctr_reg[13]$_DFFE_PN0P_/Q	core.d_reg[63]$_DFFE_PN0P_/D
78	0.8857	core.work_factor_ctr_reg[I]	core.h_reg[I]	core.work_factor_ctr_reg[13]$_DFFE_PN0P_/Q	core.h_reg[62]$_DFFE_PN0P_/D
79	0.8860	core.work_factor_ctr_reg[I]	core.g_reg[I]	core.work_factor_ctr_reg[13]$_DFFE_PN0P_/Q	core.g_reg[15]$_DFFE_PN0P_/D
80	0.8864	core.work_factor_ctr_reg[I]	core.c_reg[I]	core.work_factor_ctr_reg[13]$_DFFE_PN0P_/Q	core.c_reg[58]$_DFFE_PN0P_/D
81	0.8882	work_factor_num_reg[I]	core.a_reg[I]	work_factor_num_reg[9]$_DFFE_PN0P_/QN	core.a_reg[60]$_DFFE_PN0P_/D
82	0.8884	core.a_reg[I]	core.HI_reg[J]	core.a_reg[23]$_DFFE_PN0P_/Q	core.H0_reg[61]$_DFFE_PN0P_/D
83	0.8930	core.round_ctr_reg[I]	core.k_reg[I]	core.round_ctr_reg[1]$_DFFE_PN0P_/Q	core.k_reg[33]$_DFFE_PN0P_/D
84	0.8977	core.work_factor_ctr_reg[I]	core.HI_reg[J]	core.work_factor_ctr_reg[13]$_DFFE_PN0P_/Q	core.H2_reg[63]$_DFFE_PN0P_/D
85	0.8978	work_factor_num_reg[I]	core.w_mem_inst.w_ctr_reg[I]	work_factor_num_reg[9]$_DFFE_PN0P_/QN	core.w_mem_inst.w_ctr_reg[3]$_DFFE_PN0P_/D
86	0.8978	work_factor_num_reg[I]	core.w_mem_inst.w_next_reg[I]	work_factor_num_reg[9]$_DFFE_PN0P_/QN	core.w_mem_inst.w_next_reg[15]$_DFFE_PN0P_/D
87	0.8981	work_factor_num_reg[I]	core.k_reg[I]	work_factor_num_reg[13]$_DFFE_PN0P_/QN	core.k_reg[37]$_DFFE_PN0P_/D
88	0.9007	work_factor_num_reg[I]	core.round_ctr_reg[I]	work_factor_num_reg[13]$_DFFE_PN0P_/QN	core.round_ctr_reg[0]$_DFFE_PN0P_/D
89	0.9011	work_factor_num_reg[I]	core.e_reg[I]	work_factor_num_reg[9]$_DFFE_PN0P_/QN	core.e_reg[4]$_DFFE_PN0P_/D
90	0.9062	work_factor_num_reg[I]	core.f_reg[I]	work_factor_num_reg[9]$_DFFE_PN0P_/QN	core.f_reg[63]$_DFFE_PN0P_/D
91	0.9062	work_factor_num_reg[I]	core.b_reg[I]	work_factor_num_reg[9]$_DFFE_PN0P_/QN	core.b_reg[45]$_DFFE_PN0P_/D
92	0.9065	work_factor_num_reg[I]	core.d_reg[I]	work_factor_num_reg[9]$_DFFE_PN0P_/QN	core.d_reg[63]$_DFFE_PN0P_/D
93	0.9071	work_factor_num_reg[I]	core.h_reg[I]	work_factor_num_reg[9]$_DFFE_PN0P_/QN	core.h_reg[62]$_DFFE_PN0P_/D
94	0.9075	work_factor_num_reg[I]	core.g_reg[I]	work_factor_num_reg[9]$_DFFE_PN0P_/QN	core.g_reg[15]$_DFFE_PN0P_/D
95	0.9079	work_factor_num_reg[I]	core.c_reg[I]	work_factor_num_reg[9]$_DFFE_PN0P_/QN	core.c_reg[58]$_DFFE_PN0P_/D
96	0.9120	core.work_factor_ctr_reg[I]	core.digest_valid_reg	core.work_factor_ctr_reg[13]$_DFFE_PN0P_/Q	core.digest_valid_reg$_DFFE_PN0P_/D
97	0.9155	core.work_factor_ctr_reg[I]	core.ready_reg	core.work_factor_ctr_reg[13]$_DFFE_PN0P_/Q	core.ready_reg$_DFFE_PN1P_/D
98	0.9291	work_factor_num_reg[I]	core.HI_reg[J]	work_factor_num_reg[9]$_DFFE_PN0P_/QN	core.H3_reg[10]$_DFFE_PN0P_/D
99	0.9421	core.w_mem_inst.w_ctr_reg[I]	core.w_mem_inst.w_mem[I][J]	core.w_mem_inst.w_ctr_reg[1]$_DFFE_PN0P_/Q	core.w_mem_inst.w_mem[13][10]$_DFFE_PN0P_/D
100	0.9451	core.round_ctr_reg[I]	core.work_factor_ctr_reg[I]	core.round_ctr_reg[4]$_DFFE_PN0P_/Q	core.work_factor_ctr_reg[31]$_DFFE_PN0P_/D
