# stage	1_synth
# top_module	aes
# top_n	100
# kind	blocks
# skip_async	1
# include_full	1
# rank	worst_slack_ns	start	end	start_full	end_full
1	-0.2538	address[I]	read_data[I]	address[6]	read_data[10]
2	-0.1769	core.dec_block.sword_ctr_reg[I]	core.dec_block.block_wI_reg[J]	core.dec_block.sword_ctr_reg[1]$_DFFE_PN0P_/Q	core.dec_block.block_w0_reg[28]$_DFFE_PN0P_/D
3	-0.1746	core.keymem.prev_keyI_reg[J]	core.keymem.key_mem[I][J]	core.keymem.prev_key1_reg[16]$_DFFE_PN0P_/Q	core.keymem.key_mem[10][24]$_DFFE_PN0P_/D
4	-0.1697	core.enc_block.sword_ctr_reg[I]	core.enc_block.block_wI_reg[J]	core.enc_block.sword_ctr_reg[1]$_DFFE_PN0P_/Q	core.enc_block.block_w2_reg[6]$_DFFE_PN0P_/D
5	-0.1660	core.enc_block.round_ctr_reg[I]	core.dec_block.block_wI_reg[J]	core.enc_block.round_ctr_reg[1]$_DFFE_PN0P_/Q	core.dec_block.block_w1_reg[22]$_DFFE_PN0P_/D
6	-0.1588	encdec_reg	core.dec_block.block_wI_reg[J]	encdec_reg$_DFFE_PN0P_/Q	core.dec_block.block_w1_reg[22]$_DFFE_PN0P_/D
7	-0.1587	core.dec_block.round_ctr_reg[I]	core.dec_block.block_wI_reg[J]	core.dec_block.round_ctr_reg[1]$_DFFE_PN0P_/Q	core.dec_block.block_w1_reg[22]$_DFFE_PN0P_/D
8	-0.1324	core.keymem.prev_keyI_reg[J]	core.keymem.prev_keyI_reg[J]	core.keymem.prev_key1_reg[8]$_DFFE_PN0P_/Q	core.keymem.prev_key1_reg[19]$_DFFE_PN0P_/D
9	-0.1231	core.enc_block.enc_ctrl_reg[I]	core.enc_block.block_wI_reg[J]	core.enc_block.enc_ctrl_reg[2]$_DFF_PN0_/Q	core.enc_block.block_w2_reg[6]$_DFFE_PN0P_/D
10	-0.1185	core.dec_block.dec_ctrl_reg[I]	core.dec_block.block_wI_reg[J]	core.dec_block.dec_ctrl_reg[3]$_DFF_PN0_/Q	core.dec_block.block_w2_reg[21]$_DFFE_PN0P_/D
11	-0.1053	core.enc_block.block_wI_reg[J]	core.enc_block.block_wI_reg[J]	core.enc_block.block_w3_reg[11]$_DFFE_PN0P_/Q	core.enc_block.block_w2_reg[13]$_DFFE_PN0P_/D
12	-0.1016	core.dec_block.block_wI_reg[J]	core.dec_block.block_wI_reg[J]	core.dec_block.block_w2_reg[21]$_DFFE_PN0P_/Q	core.dec_block.block_w2_reg[21]$_DFFE_PN0P_/D
13	-0.0643	core.enc_block.round_ctr_reg[I]	core.enc_block.block_wI_reg[J]	core.enc_block.round_ctr_reg[1]$_DFFE_PN0P_/Q	core.enc_block.block_w2_reg[18]$_DFFE_PN0P_/D
14	-0.0495	address[I]	key_reg[I][J]	address[6]	key_reg[4][10]$_DFFE_PN0P_/D
15	-0.0451	cs	read_data[I]	cs	read_data[10]
16	-0.0315	cs	key_reg[I][J]	cs	key_reg[4][10]$_DFFE_PN0P_/D
17	-0.0259	encdec_reg	read_data[I]	encdec_reg$_DFFE_PN0P_/Q	read_data[2]
18	-0.0206	we	read_data[I]	we	read_data[10]
19	-0.0151	core.keymem.key_mem[I][J]	core.dec_block.block_wI_reg[J]	core.keymem.key_mem[6][102]$_DFFE_PN0P_/Q	core.dec_block.block_w0_reg[28]$_DFFE_PN0P_/D
20	-0.0002	we	key_reg[I][J]	we	key_reg[4][10]$_DFFE_PN0P_/D
21	0.0463	core.dec_block.round_ctr_reg[I]	core.enc_block.block_wI_reg[J]	core.dec_block.round_ctr_reg[0]$_DFFE_PN0P_/Q	core.enc_block.block_w1_reg[28]$_DFFE_PN0P_/D
22	0.0463	encdec_reg	core.enc_block.block_wI_reg[J]	encdec_reg$_DFFE_PN0P_/Q	core.enc_block.block_w1_reg[28]$_DFFE_PN0P_/D
23	0.0649	keylen_reg	read_data[I]	keylen_reg$_DFFE_PN0P_/Q	read_data[3]
24	0.0801	address[I]	block_reg[I][J]	address[3]	block_reg[0][10]$_DFFE_PN0P_/D
25	0.0842	core.keymem.round_ctr_reg[I]	core.keymem.key_mem[I][J]	core.keymem.round_ctr_reg[0]$_DFFE_PN0P_/Q	core.keymem.key_mem[10][42]$_DFFE_PN0P_/D
26	0.0973	keylen_reg	core.enc_block.block_wI_reg[J]	keylen_reg$_DFFE_PN0P_/QN	core.enc_block.block_w2_reg[18]$_DFFE_PN0P_/D
27	0.1254	cs	block_reg[I][J]	cs	block_reg[0][10]$_DFFE_PN0P_/D
28	0.1461	core.keymem.round_ctr_reg[I]	core.keymem.prev_keyI_reg[J]	core.keymem.round_ctr_reg[0]$_DFFE_PN0P_/Q	core.keymem.prev_key1_reg[20]$_DFFE_PN0P_/D
29	0.1567	we	block_reg[I][J]	we	block_reg[0][10]$_DFFE_PN0P_/D
30	0.1844	address[I]	init_reg	address[6]	init_reg$_DFF_PN0_/D
31	0.1844	address[I]	next_reg	address[6]	next_reg$_DFF_PN0_/D
32	0.1998	core.keymem.rcon_reg[I]	core.keymem.key_mem[I][J]	core.keymem.rcon_reg[4]$_DFFE_PN0P_/Q	core.keymem.key_mem[10][28]$_DFFE_PN0P_/D
33	0.2168	core.keymem.round_ctr_reg[I]	core.keymem.rcon_reg[I]	core.keymem.round_ctr_reg[2]$_DFFE_PN0P_/Q	core.keymem.rcon_reg[1]$_DFFE_PN0P_/D
34	0.2193	core.enc_block.enc_ctrl_reg[I]	core.enc_block.enc_ctrl_reg[I]	core.enc_block.enc_ctrl_reg[1]$_DFF_PN0_/Q	core.enc_block.enc_ctrl_reg[2]$_DFF_PN0_/D
35	0.2235	address[I]	encdec_reg	address[6]	encdec_reg$_DFFE_PN0P_/D
36	0.2235	address[I]	keylen_reg	address[6]	keylen_reg$_DFFE_PN0P_/D
37	0.2275	encdec_reg	core.aes_core_ctrl_reg[I]	encdec_reg$_DFFE_PN0P_/Q	core.aes_core_ctrl_reg[1]$_DFF_PN0_/D
38	0.2441	encdec_reg	result_reg[I]	encdec_reg$_DFFE_PN0P_/Q	result_reg[96]$_DFF_PN0_/D
39	0.2491	encdec_reg	core.enc_block.enc_ctrl_reg[I]	encdec_reg$_DFFE_PN0P_/Q	core.enc_block.enc_ctrl_reg[2]$_DFF_PN0_/D
40	0.2554	result_reg[I]	read_data[I]	result_reg[51]$_DFF_PN0_/Q	read_data[19]
41	0.2621	keylen_reg	core.keymem.key_mem[I][J]	keylen_reg$_DFFE_PN0P_/Q	core.keymem.key_mem[10][16]$_DFFE_PN0P_/D
42	0.2691	next_reg	read_data[I]	next_reg$_DFF_PN0_/Q	read_data[1]
43	0.2718	init_reg	read_data[I]	init_reg$_DFF_PN0_/Q	read_data[0]
44	0.2741	encdec_reg	encdec_reg	encdec_reg$_DFFE_PN0P_/Q	encdec_reg$_DFFE_PN0P_/D
45	0.2757	keylen_reg	core.keymem.prev_keyI_reg[J]	keylen_reg$_DFFE_PN0P_/Q	core.keymem.prev_key1_reg[3]$_DFFE_PN0P_/D
46	0.2766	core.keymem.key_mem_ctrl_reg[I]	core.keymem.key_mem[I][J]	core.keymem.key_mem_ctrl_reg[1]$_DFF_PN0_/Q	core.keymem.key_mem[7][117]$_DFFE_PN0P_/D
47	0.2829	encdec_reg	core.enc_block.round_ctr_reg[I]	encdec_reg$_DFFE_PN0P_/Q	core.enc_block.round_ctr_reg[3]$_DFFE_PN0P_/D
48	0.2841	encdec_reg	core.ready_reg	encdec_reg$_DFFE_PN0P_/Q	core.ready_reg$_DFFE_PN1P_/D
49	0.2867	core.keymem.rcon_reg[I]	core.keymem.prev_keyI_reg[J]	core.keymem.rcon_reg[0]$_DFFE_PN0P_/Q	core.keymem.prev_key1_reg[24]$_DFFE_PN0P_/D
50	0.2876	core.keymem.key_mem[I][J]	core.enc_block.block_wI_reg[J]	core.keymem.key_mem[7][92]$_DFFE_PN0P_/Q	core.enc_block.block_w1_reg[28]$_DFFE_PN0P_/D
51	0.3035	encdec_reg	core.enc_block.ready_reg	encdec_reg$_DFFE_PN0P_/Q	core.enc_block.ready_reg$_DFFE_PN1P_/D
52	0.3073	valid_reg	read_data[I]	valid_reg$_DFF_PN0_/Q	read_data[1]
53	0.3121	ready_reg	read_data[I]	ready_reg$_DFF_PN0_/Q	read_data[0]
54	0.3153	encdec_reg	core.result_valid_reg	encdec_reg$_DFFE_PN0P_/Q	core.result_valid_reg$_DFFE_PN0P_/D
55	0.3275	encdec_reg	core.dec_block.round_ctr_reg[I]	encdec_reg$_DFFE_PN0P_/Q	core.dec_block.round_ctr_reg[2]$_DFFE_PN0P_/D
56	0.3282	core.keymem.key_mem_ctrl_reg[I]	core.keymem.prev_keyI_reg[J]	core.keymem.key_mem_ctrl_reg[1]$_DFF_PN0_/Q	core.keymem.prev_key1_reg[111]$_DFFE_PN0P_/D
57	0.3447	keylen_reg	core.keymem.rcon_reg[I]	keylen_reg$_DFFE_PN0P_/Q	core.keymem.rcon_reg[1]$_DFFE_PN0P_/D
58	0.3454	core.keymem.round_ctr_reg[I]	core.keymem.round_ctr_reg[I]	core.keymem.round_ctr_reg[0]$_DFFE_PN0P_/Q	core.keymem.round_ctr_reg[3]$_DFFE_PN0P_/D
59	0.3464	cs	encdec_reg	cs	encdec_reg$_DFFE_PN0P_/D
60	0.3464	cs	keylen_reg	cs	keylen_reg$_DFFE_PN0P_/D
61	0.3521	write_data[I]	block_reg[I][J]	write_data[10]	block_reg[0][10]$_DFFE_PN0P_/D
62	0.3521	write_data[I]	key_reg[I][J]	write_data[10]	key_reg[4][10]$_DFFE_PN0P_/D
63	0.3527	core.enc_block.round_ctr_reg[I]	core.enc_block.enc_ctrl_reg[I]	core.enc_block.round_ctr_reg[1]$_DFFE_PN0P_/Q	core.enc_block.enc_ctrl_reg[1]$_DFF_PN0_/D
64	0.3542	core.dec_block.sword_ctr_reg[I]	core.dec_block.round_ctr_reg[I]	core.dec_block.sword_ctr_reg[1]$_DFFE_PN0P_/Q	core.dec_block.round_ctr_reg[2]$_DFFE_PN0P_/D
65	0.3655	keylen_reg	core.dec_block.round_ctr_reg[I]	keylen_reg$_DFFE_PN0P_/Q	core.dec_block.round_ctr_reg[2]$_DFFE_PN0P_/D
66	0.3660	keylen_reg	keylen_reg	keylen_reg$_DFFE_PN0P_/Q	keylen_reg$_DFFE_PN0P_/D
67	0.3666	cs	init_reg	cs	init_reg$_DFF_PN0_/D
68	0.3666	cs	next_reg	cs	next_reg$_DFF_PN0_/D
69	0.3687	encdec_reg	core.dec_block.ready_reg	encdec_reg$_DFFE_PN0P_/Q	core.dec_block.ready_reg$_DFFE_PN1P_/D
70	0.3758	we	encdec_reg	we	encdec_reg$_DFFE_PN0P_/D
71	0.3758	we	keylen_reg	we	keylen_reg$_DFFE_PN0P_/D
72	0.3764	core.keymem.key_mem_ctrl_reg[I]	core.keymem.round_ctr_reg[I]	core.keymem.key_mem_ctrl_reg[1]$_DFF_PN0_/Q	core.keymem.round_ctr_reg[3]$_DFFE_PN0P_/D
73	0.3818	write_data[I]	init_reg	write_data[0]	init_reg$_DFF_PN0_/D
74	0.3818	write_data[I]	next_reg	write_data[1]	next_reg$_DFF_PN0_/D
75	0.3840	core.enc_block.round_ctr_reg[I]	core.enc_block.ready_reg	core.enc_block.round_ctr_reg[1]$_DFFE_PN0P_/Q	core.enc_block.ready_reg$_DFFE_PN1P_/D
76	0.3978	we	init_reg	we	init_reg$_DFF_PN0_/D
77	0.3978	we	next_reg	we	next_reg$_DFF_PN0_/D
78	0.4058	core.dec_block.round_ctr_reg[I]	core.dec_block.round_ctr_reg[I]	core.dec_block.round_ctr_reg[1]$_DFFE_PN0P_/Q	core.dec_block.round_ctr_reg[3]$_DFFE_PN0P_/D
79	0.4080	write_data[I]	encdec_reg	write_data[0]	encdec_reg$_DFFE_PN0P_/D
80	0.4080	write_data[I]	keylen_reg	write_data[1]	keylen_reg$_DFFE_PN0P_/D
81	0.4092	core.keymem.key_mem_ctrl_reg[I]	core.keymem.rcon_reg[I]	core.keymem.key_mem_ctrl_reg[1]$_DFF_PN0_/Q	core.keymem.rcon_reg[1]$_DFFE_PN0P_/D
82	0.4139	core.keymem.key_mem_ctrl_reg[I]	core.keymem.key_mem_ctrl_reg[I]	core.keymem.key_mem_ctrl_reg[1]$_DFF_PN0_/Q	core.keymem.key_mem_ctrl_reg[0]$_DFF_PN1_/D
83	0.4197	core.enc_block.sword_ctr_reg[I]	core.enc_block.enc_ctrl_reg[I]	core.enc_block.sword_ctr_reg[1]$_DFFE_PN0P_/Q	core.enc_block.enc_ctrl_reg[0]$_DFF_PN1_/D
84	0.4332	block_reg[I][J]	core.dec_block.block_wI_reg[J]	block_reg[2][20]$_DFFE_PN0P_/Q	core.dec_block.block_w3_reg[20]$_DFFE_PN0P_/D
85	0.4367	block_reg[I][J]	core.enc_block.block_wI_reg[J]	block_reg[1][28]$_DFFE_PN0P_/Q	core.enc_block.block_w1_reg[28]$_DFFE_PN0P_/D
86	0.4376	core.dec_block.sword_ctr_reg[I]	core.dec_block.dec_ctrl_reg[I]	core.dec_block.sword_ctr_reg[1]$_DFFE_PN0P_/Q	core.dec_block.dec_ctrl_reg[0]$_DFF_PN1_/D
87	0.4400	core.dec_block.dec_ctrl_reg[I]	core.dec_block.round_ctr_reg[I]	core.dec_block.dec_ctrl_reg[2]$_DFF_PN0_/Q	core.dec_block.round_ctr_reg[2]$_DFFE_PN0P_/D
88	0.4412	encdec_reg	core.dec_block.dec_ctrl_reg[I]	encdec_reg$_DFFE_PN0P_/Q	core.dec_block.dec_ctrl_reg[0]$_DFF_PN1_/D
89	0.4427	key_reg[I][J]	core.keymem.key_mem[I][J]	key_reg[3][29]$_DFFE_PN0P_/Q	core.keymem.key_mem[7][29]$_DFFE_PN0P_/D
90	0.4452	core.enc_block.round_ctr_reg[I]	core.enc_block.round_ctr_reg[I]	core.enc_block.round_ctr_reg[2]$_DFFE_PN0P_/Q	core.enc_block.round_ctr_reg[3]$_DFFE_PN0P_/D
91	0.4570	keylen_reg	core.keymem.key_mem_ctrl_reg[I]	keylen_reg$_DFFE_PN0P_/Q	core.keymem.key_mem_ctrl_reg[2]$_DFF_PN0_/D
92	0.4703	core.keymem.round_ctr_reg[I]	core.keymem.key_mem_ctrl_reg[I]	core.keymem.round_ctr_reg[1]$_DFFE_PN0P_/Q	core.keymem.key_mem_ctrl_reg[2]$_DFF_PN0_/D
93	0.4752	next_reg	core.dec_block.round_ctr_reg[I]	next_reg$_DFF_PN0_/Q	core.dec_block.round_ctr_reg[2]$_DFFE_PN0P_/D
94	0.5019	core.dec_block.dec_ctrl_reg[I]	core.dec_block.ready_reg	core.dec_block.dec_ctrl_reg[3]$_DFF_PN0_/Q	core.dec_block.ready_reg$_DFFE_PN1P_/D
95	0.5143	keylen_reg	core.enc_block.enc_ctrl_reg[I]	keylen_reg$_DFFE_PN0P_/QN	core.enc_block.enc_ctrl_reg[1]$_DFF_PN0_/D
96	0.5155	next_reg	core.enc_block.round_ctr_reg[I]	next_reg$_DFF_PN0_/Q	core.enc_block.round_ctr_reg[3]$_DFFE_PN0P_/D
97	0.5158	key_reg[I][J]	core.keymem.prev_keyI_reg[J]	key_reg[3][16]$_DFFE_PN0P_/Q	core.keymem.prev_key0_reg[16]$_DFFE_PN0P_/D
98	0.5164	next_reg	core.dec_block.ready_reg	next_reg$_DFF_PN0_/Q	core.dec_block.ready_reg$_DFFE_PN1P_/D
99	0.5192	core.enc_block.ready_reg	core.aes_core_ctrl_reg[I]	core.enc_block.ready_reg$_DFFE_PN1P_/Q	core.aes_core_ctrl_reg[1]$_DFF_PN0_/D
100	0.5195	core.dec_block.ready_reg	core.aes_core_ctrl_reg[I]	core.dec_block.ready_reg$_DFFE_PN1P_/Q	core.aes_core_ctrl_reg[1]$_DFF_PN0_/D
