# stage	1_synth
# top_module	RsDecodeTop
# top_n	1000
# kind	blocks
# skip_async	1
# include_full	1
# rank	worst_slack_ns	start	end	start_full	end_full
1	-0.1618	lambdaStepIReg_J[K]	degreeLambdaReg[I]	lambdaStep01Reg_3[0]$_DFFE_PN0P_/Q	degreeLambdaReg[0]$_DFFE_PN0P_/D
2	-0.1618	omegaStepIReg_J[K]	degreeOmegaReg[I]	omegaStep01Reg_3[0]$_DFFE_PN0P_/Q	degreeOmegaReg[0]$_DFFE_PN0P_/D
3	-0.0428	enable	RsDecodeDelay.RsDecodeDpRam.mem[I][J]	enable	RsDecodeDelay.RsDecodeDpRam.mem[111][0]$_DFFE_PP_/D
4	0.0056	enable	omegaShiftedReg_I[J]	enable	omegaShiftedReg_16[0]$_DFFE_PN0P_/D
5	0.0170	enable	RsDecodeEuclide.omegaInvReg[I]	enable	RsDecodeEuclide.omegaInvReg[6]$_DFFE_PN0P_/D
6	0.0170	enable	RsDecodeDelay.readPointer[I]	enable	RsDecodeDelay.readPointer[3]$_DFFE_PN0P_/D
7	0.0171	enable	omegaStepIReg_J[K]	enable	omegaStep01Reg_3[0]$_DFFE_PN0P_/D
8	0.0191	enable	RsDecodeDelay.writePointer[I]	enable	RsDecodeDelay.writePointer[0]$_DFFE_PN1P_/D
9	0.0225	enable	RsDecodeErasure.count[I]	enable	RsDecodeErasure.count[1]$_DFFE_PN0P_/D
10	0.0225	enable	RsDecodeErasure.powerReg[I]	enable	RsDecodeErasure.powerReg[3]$_DFFE_PN0P_/D
11	0.0226	enable	RsDecodeChien.denomEIInvReg[J]	enable	RsDecodeChien.denomE0InvReg[1]$_DFFE_PN0P_/D
12	0.0228	enable	RsDecodeSyndrome.count[I]	enable	RsDecodeSyndrome.count[1]$_DFFE_PN0P_/D
13	0.0228	enable	RsDecodeChien.numErrorReg[I]	enable	RsDecodeChien.numErrorReg[0]$_DFFE_PN0P_/D
14	0.0229	enable	RsDecodeChien.count[I]	enable	RsDecodeChien.count[0]$_DFFE_PN0P_/D
15	0.0229	enable	RsDecodeChien.epsilonReg_I[J]	enable	RsDecodeChien.epsilonReg_11[0]$_DFFE_PN0P_/D
16	0.0229	enable	RsDecodeChien.epsilonSumReg[I]	enable	RsDecodeChien.epsilonSumReg[0]$_DFFE_PN0P_/D
17	0.0229	enable	RsDecodeChien.lambdaReg_I[J]	enable	RsDecodeChien.lambdaReg_20[0]$_DFFE_PN0P_/D
18	0.0229	enable	RsDecodeChien.omegaReg_I[J]	enable	RsDecodeChien.omegaReg_11[0]$_DFFE_PN0P_/D
19	0.0229	enable	RsDecodeEuclide.count[I]	enable	RsDecodeEuclide.count[0]$_DFFE_PN0P_/D
20	0.0229	enable	RsDecodePolymul.count[I]	enable	RsDecodePolymul.count[0]$_DFFE_PN0P_/D
21	0.0229	enable	lambdaStepIReg_J[K]	enable	lambdaStep01Reg_3[0]$_DFFE_PN0P_/D
22	0.0299	enable	RsDecodeSyndrome.reg_I[J]	enable	RsDecodeSyndrome.reg_13[5]$_DFFE_PN0P_/D
23	0.0325	enable	RsDecodePolymul.sumReg_I[J]	enable	RsDecodePolymul.sumReg_21[1]$_DFFE_PN0P_/D
24	0.0335	enable	doneReg[I]	enable	doneReg[0]$_DFFE_PN0P_/D
25	0.0335	enable	lambdaRegI_J[K]	enable	lambdaReg2_0[1]$_DFFE_PN0P_/D
26	0.0335	enable	startReg[I]	enable	startReg[1]$_DFFE_PN0P_/D
27	0.0403	enable	RsDecodePolymul.epsilonReg_I[J]	enable	RsDecodePolymul.epsilonReg_10[0]$_DFFE_PN0P_/D
28	0.0418	enable	RsDecodeChien.denomEIReg[J]	enable	RsDecodeChien.denomE1Reg[7]$_DFFE_PN0P_/D
29	0.0418	enable	RsDecodeEuclide.omegaBkpReg[I]	enable	RsDecodeEuclide.omegaBkpReg[7]$_DFFE_PN0P_/D
30	0.0418	enable	doneShiftReg	enable	doneShiftReg$_DFFE_PN0P_/D
31	0.0418	enable	RsDecodeChien.lambdaOddReg[I]	enable	RsDecodeChien.lambdaOddReg[7]$_DFFE_PN0P_/D
32	0.0418	enable	RsDecodeChien.numeRegI[J]	enable	RsDecodeChien.numeReg2[7]$_DFFE_PN0P_/D
33	0.0418	enable	RsDecodeEuclide.qNewReg[I]	enable	RsDecodeEuclide.qNewReg[7]$_DFFE_PN0P_/D
34	0.0418	enable	RsDecodeChien.epsilonOddReg[I]	enable	RsDecodeChien.epsilonOddReg[7]$_DFFE_PN0P_/D
35	0.0418	enable	RsDecodeChien.lambdaEvenRegI[J]	enable	RsDecodeChien.lambdaEvenReg2[7]$_DFFE_PN0P_/D
36	0.0418	enable	RsDecodeChien.lambdaOddRegI[J]	enable	RsDecodeChien.lambdaOddReg2[7]$_DFFE_PN0P_/D
37	0.0418	enable	RsDecodeChien.lambdaSumReg[I]	enable	RsDecodeChien.lambdaSumReg[7]$_DFFE_PN0P_/D
38	0.0418	enable	RsDecodeChien.omegaSumReg[I]	enable	RsDecodeChien.omegaSumReg[7]$_DFFE_PN0P_/D
39	0.0421	RsDecodeSyndrome.count[I]	RsDecodePolymul.sumReg_I[J]	RsDecodeSyndrome.count[1]$_DFFE_PN0P_/Q	RsDecodePolymul.sumReg_13[2]$_DFFE_PN0P_/D
40	0.0426	enable	degreeLambdaReg[I]	enable	degreeLambdaReg[3]$_DFFE_PN0P_/D
41	0.0426	enable	degreeOmegaReg[I]	enable	degreeOmegaReg[3]$_DFFE_PN0P_/D
42	0.0436	enable	RsDecodeEuclide.phase[I]	enable	RsDecodeEuclide.phase[0]$_DFFE_PN0P_/D
43	0.0455	RsDecodeDelay.RsDecodeDpRam.rRdAddr[I]	RsDecodeDelay.RsDecodeDpRam.q[I]	RsDecodeDelay.RsDecodeDpRam.rRdAddr[0]$_DFF_P_/Q	RsDecodeDelay.RsDecodeDpRam.q[0]$_DFFE_PP_/D
44	0.0456	erasureIn	RsDecodeSyndrome.reg_I[J]	erasureIn	RsDecodeSyndrome.reg_0[7]$_DFFE_PN0P_/D
45	0.0527	startPls	RsDecodeSyndrome.reg_I[J]	startPls	RsDecodeSyndrome.reg_9[1]$_DFFE_PN0P_/D
46	0.0532	erasureIn	RsDecodeDelay.RsDecodeDpRam.mem[I][J]	erasureIn	RsDecodeDelay.RsDecodeDpRam.mem[0][7]$_DFFE_PP_/D
47	0.0641	enable	RsDecodeErasure.epsilonReg_I[J]	enable	RsDecodeErasure.epsilonReg_11[7]$_DFFE_PN0P_/D
48	0.0642	enable	failErasureRegI	enable	failErasureReg5$_DFFE_PN0P_/D
49	0.0642	enable	numErrorLambdaReg[I]	enable	numErrorLambdaReg[0]$_DFFE_PN0P_/D
50	0.0651	enable	RsDecodeErasure.erasureCount[I]	enable	RsDecodeErasure.erasureCount[5]$_DFFE_PN0P_/D
51	0.0666	enable	doneShift	enable	doneShift$_DFFE_PN0P_/D
52	0.0669	enable	RsDecodeEuclide.lambdaInner_I[J]	enable	RsDecodeEuclide.lambdaInner_16[2]$_DFFE_PN0P_/D
53	0.0673	RsDecodeChien.lambdaReg_I[J]	RsDecodeChien.numErrorRegI[J]	RsDecodeChien.lambdaReg_21[0]$_DFFE_PN0P_/Q	RsDecodeChien.numErrorReg2[2]$_DFFE_PN0P_/D
54	0.0673	numShiftedReg[I]	omegaStepIReg_J[K]	numShiftedReg[0]$_DFFE_PN0P_/Q	omegaStep01Reg_2[0]$_DFFE_PN0P_/D
55	0.0674	erasureIn	RsDecodeErasure.epsilonReg_I[J]	erasureIn	RsDecodeErasure.epsilonReg_11[7]$_DFFE_PN0P_/D
56	0.0685	erasureIn	RsDecodeErasure.erasureCount[I]	erasureIn	RsDecodeErasure.erasureCount[5]$_DFFE_PN0P_/D
57	0.0704	RsDecodeEuclide.qNewReg[I]	RsDecodeEuclide.omegaInner_I[J]	RsDecodeEuclide.qNewReg[4]$_DFFE_PN0P_/Q	RsDecodeEuclide.omegaInner_5[7]$_DFFE_PN0P_/D
58	0.0729	enable	degreeErrorReg	enable	degreeErrorReg$_DFFE_PN0P_/D
59	0.0780	startPls	RsDecodeSyndrome.count[I]	startPls	RsDecodeSyndrome.count[3]$_DFFE_PN0P_/D
60	0.0797	enable	RsDecodeChien.numErrorRegI[J]	enable	RsDecodeChien.numErrorReg2[0]$_DFFE_PN0P_/D
61	0.0797	enable	degreeEpsilonRegI[J]	enable	degreeEpsilonReg5[0]$_DFFE_PN0P_/D
62	0.0802	enable	RsDecodeEuclide.omegaInner_I[J]	enable	RsDecodeEuclide.omegaInner_14[3]$_DFFE_PN0P_/D
63	0.0842	RsDecodeEuclide.qNewReg[I]	RsDecodeEuclide.lambdaInner_I[J]	RsDecodeEuclide.qNewReg[2]$_DFFE_PN0P_/Q	RsDecodeEuclide.lambdaInner_14[3]$_DFFE_PN0P_/D
64	0.0851	enable	epsilonReg_I[J]	enable	epsilonReg_11[6]$_DFFE_PN0P_/D
65	0.0894	enable	numErasureReg[I]	enable	numErasureReg[0]$_DFFE_PN0P_/D
66	0.0894	enable	numErrorReg[I]	enable	numErrorReg[0]$_DFFE_PN0P_/D
67	0.0895	startPls	RsDecodeErasure.count[I]	startPls	RsDecodeErasure.count[0]$_DFFE_PN0P_/D
68	0.0906	RsDecodeEuclide.omegaInner_I[J]	RsDecodeEuclide.omegaInvReg[I]	RsDecodeEuclide.omegaInner_21[1]$_DFFE_PN0P_/Q	RsDecodeEuclide.omegaInvReg[3]$_DFFE_PN0P_/D
69	0.0917	RsDecodeEuclide.omegaInner_I[J]	RsDecodeEuclide.omegaInner_I[J]	RsDecodeEuclide.omegaInner_21[5]$_DFFE_PN0P_/Q	RsDecodeEuclide.omegaInner_15[4]$_DFFE_PN0P_/D
70	0.0953	RsDecodeEuclide.count[I]	RsDecodeEuclide.omegaInner_I[J]	RsDecodeEuclide.count[1]$_DFFE_PN0P_/Q	RsDecodeEuclide.omegaInner_21[6]$_DFFE_PN0P_/D
71	0.0961	RsDecodeEuclide.count[I]	RsDecodeEuclide.lambdaBkp_I[J]	RsDecodeEuclide.count[1]$_DFFE_PN0P_/Q	RsDecodeEuclide.lambdaBkp_13[3]$_DFFE_PN0P_/D
72	0.0985	enable	epsilonRegI_J[K]	enable	epsilonReg2_14[0]$_DFFE_PN0P_/D
73	0.0989	enable	RsDecodeEuclide.offset[I]	enable	RsDecodeEuclide.offset[0]$_DFFE_PN0P_/D
74	0.0997	enable	RsDecodeEuclide.numShiftedReg[I]	enable	RsDecodeEuclide.numShiftedReg[0]$_DFFE_PN0P_/D
75	0.1005	enable	RsDecodeEuclide.lambdaBkp_I[J]	enable	RsDecodeEuclide.lambdaBkp_17[0]$_DFFE_PN0P_/D
76	0.1027	RsDecodeChien.denomEIReg[J]	RsDecodeChien.denomEIInvReg[J]	RsDecodeChien.denomE0Reg[2]$_DFFE_PN0P_/Q	RsDecodeChien.denomE0InvReg[2]$_DFFE_PN0P_/D
77	0.1033	enable	OutputValidReg	enable	OutputValidReg$_DFFE_PN0P_/D
78	0.1057	enable	omegaReg_I[J]	enable	omegaReg_14[4]$_DFFE_PN0P_/D
79	0.1057	enable	numShiftedReg[I]	enable	numShiftedReg[0]$_DFFE_PN0P_/D
80	0.1069	RsDecodeEuclide.count[I]	RsDecodeEuclide.omegaBkp_I[J]	RsDecodeEuclide.count[1]$_DFFE_PN0P_/Q	RsDecodeEuclide.omegaBkp_0[1]$_DFFE_PN0P_/D
81	0.1071	enable	RsDecodeEuclide.lambdaXorReg_I[J]	enable	RsDecodeEuclide.lambdaXorReg_12[2]$_DFFE_PN0P_/D
82	0.1080	numShiftedReg[I]	omegaShiftedReg_I[J]	numShiftedReg[0]$_DFFE_PN0P_/Q	omegaShiftedReg_0[0]$_DFFE_PN0P_/D
83	0.1116	enable	RsDecodeEuclide.omegaBkp_I[J]	enable	RsDecodeEuclide.omegaBkp_0[1]$_DFFE_PN0P_/D
84	0.1119	enable	RsDecodePolymul.syndromeReg_I[J]	enable	RsDecodePolymul.syndromeReg_13[0]$_DFFE_PN0P_/D
85	0.1127	RsDecodeEuclide.count[I]	RsDecodeEuclide.lambdaXorReg_I[J]	RsDecodeEuclide.count[1]$_DFFE_PN0P_/Q	RsDecodeEuclide.lambdaXorReg_18[1]$_DFFE_PN0P_/D
86	0.1128	RsDecodeEuclide.count[I]	RsDecodeEuclide.numShiftedReg[I]	RsDecodeEuclide.count[1]$_DFFE_PN0P_/Q	RsDecodeEuclide.numShiftedReg[0]$_DFFE_PN0P_/D
87	0.1136	degreeEpsilonReg[I]	RsDecodeEuclide.omegaInner_I[J]	degreeEpsilonReg[2]$_DFFE_PN0P_/Q	RsDecodeEuclide.omegaInner_21[6]$_DFFE_PN0P_/D
88	0.1140	RsDecodeEuclide.qNewReg[I]	RsDecodeEuclide.omegaBkp_I[J]	RsDecodeEuclide.qNewReg[2]$_DFFE_PN0P_/Q	RsDecodeEuclide.omegaBkp_17[2]$_DFFE_PN0P_/D
89	0.1143	degreeEpsilonReg[I]	RsDecodeEuclide.lambdaBkp_I[J]	degreeEpsilonReg[2]$_DFFE_PN0P_/Q	RsDecodeEuclide.lambdaBkp_13[3]$_DFFE_PN0P_/D
90	0.1166	startPls	RsDecodeErasure.epsilonReg_I[J]	startPls	RsDecodeErasure.epsilonReg_11[7]$_DFFE_PN0P_/D
91	0.1175	RsDecodeErasure.powerReg[I]	RsDecodeErasure.epsilonReg_I[J]	RsDecodeErasure.powerReg[4]$_DFFE_PN0P_/Q	RsDecodeErasure.epsilonReg_12[4]$_DFFE_PN0P_/D
92	0.1177	startPls	RsDecodeErasure.erasureCount[I]	startPls	RsDecodeErasure.erasureCount[5]$_DFFE_PN0P_/D
93	0.1192	RsDecodeEuclide.count[I]	RsDecodeEuclide.lambdaInner_I[J]	RsDecodeEuclide.count[1]$_DFFE_PN0P_/Q	RsDecodeEuclide.lambdaInner_16[2]$_DFFE_PN0P_/D
94	0.1206	RsDecodeEuclide.omegaInner_I[J]	RsDecodeEuclide.lambdaXorReg_I[J]	RsDecodeEuclide.omegaInner_21[5]$_DFFE_PN0P_/Q	RsDecodeEuclide.lambdaXorReg_12[2]$_DFFE_PN0P_/D
95	0.1251	degreeEpsilonReg[I]	RsDecodeEuclide.omegaBkp_I[J]	degreeEpsilonReg[2]$_DFFE_PN0P_/Q	RsDecodeEuclide.omegaBkp_0[1]$_DFFE_PN0P_/D
96	0.1275	RsDecodeEuclide.omegaInner_I[J]	RsDecodeEuclide.omegaBkp_I[J]	RsDecodeEuclide.omegaInner_21[5]$_DFFE_PN0P_/Q	RsDecodeEuclide.omegaBkp_21[6]$_DFFE_PN0P_/D
97	0.1284	startPls	RsDecodeErasure.powerReg[I]	startPls	RsDecodeErasure.powerReg[2]$_DFFE_PN0P_/D
98	0.1322	RsDecodeEuclide.euclideSteps[I]	RsDecodeEuclide.omegaInner_I[J]	RsDecodeEuclide.euclideSteps[0]$_DFFE_PN0P_/Q	RsDecodeEuclide.omegaInner_21[6]$_DFFE_PN0P_/D
99	0.1323	RsDecodeErasure.epsilonReg_I[J]	RsDecodePolymul.sumReg_I[J]	RsDecodeErasure.epsilonReg_22[7]$_DFFE_PN0P_/Q	RsDecodePolymul.sumReg_15[6]$_DFFE_PN0P_/D
100	0.1329	RsDecodeEuclide.euclideSteps[I]	RsDecodeEuclide.lambdaBkp_I[J]	RsDecodeEuclide.euclideSteps[0]$_DFFE_PN0P_/Q	RsDecodeEuclide.lambdaBkp_13[3]$_DFFE_PN0P_/D
101	0.1341	RsDecodeEuclide.qNewReg[I]	RsDecodeEuclide.lambdaXorReg_I[J]	RsDecodeEuclide.qNewReg[5]$_DFFE_PN0P_/Q	RsDecodeEuclide.lambdaXorReg_11[4]$_DFFE_PN0P_/D
102	0.1342	omegaReg_I[J]	omegaStepIReg_J[K]	omegaReg_21[7]$_DFFE_PN0P_/Q	omegaStep01Reg_2[1]$_DFFE_PN0P_/D
103	0.1362	degreeEpsilonReg[I]	RsDecodeEuclide.lambdaXorReg_I[J]	degreeEpsilonReg[2]$_DFFE_PN0P_/Q	RsDecodeEuclide.lambdaXorReg_18[1]$_DFFE_PN0P_/D
104	0.1363	degreeEpsilonReg[I]	RsDecodeEuclide.numShiftedReg[I]	degreeEpsilonReg[2]$_DFFE_PN0P_/Q	RsDecodeEuclide.numShiftedReg[0]$_DFFE_PN0P_/D
105	0.1374	degreeEpsilonReg[I]	RsDecodeEuclide.lambdaInner_I[J]	degreeEpsilonReg[2]$_DFFE_PN0P_/Q	RsDecodeEuclide.lambdaInner_16[2]$_DFFE_PN0P_/D
106	0.1382	RsDecodePolymul.syndromeReg_I[J]	RsDecodePolymul.sumReg_I[J]	RsDecodePolymul.syndromeReg_21[6]$_DFFE_PN0P_/Q	RsDecodePolymul.sumReg_21[4]$_DFFE_PN0P_/D
107	0.1421	RsDecodePolymul.epsilonReg_I[J]	RsDecodePolymul.sumReg_I[J]	RsDecodePolymul.epsilonReg_22[7]$_DFFE_PN0P_/Q	RsDecodePolymul.sumReg_15[6]$_DFFE_PN0P_/D
108	0.1425	RsDecodeEuclide.omegaInner_I[J]	RsDecodeEuclide.lambdaBkp_I[J]	RsDecodeEuclide.omegaInner_21[5]$_DFFE_PN0P_/Q	RsDecodeEuclide.lambdaBkp_13[3]$_DFFE_PN0P_/D
109	0.1437	RsDecodeEuclide.euclideSteps[I]	RsDecodeEuclide.omegaBkp_I[J]	RsDecodeEuclide.euclideSteps[0]$_DFFE_PN0P_/Q	RsDecodeEuclide.omegaBkp_0[1]$_DFFE_PN0P_/D
110	0.1450	enable	failReg	enable	failReg$_DFFE_PN0P_/D
111	0.1467	RsDecodeEuclide.lambdaInner_I[J]	RsDecodeEuclide.lambdaInner_I[J]	RsDecodeEuclide.lambdaInner_0[7]$_DFFE_PN0P_/Q	RsDecodeEuclide.lambdaInner_0[2]$_DFFE_PN0P_/D
112	0.1485	RsDecodeEuclide.omegaInner_I[J]	RsDecodeEuclide.lambdaInner_I[J]	RsDecodeEuclide.omegaInner_21[5]$_DFFE_PN0P_/Q	RsDecodeEuclide.lambdaInner_16[2]$_DFFE_PN0P_/D
113	0.1509	RsDecodePolymul.count[I]	RsDecodeEuclide.omegaInner_I[J]	RsDecodePolymul.count[1]$_DFFE_PN0P_/Q	RsDecodeEuclide.omegaInner_14[3]$_DFFE_PN0P_/D
114	0.1560	RsDecodeEuclide.euclideSteps[I]	RsDecodeEuclide.lambdaInner_I[J]	RsDecodeEuclide.euclideSteps[0]$_DFFE_PN0P_/Q	RsDecodeEuclide.lambdaInner_16[2]$_DFFE_PN0P_/D
115	0.1562	RsDecodeChien.numeRegI[J]	DataOutInner[I]	RsDecodeChien.numeReg2[5]$_DFFE_PN0P_/Q	DataOutInner[3]$_DFF_PN0_/D
116	0.1621	dataIn[I]	RsDecodeSyndrome.reg_I[J]	dataIn[6]	RsDecodeSyndrome.reg_10[6]$_DFFE_PN0P_/D
117	0.1622	RsDecodeEuclide.omegaInner_I[J]	RsDecodeEuclide.offset[I]	RsDecodeEuclide.omegaInner_21[5]$_DFFE_PN0P_/Q	RsDecodeEuclide.offset[1]$_DFFE_PN0P_/D
118	0.1648	RsDecodeEuclide.euclideSteps[I]	RsDecodeEuclide.numShiftedReg[I]	RsDecodeEuclide.euclideSteps[0]$_DFFE_PN0P_/Q	RsDecodeEuclide.numShiftedReg[0]$_DFFE_PN0P_/D
119	0.1663	dataIn[I]	RsDecodeDelay.RsDecodeDpRam.mem[I][J]	dataIn[1]	RsDecodeDelay.RsDecodeDpRam.mem[0][1]$_DFFE_PP_/D
120	0.1666	RsDecodeEuclide.euclideSteps[I]	RsDecodeEuclide.lambdaXorReg_I[J]	RsDecodeEuclide.euclideSteps[1]$_DFFE_PN0P_/QN	RsDecodeEuclide.lambdaXorReg_18[1]$_DFFE_PN0P_/D
121	0.1734	RsDecodeChien.lambdaOddReg[I]	RsDecodeChien.denomEIReg[J]	RsDecodeChien.lambdaOddReg[5]$_DFFE_PN0P_/Q	RsDecodeChien.denomE0Reg[4]$_DFFE_PN0P_/D
122	0.1756	RsDecodeChien.epsilonSumReg[I]	RsDecodeChien.denomEIReg[J]	RsDecodeChien.epsilonSumReg[4]$_DFFE_PN0P_/Q	RsDecodeChien.denomE0Reg[4]$_DFFE_PN0P_/D
123	0.1762	RsDecodeEuclide.omegaBkpReg[I]	RsDecodeEuclide.qNewReg[I]	RsDecodeEuclide.omegaBkpReg[5]$_DFFE_PN0P_/Q	RsDecodeEuclide.qNewReg[4]$_DFFE_PN0P_/D
124	0.1778	RsDecodeEuclide.omegaInvReg[I]	RsDecodeEuclide.qNewReg[I]	RsDecodeEuclide.omegaInvReg[4]$_DFFE_PN0P_/Q	RsDecodeEuclide.qNewReg[4]$_DFFE_PN0P_/D
125	0.1851	RsDecodeEuclide.omegaInner_I[J]	RsDecodeEuclide.numShiftedReg[I]	RsDecodeEuclide.omegaInner_21[5]$_DFFE_PN0P_/Q	RsDecodeEuclide.numShiftedReg[0]$_DFFE_PN0P_/D
126	0.1853	RsDecodeChien.denomEIInvReg[J]	DataOutInner[I]	RsDecodeChien.denomE0InvReg[4]$_DFFE_PN0P_/Q	DataOutInner[4]$_DFF_PN0_/D
127	0.1875	RsDecodeErasure.epsilonReg_I[J]	RsDecodeErasure.epsilonReg_I[J]	RsDecodeErasure.epsilonReg_22[4]$_DFFE_PN0P_/Q	RsDecodeErasure.epsilonReg_22[4]$_DFFE_PN0P_/D
128	0.1899	RsDecodePolymul.count[I]	RsDecodeEuclide.lambdaXorReg_I[J]	RsDecodePolymul.count[1]$_DFFE_PN0P_/Q	RsDecodeEuclide.lambdaXorReg_12[2]$_DFFE_PN0P_/D
129	0.1901	RsDecodePolymul.count[I]	degreeEpsilonRegI[J]	RsDecodePolymul.count[1]$_DFFE_PN0P_/Q	degreeEpsilonReg2[0]$_DFFE_PN0P_/D
130	0.1901	RsDecodePolymul.count[I]	epsilonRegI_J[K]	RsDecodePolymul.count[1]$_DFFE_PN0P_/Q	epsilonReg2_10[7]$_DFFE_PN0P_/D
131	0.1940	RsDecodeEuclide.lambdaInner_I[J]	RsDecodeEuclide.lambdaXorReg_I[J]	RsDecodeEuclide.lambdaInner_20[7]$_DFFE_PN0P_/Q	RsDecodeEuclide.lambdaXorReg_20[3]$_DFFE_PN0P_/D
132	0.2015	RsDecodePolymul.count[I]	failErasureRegI	RsDecodePolymul.count[1]$_DFFE_PN0P_/Q	failErasureReg2$_DFFE_PN0P_/D
133	0.2039	RsDecodeDelay.writePointer[I]	RsDecodeDelay.RsDecodeDpRam.mem[I][J]	RsDecodeDelay.writePointer[1]$_DFFE_PN1P_/Q	RsDecodeDelay.RsDecodeDpRam.mem[111][0]$_DFFE_PP_/D
134	0.2043	RsDecodePolymul.count[I]	RsDecodeEuclide.lambdaInner_I[J]	RsDecodePolymul.count[1]$_DFFE_PN0P_/Q	RsDecodeEuclide.lambdaInner_16[2]$_DFFE_PN0P_/D
135	0.2044	RsDecodeDelay.RsDecodeDpRam.mem[I][J]	RsDecodeDelay.RsDecodeDpRam.q[I]	RsDecodeDelay.RsDecodeDpRam.mem[95][7]$_DFFE_PP_/Q	RsDecodeDelay.RsDecodeDpRam.q[7]$_DFFE_PP_/D
136	0.2080	RsDecodePolymul.count[I]	RsDecodeEuclide.omegaBkp_I[J]	RsDecodePolymul.count[1]$_DFFE_PN0P_/Q	RsDecodeEuclide.omegaBkp_20[0]$_DFFE_PN0P_/D
137	0.2088	RsDecodeSyndrome.count[I]	RsDecodePolymul.epsilonReg_I[J]	RsDecodeSyndrome.count[1]$_DFFE_PN0P_/Q	RsDecodePolymul.epsilonReg_19[4]$_DFFE_PN0P_/D
138	0.2104	RsDecodeEuclide.count[I]	RsDecodeEuclide.offset[I]	RsDecodeEuclide.count[1]$_DFFE_PN0P_/Q	RsDecodeEuclide.offset[2]$_DFFE_PN0P_/D
139	0.2161	degreeLambdaReg[I]	degreeErrorReg	degreeLambdaReg[0]$_DFFE_PN0P_/Q	degreeErrorReg$_DFFE_PN0P_/D
140	0.2164	RsDecodeErasure.powerReg[I]	RsDecodeErasure.powerReg[I]	RsDecodeErasure.powerReg[7]$_DFFE_PN0P_/Q	RsDecodeErasure.powerReg[4]$_DFFE_PN0P_/D
141	0.2182	RsDecodeChien.lambdaSumReg[I]	RsDecodeChien.denomEIReg[J]	RsDecodeChien.lambdaSumReg[5]$_DFFE_PN0P_/Q	RsDecodeChien.denomE1Reg[4]$_DFFE_PN0P_/D
142	0.2193	degreeEpsilonRegI[J]	degreeErrorReg	degreeEpsilonReg4[0]$_DFFE_PN0P_/Q	degreeErrorReg$_DFFE_PN0P_/D
143	0.2198	RsDecodeChien.epsilonOddReg[I]	RsDecodeChien.denomEIReg[J]	RsDecodeChien.epsilonOddReg[4]$_DFFE_PN0P_/Q	RsDecodeChien.denomE1Reg[4]$_DFFE_PN0P_/D
144	0.2206	RsDecodePolymul.count[I]	RsDecodeEuclide.lambdaBkp_I[J]	RsDecodePolymul.count[1]$_DFFE_PN0P_/Q	RsDecodeEuclide.lambdaBkp_13[6]$_DFFE_PN0P_/D
145	0.2213	RsDecodeSyndrome.count[I]	RsDecodePolymul.syndromeReg_I[J]	RsDecodeSyndrome.count[1]$_DFFE_PN0P_/Q	RsDecodePolymul.syndromeReg_13[0]$_DFFE_PN0P_/D
146	0.2233	RsDecodePolymul.count[I]	RsDecodeEuclide.numShiftedReg[I]	RsDecodePolymul.count[1]$_DFFE_PN0P_/Q	RsDecodeEuclide.numShiftedReg[0]$_DFFE_PN0P_/D
147	0.2302	RsDecodeChien.lambdaOddRegI[J]	DataOutInner[I]	RsDecodeChien.lambdaOddReg3[1]$_DFFE_PN0P_/Q	DataOutInner[0]$_DFF_PN0_/D
148	0.2319	RsDecodeChien.lambdaEvenRegI[J]	DataOutInner[I]	RsDecodeChien.lambdaEvenReg3[1]$_DFFE_PN0P_/Q	DataOutInner[0]$_DFF_PN0_/D
149	0.2338	degreeEpsilonReg[I]	RsDecodeEuclide.offset[I]	degreeEpsilonReg[2]$_DFFE_PN0P_/Q	RsDecodeEuclide.offset[2]$_DFFE_PN0P_/D
150	0.2388	RsDecodeEuclide.phase[I]	RsDecodeEuclide.omegaInner_I[J]	RsDecodeEuclide.phase[0]$_DFFE_PN0P_/QN	RsDecodeEuclide.omegaInner_21[6]$_DFFE_PN0P_/D
151	0.2391	RsDecodeEuclide.omegaBkp_I[J]	RsDecodeEuclide.omegaInner_I[J]	RsDecodeEuclide.omegaBkp_16[7]$_DFFE_PN0P_/Q	RsDecodeEuclide.omegaInner_17[7]$_DFFE_PN0P_/D
152	0.2396	RsDecodeEuclide.phase[I]	RsDecodeEuclide.lambdaBkp_I[J]	RsDecodeEuclide.phase[0]$_DFFE_PN0P_/QN	RsDecodeEuclide.lambdaBkp_13[3]$_DFFE_PN0P_/D
153	0.2463	RsDecodeEuclide.offset[I]	RsDecodeEuclide.lambdaXorReg_I[J]	RsDecodeEuclide.offset[0]$_DFFE_PN0P_/Q	RsDecodeEuclide.lambdaXorReg_12[2]$_DFFE_PN0P_/D
154	0.2476	RsDecodeSyndrome.reg_I[J]	RsDecodeSyndrome.reg_I[J]	RsDecodeSyndrome.reg_15[7]$_DFFE_PN0P_/Q	RsDecodeSyndrome.reg_15[3]$_DFFE_PN0P_/D
155	0.2489	RsDecodeEuclide.offset[I]	RsDecodeEuclide.lambdaBkp_I[J]	RsDecodeEuclide.offset[0]$_DFFE_PN0P_/Q	RsDecodeEuclide.lambdaBkp_13[3]$_DFFE_PN0P_/D
156	0.2495	RsDecodeEuclide.offset[I]	RsDecodeEuclide.omegaInner_I[J]	RsDecodeEuclide.offset[0]$_DFFE_PN0P_/Q	RsDecodeEuclide.omegaInner_21[6]$_DFFE_PN0P_/D
157	0.2504	RsDecodeEuclide.phase[I]	RsDecodeEuclide.omegaBkp_I[J]	RsDecodeEuclide.phase[0]$_DFFE_PN0P_/QN	RsDecodeEuclide.omegaBkp_0[1]$_DFFE_PN0P_/D
158	0.2549	RsDecodeEuclide.offset[I]	RsDecodeEuclide.lambdaInner_I[J]	RsDecodeEuclide.offset[0]$_DFFE_PN0P_/Q	RsDecodeEuclide.lambdaInner_16[2]$_DFFE_PN0P_/D
159	0.2570	RsDecodePolymul.count[I]	RsDecodeEuclide.offset[I]	RsDecodePolymul.count[1]$_DFFE_PN0P_/Q	RsDecodeEuclide.offset[0]$_DFFE_PN0P_/D
160	0.2578	RsDecodeSyndrome.count[I]	RsDecodePolymul.count[I]	RsDecodeSyndrome.count[1]$_DFFE_PN0P_/Q	RsDecodePolymul.count[2]$_DFFE_PN0P_/D
161	0.2585	RsDecodeEuclide.count[I]	lambdaReg_I[J]	RsDecodeEuclide.count[3]$_DFFE_PN0P_/Q	lambdaReg_14[2]$_DFFE_PN0P_/D
162	0.2597	RsDecodeEuclide.offset[I]	RsDecodeEuclide.omegaBkp_I[J]	RsDecodeEuclide.offset[0]$_DFFE_PN0P_/Q	RsDecodeEuclide.omegaBkp_0[1]$_DFFE_PN0P_/D
163	0.2627	RsDecodeEuclide.phase[I]	RsDecodeEuclide.lambdaInner_I[J]	RsDecodeEuclide.phase[0]$_DFFE_PN0P_/QN	RsDecodeEuclide.lambdaInner_16[2]$_DFFE_PN0P_/D
164	0.2628	RsDecodePolymul.count[I]	RsDecodePolymul.count[I]	RsDecodePolymul.count[1]$_DFFE_PN0P_/Q	RsDecodePolymul.count[2]$_DFFE_PN0P_/D
165	0.2642	RsDecodeEuclide.euclideSteps[I]	RsDecodeEuclide.offset[I]	RsDecodeEuclide.euclideSteps[1]$_DFFE_PN0P_/QN	RsDecodeEuclide.offset[2]$_DFFE_PN0P_/D
166	0.2654	omegaReg_I[J]	omegaShiftedReg_I[J]	omegaReg_20[5]$_DFFE_PN0P_/Q	omegaShiftedReg_3[5]$_DFFE_PN0P_/D
167	0.2657	RsDecodeEuclide.omegaInner_I[J]	omegaReg_I[J]	RsDecodeEuclide.omegaInner_21[5]$_DFFE_PN0P_/Q	omegaReg_21[5]$_DFFE_PN0P_/D
168	0.2715	RsDecodeEuclide.phase[I]	RsDecodeEuclide.numShiftedReg[I]	RsDecodeEuclide.phase[0]$_DFFE_PN0P_/QN	RsDecodeEuclide.numShiftedReg[0]$_DFFE_PN0P_/D
169	0.2741	RsDecodeEuclide.lambdaXorReg_I[J]	RsDecodeEuclide.lambdaInner_I[J]	RsDecodeEuclide.lambdaXorReg_0[5]$_DFFE_PN0P_/Q	RsDecodeEuclide.lambdaInner_1[5]$_DFFE_PN0P_/D
170	0.2756	RsDecodeEuclide.count[I]	omegaReg_I[J]	RsDecodeEuclide.count[3]$_DFFE_PN0P_/Q	omegaReg_14[4]$_DFFE_PN0P_/D
171	0.2756	RsDecodeEuclide.count[I]	degreeEpsilonRegI[J]	RsDecodeEuclide.count[3]$_DFFE_PN0P_/Q	degreeEpsilonReg3[0]$_DFFE_PN0P_/D
172	0.2756	RsDecodeEuclide.count[I]	epsilonRegI_J[K]	RsDecodeEuclide.count[3]$_DFFE_PN0P_/Q	epsilonReg3_0[0]$_DFFE_PN0P_/D
173	0.2756	RsDecodeEuclide.count[I]	numShiftedReg[I]	RsDecodeEuclide.count[3]$_DFFE_PN0P_/Q	numShiftedReg[0]$_DFFE_PN0P_/D
174	0.2770	RsDecodeChien.lambdaReg_I[J]	RsDecodeChien.lambdaSumReg[I]	RsDecodeChien.lambdaReg_4[6]$_DFFE_PN0P_/Q	RsDecodeChien.lambdaSumReg[6]$_DFFE_PN0P_/D
175	0.2786	RsDecodeChien.denomEIReg[J]	RsDecodeChien.denomEIReg[J]	RsDecodeChien.denomE1Reg[4]$_DFFE_PN0P_/Q	RsDecodeChien.denomE1Reg[4]$_DFFE_PN0P_/D
176	0.2805	RsDecodePolymul.count[I]	RsDecodeEuclide.euclideSteps[I]	RsDecodePolymul.count[1]$_DFFE_PN0P_/Q	RsDecodeEuclide.euclideSteps[0]$_DFFE_PN0P_/D
177	0.2830	RsDecodeEuclide.offset[I]	RsDecodeEuclide.numShiftedReg[I]	RsDecodeEuclide.offset[0]$_DFFE_PN0P_/Q	RsDecodeEuclide.numShiftedReg[0]$_DFFE_PN0P_/D
178	0.2884	RsDecodeEuclide.phase[I]	RsDecodeEuclide.lambdaXorReg_I[J]	RsDecodeEuclide.phase[1]$_DFFE_PN0P_/QN	RsDecodeEuclide.lambdaXorReg_18[1]$_DFFE_PN0P_/D
179	0.2892	RsDecodePolymul.count[I]	RsDecodeEuclide.count[I]	RsDecodePolymul.count[1]$_DFFE_PN0P_/Q	RsDecodeEuclide.count[1]$_DFFE_PN0P_/D
180	0.2917	RsDecodeSyndrome.count[I]	RsDecodeSyndrome.count[I]	RsDecodeSyndrome.count[1]$_DFFE_PN0P_/Q	RsDecodeSyndrome.count[2]$_DFFE_PN0P_/D
181	0.2923	RsDecodeChien.lambdaReg_I[J]	RsDecodeChien.lambdaReg_I[J]	RsDecodeChien.lambdaReg_19[3]$_DFFE_PN0P_/Q	RsDecodeChien.lambdaReg_19[1]$_DFFE_PN0P_/D
182	0.2929	RsDecodeChien.omegaReg_I[J]	RsDecodeChien.omegaSumReg[I]	RsDecodeChien.omegaReg_21[0]$_DFFE_PN0P_/Q	RsDecodeChien.omegaSumReg[0]$_DFFE_PN0P_/D
183	0.2942	RsDecodeEuclide.count[I]	doneShift	RsDecodeEuclide.count[3]$_DFFE_PN0P_/Q	doneShift$_DFFE_PN0P_/D
184	0.2959	RsDecodeChien.count[I]	RsDecodeChien.numErrorRegI[J]	RsDecodeChien.count[1]$_DFFE_PN0P_/Q	RsDecodeChien.numErrorReg2[0]$_DFFE_PN0P_/D
185	0.2959	RsDecodeChien.count[I]	degreeEpsilonRegI[J]	RsDecodeChien.count[1]$_DFFE_PN0P_/Q	degreeEpsilonReg5[0]$_DFFE_PN0P_/D
186	0.2981	RsDecodeChien.omegaReg_I[J]	RsDecodeChien.omegaReg_I[J]	RsDecodeChien.omegaReg_18[4]$_DFFE_PN0P_/Q	RsDecodeChien.omegaReg_18[3]$_DFFE_PN0P_/D
187	0.3016	RsDecodeEuclide.qNewReg[I]	RsDecodeEuclide.qNewReg[I]	RsDecodeEuclide.qNewReg[4]$_DFFE_PN0P_/Q	RsDecodeEuclide.qNewReg[4]$_DFFE_PN0P_/D
188	0.3020	omegaShiftedReg_I[J]	RsDecodeChien.omegaReg_I[J]	omegaShiftedReg_15[6]$_DFFE_PN0P_/Q	RsDecodeChien.omegaReg_15[5]$_DFFE_PN0P_/D
189	0.3040	lambdaRegI_J[K]	RsDecodeChien.lambdaReg_I[J]	lambdaReg2_15[6]$_DFFE_PN0P_/Q	RsDecodeChien.lambdaReg_15[5]$_DFFE_PN0P_/D
190	0.3040	epsilonRegI_J[K]	RsDecodeChien.epsilonReg_I[J]	epsilonReg3_15[6]$_DFFE_PN0P_/Q	RsDecodeChien.epsilonReg_15[5]$_DFFE_PN0P_/D
191	0.3058	RsDecodeChien.epsilonReg_I[J]	RsDecodeChien.epsilonReg_I[J]	RsDecodeChien.epsilonReg_15[6]$_DFFE_PN0P_/Q	RsDecodeChien.epsilonReg_15[5]$_DFFE_PN0P_/D
192	0.3067	doneShiftReg	RsDecodeChien.epsilonReg_I[J]	doneShiftReg$_DFFE_PN0P_/Q	RsDecodeChien.epsilonReg_12[3]$_DFFE_PN0P_/D
193	0.3067	doneShiftReg	RsDecodeChien.lambdaReg_I[J]	doneShiftReg$_DFFE_PN0P_/Q	RsDecodeChien.lambdaReg_16[1]$_DFFE_PN0P_/D
194	0.3085	RsDecodeChien.epsilonReg_I[J]	RsDecodeChien.epsilonSumReg[I]	RsDecodeChien.epsilonReg_21[0]$_DFFE_PN0P_/Q	RsDecodeChien.epsilonSumReg[0]$_DFFE_PN0P_/D
195	0.3119	RsDecodeEuclide.lambdaBkp_I[J]	RsDecodeEuclide.lambdaInner_I[J]	RsDecodeEuclide.lambdaBkp_21[6]$_DFFE_PN0P_/Q	RsDecodeEuclide.lambdaInner_21[6]$_DFFE_PN0P_/D
196	0.3144	doneShiftReg	RsDecodeChien.omegaReg_I[J]	doneShiftReg$_DFFE_PN0P_/Q	RsDecodeChien.omegaReg_10[0]$_DFFE_PN0P_/D
197	0.3148	RsDecodeChien.count[I]	RsDecodeChien.count[I]	RsDecodeChien.count[1]$_DFFE_PN0P_/Q	RsDecodeChien.count[4]$_DFFE_PN0P_/D
198	0.3153	RsDecodeEuclide.count[I]	failErasureRegI	RsDecodeEuclide.count[3]$_DFFE_PN0P_/Q	failErasureReg3$_DFFE_PN0P_/D
199	0.3157	RsDecodeDelay.RsDecodeDpRam.q[I]	DataOutInner[I]	RsDecodeDelay.RsDecodeDpRam.q[8]$_DFFE_PP_/Q	DataOutInner[0]$_DFF_PN0_/D
200	0.3162	RsDecodeErasure.count[I]	epsilonReg_I[J]	RsDecodeErasure.count[1]$_DFFE_PN0P_/Q	epsilonReg_11[6]$_DFFE_PN0P_/D
201	0.3162	RsDecodeErasure.count[I]	degreeEpsilonReg[I]	RsDecodeErasure.count[1]$_DFFE_PN0P_/Q	degreeEpsilonReg[0]$_DFFE_PN0P_/D
202	0.3182	RsDecodeEuclide.lambdaXorReg_I[J]	RsDecodeEuclide.lambdaXorReg_I[J]	RsDecodeEuclide.lambdaXorReg_9[3]$_DFFE_PN0P_/Q	RsDecodeEuclide.lambdaXorReg_10[3]$_DFFE_PN0P_/D
203	0.3194	RsDecodeEuclide.omegaBkp_I[J]	RsDecodeEuclide.omegaBkp_I[J]	RsDecodeEuclide.omegaBkp_20[6]$_DFFE_PN0P_/Q	RsDecodeEuclide.omegaBkp_21[6]$_DFFE_PN0P_/D
204	0.3199	RsDecodeEuclide.offset[I]	RsDecodeEuclide.offset[I]	RsDecodeEuclide.offset[0]$_DFFE_PN0P_/Q	RsDecodeEuclide.offset[1]$_DFFE_PN0P_/D
205	0.3214	RsDecodeErasure.count[I]	RsDecodeErasure.count[I]	RsDecodeErasure.count[4]$_DFFE_PN0P_/Q	RsDecodeErasure.count[2]$_DFFE_PN0P_/D
206	0.3247	degreeEpsilonReg[I]	RsDecodeEuclide.euclideSteps[I]	degreeEpsilonReg[1]$_DFFE_PN0P_/Q	RsDecodeEuclide.euclideSteps[3]$_DFFE_PN0P_/D
207	0.3255	RsDecodeErasure.count[I]	failErasureReg	RsDecodeErasure.count[1]$_DFFE_PN0P_/Q	failErasureReg$_DFFE_PN0P_/D
208	0.3259	RsDecodeDelay.writePointer[I]	RsDecodeDelay.writePointer[I]	RsDecodeDelay.writePointer[1]$_DFFE_PN1P_/Q	RsDecodeDelay.writePointer[8]$_DFFE_PN1P_/D
209	0.3266	doneShiftReg	RsDecodeChien.count[I]	doneShiftReg$_DFFE_PN0P_/Q	RsDecodeChien.count[3]$_DFFE_PN0P_/D
210	0.3273	RsDecodeChien.count[I]	doneReg[I]	RsDecodeChien.count[1]$_DFFE_PN0P_/Q	doneReg[2]$_DFFE_PN0P_/D
211	0.3327	doneShiftReg	RsDecodeChien.numErrorReg[I]	doneShiftReg$_DFFE_PN0P_/Q	RsDecodeChien.numErrorReg[2]$_DFFE_PN0P_/D
212	0.3338	RsDecodePolymul.count[I]	RsDecodeEuclide.phase[I]	RsDecodePolymul.count[1]$_DFFE_PN0P_/Q	RsDecodeEuclide.phase[0]$_DFFE_PN0P_/D
213	0.3340	RsDecodeChien.lambdaReg_I[J]	RsDecodeChien.lambdaOddReg[I]	RsDecodeChien.lambdaReg_21[0]$_DFFE_PN0P_/Q	RsDecodeChien.lambdaOddReg[0]$_DFFE_PN0P_/D
214	0.3342	RsDecodeChien.epsilonReg_I[J]	RsDecodeChien.epsilonOddReg[I]	RsDecodeChien.epsilonReg_21[0]$_DFFE_PN0P_/Q	RsDecodeChien.epsilonOddReg[0]$_DFFE_PN0P_/D
215	0.3342	RsDecodeChien.lambdaReg_I[J]	RsDecodeChien.lambdaEvenReg[I]	RsDecodeChien.lambdaReg_4[6]$_DFFE_PN0P_/Q	RsDecodeChien.lambdaEvenReg[6]$_DFFE_PN0P_/D
216	0.3379	RsDecodePolymul.sumReg_I[J]	RsDecodePolymul.sumReg_I[J]	RsDecodePolymul.sumReg_14[6]$_DFFE_PN0P_/Q	RsDecodePolymul.sumReg_15[6]$_DFFE_PN0P_/D
217	0.3414	RsDecodeDelay.readPointer[I]	RsDecodeDelay.readPointer[I]	RsDecodeDelay.readPointer[1]$_DFFE_PN0P_/Q	RsDecodeDelay.readPointer[8]$_DFFE_PN0P_/D
218	0.3477	doneShiftReg	degreeLambdaReg[I]	doneShiftReg$_DFFE_PN0P_/Q	degreeLambdaReg[3]$_DFFE_PN0P_/D
219	0.3477	doneShiftReg	degreeOmegaReg[I]	doneShiftReg$_DFFE_PN0P_/Q	degreeOmegaReg[3]$_DFFE_PN0P_/D
220	0.3492	DelayedDataOutInner[I]	delayedData[I]	DelayedDataOutInner[0]$_DFF_PN0_/Q	delayedData[0]
221	0.3492	numErasureRegInner[I]	erasureNum[I]	numErasureRegInner[0]$_DFF_PN0_/Q	erasureNum[0]
222	0.3492	numErrorRegInner[I]	errorNum[I]	numErrorRegInner[0]$_DFF_PN0_/Q	errorNum[0]
223	0.3492	failRegInner	fail	failRegInner$_DFF_PN0_/Q	fail
224	0.3492	DataOutInner[I]	outData[I]	DataOutInner[0]$_DFF_PN0_/Q	outData[0]
225	0.3492	doneRegInner	outDone	doneRegInner$_DFF_PN0_/Q	outDone
226	0.3492	OutputValidRegInner	outEnable	OutputValidRegInner$_DFF_PN0_/Q	outEnable
227	0.3492	startRegInner	outStartPls	startRegInner$_DFF_PN0_/Q	outStartPls
228	0.3524	RsDecodeEuclide.count[I]	RsDecodeEuclide.count[I]	RsDecodeEuclide.count[3]$_DFFE_PN0P_/Q	RsDecodeEuclide.count[1]$_DFFE_PN0P_/D
229	0.3769	RsDecodeEuclide.phase[I]	RsDecodeEuclide.offset[I]	RsDecodeEuclide.phase[0]$_DFFE_PN0P_/QN	RsDecodeEuclide.offset[0]$_DFFE_PN0P_/D
230	0.3783	doneShiftReg	doneShiftReg	doneShiftReg$_DFFE_PN0P_/Q	doneShiftReg$_DFFE_PN0P_/D
231	0.3843	RsDecodeChien.numErrorRegI[J]	failReg	RsDecodeChien.numErrorReg2[3]$_DFFE_PN0P_/Q	failReg$_DFFE_PN0P_/D
232	0.3905	RsDecodeErasure.erasureCount[I]	RsDecodeErasure.erasureCount[I]	RsDecodeErasure.erasureCount[2]$_DFFE_PN0P_/Q	RsDecodeErasure.erasureCount[5]$_DFFE_PN0P_/D
233	0.3922	omegaReg_I[J]	omegaReg_I[J]	omegaReg_21[2]$_DFFE_PN0P_/Q	omegaReg_21[2]$_DFFE_PN0P_/D
234	0.3929	numErrorLambdaReg[I]	failReg	numErrorLambdaReg[3]$_DFFE_PN0P_/Q	failReg$_DFFE_PN0P_/D
235	0.3950	RsDecodeErasure.epsilonReg_I[J]	RsDecodePolymul.epsilonReg_I[J]	RsDecodeErasure.epsilonReg_11[6]$_DFFE_PN0P_/Q	RsDecodePolymul.epsilonReg_12[6]$_DFFE_PN0P_/D
236	0.3967	degreeOmegaReg[I]	degreeErrorReg	degreeOmegaReg[1]$_DFFE_PN0P_/Q	degreeErrorReg$_DFFE_PN0P_/D
237	0.4014	RsDecodeChien.numErrorReg[I]	RsDecodeChien.numErrorRegI[J]	RsDecodeChien.numErrorReg[1]$_DFFE_PN0P_/Q	RsDecodeChien.numErrorReg2[2]$_DFFE_PN0P_/D
238	0.4055	lambdaReg_I[J]	lambdaStepIReg_J[K]	lambdaReg_7[3]$_DFFE_PN0P_/Q	lambdaStep01Reg_1[2]$_DFFE_PN0P_/D
239	0.4065	enable	enableFF	enable	enableFF$_DFF_PN0_/D
240	0.4069	enable	RsDecodeDelay.RsDecodeDpRam.rRdEn	enable	RsDecodeDelay.RsDecodeDpRam.rRdEn$_DFF_P_/D
241	0.4079	RsDecodeEuclide.numShiftedReg[I]	RsDecodeEuclide.numShiftedReg[I]	RsDecodeEuclide.numShiftedReg[1]$_DFFE_PN0P_/Q	RsDecodeEuclide.numShiftedReg[4]$_DFFE_PN0P_/D
242	0.4120	doneShiftReg	degreeEpsilonRegI[J]	doneShiftReg$_DFFE_PN0P_/Q	degreeEpsilonReg4[0]$_DFFE_PN0P_/D
243	0.4430	RsDecodeChien.numeRegI[J]	RsDecodeChien.numeRegI[J]	RsDecodeChien.numeReg2[6]$_DFFE_PN0P_/Q	RsDecodeChien.numeReg2[6]$_DFFE_PN0P_/D
244	0.4432	RsDecodeErasure.erasureCount[I]	failErasureReg	RsDecodeErasure.erasureCount[2]$_DFFE_PN0P_/Q	failErasureReg$_DFFE_PN0P_/D
245	0.4489	RsDecodeEuclide.lambdaInner_I[J]	lambdaReg_I[J]	RsDecodeEuclide.lambdaInner_11[6]$_DFFE_PN0P_/Q	lambdaReg_11[6]$_DFFE_PN0P_/D
246	0.4504	doneShiftReg	startReg[I]	doneShiftReg$_DFFE_PN0P_/Q	startReg[3]$_DFFE_PN0P_/D
247	0.4507	RsDecodeErasure.epsilonReg_I[J]	epsilonReg_I[J]	RsDecodeErasure.epsilonReg_11[6]$_DFFE_PN0P_/Q	epsilonReg_11[6]$_DFFE_PN0P_/D
248	0.4521	RsDecodeEuclide.lambdaInner_I[J]	RsDecodeEuclide.lambdaBkp_I[J]	RsDecodeEuclide.lambdaInner_11[6]$_DFFE_PN0P_/Q	RsDecodeEuclide.lambdaBkp_11[6]$_DFFE_PN0P_/D
249	0.4544	RsDecodeDelay.RsDecodeDpRam.rRdEn	RsDecodeDelay.RsDecodeDpRam.q[I]	RsDecodeDelay.RsDecodeDpRam.rRdEn$_DFF_P_/Q	RsDecodeDelay.RsDecodeDpRam.q[0]$_DFFE_PP_/D
250	0.4593	doneReg[I]	numErasureReg[I]	doneReg[0]$_DFFE_PN0P_/Q	numErasureReg[0]$_DFFE_PN0P_/D
251	0.4593	doneReg[I]	numErrorReg[I]	doneReg[0]$_DFFE_PN0P_/Q	numErrorReg[0]$_DFFE_PN0P_/D
252	0.4596	degreeEpsilonReg[I]	degreeEpsilonReg[I]	degreeEpsilonReg[4]$_DFFE_PN0P_/Q	degreeEpsilonReg[4]$_DFFE_PN0P_/D
253	0.4598	degreeEpsilonReg[I]	degreeEpsilonRegI[J]	degreeEpsilonReg[4]$_DFFE_PN0P_/Q	degreeEpsilonReg2[4]$_DFFE_PN0P_/D
254	0.4656	numShiftedReg[I]	numShiftedReg[I]	numShiftedReg[2]$_DFFE_PN0P_/Q	numShiftedReg[2]$_DFFE_PN0P_/D
255	0.4770	RsDecodePolymul.syndromeReg_I[J]	RsDecodePolymul.syndromeReg_I[J]	RsDecodePolymul.syndromeReg_11[6]$_DFFE_PN0P_/Q	RsDecodePolymul.syndromeReg_11[6]$_DFFE_PN0P_/D
256	0.4811	doneShiftReg	failErasureRegI	doneShiftReg$_DFFE_PN0P_/Q	failErasureReg4$_DFFE_PN0P_/D
257	0.4837	doneReg[I]	OutputValidReg	doneReg[0]$_DFFE_PN0P_/Q	OutputValidReg$_DFFE_PN0P_/D
258	0.4861	RsDecodeSyndrome.reg_I[J]	RsDecodePolymul.sumReg_I[J]	RsDecodeSyndrome.reg_14[1]$_DFFE_PN0P_/Q	RsDecodePolymul.sumReg_14[1]$_DFFE_PN0P_/D
259	0.4896	RsDecodeEuclide.phase[I]	RsDecodeEuclide.phase[I]	RsDecodeEuclide.phase[1]$_DFFE_PN0P_/Q	RsDecodeEuclide.phase[0]$_DFFE_PN0P_/D
260	0.4939	startReg[I]	failErasureRegI	startReg[1]$_DFFE_PN0P_/Q	failErasureReg5$_DFFE_PN0P_/D
261	0.4939	startReg[I]	numErrorLambdaReg[I]	startReg[1]$_DFFE_PN0P_/Q	numErrorLambdaReg[0]$_DFFE_PN0P_/D
262	0.4999	RsDecodeEuclide.omegaInvReg[I]	RsDecodeEuclide.omegaInvReg[I]	RsDecodeEuclide.omegaInvReg[6]$_DFFE_PN0P_/Q	RsDecodeEuclide.omegaInvReg[6]$_DFFE_PN0P_/D
263	0.5001	RsDecodeEuclide.omegaBkpReg[I]	RsDecodeEuclide.omegaBkpReg[I]	RsDecodeEuclide.omegaBkpReg[7]$_DFFE_PN0P_/Q	RsDecodeEuclide.omegaBkpReg[7]$_DFFE_PN0P_/D
264	0.5009	RsDecodeChien.lambdaOddReg[I]	RsDecodeChien.lambdaOddReg[I]	RsDecodeChien.lambdaOddReg[7]$_DFFE_PN0P_/Q	RsDecodeChien.lambdaOddReg[7]$_DFFE_PN0P_/D
265	0.5012	RsDecodeChien.lambdaOddReg[I]	RsDecodeChien.lambdaOddRegI[J]	RsDecodeChien.lambdaOddReg[7]$_DFFE_PN0P_/Q	RsDecodeChien.lambdaOddReg2[7]$_DFFE_PN0P_/D
266	0.5014	RsDecodePolymul.epsilonReg_I[J]	RsDecodePolymul.epsilonReg_I[J]	RsDecodePolymul.epsilonReg_1[0]$_DFFE_PN0P_/Q	RsDecodePolymul.epsilonReg_2[0]$_DFFE_PN0P_/D
267	0.5020	RsDecodeSyndrome.reg_I[J]	RsDecodePolymul.syndromeReg_I[J]	RsDecodeSyndrome.reg_5[7]$_DFFE_PN0P_/Q	RsDecodePolymul.syndromeReg_5[7]$_DFFE_PN0P_/D
268	0.5026	startReg[I]	degreeErrorReg	startReg[1]$_DFFE_PN0P_/Q	degreeErrorReg$_DFFE_PN0P_/D
269	0.5047	RsDecodeChien.epsilonSumReg[I]	RsDecodeChien.epsilonSumReg[I]	RsDecodeChien.epsilonSumReg[7]$_DFFE_PN0P_/Q	RsDecodeChien.epsilonSumReg[7]$_DFFE_PN0P_/D
270	0.5147	RsDecodeChien.epsilonOddReg[I]	RsDecodeChien.epsilonOddReg[I]	RsDecodeChien.epsilonOddReg[0]$_DFFE_PN0P_/Q	RsDecodeChien.epsilonOddReg[0]$_DFFE_PN0P_/D
271	0.5151	RsDecodeChien.lambdaSumReg[I]	RsDecodeChien.lambdaSumReg[I]	RsDecodeChien.lambdaSumReg[0]$_DFFE_PN0P_/Q	RsDecodeChien.lambdaSumReg[0]$_DFFE_PN0P_/D
272	0.5156	RsDecodeDelay.RsDecodeDpRam.q[I]	RsDecodeDelay.RsDecodeDpRam.q[I]	RsDecodeDelay.RsDecodeDpRam.q[8]$_DFFE_PP_/Q	RsDecodeDelay.RsDecodeDpRam.q[8]$_DFFE_PP_/D
273	0.5158	epsilonRegI_J[K]	epsilonRegI_J[K]	epsilonReg3_21[0]$_DFFE_PN0P_/Q	epsilonReg3_21[0]$_DFFE_PN0P_/D
274	0.5161	lambdaRegI_J[K]	lambdaRegI_J[K]	lambdaReg2_21[0]$_DFFE_PN0P_/Q	lambdaReg2_21[0]$_DFFE_PN0P_/D
275	0.5199	omegaShiftedReg_I[J]	omegaShiftedReg_I[J]	omegaShiftedReg_13[0]$_DFFE_PN0P_/Q	omegaShiftedReg_13[0]$_DFFE_PN0P_/D
276	0.5227	RsDecodeErasure.erasureCount[I]	degreeEpsilonReg[I]	RsDecodeErasure.erasureCount[3]$_DFFE_PN0P_/Q	degreeEpsilonReg[3]$_DFFE_PN0P_/D
277	0.5255	doneReg[I]	failReg	doneReg[0]$_DFFE_PN0P_/Q	failReg$_DFFE_PN0P_/D
278	0.5261	startReg[I]	startReg[I]	startReg[1]$_DFFE_PN0P_/Q	startReg[0]$_DFFE_PN0P_/D
279	0.5358	startReg[I]	OutputValidReg	startReg[1]$_DFFE_PN0P_/Q	OutputValidReg$_DFFE_PN0P_/D
280	0.5452	degreeLambdaReg[I]	degreeLambdaReg[I]	degreeLambdaReg[1]$_DFFE_PN0P_/Q	degreeLambdaReg[1]$_DFFE_PN0P_/D
281	0.5452	omegaStepIReg_J[K]	omegaStepIReg_J[K]	omegaStep01Reg_0[0]$_DFFE_PN0P_/Q	omegaStep01Reg_0[0]$_DFFE_PN0P_/D
282	0.5453	degreeEpsilonRegI[J]	degreeEpsilonRegI[J]	degreeEpsilonReg4[1]$_DFFE_PN0P_/Q	degreeEpsilonReg4[1]$_DFFE_PN0P_/D
283	0.5455	degreeLambdaReg[I]	numErrorLambdaReg[I]	degreeLambdaReg[1]$_DFFE_PN0P_/Q	numErrorLambdaReg[1]$_DFFE_PN0P_/D
284	0.5483	RsDecodePolymul.sumReg_I[J]	RsDecodeEuclide.omegaInner_I[J]	RsDecodePolymul.sumReg_17[7]$_DFFE_PN0P_/Q	RsDecodeEuclide.omegaInner_17[7]$_DFFE_PN0P_/D
285	0.5490	RsDecodeEuclide.numShiftedReg[I]	numShiftedReg[I]	RsDecodeEuclide.numShiftedReg[1]$_DFFE_PN0P_/Q	numShiftedReg[1]$_DFFE_PN0P_/D
286	0.5509	failErasureRegI	failReg	failErasureReg5$_DFFE_PN0P_/QN	failReg$_DFFE_PN0P_/D
287	0.5525	lambdaStepIReg_J[K]	lambdaStepIReg_J[K]	lambdaStep01Reg_5[0]$_DFFE_PN0P_/Q	lambdaStep01Reg_5[0]$_DFFE_PN0P_/D
288	0.5525	RsDecodeChien.numErrorRegI[J]	numErrorReg[I]	RsDecodeChien.numErrorReg2[3]$_DFFE_PN0P_/Q	numErrorReg[3]$_DFFE_PN0P_/D
289	0.5534	RsDecodeChien.numErrorRegI[J]	RsDecodeChien.numErrorRegI[J]	RsDecodeChien.numErrorReg2[0]$_DFFE_PN0P_/Q	RsDecodeChien.numErrorReg2[0]$_DFFE_PN0P_/D
290	0.5539	degreeOmegaReg[I]	degreeOmegaReg[I]	degreeOmegaReg[1]$_DFFE_PN0P_/Q	degreeOmegaReg[1]$_DFFE_PN0P_/D
291	0.5542	RsDecodeEuclide.euclideSteps[I]	RsDecodeEuclide.euclideSteps[I]	RsDecodeEuclide.euclideSteps[0]$_DFFE_PN0P_/Q	RsDecodeEuclide.euclideSteps[0]$_DFFE_PN0P_/D
292	0.5552	degreeErrorReg	failReg	degreeErrorReg$_DFFE_PN0P_/QN	failReg$_DFFE_PN0P_/D
293	0.5553	doneReg[I]	doneReg[I]	doneReg[0]$_DFFE_PN0P_/Q	doneReg[0]$_DFFE_PN0P_/D
294	0.5556	RsDecodeChien.lambdaOddRegI[J]	RsDecodeChien.lambdaOddRegI[J]	RsDecodeChien.lambdaOddReg3[5]$_DFFE_PN0P_/Q	RsDecodeChien.lambdaOddReg3[5]$_DFFE_PN0P_/D
295	0.5558	numErrorLambdaReg[I]	numErrorLambdaReg[I]	numErrorLambdaReg[0]$_DFFE_PN0P_/Q	numErrorLambdaReg[0]$_DFFE_PN0P_/D
296	0.5561	RsDecodeChien.lambdaEvenRegI[J]	RsDecodeChien.lambdaEvenRegI[J]	RsDecodeChien.lambdaEvenReg3[5]$_DFFE_PN0P_/Q	RsDecodeChien.lambdaEvenReg3[5]$_DFFE_PN0P_/D
297	0.5572	RsDecodeEuclide.omegaBkp_I[J]	RsDecodeEuclide.omegaBkpReg[I]	RsDecodeEuclide.omegaBkp_21[0]$_DFFE_PN0P_/Q	RsDecodeEuclide.omegaBkpReg[0]$_DFFE_PN0P_/D
298	0.5572	doneShift	doneShiftReg	doneShift$_DFFE_PN0P_/Q	doneShiftReg$_DFFE_PN0P_/D
299	0.5576	failErasureReg	failErasureRegI	failErasureReg$_DFFE_PN0P_/Q	failErasureReg2$_DFFE_PN0P_/D
300	0.5583	failReg	failReg	failReg$_DFFE_PN0P_/Q	failReg$_DFFE_PN0P_/D
301	0.5583	numErasureReg[I]	numErasureReg[I]	numErasureReg[0]$_DFFE_PN0P_/Q	numErasureReg[0]$_DFFE_PN0P_/D
302	0.5583	numErrorReg[I]	numErrorReg[I]	numErrorReg[0]$_DFFE_PN0P_/Q	numErrorReg[0]$_DFFE_PN0P_/D
303	0.5586	RsDecodeChien.omegaSumReg[I]	RsDecodeChien.numeReg[I]	RsDecodeChien.omegaSumReg[0]$_DFFE_PN0P_/Q	RsDecodeChien.numeReg[0]$_DFFE_PN0P_/D
304	0.5586	failErasureRegI	failErasureRegI	failErasureReg2$_DFFE_PN0P_/Q	failErasureReg2$_DFFE_PN0P_/D
305	0.5590	RsDecodeChien.omegaSumReg[I]	RsDecodeChien.omegaSumReg[I]	RsDecodeChien.omegaSumReg[0]$_DFFE_PN0P_/Q	RsDecodeChien.omegaSumReg[0]$_DFFE_PN0P_/D
306	0.5590	degreeEpsilonRegI[J]	numErasureReg[I]	degreeEpsilonReg5[0]$_DFFE_PN0P_/Q	numErasureReg[0]$_DFFE_PN0P_/D
307	0.5644	RsDecodeDelay.RsDecodeDpRam.mem[I][J]	RsDecodeDelay.RsDecodeDpRam.mem[I][J]	RsDecodeDelay.RsDecodeDpRam.mem[320][0]$_DFFE_PP_/Q	RsDecodeDelay.RsDecodeDpRam.mem[320][0]$_DFFE_PP_/D
308	0.5717	RsDecodeDelay.readPointer[I]	RsDecodeDelay.RsDecodeDpRam.rRdAddr[I]	RsDecodeDelay.readPointer[1]$_DFFE_PN0P_/Q	RsDecodeDelay.RsDecodeDpRam.rRdAddr[1]$_DFF_P_/D
309	0.5719	RsDecodeEuclide.lambdaBkp_I[J]	RsDecodeEuclide.lambdaBkp_I[J]	RsDecodeEuclide.lambdaBkp_14[0]$_DFFE_PN0P_/Q	RsDecodeEuclide.lambdaBkp_14[0]$_DFFE_PN0P_/D
310	0.5730	degreeErrorReg	degreeErrorReg	degreeErrorReg$_DFFE_PN0P_/Q	degreeErrorReg$_DFFE_PN0P_/D
311	0.5732	doneShift	doneShift	doneShift$_DFFE_PN0P_/Q	doneShift$_DFFE_PN0P_/D
312	0.5750	OutputValidReg	OutputValidReg	OutputValidReg$_DFFE_PN0P_/Q	OutputValidReg$_DFFE_PN0P_/D
313	0.5759	OutputValidReg	OutputValidRegInner	OutputValidReg$_DFFE_PN0P_/Q	OutputValidRegInner$_DFF_PN0_/D
314	0.5803	enableFF	OutputValidRegInner	enableFF$_DFF_PN0_/Q	OutputValidRegInner$_DFF_PN0_/D
315	0.6005	doneReg[I]	doneRegInner	doneReg[0]$_DFFE_PN0P_/Q	doneRegInner$_DFF_PN0_/D
316	0.6032	startReg[I]	startRegInner	startReg[0]$_DFFE_PN0P_/Q	startRegInner$_DFF_PN0_/D
317	0.6054	failReg	failRegInner	failReg$_DFFE_PN0P_/Q	failRegInner$_DFF_PN0_/D
318	0.6054	numErasureReg[I]	numErasureRegInner[I]	numErasureReg[0]$_DFFE_PN0P_/Q	numErasureRegInner[0]$_DFF_PN0_/D
319	0.6054	numErrorReg[I]	numErrorRegInner[I]	numErrorReg[0]$_DFFE_PN0P_/Q	numErrorRegInner[0]$_DFF_PN0_/D
320	0.6125	RsDecodeDelay.RsDecodeDpRam.q[I]	DelayedDataOutInner[I]	RsDecodeDelay.RsDecodeDpRam.q[7]$_DFFE_PP_/Q	DelayedDataOutInner[7]$_DFF_PN0_/D
