# stage	1_synth
# top_module	fpu
# top_n	100
# kind	blocks
# skip_async	1
# include_full	1
# rank	worst_slack_ns	start	end	start_full	end_full
1	-0.4290	uI.mul_a_lo_r[J]	uI.pa_lo[J]	u3.mul_a_lo_r[10]$_SDFFE_PP0P_/Q	u3.pa_lo[28]$_SDFFE_PP0P_/D
2	-0.4270	uI.mul_b_rJ[K]	uI.pa_lo[J]	u3.mul_b_r0[1]$_SDFFE_PP0P_/Q	u3.pa_lo[28]$_SDFFE_PP0P_/D
3	-0.4029	uI.mul_a_top_r[J]	uI.product_h[J]	u3.mul_a_top_r[10]$_SDFFE_PP0P_/Q	u3.product_h[26]$_SDFFE_PP0P_/D
4	-0.3974	uI.mul_a_top_r[J]	uI.product_i[J]	u3.mul_a_top_r[9]$_SDFFE_PP0P_/Q	u3.product_i[26]$_SDFFE_PP0P_/D
5	-0.3947	uI.mul_b_rJ[K]	uI.product_h[J]	u3.mul_b_r0[5]$_SDFFE_PP0P_/Q	u3.product_h[26]$_SDFFE_PP0P_/D
6	-0.3947	uI.mul_b_rJ[K]	uI.product_i[J]	u3.mul_b_r1[5]$_SDFFE_PP0P_/Q	u3.product_i[26]$_SDFFE_PP0P_/D
7	-0.3930	uI.mul_a_hi_r[J]	uI.pc_hi[J]	u3.mul_a_hi_r[10]$_SDFFE_PP0P_/Q	u3.pc_hi[26]$_SDFFE_PP0P_/D
8	-0.3848	uI.mul_b_rJ[K]	uI.pc_hi[J]	u3.mul_b_r2[5]$_SDFFE_PP0P_/Q	u3.pc_hi[26]$_SDFFE_PP0P_/D
9	-0.3845	uI.mul_a_hi_r[J]	uI.pb_hi[J]	u3.mul_a_hi_r[10]$_SDFFE_PP0P_/Q	u3.pb_hi[26]$_SDFFE_PP0P_/D
10	-0.3825	uI.mul_b_rJ[K]	uI.pb_hi[J]	u3.mul_b_r1[2]$_SDFFE_PP0P_/Q	u3.pb_hi[26]$_SDFFE_PP0P_/D
11	-0.3707	uI.mul_a_top_r[J]	uI.product_j[J]	u3.mul_a_top_r[10]$_SDFFE_PP0P_/Q	u3.product_j[28]$_SDFFE_PP0P_/D
12	-0.3687	uI.mul_b_rJ[K]	uI.product_j[J]	u3.mul_b_r2[3]$_SDFFE_PP0P_/Q	u3.product_j[28]$_SDFFE_PP0P_/D
13	-0.3602	uI.mul_a_lo_r[J]	uI.pb_lo[J]	u3.mul_a_lo_r[10]$_SDFFE_PP0P_/Q	u3.pb_lo[25]$_SDFFE_PP0P_/D
14	-0.3583	uI.mul_b_rJ[K]	uI.pb_lo[J]	u3.mul_b_r1[1]$_SDFFE_PP0P_/Q	u3.pb_lo[25]$_SDFFE_PP0P_/D
15	-0.3519	uI.mul_a_hi_r[J]	uI.pa_hi[J]	u3.mul_a_hi_r[7]$_SDFFE_PP0P_/Q	u3.pa_hi[28]$_SDFFE_PP0P_/D
16	-0.3499	uI.mul_b_rJ[K]	uI.pa_hi[J]	u3.mul_b_r0[4]$_SDFFE_PP0P_/Q	u3.pa_hi[28]$_SDFFE_PP0P_/D
17	-0.3086	uI.mul_a_lo_r[J]	uI.pc_lo[J]	u3.mul_a_lo_r[4]$_SDFFE_PP0P_/Q	u3.pc_lo[26]$_SDFFE_PP0P_/D
18	-0.3066	uI.mul_b_rJ[K]	uI.pc_lo[J]	u3.mul_b_r2[6]$_SDFFE_PP0P_/Q	u3.pc_lo[26]$_SDFFE_PP0P_/D
19	-0.2880	uI.mul_b_rJ[K]	uI.pf_lo[J]	u3.mul_b_r1[0]$_SDFFE_PP0P_/Q	u3.pf_lo[25]$_SDFFE_PP0P_/D
20	-0.2673	uI.mul_a_mid_lo_r[J]	uI.pg_lo[J]	u3.mul_a_mid_lo_r[4]$_SDFFE_PP0P_/Q	u3.pg_lo[27]$_SDFFE_PP0P_/D
21	-0.2653	uI.mul_b_rJ[K]	uI.pg_lo[J]	u3.mul_b_r2[5]$_SDFFE_PP0P_/Q	u3.pg_lo[27]$_SDFFE_PP0P_/D
22	-0.2646	uI.mul_a_mid_lo_r[J]	uI.pf_lo[J]	u3.mul_a_mid_lo_r[4]$_SDFFE_PP0P_/Q	u3.pf_lo[25]$_SDFFE_PP0P_/D
23	-0.2449	uI.mul_b_rJ[K]	uI.pg_hi[J]	u3.mul_b_r2[1]$_SDFFE_PP0P_/Q	u3.pg_hi[24]$_SDFFE_PP0P_/D
24	-0.2407	uI.mul_a_mid_hi_r[J]	uI.pg_hi[J]	u3.mul_a_mid_hi_r[3]$_SDFFE_PP0P_/Q	u3.pg_hi[24]$_SDFFE_PP0P_/D
25	-0.2182	uI.mul_a_mid_lo_r[J]	uI.pe_lo[J]	u3.mul_a_mid_lo_r[4]$_SDFFE_PP0P_/Q	u3.pe_lo[25]$_SDFFE_PP0P_/D
26	-0.2166	uI.mul_b_rJ[K]	uI.pe_lo[J]	u3.mul_b_r0[11]$_SDFFE_PP0P_/Q	u3.pe_lo[24]$_SDFFE_PP0P_/D
27	-0.2134	uI.mul_a_mid_hi_r[J]	uI.pe_hi[J]	u3.mul_a_mid_hi_r[3]$_SDFFE_PP0P_/Q	u3.pe_hi[21]$_SDFFE_PP0P_/D
28	-0.2114	uI.mul_b_rJ[K]	uI.pe_hi[J]	u3.mul_b_r0[4]$_SDFFE_PP0P_/Q	u3.pe_hi[21]$_SDFFE_PP0P_/D
29	-0.1447	uI.mul_a_mid_hi_r[J]	uI.pf_hi[J]	u3.mul_a_mid_hi_r[3]$_SDFFE_PP0P_/Q	u3.pf_hi[22]$_SDFFE_PP0P_/D
30	-0.1427	uI.mul_b_rJ[K]	uI.pf_hi[J]	u3.mul_b_r1[7]$_SDFFE_PP0P_/Q	u3.pf_hi[22]$_SDFFE_PP0P_/D
31	0.1218	uI.divisor_b[J]	uI.divisor_shift_J[K]	u4.divisor_b[51]$_SDFFE_PP0P_/Q	u4.divisor_shift_2[1]$_SDFFE_PP0P_/D
32	0.1383	uI.dividend_a[J]	uI.dividend_shift_J[K]	u4.dividend_a[37]$_SDFFE_PP0P_/Q	u4.dividend_shift_2[0]$_SDFFE_PP0P_/D
33	0.1421	uI.dividend_reg[J]	uI.dividend_reg[J]	u4.dividend_reg[37]$_SDFFE_PP0P_/Q	u4.dividend_reg[37]$_SDFFE_PP0P_/D
34	0.1424	uI.product_h[J]	uI.sum_J[K]	u3.product_h[0]$_SDFFE_PP0P_/Q	u3.sum_3[30]$_SDFFE_PP0P_/D
35	0.1440	uI.sum_J[K]	uI.sum_J[K]	u3.sum_2[7]$_SDFFE_PP0P_/Q	u3.sum_3[30]$_SDFFE_PP0P_/D
36	0.1450	uI.exponent_J[K]	uI.product_J[K]	u3.exponent_2[1]$_SDFFE_PP0P_/Q	u3.product_4[99]$_SDFFE_PP0P_/D
37	0.1545	uI.diff[J]	uI.diff_shift_J[K]	u2.diff[54]$_SDFFE_PP0P_/Q	u2.diff_shift_2[5]$_SDFFE_PP0P_/D
38	0.1562	uI.divisor_reg[J]	uI.dividend_reg[J]	u4.divisor_reg[35]$_SDFFE_PP0P_/Q	u4.dividend_reg[37]$_SDFFE_PP0P_/D
39	0.1642	uI.dividend_reg[J]	uI.quotient[J]	u4.dividend_reg[37]$_SDFFE_PP0P_/Q	u4.quotient[12]$_SDFFE_PP0P_/D
40	0.1676	uI.minuend[J]	uI.diff[J]	u2.minuend[13]$_SDFFE_PP0P_/Q	u2.diff[50]$_SDFFE_PP0P_/D
41	0.1783	uI.divisor_reg[J]	uI.quotient[J]	u4.divisor_reg[35]$_SDFFE_PP0P_/Q	u4.quotient[12]$_SDFFE_PP0P_/D
42	0.1822	uI.large_add[J]	uI.sum[J]	u1.large_add[2]$_SDFFE_PP0P_/Q	u1.sum[54]$_SDFFE_PP0P_/D
43	0.1833	uI.dividend_reg[J]	uI.remainder_msb	u4.dividend_reg[37]$_SDFFE_PP0P_/Q	u4.remainder_msb$_SDFFE_PP0P_/D
44	0.1854	uI.small_shift_J[K]	uI.sum[J]	u1.small_shift_3[2]$_SDFFE_PP0P_/Q	u1.sum[54]$_SDFFE_PP0P_/D
45	0.1906	uI.product_a[J]	uI.sum_J[K]	u3.product_a[26]$_SDFFE_PP0P_/Q	u3.sum_0[38]$_SDFFE_PP0P_/D
46	0.1919	uI.subtra_shift_J[K]	uI.diff[J]	u2.subtra_shift_3[13]$_SDFFE_PP0P_/QN	u2.diff[50]$_SDFFE_PP0P_/D
47	0.1964	uI.product_b[J]	uI.sum_J[K]	u3.product_b[9]$_SDFFE_PP0P_/Q	u3.sum_0[38]$_SDFFE_PP0P_/D
48	0.1975	uI.divisor_reg[J]	uI.remainder_msb	u4.divisor_reg[35]$_SDFFE_PP0P_/Q	u4.remainder_msb$_SDFFE_PP0P_/D
49	0.2020	uI.remainder_shift_term[J]	uI.remainder_b[J]	u4.remainder_shift_term[1]$_SDFFE_PP0P_/Q	u4.remainder_b[99]$_SDFFE_PP0P_/D
50	0.2037	mantissa_round[I]	uI.sum_round[J]	mantissa_round[8]$_SDFF_PN0_/Q	u5.sum_round[52]$_SDFF_PP0_/D
51	0.2046	rst	uI.diff[J]	rst	u2.diff[22]$_SDFFE_PP0P_/D
52	0.2046	rst	uI.diff_J[K]	rst	u2.diff_1[37]$_SDFFE_PP0P_/D
53	0.2052	rst	uI.sum[J]	rst	u1.sum[16]$_SDFFE_PP0P_/D
54	0.2056	rst	uI.small_shift[J]	rst	u1.small_shift[10]$_SDFFE_PP0P_/D
55	0.2084	rst	uI.pg_hi[J]	rst	u3.pg_hi[24]$_SDFFE_PP0P_/D
56	0.2116	rst	uI.product_J[K]	rst	u3.product_3[41]$_SDFFE_PP0P_/D
57	0.2116	rst	uI.remainder_b[J]	rst	u4.remainder_b[71]$_SDFFE_PP0P_/D
58	0.2125	rst	opa_reg[I]	rst	opa_reg[58]$_SDFFE_PP0P_/D
59	0.2127	rst	uI.divisor_b_shifted[J]	rst	u4.divisor_b_shifted[37]$_SDFFE_PP0P_/D
60	0.2127	rst	uI.mantissa_J[K]	rst	u4.mantissa_1[10]$_SDFFE_PP0P_/D
61	0.2130	uI.exponent_small[J]	uI.exponent_diff[J]	u2.exponent_small[0]$_SDFFE_PP0P_/Q	u2.exponent_diff[10]$_SDFFE_PP0P_/D
62	0.2133	rst	uI.subtra_shift[J]	rst	u2.subtra_shift[12]$_SDFFE_PP0P_/D
63	0.2134	rst	opb_reg[I]	rst	opb_reg[61]$_SDFFE_PP0P_/D
64	0.2134	rst	uI.exponent[J]	rst	u1.exponent[2]$_SDFFE_PP0P_/D
65	0.2134	rst	uI.exponent_J[K]	rst	u1.exponent_2[2]$_SDFFE_PP0P_/D
66	0.2134	rst	uI.small_shift_J[K]	rst	u1.small_shift_3[10]$_SDFFE_PP0P_/D
67	0.2139	rst	uI.subtra_shift_J[K]	rst	u2.subtra_shift_3[10]$_SDFFE_PP0P_/D
68	0.2145	rst	fpu_op_reg[I]	rst	fpu_op_reg[0]$_SDFFE_PP0P_/D
69	0.2145	rst	rmode_reg[I]	rst	rmode_reg[0]$_SDFFE_PP0P_/D
70	0.2152	rst	uI.dividend_a_shifted[J]	rst	u4.dividend_a_shifted[32]$_SDFFE_PP0P_/D
71	0.2158	rst	uI.sum_round[J]	rst	u5.sum_round[35]$_SDFF_PP0_/D
72	0.2190	rst	uI.sum_J[K]	rst	u1.sum_2[0]$_SDFFE_PP0P_/D
73	0.2190	rst	uI.NaN_output[J]	rst	u6.NaN_output[0]$_SDFFE_PP0P_/D
74	0.2190	rst	uI.NaN_output_J[K]	rst	u6.NaN_output_0[12]$_SDFFE_PP0P_/D
75	0.2190	rst	uI.out_J[K]	rst	u6.out_1[52]$_SDFFE_PP0P_/D
76	0.2208	rst	uI.remainder_out[J]	rst	u4.remainder_out[33]$_SDFF_PP0_/D
77	0.2211	rst	uI.pa_hi[J]	rst	u3.pa_hi[6]$_SDFFE_PP0P_/D
78	0.2211	rst	uI.pa_lo[J]	rst	u3.pa_lo[10]$_SDFFE_PP0P_/D
79	0.2211	rst	uI.pb_hi[J]	rst	u3.pb_hi[6]$_SDFFE_PP0P_/D
80	0.2211	rst	uI.pb_lo[J]	rst	u3.pb_lo[16]$_SDFFE_PP0P_/D
81	0.2211	rst	uI.pc_hi[J]	rst	u3.pc_hi[6]$_SDFFE_PP0P_/D
82	0.2211	rst	uI.pc_lo[J]	rst	u3.pc_lo[17]$_SDFFE_PP0P_/D
83	0.2211	rst	uI.pd_hi[J]	rst	u3.pd_hi[3]$_SDFFE_PP0P_/D
84	0.2211	rst	uI.pd_lo[J]	rst	u3.pd_lo[3]$_SDFFE_PP0P_/D
85	0.2211	rst	uI.pe_hi[J]	rst	u3.pe_hi[14]$_SDFFE_PP0P_/D
86	0.2211	rst	uI.pe_lo[J]	rst	u3.pe_lo[6]$_SDFFE_PP0P_/D
87	0.2211	rst	uI.pf_hi[J]	rst	u3.pf_hi[5]$_SDFFE_PP0P_/D
88	0.2211	rst	uI.pf_lo[J]	rst	u3.pf_lo[6]$_SDFFE_PP0P_/D
89	0.2211	rst	uI.pg_lo[J]	rst	u3.pg_lo[17]$_SDFFE_PP0P_/D
90	0.2212	rst	enable_reg_I	rst	enable_reg_2$_SDFF_PP0_/D
91	0.2212	rst	uI.count_nonzero_reg_J	rst	u4.count_nonzero_reg_2$_SDFF_PP0_/D
92	0.2212	rst	uI.enable_reg_a	rst	u4.enable_reg_a$_SDFF_PP0_/D
93	0.2216	uI.exponent_large[J]	uI.exponent_diff[J]	u2.exponent_large[0]$_SDFFE_PP0P_/QN	u2.exponent_diff[10]$_SDFFE_PP0P_/D
94	0.2216	rst	uI.expon_uf_term_J[K]	rst	u4.expon_uf_term_3[2]$_SDFFE_PP0P_/D
95	0.2224	rst	uI.expon_final_J[K]	rst	u4.expon_final_1[0]$_SDFFE_PP0P_/D
96	0.2224	rst	uI.expon_term[J]	rst	u4.expon_term[1]$_SDFFE_PP0P_/D
97	0.2227	uI.large_norm_small_denorm	uI.exponent_diff[J]	u2.large_norm_small_denorm$_SDFFE_PP0P_/Q	u2.exponent_diff[10]$_SDFFE_PP0P_/D
98	0.2230	rst	uI.remainder[J]	rst	u4.remainder[12]$_SDFFE_PP0P_/D
99	0.2230	rst	uI.remainder_shift_term[J]	rst	u4.remainder_shift_term[0]$_SDFFE_PP0P_/D
100	0.2234	rst	uI.large_is_denorm	rst	u1.large_is_denorm$_SDFFE_PP0P_/D
