# stage	1_synth
# top_module	modexp
# top_n	100
# kind	blocks
# skip_async	1
# include_full	1
# rank	worst_slack_ns	start	end	start_full	end_full
1	-0.5035	core_inst.montprod_select_oh_reg[I]	_I_	core_inst.montprod_select_oh_reg[0]$_DFF_PN1_/Q	_61692_/D
2	-0.4422	core_inst.montprod_select_oh_reg[I]	core_inst.montprod_inst.add_carry_in_sa	core_inst.montprod_select_oh_reg[0]$_DFF_PN1_/Q	core_inst.montprod_inst.add_carry_in_sa$_DFF_PN0_/D
3	-0.3031	core_inst.p_mem.tmp_read_dataI[J]	_I_	core_inst.p_mem.tmp_read_data0[0]$_DFF_P_/Q	_61692_/D
4	-0.2931	address[I]	read_data[I]	address[0]	read_data[14]
5	-0.2863	core_inst.message_mem.tmp_read_dataI[J]	_I_	core_inst.message_mem.tmp_read_data0[0]$_DFF_P_/Q	_61692_/D
6	-0.2853	core_inst.result_mem.tmp_read_dataI[J]	_I_	core_inst.result_mem.tmp_read_data0[8]$_DFF_P_/Q	_61692_/D
7	-0.2720	core_inst.residue_mem.tmp_read_dataI[J]	core_inst.residue_mem.mem[I][J]	core_inst.residue_mem.tmp_read_data0[8]$_DFF_P_/Q	core_inst.residue_mem.mem[0][28]$_DFFE_PP_/D
8	-0.2674	core_inst.one_reg[I]	_I_	core_inst.one_reg[0]$_DFF_PN0_/Q	_61692_/D
9	-0.2447	core_inst.modulus_mem.tmp_read_dataI[J]	core_inst.residue_mem.mem[I][J]	core_inst.modulus_mem.tmp_read_data0[8]$_DFF_P_/QN	core_inst.residue_mem.mem[0][28]$_DFFE_PP_/D
10	-0.2418	core_inst.p_mem.tmp_read_dataI[J]	core_inst.montprod_inst.add_carry_in_sa	core_inst.p_mem.tmp_read_data0[0]$_DFF_P_/Q	core_inst.montprod_inst.add_carry_in_sa$_DFF_PN0_/D
11	-0.2256	core_inst.montprod_inst.s_mem.tmp_read_data[I]	_I_	core_inst.montprod_inst.s_mem.tmp_read_data[8]$_DFF_P_/Q	_61692_/D
12	-0.2250	core_inst.message_mem.tmp_read_dataI[J]	core_inst.montprod_inst.add_carry_in_sa	core_inst.message_mem.tmp_read_data0[0]$_DFF_P_/Q	core_inst.montprod_inst.add_carry_in_sa$_DFF_PN0_/D
13	-0.2240	core_inst.result_mem.tmp_read_dataI[J]	core_inst.montprod_inst.add_carry_in_sa	core_inst.result_mem.tmp_read_data0[8]$_DFF_P_/Q	core_inst.montprod_inst.add_carry_in_sa$_DFF_PN0_/D
14	-0.2222	core_inst.residue_mem.tmp_read_dataI[J]	core_inst.residue_inst.sub_carry_in_reg	core_inst.residue_mem.tmp_read_data0[8]$_DFF_P_/Q	core_inst.residue_inst.sub_carry_in_reg$_DFF_PN0_/D
15	-0.2221	core_inst.residue_inst.loop_counter_I_to_nn_reg[J]	core_inst.modulus_mem.tmp_read_dataI[J]	core_inst.residue_inst.loop_counter_1_to_nn_reg[11]$_DFFE_PN0P_/Q	core_inst.modulus_mem.tmp_read_data0[4]$_DFF_P_/D
16	-0.2150	modulus_length_reg[I]	_I_	modulus_length_reg[0]$_DFFE_PN0P_/Q	_61660_/D
17	-0.2139	core_inst.residue_inst.loop_counter_I_to_nn_reg[J]	core_inst.residue_mem.tmp_read_dataI[J]	core_inst.residue_inst.loop_counter_1_to_nn_reg[11]$_DFFE_PN0P_/Q	core_inst.residue_mem.tmp_read_data0[10]$_DFF_P_/D
18	-0.2094	core_inst.montprod_inst.add_carry_in_sa	_I_	core_inst.montprod_inst.add_carry_in_sa$_DFF_PN0_/Q	_61692_/D
19	-0.2061	core_inst.one_reg[I]	core_inst.montprod_inst.add_carry_in_sa	core_inst.one_reg[0]$_DFF_PN0_/Q	core_inst.montprod_inst.add_carry_in_sa$_DFF_PN0_/D
20	-0.1994	core_inst.residue_inst.sub_carry_in_reg	core_inst.residue_mem.mem[I][J]	core_inst.residue_inst.sub_carry_in_reg$_DFF_PN0_/QN	core_inst.residue_mem.mem[0][28]$_DFFE_PP_/D
21	-0.1989	core_inst.modulus_mem.tmp_read_dataI[J]	_I_	core_inst.modulus_mem.tmp_read_data0[8]$_DFF_P_/Q	_61691_/D
22	-0.1961	modulus_length_reg[I]	core_inst.montprod_inst.word_index[I]	modulus_length_reg[0]$_DFFE_PN0P_/Q	core_inst.montprod_inst.word_index[2]$_DFF_PN0_/D
23	-0.1948	core_inst.modulus_mem.tmp_read_dataI[J]	core_inst.residue_inst.sub_carry_in_reg	core_inst.modulus_mem.tmp_read_data0[8]$_DFF_P_/QN	core_inst.residue_inst.sub_carry_in_reg$_DFF_PN0_/D
24	-0.1946	modulus_length_reg[I]	core_inst.montprod_inst.montprod_ctrl_reg[I]	modulus_length_reg[0]$_DFFE_PN0P_/Q	core_inst.montprod_inst.montprod_ctrl_reg[2]$_DFF_PN0_/D
25	-0.1930	core_inst.residue_inst.nn_reg[I]	core_inst.modulus_mem.tmp_read_dataI[J]	core_inst.residue_inst.nn_reg[11]$_DFFE_PN0P_/Q	core_inst.modulus_mem.tmp_read_data0[4]$_DFF_P_/D
26	-0.1902	core_inst.montprod_inst.add_carry_in_sm	_I_	core_inst.montprod_inst.add_carry_in_sm$_DFF_PN0_/Q	_61691_/D
27	-0.1847	core_inst.residue_inst.nn_reg[I]	core_inst.residue_mem.tmp_read_dataI[J]	core_inst.residue_inst.nn_reg[11]$_DFFE_PN0P_/Q	core_inst.residue_mem.tmp_read_data0[10]$_DFF_P_/D
28	-0.1734	address[I]	core_inst.exponent_mem.mem[I][J]	address[3]	core_inst.exponent_mem.mem[0][10]$_DFFE_PP_/D
29	-0.1725	core_inst.residue_inst.residue_ctrl_reg[I]	core_inst.modulus_mem.tmp_read_dataI[J]	core_inst.residue_inst.residue_ctrl_reg[3]$_DFF_PN0_/Q	core_inst.modulus_mem.tmp_read_data0[29]$_DFF_P_/D
30	-0.1675	modulus_length_reg[I]	core_inst.montprod_select_reg[I]	modulus_length_reg[0]$_DFFE_PN0P_/Q	core_inst.montprod_select_reg[4]$_DFF_PN0_/D
31	-0.1642	core_inst.montprod_inst.s_mem.tmp_read_data[I]	core_inst.montprod_inst.add_carry_in_sa	core_inst.montprod_inst.s_mem.tmp_read_data[8]$_DFF_P_/Q	core_inst.montprod_inst.add_carry_in_sa$_DFF_PN0_/D
32	-0.1618	address[I]	core_inst.message_mem.mem[I][J]	address[3]	core_inst.message_mem.mem[0][10]$_DFFE_PP_/D
33	-0.1617	modulus_length_reg[I]	core_inst.montprod_dest_reg[I]	modulus_length_reg[0]$_DFFE_PN0P_/Q	core_inst.montprod_dest_reg[1]$_DFF_PN0_/D
34	-0.1553	core_inst.montprod_inst.s_mem.tmp_read_data[I]	core_inst.montprod_inst.add_carry_in_sm	core_inst.montprod_inst.s_mem.tmp_read_data[8]$_DFF_P_/Q	core_inst.montprod_inst.add_carry_in_sm$_DFF_PN0_/D
35	-0.1495	core_inst.residue_inst.sub_carry_in_reg	core_inst.residue_inst.sub_carry_in_reg	core_inst.residue_inst.sub_carry_in_reg$_DFF_PN0_/QN	core_inst.residue_inst.sub_carry_in_reg$_DFF_PN0_/D
36	-0.1480	core_inst.montprod_inst.add_carry_in_sa	core_inst.montprod_inst.add_carry_in_sa	core_inst.montprod_inst.add_carry_in_sa$_DFF_PN0_/Q	core_inst.montprod_inst.add_carry_in_sa$_DFF_PN0_/D
37	-0.1470	start_reg	core_inst.modulus_mem.tmp_read_dataI[J]	start_reg$_DFF_PN0_/Q	core_inst.modulus_mem.tmp_read_data0[29]$_DFF_P_/D
38	-0.1448	address[I]	core_inst.modulus_mem.mem[I][J]	address[3]	core_inst.modulus_mem.mem[10][10]$_DFFE_PP_/D
39	-0.1444	modulus_length_reg[I]	core_inst.modulus_mem.tmp_read_dataI[J]	modulus_length_reg[0]$_DFFE_PN0P_/QN	core_inst.modulus_mem.tmp_read_data0[13]$_DFF_P_/D
40	-0.1443	modulus_length_reg[I]	core_inst.exponent_mem.tmp_read_dataI[J]	modulus_length_reg[0]$_DFFE_PN0P_/Q	core_inst.exponent_mem.tmp_read_data0[10]$_DFF_P_/D
41	-0.1432	core_inst.modexp_ctrl_reg[I]	core_inst.modulus_mem.tmp_read_dataI[J]	core_inst.modexp_ctrl_reg[0]$_DFF_PN1_/Q	core_inst.modulus_mem.tmp_read_data0[29]$_DFF_P_/D
42	-0.1427	core_inst.modulus_mem.tmp_read_dataI[J]	core_inst.montprod_inst.add_carry_in_sm	core_inst.modulus_mem.tmp_read_data0[8]$_DFF_P_/Q	core_inst.montprod_inst.add_carry_in_sm$_DFF_PN0_/D
43	-0.1385	address[I]	core_inst.message_mem.ptr_reg[I]	address[3]	core_inst.message_mem.ptr_reg[2]$_DFFE_PN0P_/D
44	-0.1348	address[I]	core_inst.exponent_mem.ptr_reg[I]	address[3]	core_inst.exponent_mem.ptr_reg[4]$_DFFE_PN0P_/D
45	-0.1340	core_inst.montprod_inst.add_carry_in_sm	core_inst.montprod_inst.add_carry_in_sm	core_inst.montprod_inst.add_carry_in_sm$_DFF_PN0_/Q	core_inst.montprod_inst.add_carry_in_sm$_DFF_PN0_/D
46	-0.1269	modulus_length_reg[I]	core_inst.montprod_inst.ready_reg	modulus_length_reg[0]$_DFFE_PN0P_/Q	core_inst.montprod_inst.ready_reg$_DFFE_PN0P_/D
47	-0.1232	core_inst.residue_inst.residue_ctrl_reg[I]	core_inst.residue_mem.tmp_read_dataI[J]	core_inst.residue_inst.residue_ctrl_reg[3]$_DFF_PN0_/Q	core_inst.residue_mem.tmp_read_data0[30]$_DFF_P_/D
48	-0.1223	core_inst.montprod_select_oh_reg[I]	core_inst.montprod_inst.q_reg	core_inst.montprod_select_oh_reg[1]$_DFF_PN0_/Q	core_inst.montprod_inst.q_reg$_DFFE_PN0P_/D
49	-0.1130	core_inst.residue_valid_reg	core_inst.modulus_mem.tmp_read_dataI[J]	core_inst.residue_valid_reg$_DFFE_PN0P_/QN	core_inst.modulus_mem.tmp_read_data0[29]$_DFF_P_/D
50	-0.1004	core_inst.residue_inst.word_index_reg[I]	core_inst.modulus_mem.tmp_read_dataI[J]	core_inst.residue_inst.word_index_reg[0]$_DFF_PN0_/QN	core_inst.modulus_mem.tmp_read_data0[29]$_DFF_P_/D
51	-0.0979	core_inst.cycle_ctr_high_reg[I]	core_inst.cycle_ctr_high_reg[I]	core_inst.cycle_ctr_high_reg[7]$_DFFE_PN0P_/Q	core_inst.cycle_ctr_high_reg[31]$_DFFE_PN0P_/D
52	-0.0978	start_reg	core_inst.residue_mem.tmp_read_dataI[J]	start_reg$_DFF_PN0_/Q	core_inst.residue_mem.tmp_read_data0[30]$_DFF_P_/D
53	-0.0939	core_inst.modexp_ctrl_reg[I]	core_inst.residue_mem.tmp_read_dataI[J]	core_inst.modexp_ctrl_reg[0]$_DFF_PN1_/Q	core_inst.residue_mem.tmp_read_data0[30]$_DFF_P_/D
54	-0.0939	core_inst.cycle_ctr_low_reg[I]	core_inst.cycle_ctr_high_reg[I]	core_inst.cycle_ctr_low_reg[3]$_DFFE_PN0P_/Q	core_inst.cycle_ctr_high_reg[12]$_DFFE_PN0P_/D
55	-0.0881	address[I]	core_inst.modulus_mem.ptr_reg[I]	address[3]	core_inst.modulus_mem.ptr_reg[2]$_DFFE_PN0P_/D
56	-0.0853	modulus_length_reg[I]	core_inst.p_mem.tmp_read_dataI[J]	modulus_length_reg[0]$_DFFE_PN0P_/QN	core_inst.p_mem.tmp_read_data0[12]$_DFF_P_/D
57	-0.0853	modulus_length_reg[I]	core_inst.message_mem.tmp_read_dataI[J]	modulus_length_reg[0]$_DFFE_PN0P_/QN	core_inst.message_mem.tmp_read_data0[23]$_DFF_P_/D
58	-0.0833	address[I]	core_inst.result_mem.ptr_reg[I]	address[3]	core_inst.result_mem.ptr_reg[2]$_DFFE_PN0P_/D
59	-0.0781	modulus_length_reg[I]	core_inst.result_mem.tmp_read_dataI[J]	modulus_length_reg[0]$_DFFE_PN0P_/QN	core_inst.result_mem.tmp_read_data0[10]$_DFF_P_/D
60	-0.0772	modulus_length_reg[I]	core_inst.montprod_inst.s_mem.tmp_read_data[I]	modulus_length_reg[0]$_DFFE_PN0P_/QN	core_inst.montprod_inst.s_mem.tmp_read_data[15]$_DFF_P_/D
61	-0.0729	core_inst.montprod_inst.word_index[I]	core_inst.montprod_inst.s_mem.tmp_read_data[I]	core_inst.montprod_inst.word_index[0]$_DFF_PN0_/Q	core_inst.montprod_inst.s_mem.tmp_read_data[15]$_DFF_P_/D
62	-0.0728	core_inst.montprod_inst.word_index[I]	core_inst.message_mem.tmp_read_dataI[J]	core_inst.montprod_inst.word_index[0]$_DFF_PN0_/Q	core_inst.message_mem.tmp_read_data0[0]$_DFF_P_/D
63	-0.0728	core_inst.montprod_inst.word_index[I]	core_inst.result_mem.tmp_read_dataI[J]	core_inst.montprod_inst.word_index[0]$_DFF_PN0_/Q	core_inst.result_mem.tmp_read_data0[10]$_DFF_P_/D
64	-0.0728	core_inst.montprod_inst.word_index[I]	core_inst.p_mem.tmp_read_dataI[J]	core_inst.montprod_inst.word_index[0]$_DFF_PN0_/Q	core_inst.p_mem.tmp_read_data0[0]$_DFF_P_/D
65	-0.0694	modulus_length_reg[I]	core_inst.modexp_ctrl_reg[I]	modulus_length_reg[0]$_DFFE_PN0P_/Q	core_inst.modexp_ctrl_reg[1]$_DFF_PN0_/D
66	-0.0694	core_inst.residue_inst.loop_counter_I_to_nn_reg[J]	core_inst.residue_inst.word_index_reg[I]	core_inst.residue_inst.loop_counter_1_to_nn_reg[11]$_DFFE_PN0P_/Q	core_inst.residue_inst.word_index_reg[1]$_DFF_PN0_/D
67	-0.0657	cs	core_inst.exponent_mem.mem[I][J]	cs	core_inst.exponent_mem.mem[0][10]$_DFFE_PP_/D
68	-0.0657	cs	core_inst.message_mem.mem[I][J]	cs	core_inst.message_mem.mem[0][10]$_DFFE_PP_/D
69	-0.0638	core_inst.residue_valid_reg	core_inst.residue_mem.tmp_read_dataI[J]	core_inst.residue_valid_reg$_DFFE_PN0P_/QN	core_inst.residue_mem.tmp_read_data0[30]$_DFF_P_/D
70	-0.0635	core_inst.residue_inst.length_mI_reg[J]	core_inst.modulus_mem.tmp_read_dataI[J]	core_inst.residue_inst.length_m1_reg[0]$_DFFE_PN0P_/Q	core_inst.modulus_mem.tmp_read_data0[29]$_DFF_P_/D
71	-0.0609	address[I]	exponent_length_reg[I]	address[3]	exponent_length_reg[0]$_DFFE_PN0P_/D
72	-0.0607	cs	read_data[I]	cs	read_data[10]
73	-0.0597	core_inst.montprod_inst.montprod_ctrl_reg[I]	core_inst.montprod_inst.s_mem.tmp_read_data[I]	core_inst.montprod_inst.montprod_ctrl_reg[13]$_DFF_PN0_/Q	core_inst.montprod_inst.s_mem.tmp_read_data[15]$_DFF_P_/D
74	-0.0596	core_inst.montprod_inst.montprod_ctrl_reg[I]	core_inst.message_mem.tmp_read_dataI[J]	core_inst.montprod_inst.montprod_ctrl_reg[13]$_DFF_PN0_/Q	core_inst.message_mem.tmp_read_data0[0]$_DFF_P_/D
75	-0.0596	core_inst.montprod_inst.montprod_ctrl_reg[I]	core_inst.result_mem.tmp_read_dataI[J]	core_inst.montprod_inst.montprod_ctrl_reg[13]$_DFF_PN0_/Q	core_inst.result_mem.tmp_read_data0[10]$_DFF_P_/D
76	-0.0596	core_inst.montprod_inst.montprod_ctrl_reg[I]	core_inst.p_mem.tmp_read_dataI[J]	core_inst.montprod_inst.montprod_ctrl_reg[13]$_DFF_PN0_/Q	core_inst.p_mem.tmp_read_data0[0]$_DFF_P_/D
77	-0.0583	address[I]	modulus_length_reg[I]	address[0]	modulus_length_reg[0]$_DFFE_PN0P_/D
78	-0.0512	core_inst.residue_inst.word_index_reg[I]	core_inst.residue_mem.tmp_read_dataI[J]	core_inst.residue_inst.word_index_reg[0]$_DFF_PN0_/QN	core_inst.residue_mem.tmp_read_data0[30]$_DFF_P_/D
79	-0.0500	core_inst.montprod_inst.word_index[I]	core_inst.modulus_mem.tmp_read_dataI[J]	core_inst.montprod_inst.word_index[1]$_DFF_PN0_/Q	core_inst.modulus_mem.tmp_read_data0[13]$_DFF_P_/D
80	-0.0472	core_inst.loop_counter_reg[I]	core_inst.exponent_mem.tmp_read_dataI[J]	core_inst.loop_counter_reg[5]$_DFFE_PN0P_/Q	core_inst.exponent_mem.tmp_read_data0[21]$_DFF_P_/D
81	-0.0402	core_inst.residue_inst.nn_reg[I]	core_inst.residue_inst.word_index_reg[I]	core_inst.residue_inst.nn_reg[11]$_DFFE_PN0P_/Q	core_inst.residue_inst.word_index_reg[1]$_DFF_PN0_/D
82	-0.0375	cs	core_inst.modulus_mem.mem[I][J]	cs	core_inst.modulus_mem.mem[10][10]$_DFFE_PP_/D
83	-0.0324	we	core_inst.exponent_mem.mem[I][J]	we	core_inst.exponent_mem.mem[0][10]$_DFFE_PP_/D
84	-0.0324	we	core_inst.message_mem.mem[I][J]	we	core_inst.message_mem.mem[0][10]$_DFFE_PP_/D
85	-0.0178	we	read_data[I]	we	read_data[10]
86	-0.0145	core_inst.cycle_ctr_state_reg	core_inst.cycle_ctr_high_reg[I]	core_inst.cycle_ctr_state_reg$_DFFE_PN0P_/Q	core_inst.cycle_ctr_high_reg[12]$_DFFE_PN0P_/D
87	-0.0143	core_inst.residue_inst.length_mI_reg[J]	core_inst.residue_mem.tmp_read_dataI[J]	core_inst.residue_inst.length_m1_reg[0]$_DFFE_PN0P_/Q	core_inst.residue_mem.tmp_read_data0[30]$_DFF_P_/D
88	-0.0125	core_inst.message_mem.ptr_reg[I]	core_inst.message_mem.tmp_read_dataI[J]	core_inst.message_mem.ptr_reg[1]$_DFFE_PN0P_/Q	core_inst.message_mem.tmp_read_data1[10]$_DFF_P_/D
89	-0.0111	core_inst.modulus_mem.ptr_reg[I]	core_inst.modulus_mem.tmp_read_dataI[J]	core_inst.modulus_mem.ptr_reg[0]$_DFFE_PN0P_/Q	core_inst.modulus_mem.tmp_read_data1[10]$_DFF_P_/D
90	-0.0097	core_inst.montprod_select_oh_reg[I]	core_inst.montprod_inst.b_reg	core_inst.montprod_select_oh_reg[1]$_DFF_PN0_/Q	core_inst.montprod_inst.b_reg$_DFFE_PN0P_/D
91	-0.0069	core_inst.cycle_ctr_low_reg[I]	core_inst.cycle_ctr_low_reg[I]	core_inst.cycle_ctr_low_reg[3]$_DFFE_PN0P_/Q	core_inst.cycle_ctr_low_reg[29]$_DFFE_PN0P_/D
92	-0.0041	we	core_inst.modulus_mem.mem[I][J]	we	core_inst.modulus_mem.mem[10][10]$_DFFE_PP_/D
93	-0.0038	core_inst.loop_counter_reg[I]	core_inst.ei_reg	core_inst.loop_counter_reg[1]$_DFFE_PN0P_/Q	core_inst.ei_reg$_DFFE_PN0P_/D
94	0.0126	core_inst.montprod_inst.B_bit_index_reg[I]	core_inst.montprod_inst.q_reg	core_inst.montprod_inst.B_bit_index_reg[0]$_DFFE_PN0P_/Q	core_inst.montprod_inst.q_reg$_DFFE_PN0P_/D
95	0.0137	core_inst.exponent_mem.ptr_reg[I]	core_inst.exponent_mem.tmp_read_dataI[J]	core_inst.exponent_mem.ptr_reg[0]$_DFFE_PN0P_/Q	core_inst.exponent_mem.tmp_read_data1[13]$_DFF_P_/D
96	0.0140	modulus_length_reg[I]	core_inst.residue_mem.tmp_read_dataI[J]	modulus_length_reg[0]$_DFFE_PN0P_/QN	core_inst.residue_mem.tmp_read_data0[10]$_DFF_P_/D
97	0.0153	core_inst.loop_counter_reg[I]	_I_	core_inst.loop_counter_reg[8]$_DFFE_PN0P_/QN	_61660_/D
98	0.0185	core_inst.montprod_inst.loop_counter[I]	core_inst.residue_mem.tmp_read_dataI[J]	core_inst.montprod_inst.loop_counter[6]$_DFFE_PN0P_/Q	core_inst.residue_mem.tmp_read_data1[10]$_DFF_P_/D
99	0.0186	core_inst.montprod_inst.loop_counter[I]	core_inst.p_mem.tmp_read_dataI[J]	core_inst.montprod_inst.loop_counter[6]$_DFFE_PN0P_/Q	core_inst.p_mem.tmp_read_data1[0]$_DFF_P_/D
100	0.0199	core_inst.result_mem.ptr_reg[I]	core_inst.result_mem.tmp_read_dataI[J]	core_inst.result_mem.ptr_reg[0]$_DFFE_PN0P_/Q	core_inst.result_mem.tmp_read_data1[13]$_DFF_P_/D
