# stage	1_synth
# top_module	jpeg_encoder
# top_n	1000
# kind	blocks
# skip_async	1
# include_full	1
# rank	worst_slack_ns	start	end	start_full	end_full
1	-0.8534	fdct_zigzag.dct_mod.dct_block_I.dct_unit_J.macu.din_r[K]	fdct_zigzag.dct_mod.dct_block_I.dct_unit_J.macu.pp_hi_r[K]	fdct_zigzag.dct_mod.dct_block_4.dct_unit_0.macu.din_r[7]$_DFFE_PP_/Q	fdct_zigzag.dct_mod.dct_block_6.dct_unit_2.macu.pp_hi_r[13]$_DFFE_PP_/D
2	-0.3418	fdct_zigzag.dct_mod.dct_block_I.dct_unit_J.macu.din_r[K]	fdct_zigzag.dct_mod.dct_block_I.dct_unit_J.macu.pp_lo_r[K]	fdct_zigzag.dct_mod.dct_block_4.dct_unit_0.macu.din_r[3]$_DFFE_PP_/Q	fdct_zigzag.dct_mod.dct_block_2.dct_unit_2.macu.pp_lo_r[15]$_DFFE_PP_/D
3	-0.2265	fdct_zigzag.dct_mod.dct_block_I.dct_unit_J.macu.coef_r[K]	fdct_zigzag.dct_mod.dct_block_I.dct_unit_J.macu.pp_lo_r[K]	fdct_zigzag.dct_mod.dct_block_2.dct_unit_6.macu.coef_r[8]$_DFFE_PP_/Q	fdct_zigzag.dct_mod.dct_block_2.dct_unit_2.macu.pp_lo_r[15]$_DFFE_PP_/D
4	-0.2004	fdct_zigzag.dct_mod.dct_block_I.dct_unit_J.macu.coef_r[K]	fdct_zigzag.dct_mod.dct_block_I.dct_unit_J.macu.pp_hi_r[K]	fdct_zigzag.dct_mod.dct_block_2.dct_unit_6.macu.coef_r[8]$_DFFE_PP_/Q	fdct_zigzag.dct_mod.dct_block_2.dct_unit_2.macu.pp_hi_r[13]$_DFFE_PP_/D
5	0.0119	fdct_zigzag.dct_mod.dct_block_I.dct_unit_J.macu.din_r[K]	fdct_zigzag.dct_mod.dct_block_I.dct_unit_J.macu.din_r[K]	fdct_zigzag.dct_mod.dct_block_4.dct_unit_0.macu.din_r[7]$_DFFE_PP_/Q	fdct_zigzag.dct_mod.dct_block_4.dct_unit_0.macu.din_r[7]$_DFFE_PP_/D
6	0.0592	ena	fdct_zigzag.dct_mod.dct_block_I.dct_unit_J.macu.result[K]	ena	fdct_zigzag.dct_mod.dct_block_0.dct_unit_1.macu.result[18]$_DFFE_PP_/D
7	0.0687	ena	fdct_zigzag.dct_mod.dct_block_I.dct_unit_J.coef[K]	ena	fdct_zigzag.dct_mod.dct_block_1.dct_unit_1.coef[21]$_DFFE_PP_/D
8	0.0721	ena	qnr.divider.divider.s_pipe[I][J]	ena	qnr.divider.divider.s_pipe[1][12]$_DFFE_PP_/D
9	0.0738	ena	fdct_zigzag.dct_mod.dct_block_I.dct_unit_J.macu.mult_res[K]	ena	fdct_zigzag.dct_mod.dct_block_1.dct_unit_0.macu.mult_res[17]$_DFFE_PP_/D
10	0.0740	ena	qnr.divider.q[I]	ena	qnr.divider.q[12]$_SDFFCE_PN0P_/D
11	0.0741	ena	rle.rle.den	ena	rle.rle.den$_DFFE_PN0P_/D
12	0.0744	ena	fdct_zigzag.dct_mod.dct_block_I.dct_unit_J.macu.pp_hi_r[K]	ena	fdct_zigzag.dct_mod.dct_block_6.dct_unit_0.macu.pp_hi_r[10]$_DFFE_PP_/D
13	0.0744	ena	fdct_zigzag.dct_mod.dct_block_I.dct_unit_J.macu.pp_lo_r[K]	ena	fdct_zigzag.dct_mod.dct_block_6.dct_unit_2.macu.pp_lo_r[10]$_DFFE_PP_/D
14	0.0744	ena	qnr.divider.q[I]	ena	qnr.divider.q[3]$_DFFE_PP_/D
15	0.0773	ena	rle.rle.size[I]	ena	rle.rle.size[2]$_DFFE_PN0P_/D
16	0.0778	ena	qnr.rq[I]	ena	qnr.rq[9]$_DFFE_PP_/D
17	0.0898	ena	fdct_zigzag.dct_mod.ddcnt	ena	fdct_zigzag.dct_mod.ddcnt$_DFFE_PN1P_/D
18	0.1058	ena	rle.rle.sample_cnt[I]	ena	rle.rle.sample_cnt[2]$_SDFFCE_PP0P_/D
19	0.1076	ena	qnr.qnt_cnt[I]	ena	qnr.qnt_cnt[0]$_DFFE_PN0P_/D
20	0.1079	ena	rle.rle.amp[I]	ena	rle.rle.amp[10]$_SDFFCE_PN0P_/D
21	0.1132	fdct_zigzag.dct_mod.dct_block_I.dct_unit_J.macu.mult_res[K]	fdct_zigzag.dct_mod.dct_block_I.dct_unit_J.macu.result[K]	fdct_zigzag.dct_mod.dct_block_4.dct_unit_4.macu.mult_res[3]$_DFFE_PP_/Q	fdct_zigzag.dct_mod.dct_block_4.dct_unit_4.macu.result[21]$_DFFE_PP_/D
22	0.1143	ena	rle.rle.state	ena	rle.rle.state$_DFFE_PN0P_/D
23	0.1173	fdct_zigzag.dct_mod.dct_block_I.dct_unit_J.macu.result[K]	fdct_zigzag.dct_mod.dct_block_I.dct_unit_J.macu.result[K]	fdct_zigzag.dct_mod.dct_block_4.dct_unit_4.macu.result[3]$_DFFE_PP_/Q	fdct_zigzag.dct_mod.dct_block_4.dct_unit_4.macu.result[21]$_DFFE_PP_/D
24	0.1177	ena	rle.rzI.den	ena	rle.rz3.den$_DFFE_PN0P_/D
25	0.1194	ena	dfdct_dout[I]	ena	dfdct_dout[0]$_DFFE_PP_/D
26	0.1194	ena	fdct_zigzag.zigzag_mod.sresult[I][J]	ena	fdct_zigzag.zigzag_mod.sresult[1][10]$_DFFE_PP_/D
27	0.1198	ena	fdct_zigzag.dct_mod.ddgo	ena	fdct_zigzag.dct_mod.ddgo$_DFFE_PN0P_/D
28	0.1198	ena	fdct_zigzag.dct_mod.ddin[I]	ena	fdct_zigzag.dct_mod.ddin[8]$_DFFE_PN0P_/D
29	0.1198	ena	fdct_zigzag.dct_mod.dgo	ena	fdct_zigzag.dct_mod.dgo$_DFFE_PN0P_/D
30	0.1198	ena	fdct_zigzag.dct_mod.go	ena	fdct_zigzag.dct_mod.go$_DFFE_PN0P_/D
31	0.1198	ena	rle.rzI.deno	ena	rle.rz1.deno$_DFFE_PN0P_/D
32	0.1201	ena	fdct_zigzag.zigzag_mod.ld_zigzag	ena	fdct_zigzag.zigzag_mod.ld_zigzag$_DFFE_PP_/D
33	0.1201	ena	dqnr_doe	ena	dqnr_doe$_DFFE_PP_/D
34	0.1201	ena	fdct_zigzag.dct_mod.dct_block_I.dct_unit_J.macu.coef_r[K]	ena	fdct_zigzag.dct_mod.dct_block_0.dct_unit_4.macu.coef_r[9]$_DFFE_PP_/D
35	0.1201	ena	qnr.divider.divider.d_pipe[I][J]	ena	qnr.divider.divider.d_pipe[10][12]$_DFFE_PP_/D
36	0.1201	ena	qnr.divider.divider.q_pipe[I][J]	ena	qnr.divider.divider.q_pipe[10][0]$_DFFE_PP_/D
37	0.1201	ena	rle.rzI.dc	ena	rle.rz1.dc$_DFFE_PP_/D
38	0.1201	ena	rle.rzI.dco	ena	rle.rz1.dco$_DFFE_PP_/D
39	0.1201	ena	rle.rzI.rleno[J]	ena	rle.rz1.rleno[3]$_DFFE_PP_/D
40	0.1201	ena	rle.rzI.sizeo[J]	ena	rle.rz1.sizeo[3]$_DFFE_PP_/D
41	0.1201	ena	rle.rzI.ampo[J]	ena	rle.rz4.ampo[0]$_DFFE_PP_/D
42	0.1202	ena	fdct_zigzag.dct_mod.dddcnt	ena	fdct_zigzag.dct_mod.dddcnt$_DFFE_PN1P_/D
43	0.1202	ena	fdct_zigzag.dct_mod.ddddcnt	ena	fdct_zigzag.dct_mod.ddddcnt$_DFFE_PN1P_/D
44	0.1202	ena	fdct_zigzag.dct_mod.dddddcnt	ena	fdct_zigzag.dct_mod.dddddcnt$_DFFE_PN1P_/D
45	0.1202	ena	fdct_zigzag.dct_mod.ddddddcnt	ena	fdct_zigzag.dct_mod.ddddddcnt$_DFFE_PN1P_/D
46	0.1206	ena	qnr.divider.spipe[I]	ena	qnr.divider.spipe[13]$_DFFE_PP_/D
47	0.1206	ena	fdct_zigzag.dct_mod.dct_block_I.dct_unit_J.macu.dclr_dd	ena	fdct_zigzag.dct_mod.dct_block_6.dct_unit_0.macu.dclr_dd$_DFFE_PP_/D
48	0.1206	ena	qnr.divider.divider.q[I]	ena	qnr.divider.divider.q[11]$_DFFE_PP_/D
49	0.1206	ena	qnr.divider.id[I]	ena	qnr.divider.id[7]$_DFFE_PP_/D
50	0.1206	ena	qnr.divider.iz[I]	ena	qnr.divider.iz[10]$_DFFE_PP_/D
51	0.1226	ena	qnr.dep[I]	ena	qnr.dep[15]$_DFFE_PN0P_/D
52	0.1228	ena	fdct_zigzag.dct_mod.dct_block_I.dct_unit_J.macu.din_r[K]	ena	fdct_zigzag.dct_mod.dct_block_4.dct_unit_0.macu.din_r[7]$_DFFE_PP_/D
53	0.1228	ena	fdct_zigzag.dct_mod.dct_block_I.ddgo_r	ena	fdct_zigzag.dct_mod.dct_block_4.ddgo_r$_DFFE_PP_/D
54	0.1228	ena	fdct_zigzag.dct_mod.dct_block_I.ddin_r[J]	ena	fdct_zigzag.dct_mod.dct_block_4.ddin_r[8]$_DFFE_PP_/D
55	0.1228	ena	fdct_zigzag.dct_mod.dct_block_I.x_r[J]	ena	fdct_zigzag.dct_mod.dct_block_4.x_r[2]$_DFFE_PP_/D
56	0.1228	ena	fdct_zigzag.dct_mod.dct_block_I.y_r[J]	ena	fdct_zigzag.dct_mod.dct_block_4.y_r[2]$_DFFE_PP_/D
57	0.1228	ena	fdct_zigzag.dct_mod.dct_block_I.dct_unit_J.macu.dclr_d	ena	fdct_zigzag.dct_mod.dct_block_5.dct_unit_5.macu.dclr_d$_DFFE_PP_/D
58	0.1254	ena	rle.rle.amp[I]	ena	rle.rle.amp[0]$_DFFE_PP_/D
59	0.1300	qnr.divider.divider.s_pipe[I][J]	qnr.divider.divider.s_pipe[I][J]	qnr.divider.divider.s_pipe[4][24]$_DFFE_PP_/Q	qnr.divider.divider.s_pipe[5][24]$_DFFE_PP_/D
60	0.1320	qnr.divider.divider.d_pipe[I][J]	qnr.divider.divider.s_pipe[I][J]	qnr.divider.divider.d_pipe[4][12]$_DFFE_PP_/QN	qnr.divider.divider.s_pipe[5][24]$_DFFE_PP_/D
61	0.1366	ena	qnr.divider.iz[I]	ena	qnr.divider.iz[11]$_SDFFCE_PN0P_/D
62	0.1374	ena	fdct_zigzag.dct_mod.sample_cnt[I]	ena	fdct_zigzag.dct_mod.sample_cnt[5]$_DFFE_PN0P_/D
63	0.1379	ena	rle.rle.zero_cnt[I]	ena	rle.rle.zero_cnt[1]$_SDFFCE_PP0P_/D
64	0.1385	ena	fdct_zigzag.dct_mod.douten	ena	fdct_zigzag.dct_mod.douten$_DFFE_PN0P_/D
65	0.1429	qnr.divider.q[I]	qnr.rq[I]	qnr.divider.q[12]$_SDFFCE_PN0P_/Q	qnr.rq[10]$_DFFE_PP_/D
66	0.1429	ena	rle.rle.rlen[I]	ena	rle.rle.rlen[0]$_DFFE_PN0P_/D
67	0.1436	ena	rle.rzI.state	ena	rle.rz1.state$_DFFE_PN0P_/D
68	0.1530	ena	rle.rle.dcterm	ena	rle.rle.dcterm$_DFFE_PN0P_/D
69	0.1700	ena	rle.rzI.amp[J]	ena	rle.rz1.amp[0]$_DFFE_PP_/D
70	0.1700	ena	rle.rzI.rlen[J]	ena	rle.rz1.rlen[3]$_DFFE_PP_/D
71	0.1700	ena	rle.rzI.size[J]	ena	rle.rz1.size[3]$_DFFE_PP_/D
72	0.1772	fdct_zigzag.dct_mod.dct_block_I.dct_unit_J.macu.pp_hi_r[K]	fdct_zigzag.dct_mod.dct_block_I.dct_unit_J.macu.mult_res[K]	fdct_zigzag.dct_mod.dct_block_1.dct_unit_6.macu.pp_hi_r[1]$_DFFE_PP_/Q	fdct_zigzag.dct_mod.dct_block_1.dct_unit_6.macu.mult_res[17]$_DFFE_PP_/D
73	0.1825	fdct_zigzag.dct_mod.dct_block_I.dct_unit_J.macu.pp_lo_r[K]	fdct_zigzag.dct_mod.dct_block_I.dct_unit_J.macu.mult_res[K]	fdct_zigzag.dct_mod.dct_block_1.dct_unit_6.macu.pp_lo_r[5]$_DFFE_PP_/Q	fdct_zigzag.dct_mod.dct_block_1.dct_unit_6.macu.mult_res[17]$_DFFE_PP_/D
74	0.2213	qnr.divider.q[I]	qnr.rq[I]	qnr.divider.q[1]$_DFFE_PP_/Q	qnr.rq[10]$_DFFE_PP_/D
75	0.2255	qnr.rq[I]	rle.rle.size[I]	qnr.rq[2]$_DFFE_PP_/QN	rle.rle.size[0]$_DFFE_PN0P_/D
76	0.2318	dstrb	fdct_zigzag.dct_mod.sample_cnt[I]	dstrb	fdct_zigzag.dct_mod.sample_cnt[5]$_DFFE_PN0P_/D
77	0.2355	fdct_zigzag.dct_mod.dct_block_I.x_r[J]	fdct_zigzag.dct_mod.dct_block_I.dct_unit_J.coef[K]	fdct_zigzag.dct_mod.dct_block_4.x_r[1]$_DFFE_PP_/Q	fdct_zigzag.dct_mod.dct_block_2.dct_unit_5.coef[25]$_DFFE_PP_/D
78	0.2644	qnr.divider.id[I]	qnr.divider.divider.s_pipe[I][J]	qnr.divider.id[0]$_DFFE_PP_/Q	qnr.divider.divider.s_pipe[1][22]$_DFFE_PP_/D
79	0.2696	fdct_zigzag.dct_mod.dct_block_I.y_r[J]	fdct_zigzag.dct_mod.dct_block_I.dct_unit_J.coef[K]	fdct_zigzag.dct_mod.dct_block_4.y_r[0]$_DFFE_PP_/Q	fdct_zigzag.dct_mod.dct_block_5.dct_unit_3.coef[28]$_DFFE_PP_/D
80	0.2809	qnr.divider.iz[I]	qnr.divider.divider.s_pipe[I][J]	qnr.divider.iz[13]$_SDFFCE_PN0P_/Q	qnr.divider.divider.s_pipe[1][23]$_DFFE_PP_/D
81	0.2864	qnr.rq[I]	rle.rle.amp[I]	qnr.rq[2]$_DFFE_PP_/QN	rle.rle.amp[10]$_SDFFCE_PN0P_/D
82	0.2924	fdct_zigzag.dct_mod.dct_block_I.y_r[J]	fdct_zigzag.dct_mod.dct_block_I.y_r[J]	fdct_zigzag.dct_mod.dct_block_4.y_r[2]$_DFFE_PP_/Q	fdct_zigzag.dct_mod.dct_block_4.y_r[2]$_DFFE_PP_/D
83	0.3030	qnr.rq[I]	rle.rle.amp[I]	qnr.rq[2]$_DFFE_PP_/QN	rle.rle.amp[8]$_DFFE_PP_/D
84	0.3112	fdct_zigzag.dct_mod.dct_block_I.dct_unit_J.macu.dclr_dd	fdct_zigzag.dct_mod.dct_block_I.dct_unit_J.macu.result[K]	fdct_zigzag.dct_mod.dct_block_6.dct_unit_0.macu.dclr_dd$_DFFE_PP_/Q	fdct_zigzag.dct_mod.dct_block_3.dct_unit_0.macu.result[16]$_DFFE_PP_/D
85	0.3366	qnr.rq[I]	rle.rle.zero_cnt[I]	qnr.rq[11]$_DFFE_PP_/Q	rle.rle.zero_cnt[3]$_SDFFCE_PP0P_/D
86	0.3425	qnr.rq[I]	rle.rle.den	qnr.rq[11]$_DFFE_PP_/Q	rle.rle.den$_DFFE_PN0P_/D
87	0.3494	qnr.rq[I]	rle.rle.rlen[I]	qnr.rq[11]$_DFFE_PP_/Q	rle.rle.rlen[3]$_DFFE_PN0P_/D
88	0.3512	fdct_zigzag.dct_mod.dct_block_I.x_r[J]	fdct_zigzag.dct_mod.dct_block_I.x_r[J]	fdct_zigzag.dct_mod.dct_block_4.x_r[2]$_DFFE_PP_/Q	fdct_zigzag.dct_mod.dct_block_4.x_r[2]$_DFFE_PP_/D
89	0.3516	qnr.divider.divider.q[I]	qnr.divider.q[I]	qnr.divider.divider.q[3]$_DFFE_PP_/QN	qnr.divider.q[10]$_DFFE_PP_/D
90	0.3647	fdct_zigzag.dct_mod.sample_cnt[I]	fdct_zigzag.dct_mod.sample_cnt[I]	fdct_zigzag.dct_mod.sample_cnt[1]$_DFFE_PN0P_/Q	fdct_zigzag.dct_mod.sample_cnt[5]$_DFFE_PN0P_/D
91	0.3686	qnr.qnt_cnt[I]	qnt_cnt[I]	qnr.qnt_cnt[1]$_DFFE_PN0P_/Q	qnt_cnt[1]
92	0.3783	fdct_zigzag.dct_mod.dct_block_I.dct_unit_J.macu.dclr_dd	fdct_zigzag.dct_mod.dct_block_I.dct_unit_J.macu.dclr_dd	fdct_zigzag.dct_mod.dct_block_6.dct_unit_0.macu.dclr_dd$_DFFE_PP_/Q	fdct_zigzag.dct_mod.dct_block_6.dct_unit_0.macu.dclr_dd$_DFFE_PP_/D
93	0.3794	dfdct_dout[I]	qnr.divider.iz[I]	dfdct_dout[3]$_DFFE_PP_/QN	qnr.divider.iz[10]$_DFFE_PP_/D
94	0.3822	rle.rzI.deno	douten	rle.rz4.deno$_DFFE_PN0P_/Q	douten
95	0.3865	din[I]	fdct_zigzag.dct_mod.ddin[I]	din[0]	fdct_zigzag.dct_mod.ddin[1]$_DFFE_PN0P_/D
96	0.3865	dstrb	fdct_zigzag.dct_mod.go	dstrb	fdct_zigzag.dct_mod.go$_DFFE_PN0P_/D
97	0.3867	qnt_val[I]	qnr.divider.id[I]	qnt_val[0]	qnr.divider.id[0]$_DFFE_PP_/D
98	0.3959	rle.rzI.ampo[J]	amp[I]	rle.rz4.ampo[0]$_DFFE_PP_/Q	amp[0]
99	0.3959	rle.rzI.rleno[J]	rlen[I]	rle.rz4.rleno[0]$_DFFE_PP_/Q	rlen[0]
100	0.3959	rle.rzI.sizeo[J]	size[I]	rle.rz4.sizeo[0]$_DFFE_PP_/Q	size[0]
101	0.3970	fdct_zigzag.zigzag_mod.ld_zigzag	fdct_zigzag.zigzag_mod.sresult[I][J]	fdct_zigzag.zigzag_mod.ld_zigzag$_DFFE_PP_/Q	fdct_zigzag.zigzag_mod.sresult[1][0]$_DFFE_PP_/D
102	0.4168	dfdct_dout[I]	qnr.divider.iz[I]	dfdct_dout[3]$_DFFE_PP_/QN	qnr.divider.iz[11]$_SDFFCE_PN0P_/D
103	0.4415	qnr.rq[I]	qnr.rq[I]	qnr.rq[11]$_DFFE_PP_/Q	qnr.rq[11]$_DFFE_PP_/D
104	0.4537	rle.rle.rlen[I]	rle.rzI.den	rle.rle.rlen[1]$_DFFE_PN0P_/Q	rle.rz1.den$_DFFE_PN0P_/D
105	0.4558	qnr.divider.spipe[I]	qnr.divider.q[I]	qnr.divider.spipe[13]$_DFFE_PP_/Q	qnr.divider.q[10]$_DFFE_PP_/D
106	0.4578	rle.rle.size[I]	rle.rzI.den	rle.rle.size[1]$_DFFE_PN0P_/Q	rle.rz1.den$_DFFE_PN0P_/D
107	0.4580	qnr.divider.divider.q[I]	qnr.divider.q[I]	qnr.divider.divider.q[3]$_DFFE_PP_/QN	qnr.divider.q[12]$_SDFFCE_PN0P_/D
108	0.4583	rle.rle.size[I]	rle.rzI.deno	rle.rle.size[1]$_DFFE_PN0P_/Q	rle.rz1.deno$_DFFE_PN0P_/D
109	0.4641	rle.rle.sample_cnt[I]	rle.rle.rlen[I]	rle.rle.sample_cnt[1]$_SDFFCE_PP0P_/Q	rle.rle.rlen[3]$_DFFE_PN0P_/D
110	0.4649	rle.rzI.sizeo[J]	rle.rzI.den	rle.rz1.sizeo[1]$_DFFE_PP_/Q	rle.rz2.den$_DFFE_PN0P_/D
111	0.4654	rle.rzI.sizeo[J]	rle.rzI.deno	rle.rz2.sizeo[1]$_DFFE_PP_/Q	rle.rz3.deno$_DFFE_PN0P_/D
112	0.4688	rle.rle.sample_cnt[I]	rle.rle.sample_cnt[I]	rle.rle.sample_cnt[2]$_SDFFCE_PP0P_/Q	rle.rle.sample_cnt[5]$_SDFFCE_PP0P_/D
113	0.4712	rle.rle.rlen[I]	rle.rzI.deno	rle.rle.rlen[1]$_DFFE_PN0P_/Q	rle.rz1.deno$_DFFE_PN0P_/D
114	0.4766	rle.rzI.rleno[J]	rle.rzI.deno	rle.rz2.rleno[1]$_DFFE_PP_/Q	rle.rz3.deno$_DFFE_PN0P_/D
115	0.4781	fdct_zigzag.zigzag_mod.ld_zigzag	qnr.dep[I]	fdct_zigzag.zigzag_mod.ld_zigzag$_DFFE_PP_/Q	qnr.dep[0]$_DFFE_PN0P_/D
116	0.4814	rle.rle.rlen[I]	rle.rzI.state	rle.rle.rlen[1]$_DFFE_PN0P_/Q	rle.rz1.state$_DFFE_PN0P_/D
117	0.4842	rle.rle.sample_cnt[I]	rle.rle.den	rle.rle.sample_cnt[1]$_SDFFCE_PP0P_/Q	rle.rle.den$_DFFE_PN0P_/D
118	0.4855	rle.rle.size[I]	rle.rzI.state	rle.rle.size[1]$_DFFE_PN0P_/Q	rle.rz1.state$_DFFE_PN0P_/D
119	0.4857	fdct_zigzag.zigzag_mod.ld_zigzag	fdct_zigzag.zigzag_mod.ld_zigzag	fdct_zigzag.zigzag_mod.ld_zigzag$_DFFE_PP_/Q	fdct_zigzag.zigzag_mod.ld_zigzag$_DFFE_PP_/D
120	0.4884	fdct_zigzag.dct_mod.sample_cnt[I]	fdct_zigzag.dct_mod.ddcnt	fdct_zigzag.dct_mod.sample_cnt[1]$_DFFE_PN0P_/Q	fdct_zigzag.dct_mod.ddcnt$_DFFE_PN1P_/D
121	0.4925	rle.rzI.sizeo[J]	rle.rzI.state	rle.rz2.sizeo[1]$_DFFE_PP_/Q	rle.rz3.state$_DFFE_PN0P_/D
122	0.4925	rle.rle.den	rle.rzI.amp[J]	rle.rle.den$_DFFE_PN0P_/Q	rle.rz1.amp[0]$_DFFE_PP_/D
123	0.4925	rle.rle.den	rle.rzI.rlen[J]	rle.rle.den$_DFFE_PN0P_/Q	rle.rz1.rlen[3]$_DFFE_PP_/D
124	0.4925	rle.rle.den	rle.rzI.size[J]	rle.rle.den$_DFFE_PN0P_/Q	rle.rz1.size[3]$_DFFE_PP_/D
125	0.4930	rle.rle.sample_cnt[I]	rle.rle.state	rle.rle.sample_cnt[1]$_SDFFCE_PP0P_/Q	rle.rle.state$_DFFE_PN0P_/D
126	0.4937	rle.rzI.deno	rle.rzI.amp[J]	rle.rz1.deno$_DFFE_PN0P_/Q	rle.rz2.amp[0]$_DFFE_PP_/D
127	0.4937	rle.rzI.deno	rle.rzI.rlen[J]	rle.rz1.deno$_DFFE_PN0P_/Q	rle.rz2.rlen[3]$_DFFE_PP_/D
128	0.4937	rle.rzI.deno	rle.rzI.size[J]	rle.rz1.deno$_DFFE_PN0P_/Q	rle.rz2.size[3]$_DFFE_PP_/D
129	0.4978	qnr.qnt_cnt[I]	qnr.qnt_cnt[I]	qnr.qnt_cnt[1]$_DFFE_PN0P_/Q	qnr.qnt_cnt[4]$_DFFE_PN0P_/D
130	0.4994	rle.rzI.rleno[J]	rle.rzI.den	rle.rz1.rleno[1]$_DFFE_PP_/Q	rle.rz2.den$_DFFE_PN0P_/D
131	0.4995	fdct_zigzag.zigzag_mod.ld_zigzag	qnr.qnt_cnt[I]	fdct_zigzag.zigzag_mod.ld_zigzag$_DFFE_PP_/Q	qnr.qnt_cnt[0]$_DFFE_PN0P_/D
132	0.5008	rle.rle.state	rle.rle.rlen[I]	rle.rle.state$_DFFE_PN0P_/Q	rle.rle.rlen[3]$_DFFE_PN0P_/D
133	0.5099	rle.rle.den	rle.rzI.state	rle.rle.den$_DFFE_PN0P_/Q	rle.rz1.state$_DFFE_PN0P_/D
134	0.5102	dfdct_dout[I]	qnr.divider.spipe[I]	dfdct_dout[11]$_DFFE_PP_/Q	qnr.divider.spipe[0]$_DFFE_PP_/D
135	0.5104	dfdct_dout[I]	dfdct_dout[I]	dfdct_dout[11]$_DFFE_PP_/Q	dfdct_dout[11]$_DFFE_PP_/D
136	0.5114	rle.rzI.deno	rle.rzI.state	rle.rz3.deno$_DFFE_PN0P_/Q	rle.rz4.state$_DFFE_PN0P_/D
137	0.5115	rle.rle.den	rle.rzI.den	rle.rle.den$_DFFE_PN0P_/Q	rle.rz1.den$_DFFE_PN0P_/D
138	0.5139	rle.rzI.deno	rle.rzI.den	rle.rz1.deno$_DFFE_PN0P_/Q	rle.rz2.den$_DFFE_PN0P_/D
139	0.5270	rle.rzI.rleno[J]	rle.rzI.state	rle.rz2.rleno[1]$_DFFE_PP_/Q	rle.rz3.state$_DFFE_PN0P_/D
140	0.5288	fdct_zigzag.dct_mod.dct_block_I.dct_unit_J.macu.result[K]	fdct_zigzag.zigzag_mod.sresult[I][J]	fdct_zigzag.dct_mod.dct_block_0.dct_unit_3.macu.result[21]$_DFFE_PP_/Q	fdct_zigzag.zigzag_mod.sresult[57][11]$_DFFE_PP_/D
141	0.5295	qnr.divider.spipe[I]	qnr.divider.q[I]	qnr.divider.spipe[13]$_DFFE_PP_/Q	qnr.divider.q[12]$_SDFFCE_PN0P_/D
142	0.5336	rle.rle.zero_cnt[I]	rle.rle.zero_cnt[I]	rle.rle.zero_cnt[0]$_SDFFCE_PP0P_/Q	rle.rle.zero_cnt[3]$_SDFFCE_PP0P_/D
143	0.5354	rle.rle.state	rle.rle.den	rle.rle.state$_DFFE_PN0P_/Q	rle.rle.den$_DFFE_PN0P_/D
144	0.5364	qnr.divider.spipe[I]	qnr.divider.spipe[I]	qnr.divider.spipe[13]$_DFFE_PP_/Q	qnr.divider.spipe[13]$_DFFE_PP_/D
145	0.5410	rle.rle.zero_cnt[I]	rle.rle.den	rle.rle.zero_cnt[1]$_SDFFCE_PP0P_/Q	rle.rle.den$_DFFE_PN0P_/D
146	0.5454	qnr.divider.q[I]	qnr.divider.q[I]	qnr.divider.q[12]$_SDFFCE_PN0P_/Q	qnr.divider.q[12]$_SDFFCE_PN0P_/D
147	0.5458	fdct_zigzag.dct_mod.dct_block_I.dct_unit_J.coef[K]	fdct_zigzag.dct_mod.dct_block_I.dct_unit_J.coef[K]	fdct_zigzag.dct_mod.dct_block_5.dct_unit_3.coef[28]$_DFFE_PP_/Q	fdct_zigzag.dct_mod.dct_block_5.dct_unit_3.coef[28]$_DFFE_PP_/D
148	0.5472	rle.rle.state	rle.rle.size[I]	rle.rle.state$_DFFE_PN0P_/Q	rle.rle.size[3]$_DFFE_PN0P_/D
149	0.5478	rle.rzI.deno	rle.rzI.deno	rle.rz2.deno$_DFFE_PN0P_/Q	rle.rz3.deno$_DFFE_PN0P_/D
150	0.5496	rle.rle.den	rle.rzI.deno	rle.rle.den$_DFFE_PN0P_/Q	rle.rz1.deno$_DFFE_PN0P_/D
151	0.5600	qnr.divider.q[I]	qnr.divider.q[I]	qnr.divider.q[0]$_DFFE_PP_/Q	qnr.divider.q[0]$_DFFE_PP_/D
152	0.5605	fdct_zigzag.dct_mod.dct_block_I.dct_unit_J.macu.mult_res[K]	fdct_zigzag.dct_mod.dct_block_I.dct_unit_J.macu.mult_res[K]	fdct_zigzag.dct_mod.dct_block_0.dct_unit_3.macu.mult_res[18]$_DFFE_PP_/Q	fdct_zigzag.dct_mod.dct_block_0.dct_unit_3.macu.mult_res[18]$_DFFE_PP_/D
153	0.5607	rle.rzI.state	rle.rzI.den	rle.rz3.state$_DFFE_PN0P_/Q	rle.rz3.den$_DFFE_PN0P_/D
154	0.5687	rle.rle.state	rle.rle.state	rle.rle.state$_DFFE_PN0P_/Q	rle.rle.state$_DFFE_PN0P_/D
155	0.5688	fdct_zigzag.zigzag_mod.sresult[I][J]	fdct_zigzag.zigzag_mod.sresult[I][J]	fdct_zigzag.zigzag_mod.sresult[9][0]$_DFFE_PP_/Q	fdct_zigzag.zigzag_mod.sresult[10][0]$_DFFE_PP_/D
156	0.5740	rle.rzI.state	rle.rzI.deno	rle.rz3.state$_DFFE_PN0P_/Q	rle.rz3.deno$_DFFE_PN0P_/D
157	0.5752	rle.rle.size[I]	rle.rle.size[I]	rle.rle.size[0]$_DFFE_PN0P_/Q	rle.rle.size[0]$_DFFE_PN0P_/D
158	0.5756	rle.ddstrb	rle.rle.dcterm	rle.ddstrb$_DFF_P_/Q	rle.rle.dcterm$_DFFE_PN0P_/D
159	0.5798	rle.rle.state	rle.rle.dcterm	rle.rle.state$_DFFE_PN0P_/Q	rle.rle.dcterm$_DFFE_PN0P_/D
160	0.5805	rle.rle.dcterm	rle.rzI.deno	rle.rle.dcterm$_DFFE_PN0P_/QN	rle.rz1.deno$_DFFE_PN0P_/D
161	0.5816	rle.ddstrb	rle.rle.sample_cnt[I]	rle.ddstrb$_DFF_P_/Q	rle.rle.sample_cnt[3]$_SDFFCE_PP0P_/D
162	0.5836	rle.rzI.dco	rle.rzI.deno	rle.rz2.dco$_DFFE_PP_/QN	rle.rz3.deno$_DFFE_PN0P_/D
163	0.5851	fdct_zigzag.dct_mod.sample_cnt[I]	fdct_zigzag.dct_mod.dct_block_I.x_r[J]	fdct_zigzag.dct_mod.sample_cnt[2]$_DFFE_PN0P_/Q	fdct_zigzag.dct_mod.dct_block_4.x_r[2]$_DFFE_PP_/D
164	0.5851	fdct_zigzag.dct_mod.sample_cnt[I]	fdct_zigzag.dct_mod.dct_block_I.y_r[J]	fdct_zigzag.dct_mod.sample_cnt[3]$_DFFE_PN0P_/Q	fdct_zigzag.dct_mod.dct_block_4.y_r[0]$_DFFE_PP_/D
165	0.5884	fdct_zigzag.dct_mod.dct_block_I.dct_unit_J.macu.coef_r[K]	fdct_zigzag.dct_mod.dct_block_I.dct_unit_J.macu.coef_r[K]	fdct_zigzag.dct_mod.dct_block_2.dct_unit_3.macu.coef_r[0]$_DFFE_PP_/Q	fdct_zigzag.dct_mod.dct_block_2.dct_unit_3.macu.coef_r[0]$_DFFE_PP_/D
166	0.5896	rle.ddstrb	rle.rle.state	rle.ddstrb$_DFF_P_/Q	rle.rle.state$_DFFE_PN0P_/D
167	0.5921	rle.rzI.den	rle.rzI.deno	rle.rz3.den$_DFFE_PN0P_/Q	rle.rz3.deno$_DFFE_PN0P_/D
168	0.5943	rle.ddstrb	rle.rle.den	rle.ddstrb$_DFF_P_/Q	rle.rle.den$_DFFE_PN0P_/D
169	0.5949	rle.rle.den	rle.rle.den	rle.rle.den$_DFFE_PN0P_/Q	rle.rle.den$_DFFE_PN0P_/D
170	0.6052	fdct_zigzag.dct_mod.dct_block_I.dct_unit_J.macu.pp_lo_r[K]	fdct_zigzag.dct_mod.dct_block_I.dct_unit_J.macu.pp_lo_r[K]	fdct_zigzag.dct_mod.dct_block_0.dct_unit_4.macu.pp_lo_r[15]$_DFFE_PP_/Q	fdct_zigzag.dct_mod.dct_block_0.dct_unit_4.macu.pp_lo_r[15]$_DFFE_PP_/D
171	0.6120	fdct_zigzag.dct_mod.dct_block_I.dct_unit_J.macu.pp_hi_r[K]	fdct_zigzag.dct_mod.dct_block_I.dct_unit_J.macu.pp_hi_r[K]	fdct_zigzag.dct_mod.dct_block_0.dct_unit_4.macu.pp_hi_r[8]$_DFFE_PP_/Q	fdct_zigzag.dct_mod.dct_block_0.dct_unit_4.macu.pp_hi_r[8]$_DFFE_PP_/D
172	0.6141	rle.rle.size[I]	rle.rzI.size[J]	rle.rle.size[1]$_DFFE_PN0P_/Q	rle.rz1.size[1]$_DFFE_PP_/D
173	0.6141	rle.rle.rlen[I]	rle.rzI.rlen[J]	rle.rle.rlen[1]$_DFFE_PN0P_/Q	rle.rz1.rlen[1]$_DFFE_PP_/D
174	0.6157	rle.rle.zero_cnt[I]	rle.rle.rlen[I]	rle.rle.zero_cnt[1]$_SDFFCE_PP0P_/Q	rle.rle.rlen[1]$_DFFE_PN0P_/D
175	0.6160	rle.rle.rlen[I]	rle.rle.rlen[I]	rle.rle.rlen[1]$_DFFE_PN0P_/Q	rle.rle.rlen[1]$_DFFE_PN0P_/D
176	0.6169	qnr.dep[I]	qnr.dep[I]	qnr.dep[0]$_DFFE_PN0P_/Q	qnr.dep[1]$_DFFE_PN0P_/D
177	0.6169	rle.rzI.state	rle.rzI.state	rle.rz4.state$_DFFE_PN0P_/Q	rle.rz4.state$_DFFE_PN0P_/D
178	0.6171	fdct_zigzag.dct_mod.douten	fdct_zigzag.zigzag_mod.ld_zigzag	fdct_zigzag.dct_mod.douten$_DFFE_PN0P_/Q	fdct_zigzag.zigzag_mod.ld_zigzag$_DFFE_PP_/D
179	0.6171	rle.rle.dcterm	rle.rzI.dc	rle.rle.dcterm$_DFFE_PN0P_/Q	rle.rz1.dc$_DFFE_PP_/D
180	0.6175	qnr.divider.divider.d_pipe[I][J]	qnr.divider.divider.d_pipe[I][J]	qnr.divider.divider.d_pipe[9][12]$_DFFE_PP_/Q	qnr.divider.divider.d_pipe[10][12]$_DFFE_PP_/D
181	0.6175	qnr.divider.id[I]	qnr.divider.divider.d_pipe[I][J]	qnr.divider.id[0]$_DFFE_PP_/Q	qnr.divider.divider.d_pipe[1][12]$_DFFE_PP_/D
182	0.6178	qnr.divider.id[I]	qnr.divider.id[I]	qnr.divider.id[0]$_DFFE_PP_/Q	qnr.divider.id[0]$_DFFE_PP_/D
183	0.6183	fdct_zigzag.dct_mod.dgo	fdct_zigzag.dct_mod.ddgo	fdct_zigzag.dct_mod.dgo$_DFFE_PN0P_/Q	fdct_zigzag.dct_mod.ddgo$_DFFE_PN0P_/D
184	0.6183	fdct_zigzag.dct_mod.go	fdct_zigzag.dct_mod.dgo	fdct_zigzag.dct_mod.go$_DFFE_PN0P_/Q	fdct_zigzag.dct_mod.dgo$_DFFE_PN0P_/D
185	0.6186	qnr.dep[I]	dqnr_doe	qnr.dep[15]$_DFFE_PN0P_/Q	dqnr_doe$_DFFE_PP_/D
186	0.6186	fdct_zigzag.dct_mod.ddgo	fdct_zigzag.dct_mod.dct_block_I.ddgo_r	fdct_zigzag.dct_mod.ddgo$_DFFE_PN0P_/Q	fdct_zigzag.dct_mod.dct_block_4.ddgo_r$_DFFE_PP_/D
187	0.6186	fdct_zigzag.dct_mod.ddin[I]	fdct_zigzag.dct_mod.dct_block_I.ddin_r[J]	fdct_zigzag.dct_mod.ddin[1]$_DFFE_PN0P_/Q	fdct_zigzag.dct_mod.dct_block_4.ddin_r[1]$_DFFE_PP_/D
188	0.6187	fdct_zigzag.dct_mod.ddgo	fdct_zigzag.dct_mod.ddgo	fdct_zigzag.dct_mod.ddgo$_DFFE_PN0P_/Q	fdct_zigzag.dct_mod.ddgo$_DFFE_PN0P_/D
189	0.6187	fdct_zigzag.dct_mod.ddin[I]	fdct_zigzag.dct_mod.ddin[I]	fdct_zigzag.dct_mod.ddin[1]$_DFFE_PN0P_/Q	fdct_zigzag.dct_mod.ddin[1]$_DFFE_PN0P_/D
190	0.6187	fdct_zigzag.dct_mod.dgo	fdct_zigzag.dct_mod.dgo	fdct_zigzag.dct_mod.dgo$_DFFE_PN0P_/Q	fdct_zigzag.dct_mod.dgo$_DFFE_PN0P_/D
191	0.6187	fdct_zigzag.dct_mod.go	fdct_zigzag.dct_mod.go	fdct_zigzag.dct_mod.go$_DFFE_PN0P_/Q	fdct_zigzag.dct_mod.go$_DFFE_PN0P_/D
192	0.6188	fdct_zigzag.dct_mod.dddddcnt	fdct_zigzag.dct_mod.ddddddcnt	fdct_zigzag.dct_mod.dddddcnt$_DFFE_PN1P_/Q	fdct_zigzag.dct_mod.ddddddcnt$_DFFE_PN1P_/D
193	0.6191	fdct_zigzag.dct_mod.dddddcnt	fdct_zigzag.dct_mod.dddddcnt	fdct_zigzag.dct_mod.dddddcnt$_DFFE_PN1P_/Q	fdct_zigzag.dct_mod.dddddcnt$_DFFE_PN1P_/D
194	0.6196	rle.rzI.rleno[J]	rle.rzI.rleno[J]	rle.rz1.rleno[1]$_DFFE_PP_/Q	rle.rz1.rleno[1]$_DFFE_PP_/D
195	0.6196	rle.rzI.rleno[J]	rle.rzI.rlen[J]	rle.rz1.rleno[1]$_DFFE_PP_/Q	rle.rz2.rlen[1]$_DFFE_PP_/D
196	0.6207	fdct_zigzag.dct_mod.ddcnt	fdct_zigzag.dct_mod.dddcnt	fdct_zigzag.dct_mod.ddcnt$_DFFE_PN1P_/Q	fdct_zigzag.dct_mod.dddcnt$_DFFE_PN1P_/D
197	0.6213	rle.rzI.sizeo[J]	rle.rzI.sizeo[J]	rle.rz1.sizeo[1]$_DFFE_PP_/Q	rle.rz1.sizeo[1]$_DFFE_PP_/D
198	0.6213	rle.rzI.sizeo[J]	rle.rzI.size[J]	rle.rz1.sizeo[1]$_DFFE_PP_/Q	rle.rz2.size[1]$_DFFE_PP_/D
199	0.6221	fdct_zigzag.dct_mod.dddcnt	fdct_zigzag.dct_mod.ddddcnt	fdct_zigzag.dct_mod.dddcnt$_DFFE_PN1P_/Q	fdct_zigzag.dct_mod.ddddcnt$_DFFE_PN1P_/D
200	0.6221	fdct_zigzag.dct_mod.ddddcnt	fdct_zigzag.dct_mod.dddddcnt	fdct_zigzag.dct_mod.ddddcnt$_DFFE_PN1P_/Q	fdct_zigzag.dct_mod.dddddcnt$_DFFE_PN1P_/D
201	0.6224	fdct_zigzag.dct_mod.dddcnt	fdct_zigzag.dct_mod.dddcnt	fdct_zigzag.dct_mod.dddcnt$_DFFE_PN1P_/Q	fdct_zigzag.dct_mod.dddcnt$_DFFE_PN1P_/D
202	0.6224	fdct_zigzag.dct_mod.ddddcnt	fdct_zigzag.dct_mod.ddddcnt	fdct_zigzag.dct_mod.ddddcnt$_DFFE_PN1P_/Q	fdct_zigzag.dct_mod.ddddcnt$_DFFE_PN1P_/D
203	0.6228	fdct_zigzag.dct_mod.dct_block_I.dct_unit_J.coef[K]	fdct_zigzag.dct_mod.dct_block_I.dct_unit_J.macu.coef_r[K]	fdct_zigzag.dct_mod.dct_block_1.dct_unit_7.coef[24]$_DFFE_PP_/Q	fdct_zigzag.dct_mod.dct_block_1.dct_unit_7.macu.coef_r[3]$_DFFE_PP_/D
204	0.6232	rle.rle.amp[I]	rle.rzI.amp[J]	rle.rle.amp[9]$_DFFE_PP_/Q	rle.rz1.amp[9]$_DFFE_PP_/D
205	0.6233	rle.rle.amp[I]	rle.rzI.amp[J]	rle.rle.amp[10]$_SDFFCE_PN0P_/Q	rle.rz1.amp[10]$_DFFE_PP_/D
206	0.6234	qnr.divider.divider.q[I]	qnr.divider.divider.q[I]	qnr.divider.divider.q[3]$_DFFE_PP_/Q	qnr.divider.divider.q[3]$_DFFE_PP_/D
207	0.6242	dqnr_doe	dqnr_doe	dqnr_doe$_DFFE_PP_/Q	dqnr_doe$_DFFE_PP_/D
208	0.6242	fdct_zigzag.zigzag_mod.sresult[I][J]	dfdct_dout[I]	fdct_zigzag.zigzag_mod.sresult[63][11]$_DFFE_PP_/Q	dfdct_dout[11]$_DFFE_PP_/D
209	0.6243	fdct_zigzag.dct_mod.dct_block_I.ddin_r[J]	fdct_zigzag.dct_mod.dct_block_I.dct_unit_J.macu.din_r[K]	fdct_zigzag.dct_mod.dct_block_4.ddin_r[1]$_DFFE_PP_/Q	fdct_zigzag.dct_mod.dct_block_4.dct_unit_0.macu.din_r[0]$_DFFE_PP_/D
210	0.6243	fdct_zigzag.dct_mod.dct_block_I.ddgo_r	fdct_zigzag.dct_mod.dct_block_I.dct_unit_J.macu.dclr_d	fdct_zigzag.dct_mod.dct_block_4.ddgo_r$_DFFE_PP_/Q	fdct_zigzag.dct_mod.dct_block_5.dct_unit_5.macu.dclr_d$_DFFE_PP_/D
211	0.6243	fdct_zigzag.dct_mod.dct_block_I.dct_unit_J.macu.dclr_d	fdct_zigzag.dct_mod.dct_block_I.dct_unit_J.macu.dclr_dd	fdct_zigzag.dct_mod.dct_block_5.dct_unit_5.macu.dclr_d$_DFFE_PP_/Q	fdct_zigzag.dct_mod.dct_block_6.dct_unit_0.macu.dclr_dd$_DFFE_PP_/D
212	0.6243	qnr.divider.divider.q_pipe[I][J]	qnr.divider.divider.q[I]	qnr.divider.divider.q_pipe[11][9]$_DFFE_PP_/Q	qnr.divider.divider.q[10]$_DFFE_PP_/D
213	0.6243	qnr.divider.divider.q_pipe[I][J]	qnr.divider.divider.q_pipe[I][J]	qnr.divider.divider.q_pipe[9][0]$_DFFE_PP_/Q	qnr.divider.divider.q_pipe[10][1]$_DFFE_PP_/D
214	0.6243	qnr.divider.iz[I]	qnr.divider.divider.s_pipe[I][J]	qnr.divider.iz[9]$_DFFE_PP_/Q	qnr.divider.divider.s_pipe[1][10]$_DFFE_PP_/D
215	0.6243	rle.rzI.dc	rle.rzI.dco	rle.rz1.dc$_DFFE_PP_/Q	rle.rz1.dco$_DFFE_PP_/D
216	0.6243	rle.rzI.dco	rle.rzI.dc	rle.rz1.dco$_DFFE_PP_/Q	rle.rz2.dc$_DFFE_PP_/D
217	0.6243	rle.rzI.amp[J]	rle.rzI.amp[J]	rle.rz1.amp[0]$_DFFE_PP_/Q	rle.rz1.amp[0]$_DFFE_PP_/D
218	0.6243	rle.rzI.amp[J]	rle.rzI.ampo[J]	rle.rz1.amp[0]$_DFFE_PP_/Q	rle.rz1.ampo[0]$_DFFE_PP_/D
219	0.6243	rle.rzI.rlen[J]	rle.rzI.rlen[J]	rle.rz1.rlen[0]$_DFFE_PP_/Q	rle.rz1.rlen[0]$_DFFE_PP_/D
220	0.6243	rle.rzI.rlen[J]	rle.rzI.rleno[J]	rle.rz1.rlen[0]$_DFFE_PP_/Q	rle.rz1.rleno[0]$_DFFE_PP_/D
221	0.6243	rle.rzI.size[J]	rle.rzI.size[J]	rle.rz1.size[0]$_DFFE_PP_/Q	rle.rz1.size[0]$_DFFE_PP_/D
222	0.6243	rle.rzI.size[J]	rle.rzI.sizeo[J]	rle.rz1.size[0]$_DFFE_PP_/Q	rle.rz1.sizeo[0]$_DFFE_PP_/D
223	0.6243	rle.rle.dcterm	rle.rle.dcterm	rle.rle.dcterm$_DFFE_PN0P_/Q	rle.rle.dcterm$_DFFE_PN0P_/D
224	0.6246	rle.rle.amp[I]	rle.rle.amp[I]	rle.rle.amp[0]$_DFFE_PP_/Q	rle.rle.amp[0]$_DFFE_PP_/D
225	0.6246	rle.rzI.ampo[J]	rle.rzI.ampo[J]	rle.rz1.ampo[0]$_DFFE_PP_/Q	rle.rz1.ampo[0]$_DFFE_PP_/D
226	0.6246	rle.rzI.ampo[J]	rle.rzI.amp[J]	rle.rz1.ampo[0]$_DFFE_PP_/Q	rle.rz2.amp[0]$_DFFE_PP_/D
227	0.6246	fdct_zigzag.dct_mod.dct_block_I.ddgo_r	fdct_zigzag.dct_mod.dct_block_I.ddgo_r	fdct_zigzag.dct_mod.dct_block_4.ddgo_r$_DFFE_PP_/Q	fdct_zigzag.dct_mod.dct_block_4.ddgo_r$_DFFE_PP_/D
228	0.6246	fdct_zigzag.dct_mod.dct_block_I.ddin_r[J]	fdct_zigzag.dct_mod.dct_block_I.ddin_r[J]	fdct_zigzag.dct_mod.dct_block_4.ddin_r[1]$_DFFE_PP_/Q	fdct_zigzag.dct_mod.dct_block_4.ddin_r[1]$_DFFE_PP_/D
229	0.6246	fdct_zigzag.dct_mod.dct_block_I.dct_unit_J.macu.dclr_d	fdct_zigzag.dct_mod.dct_block_I.dct_unit_J.macu.dclr_d	fdct_zigzag.dct_mod.dct_block_5.dct_unit_5.macu.dclr_d$_DFFE_PP_/Q	fdct_zigzag.dct_mod.dct_block_5.dct_unit_5.macu.dclr_d$_DFFE_PP_/D
230	0.6246	qnr.divider.iz[I]	qnr.divider.iz[I]	qnr.divider.iz[0]$_DFFE_PP_/Q	qnr.divider.iz[0]$_DFFE_PP_/D
231	0.6246	rle.rzI.dc	rle.rzI.dc	rle.rz1.dc$_DFFE_PP_/Q	rle.rz1.dc$_DFFE_PP_/D
232	0.6246	rle.rzI.dco	rle.rzI.dco	rle.rz1.dco$_DFFE_PP_/Q	rle.rz1.dco$_DFFE_PP_/D
233	0.6247	fdct_zigzag.dct_mod.ddddddcnt	fdct_zigzag.dct_mod.ddddddcnt	fdct_zigzag.dct_mod.ddddddcnt$_DFFE_PN1P_/Q	fdct_zigzag.dct_mod.ddddddcnt$_DFFE_PN1P_/D
234	0.6297	rle.rzI.den	rle.rzI.den	rle.rz3.den$_DFFE_PN0P_/Q	rle.rz3.den$_DFFE_PN0P_/D
235	0.6307	fdct_zigzag.dct_mod.dddddcnt	fdct_zigzag.dct_mod.douten	fdct_zigzag.dct_mod.dddddcnt$_DFFE_PN1P_/Q	fdct_zigzag.dct_mod.douten$_DFFE_PN0P_/D
236	0.6319	qnr.divider.iz[I]	qnr.divider.iz[I]	qnr.divider.iz[20]$_SDFFCE_PN0P_/Q	qnr.divider.iz[20]$_SDFFCE_PN0P_/D
237	0.6329	fdct_zigzag.dct_mod.douten	fdct_zigzag.dct_mod.douten	fdct_zigzag.dct_mod.douten$_DFFE_PN0P_/Q	fdct_zigzag.dct_mod.douten$_DFFE_PN0P_/D
238	0.6402	rle.rle.amp[I]	rle.rle.amp[I]	rle.rle.amp[10]$_SDFFCE_PN0P_/Q	rle.rle.amp[10]$_SDFFCE_PN0P_/D
239	0.6413	qnr.divider.divider.s_pipe[I][J]	qnr.divider.divider.q[I]	qnr.divider.divider.s_pipe[12][24]$_DFFE_PP_/QN	qnr.divider.divider.q[0]$_DFFE_PP_/D
240	0.6413	qnr.divider.divider.s_pipe[I][J]	qnr.divider.divider.q_pipe[I][J]	qnr.divider.divider.s_pipe[10][24]$_DFFE_PP_/QN	qnr.divider.divider.q_pipe[10][0]$_DFFE_PP_/D
241	0.6476	fdct_zigzag.dct_mod.ddcnt	fdct_zigzag.dct_mod.ddcnt	fdct_zigzag.dct_mod.ddcnt$_DFFE_PN1P_/Q	fdct_zigzag.dct_mod.ddcnt$_DFFE_PN1P_/D
242	0.6541	fdct_zigzag.dct_mod.ddddddcnt	fdct_zigzag.dct_mod.douten	fdct_zigzag.dct_mod.ddddddcnt$_DFFE_PN1P_/QN	fdct_zigzag.dct_mod.douten$_DFFE_PN0P_/D
243	0.6802	dqnr_doe	rle.ddstrb	dqnr_doe$_DFFE_PP_/Q	rle.ddstrb$_DFF_P_/D
