# stage	1_synth
# top_module	ddr3_controller
# top_n	100
# kind	blocks
# skip_async	1
# include_full	1
# rank	worst_slack_ns	start	end	start_full	end_full
1	-0.2985	lane[I]	dq_target_index[I][J]	lane[1]$_SDFFE_PP0P_/Q	dq_target_index[1][3]$_SDFFCE_PN0P_/D
2	-0.2617	lane[I]	added_read_pipe[I]	lane[1]$_SDFFE_PP0P_/Q	added_read_pipe[0]$_SDFFCE_PN0P_/D
3	-0.2056	i_phy_iserdes_bitslip_reference[I]	state_calibrate[I]	i_phy_iserdes_bitslip_reference[26]	state_calibrate[3]$_SDFFE_PP0P_/D
4	-0.1954	lane[I]	dqs_target_index[I]	lane[1]$_SDFFE_PP0P_/Q	dqs_target_index[0]$_SDFFE_PP0P_/D
5	-0.1737	i_phy_iserdes_bitslip_reference[I]	sample_clk_repeat[I]	i_phy_iserdes_bitslip_reference[26]	sample_clk_repeat[3]$_SDFFCE_PP0P_/D
6	-0.1540	i_phy_iserdes_bitslip_reference[I]	prev_write_level_feedback	i_phy_iserdes_bitslip_reference[26]	prev_write_level_feedback$_SDFFE_PP1P_/D
7	-0.1387	lane[I]	state_calibrate[I]	lane[1]$_SDFFE_PP0P_/Q	state_calibrate[3]$_SDFFE_PP0P_/D
8	-0.1339	i_phy_iserdes_bitslip_reference[I]	lane[I]	i_phy_iserdes_bitslip_reference[26]	lane[0]$_SDFFE_PP0P_/D
9	-0.1323	lane[I]	data_start_index[I][J]	lane[1]$_SDFFE_PP0P_/Q	data_start_index[0][5]$_SDFFCE_PN0P_/D
10	-0.1254	lane[I]	odelay_dqs_cntvaluein[I][J]	lane[1]$_SDFFE_PP0P_/Q	odelay_dqs_cntvaluein[5][1]$_SDFFCE_PN0P_/D
11	-0.1234	lane[I]	added_read_pipe_max	lane[1]$_SDFFE_PP0P_/Q	added_read_pipe_max$_SDFFE_PP0P_/D
12	-0.1212	i_phy_iserdes_bitslip_reference[I]	added_read_pipe_max	i_phy_iserdes_bitslip_reference[26]	added_read_pipe_max$_SDFFE_PP0P_/D
13	-0.1182	lane[I]	idelay_dqs_cntvaluein[I][J]	lane[1]$_SDFFE_PP0P_/Q	idelay_dqs_cntvaluein[0][1]$_SDFFCE_PN0P_/D
14	-0.1157	i_phy_iserdes_bitslip_reference[I]	stored_write_level_feedback	i_phy_iserdes_bitslip_reference[26]	stored_write_level_feedback$_SDFFCE_PN0P_/D
15	-0.1131	i_phy_iserdes_bitslip_reference[I]	o_phy_bitslip[I]	i_phy_iserdes_bitslip_reference[26]	o_phy_bitslip[0]$_SDFF_PP0_/D
16	-0.1024	data_start_index[I][J]	state_calibrate[I]	data_start_index[7][0]$_SDFFCE_PN0P_/Q	state_calibrate[3]$_SDFFE_PP0P_/D
17	-0.1024	lane[I]	sample_clk_repeat[I]	lane[1]$_SDFFE_PP0P_/Q	sample_clk_repeat[3]$_SDFFCE_PP0P_/D
18	-0.1000	i_phy_iserdes_bitslip_reference[I]	train_delay[I]	i_phy_iserdes_bitslip_reference[26]	train_delay[0]$_SDFF_PP0_/D
19	-0.0996	lane[I]	write_pattern_lane[I]	lane[1]$_SDFFE_PP0P_/Q	write_pattern_lane[63]$_SDFF_PP0_/D
20	-0.0947	lane[I]	dqs_bitslip_arrangement[I]	lane[1]$_SDFFE_PP0P_/Q	dqs_bitslip_arrangement[5]$_SDFFE_PP0P_/D
21	-0.0909	o_aux[I]	state_calibrate[I]	o_aux[8]$_DFFE_PN_/Q	state_calibrate[3]$_SDFFE_PP0P_/D
22	-0.0896	dqs_start_index[I]	state_calibrate[I]	dqs_start_index[1]$_SDFFE_PP0P_/Q	state_calibrate[3]$_SDFFE_PP0P_/D
23	-0.0827	lane[I]	prev_write_level_feedback	lane[1]$_SDFFE_PP0P_/Q	prev_write_level_feedback$_SDFFE_PP1P_/D
24	-0.0803	lane[I]	odelay_data_cntvaluein[I][J]	lane[1]$_SDFFE_PP0P_/Q	odelay_data_cntvaluein[1][1]$_SDFFCE_PN0P_/D
25	-0.0758	lane[I]	idelay_data_cntvaluein[I][J]	lane[1]$_SDFFE_PP0P_/Q	idelay_data_cntvaluein[0][1]$_SDFFCE_PN0P_/D
26	-0.0712	delay_before_write_level_feedback[I]	state_calibrate[I]	delay_before_write_level_feedback[1]$_SDFF_PP0_/QN	state_calibrate[3]$_SDFFE_PP0P_/D
27	-0.0687	lane[I]	read_lane_data[I]	lane[1]$_SDFFE_PP0P_/Q	read_lane_data[17]$_SDFF_PP0_/D
28	-0.0659	lane[I]	dqs_store[I]	lane[1]$_SDFFE_PP0P_/Q	dqs_store[39]$_SDFFE_PP0P_/D
29	-0.0653	dqs_start_index[I]	dqs_start_index[I]	dqs_start_index[1]$_SDFFE_PP0P_/Q	dqs_start_index[2]$_SDFFE_PP0P_/D
30	-0.0648	state_calibrate[I]	state_calibrate[I]	state_calibrate[3]$_SDFFE_PP0P_/Q	state_calibrate[3]$_SDFFE_PP0P_/D
31	-0.0633	data_start_index[I][J]	write_pattern_lane[I]	data_start_index[7][0]$_SDFFCE_PN0P_/Q	write_pattern_lane[63]$_SDFF_PP0_/D
32	-0.0632	data_start_index[I][J]	data_start_index[I][J]	data_start_index[7][3]$_SDFFCE_PN0P_/Q	data_start_index[0][5]$_SDFFCE_PN0P_/D
33	-0.0626	lane[I]	lane[I]	lane[1]$_SDFFE_PP0P_/Q	lane[0]$_SDFFE_PP0P_/D
34	-0.0623	i_phy_iserdes_bitslip_reference[I]	o_phy_write_leveling_calib	i_phy_iserdes_bitslip_reference[26]	o_phy_write_leveling_calib$_SDFFE_PP0P_/D
35	-0.0610	i_phy_idelayctrl_rdy	write_test_address_counter[I]	i_phy_idelayctrl_rdy	write_test_address_counter[18]$_SDFFE_PP0P_/D
36	-0.0599	stageI_do_act	o_phy_cmd[I]	stage2_do_act$_SDFF_PP0_/Q	o_phy_cmd[75]
37	-0.0586	write_by_byte_counter[I]	calib_data[I]	write_by_byte_counter[0]$_SDFFE_PP0P_/QN	calib_data[110]$_SDFFE_PP0P_/D
38	-0.0545	stageI_do_pre	stageI_do_pre	stage2_do_pre$_SDFF_PP0_/Q	stage2_do_pre$_SDFF_PP0_/D
39	-0.0535	stageI_do_act	stageI_do_pre	stage2_do_act$_SDFF_PP0_/Q	stage2_do_pre$_SDFF_PP0_/D
40	-0.0535	stageI_do_pre	stageI_do_wr_or_rd	stage2_do_pre$_SDFF_PP0_/Q	stage2_do_wr_or_rd$_SDFF_PP0_/D
41	-0.0525	stageI_do_act	stageI_do_wr_or_rd	stage2_do_act$_SDFF_PP0_/Q	stage2_do_wr_or_rd$_SDFF_PP0_/D
42	-0.0523	stageI_do_wr	stageI_do_pre	stage2_do_wr$_SDFF_PP0_/Q	stage2_do_pre$_SDFF_PP0_/D
43	-0.0513	stageI_do_wr	stageI_do_wr_or_rd	stage2_do_wr$_SDFF_PP0_/Q	stage2_do_wr_or_rd$_SDFF_PP0_/D
44	-0.0512	stageI_do_rd	stageI_do_pre	stage2_do_rd$_SDFF_PP0_/Q	stage2_do_pre$_SDFF_PP0_/D
45	-0.0512	stageI_bank[J]	stageI_do_pre	stage2_bank[0]$_SDFF_PP0_/Q	stage2_do_pre$_SDFF_PP0_/D
46	-0.0502	stageI_do_rd	stageI_do_wr_or_rd	stage2_do_rd$_SDFF_PP0_/Q	stage2_do_wr_or_rd$_SDFF_PP0_/D
47	-0.0502	stageI_bank[J]	stageI_do_wr_or_rd	stage2_bank[0]$_SDFF_PP0_/Q	stage2_do_wr_or_rd$_SDFF_PP0_/D
48	-0.0495	i_phy_iserdes_bitslip_reference[I]	dqs_start_index_stored[I]	i_phy_iserdes_bitslip_reference[24]	dqs_start_index_stored[1]$_SDFFE_PP0P_/D
49	-0.0475	dqs_start_index[I]	o_phy_idelay_data_ld[I]	dqs_start_index[1]$_SDFFE_PP0P_/Q	o_phy_idelay_data_ld[0]$_SDFF_PP0_/D
50	-0.0447	state_calibrate[I]	read_test_address_counter[I]	state_calibrate[3]$_SDFFE_PP0P_/Q	read_test_address_counter[18]$_SDFFE_PP0P_/D
51	-0.0444	lane[I]	stored_write_level_feedback	lane[1]$_SDFFE_PP0P_/Q	stored_write_level_feedback$_SDFFCE_PN0P_/D
52	-0.0443	i_phy_idelayctrl_rdy	read_test_address_counter[I]	i_phy_idelayctrl_rdy	read_test_address_counter[18]$_SDFFE_PP0P_/D
53	-0.0424	i_phy_iserdes_bitslip_reference[I]	dqs_start_index_repeat	i_phy_iserdes_bitslip_reference[24]	dqs_start_index_repeat$_SDFFE_PP0P_/D
54	-0.0420	data_start_index[I][J]	unaligned_data[I][J]	data_start_index[6][1]$_SDFFCE_PN0P_/Q	unaligned_data[6][63]$_SDFF_PP0_/D
55	-0.0418	lane[I]	o_phy_bitslip[I]	lane[1]$_SDFFE_PP0P_/Q	o_phy_bitslip[0]$_SDFF_PP0_/D
56	-0.0411	dqs_start_index[I]	delay_before_read_data[I]	dqs_start_index[1]$_SDFFE_PP0P_/Q	delay_before_read_data[0]$_SDFF_PP0_/D
57	-0.0397	data_start_index[I][J]	stageI_data[J][K]	data_start_index[5][1]$_SDFFCE_PN0P_/Q	stage2_data[1][494]$_SDFF_PP0_/D
58	-0.0336	read_lane_data_shifted[I]	state_calibrate[I]	read_lane_data_shifted[6]$_SDFF_PP0_/Q	state_calibrate[3]$_SDFFE_PP0P_/D
59	-0.0332	dqs_store[I]	state_calibrate[I]	dqs_store[13]$_SDFFE_PP0P_/Q	state_calibrate[3]$_SDFFE_PP0P_/D
60	-0.0313	stageI_do_wr_or_rd	stageI_do_pre	stage2_do_wr_or_rd$_SDFF_PP0_/Q	stage2_do_pre$_SDFF_PP0_/D
61	-0.0303	stageI_do_wr_or_rd	stageI_do_wr_or_rd	stage2_do_wr_or_rd$_SDFF_PP0_/Q	stage2_do_wr_or_rd$_SDFF_PP0_/D
62	-0.0293	stageI_do_wr_or_rd	o_phy_cmd[I]	stage2_do_wr_or_rd$_SDFF_PP0_/Q	o_phy_cmd[75]
63	-0.0287	lane[I]	train_delay[I]	lane[1]$_SDFFE_PP0P_/Q	train_delay[0]$_SDFF_PP0_/D
64	-0.0282	i_phy_idelayctrl_rdy	state_calibrate[I]	i_phy_idelayctrl_rdy	state_calibrate[3]$_SDFFE_PP0P_/D
65	-0.0273	stageI_do_pre	o_phy_cmd[I]	stage2_do_pre$_SDFF_PP0_/Q	o_phy_cmd[75]
66	-0.0263	lane[I]	start_index_check[I]	lane[1]$_SDFFE_PP0P_/Q	start_index_check[5]$_SDFFCE_PN0P_/D
67	-0.0261	state_calibrate[I]	write_test_address_counter[I]	state_calibrate[1]$_SDFFE_PP0P_/Q	write_test_address_counter[18]$_SDFFE_PP0P_/D
68	-0.0260	read_test_address_counter[I]	state_calibrate[I]	read_test_address_counter[1]$_SDFFE_PP0P_/Q	state_calibrate[3]$_SDFFE_PP0P_/D
69	-0.0257	dqs_start_index[I]	dqs_start_index_repeat	dqs_start_index[1]$_SDFFE_PP0P_/Q	dqs_start_index_repeat$_SDFFE_PP0P_/D
70	-0.0231	stageI_do_act	o_wb_stall_int_q	stage2_do_act$_SDFF_PP0_/Q	o_wb_stall_int_q$_SDFF_PP1_/D
71	-0.0228	idelay_data_cntvaluein[I][J]	dq_target_index[I][J]	idelay_data_cntvaluein[3][0]$_SDFFCE_PN0P_/Q	dq_target_index[1][3]$_SDFFCE_PN0P_/D
72	-0.0218	i_wb_cyc	stageI_data[J]	i_wb_cyc	stage1_data[434]$_SDFFE_PP0P_/D
73	-0.0212	stageI_do_pre	o_wb_stall_int_q	stage2_do_pre$_SDFF_PP0_/Q	o_wb_stall_int_q$_SDFF_PP1_/D
74	-0.0209	instruction_address[I]	calib_data[I]	instruction_address[1]$_SDFF_PP0_/Q	calib_data[254]$_SDFFE_PP0P_/D
75	-0.0193	stageI_bank[J]	o_wb_stall_int_q	stage2_bank[2]$_SDFF_PP0_/QN	o_wb_stall_int_q$_SDFF_PP1_/D
76	-0.0139	write_pattern[I]	state_calibrate[I]	write_pattern[0]$_SDFFE_PP0P_/Q	state_calibrate[3]$_SDFFE_PP0P_/D
77	-0.0132	read_lane_data_shifted[I]	dqs_bitslip_arrangement[I]	read_lane_data_shifted[6]$_SDFF_PP0_/Q	dqs_bitslip_arrangement[2]$_SDFFE_PP0P_/D
78	-0.0123	stageI_do_wr	o_phy_cmd[I]	stage2_do_wr$_SDFF_PP0_/Q	o_phy_cmd[75]
79	-0.0121	stageI_pending	stageI_do_pre	stage2_pending$_SDFF_PP0_/QN	stage2_do_pre$_SDFF_PP0_/D
80	-0.0117	read_lane_data_shifted[I]	data_start_index[I][J]	read_lane_data_shifted[6]$_SDFF_PP0_/Q	data_start_index[1][4]$_SDFFCE_PN0P_/D
81	-0.0111	stageI_pending	stageI_do_wr_or_rd	stage2_pending$_SDFF_PP0_/QN	stage2_do_wr_or_rd$_SDFF_PP0_/D
82	-0.0093	lane_write_dq_late[I]	data_start_index[I][J]	lane_write_dq_late[3]$_SDFFE_PP0P_/Q	data_start_index[0][4]$_SDFFCE_PN0P_/D
83	-0.0085	instruction_address[I]	state_calibrate[I]	instruction_address[0]$_SDFF_PP0_/Q	state_calibrate[3]$_SDFFE_PP0P_/D
84	-0.0083	lane[I]	o_phy_odelay_data_ld[I]	lane[0]$_SDFFE_PP0P_/Q	o_phy_odelay_data_ld[7]$_SDFF_PP0_/D
85	-0.0047	lane[I]	lane_read_dq_early[I]	lane[0]$_SDFFE_PP0P_/Q	lane_read_dq_early[7]$_SDFFE_PP0P_/D
86	-0.0032	data_start_index[I][J]	stageI_data[J][K]	data_start_index[5][0]$_SDFFCE_PN0P_/Q	stage2_data[0][494]$_SDFFE_PP0N_/D
87	-0.0027	lane[I]	lane_write_dq_late[I]	lane[0]$_SDFFE_PP0P_/Q	lane_write_dq_late[7]$_SDFFE_PP0P_/D
88	-0.0019	state_calibrate[I]	data_start_index[I][J]	state_calibrate[4]$_SDFFE_PP0P_/Q	data_start_index[1][4]$_SDFFCE_PN0P_/D
89	-0.0002	i_phy_iserdes_bitslip_reference[I]	initial_dqs	i_phy_iserdes_bitslip_reference[24]	initial_dqs$_SDFFE_PP1P_/D
90	-0.0001	state_calibrate[I]	calib_sel[I]	state_calibrate[3]$_SDFFE_PP0P_/Q	calib_sel[50]$_SDFFE_PP0P_/D
91	0.0005	stageI_bank[J]	stageI_do_pre	stage1_bank[2]$_SDFFE_PP0P_/Q	stage2_do_pre$_SDFF_PP0_/D
92	0.0009	lane_write_dq_late[I]	write_pattern_lane[I]	lane_write_dq_late[3]$_SDFFE_PP0P_/Q	write_pattern_lane[25]$_SDFF_PP0_/D
93	0.0015	stageI_bank[J]	stageI_do_wr_or_rd	stage1_bank[2]$_SDFFE_PP0P_/Q	stage2_do_wr_or_rd$_SDFF_PP0_/D
94	0.0021	dqs_store[I]	dqs_start_index[I]	dqs_store[39]$_SDFFE_PP0P_/Q	dqs_start_index[2]$_SDFFE_PP0P_/D
95	0.0050	instruction_address[I]	write_test_address_counter[I]	instruction_address[0]$_SDFF_PP0_/Q	write_test_address_counter[18]$_SDFFE_PP0P_/D
96	0.0065	write_pattern[I]	dqs_bitslip_arrangement[I]	write_pattern[0]$_SDFFE_PP0P_/Q	dqs_bitslip_arrangement[2]$_SDFFE_PP0P_/D
97	0.0066	lane[I]	o_phy_odelay_dqs_cntvaluein[I]	lane[1]$_SDFFE_PP0P_/Q	o_phy_odelay_dqs_cntvaluein[3]$_SDFF_PP1_/D
98	0.0072	delay_before_read_data[I]	state_calibrate[I]	delay_before_read_data[1]$_SDFF_PP0_/QN	state_calibrate[3]$_SDFFE_PP0P_/D
99	0.0074	lane[I]	o_phy_idelay_data_ld[I]	lane[0]$_SDFFE_PP0P_/Q	o_phy_idelay_data_ld[7]$_SDFF_PP0_/D
100	0.0077	dqs_start_index[I]	initial_dqs	dqs_start_index[1]$_SDFFE_PP0P_/Q	initial_dqs$_SDFFE_PP1P_/D
