# stage	1_synth
# top_module	modexp
# top_n	100
# kind	blocks
# skip_async	1
# include_full	1
# rank	worst_slack_ns	start	end	start_full	end_full
1	-0.3519	address[I]	read_data[I]	address[4]	read_data[10]
2	-0.2997	core_inst.montprod_select_reg[I]	core_inst.montprod_inst.s_mem_data_pipe[I]	core_inst.montprod_select_reg[3]$_DFF_PN0_/Q	core_inst.montprod_inst.s_mem_data_pipe[17]$_DFF_PN0_/D
3	-0.2598	core_inst.montprod_select_reg[I]	core_inst.montprod_inst.add_carry_in_sa	core_inst.montprod_select_reg[2]$_DFF_PN0_/Q	core_inst.montprod_inst.add_carry_in_sa$_DFF_PN0_/D
4	-0.2467	core_inst.one_reg[I]	core_inst.montprod_inst.s_mem_data_pipe[I]	core_inst.one_reg[0]$_DFF_PN0_/Q	core_inst.montprod_inst.s_mem_data_pipe[26]$_DFF_PN0_/D
5	-0.2430	core_inst.p_mem.tmp_read_dataI[J]	core_inst.montprod_inst.s_mem_data_pipe[I]	core_inst.p_mem.tmp_read_data0[0]$_DFF_P_/Q	core_inst.montprod_inst.s_mem_data_pipe[26]$_DFF_PN0_/D
6	-0.2395	address[I]	core_inst.exponent_mem.mem[I][J]	address[1]	core_inst.exponent_mem.mem[0][10]$_DFFE_PP_/D
7	-0.2320	core_inst.residue_inst.loop_counter_I_to_nn_reg[J]	core_inst.modulus_mem.tmp_read_dataI[J]	core_inst.residue_inst.loop_counter_1_to_nn_reg[7]$_DFFE_PN0P_/Q	core_inst.modulus_mem.tmp_read_data0[30]$_DFF_P_/D
8	-0.2269	address[I]	core_inst.exponent_mem.ptr_reg[I]	address[1]	core_inst.exponent_mem.ptr_reg[2]$_DFFE_PN0P_/D
9	-0.2225	core_inst.loop_counter_reg[I]	core_inst.exponent_mem.tmp_read_dataI[J]	core_inst.loop_counter_reg[1]$_DFFE_PN0P_/Q	core_inst.exponent_mem.tmp_read_data0[10]$_DFF_P_/D
10	-0.2211	address[I]	core_inst.message_mem.mem[I][J]	address[1]	core_inst.message_mem.mem[0][10]$_DFFE_PP_/D
11	-0.2183	core_inst.montprod_inst.add_carry_in_sm	core_inst.montprod_inst.s_mem_data_pipe[I]	core_inst.montprod_inst.add_carry_in_sm$_DFF_PN0_/Q	core_inst.montprod_inst.s_mem_data_pipe[30]$_DFF_PN0_/D
12	-0.2182	core_inst.message_mem.tmp_read_dataI[J]	core_inst.montprod_inst.s_mem_data_pipe[I]	core_inst.message_mem.tmp_read_data0[0]$_DFF_P_/Q	core_inst.montprod_inst.s_mem_data_pipe[26]$_DFF_PN0_/D
13	-0.2173	core_inst.modulus_mem.tmp_read_dataI[J]	core_inst.montprod_inst.s_mem_data_pipe[I]	core_inst.modulus_mem.tmp_read_data0[0]$_DFF_P_/Q	core_inst.montprod_inst.s_mem_data_pipe[30]$_DFF_PN0_/D
14	-0.2152	core_inst.one_reg[I]	core_inst.montprod_inst.add_carry_in_sa	core_inst.one_reg[0]$_DFF_PN0_/Q	core_inst.montprod_inst.add_carry_in_sa$_DFF_PN0_/D
15	-0.2143	core_inst.montprod_inst.s_mem.tmp_read_data[I]	core_inst.montprod_inst.s_mem_data_pipe[I]	core_inst.montprod_inst.s_mem.tmp_read_data[0]$_DFF_P_/Q	core_inst.montprod_inst.s_mem_data_pipe[30]$_DFF_PN0_/D
16	-0.2115	core_inst.p_mem.tmp_read_dataI[J]	core_inst.montprod_inst.add_carry_in_sa	core_inst.p_mem.tmp_read_data0[0]$_DFF_P_/Q	core_inst.montprod_inst.add_carry_in_sa$_DFF_PN0_/D
17	-0.2075	core_inst.residue_inst.nn_reg[I]	core_inst.modulus_mem.tmp_read_dataI[J]	core_inst.residue_inst.nn_reg[12]$_DFFE_PN0P_/Q	core_inst.modulus_mem.tmp_read_data0[30]$_DFF_P_/D
18	-0.2074	core_inst.residue_inst.loop_counter_I_to_nn_reg[J]	core_inst.residue_mem.tmp_read_dataI[J]	core_inst.residue_inst.loop_counter_1_to_nn_reg[7]$_DFFE_PN0P_/Q	core_inst.residue_mem.tmp_read_data0[27]$_DFF_P_/D
19	-0.2013	address[I]	core_inst.message_mem.ptr_reg[I]	address[1]	core_inst.message_mem.ptr_reg[2]$_DFFE_PN0P_/D
20	-0.1880	core_inst.residue_inst.residue_ctrl_reg[I]	core_inst.modulus_mem.tmp_read_dataI[J]	core_inst.residue_inst.residue_ctrl_reg[3]$_DFF_PN0_/Q	core_inst.modulus_mem.tmp_read_data0[23]$_DFF_P_/D
21	-0.1866	core_inst.message_mem.tmp_read_dataI[J]	core_inst.montprod_inst.add_carry_in_sa	core_inst.message_mem.tmp_read_data0[0]$_DFF_P_/Q	core_inst.montprod_inst.add_carry_in_sa$_DFF_PN0_/D
22	-0.1829	core_inst.residue_inst.nn_reg[I]	core_inst.residue_mem.tmp_read_dataI[J]	core_inst.residue_inst.nn_reg[12]$_DFFE_PN0P_/Q	core_inst.residue_mem.tmp_read_data0[27]$_DFF_P_/D
23	-0.1804	start_reg	core_inst.modulus_mem.tmp_read_dataI[J]	start_reg$_DFF_PN0_/Q	core_inst.modulus_mem.tmp_read_data0[23]$_DFF_P_/D
24	-0.1764	core_inst.cycle_ctr_low_reg[I]	core_inst.cycle_ctr_high_reg[I]	core_inst.cycle_ctr_low_reg[1]$_DFFE_PN0P_/Q	core_inst.cycle_ctr_high_reg[9]$_DFFE_PN0P_/D
25	-0.1753	core_inst.modexp_ctrl_reg[I]	core_inst.modulus_mem.tmp_read_dataI[J]	core_inst.modexp_ctrl_reg[0]$_DFF_PN1_/Q	core_inst.modulus_mem.tmp_read_data0[23]$_DFF_P_/D
26	-0.1652	core_inst.residue_valid_reg	core_inst.modulus_mem.tmp_read_dataI[J]	core_inst.residue_valid_reg$_DFFE_PN0P_/QN	core_inst.modulus_mem.tmp_read_data0[23]$_DFF_P_/D
27	-0.1611	address[I]	core_inst.modulus_mem.mem[I][J]	address[1]	core_inst.modulus_mem.mem[10][10]$_DFFE_PP_/D
28	-0.1561	core_inst.result_mem.tmp_read_dataI[J]	core_inst.montprod_inst.s_mem_data_pipe[I]	core_inst.result_mem.tmp_read_data0[0]$_DFF_P_/Q	core_inst.montprod_inst.s_mem_data_pipe[26]$_DFF_PN0_/D
29	-0.1517	core_inst.cycle_ctr_high_reg[I]	core_inst.cycle_ctr_high_reg[I]	core_inst.cycle_ctr_high_reg[6]$_DFFE_PN0P_/Q	core_inst.cycle_ctr_high_reg[31]$_DFFE_PN0P_/D
30	-0.1384	core_inst.montprod_inst.add_carry_in_sm	core_inst.montprod_inst.add_carry_in_sm	core_inst.montprod_inst.add_carry_in_sm$_DFF_PN0_/Q	core_inst.montprod_inst.add_carry_in_sm$_DFF_PN0_/D
31	-0.1374	core_inst.modulus_mem.tmp_read_dataI[J]	core_inst.montprod_inst.add_carry_in_sm	core_inst.modulus_mem.tmp_read_data0[0]$_DFF_P_/Q	core_inst.montprod_inst.add_carry_in_sm$_DFF_PN0_/D
32	-0.1343	core_inst.montprod_inst.s_mem.tmp_read_data[I]	core_inst.montprod_inst.add_carry_in_sm	core_inst.montprod_inst.s_mem.tmp_read_data[0]$_DFF_P_/Q	core_inst.montprod_inst.add_carry_in_sm$_DFF_PN0_/D
33	-0.1288	address[I]	core_inst.result_mem.ptr_reg[I]	address[1]	core_inst.result_mem.ptr_reg[3]$_DFFE_PN0P_/D
34	-0.1272	core_inst.montprod_inst.add_carry_in_sa	core_inst.montprod_inst.s_mem_data_pipe[I]	core_inst.montprod_inst.add_carry_in_sa$_DFF_PN0_/Q	core_inst.montprod_inst.s_mem_data_pipe[26]$_DFF_PN0_/D
35	-0.1248	core_inst.modulus_mem.tmp_read_dataI[J]	core_inst.residue_mem.mem[I][J]	core_inst.modulus_mem.tmp_read_data0[0]$_DFF_P_/Q	core_inst.residue_mem.mem[0][30]$_DFFE_PP_/D
36	-0.1246	core_inst.result_mem.tmp_read_dataI[J]	core_inst.montprod_inst.add_carry_in_sa	core_inst.result_mem.tmp_read_data0[0]$_DFF_P_/Q	core_inst.montprod_inst.add_carry_in_sa$_DFF_PN0_/D
37	-0.1183	core_inst.residue_inst.word_index_reg[I]	core_inst.modulus_mem.tmp_read_dataI[J]	core_inst.residue_inst.word_index_reg[0]$_DFF_PN0_/QN	core_inst.modulus_mem.tmp_read_data0[20]$_DFF_P_/D
38	-0.1158	core_inst.residue_mem.tmp_read_dataI[J]	core_inst.residue_mem.mem[I][J]	core_inst.residue_mem.tmp_read_data0[10]$_DFF_P_/Q	core_inst.residue_mem.mem[1][27]$_DFFE_PP_/D
39	-0.1153	core_inst.loop_counter_reg[I]	core_inst.montprod_inst.word_index[I]	core_inst.loop_counter_reg[1]$_DFFE_PN0P_/Q	core_inst.montprod_inst.word_index[3]$_DFF_PN0_/D
40	-0.1047	core_inst.loop_counter_reg[I]	core_inst.montprod_dest_reg[I]	core_inst.loop_counter_reg[1]$_DFFE_PN0P_/Q	core_inst.montprod_dest_reg[1]$_DFF_PN0_/D
41	-0.1035	core_inst.modexp_ctrl_reg[I]	core_inst.exponent_mem.tmp_read_dataI[J]	core_inst.modexp_ctrl_reg[8]$_DFF_PN0_/Q	core_inst.exponent_mem.tmp_read_data0[10]$_DFF_P_/D
42	-0.1025	core_inst.residue_inst.sub_carry_in_reg	core_inst.residue_mem.mem[I][J]	core_inst.residue_inst.sub_carry_in_reg$_DFF_PN0_/QN	core_inst.residue_mem.mem[0][30]$_DFFE_PP_/D
43	-0.1008	core_inst.montprod_inst.montprod_ctrl_reg[I]	core_inst.message_mem.tmp_read_dataI[J]	core_inst.montprod_inst.montprod_ctrl_reg[11]$_DFF_PN0_/Q	core_inst.message_mem.tmp_read_data0[23]$_DFF_P_/D
44	-0.1008	core_inst.montprod_inst.montprod_ctrl_reg[I]	core_inst.p_mem.tmp_read_dataI[J]	core_inst.montprod_inst.montprod_ctrl_reg[11]$_DFF_PN0_/Q	core_inst.p_mem.tmp_read_data0[0]$_DFF_P_/D
45	-0.0993	core_inst.residue_inst.residue_ctrl_reg[I]	core_inst.residue_mem.tmp_read_dataI[J]	core_inst.residue_inst.residue_ctrl_reg[3]$_DFF_PN0_/Q	core_inst.residue_mem.tmp_read_data0[27]$_DFF_P_/D
46	-0.0992	core_inst.loop_counter_reg[I]	core_inst.montprod_inst.montprod_ctrl_reg[I]	core_inst.loop_counter_reg[1]$_DFFE_PN0P_/Q	core_inst.montprod_inst.montprod_ctrl_reg[12]$_DFF_PN0_/D
47	-0.0980	cs	core_inst.exponent_mem.mem[I][J]	cs	core_inst.exponent_mem.mem[0][10]$_DFFE_PP_/D
48	-0.0957	core_inst.montprod_inst.add_carry_in_sa	core_inst.montprod_inst.add_carry_in_sa	core_inst.montprod_inst.add_carry_in_sa$_DFF_PN0_/Q	core_inst.montprod_inst.add_carry_in_sa$_DFF_PN0_/D
49	-0.0936	modulus_length_reg[I]	core_inst.montprod_inst.s_mem.tmp_read_data[I]	modulus_length_reg[0]$_DFFE_PN0P_/Q	core_inst.montprod_inst.s_mem.tmp_read_data[10]$_DFF_P_/D
50	-0.0929	modulus_length_reg[I]	core_inst.result_mem.tmp_read_dataI[J]	modulus_length_reg[0]$_DFFE_PN0P_/Q	core_inst.result_mem.tmp_read_data0[20]$_DFF_P_/D
51	-0.0924	modulus_length_reg[I]	core_inst.message_mem.tmp_read_dataI[J]	modulus_length_reg[0]$_DFFE_PN0P_/Q	core_inst.message_mem.tmp_read_data0[23]$_DFF_P_/D
52	-0.0924	modulus_length_reg[I]	core_inst.p_mem.tmp_read_dataI[J]	modulus_length_reg[0]$_DFFE_PN0P_/Q	core_inst.p_mem.tmp_read_data0[0]$_DFF_P_/D
53	-0.0919	core_inst.montprod_inst.word_index[I]	core_inst.message_mem.tmp_read_dataI[J]	core_inst.montprod_inst.word_index[0]$_DFF_PN0_/Q	core_inst.message_mem.tmp_read_data0[23]$_DFF_P_/D
54	-0.0919	core_inst.montprod_inst.word_index[I]	core_inst.p_mem.tmp_read_dataI[J]	core_inst.montprod_inst.word_index[0]$_DFF_PN0_/Q	core_inst.p_mem.tmp_read_data0[0]$_DFF_P_/D
55	-0.0919	core_inst.montprod_inst.montprod_ctrl_reg[I]	core_inst.result_mem.tmp_read_dataI[J]	core_inst.montprod_inst.montprod_ctrl_reg[11]$_DFF_PN0_/Q	core_inst.result_mem.tmp_read_data0[10]$_DFF_P_/D
56	-0.0917	start_reg	core_inst.residue_mem.tmp_read_dataI[J]	start_reg$_DFF_PN0_/Q	core_inst.residue_mem.tmp_read_data0[27]$_DFF_P_/D
57	-0.0916	core_inst.montprod_inst.s_mem.tmp_read_data[I]	core_inst.montprod_inst.add_carry_in_sa	core_inst.montprod_inst.s_mem.tmp_read_data[0]$_DFF_P_/Q	core_inst.montprod_inst.add_carry_in_sa$_DFF_PN0_/D
58	-0.0913	cs	core_inst.message_mem.mem[I][J]	cs	core_inst.message_mem.mem[0][10]$_DFFE_PP_/D
59	-0.0912	core_inst.montprod_inst.montprod_ctrl_reg[I]	core_inst.montprod_inst.s_mem.tmp_read_data[I]	core_inst.montprod_inst.montprod_ctrl_reg[11]$_DFF_PN0_/Q	core_inst.montprod_inst.s_mem.tmp_read_data[10]$_DFF_P_/D
60	-0.0906	address[I]	core_inst.modulus_mem.ptr_reg[I]	address[1]	core_inst.modulus_mem.ptr_reg[4]$_DFFE_PN0P_/D
61	-0.0866	core_inst.modexp_ctrl_reg[I]	core_inst.residue_mem.tmp_read_dataI[J]	core_inst.modexp_ctrl_reg[0]$_DFF_PN1_/Q	core_inst.residue_mem.tmp_read_data0[27]$_DFF_P_/D
62	-0.0851	core_inst.loop_counter_reg[I]	core_inst.montprod_select_reg[I]	core_inst.loop_counter_reg[1]$_DFFE_PN0P_/Q	core_inst.montprod_select_reg[2]$_DFF_PN0_/D
63	-0.0830	core_inst.montprod_inst.word_index[I]	core_inst.result_mem.tmp_read_dataI[J]	core_inst.montprod_inst.word_index[0]$_DFF_PN0_/Q	core_inst.result_mem.tmp_read_data0[10]$_DFF_P_/D
64	-0.0823	core_inst.montprod_inst.word_index[I]	core_inst.montprod_inst.s_mem.tmp_read_data[I]	core_inst.montprod_inst.word_index[0]$_DFF_PN0_/Q	core_inst.montprod_inst.s_mem.tmp_read_data[10]$_DFF_P_/D
65	-0.0800	core_inst.residue_inst.loop_counter_I_to_nn_reg[J]	core_inst.residue_inst.word_index_reg[I]	core_inst.residue_inst.loop_counter_1_to_nn_reg[7]$_DFFE_PN0P_/Q	core_inst.residue_inst.word_index_reg[0]$_DFF_PN0_/D
66	-0.0765	core_inst.residue_valid_reg	core_inst.residue_mem.tmp_read_dataI[J]	core_inst.residue_valid_reg$_DFFE_PN0P_/QN	core_inst.residue_mem.tmp_read_data0[27]$_DFF_P_/D
67	-0.0764	address[I]	exponent_length_reg[I]	address[1]	exponent_length_reg[0]$_DFFE_PN0P_/D
68	-0.0675	core_inst.montprod_select_reg[I]	core_inst.montprod_inst.q_reg	core_inst.montprod_select_reg[4]$_DFF_PN0_/Q	core_inst.montprod_inst.q_reg$_DFFE_PN0P_/D
69	-0.0631	cs	core_inst.modulus_mem.mem[I][J]	cs	core_inst.modulus_mem.mem[10][10]$_DFFE_PP_/D
70	-0.0591	core_inst.loop_counter_reg[I]	core_inst.montprod_inst.ready_reg	core_inst.loop_counter_reg[1]$_DFFE_PN0P_/Q	core_inst.montprod_inst.ready_reg$_DFFE_PN0P_/D
71	-0.0563	modulus_length_reg[I]	core_inst.montprod_inst.montprod_ctrl_reg[I]	modulus_length_reg[0]$_DFFE_PN0P_/Q	core_inst.montprod_inst.montprod_ctrl_reg[0]$_DFF_PN1_/D
72	-0.0555	core_inst.residue_inst.nn_reg[I]	core_inst.residue_inst.word_index_reg[I]	core_inst.residue_inst.nn_reg[12]$_DFFE_PN0P_/Q	core_inst.residue_inst.word_index_reg[0]$_DFF_PN0_/D
73	-0.0524	core_inst.residue_inst.length_mI_reg[J]	core_inst.modulus_mem.tmp_read_dataI[J]	core_inst.residue_inst.length_m1_reg[1]$_DFFE_PN0P_/Q	core_inst.modulus_mem.tmp_read_data0[20]$_DFF_P_/D
74	-0.0468	we	core_inst.exponent_mem.mem[I][J]	we	core_inst.exponent_mem.mem[0][10]$_DFFE_PP_/D
75	-0.0466	modulus_length_reg[I]	core_inst.modulus_mem.tmp_read_dataI[J]	modulus_length_reg[1]$_DFFE_PN0P_/QN	core_inst.modulus_mem.tmp_read_data0[23]$_DFF_P_/D
76	-0.0455	core_inst.modulus_mem.tmp_read_dataI[J]	core_inst.residue_inst.sub_carry_in_reg	core_inst.modulus_mem.tmp_read_data0[0]$_DFF_P_/Q	core_inst.residue_inst.sub_carry_in_reg$_DFF_PN0_/D
77	-0.0452	address[I]	modulus_length_reg[I]	address[1]	modulus_length_reg[0]$_DFFE_PN0P_/D
78	-0.0424	cs	read_data[I]	cs	read_data[10]
79	-0.0416	modulus_length_reg[I]	core_inst.montprod_inst.word_index[I]	modulus_length_reg[1]$_DFFE_PN0P_/QN	core_inst.montprod_inst.word_index[3]$_DFF_PN0_/D
80	-0.0401	we	core_inst.message_mem.mem[I][J]	we	core_inst.message_mem.mem[0][10]$_DFFE_PP_/D
81	-0.0386	core_inst.residue_inst.word_index_reg[I]	core_inst.residue_mem.tmp_read_dataI[J]	core_inst.residue_inst.word_index_reg[0]$_DFF_PN0_/QN	core_inst.residue_mem.tmp_read_data0[0]$_DFF_P_/D
82	-0.0349	modulus_length_reg[I]	core_inst.exponent_mem.tmp_read_dataI[J]	modulus_length_reg[1]$_DFFE_PN0P_/QN	core_inst.exponent_mem.tmp_read_data0[10]$_DFF_P_/D
83	-0.0310	modulus_length_reg[I]	core_inst.montprod_dest_reg[I]	modulus_length_reg[1]$_DFFE_PN0P_/QN	core_inst.montprod_dest_reg[1]$_DFF_PN0_/D
84	-0.0290	core_inst.residue_mem.tmp_read_dataI[J]	core_inst.residue_inst.sub_carry_in_reg	core_inst.residue_mem.tmp_read_data0[0]$_DFF_P_/QN	core_inst.residue_inst.sub_carry_in_reg$_DFF_PN0_/D
85	-0.0232	core_inst.residue_inst.sub_carry_in_reg	core_inst.residue_inst.sub_carry_in_reg	core_inst.residue_inst.sub_carry_in_reg$_DFF_PN0_/QN	core_inst.residue_inst.sub_carry_in_reg$_DFF_PN0_/D
86	-0.0119	we	core_inst.modulus_mem.mem[I][J]	we	core_inst.modulus_mem.mem[10][10]$_DFFE_PP_/D
87	-0.0113	modulus_length_reg[I]	core_inst.montprod_select_reg[I]	modulus_length_reg[1]$_DFFE_PN0P_/QN	core_inst.montprod_select_reg[2]$_DFF_PN0_/D
88	-0.0091	we	read_data[I]	we	read_data[10]
89	-0.0074	core_inst.cycle_ctr_low_reg[I]	core_inst.cycle_ctr_low_reg[I]	core_inst.cycle_ctr_low_reg[1]$_DFFE_PN0P_/Q	core_inst.cycle_ctr_low_reg[28]$_DFFE_PN0P_/D
90	-0.0040	modulus_length_reg[I]	core_inst.residue_mem.tmp_read_dataI[J]	modulus_length_reg[0]$_DFFE_PN0P_/Q	core_inst.residue_mem.tmp_read_data0[21]$_DFF_P_/D
91	-0.0030	core_inst.loop_counter_reg[I]	core_inst.ei_reg	core_inst.loop_counter_reg[0]$_DFFE_PN0P_/Q	core_inst.ei_reg$_DFFE_PN0P_/D
92	-0.0006	core_inst.montprod_inst.word_index[I]	core_inst.modulus_mem.tmp_read_dataI[J]	core_inst.montprod_inst.word_index[1]$_DFF_PN0_/Q	core_inst.modulus_mem.tmp_read_data0[23]$_DFF_P_/D
93	0.0093	core_inst.loop_counter_reg[I]	core_inst.modexp_ctrl_reg[I]	core_inst.loop_counter_reg[1]$_DFFE_PN0P_/Q	core_inst.modexp_ctrl_reg[1]$_DFF_PN0_/D
94	0.0139	core_inst.modulus_mem.ptr_reg[I]	core_inst.modulus_mem.tmp_read_dataI[J]	core_inst.modulus_mem.ptr_reg[0]$_DFFE_PN0P_/Q	core_inst.modulus_mem.tmp_read_data1[0]$_DFF_P_/D
95	0.0139	core_inst.exponent_mem.ptr_reg[I]	core_inst.exponent_mem.tmp_read_dataI[J]	core_inst.exponent_mem.ptr_reg[0]$_DFFE_PN0P_/Q	core_inst.exponent_mem.tmp_read_data1[10]$_DFF_P_/D
96	0.0139	core_inst.message_mem.ptr_reg[I]	core_inst.message_mem.tmp_read_dataI[J]	core_inst.message_mem.ptr_reg[0]$_DFFE_PN0P_/Q	core_inst.message_mem.tmp_read_data1[10]$_DFF_P_/D
97	0.0146	modulus_length_reg[I]	core_inst.montprod_inst.ready_reg	modulus_length_reg[1]$_DFFE_PN0P_/QN	core_inst.montprod_inst.ready_reg$_DFFE_PN0P_/D
98	0.0172	core_inst.E_word_reg[I]	core_inst.exponent_mem.tmp_read_dataI[J]	core_inst.E_word_reg[0]$_DFF_PN0_/QN	core_inst.exponent_mem.tmp_read_data0[10]$_DFF_P_/D
99	0.0186	core_inst.montprod_inst.loop_counter[I]	core_inst.p_mem.tmp_read_dataI[J]	core_inst.montprod_inst.loop_counter[5]$_DFFE_PN0P_/Q	core_inst.p_mem.tmp_read_data1[0]$_DFF_P_/D
100	0.0186	core_inst.montprod_inst.loop_counter[I]	core_inst.residue_mem.tmp_read_dataI[J]	core_inst.montprod_inst.loop_counter[5]$_DFFE_PN0P_/Q	core_inst.residue_mem.tmp_read_data1[25]$_DFF_P_/D
