# stage	1_synth
# top_module	RsDecodeTop
# top_n	100
# kind	blocks
# skip_async	1
# include_full	1
# rank	worst_slack_ns	start	end	start_full	end_full
1	-0.0155	enable	RsDecodeSyndrome.done	enable	RsDecodeSyndrome.done$_DFFE_PN0P_/D
2	-0.0153	enable	RsDecodeErasure.powerReg[I]	enable	RsDecodeErasure.powerReg[7]$_DFFE_PN0P_/D
3	-0.0153	enable	RsDecodePolymul.epsilonReg_I[J]	enable	RsDecodePolymul.epsilonReg_1[7]$_DFFE_PN0P_/D
4	-0.0133	enable	RsDecodeChien.numErrorReg[I]	enable	RsDecodeChien.numErrorReg[4]$_DFFE_PN0P_/D
5	-0.0116	enable	RsDecodeSyndrome.reg_I[J]	enable	RsDecodeSyndrome.reg_10[2]$_DFFE_PN0P_/D
6	-0.0112	enable	omegaShiftedReg_I[J]	enable	omegaShiftedReg_19[2]$_DFFE_PN0P_/D
7	-0.0109	enable	RsDecodeErasure.count[I]	enable	RsDecodeErasure.count[3]$_DFFE_PN0P_/D
8	-0.0078	enable	RsDecodeChien.epsilonReg_I[J]	enable	RsDecodeChien.epsilonReg_4[6]$_DFFE_PN0P_/D
9	-0.0078	enable	RsDecodeChien.lambdaReg_I[J]	enable	RsDecodeChien.lambdaReg_13[5]$_DFFE_PN0P_/D
10	-0.0078	enable	RsDecodeChien.omegaReg_I[J]	enable	RsDecodeChien.omegaReg_13[5]$_DFFE_PN0P_/D
11	-0.0057	enable	RsDecodeEuclide.count[I]	enable	RsDecodeEuclide.count[2]$_DFFE_PN0P_/D
12	-0.0009	enable	RsDecodePolymul.sumReg_I[J]	enable	RsDecodePolymul.sumReg_1[6]$_DFFE_PN0P_/D
13	0.0122	enable	RsDecodeDelay.RsDecodeDpRam.mem[I][J]	enable	RsDecodeDelay.RsDecodeDpRam.mem[111][0]$_DFFE_PP_/D
14	0.0173	enable	RsDecodeChien.denomEIInvReg[J]	enable	RsDecodeChien.denomE0InvReg[0]$_DFFE_PN0P_/D
15	0.0173	enable	RsDecodeEuclide.omegaInvReg[I]	enable	RsDecodeEuclide.omegaInvReg[6]$_DFFE_PN0P_/D
16	0.0181	enable	RsDecodeChien.denomEIReg[J]	enable	RsDecodeChien.denomE1Reg[7]$_DFFE_PN0P_/D
17	0.0181	enable	RsDecodeChien.epsilonOddReg[I]	enable	RsDecodeChien.epsilonOddReg[7]$_DFFE_PN0P_/D
18	0.0181	enable	RsDecodeChien.lambdaEvenRegI[J]	enable	RsDecodeChien.lambdaEvenReg2[7]$_DFFE_PN0P_/D
19	0.0181	enable	RsDecodeChien.lambdaOddRegI[J]	enable	RsDecodeChien.lambdaOddReg2[7]$_DFFE_PN0P_/D
20	0.0181	enable	RsDecodeChien.lambdaSumReg[I]	enable	RsDecodeChien.lambdaSumReg[7]$_DFFE_PN0P_/D
21	0.0181	enable	RsDecodeChien.numeRegI[J]	enable	RsDecodeChien.numeReg2[7]$_DFFE_PN0P_/D
22	0.0181	enable	RsDecodeChien.omegaSumReg[I]	enable	RsDecodeChien.omegaSumReg[7]$_DFFE_PN0P_/D
23	0.0181	enable	lambdaRegI_J[K]	enable	lambdaReg2_10[7]$_DFFE_PN0P_/D
24	0.0199	enable	RsDecodeEuclide.qNewReg[I]	enable	RsDecodeEuclide.qNewReg[7]$_DFFE_PN0P_/D
25	0.0199	enable	RsDecodeEuclide.omegaBkpReg[I]	enable	RsDecodeEuclide.omegaBkpReg[7]$_DFFE_PN0P_/D
26	0.0199	enable	RsDecodeEuclide.count_le_steps_reg	enable	RsDecodeEuclide.count_le_steps_reg$_DFFE_PN0P_/D
27	0.0201	enable	degreeLambdaReg[I]	enable	degreeLambdaReg[0]$_DFFE_PN0P_/D
28	0.0253	enable	RsDecodePolymul.count[I]	enable	RsDecodePolymul.count[2]$_DFFE_PN0P_/D
29	0.0254	enable	RsDecodeSyndrome.count[I]	enable	RsDecodeSyndrome.count[2]$_DFFE_PN0P_/D
30	0.0271	enable	RsDecodeChien.count[I]	enable	RsDecodeChien.count[2]$_DFFE_PN0P_/D
31	0.0272	enable	doneReg[I]	enable	doneReg[0]$_DFFE_PN0P_/D
32	0.0272	enable	startReg[I]	enable	startReg[1]$_DFFE_PN0P_/D
33	0.0275	enable	RsDecodeDelay.writePointer[I]	enable	RsDecodeDelay.writePointer[2]$_DFFE_PN1P_/D
34	0.0291	enable	doneShiftReg	enable	doneShiftReg$_DFFE_PN0P_/D
35	0.0318	enable	RsDecodeEuclide.phase[I]	enable	RsDecodeEuclide.phase[0]$_DFFE_PN0P_/D
36	0.0405	enable	failErasureRegI	enable	failErasureReg5$_DFFE_PN0P_/D
37	0.0405	enable	numErrorLambdaReg[I]	enable	numErrorLambdaReg[0]$_DFFE_PN0P_/D
38	0.0431	enable	RsDecodeErasure.epsilonReg_I[J]	enable	RsDecodeErasure.epsilonReg_0[2]$_DFFE_PN0P_/D
39	0.0459	erasureIn	RsDecodeSyndrome.reg_I[J]	erasureIn	RsDecodeSyndrome.reg_0[7]$_DFFE_PN0P_/D
40	0.0472	enable	RsDecodeChien.numErrorRegI[J]	enable	RsDecodeChien.numErrorReg2[2]$_DFFE_PN0P_/D
41	0.0486	enable	degreeEpsilonRegI[J]	enable	degreeEpsilonReg5[0]$_DFFE_PN0P_/D
42	0.0492	enable	degreeErrorReg	enable	degreeErrorReg$_DFFE_PN0P_/D
43	0.0509	enable	RsDecodeDelay.readPointer[I]	enable	RsDecodeDelay.readPointer[0]$_DFFE_PN0P_/D
44	0.0534	erasureIn	RsDecodeDelay.RsDecodeDpRam.mem[I][J]	erasureIn	RsDecodeDelay.RsDecodeDpRam.mem[0][7]$_DFFE_PP_/D
45	0.0571	enable	RsDecodeEuclide.lambdaBkp_I[J]	enable	RsDecodeEuclide.lambdaBkp_10[0]$_DFFE_PN0P_/D
46	0.0592	enable	doneShift	enable	doneShift$_DFFE_PN0P_/D
47	0.0626	enable	RsDecodeEuclide.lambdaInner_I[J]	enable	RsDecodeEuclide.lambdaInner_21[5]$_DFFE_PN0P_/D
48	0.0633	RsDecodeDelay.RsDecodeDpRam.rRdAddr[I]	RsDecodeDelay.RsDecodeDpRam.q[I]	RsDecodeDelay.RsDecodeDpRam.rRdAddr[1]$_DFF_P_/Q	RsDecodeDelay.RsDecodeDpRam.q[6]$_DFFE_PP_/D
49	0.0644	enable	RsDecodeErasure.erasureCount[I]	enable	RsDecodeErasure.erasureCount[5]$_DFFE_PN0P_/D
50	0.0652	RsDecodeSyndrome.done	RsDecodePolymul.sumReg_I[J]	RsDecodeSyndrome.done$_DFFE_PN0P_/Q	RsDecodePolymul.sumReg_12[6]$_DFFE_PN0P_/D
51	0.0687	enable	RsDecodeEuclide.lambdaXorReg_I[J]	enable	RsDecodeEuclide.lambdaXorReg_15[1]$_DFFE_PN0P_/D
52	0.0694	enable	epsilonRegI_J[K]	enable	epsilonReg2_0[0]$_DFFE_PN0P_/D
53	0.0703	enable	RsDecodeEuclide.omegaInner_I[J]	enable	RsDecodeEuclide.omegaInner_10[1]$_DFFE_PN0P_/D
54	0.0728	enable	numErasureReg[I]	enable	numErasureReg[0]$_DFFE_PN0P_/D
55	0.0728	enable	numErrorReg[I]	enable	numErrorReg[0]$_DFFE_PN0P_/D
56	0.0775	RsDecodeEuclide.qNewReg[I]	RsDecodeEuclide.omegaInner_I[J]	RsDecodeEuclide.qNewReg[2]$_DFFE_PN0P_/Q	RsDecodeEuclide.omegaInner_2[3]$_DFFE_PN0P_/D
57	0.0775	RsDecodeChien.lambdaReg_I[J]	RsDecodeChien.numErrorRegI[J]	RsDecodeChien.lambdaReg_8[3]$_DFFE_PN0P_/Q	RsDecodeChien.numErrorReg2[0]$_DFFE_PN0P_/D
58	0.0816	enable	RsDecodeEuclide.omegaBkp_I[J]	enable	RsDecodeEuclide.omegaBkp_12[6]$_DFFE_PN0P_/D
59	0.0823	enable	OutputValidReg	enable	OutputValidReg$_DFFE_PN0P_/D
60	0.0827	enable	RsDecodeChien.epsilonSumReg[I]	enable	RsDecodeChien.epsilonSumReg[0]$_DFFE_PN0P_/D
61	0.0849	erasureIn	RsDecodeErasure.erasureCount[I]	erasureIn	RsDecodeErasure.erasureCount[5]$_DFFE_PN0P_/D
62	0.0865	startPls	RsDecodeErasure.erasureCount[I]	startPls	RsDecodeErasure.erasureCount[5]$_DFFE_PN0P_/D
63	0.0881	startPls	RsDecodeSyndrome.reg_I[J]	startPls	RsDecodeSyndrome.reg_18[7]$_DFFE_PN0P_/D
64	0.0884	RsDecodeEuclide.omegaInner_I[J]	RsDecodeEuclide.offset[I]	RsDecodeEuclide.omegaInner_21[1]$_DFFE_PN0P_/Q	RsDecodeEuclide.offset[4]$_DFFE_PN0P_/D
65	0.0918	enable	RsDecodeEuclide.numShiftedReg[I]	enable	RsDecodeEuclide.numShiftedReg[4]$_DFFE_PN0P_/D
66	0.0919	RsDecodeErasure.epsilonReg_I[J]	RsDecodePolymul.sumReg_I[J]	RsDecodeErasure.epsilonReg_22[6]$_DFFE_PN0P_/Q	RsDecodePolymul.sumReg_6[6]$_DFFE_PN0P_/D
67	0.0949	enable	omegaReg_I[J]	enable	omegaReg_10[0]$_DFFE_PN0P_/D
68	0.0949	enable	numShiftedReg[I]	enable	numShiftedReg[0]$_DFFE_PN0P_/D
69	0.1093	enable	RsDecodePolymul.syndromeReg_I[J]	enable	RsDecodePolymul.syndromeReg_13[0]$_DFFE_PN0P_/D
70	0.1126	RsDecodeEuclide.qNewReg[I]	RsDecodeEuclide.lambdaInner_I[J]	RsDecodeEuclide.qNewReg[5]$_DFFE_PN0P_/Q	RsDecodeEuclide.lambdaInner_8[5]$_DFFE_PN0P_/D
71	0.1128	RsDecodePolymul.count[I]	RsDecodeEuclide.lambdaBkp_I[J]	RsDecodePolymul.count[1]$_DFFE_PN0P_/Q	RsDecodeEuclide.lambdaBkp_10[0]$_DFFE_PN0P_/D
72	0.1138	RsDecodeEuclide.omegaInner_I[J]	RsDecodeEuclide.omegaInner_I[J]	RsDecodeEuclide.omegaInner_18[7]$_DFFE_PN0P_/Q	RsDecodeEuclide.omegaInner_19[6]$_DFFE_PN0P_/D
73	0.1143	lambdaRegI_J[K]	degreeLambdaReg[I]	lambdaReg2_17[1]$_DFFE_PN0P_/QN	degreeLambdaReg[0]$_DFFE_PN0P_/D
74	0.1147	erasureIn	RsDecodeErasure.epsilonReg_I[J]	erasureIn	RsDecodeErasure.epsilonReg_0[2]$_DFFE_PN0P_/D
75	0.1157	startPls	RsDecodeErasure.count[I]	startPls	RsDecodeErasure.count[6]$_DFFE_PN0P_/D
76	0.1172	RsDecodePolymul.epsilonReg_I[J]	RsDecodePolymul.sumReg_I[J]	RsDecodePolymul.epsilonReg_22[7]$_DFFE_PN0P_/Q	RsDecodePolymul.sumReg_14[7]$_DFFE_PN0P_/D
77	0.1174	RsDecodeChien.denomEIReg[J]	RsDecodeChien.denomEIInvReg[J]	RsDecodeChien.denomE0Reg[1]$_DFFE_PN0P_/Q	RsDecodeChien.denomE0InvReg[0]$_DFFE_PN0P_/D
78	0.1176	RsDecodeEuclide.qNewReg[I]	RsDecodeEuclide.omegaBkp_I[J]	RsDecodeEuclide.qNewReg[3]$_DFFE_PN0P_/Q	RsDecodeEuclide.omegaBkp_11[5]$_DFFE_PN0P_/D
79	0.1182	RsDecodeEuclide.count[I]	RsDecodeEuclide.lambdaBkp_I[J]	RsDecodeEuclide.count[0]$_DFFE_PN0P_/Q	RsDecodeEuclide.lambdaBkp_10[0]$_DFFE_PN0P_/D
80	0.1184	RsDecodePolymul.count[I]	RsDecodeEuclide.lambdaInner_I[J]	RsDecodePolymul.count[1]$_DFFE_PN0P_/Q	RsDecodeEuclide.lambdaInner_21[5]$_DFFE_PN0P_/D
81	0.1210	RsDecodeEuclide.omegaInner_I[J]	RsDecodeEuclide.omegaInvReg[I]	RsDecodeEuclide.omegaInner_21[3]$_DFFE_PN0P_/Q	RsDecodeEuclide.omegaInvReg[0]$_DFFE_PN0P_/D
82	0.1216	startPls	RsDecodeErasure.epsilonReg_I[J]	startPls	RsDecodeErasure.epsilonReg_10[6]$_DFFE_PN0P_/D
83	0.1237	RsDecodeEuclide.count[I]	RsDecodeEuclide.lambdaInner_I[J]	RsDecodeEuclide.count[0]$_DFFE_PN0P_/Q	RsDecodeEuclide.lambdaInner_21[5]$_DFFE_PN0P_/D
84	0.1262	startPls	RsDecodeSyndrome.count[I]	startPls	RsDecodeSyndrome.count[0]$_DFFE_PN0P_/D
85	0.1284	enable	failReg	enable	failReg$_DFFE_PN0P_/D
86	0.1286	RsDecodeEuclide.count[I]	RsDecodeEuclide.omegaInner_I[J]	RsDecodeEuclide.count[0]$_DFFE_PN0P_/Q	RsDecodeEuclide.omegaInner_10[1]$_DFFE_PN0P_/D
87	0.1287	RsDecodeEuclide.omegaInner_I[J]	RsDecodeEuclide.omegaBkp_I[J]	RsDecodeEuclide.omegaInner_21[1]$_DFFE_PN0P_/Q	RsDecodeEuclide.omegaBkp_10[3]$_DFFE_PN0P_/D
88	0.1291	RsDecodeErasure.powerReg[I]	RsDecodeErasure.epsilonReg_I[J]	RsDecodeErasure.powerReg[5]$_DFFE_PN0P_/Q	RsDecodeErasure.epsilonReg_11[7]$_DFFE_PN0P_/D
89	0.1370	RsDecodePolymul.count[I]	RsDecodeEuclide.omegaInner_I[J]	RsDecodePolymul.count[1]$_DFFE_PN0P_/Q	RsDecodeEuclide.omegaInner_10[1]$_DFFE_PN0P_/D
90	0.1391	RsDecodeEuclide.omegaInner_I[J]	RsDecodeEuclide.lambdaInner_I[J]	RsDecodeEuclide.omegaInner_21[1]$_DFFE_PN0P_/Q	RsDecodeEuclide.lambdaInner_0[4]$_DFFE_PN0P_/D
91	0.1400	enable	RsDecodeEuclide.offset[I]	enable	RsDecodeEuclide.offset[4]$_DFFE_PN0P_/D
92	0.1403	RsDecodeEuclide.omegaInner_I[J]	RsDecodeEuclide.lambdaBkp_I[J]	RsDecodeEuclide.omegaInner_21[1]$_DFFE_PN0P_/Q	RsDecodeEuclide.lambdaBkp_21[6]$_DFFE_PN0P_/D
93	0.1425	RsDecodeEuclide.count[I]	RsDecodeEuclide.omegaBkp_I[J]	RsDecodeEuclide.count[0]$_DFFE_PN0P_/Q	RsDecodeEuclide.omegaBkp_10[3]$_DFFE_PN0P_/D
94	0.1427	startPls	RsDecodeSyndrome.done	startPls	RsDecodeSyndrome.done$_DFFE_PN0P_/D
95	0.1431	numShiftedReg[I]	omegaShiftedReg_I[J]	numShiftedReg[3]$_DFFE_PN0P_/Q	omegaShiftedReg_6[7]$_DFFE_PN0P_/D
96	0.1457	degreeEpsilonReg[I]	RsDecodeEuclide.lambdaInner_I[J]	degreeEpsilonReg[2]$_DFFE_PN0P_/Q	RsDecodeEuclide.lambdaInner_0[4]$_DFFE_PN0P_/D
97	0.1469	degreeEpsilonReg[I]	RsDecodeEuclide.lambdaBkp_I[J]	degreeEpsilonReg[2]$_DFFE_PN0P_/Q	RsDecodeEuclide.lambdaBkp_21[6]$_DFFE_PN0P_/D
98	0.1500	RsDecodeEuclide.count[I]	RsDecodeEuclide.numShiftedReg[I]	RsDecodeEuclide.count[0]$_DFFE_PN0P_/Q	RsDecodeEuclide.numShiftedReg[4]$_DFFE_PN0P_/D
99	0.1505	RsDecodeEuclide.omegaInner_I[J]	RsDecodeEuclide.numShiftedReg[I]	RsDecodeEuclide.omegaInner_21[1]$_DFFE_PN0P_/Q	RsDecodeEuclide.numShiftedReg[4]$_DFFE_PN0P_/D
100	0.1523	RsDecodeEuclide.lambdaInner_I[J]	RsDecodeEuclide.lambdaInner_I[J]	RsDecodeEuclide.lambdaInner_12[6]$_DFFE_PN0P_/Q	RsDecodeEuclide.lambdaInner_12[6]$_DFFE_PN0P_/D
