# stage	1_synth
# top_module	sha512
# top_n	1000
# kind	blocks
# skip_async	1
# include_full	1
# rank	worst_slack_ns	start	end	start_full	end_full
1	-0.3049	core.e_reg[I]	core.a_reg[I]	core.e_reg[31]$_DFFE_PN0P_/Q	core.a_reg[56]$_DFFE_PN0P_/D
2	-0.2626	core.f_reg[I]	core.a_reg[I]	core.f_reg[15]$_DFFE_PN0P_/Q	core.a_reg[56]$_DFFE_PN0P_/D
3	-0.2563	core.g_reg[I]	core.a_reg[I]	core.g_reg[13]$_DFFE_PN0P_/Q	core.a_reg[56]$_DFFE_PN0P_/D
4	-0.2319	address[I]	read_data[I]	address[3]	read_data[3]
5	-0.1566	core.w_mem_inst.w_precomp_reg[I]	core.a_reg[I]	core.w_mem_inst.w_precomp_reg[13]$_DFFE_PN0P_/Q	core.a_reg[56]$_DFFE_PN0P_/D
6	-0.1519	core.e_reg[I]	core.e_reg[I]	core.e_reg[31]$_DFFE_PN0P_/Q	core.e_reg[58]$_DFFE_PN0P_/D
7	-0.1096	core.f_reg[I]	core.e_reg[I]	core.f_reg[15]$_DFFE_PN0P_/Q	core.e_reg[58]$_DFFE_PN0P_/D
8	-0.1033	core.g_reg[I]	core.e_reg[I]	core.g_reg[13]$_DFFE_PN0P_/Q	core.e_reg[58]$_DFFE_PN0P_/D
9	-0.0644	address[I]	error	address[1]	error
10	-0.0572	core.k_data_reg[I]	core.a_reg[I]	core.k_data_reg[15]$_DFFE_PN0P_/Q	core.a_reg[56]$_DFFE_PN0P_/D
11	-0.0036	core.w_mem_inst.w_precomp_reg[I]	core.e_reg[I]	core.w_mem_inst.w_precomp_reg[13]$_DFFE_PN0P_/Q	core.e_reg[58]$_DFFE_PN0P_/D
12	0.0605	core.h_reg[I]	core.a_reg[I]	core.h_reg[15]$_DFFE_PN0P_/Q	core.a_reg[56]$_DFFE_PN0P_/D
13	0.0682	we	read_data[I]	we	read_data[13]
14	0.0874	cs	read_data[I]	cs	read_data[13]
15	0.0959	core.k_data_reg[I]	core.e_reg[I]	core.k_data_reg[15]$_DFFE_PN0P_/Q	core.e_reg[58]$_DFFE_PN0P_/D
16	0.2089	we	error	we	error
17	0.2136	core.h_reg[I]	core.e_reg[I]	core.h_reg[15]$_DFFE_PN0P_/Q	core.e_reg[58]$_DFFE_PN0P_/D
18	0.2546	cs	error	cs	error
19	0.3816	address[I]	block_reg[I][J]	address[0]	block_reg[9][10]$_DFFE_PN0P_/D
20	0.4424	address[I]	work_factor_num_reg[I]	address[4]	work_factor_num_reg[10]$_DFFE_PN0P_/D
21	0.5201	address[I]	work_factor_reg	address[0]	work_factor_reg$_DFFE_PN0P_/D
22	0.5205	address[I]	mode_reg[I]	address[0]	mode_reg[0]$_DFFE_PN1P_/D
23	0.5313	core.w_mem_inst.w_mem[I][J]	core.w_mem_inst.w_precomp_reg[I]	core.w_mem_inst.w_mem[1][17]$_DFFE_PN0P_/Q	core.w_mem_inst.w_precomp_reg[62]$_DFFE_PN0P_/D
24	0.5428	core.w_mem_inst.w_mem[I][J]	core.w_mem_inst.w_mem[I][J]	core.w_mem_inst.w_mem[1][17]$_DFFE_PN0P_/Q	core.w_mem_inst.w_mem[15][62]$_DFFE_PN0P_/D
25	0.5494	address[I]	init_reg	address[0]	init_reg$_DFF_PN0_/D
26	0.5494	address[I]	next_reg	address[0]	next_reg$_DFF_PN0_/D
27	0.5827	core.a_reg[I]	core.a_reg[I]	core.a_reg[42]$_DFFE_PN0P_/Q	core.a_reg[63]$_DFFE_PN0P_/D
28	0.5916	block_reg[I][J]	read_data[I]	block_reg[16][6]$_DFFE_PN0P_/Q	read_data[6]
29	0.5935	digest_reg[I]	read_data[I]	digest_reg[262]$_DFFE_PN0P_/Q	read_data[6]
30	0.6304	we	block_reg[I][J]	we	block_reg[9][10]$_DFFE_PN0P_/D
31	0.6339	cs	block_reg[I][J]	cs	block_reg[9][10]$_DFFE_PN0P_/D
32	0.6418	we	work_factor_num_reg[I]	we	work_factor_num_reg[10]$_DFFE_PN0P_/D
33	0.6622	core.c_reg[I]	core.a_reg[I]	core.c_reg[14]$_DFFE_PN0P_/Q	core.a_reg[63]$_DFFE_PN0P_/D
34	0.6626	core.b_reg[I]	core.a_reg[I]	core.b_reg[14]$_DFFE_PN0P_/Q	core.a_reg[63]$_DFFE_PN0P_/D
35	0.6644	cs	work_factor_num_reg[I]	cs	work_factor_num_reg[10]$_DFFE_PN0P_/D
36	0.7626	work_factor_num_reg[I]	read_data[I]	work_factor_num_reg[1]$_DFFE_PN0P_/Q	read_data[1]
37	0.7816	mode_reg[I]	read_data[I]	mode_reg[1]$_DFFE_PN1P_/Q	read_data[3]
38	0.7849	ready_reg	read_data[I]	ready_reg$_DFF_PN0_/Q	read_data[0]
39	0.7961	we	work_factor_reg	we	work_factor_reg$_DFFE_PN0P_/D
40	0.7964	we	mode_reg[I]	we	mode_reg[0]$_DFFE_PN1P_/D
41	0.7969	digest_valid_reg	read_data[I]	digest_valid_reg$_DFF_PN0_/Q	read_data[1]
42	0.7975	next_reg	read_data[I]	next_reg$_DFF_PN0_/Q	read_data[1]
43	0.8014	cs	work_factor_reg	cs	work_factor_reg$_DFFE_PN0P_/D
44	0.8015	init_reg	read_data[I]	init_reg$_DFF_PN0_/Q	read_data[0]
45	0.8018	cs	mode_reg[I]	cs	mode_reg[0]$_DFFE_PN1P_/D
46	0.8036	write_data[I]	block_reg[I][J]	write_data[0]	block_reg[0][0]$_DFFE_PN0P_/D
47	0.8036	write_data[I]	work_factor_num_reg[I]	write_data[0]	work_factor_num_reg[0]$_DFFE_PN0P_/D
48	0.8068	core.d_reg[I]	core.e_reg[I]	core.d_reg[7]$_DFFE_PN0P_/Q	core.e_reg[58]$_DFFE_PN0P_/D
49	0.8105	core.work_factor_ctr_reg[I]	core.w_mem_inst.w_mem[I][J]	core.work_factor_ctr_reg[19]$_DFFE_PN0P_/Q	core.w_mem_inst.w_mem[0][0]$_DFFE_PN0P_/D
50	0.8105	core.work_factor_ctr_reg[I]	core.w_mem_inst.w_precomp_reg[I]	core.work_factor_ctr_reg[19]$_DFFE_PN0P_/Q	core.w_mem_inst.w_precomp_reg[11]$_DFFE_PN0P_/D
51	0.8198	core.f_reg[I]	core.HI_reg[J]	core.f_reg[16]$_DFFE_PN0P_/Q	core.H5_reg[57]$_DFFE_PN0P_/D
52	0.8253	we	init_reg	we	init_reg$_DFF_PN0_/D
53	0.8253	we	next_reg	we	next_reg$_DFF_PN0_/D
54	0.8276	core.HI_reg[J]	core.HI_reg[J]	core.H5_reg[16]$_DFFE_PN0P_/Q	core.H5_reg[57]$_DFFE_PN0P_/D
55	0.8305	work_factor_reg	read_data[I]	work_factor_reg$_DFFE_PN0P_/Q	read_data[7]
56	0.8306	cs	init_reg	cs	init_reg$_DFF_PN0_/D
57	0.8306	cs	next_reg	cs	next_reg$_DFF_PN0_/D
58	0.8368	core.h_reg[I]	core.HI_reg[J]	core.h_reg[22]$_DFFE_PN0P_/Q	core.H7_reg[47]$_DFFE_PN0P_/D
59	0.8400	write_data[I]	init_reg	write_data[0]	init_reg$_DFF_PN0_/D
60	0.8400	write_data[I]	next_reg	write_data[1]	next_reg$_DFF_PN0_/D
61	0.8480	core.w_mem_inst.w_ctr_reg[I]	core.w_mem_inst.w_precomp_reg[I]	core.w_mem_inst.w_ctr_reg[1]$_DFFE_PN0P_/Q	core.w_mem_inst.w_precomp_reg[15]$_DFFE_PN0P_/D
62	0.8530	core.b_reg[I]	core.HI_reg[J]	core.b_reg[20]$_DFFE_PN0P_/Q	core.H1_reg[45]$_DFFE_PN0P_/D
63	0.8551	core.work_factor_ctr_reg[I]	core.d_reg[I]	core.work_factor_ctr_reg[19]$_DFFE_PN0P_/Q	core.d_reg[46]$_DFFE_PN0P_/D
64	0.8551	core.work_factor_ctr_reg[I]	core.e_reg[I]	core.work_factor_ctr_reg[19]$_DFFE_PN0P_/Q	core.e_reg[23]$_DFFE_PN0P_/D
65	0.8569	work_factor_num_reg[I]	core.w_mem_inst.w_mem[I][J]	work_factor_num_reg[17]$_DFFE_PN1P_/QN	core.w_mem_inst.w_mem[0][0]$_DFFE_PN0P_/D
66	0.8569	work_factor_num_reg[I]	core.w_mem_inst.w_precomp_reg[I]	work_factor_num_reg[17]$_DFFE_PN1P_/QN	core.w_mem_inst.w_precomp_reg[11]$_DFFE_PN0P_/D
67	0.8621	write_data[I]	work_factor_reg	write_data[7]	work_factor_reg$_DFFE_PN0P_/D
68	0.8623	core.g_reg[I]	core.HI_reg[J]	core.g_reg[0]$_DFFE_PN0P_/Q	core.H6_reg[60]$_DFFE_PN0P_/D
69	0.8624	write_data[I]	mode_reg[I]	write_data[2]	mode_reg[0]$_DFFE_PN1P_/D
70	0.8639	core.work_factor_ctr_reg[I]	core.c_reg[I]	core.work_factor_ctr_reg[19]$_DFFE_PN0P_/Q	core.c_reg[51]$_DFFE_PN0P_/D
71	0.8645	core.work_factor_ctr_reg[I]	core.f_reg[I]	core.work_factor_ctr_reg[19]$_DFFE_PN0P_/Q	core.f_reg[16]$_DFFE_PN0P_/D
72	0.8645	core.work_factor_ctr_reg[I]	core.g_reg[I]	core.work_factor_ctr_reg[19]$_DFFE_PN0P_/Q	core.g_reg[14]$_DFFE_PN0P_/D
73	0.8645	core.work_factor_ctr_reg[I]	core.h_reg[I]	core.work_factor_ctr_reg[19]$_DFFE_PN0P_/Q	core.h_reg[30]$_DFFE_PN0P_/D
74	0.8726	core.work_factor_ctr_reg[I]	core.k_data_reg[I]	core.work_factor_ctr_reg[19]$_DFFE_PN0P_/Q	core.k_data_reg[1]$_DFFE_PN0P_/D
75	0.8739	core.work_factor_ctr_reg[I]	core.a_reg[I]	core.work_factor_ctr_reg[19]$_DFFE_PN0P_/Q	core.a_reg[60]$_DFFE_PN0P_/D
76	0.8763	core.c_reg[I]	core.HI_reg[J]	core.c_reg[16]$_DFFE_PN0P_/Q	core.H2_reg[49]$_DFFE_PN0P_/D
77	0.8782	core.work_factor_ctr_reg[I]	core.b_reg[I]	core.work_factor_ctr_reg[19]$_DFFE_PN0P_/Q	core.b_reg[50]$_DFFE_PN0P_/D
78	0.8784	core.a_reg[I]	core.HI_reg[J]	core.a_reg[7]$_DFFE_PN0P_/Q	core.H0_reg[56]$_DFFE_PN0P_/D
79	0.8784	core.work_factor_ctr_reg[I]	core.w_mem_inst.w_ctr_reg[I]	core.work_factor_ctr_reg[19]$_DFFE_PN0P_/Q	core.w_mem_inst.w_ctr_reg[5]$_DFFE_PN0P_/D
80	0.8784	core.work_factor_ctr_reg[I]	core.round_ctr_reg[I]	core.work_factor_ctr_reg[19]$_DFFE_PN0P_/Q	core.round_ctr_reg[2]$_DFFE_PN0P_/D
81	0.8835	core.work_factor_ctr_reg[I]	core.HI_reg[J]	core.work_factor_ctr_reg[19]$_DFFE_PN0P_/Q	core.H2_reg[63]$_DFFE_PN0P_/D
82	0.8857	core.d_reg[I]	core.HI_reg[J]	core.d_reg[0]$_DFFE_PN0P_/Q	core.H3_reg[44]$_DFFE_PN0P_/D
83	0.8859	work_factor_num_reg[I]	core.g_reg[I]	work_factor_num_reg[7]$_DFFE_PN0P_/QN	core.g_reg[29]$_DFFE_PN0P_/D
84	0.8859	work_factor_num_reg[I]	core.h_reg[I]	work_factor_num_reg[7]$_DFFE_PN0P_/QN	core.h_reg[22]$_DFFE_PN0P_/D
85	0.8904	work_factor_num_reg[I]	core.c_reg[I]	work_factor_num_reg[7]$_DFFE_PN0P_/QN	core.c_reg[28]$_DFFE_PN0P_/D
86	0.8904	work_factor_num_reg[I]	core.d_reg[I]	work_factor_num_reg[7]$_DFFE_PN0P_/QN	core.d_reg[12]$_DFFE_PN0P_/D
87	0.8937	core.e_reg[I]	core.HI_reg[J]	core.e_reg[21]$_DFFE_PN0P_/Q	core.H4_reg[60]$_DFFE_PN0P_/D
88	0.8983	work_factor_num_reg[I]	core.b_reg[I]	work_factor_num_reg[7]$_DFFE_PN0P_/QN	core.b_reg[50]$_DFFE_PN0P_/D
89	0.9010	work_factor_num_reg[I]	core.e_reg[I]	work_factor_num_reg[7]$_DFFE_PN0P_/QN	core.e_reg[23]$_DFFE_PN0P_/D
90	0.9012	work_factor_num_reg[I]	core.a_reg[I]	work_factor_num_reg[7]$_DFFE_PN0P_/QN	core.a_reg[15]$_DFFE_PN0P_/D
91	0.9025	work_factor_num_reg[I]	core.f_reg[I]	work_factor_num_reg[7]$_DFFE_PN0P_/QN	core.f_reg[28]$_DFFE_PN0P_/D
92	0.9069	core.round_ctr_reg[I]	core.k_data_reg[I]	core.round_ctr_reg[1]$_DFFE_PN0P_/Q	core.k_data_reg[49]$_DFFE_PN0P_/D
93	0.9073	core.work_factor_ctr_reg[I]	core.digest_valid_reg	core.work_factor_ctr_reg[7]$_DFFE_PN0P_/Q	core.digest_valid_reg$_DFFE_PN0P_/D
94	0.9076	core.work_factor_ctr_reg[I]	core.ready_reg	core.work_factor_ctr_reg[7]$_DFFE_PN0P_/Q	core.ready_reg$_DFFE_PN1P_/D
95	0.9190	work_factor_num_reg[I]	core.k_data_reg[I]	work_factor_num_reg[17]$_DFFE_PN1P_/QN	core.k_data_reg[1]$_DFFE_PN0P_/D
96	0.9201	work_factor_num_reg[I]	core.digest_valid_reg	work_factor_num_reg[7]$_DFFE_PN0P_/QN	core.digest_valid_reg$_DFFE_PN0P_/D
97	0.9205	work_factor_num_reg[I]	core.ready_reg	work_factor_num_reg[7]$_DFFE_PN0P_/QN	core.ready_reg$_DFFE_PN1P_/D
98	0.9224	work_factor_num_reg[I]	core.HI_reg[J]	work_factor_num_reg[7]$_DFFE_PN0P_/QN	core.H0_reg[10]$_DFFE_PN0P_/D
99	0.9248	work_factor_num_reg[I]	core.w_mem_inst.w_ctr_reg[I]	work_factor_num_reg[17]$_DFFE_PN1P_/QN	core.w_mem_inst.w_ctr_reg[5]$_DFFE_PN0P_/D
100	0.9249	work_factor_num_reg[I]	core.round_ctr_reg[I]	work_factor_num_reg[17]$_DFFE_PN1P_/QN	core.round_ctr_reg[2]$_DFFE_PN0P_/D
101	0.9677	core.w_mem_inst.w_ctr_reg[I]	core.w_mem_inst.w_mem[I][J]	core.w_mem_inst.w_ctr_reg[1]$_DFFE_PN0P_/Q	core.w_mem_inst.w_mem[13][0]$_DFFE_PN0P_/D
102	0.9705	core.round_ctr_reg[I]	core.work_factor_ctr_reg[I]	core.round_ctr_reg[5]$_DFFE_PN0P_/Q	core.work_factor_ctr_reg[27]$_DFFE_PN0P_/D
103	0.9999	core.shaI_ctrl_reg[J]	core.work_factor_ctr_reg[I]	core.sha512_ctrl_reg[2]$_DFF_PN0_/Q	core.work_factor_ctr_reg[27]$_DFFE_PN0P_/D
104	1.0217	core.work_factor_ctr_reg[I]	core.work_factor_ctr_reg[I]	core.work_factor_ctr_reg[2]$_DFFE_PN0P_/Q	core.work_factor_ctr_reg[27]$_DFFE_PN0P_/D
105	1.0349	core.shaI_ctrl_reg[J]	core.k_data_reg[I]	core.sha512_ctrl_reg[2]$_DFF_PN0_/Q	core.k_data_reg[6]$_DFFE_PN0P_/D
106	1.0518	core.work_factor_ctr_reg[I]	core.shaI_ctrl_reg[J]	core.work_factor_ctr_reg[7]$_DFFE_PN0P_/Q	core.sha512_ctrl_reg[0]$_DFF_PN1_/D
107	1.0520	core.shaI_ctrl_reg[J]	core.e_reg[I]	core.sha512_ctrl_reg[2]$_DFF_PN0_/Q	core.e_reg[58]$_DFFE_PN0P_/D
108	1.0596	core.round_ctr_reg[I]	core.round_ctr_reg[I]	core.round_ctr_reg[2]$_DFFE_PN0P_/Q	core.round_ctr_reg[5]$_DFFE_PN0P_/D
109	1.0646	work_factor_num_reg[I]	core.shaI_ctrl_reg[J]	work_factor_num_reg[7]$_DFFE_PN0P_/QN	core.sha512_ctrl_reg[0]$_DFF_PN1_/D
110	1.0680	core.shaI_ctrl_reg[J]	core.f_reg[I]	core.sha512_ctrl_reg[2]$_DFF_PN0_/Q	core.f_reg[0]$_DFFE_PN0P_/D
111	1.0698	core.shaI_ctrl_reg[J]	core.b_reg[I]	core.sha512_ctrl_reg[2]$_DFF_PN0_/Q	core.b_reg[12]$_DFFE_PN0P_/D
112	1.0698	core.shaI_ctrl_reg[J]	core.c_reg[I]	core.sha512_ctrl_reg[2]$_DFF_PN0_/Q	core.c_reg[0]$_DFFE_PN0P_/D
113	1.0698	core.shaI_ctrl_reg[J]	core.d_reg[I]	core.sha512_ctrl_reg[2]$_DFF_PN0_/Q	core.d_reg[0]$_DFFE_PN0P_/D
114	1.0698	core.shaI_ctrl_reg[J]	core.g_reg[I]	core.sha512_ctrl_reg[2]$_DFF_PN0_/Q	core.g_reg[0]$_DFFE_PN0P_/D
115	1.0698	core.shaI_ctrl_reg[J]	core.h_reg[I]	core.sha512_ctrl_reg[2]$_DFF_PN0_/Q	core.h_reg[0]$_DFFE_PN0P_/D
116	1.0759	core.shaI_ctrl_reg[J]	core.w_mem_inst.w_precomp_reg[I]	core.sha512_ctrl_reg[2]$_DFF_PN0_/Q	core.w_mem_inst.w_precomp_reg[53]$_DFFE_PN0P_/D
117	1.0833	core.shaI_ctrl_reg[J]	core.a_reg[I]	core.sha512_ctrl_reg[2]$_DFF_PN0_/Q	core.a_reg[29]$_DFFE_PN0P_/D
118	1.0896	core.shaI_ctrl_reg[J]	core.w_mem_inst.w_ctr_reg[I]	core.sha512_ctrl_reg[2]$_DFF_PN0_/Q	core.w_mem_inst.w_ctr_reg[5]$_DFFE_PN0P_/D
119	1.0896	core.shaI_ctrl_reg[J]	core.round_ctr_reg[I]	core.sha512_ctrl_reg[2]$_DFF_PN0_/Q	core.round_ctr_reg[2]$_DFFE_PN0P_/D
120	1.0948	init_reg	core.w_mem_inst.w_mem[I][J]	init_reg$_DFF_PN0_/Q	core.w_mem_inst.w_mem[0][0]$_DFFE_PN0P_/D
121	1.0948	init_reg	core.w_mem_inst.w_precomp_reg[I]	init_reg$_DFF_PN0_/Q	core.w_mem_inst.w_precomp_reg[11]$_DFFE_PN0P_/D
122	1.0959	core.shaI_ctrl_reg[J]	core.w_mem_inst.w_mem[I][J]	core.sha512_ctrl_reg[2]$_DFF_PN0_/Q	core.w_mem_inst.w_mem[13][0]$_DFFE_PN0P_/D
123	1.1015	next_reg	core.w_mem_inst.w_mem[I][J]	next_reg$_DFF_PN0_/Q	core.w_mem_inst.w_mem[0][0]$_DFFE_PN0P_/D
124	1.1015	next_reg	core.w_mem_inst.w_precomp_reg[I]	next_reg$_DFF_PN0_/Q	core.w_mem_inst.w_precomp_reg[11]$_DFFE_PN0P_/D
125	1.1017	core.shaI_ctrl_reg[J]	core.HI_reg[J]	core.sha512_ctrl_reg[0]$_DFF_PN1_/Q	core.H1_reg[50]$_DFFE_PN0P_/D
126	1.1245	init_reg	core.HI_reg[J]	init_reg$_DFF_PN0_/Q	core.H1_reg[50]$_DFFE_PN0P_/D
127	1.1286	init_reg	core.k_data_reg[I]	init_reg$_DFF_PN0_/Q	core.k_data_reg[1]$_DFFE_PN0P_/D
128	1.1299	init_reg	core.a_reg[I]	init_reg$_DFF_PN0_/Q	core.a_reg[60]$_DFFE_PN0P_/D
129	1.1307	init_reg	core.e_reg[I]	init_reg$_DFF_PN0_/Q	core.e_reg[49]$_DFFE_PN0P_/D
130	1.1310	init_reg	core.d_reg[I]	init_reg$_DFF_PN0_/Q	core.d_reg[41]$_DFFE_PN0P_/D
131	1.1310	init_reg	core.h_reg[I]	init_reg$_DFF_PN0_/Q	core.h_reg[1]$_DFFE_PN0P_/D
132	1.1310	init_reg	core.f_reg[I]	init_reg$_DFF_PN0_/Q	core.f_reg[28]$_DFFE_PN0P_/D
133	1.1312	init_reg	core.g_reg[I]	init_reg$_DFF_PN0_/Q	core.g_reg[38]$_DFFE_PN0P_/D
134	1.1328	work_factor_reg	core.w_mem_inst.w_mem[I][J]	work_factor_reg$_DFFE_PN0P_/Q	core.w_mem_inst.w_mem[0][0]$_DFFE_PN0P_/D
135	1.1328	work_factor_reg	core.w_mem_inst.w_precomp_reg[I]	work_factor_reg$_DFFE_PN0P_/Q	core.w_mem_inst.w_precomp_reg[11]$_DFFE_PN0P_/D
136	1.1345	init_reg	core.w_mem_inst.w_ctr_reg[I]	init_reg$_DFF_PN0_/Q	core.w_mem_inst.w_ctr_reg[5]$_DFFE_PN0P_/D
137	1.1345	init_reg	core.round_ctr_reg[I]	init_reg$_DFF_PN0_/Q	core.round_ctr_reg[2]$_DFFE_PN0P_/D
138	1.1354	next_reg	core.k_data_reg[I]	next_reg$_DFF_PN0_/Q	core.k_data_reg[1]$_DFFE_PN0P_/D
139	1.1366	next_reg	core.a_reg[I]	next_reg$_DFF_PN0_/Q	core.a_reg[60]$_DFFE_PN0P_/D
140	1.1374	work_factor_reg	core.d_reg[I]	work_factor_reg$_DFFE_PN0P_/Q	core.d_reg[30]$_DFFE_PN0P_/D
141	1.1374	work_factor_reg	core.e_reg[I]	work_factor_reg$_DFFE_PN0P_/Q	core.e_reg[23]$_DFFE_PN0P_/D
142	1.1374	next_reg	core.e_reg[I]	next_reg$_DFF_PN0_/Q	core.e_reg[49]$_DFFE_PN0P_/D
143	1.1377	work_factor_reg	core.a_reg[I]	work_factor_reg$_DFFE_PN0P_/Q	core.a_reg[15]$_DFFE_PN0P_/D
144	1.1377	work_factor_reg	core.b_reg[I]	work_factor_reg$_DFFE_PN0P_/Q	core.b_reg[0]$_DFFE_PN0P_/D
145	1.1377	next_reg	core.d_reg[I]	next_reg$_DFF_PN0_/Q	core.d_reg[41]$_DFFE_PN0P_/D
146	1.1377	next_reg	core.h_reg[I]	next_reg$_DFF_PN0_/Q	core.h_reg[1]$_DFFE_PN0P_/D
147	1.1377	next_reg	core.f_reg[I]	next_reg$_DFF_PN0_/Q	core.f_reg[28]$_DFFE_PN0P_/D
148	1.1379	next_reg	core.g_reg[I]	next_reg$_DFF_PN0_/Q	core.g_reg[38]$_DFFE_PN0P_/D
149	1.1412	next_reg	core.w_mem_inst.w_ctr_reg[I]	next_reg$_DFF_PN0_/Q	core.w_mem_inst.w_ctr_reg[5]$_DFFE_PN0P_/D
150	1.1412	next_reg	core.round_ctr_reg[I]	next_reg$_DFF_PN0_/Q	core.round_ctr_reg[2]$_DFFE_PN0P_/D
151	1.1420	work_factor_reg	core.f_reg[I]	work_factor_reg$_DFFE_PN0P_/Q	core.f_reg[0]$_DFFE_PN0P_/D
152	1.1421	work_factor_reg	core.c_reg[I]	work_factor_reg$_DFFE_PN0P_/Q	core.c_reg[41]$_DFFE_PN0P_/D
153	1.1421	work_factor_reg	core.g_reg[I]	work_factor_reg$_DFFE_PN0P_/Q	core.g_reg[0]$_DFFE_PN0P_/D
154	1.1433	init_reg	core.b_reg[I]	init_reg$_DFF_PN0_/Q	core.b_reg[0]$_DFFE_PN0P_/D
155	1.1477	init_reg	core.c_reg[I]	init_reg$_DFF_PN0_/Q	core.c_reg[41]$_DFFE_PN0P_/D
156	1.1479	next_reg	core.b_reg[I]	next_reg$_DFF_PN0_/Q	core.b_reg[0]$_DFFE_PN0P_/D
157	1.1489	work_factor_reg	core.h_reg[I]	work_factor_reg$_DFFE_PN0P_/Q	core.h_reg[22]$_DFFE_PN0P_/D
158	1.1523	next_reg	core.c_reg[I]	next_reg$_DFF_PN0_/Q	core.c_reg[41]$_DFFE_PN0P_/D
159	1.1556	mode_reg[I]	core.HI_reg[J]	mode_reg[1]$_DFFE_PN1P_/QN	core.H1_reg[50]$_DFFE_PN0P_/D
160	1.1570	core.shaI_ctrl_reg[J]	core.shaI_ctrl_reg[J]	core.sha512_ctrl_reg[2]$_DFF_PN0_/Q	core.sha512_ctrl_reg[0]$_DFF_PN1_/D
161	1.1647	work_factor_reg	core.w_mem_inst.w_ctr_reg[I]	work_factor_reg$_DFFE_PN0P_/Q	core.w_mem_inst.w_ctr_reg[0]$_DFFE_PN0P_/D
162	1.1697	mode_reg[I]	core.f_reg[I]	mode_reg[0]$_DFFE_PN1P_/Q	core.f_reg[51]$_DFFE_PN0P_/D
163	1.1697	mode_reg[I]	core.g_reg[I]	mode_reg[0]$_DFFE_PN1P_/Q	core.g_reg[38]$_DFFE_PN0P_/D
164	1.1697	mode_reg[I]	core.h_reg[I]	mode_reg[0]$_DFFE_PN1P_/Q	core.h_reg[16]$_DFFE_PN0P_/D
165	1.1735	mode_reg[I]	core.c_reg[I]	mode_reg[0]$_DFFE_PN1P_/Q	core.c_reg[16]$_DFFE_PN0P_/D
166	1.1735	mode_reg[I]	core.d_reg[I]	mode_reg[0]$_DFFE_PN1P_/Q	core.d_reg[15]$_DFFE_PN0P_/D
167	1.1735	mode_reg[I]	core.e_reg[I]	mode_reg[0]$_DFFE_PN1P_/Q	core.e_reg[10]$_DFFE_PN0P_/D
168	1.1744	mode_reg[I]	core.b_reg[I]	mode_reg[1]$_DFFE_PN1P_/Q	core.b_reg[20]$_DFFE_PN0P_/D
169	1.1792	mode_reg[I]	core.a_reg[I]	mode_reg[1]$_DFFE_PN1P_/Q	core.a_reg[63]$_DFFE_PN0P_/D
170	1.1905	work_factor_reg	core.k_data_reg[I]	work_factor_reg$_DFFE_PN0P_/Q	core.k_data_reg[6]$_DFFE_PN0P_/D
171	1.1986	work_factor_reg	core.digest_valid_reg	work_factor_reg$_DFFE_PN0P_/Q	core.digest_valid_reg$_DFFE_PN0P_/D
172	1.1990	work_factor_reg	core.ready_reg	work_factor_reg$_DFFE_PN0P_/Q	core.ready_reg$_DFFE_PN1P_/D
173	1.2003	work_factor_reg	core.round_ctr_reg[I]	work_factor_reg$_DFFE_PN0P_/Q	core.round_ctr_reg[2]$_DFFE_PN0P_/D
174	1.2009	work_factor_reg	core.HI_reg[J]	work_factor_reg$_DFFE_PN0P_/Q	core.H0_reg[10]$_DFFE_PN0P_/D
175	1.2159	core.w_mem_inst.w_ctr_reg[I]	core.w_mem_inst.w_ctr_reg[I]	core.w_mem_inst.w_ctr_reg[1]$_DFFE_PN0P_/Q	core.w_mem_inst.w_ctr_reg[6]$_DFFE_PN0P_/D
176	1.2176	init_reg	core.work_factor_ctr_reg[I]	init_reg$_DFF_PN0_/Q	core.work_factor_ctr_reg[20]$_DFFE_PN0P_/D
177	1.2243	next_reg	core.work_factor_ctr_reg[I]	next_reg$_DFF_PN0_/Q	core.work_factor_ctr_reg[20]$_DFFE_PN0P_/D
178	1.2558	core.shaI_ctrl_reg[J]	core.digest_valid_reg	core.sha512_ctrl_reg[1]$_DFF_PN0_/Q	core.digest_valid_reg$_DFFE_PN0P_/D
179	1.2561	core.shaI_ctrl_reg[J]	core.ready_reg	core.sha512_ctrl_reg[1]$_DFF_PN0_/Q	core.ready_reg$_DFFE_PN1P_/D
180	1.2815	core.digest_valid_reg	digest_reg[I]	core.digest_valid_reg$_DFFE_PN0P_/Q	digest_reg[442]$_DFFE_PN0P_/D
181	1.3103	core.digest_valid_reg	core.digest_valid_reg	core.digest_valid_reg$_DFFE_PN0P_/Q	core.digest_valid_reg$_DFFE_PN0P_/D
182	1.3103	core.round_ctr_reg[I]	core.shaI_ctrl_reg[J]	core.round_ctr_reg[5]$_DFFE_PN0P_/Q	core.sha512_ctrl_reg[1]$_DFF_PN0_/D
183	1.3120	block_reg[I][J]	core.w_mem_inst.w_precomp_reg[I]	block_reg[0][26]$_DFFE_PN0P_/Q	core.w_mem_inst.w_precomp_reg[58]$_DFFE_PN0P_/D
184	1.3312	core.HI_reg[J]	core.a_reg[I]	core.H0_reg[35]$_DFFE_PN0P_/Q	core.a_reg[35]$_DFFE_PN0P_/D
185	1.3423	core.w_mem_inst.w_precomp_reg[I]	core.w_mem_inst.w_precomp_reg[I]	core.w_mem_inst.w_precomp_reg[58]$_DFFE_PN0P_/Q	core.w_mem_inst.w_precomp_reg[58]$_DFFE_PN0P_/D
186	1.3454	core.HI_reg[J]	core.e_reg[I]	core.H4_reg[20]$_DFFE_PN0P_/Q	core.e_reg[20]$_DFFE_PN0P_/D
187	1.3528	core.HI_reg[J]	core.b_reg[I]	core.H1_reg[1]$_DFFE_PN0P_/Q	core.b_reg[1]$_DFFE_PN0P_/D
188	1.3561	init_reg	core.shaI_ctrl_reg[J]	init_reg$_DFF_PN0_/Q	core.sha512_ctrl_reg[2]$_DFF_PN0_/D
189	1.3592	core.HI_reg[J]	core.d_reg[I]	core.H3_reg[0]$_DFFE_PN0P_/Q	core.d_reg[0]$_DFFE_PN0P_/D
190	1.3622	next_reg	core.shaI_ctrl_reg[J]	next_reg$_DFF_PN0_/Q	core.sha512_ctrl_reg[2]$_DFF_PN0_/D
191	1.3636	core.HI_reg[J]	core.g_reg[I]	core.H6_reg[49]$_DFFE_PN0P_/Q	core.g_reg[49]$_DFFE_PN0P_/D
192	1.3663	core.b_reg[I]	core.b_reg[I]	core.b_reg[63]$_DFFE_PN0P_/Q	core.b_reg[63]$_DFFE_PN0P_/D
193	1.3786	block_reg[I][J]	core.w_mem_inst.w_mem[I][J]	block_reg[0][26]$_DFFE_PN0P_/Q	core.w_mem_inst.w_mem[0][58]$_DFFE_PN0P_/D
194	1.3844	core.HI_reg[J]	core.f_reg[I]	core.H5_reg[13]$_DFFE_PN0P_/Q	core.f_reg[13]$_DFFE_PN0P_/D
195	1.3844	core.HI_reg[J]	core.h_reg[I]	core.H7_reg[13]$_DFFE_PN0P_/Q	core.h_reg[13]$_DFFE_PN0P_/D
196	1.3866	core.c_reg[I]	core.c_reg[I]	core.c_reg[13]$_DFFE_PN0P_/Q	core.c_reg[13]$_DFFE_PN0P_/D
197	1.3884	core.d_reg[I]	core.d_reg[I]	core.d_reg[13]$_DFFE_PN0P_/Q	core.d_reg[13]$_DFFE_PN0P_/D
198	1.3966	core.g_reg[I]	core.g_reg[I]	core.g_reg[63]$_DFFE_PN0P_/Q	core.g_reg[63]$_DFFE_PN0P_/D
199	1.3993	init_reg	core.digest_valid_reg	init_reg$_DFF_PN0_/Q	core.digest_valid_reg$_DFFE_PN0P_/D
200	1.3996	init_reg	core.ready_reg	init_reg$_DFF_PN0_/Q	core.ready_reg$_DFFE_PN1P_/D
201	1.4036	core.HI_reg[J]	core.c_reg[I]	core.H2_reg[41]$_DFFE_PN0P_/Q	core.c_reg[41]$_DFFE_PN0P_/D
202	1.4039	next_reg	core.digest_valid_reg	next_reg$_DFF_PN0_/Q	core.digest_valid_reg$_DFFE_PN0P_/D
203	1.4043	next_reg	core.ready_reg	next_reg$_DFF_PN0_/Q	core.ready_reg$_DFFE_PN1P_/D
204	1.4047	core.a_reg[I]	core.b_reg[I]	core.a_reg[10]$_DFFE_PN0P_/Q	core.b_reg[10]$_DFFE_PN0P_/D
205	1.4050	core.e_reg[I]	core.f_reg[I]	core.e_reg[43]$_DFFE_PN0P_/Q	core.f_reg[43]$_DFFE_PN0P_/D
206	1.4098	core.f_reg[I]	core.f_reg[I]	core.f_reg[1]$_DFFE_PN0P_/Q	core.f_reg[1]$_DFFE_PN0P_/D
207	1.4160	core.h_reg[I]	core.h_reg[I]	core.h_reg[0]$_DFFE_PN0P_/Q	core.h_reg[0]$_DFFE_PN0P_/D
208	1.4195	work_factor_reg	core.shaI_ctrl_reg[J]	work_factor_reg$_DFFE_PN0P_/QN	core.sha512_ctrl_reg[0]$_DFF_PN1_/D
209	1.4258	core.c_reg[I]	core.d_reg[I]	core.c_reg[63]$_DFFE_PN0P_/Q	core.d_reg[63]$_DFFE_PN0P_/D
210	1.4314	core.HI_reg[J]	digest_reg[I]	core.H4_reg[63]$_DFFE_PN0P_/Q	digest_reg[255]$_DFFE_PN0P_/D
211	1.4318	core.b_reg[I]	core.c_reg[I]	core.b_reg[63]$_DFFE_PN0P_/Q	core.c_reg[63]$_DFFE_PN0P_/D
212	1.4344	block_reg[I][J]	block_reg[I][J]	block_reg[0][26]$_DFFE_PN0P_/Q	block_reg[0][26]$_DFFE_PN0P_/D
213	1.4424	core.g_reg[I]	core.h_reg[I]	core.g_reg[63]$_DFFE_PN0P_/Q	core.h_reg[63]$_DFFE_PN0P_/D
214	1.4456	mode_reg[I]	mode_reg[I]	mode_reg[1]$_DFFE_PN1P_/Q	mode_reg[1]$_DFFE_PN1P_/D
215	1.4462	core.f_reg[I]	core.g_reg[I]	core.f_reg[29]$_DFFE_PN0P_/Q	core.g_reg[29]$_DFFE_PN0P_/D
216	1.4481	core.k_data_reg[I]	core.k_data_reg[I]	core.k_data_reg[39]$_DFFE_PN0P_/Q	core.k_data_reg[39]$_DFFE_PN0P_/D
217	1.4585	work_factor_num_reg[I]	work_factor_num_reg[I]	work_factor_num_reg[0]$_DFFE_PN0P_/Q	work_factor_num_reg[0]$_DFFE_PN0P_/D
218	1.4601	work_factor_reg	work_factor_reg	work_factor_reg$_DFFE_PN0P_/Q	work_factor_reg$_DFFE_PN0P_/D
219	1.4667	digest_reg[I]	digest_reg[I]	digest_reg[100]$_DFFE_PN0P_/Q	digest_reg[100]$_DFFE_PN0P_/D
220	1.4903	core.ready_reg	core.ready_reg	core.ready_reg$_DFFE_PN1P_/Q	core.ready_reg$_DFFE_PN1P_/D
221	1.5130	core.digest_valid_reg	digest_valid_reg	core.digest_valid_reg$_DFFE_PN0P_/Q	digest_valid_reg$_DFF_PN0_/D
222	1.5238	core.ready_reg	ready_reg	core.ready_reg$_DFFE_PN1P_/Q	ready_reg$_DFF_PN0_/D
