# stage	1_synth
# top_module	ddr3_controller
# top_n	100
# kind	blocks
# skip_async	1
# include_full	1
# rank	worst_slack_ns	start	end	start_full	end_full
1	-0.3033	lane[I]	dq_target_index[I][J]	lane[1]$_SDFFE_PP0P_/Q	dq_target_index[4][3]$_SDFFCE_PN0P_/D
2	-0.2183	lane[I]	added_read_pipe[I]	lane[1]$_SDFFE_PP0P_/Q	added_read_pipe[0]$_SDFFCE_PN0P_/D
3	-0.1768	lane[I]	dqs_target_index[I]	lane[1]$_SDFFE_PP0P_/Q	dqs_target_index[0]$_SDFFE_PP0P_/D
4	-0.1457	lane[I]	data_start_index[I][J]	lane[1]$_SDFFE_PP0P_/Q	data_start_index[0][5]$_SDFFCE_PN0P_/D
5	-0.1341	i_phy_iserdes_bitslip_reference[I]	state_calibrate[I]	i_phy_iserdes_bitslip_reference[29]	state_calibrate[0]$_SDFFE_PP0P_/D
6	-0.1325	i_phy_idelayctrl_rdy	write_test_address_counter[I]	i_phy_idelayctrl_rdy	write_test_address_counter[21]$_SDFFE_PP0P_/D
7	-0.1244	index_wb_data	o_wb_data[I]	index_wb_data$_SDFFE_PP0P_/Q	o_wb_data[113]
8	-0.1138	data_start_index[I][J]	data_start_index[I][J]	data_start_index[0][3]$_SDFFCE_PN0P_/Q	data_start_index[0][5]$_SDFFCE_PN0P_/D
9	-0.1127	i_phy_iserdes_bitslip_reference[I]	lane[I]	i_phy_iserdes_bitslip_reference[24]	lane[2]$_SDFFE_PP0P_/D
10	-0.1125	dqs_start_index[I]	state_calibrate[I]	dqs_start_index[1]$_SDFFE_PP0P_/Q	state_calibrate[1]$_SDFFE_PP0P_/D
11	-0.1094	i_phy_iserdes_bitslip_reference[I]	prev_write_level_feedback	i_phy_iserdes_bitslip_reference[24]	prev_write_level_feedback$_SDFFE_PP1P_/D
12	-0.1072	lane[I]	odelay_dqs_cntvaluein[I][J]	lane[1]$_SDFFE_PP0P_/Q	odelay_dqs_cntvaluein[4][1]$_SDFFCE_PN0P_/D
13	-0.1071	stageI_bank[J]	o_wb_stall_int_q	stage2_bank[2]$_SDFF_PP0_/QN	o_wb_stall_int_q$_SDFF_PP1_/D
14	-0.1007	i_phy_iserdes_bitslip_reference[I]	dqs_start_index_stored[I]	i_phy_iserdes_bitslip_reference[24]	dqs_start_index_stored[1]$_SDFFE_PP0P_/D
15	-0.0989	lane[I]	write_pattern_lane[I]	lane[1]$_SDFFE_PP0P_/Q	write_pattern_lane[38]$_SDFF_PP0_/D
16	-0.0980	lane[I]	idelay_dqs_cntvaluein[I][J]	lane[1]$_SDFFE_PP0P_/Q	idelay_dqs_cntvaluein[0][1]$_SDFFCE_PN0P_/D
17	-0.0976	i_phy_iserdes_bitslip_reference[I]	sample_clk_repeat[I]	i_phy_iserdes_bitslip_reference[24]	sample_clk_repeat[2]$_SDFFCE_PP0P_/D
18	-0.0944	dqs_start_index[I]	o_phy_idelay_data_ld[I]	dqs_start_index[1]$_SDFFE_PP0P_/Q	o_phy_idelay_data_ld[0]$_SDFF_PP0_/D
19	-0.0923	dqs_start_index[I]	dqs_start_index[I]	dqs_start_index[1]$_SDFFE_PP0P_/Q	dqs_start_index[4]$_SDFFE_PP0P_/D
20	-0.0916	i_phy_idelayctrl_rdy	read_test_address_counter[I]	i_phy_idelayctrl_rdy	read_test_address_counter[23]$_SDFFE_PP0P_/D
21	-0.0915	lane[I]	state_calibrate[I]	lane[1]$_SDFFE_PP0P_/Q	state_calibrate[0]$_SDFFE_PP0P_/D
22	-0.0825	lane[I]	odelay_data_cntvaluein[I][J]	lane[1]$_SDFFE_PP0P_/Q	odelay_data_cntvaluein[0][1]$_SDFFCE_PN0P_/D
23	-0.0821	i_phy_iserdes_bitslip_reference[I]	stored_write_level_feedback	i_phy_iserdes_bitslip_reference[24]	stored_write_level_feedback$_SDFFCE_PN0P_/D
24	-0.0757	lane[I]	added_read_pipe_max	lane[1]$_SDFFE_PP0P_/Q	added_read_pipe_max$_SDFFE_PP0P_/D
25	-0.0742	dqs_start_index[I]	delay_before_read_data[I]	dqs_start_index[1]$_SDFFE_PP0P_/Q	delay_before_read_data[2]$_SDFF_PP0_/D
26	-0.0713	lane[I]	lane[I]	lane[1]$_SDFFE_PP0P_/Q	lane[2]$_SDFFE_PP0P_/D
27	-0.0708	i_phy_idelayctrl_rdy	state_calibrate[I]	i_phy_idelayctrl_rdy	state_calibrate[0]$_SDFFE_PP0P_/D
28	-0.0701	stageI_do_act	o_wb_stall_int_q	stage2_do_act$_SDFF_PP0_/Q	o_wb_stall_int_q$_SDFF_PP1_/D
29	-0.0681	lane[I]	prev_write_level_feedback	lane[1]$_SDFFE_PP0P_/Q	prev_write_level_feedback$_SDFFE_PP1P_/D
30	-0.0669	stageI_pending	o_wb_stall_int_q	stage2_pending$_SDFFE_PP0P_/Q	o_wb_stall_int_q$_SDFF_PP1_/D
31	-0.0666	stageI_do_pre	stageI_do_wr_or_rd	stage2_do_pre$_SDFF_PP0_/Q	stage2_do_wr_or_rd$_SDFF_PP0_/D
32	-0.0629	stageI_do_pre	stageI_do_pre	stage2_do_pre$_SDFF_PP0_/Q	stage2_do_pre$_SDFF_PP0_/D
33	-0.0613	data_start_index[I][J]	write_pattern_lane[I]	data_start_index[6][1]$_SDFFCE_PN0P_/Q	write_pattern_lane[58]$_SDFF_PP0_/D
34	-0.0605	stageI_do_act	stageI_do_wr_or_rd	stage2_do_act$_SDFF_PP0_/Q	stage2_do_wr_or_rd$_SDFF_PP0_/D
35	-0.0601	lane[I]	idelay_data_cntvaluein[I][J]	lane[1]$_SDFFE_PP0P_/Q	idelay_data_cntvaluein[4][1]$_SDFFCE_PN0P_/D
36	-0.0593	lane[I]	dqs_start_index_stored[I]	lane[1]$_SDFFE_PP0P_/Q	dqs_start_index_stored[1]$_SDFFE_PP0P_/D
37	-0.0580	read_lane_data_shifted[I]	data_start_index[I][J]	read_lane_data_shifted[6]$_SDFF_PP0_/Q	data_start_index[2][0]$_SDFFCE_PN0P_/D
38	-0.0568	stageI_do_act	stageI_do_pre	stage2_do_act$_SDFF_PP0_/Q	stage2_do_pre$_SDFF_PP0_/D
39	-0.0562	lane[I]	sample_clk_repeat[I]	lane[1]$_SDFFE_PP0P_/Q	sample_clk_repeat[2]$_SDFFCE_PP0P_/D
40	-0.0561	lane[I]	read_lane_data[I]	lane[1]$_SDFFE_PP0P_/Q	read_lane_data[54]$_SDFF_PP0_/D
41	-0.0552	instruction_address[I]	write_test_address_counter[I]	instruction_address[0]$_SDFF_PP0_/Q	write_test_address_counter[21]$_SDFFE_PP0P_/D
42	-0.0550	stageI_do_pre	o_wb_stall_int_q	stage2_do_pre$_SDFF_PP0_/Q	o_wb_stall_int_q$_SDFF_PP1_/D
43	-0.0545	lane[I]	dqs_store[I]	lane[1]$_SDFFE_PP0P_/Q	dqs_store[39]$_SDFFE_PP0P_/D
44	-0.0528	lane[I]	start_index_check[I]	lane[1]$_SDFFE_PP0P_/Q	start_index_check[4]$_SDFFCE_PN0P_/D
45	-0.0518	i_phy_iserdes_bitslip_reference[I]	o_phy_write_leveling_calib	i_phy_iserdes_bitslip_reference[24]	o_phy_write_leveling_calib$_SDFFE_PP0P_/D
46	-0.0517	dqs_start_index[I]	initial_dqs	dqs_start_index[1]$_SDFFE_PP0P_/Q	initial_dqs$_SDFFE_PP1P_/D
47	-0.0514	lane[I]	dqs_bitslip_arrangement[I]	lane[1]$_SDFFE_PP0P_/Q	dqs_bitslip_arrangement[5]$_SDFFE_PP0P_/D
48	-0.0489	stageI_do_rd	stageI_do_wr_or_rd	stage2_do_rd$_SDFF_PP0_/Q	stage2_do_wr_or_rd$_SDFF_PP0_/D
49	-0.0459	stageI_do_wr	stageI_do_wr_or_rd	stage2_do_wr$_SDFF_PP0_/Q	stage2_do_wr_or_rd$_SDFF_PP0_/D
50	-0.0452	stageI_do_rd	stageI_do_pre	stage2_do_rd$_SDFF_PP0_/Q	stage2_do_pre$_SDFF_PP0_/D
51	-0.0437	data_start_index[I][J]	unaligned_data[I][J]	data_start_index[6][1]$_SDFFCE_PN0P_/Q	unaligned_data[6][63]$_SDFF_PP0_/D
52	-0.0434	idelay_data_cntvaluein[I][J]	dq_target_index[I][J]	idelay_data_cntvaluein[3][0]$_SDFFCE_PN0P_/Q	dq_target_index[4][3]$_SDFFCE_PN0P_/D
53	-0.0431	instruction_address[I]	state_calibrate[I]	instruction_address[1]$_SDFF_PP0_/Q	state_calibrate[0]$_SDFFE_PP0P_/D
54	-0.0429	dqs_start_index[I]	dqs_start_index_repeat	dqs_start_index[1]$_SDFFE_PP0P_/Q	dqs_start_index_repeat$_SDFFE_PP0P_/D
55	-0.0427	lane[I]	lane_write_dq_late[I]	lane[1]$_SDFFE_PP0P_/Q	lane_write_dq_late[4]$_SDFFE_PP0P_/D
56	-0.0422	stageI_do_wr	stageI_do_pre	stage2_do_wr$_SDFF_PP0_/Q	stage2_do_pre$_SDFF_PP0_/D
57	-0.0407	lane[I]	stored_write_level_feedback	lane[1]$_SDFFE_PP0P_/Q	stored_write_level_feedback$_SDFFCE_PN0P_/D
58	-0.0384	state_calibrate[I]	write_test_address_counter[I]	state_calibrate[0]$_SDFFE_PP0P_/QN	write_test_address_counter[20]$_SDFFE_PP0P_/D
59	-0.0383	final_calibration_done	state_calibrate[I]	final_calibration_done$_SDFFE_PP0P_/QN	state_calibrate[0]$_SDFFE_PP0P_/D
60	-0.0355	stageI_bank[J]	o_wb_stall_int_q	stage1_bank[1]$_SDFFE_PP0P_/Q	o_wb_stall_int_q$_SDFF_PP1_/D
61	-0.0326	index_wb_data	reset_from_test	index_wb_data$_SDFFE_PP0P_/Q	reset_from_test$_SDFF_PP0_/D
62	-0.0323	data_start_index[I][J]	stageI_data[J][K]	data_start_index[7][1]$_SDFFCE_PN0P_/Q	stage2_data[1][510]$_SDFF_PP0_/D
63	-0.0308	i_phy_iserdes_bitslip_reference[I]	added_read_pipe_max	i_phy_iserdes_bitslip_reference[24]	added_read_pipe_max$_SDFFE_PP0P_/D
64	-0.0308	i_phy_iserdes_bitslip_reference[I]	o_phy_bitslip[I]	i_phy_iserdes_bitslip_reference[29]	o_phy_bitslip[0]$_SDFF_PP0_/D
65	-0.0299	state_calibrate[I]	read_test_address_counter[I]	state_calibrate[4]$_SDFFE_PP0P_/Q	read_test_address_counter[23]$_SDFFE_PP0P_/D
66	-0.0295	state_calibrate[I]	state_calibrate[I]	state_calibrate[4]$_SDFFE_PP0P_/Q	state_calibrate[0]$_SDFFE_PP0P_/D
67	-0.0294	read_test_address_counter[I]	state_calibrate[I]	read_test_address_counter[1]$_SDFFE_PP0P_/Q	state_calibrate[0]$_SDFFE_PP0P_/D
68	-0.0274	data_start_index[I][J]	state_calibrate[I]	data_start_index[6][1]$_SDFFCE_PN0P_/Q	state_calibrate[0]$_SDFFE_PP0P_/D
69	-0.0271	stageI_pending	stageI_do_wr_or_rd	stage2_pending$_SDFFE_PP0P_/Q	stage2_do_wr_or_rd$_SDFF_PP0_/D
70	-0.0265	i_phy_iserdes_bitslip_reference[I]	initial_dqs	i_phy_iserdes_bitslip_reference[24]	initial_dqs$_SDFFE_PP1P_/D
71	-0.0244	state_calibrate[I]	calib_we	state_calibrate[1]$_SDFFE_PP0P_/Q	calib_we$_SDFFE_PP0P_/D
72	-0.0239	state_calibrate[I]	calib_addr[I]	state_calibrate[1]$_SDFFE_PP0P_/Q	calib_addr[13]$_SDFFE_PP0P_/D
73	-0.0234	stageI_pending	stageI_do_pre	stage2_pending$_SDFFE_PP0P_/Q	stage2_do_pre$_SDFF_PP0_/D
74	-0.0217	instruction_address[I]	calib_data[I]	instruction_address[1]$_SDFF_PP0_/Q	calib_data[455]$_SDFFE_PP0P_/D
75	-0.0208	stageI_bank[J]	stageI_do_wr_or_rd	stage2_bank[2]$_SDFF_PP0_/Q	stage2_do_wr_or_rd$_SDFF_PP0_/D
76	-0.0186	stageI_do_wr_or_rd	stageI_do_wr_or_rd	stage2_do_wr_or_rd$_SDFF_PP0_/Q	stage2_do_wr_or_rd$_SDFF_PP0_/D
77	-0.0177	write_pattern[I]	data_start_index[I][J]	write_pattern[0]$_SDFFE_PP0P_/Q	data_start_index[2][0]$_SDFFCE_PN0P_/D
78	-0.0171	stageI_bank[J]	stageI_do_pre	stage2_bank[2]$_SDFF_PP0_/Q	stage2_do_pre$_SDFF_PP0_/D
79	-0.0161	i_wb_cyc	stageI_data[J]	i_wb_cyc	stage1_data[459]$_SDFFE_PP0P_/D
80	-0.0150	lane[I]	o_phy_odelay_data_ld[I]	lane[0]$_SDFFE_PP0P_/Q	o_phy_odelay_data_ld[3]$_SDFF_PP0_/D
81	-0.0150	stageI_do_wr_or_rd	stageI_do_pre	stage2_do_wr_or_rd$_SDFF_PP0_/Q	stage2_do_pre$_SDFF_PP0_/D
82	-0.0146	stageI_do_pre	o_phy_cmd[I]	stage2_do_pre$_SDFF_PP0_/Q	o_phy_cmd[71]
83	-0.0144	instruction_address[I]	read_test_address_counter[I]	instruction_address[0]$_SDFF_PP0_/Q	read_test_address_counter[23]$_SDFFE_PP0P_/D
84	-0.0141	read_lane_data_shifted[I]	dqs_bitslip_arrangement[I]	read_lane_data_shifted[6]$_SDFF_PP0_/Q	dqs_bitslip_arrangement[2]$_SDFFE_PP0P_/D
85	-0.0132	write_by_byte_counter[I]	write_test_address_counter[I]	write_by_byte_counter[3]$_SDFFE_PP0P_/QN	write_test_address_counter[21]$_SDFFE_PP0P_/D
86	-0.0117	lane[I]	lane_read_dq_early[I]	lane[0]$_SDFFE_PP0P_/Q	lane_read_dq_early[3]$_SDFFE_PP0P_/D
87	-0.0116	dqs_store[I]	state_calibrate[I]	dqs_store[27]$_SDFFE_PP0P_/Q	state_calibrate[1]$_SDFFE_PP0P_/D
88	-0.0104	i_phy_iserdes_bitslip_reference[I]	train_delay[I]	i_phy_iserdes_bitslip_reference[29]	train_delay[0]$_SDFF_PP0_/D
89	-0.0104	lane[I]	o_phy_write_leveling_calib	lane[1]$_SDFFE_PP0P_/Q	o_phy_write_leveling_calib$_SDFFE_PP0P_/D
90	-0.0102	stageI_do_act	stageI_do_wr	stage2_do_act$_SDFF_PP0_/Q	stage2_do_wr$_SDFF_PP0_/D
91	-0.0084	i_phy_iserdes_data[I]	sample_clk_repeat[I]	i_phy_iserdes_data[56]	sample_clk_repeat[3]$_SDFFCE_PP0P_/D
92	-0.0069	state_calibrate[I]	calib_aux[I]	state_calibrate[1]$_SDFFE_PP0P_/Q	calib_aux[0]$_SDFFE_PP0P_/D
93	-0.0059	instruction_address[I]	calib_sel[I]	instruction_address[1]$_SDFF_PP0_/Q	calib_sel[31]$_SDFFE_PP0P_/D
94	-0.0053	stageI_do_pre	stageI_do_wr	stage2_do_pre$_SDFF_PP0_/Q	stage2_do_wr$_SDFF_PP0_/D
95	-0.0053	dqs_store[I]	dqs_start_index[I]	dqs_store[5]$_SDFFE_PP0P_/Q	dqs_start_index[4]$_SDFFE_PP0P_/D
96	-0.0053	o_wb_ack_read_q[I][J]	state_calibrate[I]	o_wb_ack_read_q[0][3]$_SDFF_PP0_/Q	state_calibrate[0]$_SDFFE_PP0P_/D
97	-0.0048	final_calibration_done	check_test_address_counter[I]	final_calibration_done$_SDFFE_PP0P_/QN	check_test_address_counter[22]$_SDFFE_PP0P_/D
98	-0.0046	write_by_byte_counter[I]	calib_data[I]	write_by_byte_counter[0]$_SDFFE_PP0P_/QN	calib_data[91]$_SDFFE_PP0P_/D
99	-0.0045	data_start_index[I][J]	stageI_data[J][K]	data_start_index[6][1]$_SDFFCE_PN0P_/Q	stage2_data[0][502]$_SDFFE_PP0N_/D
100	-0.0037	lane[I]	o_phy_bitslip[I]	lane[0]$_SDFFE_PP0P_/Q	o_phy_bitslip[3]$_SDFF_PP0_/D
