# stage	1_synth
# top_module	fpu
# top_n	100
# kind	blocks
# skip_async	1
# include_full	1
# rank	worst_slack_ns	start	end	start_full	end_full
1	-0.5322	uI.mul_b[J]	uI.product_g[J]	u3.mul_b[34]$_SDFFE_PP0P_/Q	u3.product_g[34]$_SDFFE_PP0P_/D
2	-0.4933	uI.mul_a[J]	uI.product_g[J]	u3.mul_a[39]$_SDFFE_PP0P_/Q	u3.product_g[34]$_SDFFE_PP0P_/D
3	-0.4114	uI.mul_a[J]	uI.product_j[J]	u3.mul_a[51]$_SDFFE_PP0P_/Q	u3.product_j[27]$_SDFFE_PP0P_/D
4	-0.3976	uI.mantissa_a[J]	uI.pre_a_hi[J]	u3.mantissa_a[22]$_SDFFE_PP0P_/Q	u3.pre_a_hi[26]$_SDFFE_PP0P_/D
5	-0.3932	uI.mantissa_b[J]	uI.pre_a_hi[J]	u3.mantissa_b[5]$_SDFFE_PP0P_/Q	u3.pre_a_hi[26]$_SDFFE_PP0P_/D
6	-0.3876	uI.mantissa_a[J]	uI.pre_b_hi[J]	u3.mantissa_a[19]$_SDFFE_PP0P_/Q	u3.pre_b_hi[27]$_SDFFE_PP0P_/D
7	-0.3831	uI.mantissa_b[J]	uI.pre_b_hi[J]	u3.mantissa_b[25]$_SDFFE_PP0P_/Q	u3.pre_b_hi[27]$_SDFFE_PP0P_/D
8	-0.3787	uI.mantissa_a[J]	uI.pre_a_lo[J]	u3.mantissa_a[10]$_SDFFE_PP0P_/Q	u3.pre_a_lo[26]$_SDFFE_PP0P_/D
9	-0.3758	uI.mantissa_a[J]	uI.pre_b_lo[J]	u3.mantissa_a[10]$_SDFFE_PP0P_/Q	u3.pre_b_lo[27]$_SDFFE_PP0P_/D
10	-0.3743	uI.mantissa_b[J]	uI.pre_a_lo[J]	u3.mantissa_b[3]$_SDFFE_PP0P_/Q	u3.pre_a_lo[26]$_SDFFE_PP0P_/D
11	-0.3721	uI.mul_b[J]	uI.product_j[J]	u3.mul_b[40]$_SDFFE_PP0P_/Q	u3.product_j[27]$_SDFFE_PP0P_/D
12	-0.3717	uI.mantissa_a[J]	uI.pre_c_hi[J]	u3.mantissa_a[22]$_SDFFE_PP0P_/Q	u3.pre_c_hi[26]$_SDFFE_PP0P_/D
13	-0.3714	uI.mantissa_b[J]	uI.pre_b_lo[J]	u3.mantissa_b[23]$_SDFFE_PP0P_/Q	u3.pre_b_lo[27]$_SDFFE_PP0P_/D
14	-0.3633	uI.mantissa_b[J]	uI.pre_c_hi[J]	u3.mantissa_b[38]$_SDFFE_PP0P_/Q	u3.pre_c_hi[26]$_SDFFE_PP0P_/D
15	-0.3197	uI.mantissa_a[J]	uI.pre_c_lo[J]	u3.mantissa_a[10]$_SDFFE_PP0P_/Q	u3.pre_c_lo[20]$_SDFFE_PP0P_/D
16	-0.3175	uI.mantissa_b[J]	uI.pre_c_lo[J]	u3.mantissa_b[37]$_SDFFE_PP0P_/Q	u3.pre_c_lo[20]$_SDFFE_PP0P_/D
17	-0.3130	uI.mul_a[J]	uI.product_i[J]	u3.mul_a[45]$_SDFFE_PP0P_/Q	u3.product_i[28]$_SDFFE_PP0P_/D
18	-0.2984	uI.mul_a[J]	uI.product_h[J]	u3.mul_a[51]$_SDFFE_PP0P_/Q	u3.product_h[19]$_SDFFE_PP0P_/D
19	-0.2832	uI.mantissa_a[J]	uI.pre_e_hi[J]	u3.mantissa_a[36]$_SDFFE_PP0P_/Q	u3.pre_e_hi[24]$_SDFFE_PP0P_/D
20	-0.2832	uI.mantissa_a[J]	uI.pre_e_lo[J]	u3.mantissa_a[28]$_SDFFE_PP0P_/Q	u3.pre_e_lo[25]$_SDFFE_PP0P_/D
21	-0.2822	uI.mantissa_b[J]	uI.pre_e_hi[J]	u3.mantissa_b[1]$_SDFFE_PP0P_/Q	u3.pre_e_hi[24]$_SDFFE_PP0P_/D
22	-0.2822	uI.mantissa_b[J]	uI.pre_e_lo[J]	u3.mantissa_b[1]$_SDFFE_PP0P_/Q	u3.pre_e_lo[25]$_SDFFE_PP0P_/D
23	-0.2756	uI.mul_b[J]	uI.product_i[J]	u3.mul_b[23]$_SDFFE_PP0P_/Q	u3.product_i[28]$_SDFFE_PP0P_/D
24	-0.2555	uI.mul_b[J]	uI.product_h[J]	u3.mul_b[2]$_SDFFE_PP0P_/Q	u3.product_h[19]$_SDFFE_PP0P_/D
25	-0.2405	uI.mantissa_a[J]	uI.pre_f_lo[J]	u3.mantissa_a[28]$_SDFFE_PP0P_/Q	u3.pre_f_lo[24]$_SDFFE_PP0P_/D
26	-0.2333	uI.mantissa_b[J]	uI.pre_f_lo[J]	u3.mantissa_b[22]$_SDFFE_PP0P_/Q	u3.pre_f_lo[24]$_SDFFE_PP0P_/D
27	-0.2332	uI.mantissa_a[J]	uI.pre_f_hi[J]	u3.mantissa_a[36]$_SDFFE_PP0P_/Q	u3.pre_f_hi[17]$_SDFFE_PP0P_/D
28	-0.2259	uI.mantissa_b[J]	uI.pre_f_hi[J]	u3.mantissa_b[22]$_SDFFE_PP0P_/Q	u3.pre_f_hi[17]$_SDFFE_PP0P_/D
29	0.1145	uI.divisor_b[J]	uI.divisor_shift_J[K]	u4.divisor_b[51]$_SDFFE_PP0P_/Q	u4.divisor_shift_2[0]$_SDFFE_PP0P_/D
30	0.1294	uI.exponent_J[K]	uI.product_J[K]	u3.exponent_2[1]$_SDFFE_PP0P_/Q	u3.product_4[100]$_SDFFE_PP0P_/D
31	0.1562	uI.dividend_a[J]	uI.dividend_shift_J[K]	u4.dividend_a[31]$_SDFFE_PP0P_/Q	u4.dividend_shift_2[0]$_SDFFE_PP0P_/D
32	0.1631	uI.small_shift_J[K]	uI.sum[J]	u1.small_shift_3[4]$_SDFFE_PP0P_/Q	u1.sum[43]$_SDFFE_PP0P_/D
33	0.1645	uI.large_add[J]	uI.sum[J]	u1.large_add[4]$_SDFFE_PP0P_/Q	u1.sum[43]$_SDFFE_PP0P_/D
34	0.1709	uI.diff[J]	uI.diff_shift_J[K]	u2.diff[54]$_SDFFE_PP0P_/Q	u2.diff_shift_2[1]$_SDFFE_PP0P_/D
35	0.1845	rst	uI.small_shift[J]	rst	u1.small_shift[10]$_SDFFE_PP0P_/D
36	0.1953	rst	uI.exponent_diff[J]	rst	u1.exponent_diff[3]$_SDFFE_PP0P_/D
37	0.1953	rst	uI.sum[J]	rst	u1.sum[12]$_SDFFE_PP0P_/D
38	0.1960	uI.exponent_small[J]	uI.exponent_diff[J]	u1.exponent_small[0]$_SDFFE_PP0P_/Q	u1.exponent_diff[10]$_SDFFE_PP0P_/D
39	0.1985	mantissa_round[I]	uI.sum_round[J]	mantissa_round[20]$_SDFF_PN0_/Q	u5.sum_round[53]$_SDFF_PP0_/D
40	0.2020	uI.remainder_shift_term[J]	uI.remainder_b[J]	u4.remainder_shift_term[1]$_SDFFE_PP0P_/Q	u4.remainder_b[99]$_SDFFE_PP0P_/D
41	0.2058	uI.large_norm_small_denorm	uI.exponent_diff[J]	u1.large_norm_small_denorm$_SDFFE_PP0P_/Q	u1.exponent_diff[10]$_SDFFE_PP0P_/D
42	0.2059	uI.exponent_large[J]	uI.exponent_diff[J]	u1.exponent_large[0]$_SDFFE_PP0P_/QN	u1.exponent_diff[10]$_SDFFE_PP0P_/D
43	0.2068	rst	uI.sum_J[K]	rst	u3.sum_2[10]$_SDFFE_PP0P_/D
44	0.2092	rst	uI.expon_uf_term_J[K]	rst	u4.expon_uf_term_3[9]$_SDFFE_PP0P_/D
45	0.2104	rst	uI.product_J[K]	rst	u3.product_1[15]$_SDFFE_PP0P_/D
46	0.2130	rst	opa_reg[I]	rst	opa_reg[55]$_SDFFE_PP0P_/D
47	0.2137	rst	uI.remainder_b[J]	rst	u4.remainder_b[71]$_SDFFE_PP0P_/D
48	0.2138	rst	addsub_out[I]	rst	addsub_out[54]$_SDFF_PP0_/D
49	0.2138	rst	exp_addsub[I]	rst	exp_addsub[10]$_SDFF_PP0_/D
50	0.2138	rst	uI.denorm_to_norm	rst	u1.denorm_to_norm$_SDFFE_PP0P_/D
51	0.2138	rst	uI.exponent_J[K]	rst	u1.exponent_2[10]$_SDFFE_PP0P_/D
52	0.2138	rst	uI.large_add[J]	rst	u1.large_add[54]$_SDFFE_PP0P_/D
53	0.2138	rst	uI.mantissa_a[J]	rst	u1.mantissa_a[51]$_SDFFE_PP0P_/D
54	0.2138	rst	uI.mantissa_b[J]	rst	u1.mantissa_b[51]$_SDFFE_PP0P_/D
55	0.2138	rst	uI.sign	rst	u1.sign$_SDFFE_PP0P_/D
56	0.2138	rst	uI.small_add[J]	rst	u1.small_add[54]$_SDFFE_PP0P_/D
57	0.2138	rst	uI.diff_J[K]	rst	u2.diff_2[54]$_SDFFE_PP0P_/D
58	0.2138	rst	uI.diffshift_et_J	rst	u2.diffshift_et_55$_SDFFE_PP0P_/D
59	0.2138	rst	uI.diffshift_gt_exponent	rst	u2.diffshift_gt_exponent$_SDFFE_PP0P_/D
60	0.2138	rst	uI.expa_et_expb	rst	u2.expa_et_expb$_SDFFE_PP0P_/D
61	0.2138	rst	uI.large_is_denorm	rst	u2.large_is_denorm$_SDFFE_PP0P_/D
62	0.2138	rst	uI.large_norm_small_denorm	rst	u2.large_norm_small_denorm$_SDFFE_PP0P_/D
63	0.2138	rst	uI.minuend[J]	rst	u2.minuend[54]$_SDFFE_PP0P_/D
64	0.2138	rst	uI.subtra_shift_J[K]	rst	u2.subtra_shift_3[54]$_SDFFE_PP0P_/D
65	0.2138	rst	uI.subtrahend[J]	rst	u2.subtrahend[54]$_SDFFE_PP0P_/D
66	0.2138	rst	uI.a_is_zero	rst	u3.a_is_zero$_SDFFE_PP0P_/D
67	0.2138	rst	uI.exponent_et_zero	rst	u3.exponent_et_zero$_SDFFE_PP0P_/D
68	0.2138	rst	uI.mul_a[J]	rst	u3.mul_a[52]$_SDFFE_PP0P_/D
69	0.2138	rst	uI.mul_b[J]	rst	u3.mul_b[52]$_SDFFE_PP0P_/D
70	0.2138	rst	uI.product[J]	rst	u3.product[105]$_SDFFE_PP0P_/D
71	0.2138	rst	uI.dividend_a[J]	rst	u4.dividend_a[51]$_SDFFE_PP0P_/D
72	0.2138	rst	uI.divisor_b[J]	rst	u4.divisor_b[51]$_SDFFE_PP0P_/D
73	0.2138	rst	uI.enable_reg_J	rst	u4.enable_reg_2$_SDFFE_PP0P_/D
74	0.2138	rst	uI.expon_final_J[K]	rst	u4.expon_final_4[11]$_SDFFE_PP0P_/D
75	0.2138	rst	uI.expon_final_J_etK	rst	u4.expon_final_4_et0$_SDFFE_PP0P_/D
76	0.2138	rst	uI.expon_final_J_term	rst	u4.expon_final_4_term$_SDFFE_PP0P_/D
77	0.2138	rst	uI.expon_shift_a[J]	rst	u4.expon_shift_a[5]$_SDFFE_PP0P_/D
78	0.2138	rst	uI.expon_shift_b[J]	rst	u4.expon_shift_b[5]$_SDFFE_PP0P_/D
79	0.2138	rst	uI.exponent_final[J]	rst	u5.exponent_final[11]$_SDFF_PP0_/D
80	0.2138	rst	uI.sum_final[J]	rst	u5.sum_final[53]$_SDFF_PP0_/D
81	0.2138	rst	uI.SNaN_trigger	rst	u6.SNaN_trigger$_SDFFE_PP0P_/D
82	0.2138	rst	uI.add	rst	u6.add$_SDFFE_PP0P_/D
83	0.2138	rst	uI.add_inf	rst	u6.add_inf$_SDFFE_PP0P_/D
84	0.2138	rst	uI.div_J_by_K	rst	u6.div_0_by_0$_SDFFE_PP0P_/D
85	0.2138	rst	uI.div_by_J	rst	u6.div_by_0$_SDFFE_PP0P_/D
86	0.2138	rst	uI.div_inf	rst	u6.div_inf$_SDFFE_PP0P_/D
87	0.2138	rst	uI.div_uf	rst	u6.div_uf$_SDFFE_PP0P_/D
88	0.2138	rst	uI.ex_enable	rst	u6.ex_enable$_SDFFE_PP0P_/D
89	0.2138	rst	uI.exception	rst	u6.exception$_SDFFE_PP0P_/D
90	0.2138	rst	uI.inexact	rst	u6.inexact$_SDFFE_PP0P_/D
91	0.2138	rst	uI.inexact_trigger	rst	u6.inexact_trigger$_SDFFE_PP0P_/D
92	0.2138	rst	uI.invalid	rst	u6.invalid$_SDFFE_PP0P_/D
93	0.2138	rst	uI.opa_et_zero	rst	u6.opa_et_zero$_SDFFE_PP0P_/D
94	0.2138	rst	uI.out[J]	rst	u6.out[63]$_SDFFE_PP0P_/D
95	0.2138	rst	uI.out_J[K]	rst	u6.out_0[63]$_SDFFE_PP0P_/D
96	0.2138	rst	uI.out_neg_inf	rst	u6.out_neg_inf$_SDFFE_PP0P_/D
97	0.2138	rst	uI.overflow	rst	u6.overflow$_SDFFE_PP0P_/D
98	0.2138	rst	uI.round_to_pos_inf	rst	u6.round_to_pos_inf$_SDFFE_PP0P_/D
99	0.2138	rst	uI.sub_inf	rst	u6.sub_inf$_SDFFE_PP0P_/D
100	0.2138	rst	uI.underflow	rst	u6.underflow$_SDFFE_PP0P_/D
