# stage	1_synth
# top_module	tpu_top
# top_n	100
# kind	blocks
# skip_async	1
# include_full	1
# rank	worst_slack_ns	start	end	start_full	end_full
1	-0.2795	write_out.matrix_index_plusI[J]	_I_	write_out.matrix_index_plus8[1]$_SDFF_PN0_/QN	_86747_/D
2	-0.2776	write_out.matrix_index_r[I]	_I_	write_out.matrix_index_r[3]$_SDFF_PN0_/Q	_86747_/D
3	-0.1127	systolic.data_queue[I][J]	systolic.product_reg[I][J]	systolic.data_queue[22][7]$_SDFFE_PN0P_/Q	systolic.product_reg[22][14]$_SDFF_PN0_/D
4	-0.1080	systolic.weight_queue[I][J]	systolic.product_reg[I][J]	systolic.weight_queue[23][7]$_SDFFE_PN0P_/Q	systolic.product_reg[23][14]$_SDFF_PN0_/D
5	0.0554	systolic_controll.matrix_index[I]	write_out.quantized_data_r[I]	systolic_controll.matrix_index[3]$_SDFF_PP0_/Q	write_out.quantized_data_r[114]$_SDFF_PN0_/D
6	0.1090	srstn	_I_	srstn	_86699_/D
7	0.1240	systolic_controll.matrix_index[I]	write_out.quantized_data_r[I]	systolic_controll.matrix_index[3]$_SDFF_PP0_/Q	write_out.quantized_data_r[127]$_SDFF_PP0_/D
8	0.1680	systolic.product_reg[I][J]	systolic.matrix_mul_ID[J][K]	systolic.product_reg[56][0]$_SDFF_PN0_/Q	systolic.matrix_mul_2D[56][16]$_SDFFE_PN0P_/D
9	0.1685	systolic.matrix_mul_ID[J][K]	systolic.matrix_mul_ID[J][K]	systolic.matrix_mul_2D[56][0]$_SDFFE_PN0P_/Q	systolic.matrix_mul_2D[56][16]$_SDFFE_PN0P_/D
10	0.1837	srstn	write_out.quantized_data_r[I]	srstn	write_out.quantized_data_r[21]$_SDFF_PN0_/D
11	0.1846	srstn	write_out.sram_wdata_a[I]	srstn	write_out.sram_wdata_a[80]$_SDFF_PN0_/D
12	0.1908	srstn	write_out.sram_wdata_c[I]	srstn	write_out.sram_wdata_c[112]$_SDFF_PN0_/D
13	0.2034	systolic_controll.cycle_num[I]	systolic.is_accum_reg[I]	systolic_controll.cycle_num[1]$_SDFF_PN0_/Q	systolic.is_accum_reg[6]$_SDFF_PN0_/D
14	0.2116	srstn	systolic.product_reg[I][J]	srstn	systolic.product_reg[56][10]$_SDFF_PN0_/D
15	0.2162	srstn	systolic.matrix_mul_ID[J][K]	srstn	systolic.matrix_mul_2D[59][13]$_SDFFE_PN0P_/D
16	0.2196	srstn	systolic.data_queue[I][J]	srstn	systolic.data_queue[59][4]$_SDFFE_PN0P_/D
17	0.2223	srstn	systolic.weight_queue[I][J]	srstn	systolic.weight_queue[0][0]$_SDFFE_PN0P_/D
18	0.2223	srstn	systolic_controll.addr_serial_num[I]	srstn	systolic_controll.addr_serial_num[1]$_SDFFE_PN0P_/D
19	0.2232	srstn	systolic.is_accum_reg[I]	srstn	systolic.is_accum_reg[23]$_SDFF_PN0_/D
20	0.2244	srstn	write_out.matrix_index_plusI[J]	srstn	write_out.matrix_index_plus8[2]$_SDFF_PN0_/D
21	0.2264	srstn	write_out.quantized_data_r[I]	srstn	write_out.quantized_data_r[79]$_SDFF_PP0_/D
22	0.2282	srstn	systolic_controll.state[I]	srstn	systolic_controll.state[3]$_DFF_P_/D
23	0.2282	srstn	write_out.matrix_index_minusI[J]	srstn	write_out.matrix_index_minus8[5]$_SDFF_PN0_/D
24	0.2290	srstn	write_out.data_set_r[I]	srstn	write_out.data_set_r[1]$_SDFF_PN0_/D
25	0.2290	srstn	write_out.matrix_index_r[I]	srstn	write_out.matrix_index_r[5]$_SDFF_PN0_/D
26	0.2568	srstn	write_out.sram_waddr_a[I]	srstn	write_out.sram_waddr_a[1]$_SDFF_PN0_/D
27	0.2606	systolic.matrix_mul_ID[J][K]	write_out.quantized_data_r[I]	systolic.matrix_mul_2D[9][1]$_SDFFE_PN0P_/Q	write_out.quantized_data_r[21]$_SDFF_PN0_/D
28	0.2615	srstn	write_out.sram_waddr_c[I]	srstn	write_out.sram_waddr_c[1]$_SDFF_PN0_/D
29	0.2730	tpu_start	systolic_controll.addr_serial_num[I]	tpu_start	systolic_controll.addr_serial_num[5]$_SDFFE_PN0P_/D
30	0.2744	srstn	write_out.sram_write_enable_cI	srstn	write_out.sram_write_enable_c0$_SDFF_PN1_/D
31	0.2747	srstn	write_out.sram_write_enable_aI	srstn	write_out.sram_write_enable_a0$_SDFF_PN1_/D
32	0.2764	srstn	systolic_controll.matrix_index[I]	srstn	systolic_controll.matrix_index[2]$_SDFF_PP0_/D
33	0.2794	srstn	systolic_controll.tpu_done	srstn	systolic_controll.tpu_done$_SDFF_PN0_/D
34	0.2874	write_out.matrix_index_plusI[J]	write_out.sram_wdata_c[I]	write_out.matrix_index_plus8[2]$_SDFF_PN0_/Q	write_out.sram_wdata_c[86]$_SDFF_PN0_/D
35	0.2920	write_out.matrix_index_plusI[J]	write_out.sram_wdata_a[I]	write_out.matrix_index_plus8[2]$_SDFF_PN0_/Q	write_out.sram_wdata_a[86]$_SDFF_PN0_/D
36	0.2930	systolic_controll.matrix_index[I]	systolic_controll.data_set[I]	systolic_controll.matrix_index[1]$_SDFF_PP0_/Q	systolic_controll.data_set[0]$_SDFFE_PN0P_/D
37	0.2933	write_out.matrix_index_r[I]	write_out.sram_wdata_c[I]	write_out.matrix_index_r[4]$_SDFF_PN0_/QN	write_out.sram_wdata_c[86]$_SDFF_PN0_/D
38	0.2980	write_out.matrix_index_r[I]	write_out.sram_wdata_a[I]	write_out.matrix_index_r[4]$_SDFF_PN0_/QN	write_out.sram_wdata_a[86]$_SDFF_PN0_/D
39	0.3248	systolic_controll.matrix_index[I]	systolic_controll.state[I]	systolic_controll.matrix_index[1]$_SDFF_PP0_/Q	systolic_controll.state[3]$_DFF_P_/D
40	0.3255	srstn	systolic.is_reset_reg[I]	srstn	systolic.is_reset_reg[47]$_SDFF_PN0_/D
41	0.3314	systolic_controll.matrix_index[I]	systolic_controll.matrix_index[I]	systolic_controll.matrix_index[1]$_SDFF_PP0_/Q	systolic_controll.matrix_index[3]$_SDFF_PP0_/D
42	0.3440	systolic_controll.matrix_index[I]	systolic_controll.tpu_done_pipe	systolic_controll.matrix_index[1]$_SDFF_PP0_/Q	systolic_controll.tpu_done_pipe$_SDFF_PN0_/D
43	0.3493	srstn	systolic_controll.data_set[I]	srstn	systolic_controll.data_set[0]$_SDFFE_PN0P_/D
44	0.3493	srstn	write_out.sram_write_enable_r	srstn	write_out.sram_write_enable_r$_SDFF_PN0_/D
45	0.3498	srstn	systolic_controll.cycle_num[I]	srstn	systolic_controll.cycle_num[0]$_SDFF_PN0_/D
46	0.3789	srstn	systolic.alu_start_d	srstn	systolic.alu_start_d$_SDFF_PN0_/D
47	0.4041	write_out.data_set_r[I]	_I_	write_out.data_set_r[1]$_SDFF_PN0_/Q	_86795_/D
48	0.4059	srstn	systolic_controll.tpu_done_pipe	srstn	systolic_controll.tpu_done_pipe$_SDFF_PN0_/D
49	0.4089	systolic.matrix_mul_ID[J][K]	write_out.quantized_data_r[I]	systolic.matrix_mul_2D[59][0]$_SDFFE_PN0P_/Q	write_out.quantized_data_r[127]$_SDFF_PP0_/D
50	0.4271	systolic.is_reset_reg[I]	systolic.matrix_mul_ID[J][K]	systolic.is_reset_reg[6]$_SDFF_PN0_/Q	systolic.matrix_mul_2D[13][2]$_SDFFE_PN0P_/D
51	0.4299	systolic_controll.cycle_num[I]	systolic.is_reset_reg[I]	systolic_controll.cycle_num[1]$_SDFF_PN0_/Q	systolic.is_reset_reg[15]$_SDFF_PN0_/D
52	0.4301	write_out.sram_write_enable_r	_I_	write_out.sram_write_enable_r$_SDFF_PN0_/Q	_86699_/D
53	0.4393	systolic.alu_start_d	systolic.matrix_mul_ID[J][K]	systolic.alu_start_d$_SDFF_PN0_/Q	systolic.matrix_mul_2D[52][18]$_SDFFE_PN0P_/D
54	0.4491	addr_sel.sram_raddr_wI[J]	sram_raddr_wI[J]	addr_sel.sram_raddr_w0[0]$_SDFF_PN1_/Q	sram_raddr_w0[0]
55	0.4539	systolic_controll.cycle_num[I]	systolic_controll.data_set[I]	systolic_controll.cycle_num[6]$_SDFF_PN0_/Q	systolic_controll.data_set[0]$_SDFFE_PN0P_/D
56	0.4632	systolic.is_accum_reg[I]	systolic.matrix_mul_ID[J][K]	systolic.is_accum_reg[6]$_SDFF_PN0_/Q	systolic.matrix_mul_2D[13][2]$_SDFFE_PN0P_/D
57	0.4657	addr_sel.sram_raddr_wI[J]	sram_raddr_dI[J]	addr_sel.sram_raddr_w0[0]$_SDFF_PN1_/Q	sram_raddr_d0[0]
58	0.4657	systolic_controll.addr_serial_num[I]	addr_sel.sram_raddr_wI[J]	systolic_controll.addr_serial_num[5]$_SDFFE_PN0P_/Q	addr_sel.sram_raddr_w1[5]$_SDFF_PN1_/D
59	0.4669	systolic_controll.addr_serial_num[I]	systolic_controll.addr_serial_num[I]	systolic_controll.addr_serial_num[1]$_SDFFE_PN0P_/Q	systolic_controll.addr_serial_num[5]$_SDFFE_PN0P_/D
60	0.4679	write_out.sram_waddr_a[I]	sram_waddr_a[I]	write_out.sram_waddr_a[0]$_SDFF_PN0_/Q	sram_waddr_a[0]
61	0.4679	_I_	sram_waddr_b[I]	_86820_/Q	sram_waddr_b[0]
62	0.4679	write_out.sram_waddr_c[I]	sram_waddr_c[I]	write_out.sram_waddr_c[0]$_SDFF_PN0_/Q	sram_waddr_c[0]
63	0.4679	write_out.sram_wdata_a[I]	sram_wdata_a[I]	write_out.sram_wdata_a[0]$_SDFF_PN0_/Q	sram_wdata_a[0]
64	0.4679	_I_	sram_wdata_b[I]	_86693_/Q	sram_wdata_b[0]
65	0.4679	write_out.sram_wdata_c[I]	sram_wdata_c[I]	write_out.sram_wdata_c[0]$_SDFF_PN0_/Q	sram_wdata_c[0]
66	0.4679	write_out.sram_write_enable_aI	sram_write_enable_aI	write_out.sram_write_enable_a0$_SDFF_PN1_/Q	sram_write_enable_a0
67	0.4679	_I_	sram_write_enable_bI	_86690_/Q	sram_write_enable_b0
68	0.4679	write_out.sram_write_enable_cI	sram_write_enable_cI	write_out.sram_write_enable_c0$_SDFF_PN1_/Q	sram_write_enable_c0
69	0.4679	systolic_controll.tpu_done	tpu_done	systolic_controll.tpu_done$_SDFF_PN0_/Q	tpu_done
70	0.4681	tpu_start	systolic_controll.state[I]	tpu_start	systolic_controll.state[0]$_DFF_P_/D
71	0.4779	write_out.matrix_index_plusI[J]	write_out.sram_waddr_a[I]	write_out.matrix_index_plus8[0]$_SDFF_PN0_/Q	write_out.sram_waddr_a[0]$_SDFF_PN0_/D
72	0.4781	write_out.matrix_index_plusI[J]	write_out.sram_waddr_c[I]	write_out.matrix_index_plus8[0]$_SDFF_PN0_/Q	write_out.sram_waddr_c[0]$_SDFF_PN0_/D
73	0.4805	sram_rdata_dI[J]	systolic.data_queue[I][J]	sram_rdata_d1[0]	systolic.data_queue[56][0]$_SDFFE_PN0P_/D
74	0.4805	sram_rdata_wI[J]	systolic.weight_queue[I][J]	sram_rdata_w0[24]	systolic.weight_queue[0][0]$_SDFFE_PN0P_/D
75	0.5048	write_out.data_set_r[I]	write_out.sram_wdata_c[I]	write_out.data_set_r[1]$_SDFF_PN0_/Q	write_out.sram_wdata_c[112]$_SDFF_PN0_/D
76	0.5057	write_out.sram_write_enable_r	write_out.sram_wdata_a[I]	write_out.sram_write_enable_r$_SDFF_PN0_/Q	write_out.sram_wdata_a[80]$_SDFF_PN0_/D
77	0.5091	write_out.quantized_data_r[I]	write_out.sram_wdata_c[I]	write_out.quantized_data_r[113]$_SDFF_PN0_/Q	write_out.sram_wdata_c[65]$_SDFF_PN0_/D
78	0.5100	write_out.data_set_r[I]	write_out.sram_wdata_a[I]	write_out.data_set_r[1]$_SDFF_PN0_/Q	write_out.sram_wdata_a[80]$_SDFF_PN0_/D
79	0.5111	write_out.quantized_data_r[I]	write_out.sram_wdata_c[I]	write_out.quantized_data_r[127]$_SDFF_PP0_/Q	write_out.sram_wdata_c[15]$_SDFF_PN0_/D
80	0.5114	write_out.quantized_data_r[I]	write_out.sram_wdata_a[I]	write_out.quantized_data_r[116]$_SDFF_PN0_/Q	write_out.sram_wdata_a[68]$_SDFF_PN0_/D
81	0.5119	write_out.sram_write_enable_r	write_out.sram_wdata_c[I]	write_out.sram_write_enable_r$_SDFF_PN0_/Q	write_out.sram_wdata_c[112]$_SDFF_PN0_/D
82	0.5138	write_out.quantized_data_r[I]	write_out.sram_wdata_a[I]	write_out.quantized_data_r[127]$_SDFF_PP0_/Q	write_out.sram_wdata_a[15]$_SDFF_PN0_/D
83	0.5157	systolic_controll.state[I]	systolic.is_accum_reg[I]	systolic_controll.state[3]$_DFF_P_/Q	systolic.is_accum_reg[23]$_SDFF_PN0_/D
84	0.5165	systolic_controll.cycle_num[I]	systolic_controll.cycle_num[I]	systolic_controll.cycle_num[1]$_SDFF_PN0_/Q	systolic_controll.cycle_num[8]$_SDFF_PN0_/D
85	0.5227	systolic_controll.cycle_num[I]	systolic_controll.matrix_index[I]	systolic_controll.cycle_num[5]$_SDFF_PN0_/QN	systolic_controll.matrix_index[2]$_SDFF_PP0_/D
86	0.5305	systolic_controll.cycle_num[I]	write_out.sram_write_enable_r	systolic_controll.cycle_num[6]$_SDFF_PN0_/Q	write_out.sram_write_enable_r$_SDFF_PN0_/D
87	0.5356	write_out.quantized_data_r[I]	_I_	write_out.quantized_data_r[64]$_SDFF_PN0_/Q	_86789_/D
88	0.5388	systolic_controll.state[I]	systolic.data_queue[I][J]	systolic_controll.state[3]$_DFF_P_/Q	systolic.data_queue[27][2]$_SDFFE_PN0P_/D
89	0.5407	write_out.quantized_data_r[I]	_I_	write_out.quantized_data_r[79]$_SDFF_PP0_/Q	_86804_/D
90	0.5422	systolic_controll.state[I]	systolic_controll.addr_serial_num[I]	systolic_controll.state[3]$_DFF_P_/QN	systolic_controll.addr_serial_num[5]$_SDFFE_PN0P_/D
91	0.5690	systolic_controll.state[I]	systolic.weight_queue[I][J]	systolic_controll.state[3]$_DFF_P_/Q	systolic.weight_queue[10][0]$_SDFFE_PN0P_/D
92	0.5755	write_out.data_set_r[I]	write_out.sram_waddr_c[I]	write_out.data_set_r[1]$_SDFF_PN0_/Q	write_out.sram_waddr_c[1]$_SDFF_PN0_/D
93	0.5778	write_out.sram_write_enable_r	write_out.sram_waddr_a[I]	write_out.sram_write_enable_r$_SDFF_PN0_/Q	write_out.sram_waddr_a[1]$_SDFF_PN0_/D
94	0.5822	write_out.data_set_r[I]	write_out.sram_waddr_a[I]	write_out.data_set_r[1]$_SDFF_PN0_/Q	write_out.sram_waddr_a[1]$_SDFF_PN0_/D
95	0.5826	write_out.sram_write_enable_r	write_out.sram_waddr_c[I]	write_out.sram_write_enable_r$_SDFF_PN0_/Q	write_out.sram_waddr_c[1]$_SDFF_PN0_/D
96	0.5873	systolic_controll.state[I]	systolic_controll.state[I]	systolic_controll.state[3]$_DFF_P_/Q	systolic_controll.state[0]$_DFF_P_/D
97	0.5884	write_out.data_set_r[I]	write_out.sram_write_enable_cI	write_out.data_set_r[1]$_SDFF_PN0_/Q	write_out.sram_write_enable_c0$_SDFF_PN1_/D
98	0.5955	write_out.sram_write_enable_r	write_out.sram_write_enable_cI	write_out.sram_write_enable_r$_SDFF_PN0_/Q	write_out.sram_write_enable_c0$_SDFF_PN1_/D
99	0.5957	write_out.sram_write_enable_r	write_out.sram_write_enable_aI	write_out.sram_write_enable_r$_SDFF_PN0_/Q	write_out.sram_write_enable_a0$_SDFF_PN1_/D
100	0.6000	write_out.data_set_r[I]	write_out.sram_write_enable_aI	write_out.data_set_r[1]$_SDFF_PN0_/Q	write_out.sram_write_enable_a0$_SDFF_PN1_/D
