# stage	1_synth
# top_module	tpu_top
# top_n	1000
# kind	blocks
# skip_async	1
# include_full	1
# rank	worst_slack_ns	start	end	start_full	end_full
1	0.0127	systolic.data_queue[I][J]	systolic.partial_hi[I][J]	systolic.data_queue[24][7]$_SDFFE_PN0P_/Q	systolic.partial_hi[24][11]$_SDFFE_PN0P_/D
2	0.0178	systolic.weight_queue[I][J]	systolic.partial_hi[I][J]	systolic.weight_queue[24][1]$_SDFFE_PN0P_/Q	systolic.partial_hi[24][11]$_SDFFE_PN0P_/D
3	0.0723	systolic.data_queue[I][J]	systolic.partial_lo[I][J]	systolic.data_queue[32][3]$_SDFFE_PN0P_/Q	systolic.partial_lo[32][11]$_SDFFE_PN0P_/D
4	0.0779	systolic.weight_queue[I][J]	systolic.partial_lo[I][J]	systolic.weight_queue[32][1]$_SDFFE_PN0P_/Q	systolic.partial_lo[32][11]$_SDFFE_PN0P_/D
5	0.1481	srstn	systolic.matrix_mul_ID[J][K]	srstn	systolic.matrix_mul_2D[57][15]$_SDFFE_PN0P_/D
6	0.1630	srstn	systolic_controll.cycle_num[I]	srstn	systolic_controll.cycle_num[2]$_SDFF_PN0_/D
7	0.1630	srstn	systolic_controll.data_set[I]	srstn	systolic_controll.data_set[1]$_SDFFE_PN0P_/D
8	0.1630	srstn	systolic_controll.tpu_done	srstn	systolic_controll.tpu_done$_SDFF_PN0_/D
9	0.1644	srstn	systolic.mul_outcome[I]	srstn	systolic.mul_outcome[23]$_SDFF_PN0_/D
10	0.1651	srstn	_I_	srstn	_106922_/D
11	0.1775	srstn	systolic_controll.addr_serial_num[I]	srstn	systolic_controll.addr_serial_num[2]$_SDFFE_PN0P_/D
12	0.1814	srstn	systolic.product_reg[I][J]	srstn	systolic.product_reg[60][14]$_SDFF_PN0_/D
13	0.1838	srstn	write_out.qdata_r[I]	srstn	write_out.qdata_r[80]$_SDFF_PN0_/D
14	0.1883	srstn	systolic.partial_lo[I][J]	srstn	systolic.partial_lo[38][10]$_SDFFE_PN0P_/D
15	0.1904	srstn	systolic.data_queue[I][J]	srstn	systolic.data_queue[0][0]$_SDFFE_PN0P_/D
16	0.1904	srstn	systolic.partial_hi[I][J]	srstn	systolic.partial_hi[0][0]$_SDFFE_PN0P_/D
17	0.1904	srstn	systolic.weight_queue[I][J]	srstn	systolic.weight_queue[10][0]$_SDFFE_PN0P_/D
18	0.1926	srstn	matrix_index_d[I]	srstn	matrix_index_d[4]$_SDFF_PN0_/D
19	0.1937	srstn	data_set_d[I]	srstn	data_set_d[1]$_SDFF_PN0_/D
20	0.1941	srstn	systolic_controll.state[I]	srstn	systolic_controll.state[0]$_DFF_P_/D
21	0.1964	srstn	write_out.mi_add[I]	srstn	write_out.mi_add[5]$_SDFF_PN0_/D
22	0.1964	srstn	write_out.mi_sub[I]	srstn	write_out.mi_sub[5]$_SDFF_PN0_/D
23	0.2019	systolic.matrix_mul_ID[J][K]	systolic.matrix_mul_ID[J][K]	systolic.matrix_mul_2D[20][0]$_SDFFE_PN0P_/Q	systolic.matrix_mul_2D[20][20]$_SDFFE_PN0P_/D
24	0.2051	systolic.product_reg[I][J]	systolic.matrix_mul_ID[J][K]	systolic.product_reg[20][0]$_SDFF_PN0_/Q	systolic.matrix_mul_2D[20][20]$_SDFFE_PN0P_/D
25	0.2061	srstn	systolic.mode_regI[J][K]	srstn	systolic.mode_reg2[15][0]$_SDFF_PN0_/D
26	0.2107	srstn	write_out.mi_lt	srstn	write_out.mi_lt$_SDFF_PN1_/D
27	0.2152	srstn	write_out.qdata_r[I]	srstn	write_out.qdata_r[31]$_SDFF_PP0_/D
28	0.2225	srstn	write_out.sram_wdata_a[I]	srstn	write_out.sram_wdata_a[112]$_SDFF_PN0_/D
29	0.2240	srstn	write_out.sram_waddr_a[I]	srstn	write_out.sram_waddr_a[2]$_SDFF_PN0_/D
30	0.2267	srstn	write_out.data_set_r[I]	srstn	write_out.data_set_r[1]$_SDFF_PN0_/D
31	0.2267	srstn	write_out.sram_we_r	srstn	write_out.sram_we_r$_SDFF_PN0_/D
32	0.2274	srstn	tpu_done_d	srstn	tpu_done_d$_SDFF_PN0_/D
33	0.2274	srstn	tpu_done_dd	srstn	tpu_done_dd$_SDFF_PN0_/D
34	0.2299	srstn	write_out.sram_wdata_c[I]	srstn	write_out.sram_wdata_c[112]$_SDFF_PN0_/D
35	0.2300	srstn	write_out.matrix_index_r[I]	srstn	write_out.matrix_index_r[3]$_SDFF_PN0_/D
36	0.2367	srstn	write_out.mi_amI[J]	srstn	write_out.mi_am1[0]$_SDFF_PN1_/D
37	0.2418	srstn	write_out.sram_write_enable_aI	srstn	write_out.sram_write_enable_a0$_SDFF_PN1_/D
38	0.2424	srstn	systolic.mode_reg[I][J]	srstn	systolic.mode_reg[57][1]$_SDFF_PP0_/D
39	0.2440	srstn	write_out.sram_write_enable_cI	srstn	write_out.sram_write_enable_c0$_SDFF_PN1_/D
40	0.2538	tpu_start	systolic_controll.addr_serial_num[I]	tpu_start	systolic_controll.addr_serial_num[5]$_SDFFE_PN0P_/D
41	0.2583	systolic_controll.matrix_index[I]	systolic.mul_outcome[I]	systolic_controll.matrix_index[4]$_SDFF_PP0_/QN	systolic.mul_outcome[122]$_SDFF_PN0_/D
42	0.2687	srstn	write_out.sram_waddr_c[I]	srstn	write_out.sram_waddr_c[2]$_SDFF_PN0_/D
43	0.2717	srstn	sram_write_enable_d	srstn	sram_write_enable_d$_SDFF_PN0_/D
44	0.3270	srstn	systolic_controll.matrix_index[I]	srstn	systolic_controll.matrix_index[0]$_SDFF_PP0_/D
45	0.3321	write_out.mi_lt	_I_	write_out.mi_lt$_SDFF_PN1_/Q	_106995_/D
46	0.3406	systolic_controll.cycle_num[I]	systolic.mode_reg[I][J]	systolic_controll.cycle_num[1]$_SDFF_PN0_/Q	systolic.mode_reg[16][1]$_SDFF_PP0_/D
47	0.3723	write_out.data_set_r[I]	_I_	write_out.data_set_r[1]$_SDFF_PN0_/Q	_106995_/D
48	0.3835	systolic_controll.matrix_index[I]	systolic_controll.data_set[I]	systolic_controll.matrix_index[1]$_SDFF_PP0_/Q	systolic_controll.data_set[0]$_SDFFE_PN0P_/D
49	0.3855	systolic_controll.cycle_num[I]	systolic.mode_reg[I][J]	systolic_controll.cycle_num[1]$_SDFF_PN0_/Q	systolic.mode_reg[32][0]$_SDFF_PN0_/D
50	0.3888	systolic.partial_hi[I][J]	systolic.product_reg[I][J]	systolic.partial_hi[2][0]$_SDFFE_PN0P_/Q	systolic.product_reg[2][14]$_SDFF_PN0_/D
51	0.3903	systolic.partial_lo[I][J]	systolic.product_reg[I][J]	systolic.partial_lo[2][4]$_SDFFE_PN0P_/Q	systolic.product_reg[2][14]$_SDFF_PN0_/D
52	0.3908	write_out.mi_add[I]	write_out.sram_wdata_c[I]	write_out.mi_add[0]$_SDFF_PN0_/Q	write_out.sram_wdata_c[70]$_SDFF_PN0_/D
53	0.3940	write_out.mi_add[I]	_I_	write_out.mi_add[0]$_SDFF_PN0_/Q	_106978_/D
54	0.3950	write_out.mi_add[I]	write_out.sram_wdata_a[I]	write_out.mi_add[0]$_SDFF_PN0_/Q	write_out.sram_wdata_a[70]$_SDFF_PN0_/D
55	0.4158	systolic_controll.matrix_index[I]	systolic_controll.state[I]	systolic_controll.matrix_index[1]$_SDFF_PP0_/Q	systolic_controll.state[3]$_DFF_P_/D
56	0.4230	systolic.mul_outcome[I]	write_out.qdata_r[I]	systolic.mul_outcome[135]$_SDFF_PN0_/Q	write_out.qdata_r[101]$_SDFF_PN0_/D
57	0.4234	systolic_controll.matrix_index[I]	systolic_controll.matrix_index[I]	systolic_controll.matrix_index[1]$_SDFF_PP0_/Q	systolic_controll.matrix_index[0]$_SDFF_PP0_/D
58	0.4296	systolic.matrix_mul_ID[J][K]	systolic.mul_outcome[I]	systolic.matrix_mul_2D[32][20]$_SDFFE_PN0P_/Q	systolic.mul_outcome[104]$_SDFF_PN0_/D
59	0.4348	systolic_controll.matrix_index[I]	systolic_controll.tpu_done	systolic_controll.matrix_index[1]$_SDFF_PP0_/Q	systolic_controll.tpu_done$_SDFF_PN0_/D
60	0.4407	systolic.mode_regI[J][K]	systolic.matrix_mul_ID[J][K]	systolic.mode_reg2[6][1]$_SDFF_PN0_/Q	systolic.matrix_mul_2D[48][11]$_SDFFE_PN0P_/D
61	0.4481	write_out.mi_amI[J]	_I_	write_out.mi_am1[2]$_SDFF_PN1_/QN	_106962_/D
62	0.4491	addr_sel.sram_raddr_wI[J]	sram_raddr_wI[J]	addr_sel.sram_raddr_w0[0]$_SDFF_PN1_/Q	sram_raddr_w0[0]
63	0.4494	write_out.matrix_index_r[I]	_I_	write_out.matrix_index_r[3]$_SDFF_PN0_/QN	_106962_/D
64	0.4511	write_out.mi_amI[J]	write_out.sram_wdata_c[I]	write_out.mi_am1[1]$_SDFF_PN1_/QN	write_out.sram_wdata_c[18]$_SDFF_PN0_/D
65	0.4554	write_out.mi_amI[J]	write_out.sram_wdata_a[I]	write_out.mi_am1[1]$_SDFF_PN1_/QN	write_out.sram_wdata_a[18]$_SDFF_PN0_/D
66	0.4594	systolic.mul_outcome[I]	write_out.qdata_r[I]	systolic.mul_outcome[135]$_SDFF_PN0_/Q	write_out.qdata_r[111]$_SDFF_PP0_/D
67	0.4657	addr_sel.sram_raddr_wI[J]	sram_raddr_dI[J]	addr_sel.sram_raddr_w0[0]$_SDFF_PN1_/Q	sram_raddr_d0[0]
68	0.4666	systolic_controll.addr_serial_num[I]	addr_sel.sram_raddr_wI[J]	systolic_controll.addr_serial_num[5]$_SDFFE_PN0P_/Q	addr_sel.sram_raddr_w1[5]$_SDFF_PN1_/D
69	0.4679	write_out.sram_waddr_a[I]	sram_waddr_a[I]	write_out.sram_waddr_a[0]$_SDFF_PN0_/Q	sram_waddr_a[0]
70	0.4679	_I_	sram_waddr_b[I]	_107035_/Q	sram_waddr_b[0]
71	0.4679	write_out.sram_waddr_c[I]	sram_waddr_c[I]	write_out.sram_waddr_c[0]$_SDFF_PN0_/Q	sram_waddr_c[0]
72	0.4679	write_out.sram_wdata_a[I]	sram_wdata_a[I]	write_out.sram_wdata_a[0]$_SDFF_PN0_/Q	sram_wdata_a[0]
73	0.4679	_I_	sram_wdata_b[I]	_106908_/Q	sram_wdata_b[0]
74	0.4679	write_out.sram_wdata_c[I]	sram_wdata_c[I]	write_out.sram_wdata_c[0]$_SDFF_PN0_/Q	sram_wdata_c[0]
75	0.4679	write_out.sram_write_enable_aI	sram_write_enable_aI	write_out.sram_write_enable_a0$_SDFF_PN1_/Q	sram_write_enable_a0
76	0.4679	_I_	sram_write_enable_bI	_106905_/Q	sram_write_enable_b0
77	0.4679	write_out.sram_write_enable_cI	sram_write_enable_cI	write_out.sram_write_enable_c0$_SDFF_PN1_/Q	sram_write_enable_c0
78	0.4679	tpu_done_dd	tpu_done	tpu_done_dd$_SDFF_PN0_/Q	tpu_done
79	0.4681	tpu_start	systolic_controll.state[I]	tpu_start	systolic_controll.state[0]$_DFF_P_/D
80	0.4805	sram_rdata_dI[J]	systolic.data_queue[I][J]	sram_rdata_d0[31]	systolic.data_queue[0][7]$_SDFFE_PN0P_/D
81	0.4805	sram_rdata_wI[J]	systolic.weight_queue[I][J]	sram_rdata_w0[24]	systolic.weight_queue[0][0]$_SDFFE_PN0P_/D
82	0.4888	systolic_controll.addr_serial_num[I]	systolic_controll.addr_serial_num[I]	systolic_controll.addr_serial_num[1]$_SDFFE_PN0P_/Q	systolic_controll.addr_serial_num[5]$_SDFFE_PN0P_/D
83	0.4893	systolic_controll.cycle_num[I]	systolic_controll.data_set[I]	systolic_controll.cycle_num[1]$_SDFF_PN0_/Q	systolic_controll.data_set[0]$_SDFFE_PN0P_/D
84	0.4904	write_out.matrix_index_r[I]	write_out.sram_wdata_c[I]	write_out.matrix_index_r[3]$_SDFF_PN0_/QN	write_out.sram_wdata_c[102]$_SDFF_PN0_/D
85	0.4927	write_out.matrix_index_r[I]	write_out.sram_wdata_a[I]	write_out.matrix_index_r[3]$_SDFF_PN0_/QN	write_out.sram_wdata_a[102]$_SDFF_PN0_/D
86	0.5024	write_out.sram_we_r	_I_	write_out.sram_we_r$_SDFF_PN0_/Q	_106922_/D
87	0.5071	write_out.mi_lt	write_out.sram_wdata_c[I]	write_out.mi_lt$_SDFF_PN1_/Q	write_out.sram_wdata_c[38]$_SDFF_PN0_/D
88	0.5113	write_out.mi_lt	write_out.sram_wdata_a[I]	write_out.mi_lt$_SDFF_PN1_/Q	write_out.sram_wdata_a[38]$_SDFF_PN0_/D
89	0.5139	write_out.mi_sub[I]	write_out.sram_wdata_c[I]	write_out.mi_sub[3]$_SDFF_PN0_/Q	write_out.sram_wdata_c[70]$_SDFF_PN0_/D
90	0.5149	systolic_controll.cycle_num[I]	systolic_controll.matrix_index[I]	systolic_controll.cycle_num[1]$_SDFF_PN0_/Q	systolic_controll.matrix_index[0]$_SDFF_PP0_/D
91	0.5165	systolic_controll.state[I]	systolic.partial_lo[I][J]	systolic_controll.state[3]$_DFF_P_/Q	systolic.partial_lo[47][1]$_SDFFE_PN0P_/D
92	0.5165	systolic_controll.state[I]	systolic.weight_queue[I][J]	systolic_controll.state[3]$_DFF_P_/Q	systolic.weight_queue[55][0]$_SDFFE_PN0P_/D
93	0.5181	write_out.mi_sub[I]	write_out.sram_wdata_a[I]	write_out.mi_sub[3]$_SDFF_PN0_/Q	write_out.sram_wdata_a[70]$_SDFF_PN0_/D
94	0.5206	systolic_controll.state[I]	systolic.partial_hi[I][J]	systolic_controll.state[3]$_DFF_P_/Q	systolic.partial_hi[10][0]$_SDFFE_PN0P_/D
95	0.5214	write_out.data_set_r[I]	write_out.sram_wdata_a[I]	write_out.data_set_r[1]$_SDFF_PN0_/Q	write_out.sram_wdata_a[112]$_SDFF_PN0_/D
96	0.5229	write_out.data_set_r[I]	write_out.sram_waddr_a[I]	write_out.data_set_r[1]$_SDFF_PN0_/Q	write_out.sram_waddr_a[2]$_SDFF_PN0_/D
97	0.5243	write_out.qdata_r[I]	write_out.sram_wdata_c[I]	write_out.qdata_r[62]$_SDFF_PN0_/Q	write_out.sram_wdata_c[126]$_SDFF_PN0_/D
98	0.5269	write_out.qdata_r[I]	write_out.sram_wdata_a[I]	write_out.qdata_r[62]$_SDFF_PN0_/Q	write_out.sram_wdata_a[126]$_SDFF_PN0_/D
99	0.5288	write_out.data_set_r[I]	write_out.sram_wdata_c[I]	write_out.data_set_r[1]$_SDFF_PN0_/Q	write_out.sram_wdata_c[112]$_SDFF_PN0_/D
100	0.5327	systolic_controll.state[I]	systolic.data_queue[I][J]	systolic_controll.state[3]$_DFF_P_/Q	systolic.data_queue[41][5]$_SDFFE_PN0P_/D
101	0.5333	systolic_controll.state[I]	systolic_controll.cycle_num[I]	systolic_controll.state[3]$_DFF_P_/Q	systolic_controll.cycle_num[2]$_SDFF_PN0_/D
102	0.5333	systolic_controll.state[I]	systolic_controll.data_set[I]	systolic_controll.state[3]$_DFF_P_/Q	systolic_controll.data_set[1]$_SDFFE_PN0P_/D
103	0.5333	systolic_controll.state[I]	systolic_controll.tpu_done	systolic_controll.state[3]$_DFF_P_/Q	systolic_controll.tpu_done$_SDFF_PN0_/D
104	0.5336	write_out.qdata_r[I]	_I_	write_out.qdata_r[62]$_SDFF_PN0_/Q	_107034_/D
105	0.5370	write_out.mi_add[I]	write_out.sram_waddr_c[I]	write_out.mi_add[1]$_SDFF_PN0_/Q	write_out.sram_waddr_c[1]$_SDFF_PN0_/D
106	0.5372	write_out.mi_add[I]	write_out.sram_waddr_a[I]	write_out.mi_add[1]$_SDFF_PN0_/Q	write_out.sram_waddr_a[1]$_SDFF_PN0_/D
107	0.5379	write_out.mi_sub[I]	_I_	write_out.mi_sub[5]$_SDFF_PN0_/QN	_107010_/D
108	0.5407	write_out.data_set_r[I]	write_out.sram_write_enable_aI	write_out.data_set_r[1]$_SDFF_PN0_/Q	write_out.sram_write_enable_a0$_SDFF_PN1_/D
109	0.5429	write_out.data_set_r[I]	write_out.sram_write_enable_cI	write_out.data_set_r[1]$_SDFF_PN0_/Q	write_out.sram_write_enable_c0$_SDFF_PN1_/D
110	0.5432	write_out.qdata_r[I]	_I_	write_out.qdata_r[111]$_SDFF_PP0_/Q	_107003_/D
111	0.5457	write_out.qdata_r[I]	write_out.sram_wdata_c[I]	write_out.qdata_r[79]$_SDFF_PP0_/Q	write_out.sram_wdata_c[127]$_SDFF_PN0_/D
112	0.5458	write_out.qdata_r[I]	write_out.sram_wdata_a[I]	write_out.qdata_r[79]$_SDFF_PP0_/Q	write_out.sram_wdata_a[127]$_SDFF_PN0_/D
113	0.5511	systolic_controll.cycle_num[I]	systolic_controll.cycle_num[I]	systolic_controll.cycle_num[1]$_SDFF_PN0_/Q	systolic_controll.cycle_num[8]$_SDFF_PN0_/D
114	0.5537	systolic_controll.state[I]	systolic_controll.addr_serial_num[I]	systolic_controll.state[0]$_DFF_P_/QN	systolic_controll.addr_serial_num[5]$_SDFFE_PN0P_/D
115	0.5599	write_out.sram_we_r	write_out.sram_wdata_a[I]	write_out.sram_we_r$_SDFF_PN0_/Q	write_out.sram_wdata_a[112]$_SDFF_PN0_/D
116	0.5607	systolic_controll.state[I]	systolic_controll.state[I]	systolic_controll.state[3]$_DFF_P_/Q	systolic_controll.state[0]$_DFF_P_/D
117	0.5607	systolic_controll.cycle_num[I]	sram_write_enable_d	systolic_controll.cycle_num[1]$_SDFF_PN0_/Q	sram_write_enable_d$_SDFF_PN0_/D
118	0.5614	write_out.sram_we_r	write_out.sram_waddr_a[I]	write_out.sram_we_r$_SDFF_PN0_/Q	write_out.sram_waddr_a[2]$_SDFF_PN0_/D
119	0.5673	write_out.sram_we_r	write_out.sram_wdata_c[I]	write_out.sram_we_r$_SDFF_PN0_/Q	write_out.sram_wdata_c[112]$_SDFF_PN0_/D
120	0.5676	write_out.data_set_r[I]	write_out.sram_waddr_c[I]	write_out.data_set_r[1]$_SDFF_PN0_/Q	write_out.sram_waddr_c[2]$_SDFF_PN0_/D
121	0.5792	write_out.sram_we_r	write_out.sram_write_enable_aI	write_out.sram_we_r$_SDFF_PN0_/Q	write_out.sram_write_enable_a0$_SDFF_PN1_/D
122	0.5814	write_out.sram_we_r	write_out.sram_write_enable_cI	write_out.sram_we_r$_SDFF_PN0_/Q	write_out.sram_write_enable_c0$_SDFF_PN1_/D
123	0.6061	write_out.sram_we_r	write_out.sram_waddr_c[I]	write_out.sram_we_r$_SDFF_PN0_/Q	write_out.sram_waddr_c[2]$_SDFF_PN0_/D
124	0.6159	systolic_controll.state[I]	systolic.mode_reg[I][J]	systolic_controll.state[3]$_DFF_P_/QN	systolic.mode_reg[57][1]$_SDFF_PP0_/D
125	0.6328	systolic_controll.state[I]	systolic.mode_reg[I][J]	systolic_controll.state[3]$_DFF_P_/Q	systolic.mode_reg[0][0]$_SDFF_PN0_/D
126	0.6548	systolic_controll.state[I]	sram_write_enable_d	systolic_controll.state[3]$_DFF_P_/Q	sram_write_enable_d$_SDFF_PN0_/D
127	0.6659	systolic_controll.data_set[I]	systolic_controll.data_set[I]	systolic_controll.data_set[0]$_SDFFE_PN0P_/Q	systolic_controll.data_set[1]$_SDFFE_PN0P_/D
128	0.6849	systolic.partial_lo[I][J]	systolic.partial_lo[I][J]	systolic.partial_lo[10][11]$_SDFFE_PN0P_/Q	systolic.partial_lo[10][11]$_SDFFE_PN0P_/D
129	0.6872	matrix_index_d[I]	write_out.mi_add[I]	matrix_index_d[3]$_SDFF_PN0_/Q	write_out.mi_add[5]$_SDFF_PN0_/D
130	0.6877	matrix_index_d[I]	write_out.mi_sub[I]	matrix_index_d[4]$_SDFF_PN0_/QN	write_out.mi_sub[5]$_SDFF_PN0_/D
131	0.6933	systolic_controll.data_set[I]	systolic_controll.state[I]	systolic_controll.data_set[0]$_SDFFE_PN0P_/Q	systolic_controll.state[3]$_DFF_P_/D
132	0.6983	systolic.data_queue[I][J]	systolic.data_queue[I][J]	systolic.data_queue[60][7]$_SDFFE_PN0P_/Q	systolic.data_queue[60][7]$_SDFFE_PN0P_/D
133	0.7004	systolic_controll.state[I]	systolic_controll.matrix_index[I]	systolic_controll.state[3]$_DFF_P_/QN	systolic_controll.matrix_index[0]$_SDFF_PP0_/D
134	0.7065	systolic.weight_queue[I][J]	systolic.weight_queue[I][J]	systolic.weight_queue[0][7]$_SDFFE_PN0P_/Q	systolic.weight_queue[0][7]$_SDFFE_PN0P_/D
135	0.7122	systolic_controll.data_set[I]	systolic_controll.tpu_done	systolic_controll.data_set[0]$_SDFFE_PN0P_/Q	systolic_controll.tpu_done$_SDFF_PN0_/D
136	0.7145	matrix_index_d[I]	write_out.mi_lt	matrix_index_d[3]$_SDFF_PN0_/Q	write_out.mi_lt$_SDFF_PN1_/D
137	0.7210	systolic_controll.matrix_index[I]	matrix_index_d[I]	systolic_controll.matrix_index[3]$_SDFF_PP0_/Q	matrix_index_d[3]$_SDFF_PN0_/D
138	0.7359	systolic.partial_hi[I][J]	systolic.partial_hi[I][J]	systolic.partial_hi[0][5]$_SDFFE_PN0P_/Q	systolic.partial_hi[0][5]$_SDFFE_PN0P_/D
139	0.7502	matrix_index_d[I]	write_out.matrix_index_r[I]	matrix_index_d[3]$_SDFF_PN0_/Q	write_out.matrix_index_r[3]$_SDFF_PN0_/D
140	0.7579	write_out.matrix_index_r[I]	write_out.sram_waddr_c[I]	write_out.matrix_index_r[3]$_SDFF_PN0_/Q	write_out.sram_waddr_c[3]$_SDFF_PN0_/D
141	0.7581	write_out.matrix_index_r[I]	write_out.sram_waddr_a[I]	write_out.matrix_index_r[3]$_SDFF_PN0_/Q	write_out.sram_waddr_a[3]$_SDFF_PN0_/D
142	0.7615	systolic_controll.data_set[I]	data_set_d[I]	systolic_controll.data_set[0]$_SDFFE_PN0P_/Q	data_set_d[0]$_SDFF_PN0_/D
143	0.7669	matrix_index_d[I]	write_out.mi_amI[J]	matrix_index_d[0]$_SDFF_PN0_/QN	write_out.mi_am1[0]$_SDFF_PN1_/D
144	0.7718	systolic.mode_reg[I][J]	systolic.mode_regI[J][K]	systolic.mode_reg[0][0]$_SDFF_PN0_/Q	systolic.mode_reg2[0][0]$_SDFF_PN0_/D
145	0.7718	systolic.mode_reg[I][J]	systolic.mode_regI[J][K]	systolic.mode_reg[0][1]$_SDFF_PP0_/Q	systolic.mode_reg2[0][1]$_SDFF_PN0_/D
146	0.7718	systolic_controll.tpu_done	tpu_done_d	systolic_controll.tpu_done$_SDFF_PN0_/Q	tpu_done_d$_SDFF_PN0_/D
147	0.7718	tpu_done_d	tpu_done_dd	tpu_done_d$_SDFF_PN0_/Q	tpu_done_dd$_SDFF_PN0_/D
148	0.7718	data_set_d[I]	write_out.data_set_r[I]	data_set_d[0]$_SDFF_PN0_/Q	write_out.data_set_r[0]$_SDFF_PN0_/D
149	0.7718	sram_write_enable_d	write_out.sram_we_r	sram_write_enable_d$_SDFF_PN0_/Q	write_out.sram_we_r$_SDFF_PN0_/D
