# stage	1_synth
# top_module	jpeg_encoder
# top_n	1000
# kind	blocks
# skip_async	1
# include_full	1
# rank	worst_slack_ns	start	end	start_full	end_full
1	-0.5366	fdct_zigzag.dct_mod.ddin[I]	fdct_zigzag.dct_mod.dct_block_I.dct_unit_J.macu.ppK[L]	fdct_zigzag.dct_mod.ddin[8]$_DFFE_PN0P_/Q	fdct_zigzag.dct_mod.dct_block_2.dct_unit_2.macu.pp3[11]$_DFFE_PP_/D
2	-0.2175	fdct_zigzag.dct_mod.dct_block_I.dct_unit_J.macu.ph[K]	fdct_zigzag.dct_mod.dct_block_I.dct_unit_J.macu.result[K]	fdct_zigzag.dct_mod.dct_block_6.dct_unit_3.macu.ph[0]$_DFFE_PP_/Q	fdct_zigzag.dct_mod.dct_block_6.dct_unit_3.macu.result[21]$_DFFE_PP_/D
3	-0.2150	fdct_zigzag.dct_mod.dct_block_I.dct_unit_J.macu.pl[K]	fdct_zigzag.dct_mod.dct_block_I.dct_unit_J.macu.result[K]	fdct_zigzag.dct_mod.dct_block_0.dct_unit_3.macu.pl[4]$_DFFE_PP_/Q	fdct_zigzag.dct_mod.dct_block_0.dct_unit_3.macu.result[21]$_DFFE_PP_/D
4	0.0368	fdct_zigzag.dct_mod.dct_block_I.dct_unit_J.coef[K]	fdct_zigzag.dct_mod.dct_block_I.dct_unit_J.macu.ppK[L]	fdct_zigzag.dct_mod.dct_block_2.dct_unit_6.coef[29]$_DFFE_PP_/Q	fdct_zigzag.dct_mod.dct_block_6.dct_unit_6.macu.pp2[11]$_DFFE_PP_/D
5	0.0713	ena	rle.rle.dcterm	ena	rle.rle.dcterm$_DFFE_PN0P_/D
6	0.0713	ena	rle.rle.rlen[I]	ena	rle.rle.rlen[0]$_DFFE_PN0P_/D
7	0.0722	fdct_zigzag.dct_mod.ddin[I]	fdct_zigzag.dct_mod.ddin[I]	fdct_zigzag.dct_mod.ddin[8]$_DFFE_PN0P_/Q	fdct_zigzag.dct_mod.ddin[8]$_DFFE_PN0P_/D
8	0.0749	ena	fdct_zigzag.dct_mod.sample_cnt[I]	ena	fdct_zigzag.dct_mod.sample_cnt[4]$_DFFE_PN0P_/D
9	0.0768	ena	qnr.divider.iz[I]	ena	qnr.divider.iz[19]$_SDFFCE_PN0P_/D
10	0.0770	ena	fdct_zigzag.dct_mod.dct_block_I.dct_unit_J.coef[K]	ena	fdct_zigzag.dct_mod.dct_block_0.dct_unit_4.coef[30]$_DFFE_PP_/D
11	0.0770	ena	rle.rle.sample_cnt[I]	ena	rle.rle.sample_cnt[0]$_SDFFCE_PP1P_/D
12	0.0770	ena	rle.rle.zero_cnt[I]	ena	rle.rle.zero_cnt[0]$_SDFFCE_PP0P_/D
13	0.0785	ena	rle.rle.den	ena	rle.rle.den$_DFFE_PN0P_/D
14	0.0787	ena	fdct_zigzag.dct_mod.dct_block_I.dct_unit_J.macu.ph[K]	ena	fdct_zigzag.dct_mod.dct_block_7.dct_unit_0.macu.ph[9]$_DFFE_PP_/D
15	0.0787	ena	fdct_zigzag.dct_mod.dct_block_I.dct_unit_J.macu.pl[K]	ena	fdct_zigzag.dct_mod.dct_block_7.dct_unit_0.macu.pl[9]$_DFFE_PP_/D
16	0.0787	ena	fdct_zigzag.dct_mod.dct_block_I.dct_unit_J.macu.ppK[L]	ena	fdct_zigzag.dct_mod.dct_block_7.dct_unit_0.macu.pp0[11]$_DFFE_PP_/D
17	0.0787	ena	fdct_zigzag.dct_mod.dct_block_I.dct_unit_J.macu.result[K]	ena	fdct_zigzag.dct_mod.dct_block_7.dct_unit_1.macu.result[13]$_DFFE_PP_/D
18	0.0787	ena	qnr.divider.divider.s_pipe[I][J]	ena	qnr.divider.divider.s_pipe[10][19]$_DFFE_PP_/D
19	0.0799	ena	qnr.dep[I]	ena	qnr.dep[0]$_DFFE_PN0P_/D
20	0.0809	ena	fdct_zigzag.dct_mod.douten	ena	fdct_zigzag.dct_mod.douten$_DFFE_PN0P_/D
21	0.0809	ena	fdct_zigzag.dct_mod.go	ena	fdct_zigzag.dct_mod.go$_DFFE_PN0P_/D
22	0.0955	ena	qnr.divider.spipe[I]	ena	qnr.divider.spipe[13]$_DFFE_PP_/D
23	0.0955	ena	qnr.divider.divider.d_pipe[I][J]	ena	qnr.divider.divider.d_pipe[10][19]$_DFFE_PP_/D
24	0.0955	ena	qnr.divider.divider.q[I]	ena	qnr.divider.divider.q[11]$_DFFE_PP_/D
25	0.0955	ena	qnr.divider.divider.q_pipe[I][J]	ena	qnr.divider.divider.q_pipe[10][9]$_DFFE_PP_/D
26	0.0955	ena	qnr.divider.id[I]	ena	qnr.divider.id[7]$_DFFE_PP_/D
27	0.0955	ena	qnr.divider.iz[I]	ena	qnr.divider.iz[10]$_DFFE_PP_/D
28	0.0955	ena	qnr.divider.q[I]	ena	qnr.divider.q[11]$_DFFE_PP_/D
29	0.0955	ena	rle.rle.amp[I]	ena	rle.rle.amp[9]$_DFFE_PP_/D
30	0.0955	ena	rle.rzI.ampo[J]	ena	rle.rz1.ampo[10]$_DFFE_PP_/D
31	0.0967	fdct_zigzag.dct_mod.dct_block_I.dct_unit_J.macu.result[K]	fdct_zigzag.dct_mod.dct_block_I.dct_unit_J.macu.result[K]	fdct_zigzag.dct_mod.dct_block_0.dct_unit_5.macu.result[0]$_DFFE_PP_/Q	fdct_zigzag.dct_mod.dct_block_0.dct_unit_5.macu.result[16]$_DFFE_PP_/D
32	0.1041	ena	rle.rzI.den	ena	rle.rz1.den$_DFFE_PN0P_/D
33	0.1065	ena	qnr.rq[I]	ena	qnr.rq[9]$_DFFE_PP_/D
34	0.1168	ena	fdct_zigzag.dct_mod.ddin[I]	ena	fdct_zigzag.dct_mod.ddin[8]$_DFFE_PN0P_/D
35	0.1168	ena	fdct_zigzag.dct_mod.dgo	ena	fdct_zigzag.dct_mod.dgo$_DFFE_PN0P_/D
36	0.1168	ena	rle.rzI.deno	ena	rle.rz1.deno$_DFFE_PN0P_/D
37	0.1171	ena	dfdct_dout[I]	ena	dfdct_dout[11]$_DFFE_PP_/D
38	0.1171	ena	fdct_zigzag.zigzag_mod.ld_zigzagI	ena	fdct_zigzag.zigzag_mod.ld_zigzag2$_DFFE_PP_/D
39	0.1171	ena	dqnr_doe	ena	dqnr_doe$_DFFE_PP_/D
40	0.1171	ena	fdct_zigzag.zigzag_mod.sresult[I][J]	ena	fdct_zigzag.zigzag_mod.sresult[10][11]$_DFFE_PP_/D
41	0.1171	ena	rle.rzI.dc	ena	rle.rz1.dc$_DFFE_PP_/D
42	0.1171	ena	rle.rzI.dco	ena	rle.rz1.dco$_DFFE_PP_/D
43	0.1171	ena	rle.rzI.rleno[J]	ena	rle.rz1.rleno[3]$_DFFE_PP_/D
44	0.1171	ena	rle.rzI.sizeo[J]	ena	rle.rz1.sizeo[3]$_DFFE_PP_/D
45	0.1172	ena	fdct_zigzag.dct_mod.dddcnt	ena	fdct_zigzag.dct_mod.dddcnt$_DFFE_PN1P_/D
46	0.1182	ena	fdct_zigzag.dct_mod.dct_block_I.dct_unit_J.macu.dclr_dK	ena	fdct_zigzag.dct_mod.dct_block_5.dct_unit_3.macu.dclr_d1$_DFFE_PP_/D
47	0.1208	ena	rle.rle.state	ena	rle.rle.state$_DFFE_PN0P_/D
48	0.1234	ena	qnr.qnt_cnt[I]	ena	qnr.qnt_cnt[2]$_DFFE_PN0P_/D
49	0.1264	ena	rle.rle.amp[I]	ena	rle.rle.amp[10]$_SDFFCE_PN0P_/D
50	0.1264	ena	rle.rle.size[I]	ena	rle.rle.size[1]$_DFFE_PN0P_/D
51	0.1273	qnr.divider.divider.d_pipe[I][J]	qnr.divider.divider.s_pipe[I][J]	qnr.divider.divider.d_pipe[6][12]$_DFFE_PP_/QN	qnr.divider.divider.s_pipe[7][24]$_DFFE_PP_/D
52	0.1308	qnr.divider.divider.s_pipe[I][J]	qnr.divider.divider.s_pipe[I][J]	qnr.divider.divider.s_pipe[1][24]$_DFFE_PP_/Q	qnr.divider.divider.s_pipe[2][24]$_DFFE_PP_/D
53	0.1373	ena	rle.rzI.state	ena	rle.rz3.state$_DFFE_PN0P_/D
54	0.1429	qnr.divider.q[I]	qnr.rq[I]	qnr.divider.q[12]$_SDFFCE_PN0P_/Q	qnr.rq[10]$_DFFE_PP_/D
55	0.1460	ena	qnr.divider.q[I]	ena	qnr.divider.q[12]$_SDFFCE_PN0P_/D
56	0.1463	ena	fdct_zigzag.dct_mod.ddcnt	ena	fdct_zigzag.dct_mod.ddcnt$_DFFE_PN1P_/D
57	0.1569	ena	rle.rzI.amp[J]	ena	rle.rz1.amp[0]$_DFFE_PP_/D
58	0.1569	ena	rle.rzI.rlen[J]	ena	rle.rz1.rlen[3]$_DFFE_PP_/D
59	0.1569	ena	rle.rzI.size[J]	ena	rle.rz1.size[3]$_DFFE_PP_/D
60	0.1898	fdct_zigzag.dct_mod.sample_cnt[I]	fdct_zigzag.dct_mod.dct_block_I.dct_unit_J.coef[K]	fdct_zigzag.dct_mod.sample_cnt[1]$_DFFE_PN0P_/Q	fdct_zigzag.dct_mod.dct_block_3.dct_unit_1.coef[19]$_DFFE_PP_/D
61	0.1991	qnr.rq[I]	rle.rle.size[I]	qnr.rq[1]$_DFFE_PP_/QN	rle.rle.size[1]$_DFFE_PN0P_/D
62	0.2036	dstrb	fdct_zigzag.dct_mod.sample_cnt[I]	dstrb	fdct_zigzag.dct_mod.sample_cnt[5]$_DFFE_PN0P_/D
63	0.2120	fdct_zigzag.dct_mod.dct_block_I.dct_unit_J.macu.ppK[L]	fdct_zigzag.dct_mod.dct_block_I.dct_unit_J.macu.pl[K]	fdct_zigzag.dct_mod.dct_block_4.dct_unit_4.macu.pp0[7]$_DFFE_PP_/Q	fdct_zigzag.dct_mod.dct_block_4.dct_unit_4.macu.pl[14]$_DFFE_PP_/D
64	0.2120	fdct_zigzag.dct_mod.dct_block_I.dct_unit_J.macu.ppK[L]	fdct_zigzag.dct_mod.dct_block_I.dct_unit_J.macu.ph[K]	fdct_zigzag.dct_mod.dct_block_4.dct_unit_4.macu.pp2[7]$_DFFE_PP_/Q	fdct_zigzag.dct_mod.dct_block_4.dct_unit_4.macu.ph[14]$_DFFE_PP_/D
65	0.2213	qnr.divider.q[I]	qnr.rq[I]	qnr.divider.q[1]$_DFFE_PP_/Q	qnr.rq[10]$_DFFE_PP_/D
66	0.2644	qnr.divider.id[I]	qnr.divider.divider.s_pipe[I][J]	qnr.divider.id[0]$_DFFE_PP_/Q	qnr.divider.divider.s_pipe[1][22]$_DFFE_PP_/D
67	0.2694	fdct_zigzag.dct_mod.sample_cnt[I]	fdct_zigzag.dct_mod.sample_cnt[I]	fdct_zigzag.dct_mod.sample_cnt[2]$_DFFE_PN0P_/Q	fdct_zigzag.dct_mod.sample_cnt[5]$_DFFE_PN0P_/D
68	0.2809	qnr.divider.iz[I]	qnr.divider.divider.s_pipe[I][J]	qnr.divider.iz[13]$_SDFFCE_PN0P_/Q	qnr.divider.divider.s_pipe[1][23]$_DFFE_PP_/D
69	0.3108	fdct_zigzag.dct_mod.dct_block_I.dct_unit_J.macu.dclr_dK	fdct_zigzag.dct_mod.dct_block_I.dct_unit_J.macu.result[K]	fdct_zigzag.dct_mod.dct_block_5.dct_unit_4.macu.dclr_d2$_DFFE_PP_/Q	fdct_zigzag.dct_mod.dct_block_0.dct_unit_7.macu.result[17]$_DFFE_PP_/D
70	0.3198	qnr.rq[I]	rle.rle.amp[I]	qnr.rq[2]$_DFFE_PP_/QN	rle.rle.amp[8]$_DFFE_PP_/D
71	0.3211	qnr.rq[I]	rle.rle.amp[I]	qnr.rq[2]$_DFFE_PP_/QN	rle.rle.amp[10]$_SDFFCE_PN0P_/D
72	0.3251	fdct_zigzag.dct_mod.dct_block_I.dct_unit_J.macu.dclr_dK	fdct_zigzag.dct_mod.dct_block_I.dct_unit_J.macu.dclr_dK	fdct_zigzag.dct_mod.dct_block_5.dct_unit_4.macu.dclr_d2$_DFFE_PP_/Q	fdct_zigzag.dct_mod.dct_block_5.dct_unit_4.macu.dclr_d2$_DFFE_PP_/D
73	0.3671	qnr.divider.divider.q[I]	qnr.divider.q[I]	qnr.divider.divider.q[4]$_DFFE_PP_/QN	qnr.divider.q[10]$_DFFE_PP_/D
74	0.3672	qnr.rq[I]	rle.rle.den	qnr.rq[2]$_DFFE_PP_/QN	rle.rle.den$_DFFE_PN0P_/D
75	0.3686	qnr.qnt_cnt[I]	qnt_cnt[I]	qnr.qnt_cnt[1]$_DFFE_PN0P_/Q	qnt_cnt[1]
76	0.3743	qnr.rq[I]	rle.rle.rlen[I]	qnr.rq[2]$_DFFE_PP_/QN	rle.rle.rlen[3]$_DFFE_PN0P_/D
77	0.3807	dfdct_dout[I]	qnr.divider.iz[I]	dfdct_dout[4]$_DFFE_PP_/QN	qnr.divider.iz[10]$_DFFE_PP_/D
78	0.3822	rle.rzI.deno	douten	rle.rz4.deno$_DFFE_PN0P_/Q	douten
79	0.3865	din[I]	fdct_zigzag.dct_mod.ddin[I]	din[0]	fdct_zigzag.dct_mod.ddin[1]$_DFFE_PN0P_/D
80	0.3867	qnt_val[I]	qnr.divider.id[I]	qnt_val[0]	qnr.divider.id[0]$_DFFE_PP_/D
81	0.3923	qnr.rq[I]	rle.rle.zero_cnt[I]	qnr.rq[2]$_DFFE_PP_/QN	rle.rle.zero_cnt[3]$_SDFFCE_PP0P_/D
82	0.3959	rle.rzI.ampo[J]	amp[I]	rle.rz4.ampo[0]$_DFFE_PP_/Q	amp[0]
83	0.3959	rle.rzI.rleno[J]	rlen[I]	rle.rz4.rleno[0]$_DFFE_PP_/Q	rlen[0]
84	0.3959	rle.rzI.sizeo[J]	size[I]	rle.rz4.sizeo[0]$_DFFE_PP_/Q	size[0]
85	0.3970	fdct_zigzag.zigzag_mod.ld_zigzagI	fdct_zigzag.zigzag_mod.sresult[I][J]	fdct_zigzag.zigzag_mod.ld_zigzag2$_DFFE_PP_/Q	fdct_zigzag.zigzag_mod.sresult[1][0]$_DFFE_PP_/D
86	0.3994	dstrb	fdct_zigzag.dct_mod.go	dstrb	fdct_zigzag.dct_mod.go$_DFFE_PN0P_/D
87	0.4001	fdct_zigzag.dct_mod.sample_cnt[I]	fdct_zigzag.dct_mod.ddcnt	fdct_zigzag.dct_mod.sample_cnt[2]$_DFFE_PN0P_/Q	fdct_zigzag.dct_mod.ddcnt$_DFFE_PN1P_/D
88	0.4158	dfdct_dout[I]	qnr.divider.iz[I]	dfdct_dout[4]$_DFFE_PP_/QN	qnr.divider.iz[11]$_SDFFCE_PN0P_/D
89	0.4537	rle.rle.rlen[I]	rle.rzI.den	rle.rle.rlen[1]$_DFFE_PN0P_/Q	rle.rz1.den$_DFFE_PN0P_/D
90	0.4578	rle.rle.size[I]	rle.rzI.den	rle.rle.size[1]$_DFFE_PN0P_/Q	rle.rz1.den$_DFFE_PN0P_/D
91	0.4583	rle.rle.size[I]	rle.rzI.deno	rle.rle.size[1]$_DFFE_PN0P_/Q	rle.rz1.deno$_DFFE_PN0P_/D
92	0.4596	qnr.divider.spipe[I]	qnr.divider.q[I]	qnr.divider.spipe[13]$_DFFE_PP_/Q	qnr.divider.q[10]$_DFFE_PP_/D
93	0.4649	rle.rzI.sizeo[J]	rle.rzI.den	rle.rz1.sizeo[1]$_DFFE_PP_/Q	rle.rz2.den$_DFFE_PN0P_/D
94	0.4654	rle.rzI.sizeo[J]	rle.rzI.deno	rle.rz2.sizeo[1]$_DFFE_PP_/Q	rle.rz3.deno$_DFFE_PN0P_/D
95	0.4665	rle.rle.sample_cnt[I]	rle.rle.rlen[I]	rle.rle.sample_cnt[1]$_SDFFCE_PP0P_/Q	rle.rle.rlen[3]$_DFFE_PN0P_/D
96	0.4712	rle.rle.rlen[I]	rle.rzI.deno	rle.rle.rlen[1]$_DFFE_PN0P_/Q	rle.rz1.deno$_DFFE_PN0P_/D
97	0.4736	qnr.divider.divider.q[I]	qnr.divider.q[I]	qnr.divider.divider.q[4]$_DFFE_PP_/QN	qnr.divider.q[12]$_SDFFCE_PN0P_/D
98	0.4766	rle.rzI.rleno[J]	rle.rzI.deno	rle.rz2.rleno[1]$_DFFE_PP_/Q	rle.rz3.deno$_DFFE_PN0P_/D
99	0.4780	fdct_zigzag.zigzag_mod.ld_zigzagI	qnr.dep[I]	fdct_zigzag.zigzag_mod.ld_zigzag2$_DFFE_PP_/Q	qnr.dep[0]$_DFFE_PN0P_/D
100	0.4786	rle.rle.state	rle.rle.size[I]	rle.rle.state$_DFFE_PN0P_/Q	rle.rle.size[0]$_DFFE_PN0P_/D
101	0.4815	rle.rle.rlen[I]	rle.rzI.state	rle.rle.rlen[1]$_DFFE_PN0P_/Q	rle.rz1.state$_DFFE_PN0P_/D
102	0.4856	rle.rle.size[I]	rle.rzI.state	rle.rle.size[1]$_DFFE_PN0P_/Q	rle.rz1.state$_DFFE_PN0P_/D
103	0.4857	fdct_zigzag.zigzag_mod.ld_zigzagI	fdct_zigzag.zigzag_mod.ld_zigzagI	fdct_zigzag.zigzag_mod.ld_zigzag2$_DFFE_PP_/Q	fdct_zigzag.zigzag_mod.ld_zigzag2$_DFFE_PP_/D
104	0.4872	rle.rle.sample_cnt[I]	rle.rle.den	rle.rle.sample_cnt[1]$_SDFFCE_PP0P_/Q	rle.rle.den$_DFFE_PN0P_/D
105	0.4925	rle.rle.den	rle.rzI.amp[J]	rle.rle.den$_DFFE_PN0P_/Q	rle.rz1.amp[0]$_DFFE_PP_/D
106	0.4925	rle.rle.den	rle.rzI.rlen[J]	rle.rle.den$_DFFE_PN0P_/Q	rle.rz1.rlen[3]$_DFFE_PP_/D
107	0.4925	rle.rle.den	rle.rzI.size[J]	rle.rle.den$_DFFE_PN0P_/Q	rle.rz1.size[3]$_DFFE_PP_/D
108	0.4926	rle.rzI.sizeo[J]	rle.rzI.state	rle.rz2.sizeo[1]$_DFFE_PP_/Q	rle.rz3.state$_DFFE_PN0P_/D
109	0.4936	rle.rle.sample_cnt[I]	rle.rle.sample_cnt[I]	rle.rle.sample_cnt[1]$_SDFFCE_PP0P_/Q	rle.rle.sample_cnt[5]$_SDFFCE_PP0P_/D
110	0.4937	rle.rzI.deno	rle.rzI.amp[J]	rle.rz1.deno$_DFFE_PN0P_/Q	rle.rz2.amp[0]$_DFFE_PP_/D
111	0.4937	rle.rzI.deno	rle.rzI.rlen[J]	rle.rz1.deno$_DFFE_PN0P_/Q	rle.rz2.rlen[3]$_DFFE_PP_/D
112	0.4937	rle.rzI.deno	rle.rzI.size[J]	rle.rz1.deno$_DFFE_PN0P_/Q	rle.rz2.size[3]$_DFFE_PP_/D
113	0.4964	rle.rle.sample_cnt[I]	rle.rle.state	rle.rle.sample_cnt[1]$_SDFFCE_PP0P_/Q	rle.rle.state$_DFFE_PN0P_/D
114	0.4980	qnr.qnt_cnt[I]	qnr.qnt_cnt[I]	qnr.qnt_cnt[1]$_DFFE_PN0P_/Q	qnr.qnt_cnt[4]$_DFFE_PN0P_/D
115	0.4994	rle.rzI.rleno[J]	rle.rzI.den	rle.rz1.rleno[1]$_DFFE_PP_/Q	rle.rz2.den$_DFFE_PN0P_/D
116	0.4995	fdct_zigzag.zigzag_mod.ld_zigzagI	qnr.qnt_cnt[I]	fdct_zigzag.zigzag_mod.ld_zigzag2$_DFFE_PP_/Q	qnr.qnt_cnt[0]$_DFFE_PN0P_/D
117	0.5087	rle.rle.den	rle.rzI.state	rle.rle.den$_DFFE_PN0P_/Q	rle.rz1.state$_DFFE_PN0P_/D
118	0.5102	dfdct_dout[I]	qnr.divider.spipe[I]	dfdct_dout[11]$_DFFE_PP_/Q	qnr.divider.spipe[0]$_DFFE_PP_/D
119	0.5104	dfdct_dout[I]	dfdct_dout[I]	dfdct_dout[11]$_DFFE_PP_/Q	dfdct_dout[11]$_DFFE_PP_/D
120	0.5108	rle.rzI.deno	rle.rzI.state	rle.rz1.deno$_DFFE_PN0P_/Q	rle.rz2.state$_DFFE_PN0P_/D
121	0.5115	rle.rle.den	rle.rzI.den	rle.rle.den$_DFFE_PN0P_/Q	rle.rz1.den$_DFFE_PN0P_/D
122	0.5139	rle.rzI.deno	rle.rzI.den	rle.rz1.deno$_DFFE_PN0P_/Q	rle.rz2.den$_DFFE_PN0P_/D
123	0.5140	rle.rle.state	rle.rle.rlen[I]	rle.rle.state$_DFFE_PN0P_/Q	rle.rle.rlen[3]$_DFFE_PN0P_/D
124	0.5230	fdct_zigzag.dct_mod.dct_block_I.dct_unit_J.macu.result[K]	fdct_zigzag.zigzag_mod.sresult[I][J]	fdct_zigzag.dct_mod.dct_block_0.dct_unit_5.macu.result[21]$_DFFE_PP_/Q	fdct_zigzag.zigzag_mod.sresult[48][11]$_DFFE_PP_/D
125	0.5245	qnr.rq[I]	qnr.rq[I]	qnr.rq[11]$_DFFE_PP_/Q	qnr.rq[11]$_DFFE_PP_/D
126	0.5270	rle.rzI.rleno[J]	rle.rzI.state	rle.rz2.rleno[1]$_DFFE_PP_/Q	rle.rz3.state$_DFFE_PN0P_/D
127	0.5328	rle.rle.zero_cnt[I]	rle.rle.zero_cnt[I]	rle.rle.zero_cnt[1]$_SDFFCE_PP0P_/Q	rle.rle.zero_cnt[3]$_SDFFCE_PP0P_/D
128	0.5332	qnr.divider.spipe[I]	qnr.divider.q[I]	qnr.divider.spipe[13]$_DFFE_PP_/Q	qnr.divider.q[12]$_SDFFCE_PN0P_/D
129	0.5389	fdct_zigzag.dct_mod.dct_block_I.dct_unit_J.coef[K]	fdct_zigzag.dct_mod.dct_block_I.dct_unit_J.coef[K]	fdct_zigzag.dct_mod.dct_block_1.dct_unit_5.coef[26]$_DFFE_PP_/Q	fdct_zigzag.dct_mod.dct_block_1.dct_unit_5.coef[26]$_DFFE_PP_/D
130	0.5390	qnr.divider.spipe[I]	qnr.divider.spipe[I]	qnr.divider.spipe[13]$_DFFE_PP_/Q	qnr.divider.spipe[13]$_DFFE_PP_/D
131	0.5415	rle.rle.zero_cnt[I]	rle.rle.den	rle.rle.zero_cnt[1]$_SDFFCE_PP0P_/Q	rle.rle.den$_DFFE_PN0P_/D
132	0.5454	qnr.divider.q[I]	qnr.divider.q[I]	qnr.divider.q[12]$_SDFFCE_PN0P_/Q	qnr.divider.q[12]$_SDFFCE_PN0P_/D
133	0.5478	rle.rzI.deno	rle.rzI.deno	rle.rz2.deno$_DFFE_PN0P_/Q	rle.rz3.deno$_DFFE_PN0P_/D
134	0.5496	rle.rle.den	rle.rzI.deno	rle.rle.den$_DFFE_PN0P_/Q	rle.rz1.deno$_DFFE_PN0P_/D
135	0.5513	rle.rle.state	rle.rle.den	rle.rle.state$_DFFE_PN0P_/Q	rle.rle.den$_DFFE_PN0P_/D
136	0.5600	qnr.divider.q[I]	qnr.divider.q[I]	qnr.divider.q[0]$_DFFE_PP_/Q	qnr.divider.q[0]$_DFFE_PP_/D
137	0.5607	rle.rzI.state	rle.rzI.den	rle.rz3.state$_DFFE_PN0P_/Q	rle.rz3.den$_DFFE_PN0P_/D
138	0.5688	fdct_zigzag.zigzag_mod.sresult[I][J]	fdct_zigzag.zigzag_mod.sresult[I][J]	fdct_zigzag.zigzag_mod.sresult[9][0]$_DFFE_PP_/Q	fdct_zigzag.zigzag_mod.sresult[10][0]$_DFFE_PP_/D
139	0.5719	fdct_zigzag.dct_mod.dct_block_I.dct_unit_J.macu.ph[K]	fdct_zigzag.dct_mod.dct_block_I.dct_unit_J.macu.ph[K]	fdct_zigzag.dct_mod.dct_block_0.dct_unit_0.macu.ph[14]$_DFFE_PP_/Q	fdct_zigzag.dct_mod.dct_block_0.dct_unit_0.macu.ph[14]$_DFFE_PP_/D
140	0.5740	rle.rzI.state	rle.rzI.deno	rle.rz3.state$_DFFE_PN0P_/Q	rle.rz3.deno$_DFFE_PN0P_/D
141	0.5757	rle.rle.amp[I]	rle.rle.amp[I]	rle.rle.amp[10]$_SDFFCE_PN0P_/Q	rle.rle.amp[10]$_SDFFCE_PN0P_/D
142	0.5757	rle.ddstrb	rle.rle.dcterm	rle.ddstrb$_DFF_P_/Q	rle.rle.dcterm$_DFFE_PN0P_/D
143	0.5805	rle.rle.dcterm	rle.rzI.deno	rle.rle.dcterm$_DFFE_PN0P_/QN	rle.rz1.deno$_DFFE_PN0P_/D
144	0.5818	rle.ddstrb	rle.rle.sample_cnt[I]	rle.ddstrb$_DFF_P_/Q	rle.rle.sample_cnt[3]$_SDFFCE_PP0P_/D
145	0.5826	rle.rle.state	rle.rle.state	rle.rle.state$_DFFE_PN0P_/Q	rle.rle.state$_DFFE_PN0P_/D
146	0.5836	rle.rzI.dco	rle.rzI.deno	rle.rz2.dco$_DFFE_PP_/QN	rle.rz3.deno$_DFFE_PN0P_/D
147	0.5897	rle.ddstrb	rle.rle.state	rle.ddstrb$_DFF_P_/Q	rle.rle.state$_DFFE_PN0P_/D
148	0.5921	rle.rzI.den	rle.rzI.deno	rle.rz3.den$_DFFE_PN0P_/Q	rle.rz3.deno$_DFFE_PN0P_/D
149	0.5937	rle.rle.state	rle.rle.dcterm	rle.rle.state$_DFFE_PN0P_/Q	rle.rle.dcterm$_DFFE_PN0P_/D
150	0.5948	rle.rle.den	rle.rle.den	rle.rle.den$_DFFE_PN0P_/Q	rle.rle.den$_DFFE_PN0P_/D
151	0.5948	rle.ddstrb	rle.rle.den	rle.ddstrb$_DFF_P_/Q	rle.rle.den$_DFFE_PN0P_/D
152	0.5966	fdct_zigzag.dct_mod.dct_block_I.dct_unit_J.macu.pl[K]	fdct_zigzag.dct_mod.dct_block_I.dct_unit_J.macu.pl[K]	fdct_zigzag.dct_mod.dct_block_1.dct_unit_5.macu.pl[14]$_DFFE_PP_/Q	fdct_zigzag.dct_mod.dct_block_1.dct_unit_5.macu.pl[14]$_DFFE_PP_/D
153	0.5973	fdct_zigzag.dct_mod.dct_block_I.dct_unit_J.macu.ppK[L]	fdct_zigzag.dct_mod.dct_block_I.dct_unit_J.macu.ppK[L]	fdct_zigzag.dct_mod.dct_block_4.dct_unit_4.macu.pp0[7]$_DFFE_PP_/Q	fdct_zigzag.dct_mod.dct_block_4.dct_unit_4.macu.pp0[7]$_DFFE_PP_/D
154	0.6141	rle.rle.rlen[I]	rle.rzI.rlen[J]	rle.rle.rlen[1]$_DFFE_PN0P_/Q	rle.rz1.rlen[1]$_DFFE_PP_/D
155	0.6141	rle.rle.size[I]	rle.rzI.size[J]	rle.rle.size[1]$_DFFE_PN0P_/Q	rle.rz1.size[1]$_DFFE_PP_/D
156	0.6152	rle.rle.size[I]	rle.rle.size[I]	rle.rle.size[1]$_DFFE_PN0P_/Q	rle.rle.size[1]$_DFFE_PN0P_/D
157	0.6157	rle.rle.zero_cnt[I]	rle.rle.rlen[I]	rle.rle.zero_cnt[1]$_SDFFCE_PP0P_/Q	rle.rle.rlen[1]$_DFFE_PN0P_/D
158	0.6160	rle.rle.rlen[I]	rle.rle.rlen[I]	rle.rle.rlen[1]$_DFFE_PN0P_/Q	rle.rle.rlen[1]$_DFFE_PN0P_/D
159	0.6169	fdct_zigzag.dct_mod.go	fdct_zigzag.dct_mod.dgo	fdct_zigzag.dct_mod.go$_DFFE_PN0P_/Q	fdct_zigzag.dct_mod.dgo$_DFFE_PN0P_/D
160	0.6169	qnr.dep[I]	qnr.dep[I]	qnr.dep[0]$_DFFE_PN0P_/Q	qnr.dep[1]$_DFFE_PN0P_/D
161	0.6171	fdct_zigzag.dct_mod.douten	fdct_zigzag.zigzag_mod.ld_zigzag	fdct_zigzag.dct_mod.douten$_DFFE_PN0P_/Q	fdct_zigzag.zigzag_mod.ld_zigzag$_DFFE_PP_/D
162	0.6171	rle.rle.dcterm	rle.rzI.dc	rle.rle.dcterm$_DFFE_PN0P_/Q	rle.rz1.dc$_DFFE_PP_/D
163	0.6175	qnr.divider.divider.d_pipe[I][J]	qnr.divider.divider.d_pipe[I][J]	qnr.divider.divider.d_pipe[9][12]$_DFFE_PP_/Q	qnr.divider.divider.d_pipe[10][12]$_DFFE_PP_/D
164	0.6175	qnr.divider.id[I]	qnr.divider.divider.d_pipe[I][J]	qnr.divider.id[0]$_DFFE_PP_/Q	qnr.divider.divider.d_pipe[1][12]$_DFFE_PP_/D
165	0.6176	fdct_zigzag.dct_mod.ddcnt	fdct_zigzag.dct_mod.dddcnt	fdct_zigzag.dct_mod.ddcnt$_DFFE_PN1P_/Q	fdct_zigzag.dct_mod.dddcnt$_DFFE_PN1P_/D
166	0.6178	qnr.divider.id[I]	qnr.divider.id[I]	qnr.divider.id[0]$_DFFE_PP_/Q	qnr.divider.id[0]$_DFFE_PP_/D
167	0.6186	qnr.dep[I]	dqnr_doe	qnr.dep[15]$_DFFE_PN0P_/Q	dqnr_doe$_DFFE_PP_/D
168	0.6186	fdct_zigzag.dct_mod.dgo	fdct_zigzag.dct_mod.dct_block_I.dct_unit_J.macu.dclr_dK	fdct_zigzag.dct_mod.dgo$_DFFE_PN0P_/Q	fdct_zigzag.dct_mod.dct_block_5.dct_unit_3.macu.dclr_d1$_DFFE_PP_/D
169	0.6187	fdct_zigzag.dct_mod.dgo	fdct_zigzag.dct_mod.dgo	fdct_zigzag.dct_mod.dgo$_DFFE_PN0P_/Q	fdct_zigzag.dct_mod.dgo$_DFFE_PN0P_/D
170	0.6193	rle.rzI.state	rle.rzI.state	rle.rz3.state$_DFFE_PN0P_/Q	rle.rz3.state$_DFFE_PN0P_/D
171	0.6196	rle.rzI.rleno[J]	rle.rzI.rleno[J]	rle.rz1.rleno[1]$_DFFE_PP_/Q	rle.rz1.rleno[1]$_DFFE_PP_/D
172	0.6196	rle.rzI.rleno[J]	rle.rzI.rlen[J]	rle.rz1.rleno[1]$_DFFE_PP_/Q	rle.rz2.rlen[1]$_DFFE_PP_/D
173	0.6213	rle.rzI.sizeo[J]	rle.rzI.sizeo[J]	rle.rz1.sizeo[1]$_DFFE_PP_/Q	rle.rz1.sizeo[1]$_DFFE_PP_/D
174	0.6213	rle.rzI.sizeo[J]	rle.rzI.size[J]	rle.rz1.sizeo[1]$_DFFE_PP_/Q	rle.rz2.size[1]$_DFFE_PP_/D
175	0.6232	rle.rle.amp[I]	rle.rzI.amp[J]	rle.rle.amp[10]$_SDFFCE_PN0P_/Q	rle.rz1.amp[10]$_DFFE_PP_/D
176	0.6242	dqnr_doe	dqnr_doe	dqnr_doe$_DFFE_PP_/Q	dqnr_doe$_DFFE_PP_/D
177	0.6242	fdct_zigzag.zigzag_mod.sresult[I][J]	dfdct_dout[I]	fdct_zigzag.zigzag_mod.sresult[63][11]$_DFFE_PP_/Q	dfdct_dout[11]$_DFFE_PP_/D
178	0.6243	qnr.divider.divider.q_pipe[I][J]	qnr.divider.divider.q[I]	qnr.divider.divider.q_pipe[11][9]$_DFFE_PP_/Q	qnr.divider.divider.q[10]$_DFFE_PP_/D
179	0.6243	qnr.divider.divider.q_pipe[I][J]	qnr.divider.divider.q_pipe[I][J]	qnr.divider.divider.q_pipe[9][0]$_DFFE_PP_/Q	qnr.divider.divider.q_pipe[10][1]$_DFFE_PP_/D
180	0.6243	qnr.divider.iz[I]	qnr.divider.divider.s_pipe[I][J]	qnr.divider.iz[9]$_DFFE_PP_/Q	qnr.divider.divider.s_pipe[1][10]$_DFFE_PP_/D
181	0.6243	rle.rzI.dc	rle.rzI.dco	rle.rz1.dc$_DFFE_PP_/Q	rle.rz1.dco$_DFFE_PP_/D
182	0.6243	rle.rzI.dco	rle.rzI.dc	rle.rz1.dco$_DFFE_PP_/Q	rle.rz2.dc$_DFFE_PP_/D
183	0.6243	rle.rzI.amp[J]	rle.rzI.amp[J]	rle.rz1.amp[0]$_DFFE_PP_/Q	rle.rz1.amp[0]$_DFFE_PP_/D
184	0.6243	rle.rzI.amp[J]	rle.rzI.ampo[J]	rle.rz1.amp[0]$_DFFE_PP_/Q	rle.rz1.ampo[0]$_DFFE_PP_/D
185	0.6243	rle.rzI.rlen[J]	rle.rzI.rlen[J]	rle.rz1.rlen[0]$_DFFE_PP_/Q	rle.rz1.rlen[0]$_DFFE_PP_/D
186	0.6243	rle.rzI.rlen[J]	rle.rzI.rleno[J]	rle.rz1.rlen[0]$_DFFE_PP_/Q	rle.rz1.rleno[0]$_DFFE_PP_/D
187	0.6243	rle.rzI.size[J]	rle.rzI.size[J]	rle.rz1.size[0]$_DFFE_PP_/Q	rle.rz1.size[0]$_DFFE_PP_/D
188	0.6243	rle.rzI.size[J]	rle.rzI.sizeo[J]	rle.rz1.size[0]$_DFFE_PP_/Q	rle.rz1.sizeo[0]$_DFFE_PP_/D
189	0.6243	rle.rle.dcterm	rle.rle.dcterm	rle.rle.dcterm$_DFFE_PN0P_/Q	rle.rle.dcterm$_DFFE_PN0P_/D
190	0.6246	qnr.divider.divider.q[I]	qnr.divider.divider.q[I]	qnr.divider.divider.q[10]$_DFFE_PP_/Q	qnr.divider.divider.q[10]$_DFFE_PP_/D
191	0.6246	rle.rle.amp[I]	rle.rle.amp[I]	rle.rle.amp[0]$_DFFE_PP_/Q	rle.rle.amp[0]$_DFFE_PP_/D
192	0.6246	rle.rle.amp[I]	rle.rzI.amp[J]	rle.rle.amp[0]$_DFFE_PP_/Q	rle.rz1.amp[0]$_DFFE_PP_/D
193	0.6246	rle.rzI.ampo[J]	rle.rzI.ampo[J]	rle.rz1.ampo[0]$_DFFE_PP_/Q	rle.rz1.ampo[0]$_DFFE_PP_/D
194	0.6246	rle.rzI.ampo[J]	rle.rzI.amp[J]	rle.rz1.ampo[0]$_DFFE_PP_/Q	rle.rz2.amp[0]$_DFFE_PP_/D
195	0.6246	qnr.divider.iz[I]	qnr.divider.iz[I]	qnr.divider.iz[0]$_DFFE_PP_/Q	qnr.divider.iz[0]$_DFFE_PP_/D
196	0.6246	rle.rzI.dc	rle.rzI.dc	rle.rz1.dc$_DFFE_PP_/Q	rle.rz1.dc$_DFFE_PP_/D
197	0.6246	rle.rzI.dco	rle.rzI.dco	rle.rz1.dco$_DFFE_PP_/Q	rle.rz1.dco$_DFFE_PP_/D
198	0.6247	fdct_zigzag.dct_mod.dddcnt	fdct_zigzag.dct_mod.dddcnt	fdct_zigzag.dct_mod.dddcnt$_DFFE_PN1P_/Q	fdct_zigzag.dct_mod.dddcnt$_DFFE_PN1P_/D
199	0.6288	fdct_zigzag.dct_mod.ddcnt	fdct_zigzag.dct_mod.douten	fdct_zigzag.dct_mod.ddcnt$_DFFE_PN1P_/Q	fdct_zigzag.dct_mod.douten$_DFFE_PN0P_/D
200	0.6297	rle.rzI.den	rle.rzI.den	rle.rz3.den$_DFFE_PN0P_/Q	rle.rz3.den$_DFFE_PN0P_/D
201	0.6319	qnr.divider.iz[I]	qnr.divider.iz[I]	qnr.divider.iz[20]$_SDFFCE_PN0P_/Q	qnr.divider.iz[20]$_SDFFCE_PN0P_/D
202	0.6329	fdct_zigzag.dct_mod.douten	fdct_zigzag.dct_mod.douten	fdct_zigzag.dct_mod.douten$_DFFE_PN0P_/Q	fdct_zigzag.dct_mod.douten$_DFFE_PN0P_/D
203	0.6329	fdct_zigzag.dct_mod.go	fdct_zigzag.dct_mod.go	fdct_zigzag.dct_mod.go$_DFFE_PN0P_/Q	fdct_zigzag.dct_mod.go$_DFFE_PN0P_/D
204	0.6412	fdct_zigzag.dct_mod.ddcnt	fdct_zigzag.dct_mod.ddcnt	fdct_zigzag.dct_mod.ddcnt$_DFFE_PN1P_/Q	fdct_zigzag.dct_mod.ddcnt$_DFFE_PN1P_/D
205	0.6413	qnr.divider.divider.s_pipe[I][J]	qnr.divider.divider.q[I]	qnr.divider.divider.s_pipe[12][24]$_DFFE_PP_/QN	qnr.divider.divider.q[0]$_DFFE_PP_/D
206	0.6413	qnr.divider.divider.s_pipe[I][J]	qnr.divider.divider.q_pipe[I][J]	qnr.divider.divider.s_pipe[10][24]$_DFFE_PP_/QN	qnr.divider.divider.q_pipe[10][0]$_DFFE_PP_/D
207	0.6541	fdct_zigzag.dct_mod.dddcnt	fdct_zigzag.dct_mod.douten	fdct_zigzag.dct_mod.dddcnt$_DFFE_PN1P_/QN	fdct_zigzag.dct_mod.douten$_DFFE_PN0P_/D
208	0.6802	dqnr_doe	rle.ddstrb	dqnr_doe$_DFFE_PP_/Q	rle.ddstrb$_DFF_P_/D
