# stage	1_synth
# top_module	tpu_top
# top_n	100
# kind	blocks
# skip_async	1
# include_full	1
# rank	worst_slack_ns	start	end	start_full	end_full
1	-0.1011	systolic.data_queue[I][J]	systolic.mul_pipe[I][J]	systolic.data_queue[11][7]$_SDFFE_PN0P_/Q	systolic.mul_pipe[11][14]$_SDFF_PN0_/D
2	-0.0933	systolic.weight_queue[I][J]	systolic.mul_pipe[I][J]	systolic.weight_queue[29][1]$_SDFFE_PN0P_/Q	systolic.mul_pipe[29][14]$_SDFF_PN0_/D
3	-0.0921	write_out.pre_src[I][J]	_I_	write_out.pre_src[7][0]$_SDFF_PN0_/QN	_87536_/D
4	-0.0847	write_out.m_r[I]	_I_	write_out.m_r[3]$_SDFF_PN0_/Q	_87536_/D
5	0.0521	matrix_index_d[I]	write_out.qdata_r[I]	matrix_index_d[4]$_SDFF_PN0_/QN	write_out.qdata_r[72]$_SDFF_PN0_/D
6	0.0974	matrix_index_d[I]	write_out.qdata_r[I]	matrix_index_d[4]$_SDFF_PN0_/QN	write_out.qdata_r[127]$_SDFF_PP0_/D
7	0.1785	systolic.mul_pipe[I][J]	systolic.matrix_mul_ID[J][K]	systolic.mul_pipe[40][0]$_SDFF_PN0_/Q	systolic.matrix_mul_2D[40][20]$_SDFFE_PN0P_/D
8	0.1803	systolic.matrix_mul_ID[J][K]	systolic.matrix_mul_ID[J][K]	systolic.matrix_mul_2D[16][0]$_SDFFE_PN0P_/Q	systolic.matrix_mul_2D[16][20]$_SDFFE_PN0P_/D
9	0.1853	srstn	_I_	srstn	_87456_/D
10	0.1961	srstn	systolic.accum_pipe[I]	srstn	systolic.accum_pipe[6]$_SDFF_PN0_/D
11	0.1967	srstn	systolic.matrix_mul_ID[J][K]	srstn	systolic.matrix_mul_2D[10][13]$_SDFFE_PN0P_/D
12	0.2004	srstn	write_out.qdata_r[I]	srstn	write_out.qdata_r[123]$_SDFF_PN0_/D
13	0.2100	srstn	write_out.sram_wdata_a[I]	srstn	write_out.sram_wdata_a[63]$_SDFF_PN0_/D
14	0.2189	srstn	write_out.sram_waddr_a[I]	srstn	write_out.sram_waddr_a[2]$_SDFF_PN0_/D
15	0.2236	srstn	write_out.sram_wdata_c[I]	srstn	write_out.sram_wdata_c[63]$_SDFF_PN0_/D
16	0.2265	srstn	sram_write_enable_d	srstn	sram_write_enable_d$_SDFF_PN0_/D
17	0.2265	srstn	systolic_controll.cycle_num[I]	srstn	systolic_controll.cycle_num[2]$_SDFF_PN0_/D
18	0.2265	srstn	systolic_controll.data_set[I]	srstn	systolic_controll.data_set[1]$_SDFFE_PN0P_/D
19	0.2265	srstn	systolic_controll.tpu_done	srstn	systolic_controll.tpu_done$_SDFF_PN0_/D
20	0.2388	srstn	write_out.m_r[I]	srstn	write_out.m_r[5]$_SDFF_PN0_/D
21	0.2446	srstn	systolic.mul_pipe[I][J]	srstn	systolic.mul_pipe[0][15]$_SDFF_PN0_/D
22	0.2450	srstn	systolic_controll.addr_serial_num[I]	srstn	systolic_controll.addr_serial_num[2]$_SDFFE_PN0P_/D
23	0.2469	srstn	systolic.data_queue[I][J]	srstn	systolic.data_queue[61][4]$_SDFFE_PN0P_/D
24	0.2483	srstn	data_set_d[I]	srstn	data_set_d[1]$_SDFF_PN0_/D
25	0.2483	srstn	matrix_index_d[I]	srstn	matrix_index_d[5]$_SDFF_PN0_/D
26	0.2483	srstn	write_out.pre_src[I][J]	srstn	write_out.pre_src[3][2]$_SDFF_PN0_/D
27	0.2511	srstn	write_out.qdata_r[I]	srstn	write_out.qdata_r[79]$_SDFF_PP0_/D
28	0.2521	srstn	systolic_controll.state[I]	srstn	systolic_controll.state[3]$_DFF_P_/D
29	0.2564	srstn	systolic.weight_queue[I][J]	srstn	systolic.weight_queue[0][0]$_SDFFE_PN0P_/D
30	0.2672	srstn	systolic_controll.matrix_index[I]	srstn	systolic_controll.matrix_index[0]$_SDFF_PP0_/D
31	0.2687	srstn	write_out.sram_waddr_c[I]	srstn	write_out.sram_waddr_c[2]$_SDFF_PN0_/D
32	0.2706	tpu_start	systolic_controll.addr_serial_num[I]	tpu_start	systolic_controll.addr_serial_num[5]$_SDFFE_PN0P_/D
33	0.2763	srstn	write_out.sram_write_enable_aI	srstn	write_out.sram_write_enable_a0$_SDFF_PN1_/D
34	0.2783	systolic_controll.cycle_num[I]	systolic.accum_pipe[I]	systolic_controll.cycle_num[1]$_SDFF_PN0_/Q	systolic.accum_pipe[5]$_SDFF_PN0_/D
35	0.2788	srstn	tpu_done_d	srstn	tpu_done_d$_SDFF_PN0_/D
36	0.2788	srstn	tpu_done_dI	srstn	tpu_done_d2$_SDFF_PN0_/D
37	0.2788	srstn	write_out.ds_r[I]	srstn	write_out.ds_r[0]$_SDFF_PN0_/D
38	0.2788	srstn	write_out.we_r	srstn	write_out.we_r$_SDFF_PN0_/D
39	0.2847	srstn	write_out.sram_write_enable_cI	srstn	write_out.sram_write_enable_c0$_SDFF_PN1_/D
40	0.3039	systolic.matrix_mul_ID[J][K]	write_out.qdata_r[I]	systolic.matrix_mul_2D[2][8]$_SDFFE_PN0P_/Q	write_out.qdata_r[12]$_SDFF_PN0_/D
41	0.3069	srstn	systolic.init_pipe[I]	srstn	systolic.init_pipe[0]$_SDFF_PN0_/D
42	0.3445	systolic_controll.cycle_num[I]	systolic.init_pipe[I]	systolic_controll.cycle_num[0]$_SDFF_PN0_/Q	systolic.init_pipe[15]$_SDFF_PN0_/D
43	0.3655	write_out.pre_src[I][J]	write_out.sram_wdata_c[I]	write_out.pre_src[7][0]$_SDFF_PN0_/Q	write_out.sram_wdata_c[36]$_SDFF_PN0_/D
44	0.3682	write_out.pre_src[I][J]	write_out.sram_wdata_a[I]	write_out.pre_src[7][0]$_SDFF_PN0_/Q	write_out.sram_wdata_a[38]$_SDFF_PN0_/D
45	0.3797	systolic_controll.cycle_num[I]	systolic_controll.matrix_index[I]	systolic_controll.cycle_num[0]$_SDFF_PN0_/Q	systolic_controll.matrix_index[0]$_SDFF_PP0_/D
46	0.3855	write_out.m_r[I]	write_out.sram_wdata_c[I]	write_out.m_r[4]$_SDFF_PN0_/QN	write_out.sram_wdata_c[70]$_SDFF_PN0_/D
47	0.3856	write_out.m_r[I]	write_out.sram_wdata_a[I]	write_out.m_r[4]$_SDFF_PN0_/QN	write_out.sram_wdata_a[70]$_SDFF_PN0_/D
48	0.3875	systolic.matrix_mul_ID[J][K]	write_out.qdata_r[I]	systolic.matrix_mul_2D[59][12]$_SDFFE_PN0P_/Q	write_out.qdata_r[127]$_SDFF_PP0_/D
49	0.4428	systolic_controll.cycle_num[I]	systolic_controll.data_set[I]	systolic_controll.cycle_num[0]$_SDFF_PN0_/Q	systolic_controll.data_set[0]$_SDFFE_PN0P_/D
50	0.4491	addr_sel.sram_raddr_wI[J]	sram_raddr_wI[J]	addr_sel.sram_raddr_w0[0]$_SDFF_PN1_/Q	sram_raddr_w0[0]
51	0.4552	systolic.init_pipe[I]	systolic.matrix_mul_ID[J][K]	systolic.init_pipe[7]$_SDFF_PN0_/Q	systolic.matrix_mul_2D[21][2]$_SDFFE_PN0P_/D
52	0.4605	write_out.ds_r[I]	_I_	write_out.ds_r[1]$_SDFF_PN0_/Q	_87456_/D
53	0.4657	addr_sel.sram_raddr_wI[J]	sram_raddr_dI[J]	addr_sel.sram_raddr_w0[0]$_SDFF_PN1_/Q	sram_raddr_d0[0]
54	0.4665	systolic.accum_pipe[I]	systolic.matrix_mul_ID[J][K]	systolic.accum_pipe[6]$_SDFF_PN0_/Q	systolic.matrix_mul_2D[13][3]$_SDFFE_PN0P_/D
55	0.4666	systolic_controll.addr_serial_num[I]	addr_sel.sram_raddr_wI[J]	systolic_controll.addr_serial_num[5]$_SDFFE_PN0P_/Q	addr_sel.sram_raddr_w1[5]$_SDFF_PN1_/D
56	0.4679	write_out.sram_waddr_a[I]	sram_waddr_a[I]	write_out.sram_waddr_a[0]$_SDFF_PN0_/Q	sram_waddr_a[0]
57	0.4679	_I_	sram_waddr_b[I]	_87545_/Q	sram_waddr_b[0]
58	0.4679	write_out.sram_waddr_c[I]	sram_waddr_c[I]	write_out.sram_waddr_c[0]$_SDFF_PN0_/Q	sram_waddr_c[0]
59	0.4679	write_out.sram_wdata_a[I]	sram_wdata_a[I]	write_out.sram_wdata_a[0]$_SDFF_PN0_/Q	sram_wdata_a[0]
60	0.4679	_I_	sram_wdata_b[I]	_87418_/Q	sram_wdata_b[0]
61	0.4679	write_out.sram_wdata_c[I]	sram_wdata_c[I]	write_out.sram_wdata_c[0]$_SDFF_PN0_/Q	sram_wdata_c[0]
62	0.4679	write_out.sram_write_enable_aI	sram_write_enable_aI	write_out.sram_write_enable_a0$_SDFF_PN1_/Q	sram_write_enable_a0
63	0.4679	_I_	sram_write_enable_bI	_87415_/Q	sram_write_enable_b0
64	0.4679	write_out.sram_write_enable_cI	sram_write_enable_cI	write_out.sram_write_enable_c0$_SDFF_PN1_/Q	sram_write_enable_c0
65	0.4679	tpu_done_dI	tpu_done	tpu_done_d2$_SDFF_PN0_/Q	tpu_done
66	0.4681	tpu_start	systolic_controll.state[I]	tpu_start	systolic_controll.state[0]$_DFF_P_/D
67	0.4802	systolic_controll.addr_serial_num[I]	systolic_controll.addr_serial_num[I]	systolic_controll.addr_serial_num[1]$_SDFFE_PN0P_/Q	systolic_controll.addr_serial_num[5]$_SDFFE_PN0P_/D
68	0.4805	sram_rdata_dI[J]	systolic.data_queue[I][J]	sram_rdata_d0[24]	systolic.data_queue[0][0]$_SDFFE_PN0P_/D
69	0.4805	sram_rdata_wI[J]	systolic.weight_queue[I][J]	sram_rdata_w0[24]	systolic.weight_queue[0][0]$_SDFFE_PN0P_/D
70	0.5032	systolic_controll.state[I]	systolic.accum_pipe[I]	systolic_controll.state[3]$_DFF_P_/Q	systolic.accum_pipe[6]$_SDFF_PN0_/D
71	0.5108	write_out.we_r	_I_	write_out.we_r$_SDFF_PN0_/Q	_87456_/D
72	0.5151	write_out.qdata_r[I]	write_out.sram_wdata_c[I]	write_out.qdata_r[112]$_SDFF_PN0_/Q	write_out.sram_wdata_c[16]$_SDFF_PN0_/D
73	0.5171	systolic_controll.cycle_num[I]	sram_write_enable_d	systolic_controll.cycle_num[0]$_SDFF_PN0_/Q	sram_write_enable_d$_SDFF_PN0_/D
74	0.5175	write_out.qdata_r[I]	write_out.sram_wdata_a[I]	write_out.qdata_r[114]$_SDFF_PN0_/Q	write_out.sram_wdata_a[18]$_SDFF_PN0_/D
75	0.5184	write_out.qdata_r[I]	write_out.sram_wdata_c[I]	write_out.qdata_r[127]$_SDFF_PP0_/Q	write_out.sram_wdata_c[31]$_SDFF_PN0_/D
76	0.5187	systolic_controll.matrix_index[I]	systolic_controll.data_set[I]	systolic_controll.matrix_index[1]$_SDFF_PP0_/Q	systolic_controll.data_set[0]$_SDFFE_PN0P_/D
77	0.5195	systolic_controll.cycle_num[I]	systolic_controll.cycle_num[I]	systolic_controll.cycle_num[1]$_SDFF_PN0_/Q	systolic_controll.cycle_num[8]$_SDFF_PN0_/D
78	0.5205	write_out.qdata_r[I]	write_out.sram_wdata_a[I]	write_out.qdata_r[127]$_SDFF_PP0_/Q	write_out.sram_wdata_a[127]$_SDFF_PN0_/D
79	0.5282	matrix_index_d[I]	write_out.pre_src[I][J]	matrix_index_d[1]$_SDFF_PN0_/QN	write_out.pre_src[6][2]$_SDFF_PN0_/D
80	0.5294	write_out.qdata_r[I]	_I_	write_out.qdata_r[112]$_SDFF_PN0_/Q	_87498_/D
81	0.5294	write_out.qdata_r[I]	_I_	write_out.qdata_r[127]$_SDFF_PP0_/Q	_87465_/D
82	0.5310	systolic_controll.state[I]	systolic_controll.addr_serial_num[I]	systolic_controll.state[3]$_DFF_P_/QN	systolic_controll.addr_serial_num[5]$_SDFFE_PN0P_/D
83	0.5354	write_out.ds_r[I]	write_out.sram_wdata_a[I]	write_out.ds_r[0]$_SDFF_PN0_/Q	write_out.sram_wdata_a[63]$_SDFF_PN0_/D
84	0.5355	write_out.we_r	write_out.sram_wdata_a[I]	write_out.we_r$_SDFF_PN0_/Q	write_out.sram_wdata_a[63]$_SDFF_PN0_/D
85	0.5412	systolic_controll.state[I]	systolic.data_queue[I][J]	systolic_controll.state[3]$_DFF_P_/Q	systolic.data_queue[26][3]$_SDFFE_PN0P_/D
86	0.5441	write_out.ds_r[I]	write_out.sram_wdata_c[I]	write_out.ds_r[1]$_SDFF_PN0_/Q	write_out.sram_wdata_c[63]$_SDFF_PN0_/D
87	0.5444	write_out.ds_r[I]	write_out.sram_waddr_a[I]	write_out.ds_r[0]$_SDFF_PN0_/Q	write_out.sram_waddr_a[2]$_SDFF_PN0_/D
88	0.5444	write_out.we_r	write_out.sram_waddr_a[I]	write_out.we_r$_SDFF_PN0_/Q	write_out.sram_waddr_a[2]$_SDFF_PN0_/D
89	0.5462	systolic_controll.matrix_index[I]	systolic_controll.matrix_index[I]	systolic_controll.matrix_index[1]$_SDFF_PP0_/Q	systolic_controll.matrix_index[0]$_SDFF_PP0_/D
90	0.5492	write_out.we_r	write_out.sram_wdata_c[I]	write_out.we_r$_SDFF_PN0_/Q	write_out.sram_wdata_c[63]$_SDFF_PN0_/D
91	0.5507	systolic_controll.matrix_index[I]	systolic_controll.state[I]	systolic_controll.matrix_index[1]$_SDFF_PP0_/Q	systolic_controll.state[3]$_DFF_P_/D
92	0.5653	systolic_controll.state[I]	systolic.weight_queue[I][J]	systolic_controll.state[3]$_DFF_P_/Q	systolic.weight_queue[46][0]$_SDFFE_PN0P_/D
93	0.5697	systolic_controll.matrix_index[I]	systolic_controll.tpu_done	systolic_controll.matrix_index[1]$_SDFF_PP0_/Q	systolic_controll.tpu_done$_SDFF_PN0_/D
94	0.5805	systolic_controll.state[I]	systolic_controll.state[I]	systolic_controll.state[3]$_DFF_P_/Q	systolic_controll.state[0]$_DFF_P_/D
95	0.5892	write_out.ds_r[I]	write_out.sram_waddr_c[I]	write_out.ds_r[1]$_SDFF_PN0_/Q	write_out.sram_waddr_c[2]$_SDFF_PN0_/D
96	0.5943	write_out.we_r	write_out.sram_waddr_c[I]	write_out.we_r$_SDFF_PN0_/Q	write_out.sram_waddr_c[2]$_SDFF_PN0_/D
97	0.6018	write_out.ds_r[I]	write_out.sram_write_enable_aI	write_out.ds_r[0]$_SDFF_PN0_/Q	write_out.sram_write_enable_a0$_SDFF_PN1_/D
98	0.6019	write_out.we_r	write_out.sram_write_enable_aI	write_out.we_r$_SDFF_PN0_/Q	write_out.sram_write_enable_a0$_SDFF_PN1_/D
99	0.6052	write_out.ds_r[I]	write_out.sram_write_enable_cI	write_out.ds_r[1]$_SDFF_PN0_/Q	write_out.sram_write_enable_c0$_SDFF_PN1_/D
100	0.6103	write_out.we_r	write_out.sram_write_enable_cI	write_out.we_r$_SDFF_PN0_/Q	write_out.sram_write_enable_c0$_SDFF_PN1_/D
