# stage	1_synth
# top_module	modexp
# top_n	100
# kind	blocks
# skip_async	1
# include_full	1
# rank	worst_slack_ns	start	end	start_full	end_full
1	-0.3585	address[I]	read_data[I]	address[1]	read_data[20]
2	-0.3292	core_inst.loop_counter_reg[I]	core_inst.exponent_mem.tmp_read_dataI[J]	core_inst.loop_counter_reg[1]$_DFFE_PN0P_/Q	core_inst.exponent_mem.tmp_read_data0[10]$_DFF_P_/D
3	-0.3034	core_inst.montprod_select_reg[I]	core_inst.montprod_inst.s_mem_data_pipe[I]	core_inst.montprod_select_reg[3]$_DFF_PN0_/Q	core_inst.montprod_inst.s_mem_data_pipe[28]$_DFF_PN0_/D
4	-0.2437	core_inst.montprod_select_reg[I]	core_inst.montprod_inst.add_carry_in_sa	core_inst.montprod_select_reg[3]$_DFF_PN0_/Q	core_inst.montprod_inst.add_carry_in_sa$_DFF_PN0_/D
5	-0.2253	core_inst.one_reg[I]	core_inst.montprod_inst.s_mem_data_pipe[I]	core_inst.one_reg[0]$_DFF_PN0_/Q	core_inst.montprod_inst.s_mem_data_pipe[28]$_DFF_PN0_/D
6	-0.2216	core_inst.p_mem.tmp_read_dataI[J]	core_inst.montprod_inst.s_mem_data_pipe[I]	core_inst.p_mem.tmp_read_data0[0]$_DFF_P_/Q	core_inst.montprod_inst.s_mem_data_pipe[28]$_DFF_PN0_/D
7	-0.2106	core_inst.cycle_ctr_low_reg[I]	core_inst.cycle_ctr_high_reg[I]	core_inst.cycle_ctr_low_reg[0]$_DFFE_PN0P_/Q	core_inst.cycle_ctr_high_reg[10]$_DFFE_PN0P_/D
8	-0.1968	core_inst.message_mem.tmp_read_dataI[J]	core_inst.montprod_inst.s_mem_data_pipe[I]	core_inst.message_mem.tmp_read_data0[0]$_DFF_P_/Q	core_inst.montprod_inst.s_mem_data_pipe[28]$_DFF_PN0_/D
9	-0.1908	core_inst.residue_mem.tmp_read_dataI[J]	core_inst.residue_mem.mem[I][J]	core_inst.residue_mem.tmp_read_data0[10]$_DFF_P_/Q	core_inst.residue_mem.mem[1][27]$_DFFE_PP_/D
10	-0.1879	address[I]	core_inst.message_mem.mem[I][J]	address[1]	core_inst.message_mem.mem[0][10]$_DFFE_PP_/D
11	-0.1709	core_inst.result_mem.tmp_read_dataI[J]	core_inst.montprod_inst.s_mem_data_pipe[I]	core_inst.result_mem.tmp_read_data0[16]$_DFF_P_/Q	core_inst.montprod_inst.s_mem_data_pipe[28]$_DFF_PN0_/D
12	-0.1664	core_inst.modulus_mem.tmp_read_dataI[J]	core_inst.residue_mem.mem[I][J]	core_inst.modulus_mem.tmp_read_data0[10]$_DFF_P_/QN	core_inst.residue_mem.mem[1][27]$_DFFE_PP_/D
13	-0.1655	core_inst.one_reg[I]	core_inst.montprod_inst.add_carry_in_sa	core_inst.one_reg[0]$_DFF_PN0_/Q	core_inst.montprod_inst.add_carry_in_sa$_DFF_PN0_/D
14	-0.1651	core_inst.montprod_inst.add_carry_in_sm	core_inst.montprod_inst.s_mem_data_pipe[I]	core_inst.montprod_inst.add_carry_in_sm$_DFF_PN0_/Q	core_inst.montprod_inst.s_mem_data_pipe[28]$_DFF_PN0_/D
15	-0.1641	core_inst.modulus_mem.tmp_read_dataI[J]	core_inst.montprod_inst.s_mem_data_pipe[I]	core_inst.modulus_mem.tmp_read_data0[0]$_DFF_P_/Q	core_inst.montprod_inst.s_mem_data_pipe[28]$_DFF_PN0_/D
16	-0.1618	core_inst.p_mem.tmp_read_dataI[J]	core_inst.montprod_inst.add_carry_in_sa	core_inst.p_mem.tmp_read_data0[0]$_DFF_P_/Q	core_inst.montprod_inst.add_carry_in_sa$_DFF_PN0_/D
17	-0.1611	core_inst.montprod_inst.s_mem.tmp_read_data[I]	core_inst.montprod_inst.s_mem_data_pipe[I]	core_inst.montprod_inst.s_mem.tmp_read_data[0]$_DFF_P_/Q	core_inst.montprod_inst.s_mem_data_pipe[28]$_DFF_PN0_/D
18	-0.1455	core_inst.residue_inst.loop_counter_I_to_nn_reg[J]	core_inst.modulus_mem.tmp_read_dataI[J]	core_inst.residue_inst.loop_counter_1_to_nn_reg[3]$_DFFE_PN0P_/Q	core_inst.modulus_mem.tmp_read_data0[0]$_DFF_P_/D
19	-0.1455	start_reg	core_inst.modulus_mem.tmp_read_dataI[J]	start_reg$_DFF_PN0_/Q	core_inst.modulus_mem.tmp_read_data0[0]$_DFF_P_/D
20	-0.1402	core_inst.residue_inst.residue_ctrl_reg[I]	core_inst.modulus_mem.tmp_read_dataI[J]	core_inst.residue_inst.residue_ctrl_reg[0]$_DFF_PN1_/Q	core_inst.modulus_mem.tmp_read_data0[0]$_DFF_P_/D
21	-0.1397	core_inst.modexp_ctrl_reg[I]	core_inst.modulus_mem.tmp_read_dataI[J]	core_inst.modexp_ctrl_reg[0]$_DFF_PN1_/Q	core_inst.modulus_mem.tmp_read_data0[0]$_DFF_P_/D
22	-0.1380	core_inst.modexp_ctrl_reg[I]	core_inst.exponent_mem.tmp_read_dataI[J]	core_inst.modexp_ctrl_reg[9]$_DFF_PN0_/Q	core_inst.exponent_mem.tmp_read_data0[10]$_DFF_P_/D
23	-0.1370	address[I]	modulus_length_reg[I]	address[1]	modulus_length_reg[0]$_DFFE_PN0P_/D
24	-0.1370	core_inst.message_mem.tmp_read_dataI[J]	core_inst.montprod_inst.add_carry_in_sa	core_inst.message_mem.tmp_read_data0[0]$_DFF_P_/Q	core_inst.montprod_inst.add_carry_in_sa$_DFF_PN0_/D
25	-0.1324	address[I]	core_inst.exponent_mem.mem[I][J]	address[1]	core_inst.exponent_mem.mem[11][10]$_DFFE_PP_/D
26	-0.1289	address[I]	core_inst.message_mem.ptr_reg[I]	address[1]	core_inst.message_mem.ptr_reg[4]$_DFFE_PN0P_/D
27	-0.1224	address[I]	core_inst.modulus_mem.mem[I][J]	address[1]	core_inst.modulus_mem.mem[10][10]$_DFFE_PP_/D
28	-0.1187	core_inst.residue_inst.loop_counter_I_to_nn_reg[J]	core_inst.residue_mem.tmp_read_dataI[J]	core_inst.residue_inst.loop_counter_1_to_nn_reg[3]$_DFFE_PN0P_/Q	core_inst.residue_mem.tmp_read_data0[20]$_DFF_P_/D
29	-0.1187	start_reg	core_inst.residue_mem.tmp_read_dataI[J]	start_reg$_DFF_PN0_/Q	core_inst.residue_mem.tmp_read_data0[20]$_DFF_P_/D
30	-0.1184	core_inst.residue_inst.nn_reg[I]	core_inst.modulus_mem.tmp_read_dataI[J]	core_inst.residue_inst.nn_reg[9]$_DFFE_PN0P_/Q	core_inst.modulus_mem.tmp_read_data0[0]$_DFF_P_/D
31	-0.1134	core_inst.residue_inst.residue_ctrl_reg[I]	core_inst.residue_mem.tmp_read_dataI[J]	core_inst.residue_inst.residue_ctrl_reg[0]$_DFF_PN1_/Q	core_inst.residue_mem.tmp_read_data0[20]$_DFF_P_/D
32	-0.1133	address[I]	core_inst.modulus_mem.ptr_reg[I]	address[1]	core_inst.modulus_mem.ptr_reg[2]$_DFFE_PN0P_/D
33	-0.1129	core_inst.modexp_ctrl_reg[I]	core_inst.residue_mem.tmp_read_dataI[J]	core_inst.modexp_ctrl_reg[0]$_DFF_PN1_/Q	core_inst.residue_mem.tmp_read_data0[20]$_DFF_P_/D
34	-0.1126	core_inst.residue_valid_reg	core_inst.modulus_mem.tmp_read_dataI[J]	core_inst.residue_valid_reg$_DFFE_PN0P_/QN	core_inst.modulus_mem.tmp_read_data0[0]$_DFF_P_/D
35	-0.1111	core_inst.result_mem.tmp_read_dataI[J]	core_inst.montprod_inst.add_carry_in_sa	core_inst.result_mem.tmp_read_data0[16]$_DFF_P_/Q	core_inst.montprod_inst.add_carry_in_sa$_DFF_PN0_/D
36	-0.1086	modulus_length_reg[I]	core_inst.p_mem.tmp_read_dataI[J]	modulus_length_reg[0]$_DFFE_PN0P_/QN	core_inst.p_mem.tmp_read_data0[22]$_DFF_P_/D
37	-0.1058	core_inst.montprod_inst.add_carry_in_sa	core_inst.montprod_inst.s_mem_data_pipe[I]	core_inst.montprod_inst.add_carry_in_sa$_DFF_PN0_/Q	core_inst.montprod_inst.s_mem_data_pipe[28]$_DFF_PN0_/D
38	-0.1055	core_inst.montprod_inst.word_index[I]	core_inst.p_mem.tmp_read_dataI[J]	core_inst.montprod_inst.word_index[0]$_DFF_PN0_/Q	core_inst.p_mem.tmp_read_data0[10]$_DFF_P_/D
39	-0.1033	core_inst.montprod_inst.montprod_ctrl_reg[I]	core_inst.p_mem.tmp_read_dataI[J]	core_inst.montprod_inst.montprod_ctrl_reg[11]$_DFF_PN0_/Q	core_inst.p_mem.tmp_read_data0[10]$_DFF_P_/D
40	-0.1023	modulus_length_reg[I]	core_inst.result_mem.tmp_read_dataI[J]	modulus_length_reg[0]$_DFFE_PN0P_/QN	core_inst.result_mem.tmp_read_data0[16]$_DFF_P_/D
41	-0.0956	modulus_length_reg[I]	core_inst.message_mem.tmp_read_dataI[J]	modulus_length_reg[0]$_DFFE_PN0P_/QN	core_inst.message_mem.tmp_read_data0[13]$_DFF_P_/D
42	-0.0955	address[I]	core_inst.result_mem.ptr_reg[I]	address[1]	core_inst.result_mem.ptr_reg[2]$_DFFE_PN0P_/D
43	-0.0923	core_inst.montprod_inst.word_index[I]	core_inst.montprod_inst.s_mem.tmp_read_data[I]	core_inst.montprod_inst.word_index[0]$_DFF_PN0_/Q	core_inst.montprod_inst.s_mem.tmp_read_data[10]$_DFF_P_/D
44	-0.0916	core_inst.residue_inst.nn_reg[I]	core_inst.residue_mem.tmp_read_dataI[J]	core_inst.residue_inst.nn_reg[9]$_DFFE_PN0P_/Q	core_inst.residue_mem.tmp_read_data0[20]$_DFF_P_/D
45	-0.0911	core_inst.montprod_inst.word_index[I]	core_inst.message_mem.tmp_read_dataI[J]	core_inst.montprod_inst.word_index[0]$_DFF_PN0_/Q	core_inst.message_mem.tmp_read_data0[13]$_DFF_P_/D
46	-0.0911	core_inst.montprod_inst.word_index[I]	core_inst.result_mem.tmp_read_dataI[J]	core_inst.montprod_inst.word_index[0]$_DFF_PN0_/Q	core_inst.result_mem.tmp_read_data0[14]$_DFF_P_/D
47	-0.0901	core_inst.montprod_inst.montprod_ctrl_reg[I]	core_inst.montprod_inst.s_mem.tmp_read_data[I]	core_inst.montprod_inst.montprod_ctrl_reg[11]$_DFF_PN0_/Q	core_inst.montprod_inst.s_mem.tmp_read_data[10]$_DFF_P_/D
48	-0.0894	address[I]	core_inst.exponent_mem.ptr_reg[I]	address[1]	core_inst.exponent_mem.ptr_reg[2]$_DFFE_PN0P_/D
49	-0.0889	core_inst.montprod_inst.montprod_ctrl_reg[I]	core_inst.message_mem.tmp_read_dataI[J]	core_inst.montprod_inst.montprod_ctrl_reg[11]$_DFF_PN0_/Q	core_inst.message_mem.tmp_read_data0[13]$_DFF_P_/D
50	-0.0889	core_inst.montprod_inst.montprod_ctrl_reg[I]	core_inst.result_mem.tmp_read_dataI[J]	core_inst.montprod_inst.montprod_ctrl_reg[11]$_DFF_PN0_/Q	core_inst.result_mem.tmp_read_data0[14]$_DFF_P_/D
51	-0.0884	modulus_length_reg[I]	core_inst.montprod_inst.s_mem.tmp_read_data[I]	modulus_length_reg[0]$_DFFE_PN0P_/QN	core_inst.montprod_inst.s_mem.tmp_read_data[10]$_DFF_P_/D
52	-0.0858	core_inst.residue_valid_reg	core_inst.residue_mem.tmp_read_dataI[J]	core_inst.residue_valid_reg$_DFFE_PN0P_/QN	core_inst.residue_mem.tmp_read_data0[20]$_DFF_P_/D
53	-0.0820	cs	core_inst.message_mem.mem[I][J]	cs	core_inst.message_mem.mem[0][10]$_DFFE_PP_/D
54	-0.0806	modulus_length_reg[I]	core_inst.modulus_mem.tmp_read_dataI[J]	modulus_length_reg[2]$_DFFE_PN0P_/Q	core_inst.modulus_mem.tmp_read_data0[10]$_DFF_P_/D
55	-0.0791	core_inst.residue_inst.sub_carry_in_reg	core_inst.residue_mem.mem[I][J]	core_inst.residue_inst.sub_carry_in_reg$_DFF_PN0_/QN	core_inst.residue_mem.mem[1][27]$_DFFE_PP_/D
56	-0.0780	address[I]	exponent_length_reg[I]	address[1]	exponent_length_reg[0]$_DFFE_PN0P_/D
57	-0.0727	core_inst.montprod_select_reg[I]	core_inst.montprod_inst.q_reg	core_inst.montprod_select_reg[2]$_DFF_PN0_/Q	core_inst.montprod_inst.q_reg$_DFFE_PN0P_/D
58	-0.0709	modulus_length_reg[I]	core_inst.exponent_mem.tmp_read_dataI[J]	modulus_length_reg[1]$_DFFE_PN0P_/QN	core_inst.exponent_mem.tmp_read_data0[11]$_DFF_P_/D
59	-0.0658	core_inst.cycle_ctr_high_reg[I]	core_inst.cycle_ctr_high_reg[I]	core_inst.cycle_ctr_high_reg[2]$_DFFE_PN0P_/Q	core_inst.cycle_ctr_high_reg[31]$_DFFE_PN0P_/D
60	-0.0652	cs	read_data[I]	cs	read_data[10]
61	-0.0594	core_inst.montprod_inst.add_carry_in_sm	core_inst.montprod_inst.add_carry_in_sm	core_inst.montprod_inst.add_carry_in_sm$_DFF_PN0_/Q	core_inst.montprod_inst.add_carry_in_sm$_DFF_PN0_/D
62	-0.0583	core_inst.modulus_mem.tmp_read_dataI[J]	core_inst.montprod_inst.add_carry_in_sm	core_inst.modulus_mem.tmp_read_data0[0]$_DFF_P_/Q	core_inst.montprod_inst.add_carry_in_sm$_DFF_PN0_/D
63	-0.0553	core_inst.montprod_inst.s_mem.tmp_read_data[I]	core_inst.montprod_inst.add_carry_in_sm	core_inst.montprod_inst.s_mem.tmp_read_data[0]$_DFF_P_/Q	core_inst.montprod_inst.add_carry_in_sm$_DFF_PN0_/D
64	-0.0530	cs	core_inst.modulus_mem.mem[I][J]	cs	core_inst.modulus_mem.mem[10][10]$_DFFE_PP_/D
65	-0.0508	core_inst.residue_inst.word_index_reg[I]	core_inst.modulus_mem.tmp_read_dataI[J]	core_inst.residue_inst.word_index_reg[0]$_DFF_PN0_/QN	core_inst.modulus_mem.tmp_read_data0[0]$_DFF_P_/D
66	-0.0460	core_inst.montprod_inst.add_carry_in_sa	core_inst.montprod_inst.add_carry_in_sa	core_inst.montprod_inst.add_carry_in_sa$_DFF_PN0_/Q	core_inst.montprod_inst.add_carry_in_sa$_DFF_PN0_/D
67	-0.0444	modulus_length_reg[I]	core_inst.montprod_inst.montprod_ctrl_reg[I]	modulus_length_reg[0]$_DFFE_PN0P_/Q	core_inst.montprod_inst.montprod_ctrl_reg[4]$_DFF_PN0_/D
68	-0.0419	core_inst.montprod_inst.s_mem.tmp_read_data[I]	core_inst.montprod_inst.add_carry_in_sa	core_inst.montprod_inst.s_mem.tmp_read_data[0]$_DFF_P_/Q	core_inst.montprod_inst.add_carry_in_sa$_DFF_PN0_/D
69	-0.0323	modulus_length_reg[I]	core_inst.montprod_inst.word_index[I]	modulus_length_reg[0]$_DFFE_PN0P_/Q	core_inst.montprod_inst.word_index[2]$_DFF_PN0_/D
70	-0.0315	we	read_data[I]	we	read_data[10]
71	-0.0309	we	core_inst.message_mem.mem[I][J]	we	core_inst.message_mem.mem[0][10]$_DFFE_PP_/D
72	-0.0239	core_inst.residue_inst.word_index_reg[I]	core_inst.residue_mem.tmp_read_dataI[J]	core_inst.residue_inst.word_index_reg[0]$_DFF_PN0_/QN	core_inst.residue_mem.tmp_read_data0[20]$_DFF_P_/D
73	-0.0192	cs	core_inst.exponent_mem.mem[I][J]	cs	core_inst.exponent_mem.mem[11][10]$_DFFE_PP_/D
74	-0.0146	core_inst.residue_inst.length_mI_reg[J]	core_inst.modulus_mem.tmp_read_dataI[J]	core_inst.residue_inst.length_m1_reg[0]$_DFFE_PN0P_/Q	core_inst.modulus_mem.tmp_read_data0[0]$_DFF_P_/D
75	-0.0018	we	core_inst.modulus_mem.mem[I][J]	we	core_inst.modulus_mem.mem[10][10]$_DFFE_PP_/D
76	-0.0014	modulus_length_reg[I]	core_inst.montprod_select_reg[I]	modulus_length_reg[2]$_DFFE_PN0P_/Q	core_inst.montprod_select_reg[2]$_DFF_PN0_/D
77	-0.0014	modulus_length_reg[I]	core_inst.montprod_dest_reg[I]	modulus_length_reg[2]$_DFFE_PN0P_/Q	core_inst.montprod_dest_reg[1]$_DFF_PN0_/D
78	0.0008	modulus_length_reg[I]	core_inst.montprod_inst.ready_reg	modulus_length_reg[0]$_DFFE_PN0P_/Q	core_inst.montprod_inst.ready_reg$_DFFE_PN0P_/D
79	0.0014	modulus_length_reg[I]	core_inst.residue_mem.tmp_read_dataI[J]	modulus_length_reg[2]$_DFFE_PN0P_/Q	core_inst.residue_mem.tmp_read_data0[21]$_DFF_P_/D
80	0.0059	core_inst.montprod_inst.B_bit_index_reg[I]	core_inst.montprod_inst.q_reg	core_inst.montprod_inst.B_bit_index_reg[0]$_DFFE_PN0P_/Q	core_inst.montprod_inst.q_reg$_DFFE_PN0P_/D
81	0.0095	core_inst.residue_inst.length_mI_reg[J]	core_inst.residue_mem.tmp_read_dataI[J]	core_inst.residue_inst.length_m1_reg[0]$_DFFE_PN0P_/Q	core_inst.residue_mem.tmp_read_data0[20]$_DFF_P_/D
82	0.0114	core_inst.montprod_inst.word_index[I]	core_inst.modulus_mem.tmp_read_dataI[J]	core_inst.montprod_inst.word_index[1]$_DFF_PN0_/Q	core_inst.modulus_mem.tmp_read_data0[30]$_DFF_P_/D
83	0.0123	core_inst.message_mem.ptr_reg[I]	core_inst.message_mem.tmp_read_dataI[J]	core_inst.message_mem.ptr_reg[1]$_DFFE_PN0P_/Q	core_inst.message_mem.tmp_read_data1[10]$_DFF_P_/D
84	0.0131	core_inst.cycle_ctr_state_reg	core_inst.cycle_ctr_high_reg[I]	core_inst.cycle_ctr_state_reg$_DFFE_PN0P_/Q	core_inst.cycle_ctr_high_reg[10]$_DFFE_PN0P_/D
85	0.0138	core_inst.exponent_mem.ptr_reg[I]	core_inst.exponent_mem.tmp_read_dataI[J]	core_inst.exponent_mem.ptr_reg[0]$_DFFE_PN0P_/Q	core_inst.exponent_mem.tmp_read_data1[10]$_DFF_P_/D
86	0.0139	core_inst.modulus_mem.ptr_reg[I]	core_inst.modulus_mem.tmp_read_dataI[J]	core_inst.modulus_mem.ptr_reg[0]$_DFFE_PN0P_/Q	core_inst.modulus_mem.tmp_read_data1[10]$_DFF_P_/D
87	0.0186	core_inst.montprod_inst.loop_counter[I]	core_inst.p_mem.tmp_read_dataI[J]	core_inst.montprod_inst.loop_counter[5]$_DFFE_PN0P_/Q	core_inst.p_mem.tmp_read_data1[0]$_DFF_P_/D
88	0.0186	core_inst.montprod_inst.loop_counter[I]	core_inst.residue_mem.tmp_read_dataI[J]	core_inst.montprod_inst.loop_counter[5]$_DFFE_PN0P_/Q	core_inst.residue_mem.tmp_read_data1[23]$_DFF_P_/D
89	0.0217	core_inst.loop_counter_reg[I]	core_inst.montprod_inst.word_index[I]	core_inst.loop_counter_reg[1]$_DFFE_PN0P_/Q	core_inst.montprod_inst.word_index[2]$_DFF_PN0_/D
90	0.0218	core_inst.result_mem.ptr_reg[I]	core_inst.result_mem.tmp_read_dataI[J]	core_inst.result_mem.ptr_reg[1]$_DFFE_PN0P_/Q	core_inst.result_mem.tmp_read_data1[10]$_DFF_P_/D
91	0.0224	we	core_inst.exponent_mem.mem[I][J]	we	core_inst.exponent_mem.mem[0][10]$_DFFE_PP_/D
92	0.0246	cs	core_inst.message_mem.ptr_reg[I]	cs	core_inst.message_mem.ptr_reg[4]$_DFFE_PN0P_/D
93	0.0252	core_inst.montprod_select_reg[I]	core_inst.montprod_inst.b_reg	core_inst.montprod_select_reg[2]$_DFF_PN0_/Q	core_inst.montprod_inst.b_reg$_DFFE_PN0P_/D
94	0.0256	cs	core_inst.result_mem.ptr_reg[I]	cs	core_inst.result_mem.ptr_reg[2]$_DFFE_PN0P_/D
95	0.0294	cs	core_inst.exponent_mem.ptr_reg[I]	cs	core_inst.exponent_mem.ptr_reg[2]$_DFFE_PN0P_/D
96	0.0295	cs	exponent_length_reg[I]	cs	exponent_length_reg[0]$_DFFE_PN0P_/D
97	0.0329	modulus_length_reg[I]	core_inst.montprod_inst.s_mem_wr_addr[I]	modulus_length_reg[2]$_DFFE_PN0P_/Q	core_inst.montprod_inst.s_mem_wr_addr[4]$_DFF_PN0_/D
98	0.0345	core_inst.cycle_ctr_low_reg[I]	core_inst.cycle_ctr_low_reg[I]	core_inst.cycle_ctr_low_reg[0]$_DFFE_PN0P_/Q	core_inst.cycle_ctr_low_reg[30]$_DFFE_PN0P_/D
99	0.0395	core_inst.montprod_inst.word_index[I]	core_inst.montprod_inst.montprod_ctrl_reg[I]	core_inst.montprod_inst.word_index[1]$_DFF_PN0_/Q	core_inst.montprod_inst.montprod_ctrl_reg[4]$_DFF_PN0_/D
100	0.0411	core_inst.residue_inst.residue_ctrl_reg[I]	core_inst.residue_mem.mem[I][J]	core_inst.residue_inst.residue_ctrl_reg[9]$_DFF_PN0_/Q	core_inst.residue_mem.mem[4][17]$_DFFE_PP_/D
