# stage	1_synth
# top_module	fpu
# top_n	100
# kind	blocks
# skip_async	1
# include_full	1
# rank	worst_slack_ns	start	end	start_full	end_full
1	-0.5328	uI.mul_a[J]	uI.product_f[J]	u3.mul_a[29]$_SDFFE_PP0P_/Q	u3.product_f[26]$_SDFFE_PP0P_/D
2	-0.5180	uI.mul_a[J]	uI.product_e[J]	u3.mul_a[31]$_SDFFE_PP0P_/Q	u3.product_e[30]$_SDFFE_PP0P_/D
3	-0.4930	uI.mul_b[J]	uI.product_f[J]	u3.mul_b[29]$_SDFFE_PP0P_/Q	u3.product_f[26]$_SDFFE_PP0P_/D
4	-0.4789	uI.mul_b[J]	uI.product_e[J]	u3.mul_b[6]$_SDFFE_PP0P_/Q	u3.product_e[30]$_SDFFE_PP0P_/D
5	-0.4585	uI.mul_a[J]	uI.product_g[J]	u3.mul_a[30]$_SDFFE_PP0P_/Q	u3.product_g[31]$_SDFFE_PP0P_/D
6	-0.4169	uI.mul_b[J]	uI.product_g[J]	u3.mul_b[40]$_SDFFE_PP0P_/Q	u3.product_g[31]$_SDFFE_PP0P_/D
7	-0.3896	uI.mul_a[J]	uI.product_i[J]	u3.mul_a[51]$_SDFFE_PP0P_/Q	u3.product_i[23]$_SDFFE_PP0P_/D
8	-0.3671	uI.mantissa_b[J]	uI.pre_b_hi[J]	u3.mantissa_b[22]$_SDFFE_PP0P_/Q	u3.pre_b_hi[20]$_SDFFE_PP0P_/D
9	-0.3655	uI.ma_hiJ[K]	uI.pre_b_hi[J]	u3.ma_hi12[7]$_SDFFE_PP0P_/Q	u3.pre_b_hi[20]$_SDFFE_PP0P_/D
10	-0.3592	uI.mul_a[J]	uI.product_j[J]	u3.mul_a[45]$_SDFFE_PP0P_/Q	u3.product_j[27]$_SDFFE_PP0P_/D
11	-0.3559	uI.mantissa_a[J]	uI.pre_b_hi[J]	u3.mantissa_a[23]$_SDFFE_PP0P_/Q	u3.pre_b_hi[20]$_SDFFE_PP0P_/D
12	-0.3513	uI.mul_b[J]	uI.product_i[J]	u3.mul_b[23]$_SDFFE_PP0P_/Q	u3.product_i[23]$_SDFFE_PP0P_/D
13	-0.3453	uI.mul_a[J]	uI.product_h[J]	u3.mul_a[51]$_SDFFE_PP0P_/Q	u3.product_h[28]$_SDFFE_PP0P_/D
14	-0.3377	uI.mantissa_b[J]	uI.pre_a_hi[J]	u3.mantissa_b[5]$_SDFFE_PP0P_/Q	u3.pre_a_hi[23]$_SDFFE_PP0P_/D
15	-0.3361	uI.ma_hiJ[K]	uI.pre_a_hi[J]	u3.ma_hi12[10]$_SDFFE_PP0P_/Q	u3.pre_a_hi[23]$_SDFFE_PP0P_/D
16	-0.3313	uI.mantissa_a[J]	uI.pre_a_hi[J]	u3.mantissa_a[23]$_SDFFE_PP0P_/Q	u3.pre_a_hi[23]$_SDFFE_PP0P_/D
17	-0.3310	uI.mantissa_b[J]	uI.pre_b_lo[J]	u3.mantissa_b[19]$_SDFFE_PP0P_/Q	u3.pre_b_lo[27]$_SDFFE_PP0P_/D
18	-0.3293	uI.ma_loJ[K]	uI.pre_b_lo[J]	u3.ma_lo12[10]$_SDFFE_PP0P_/Q	u3.pre_b_lo[27]$_SDFFE_PP0P_/D
19	-0.3248	uI.mantissa_b[J]	uI.pre_c_hi[J]	u3.mantissa_b[41]$_SDFFE_PP0P_/Q	u3.pre_c_hi[27]$_SDFFE_PP0P_/D
20	-0.3242	uI.mantissa_a[J]	uI.pre_b_lo[J]	u3.mantissa_a[11]$_SDFFE_PP0P_/Q	u3.pre_b_lo[27]$_SDFFE_PP0P_/D
21	-0.3232	uI.ma_hiJ[K]	uI.pre_c_hi[J]	u3.ma_hi12[7]$_SDFFE_PP0P_/Q	u3.pre_c_hi[27]$_SDFFE_PP0P_/D
22	-0.3176	uI.mul_b[J]	uI.product_j[J]	u3.mul_b[38]$_SDFFE_PP0P_/Q	u3.product_j[27]$_SDFFE_PP0P_/D
23	-0.3167	uI.mantissa_b[J]	uI.pre_c_lo[J]	u3.mantissa_b[37]$_SDFFE_PP0P_/Q	u3.pre_c_lo[28]$_SDFFE_PP0P_/D
24	-0.3150	uI.ma_loJ[K]	uI.pre_c_lo[J]	u3.ma_lo12[10]$_SDFFE_PP0P_/Q	u3.pre_c_lo[28]$_SDFFE_PP0P_/D
25	-0.3136	uI.mantissa_a[J]	uI.pre_c_hi[J]	u3.mantissa_a[23]$_SDFFE_PP0P_/Q	u3.pre_c_hi[27]$_SDFFE_PP0P_/D
26	-0.3114	uI.mul_b[J]	uI.product_h[J]	u3.mul_b[0]$_SDFFE_PP0P_/Q	u3.product_h[27]$_SDFFE_PP0P_/D
27	-0.3099	uI.mantissa_a[J]	uI.pre_c_lo[J]	u3.mantissa_a[11]$_SDFFE_PP0P_/Q	u3.pre_c_lo[28]$_SDFFE_PP0P_/D
28	-0.2636	uI.mantissa_b[J]	uI.pre_a_lo[J]	u3.mantissa_b[4]$_SDFFE_PP0P_/Q	u3.pre_a_lo[25]$_SDFFE_PP0P_/D
29	-0.2619	uI.ma_loJ[K]	uI.pre_a_lo[J]	u3.ma_lo12[4]$_SDFFE_PP0P_/Q	u3.pre_a_lo[25]$_SDFFE_PP0P_/D
30	-0.2264	uI.mantissa_a[J]	uI.pre_a_lo[J]	u3.mantissa_a[11]$_SDFFE_PP0P_/Q	u3.pre_a_lo[25]$_SDFFE_PP0P_/D
31	0.0714	uI.diff[J]	uI.diff_shift_J[K]	u2.diff[54]$_SDFFE_PP0P_/Q	u2.diff_shift_2[5]$_SDFFE_PP0P_/D
32	0.0901	uI.dividend_a[J]	uI.dividend_shift_J[K]	u4.dividend_a[51]$_SDFFE_PP0P_/Q	u4.dividend_shift_2[1]$_SDFFE_PP0P_/D
33	0.0970	uI.divisor_b[J]	uI.divisor_shift_J[K]	u4.divisor_b[29]$_SDFFE_PP0P_/Q	u4.divisor_shift_2[1]$_SDFFE_PP0P_/D
34	0.1039	uI.sum_J[K]	uI.sum_J[K]	u3.sum_3[14]$_SDFFE_PP0P_/Q	u3.sum_4[33]$_SDFFE_PP0P_/D
35	0.1053	uI.product_f[J]	uI.sum_J[K]	u3.product_f[14]$_SDFFE_PP0P_/Q	u3.sum_4[33]$_SDFFE_PP0P_/D
36	0.1205	uI.dividend_reg[J]	uI.dividend_reg[J]	u4.dividend_reg[8]$_SDFFE_PP0P_/Q	u4.dividend_reg[44]$_SDFFE_PP0P_/D
37	0.1238	uI.exponent_under[J]	uI.product_J[K]	u3.exponent_under[1]$_SDFFE_PP0P_/Q	u3.product_1[21]$_SDFFE_PP0P_/D
38	0.1278	uI.mul_b[J]	uI.product_d[J]	u3.mul_b[52]$_SDFFE_PP0P_/Q	u3.product_d[25]$_SDFFE_PP0P_/D
39	0.1324	uI.exponent_J[K]	uI.product_J[K]	u3.exponent_2[1]$_SDFFE_PP0P_/Q	u3.product_4[88]$_SDFFE_PP0P_/D
40	0.1377	uI.product_h[J]	uI.sum_J[K]	u3.product_h[10]$_SDFFE_PP0P_/Q	u3.sum_3[31]$_SDFFE_PP0P_/D
41	0.1431	uI.divisor_reg[J]	uI.dividend_reg[J]	u4.divisor_reg[8]$_SDFFE_PP0P_/QN	u4.dividend_reg[44]$_SDFFE_PP0P_/D
42	0.1812	uI.diffshift_gt_exponent	uI.diff_J[K]	u2.diffshift_gt_exponent$_SDFFE_PP0P_/Q	u2.diff_1[53]$_SDFFE_PP0P_/D
43	0.1988	uI.dividend_reg[J]	uI.quotient[J]	u4.dividend_reg[4]$_SDFFE_PP0P_/Q	u4.quotient[12]$_SDFFE_PP0P_/D
44	0.2020	uI.remainder_shift_term[J]	uI.remainder_b[J]	u4.remainder_shift_term[1]$_SDFFE_PP0P_/Q	u4.remainder_b[99]$_SDFFE_PP0P_/D
45	0.2033	uI.small_shift_J[K]	uI.sum[J]	u1.small_shift_3[21]$_SDFFE_PP0P_/Q	u1.sum[54]$_SDFFE_PP0P_/D
46	0.2047	uI.large_add[J]	uI.sum[J]	u1.large_add[21]$_SDFFE_PP0P_/Q	u1.sum[54]$_SDFFE_PP0P_/D
47	0.2052	uI.divisor_reg[J]	uI.quotient[J]	u4.divisor_reg[1]$_SDFFE_PP0P_/Q	u4.quotient[12]$_SDFFE_PP0P_/D
48	0.2057	uI.exponent_small[J]	uI.exponent_diff[J]	u1.exponent_small[0]$_SDFFE_PP0P_/Q	u1.exponent_diff[10]$_SDFFE_PP0P_/D
49	0.2073	uI.diff_shift_J[K]	uI.diff_J[K]	u2.diff_shift_2[0]$_SDFFE_PP0P_/Q	u2.diff_1[53]$_SDFFE_PP0P_/D
50	0.2081	rst	uI.dividend_a_shifted[J]	rst	u4.dividend_a_shifted[10]$_SDFFE_PP0P_/D
51	0.2081	rst	uI.sum_round[J]	rst	u5.sum_round[29]$_SDFF_PP0_/D
52	0.2085	rst	uI.dividend_reg[J]	rst	u4.dividend_reg[0]$_SDFFE_PP0P_/D
53	0.2085	rst	uI.divisor_reg[J]	rst	u4.divisor_reg[39]$_SDFFE_PP0P_/D
54	0.2086	uI.exponent_large[J]	uI.diff_J[K]	u2.exponent_large[1]$_SDFFE_PP0P_/Q	u2.diff_1[44]$_SDFFE_PP0P_/D
55	0.2091	rst	uI.product_J[K]	rst	u3.product_1[15]$_SDFFE_PP0P_/D
56	0.2094	rst	uI.divisor_b_shifted[J]	rst	u4.divisor_b_shifted[32]$_SDFFE_PP0P_/D
57	0.2094	rst	uI.mantissa_J[K]	rst	u4.mantissa_1[10]$_SDFFE_PP0P_/D
58	0.2094	rst	uI.remainder_b[J]	rst	u4.remainder_b[85]$_SDFFE_PP0P_/D
59	0.2095	rst	uI.sum_J[K]	rst	u3.sum_7[30]$_SDFFE_PP0P_/D
60	0.2100	rst	uI.expon_final_J[K]	rst	u4.expon_final_5[8]$_SDFFE_PP0P_/D
61	0.2109	rst	uI.opa_QNaN	rst	u6.opa_QNaN$_SDFFE_PP0P_/D
62	0.2109	rst	uI.opa_SNaN	rst	u6.opa_SNaN$_SDFFE_PP0P_/D
63	0.2125	uI.minuend[J]	uI.diff[J]	u2.minuend[6]$_SDFFE_PP0P_/Q	u2.diff[50]$_SDFFE_PP0P_/D
64	0.2155	uI.large_norm_small_denorm	uI.exponent_diff[J]	u1.large_norm_small_denorm$_SDFFE_PP0P_/Q	u1.exponent_diff[10]$_SDFFE_PP0P_/D
65	0.2156	uI.exponent_large[J]	uI.exponent_diff[J]	u1.exponent_large[0]$_SDFFE_PP0P_/QN	u1.exponent_diff[10]$_SDFFE_PP0P_/D
66	0.2167	rst	uI.diff_J[K]	rst	u2.diff_1[54]$_SDFFE_PP0P_/D
67	0.2172	rst	uI.small_shift[J]	rst	u1.small_shift[10]$_SDFFE_PP0P_/D
68	0.2173	rst	addsub_out[I]	rst	addsub_out[0]$_SDFF_PP0_/D
69	0.2173	rst	addsub_sign	rst	addsub_sign$_SDFF_PP0_/D
70	0.2173	rst	enable_reg_I	rst	enable_reg_3$_SDFF_PP0_/D
71	0.2173	rst	exp_addsub[I]	rst	exp_addsub[0]$_SDFF_PP0_/D
72	0.2173	rst	fpu_op_reg[I]	rst	fpu_op_reg[2]$_SDFFE_PP0P_/D
73	0.2173	rst	op_enable	rst	op_enable$_SDFFE_PP0P_/D
74	0.2173	rst	opa_reg[I]	rst	opa_reg[63]$_SDFFE_PP0P_/D
75	0.2173	rst	opb_reg[I]	rst	opb_reg[63]$_SDFFE_PP0P_/D
76	0.2173	rst	rmode_reg[I]	rst	rmode_reg[1]$_SDFFE_PP0P_/D
77	0.2173	rst	uI.denorm_to_norm	rst	u1.denorm_to_norm$_SDFFE_PP0P_/D
78	0.2173	rst	uI.exponent[J]	rst	u1.exponent[10]$_SDFFE_PP0P_/D
79	0.2173	rst	uI.exponent_J[K]	rst	u1.exponent_2[10]$_SDFFE_PP0P_/D
80	0.2173	rst	uI.large_add[J]	rst	u1.large_add[10]$_SDFFE_PP0P_/D
81	0.2173	rst	uI.large_norm_small_denorm	rst	u1.large_norm_small_denorm$_SDFFE_PP0P_/D
82	0.2173	rst	uI.sign	rst	u1.sign$_SDFFE_PP0P_/D
83	0.2173	rst	uI.small_add[J]	rst	u1.small_add[10]$_SDFFE_PP0P_/D
84	0.2173	rst	uI.small_is_denorm	rst	u1.small_is_denorm$_SDFFE_PP0P_/D
85	0.2173	rst	uI.diffshift_et_J	rst	u2.diffshift_et_55$_SDFFE_PP0P_/D
86	0.2173	rst	uI.diffshift_gt_exponent	rst	u2.diffshift_gt_exponent$_SDFFE_PP0P_/D
87	0.2173	rst	uI.large_is_denorm	rst	u2.large_is_denorm$_SDFFE_PP0P_/D
88	0.2173	rst	uI.minuend[J]	rst	u2.minuend[10]$_SDFFE_PP0P_/D
89	0.2173	rst	uI.subtra_shift_J[K]	rst	u2.subtra_shift_3[54]$_SDFFE_PP0P_/D
90	0.2173	rst	uI.subtrahend[J]	rst	u2.subtrahend[10]$_SDFFE_PP0P_/D
91	0.2173	rst	uI.b_is_zero	rst	u3.b_is_zero$_SDFFE_PP0P_/D
92	0.2173	rst	uI.exponent_et_zero	rst	u3.exponent_et_zero$_SDFFE_PP0P_/D
93	0.2173	rst	uI.exponent_gt_prodshift	rst	u3.exponent_gt_prodshift$_SDFFE_PP0P_/D
94	0.2173	rst	uI.mul_a[J]	rst	u3.mul_a[52]$_SDFFE_PP0P_/D
95	0.2173	rst	uI.mul_b[J]	rst	u3.mul_b[52]$_SDFFE_PP0P_/D
96	0.2173	rst	uI.product[J]	rst	u3.product[105]$_SDFFE_PP0P_/D
97	0.2173	rst	uI.dividend_a[J]	rst	u4.dividend_a[0]$_SDFFE_PP0P_/D
98	0.2173	rst	uI.divisor_b[J]	rst	u4.divisor_b[0]$_SDFFE_PP0P_/D
99	0.2173	rst	uI.enable_reg_J	rst	u4.enable_reg_2$_SDFFE_PP0P_/D
100	0.2173	rst	uI.expon_final_J_etK	rst	u4.expon_final_4_et0$_SDFFE_PP0P_/D
