# stage	1_synth
# top_module	wb_dma_top
# top_n	1000
# kind	blocks
# skip_async	1
# include_full	1
# rank	worst_slack_ns	start	end	start_full	end_full
1	-0.2407	uI.state[J]	wbIs_data_o[J]	u2.state[7]$_DFF_P_/Q	wb0s_data_o[10]
2	-0.1920	uI.uJ.pri_outK[L]	wbIs_data_o[J]	u1.u0.pri_out0[1]$_DFF_P_/Q	wb0s_data_o[10]
3	-0.1745	uI.uJ.state[K]	wbIs_data_o[J]	u1.u2.state[2]$_SDFFE_PN0P_/Q	wb0s_data_o[10]
4	-0.1161	wbI_addr_i[J]	wbIs_data_o[J]	wb0_addr_i[28]	wb1s_data_o[28]
5	-0.1146	wbI_addr_i[J]	wbI_cyc_o	wb1_addr_i[29]	wb0_cyc_o
6	-0.1010	wbI_addr_i[J]	wbI_addr_o[J]	wb0_addr_i[28]	wb1_addr_o[10]
7	-0.0974	wbI_addr_i[J]	wbI_err_o	wb1_addr_i[29]	wb1_err_o
8	-0.0974	wbI_addr_i[J]	wbI_rty_o	wb1_addr_i[29]	wb1_rty_o
9	-0.0974	wbI_addr_i[J]	wbIm_data_o[J]	wb1_addr_i[29]	wb1m_data_o[0]
10	-0.0911	uI.ch_sel_r[J]	wbIs_data_o[J]	u1.ch_sel_r[1]$_SDFFE_PN0P_/Q	wb0s_data_o[10]
11	-0.0868	wbI_addr_i[J]	wbI_sel_o[J]	wb0_addr_i[28]	wb1_sel_o[0]
12	-0.0726	wbI_addr_i[J]	wbI_ack_o	wb1_addr_i[29]	wb1_ack_o
13	-0.0707	wbI_addr_i[J]	wbI_stb_o	wb1_addr_i[29]	wb0_stb_o
14	-0.0707	wbI_addr_i[J]	wbI_we_o	wb1_addr_i[29]	wb0_we_o
15	-0.0532	wbI_cyc_i	wbI_addr_o[J]	wb0_cyc_i	wb1_addr_o[10]
16	-0.0181	wbI_cyc_i	wbIs_data_o[J]	wb0_cyc_i	wb1s_data_o[28]
17	-0.0167	wbI_cyc_i	wbI_err_o	wb0_cyc_i	wb0_err_o
18	-0.0167	wbI_cyc_i	wbI_rty_o	wb0_cyc_i	wb0_rty_o
19	-0.0116	wbI_cyc_i	wbI_cyc_o	wb0_cyc_i	wb1_cyc_o
20	-0.0021	wbI_ack_i	wbI_ack_o	wb0_ack_i	wb1_ack_o
21	0.0112	wbI_cyc_i	wbI_sel_o[J]	wb0_cyc_i	wb1_sel_o[0]
22	0.0122	wbI_cyc_i	wbIm_data_o[J]	wb0_cyc_i	wb0m_data_o[10]
23	0.0122	wbI_cyc_i	wbI_stb_o	wb0_cyc_i	wb1_stb_o
24	0.0122	wbI_cyc_i	wbI_we_o	wb0_cyc_i	wb1_we_o
25	0.0193	wbI_cyc_i	wbI_ack_o	wb0_cyc_i	wb0_ack_o
26	0.0744	uI.state[J]	uI.mastJ_adr[K]	u2.state[7]$_DFF_P_/Q	u2.mast0_adr[10]$_DFF_P_/D
27	0.0867	uI.uJ.ch_csr_r[K]	wbIs_data_o[J]	u0.u11.ch_csr_r[2]$_SDFFE_PN0P_/Q	wb0s_data_o[10]
28	0.1045	uI.state[J]	uI.chunk_J	u2.state[7]$_DFF_P_/Q	u2.chunk_0$_DFF_P_/D
29	0.1172	uI.state[J]	uI.adrJ_cnt[K]	u2.state[7]$_DFF_P_/Q	u2.adr1_cnt[25]$_DFFE_PP_/D
30	0.1224	uI.state[J]	uI.tsz_cnt[J]	u2.state[7]$_DFF_P_/Q	u2.tsz_cnt[10]$_DFFE_PP_/D
31	0.1258	uI.state[J]	uI.uJ.pointer_sr[K]	u2.state[7]$_DFF_P_/Q	u0.u5.pointer_sr[10]$_DFFE_PP_/D
32	0.1329	uI.state[J]	uI.uJ.ch_csr_r[K]	u2.state[7]$_DFF_P_/Q	u0.u9.ch_csr_r[1]$_SDFFE_PN0P_/D
33	0.1358	uI.state[J]	uI.uJ.mast_stb	u2.state[7]$_DFF_P_/Q	u4.u0.mast_stb$_DFF_P_/D
34	0.1362	uI.state[J]	uI.uJ.mast_we_r	u2.state[7]$_DFF_P_/Q	u3.u0.mast_we_r$_DFF_P_/D
35	0.1373	uI.state[J]	uI.uJ.ch_txsz_s[K]	u2.state[7]$_DFF_P_/Q	u0.u5.ch_txsz_s[11]$_DFFE_PP_/D
36	0.1386	uI.state[J]	uI.uJ.ch_chk_sz_r[K]	u2.state[7]$_DFF_P_/Q	u0.u9.ch_chk_sz_r[0]$_DFFE_PP_/D
37	0.1405	uI.state[J]	uI.state[J]	u2.state[7]$_DFF_P_/Q	u2.state[10]$_DFF_P_/D
38	0.1440	uI.state[J]	uI.chunk_cnt[J]	u2.state[7]$_DFF_P_/Q	u2.chunk_cnt[4]$_DFFE_PP_/D
39	0.1449	uI.state[J]	uI.uJ.ch_tot_sz_r[K]	u2.state[7]$_DFF_P_/Q	u0.u9.ch_tot_sz_r[0]$_DFFE_PP_/D
40	0.1491	uI.state[J]	uI.uJ.ch_adrK_r[L]	u2.state[7]$_DFF_P_/Q	u0.u9.ch_adr1_r[19]$_DFFE_PP_/D
41	0.1503	uI.state[J]	uI.uJ.ch_adrK_s[L]	u2.state[7]$_DFF_P_/Q	u0.u15.ch_adr0_s[0]$_DFFE_PP_/D
42	0.1519	uI.state[J]	uI.uJ.ptr_valid	u2.state[7]$_DFF_P_/Q	u0.u5.ptr_valid$_SDFFE_PN0P_/D
43	0.1525	uI.state[J]	uI.uJ.int_src_r[K]	u2.state[7]$_DFF_P_/Q	u0.u15.int_src_r[1]$_SDFFE_PN0P_/D
44	0.1541	uI.state[J]	uI.uJ.pointer_r[K]	u2.state[7]$_DFF_P_/Q	u0.u9.pointer_r[12]$_DFFE_PP_/D
45	0.1595	uI.state[J]	uI.uJ.ch_done	u2.state[7]$_DFF_P_/Q	u0.u5.ch_done$_SDFFE_PN0P_/D
46	0.1601	uI.uJ.pri_outK[L]	uI.mastJ_adr[K]	u1.u0.pri_out0[1]$_DFF_P_/Q	u2.mast0_adr[10]$_DFF_P_/D
47	0.1616	uI.uJ.pri_outK[L]	uI.adrJ_cnt[K]	u1.u0.pri_out0[1]$_DFF_P_/Q	u2.adr0_cnt[7]$_DFFE_PP_/D
48	0.1654	wbI_stb_i	wbI_stb_o	wb1_stb_i	wb0_stb_o
49	0.1654	wbI_we_i	wbI_we_o	wb1_we_i	wb0_we_o
50	0.1654	wbIs_data_i[J]	wbIm_data_o[J]	wb1s_data_i[0]	wb0m_data_o[0]
51	0.1657	uI.state[J]	uI.uJ.mast_cyc	u2.state[7]$_DFF_P_/Q	u3.u0.mast_cyc$_DFF_P_/D
52	0.1658	wbIm_data_i[J]	wbIs_data_o[J]	wb1m_data_i[0]	wb0s_data_o[0]
53	0.1661	uI.state[J]	uI.uJ.ch_eol	u2.state[7]$_DFF_P_/Q	u0.u15.ch_eol$_SDFFE_PN0P_/D
54	0.1743	uI.state[J]	uI.ack_o[J]	u2.state[7]$_DFF_P_/Q	u1.ack_o[13]$_DFF_P_/D
55	0.1773	wbI_sel_i[J]	wbI_sel_o[J]	wb1_sel_i[0]	wb0_sel_o[0]
56	0.1776	uI.uJ.state[K]	uI.mastJ_adr[K]	u1.u2.state[2]$_SDFFE_PN0P_/Q	u2.mast0_adr[10]$_DFF_P_/D
57	0.1791	uI.uJ.state[K]	uI.adrJ_cnt[K]	u1.u2.state[2]$_SDFFE_PN0P_/Q	u2.adr0_cnt[7]$_DFFE_PP_/D
58	0.1832	uI.uJ.pri_outK[L]	uI.uJ.ch_csr_r[K]	u1.u0.pri_out0[1]$_DFF_P_/Q	u0.u7.ch_csr_r[1]$_SDFFE_PN0P_/D
59	0.1842	uI.state[J]	uI.ch_sel_r[J]	u2.state[7]$_DFF_P_/Q	u1.ch_sel_r[1]$_SDFFE_PN0P_/D
60	0.1843	uI.state[J]	uI.uJ.ch_rl	u2.state[7]$_DFF_P_/Q	u0.u2.ch_rl$_DFF_P_/D
61	0.1898	uI.uJ.state[K]	uI.uJ.ch_chk_sz_r[K]	u1.u1.state[1]$_SDFFE_PN0P_/Q	u0.u14.ch_chk_sz_r[0]$_DFFE_PP_/D
62	0.1903	uI.state[J]	uI.next_start	u2.state[7]$_DFF_P_/Q	u1.next_start$_DFF_P_/D
63	0.1930	wbI_err_i	wbI_err_o	wb1_err_i	wb0_err_o
64	0.1930	wbI_rty_i	wbI_rty_o	wb1_rty_i	wb0_rty_o
65	0.1938	uI.uJ.state[K]	uI.uJ.ch_txsz_s[K]	u1.u1.state[1]$_SDFFE_PN0P_/Q	u0.u14.ch_txsz_s[10]$_DFFE_PP_/D
66	0.1977	uI.state[J]	uI.read_r	u2.state[7]$_DFF_P_/Q	u2.read_r$_DFF_P_/D
67	0.2013	uI.uJ.pri_outK[L]	uI.chunk_J	u1.u0.pri_out0[1]$_DFF_P_/Q	u2.chunk_0$_DFF_P_/D
68	0.2014	uI.uJ.state[K]	uI.uJ.ch_csr_r[K]	u1.u2.state[2]$_SDFFE_PN0P_/Q	u0.u7.ch_csr_r[1]$_SDFFE_PN0P_/D
69	0.2066	uI.uJ.pri_outK[L]	uI.uJ.ch_txsz_s[K]	u1.u0.pri_out0[1]$_DFF_P_/Q	u0.u7.ch_txsz_s[10]$_DFFE_PP_/D
70	0.2106	uI.uJ.state[K]	uI.uJ.ch_tot_sz_r[K]	u1.u1.state[1]$_SDFFE_PN0P_/Q	u0.u14.ch_tot_sz_r[10]$_DFFE_PP_/D
71	0.2123	uI.uJ.pri_outK[L]	uI.uJ.ch_chk_sz_r[K]	u1.u0.pri_out0[1]$_DFF_P_/Q	u0.u7.ch_chk_sz_r[0]$_DFFE_PP_/D
72	0.2130	uI.state[J]	uI.write_r	u2.state[7]$_DFF_P_/Q	u2.write_r$_DFF_P_/D
73	0.2180	uI.uJ.pri_outK[L]	uI.uJ.int_src_r[K]	u1.u0.pri_out0[1]$_DFF_P_/Q	u0.u7.int_src_r[1]$_SDFFE_PN0P_/D
74	0.2192	uI.state[J]	uI.mJ_we_r	u2.state[7]$_DFF_P_/Q	u2.m0_we_r$_DFF_P_/D
75	0.2196	uI.state[J]	uI.de_start_r	u2.state[7]$_DFF_P_/Q	u1.de_start_r$_DFF_P_/D
76	0.2214	uI.uJ.pri_outK[L]	uI.tsz_cnt[J]	u1.u0.pri_out0[1]$_DFF_P_/Q	u2.tsz_cnt[4]$_DFFE_PP_/D
77	0.2215	uI.uJ.pri_outK[L]	uI.uJ.mast_stb	u1.u0.pri_out0[1]$_DFF_P_/Q	u4.u0.mast_stb$_DFF_P_/D
78	0.2221	uI.uJ.pri_outK[L]	uI.state[J]	u1.u0.pri_out0[1]$_DFF_P_/Q	u2.state[10]$_DFF_P_/D
79	0.2242	uI.state[J]	uI.next_ch	u2.state[7]$_DFF_P_/Q	u2.next_ch$_DFF_P_/D
80	0.2265	uI.uJ.pri_outK[L]	uI.uJ.ch_done	u1.u0.pri_out0[1]$_DFF_P_/Q	u0.u7.ch_done$_SDFFE_PN0P_/D
81	0.2283	uI.uJ.state[K]	uI.uJ.pointer_sr[K]	u1.u1.state[1]$_SDFFE_PN0P_/Q	u0.u14.pointer_sr[17]$_DFFE_PP_/D
82	0.2291	uI.uJ.state[K]	uI.uJ.int_src_r[K]	u1.u1.state[1]$_SDFFE_PN0P_/Q	u0.u14.int_src_r[1]$_SDFFE_PN0P_/D
83	0.2320	uI.uJ.state[K]	uI.uJ.ch_adrK_s[L]	u1.u1.state[1]$_SDFFE_PN0P_/Q	u0.u10.ch_adr0_s[29]$_DFFE_PP_/D
84	0.2324	uI.uJ.pri_outK[L]	uI.uJ.ch_eol	u1.u0.pri_out0[1]$_DFF_P_/Q	u0.u7.ch_eol$_SDFFE_PN0P_/D
85	0.2339	uI.uJ.state[K]	uI.tsz_cnt[J]	u1.u1.state[1]$_SDFFE_PN0P_/Q	u2.tsz_cnt[9]$_DFFE_PP_/D
86	0.2351	uI.ch_sel_r[J]	uI.mastJ_adr[K]	u1.ch_sel_r[1]$_SDFFE_PN0P_/Q	u2.mast0_adr[10]$_DFF_P_/D
87	0.2376	uI.uJ.state[K]	uI.uJ.ch_done	u1.u1.state[1]$_SDFFE_PN0P_/Q	u0.u14.ch_done$_SDFFE_PN0P_/D
88	0.2376	wbI_ack_i	uI.mastJ_adr[K]	wb0_ack_i	u2.mast0_adr[10]$_DFF_P_/D
89	0.2376	uI.uJ.pri_outK[L]	uI.uJ.ch_tot_sz_r[K]	u1.u0.pri_out0[1]$_DFF_P_/Q	u0.u14.ch_tot_sz_r[10]$_DFFE_PP_/D
90	0.2389	uI.uJ.state[K]	uI.uJ.mast_stb	u1.u2.state[2]$_SDFFE_PN0P_/Q	u4.u0.mast_stb$_DFF_P_/D
91	0.2395	uI.uJ.state[K]	uI.state[J]	u1.u2.state[2]$_SDFFE_PN0P_/Q	u2.state[10]$_DFF_P_/D
92	0.2427	uI.uJ.state[K]	uI.uJ.ch_eol	u1.u1.state[1]$_SDFFE_PN0P_/Q	u0.u14.ch_eol$_SDFFE_PN0P_/D
93	0.2438	uI.uJ.pri_outK[L]	uI.uJ.ch_adrK_s[L]	u1.u0.pri_out0[1]$_DFF_P_/Q	u0.u7.ch_adr0_s[0]$_DFFE_PP_/D
94	0.2552	uI.uJ.pri_outK[L]	uI.uJ.pointer_sr[K]	u1.u0.pri_out0[1]$_DFF_P_/Q	u0.u14.pointer_sr[17]$_DFFE_PP_/D
95	0.2554	uI.uJ.pri_outK[L]	uI.chunk_cnt[J]	u1.u0.pri_out0[1]$_DFF_P_/Q	u2.chunk_cnt[4]$_DFFE_PP_/D
96	0.2555	uI.uJ.pri_outK[L]	uI.uJ.ptr_valid	u1.u0.pri_out0[1]$_DFF_P_/Q	u0.u7.ptr_valid$_SDFFE_PN0P_/D
97	0.2572	uI.uJ.pri_outK[L]	uI.uJ.mast_we_r	u1.u0.pri_out0[1]$_DFF_P_/Q	u3.u0.mast_we_r$_DFF_P_/D
98	0.2575	uI.uJ.state[K]	uI.uJ.ch_adrK_r[L]	u1.u1.state[1]$_SDFFE_PN0P_/Q	u0.u14.ch_adr0_r[0]$_DFFE_PP_/D
99	0.2586	wbI_ack_i	uI.adrJ_cnt[K]	wb1_ack_i	u2.adr0_cnt[7]$_DFFE_PP_/D
100	0.2586	uI.state[J]	uI.uJ.ch_busy	u2.state[7]$_DFF_P_/Q	u0.u12.ch_busy$_DFF_P_/D
101	0.2591	uI.uJ.state[K]	uI.chunk_J	u1.u1.state[1]$_SDFFE_PN0P_/Q	u2.chunk_0$_DFF_P_/D
102	0.2597	uI.uJ.pri_outK[L]	uI.uJ.ch_adrK_r[L]	u1.u0.pri_out0[1]$_DFF_P_/Q	u0.u9.ch_adr1_r[19]$_DFFE_PP_/D
103	0.2609	uI.state[J]	uI.write_hold_r	u2.state[7]$_DFF_P_/Q	u2.write_hold_r$_DFF_P_/D
104	0.2625	uI.ch_sel_r[J]	uI.adrJ_cnt[K]	u1.ch_sel_r[1]$_SDFFE_PN0P_/Q	u2.adr0_cnt[7]$_DFFE_PP_/D
105	0.2647	uI.uJ.pri_outK[L]	uI.uJ.pointer_r[K]	u1.u0.pri_out0[1]$_DFF_P_/Q	u0.u9.pointer_r[12]$_DFFE_PP_/D
106	0.2662	uI.uJ.pri_outK[L]	uI.write_r	u1.u0.pri_out0[1]$_DFF_P_/Q	u2.write_r$_DFF_P_/D
107	0.2668	uI.uJ.state[K]	uI.chunk_cnt[J]	u1.u1.state[1]$_SDFFE_PN0P_/Q	u2.chunk_cnt[0]$_DFFE_PP_/D
108	0.2711	uI.ch_sel_r[J]	uI.uJ.ch_chk_sz_r[K]	u1.ch_sel_r[1]$_SDFFE_PN0P_/Q	u0.u14.ch_chk_sz_r[0]$_DFFE_PP_/D
109	0.2719	uI.uJ.state[K]	uI.uJ.pointer_r[K]	u1.u1.state[1]$_SDFFE_PN0P_/Q	u0.u10.pointer_r[12]$_DFFE_PP_/D
110	0.2729	uI.state[J]	uI.uJ.ch_err	u2.state[7]$_DFF_P_/Q	u0.u1.ch_err$_SDFFE_PN0P_/D
111	0.2738	uI.uJ.state[K]	uI.uJ.ptr_valid	u1.u2.state[2]$_SDFFE_PN0P_/Q	u0.u7.ptr_valid$_SDFFE_PN0P_/D
112	0.2747	uI.uJ.state[K]	uI.uJ.mast_we_r	u1.u2.state[2]$_SDFFE_PN0P_/Q	u3.u0.mast_we_r$_DFF_P_/D
113	0.2751	uI.ch_sel_r[J]	uI.uJ.ch_txsz_s[K]	u1.ch_sel_r[1]$_SDFFE_PN0P_/Q	u0.u14.ch_txsz_s[10]$_DFFE_PP_/D
114	0.2774	uI.uJ.pri_outK[L]	uI.ack_o[J]	u1.u0.pri_out0[1]$_DFF_P_/Q	u1.ack_o[13]$_DFF_P_/D
115	0.2800	uI.ch_sel_r[J]	uI.uJ.ch_csr_r[K]	u1.ch_sel_r[4]$_SDFFE_PN0P_/Q	u0.u7.ch_csr_r[1]$_SDFFE_PN0P_/D
116	0.2824	uI.uJ.pri_outK[L]	uI.uJ.mast_cyc	u1.u0.pri_out0[1]$_DFF_P_/Q	u3.u0.mast_cyc$_DFF_P_/D
117	0.2835	uI.uJ.pri_outK[L]	uI.read_r	u1.u0.pri_out0[1]$_DFF_P_/Q	u2.read_r$_DFF_P_/D
118	0.2836	uI.uJ.state[K]	uI.write_r	u1.u2.state[2]$_SDFFE_PN0P_/Q	u2.write_r$_DFF_P_/D
119	0.2854	uI.uJ.state[K]	uI.ack_o[J]	u1.u2.state[1]$_SDFFE_PN0P_/Q	u1.ack_o[13]$_DFF_P_/D
120	0.2920	uI.ch_sel_r[J]	uI.uJ.ch_tot_sz_r[K]	u1.ch_sel_r[1]$_SDFFE_PN0P_/Q	u0.u14.ch_tot_sz_r[10]$_DFFE_PP_/D
121	0.2940	uI.ch_sel_r[J]	uI.chunk_J	u1.ch_sel_r[1]$_SDFFE_PN0P_/Q	u2.chunk_0$_DFF_P_/D
122	0.2956	uI.uJ.pri_outK[L]	uI.ch_sel_r[J]	u1.u0.pri_out0[1]$_DFF_P_/Q	u1.ch_sel_r[1]$_SDFFE_PN0P_/D
123	0.2964	uI.ch_sel_r[J]	uI.uJ.mast_stb	u1.ch_sel_r[1]$_SDFFE_PN0P_/Q	u4.u0.mast_stb$_DFF_P_/D
124	0.2989	wbI_ack_i	uI.uJ.mast_stb	wb0_ack_i	u4.u0.mast_stb$_DFF_P_/D
125	0.2993	uI.uJ.pri_outK[L]	uI.uJ.ch_rl	u1.u0.pri_out0[1]$_DFF_P_/Q	u0.u2.ch_rl$_DFF_P_/D
126	0.2998	uI.uJ.state[K]	uI.uJ.mast_cyc	u1.u2.state[2]$_SDFFE_PN0P_/Q	u3.u0.mast_cyc$_DFF_P_/D
127	0.3009	uI.uJ.state[K]	uI.read_r	u1.u2.state[2]$_SDFFE_PN0P_/Q	u2.read_r$_DFF_P_/D
128	0.3025	uI.ch_sel_r[J]	uI.uJ.pointer_sr[K]	u1.ch_sel_r[0]$_SDFFE_PN0P_/Q	u0.u5.pointer_sr[10]$_DFFE_PP_/D
129	0.3025	uI.ch_sel_r[J]	uI.tsz_cnt[J]	u1.ch_sel_r[1]$_SDFFE_PN0P_/Q	u2.tsz_cnt[3]$_DFFE_PP_/D
130	0.3037	uI.ch_sel_r[J]	uI.state[J]	u1.ch_sel_r[1]$_SDFFE_PN0P_/Q	u2.state[10]$_DFF_P_/D
131	0.3057	uI.ch_sel_r[J]	uI.uJ.ch_adrK_s[L]	u1.ch_sel_r[1]$_SDFFE_PN0P_/Q	u0.u10.ch_adr0_s[29]$_DFFE_PP_/D
132	0.3074	uI.uJ.state[K]	uI.uJ.ch_rl	u1.u2.state[1]$_SDFFE_PN0P_/Q	u0.u2.ch_rl$_DFF_P_/D
133	0.3077	wbI_ack_i	uI.uJ.mast_we_r	wb0_ack_i	u3.u0.mast_we_r$_DFF_P_/D
134	0.3104	uI.ch_sel_r[J]	uI.uJ.int_src_r[K]	u1.ch_sel_r[1]$_SDFFE_PN0P_/Q	u0.u14.int_src_r[1]$_SDFFE_PN0P_/D
135	0.3138	wbI_ack_i	uI.state[J]	wb0_ack_i	u2.state[10]$_DFF_P_/D
136	0.3189	uI.ch_sel_r[J]	uI.uJ.ch_done	u1.ch_sel_r[1]$_SDFFE_PN0P_/Q	u0.u14.ch_done$_SDFFE_PN0P_/D
137	0.3233	uI.state[J]	uI.tsz_cnt_is_J_r	u2.state[7]$_DFF_P_/Q	u2.tsz_cnt_is_0_r$_DFF_P_/D
138	0.3240	uI.ch_sel_r[J]	uI.uJ.ch_eol	u1.ch_sel_r[1]$_SDFFE_PN0P_/Q	u0.u14.ch_eol$_SDFFE_PN0P_/D
139	0.3254	uI.uJ.state[K]	uI.ch_sel_r[J]	u1.u1.state[2]$_SDFFE_PN0P_/Q	u1.ch_sel_r[1]$_SDFFE_PN0P_/D
140	0.3263	uI.uJ.pri_outK[L]	uI.next_start	u1.u0.pri_out0[1]$_DFF_P_/Q	u1.next_start$_DFF_P_/D
141	0.3272	uI.uJ.pri_outK[L]	uI.next_ch	u1.u0.pri_out0[1]$_DFF_P_/Q	u2.next_ch$_DFF_P_/D
142	0.3273	uI.ch_sel_r[J]	uI.uJ.ch_adrK_r[L]	u1.ch_sel_r[1]$_SDFFE_PN0P_/Q	u0.u9.ch_adr1_r[19]$_DFFE_PP_/D
143	0.3277	uI.uJ.slv_adr[K]	uI.uJ.ch_amK_r[L]	u3.u1.slv_adr[9]$_DFF_P_/Q	u0.u5.ch_am0_r[11]$_SDFFE_PN1P_/D
144	0.3286	uI.ch_sel_r[J]	uI.uJ.ptr_valid	u1.ch_sel_r[0]$_SDFFE_PN0P_/Q	u0.u5.ptr_valid$_SDFFE_PN0P_/D
145	0.3287	uI.uJ.slv_adr[K]	uI.uJ.pointer_r[K]	u3.u1.slv_adr[9]$_DFF_P_/Q	u0.u14.pointer_r[10]$_DFFE_PP_/D
146	0.3297	uI.uJ.ch_csr_r[K]	uI.mastJ_adr[K]	u0.u6.ch_csr_r[7]$_SDFFE_PN0P_/Q	u2.mast0_adr[10]$_DFF_P_/D
147	0.3318	wbI_ack_i	uI.chunk_dec	wb0_ack_i	u2.chunk_dec$_DFF_P_/D
148	0.3324	uI.ch_sel_r[J]	uI.uJ.pointer_r[K]	u1.ch_sel_r[1]$_SDFFE_PN0P_/Q	u0.u9.pointer_r[12]$_DFFE_PP_/D
149	0.3337	uI.ch_sel_r[J]	uI.chunk_cnt[J]	u1.ch_sel_r[3]$_SDFFE_PN0P_/Q	u2.chunk_cnt[8]$_DFFE_PP_/D
150	0.3344	uI.uJ.slv_adr[K]	uI.uJ.ch_chk_sz_r[K]	u3.u1.slv_adr[9]$_DFF_P_/Q	u0.u14.ch_chk_sz_r[0]$_DFFE_PP_/D
151	0.3353	uI.uJ.slv_adr[K]	uI.uJ.ch_txsz_s[K]	u3.u1.slv_adr[9]$_DFF_P_/Q	u0.u6.ch_txsz_s[10]$_DFFE_PP_/D
152	0.3353	uI.uJ.state[K]	uI.next_ch	u1.u2.state[1]$_SDFFE_PN0P_/Q	u2.next_ch$_DFF_P_/D
153	0.3371	wbI_ack_i	uI.uJ.mast_cyc	wb0_ack_i	u3.u0.mast_cyc$_DFF_P_/D
154	0.3426	uI.uJ.mast_dout[K]	wbIs_data_o[J]	u3.u0.mast_dout[4]$_DFFE_PP_/Q	wb0s_data_o[4]
155	0.3438	uI.uJ.state[K]	uI.next_start	u1.u1.state[2]$_SDFFE_PN0P_/Q	u1.next_start$_DFF_P_/D
156	0.3443	uI.ch_sel_r[J]	uI.uJ.mast_we_r	u1.ch_sel_r[3]$_SDFFE_PN0P_/Q	u3.u0.mast_we_r$_DFF_P_/D
157	0.3448	uI.mJ_we_r	wbIs_data_o[J]	u2.m0_we_r$_DFF_P_/Q	wb0s_data_o[10]
158	0.3455	uI.uJ.pri_outK[L]	uI.write_hold_r	u1.u0.pri_out0[1]$_DFF_P_/Q	u2.write_hold_r$_DFF_P_/D
159	0.3481	uI.uJ.slv_adr[K]	_I_	u3.u1.slv_adr[2]$_DFF_P_/Q	_57690_/D
160	0.3502	uI.uJ.pri_outK[L]	uI.mJ_we_r	u1.u0.pri_out0[1]$_DFF_P_/Q	u2.m0_we_r$_DFF_P_/D
161	0.3556	uI.uJ.pri_outK[L]	uI.de_start_r	u1.u0.pri_out0[1]$_DFF_P_/Q	u1.de_start_r$_DFF_P_/D
162	0.3569	uI.uJ.slv_adr[K]	uI.uJ.ch_tot_sz_r[K]	u3.u1.slv_adr[9]$_DFF_P_/Q	u0.u6.ch_tot_sz_r[4]$_DFFE_PP_/D
163	0.3584	uI.ch_sel_r[J]	uI.read_r	u1.ch_sel_r[1]$_SDFFE_PN0P_/Q	u2.read_r$_DFF_P_/D
164	0.3600	wbI_ack_i	uI.uJ.mast_dout[K]	wb0_ack_i	u3.u0.mast_dout[16]$_DFFE_PP_/D
165	0.3609	wbI_ack_i	uI.read_r	wb0_ack_i	u2.read_r$_DFF_P_/D
166	0.3622	uI.ch_sel_r[J]	uI.uJ.ch_rl	u1.ch_sel_r[3]$_SDFFE_PN0P_/Q	u0.u2.ch_rl$_DFF_P_/D
167	0.3629	uI.tsz_cnt[J]	uI.mastJ_adr[K]	u2.tsz_cnt[6]$_DFFE_PP_/Q	u2.mast0_adr[10]$_DFF_P_/D
168	0.3630	uI.uJ.state[K]	uI.write_hold_r	u1.u2.state[2]$_SDFFE_PN0P_/Q	u2.write_hold_r$_DFF_P_/D
169	0.3632	wbI_ack_i	uI.write_r	wb1_ack_i	u2.write_r$_DFF_P_/D
170	0.3642	uI.ch_sel_r[J]	uI.next_start	u1.ch_sel_r[3]$_SDFFE_PN0P_/Q	u1.next_start$_DFF_P_/D
171	0.3661	uI.uJ.ch_csr_r[K]	uI.uJ.mast_we_r	u0.u6.ch_csr_r[7]$_SDFFE_PN0P_/Q	u3.u0.mast_we_r$_DFF_P_/D
172	0.3671	uI.ch_sel_r[J]	uI.write_r	u1.ch_sel_r[1]$_SDFFE_PN0P_/Q	u2.write_r$_DFF_P_/D
173	0.3685	uI.uJ.state[K]	uI.mJ_we_r	u1.u2.state[2]$_SDFFE_PN0P_/Q	u2.m0_we_r$_DFF_P_/D
174	0.3731	uI.uJ.state[K]	uI.de_start_r	u1.u1.state[2]$_SDFFE_PN0P_/Q	u1.de_start_r$_DFF_P_/D
175	0.3737	uI.ch_sel_r[J]	uI.uJ.mast_cyc	u1.ch_sel_r[3]$_SDFFE_PN0P_/Q	u3.u0.mast_cyc$_DFF_P_/D
176	0.3790	uI.uJ.slv_adr[K]	uI.uJ.ch_adrK_r[L]	u3.u1.slv_adr[3]$_DFF_P_/Q	u0.u8.ch_adr1_r[0]$_DFFE_PP_/D
177	0.3790	uI.uJ.slv_adr[K]	uI.uJ.ch_adrK_s[L]	u3.u1.slv_adr[3]$_DFF_P_/Q	u0.u8.ch_adr1_s[0]$_DFFE_PP_/D
178	0.3815	uI.uJ.slv_adr[K]	uI.uJ.sw_pointer_r[K]	u3.u1.slv_adr[9]$_DFF_P_/Q	u0.u14.sw_pointer_r[26]$_SDFFE_PN0P_/D
179	0.3832	uI.uJ.pri_outK[L]	uI.uJ.ch_busy	u1.u0.pri_out0[1]$_DFF_P_/Q	u0.u12.ch_busy$_DFF_P_/D
180	0.3872	uI.ch_sel_r[J]	uI.ack_o[J]	u1.ch_sel_r[3]$_SDFFE_PN0P_/Q	u1.ack_o[13]$_DFF_P_/D
181	0.3893	uI.uJ.state[K]	uI.uJ.state[K]	u1.u2.state[3]$_SDFFE_PN0P_/Q	u1.u2.state[0]$_SDFFE_PN0P_/D
182	0.3913	uI.uJ.ch_csr_r[K]	uI.uJ.mast_stb	u0.u6.ch_csr_r[7]$_SDFFE_PN0P_/Q	u3.u0.mast_stb$_DFF_P_/D
183	0.3934	uI.ch_sel_r[J]	uI.de_start_r	u1.ch_sel_r[3]$_SDFFE_PN0P_/Q	u1.de_start_r$_DFF_P_/D
184	0.3955	uI.uJ.ch_csr_r[K]	uI.uJ.mast_cyc	u0.u6.ch_csr_r[7]$_SDFFE_PN0P_/Q	u3.u0.mast_cyc$_DFF_P_/D
185	0.3984	uI.tsz_cnt[J]	uI.uJ.int_src_r[K]	u2.tsz_cnt[6]$_DFFE_PP_/Q	u0.u2.int_src_r[2]$_SDFFE_PN0P_/D
186	0.3985	wbI_ack_i	uI.write_hold_r	wb1_ack_i	u2.write_hold_r$_DFF_P_/D
187	0.4028	uI.tsz_cnt[J]	uI.ack_o[J]	u2.tsz_cnt[6]$_DFFE_PP_/Q	u1.ack_o[13]$_DFF_P_/D
188	0.4042	uI.uJ.slv_adr[K]	uI.uJ.ch_csr_r[K]	u3.u1.slv_adr[5]$_DFF_P_/Q	u0.u13.ch_csr_r[1]$_SDFFE_PN0P_/D
189	0.4065	uI.uJ.state[K]	uI.uJ.ch_busy	u1.u1.state[0]$_SDFFE_PN0P_/Q	u0.u12.ch_busy$_DFF_P_/D
190	0.4068	uI.uJ.slv_adr[K]	uI.uJ.ch_csr_rK[L]	u3.u1.slv_adr[6]$_DFF_P_/Q	u0.u7.ch_csr_r2[0]$_SDFFE_PN0P_/D
191	0.4068	uI.uJ.slv_adr[K]	uI.uJ.rest_en	u3.u1.slv_adr[6]$_DFF_P_/Q	u0.u7.rest_en$_SDFFE_PN0P_/D
192	0.4070	wbI_addr_i[J]	uI.uJ.slv_re	wb0_addr_i[28]	u3.u1.slv_re$_DFF_P_/D
193	0.4073	uI.ch_sel_r[J]	uI.ch_sel_r[J]	u1.ch_sel_r[3]$_SDFFE_PN0P_/Q	u1.ch_sel_r[1]$_SDFFE_PN0P_/D
194	0.4078	uI.uJ.slv_adr[K]	uI.wb_rf_dout[J]	u3.u1.slv_adr[9]$_DFF_P_/Q	u0.wb_rf_dout[0]$_DFFE_PP_/D
195	0.4101	uI.ndr_r[J]	uI.mastJ_adr[K]	u1.ndr_r[13]$_DFF_P_/Q	u2.mast0_adr[10]$_DFF_P_/D
196	0.4111	uI.uJ.pri_outK[L]	uI.uJ.ch_err	u1.u0.pri_out0[1]$_DFF_P_/Q	u0.u1.ch_err$_SDFFE_PN0P_/D
197	0.4173	uI.tsz_cnt[J]	wbIs_data_o[J]	u2.tsz_cnt[7]$_DFFE_PP_/Q	wb0s_data_o[7]
198	0.4216	uI.ch_sel_r[J]	uI.write_hold_r	u1.ch_sel_r[1]$_SDFFE_PN0P_/Q	u2.write_hold_r$_DFF_P_/D
199	0.4221	uI.uJ.slv_adr[K]	uI.uJ.ch_sz_inf	u3.u1.slv_adr[3]$_DFF_P_/Q	u0.u10.ch_sz_inf$_DFFE_PP_/D
200	0.4245	uI.dma_abort_r	uI.mastJ_adr[K]	u2.dma_abort_r$_DFF_P_/Q	u2.mast0_adr[10]$_DFF_P_/D
201	0.4264	uI.uJ.pri_outK[L]	uI.tsz_cnt_is_J_r	u1.u0.pri_out0[1]$_DFF_P_/Q	u2.tsz_cnt_is_0_r$_DFF_P_/D
202	0.4273	uI.ch_sel_r[J]	uI.mJ_we_r	u1.ch_sel_r[3]$_SDFFE_PN0P_/Q	u2.m0_we_r$_DFF_P_/D
203	0.4309	uI.uJ.slv_adr[K]	uI.uJ.ch_done	u3.u1.slv_adr[5]$_DFF_P_/Q	u0.u13.ch_done$_SDFFE_PN0P_/D
204	0.4339	uI.ch_sel_r[J]	uI.uJ.ch_busy	u1.ch_sel_r[1]$_SDFFE_PN0P_/Q	u0.u12.ch_busy$_DFF_P_/D
205	0.4343	uI.tsz_cnt[J]	uI.uJ.mast_stb	u2.tsz_cnt[6]$_DFFE_PP_/Q	u4.u0.mast_stb$_DFF_P_/D
206	0.4345	uI.uJ.state[K]	uI.tsz_cnt_is_J_r	u1.u2.state[1]$_SDFFE_PN0P_/Q	u2.tsz_cnt_is_0_r$_DFF_P_/D
207	0.4362	uI.uJ.state[K]	uI.uJ.ch_err	u1.u1.state[3]$_SDFFE_PN0P_/Q	u0.u1.ch_err$_SDFFE_PN0P_/D
208	0.4371	uI.ch_sel_r[J]	uI.next_ch	u1.ch_sel_r[3]$_SDFFE_PN0P_/Q	u2.next_ch$_DFF_P_/D
209	0.4380	uI.tsz_cnt[J]	uI.state[J]	u2.tsz_cnt[6]$_DFFE_PP_/Q	u2.state[10]$_DFF_P_/D
210	0.4382	uI.tsz_cnt[J]	uI.chunk_dec	u2.tsz_cnt[6]$_DFFE_PP_/Q	u2.chunk_dec$_DFF_P_/D
211	0.4384	wbI_addr_i[J]	uI.uJ.slv_we	wb0_addr_i[28]	u3.u1.slv_we$_DFF_P_/D
212	0.4437	uI.uJ.slv_adr[K]	uI.uJ.int_src_r[K]	u3.u1.slv_adr[3]$_DFF_P_/Q	u0.u14.int_src_r[0]$_SDFFE_PN0P_/D
213	0.4457	uI.uJ.ch_csr_r[K]	uI.adrJ_cnt[K]	u0.u7.ch_csr_r[5]$_SDFFE_PN0P_/Q	u2.adr0_cnt[7]$_DFFE_PP_/D
214	0.4457	uI.uJ.ch_csr_r[K]	uI.tsz_cnt[J]	u0.u7.ch_csr_r[5]$_SDFFE_PN0P_/Q	u2.tsz_cnt[10]$_DFFE_PP_/D
215	0.4520	uI.req_r[J]	uI.adrJ_cnt[K]	u1.req_r[3]$_DFF_P_/Q	u2.adr0_cnt[7]$_DFFE_PP_/D
216	0.4520	uI.req_r[J]	uI.tsz_cnt[J]	u1.req_r[3]$_DFF_P_/Q	u2.tsz_cnt[10]$_DFFE_PP_/D
217	0.4526	uI.tsz_cnt[J]	uI.next_ch	u2.tsz_cnt[6]$_DFFE_PP_/Q	u2.next_ch$_DFF_P_/D
218	0.4549	uI.uJ.ch_sz_inf	uI.mastJ_adr[K]	u0.u7.ch_sz_inf$_DFFE_PP_/Q	u2.mast0_adr[10]$_DFF_P_/D
219	0.4560	uI.ndr_r[J]	uI.uJ.mast_we_r	u1.ndr_r[13]$_DFF_P_/Q	u3.u0.mast_we_r$_DFF_P_/D
220	0.4585	uI.uJ.slv_adr[K]	uI.uJ.ch_stop	u3.u1.slv_adr[5]$_DFF_P_/Q	u0.u13.ch_stop$_DFF_P_/D
221	0.4587	uI.uJ.ch_csr_r[K]	uI.mJ_we_r	u0.u6.ch_csr_r[7]$_SDFFE_PN0P_/Q	u2.m0_we_r$_DFF_P_/D
222	0.4603	wbI_cyc_i	uI.uJ.slv_re	wb0_cyc_i	u3.u1.slv_re$_DFF_P_/D
223	0.4611	uI.tsz_cnt[J]	uI.uJ.mast_cyc	u2.tsz_cnt[6]$_DFFE_PP_/Q	u4.u0.mast_cyc$_DFF_P_/D
224	0.4616	uI.uJ.slv_adr[K]	uI.int_maska_r[J]	u3.u1.slv_adr[5]$_DFF_P_/Q	u0.int_maska_r[26]$_SDFFE_PN0P_/D
225	0.4623	uI.adrJ_cnt[K]	uI.adrJ_cnt[K]	u2.adr0_cnt[19]$_DFFE_PP_/Q	u2.adr0_cnt[29]$_DFFE_PP_/D
226	0.4652	uI.ack_o[J]	uI.adrJ_cnt[K]	u1.ack_o[3]$_DFF_P_/QN	u2.adr0_cnt[7]$_DFFE_PP_/D
227	0.4652	uI.ack_o[J]	uI.tsz_cnt[J]	u1.ack_o[3]$_DFF_P_/QN	u2.tsz_cnt[10]$_DFFE_PP_/D
228	0.4660	uI.tsz_cnt[J]	uI.read_r	u2.tsz_cnt[6]$_DFFE_PP_/Q	u2.read_r$_DFF_P_/D
229	0.4674	uI.uJ.ch_csr_r[K]	uI.chunk_cnt[J]	u0.u7.ch_csr_r[5]$_SDFFE_PN0P_/Q	u2.chunk_cnt[4]$_DFFE_PP_/D
230	0.4690	uI.req_r[J]	uI.uJ.state[K]	u1.req_r[3]$_DFF_P_/Q	u1.u2.state[0]$_SDFFE_PN0P_/D
231	0.4718	uI.uJ.ch_csr_r[K]	uI.uJ.state[K]	u0.u14.ch_csr_r[0]$_SDFFE_PN0P_/Q	u1.u1.state[0]$_SDFFE_PN0P_/D
232	0.4726	uI.uJ.slv_adr[K]	uI.int_maskb_r[J]	u3.u1.slv_adr[5]$_DFF_P_/Q	u0.int_maskb_r[0]$_SDFFE_PN0P_/D
233	0.4737	uI.req_r[J]	uI.chunk_cnt[J]	u1.req_r[3]$_DFF_P_/Q	u2.chunk_cnt[4]$_DFFE_PP_/D
234	0.4748	uI.uJ.ch_csr_r[K]	uI.state[J]	u0.u6.ch_csr_r[7]$_SDFFE_PN0P_/Q	u2.state[2]$_DFF_P_/D
235	0.4783	uI.ch_sel_r[J]	uI.uJ.ch_err	u1.ch_sel_r[0]$_SDFFE_PN0P_/Q	u0.u1.ch_err$_SDFFE_PN0P_/D
236	0.4813	uI.ndr_r[J]	uI.uJ.mast_stb	u1.ndr_r[13]$_DFF_P_/Q	u3.u0.mast_stb$_DFF_P_/D
237	0.4822	uI.ack_o[J]	uI.uJ.state[K]	u1.ack_o[3]$_DFF_P_/QN	u1.u2.state[0]$_SDFFE_PN0P_/D
238	0.4836	uI.uJ.ch_csr_rK[L]	uI.uJ.state[K]	u0.u8.ch_csr_r2[0]$_SDFFE_PN0P_/Q	u1.u2.state[0]$_SDFFE_PN0P_/D
239	0.4855	uI.ndr_r[J]	uI.uJ.mast_cyc	u1.ndr_r[13]$_DFF_P_/Q	u3.u0.mast_cyc$_DFF_P_/D
240	0.4859	uI.dma_abort_r	uI.uJ.mast_stb	u2.dma_abort_r$_DFF_P_/Q	u4.u0.mast_stb$_DFF_P_/D
241	0.4869	uI.ack_o[J]	uI.chunk_cnt[J]	u1.ack_o[3]$_DFF_P_/QN	u2.chunk_cnt[4]$_DFFE_PP_/D
242	0.4896	uI.uJ.slv_adr[K]	uI.uJ.ch_err	u3.u1.slv_adr[9]$_DFF_P_/Q	u0.u1.ch_err$_SDFFE_PN0P_/D
243	0.4906	uI.ndr_r[J]	uI.uJ.ptr_valid	u1.ndr_r[13]$_DFF_P_/Q	u0.u1.ptr_valid$_SDFFE_PN0P_/D
244	0.4917	wbI_cyc_i	uI.uJ.slv_we	wb0_cyc_i	u3.u1.slv_we$_DFF_P_/D
245	0.4935	uI.tsz_cnt[J]	uI.write_hold_r	u2.tsz_cnt[6]$_DFFE_PP_/Q	u2.write_hold_r$_DFF_P_/D
246	0.4958	uI.ndr_r[J]	uI.uJ.ch_eol	u1.ndr_r[13]$_DFF_P_/Q	u0.u4.ch_eol$_SDFFE_PN0P_/D
247	0.5022	wbI_err_i	uI.dma_abort_r	wb1_err_i	u2.dma_abort_r$_DFF_P_/D
248	0.5027	wbI_stb_i	uI.uJ.slv_re	wb0_stb_i	u3.u1.slv_re$_DFF_P_/D
249	0.5053	uI.chunk_cnt[J]	uI.mastJ_adr[K]	u2.chunk_cnt[1]$_DFFE_PP_/QN	u2.mast0_adr[10]$_DFF_P_/D
250	0.5076	uI.uJ.ch_csr_r[K]	uI.ch_sel_r[J]	u0.u7.ch_csr_r[5]$_SDFFE_PN0P_/Q	u1.ch_sel_r[1]$_SDFFE_PN0P_/D
251	0.5109	_I_	wbIm_data_o[J]	_57699_/Q	wb0m_data_o[10]
252	0.5115	uI.ndr_r[J]	uI.uJ.int_src_r[K]	u1.ndr_r[13]$_DFF_P_/Q	u0.u13.int_src_r[1]$_SDFFE_PN0P_/D
253	0.5120	uI.ndr_r[J]	uI.uJ.ch_done	u1.ndr_r[13]$_DFF_P_/Q	u0.u13.ch_done$_SDFFE_PN0P_/D
254	0.5122	uI.wb_rf_dout[J]	wbIm_data_o[J]	u0.wb_rf_dout[0]$_DFFE_PP_/Q	wb0m_data_o[0]
255	0.5138	uI.ndr_r[J]	uI.uJ.ch_csr_r[K]	u1.ndr_r[13]$_DFF_P_/Q	u0.u13.ch_csr_r[0]$_SDFFE_PN0P_/D
256	0.5139	uI.req_r[J]	uI.ch_sel_r[J]	u1.req_r[3]$_DFF_P_/Q	u1.ch_sel_r[1]$_SDFFE_PN0P_/D
257	0.5142	uI.mastJ_adr[K]	wbI_addr_o[J]	u2.mast0_adr[28]$_DFF_P_/Q	wb0_addr_o[28]
258	0.5145	uI.uJ.rf_ack	wbI_ack_o	u3.u1.rf_ack$_DFF_P_/Q	wb0_ack_o
259	0.5145	uI.uJ.mast_stb	wbI_stb_o	u3.u0.mast_stb$_DFF_P_/Q	wb0_stb_o
260	0.5145	uI.uJ.mast_we_r	wbI_we_o	u3.u0.mast_we_r$_DFF_P_/Q	wb0_we_o
261	0.5156	uI.req_r[J]	uI.state[J]	u1.req_r[8]$_DFF_P_/Q	u2.state[10]$_DFF_P_/D
262	0.5162	uI.uJ.ch_sz_inf	uI.uJ.mast_stb	u0.u7.ch_sz_inf$_DFFE_PP_/Q	u4.u0.mast_stb$_DFF_P_/D
263	0.5176	wbI_cyc_i	uI.uJ.rf_ack	wb0_cyc_i	u3.u1.rf_ack$_DFF_P_/D
264	0.5188	uI.dma_abort_r	uI.chunk_dec	u2.dma_abort_r$_DFF_P_/Q	u2.chunk_dec$_DFF_P_/D
265	0.5194	dma_rest_i[I]	uI.uJ.ptr_valid	dma_rest_i[11]	u0.u11.ptr_valid$_SDFFE_PN0P_/D
266	0.5197	uI.ndr_r[J]	uI.uJ.ch_rl	u1.ndr_r[13]$_DFF_P_/Q	u0.u0.ch_rl$_DFF_P_/D
267	0.5213	uI.chunk_cnt[J]	uI.uJ.ptr_valid	u2.chunk_cnt[1]$_DFFE_PP_/QN	u0.u2.ptr_valid$_SDFFE_PN0P_/D
268	0.5234	uI.uJ.ch_csr_r[K]	uI.chunk_dec	u0.u11.ch_csr_r[1]$_SDFFE_PN0P_/Q	u2.chunk_dec$_DFF_P_/D
269	0.5239	uI.mastJ_drdy_r	uI.uJ.ch_txsz_s[K]	u2.mast0_drdy_r$_DFF_P_/Q	u0.u2.ch_txsz_s[10]$_DFFE_PP_/D
270	0.5258	uI.uJ.ch_chk_sz_r[K]	uI.chunk_J	u0.u3.ch_chk_sz_r[7]$_DFFE_PP_/Q	u2.chunk_0$_DFF_P_/D
271	0.5271	uI.ack_o[J]	uI.ch_sel_r[J]	u1.ack_o[3]$_DFF_P_/QN	u1.ch_sel_r[1]$_SDFFE_PN0P_/D
272	0.5276	uI.uJ.mast_cyc	wbI_cyc_o	u3.u0.mast_cyc$_DFF_P_/Q	wb0_cyc_o
273	0.5311	uI.tsz_cnt[J]	uI.tsz_cnt[J]	u2.tsz_cnt[2]$_DFFE_PP_/Q	u2.tsz_cnt[11]$_DFFE_PP_/D
274	0.5341	wbI_stb_i	uI.uJ.slv_we	wb0_stb_i	u3.u1.slv_we$_DFF_P_/D
275	0.5359	uI.ack_o[J]	uI.state[J]	u1.ack_o[8]$_DFF_P_/QN	u2.state[10]$_DFF_P_/D
276	0.5363	uI.ch_sel_r[J]	uI.tsz_cnt_is_J_r	u1.ch_sel_r[3]$_SDFFE_PN0P_/Q	u2.tsz_cnt_is_0_r$_DFF_P_/D
277	0.5364	uI.chunk_cnt[J]	uI.uJ.ch_rl	u2.chunk_cnt[1]$_DFFE_PP_/QN	u0.u2.ch_rl$_DFF_P_/D
278	0.5369	uI.uJ.slv_we	uI.uJ.pointer_r[K]	u3.u1.slv_we$_DFF_P_/Q	u0.u1.pointer_r[10]$_DFFE_PP_/D
279	0.5379	uI.mastJ_drdy_r	uI.uJ.ch_tot_sz_r[K]	u2.mast0_drdy_r$_DFF_P_/Q	u0.u14.ch_tot_sz_r[9]$_DFFE_PP_/D
280	0.5390	uI.ndr_r[J]	uI.mJ_we_r	u1.ndr_r[13]$_DFF_P_/Q	u2.m0_we_r$_DFF_P_/D
281	0.5403	uI.uJ.ch_csr_r[K]	uI.write_r	u0.u11.ch_csr_r[2]$_SDFFE_PN0P_/Q	u2.write_r$_DFF_P_/D
282	0.5420	uI.chunk_cnt[J]	uI.uJ.ch_done	u2.chunk_cnt[1]$_DFFE_PP_/QN	u0.u13.ch_done$_SDFFE_PN0P_/D
283	0.5425	uI.uJ.slv_we	uI.uJ.ch_amK_r[L]	u3.u1.slv_we$_DFF_P_/Q	u0.u0.ch_am0_r[10]$_SDFFE_PN1P_/D
284	0.5427	uI.uJ.ch_amK_r[L]	_I_	u0.u13.ch_am0_r[21]$_SDFFE_PN1P_/Q	_57714_/D
285	0.5432	uI.mastJ_drdy_r	uI.uJ.ch_chk_sz_r[K]	u2.mast0_drdy_r$_DFF_P_/Q	u0.u14.ch_chk_sz_r[0]$_DFFE_PP_/D
286	0.5460	uI.uJ.int_src_r[K]	_I_	u0.u9.int_src_r[2]$_SDFFE_PN0P_/Q	_57698_/D
287	0.5466	uI.chunk_cnt[J]	uI.uJ.int_src_r[K]	u2.chunk_cnt[1]$_DFFE_PP_/QN	u0.u13.int_src_r[1]$_SDFFE_PN0P_/D
288	0.5479	uI.dma_abort_r	uI.read_r	u2.dma_abort_r$_DFF_P_/Q	u2.read_r$_DFF_P_/D
289	0.5491	uI.uJ.ch_sz_inf	uI.chunk_dec	u0.u7.ch_sz_inf$_DFFE_PP_/Q	u2.chunk_dec$_DFF_P_/D
290	0.5501	wbIs_data_i[J]	uI.uJ.mast_dout[K]	wb0s_data_i[16]	u3.u0.mast_dout[16]$_DFFE_PP_/D
291	0.5518	uI.tsz_cnt[J]	uI.tsz_cnt_is_J_r	u2.tsz_cnt[6]$_DFFE_PP_/Q	u2.tsz_cnt_is_0_r$_DFF_P_/D
292	0.5520	uI.uJ.ch_csr_rK[L]	_I_	u0.u9.ch_csr_r3[2]$_SDFFE_PN0P_/Q	_57698_/D
293	0.5525	uI.uJ.ch_csr_r[K]	uI.read_r	u0.u11.ch_csr_r[1]$_SDFFE_PN0P_/Q	u2.read_r$_DFF_P_/D
294	0.5561	uI.uJ.ch_chk_sz_r[K]	_I_	u0.u8.ch_chk_sz_r[9]$_DFFE_PP_/Q	_57714_/D
295	0.5566	uI.uJ.ch_sz_inf	uI.uJ.int_src_r[K]	u0.u11.ch_sz_inf$_DFFE_PP_/Q	u0.u2.int_src_r[2]$_SDFFE_PN0P_/D
296	0.5570	uI.uJ.pointer_r[K]	_I_	u0.u3.pointer_r[2]$_DFFE_PP_/Q	_57695_/D
297	0.5572	uI.chunk_cnt[J]	uI.uJ.ch_csr_r[K]	u2.chunk_cnt[1]$_DFFE_PP_/QN	u0.u13.ch_csr_r[0]$_SDFFE_PN0P_/D
298	0.5572	uI.chunk_cnt[J]	uI.uJ.ch_eol	u2.chunk_cnt[1]$_DFFE_PP_/QN	u0.u13.ch_eol$_SDFFE_PN0P_/D
299	0.5572	uI.uJ.ch_adrK_r[L]	_I_	u0.u7.ch_adr1_r[4]$_DFFE_PP_/Q	_57695_/D
300	0.5600	wbI_stb_i	uI.uJ.rf_ack	wb0_stb_i	u3.u1.rf_ack$_DFF_P_/D
301	0.5610	uI.uJ.ch_sz_inf	uI.ack_o[J]	u0.u11.ch_sz_inf$_DFFE_PP_/Q	u1.ack_o[13]$_DFF_P_/D
302	0.5614	uI.ack_o[J]	dma_ack_o[I]	u1.ack_o[0]$_DFF_P_/Q	dma_ack_o[0]
303	0.5614	uI.inta_o	inta_o	u0.inta_o$_DFF_P_/Q	inta_o
304	0.5614	uI.intb_o	intb_o	u0.intb_o$_DFF_P_/Q	intb_o
305	0.5646	wbI_we_i	uI.uJ.slv_re	wb0_we_i	u3.u1.slv_re$_DFF_P_/D
306	0.5648	uI.ndr_r[J]	uI.state[J]	u1.ndr_r[13]$_DFF_P_/Q	u2.state[2]$_DFF_P_/D
307	0.5687	dma_rest_i[I]	uI.uJ.ch_rl	dma_rest_i[11]	u0.u11.ch_rl$_DFF_P_/D
308	0.5749	uI.uJ.sw_pointer_r[K]	_I_	u0.u7.sw_pointer_r[4]$_SDFFE_PN0P_/Q	_57695_/D
309	0.5758	uI.mastJ_drdy_r	uI.uJ.ch_adrK_s[L]	u2.mast0_drdy_r$_DFF_P_/Q	u0.u2.ch_adr0_s[29]$_DFFE_PP_/D
310	0.5760	wbI_we_i	uI.uJ.slv_we	wb0_we_i	u3.u1.slv_we$_DFF_P_/D
311	0.5767	uI.chunk_cnt[J]	uI.uJ.mast_stb	u2.chunk_cnt[1]$_DFFE_PP_/QN	u4.u0.mast_stb$_DFF_P_/D
312	0.5771	uI.uJ.slv_we	uI.uJ.ch_tot_sz_r[K]	u3.u1.slv_we$_DFF_P_/Q	u0.u11.ch_tot_sz_r[10]$_DFFE_PP_/D
313	0.5771	uI.uJ.slv_we	uI.uJ.ch_txsz_s[K]	u3.u1.slv_we$_DFF_P_/Q	u0.u11.ch_txsz_s[10]$_DFFE_PP_/D
314	0.5782	uI.uJ.ch_sz_inf	uI.read_r	u0.u7.ch_sz_inf$_DFFE_PP_/Q	u2.read_r$_DFF_P_/D
315	0.5788	dma_nd_i[I]	uI.ndr_r[J]	dma_nd_i[0]	u1.ndr_r[0]$_DFF_P_/D
316	0.5806	uI.chunk_cnt[J]	uI.chunk_dec	u2.chunk_cnt[1]$_DFFE_PP_/QN	u2.chunk_dec$_DFF_P_/D
317	0.5809	uI.uJ.out_r[K]	uI.adrJ_cnt[K]	u2.u1.out_r[16]$_DFF_P_/Q	u2.adr1_cnt[26]$_DFFE_PP_/D
318	0.5810	dma_req_i[I]	uI.req_r[J]	dma_req_i[10]	u1.req_r[10]$_DFF_P_/D
319	0.5810	dma_req_i[I]	uI.ndr_r[J]	dma_req_i[0]	u1.ndr_r[0]$_DFF_P_/D
320	0.5834	dma_nd_i[I]	uI.ndnr[J]	dma_nd_i[0]	u1.ndnr[0]$_DFF_P_/D
321	0.5844	uI.uJ.slv_we	uI.uJ.ch_chk_sz_r[K]	u3.u1.slv_we$_DFF_P_/Q	u0.u14.ch_chk_sz_r[0]$_DFFE_PP_/D
322	0.5852	uI.uJ.slv_we	uI.uJ.sw_pointer_r[K]	u3.u1.slv_we$_DFF_P_/Q	u0.u12.sw_pointer_r[10]$_SDFFE_PN0P_/D
323	0.5891	uI.adrJ_cnt[K]	uI.uJ.out_r[K]	u2.adr1_cnt[2]$_DFFE_PP_/Q	u2.u1.out_r[15]$_DFF_P_/D
324	0.5927	dma_req_i[I]	uI.ndnr[J]	dma_req_i[0]	u1.ndnr[0]$_DFF_P_/D
325	0.5939	uI.uJ.int_src_r[K]	uI.wb_rf_dout[J]	u0.u0.int_src_r[1]$_SDFFE_PN0P_/Q	u0.wb_rf_dout[0]$_DFFE_PP_/D
326	0.5962	uI.uJ.ch_sz_inf	uI.state[J]	u0.u11.ch_sz_inf$_DFFE_PP_/Q	u2.state[10]$_DFF_P_/D
327	0.5966	uI.mastJ_drdy_r	uI.uJ.ch_adrK_r[L]	u2.mast0_drdy_r$_DFF_P_/Q	u0.u5.ch_adr1_r[0]$_DFFE_PP_/D
328	0.5997	uI.uJ.ch_csr_rK[L]	uI.wb_rf_dout[J]	u0.u0.ch_csr_r3[1]$_SDFFE_PN0P_/Q	u0.wb_rf_dout[0]$_DFFE_PP_/D
329	0.6001	uI.chunk_cnt[J]	uI.chunk_cnt[J]	u2.chunk_cnt[1]$_DFFE_PP_/QN	u2.chunk_cnt[8]$_DFFE_PP_/D
330	0.6002	uI.uJ.int_src_r[K]	uI.state[J]	u0.u11.int_src_r[0]$_SDFFE_PN0P_/Q	u2.state[10]$_DFF_P_/D
331	0.6010	uI.uJ.ch_tot_sz_r[K]	_I_	u0.u8.ch_tot_sz_r[6]$_DFFE_PP_/Q	_57695_/D
332	0.6016	uI.uJ.slv_adr[K]	uI.csr_r[J]	u3.u1.slv_adr[5]$_DFF_P_/Q	u0.csr_r[0]$_SDFFE_PN0P_/D
333	0.6041	uI.uJ.slv_we	uI.uJ.ch_adrK_r[L]	u3.u1.slv_we$_DFF_P_/Q	u0.u5.ch_adr0_r[0]$_DFFE_PP_/D
334	0.6056	uI.uJ.ch_err	uI.wb_rf_dout[J]	u0.u0.ch_err$_SDFFE_PN0P_/Q	u0.wb_rf_dout[0]$_DFFE_PP_/D
335	0.6058	uI.uJ.ch_sz_inf	uI.uJ.mast_cyc	u0.u7.ch_sz_inf$_DFFE_PP_/Q	u3.u0.mast_cyc$_DFF_P_/D
336	0.6062	wbI_ack_i	uI.mastJ_drdy_r	wb0_ack_i	u2.mast0_drdy_r$_DFF_P_/D
337	0.6062	wbI_addr_i[J]	uI.uJ.slv_adr[K]	wb0_addr_i[2]	u3.u1.slv_adr[2]$_DFF_P_/D
338	0.6062	wbIm_data_i[J]	uI.uJ.slv_dout[K]	wb0m_data_i[0]	u3.u1.slv_dout[0]$_DFF_P_/D
339	0.6084	uI.chunk_cnt[J]	uI.read_r	u2.chunk_cnt[1]$_DFFE_PP_/QN	u2.read_r$_DFF_P_/D
340	0.6087	uI.uJ.slv_we	uI.csr_r[J]	u3.u1.slv_we$_DFF_P_/Q	u0.csr_r[0]$_SDFFE_PN0P_/D
341	0.6108	uI.uJ.ch_sz_inf	uI.next_ch	u0.u11.ch_sz_inf$_DFFE_PP_/Q	u2.next_ch$_DFF_P_/D
342	0.6115	uI.mastJ_drdy_r	uI.uJ.ch_csr_r[K]	u2.mast0_drdy_r$_DFF_P_/Q	u0.u4.ch_csr_r[2]$_SDFFE_PN0P_/D
343	0.6120	uI.uJ.ch_csr_r[K]	uI.write_hold_r	u0.u11.ch_csr_r[1]$_SDFFE_PN0P_/Q	u2.write_hold_r$_DFF_P_/D
344	0.6121	uI.chunk_J	uI.mastJ_adr[K]	u2.chunk_0$_DFF_P_/Q	u2.mast0_adr[10]$_DFF_P_/D
345	0.6129	uI.int_maska_r[J]	_I_	u0.int_maska_r[9]$_SDFFE_PN0P_/Q	_57698_/D
346	0.6148	uI.chunk_cnt[J]	uI.ack_o[J]	u2.chunk_cnt[1]$_DFFE_PP_/QN	u1.ack_o[13]$_DFF_P_/D
347	0.6167	uI.uJ.slv_we	uI.uJ.ch_adrK_s[L]	u3.u1.slv_we$_DFF_P_/Q	u0.u3.ch_adr0_s[29]$_DFFE_PP_/D
348	0.6168	uI.uJ.slv_we	uI.uJ.ch_csr_r[K]	u3.u1.slv_we$_DFF_P_/Q	u0.u13.ch_csr_r[1]$_SDFFE_PN0P_/D
349	0.6169	uI.uJ.ch_amK_r[L]	uI.adrJ_cnt[K]	u0.u15.ch_am1_r[23]$_SDFFE_PN1P_/Q	u2.adr1_cnt[25]$_DFFE_PP_/D
350	0.6186	uI.uJ.slv_we	uI.uJ.ch_csr_rK[L]	u3.u1.slv_we$_DFF_P_/Q	u0.u0.ch_csr_r2[0]$_SDFFE_PN0P_/D
351	0.6186	uI.uJ.slv_we	uI.uJ.rest_en	u3.u1.slv_we$_DFF_P_/Q	u0.u0.rest_en$_SDFFE_PN0P_/D
352	0.6197	uI.uJ.ch_rl	uI.uJ.ch_adrK_r[L]	u0.u5.ch_rl$_DFF_P_/Q	u0.u5.ch_adr0_r[18]$_DFFE_PP_/D
353	0.6211	uI.uJ.pointer_sr[K]	uI.mastJ_adr[K]	u0.u2.pointer_sr[27]$_DFFE_PP_/Q	u2.mast0_adr[31]$_DFF_P_/D
354	0.6211	uI.uJ.ch_chk_sz_r[K]	uI.chunk_cnt[J]	u0.u3.ch_chk_sz_r[7]$_DFFE_PP_/Q	u2.chunk_cnt[7]$_DFFE_PP_/D
355	0.6212	uI.chunk_cnt[J]	uI.uJ.mast_cyc	u2.chunk_cnt[1]$_DFFE_PP_/QN	u3.u0.mast_cyc$_DFF_P_/D
356	0.6274	uI.uJ.ch_adrK_r[L]	uI.adrJ_cnt[K]	u0.u3.ch_adr1_r[25]$_DFFE_PP_/Q	u2.adr1_cnt[25]$_DFFE_PP_/D
357	0.6296	uI.uJ.int_src_r[K]	uI.inta_o	u0.u12.int_src_r[1]$_SDFFE_PN0P_/Q	u0.inta_o$_DFF_P_/D
358	0.6307	uI.uJ.slv_we	uI.uJ.ch_sz_inf	u3.u1.slv_we$_DFF_P_/Q	u0.u11.ch_sz_inf$_DFFE_PP_/D
359	0.6322	uI.uJ.ch_csr_rK[L]	uI.inta_o	u0.u6.ch_csr_r3[1]$_SDFFE_PN0P_/Q	u0.inta_o$_DFF_P_/D
360	0.6326	uI.uJ.ch_err	_I_	u0.u0.ch_err$_SDFFE_PN0P_/Q	_57701_/D
361	0.6334	uI.uJ.ch_csr_r[K]	uI.next_start	u0.u7.ch_csr_r[5]$_SDFFE_PN0P_/Q	u1.next_start$_DFF_P_/D
362	0.6343	uI.uJ.mast_dout[K]	uI.uJ.ch_txsz_s[K]	u3.u0.mast_dout[5]$_DFFE_PP_/Q	u0.u10.ch_txsz_s[5]$_DFFE_PP_/D
363	0.6359	uI.chunk_cnt[J]	uI.write_hold_r	u2.chunk_cnt[1]$_DFFE_PP_/QN	u2.write_hold_r$_DFF_P_/D
364	0.6396	uI.req_r[J]	uI.next_start	u1.req_r[3]$_DFF_P_/Q	u1.next_start$_DFF_P_/D
365	0.6399	uI.uJ.ch_sz_inf	uI.write_hold_r	u0.u7.ch_sz_inf$_DFFE_PP_/Q	u2.write_hold_r$_DFF_P_/D
366	0.6402	uI.uJ.mast_dout[K]	uI.uJ.ch_tot_sz_r[K]	u3.u0.mast_dout[5]$_DFFE_PP_/Q	u0.u11.ch_tot_sz_r[5]$_DFFE_PP_/D
367	0.6420	uI.uJ.rest_en	_I_	u0.u7.rest_en$_SDFFE_PN0P_/Q	_57705_/D
368	0.6431	uI.int_maskb_r[J]	_I_	u0.int_maskb_r[7]$_SDFFE_PN0P_/Q	_57696_/D
369	0.6436	uI.uJ.pointer_r[K]	uI.mastJ_adr[K]	u0.u13.pointer_r[17]$_DFFE_PP_/Q	u2.mast0_adr[21]$_DFF_P_/D
370	0.6436	uI.uJ.slv_we	uI.uJ.ch_done	u3.u1.slv_we$_DFF_P_/Q	u0.u13.ch_done$_SDFFE_PN0P_/D
371	0.6443	uI.state[J]	uI.wb_rf_dout[J]	u2.state[4]$_DFF_P_/Q	u0.wb_rf_dout[0]$_DFFE_PP_/D
372	0.6448	uI.dma_abort_r	uI.uJ.mast_cyc	u2.dma_abort_r$_DFF_P_/Q	u3.u0.mast_cyc$_DFF_P_/D
373	0.6500	uI.chunk_cnt[J]	uI.state[J]	u2.chunk_cnt[1]$_DFFE_PP_/QN	u2.state[10]$_DFF_P_/D
374	0.6504	uI.req_r[J]	uI.uJ.pri_outK[L]	u1.req_r[3]$_DFF_P_/Q	u1.u0.pri_out0[1]$_DFF_P_/D
375	0.6528	uI.ack_o[J]	uI.next_start	u1.ack_o[3]$_DFF_P_/QN	u1.next_start$_DFF_P_/D
376	0.6539	uI.uJ.slv_we	uI.int_maska_r[J]	u3.u1.slv_we$_DFF_P_/Q	u0.int_maska_r[26]$_SDFFE_PN0P_/D
377	0.6541	uI.uJ.slv_we	uI.int_maskb_r[J]	u3.u1.slv_we$_DFF_P_/Q	u0.int_maskb_r[0]$_SDFFE_PN0P_/D
378	0.6557	uI.uJ.ptr_valid	uI.wb_rf_dout[J]	u0.u5.ptr_valid$_SDFFE_PN0P_/Q	u0.wb_rf_dout[0]$_DFFE_PP_/D
379	0.6570	uI.uJ.ch_tot_sz_r[K]	uI.wb_rf_dout[J]	u0.u4.ch_tot_sz_r[0]$_DFFE_PP_/Q	u0.wb_rf_dout[0]$_DFFE_PP_/D
380	0.6575	uI.uJ.ptr_valid	uI.state[J]	u0.u13.ptr_valid$_SDFFE_PN0P_/Q	u2.state[10]$_DFF_P_/D
381	0.6580	uI.uJ.mast_dout[K]	uI.uJ.ch_adrK_r[L]	u3.u0.mast_dout[5]$_DFFE_PP_/Q	u0.u5.ch_adr0_r[3]$_DFFE_PP_/D
382	0.6595	uI.de_start_r	uI.adrJ_cnt[K]	u1.de_start_r$_DFF_P_/QN	u2.adr0_cnt[7]$_DFFE_PP_/D
383	0.6595	uI.de_start_r	uI.tsz_cnt[J]	u1.de_start_r$_DFF_P_/QN	u2.tsz_cnt[10]$_DFFE_PP_/D
384	0.6608	uI.uJ.ch_csr_r[K]	uI.uJ.pri_outK[L]	u0.u3.ch_csr_r[5]$_SDFFE_PN0P_/Q	u1.u0.pri_out0[1]$_DFF_P_/D
385	0.6613	uI.uJ.ch_csr_r[K]	uI.de_start_r	u0.u7.ch_csr_r[5]$_SDFFE_PN0P_/Q	u1.de_start_r$_DFF_P_/D
386	0.6626	uI.int_maskb_r[J]	uI.wb_rf_dout[J]	u0.int_maskb_r[0]$_SDFFE_PN0P_/Q	u0.wb_rf_dout[0]$_DFFE_PP_/D
387	0.6634	uI.uJ.ch_done	_I_	u0.u9.ch_done$_SDFFE_PN0P_/Q	_57700_/D
388	0.6636	uI.dma_abort_r	uI.uJ.mast_we_r	u2.dma_abort_r$_DFF_P_/Q	u3.u0.mast_we_r$_DFF_P_/D
389	0.6636	uI.ack_o[J]	uI.uJ.pri_outK[L]	u1.ack_o[3]$_DFF_P_/QN	u1.u0.pri_out0[1]$_DFF_P_/D
390	0.6636	uI.uJ.ch_err	uI.state[J]	u0.u1.ch_err$_SDFFE_PN0P_/Q	u2.state[10]$_DFF_P_/D
391	0.6646	uI.chunk_cnt[J]	uI.next_ch	u2.chunk_cnt[1]$_DFFE_PP_/QN	u2.next_ch$_DFF_P_/D
392	0.6676	uI.req_r[J]	uI.de_start_r	u1.req_r[3]$_DFF_P_/Q	u1.de_start_r$_DFF_P_/D
393	0.6688	uI.uJ.ch_sz_inf	_I_	u0.u12.ch_sz_inf$_DFFE_PP_/Q	_57704_/D
394	0.6693	uI.uJ.mast_dout[K]	uI.uJ.ch_adrK_s[L]	u3.u0.mast_dout[5]$_DFFE_PP_/Q	u0.u0.ch_adr0_s[3]$_DFFE_PP_/D
395	0.6700	uI.uJ.ch_tot_sz_r[K]	uI.tsz_cnt[J]	u0.u3.ch_tot_sz_r[4]$_DFFE_PP_/Q	u2.tsz_cnt[4]$_DFFE_PP_/D
396	0.6704	uI.tsz_cnt[J]	uI.uJ.ch_tot_sz_r[K]	u2.tsz_cnt[3]$_DFFE_PP_/Q	u0.u14.ch_tot_sz_r[3]$_DFFE_PP_/D
397	0.6710	uI.mastJ_drdy_r	uI.uJ.ch_eol	u2.mast0_drdy_r$_DFF_P_/Q	u0.u4.ch_eol$_SDFFE_PN0P_/D
398	0.6711	uI.uJ.slv_we	uI.uJ.ch_stop	u3.u1.slv_we$_DFF_P_/Q	u0.u13.ch_stop$_DFF_P_/D
399	0.6723	uI.uJ.slv_we	uI.uJ.rf_ack	u3.u1.slv_we$_DFF_P_/Q	u3.u1.rf_ack$_DFF_P_/D
400	0.6735	uI.chunk_J	uI.uJ.mast_stb	u2.chunk_0$_DFF_P_/Q	u4.u0.mast_stb$_DFF_P_/D
401	0.6751	uI.read_r	uI.adrJ_cnt[K]	u2.read_r$_DFF_P_/Q	u2.adr0_cnt[20]$_DFFE_PP_/D
402	0.6786	uI.uJ.ch_rl	uI.uJ.ch_tot_sz_r[K]	u0.u14.ch_rl$_DFF_P_/Q	u0.u14.ch_tot_sz_r[10]$_DFFE_PP_/D
403	0.6797	uI.uJ.ch_rl	uI.uJ.ch_chk_sz_r[K]	u0.u14.ch_rl$_DFF_P_/Q	u0.u14.ch_chk_sz_r[0]$_DFFE_PP_/D
404	0.6808	uI.ack_o[J]	uI.de_start_r	u1.ack_o[3]$_DFF_P_/QN	u1.de_start_r$_DFF_P_/D
405	0.6812	uI.next_start	uI.adrJ_cnt[K]	u1.next_start$_DFF_P_/Q	u2.adr0_cnt[7]$_DFFE_PP_/D
406	0.6812	uI.next_start	uI.tsz_cnt[J]	u1.next_start$_DFF_P_/Q	u2.tsz_cnt[10]$_DFFE_PP_/D
407	0.6812	uI.de_start_r	uI.chunk_cnt[J]	u1.de_start_r$_DFF_P_/QN	u2.chunk_cnt[4]$_DFFE_PP_/D
408	0.6838	uI.tsz_cnt[J]	uI.uJ.ch_txsz_s[K]	u2.tsz_cnt[7]$_DFFE_PP_/Q	u0.u10.ch_txsz_s[7]$_DFFE_PP_/D
409	0.6867	uI.uJ.rest_en	uI.uJ.ch_txsz_s[K]	u0.u0.rest_en$_SDFFE_PN0P_/Q	u0.u0.ch_txsz_s[8]$_DFFE_PP_/D
410	0.6886	rst_syncI	uI.int_maska_r[J]	rst_sync2$_DFF_PP0_/Q	u0.int_maska_r[26]$_SDFFE_PN0P_/D
411	0.6929	rst_syncI	uI.uJ.ch_amK_r[L]	rst_sync2$_DFF_PP0_/Q	u0.u1.ch_am1_r[27]$_SDFFE_PN1P_/D
412	0.6945	uI.uJ.ch_csr_rK[L]	uI.uJ.pri_outK[L]	u0.u8.ch_csr_r2[0]$_SDFFE_PN0P_/Q	u1.u0.pri_out0[1]$_DFF_P_/D
413	0.6960	uI.int_maska_r[J]	uI.inta_o	u0.int_maska_r[12]$_SDFFE_PN0P_/Q	u0.inta_o$_DFF_P_/D
414	0.6962	uI.write_r	uI.adrJ_cnt[K]	u2.write_r$_DFF_P_/Q	u2.adr1_cnt[10]$_DFFE_PP_/D
415	0.6971	uI.uJ.rest_en	uI.uJ.ch_adrK_s[L]	u0.u4.rest_en$_SDFFE_PN0P_/Q	u0.u4.ch_adr1_s[29]$_DFFE_PP_/D
416	0.7007	uI.uJ.slv_dout[K]	uI.uJ.ch_adrK_r[L]	u3.u1.slv_dout[16]$_DFF_P_/Q	u0.u14.ch_adr0_r[14]$_DFFE_PP_/D
417	0.7008	uI.uJ.int_src_r[K]	uI.intb_o	u0.u0.int_src_r[1]$_SDFFE_PN0P_/Q	u0.intb_o$_DFF_P_/D
418	0.7011	uI.tsz_cnt_is_J_r	uI.uJ.ptr_valid	u2.tsz_cnt_is_0_r$_DFF_P_/Q	u0.u2.ptr_valid$_SDFFE_PN0P_/D
419	0.7023	uI.uJ.slv_dout[K]	uI.uJ.ch_adrK_s[L]	u3.u1.slv_dout[16]$_DFF_P_/Q	u0.u10.ch_adr1_s[14]$_DFFE_PP_/D
420	0.7029	uI.next_start	uI.chunk_cnt[J]	u1.next_start$_DFF_P_/Q	u2.chunk_cnt[4]$_DFFE_PP_/D
421	0.7044	uI.uJ.slv_dout[K]	uI.uJ.ch_amK_r[L]	u3.u1.slv_dout[22]$_DFF_P_/Q	u0.u0.ch_am1_r[18]$_SDFFE_PN1P_/D
422	0.7064	uI.chunk_J	uI.chunk_dec	u2.chunk_0$_DFF_P_/Q	u2.chunk_dec$_DFF_P_/D
423	0.7065	uI.uJ.ch_csr_rK[L]	uI.intb_o	u0.u0.ch_csr_r3[1]$_SDFFE_PN0P_/Q	u0.intb_o$_DFF_P_/D
424	0.7070	uI.uJ.mast_dout[K]	uI.uJ.pointer_r[K]	u3.u0.mast_dout[16]$_DFFE_PP_/Q	u0.u4.pointer_r[12]$_DFFE_PP_/D
425	0.7089	rst_syncI	uI.uJ.ch_csr_r[K]	rst_sync2$_DFF_PP0_/Q	u0.u1.ch_csr_r[0]$_SDFFE_PN0P_/D
426	0.7096	rst_syncI	uI.uJ.ch_eol	rst_sync2$_DFF_PP0_/Q	u0.u0.ch_eol$_SDFFE_PN0P_/D
427	0.7100	uI.uJ.ch_sz_inf	uI.tsz_cnt_is_J_r	u0.u11.ch_sz_inf$_DFFE_PP_/Q	u2.tsz_cnt_is_0_r$_DFF_P_/D
428	0.7120	uI.uJ.mast_dout[K]	uI.uJ.ch_eol	u3.u0.mast_dout[20]$_DFFE_PP_/Q	u0.u0.ch_eol$_SDFFE_PN0P_/D
429	0.7123	uI.adrJ_cnt[K]	uI.uJ.ch_adrK_r[L]	u2.adr0_cnt[2]$_DFFE_PP_/Q	u0.u5.ch_adr0_r[2]$_DFFE_PP_/D
430	0.7125	uI.uJ.ch_err	uI.intb_o	u0.u0.ch_err$_SDFFE_PN0P_/Q	u0.intb_o$_DFF_P_/D
431	0.7146	uI.uJ.ch_busy	_I_	u0.u8.ch_busy$_DFF_P_/Q	_57699_/D
432	0.7160	rst_syncI	uI.uJ.int_src_r[K]	rst_sync2$_DFF_PP0_/Q	u0.u1.int_src_r[2]$_SDFFE_PN0P_/D
433	0.7160	rst_syncI	uI.uJ.ptr_valid	rst_sync2$_DFF_PP0_/Q	u0.u1.ptr_valid$_SDFFE_PN0P_/D
434	0.7160	rst_syncI	uI.ch_sel_r[J]	rst_sync2$_DFF_PP0_/Q	u1.ch_sel_r[0]$_SDFFE_PN0P_/D
435	0.7160	rst_syncI	uI.uJ.state[K]	rst_sync2$_DFF_PP0_/Q	u1.u2.state[2]$_SDFFE_PN0P_/D
436	0.7162	uI.tsz_cnt_is_J_r	uI.uJ.ch_rl	u2.tsz_cnt_is_0_r$_DFF_P_/Q	u0.u2.ch_rl$_DFF_P_/D
437	0.7171	rst_syncI	uI.int_maskb_r[J]	rst_sync2$_DFF_PP0_/Q	u0.int_maskb_r[0]$_SDFFE_PN0P_/D
438	0.7171	rst_syncI	uI.uJ.ch_csr_rK[L]	rst_sync2$_DFF_PP0_/Q	u0.u0.ch_csr_r3[0]$_SDFFE_PN0P_/D
439	0.7185	rst_syncI	uI.uJ.ch_done	rst_sync2$_DFF_PP0_/Q	u0.u11.ch_done$_SDFFE_PN0P_/D
440	0.7192	uI.uJ.slv_dout[K]	uI.uJ.pointer_r[K]	u3.u1.slv_dout[17]$_DFF_P_/Q	u0.u0.pointer_r[13]$_DFFE_PP_/D
441	0.7203	uI.dma_abort_r	uI.write_r	u2.dma_abort_r$_DFF_P_/Q	u2.write_r$_DFF_P_/D
442	0.7206	uI.de_start_r	uI.state[J]	u1.de_start_r$_DFF_P_/QN	u2.state[10]$_DFF_P_/D
443	0.7214	uI.de_start_r	uI.ch_sel_r[J]	u1.de_start_r$_DFF_P_/QN	u1.ch_sel_r[1]$_SDFFE_PN0P_/D
444	0.7218	uI.tsz_cnt_is_J_r	uI.uJ.ch_done	u2.tsz_cnt_is_0_r$_DFF_P_/Q	u0.u13.ch_done$_SDFFE_PN0P_/D
445	0.7236	uI.adrJ_cnt[K]	uI.uJ.ch_adrK_s[L]	u2.adr0_cnt[2]$_DFFE_PP_/Q	u0.u0.ch_adr0_s[2]$_DFFE_PP_/D
446	0.7250	uI.uJ.slv_dout[K]	uI.uJ.ch_tot_sz_r[K]	u3.u1.slv_dout[11]$_DFF_P_/Q	u0.u2.ch_tot_sz_r[11]$_DFFE_PP_/D
447	0.7252	rst_syncI	uI.uJ.sw_pointer_r[K]	rst_sync2$_DFF_PP0_/Q	u0.u1.sw_pointer_r[0]$_SDFFE_PN0P_/D
448	0.7264	uI.tsz_cnt_is_J_r	uI.uJ.int_src_r[K]	u2.tsz_cnt_is_0_r$_DFF_P_/Q	u0.u13.int_src_r[1]$_SDFFE_PN0P_/D
449	0.7281	uI.uJ.ch_stop	uI.dma_abort_r	u0.u7.ch_stop$_DFF_P_/Q	u2.dma_abort_r$_DFF_P_/D
450	0.7285	uI.chunk_dec	uI.tsz_cnt[J]	u2.chunk_dec$_DFF_P_/Q	u2.tsz_cnt[10]$_DFFE_PP_/D
451	0.7285	uI.uJ.slv_dout[K]	uI.uJ.ch_txsz_s[K]	u3.u1.slv_dout[4]$_DFF_P_/Q	u0.u1.ch_txsz_s[4]$_DFFE_PP_/D
452	0.7354	uI.chunk_J	uI.read_r	u2.chunk_0$_DFF_P_/Q	u2.read_r$_DFF_P_/D
453	0.7357	uI.uJ.mast_dout[K]	uI.uJ.ch_csr_r[K]	u3.u0.mast_dout[16]$_DFFE_PP_/Q	u0.u11.ch_csr_r[1]$_SDFFE_PN0P_/D
454	0.7369	uI.tsz_cnt_is_J_r	uI.uJ.ch_csr_r[K]	u2.tsz_cnt_is_0_r$_DFF_P_/Q	u0.u13.ch_csr_r[0]$_SDFFE_PN0P_/D
455	0.7369	uI.tsz_cnt_is_J_r	uI.uJ.ch_eol	u2.tsz_cnt_is_0_r$_DFF_P_/Q	u0.u13.ch_eol$_SDFFE_PN0P_/D
456	0.7416	uI.chunk_dec	uI.chunk_cnt[J]	u2.chunk_dec$_DFF_P_/Q	u2.chunk_cnt[0]$_DFFE_PP_/D
457	0.7417	uI.next_start	uI.state[J]	u1.next_start$_DFF_P_/Q	u2.state[10]$_DFF_P_/D
458	0.7431	uI.next_start	uI.ch_sel_r[J]	u1.next_start$_DFF_P_/Q	u1.ch_sel_r[1]$_SDFFE_PN0P_/D
459	0.7435	uI.tsz_cnt_is_J_r	uI.tsz_cnt[J]	u2.tsz_cnt_is_0_r$_DFF_P_/QN	u2.tsz_cnt[10]$_DFFE_PP_/D
460	0.7447	uI.dma_abort_r	uI.write_hold_r	u2.dma_abort_r$_DFF_P_/Q	u2.write_hold_r$_DFF_P_/D
461	0.7452	uI.uJ.ch_csr_r[K]	uI.uJ.int_src_r[K]	u0.u14.ch_csr_r[7]$_SDFFE_PN0P_/Q	u0.u14.int_src_r[1]$_SDFFE_PN0P_/D
462	0.7455	uI.uJ.slv_dout[K]	uI.uJ.ch_csr_r[K]	u3.u1.slv_dout[2]$_DFF_P_/Q	u0.u11.ch_csr_r[2]$_SDFFE_PN0P_/D
463	0.7482	uI.uJ.slv_dout[K]	uI.uJ.ch_stop	u3.u1.slv_dout[9]$_DFF_P_/Q	u0.u0.ch_stop$_DFF_P_/D
464	0.7486	uI.uJ.slv_dout[K]	uI.uJ.sw_pointer_r[K]	u3.u1.slv_dout[17]$_DFF_P_/Q	u0.u0.sw_pointer_r[13]$_SDFFE_PN0P_/D
465	0.7490	uI.uJ.slv_dout[K]	uI.uJ.ch_csr_rK[L]	u3.u1.slv_dout[19]$_DFF_P_/Q	u0.u8.ch_csr_r3[2]$_SDFFE_PN0P_/D
466	0.7490	uI.uJ.slv_dout[K]	uI.uJ.rest_en	u3.u1.slv_dout[16]$_DFF_P_/Q	u0.u8.rest_en$_SDFFE_PN0P_/D
467	0.7492	uI.dma_abort_r	uI.state[J]	u2.dma_abort_r$_DFF_P_/Q	u2.state[10]$_DFF_P_/D
468	0.7517	uI.uJ.slv_dout[K]	uI.uJ.ch_chk_sz_r[K]	u3.u1.slv_dout[21]$_DFF_P_/Q	u0.u12.ch_chk_sz_r[5]$_DFFE_PP_/D
469	0.7524	uI.next_ch	uI.uJ.state[K]	u2.next_ch$_DFF_P_/Q	u1.u1.state[0]$_SDFFE_PN0P_/D
470	0.7530	uI.int_maska_r[J]	uI.wb_rf_dout[J]	u0.int_maska_r[0]$_SDFFE_PN0P_/Q	u0.wb_rf_dout[0]$_DFFE_PP_/D
471	0.7537	uI.uJ.ch_csr_r[K]	uI.uJ.ch_done	u0.u14.ch_csr_r[7]$_SDFFE_PN0P_/Q	u0.u14.ch_done$_SDFFE_PN0P_/D
472	0.7541	uI.uJ.slv_re	uI.uJ.int_src_r[K]	u3.u1.slv_re$_DFF_P_/Q	u0.u14.int_src_r[0]$_SDFFE_PN0P_/D
473	0.7541	uI.uJ.slv_re	uI.uJ.ch_err	u3.u1.slv_re$_DFF_P_/Q	u0.u0.ch_err$_SDFFE_PN0P_/D
474	0.7553	uI.uJ.ch_err	uI.inta_o	u0.u0.ch_err$_SDFFE_PN0P_/Q	u0.inta_o$_DFF_P_/D
475	0.7588	uI.uJ.ch_csr_r[K]	uI.uJ.ch_csr_r[K]	u0.u14.ch_csr_r[7]$_SDFFE_PN0P_/Q	u0.u14.ch_csr_r[0]$_SDFFE_PN0P_/D
476	0.7588	uI.uJ.ch_csr_r[K]	uI.uJ.ch_eol	u0.u14.ch_csr_r[7]$_SDFFE_PN0P_/Q	u0.u14.ch_eol$_SDFFE_PN0P_/D
477	0.7607	uI.chunk_cnt_is_J_r	uI.chunk_cnt[J]	u2.chunk_cnt_is_0_r$_DFF_P_/QN	u2.chunk_cnt[0]$_DFFE_PP_/D
478	0.7621	uI.uJ.slv_dout[K]	uI.int_maska_r[J]	u3.u1.slv_dout[1]$_DFF_P_/Q	u0.int_maska_r[1]$_SDFFE_PN0P_/D
479	0.7621	uI.uJ.slv_dout[K]	uI.int_maskb_r[J]	u3.u1.slv_dout[1]$_DFF_P_/Q	u0.int_maskb_r[1]$_SDFFE_PN0P_/D
480	0.7631	uI.chunk_J	uI.uJ.mast_cyc	u2.chunk_0$_DFF_P_/Q	u3.u0.mast_cyc$_DFF_P_/D
481	0.7631	uI.uJ.mast_dout[K]	uI.uJ.mast_dout[K]	u3.u0.mast_dout[16]$_DFFE_PP_/Q	u3.u0.mast_dout[16]$_DFFE_PP_/D
482	0.7677	uI.chunk_J	uI.uJ.int_src_r[K]	u2.chunk_0$_DFF_P_/Q	u0.u0.int_src_r[2]$_SDFFE_PN0P_/D
483	0.7685	rst_syncI	uI.uJ.rest_en	rst_sync2$_DFF_PP0_/Q	u0.u8.rest_en$_SDFFE_PN0P_/D
484	0.7685	rst_syncI	uI.state[J]	rst_sync2$_DFF_PP0_/Q	u2.state[10]$_DFF_P_/D
485	0.7694	uI.int_maskb_r[J]	uI.intb_o	u0.int_maskb_r[0]$_SDFFE_PN0P_/Q	u0.intb_o$_DFF_P_/D
486	0.7716	uI.uJ.slv_dout[K]	uI.csr_r[J]	u3.u1.slv_dout[0]$_DFF_P_/Q	u0.csr_r[0]$_SDFFE_PN0P_/D
487	0.7751	uI.chunk_J	uI.ack_o[J]	u2.chunk_0$_DFF_P_/Q	u1.ack_o[13]$_DFF_P_/D
488	0.7768	uI.uJ.ch_adrK_s[L]	uI.uJ.ch_adrK_r[L]	u0.u5.ch_adr0_s[29]$_DFFE_PP_/Q	u0.u5.ch_adr0_r[29]$_DFFE_PP_/D
489	0.7768	uI.uJ.slv_dout[K]	uI.uJ.ch_sz_inf	u3.u1.slv_dout[15]$_DFF_P_/Q	u0.u8.ch_sz_inf$_DFFE_PP_/D
490	0.7829	uI.dma_abort_r	uI.uJ.int_src_r[K]	u2.dma_abort_r$_DFF_P_/Q	u0.u2.int_src_r[0]$_SDFFE_PN0P_/D
491	0.7829	uI.dma_abort_r	uI.uJ.ch_err	u2.dma_abort_r$_DFF_P_/Q	u0.u0.ch_err$_SDFFE_PN0P_/D
492	0.7834	rst_syncI	uI.csr_r[J]	rst_sync2$_DFF_PP0_/Q	u0.csr_r[0]$_SDFFE_PN0P_/D
493	0.7838	uI.uJ.ch_eol	uI.uJ.int_src_r[K]	u0.u14.ch_eol$_SDFFE_PN0P_/Q	u0.u14.int_src_r[1]$_SDFFE_PN0P_/D
494	0.7851	uI.uJ.ch_txsz_s[K]	uI.uJ.ch_tot_sz_r[K]	u0.u14.ch_txsz_s[4]$_DFFE_PP_/Q	u0.u14.ch_tot_sz_r[4]$_DFFE_PP_/D
495	0.7871	uI.csr_r[J]	uI.state[J]	u0.csr_r[0]$_SDFFE_PN0P_/Q	u2.state[10]$_DFF_P_/D
496	0.7886	rst_syncI	uI.uJ.ch_err	rst_sync2$_DFF_PP0_/Q	u0.u0.ch_err$_SDFFE_PN0P_/D
497	0.7907	uI.chunk_cnt[J]	uI.chunk_cnt_is_J_r	u2.chunk_cnt[1]$_DFFE_PP_/QN	u2.chunk_cnt_is_0_r$_DFF_P_/D
498	0.7923	uI.uJ.ch_eol	uI.uJ.ch_done	u0.u14.ch_eol$_SDFFE_PN0P_/Q	u0.u14.ch_done$_SDFFE_PN0P_/D
499	0.7927	uI.adrJ_cnt[K]	uI.mastJ_adr[K]	u2.adr0_cnt[2]$_DFFE_PP_/Q	u2.mast0_adr[4]$_DFF_P_/D
500	0.7962	uI.chunk_J	uI.write_hold_r	u2.chunk_0$_DFF_P_/Q	u2.write_hold_r$_DFF_P_/D
501	0.7974	uI.uJ.ch_eol	uI.uJ.ch_csr_r[K]	u0.u14.ch_eol$_SDFFE_PN0P_/Q	u0.u14.ch_csr_r[0]$_SDFFE_PN0P_/D
502	0.7974	uI.uJ.ch_eol	uI.uJ.ch_eol	u0.u14.ch_eol$_SDFFE_PN0P_/Q	u0.u14.ch_eol$_SDFFE_PN0P_/D
503	0.7981	uI.chunk_J	uI.state[J]	u2.chunk_0$_DFF_P_/Q	u2.state[10]$_DFF_P_/D
504	0.7988	uI.ndnr[J]	uI.uJ.int_src_r[K]	u1.ndnr[7]$_DFF_P_/Q	u0.u7.int_src_r[1]$_SDFFE_PN0P_/D
505	0.7994	uI.uJ.ch_adrK_r[L]	uI.uJ.ch_adrK_r[L]	u0.u14.ch_adr1_r[18]$_DFFE_PP_/Q	u0.u14.ch_adr1_r[18]$_DFFE_PP_/D
506	0.8052	uI.uJ.slv_re	uI.uJ.rf_ack	u3.u1.slv_re$_DFF_P_/Q	u3.u1.rf_ack$_DFF_P_/D
507	0.8072	uI.ndnr[J]	uI.uJ.ch_done	u1.ndnr[8]$_DFF_P_/Q	u0.u8.ch_done$_SDFFE_PN0P_/D
508	0.8098	uI.uJ.slv_dout[K]	uI.uJ.ch_done	u3.u1.slv_dout[0]$_DFF_P_/QN	u0.u0.ch_done$_SDFFE_PN0P_/D
509	0.8123	uI.ndnr[J]	uI.uJ.ch_csr_r[K]	u1.ndnr[10]$_DFF_P_/Q	u0.u10.ch_csr_r[0]$_SDFFE_PN0P_/D
510	0.8123	uI.ndnr[J]	uI.uJ.ch_eol	u1.ndnr[15]$_DFF_P_/Q	u0.u15.ch_eol$_SDFFE_PN0P_/D
511	0.8196	uI.chunk_J	uI.next_ch	u2.chunk_0$_DFF_P_/Q	u2.next_ch$_DFF_P_/D
512	0.8330	uI.ndnr[J]	uI.uJ.ptr_valid	u1.ndnr[4]$_DFF_P_/Q	u0.u4.ptr_valid$_SDFFE_PN0P_/D
513	0.8339	uI.uJ.rest_en	uI.uJ.rest_en	u0.u6.rest_en$_SDFFE_PN0P_/Q	u0.u6.rest_en$_SDFFE_PN0P_/D
514	0.8345	uI.uJ.pointer_r[K]	uI.uJ.pointer_r[K]	u0.u0.pointer_r[22]$_DFFE_PP_/Q	u0.u0.pointer_r[22]$_DFFE_PP_/D
515	0.8352	uI.uJ.rest_en	uI.uJ.ptr_valid	u0.u8.rest_en$_SDFFE_PN0P_/Q	u0.u8.ptr_valid$_SDFFE_PN0P_/D
516	0.8354	uI.uJ.ch_csr_rK[L]	uI.uJ.ch_csr_rK[L]	u0.u11.ch_csr_r2[0]$_SDFFE_PN0P_/Q	u0.u11.ch_csr_r2[0]$_SDFFE_PN0P_/D
517	0.8387	uI.write_hold_r	uI.uJ.mast_stb	u2.write_hold_r$_DFF_P_/Q	u3.u0.mast_stb$_DFF_P_/D
518	0.8396	uI.uJ.ch_txsz_s[K]	uI.uJ.ch_chk_sz_r[K]	u0.u6.ch_txsz_s[12]$_DFFE_PP_/Q	u0.u6.ch_chk_sz_r[0]$_DFFE_PP_/D
519	0.8471	uI.uJ.ch_csr_r[K]	uI.ack_o[J]	u0.u14.ch_csr_r[5]$_SDFFE_PN0P_/Q	u1.ack_o[14]$_DFF_P_/D
520	0.8482	uI.uJ.ch_tot_sz_r[K]	uI.uJ.ch_tot_sz_r[K]	u0.u8.ch_tot_sz_r[11]$_DFFE_PP_/Q	u0.u8.ch_tot_sz_r[11]$_DFFE_PP_/D
521	0.8515	uI.wb_rf_dout[J]	uI.wb_rf_dout[J]	u0.wb_rf_dout[0]$_DFFE_PP_/Q	u0.wb_rf_dout[0]$_DFFE_PP_/D
522	0.8571	uI.uJ.ptr_valid	uI.uJ.ptr_valid	u0.u7.ptr_valid$_SDFFE_PN0P_/Q	u0.u7.ptr_valid$_SDFFE_PN0P_/D
523	0.8592	uI.write_hold_r	uI.uJ.mast_cyc	u2.write_hold_r$_DFF_P_/Q	u3.u0.mast_cyc$_DFF_P_/D
524	0.8618	uI.int_maska_r[J]	uI.int_maska_r[J]	u0.int_maska_r[11]$_SDFFE_PN0P_/Q	u0.int_maska_r[11]$_SDFFE_PN0P_/D
525	0.8619	uI.int_maskb_r[J]	uI.int_maskb_r[J]	u0.int_maskb_r[15]$_SDFFE_PN0P_/Q	u0.int_maskb_r[15]$_SDFFE_PN0P_/D
526	0.8642	uI.uJ.ch_txsz_s[K]	uI.uJ.ch_txsz_s[K]	u0.u0.ch_txsz_s[2]$_DFFE_PP_/Q	u0.u0.ch_txsz_s[2]$_DFFE_PP_/D
527	0.8655	uI.uJ.rf_ack	uI.uJ.slv_re	u3.u1.rf_ack$_DFF_P_/QN	u3.u1.slv_re$_DFF_P_/D
528	0.8679	uI.csr_r[J]	uI.csr_r[J]	u0.csr_r[0]$_SDFFE_PN0P_/Q	u0.csr_r[0]$_SDFFE_PN0P_/D
529	0.8679	uI.uJ.sw_pointer_r[K]	uI.uJ.sw_pointer_r[K]	u0.u12.sw_pointer_r[1]$_SDFFE_PN0P_/Q	u0.u12.sw_pointer_r[1]$_SDFFE_PN0P_/D
530	0.8752	uI.uJ.ch_done	uI.uJ.ch_done	u0.u4.ch_done$_SDFFE_PN0P_/Q	u0.u4.ch_done$_SDFFE_PN0P_/D
531	0.8829	uI.uJ.rest_en	uI.uJ.ch_rl	u0.u4.rest_en$_SDFFE_PN0P_/Q	u0.u4.ch_rl$_DFF_P_/D
532	0.8839	uI.uJ.ch_adrK_s[L]	uI.uJ.ch_adrK_s[L]	u0.u10.ch_adr1_s[29]$_DFFE_PP_/Q	u0.u10.ch_adr1_s[29]$_DFFE_PP_/D
533	0.8873	uI.uJ.int_src_r[K]	uI.uJ.int_src_r[K]	u0.u10.int_src_r[0]$_SDFFE_PN0P_/Q	u0.u10.int_src_r[0]$_SDFFE_PN0P_/D
534	0.8874	uI.uJ.ch_err	uI.uJ.ch_err	u0.u1.ch_err$_SDFFE_PN0P_/Q	u0.u1.ch_err$_SDFFE_PN0P_/D
535	0.8901	uI.uJ.ch_sz_inf	uI.uJ.ch_sz_inf	u0.u0.ch_sz_inf$_DFFE_PP_/Q	u0.u0.ch_sz_inf$_DFFE_PP_/D
536	0.8904	uI.uJ.pointer_r[K]	uI.uJ.pointer_sr[K]	u0.u7.pointer_r[14]$_DFFE_PP_/Q	u0.u7.pointer_sr[14]$_DFFE_PP_/D
537	0.8921	uI.uJ.ch_chk_sz_r[K]	uI.uJ.ch_chk_sz_r[K]	u0.u0.ch_chk_sz_r[2]$_DFFE_PP_/Q	u0.u0.ch_chk_sz_r[2]$_DFFE_PP_/D
538	0.8953	uI.uJ.pointer_sr[K]	uI.uJ.pointer_sr[K]	u0.u10.pointer_sr[7]$_DFFE_PP_/Q	u0.u10.pointer_sr[7]$_DFFE_PP_/D
539	0.8969	uI.uJ.rf_ack	uI.uJ.slv_we	u3.u1.rf_ack$_DFF_P_/QN	u3.u1.slv_we$_DFF_P_/D
540	0.9052	_I_	_I_	_57709_/Q	_57709_/D
541	0.9062	uI.uJ.ch_csr_r[K]	uI.uJ.ch_rl	u0.u3.ch_csr_r[6]$_SDFFE_PN0P_/Q	u0.u3.ch_rl$_DFF_P_/D
542	0.9063	uI.uJ.slv_re	uI.uJ.slv_re	u3.u1.slv_re$_DFF_P_/QN	u3.u1.slv_re$_DFF_P_/D
543	0.9113	uI.uJ.ch_amK_r[L]	uI.uJ.ch_amK_r[L]	u0.u4.ch_am0_r[27]$_SDFFE_PN1P_/Q	u0.u4.ch_am0_r[27]$_SDFFE_PN1P_/D
544	0.9198	uI.next_ch	uI.next_start	u2.next_ch$_DFF_P_/Q	u1.next_start$_DFF_P_/D
545	0.9228	uI.uJ.rf_ack	uI.uJ.rf_ack	u3.u1.rf_ack$_DFF_P_/QN	u3.u1.rf_ack$_DFF_P_/D
546	0.9333	uI.ack_o[J]	uI.req_r[J]	u1.ack_o[10]$_DFF_P_/QN	u1.req_r[10]$_DFF_P_/D
547	0.9408	rst_syncI	rst_syncI	rst_sync1$_DFF_PP0_/Q	rst_sync2$_DFF_PP0_/D
548	0.9444	uI.read_r	uI.chunk_dec	u2.read_r$_DFF_P_/QN	u2.chunk_dec$_DFF_P_/D
