# stage	1_synth
# top_module	wb_conmax_top
# top_n	100
# kind	blocks
# skip_async	1
# include_full	1
# rank	worst_slack_ns	start	end	start_full	end_full
1	-0.2196	mI_addr_i[J]	mI_ack_o	m3_addr_i[31]	m0_ack_o
2	-0.1775	mI_addr_i[J]	mI_err_o	m3_addr_i[31]	m0_err_o
3	-0.1765	mI_addr_i[J]	mI_rty_o	m3_addr_i[31]	m7_rty_o
4	-0.1575	mI_addr_i[J]	sI_cyc_o	m3_addr_i[31]	s15_cyc_o
5	-0.1492	mI_stb_i	mI_ack_o	m2_stb_i	m0_ack_o
6	-0.1106	mI_addr_i[J]	sI_addr_o[J]	m3_addr_i[3]	s15_addr_o[3]
7	-0.1070	mI_stb_i	mI_err_o	m2_stb_i	m0_err_o
8	-0.1061	mI_stb_i	mI_rty_o	m2_stb_i	m7_rty_o
9	-0.1050	mI_addr_i[J]	sI_stb_o	m4_addr_i[28]	s13_stb_o
10	-0.0870	mI_stb_i	sI_cyc_o	m2_stb_i	s15_cyc_o
11	-0.0703	mI_stb_i	sI_stb_o	m3_stb_i	s5_stb_o
12	-0.0682	sI_data_i[J]	mI_data_o[J]	s15_data_i[5]	m3_data_o[5]
13	-0.0670	sI_ack_i	mI_ack_o	s3_ack_i	m0_ack_o
14	-0.0515	sI_rty_i	mI_rty_o	s2_rty_i	m5_rty_o
15	-0.0434	mI_data_i[J]	sI_data_o[J]	m1_data_i[12]	s15_data_o[12]
16	-0.0287	mI_sel_i[J]	sI_sel_o[J]	m2_sel_i[3]	s13_sel_o[3]
17	-0.0284	mI_we_i	sI_we_o	m1_we_i	s4_we_o
18	-0.0218	sI_err_i	mI_err_o	s3_err_i	m1_err_o
19	0.0242	mI.slv_sel_r[J]	mI_data_o[J]	m0.slv_sel_r[1]$_DFF_PP0_/Q	m0_data_o[10]
20	0.0288	mI.slv_sel_r[J]	mI_ack_o	m0.slv_sel_r[1]$_DFF_PP0_/Q	m0_ack_o
21	0.0460	mI_addr_i[J]	rf.rf_dout[I]	m1_addr_i[2]	rf.rf_dout[1]$_SDFF_PN0_/D
22	0.0499	sI.mast_sel_pe_r[J]	mI_ack_o	s15.mast_sel_pe_r[2]$_SDFF_PP0_/Q	m0_ack_o
23	0.0590	sI.mast_sel_pe_r[J]	sI_addr_o[J]	s15.mast_sel_pe_r[2]$_SDFF_PP0_/Q	s15_addr_o[0]
24	0.0590	sI.mast_sel_pe_r[J]	sI_data_o[J]	s15.mast_sel_pe_r[2]$_SDFF_PP0_/Q	s15_data_o[28]
25	0.0590	sI.mast_sel_pe_r[J]	sI_sel_o[J]	s15.mast_sel_pe_r[2]$_SDFF_PP0_/Q	s15_sel_o[0]
26	0.0628	sI.mast_sel_pe_r[J]	mI_err_o	s15.mast_sel_pe_r[2]$_SDFF_PP0_/Q	m2_err_o
27	0.0638	mI_addr_i[J]	rf.confI[J]	m1_addr_i[2]	rf.conf15[10]$_DFFE_PP0P_/D
28	0.0690	mI.slv_sel_r[J]	mI_rty_o	m0.slv_sel_r[0]$_DFF_PP0_/Q	m0_rty_o
29	0.0727	mI.slv_sel_r[J]	mI_err_o	m0.slv_sel_r[1]$_DFF_PP0_/Q	m0_err_o
30	0.0780	sI.mast_sel_pe_r[J]	mI_rty_o	s15.mast_sel_pe_r[2]$_SDFF_PP0_/Q	m2_rty_o
31	0.1058	rf.rf_sel_r	mI_data_o[J]	rf.rf_sel_r$_DFF_P_/Q	m3_data_o[20]
32	0.1120	sI.mast_sel_pe_r[J]	sI_cyc_o	s15.mast_sel_pe_r[2]$_SDFF_PP0_/Q	s15_cyc_o
33	0.1130	mI.sJ_cyc_o	mI_ack_o	m2.s15_cyc_o$_DFFE_PP0N_/Q	m0_ack_o
34	0.1232	sI.mast_sel_pe_r[J]	sI_we_o	s15.mast_sel_pe_r[2]$_SDFF_PP0_/Q	s15_we_o
35	0.1551	mI.sJ_cyc_o	mI_err_o	m2.s15_cyc_o$_DFFE_PP0N_/Q	m0_err_o
36	0.1561	mI.sJ_cyc_o	mI_rty_o	m2.s15_cyc_o$_DFFE_PP0N_/Q	m7_rty_o
37	0.1572	mI_addr_i[J]	rf.rf_we	m3_addr_i[31]	rf.rf_we$_DFF_P_/D
38	0.1674	mI_addr_i[J]	rf.rf_ack	m3_addr_i[31]	rf.rf_ack$_DFF_P_/D
39	0.1752	mI.sJ_cyc_o	sI_cyc_o	m2.s15_cyc_o$_DFFE_PP0N_/Q	s15_cyc_o
40	0.1960	mI_addr_i[J]	rf.rf_sel_r	m3_addr_i[31]	rf.rf_sel_r$_DFF_P_/D
41	0.2026	mI_stb_i	rf.rf_dout[I]	m2_stb_i	rf.rf_dout[11]$_SDFF_PN0_/D
42	0.2178	sI.mJ_cyc_r	mI_ack_o	s15.m5_cyc_r$_DFF_P_/Q	m0_ack_o
43	0.2277	mI_stb_i	rf.rf_we	m2_stb_i	rf.rf_we$_DFF_P_/D
44	0.2277	sI.mast_sel_pe_r[J]	sI_stb_o	s13.mast_sel_pe_r[2]$_SDFF_PP0_/Q	s13_stb_o
45	0.2352	rf.rf_dout[I]	mI_data_o[J]	rf.rf_dout[5]$_SDFF_PN0_/Q	m3_data_o[5]
46	0.2379	mI_stb_i	rf.rf_ack	m2_stb_i	rf.rf_ack$_DFF_P_/D
47	0.2419	mI_data_i[J]	rf.confI[J]	m1_data_i[12]	rf.conf11[12]$_DFFE_PP0P_/D
48	0.2460	sI.mJ_cyc_r	mI_rty_o	s15.m5_cyc_r$_DFF_P_/Q	m7_rty_o
49	0.2472	sI.mJ_cyc_r	mI_err_o	s15.m5_cyc_r$_DFF_P_/Q	m0_err_o
50	0.2665	mI_stb_i	rf.rf_sel_r	m2_stb_i	rf.rf_sel_r$_DFF_P_/D
51	0.2775	mI_addr_i[J]	mI.sJ_cyc_o	m0_addr_i[28]	m0.s1_cyc_o$_DFFE_PP0N_/D
52	0.2799	sI.mJ_cyc_r	sI_cyc_o	s15.m5_cyc_r$_DFF_P_/Q	s15_cyc_o
53	0.3157	mI_stb_i	mI.sJ_cyc_o	m0_stb_i	m0.s1_cyc_o$_DFFE_PP0N_/D
54	0.3326	rf.confI[J]	sI.msel.arbJ.state[K]	rf.conf10[11]$_DFFE_PP0P_/Q	s10.msel.arb2.state[0]$_DFFE_PP0P_/D
55	0.3353	sI.mast_sel_pe_r[J]	rf.rf_dout[I]	s15.mast_sel_pe_r[2]$_SDFF_PP0_/Q	rf.rf_dout[1]$_SDFF_PN0_/D
56	0.3503	mI_we_i	rf.rf_we	m2_we_i	rf.rf_we$_DFF_P_/D
57	0.3526	sI.mast_sel_pe_r[J]	rf.confI[J]	s15.mast_sel_pe_r[1]$_SDFF_PP0_/Q	rf.conf1[10]$_DFFE_PP0P_/D
58	0.3589	rst_i	sI.mast_sel_pe_r[J]	rst_i	s0.mast_sel_pe_r[2]$_SDFF_PP0_/D
59	0.3615	rst_i	sI.msel.pri_out[J]	rst_i	s1.msel.pri_out[1]$_DFF_P_/D
60	0.3621	mI.sJ_cyc_o	sI.msel.arbJ.state[K]	m5.s10_cyc_o$_DFFE_PP0N_/Q	s10.msel.arb2.state[0]$_DFFE_PP0P_/D
61	0.3732	rf.rf_ack	mI_ack_o	rf.rf_ack$_DFF_P_/Q	m0_ack_o
62	0.3859	sI.msel.arbJ.state[K]	sI.msel.arbJ.state[K]	s1.msel.arb2.state[0]$_DFFE_PP0P_/Q	s1.msel.arb2.state[0]$_DFFE_PP0P_/D
63	0.4201	mI_cyc_i	mI.sJ_cyc_o	m1_cyc_i	m1.s8_cyc_o$_DFFE_PP0N_/D
64	0.4267	sI.mast_sel_pe_r[J]	rf.rf_we	s15.mast_sel_pe_r[2]$_SDFF_PP0_/Q	rf.rf_we$_DFF_P_/D
65	0.4369	sI.mast_sel_pe_r[J]	rf.rf_ack	s15.mast_sel_pe_r[2]$_SDFF_PP0_/Q	rf.rf_ack$_DFF_P_/D
66	0.4648	mI.sJ_cyc_o	rf.rf_dout[I]	m2.s15_cyc_o$_DFFE_PP0N_/Q	rf.rf_dout[11]$_SDFF_PN0_/D
67	0.4655	sI.mast_sel_pe_r[J]	rf.rf_sel_r	s15.mast_sel_pe_r[2]$_SDFF_PP0_/Q	rf.rf_sel_r$_DFF_P_/D
68	0.4899	mI.sJ_cyc_o	rf.rf_we	m2.s15_cyc_o$_DFFE_PP0N_/Q	rf.rf_we$_DFF_P_/D
69	0.5001	mI.sJ_cyc_o	rf.rf_ack	m2.s15_cyc_o$_DFFE_PP0N_/Q	rf.rf_ack$_DFF_P_/D
70	0.5287	mI.sJ_cyc_o	rf.rf_sel_r	m2.s15_cyc_o$_DFFE_PP0N_/Q	rf.rf_sel_r$_DFF_P_/D
71	0.5384	mI_addr_i[J]	mI.slv_sel_r[J]	m0_addr_i[28]	m0.slv_sel_r[0]$_DFF_PP0_/D
72	0.5513	mI.sJ_cyc_o	sI.msel.pri_out[J]	m6.s5_cyc_o$_DFFE_PP0N_/Q	s5.msel.pri_out[1]$_DFF_P_/D
73	0.5696	sI.mJ_cyc_r	rf.rf_dout[I]	s15.m5_cyc_r$_DFF_P_/Q	rf.rf_dout[11]$_SDFF_PN0_/D
74	0.5727	rf.confI[J]	rf.rf_dout[I]	rf.conf13[14]$_DFFE_PP0P_/Q	rf.rf_dout[14]$_SDFF_PN0_/D
75	0.5740	sI.mast_sel_pe_r[J]	sI.next	s13.mast_sel_pe_r[1]$_SDFF_PP0_/Q	s13.next$_DFF_P_/D
76	0.5791	rf.rf_we	rf.confI[J]	rf.rf_we$_DFF_P_/Q	rf.conf12[0]$_DFFE_PP0P_/D
77	0.5908	rf.confI[J]	sI.msel.pri_out[J]	rf.conf0[15]$_DFFE_PP0P_/Q	s0.msel.pri_out[1]$_DFF_P_/D
78	0.5946	sI.mJ_cyc_r	rf.rf_we	s15.m5_cyc_r$_DFF_P_/Q	rf.rf_we$_DFF_P_/D
79	0.6048	sI.mJ_cyc_r	rf.rf_ack	s15.m5_cyc_r$_DFF_P_/Q	rf.rf_ack$_DFF_P_/D
80	0.6211	mI.sJ_cyc_o	sI.next	m6.s5_cyc_o$_DFFE_PP0N_/Q	s5.next$_DFF_P_/D
81	0.6335	sI.mJ_cyc_r	rf.rf_sel_r	s15.m5_cyc_r$_DFF_P_/Q	rf.rf_sel_r$_DFF_P_/D
82	0.6556	sI.msel.arbJ.state[K]	sI.mast_sel_pe_r[J]	s3.msel.arb2.state[2]$_DFFE_PP0P_/Q	s3.mast_sel_pe_r[2]$_SDFF_PP0_/D
83	0.6646	mI.sJ_cyc_o	mI.sJ_cyc_o	m6.s5_cyc_o$_DFFE_PP0N_/Q	m6.s5_cyc_o$_DFFE_PP0N_/D
84	0.6896	sI.msel.pri_out[J]	sI.mast_sel_pe_r[J]	s10.msel.pri_out[2]$_DFF_P_/Q	s10.mast_sel_pe_r[0]$_SDFF_PP0_/D
85	0.7182	sI.mJ_cyc_r	sI.next	s11.m2_cyc_r$_DFF_P_/Q	s11.next$_DFF_P_/D
86	0.7481	sI.next	sI.msel.pri_out[J]	s0.next$_DFF_P_/QN	s0.msel.pri_out[1]$_DFF_P_/D
87	0.7504	rf.confI[J]	rf.confI[J]	rf.conf3[11]$_DFFE_PP0P_/Q	rf.conf3[11]$_DFFE_PP0P_/D
88	0.7608	sI.msel.pri_out[J]	sI.msel.pri_out[J]	s12.msel.pri_out[3]$_DFF_P_/Q	s12.msel.pri_out[3]$_DFF_P_/D
89	0.8174	mI.sJ_cyc_o	sI.mJ_cyc_r	m0.s1_cyc_o$_DFFE_PP0N_/Q	s1.m0_cyc_r$_DFF_P_/D
90	0.8298	rf.rf_we	rf.rf_we	rf.rf_we$_DFF_P_/QN	rf.rf_we$_DFF_P_/D
91	0.8321	rf.rf_ack	rf.rf_ack	rf.rf_ack$_DFF_P_/QN	rf.rf_ack$_DFF_P_/D
