# stage	1_synth
# top_module	wb_dma_top
# top_n	1000
# kind	blocks
# skip_async	1
# include_full	1
# rank	worst_slack_ns	start	end	start_full	end_full
1	-0.1678	uI.state[J]	wbIs_data_o[J]	u2.state[8]$_DFF_P_/Q	wb0s_data_o[0]
2	-0.1253	uI.uJ.state[K]	wbIs_data_o[J]	u1.u1.state[2]$_SDFFE_PN0P_/Q	wb0s_data_o[0]
3	-0.1202	uI.uJ.pri_outK[L]	wbIs_data_o[J]	u1.u0.pri_out0[1]$_DFF_P_/Q	wb0s_data_o[0]
4	-0.1161	wbI_addr_i[J]	wbIs_data_o[J]	wb0_addr_i[28]	wb1s_data_o[28]
5	-0.1010	wbI_addr_i[J]	wbI_addr_o[J]	wb0_addr_i[28]	wb1_addr_o[10]
6	-0.0938	wbI_addr_i[J]	wbI_cyc_o	wb0_addr_i[28]	wb1_cyc_o
7	-0.0868	wbI_addr_i[J]	wbI_sel_o[J]	wb0_addr_i[28]	wb1_sel_o[0]
8	-0.0862	wbI_addr_i[J]	wbI_ack_o	wb1_addr_i[29]	wb1_ack_o
9	-0.0769	wbI_addr_i[J]	wbI_err_o	wb0_addr_i[28]	wb0_err_o
10	-0.0769	wbI_addr_i[J]	wbI_rty_o	wb0_addr_i[28]	wb0_rty_o
11	-0.0757	uI.ch_sel_r[J]	wbIs_data_o[J]	u1.ch_sel_r[3]$_SDFFE_PN0P_/Q	wb0s_data_o[0]
12	-0.0699	wbI_addr_i[J]	wbIm_data_o[J]	wb1_addr_i[29]	wb1m_data_o[0]
13	-0.0532	wbI_cyc_i	wbI_addr_o[J]	wb0_cyc_i	wb1_addr_o[10]
14	-0.0495	wbI_addr_i[J]	wbI_stb_o	wb0_addr_i[28]	wb1_stb_o
15	-0.0495	wbI_addr_i[J]	wbI_we_o	wb0_addr_i[28]	wb1_we_o
16	-0.0298	wbI_cyc_i	wbI_ack_o	wb1_cyc_i	wb1_ack_o
17	-0.0181	wbI_cyc_i	wbIs_data_o[J]	wb0_cyc_i	wb1s_data_o[28]
18	-0.0167	wbI_cyc_i	wbI_err_o	wb0_cyc_i	wb0_err_o
19	-0.0167	wbI_cyc_i	wbI_rty_o	wb0_cyc_i	wb0_rty_o
20	-0.0116	wbI_cyc_i	wbI_cyc_o	wb0_cyc_i	wb1_cyc_o
21	-0.0050	wbI_cyc_i	wbIm_data_o[J]	wb1_cyc_i	wb1m_data_o[0]
22	-0.0049	wbI_ack_i	wbI_ack_o	wb0_ack_i	wb1_ack_o
23	0.0112	wbI_cyc_i	wbI_sel_o[J]	wb0_cyc_i	wb1_sel_o[0]
24	0.0122	wbI_cyc_i	wbI_stb_o	wb0_cyc_i	wb1_stb_o
25	0.0122	wbI_cyc_i	wbI_we_o	wb0_cyc_i	wb1_we_o
26	0.1004	uI.ndr_r[J]	wbIs_data_o[J]	u1.ndr_r[4]$_DFF_P_/Q	wb0s_data_o[0]
27	0.1092	uI.uJ.ch_csr_r[K]	wbIs_data_o[J]	u0.u14.ch_csr_r[2]$_SDFFE_PN0P_/Q	wb0s_data_o[6]
28	0.1654	wbI_stb_i	wbI_stb_o	wb1_stb_i	wb0_stb_o
29	0.1654	wbI_we_i	wbI_we_o	wb1_we_i	wb0_we_o
30	0.1654	wbIs_data_i[J]	wbIm_data_o[J]	wb1s_data_i[0]	wb0m_data_o[0]
31	0.1658	wbIm_data_i[J]	wbIs_data_o[J]	wb1m_data_i[0]	wb0s_data_o[0]
32	0.1773	wbI_sel_i[J]	wbI_sel_o[J]	wb1_sel_i[0]	wb0_sel_o[0]
33	0.1930	wbI_err_i	wbI_err_o	wb1_err_i	wb0_err_o
34	0.1930	wbI_rty_i	wbI_rty_o	wb1_rty_i	wb0_rty_o
35	0.1939	wbI_ack_i	uI.adrJ_cnt[K]	wb0_ack_i	u2.adr1_cnt[9]$_DFFE_PP_/D
36	0.2026	uI.state[J]	uI.adrJ_cnt[K]	u2.state[8]$_DFF_P_/Q	u2.adr1_cnt[9]$_DFFE_PP_/D
37	0.2049	wbI_ack_i	uI.mastJ_adr[K]	wb0_ack_i	u2.mast0_adr[12]$_DFF_P_/D
38	0.2056	uI.state[J]	uI.mastJ_adr[K]	u2.state[8]$_DFF_P_/Q	u2.mast0_adr[12]$_DFF_P_/D
39	0.2291	uI.uJ.state[K]	uI.mastJ_adr[K]	u1.u1.state[3]$_SDFFE_PN0P_/Q	u2.mast0_adr[12]$_DFF_P_/D
40	0.2314	uI.uJ.state[K]	uI.adrJ_cnt[K]	u1.u1.state[2]$_SDFFE_PN0P_/Q	u2.adr0_cnt[8]$_DFFE_PP_/D
41	0.2382	uI.state[J]	uI.uJ.mast_stb	u2.state[8]$_DFF_P_/Q	u3.u0.mast_stb$_DFF_P_/D
42	0.2397	uI.uJ.pri_outK[L]	uI.mastJ_adr[K]	u1.u0.pri_out0[1]$_DFF_P_/Q	u2.mast0_adr[12]$_DFF_P_/D
43	0.2421	uI.state[J]	uI.uJ.mast_cyc	u2.state[8]$_DFF_P_/Q	u3.u0.mast_cyc$_DFF_P_/D
44	0.2427	uI.uJ.pri_outK[L]	uI.adrJ_cnt[K]	u1.u0.pri_out0[1]$_DFF_P_/Q	u2.adr1_cnt[9]$_DFFE_PP_/D
45	0.2467	wbI_ack_i	uI.uJ.mast_stb	wb0_ack_i	u4.u0.mast_stb$_DFF_P_/D
46	0.2487	uI.state[J]	uI.chunk_J	u2.state[8]$_DFF_P_/Q	u2.chunk_0$_DFF_P_/D
47	0.2488	uI.state[J]	uI.chunk_cnt[J]	u2.state[8]$_DFF_P_/Q	u2.chunk_cnt[3]$_DFFE_PP_/D
48	0.2498	uI.state[J]	uI.uJ.ch_adrK_s[L]	u2.state[5]$_DFF_P_/Q	u0.u6.ch_adr1_s[10]$_DFFE_PP_/D
49	0.2506	wbI_ack_i	uI.uJ.mast_cyc	wb0_ack_i	u4.u0.mast_cyc$_DFF_P_/D
50	0.2537	uI.state[J]	uI.tsz_cnt[J]	u2.state[8]$_DFF_P_/Q	u2.tsz_cnt[6]$_DFFE_PP_/D
51	0.2551	uI.state[J]	uI.ch_sel_r[J]	u2.state[8]$_DFF_P_/Q	u1.ch_sel_r[0]$_SDFFE_PN0P_/D
52	0.2568	wbI_ack_i	uI.chunk_dec	wb0_ack_i	u2.chunk_dec$_DFF_P_/D
53	0.2589	uI.uJ.pri_outK[L]	uI.uJ.pointer_sr[K]	u1.u0.pri_out0[1]$_DFF_P_/Q	u0.u1.pointer_sr[17]$_DFFE_PP_/D
54	0.2615	uI.uJ.state[K]	uI.uJ.ch_chk_sz_r[K]	u1.u1.state[2]$_SDFFE_PN0P_/Q	u0.u8.ch_chk_sz_r[0]$_DFFE_PP_/D
55	0.2648	uI.state[J]	uI.uJ.pointer_sr[K]	u2.state[8]$_DFF_P_/Q	u0.u1.pointer_sr[17]$_DFFE_PP_/D
56	0.2651	uI.state[J]	uI.uJ.mast_we_r	u2.state[8]$_DFF_P_/Q	u3.u0.mast_we_r$_DFF_P_/D
57	0.2669	uI.uJ.pri_outK[L]	uI.uJ.pointer_r[K]	u1.u0.pri_out0[1]$_DFF_P_/Q	u0.u1.pointer_r[12]$_DFFE_PP_/D
58	0.2670	uI.state[J]	uI.state[J]	u2.state[8]$_DFF_P_/Q	u2.state[10]$_DFF_P_/D
59	0.2673	uI.state[J]	uI.uJ.ch_chk_sz_r[K]	u2.state[8]$_DFF_P_/Q	u0.u8.ch_chk_sz_r[0]$_DFFE_PP_/D
60	0.2674	uI.uJ.state[K]	uI.uJ.mast_stb	u1.u1.state[2]$_SDFFE_PN0P_/Q	u3.u0.mast_stb$_DFF_P_/D
61	0.2680	uI.uJ.state[K]	uI.uJ.ch_txsz_s[K]	u1.u1.state[2]$_SDFFE_PN0P_/Q	u0.u8.ch_txsz_s[10]$_DFFE_PP_/D
62	0.2701	uI.uJ.state[K]	uI.uJ.ch_adrK_s[L]	u1.u1.state[2]$_SDFFE_PN0P_/Q	u0.u8.ch_adr1_s[10]$_DFFE_PP_/D
63	0.2708	uI.state[J]	uI.uJ.ch_txsz_s[K]	u2.state[8]$_DFF_P_/Q	u0.u2.ch_txsz_s[10]$_DFFE_PP_/D
64	0.2710	uI.state[J]	uI.uJ.ch_tot_sz_r[K]	u2.state[8]$_DFF_P_/Q	u0.u6.ch_tot_sz_r[0]$_DFFE_PP_/D
65	0.2713	uI.uJ.state[K]	uI.chunk_cnt[J]	u1.u1.state[2]$_SDFFE_PN0P_/Q	u2.chunk_cnt[1]$_DFFE_PP_/D
66	0.2725	uI.uJ.pri_outK[L]	uI.uJ.mast_stb	u1.u0.pri_out0[1]$_DFF_P_/Q	u3.u0.mast_stb$_DFF_P_/D
67	0.2728	uI.state[J]	uI.uJ.pointer_r[K]	u2.state[8]$_DFF_P_/Q	u0.u1.pointer_r[12]$_DFFE_PP_/D
68	0.2731	uI.uJ.pri_outK[L]	uI.uJ.ch_chk_sz_r[K]	u1.u0.pri_out0[1]$_DFF_P_/Q	u0.u1.ch_chk_sz_r[0]$_DFFE_PP_/D
69	0.2737	uI.uJ.state[K]	uI.uJ.ch_csr_r[K]	u1.u1.state[2]$_SDFFE_PN0P_/Q	u0.u8.ch_csr_r[3]$_SDFFE_PN0P_/D
70	0.2739	uI.uJ.state[K]	uI.uJ.pointer_sr[K]	u1.u1.state[2]$_SDFFE_PN0P_/Q	u0.u8.pointer_sr[17]$_DFFE_PP_/D
71	0.2746	uI.uJ.state[K]	uI.uJ.int_src_r[K]	u1.u1.state[2]$_SDFFE_PN0P_/Q	u0.u8.int_src_r[1]$_SDFFE_PN0P_/D
72	0.2748	uI.uJ.state[K]	uI.uJ.mast_cyc	u1.u1.state[3]$_SDFFE_PN0P_/Q	u4.u0.mast_cyc$_DFF_P_/D
73	0.2795	uI.state[J]	uI.uJ.ch_csr_r[K]	u2.state[8]$_DFF_P_/Q	u0.u8.ch_csr_r[3]$_SDFFE_PN0P_/D
74	0.2800	uI.uJ.pri_outK[L]	uI.uJ.ch_txsz_s[K]	u1.u0.pri_out0[1]$_DFF_P_/Q	u0.u1.ch_txsz_s[10]$_DFFE_PP_/D
75	0.2805	uI.state[J]	uI.uJ.int_src_r[K]	u2.state[8]$_DFF_P_/Q	u0.u8.int_src_r[1]$_SDFFE_PN0P_/D
76	0.2811	uI.state[J]	uI.uJ.ch_done	u2.state[8]$_DFF_P_/Q	u0.u13.ch_done$_SDFFE_PN0P_/D
77	0.2811	uI.uJ.state[K]	uI.chunk_dec	u1.u1.state[3]$_SDFFE_PN0P_/Q	u2.chunk_dec$_DFF_P_/D
78	0.2832	uI.uJ.state[K]	uI.uJ.ch_done	u1.u1.state[2]$_SDFFE_PN0P_/Q	u0.u8.ch_done$_SDFFE_PN0P_/D
79	0.2845	wbI_ack_i	uI.read_r	wb0_ack_i	u2.read_r$_DFF_P_/D
80	0.2852	uI.state[J]	uI.read_r	u2.state[8]$_DFF_P_/Q	u2.read_r$_DFF_P_/D
81	0.2854	uI.uJ.pri_outK[L]	uI.uJ.mast_cyc	u1.u0.pri_out0[1]$_DFF_P_/Q	u4.u0.mast_cyc$_DFF_P_/D
82	0.2855	uI.uJ.pri_outK[L]	uI.uJ.ch_adrK_s[L]	u1.u0.pri_out0[1]$_DFF_P_/Q	u0.u8.ch_adr1_s[10]$_DFFE_PP_/D
83	0.2856	uI.ch_sel_r[J]	uI.mastJ_adr[K]	u1.ch_sel_r[2]$_SDFFE_PN0P_/Q	u2.mast0_adr[12]$_DFF_P_/D
84	0.2860	uI.uJ.pri_outK[L]	uI.uJ.ch_csr_r[K]	u1.u0.pri_out0[1]$_DFF_P_/Q	u0.u1.ch_csr_r[1]$_SDFFE_PN0P_/D
85	0.2866	uI.uJ.state[K]	uI.uJ.mast_we_r	u1.u1.state[2]$_SDFFE_PN0P_/Q	u3.u0.mast_we_r$_DFF_P_/D
86	0.2866	uI.uJ.pri_outK[L]	uI.chunk_cnt[J]	u1.u0.pri_out0[1]$_DFF_P_/Q	u2.chunk_cnt[1]$_DFFE_PP_/D
87	0.2869	uI.uJ.state[K]	uI.uJ.pointer_r[K]	u1.u1.state[0]$_SDFFE_PN0P_/Q	u0.u1.pointer_r[10]$_DFFE_PP_/D
88	0.2879	uI.uJ.state[K]	uI.tsz_cnt[J]	u1.u1.state[2]$_SDFFE_PN0P_/Q	u2.tsz_cnt[11]$_DFFE_PP_/D
89	0.2882	uI.uJ.pri_outK[L]	uI.uJ.int_src_r[K]	u1.u0.pri_out0[1]$_DFF_P_/Q	u0.u1.int_src_r[1]$_SDFFE_PN0P_/D
90	0.2891	uI.uJ.state[K]	uI.uJ.ch_eol	u1.u1.state[2]$_SDFFE_PN0P_/Q	u0.u8.ch_eol$_SDFFE_PN0P_/D
91	0.2917	uI.uJ.pri_outK[L]	uI.chunk_dec	u1.u0.pri_out0[1]$_DFF_P_/Q	u2.chunk_dec$_DFF_P_/D
92	0.2917	uI.uJ.state[K]	uI.uJ.ch_tot_sz_r[K]	u1.u1.state[2]$_SDFFE_PN0P_/Q	u0.u8.ch_tot_sz_r[10]$_DFFE_PP_/D
93	0.2918	uI.uJ.pri_outK[L]	uI.uJ.mast_we_r	u1.u0.pri_out0[1]$_DFF_P_/Q	u3.u0.mast_we_r$_DFF_P_/D
94	0.2935	uI.ch_sel_r[J]	uI.adrJ_cnt[K]	u1.ch_sel_r[2]$_SDFFE_PN0P_/Q	u2.adr0_cnt[8]$_DFFE_PP_/D
95	0.2949	uI.state[J]	uI.uJ.ch_eol	u2.state[8]$_DFF_P_/Q	u0.u8.ch_eol$_SDFFE_PN0P_/D
96	0.2966	uI.uJ.pri_outK[L]	uI.tsz_cnt[J]	u1.u0.pri_out0[1]$_DFF_P_/Q	u2.tsz_cnt[10]$_DFFE_PP_/D
97	0.2968	uI.uJ.pri_outK[L]	uI.uJ.ch_done	u1.u0.pri_out0[1]$_DFF_P_/Q	u0.u1.ch_done$_SDFFE_PN0P_/D
98	0.2968	uI.state[J]	uI.uJ.ch_adrK_r[L]	u2.state[5]$_DFF_P_/Q	u0.u14.ch_adr1_r[7]$_DFFE_PP_/D
99	0.2984	uI.uJ.pri_outK[L]	uI.uJ.ch_eol	u1.u0.pri_out0[1]$_DFF_P_/Q	u0.u1.ch_eol$_SDFFE_PN0P_/D
100	0.2998	wbI_ack_i	uI.state[J]	wb0_ack_i	u2.state[8]$_DFF_P_/D
101	0.3009	uI.uJ.state[K]	uI.chunk_J	u1.u1.state[2]$_SDFFE_PN0P_/Q	u2.chunk_0$_DFF_P_/D
102	0.3018	uI.uJ.pri_outK[L]	uI.chunk_J	u1.u0.pri_out0[1]$_DFF_P_/Q	u2.chunk_0$_DFF_P_/D
103	0.3039	uI.uJ.pri_outK[L]	uI.uJ.ch_tot_sz_r[K]	u1.u0.pri_out0[1]$_DFF_P_/Q	u0.u10.ch_tot_sz_r[1]$_DFFE_PP_/D
104	0.3057	uI.state[J]	uI.uJ.ptr_valid	u2.state[8]$_DFF_P_/Q	u0.u2.ptr_valid$_SDFFE_PN0P_/D
105	0.3066	uI.uJ.slv_adr[K]	_I_	u3.u1.slv_adr[7]$_DFF_P_/Q	_58592_/D
106	0.3085	uI.uJ.slv_adr[K]	uI.uJ.ch_adrK_s[L]	u3.u1.slv_adr[7]$_DFF_P_/QN	u0.u14.ch_adr1_s[8]$_DFFE_PP_/D
107	0.3088	uI.uJ.state[K]	uI.read_r	u1.u1.state[3]$_SDFFE_PN0P_/Q	u2.read_r$_DFF_P_/D
108	0.3112	uI.ch_sel_r[J]	uI.uJ.ch_adrK_s[L]	u1.ch_sel_r[0]$_SDFFE_PN0P_/Q	u0.u11.ch_adr1_s[17]$_DFFE_PP_/D
109	0.3126	uI.uJ.slv_adr[K]	uI.uJ.ch_csr_rK[L]	u3.u1.slv_adr[7]$_DFF_P_/QN	u0.u14.ch_csr_r2[0]$_SDFFE_PN0P_/D
110	0.3133	uI.uJ.slv_adr[K]	uI.uJ.ch_amK_r[L]	u3.u1.slv_adr[7]$_DFF_P_/QN	u0.u14.ch_am0_r[7]$_SDFFE_PN1P_/D
111	0.3136	uI.uJ.slv_adr[K]	uI.uJ.ch_adrK_r[L]	u3.u1.slv_adr[7]$_DFF_P_/QN	u0.u14.ch_adr1_r[8]$_DFFE_PP_/D
112	0.3144	uI.uJ.slv_adr[K]	uI.uJ.pointer_r[K]	u3.u1.slv_adr[7]$_DFF_P_/Q	u0.u9.pointer_r[10]$_DFFE_PP_/D
113	0.3146	uI.uJ.state[K]	uI.state[J]	u1.u1.state[3]$_SDFFE_PN0P_/Q	u2.state[10]$_DFF_P_/D
114	0.3152	uI.ch_sel_r[J]	uI.tsz_cnt[J]	u1.ch_sel_r[0]$_SDFFE_PN0P_/Q	u2.tsz_cnt[10]$_DFFE_PP_/D
115	0.3158	uI.ch_sel_r[J]	uI.uJ.pointer_sr[K]	u1.ch_sel_r[0]$_SDFFE_PN0P_/Q	u0.u15.pointer_sr[17]$_DFFE_PP_/D
116	0.3163	uI.uJ.state[K]	uI.uJ.state[K]	u1.u1.state[4]$_SDFFE_PN0P_/Q	u1.u1.state[3]$_SDFFE_PN0P_/D
117	0.3168	uI.uJ.pri_outK[L]	uI.uJ.ch_adrK_r[L]	u1.u0.pri_out0[1]$_DFF_P_/Q	u0.u4.ch_adr0_r[0]$_DFFE_PP_/D
118	0.3176	uI.state[J]	uI.ack_o[J]	u2.state[8]$_DFF_P_/Q	u1.ack_o[11]$_DFF_P_/D
119	0.3193	uI.uJ.pri_outK[L]	uI.read_r	u1.u0.pri_out0[1]$_DFF_P_/Q	u2.read_r$_DFF_P_/D
120	0.3201	uI.uJ.pri_outK[L]	uI.state[J]	u1.u0.pri_out0[1]$_DFF_P_/Q	u2.state[10]$_DFF_P_/D
121	0.3205	uI.ch_sel_r[J]	uI.uJ.mast_stb	u1.ch_sel_r[0]$_SDFFE_PN0P_/Q	u3.u0.mast_stb$_DFF_P_/D
122	0.3210	uI.ch_sel_r[J]	uI.uJ.int_src_r[K]	u1.ch_sel_r[0]$_SDFFE_PN0P_/Q	u0.u3.int_src_r[1]$_SDFFE_PN0P_/D
123	0.3239	uI.uJ.ch_csr_r[K]	uI.uJ.state[K]	u0.u6.ch_csr_r[0]$_SDFFE_PN0P_/Q	u1.u1.state[3]$_SDFFE_PN0P_/D
124	0.3239	uI.uJ.slv_adr[K]	uI.uJ.ch_tot_sz_r[K]	u3.u1.slv_adr[7]$_DFF_P_/QN	u0.u5.ch_tot_sz_r[10]$_DFFE_PP_/D
125	0.3239	uI.uJ.slv_adr[K]	uI.uJ.ch_txsz_s[K]	u3.u1.slv_adr[7]$_DFF_P_/QN	u0.u5.ch_txsz_s[10]$_DFFE_PP_/D
126	0.3244	uI.uJ.pri_outK[L]	uI.uJ.ptr_valid	u1.u0.pri_out0[1]$_DFF_P_/Q	u0.u1.ptr_valid$_SDFFE_PN0P_/D
127	0.3247	uI.ch_sel_r[J]	uI.uJ.ch_csr_r[K]	u1.ch_sel_r[0]$_SDFFE_PN0P_/Q	u0.u15.ch_csr_r[1]$_SDFFE_PN0P_/D
128	0.3256	uI.uJ.state[K]	uI.uJ.ptr_valid	u1.u1.state[2]$_SDFFE_PN0P_/Q	u0.u8.ptr_valid$_SDFFE_PN0P_/D
129	0.3268	wbI_ack_i	uI.write_hold_r	wb0_ack_i	u2.write_hold_r$_DFF_P_/D
130	0.3274	uI.ch_sel_r[J]	uI.uJ.ch_txsz_s[K]	u1.ch_sel_r[0]$_SDFFE_PN0P_/Q	u0.u15.ch_txsz_s[10]$_DFFE_PP_/D
131	0.3277	uI.ch_sel_r[J]	uI.chunk_cnt[J]	u1.ch_sel_r[0]$_SDFFE_PN0P_/Q	u2.chunk_cnt[1]$_DFFE_PP_/D
132	0.3295	uI.ch_sel_r[J]	uI.uJ.ch_done	u1.ch_sel_r[0]$_SDFFE_PN0P_/Q	u0.u3.ch_done$_SDFFE_PN0P_/D
133	0.3313	uI.ch_sel_r[J]	uI.uJ.mast_cyc	u1.ch_sel_r[2]$_SDFFE_PN0P_/Q	u4.u0.mast_cyc$_DFF_P_/D
134	0.3318	uI.ch_sel_r[J]	uI.uJ.ch_chk_sz_r[K]	u1.ch_sel_r[0]$_SDFFE_PN0P_/Q	u0.u7.ch_chk_sz_r[0]$_DFFE_PP_/D
135	0.3323	uI.uJ.state[K]	uI.uJ.ch_adrK_r[L]	u1.u1.state[3]$_SDFFE_PN0P_/Q	u0.u4.ch_adr0_r[0]$_DFFE_PP_/D
136	0.3337	uI.state[J]	uI.uJ.ch_rl	u2.state[8]$_DFF_P_/Q	u0.u2.ch_rl$_DFF_P_/D
137	0.3346	uI.ch_sel_r[J]	uI.uJ.ch_eol	u1.ch_sel_r[0]$_SDFFE_PN0P_/Q	u0.u3.ch_eol$_SDFFE_PN0P_/D
138	0.3362	uI.uJ.slv_adr[K]	uI.uJ.sw_pointer_r[K]	u3.u1.slv_adr[7]$_DFF_P_/Q	u0.u9.sw_pointer_r[10]$_SDFFE_PN0P_/D
139	0.3376	uI.ch_sel_r[J]	uI.chunk_dec	u1.ch_sel_r[2]$_SDFFE_PN0P_/Q	u2.chunk_dec$_DFF_P_/D
140	0.3397	uI.ch_sel_r[J]	uI.uJ.mast_we_r	u1.ch_sel_r[0]$_SDFFE_PN0P_/Q	u3.u0.mast_we_r$_DFF_P_/D
141	0.3410	uI.state[J]	uI.write_hold_r	u2.state[8]$_DFF_P_/Q	u2.write_hold_r$_DFF_P_/D
142	0.3432	uI.uJ.slv_adr[K]	uI.uJ.ch_done	u3.u1.slv_adr[7]$_DFF_P_/QN	u0.u14.ch_done$_SDFFE_PN0P_/D
143	0.3438	wbI_ack_i	uI.uJ.mast_we_r	wb0_ack_i	u3.u0.mast_we_r$_DFF_P_/D
144	0.3459	uI.ch_sel_r[J]	uI.chunk_J	u1.ch_sel_r[0]$_SDFFE_PN0P_/Q	u2.chunk_0$_DFF_P_/D
145	0.3461	uI.ch_sel_r[J]	uI.uJ.pointer_r[K]	u1.ch_sel_r[2]$_SDFFE_PN0P_/Q	u0.u1.pointer_r[10]$_DFFE_PP_/D
146	0.3543	wbI_ack_i	uI.uJ.mast_dout[K]	wb0_ack_i	u3.u0.mast_dout[16]$_DFFE_PP_/D
147	0.3544	wbI_ack_i	uI.write_r	wb0_ack_i	u2.write_r$_DFF_P_/D
148	0.3554	uI.state[J]	uI.next_start	u2.state[8]$_DFF_P_/Q	u1.next_start$_DFF_P_/D
149	0.3589	uI.uJ.state[K]	uI.uJ.ch_rl	u1.u1.state[2]$_SDFFE_PN0P_/Q	u0.u8.ch_rl$_DFF_P_/D
150	0.3597	uI.state[J]	uI.write_r	u2.state[8]$_DFF_P_/Q	u2.write_r$_DFF_P_/D
151	0.3606	uI.uJ.mast_dout[K]	wbIs_data_o[J]	u3.u0.mast_dout[6]$_DFFE_PP_/Q	wb0s_data_o[6]
152	0.3609	uI.uJ.state[K]	uI.ack_o[J]	u1.u1.state[2]$_SDFFE_PN0P_/Q	u1.ack_o[8]$_DFF_P_/D
153	0.3631	uI.state[J]	uI.next_ch	u2.state[8]$_DFF_P_/Q	u2.next_ch$_DFF_P_/D
154	0.3653	uI.ch_sel_r[J]	uI.read_r	u1.ch_sel_r[2]$_SDFFE_PN0P_/Q	u2.read_r$_DFF_P_/D
155	0.3669	uI.uJ.pri_outK[L]	uI.uJ.ch_rl	u1.u0.pri_out0[1]$_DFF_P_/Q	u0.u1.ch_rl$_DFF_P_/D
156	0.3677	uI.uJ.slv_adr[K]	uI.uJ.rest_en	u3.u1.slv_adr[7]$_DFF_P_/QN	u0.u14.rest_en$_SDFFE_PN0P_/D
157	0.3677	uI.ch_sel_r[J]	uI.uJ.ptr_valid	u1.ch_sel_r[0]$_SDFFE_PN0P_/Q	u0.u15.ptr_valid$_SDFFE_PN0P_/D
158	0.3696	uI.state[J]	uI.uJ.ch_err	u2.state[8]$_DFF_P_/Q	u0.u2.ch_err$_SDFFE_PN0P_/D
159	0.3708	uI.uJ.slv_adr[K]	uI.uJ.ch_stop	u3.u1.slv_adr[7]$_DFF_P_/QN	u0.u14.ch_stop$_DFF_P_/D
160	0.3711	uI.ch_sel_r[J]	uI.state[J]	u1.ch_sel_r[2]$_SDFFE_PN0P_/Q	u2.state[10]$_DFF_P_/D
161	0.3715	uI.uJ.pri_outK[L]	uI.write_hold_r	u1.u0.pri_out0[1]$_DFF_P_/Q	u2.write_hold_r$_DFF_P_/D
162	0.3719	uI.uJ.pri_outK[L]	uI.uJ.ch_err	u1.u0.pri_out0[1]$_DFF_P_/Q	u0.u1.ch_err$_SDFFE_PN0P_/D
163	0.3721	uI.ch_sel_r[J]	uI.uJ.ch_tot_sz_r[K]	u1.ch_sel_r[0]$_SDFFE_PN0P_/Q	u0.u15.ch_tot_sz_r[11]$_DFFE_PP_/D
164	0.3731	uI.uJ.pri_outK[L]	uI.ack_o[J]	u1.u0.pri_out0[1]$_DFF_P_/Q	u1.ack_o[1]$_DFF_P_/D
165	0.3740	uI.ch_sel_r[J]	uI.uJ.ch_adrK_r[L]	u1.ch_sel_r[0]$_SDFFE_PN0P_/Q	u0.u11.ch_adr0_r[0]$_DFFE_PP_/D
166	0.3776	uI.uJ.slv_adr[K]	uI.uJ.ch_sz_inf	u3.u1.slv_adr[7]$_DFF_P_/QN	u0.u5.ch_sz_inf$_DFFE_PP_/D
167	0.3783	uI.uJ.slv_adr[K]	uI.uJ.ch_chk_sz_r[K]	u3.u1.slv_adr[7]$_DFF_P_/QN	u0.u5.ch_chk_sz_r[1]$_DFFE_PP_/D
168	0.3790	uI.uJ.state[K]	uI.next_start	u1.u1.state[3]$_SDFFE_PN0P_/Q	u1.next_start$_DFF_P_/D
169	0.3802	uI.uJ.slv_adr[K]	uI.int_maska_r[J]	u3.u1.slv_adr[6]$_DFF_P_/Q	u0.int_maska_r[26]$_SDFFE_PN0P_/D
170	0.3823	uI.uJ.ch_csr_rK[L]	uI.uJ.state[K]	u0.u6.ch_csr_r2[0]$_SDFFE_PN0P_/QN	u1.u1.state[3]$_SDFFE_PN0P_/D
171	0.3830	uI.req_r[J]	uI.uJ.state[K]	u1.req_r[6]$_DFF_P_/Q	u1.u1.state[3]$_SDFFE_PN0P_/D
172	0.3833	uI.uJ.state[K]	uI.write_r	u1.u1.state[3]$_SDFFE_PN0P_/Q	u2.write_r$_DFF_P_/D
173	0.3833	uI.uJ.state[K]	uI.ch_sel_r[J]	u1.u1.state[3]$_SDFFE_PN0P_/Q	u1.ch_sel_r[3]$_SDFFE_PN0P_/D
174	0.3841	uI.state[J]	uI.de_start_r	u2.state[8]$_DFF_P_/Q	u1.de_start_r$_DFF_P_/D
175	0.3849	uI.uJ.pri_outK[L]	uI.ch_sel_r[J]	u1.u0.pri_out0[1]$_DFF_P_/Q	u1.ch_sel_r[0]$_SDFFE_PN0P_/D
176	0.3873	uI.uJ.slv_adr[K]	uI.wb_rf_dout[J]	u3.u1.slv_adr[7]$_DFF_P_/Q	u0.wb_rf_dout[0]$_DFFE_PP_/D
177	0.3905	uI.uJ.slv_adr[K]	uI.int_maskb_r[J]	u3.u1.slv_adr[6]$_DFF_P_/Q	u0.int_maskb_r[0]$_SDFFE_PN0P_/D
178	0.3909	uI.uJ.state[K]	uI.write_hold_r	u1.u1.state[2]$_SDFFE_PN0P_/Q	u2.write_hold_r$_DFF_P_/D
179	0.3919	uI.uJ.state[K]	uI.uJ.ch_err	u1.u1.state[0]$_SDFFE_PN0P_/Q	u0.u1.ch_err$_SDFFE_PN0P_/D
180	0.3937	uI.uJ.ch_csr_r[K]	uI.adrJ_cnt[K]	u0.u11.ch_csr_r[1]$_SDFFE_PN0P_/Q	u2.adr1_cnt[9]$_DFFE_PP_/D
181	0.3938	uI.uJ.pri_outK[L]	uI.write_r	u1.u0.pri_out0[1]$_DFF_P_/Q	u2.write_r$_DFF_P_/D
182	0.3955	uI.state[J]	uI.tsz_cnt_is_J_r	u2.state[8]$_DFF_P_/Q	u2.tsz_cnt_is_0_r$_DFF_P_/D
183	0.3961	uI.uJ.slv_adr[K]	uI.uJ.int_src_r[K]	u3.u1.slv_adr[7]$_DFF_P_/Q	u0.u10.int_src_r[0]$_SDFFE_PN0P_/D
184	0.3998	uI.ch_sel_r[J]	uI.uJ.ch_rl	u1.ch_sel_r[0]$_SDFFE_PN0P_/Q	u0.u3.ch_rl$_DFF_P_/D
185	0.4023	uI.ack_o[J]	uI.uJ.state[K]	u1.ack_o[6]$_DFF_P_/QN	u1.u1.state[3]$_SDFFE_PN0P_/D
186	0.4060	uI.ch_sel_r[J]	uI.ack_o[J]	u1.ch_sel_r[0]$_SDFFE_PN0P_/Q	u1.ack_o[3]$_DFF_P_/D
187	0.4070	wbI_addr_i[J]	uI.uJ.slv_re	wb0_addr_i[28]	u3.u1.slv_re$_DFF_P_/D
188	0.4076	uI.ch_sel_r[J]	uI.ch_sel_r[J]	u1.ch_sel_r[0]$_SDFFE_PN0P_/Q	u1.ch_sel_r[0]$_SDFFE_PN0P_/D
189	0.4077	uI.uJ.state[K]	uI.de_start_r	u1.u1.state[3]$_SDFFE_PN0P_/Q	u1.de_start_r$_DFF_P_/D
190	0.4093	uI.uJ.state[K]	uI.tsz_cnt_is_J_r	u1.u2.state[4]$_SDFFE_PN0P_/Q	u2.tsz_cnt_is_0_r$_DFF_P_/D
191	0.4102	uI.uJ.ch_csr_r[K]	uI.mastJ_adr[K]	u0.u11.ch_csr_r[1]$_SDFFE_PN0P_/Q	u2.mast0_adr[12]$_DFF_P_/D
192	0.4197	uI.tsz_cnt[J]	wbIs_data_o[J]	u2.tsz_cnt[8]$_DFFE_PP_/Q	wb0s_data_o[8]
193	0.4207	uI.uJ.state[K]	uI.next_ch	u1.u1.state[2]$_SDFFE_PN0P_/Q	u2.next_ch$_DFF_P_/D
194	0.4300	uI.uJ.pri_outK[L]	uI.next_start	u1.u0.pri_out0[1]$_DFF_P_/Q	u1.next_start$_DFF_P_/D
195	0.4311	uI.uJ.pri_outK[L]	uI.next_ch	u1.u0.pri_out0[1]$_DFF_P_/Q	u2.next_ch$_DFF_P_/D
196	0.4339	uI.uJ.pri_outK[L]	uI.tsz_cnt_is_J_r	u1.u0.pri_out0[1]$_DFF_P_/Q	u2.tsz_cnt_is_0_r$_DFF_P_/D
197	0.4355	uI.ch_sel_r[J]	uI.next_start	u1.ch_sel_r[2]$_SDFFE_PN0P_/Q	u1.next_start$_DFF_P_/D
198	0.4384	wbI_addr_i[J]	uI.uJ.slv_we	wb0_addr_i[28]	u3.u1.slv_we$_DFF_P_/D
199	0.4398	uI.ch_sel_r[J]	uI.write_r	u1.ch_sel_r[2]$_SDFFE_PN0P_/Q	u2.write_r$_DFF_P_/D
200	0.4507	uI.ch_sel_r[J]	uI.write_hold_r	u1.ch_sel_r[2]$_SDFFE_PN0P_/Q	u2.write_hold_r$_DFF_P_/D
201	0.4510	uI.ch_sel_r[J]	uI.uJ.ch_err	u1.ch_sel_r[2]$_SDFFE_PN0P_/Q	u0.u1.ch_err$_SDFFE_PN0P_/D
202	0.4521	uI.uJ.ch_csr_r[K]	uI.uJ.mast_stb	u0.u11.ch_csr_r[1]$_SDFFE_PN0P_/Q	u4.u0.mast_stb$_DFF_P_/D
203	0.4559	uI.uJ.ch_csr_r[K]	uI.uJ.mast_cyc	u0.u11.ch_csr_r[1]$_SDFFE_PN0P_/Q	u4.u0.mast_cyc$_DFF_P_/D
204	0.4587	uI.uJ.pri_outK[L]	uI.de_start_r	u1.u0.pri_out0[1]$_DFF_P_/Q	u1.de_start_r$_DFF_P_/D
205	0.4603	wbI_cyc_i	uI.uJ.slv_re	wb0_cyc_i	u3.u1.slv_re$_DFF_P_/D
206	0.4609	uI.uJ.ch_sz_inf	uI.mastJ_adr[K]	u0.u10.ch_sz_inf$_DFFE_PP_/Q	u2.mast0_adr[12]$_DFF_P_/D
207	0.4622	uI.uJ.ch_csr_r[K]	uI.chunk_dec	u0.u11.ch_csr_r[1]$_SDFFE_PN0P_/Q	u2.chunk_dec$_DFF_P_/D
208	0.4643	uI.ch_sel_r[J]	uI.de_start_r	u1.ch_sel_r[2]$_SDFFE_PN0P_/Q	u1.de_start_r$_DFF_P_/D
209	0.4697	uI.adrJ_cnt[K]	uI.adrJ_cnt[K]	u2.adr1_cnt[16]$_DFFE_PP_/Q	u2.adr1_cnt[28]$_DFFE_PP_/D
210	0.4729	uI.ch_sel_r[J]	uI.tsz_cnt_is_J_r	u1.ch_sel_r[1]$_SDFFE_PN0P_/Q	u2.tsz_cnt_is_0_r$_DFF_P_/D
211	0.4770	uI.ch_sel_r[J]	uI.next_ch	u1.ch_sel_r[3]$_SDFFE_PN0P_/Q	u2.next_ch$_DFF_P_/D
212	0.4810	uI.uJ.out_r[K]	uI.adrJ_cnt[K]	u2.u1.out_r[16]$_DFF_P_/Q	u2.adr1_cnt[28]$_DFFE_PP_/D
213	0.4851	uI.ndr_r[J]	uI.mastJ_adr[K]	u1.ndr_r[4]$_DFF_P_/Q	u2.mast0_adr[18]$_DFF_P_/D
214	0.4899	uI.uJ.ch_csr_r[K]	uI.read_r	u0.u11.ch_csr_r[1]$_SDFFE_PN0P_/Q	u2.read_r$_DFF_P_/D
215	0.4907	uI.uJ.ch_csr_r[K]	uI.ch_sel_r[J]	u0.u9.ch_csr_r[0]$_SDFFE_PN0P_/Q	u1.ch_sel_r[0]$_SDFFE_PN0P_/D
216	0.4917	wbI_cyc_i	uI.uJ.slv_we	wb0_cyc_i	u3.u1.slv_we$_DFF_P_/D
217	0.4941	uI.tsz_cnt[J]	uI.mastJ_adr[K]	u2.tsz_cnt[3]$_DFFE_PP_/Q	u2.mast0_adr[12]$_DFF_P_/D
218	0.5007	uI.ndr_r[J]	uI.uJ.mast_stb	u1.ndr_r[4]$_DFF_P_/Q	u3.u0.mast_stb$_DFF_P_/D
219	0.5022	wbI_err_i	uI.dma_abort_r	wb1_err_i	u2.dma_abort_r$_DFF_P_/D
220	0.5027	uI.uJ.ch_sz_inf	uI.uJ.mast_stb	u0.u10.ch_sz_inf$_DFFE_PP_/Q	u4.u0.mast_stb$_DFF_P_/D
221	0.5027	wbI_stb_i	uI.uJ.slv_re	wb0_stb_i	u3.u1.slv_re$_DFF_P_/D
222	0.5046	uI.ndr_r[J]	uI.uJ.mast_cyc	u1.ndr_r[4]$_DFF_P_/Q	u3.u0.mast_cyc$_DFF_P_/D
223	0.5051	uI.req_r[J]	uI.ch_sel_r[J]	u1.req_r[9]$_DFF_P_/Q	u1.ch_sel_r[0]$_SDFFE_PN0P_/D
224	0.5052	uI.uJ.ch_csr_r[K]	uI.state[J]	u0.u11.ch_csr_r[1]$_SDFFE_PN0P_/Q	u2.state[8]$_DFF_P_/D
225	0.5066	uI.uJ.ch_sz_inf	uI.uJ.mast_cyc	u0.u10.ch_sz_inf$_DFFE_PP_/Q	u4.u0.mast_cyc$_DFF_P_/D
226	0.5109	_I_	wbIm_data_o[J]	_58583_/Q	wb0m_data_o[10]
227	0.5114	uI.uJ.ch_csr_r[K]	uI.tsz_cnt[J]	u0.u9.ch_csr_r[0]$_SDFFE_PN0P_/Q	u2.tsz_cnt[0]$_DFFE_PP_/D
228	0.5122	uI.wb_rf_dout[J]	wbIm_data_o[J]	u0.wb_rf_dout[0]$_DFFE_PP_/Q	wb0m_data_o[0]
229	0.5129	uI.uJ.ch_sz_inf	uI.chunk_dec	u0.u10.ch_sz_inf$_DFFE_PP_/Q	u2.chunk_dec$_DFF_P_/D
230	0.5136	uI.uJ.ch_sz_inf	uI.uJ.int_src_r[K]	u0.u10.ch_sz_inf$_DFFE_PP_/Q	u0.u2.int_src_r[2]$_SDFFE_PN0P_/D
231	0.5142	uI.mastJ_adr[K]	wbI_addr_o[J]	u2.mast0_adr[30]$_DFF_P_/Q	wb0_addr_o[30]
232	0.5145	uI.uJ.rf_ack	wbI_ack_o	u3.u1.rf_ack$_DFF_P_/Q	wb0_ack_o
233	0.5145	uI.uJ.mast_stb	wbI_stb_o	u3.u0.mast_stb$_DFF_P_/Q	wb0_stb_o
234	0.5145	uI.uJ.mast_we_r	wbI_we_o	u3.u0.mast_we_r$_DFF_P_/Q	wb0_we_o
235	0.5176	uI.req_r[J]	uI.adrJ_cnt[K]	u1.req_r[9]$_DFF_P_/Q	u2.adr0_cnt[28]$_DFFE_PP_/D
236	0.5176	wbI_cyc_i	uI.uJ.rf_ack	wb0_cyc_i	u3.u1.rf_ack$_DFF_P_/D
237	0.5192	uI.uJ.slv_adr[K]	uI.uJ.ch_err	u3.u1.slv_adr[9]$_DFF_P_/Q	u0.u1.ch_err$_SDFFE_PN0P_/D
238	0.5200	uI.tsz_cnt[J]	uI.tsz_cnt[J]	u2.tsz_cnt[1]$_DFFE_PP_/Q	u2.tsz_cnt[11]$_DFFE_PP_/D
239	0.5257	uI.req_r[J]	uI.tsz_cnt[J]	u1.req_r[9]$_DFF_P_/Q	u2.tsz_cnt[0]$_DFFE_PP_/D
240	0.5257	uI.ack_o[J]	uI.ch_sel_r[J]	u1.ack_o[9]$_DFF_P_/QN	u1.ch_sel_r[0]$_SDFFE_PN0P_/D
241	0.5276	uI.uJ.mast_cyc	wbI_cyc_o	u3.u0.mast_cyc$_DFF_P_/Q	wb0_cyc_o
242	0.5296	uI.uJ.slv_we	uI.uJ.pointer_r[K]	u3.u1.slv_we$_DFF_P_/Q	u0.u11.pointer_r[10]$_DFFE_PP_/D
243	0.5302	uI.req_r[J]	uI.state[J]	u1.req_r[9]$_DFF_P_/Q	u2.state[10]$_DFF_P_/D
244	0.5311	uI.mastJ_drdy_r	uI.uJ.ch_txsz_s[K]	u2.mast0_drdy_r$_DFF_P_/Q	u0.u15.ch_txsz_s[10]$_DFFE_PP_/D
245	0.5315	uI.uJ.ch_sz_inf	uI.ack_o[J]	u0.u10.ch_sz_inf$_DFFE_PP_/Q	u1.ack_o[11]$_DFF_P_/D
246	0.5316	uI.chunk_cnt[J]	uI.mastJ_adr[K]	u2.chunk_cnt[1]$_DFFE_PP_/QN	u2.mast0_adr[12]$_DFF_P_/D
247	0.5322	uI.uJ.ch_csr_r[K]	uI.write_hold_r	u0.u11.ch_csr_r[1]$_SDFFE_PN0P_/Q	u2.write_hold_r$_DFF_P_/D
248	0.5332	uI.ndr_r[J]	uI.uJ.mast_we_r	u1.ndr_r[4]$_DFF_P_/Q	u3.u0.mast_we_r$_DFF_P_/D
249	0.5338	uI.uJ.ch_csr_r[K]	uI.chunk_cnt[J]	u0.u9.ch_csr_r[0]$_SDFFE_PN0P_/Q	u2.chunk_cnt[3]$_DFFE_PP_/D
250	0.5341	wbI_stb_i	uI.uJ.slv_we	wb0_stb_i	u3.u1.slv_we$_DFF_P_/D
251	0.5353	uI.ack_o[J]	uI.adrJ_cnt[K]	u1.ack_o[9]$_DFF_P_/QN	u2.adr0_cnt[11]$_DFFE_PP_/D
252	0.5360	uI.tsz_cnt[J]	uI.uJ.mast_stb	u2.tsz_cnt[3]$_DFFE_PP_/Q	u4.u0.mast_stb$_DFF_P_/D
253	0.5382	uI.uJ.ch_amK_r[L]	_I_	u0.u12.ch_am1_r[14]$_SDFFE_PN1P_/Q	_58591_/D
254	0.5386	dma_rest_i[I]	uI.uJ.ptr_valid	dma_rest_i[4]	u0.u4.ptr_valid$_SDFFE_PN0P_/D
255	0.5397	uI.ndr_r[J]	uI.uJ.ch_done	u1.ndr_r[8]$_DFF_P_/Q	u0.u13.ch_done$_SDFFE_PN0P_/D
256	0.5398	uI.tsz_cnt[J]	uI.uJ.mast_cyc	u2.tsz_cnt[3]$_DFFE_PP_/Q	u4.u0.mast_cyc$_DFF_P_/D
257	0.5405	uI.uJ.ch_sz_inf	uI.read_r	u0.u10.ch_sz_inf$_DFFE_PP_/Q	u2.read_r$_DFF_P_/D
258	0.5410	uI.uJ.ch_csr_rK[L]	_I_	u0.u5.ch_csr_r3[1]$_SDFFE_PN0P_/Q	_58591_/D
259	0.5429	uI.chunk_cnt[J]	uI.uJ.ch_done	u2.chunk_cnt[1]$_DFFE_PP_/QN	u0.u13.ch_done$_SDFFE_PN0P_/D
260	0.5442	uI.ndr_r[J]	uI.uJ.int_src_r[K]	u1.ndr_r[8]$_DFF_P_/Q	u0.u13.int_src_r[1]$_SDFFE_PN0P_/D
261	0.5461	uI.req_r[J]	uI.chunk_cnt[J]	u1.req_r[9]$_DFF_P_/Q	u2.chunk_cnt[3]$_DFFE_PP_/D
262	0.5461	uI.tsz_cnt[J]	uI.chunk_dec	u2.tsz_cnt[3]$_DFFE_PP_/Q	u2.chunk_dec$_DFF_P_/D
263	0.5464	uI.ack_o[J]	uI.tsz_cnt[J]	u1.ack_o[9]$_DFF_P_/QN	u2.tsz_cnt[0]$_DFFE_PP_/D
264	0.5473	uI.uJ.ch_csr_r[K]	uI.uJ.mast_we_r	u0.u14.ch_csr_r[2]$_SDFFE_PN0P_/Q	u3.u0.mast_we_r$_DFF_P_/D
265	0.5474	uI.chunk_cnt[J]	uI.uJ.int_src_r[K]	u2.chunk_cnt[1]$_DFFE_PP_/QN	u0.u13.int_src_r[1]$_SDFFE_PN0P_/D
266	0.5489	uI.ndr_r[J]	uI.uJ.ch_csr_r[K]	u1.ndr_r[4]$_DFF_P_/Q	u0.u11.ch_csr_r[0]$_SDFFE_PN0P_/D
267	0.5489	uI.ndr_r[J]	uI.uJ.ch_eol	u1.ndr_r[4]$_DFF_P_/Q	u0.u11.ch_eol$_SDFFE_PN0P_/D
268	0.5501	uI.mastJ_drdy_r	uI.uJ.ch_chk_sz_r[K]	u2.mast0_drdy_r$_DFF_P_/Q	u0.u15.ch_chk_sz_r[0]$_DFFE_PP_/D
269	0.5501	wbIs_data_i[J]	uI.uJ.mast_dout[K]	wb0s_data_i[16]	u3.u0.mast_dout[16]$_DFFE_PP_/D
270	0.5509	uI.ack_o[J]	uI.state[J]	u1.ack_o[9]$_DFF_P_/QN	u2.state[10]$_DFF_P_/D
271	0.5529	uI.state[J]	uI.uJ.ch_busy	u2.state[8]$_DFF_P_/Q	u0.u0.ch_busy$_DFF_P_/D
272	0.5529	uI.uJ.int_src_r[K]	_I_	u0.u4.int_src_r[1]$_SDFFE_PN0P_/Q	_58577_/D
273	0.5534	uI.tsz_cnt[J]	uI.uJ.int_src_r[K]	u2.tsz_cnt[3]$_DFFE_PP_/Q	u0.u2.int_src_r[2]$_SDFFE_PN0P_/D
274	0.5571	uI.uJ.slv_we	uI.uJ.ch_tot_sz_r[K]	u3.u1.slv_we$_DFF_P_/Q	u0.u11.ch_tot_sz_r[10]$_DFFE_PP_/D
275	0.5571	uI.uJ.slv_we	uI.uJ.ch_txsz_s[K]	u3.u1.slv_we$_DFF_P_/Q	u0.u11.ch_txsz_s[10]$_DFFE_PP_/D
276	0.5581	uI.chunk_cnt[J]	uI.uJ.ch_csr_r[K]	u2.chunk_cnt[1]$_DFFE_PP_/QN	u0.u13.ch_csr_r[0]$_SDFFE_PN0P_/D
277	0.5581	uI.chunk_cnt[J]	uI.uJ.ch_eol	u2.chunk_cnt[1]$_DFFE_PP_/QN	u0.u13.ch_eol$_SDFFE_PN0P_/D
278	0.5586	uI.ack_o[J]	uI.chunk_cnt[J]	u1.ack_o[9]$_DFF_P_/QN	u2.chunk_cnt[3]$_DFFE_PP_/D
279	0.5598	uI.uJ.ch_csr_r[K]	uI.write_r	u0.u11.ch_csr_r[1]$_SDFFE_PN0P_/Q	u2.write_r$_DFF_P_/D
280	0.5600	wbI_stb_i	uI.uJ.rf_ack	wb0_stb_i	u3.u1.rf_ack$_DFF_P_/D
281	0.5614	uI.ack_o[J]	dma_ack_o[I]	u1.ack_o[0]$_DFF_P_/Q	dma_ack_o[0]
282	0.5614	uI.inta_o	inta_o	u0.inta_o$_DFF_P_/Q	inta_o
283	0.5614	uI.intb_o	intb_o	u0.intb_o$_DFF_P_/Q	intb_o
284	0.5646	wbI_we_i	uI.uJ.slv_re	wb0_we_i	u3.u1.slv_re$_DFF_P_/D
285	0.5676	uI.ndr_r[J]	uI.state[J]	u1.ndr_r[4]$_DFF_P_/Q	u2.state[2]$_DFF_P_/D
286	0.5701	uI.ndr_r[J]	uI.uJ.ptr_valid	u1.ndr_r[4]$_DFF_P_/Q	u0.u0.ptr_valid$_SDFFE_PN0P_/D
287	0.5707	dma_rest_i[I]	uI.uJ.ch_rl	dma_rest_i[4]	u0.u4.ch_rl$_DFF_P_/D
288	0.5713	uI.tsz_cnt[J]	uI.ack_o[J]	u2.tsz_cnt[3]$_DFFE_PP_/Q	u1.ack_o[11]$_DFF_P_/D
289	0.5734	uI.uJ.pointer_r[K]	_I_	u0.u14.pointer_r[14]$_DFFE_PP_/Q	_58591_/D
290	0.5735	uI.chunk_cnt[J]	uI.uJ.mast_stb	u2.chunk_cnt[1]$_DFFE_PP_/QN	u4.u0.mast_stb$_DFF_P_/D
291	0.5738	uI.tsz_cnt[J]	uI.read_r	u2.tsz_cnt[3]$_DFFE_PP_/Q	u2.read_r$_DFF_P_/D
292	0.5752	uI.uJ.slv_adr[K]	uI.csr_r[J]	u3.u1.slv_adr[6]$_DFF_P_/Q	u0.csr_r[0]$_SDFFE_PN0P_/D
293	0.5758	uI.mastJ_drdy_r	uI.uJ.ch_tot_sz_r[K]	u2.mast0_drdy_r$_DFF_P_/Q	u0.u15.ch_tot_sz_r[11]$_DFFE_PP_/D
294	0.5760	wbI_we_i	uI.uJ.slv_we	wb0_we_i	u3.u1.slv_we$_DFF_P_/D
295	0.5769	uI.uJ.ch_sz_inf	uI.next_ch	u0.u10.ch_sz_inf$_DFFE_PP_/Q	u2.next_ch$_DFF_P_/D
296	0.5773	uI.chunk_cnt[J]	uI.uJ.mast_cyc	u2.chunk_cnt[1]$_DFFE_PP_/QN	u4.u0.mast_cyc$_DFF_P_/D
297	0.5788	dma_nd_i[I]	uI.ndr_r[J]	dma_nd_i[0]	u1.ndr_r[0]$_DFF_P_/D
298	0.5804	uI.uJ.ch_adrK_r[L]	_I_	u0.u11.ch_adr0_r[16]$_DFFE_PP_/Q	_58591_/D
299	0.5810	dma_req_i[I]	uI.req_r[J]	dma_req_i[10]	u1.req_r[10]$_DFF_P_/D
300	0.5810	dma_req_i[I]	uI.ndr_r[J]	dma_req_i[0]	u1.ndr_r[0]$_DFF_P_/D
301	0.5817	uI.chunk_cnt[J]	uI.uJ.ptr_valid	u2.chunk_cnt[1]$_DFFE_PP_/QN	u0.u2.ptr_valid$_SDFFE_PN0P_/D
302	0.5817	uI.uJ.ch_chk_sz_r[K]	_I_	u0.u9.ch_chk_sz_r[9]$_DFFE_PP_/Q	_58598_/D
303	0.5833	uI.uJ.ch_sz_inf	uI.state[J]	u0.u10.ch_sz_inf$_DFFE_PP_/Q	u2.state[10]$_DFF_P_/D
304	0.5834	dma_nd_i[I]	uI.ndnr[J]	dma_nd_i[0]	u1.ndnr[0]$_DFF_P_/D
305	0.5834	uI.uJ.slv_we	uI.uJ.sw_pointer_r[K]	u3.u1.slv_we$_DFF_P_/Q	u0.u1.sw_pointer_r[10]$_SDFFE_PN0P_/D
306	0.5836	uI.chunk_cnt[J]	uI.chunk_dec	u2.chunk_cnt[1]$_DFFE_PP_/QN	u2.chunk_dec$_DFF_P_/D
307	0.5843	uI.uJ.sw_pointer_r[K]	_I_	u0.u9.sw_pointer_r[17]$_SDFFE_PN0P_/Q	_58592_/D
308	0.5861	uI.int_maskb_r[J]	_I_	u0.int_maskb_r[19]$_SDFFE_PN0P_/Q	_58592_/D
309	0.5909	uI.uJ.ch_csr_r[K]	uI.uJ.pri_outK[L]	u0.u15.ch_csr_r[5]$_SDFFE_PN0P_/Q	u1.u0.pri_out0[1]$_DFF_P_/D
310	0.5923	uI.ndr_r[J]	uI.uJ.ch_rl	u1.ndr_r[8]$_DFF_P_/Q	u0.u2.ch_rl$_DFF_P_/D
311	0.5927	dma_req_i[I]	uI.ndnr[J]	dma_req_i[0]	u1.ndnr[0]$_DFF_P_/D
312	0.5929	uI.uJ.slv_we	uI.uJ.ch_amK_r[L]	u3.u1.slv_we$_DFF_P_/Q	u0.u0.ch_am0_r[10]$_SDFFE_PN1P_/D
313	0.5955	uI.chunk_cnt[J]	uI.uJ.ch_rl	u2.chunk_cnt[1]$_DFFE_PP_/QN	u0.u2.ch_rl$_DFF_P_/D
314	0.5985	uI.uJ.ch_tot_sz_r[K]	_I_	u0.u13.ch_tot_sz_r[7]$_DFFE_PP_/Q	_58580_/D
315	0.6006	uI.uJ.slv_we	uI.uJ.ch_chk_sz_r[K]	u3.u1.slv_we$_DFF_P_/Q	u0.u0.ch_chk_sz_r[0]$_DFFE_PP_/D
316	0.6014	uI.uJ.ch_sz_inf	uI.write_hold_r	u0.u10.ch_sz_inf$_DFFE_PP_/Q	u2.write_hold_r$_DFF_P_/D
317	0.6057	uI.uJ.slv_we	uI.uJ.ch_sz_inf	u3.u1.slv_we$_DFF_P_/Q	u0.u10.ch_sz_inf$_DFFE_PP_/D
318	0.6060	uI.uJ.pri_outK[L]	uI.uJ.ch_busy	u1.u0.pri_out0[1]$_DFF_P_/Q	u0.u0.ch_busy$_DFF_P_/D
319	0.6062	wbI_ack_i	uI.mastJ_drdy_r	wb0_ack_i	u2.mast0_drdy_r$_DFF_P_/D
320	0.6062	wbI_addr_i[J]	uI.uJ.slv_adr[K]	wb0_addr_i[2]	u3.u1.slv_adr[2]$_DFF_P_/D
321	0.6062	wbIm_data_i[J]	uI.uJ.slv_dout[K]	wb0m_data_i[0]	u3.u1.slv_dout[0]$_DFF_P_/D
322	0.6063	uI.dma_abort_r	uI.mastJ_adr[K]	u2.dma_abort_r$_DFF_P_/Q	u2.mast0_adr[11]$_DFF_P_/D
323	0.6068	uI.uJ.ch_chk_sz_r[K]	uI.chunk_J	u0.u1.ch_chk_sz_r[4]$_DFFE_PP_/Q	u2.chunk_0$_DFF_P_/D
324	0.6076	uI.uJ.state[K]	uI.uJ.ch_busy	u1.u2.state[1]$_SDFFE_PN0P_/Q	u0.u0.ch_busy$_DFF_P_/D
325	0.6089	uI.chunk_cnt[J]	uI.ack_o[J]	u2.chunk_cnt[1]$_DFFE_PP_/QN	u1.ack_o[11]$_DFF_P_/D
326	0.6093	uI.uJ.mast_dout[K]	uI.uJ.ch_txsz_s[K]	u3.u0.mast_dout[4]$_DFFE_PP_/Q	u0.u10.ch_txsz_s[4]$_DFFE_PP_/D
327	0.6113	uI.chunk_cnt[J]	uI.read_r	u2.chunk_cnt[1]$_DFFE_PP_/QN	u2.read_r$_DFF_P_/D
328	0.6145	uI.req_r[J]	uI.uJ.pri_outK[L]	u1.req_r[15]$_DFF_P_/Q	u1.u0.pri_out0[1]$_DFF_P_/D
329	0.6159	uI.uJ.mast_dout[K]	uI.uJ.ch_tot_sz_r[K]	u3.u0.mast_dout[4]$_DFFE_PP_/Q	u0.u11.ch_tot_sz_r[4]$_DFFE_PP_/D
330	0.6165	uI.tsz_cnt[J]	uI.state[J]	u2.tsz_cnt[3]$_DFFE_PP_/Q	u2.state[10]$_DFF_P_/D
331	0.6167	uI.tsz_cnt[J]	uI.next_ch	u2.tsz_cnt[3]$_DFFE_PP_/Q	u2.next_ch$_DFF_P_/D
332	0.6195	uI.adrJ_cnt[K]	uI.uJ.out_r[K]	u2.adr0_cnt[3]$_DFFE_PP_/Q	u2.u0.out_r[13]$_DFF_P_/D
333	0.6201	uI.uJ.ch_amK_r[L]	uI.adrJ_cnt[K]	u0.u3.ch_am1_r[26]$_SDFFE_PN1P_/Q	u2.adr1_cnt[28]$_DFFE_PP_/D
334	0.6207	uI.read_r	uI.adrJ_cnt[K]	u2.read_r$_DFF_P_/Q	u2.adr0_cnt[8]$_DFFE_PP_/D
335	0.6208	uI.uJ.ch_csr_r[K]	uI.next_start	u0.u9.ch_csr_r[0]$_SDFFE_PN0P_/Q	u1.next_start$_DFF_P_/D
336	0.6253	uI.uJ.pointer_sr[K]	uI.mastJ_adr[K]	u0.u6.pointer_sr[15]$_DFFE_PP_/Q	u2.mast0_adr[19]$_DFF_P_/D
337	0.6256	uI.int_maska_r[J]	_I_	u0.int_maska_r[14]$_SDFFE_PN0P_/Q	_58587_/D
338	0.6256	uI.mastJ_drdy_r	uI.uJ.ch_adrK_s[L]	u2.mast0_drdy_r$_DFF_P_/Q	u0.u6.ch_adr1_s[10]$_DFFE_PP_/D
339	0.6263	uI.ack_o[J]	uI.uJ.pri_outK[L]	u1.ack_o[15]$_DFF_P_/QN	u1.u0.pri_out0[1]$_DFF_P_/D
340	0.6288	uI.uJ.slv_we	uI.uJ.ch_adrK_s[L]	u3.u1.slv_we$_DFF_P_/Q	u0.u14.ch_adr0_s[10]$_DFFE_PP_/D
341	0.6303	uI.uJ.pointer_r[K]	uI.mastJ_adr[K]	u0.u9.pointer_r[27]$_DFFE_PP_/Q	u2.mast0_adr[31]$_DFF_P_/D
342	0.6320	uI.uJ.slv_we	uI.uJ.ch_adrK_r[L]	u3.u1.slv_we$_DFF_P_/Q	u0.u0.ch_adr0_r[0]$_DFFE_PP_/D
343	0.6342	uI.tsz_cnt[J]	uI.write_hold_r	u2.tsz_cnt[3]$_DFFE_PP_/Q	u2.write_hold_r$_DFF_P_/D
344	0.6347	uI.uJ.slv_we	uI.uJ.ch_csr_rK[L]	u3.u1.slv_we$_DFF_P_/Q	u0.u1.ch_csr_r2[0]$_SDFFE_PN0P_/D
345	0.6351	uI.req_r[J]	uI.next_start	u1.req_r[9]$_DFF_P_/Q	u1.next_start$_DFF_P_/D
346	0.6354	uI.uJ.rest_en	_I_	u0.u4.rest_en$_SDFFE_PN0P_/Q	_58589_/D
347	0.6384	uI.chunk_J	uI.mastJ_adr[K]	u2.chunk_0$_DFF_P_/Q	u2.mast0_adr[11]$_DFF_P_/D
348	0.6409	uI.uJ.ch_csr_rK[L]	uI.uJ.pri_outK[L]	u0.u15.ch_csr_r2[0]$_SDFFE_PN0P_/Q	u1.u0.pri_out0[1]$_DFF_P_/D
349	0.6409	uI.uJ.int_src_r[K]	uI.state[J]	u0.u15.int_src_r[0]$_SDFFE_PN0P_/Q	u2.state[10]$_DFF_P_/D
350	0.6434	uI.chunk_cnt[J]	uI.chunk_cnt[J]	u2.chunk_cnt[1]$_DFFE_PP_/QN	u2.chunk_cnt[8]$_DFFE_PP_/D
351	0.6462	uI.uJ.slv_we	uI.int_maska_r[J]	u3.u1.slv_we$_DFF_P_/Q	u0.int_maska_r[26]$_SDFFE_PN0P_/D
352	0.6464	uI.uJ.slv_we	uI.int_maskb_r[J]	u3.u1.slv_we$_DFF_P_/Q	u0.int_maskb_r[0]$_SDFFE_PN0P_/D
353	0.6468	uI.uJ.ch_sz_inf	_I_	u0.u4.ch_sz_inf$_DFFE_PP_/Q	_58588_/D
354	0.6471	uI.uJ.ch_busy	_I_	u0.u14.ch_busy$_DFF_P_/Q	_58583_/D
355	0.6488	uI.dma_abort_r	uI.uJ.mast_stb	u2.dma_abort_r$_DFF_P_/Q	u3.u0.mast_stb$_DFF_P_/D
356	0.6498	uI.uJ.ch_csr_r[K]	uI.de_start_r	u0.u9.ch_csr_r[0]$_SDFFE_PN0P_/Q	u1.de_start_r$_DFF_P_/D
357	0.6508	uI.uJ.ch_err	_I_	u0.u1.ch_err$_SDFFE_PN0P_/Q	_58574_/D
358	0.6514	uI.mastJ_drdy_r	uI.uJ.ch_adrK_r[L]	u2.mast0_drdy_r$_DFF_P_/Q	u0.u0.ch_adr1_r[25]$_DFFE_PP_/D
359	0.6522	uI.next_ch	uI.uJ.state[K]	u2.next_ch$_DFF_P_/Q	u1.u1.state[3]$_SDFFE_PN0P_/D
360	0.6540	uI.chunk_cnt[J]	uI.state[J]	u2.chunk_cnt[1]$_DFFE_PP_/QN	u2.state[10]$_DFF_P_/D
361	0.6543	uI.chunk_cnt[J]	uI.next_ch	u2.chunk_cnt[1]$_DFFE_PP_/QN	u2.next_ch$_DFF_P_/D
362	0.6558	uI.ack_o[J]	uI.next_start	u1.ack_o[9]$_DFF_P_/QN	u1.next_start$_DFF_P_/D
363	0.6568	uI.tsz_cnt[J]	uI.uJ.ch_txsz_s[K]	u2.tsz_cnt[4]$_DFFE_PP_/Q	u0.u10.ch_txsz_s[4]$_DFFE_PP_/D
364	0.6577	uI.uJ.slv_we	uI.csr_r[J]	u3.u1.slv_we$_DFF_P_/Q	u0.csr_r[0]$_SDFFE_PN0P_/D
365	0.6618	uI.dma_abort_r	uI.uJ.mast_cyc	u2.dma_abort_r$_DFF_P_/Q	u4.u0.mast_cyc$_DFF_P_/D
366	0.6631	uI.uJ.slv_we	uI.uJ.rest_en	u3.u1.slv_we$_DFF_P_/Q	u0.u4.rest_en$_SDFFE_PN0P_/D
367	0.6634	uI.tsz_cnt[J]	uI.uJ.ch_tot_sz_r[K]	u2.tsz_cnt[4]$_DFFE_PP_/Q	u0.u11.ch_tot_sz_r[4]$_DFFE_PP_/D
368	0.6641	uI.req_r[J]	uI.de_start_r	u1.req_r[9]$_DFF_P_/Q	u1.de_start_r$_DFF_P_/D
369	0.6652	uI.uJ.slv_we	uI.uJ.ch_done	u3.u1.slv_we$_DFF_P_/Q	u0.u12.ch_done$_SDFFE_PN0P_/D
370	0.6681	uI.dma_abort_r	uI.chunk_dec	u2.dma_abort_r$_DFF_P_/Q	u2.chunk_dec$_DFF_P_/D
371	0.6702	uI.uJ.mast_dout[K]	uI.uJ.ch_adrK_r[L]	u3.u0.mast_dout[4]$_DFFE_PP_/Q	u0.u2.ch_adr1_r[2]$_DFFE_PP_/D
372	0.6717	uI.chunk_cnt[J]	uI.write_hold_r	u2.chunk_cnt[1]$_DFFE_PP_/QN	u2.write_hold_r$_DFF_P_/D
373	0.6719	uI.uJ.ch_csr_r[K]	uI.wb_rf_dout[J]	u0.u14.ch_csr_r[0]$_SDFFE_PN0P_/Q	u0.wb_rf_dout[0]$_DFFE_PP_/D
374	0.6747	uI.uJ.ch_rl	uI.uJ.ch_chk_sz_r[K]	u0.u10.ch_rl$_DFF_P_/Q	u0.u10.ch_chk_sz_r[0]$_DFFE_PP_/D
375	0.6751	uI.uJ.ch_csr_rK[L]	uI.wb_rf_dout[J]	u0.u0.ch_csr_r3[1]$_SDFFE_PN0P_/Q	u0.wb_rf_dout[0]$_DFFE_PP_/D
376	0.6776	uI.uJ.ch_rl	uI.uJ.ch_adrK_r[L]	u0.u10.ch_rl$_DFF_P_/Q	u0.u10.ch_adr1_r[28]$_DFFE_PP_/D
377	0.6789	uI.uJ.int_src_r[K]	uI.wb_rf_dout[J]	u0.u0.int_src_r[1]$_SDFFE_PN0P_/Q	u0.wb_rf_dout[0]$_DFFE_PP_/D
378	0.6796	rst_syncI	uI.uJ.ch_amK_r[L]	rst_sync2$_DFF_PP0_/Q	u0.u1.ch_am1_r[27]$_SDFFE_PN1P_/D
379	0.6809	uI.uJ.ch_sz_inf	uI.tsz_cnt_is_J_r	u0.u10.ch_sz_inf$_DFFE_PP_/Q	u2.tsz_cnt_is_0_r$_DFF_P_/D
380	0.6809	uI.chunk_J	uI.uJ.mast_stb	u2.chunk_0$_DFF_P_/Q	u3.u0.mast_stb$_DFF_P_/D
381	0.6827	uI.uJ.ch_chk_sz_r[K]	uI.chunk_cnt[J]	u0.u14.ch_chk_sz_r[3]$_DFFE_PP_/Q	u2.chunk_cnt[3]$_DFFE_PP_/D
382	0.6838	uI.uJ.ch_tot_sz_r[K]	uI.wb_rf_dout[J]	u0.u13.ch_tot_sz_r[0]$_DFFE_PP_/Q	u0.wb_rf_dout[0]$_DFFE_PP_/D
383	0.6845	uI.uJ.mast_dout[K]	uI.uJ.ch_adrK_s[L]	u3.u0.mast_dout[21]$_DFFE_PP_/Q	u0.u0.ch_adr1_s[19]$_DFFE_PP_/D
384	0.6848	uI.ack_o[J]	uI.de_start_r	u1.ack_o[9]$_DFF_P_/QN	u1.de_start_r$_DFF_P_/D
385	0.6857	uI.mastJ_drdy_r	uI.uJ.ch_csr_r[K]	u2.mast0_drdy_r$_DFF_P_/Q	u0.u0.ch_csr_r[1]$_SDFFE_PN0P_/D
386	0.6873	uI.ch_sel_r[J]	uI.uJ.ch_busy	u1.ch_sel_r[4]$_SDFFE_PN0P_/Q	u0.u0.ch_busy$_DFF_P_/D
387	0.6880	uI.uJ.ptr_valid	uI.state[J]	u0.u4.ptr_valid$_SDFFE_PN0P_/Q	u2.state[10]$_DFF_P_/D
388	0.6887	uI.uJ.ch_err	uI.state[J]	u0.u2.ch_err$_SDFFE_PN0P_/Q	u2.state[10]$_DFF_P_/D
389	0.6909	uI.uJ.ch_csr_rK[L]	uI.intb_o	u0.u1.ch_csr_r3[2]$_SDFFE_PN0P_/Q	u0.intb_o$_DFF_P_/D
390	0.6927	uI.uJ.rest_en	uI.uJ.ch_txsz_s[K]	u0.u10.rest_en$_SDFFE_PN0P_/Q	u0.u10.ch_txsz_s[10]$_DFFE_PP_/D
391	0.6928	uI.uJ.slv_we	uI.uJ.ch_stop	u3.u1.slv_we$_DFF_P_/Q	u0.u1.ch_stop$_DFF_P_/D
392	0.6945	uI.uJ.int_src_r[K]	uI.intb_o	u0.u1.int_src_r[2]$_SDFFE_PN0P_/Q	u0.intb_o$_DFF_P_/D
393	0.6957	uI.dma_abort_r	uI.read_r	u2.dma_abort_r$_DFF_P_/Q	u2.read_r$_DFF_P_/D
394	0.6963	uI.chunk_J	uI.uJ.mast_cyc	u2.chunk_0$_DFF_P_/Q	u4.u0.mast_cyc$_DFF_P_/D
395	0.7009	uI.int_maskb_r[J]	uI.wb_rf_dout[J]	u0.int_maskb_r[0]$_SDFFE_PN0P_/Q	u0.wb_rf_dout[0]$_DFFE_PP_/D
396	0.7014	uI.uJ.slv_dout[K]	uI.uJ.ch_amK_r[L]	u3.u1.slv_dout[9]$_DFF_P_/Q	u0.u0.ch_am0_r[5]$_SDFFE_PN1P_/D
397	0.7024	rst_syncI	uI.uJ.ch_eol	rst_sync2$_DFF_PP0_/Q	u0.u12.ch_eol$_SDFFE_PN0P_/D
398	0.7028	rst_syncI	uI.uJ.ch_csr_r[K]	rst_sync2$_DFF_PP0_/Q	u0.u1.ch_csr_r[0]$_SDFFE_PN0P_/D
399	0.7033	uI.uJ.ch_rl	uI.uJ.ch_tot_sz_r[K]	u0.u13.ch_rl$_DFF_P_/Q	u0.u13.ch_tot_sz_r[3]$_DFFE_PP_/D
400	0.7041	uI.uJ.ch_adrK_r[L]	uI.adrJ_cnt[K]	u0.u11.ch_adr0_r[28]$_DFFE_PP_/Q	u2.adr0_cnt[28]$_DFFE_PP_/D
401	0.7050	uI.dma_abort_r	uI.uJ.mast_we_r	u2.dma_abort_r$_DFF_P_/Q	u4.u0.mast_we_r$_DFF_P_/D
402	0.7062	uI.uJ.ch_tot_sz_r[K]	uI.tsz_cnt[J]	u0.u10.ch_tot_sz_r[0]$_DFFE_PP_/Q	u2.tsz_cnt[0]$_DFFE_PP_/D
403	0.7080	uI.state[J]	uI.wb_rf_dout[J]	u2.state[8]$_DFF_P_/Q	u0.wb_rf_dout[0]$_DFFE_PP_/D
404	0.7105	uI.chunk_J	uI.chunk_dec	u2.chunk_0$_DFF_P_/Q	u2.chunk_dec$_DFF_P_/D
405	0.7106	uI.uJ.mast_dout[K]	uI.uJ.ch_eol	u3.u0.mast_dout[20]$_DFFE_PP_/Q	u0.u12.ch_eol$_SDFFE_PN0P_/D
406	0.7108	uI.uJ.ch_csr_rK[L]	uI.inta_o	u0.u6.ch_csr_r3[2]$_SDFFE_PN0P_/Q	u0.inta_o$_DFF_P_/D
407	0.7111	uI.uJ.ch_err	uI.wb_rf_dout[J]	u0.u0.ch_err$_SDFFE_PN0P_/Q	u0.wb_rf_dout[0]$_DFFE_PP_/D
408	0.7111	uI.adrJ_cnt[K]	uI.uJ.ch_adrK_r[L]	u2.adr1_cnt[2]$_DFFE_PP_/Q	u0.u2.ch_adr1_r[2]$_DFFE_PP_/D
409	0.7120	rst_syncI	uI.uJ.state[K]	rst_sync2$_DFF_PP0_/Q	u1.u1.state[0]$_SDFFE_PN0P_/D
410	0.7127	uI.write_r	uI.adrJ_cnt[K]	u2.write_r$_DFF_P_/Q	u2.adr1_cnt[9]$_DFFE_PP_/D
411	0.7128	uI.uJ.rest_en	uI.uJ.ch_adrK_s[L]	u0.u2.rest_en$_SDFFE_PN0P_/Q	u0.u2.ch_adr1_s[21]$_DFFE_PP_/D
412	0.7136	uI.de_start_r	uI.ch_sel_r[J]	u1.de_start_r$_DFF_P_/QN	u1.ch_sel_r[0]$_SDFFE_PN0P_/D
413	0.7144	uI.uJ.int_src_r[K]	uI.inta_o	u0.u6.int_src_r[2]$_SDFFE_PN0P_/Q	u0.inta_o$_DFF_P_/D
414	0.7158	uI.uJ.ptr_valid	uI.wb_rf_dout[J]	u0.u9.ptr_valid$_SDFFE_PN0P_/Q	u0.wb_rf_dout[0]$_DFFE_PP_/D
415	0.7163	uI.mastJ_drdy_r	uI.uJ.ch_eol	u2.mast0_drdy_r$_DFF_P_/Q	u0.u13.ch_eol$_SDFFE_PN0P_/D
416	0.7174	rst_syncI	uI.uJ.ch_done	rst_sync2$_DFF_PP0_/Q	u0.u0.ch_done$_SDFFE_PN0P_/D
417	0.7175	uI.tsz_cnt_is_J_r	uI.uJ.ch_done	u2.tsz_cnt_is_0_r$_DFF_P_/Q	u0.u13.ch_done$_SDFFE_PN0P_/D
418	0.7182	uI.int_maska_r[J]	uI.wb_rf_dout[J]	u0.int_maska_r[0]$_SDFFE_PN0P_/Q	u0.wb_rf_dout[0]$_DFFE_PP_/D
419	0.7188	uI.chunk_dec	uI.tsz_cnt[J]	u2.chunk_dec$_DFF_P_/Q	u2.tsz_cnt[8]$_DFFE_PP_/D
420	0.7194	uI.uJ.ch_done	_I_	u0.u10.ch_done$_SDFFE_PN0P_/Q	_58584_/D
421	0.7200	uI.uJ.ch_err	uI.intb_o	u0.u1.ch_err$_SDFFE_PN0P_/Q	u0.intb_o$_DFF_P_/D
422	0.7214	uI.uJ.slv_we	uI.uJ.rf_ack	u3.u1.slv_we$_DFF_P_/Q	u3.u1.rf_ack$_DFF_P_/D
423	0.7220	uI.adrJ_cnt[K]	uI.uJ.ch_adrK_s[L]	u2.adr1_cnt[4]$_DFFE_PP_/Q	u0.u0.ch_adr1_s[4]$_DFFE_PP_/D
424	0.7220	uI.tsz_cnt_is_J_r	uI.uJ.int_src_r[K]	u2.tsz_cnt_is_0_r$_DFF_P_/Q	u0.u13.int_src_r[1]$_SDFFE_PN0P_/D
425	0.7223	rst_syncI	uI.uJ.ptr_valid	rst_sync2$_DFF_PP0_/Q	u0.u2.ptr_valid$_SDFFE_PN0P_/D
426	0.7225	uI.uJ.slv_dout[K]	uI.uJ.ch_tot_sz_r[K]	u3.u1.slv_dout[0]$_DFF_P_/Q	u0.u15.ch_tot_sz_r[0]$_DFFE_PP_/D
427	0.7234	uI.uJ.slv_dout[K]	uI.uJ.ch_adrK_r[L]	u3.u1.slv_dout[6]$_DFF_P_/Q	u0.u2.ch_adr0_r[4]$_DFFE_PP_/D
428	0.7250	uI.uJ.slv_dout[K]	uI.uJ.ch_adrK_s[L]	u3.u1.slv_dout[6]$_DFF_P_/Q	u0.u10.ch_adr1_s[4]$_DFFE_PP_/D
429	0.7261	uI.de_start_r	uI.adrJ_cnt[K]	u1.de_start_r$_DFF_P_/QN	u2.adr0_cnt[28]$_DFFE_PP_/D
430	0.7270	rst_syncI	uI.ch_sel_r[J]	rst_sync2$_DFF_PP0_/Q	u1.ch_sel_r[1]$_SDFFE_PN0P_/D
431	0.7281	uI.uJ.ch_stop	uI.dma_abort_r	u0.u7.ch_stop$_DFF_P_/Q	u2.dma_abort_r$_DFF_P_/D
432	0.7286	uI.dma_abort_r	uI.state[J]	u2.dma_abort_r$_DFF_P_/Q	u2.state[10]$_DFF_P_/D
433	0.7316	uI.tsz_cnt_is_J_r	uI.tsz_cnt[J]	u2.tsz_cnt_is_0_r$_DFF_P_/QN	u2.tsz_cnt[8]$_DFFE_PP_/D
434	0.7327	uI.tsz_cnt_is_J_r	uI.uJ.ch_csr_r[K]	u2.tsz_cnt_is_0_r$_DFF_P_/Q	u0.u13.ch_csr_r[0]$_SDFFE_PN0P_/D
435	0.7327	uI.tsz_cnt_is_J_r	uI.uJ.ch_eol	u2.tsz_cnt_is_0_r$_DFF_P_/Q	u0.u13.ch_eol$_SDFFE_PN0P_/D
436	0.7337	uI.chunk_dec	uI.chunk_cnt[J]	u2.chunk_dec$_DFF_P_/Q	u2.chunk_cnt[4]$_DFFE_PP_/D
437	0.7343	uI.de_start_r	uI.tsz_cnt[J]	u1.de_start_r$_DFF_P_/QN	u2.tsz_cnt[0]$_DFFE_PP_/D
438	0.7344	uI.uJ.slv_dout[K]	uI.uJ.ch_txsz_s[K]	u3.u1.slv_dout[6]$_DFF_P_/Q	u0.u3.ch_txsz_s[6]$_DFFE_PP_/D
439	0.7373	rst_syncI	uI.state[J]	rst_sync2$_DFF_PP0_/Q	u2.state[10]$_DFF_P_/D
440	0.7382	uI.chunk_J	uI.uJ.int_src_r[K]	u2.chunk_0$_DFF_P_/Q	u0.u0.int_src_r[2]$_SDFFE_PN0P_/D
441	0.7387	uI.de_start_r	uI.state[J]	u1.de_start_r$_DFF_P_/QN	u2.state[10]$_DFF_P_/D
442	0.7393	rst_syncI	uI.uJ.ch_err	rst_sync2$_DFF_PP0_/Q	u0.u0.ch_err$_SDFFE_PN0P_/D
443	0.7393	rst_syncI	uI.uJ.int_src_r[K]	rst_sync2$_DFF_PP0_/Q	u0.u0.int_src_r[1]$_SDFFE_PN0P_/D
444	0.7394	uI.chunk_J	uI.read_r	u2.chunk_0$_DFF_P_/Q	u2.read_r$_DFF_P_/D
445	0.7425	uI.uJ.slv_dout[K]	uI.uJ.pointer_r[K]	u3.u1.slv_dout[20]$_DFF_P_/Q	u0.u0.pointer_r[16]$_DFFE_PP_/D
446	0.7450	rst_syncI	uI.int_maska_r[J]	rst_sync2$_DFF_PP0_/Q	u0.int_maska_r[26]$_SDFFE_PN0P_/D
447	0.7454	uI.uJ.mast_dout[K]	uI.uJ.pointer_r[K]	u3.u0.mast_dout[16]$_DFFE_PP_/Q	u0.u1.pointer_r[12]$_DFFE_PP_/D
448	0.7479	uI.uJ.slv_dout[K]	uI.uJ.ch_chk_sz_r[K]	u3.u1.slv_dout[16]$_DFF_P_/Q	u0.u11.ch_chk_sz_r[0]$_DFFE_PP_/D
449	0.7482	uI.uJ.slv_dout[K]	uI.uJ.ch_csr_r[K]	u3.u1.slv_dout[4]$_DFF_P_/Q	u0.u1.ch_csr_r[4]$_SDFFE_PN0P_/D
450	0.7502	uI.uJ.ch_csr_r[K]	uI.uJ.int_src_r[K]	u0.u0.ch_csr_r[7]$_SDFFE_PN0P_/Q	u0.u0.int_src_r[1]$_SDFFE_PN0P_/D
451	0.7529	uI.de_start_r	uI.chunk_cnt[J]	u1.de_start_r$_DFF_P_/QN	u2.chunk_cnt[3]$_DFFE_PP_/D
452	0.7530	uI.chunk_J	uI.state[J]	u2.chunk_0$_DFF_P_/Q	u2.state[10]$_DFF_P_/D
453	0.7541	uI.uJ.slv_re	uI.uJ.ch_err	u3.u1.slv_re$_DFF_P_/Q	u0.u0.ch_err$_SDFFE_PN0P_/D
454	0.7541	uI.uJ.slv_re	uI.uJ.int_src_r[K]	u3.u1.slv_re$_DFF_P_/Q	u0.u0.int_src_r[2]$_SDFFE_PN0P_/D
455	0.7561	uI.chunk_cnt_is_J_r	uI.chunk_cnt[J]	u2.chunk_cnt_is_0_r$_DFF_P_/QN	u2.chunk_cnt[4]$_DFFE_PP_/D
456	0.7563	uI.tsz_cnt_is_J_r	uI.uJ.ptr_valid	u2.tsz_cnt_is_0_r$_DFF_P_/Q	u0.u2.ptr_valid$_SDFFE_PN0P_/D
457	0.7571	uI.next_start	uI.adrJ_cnt[K]	u1.next_start$_DFF_P_/Q	u2.adr0_cnt[11]$_DFFE_PP_/D
458	0.7575	rst_syncI	uI.int_maskb_r[J]	rst_sync2$_DFF_PP0_/Q	u0.int_maskb_r[0]$_SDFFE_PN0P_/D
459	0.7587	uI.uJ.ch_csr_r[K]	uI.uJ.ch_done	u0.u0.ch_csr_r[7]$_SDFFE_PN0P_/Q	u0.u0.ch_done$_SDFFE_PN0P_/D
460	0.7587	uI.int_maskb_r[J]	uI.intb_o	u0.int_maskb_r[1]$_SDFFE_PN0P_/Q	u0.intb_o$_DFF_P_/D
461	0.7595	uI.chunk_J	uI.ack_o[J]	u2.chunk_0$_DFF_P_/Q	u1.ack_o[10]$_DFF_P_/D
462	0.7638	uI.uJ.ch_csr_r[K]	uI.uJ.ch_csr_r[K]	u0.u0.ch_csr_r[7]$_SDFFE_PN0P_/Q	u0.u0.ch_csr_r[0]$_SDFFE_PN0P_/D
463	0.7642	uI.uJ.ch_err	uI.inta_o	u0.u2.ch_err$_SDFFE_PN0P_/Q	u0.inta_o$_DFF_P_/D
464	0.7644	uI.uJ.slv_dout[K]	uI.uJ.ch_sz_inf	u3.u1.slv_dout[15]$_DFF_P_/Q	u0.u3.ch_sz_inf$_DFFE_PP_/D
465	0.7646	uI.uJ.ch_csr_r[K]	uI.uJ.ch_eol	u0.u0.ch_csr_r[7]$_SDFFE_PN0P_/Q	u0.u0.ch_eol$_SDFFE_PN0P_/D
466	0.7656	rst_syncI	uI.csr_r[J]	rst_sync2$_DFF_PP0_/Q	u0.csr_r[0]$_SDFFE_PN0P_/D
467	0.7656	rst_syncI	uI.uJ.ch_csr_rK[L]	rst_sync2$_DFF_PP0_/Q	u0.u0.ch_csr_r2[0]$_SDFFE_PN0P_/D
468	0.7656	rst_syncI	uI.uJ.rest_en	rst_sync2$_DFF_PP0_/Q	u0.u0.rest_en$_SDFFE_PN0P_/D
469	0.7656	rst_syncI	uI.uJ.sw_pointer_r[K]	rst_sync2$_DFF_PP0_/Q	u0.u0.sw_pointer_r[0]$_SDFFE_PN0P_/D
470	0.7658	uI.uJ.slv_dout[K]	uI.int_maska_r[J]	u3.u1.slv_dout[1]$_DFF_P_/Q	u0.int_maska_r[1]$_SDFFE_PN0P_/D
471	0.7658	uI.uJ.slv_dout[K]	uI.int_maskb_r[J]	u3.u1.slv_dout[1]$_DFF_P_/Q	u0.int_maskb_r[1]$_SDFFE_PN0P_/D
472	0.7661	uI.tsz_cnt[J]	uI.tsz_cnt_is_J_r	u2.tsz_cnt[3]$_DFFE_PP_/Q	u2.tsz_cnt_is_0_r$_DFF_P_/D
473	0.7667	uI.next_start	uI.ch_sel_r[J]	u1.next_start$_DFF_P_/Q	u1.ch_sel_r[0]$_SDFFE_PN0P_/D
474	0.7686	uI.uJ.slv_dout[K]	uI.uJ.ch_stop	u3.u1.slv_dout[9]$_DFF_P_/Q	u0.u0.ch_stop$_DFF_P_/D
475	0.7693	uI.uJ.mast_dout[K]	uI.uJ.ch_csr_r[K]	u3.u0.mast_dout[16]$_DFFE_PP_/Q	u0.u1.ch_csr_r[1]$_SDFFE_PN0P_/D
476	0.7701	uI.dma_abort_r	uI.write_hold_r	u2.dma_abort_r$_DFF_P_/Q	u2.write_hold_r$_DFF_P_/D
477	0.7701	uI.tsz_cnt_is_J_r	uI.uJ.ch_rl	u2.tsz_cnt_is_0_r$_DFF_P_/Q	u0.u2.ch_rl$_DFF_P_/D
478	0.7712	uI.uJ.slv_dout[K]	uI.csr_r[J]	u3.u1.slv_dout[0]$_DFF_P_/Q	u0.csr_r[0]$_SDFFE_PN0P_/D
479	0.7713	uI.uJ.slv_dout[K]	uI.uJ.sw_pointer_r[K]	u3.u1.slv_dout[4]$_DFF_P_/Q	u0.u1.sw_pointer_r[0]$_SDFFE_PN0P_/D
480	0.7729	uI.next_start	uI.tsz_cnt[J]	u1.next_start$_DFF_P_/Q	u2.tsz_cnt[0]$_DFFE_PP_/D
481	0.7756	uI.uJ.slv_dout[K]	uI.uJ.ch_csr_rK[L]	u3.u1.slv_dout[13]$_DFF_P_/Q	u0.u1.ch_csr_r2[0]$_SDFFE_PN0P_/D
482	0.7776	uI.int_maska_r[J]	uI.inta_o	u0.int_maska_r[6]$_SDFFE_PN0P_/Q	u0.inta_o$_DFF_P_/D
483	0.7799	uI.uJ.slv_dout[K]	uI.uJ.rest_en	u3.u1.slv_dout[16]$_DFF_P_/Q	u0.u0.rest_en$_SDFFE_PN0P_/D
484	0.7804	uI.next_start	uI.chunk_cnt[J]	u1.next_start$_DFF_P_/Q	u2.chunk_cnt[3]$_DFFE_PP_/D
485	0.7828	uI.dma_abort_r	uI.uJ.ch_err	u2.dma_abort_r$_DFF_P_/Q	u0.u0.ch_err$_SDFFE_PN0P_/D
486	0.7828	uI.dma_abort_r	uI.uJ.int_src_r[K]	u2.dma_abort_r$_DFF_P_/Q	u0.u12.int_src_r[0]$_SDFFE_PN0P_/D
487	0.7840	uI.uJ.ch_eol	uI.uJ.int_src_r[K]	u0.u2.ch_eol$_SDFFE_PN0P_/Q	u0.u2.int_src_r[1]$_SDFFE_PN0P_/D
488	0.7883	uI.uJ.mast_dout[K]	uI.uJ.mast_dout[K]	u3.u0.mast_dout[16]$_DFFE_PP_/Q	u3.u0.mast_dout[16]$_DFFE_PP_/D
489	0.7915	uI.dma_abort_r	uI.write_r	u2.dma_abort_r$_DFF_P_/Q	u2.write_r$_DFF_P_/D
490	0.7922	uI.next_start	uI.state[J]	u1.next_start$_DFF_P_/Q	u2.state[10]$_DFF_P_/D
491	0.7925	uI.uJ.ch_eol	uI.uJ.ch_done	u0.u2.ch_eol$_SDFFE_PN0P_/Q	u0.u2.ch_done$_SDFFE_PN0P_/D
492	0.7933	uI.chunk_J	uI.write_hold_r	u2.chunk_0$_DFF_P_/Q	u2.write_hold_r$_DFF_P_/D
493	0.7947	uI.uJ.ch_eol	uI.uJ.ch_eol	u0.u1.ch_eol$_SDFFE_PN0P_/Q	u0.u1.ch_eol$_SDFFE_PN0P_/D
494	0.7948	uI.chunk_cnt[J]	uI.chunk_cnt_is_J_r	u2.chunk_cnt[1]$_DFFE_PP_/QN	u2.chunk_cnt_is_0_r$_DFF_P_/D
495	0.7948	uI.chunk_J	uI.next_ch	u2.chunk_0$_DFF_P_/Q	u2.next_ch$_DFF_P_/D
496	0.7976	uI.uJ.ch_eol	uI.uJ.ch_csr_r[K]	u0.u3.ch_eol$_SDFFE_PN0P_/Q	u0.u3.ch_csr_r[0]$_SDFFE_PN0P_/D
497	0.7989	uI.adrJ_cnt[K]	uI.mastJ_adr[K]	u2.adr1_cnt[5]$_DFFE_PP_/Q	u2.mast0_adr[7]$_DFF_P_/D
498	0.7994	uI.uJ.ch_adrK_r[L]	uI.uJ.ch_adrK_r[L]	u0.u10.ch_adr1_r[28]$_DFFE_PP_/Q	u0.u10.ch_adr1_r[28]$_DFFE_PP_/D
499	0.8021	uI.csr_r[J]	uI.state[J]	u0.csr_r[0]$_SDFFE_PN0P_/Q	u2.state[10]$_DFF_P_/D
500	0.8021	uI.uJ.slv_dout[K]	uI.uJ.ch_done	u3.u1.slv_dout[0]$_DFF_P_/QN	u0.u0.ch_done$_SDFFE_PN0P_/D
501	0.8022	uI.uJ.ch_adrK_s[L]	uI.uJ.ch_adrK_r[L]	u0.u10.ch_adr1_s[28]$_DFFE_PP_/Q	u0.u10.ch_adr1_r[28]$_DFFE_PP_/D
502	0.8030	uI.ndnr[J]	uI.uJ.int_src_r[K]	u1.ndnr[0]$_DFF_P_/Q	u0.u0.int_src_r[1]$_SDFFE_PN0P_/D
503	0.8052	uI.uJ.slv_re	uI.uJ.rf_ack	u3.u1.slv_re$_DFF_P_/Q	u3.u1.rf_ack$_DFF_P_/D
504	0.8061	uI.uJ.ch_txsz_s[K]	uI.uJ.ch_tot_sz_r[K]	u0.u10.ch_txsz_s[4]$_DFFE_PP_/Q	u0.u10.ch_tot_sz_r[4]$_DFFE_PP_/D
505	0.8115	uI.ndnr[J]	uI.uJ.ch_done	u1.ndnr[0]$_DFF_P_/Q	u0.u0.ch_done$_SDFFE_PN0P_/D
506	0.8166	uI.ndnr[J]	uI.uJ.ch_csr_r[K]	u1.ndnr[0]$_DFF_P_/Q	u0.u0.ch_csr_r[0]$_SDFFE_PN0P_/D
507	0.8166	uI.ndnr[J]	uI.uJ.ch_eol	u1.ndnr[14]$_DFF_P_/Q	u0.u14.ch_eol$_SDFFE_PN0P_/D
508	0.8330	uI.uJ.rest_en	uI.uJ.rest_en	u0.u4.rest_en$_SDFFE_PN0P_/Q	u0.u4.rest_en$_SDFFE_PN0P_/D
509	0.8346	uI.uJ.pointer_r[K]	uI.uJ.pointer_r[K]	u0.u3.pointer_r[16]$_DFFE_PP_/Q	u0.u3.pointer_r[16]$_DFFE_PP_/D
510	0.8355	uI.uJ.ch_csr_rK[L]	uI.uJ.ch_csr_rK[L]	u0.u15.ch_csr_r2[0]$_SDFFE_PN0P_/Q	u0.u15.ch_csr_r2[0]$_SDFFE_PN0P_/D
511	0.8391	uI.uJ.rest_en	uI.uJ.ptr_valid	u0.u4.rest_en$_SDFFE_PN0P_/Q	u0.u4.ptr_valid$_SDFFE_PN0P_/D
512	0.8393	uI.uJ.ch_txsz_s[K]	uI.uJ.ch_chk_sz_r[K]	u0.u10.ch_txsz_s[12]$_DFFE_PP_/Q	u0.u10.ch_chk_sz_r[0]$_DFFE_PP_/D
513	0.8415	uI.wb_rf_dout[J]	uI.wb_rf_dout[J]	u0.wb_rf_dout[0]$_DFFE_PP_/Q	u0.wb_rf_dout[0]$_DFFE_PP_/D
514	0.8481	uI.uJ.ch_tot_sz_r[K]	uI.uJ.ch_tot_sz_r[K]	u0.u11.ch_tot_sz_r[11]$_DFFE_PP_/Q	u0.u11.ch_tot_sz_r[11]$_DFFE_PP_/D
515	0.8569	uI.uJ.ch_adrK_s[L]	uI.uJ.ch_adrK_s[L]	u0.u0.ch_adr1_s[25]$_DFFE_PP_/Q	u0.u0.ch_adr1_s[25]$_DFFE_PP_/D
516	0.8576	uI.write_hold_r	uI.uJ.mast_stb	u2.write_hold_r$_DFF_P_/Q	u3.u0.mast_stb$_DFF_P_/D
517	0.8619	uI.int_maskb_r[J]	uI.int_maskb_r[J]	u0.int_maskb_r[8]$_SDFFE_PN0P_/Q	u0.int_maskb_r[8]$_SDFFE_PN0P_/D
518	0.8620	uI.int_maska_r[J]	uI.int_maska_r[J]	u0.int_maska_r[8]$_SDFFE_PN0P_/Q	u0.int_maska_r[8]$_SDFFE_PN0P_/D
519	0.8631	uI.uJ.ch_sz_inf	uI.uJ.ch_sz_inf	u0.u11.ch_sz_inf$_DFFE_PP_/Q	u0.u11.ch_sz_inf$_DFFE_PP_/D
520	0.8655	uI.uJ.rf_ack	uI.uJ.slv_re	u3.u1.rf_ack$_DFF_P_/QN	u3.u1.slv_re$_DFF_P_/D
521	0.8679	uI.csr_r[J]	uI.csr_r[J]	u0.csr_r[0]$_SDFFE_PN0P_/Q	u0.csr_r[0]$_SDFFE_PN0P_/D
522	0.8679	uI.uJ.sw_pointer_r[K]	uI.uJ.sw_pointer_r[K]	u0.u10.sw_pointer_r[6]$_SDFFE_PN0P_/Q	u0.u10.sw_pointer_r[6]$_SDFFE_PN0P_/D
523	0.8699	uI.uJ.ch_csr_r[K]	uI.ack_o[J]	u0.u5.ch_csr_r[5]$_SDFFE_PN0P_/Q	u1.ack_o[5]$_DFF_P_/D
524	0.8781	uI.write_hold_r	uI.uJ.mast_cyc	u2.write_hold_r$_DFF_P_/Q	u3.u0.mast_cyc$_DFF_P_/D
525	0.8785	uI.uJ.rest_en	uI.uJ.ch_rl	u0.u4.rest_en$_SDFFE_PN0P_/Q	u0.u4.ch_rl$_DFF_P_/D
526	0.8873	uI.uJ.ch_err	uI.uJ.ch_err	u0.u2.ch_err$_SDFFE_PN0P_/Q	u0.u2.ch_err$_SDFFE_PN0P_/D
527	0.8873	uI.uJ.int_src_r[K]	uI.uJ.int_src_r[K]	u0.u3.int_src_r[0]$_SDFFE_PN0P_/Q	u0.u3.int_src_r[0]$_SDFFE_PN0P_/D
528	0.8904	uI.uJ.pointer_r[K]	uI.uJ.pointer_sr[K]	u0.u14.pointer_r[14]$_DFFE_PP_/Q	u0.u14.pointer_sr[14]$_DFFE_PP_/D
529	0.8921	uI.uJ.ch_chk_sz_r[K]	uI.uJ.ch_chk_sz_r[K]	u0.u4.ch_chk_sz_r[3]$_DFFE_PP_/Q	u0.u4.ch_chk_sz_r[3]$_DFFE_PP_/D
530	0.8952	uI.uJ.ch_txsz_s[K]	uI.uJ.ch_txsz_s[K]	u0.u10.ch_txsz_s[11]$_DFFE_PP_/Q	u0.u10.ch_txsz_s[11]$_DFFE_PP_/D
531	0.8953	uI.uJ.pointer_sr[K]	uI.uJ.pointer_sr[K]	u0.u11.pointer_sr[14]$_DFFE_PP_/Q	u0.u11.pointer_sr[14]$_DFFE_PP_/D
532	0.8961	uI.uJ.ch_done	uI.uJ.ch_done	u0.u13.ch_done$_SDFFE_PN0P_/Q	u0.u13.ch_done$_SDFFE_PN0P_/D
533	0.8963	uI.ndnr[J]	uI.uJ.ptr_valid	u1.ndnr[12]$_DFF_P_/Q	u0.u12.ptr_valid$_SDFFE_PN0P_/D
534	0.8969	uI.uJ.rf_ack	uI.uJ.slv_we	u3.u1.rf_ack$_DFF_P_/QN	u3.u1.slv_we$_DFF_P_/D
535	0.9024	uI.uJ.ptr_valid	uI.uJ.ptr_valid	u0.u0.ptr_valid$_SDFFE_PN0P_/Q	u0.u0.ptr_valid$_SDFFE_PN0P_/D
536	0.9063	uI.uJ.slv_re	uI.uJ.slv_re	u3.u1.slv_re$_DFF_P_/QN	u3.u1.slv_re$_DFF_P_/D
537	0.9064	uI.uJ.ch_csr_r[K]	uI.uJ.ch_rl	u0.u0.ch_csr_r[6]$_SDFFE_PN0P_/Q	u0.u0.ch_rl$_DFF_P_/D
538	0.9114	uI.uJ.ch_amK_r[L]	uI.uJ.ch_amK_r[L]	u0.u3.ch_am1_r[0]$_SDFFE_PN1P_/Q	u0.u3.ch_am1_r[0]$_SDFFE_PN1P_/D
539	0.9167	_I_	_I_	_58574_/Q	_58574_/D
540	0.9199	uI.next_ch	uI.next_start	u2.next_ch$_DFF_P_/Q	u1.next_start$_DFF_P_/D
541	0.9228	uI.uJ.rf_ack	uI.uJ.rf_ack	u3.u1.rf_ack$_DFF_P_/QN	u3.u1.rf_ack$_DFF_P_/D
542	0.9333	uI.ack_o[J]	uI.req_r[J]	u1.ack_o[10]$_DFF_P_/QN	u1.req_r[10]$_DFF_P_/D
543	0.9408	rst_syncI	rst_syncI	rst_sync1$_DFF_PP0_/Q	rst_sync2$_DFF_PP0_/D
544	0.9444	uI.read_r	uI.chunk_dec	u2.read_r$_DFF_P_/QN	u2.chunk_dec$_DFF_P_/D
