# stage	1_synth
# top_module	sha512
# top_n	100
# kind	blocks
# skip_async	1
# include_full	1
# rank	worst_slack_ns	start	end	start_full	end_full
1	-0.4446	core.w_mem_inst.w_ctr_reg[I]	core.a_reg[I]	core.w_mem_inst.w_ctr_reg[0]$_DFFE_PN0P_/Q	core.a_reg[61]$_DFFE_PN0P_/D
2	-0.4297	core.round_ctr_reg[I]	core.a_reg[I]	core.round_ctr_reg[2]$_DFFE_PN0P_/Q	core.a_reg[61]$_DFFE_PN0P_/D
3	-0.3547	core.w_mem_inst.w_ctr_reg[I]	core.e_reg[I]	core.w_mem_inst.w_ctr_reg[0]$_DFFE_PN0P_/Q	core.e_reg[63]$_DFFE_PN0P_/D
4	-0.3429	core.round_ctr_reg[I]	core.e_reg[I]	core.round_ctr_reg[2]$_DFFE_PN0P_/Q	core.e_reg[63]$_DFFE_PN0P_/D
5	-0.2666	core.w_mem_inst.w_mem[I][J]	core.a_reg[I]	core.w_mem_inst.w_mem[1][16]$_DFFE_PN0P_/Q	core.a_reg[61]$_DFFE_PN0P_/D
6	-0.2173	address[I]	read_data[I]	address[4]	read_data[19]
7	-0.2099	core.e_reg[I]	core.a_reg[I]	core.e_reg[35]$_DFFE_PN0P_/Q	core.a_reg[61]$_DFFE_PN0P_/D
8	-0.1798	core.w_mem_inst.w_mem[I][J]	core.e_reg[I]	core.w_mem_inst.w_mem[1][16]$_DFFE_PN0P_/Q	core.e_reg[63]$_DFFE_PN0P_/D
9	-0.1744	address[I]	error	address[4]	error
10	-0.1575	core.f_reg[I]	core.a_reg[I]	core.f_reg[17]$_DFFE_PN0P_/Q	core.a_reg[61]$_DFFE_PN0P_/D
11	-0.1481	core.g_reg[I]	core.a_reg[I]	core.g_reg[17]$_DFFE_PN0P_/Q	core.a_reg[61]$_DFFE_PN0P_/D
12	-0.1200	core.e_reg[I]	core.e_reg[I]	core.e_reg[35]$_DFFE_PN0P_/Q	core.e_reg[63]$_DFFE_PN0P_/D
13	-0.1163	core.w_mem_inst.w_next_reg[I]	core.a_reg[I]	core.w_mem_inst.w_next_reg[17]$_DFFE_PN0P_/Q	core.a_reg[61]$_DFFE_PN0P_/D
14	-0.0676	core.f_reg[I]	core.e_reg[I]	core.f_reg[17]$_DFFE_PN0P_/Q	core.e_reg[63]$_DFFE_PN0P_/D
15	-0.0583	core.g_reg[I]	core.e_reg[I]	core.g_reg[17]$_DFFE_PN0P_/Q	core.e_reg[63]$_DFFE_PN0P_/D
16	-0.0264	core.w_mem_inst.w_next_reg[I]	core.e_reg[I]	core.w_mem_inst.w_next_reg[17]$_DFFE_PN0P_/Q	core.e_reg[63]$_DFFE_PN0P_/D
17	0.0917	cs	read_data[I]	cs	read_data[6]
18	0.1133	we	read_data[I]	we	read_data[6]
19	0.1513	core.h_reg[I]	core.a_reg[I]	core.h_reg[17]$_DFFE_PN0P_/Q	core.a_reg[61]$_DFFE_PN0P_/D
20	0.2412	core.h_reg[I]	core.e_reg[I]	core.h_reg[17]$_DFFE_PN0P_/Q	core.e_reg[63]$_DFFE_PN0P_/D
21	0.2665	cs	error	cs	error
22	0.2684	we	error	we	error
23	0.3733	address[I]	block_reg[I][J]	address[4]	block_reg[22][21]$_DFFE_PN0P_/D
24	0.3880	address[I]	work_factor_num_reg[I]	address[4]	work_factor_num_reg[10]$_DFFE_PN0P_/D
25	0.4068	address[I]	work_factor_reg	address[4]	work_factor_reg$_DFFE_PN0P_/D
26	0.4072	address[I]	mode_reg[I]	address[4]	mode_reg[0]$_DFFE_PN1P_/D
27	0.4326	address[I]	init_reg	address[4]	init_reg$_DFF_PN0_/D
28	0.4326	address[I]	next_reg	address[4]	next_reg$_DFF_PN0_/D
29	0.4964	core.w_mem_inst.w_mem[I][J]	core.w_mem_inst.w_next_reg[I]	core.w_mem_inst.w_mem[15][7]$_DFFE_PN0P_/Q	core.w_mem_inst.w_next_reg[63]$_DFFE_PN0P_/D
30	0.5582	core.w_mem_inst.w_mem[I][J]	core.w_mem_inst.w_mem[I][J]	core.w_mem_inst.w_mem[1][8]$_DFFE_PN0P_/Q	core.w_mem_inst.w_mem[15][59]$_DFFE_PN0P_/D
31	0.5922	digest_reg[I]	read_data[I]	digest_reg[287]$_DFFE_PN0P_/Q	read_data[31]
32	0.5923	core.a_reg[I]	core.a_reg[I]	core.a_reg[50]$_DFFE_PN0P_/Q	core.a_reg[61]$_DFFE_PN0P_/D
33	0.5968	block_reg[I][J]	read_data[I]	block_reg[16][0]$_DFFE_PN0P_/Q	read_data[0]
34	0.6477	cs	block_reg[I][J]	cs	block_reg[22][21]$_DFFE_PN0P_/D
35	0.6691	cs	work_factor_num_reg[I]	cs	work_factor_num_reg[10]$_DFFE_PN0P_/D
36	0.6718	core.c_reg[I]	core.a_reg[I]	core.c_reg[16]$_DFFE_PN0P_/Q	core.a_reg[61]$_DFFE_PN0P_/D
37	0.6723	core.b_reg[I]	core.a_reg[I]	core.b_reg[16]$_DFFE_PN0P_/Q	core.a_reg[61]$_DFFE_PN0P_/D
38	0.6865	we	block_reg[I][J]	we	block_reg[22][21]$_DFFE_PN0P_/D
39	0.6878	cs	work_factor_reg	cs	work_factor_reg$_DFFE_PN0P_/D
40	0.6882	cs	mode_reg[I]	cs	mode_reg[0]$_DFFE_PN1P_/D
41	0.7089	we	work_factor_num_reg[I]	we	work_factor_num_reg[10]$_DFFE_PN0P_/D
42	0.7136	cs	init_reg	cs	init_reg$_DFF_PN0_/D
43	0.7136	cs	next_reg	cs	next_reg$_DFF_PN0_/D
44	0.7276	we	work_factor_reg	we	work_factor_reg$_DFFE_PN0P_/D
45	0.7279	we	mode_reg[I]	we	mode_reg[0]$_DFFE_PN1P_/D
46	0.7473	init_reg	read_data[I]	init_reg$_DFF_PN0_/Q	read_data[0]
47	0.7534	we	init_reg	we	init_reg$_DFF_PN0_/D
48	0.7534	we	next_reg	we	next_reg$_DFF_PN0_/D
49	0.7546	ready_reg	read_data[I]	ready_reg$_DFF_PN0_/Q	read_data[0]
50	0.7704	work_factor_reg	read_data[I]	work_factor_reg$_DFFE_PN0P_/Q	read_data[7]
51	0.7819	mode_reg[I]	read_data[I]	mode_reg[1]$_DFFE_PN1P_/Q	read_data[3]
52	0.7834	work_factor_num_reg[I]	read_data[I]	work_factor_num_reg[24]$_DFFE_PN0P_/Q	read_data[24]
53	0.7927	next_reg	read_data[I]	next_reg$_DFF_PN0_/Q	read_data[1]
54	0.8059	write_data[I]	block_reg[I][J]	write_data[2]	block_reg[0][2]$_DFFE_PN0P_/D
55	0.8059	write_data[I]	work_factor_num_reg[I]	write_data[2]	work_factor_num_reg[2]$_DFFE_PN0P_/D
56	0.8063	write_data[I]	mode_reg[I]	write_data[2]	mode_reg[0]$_DFFE_PN1P_/D
57	0.8243	core.HI_reg[J]	core.HI_reg[J]	core.H4_reg[6]$_DFFE_PN0P_/Q	core.H4_reg[63]$_DFFE_PN0P_/D
58	0.8243	core.e_reg[I]	core.HI_reg[J]	core.e_reg[6]$_DFFE_PN0P_/Q	core.H4_reg[63]$_DFFE_PN0P_/D
59	0.8326	core.d_reg[I]	core.e_reg[I]	core.d_reg[39]$_DFFE_PN0P_/Q	core.e_reg[63]$_DFFE_PN0P_/D
60	0.8356	write_data[I]	init_reg	write_data[0]	init_reg$_DFF_PN0_/D
61	0.8356	write_data[I]	next_reg	write_data[1]	next_reg$_DFF_PN0_/D
62	0.8400	digest_valid_reg	read_data[I]	digest_valid_reg$_DFF_PN0_/Q	read_data[1]
63	0.8475	core.b_reg[I]	core.HI_reg[J]	core.b_reg[0]$_DFFE_PN0P_/Q	core.H1_reg[62]$_DFFE_PN0P_/D
64	0.8505	core.f_reg[I]	core.HI_reg[J]	core.f_reg[16]$_DFFE_PN0P_/Q	core.H5_reg[61]$_DFFE_PN0P_/D
65	0.8519	core.h_reg[I]	core.HI_reg[J]	core.h_reg[0]$_DFFE_PN0P_/Q	core.H7_reg[62]$_DFFE_PN0P_/D
66	0.8617	write_data[I]	work_factor_reg	write_data[7]	work_factor_reg$_DFFE_PN0P_/D
67	0.8747	core.g_reg[I]	core.HI_reg[J]	core.g_reg[8]$_DFFE_PN0P_/Q	core.H6_reg[63]$_DFFE_PN0P_/D
68	0.8757	core.a_reg[I]	core.HI_reg[J]	core.a_reg[0]$_DFFE_PN0P_/Q	core.H0_reg[58]$_DFFE_PN0P_/D
69	0.8875	core.d_reg[I]	core.HI_reg[J]	core.d_reg[22]$_DFFE_PN0P_/Q	core.H3_reg[62]$_DFFE_PN0P_/D
70	0.8881	core.c_reg[I]	core.HI_reg[J]	core.c_reg[21]$_DFFE_PN0P_/Q	core.H2_reg[62]$_DFFE_PN0P_/D
71	0.9039	core.work_factor_ctr_reg[I]	core.e_reg[I]	core.work_factor_ctr_reg[19]$_DFFE_PN0P_/Q	core.e_reg[58]$_DFFE_PN0P_/D
72	0.9165	core.work_factor_ctr_reg[I]	core.HI_reg[J]	core.work_factor_ctr_reg[19]$_DFFE_PN0P_/Q	core.H1_reg[37]$_DFFE_PN0P_/D
73	0.9175	core.work_factor_ctr_reg[I]	core.h_reg[I]	core.work_factor_ctr_reg[19]$_DFFE_PN0P_/Q	core.h_reg[60]$_DFFE_PN0P_/D
74	0.9204	core.work_factor_ctr_reg[I]	core.a_reg[I]	core.work_factor_ctr_reg[19]$_DFFE_PN0P_/Q	core.a_reg[63]$_DFFE_PN0P_/D
75	0.9205	core.work_factor_ctr_reg[I]	core.g_reg[I]	core.work_factor_ctr_reg[19]$_DFFE_PN0P_/Q	core.g_reg[11]$_DFFE_PN0P_/D
76	0.9209	core.work_factor_ctr_reg[I]	core.b_reg[I]	core.work_factor_ctr_reg[19]$_DFFE_PN0P_/Q	core.b_reg[0]$_DFFE_PN0P_/D
77	0.9209	core.work_factor_ctr_reg[I]	core.c_reg[I]	core.work_factor_ctr_reg[19]$_DFFE_PN0P_/Q	core.c_reg[0]$_DFFE_PN0P_/D
78	0.9218	core.work_factor_ctr_reg[I]	core.d_reg[I]	core.work_factor_ctr_reg[19]$_DFFE_PN0P_/Q	core.d_reg[1]$_DFFE_PN0P_/D
79	0.9219	core.work_factor_ctr_reg[I]	core.f_reg[I]	core.work_factor_ctr_reg[19]$_DFFE_PN0P_/Q	core.f_reg[46]$_DFFE_PN0P_/D
80	0.9229	core.work_factor_ctr_reg[I]	core.w_mem_inst.w_mem[I][J]	core.work_factor_ctr_reg[29]$_DFFE_PN0P_/Q	core.w_mem_inst.w_mem[12][52]$_DFFE_PN0P_/D
81	0.9255	core.work_factor_ctr_reg[I]	core.round_ctr_reg[I]	core.work_factor_ctr_reg[19]$_DFFE_PN0P_/Q	core.round_ctr_reg[6]$_DFFE_PN0P_/D
82	0.9262	core.work_factor_ctr_reg[I]	core.w_mem_inst.w_ctr_reg[I]	core.work_factor_ctr_reg[19]$_DFFE_PN0P_/Q	core.w_mem_inst.w_ctr_reg[4]$_DFFE_PN0P_/D
83	0.9427	work_factor_num_reg[I]	core.a_reg[I]	work_factor_num_reg[29]$_DFFE_PN0P_/QN	core.a_reg[0]$_DFFE_PN0P_/D
84	0.9427	work_factor_num_reg[I]	core.b_reg[I]	work_factor_num_reg[29]$_DFFE_PN0P_/QN	core.b_reg[28]$_DFFE_PN0P_/D
85	0.9427	work_factor_num_reg[I]	core.c_reg[I]	work_factor_num_reg[29]$_DFFE_PN0P_/QN	core.c_reg[48]$_DFFE_PN0P_/D
86	0.9427	work_factor_num_reg[I]	core.d_reg[I]	work_factor_num_reg[29]$_DFFE_PN0P_/QN	core.d_reg[55]$_DFFE_PN0P_/D
87	0.9427	work_factor_num_reg[I]	core.e_reg[I]	work_factor_num_reg[29]$_DFFE_PN0P_/QN	core.e_reg[49]$_DFFE_PN0P_/D
88	0.9427	work_factor_num_reg[I]	core.g_reg[I]	work_factor_num_reg[29]$_DFFE_PN0P_/QN	core.g_reg[47]$_DFFE_PN0P_/D
89	0.9427	work_factor_num_reg[I]	core.w_mem_inst.w_mem[I][J]	work_factor_num_reg[29]$_DFFE_PN0P_/QN	core.w_mem_inst.w_mem[12][52]$_DFFE_PN0P_/D
90	0.9586	work_factor_num_reg[I]	core.h_reg[I]	work_factor_num_reg[29]$_DFFE_PN0P_/QN	core.h_reg[53]$_DFFE_PN0P_/D
91	0.9618	work_factor_num_reg[I]	core.f_reg[I]	work_factor_num_reg[29]$_DFFE_PN0P_/QN	core.f_reg[46]$_DFFE_PN0P_/D
92	0.9674	work_factor_num_reg[I]	core.HI_reg[J]	work_factor_num_reg[19]$_DFFE_PN1P_/QN	core.H1_reg[37]$_DFFE_PN0P_/D
93	0.9764	work_factor_num_reg[I]	core.round_ctr_reg[I]	work_factor_num_reg[19]$_DFFE_PN1P_/QN	core.round_ctr_reg[6]$_DFFE_PN0P_/D
94	0.9772	work_factor_num_reg[I]	core.w_mem_inst.w_ctr_reg[I]	work_factor_num_reg[19]$_DFFE_PN1P_/QN	core.w_mem_inst.w_ctr_reg[4]$_DFFE_PN0P_/D
95	0.9788	core.work_factor_ctr_reg[I]	core.digest_valid_reg	core.work_factor_ctr_reg[19]$_DFFE_PN0P_/Q	core.digest_valid_reg$_DFFE_PN0P_/D
96	0.9808	core.work_factor_ctr_reg[I]	core.ready_reg	core.work_factor_ctr_reg[19]$_DFFE_PN0P_/Q	core.ready_reg$_DFFE_PN1P_/D
97	0.9813	core.round_ctr_reg[I]	core.work_factor_ctr_reg[I]	core.round_ctr_reg[4]$_DFFE_PN0P_/Q	core.work_factor_ctr_reg[29]$_DFFE_PN0P_/D
98	1.0121	core.work_factor_ctr_reg[I]	core.work_factor_ctr_reg[I]	core.work_factor_ctr_reg[1]$_DFFE_PN0P_/Q	core.work_factor_ctr_reg[30]$_DFFE_PN0P_/D
99	1.0297	work_factor_num_reg[I]	core.digest_valid_reg	work_factor_num_reg[19]$_DFFE_PN1P_/QN	core.digest_valid_reg$_DFFE_PN0P_/D
100	1.0317	work_factor_num_reg[I]	core.ready_reg	work_factor_num_reg[19]$_DFFE_PN1P_/QN	core.ready_reg$_DFFE_PN1P_/D
