# stage	1_synth
# top_module	sha512
# top_n	1000
# kind	blocks
# skip_async	1
# include_full	1
# rank	worst_slack_ns	start	end	start_full	end_full
1	-0.7081	core.w_mem_inst.w_ctr_reg[I]	core.a_reg[I]	core.w_mem_inst.w_ctr_reg[0]$_DFFE_PN0P_/Q	core.a_reg[62]$_DFFE_PN0P_/D
2	-0.5597	core.round_ctr_reg[I]	core.a_reg[I]	core.round_ctr_reg[2]$_DFFE_PN0P_/Q	core.a_reg[62]$_DFFE_PN0P_/D
3	-0.5349	core.w_mem_inst.w_ctr_reg[I]	core.e_reg[I]	core.w_mem_inst.w_ctr_reg[0]$_DFFE_PN0P_/Q	core.e_reg[60]$_DFFE_PN0P_/D
4	-0.3901	core.w_mem_inst.w_mem[I][J]	core.a_reg[I]	core.w_mem_inst.w_mem[1][5]$_DFFE_PN0P_/Q	core.a_reg[62]$_DFFE_PN0P_/D
5	-0.3866	core.round_ctr_reg[I]	core.e_reg[I]	core.round_ctr_reg[2]$_DFFE_PN0P_/Q	core.e_reg[60]$_DFFE_PN0P_/D
6	-0.3442	core.e_reg[I]	core.a_reg[I]	core.e_reg[17]$_DFFE_PN0P_/Q	core.a_reg[62]$_DFFE_PN0P_/D
7	-0.2910	core.f_reg[I]	core.a_reg[I]	core.f_reg[3]$_DFFE_PN0P_/Q	core.a_reg[62]$_DFFE_PN0P_/D
8	-0.2841	core.g_reg[I]	core.a_reg[I]	core.g_reg[3]$_DFFE_PN0P_/Q	core.a_reg[62]$_DFFE_PN0P_/D
9	-0.2435	address[I]	read_data[I]	address[1]	read_data[15]
10	-0.2319	core.w_mem_inst.w_precomp_reg[I]	core.a_reg[I]	core.w_mem_inst.w_precomp_reg[3]$_DFFE_PN0P_/Q	core.a_reg[62]$_DFFE_PN0P_/D
11	-0.2170	core.w_mem_inst.w_mem[I][J]	core.e_reg[I]	core.w_mem_inst.w_mem[1][5]$_DFFE_PN0P_/Q	core.e_reg[60]$_DFFE_PN0P_/D
12	-0.1711	core.e_reg[I]	core.e_reg[I]	core.e_reg[17]$_DFFE_PN0P_/Q	core.e_reg[60]$_DFFE_PN0P_/D
13	-0.1178	core.f_reg[I]	core.e_reg[I]	core.f_reg[3]$_DFFE_PN0P_/Q	core.e_reg[60]$_DFFE_PN0P_/D
14	-0.1109	core.g_reg[I]	core.e_reg[I]	core.g_reg[3]$_DFFE_PN0P_/Q	core.e_reg[60]$_DFFE_PN0P_/D
15	-0.0588	core.w_mem_inst.w_precomp_reg[I]	core.e_reg[I]	core.w_mem_inst.w_precomp_reg[3]$_DFFE_PN0P_/Q	core.e_reg[60]$_DFFE_PN0P_/D
16	-0.0534	address[I]	error	address[4]	error
17	0.0155	core.h_reg[I]	core.a_reg[I]	core.h_reg[3]$_DFFE_PN0P_/Q	core.a_reg[62]$_DFFE_PN0P_/D
18	0.0726	we	read_data[I]	we	read_data[13]
19	0.0932	cs	read_data[I]	cs	read_data[13]
20	0.1887	core.h_reg[I]	core.e_reg[I]	core.h_reg[3]$_DFFE_PN0P_/Q	core.e_reg[60]$_DFFE_PN0P_/D
21	0.2123	we	error	we	error
22	0.2560	cs	error	cs	error
23	0.3378	address[I]	block_reg[I][J]	address[0]	block_reg[30][10]$_DFFE_PN0P_/D
24	0.3817	core.w_mem_inst.w_mem[I][J]	core.w_mem_inst.w_precomp_reg[I]	core.w_mem_inst.w_mem[2][13]$_DFFE_PN0P_/Q	core.w_mem_inst.w_precomp_reg[58]$_DFFE_PN0P_/D
25	0.4143	address[I]	work_factor_num_reg[I]	address[4]	work_factor_num_reg[10]$_DFFE_PN0P_/D
26	0.4951	core.w_mem_inst.w_mem[I][J]	core.w_mem_inst.w_mem[I][J]	core.w_mem_inst.w_mem[1][20]$_DFFE_PN0P_/Q	core.w_mem_inst.w_mem[15][60]$_DFFE_PN0P_/D
27	0.5227	address[I]	work_factor_reg	address[4]	work_factor_reg$_DFFE_PN0P_/D
28	0.5231	address[I]	mode_reg[I]	address[4]	mode_reg[0]$_DFFE_PN1P_/D
29	0.5267	core.a_reg[I]	core.a_reg[I]	core.a_reg[38]$_DFFE_PN0P_/Q	core.a_reg[62]$_DFFE_PN0P_/D
30	0.5520	address[I]	init_reg	address[4]	init_reg$_DFF_PN0_/D
31	0.5520	address[I]	next_reg	address[4]	next_reg$_DFF_PN0_/D
32	0.5533	digest_reg[I]	read_data[I]	digest_reg[285]$_DFFE_PN0P_/Q	read_data[29]
33	0.5630	block_reg[I][J]	read_data[I]	block_reg[8][9]$_DFFE_PN0P_/Q	read_data[9]
34	0.6012	cs	block_reg[I][J]	cs	block_reg[30][10]$_DFFE_PN0P_/D
35	0.6013	we	block_reg[I][J]	we	block_reg[30][10]$_DFFE_PN0P_/D
36	0.6160	core.c_reg[I]	core.a_reg[I]	core.c_reg[10]$_DFFE_PN0P_/Q	core.a_reg[62]$_DFFE_PN0P_/D
37	0.6205	core.b_reg[I]	core.a_reg[I]	core.b_reg[10]$_DFFE_PN0P_/Q	core.a_reg[62]$_DFFE_PN0P_/D
38	0.6450	we	work_factor_num_reg[I]	we	work_factor_num_reg[10]$_DFFE_PN0P_/D
39	0.6658	cs	work_factor_num_reg[I]	cs	work_factor_num_reg[10]$_DFFE_PN0P_/D
40	0.7441	core.h_reg[I]	core.HI_reg[J]	core.h_reg[0]$_DFFE_PN0P_/Q	core.H7_reg[60]$_DFFE_PN0P_/D
41	0.7522	core.HI_reg[J]	core.HI_reg[J]	core.H7_reg[0]$_DFFE_PN0P_/Q	core.H7_reg[60]$_DFFE_PN0P_/D
42	0.7630	work_factor_num_reg[I]	read_data[I]	work_factor_num_reg[1]$_DFFE_PN0P_/Q	read_data[1]
43	0.7705	core.c_reg[I]	core.HI_reg[J]	core.c_reg[12]$_DFFE_PN0P_/Q	core.H2_reg[62]$_DFFE_PN0P_/D
44	0.7756	ready_reg	read_data[I]	ready_reg$_DFF_PN0_/Q	read_data[0]
45	0.7792	core.e_reg[I]	core.HI_reg[J]	core.e_reg[32]$_DFFE_PN0P_/Q	core.H4_reg[63]$_DFFE_PN0P_/D
46	0.7906	core.d_reg[I]	core.HI_reg[J]	core.d_reg[14]$_DFFE_PN0P_/Q	core.H3_reg[63]$_DFFE_PN0P_/D
47	0.7923	init_reg	read_data[I]	init_reg$_DFF_PN0_/Q	read_data[0]
48	0.7938	core.g_reg[I]	core.HI_reg[J]	core.g_reg[0]$_DFFE_PN0P_/Q	core.H6_reg[60]$_DFFE_PN0P_/D
49	0.7968	digest_valid_reg	read_data[I]	digest_valid_reg$_DFF_PN0_/Q	read_data[1]
50	0.7979	next_reg	read_data[I]	next_reg$_DFF_PN0_/Q	read_data[1]
51	0.8010	we	work_factor_reg	we	work_factor_reg$_DFFE_PN0P_/D
52	0.8013	we	mode_reg[I]	we	mode_reg[0]$_DFFE_PN1P_/D
53	0.8026	cs	work_factor_reg	cs	work_factor_reg$_DFFE_PN0P_/D
54	0.8030	cs	mode_reg[I]	cs	mode_reg[0]$_DFFE_PN1P_/D
55	0.8036	write_data[I]	block_reg[I][J]	write_data[0]	block_reg[0][0]$_DFFE_PN0P_/D
56	0.8036	write_data[I]	work_factor_num_reg[I]	write_data[0]	work_factor_num_reg[0]$_DFFE_PN0P_/D
57	0.8072	core.a_reg[I]	core.HI_reg[J]	core.a_reg[41]$_DFFE_PN0P_/Q	core.H0_reg[62]$_DFFE_PN0P_/D
58	0.8138	mode_reg[I]	read_data[I]	mode_reg[1]$_DFFE_PN1P_/Q	read_data[3]
59	0.8175	core.f_reg[I]	core.HI_reg[J]	core.f_reg[0]$_DFFE_PN0P_/Q	core.H5_reg[62]$_DFFE_PN0P_/D
60	0.8229	core.work_factor_ctr_reg[I]	core.w_mem_inst.w_mem[I][J]	core.work_factor_ctr_reg[9]$_DFFE_PN0P_/Q	core.w_mem_inst.w_mem[0][0]$_DFFE_PN0P_/D
61	0.8286	core.work_factor_ctr_reg[I]	core.d_reg[I]	core.work_factor_ctr_reg[9]$_DFFE_PN0P_/Q	core.d_reg[59]$_DFFE_PN0P_/D
62	0.8286	core.work_factor_ctr_reg[I]	core.e_reg[I]	core.work_factor_ctr_reg[9]$_DFFE_PN0P_/Q	core.e_reg[16]$_DFFE_PN0P_/D
63	0.8286	core.work_factor_ctr_reg[I]	core.f_reg[I]	core.work_factor_ctr_reg[9]$_DFFE_PN0P_/Q	core.f_reg[16]$_DFFE_PN0P_/D
64	0.8286	core.work_factor_ctr_reg[I]	core.g_reg[I]	core.work_factor_ctr_reg[9]$_DFFE_PN0P_/Q	core.g_reg[14]$_DFFE_PN0P_/D
65	0.8286	core.work_factor_ctr_reg[I]	core.h_reg[I]	core.work_factor_ctr_reg[9]$_DFFE_PN0P_/Q	core.h_reg[30]$_DFFE_PN0P_/D
66	0.8303	we	init_reg	we	init_reg$_DFF_PN0_/D
67	0.8303	we	next_reg	we	next_reg$_DFF_PN0_/D
68	0.8305	core.b_reg[I]	core.HI_reg[J]	core.b_reg[0]$_DFFE_PN0P_/Q	core.H1_reg[62]$_DFFE_PN0P_/D
69	0.8320	cs	init_reg	cs	init_reg$_DFF_PN0_/D
70	0.8320	cs	next_reg	cs	next_reg$_DFF_PN0_/D
71	0.8320	work_factor_reg	read_data[I]	work_factor_reg$_DFFE_PN0P_/Q	read_data[7]
72	0.8329	core.work_factor_ctr_reg[I]	core.c_reg[I]	core.work_factor_ctr_reg[9]$_DFFE_PN0P_/Q	core.c_reg[32]$_DFFE_PN0P_/D
73	0.8338	core.d_reg[I]	core.e_reg[I]	core.d_reg[9]$_DFFE_PN0P_/Q	core.e_reg[60]$_DFFE_PN0P_/D
74	0.8400	write_data[I]	init_reg	write_data[0]	init_reg$_DFF_PN0_/D
75	0.8400	write_data[I]	next_reg	write_data[1]	next_reg$_DFF_PN0_/D
76	0.8534	core.work_factor_ctr_reg[I]	core.a_reg[I]	core.work_factor_ctr_reg[9]$_DFFE_PN0P_/Q	core.a_reg[14]$_DFFE_PN0P_/D
77	0.8534	core.work_factor_ctr_reg[I]	core.b_reg[I]	core.work_factor_ctr_reg[9]$_DFFE_PN0P_/Q	core.b_reg[11]$_DFFE_PN0P_/D
78	0.8621	write_data[I]	work_factor_reg	write_data[7]	work_factor_reg$_DFFE_PN0P_/D
79	0.8624	write_data[I]	mode_reg[I]	write_data[2]	mode_reg[0]$_DFFE_PN1P_/D
80	0.8699	work_factor_num_reg[I]	core.w_mem_inst.w_mem[I][J]	work_factor_num_reg[13]$_DFFE_PN0P_/QN	core.w_mem_inst.w_mem[0][0]$_DFFE_PN0P_/D
81	0.8756	work_factor_num_reg[I]	core.d_reg[I]	work_factor_num_reg[13]$_DFFE_PN0P_/QN	core.d_reg[59]$_DFFE_PN0P_/D
82	0.8756	work_factor_num_reg[I]	core.e_reg[I]	work_factor_num_reg[13]$_DFFE_PN0P_/QN	core.e_reg[16]$_DFFE_PN0P_/D
83	0.8756	work_factor_num_reg[I]	core.f_reg[I]	work_factor_num_reg[13]$_DFFE_PN0P_/QN	core.f_reg[16]$_DFFE_PN0P_/D
84	0.8756	work_factor_num_reg[I]	core.g_reg[I]	work_factor_num_reg[13]$_DFFE_PN0P_/QN	core.g_reg[14]$_DFFE_PN0P_/D
85	0.8756	work_factor_num_reg[I]	core.h_reg[I]	work_factor_num_reg[13]$_DFFE_PN0P_/QN	core.h_reg[30]$_DFFE_PN0P_/D
86	0.8799	work_factor_num_reg[I]	core.c_reg[I]	work_factor_num_reg[13]$_DFFE_PN0P_/QN	core.c_reg[32]$_DFFE_PN0P_/D
87	0.8940	core.work_factor_ctr_reg[I]	core.HI_reg[J]	core.work_factor_ctr_reg[9]$_DFFE_PN0P_/Q	core.H6_reg[16]$_DFFE_PN0P_/D
88	0.9004	work_factor_num_reg[I]	core.a_reg[I]	work_factor_num_reg[13]$_DFFE_PN0P_/QN	core.a_reg[14]$_DFFE_PN0P_/D
89	0.9004	work_factor_num_reg[I]	core.b_reg[I]	work_factor_num_reg[13]$_DFFE_PN0P_/QN	core.b_reg[11]$_DFFE_PN0P_/D
90	0.9103	core.work_factor_ctr_reg[I]	core.round_ctr_reg[I]	core.work_factor_ctr_reg[9]$_DFFE_PN0P_/Q	core.round_ctr_reg[6]$_DFFE_PN0P_/D
91	0.9182	core.work_factor_ctr_reg[I]	core.w_mem_inst.w_ctr_reg[I]	core.work_factor_ctr_reg[9]$_DFFE_PN0P_/Q	core.w_mem_inst.w_ctr_reg[4]$_DFFE_PN0P_/D
92	0.9274	core.round_ctr_reg[I]	core.work_factor_ctr_reg[I]	core.round_ctr_reg[4]$_DFFE_PN0P_/Q	core.work_factor_ctr_reg[26]$_DFFE_PN0P_/D
93	0.9304	work_factor_num_reg[I]	core.HI_reg[J]	work_factor_num_reg[7]$_DFFE_PN0P_/QN	core.H6_reg[13]$_DFFE_PN0P_/D
94	0.9400	core.work_factor_ctr_reg[I]	core.digest_valid_reg	core.work_factor_ctr_reg[9]$_DFFE_PN0P_/Q	core.digest_valid_reg$_DFFE_PN0P_/D
95	0.9421	core.work_factor_ctr_reg[I]	core.ready_reg	core.work_factor_ctr_reg[9]$_DFFE_PN0P_/Q	core.ready_reg$_DFFE_PN1P_/D
96	0.9573	work_factor_num_reg[I]	core.round_ctr_reg[I]	work_factor_num_reg[13]$_DFFE_PN0P_/QN	core.round_ctr_reg[6]$_DFFE_PN0P_/D
97	0.9618	work_factor_num_reg[I]	core.w_mem_inst.w_ctr_reg[I]	work_factor_num_reg[7]$_DFFE_PN0P_/QN	core.w_mem_inst.w_ctr_reg[0]$_DFFE_PN0P_/D
98	0.9870	work_factor_num_reg[I]	core.digest_valid_reg	work_factor_num_reg[13]$_DFFE_PN0P_/QN	core.digest_valid_reg$_DFFE_PN0P_/D
99	0.9890	work_factor_num_reg[I]	core.ready_reg	work_factor_num_reg[13]$_DFFE_PN0P_/QN	core.ready_reg$_DFFE_PN1P_/D
100	1.0447	core.work_factor_ctr_reg[I]	core.shaI_ctrl_reg[J]	core.work_factor_ctr_reg[7]$_DFFE_PN0P_/Q	core.sha512_ctrl_reg[2]$_DFF_PN0_/D
101	1.0603	core.work_factor_ctr_reg[I]	core.work_factor_ctr_reg[I]	core.work_factor_ctr_reg[4]$_DFFE_PN0P_/Q	core.work_factor_ctr_reg[26]$_DFFE_PN0P_/D
102	1.0630	core.round_ctr_reg[I]	core.round_ctr_reg[I]	core.round_ctr_reg[0]$_DFFE_PN0P_/Q	core.round_ctr_reg[0]$_DFFE_PN0P_/D
103	1.0663	work_factor_num_reg[I]	core.shaI_ctrl_reg[J]	work_factor_num_reg[7]$_DFFE_PN0P_/QN	core.sha512_ctrl_reg[2]$_DFF_PN0_/D
104	1.0859	core.w_mem_inst.w_ctr_reg[I]	core.w_mem_inst.w_mem[I][J]	core.w_mem_inst.w_ctr_reg[1]$_DFFE_PN0P_/Q	core.w_mem_inst.w_mem[10][10]$_DFFE_PN0P_/D
105	1.0875	core.shaI_ctrl_reg[J]	core.work_factor_ctr_reg[I]	core.sha512_ctrl_reg[2]$_DFF_PN0_/Q	core.work_factor_ctr_reg[26]$_DFFE_PN0P_/D
106	1.0876	init_reg	core.w_mem_inst.w_mem[I][J]	init_reg$_DFF_PN0_/Q	core.w_mem_inst.w_mem[0][0]$_DFFE_PN0P_/D
107	1.0933	init_reg	core.d_reg[I]	init_reg$_DFF_PN0_/Q	core.d_reg[59]$_DFFE_PN0P_/D
108	1.0933	init_reg	core.e_reg[I]	init_reg$_DFF_PN0_/Q	core.e_reg[16]$_DFFE_PN0P_/D
109	1.0933	init_reg	core.f_reg[I]	init_reg$_DFF_PN0_/Q	core.f_reg[16]$_DFFE_PN0P_/D
110	1.0933	init_reg	core.g_reg[I]	init_reg$_DFF_PN0_/Q	core.g_reg[14]$_DFFE_PN0P_/D
111	1.0933	init_reg	core.h_reg[I]	init_reg$_DFF_PN0_/Q	core.h_reg[30]$_DFFE_PN0P_/D
112	1.0943	next_reg	core.w_mem_inst.w_mem[I][J]	next_reg$_DFF_PN0_/Q	core.w_mem_inst.w_mem[0][0]$_DFFE_PN0P_/D
113	1.0976	init_reg	core.c_reg[I]	init_reg$_DFF_PN0_/Q	core.c_reg[32]$_DFFE_PN0P_/D
114	1.1000	next_reg	core.d_reg[I]	next_reg$_DFF_PN0_/Q	core.d_reg[59]$_DFFE_PN0P_/D
115	1.1000	next_reg	core.e_reg[I]	next_reg$_DFF_PN0_/Q	core.e_reg[16]$_DFFE_PN0P_/D
116	1.1000	next_reg	core.f_reg[I]	next_reg$_DFF_PN0_/Q	core.f_reg[16]$_DFFE_PN0P_/D
117	1.1000	next_reg	core.g_reg[I]	next_reg$_DFF_PN0_/Q	core.g_reg[14]$_DFFE_PN0P_/D
118	1.1000	next_reg	core.h_reg[I]	next_reg$_DFF_PN0_/Q	core.h_reg[30]$_DFFE_PN0P_/D
119	1.1043	next_reg	core.c_reg[I]	next_reg$_DFF_PN0_/Q	core.c_reg[32]$_DFFE_PN0P_/D
120	1.1181	init_reg	core.a_reg[I]	init_reg$_DFF_PN0_/Q	core.a_reg[14]$_DFFE_PN0P_/D
121	1.1181	init_reg	core.b_reg[I]	init_reg$_DFF_PN0_/Q	core.b_reg[11]$_DFFE_PN0P_/D
122	1.1204	core.shaI_ctrl_reg[J]	core.w_mem_inst.w_mem[I][J]	core.sha512_ctrl_reg[0]$_DFF_PN1_/Q	core.w_mem_inst.w_mem[0][0]$_DFFE_PN0P_/D
123	1.1233	core.shaI_ctrl_reg[J]	core.HI_reg[J]	core.sha512_ctrl_reg[0]$_DFF_PN1_/Q	core.H7_reg[63]$_DFFE_PN0P_/D
124	1.1248	next_reg	core.a_reg[I]	next_reg$_DFF_PN0_/Q	core.a_reg[14]$_DFFE_PN0P_/D
125	1.1248	next_reg	core.b_reg[I]	next_reg$_DFF_PN0_/Q	core.b_reg[11]$_DFFE_PN0P_/D
126	1.1261	core.shaI_ctrl_reg[J]	core.d_reg[I]	core.sha512_ctrl_reg[0]$_DFF_PN1_/Q	core.d_reg[59]$_DFFE_PN0P_/D
127	1.1261	core.shaI_ctrl_reg[J]	core.e_reg[I]	core.sha512_ctrl_reg[0]$_DFF_PN1_/Q	core.e_reg[16]$_DFFE_PN0P_/D
128	1.1261	core.shaI_ctrl_reg[J]	core.f_reg[I]	core.sha512_ctrl_reg[0]$_DFF_PN1_/Q	core.f_reg[16]$_DFFE_PN0P_/D
129	1.1261	core.shaI_ctrl_reg[J]	core.g_reg[I]	core.sha512_ctrl_reg[0]$_DFF_PN1_/Q	core.g_reg[14]$_DFFE_PN0P_/D
130	1.1261	core.shaI_ctrl_reg[J]	core.h_reg[I]	core.sha512_ctrl_reg[0]$_DFF_PN1_/Q	core.h_reg[30]$_DFFE_PN0P_/D
131	1.1294	work_factor_reg	core.h_reg[I]	work_factor_reg$_DFFE_PN0P_/Q	core.h_reg[37]$_DFFE_PN0P_/D
132	1.1304	core.shaI_ctrl_reg[J]	core.c_reg[I]	core.sha512_ctrl_reg[0]$_DFF_PN1_/Q	core.c_reg[32]$_DFFE_PN0P_/D
133	1.1420	core.shaI_ctrl_reg[J]	core.a_reg[I]	core.sha512_ctrl_reg[0]$_DFF_PN1_/Q	core.a_reg[43]$_DFFE_PN0P_/D
134	1.1420	core.shaI_ctrl_reg[J]	core.b_reg[I]	core.sha512_ctrl_reg[0]$_DFF_PN1_/Q	core.b_reg[38]$_DFFE_PN0P_/D
135	1.1472	work_factor_reg	core.e_reg[I]	work_factor_reg$_DFFE_PN0P_/Q	core.e_reg[6]$_DFFE_PN0P_/D
136	1.1478	work_factor_reg	core.a_reg[I]	work_factor_reg$_DFFE_PN0P_/Q	core.a_reg[45]$_DFFE_PN0P_/D
137	1.1493	work_factor_reg	core.c_reg[I]	work_factor_reg$_DFFE_PN0P_/Q	core.c_reg[63]$_DFFE_PN0P_/D
138	1.1493	work_factor_reg	core.g_reg[I]	work_factor_reg$_DFFE_PN0P_/Q	core.g_reg[63]$_DFFE_PN0P_/D
139	1.1494	work_factor_reg	core.b_reg[I]	work_factor_reg$_DFFE_PN0P_/Q	core.b_reg[1]$_DFFE_PN0P_/D
140	1.1494	work_factor_reg	core.d_reg[I]	work_factor_reg$_DFFE_PN0P_/Q	core.d_reg[0]$_DFFE_PN0P_/D
141	1.1494	work_factor_reg	core.f_reg[I]	work_factor_reg$_DFFE_PN0P_/Q	core.f_reg[23]$_DFFE_PN0P_/D
142	1.1494	work_factor_reg	core.w_mem_inst.w_mem[I][J]	work_factor_reg$_DFFE_PN0P_/Q	core.w_mem_inst.w_mem[0][31]$_DFFE_PN0P_/D
143	1.1512	init_reg	core.HI_reg[J]	init_reg$_DFF_PN0_/Q	core.H7_reg[63]$_DFFE_PN0P_/D
144	1.1614	work_factor_reg	core.HI_reg[J]	work_factor_reg$_DFFE_PN0P_/Q	core.H6_reg[13]$_DFFE_PN0P_/D
145	1.1667	mode_reg[I]	core.HI_reg[J]	mode_reg[1]$_DFFE_PN1P_/Q	core.H0_reg[44]$_DFFE_PN0P_/D
146	1.1703	mode_reg[I]	core.e_reg[I]	mode_reg[1]$_DFFE_PN1P_/Q	core.e_reg[28]$_DFFE_PN0P_/D
147	1.1711	mode_reg[I]	core.g_reg[I]	mode_reg[1]$_DFFE_PN1P_/Q	core.g_reg[7]$_DFFE_PN0P_/D
148	1.1711	mode_reg[I]	core.h_reg[I]	mode_reg[1]$_DFFE_PN1P_/Q	core.h_reg[23]$_DFFE_PN0P_/D
149	1.1713	mode_reg[I]	core.f_reg[I]	mode_reg[1]$_DFFE_PN1P_/Q	core.f_reg[32]$_DFFE_PN0P_/D
150	1.1753	mode_reg[I]	core.b_reg[I]	mode_reg[1]$_DFFE_PN1P_/Q	core.b_reg[40]$_DFFE_PN0P_/D
151	1.1754	mode_reg[I]	core.c_reg[I]	mode_reg[1]$_DFFE_PN1P_/Q	core.c_reg[10]$_DFFE_PN0P_/D
152	1.1754	mode_reg[I]	core.d_reg[I]	mode_reg[1]$_DFFE_PN1P_/Q	core.d_reg[17]$_DFFE_PN0P_/D
153	1.1760	init_reg	core.round_ctr_reg[I]	init_reg$_DFF_PN0_/Q	core.round_ctr_reg[6]$_DFFE_PN0P_/D
154	1.1771	mode_reg[I]	core.a_reg[I]	mode_reg[1]$_DFFE_PN1P_/Q	core.a_reg[44]$_DFFE_PN0P_/D
155	1.1827	next_reg	core.round_ctr_reg[I]	next_reg$_DFF_PN0_/Q	core.round_ctr_reg[6]$_DFFE_PN0P_/D
156	1.1839	init_reg	core.w_mem_inst.w_ctr_reg[I]	init_reg$_DFF_PN0_/Q	core.w_mem_inst.w_ctr_reg[4]$_DFFE_PN0P_/D
157	1.1868	work_factor_reg	core.round_ctr_reg[I]	work_factor_reg$_DFFE_PN0P_/Q	core.round_ctr_reg[0]$_DFFE_PN0P_/D
158	1.1897	work_factor_reg	core.w_mem_inst.w_ctr_reg[I]	work_factor_reg$_DFFE_PN0P_/Q	core.w_mem_inst.w_ctr_reg[0]$_DFFE_PN0P_/D
159	1.1906	next_reg	core.w_mem_inst.w_ctr_reg[I]	next_reg$_DFF_PN0_/Q	core.w_mem_inst.w_ctr_reg[4]$_DFFE_PN0P_/D
160	1.1941	core.w_mem_inst.w_ctr_reg[I]	core.w_mem_inst.w_precomp_reg[I]	core.w_mem_inst.w_ctr_reg[4]$_DFFE_PN0P_/Q	core.w_mem_inst.w_precomp_reg[52]$_DFFE_PN0P_/D
161	1.2027	core.shaI_ctrl_reg[J]	core.round_ctr_reg[I]	core.sha512_ctrl_reg[0]$_DFF_PN1_/Q	core.round_ctr_reg[0]$_DFFE_PN0P_/D
162	1.2056	core.shaI_ctrl_reg[J]	core.w_mem_inst.w_ctr_reg[I]	core.sha512_ctrl_reg[0]$_DFF_PN1_/Q	core.w_mem_inst.w_ctr_reg[0]$_DFFE_PN0P_/D
163	1.2425	init_reg	core.work_factor_ctr_reg[I]	init_reg$_DFF_PN0_/Q	core.work_factor_ctr_reg[13]$_DFFE_PN0P_/D
164	1.2444	core.round_ctr_reg[I]	core.shaI_ctrl_reg[J]	core.round_ctr_reg[4]$_DFFE_PN0P_/Q	core.sha512_ctrl_reg[2]$_DFF_PN0_/D
165	1.2446	core.shaI_ctrl_reg[J]	core.digest_valid_reg	core.sha512_ctrl_reg[1]$_DFF_PN0_/Q	core.digest_valid_reg$_DFFE_PN0P_/D
166	1.2466	core.shaI_ctrl_reg[J]	core.ready_reg	core.sha512_ctrl_reg[1]$_DFF_PN0_/Q	core.ready_reg$_DFFE_PN1P_/D
167	1.2492	next_reg	core.work_factor_ctr_reg[I]	next_reg$_DFF_PN0_/Q	core.work_factor_ctr_reg[13]$_DFFE_PN0P_/D
168	1.2513	core.shaI_ctrl_reg[J]	core.w_mem_inst.w_precomp_reg[I]	core.sha512_ctrl_reg[2]$_DFF_PN0_/Q	core.w_mem_inst.w_precomp_reg[62]$_DFFE_PN0P_/D
169	1.2733	work_factor_reg	core.digest_valid_reg	work_factor_reg$_DFFE_PN0P_/Q	core.digest_valid_reg$_DFFE_PN0P_/D
170	1.2737	work_factor_reg	core.ready_reg	work_factor_reg$_DFFE_PN0P_/Q	core.ready_reg$_DFFE_PN1P_/D
171	1.2767	core.w_mem_inst.w_ctr_reg[I]	core.w_mem_inst.w_ctr_reg[I]	core.w_mem_inst.w_ctr_reg[1]$_DFFE_PN0P_/Q	core.w_mem_inst.w_ctr_reg[6]$_DFFE_PN0P_/D
172	1.2815	core.digest_valid_reg	digest_reg[I]	core.digest_valid_reg$_DFFE_PN0P_/Q	digest_reg[442]$_DFFE_PN0P_/D
173	1.2837	core.shaI_ctrl_reg[J]	core.shaI_ctrl_reg[J]	core.sha512_ctrl_reg[2]$_DFF_PN0_/Q	core.sha512_ctrl_reg[2]$_DFF_PN0_/D
174	1.3179	core.digest_valid_reg	core.digest_valid_reg	core.digest_valid_reg$_DFFE_PN0P_/Q	core.digest_valid_reg$_DFFE_PN0P_/D
175	1.3460	init_reg	core.shaI_ctrl_reg[J]	init_reg$_DFF_PN0_/Q	core.sha512_ctrl_reg[2]$_DFF_PN0_/D
176	1.3527	next_reg	core.shaI_ctrl_reg[J]	next_reg$_DFF_PN0_/Q	core.sha512_ctrl_reg[2]$_DFF_PN0_/D
177	1.3528	core.HI_reg[J]	core.b_reg[I]	core.H1_reg[1]$_DFFE_PN0P_/Q	core.b_reg[1]$_DFFE_PN0P_/D
178	1.3592	core.HI_reg[J]	core.a_reg[I]	core.H0_reg[48]$_DFFE_PN0P_/Q	core.a_reg[48]$_DFFE_PN0P_/D
179	1.3592	core.HI_reg[J]	core.d_reg[I]	core.H3_reg[0]$_DFFE_PN0P_/Q	core.d_reg[0]$_DFFE_PN0P_/D
180	1.3635	core.HI_reg[J]	core.f_reg[I]	core.H5_reg[23]$_DFFE_PN0P_/Q	core.f_reg[23]$_DFFE_PN0P_/D
181	1.3635	core.HI_reg[J]	core.g_reg[I]	core.H6_reg[50]$_DFFE_PN0P_/Q	core.g_reg[50]$_DFFE_PN0P_/D
182	1.3635	core.HI_reg[J]	core.h_reg[I]	core.H7_reg[17]$_DFFE_PN0P_/Q	core.h_reg[17]$_DFFE_PN0P_/D
183	1.3636	core.HI_reg[J]	core.c_reg[I]	core.H2_reg[14]$_DFFE_PN0P_/Q	core.c_reg[14]$_DFFE_PN0P_/D
184	1.3636	core.HI_reg[J]	core.e_reg[I]	core.H4_reg[58]$_DFFE_PN0P_/Q	core.e_reg[58]$_DFFE_PN0P_/D
185	1.3767	core.b_reg[I]	core.b_reg[I]	core.b_reg[63]$_DFFE_PN0P_/Q	core.b_reg[63]$_DFFE_PN0P_/D
186	1.3893	core.f_reg[I]	core.f_reg[I]	core.f_reg[63]$_DFFE_PN0P_/Q	core.f_reg[63]$_DFFE_PN0P_/D
187	1.3981	core.c_reg[I]	core.c_reg[I]	core.c_reg[14]$_DFFE_PN0P_/Q	core.c_reg[14]$_DFFE_PN0P_/D
188	1.3991	core.d_reg[I]	core.d_reg[I]	core.d_reg[0]$_DFFE_PN0P_/Q	core.d_reg[0]$_DFFE_PN0P_/D
189	1.4004	core.h_reg[I]	core.h_reg[I]	core.h_reg[17]$_DFFE_PN0P_/Q	core.h_reg[17]$_DFFE_PN0P_/D
190	1.4008	work_factor_reg	core.shaI_ctrl_reg[J]	work_factor_reg$_DFFE_PN0P_/QN	core.sha512_ctrl_reg[2]$_DFF_PN0_/D
191	1.4009	core.g_reg[I]	core.g_reg[I]	core.g_reg[50]$_DFFE_PN0P_/Q	core.g_reg[50]$_DFFE_PN0P_/D
192	1.4018	init_reg	core.digest_valid_reg	init_reg$_DFF_PN0_/Q	core.digest_valid_reg$_DFFE_PN0P_/D
193	1.4022	init_reg	core.ready_reg	init_reg$_DFF_PN0_/Q	core.ready_reg$_DFFE_PN1P_/D
194	1.4049	core.a_reg[I]	core.b_reg[I]	core.a_reg[10]$_DFFE_PN0P_/Q	core.b_reg[10]$_DFFE_PN0P_/D
195	1.4050	core.e_reg[I]	core.f_reg[I]	core.e_reg[43]$_DFFE_PN0P_/Q	core.f_reg[43]$_DFFE_PN0P_/D
196	1.4064	next_reg	core.digest_valid_reg	next_reg$_DFF_PN0_/Q	core.digest_valid_reg$_DFFE_PN0P_/D
197	1.4068	next_reg	core.ready_reg	next_reg$_DFF_PN0_/Q	core.ready_reg$_DFFE_PN1P_/D
198	1.4070	block_reg[I][J]	core.w_mem_inst.w_mem[I][J]	block_reg[0][31]$_DFFE_PN0P_/Q	core.w_mem_inst.w_mem[0][63]$_DFFE_PN0P_/D
199	1.4094	core.w_mem_inst.w_precomp_reg[I]	core.w_mem_inst.w_precomp_reg[I]	core.w_mem_inst.w_precomp_reg[47]$_DFFE_PN0P_/Q	core.w_mem_inst.w_precomp_reg[47]$_DFFE_PN0P_/D
200	1.4107	core.f_reg[I]	core.g_reg[I]	core.f_reg[63]$_DFFE_PN0P_/Q	core.g_reg[63]$_DFFE_PN0P_/D
201	1.4258	core.HI_reg[J]	digest_reg[I]	core.H7_reg[63]$_DFFE_PN0P_/Q	digest_reg[63]$_DFFE_PN0P_/D
202	1.4259	core.b_reg[I]	core.c_reg[I]	core.b_reg[63]$_DFFE_PN0P_/Q	core.c_reg[63]$_DFFE_PN0P_/D
203	1.4315	core.c_reg[I]	core.d_reg[I]	core.c_reg[63]$_DFFE_PN0P_/Q	core.d_reg[63]$_DFFE_PN0P_/D
204	1.4428	core.g_reg[I]	core.h_reg[I]	core.g_reg[63]$_DFFE_PN0P_/Q	core.h_reg[63]$_DFFE_PN0P_/D
205	1.4448	mode_reg[I]	mode_reg[I]	mode_reg[1]$_DFFE_PN1P_/Q	mode_reg[1]$_DFFE_PN1P_/D
206	1.4585	work_factor_num_reg[I]	work_factor_num_reg[I]	work_factor_num_reg[0]$_DFFE_PN0P_/Q	work_factor_num_reg[0]$_DFFE_PN0P_/D
207	1.4618	work_factor_reg	work_factor_reg	work_factor_reg$_DFFE_PN0P_/Q	work_factor_reg$_DFFE_PN0P_/D
208	1.4631	block_reg[I][J]	block_reg[I][J]	block_reg[0][0]$_DFFE_PN0P_/Q	block_reg[0][0]$_DFFE_PN0P_/D
209	1.4667	digest_reg[I]	digest_reg[I]	digest_reg[100]$_DFFE_PN0P_/Q	digest_reg[100]$_DFFE_PN0P_/D
210	1.4879	core.ready_reg	core.ready_reg	core.ready_reg$_DFFE_PN1P_/Q	core.ready_reg$_DFFE_PN1P_/D
211	1.5130	core.digest_valid_reg	digest_valid_reg	core.digest_valid_reg$_DFFE_PN0P_/Q	digest_valid_reg$_DFF_PN0_/D
212	1.5239	core.ready_reg	ready_reg	core.ready_reg$_DFFE_PN1P_/Q	ready_reg$_DFF_PN0_/D
