# stage	1_synth
# top_module	tpu_top
# top_n	1000
# kind	blocks
# skip_async	1
# include_full	1
# rank	worst_slack_ns	start	end	start_full	end_full
1	-0.4504	systolic_controll.matrix_index[I]	_I_	systolic_controll.matrix_index[3]$_SDFF_PP0_/Q	_88135_/D
2	-0.1627	systolic_controll.matrix_index[I]	write_out.sram_wdata_a[I]	systolic_controll.matrix_index[4]$_SDFF_PP0_/QN	write_out.sram_wdata_a[90]$_SDFF_PN0_/D
3	-0.1615	systolic_controll.matrix_index[I]	write_out.sram_wdata_c[I]	systolic_controll.matrix_index[4]$_SDFF_PP0_/QN	write_out.sram_wdata_c[26]$_SDFF_PN0_/D
4	-0.1144	systolic.data_queue[I][J]	systolic.product_reg[I][J]	systolic.data_queue[52][7]$_SDFFE_PN0P_/Q	systolic.product_reg[52][14]$_SDFF_PN0_/D
5	-0.1092	systolic.weight_queue[I][J]	systolic.product_reg[I][J]	systolic.weight_queue[52][1]$_SDFFE_PN0P_/Q	systolic.product_reg[52][14]$_SDFF_PN0_/D
6	-0.0285	srstn	_I_	srstn	_88135_/D
7	-0.0044	srstn	write_out.sram_wdata_a[I]	srstn	write_out.sram_wdata_a[119]$_SDFF_PN0_/D
8	0.0052	srstn	write_out.sram_wdata_c[I]	srstn	write_out.sram_wdata_c[37]$_SDFF_PN0_/D
9	0.0801	systolic.product_reg[I][J]	systolic.matrix_mul_ID[J][K]	systolic.product_reg[4][0]$_SDFF_PN0_/Q	systolic.matrix_mul_2D[4][20]$_SDFFE_PN0P_/D
10	0.0805	systolic.matrix_mul_ID[J][K]	systolic.matrix_mul_ID[J][K]	systolic.matrix_mul_2D[4][0]$_SDFFE_PN0P_/Q	systolic.matrix_mul_2D[4][20]$_SDFFE_PN0P_/D
11	0.0910	systolic_controll.cycle_num[I]	systolic.op_reg[I][J]	systolic_controll.cycle_num[1]$_SDFF_PN0_/QN	systolic.op_reg[3][1]$_DFF_P_/D
12	0.1031	srstn	write_out.sram_waddr_a[I]	srstn	write_out.sram_waddr_a[3]$_SDFF_PN0_/D
13	0.1215	systolic.matrix_mul_ID[J][K]	write_out.sram_wdata_a[I]	systolic.matrix_mul_2D[57][18]$_SDFFE_PN0P_/Q	write_out.sram_wdata_a[88]$_SDFF_PN0_/D
14	0.1215	systolic.matrix_mul_ID[J][K]	write_out.sram_wdata_c[I]	systolic.matrix_mul_2D[57][18]$_SDFFE_PN0P_/Q	write_out.sram_wdata_c[88]$_SDFF_PN0_/D
15	0.1277	srstn	write_out.sram_waddr_c[I]	srstn	write_out.sram_waddr_c[4]$_SDFF_PN0_/D
16	0.1294	systolic.matrix_mul_ID[J][K]	_I_	systolic.matrix_mul_2D[60][17]$_SDFFE_PN0P_/Q	_88119_/D
17	0.1300	srstn	write_out.sram_write_enable_aI	srstn	write_out.sram_write_enable_a0$_SDFF_PN1_/D
18	0.1455	srstn	write_out.sram_write_enable_cI	srstn	write_out.sram_write_enable_c0$_SDFF_PN1_/D
19	0.1489	srstn	systolic.matrix_mul_ID[J][K]	srstn	systolic.matrix_mul_2D[56][20]$_SDFFE_PN0P_/D
20	0.1499	srstn	systolic.data_queue[I][J]	srstn	systolic.data_queue[61][1]$_SDFFE_PN0P_/D
21	0.1515	srstn	systolic.weight_queue[I][J]	srstn	systolic.weight_queue[10][7]$_SDFFE_PN0P_/D
22	0.1535	srstn	systolic_controll.addr_serial_num[I]	srstn	systolic_controll.addr_serial_num[1]$_SDFFE_PN0P_/D
23	0.1692	srstn	systolic_controll.state[I]	srstn	systolic_controll.state[3]$_DFF_P_/D
24	0.1927	systolic_controll.cycle_num[I]	_I_	systolic_controll.cycle_num[5]$_SDFF_PN0_/Q	_88135_/D
25	0.2162	systolic_controll.cycle_num[I]	write_out.sram_wdata_a[I]	systolic_controll.cycle_num[5]$_SDFF_PN0_/Q	write_out.sram_wdata_a[125]$_SDFF_PN0_/D
26	0.2230	srstn	systolic.op_reg[I][J]	srstn	systolic.op_reg[15][1]$_DFF_P_/D
27	0.2264	systolic_controll.cycle_num[I]	write_out.sram_wdata_c[I]	systolic_controll.cycle_num[5]$_SDFF_PN0_/Q	write_out.sram_wdata_c[37]$_SDFF_PN0_/D
28	0.2297	srstn	systolic.product_reg[I][J]	srstn	systolic.product_reg[62][13]$_SDFF_PN0_/D
29	0.2490	srstn	systolic_controll.cycle_num[I]	srstn	systolic_controll.cycle_num[0]$_SDFF_PN0_/D
30	0.2529	srstn	systolic_controll.tpu_done	srstn	systolic_controll.tpu_done$_SDFF_PN0_/D
31	0.2543	tpu_start	systolic_controll.addr_serial_num[I]	tpu_start	systolic_controll.addr_serial_num[5]$_SDFFE_PN0P_/D
32	0.2583	systolic_controll.state[I]	_I_	systolic_controll.state[3]$_DFF_P_/Q	_88135_/D
33	0.2712	srstn	systolic_controll.data_set[I]	srstn	systolic_controll.data_set[0]$_SDFFE_PN0P_/D
34	0.2825	systolic_controll.state[I]	write_out.sram_wdata_a[I]	systolic_controll.state[3]$_DFF_P_/Q	write_out.sram_wdata_a[119]$_SDFF_PN0_/D
35	0.2920	systolic_controll.state[I]	write_out.sram_wdata_c[I]	systolic_controll.state[3]$_DFF_P_/Q	write_out.sram_wdata_c[37]$_SDFF_PN0_/D
36	0.2939	systolic_controll.matrix_index[I]	systolic_controll.matrix_index[I]	systolic_controll.matrix_index[0]$_SDFF_PP0_/Q	systolic_controll.matrix_index[5]$_SDFF_PP0_/D
37	0.3093	systolic_controll.cycle_num[I]	write_out.sram_waddr_a[I]	systolic_controll.cycle_num[5]$_SDFF_PN0_/Q	write_out.sram_waddr_a[0]$_SDFF_PN0_/D
38	0.3094	systolic_controll.matrix_index[I]	systolic_controll.state[I]	systolic_controll.matrix_index[0]$_SDFF_PP0_/Q	systolic_controll.state[3]$_DFF_P_/D
39	0.3143	srstn	systolic_controll.matrix_index[I]	srstn	systolic_controll.matrix_index[0]$_SDFF_PP0_/D
40	0.3161	systolic_controll.cycle_num[I]	write_out.sram_waddr_c[I]	systolic_controll.cycle_num[5]$_SDFF_PN0_/Q	write_out.sram_waddr_c[0]$_SDFF_PN0_/D
41	0.3230	systolic_controll.cycle_num[I]	write_out.sram_write_enable_aI	systolic_controll.cycle_num[5]$_SDFF_PN0_/Q	write_out.sram_write_enable_a0$_SDFF_PN1_/D
42	0.3297	systolic_controll.cycle_num[I]	write_out.sram_write_enable_cI	systolic_controll.cycle_num[5]$_SDFF_PN0_/Q	write_out.sram_write_enable_c0$_SDFF_PN1_/D
43	0.3303	systolic_controll.matrix_index[I]	systolic_controll.tpu_done	systolic_controll.matrix_index[0]$_SDFF_PP0_/Q	systolic_controll.tpu_done$_SDFF_PN0_/D
44	0.3305	systolic_controll.data_set[I]	_I_	systolic_controll.data_set[0]$_SDFFE_PN0P_/Q	_88135_/D
45	0.3760	systolic_controll.matrix_index[I]	write_out.sram_waddr_c[I]	systolic_controll.matrix_index[0]$_SDFF_PP0_/Q	write_out.sram_waddr_c[0]$_SDFF_PN0_/D
46	0.3761	systolic_controll.matrix_index[I]	write_out.sram_waddr_a[I]	systolic_controll.matrix_index[0]$_SDFF_PP0_/Q	write_out.sram_waddr_a[0]$_SDFF_PN0_/D
47	0.3900	systolic_controll.state[I]	write_out.sram_waddr_a[I]	systolic_controll.state[3]$_DFF_P_/Q	write_out.sram_waddr_a[3]$_SDFF_PN0_/D
48	0.3905	systolic_controll.data_set[I]	write_out.sram_wdata_a[I]	systolic_controll.data_set[1]$_SDFFE_PN0P_/QN	write_out.sram_wdata_a[119]$_SDFF_PN0_/D
49	0.3920	systolic_controll.data_set[I]	write_out.sram_wdata_c[I]	systolic_controll.data_set[0]$_SDFFE_PN0P_/Q	write_out.sram_wdata_c[37]$_SDFF_PN0_/D
50	0.4146	systolic_controll.state[I]	write_out.sram_waddr_c[I]	systolic_controll.state[3]$_DFF_P_/Q	write_out.sram_waddr_c[4]$_SDFF_PN0_/D
51	0.4168	systolic_controll.state[I]	write_out.sram_write_enable_aI	systolic_controll.state[3]$_DFF_P_/Q	write_out.sram_write_enable_a0$_SDFF_PN1_/D
52	0.4324	systolic_controll.state[I]	write_out.sram_write_enable_cI	systolic_controll.state[3]$_DFF_P_/Q	write_out.sram_write_enable_c0$_SDFF_PN1_/D
53	0.4399	systolic_controll.cycle_num[I]	systolic_controll.cycle_num[I]	systolic_controll.cycle_num[1]$_SDFF_PN0_/Q	systolic_controll.cycle_num[8]$_SDFF_PN0_/D
54	0.4491	addr_sel.sram_raddr_wI[J]	sram_raddr_wI[J]	addr_sel.sram_raddr_w0[0]$_SDFF_PN1_/Q	sram_raddr_w0[0]
55	0.4526	systolic_controll.cycle_num[I]	systolic_controll.data_set[I]	systolic_controll.cycle_num[5]$_SDFF_PN0_/Q	systolic_controll.data_set[0]$_SDFFE_PN0P_/D
56	0.4649	systolic_controll.addr_serial_num[I]	addr_sel.sram_raddr_wI[J]	systolic_controll.addr_serial_num[5]$_SDFFE_PN0P_/Q	addr_sel.sram_raddr_w1[5]$_SDFF_PN1_/D
57	0.4657	addr_sel.sram_raddr_wI[J]	sram_raddr_dI[J]	addr_sel.sram_raddr_w0[0]$_SDFF_PN1_/Q	sram_raddr_d0[0]
58	0.4679	write_out.sram_waddr_a[I]	sram_waddr_a[I]	write_out.sram_waddr_a[0]$_SDFF_PN0_/Q	sram_waddr_a[0]
59	0.4679	_I_	sram_waddr_b[I]	_88150_/Q	sram_waddr_b[0]
60	0.4679	write_out.sram_waddr_c[I]	sram_waddr_c[I]	write_out.sram_waddr_c[0]$_SDFF_PN0_/Q	sram_waddr_c[0]
61	0.4679	write_out.sram_wdata_a[I]	sram_wdata_a[I]	write_out.sram_wdata_a[0]$_SDFF_PN0_/Q	sram_wdata_a[0]
62	0.4679	_I_	sram_wdata_b[I]	_88023_/Q	sram_wdata_b[0]
63	0.4679	write_out.sram_wdata_c[I]	sram_wdata_c[I]	write_out.sram_wdata_c[0]$_SDFF_PN0_/Q	sram_wdata_c[0]
64	0.4679	write_out.sram_write_enable_aI	sram_write_enable_aI	write_out.sram_write_enable_a0$_SDFF_PN1_/Q	sram_write_enable_a0
65	0.4679	_I_	sram_write_enable_bI	_88020_/Q	sram_write_enable_b0
66	0.4679	write_out.sram_write_enable_cI	sram_write_enable_cI	write_out.sram_write_enable_c0$_SDFF_PN1_/Q	sram_write_enable_c0
67	0.4679	systolic_controll.tpu_done	tpu_done	systolic_controll.tpu_done$_SDFF_PN0_/Q	tpu_done
68	0.4681	tpu_start	systolic_controll.state[I]	tpu_start	systolic_controll.state[0]$_DFF_P_/D
69	0.4779	systolic_controll.matrix_index[I]	systolic_controll.data_set[I]	systolic_controll.matrix_index[1]$_SDFF_PP0_/Q	systolic_controll.data_set[0]$_SDFFE_PN0P_/D
70	0.4805	sram_rdata_dI[J]	systolic.data_queue[I][J]	sram_rdata_d0[6]	systolic.data_queue[24][6]$_SDFFE_PN0P_/D
71	0.4805	sram_rdata_wI[J]	systolic.weight_queue[I][J]	sram_rdata_w1[23]	systolic.weight_queue[5][7]$_SDFFE_PN0P_/D
72	0.4889	systolic_controll.addr_serial_num[I]	systolic_controll.addr_serial_num[I]	systolic_controll.addr_serial_num[3]$_SDFFE_PN0P_/Q	systolic_controll.addr_serial_num[5]$_SDFFE_PN0P_/D
73	0.4979	systolic_controll.data_set[I]	write_out.sram_waddr_a[I]	systolic_controll.data_set[1]$_SDFFE_PN0P_/QN	write_out.sram_waddr_a[3]$_SDFF_PN0_/D
74	0.5013	systolic.op_reg[I][J]	systolic.matrix_mul_ID[J][K]	systolic.op_reg[4][2]$_DFF_P_/Q	systolic.matrix_mul_2D[11][18]$_SDFFE_PN0P_/D
75	0.5146	systolic_controll.data_set[I]	write_out.sram_waddr_c[I]	systolic_controll.data_set[0]$_SDFFE_PN0P_/Q	write_out.sram_waddr_c[4]$_SDFF_PN0_/D
76	0.5224	systolic_controll.data_set[I]	write_out.sram_write_enable_aI	systolic_controll.data_set[1]$_SDFFE_PN0P_/QN	write_out.sram_write_enable_a0$_SDFF_PN1_/D
77	0.5260	systolic_controll.state[I]	systolic.data_queue[I][J]	systolic_controll.state[3]$_DFF_P_/Q	systolic.data_queue[40][4]$_SDFFE_PN0P_/D
78	0.5276	systolic_controll.cycle_num[I]	systolic_controll.matrix_index[I]	systolic_controll.cycle_num[5]$_SDFF_PN0_/Q	systolic_controll.matrix_index[1]$_SDFF_PP0_/D
79	0.5295	systolic_controll.data_set[I]	write_out.sram_write_enable_cI	systolic_controll.data_set[0]$_SDFFE_PN0P_/Q	write_out.sram_write_enable_c0$_SDFF_PN1_/D
80	0.5472	systolic_controll.state[I]	systolic.product_reg[I][J]	systolic_controll.state[3]$_DFF_P_/Q	systolic.product_reg[47][0]$_SDFF_PN0_/D
81	0.5542	systolic_controll.state[I]	systolic_controll.addr_serial_num[I]	systolic_controll.state[0]$_DFF_P_/QN	systolic_controll.addr_serial_num[5]$_SDFFE_PN0P_/D
82	0.5580	systolic_controll.state[I]	systolic_controll.data_set[I]	systolic_controll.state[3]$_DFF_P_/Q	systolic_controll.data_set[0]$_SDFFE_PN0P_/D
83	0.5631	systolic_controll.state[I]	systolic.op_reg[I][J]	systolic_controll.state[3]$_DFF_P_/QN	systolic.op_reg[15][1]$_DFF_P_/D
84	0.5681	systolic_controll.state[I]	systolic.weight_queue[I][J]	systolic_controll.state[3]$_DFF_P_/Q	systolic.weight_queue[10][7]$_SDFFE_PN0P_/D
85	0.5841	systolic_controll.state[I]	systolic_controll.state[I]	systolic_controll.state[3]$_DFF_P_/Q	systolic_controll.state[0]$_DFF_P_/D
86	0.5940	systolic_controll.state[I]	systolic_controll.cycle_num[I]	systolic_controll.state[3]$_DFF_P_/Q	systolic_controll.cycle_num[0]$_SDFF_PN0_/D
87	0.5979	systolic_controll.state[I]	systolic_controll.tpu_done	systolic_controll.state[3]$_DFF_P_/Q	systolic_controll.tpu_done$_SDFF_PN0_/D
88	0.6322	systolic_controll.data_set[I]	systolic_controll.state[I]	systolic_controll.data_set[0]$_SDFFE_PN0P_/Q	systolic_controll.state[3]$_DFF_P_/D
89	0.6530	systolic_controll.data_set[I]	systolic_controll.tpu_done	systolic_controll.data_set[0]$_SDFFE_PN0P_/Q	systolic_controll.tpu_done$_SDFF_PN0_/D
90	0.6543	systolic_controll.state[I]	systolic_controll.matrix_index[I]	systolic_controll.state[3]$_DFF_P_/QN	systolic_controll.matrix_index[0]$_SDFF_PP0_/D
91	0.6586	systolic_controll.data_set[I]	systolic_controll.data_set[I]	systolic_controll.data_set[1]$_SDFFE_PN0P_/QN	systolic_controll.data_set[1]$_SDFFE_PN0P_/D
92	0.6983	systolic.data_queue[I][J]	systolic.data_queue[I][J]	systolic.data_queue[14][7]$_SDFFE_PN0P_/Q	systolic.data_queue[14][7]$_SDFFE_PN0P_/D
93	0.7103	systolic.weight_queue[I][J]	systolic.weight_queue[I][J]	systolic.weight_queue[10][7]$_SDFFE_PN0P_/Q	systolic.weight_queue[10][7]$_SDFFE_PN0P_/D
