# stage	1_synth
# top_module	sha512
# top_n	100
# kind	blocks
# skip_async	1
# include_full	1
# rank	worst_slack_ns	start	end	start_full	end_full
1	-0.2072	core.e_reg[I]	core.a_reg[I]	core.e_reg[19]$_DFFE_PN0P_/Q	core.a_reg[61]$_DFFE_PN0P_/D
2	-0.1891	address[I]	read_data[I]	address[0]	read_data[10]
3	-0.1649	core.f_reg[I]	core.a_reg[I]	core.f_reg[6]$_DFFE_PN0P_/Q	core.a_reg[61]$_DFFE_PN0P_/D
4	-0.1579	core.g_reg[I]	core.a_reg[I]	core.g_reg[6]$_DFFE_PN0P_/Q	core.a_reg[61]$_DFFE_PN0P_/D
5	-0.1386	address[I]	error	address[7]	error
6	-0.0814	core.e_reg[I]	core.e_reg[I]	core.e_reg[19]$_DFFE_PN0P_/Q	core.e_reg[60]$_DFFE_PN0P_/D
7	-0.0664	core.w_mem_inst.w_mem[I][J]	core.a_reg[I]	core.w_mem_inst.w_mem[0][1]$_DFFE_PN0P_/Q	core.a_reg[61]$_DFFE_PN0P_/D
8	-0.0396	core.f_reg[I]	core.e_reg[I]	core.f_reg[6]$_DFFE_PN0P_/Q	core.e_reg[61]$_DFFE_PN0P_/D
9	-0.0327	core.g_reg[I]	core.e_reg[I]	core.g_reg[6]$_DFFE_PN0P_/Q	core.e_reg[61]$_DFFE_PN0P_/D
10	0.0582	core.k_data_reg[I]	core.a_reg[I]	core.k_data_reg[6]$_DFFE_PP_/Q	core.a_reg[61]$_DFFE_PN0P_/D
11	0.0589	core.w_mem_inst.w_mem[I][J]	core.e_reg[I]	core.w_mem_inst.w_mem[0][6]$_DFFE_PN0P_/Q	core.e_reg[61]$_DFFE_PN0P_/D
12	0.0752	we	read_data[I]	we	read_data[21]
13	0.0874	cs	read_data[I]	cs	read_data[21]
14	0.1419	core.h_reg[I]	core.a_reg[I]	core.h_reg[1]$_DFFE_PN0P_/Q	core.a_reg[61]$_DFFE_PN0P_/D
15	0.1834	core.k_data_reg[I]	core.e_reg[I]	core.k_data_reg[6]$_DFFE_PP_/Q	core.e_reg[61]$_DFFE_PN0P_/D
16	0.2318	we	error	we	error
17	0.2677	core.h_reg[I]	core.e_reg[I]	core.h_reg[1]$_DFFE_PN0P_/Q	core.e_reg[60]$_DFFE_PN0P_/D
18	0.2680	cs	error	cs	error
19	0.3876	address[I]	block_reg[I][J]	address[4]	block_reg[24][10]$_DFFE_PN0P_/D
20	0.4373	address[I]	work_factor_num_reg[I]	address[7]	work_factor_num_reg[10]$_DFFE_PN0P_/D
21	0.5126	core.w_mem_inst.w_mem[I][J]	core.w_mem_inst.w_mem[I][J]	core.w_mem_inst.w_mem[14][30]$_DFFE_PN0P_/Q	core.w_mem_inst.w_mem[15][62]$_DFFE_PN0P_/D
22	0.5172	address[I]	work_factor_reg	address[7]	work_factor_reg$_DFFE_PN0P_/D
23	0.5175	address[I]	mode_reg[I]	address[7]	mode_reg[0]$_DFFE_PN1P_/D
24	0.5506	address[I]	init_reg	address[7]	init_reg$_DFF_PN0_/D
25	0.5506	address[I]	next_reg	address[7]	next_reg$_DFF_PN0_/D
26	0.5842	cs	block_reg[I][J]	cs	block_reg[18][10]$_DFFE_PN0P_/D
27	0.5842	we	block_reg[I][J]	we	block_reg[18][10]$_DFFE_PN0P_/D
28	0.5891	core.a_reg[I]	core.a_reg[I]	core.a_reg[55]$_DFFE_PN0P_/Q	core.a_reg[63]$_DFFE_PN0P_/D
29	0.5953	digest_reg[I]	read_data[I]	digest_reg[277]$_DFFE_PN0P_/Q	read_data[21]
30	0.6432	block_reg[I][J]	read_data[I]	block_reg[20][31]$_DFFE_PN0P_/Q	read_data[31]
31	0.6664	core.c_reg[I]	core.a_reg[I]	core.c_reg[27]$_DFFE_PN0P_/Q	core.a_reg[63]$_DFFE_PN0P_/D
32	0.6668	core.b_reg[I]	core.a_reg[I]	core.b_reg[27]$_DFFE_PN0P_/Q	core.a_reg[63]$_DFFE_PN0P_/D
33	0.7302	init_reg	read_data[I]	init_reg$_DFF_PN0_/Q	read_data[0]
34	0.7477	work_factor_num_reg[I]	read_data[I]	work_factor_num_reg[1]$_DFFE_PN0P_/Q	read_data[1]
35	0.7537	reset_n	core.k_data_reg[I]	reset_n	core.k_data_reg[48]$_DFFE_PP_/D
36	0.7564	we	work_factor_num_reg[I]	we	work_factor_num_reg[10]$_DFFE_PN0P_/D
37	0.7568	cs	work_factor_num_reg[I]	cs	work_factor_num_reg[10]$_DFFE_PN0P_/D
38	0.7574	next_reg	read_data[I]	next_reg$_DFF_PN0_/Q	read_data[1]
39	0.7628	core.e_reg[I]	core.HI_reg[J]	core.e_reg[0]$_DFFE_PN0P_/Q	core.H4_reg[60]$_DFFE_PN0P_/D
40	0.7631	core.HI_reg[J]	core.HI_reg[J]	core.H4_reg[0]$_DFFE_PN0P_/Q	core.H4_reg[60]$_DFFE_PN0P_/D
41	0.7643	ready_reg	read_data[I]	ready_reg$_DFF_PN0_/Q	read_data[0]
42	0.7718	mode_reg[I]	read_data[I]	mode_reg[1]$_DFFE_PN1P_/Q	read_data[3]
43	0.7792	cs	work_factor_reg	cs	work_factor_reg$_DFFE_PN0P_/D
44	0.7796	cs	mode_reg[I]	cs	mode_reg[0]$_DFFE_PN1P_/D
45	0.7800	we	work_factor_reg	we	work_factor_reg$_DFFE_PN0P_/D
46	0.7803	we	mode_reg[I]	we	mode_reg[0]$_DFFE_PN1P_/D
47	0.7838	digest_valid_reg	read_data[I]	digest_valid_reg$_DFF_PN0_/Q	read_data[1]
48	0.7887	core.b_reg[I]	core.HI_reg[J]	core.b_reg[30]$_DFFE_PN0P_/Q	core.H1_reg[62]$_DFFE_PN0P_/D
49	0.7894	work_factor_reg	read_data[I]	work_factor_reg$_DFFE_PN0P_/Q	read_data[7]
50	0.7981	core.d_reg[I]	core.HI_reg[J]	core.d_reg[10]$_DFFE_PN0P_/Q	core.H3_reg[47]$_DFFE_PN0P_/D
51	0.8058	write_data[I]	block_reg[I][J]	write_data[0]	block_reg[11][0]$_DFFE_PN0P_/D
52	0.8058	write_data[I]	work_factor_reg	write_data[7]	work_factor_reg$_DFFE_PN0P_/D
53	0.8062	write_data[I]	mode_reg[I]	write_data[3]	mode_reg[1]$_DFFE_PN1P_/D
54	0.8079	write_data[I]	work_factor_num_reg[I]	write_data[10]	work_factor_num_reg[10]$_DFFE_PN0P_/D
55	0.8114	core.a_reg[I]	core.HI_reg[J]	core.a_reg[0]$_DFFE_PN0P_/Q	core.H0_reg[62]$_DFFE_PN0P_/D
56	0.8125	core.d_reg[I]	core.e_reg[I]	core.d_reg[17]$_DFFE_PN0P_/Q	core.e_reg[60]$_DFFE_PN0P_/D
57	0.8126	cs	init_reg	cs	init_reg$_DFF_PN0_/D
58	0.8126	cs	next_reg	cs	next_reg$_DFF_PN0_/D
59	0.8126	core.h_reg[I]	core.HI_reg[J]	core.h_reg[24]$_DFFE_PN0P_/Q	core.H7_reg[63]$_DFFE_PN0P_/D
60	0.8134	we	init_reg	we	init_reg$_DFF_PN0_/D
61	0.8134	we	next_reg	we	next_reg$_DFF_PN0_/D
62	0.8235	core.g_reg[I]	core.HI_reg[J]	core.g_reg[23]$_DFFE_PN0P_/Q	core.H6_reg[63]$_DFFE_PN0P_/D
63	0.8253	core.c_reg[I]	core.HI_reg[J]	core.c_reg[6]$_DFFE_PN0P_/Q	core.H2_reg[63]$_DFFE_PN0P_/D
64	0.8355	write_data[I]	init_reg	write_data[0]	init_reg$_DFF_PN0_/D
65	0.8355	write_data[I]	next_reg	write_data[1]	next_reg$_DFF_PN0_/D
66	0.8375	core.f_reg[I]	core.HI_reg[J]	core.f_reg[24]$_DFFE_PN0P_/Q	core.H5_reg[59]$_DFFE_PN0P_/D
67	0.8618	core.work_factor_ctr_reg[I]	core.a_reg[I]	core.work_factor_ctr_reg[25]$_DFFE_PN0P_/Q	core.a_reg[0]$_DFFE_PN0P_/D
68	0.8618	core.work_factor_ctr_reg[I]	core.b_reg[I]	core.work_factor_ctr_reg[25]$_DFFE_PN0P_/Q	core.b_reg[16]$_DFFE_PN0P_/D
69	0.8618	core.work_factor_ctr_reg[I]	core.c_reg[I]	core.work_factor_ctr_reg[25]$_DFFE_PN0P_/Q	core.c_reg[25]$_DFFE_PN0P_/D
70	0.8618	core.work_factor_ctr_reg[I]	core.e_reg[I]	core.work_factor_ctr_reg[25]$_DFFE_PN0P_/Q	core.e_reg[11]$_DFFE_PN0P_/D
71	0.8657	core.work_factor_ctr_reg[I]	core.f_reg[I]	core.work_factor_ctr_reg[25]$_DFFE_PN0P_/Q	core.f_reg[15]$_DFFE_PN0P_/D
72	0.8657	core.work_factor_ctr_reg[I]	core.g_reg[I]	core.work_factor_ctr_reg[25]$_DFFE_PN0P_/Q	core.g_reg[29]$_DFFE_PN0P_/D
73	0.8657	core.work_factor_ctr_reg[I]	core.h_reg[I]	core.work_factor_ctr_reg[25]$_DFFE_PN0P_/Q	core.h_reg[20]$_DFFE_PN0P_/D
74	0.8657	core.work_factor_ctr_reg[I]	core.w_mem_inst.w_mem[I][J]	core.work_factor_ctr_reg[25]$_DFFE_PN0P_/Q	core.w_mem_inst.w_mem[0][0]$_DFFE_PN0P_/D
75	0.8832	core.round_ctr_reg[I]	core.k_data_reg[I]	core.round_ctr_reg[1]$_DFFE_PN0P_/Q	core.k_data_reg[6]$_DFFE_PP_/D
76	0.8864	core.work_factor_ctr_reg[I]	core.d_reg[I]	core.work_factor_ctr_reg[25]$_DFFE_PN0P_/Q	core.d_reg[23]$_DFFE_PN0P_/D
77	0.9111	work_factor_num_reg[I]	core.a_reg[I]	work_factor_num_reg[26]$_DFFE_PN0P_/QN	core.a_reg[0]$_DFFE_PN0P_/D
78	0.9111	work_factor_num_reg[I]	core.b_reg[I]	work_factor_num_reg[26]$_DFFE_PN0P_/QN	core.b_reg[16]$_DFFE_PN0P_/D
79	0.9111	work_factor_num_reg[I]	core.c_reg[I]	work_factor_num_reg[26]$_DFFE_PN0P_/QN	core.c_reg[25]$_DFFE_PN0P_/D
80	0.9111	work_factor_num_reg[I]	core.e_reg[I]	work_factor_num_reg[26]$_DFFE_PN0P_/QN	core.e_reg[11]$_DFFE_PN0P_/D
81	0.9138	core.work_factor_ctr_reg[I]	core.HI_reg[J]	core.work_factor_ctr_reg[7]$_DFFE_PN0P_/Q	core.H0_reg[1]$_DFFE_PN0P_/D
82	0.9151	work_factor_num_reg[I]	core.f_reg[I]	work_factor_num_reg[26]$_DFFE_PN0P_/QN	core.f_reg[15]$_DFFE_PN0P_/D
83	0.9151	work_factor_num_reg[I]	core.g_reg[I]	work_factor_num_reg[26]$_DFFE_PN0P_/QN	core.g_reg[29]$_DFFE_PN0P_/D
84	0.9151	work_factor_num_reg[I]	core.h_reg[I]	work_factor_num_reg[26]$_DFFE_PN0P_/QN	core.h_reg[20]$_DFFE_PN0P_/D
85	0.9151	work_factor_num_reg[I]	core.w_mem_inst.w_mem[I][J]	work_factor_num_reg[26]$_DFFE_PN0P_/QN	core.w_mem_inst.w_mem[0][0]$_DFFE_PN0P_/D
86	0.9179	work_factor_num_reg[I]	core.d_reg[I]	work_factor_num_reg[0]$_DFFE_PN0P_/Q	core.d_reg[28]$_DFFE_PN0P_/D
87	0.9367	work_factor_num_reg[I]	core.HI_reg[J]	work_factor_num_reg[0]$_DFFE_PN0P_/Q	core.H0_reg[1]$_DFFE_PN0P_/D
88	0.9383	core.work_factor_ctr_reg[I]	core.digest_valid_reg	core.work_factor_ctr_reg[7]$_DFFE_PN0P_/Q	core.digest_valid_reg$_DFFE_PN0P_/D
89	0.9386	core.work_factor_ctr_reg[I]	core.ready_reg	core.work_factor_ctr_reg[7]$_DFFE_PN0P_/Q	core.ready_reg$_DFFE_PN1P_/D
90	0.9612	work_factor_num_reg[I]	core.digest_valid_reg	work_factor_num_reg[0]$_DFFE_PN0P_/Q	core.digest_valid_reg$_DFFE_PN0P_/D
91	0.9616	work_factor_num_reg[I]	core.ready_reg	work_factor_num_reg[0]$_DFFE_PN0P_/Q	core.ready_reg$_DFFE_PN1P_/D
92	0.9941	core.work_factor_ctr_reg[I]	core.round_ctr_reg[I]	core.work_factor_ctr_reg[7]$_DFFE_PN0P_/Q	core.round_ctr_reg[4]$_DFFE_PN0P_/D
93	0.9956	core.round_ctr_reg[I]	core.work_factor_ctr_reg[I]	core.round_ctr_reg[1]$_DFFE_PN0P_/Q	core.work_factor_ctr_reg[31]$_DFFE_PN0P_/D
94	1.0170	work_factor_num_reg[I]	core.round_ctr_reg[I]	work_factor_num_reg[0]$_DFFE_PN0P_/Q	core.round_ctr_reg[4]$_DFFE_PN0P_/D
95	1.0241	core.work_factor_ctr_reg[I]	core.work_factor_ctr_reg[I]	core.work_factor_ctr_reg[6]$_DFFE_PN0P_/Q	core.work_factor_ctr_reg[31]$_DFFE_PN0P_/D
96	1.0255	core.shaI_ctrl_reg[J]	core.k_data_reg[I]	core.sha512_ctrl_reg[2]$_DFF_PN0_/Q	core.k_data_reg[6]$_DFFE_PP_/D
97	1.0272	core.round_ctr_reg[I]	core.round_ctr_reg[I]	core.round_ctr_reg[1]$_DFFE_PN0P_/Q	core.round_ctr_reg[1]$_DFFE_PN0P_/D
98	1.0430	core.shaI_ctrl_reg[J]	core.h_reg[I]	core.sha512_ctrl_reg[2]$_DFF_PN0_/Q	core.h_reg[33]$_DFFE_PN0P_/D
99	1.0430	core.shaI_ctrl_reg[J]	core.a_reg[I]	core.sha512_ctrl_reg[2]$_DFF_PN0_/Q	core.a_reg[28]$_DFFE_PN0P_/D
100	1.0430	core.shaI_ctrl_reg[J]	core.b_reg[I]	core.sha512_ctrl_reg[2]$_DFF_PN0_/Q	core.b_reg[11]$_DFFE_PN0P_/D
