# stage	1_synth
# top_module	modexp
# top_n	100
# kind	blocks
# skip_async	1
# include_full	1
# rank	worst_slack_ns	start	end	start_full	end_full
1	-0.3273	core_inst.loop_counter_reg[I]	core_inst.exponent_mem.tmp_read_dataI[J]	core_inst.loop_counter_reg[3]$_DFFE_PN0P_/Q	core_inst.exponent_mem.tmp_read_data0[0]$_DFF_P_/D
2	-0.3100	address[I]	read_data[I]	address[1]	read_data[7]
3	-0.2489	core_inst.sel_z_one_reg	core_inst.montprod_inst.s_mem_wr_dataI[J]	core_inst.sel_z_one_reg$_DFF_PN0_/Q	core_inst.montprod_inst.s_mem_wr_data2[29]$_DFF_PN0_/D
4	-0.2443	core_inst.sel_z_one_reg	core_inst.montprod_inst.add_carry_in_sa	core_inst.sel_z_one_reg$_DFF_PN0_/Q	core_inst.montprod_inst.add_carry_in_sa$_DFF_PN0_/D
5	-0.2420	core_inst.sel_z_p_reg	core_inst.montprod_inst.s_mem_wr_dataI[J]	core_inst.sel_z_p_reg$_DFF_PN0_/Q	core_inst.montprod_inst.s_mem_wr_data2[29]$_DFF_PN0_/D
6	-0.2374	core_inst.sel_z_p_reg	core_inst.montprod_inst.add_carry_in_sa	core_inst.sel_z_p_reg$_DFF_PN0_/Q	core_inst.montprod_inst.add_carry_in_sa$_DFF_PN0_/D
7	-0.2191	modulus_length_reg[I]	core_inst.montprod_inst.montprod_ctrl_reg[I]	modulus_length_reg[1]$_DFFE_PN0P_/Q	core_inst.montprod_inst.montprod_ctrl_reg[13]$_DFF_PN0_/D
8	-0.2167	modulus_length_reg[I]	core_inst.montprod_inst.word_index[I]	modulus_length_reg[1]$_DFFE_PN0P_/Q	core_inst.montprod_inst.word_index[4]$_DFF_PN0_/D
9	-0.2098	core_inst.sel_p_p_reg	core_inst.montprod_inst.add_carry_in_sa	core_inst.sel_p_p_reg$_DFF_PN0_/Q	core_inst.montprod_inst.add_carry_in_sa$_DFF_PN0_/D
10	-0.2036	modulus_length_reg[I]	core_inst.exponent_mem.tmp_read_dataI[J]	modulus_length_reg[0]$_DFFE_PN0P_/Q	core_inst.exponent_mem.tmp_read_data0[0]$_DFF_P_/D
11	-0.1953	core_inst.sel_x_nr_reg	core_inst.montprod_inst.add_carry_in_sa	core_inst.sel_x_nr_reg$_DFF_PN0_/Q	core_inst.montprod_inst.add_carry_in_sa$_DFF_PN0_/D
12	-0.1885	core_inst.sel_p_p_reg	core_inst.montprod_inst.s_mem_wr_dataI[J]	core_inst.sel_p_p_reg$_DFF_PN0_/Q	core_inst.montprod_inst.s_mem_wr_data2[29]$_DFF_PN0_/D
13	-0.1882	modulus_length_reg[I]	core_inst.montprod_inst.ready_reg	modulus_length_reg[1]$_DFFE_PN0P_/Q	core_inst.montprod_inst.ready_reg$_DFFE_PN0P_/D
14	-0.1804	address[I]	core_inst.exponent_mem.mem[I][J]	address[1]	core_inst.exponent_mem.mem[0][10]$_DFFE_PP_/D
15	-0.1756	core_inst.residue_mem.tmp_read_dataI[J]	core_inst.residue_mem.mem[I][J]	core_inst.residue_mem.tmp_read_data0[7]$_DFF_P_/Q	core_inst.residue_mem.mem[10][29]$_DFFE_PP_/D
16	-0.1681	core_inst.sel_x_nr_reg	core_inst.montprod_inst.s_mem_wr_dataI[J]	core_inst.sel_x_nr_reg$_DFF_PN0_/Q	core_inst.montprod_inst.s_mem_wr_data2[30]$_DFF_PN0_/D
17	-0.1660	modulus_length_reg[I]	core_inst.montprod_dest_reg[I]	modulus_length_reg[1]$_DFFE_PN0P_/Q	core_inst.montprod_dest_reg[1]$_DFF_PN0_/D
18	-0.1660	modulus_length_reg[I]	core_inst.montprod_select_reg[I]	modulus_length_reg[1]$_DFFE_PN0P_/Q	core_inst.montprod_select_reg[1]$_DFF_PN0_/D
19	-0.1501	core_inst.modulus_mem.tmp_read_dataI[J]	core_inst.residue_mem.mem[I][J]	core_inst.modulus_mem.tmp_read_data0[7]$_DFF_P_/QN	core_inst.residue_mem.mem[10][29]$_DFFE_PP_/D
20	-0.1485	core_inst.one_reg[I]	core_inst.montprod_inst.s_mem_wr_dataI[J]	core_inst.one_reg[0]$_DFF_PN0_/Q	core_inst.montprod_inst.s_mem_wr_data2[29]$_DFF_PN0_/D
21	-0.1399	core_inst.sel_one_nr_reg	core_inst.montprod_inst.s_mem_wr_dataI[J]	core_inst.sel_one_nr_reg$_DFF_PN1_/Q	core_inst.montprod_inst.s_mem_wr_data2[29]$_DFF_PN0_/D
22	-0.1363	address[I]	core_inst.modulus_mem.mem[I][J]	address[1]	core_inst.modulus_mem.mem[10][10]$_DFFE_PP_/D
23	-0.1348	address[I]	core_inst.message_mem.mem[I][J]	address[1]	core_inst.message_mem.mem[0][10]$_DFFE_PP_/D
24	-0.1338	core_inst.p_mem.tmp_read_dataI[J]	core_inst.montprod_inst.s_mem_wr_dataI[J]	core_inst.p_mem.tmp_read_data0[0]$_DFF_P_/Q	core_inst.montprod_inst.s_mem_wr_data2[29]$_DFF_PN0_/D
25	-0.1186	core_inst.residue_inst.residue_ctrl_reg[I]	core_inst.modulus_mem.tmp_read_dataI[J]	core_inst.residue_inst.residue_ctrl_reg[6]$_DFF_PN0_/Q	core_inst.modulus_mem.tmp_read_data0[21]$_DFF_P_/D
26	-0.1175	core_inst.result_mem.tmp_read_dataI[J]	core_inst.montprod_inst.s_mem_wr_dataI[J]	core_inst.result_mem.tmp_read_data0[2]$_DFF_P_/Q	core_inst.montprod_inst.s_mem_wr_data2[29]$_DFF_PN0_/D
27	-0.1129	core_inst.result_mem.tmp_read_dataI[J]	core_inst.montprod_inst.add_carry_in_sa	core_inst.result_mem.tmp_read_data0[15]$_DFF_P_/Q	core_inst.montprod_inst.add_carry_in_sa$_DFF_PN0_/D
28	-0.1129	cs	core_inst.exponent_mem.mem[I][J]	cs	core_inst.exponent_mem.mem[0][10]$_DFFE_PP_/D
29	-0.1108	core_inst.message_mem.tmp_read_dataI[J]	core_inst.montprod_inst.s_mem_wr_dataI[J]	core_inst.message_mem.tmp_read_data0[0]$_DFF_P_/Q	core_inst.montprod_inst.s_mem_wr_data2[29]$_DFF_PN0_/D
30	-0.1045	modulus_length_reg[I]	core_inst.modulus_mem.tmp_read_dataI[J]	modulus_length_reg[1]$_DFFE_PN0P_/QN	core_inst.modulus_mem.tmp_read_data0[21]$_DFF_P_/D
31	-0.1038	core_inst.p_mem.tmp_read_dataI[J]	core_inst.montprod_inst.add_carry_in_sa	core_inst.p_mem.tmp_read_data0[15]$_DFF_P_/Q	core_inst.montprod_inst.add_carry_in_sa$_DFF_PN0_/D
32	-0.0994	core_inst.montprod_inst.add_carry_in_sm	core_inst.montprod_inst.s_mem_wr_dataI[J]	core_inst.montprod_inst.add_carry_in_sm$_DFF_PN0_/Q	core_inst.montprod_inst.s_mem_wr_data2[18]$_DFF_PN0_/D
33	-0.0984	core_inst.modulus_mem.tmp_read_dataI[J]	core_inst.montprod_inst.s_mem_wr_dataI[J]	core_inst.modulus_mem.tmp_read_data0[0]$_DFF_P_/Q	core_inst.montprod_inst.s_mem_wr_data2[18]$_DFF_PN0_/D
34	-0.0953	core_inst.montprod_inst.s_mem.tmp_read_data[I]	core_inst.montprod_inst.s_mem_wr_dataI[J]	core_inst.montprod_inst.s_mem.tmp_read_data[0]$_DFF_P_/Q	core_inst.montprod_inst.s_mem_wr_data2[18]$_DFF_PN0_/D
35	-0.0809	core_inst.message_mem.tmp_read_dataI[J]	core_inst.montprod_inst.add_carry_in_sa	core_inst.message_mem.tmp_read_data0[15]$_DFF_P_/Q	core_inst.montprod_inst.add_carry_in_sa$_DFF_PN0_/D
36	-0.0798	core_inst.loop_counter_reg[I]	core_inst.montprod_inst.montprod_ctrl_reg[I]	core_inst.loop_counter_reg[8]$_DFFE_PN0P_/Q	core_inst.montprod_inst.montprod_ctrl_reg[13]$_DFF_PN0_/D
37	-0.0774	core_inst.loop_counter_reg[I]	core_inst.montprod_inst.word_index[I]	core_inst.loop_counter_reg[8]$_DFFE_PN0P_/Q	core_inst.montprod_inst.word_index[4]$_DFF_PN0_/D
38	-0.0766	address[I]	core_inst.modulus_mem.ptr_reg[I]	address[1]	core_inst.modulus_mem.ptr_reg[4]$_DFFE_PN0P_/D
39	-0.0739	modulus_length_reg[I]	core_inst.modexp_ctrl_reg[I]	modulus_length_reg[1]$_DFFE_PN0P_/Q	core_inst.modexp_ctrl_reg[1]$_DFF_PN0_/D
40	-0.0686	core_inst.montprod_inst.word_index[I]	core_inst.p_mem.tmp_read_dataI[J]	core_inst.montprod_inst.word_index[0]$_DFF_PN0_/Q	core_inst.p_mem.tmp_read_data0[15]$_DFF_P_/D
41	-0.0686	core_inst.montprod_inst.word_index[I]	core_inst.result_mem.tmp_read_dataI[J]	core_inst.montprod_inst.word_index[0]$_DFF_PN0_/Q	core_inst.result_mem.tmp_read_data0[10]$_DFF_P_/D
42	-0.0685	core_inst.montprod_inst.word_index[I]	core_inst.montprod_inst.s_mem.tmp_read_data[I]	core_inst.montprod_inst.word_index[0]$_DFF_PN0_/Q	core_inst.montprod_inst.s_mem.tmp_read_data[0]$_DFF_P_/D
43	-0.0685	core_inst.montprod_inst.word_index[I]	core_inst.message_mem.tmp_read_dataI[J]	core_inst.montprod_inst.word_index[0]$_DFF_PN0_/Q	core_inst.message_mem.tmp_read_data0[0]$_DFF_P_/D
44	-0.0676	core_inst.residue_inst.word_index_reg[I]	core_inst.modulus_mem.tmp_read_dataI[J]	core_inst.residue_inst.word_index_reg[1]$_DFF_PN0_/QN	core_inst.modulus_mem.tmp_read_data0[21]$_DFF_P_/D
45	-0.0666	core_inst.one_reg[I]	core_inst.montprod_inst.add_carry_in_sa	core_inst.one_reg[0]$_DFF_PN0_/Q	core_inst.montprod_inst.add_carry_in_sa$_DFF_PN0_/D
46	-0.0658	core_inst.montprod_inst.montprod_ctrl_reg[I]	core_inst.p_mem.tmp_read_dataI[J]	core_inst.montprod_inst.montprod_ctrl_reg[11]$_DFF_PN0_/Q	core_inst.p_mem.tmp_read_data0[15]$_DFF_P_/D
47	-0.0658	core_inst.montprod_inst.montprod_ctrl_reg[I]	core_inst.result_mem.tmp_read_dataI[J]	core_inst.montprod_inst.montprod_ctrl_reg[11]$_DFF_PN0_/Q	core_inst.result_mem.tmp_read_data0[10]$_DFF_P_/D
48	-0.0657	core_inst.montprod_inst.montprod_ctrl_reg[I]	core_inst.montprod_inst.s_mem.tmp_read_data[I]	core_inst.montprod_inst.montprod_ctrl_reg[11]$_DFF_PN0_/Q	core_inst.montprod_inst.s_mem.tmp_read_data[0]$_DFF_P_/D
49	-0.0657	core_inst.montprod_inst.montprod_ctrl_reg[I]	core_inst.message_mem.tmp_read_dataI[J]	core_inst.montprod_inst.montprod_ctrl_reg[11]$_DFF_PN0_/Q	core_inst.message_mem.tmp_read_data0[0]$_DFF_P_/D
50	-0.0625	modulus_length_reg[I]	core_inst.message_mem.tmp_read_dataI[J]	modulus_length_reg[1]$_DFFE_PN0P_/QN	core_inst.message_mem.tmp_read_data0[0]$_DFF_P_/D
51	-0.0625	modulus_length_reg[I]	core_inst.montprod_inst.s_mem.tmp_read_data[I]	modulus_length_reg[1]$_DFFE_PN0P_/QN	core_inst.montprod_inst.s_mem.tmp_read_data[13]$_DFF_P_/D
52	-0.0618	we	core_inst.exponent_mem.mem[I][J]	we	core_inst.exponent_mem.mem[0][10]$_DFFE_PP_/D
53	-0.0603	cs	core_inst.message_mem.mem[I][J]	cs	core_inst.message_mem.mem[0][10]$_DFFE_PP_/D
54	-0.0601	core_inst.cycle_ctr_low_reg[I]	core_inst.cycle_ctr_high_reg[I]	core_inst.cycle_ctr_low_reg[3]$_DFFE_PN0P_/Q	core_inst.cycle_ctr_high_reg[22]$_DFFE_PN0P_/D
55	-0.0590	core_inst.residue_inst.residue_ctrl_reg[I]	core_inst.residue_mem.tmp_read_dataI[J]	core_inst.residue_inst.residue_ctrl_reg[3]$_DFF_PN0_/Q	core_inst.residue_mem.tmp_read_data0[10]$_DFF_P_/D
56	-0.0580	core_inst.sel_one_nr_reg	core_inst.montprod_inst.add_carry_in_sa	core_inst.sel_one_nr_reg$_DFF_PN1_/Q	core_inst.montprod_inst.add_carry_in_sa$_DFF_PN0_/D
57	-0.0576	core_inst.residue_inst.length_mI_reg[J]	core_inst.modulus_mem.tmp_read_dataI[J]	core_inst.residue_inst.length_m1_reg[1]$_DFFE_PN0P_/Q	core_inst.modulus_mem.tmp_read_data0[21]$_DFF_P_/D
58	-0.0556	modulus_length_reg[I]	core_inst.p_mem.tmp_read_dataI[J]	modulus_length_reg[0]$_DFFE_PN0P_/QN	core_inst.p_mem.tmp_read_data0[15]$_DFF_P_/D
59	-0.0556	modulus_length_reg[I]	core_inst.result_mem.tmp_read_dataI[J]	modulus_length_reg[0]$_DFFE_PN0P_/QN	core_inst.result_mem.tmp_read_data0[10]$_DFF_P_/D
60	-0.0514	cs	read_data[I]	cs	read_data[10]
61	-0.0502	core_inst.montprod_inst.s_mem.tmp_read_data[I]	core_inst.montprod_inst.add_carry_in_sa	core_inst.montprod_inst.s_mem.tmp_read_data[15]$_DFF_P_/Q	core_inst.montprod_inst.add_carry_in_sa$_DFF_PN0_/D
62	-0.0489	core_inst.loop_counter_reg[I]	core_inst.montprod_inst.ready_reg	core_inst.loop_counter_reg[8]$_DFFE_PN0P_/Q	core_inst.montprod_inst.ready_reg$_DFFE_PN0P_/D
63	-0.0448	start_reg	core_inst.modulus_mem.tmp_read_dataI[J]	start_reg$_DFF_PN0_/Q	core_inst.modulus_mem.tmp_read_data0[0]$_DFF_P_/D
64	-0.0411	core_inst.residue_inst.loop_done_reg	core_inst.modulus_mem.tmp_read_dataI[J]	core_inst.residue_inst.loop_done_reg$_DFFE_PP_/QN	core_inst.modulus_mem.tmp_read_data0[21]$_DFF_P_/D
65	-0.0336	core_inst.modexp_ctrl_reg[I]	core_inst.modulus_mem.tmp_read_dataI[J]	core_inst.modexp_ctrl_reg[0]$_DFF_PN1_/Q	core_inst.modulus_mem.tmp_read_data0[0]$_DFF_P_/D
66	-0.0324	core_inst.residue_inst.sub_carry_in_reg	core_inst.residue_mem.mem[I][J]	core_inst.residue_inst.sub_carry_in_reg$_DFF_PN0_/QN	core_inst.residue_mem.mem[10][26]$_DFFE_PP_/D
67	-0.0321	modulus_length_reg[I]	core_inst.residue_mem.tmp_read_dataI[J]	modulus_length_reg[1]$_DFFE_PN0P_/QN	core_inst.residue_mem.tmp_read_data0[12]$_DFF_P_/D
68	-0.0316	cs	core_inst.modulus_mem.mem[I][J]	cs	core_inst.modulus_mem.mem[10][10]$_DFFE_PP_/D
69	-0.0297	core_inst.modulus_mem.tmp_read_dataI[J]	core_inst.residue_inst.sub_carry_in_reg	core_inst.modulus_mem.tmp_read_data0[0]$_DFF_P_/Q	core_inst.residue_inst.sub_carry_in_reg$_DFF_PN0_/D
70	-0.0270	core_inst.sel_p_p_reg	core_inst.montprod_inst.q_reg	core_inst.sel_p_p_reg$_DFF_PN0_/Q	core_inst.montprod_inst.q_reg$_DFFE_PN0P_/D
71	-0.0267	core_inst.loop_counter_reg[I]	core_inst.montprod_dest_reg[I]	core_inst.loop_counter_reg[8]$_DFFE_PN0P_/Q	core_inst.montprod_dest_reg[1]$_DFF_PN0_/D
72	-0.0267	core_inst.loop_counter_reg[I]	core_inst.montprod_select_reg[I]	core_inst.loop_counter_reg[8]$_DFFE_PN0P_/Q	core_inst.montprod_select_reg[1]$_DFF_PN0_/D
73	-0.0260	address[I]	exponent_length_reg[I]	address[9]	exponent_length_reg[0]$_DFFE_PN0P_/D
74	-0.0260	address[I]	modulus_length_reg[I]	address[9]	modulus_length_reg[0]$_DFFE_PN0P_/D
75	-0.0239	core_inst.montprod_inst.add_carry_in_sa	core_inst.montprod_inst.s_mem_wr_dataI[J]	core_inst.montprod_inst.add_carry_in_sa$_DFF_PN0_/Q	core_inst.montprod_inst.s_mem_wr_data2[29]$_DFF_PN0_/D
76	-0.0228	core_inst.sel_x_nr_reg	core_inst.montprod_inst.q_reg	core_inst.sel_x_nr_reg$_DFF_PN0_/Q	core_inst.montprod_inst.q_reg$_DFFE_PN0P_/D
77	-0.0187	start_reg	core_inst.residue_mem.tmp_read_dataI[J]	start_reg$_DFF_PN0_/Q	core_inst.residue_mem.tmp_read_data0[10]$_DFF_P_/D
78	-0.0133	core_inst.residue_mem.tmp_read_dataI[J]	core_inst.residue_inst.sub_carry_in_reg	core_inst.residue_mem.tmp_read_data0[0]$_DFF_P_/QN	core_inst.residue_inst.sub_carry_in_reg$_DFF_PN0_/D
79	-0.0094	we	read_data[I]	we	read_data[10]
80	-0.0092	we	core_inst.message_mem.mem[I][J]	we	core_inst.message_mem.mem[0][10]$_DFFE_PP_/D
81	-0.0075	core_inst.modexp_ctrl_reg[I]	core_inst.residue_mem.tmp_read_dataI[J]	core_inst.modexp_ctrl_reg[0]$_DFF_PN1_/Q	core_inst.residue_mem.tmp_read_data0[10]$_DFF_P_/D
82	-0.0074	core_inst.residue_inst.sub_carry_in_reg	core_inst.residue_inst.sub_carry_in_reg	core_inst.residue_inst.sub_carry_in_reg$_DFF_PN0_/QN	core_inst.residue_inst.sub_carry_in_reg$_DFF_PN0_/D
83	-0.0037	address[I]	core_inst.message_mem.ptr_reg[I]	address[1]	core_inst.message_mem.ptr_reg[3]$_DFFE_PN0P_/D
84	-0.0026	address[I]	core_inst.exponent_mem.ptr_reg[I]	address[1]	core_inst.exponent_mem.ptr_reg[2]$_DFFE_PN0P_/D
85	-0.0016	core_inst.montprod_inst.s_mem.tmp_read_data[I]	core_inst.montprod_inst.add_carry_in_sm	core_inst.montprod_inst.s_mem.tmp_read_data[18]$_DFF_P_/Q	core_inst.montprod_inst.add_carry_in_sm$_DFF_PN0_/D
86	-0.0010	core_inst.cycle_ctr_state_reg	core_inst.cycle_ctr_high_reg[I]	core_inst.cycle_ctr_state_reg$_DFFE_PN0P_/Q	core_inst.cycle_ctr_high_reg[22]$_DFFE_PN0P_/D
87	0.0001	address[I]	core_inst.result_mem.ptr_reg[I]	address[1]	core_inst.result_mem.ptr_reg[3]$_DFFE_PN0P_/D
88	0.0018	core_inst.residue_inst.loop_done_reg	core_inst.residue_mem.tmp_read_dataI[J]	core_inst.residue_inst.loop_done_reg$_DFFE_PP_/QN	core_inst.residue_mem.tmp_read_data0[10]$_DFF_P_/D
89	0.0033	core_inst.montprod_inst.loop_counter[I]	core_inst.p_mem.tmp_read_dataI[J]	core_inst.montprod_inst.loop_counter[5]$_DFFE_PN0P_/Q	core_inst.p_mem.tmp_read_data1[11]$_DFF_P_/D
90	0.0033	core_inst.montprod_inst.loop_counter[I]	core_inst.residue_mem.tmp_read_dataI[J]	core_inst.montprod_inst.loop_counter[5]$_DFFE_PN0P_/Q	core_inst.residue_mem.tmp_read_data1[20]$_DFF_P_/D
91	0.0057	core_inst.sel_one_nr_reg	core_inst.montprod_inst.q_reg	core_inst.sel_one_nr_reg$_DFF_PN1_/Q	core_inst.montprod_inst.q_reg$_DFFE_PN0P_/D
92	0.0063	core_inst.residue_inst.word_index_reg[I]	core_inst.residue_mem.tmp_read_dataI[J]	core_inst.residue_inst.word_index_reg[1]$_DFF_PN0_/QN	core_inst.residue_mem.tmp_read_data0[12]$_DFF_P_/D
93	0.0098	core_inst.montprod_inst.add_carry_in_sa	core_inst.montprod_inst.add_carry_in_sa	core_inst.montprod_inst.add_carry_in_sa$_DFF_PN0_/Q	core_inst.montprod_inst.add_carry_in_sa$_DFF_PN0_/D
94	0.0103	core_inst.sel_z_p_reg	core_inst.montprod_inst.q_reg	core_inst.sel_z_p_reg$_DFF_PN0_/Q	core_inst.montprod_inst.q_reg$_DFFE_PN0P_/D
95	0.0106	core_inst.modulus_mem.tmp_read_dataI[J]	core_inst.montprod_inst.add_carry_in_sm	core_inst.modulus_mem.tmp_read_data0[18]$_DFF_P_/Q	core_inst.montprod_inst.add_carry_in_sm$_DFF_PN0_/D
96	0.0118	cs	exponent_length_reg[I]	cs	exponent_length_reg[0]$_DFFE_PN0P_/D
97	0.0118	cs	modulus_length_reg[I]	cs	modulus_length_reg[0]$_DFFE_PN0P_/D
98	0.0125	core_inst.modulus_mem.ptr_reg[I]	core_inst.modulus_mem.tmp_read_dataI[J]	core_inst.modulus_mem.ptr_reg[1]$_DFFE_PN0P_/Q	core_inst.modulus_mem.tmp_read_data1[10]$_DFF_P_/D
99	0.0138	core_inst.message_mem.ptr_reg[I]	core_inst.message_mem.tmp_read_dataI[J]	core_inst.message_mem.ptr_reg[0]$_DFFE_PN0P_/Q	core_inst.message_mem.tmp_read_data1[10]$_DFF_P_/D
100	0.0139	core_inst.exponent_mem.ptr_reg[I]	core_inst.exponent_mem.tmp_read_dataI[J]	core_inst.exponent_mem.ptr_reg[0]$_DFFE_PN0P_/Q	core_inst.exponent_mem.tmp_read_data1[10]$_DFF_P_/D
