# stage	1_synth
# top_module	jpeg_encoder
# top_n	1000
# kind	blocks
# skip_async	1
# include_full	1
# rank	worst_slack_ns	start	end	start_full	end_full
1	-0.8891	fdct_zigzag.dct_mod.dct_block_I.ddin_r[J]	fdct_zigzag.dct_mod.dct_block_I.dct_unit_J.macu.pp_hi[K]	fdct_zigzag.dct_mod.dct_block_6.ddin_r[8]$_DFFE_PP_/Q	fdct_zigzag.dct_mod.dct_block_6.dct_unit_6.macu.pp_hi[13]$_DFFE_PP_/D
2	-0.3130	fdct_zigzag.dct_mod.dct_block_I.ddin_r[J]	fdct_zigzag.dct_mod.dct_block_I.dct_unit_J.macu.pp_lo[K]	fdct_zigzag.dct_mod.dct_block_6.ddin_r[4]$_DFFE_PP_/Q	fdct_zigzag.dct_mod.dct_block_2.dct_unit_2.macu.pp_lo[14]$_DFFE_PP_/D
3	-0.2355	fdct_zigzag.dct_mod.dct_block_I.dct_unit_J.coef[K]	fdct_zigzag.dct_mod.dct_block_I.dct_unit_J.macu.pp_hi[K]	fdct_zigzag.dct_mod.dct_block_2.dct_unit_2.coef[27]$_DFFE_PP_/Q	fdct_zigzag.dct_mod.dct_block_2.dct_unit_2.macu.pp_hi[13]$_DFFE_PP_/D
4	-0.2336	fdct_zigzag.dct_mod.dct_block_I.dct_unit_J.coef[K]	fdct_zigzag.dct_mod.dct_block_I.dct_unit_J.macu.pp_lo[K]	fdct_zigzag.dct_mod.dct_block_2.dct_unit_2.coef[27]$_DFFE_PP_/Q	fdct_zigzag.dct_mod.dct_block_2.dct_unit_2.macu.pp_lo[14]$_DFFE_PP_/D
5	0.0080	fdct_zigzag.dct_mod.dct_block_I.ddin_r[J]	fdct_zigzag.dct_mod.dct_block_I.ddin_r[J]	fdct_zigzag.dct_mod.dct_block_6.ddin_r[8]$_DFFE_PP_/Q	fdct_zigzag.dct_mod.dct_block_6.ddin_r[8]$_DFFE_PP_/D
6	0.0663	qnr.divider.divider.d_pipe[I][J]	qnr.divider.divider.s_pipe[I][J]	qnr.divider.divider.d_pipe[5][14]$_DFFE_PP_/QN	qnr.divider.divider.s_pipe[6][23]$_DFFE_PP_/D
7	0.0835	ena	fdct_zigzag.dct_mod.sample_cnt[I]	ena	fdct_zigzag.dct_mod.sample_cnt[5]$_DFFE_PN0P_/D
8	0.1017	ena	fdct_zigzag.dct_mod.dct_block_I.dct_unit_J.macu.result[K]	ena	fdct_zigzag.dct_mod.dct_block_0.dct_unit_0.macu.result[18]$_DFFE_PP_/D
9	0.1023	ena	fdct_zigzag.dct_mod.dct_block_I.dct_unit_J.coef[K]	ena	fdct_zigzag.dct_mod.dct_block_2.dct_unit_1.coef[23]$_DFFE_PP_/D
10	0.1124	qnr.divider.divider.s_pipe[I][J]	qnr.divider.divider.s_pipe[I][J]	qnr.divider.divider.s_pipe[3][24]$_DFFE_PP_/Q	qnr.divider.divider.s_pipe[4][23]$_DFFE_PP_/D
11	0.1154	ena	rle.rle.amp[I]	ena	rle.rle.amp[9]$_DFFE_PP_/D
12	0.1157	ena	rle.rle.den	ena	rle.rle.den$_DFFE_PN0P_/D
13	0.1157	ena	rle.rle.size[I]	ena	rle.rle.size[2]$_DFFE_PN0P_/D
14	0.1159	fdct_zigzag.dct_mod.dct_block_I.dct_unit_J.macu.mult_res[K]	fdct_zigzag.dct_mod.dct_block_I.dct_unit_J.macu.result[K]	fdct_zigzag.dct_mod.dct_block_2.dct_unit_6.macu.mult_res[1]$_DFFE_PP_/Q	fdct_zigzag.dct_mod.dct_block_6.dct_unit_2.macu.result[11]$_DFFE_PP_/D
15	0.1164	ena	fdct_zigzag.dct_mod.ddcnt	ena	fdct_zigzag.dct_mod.ddcnt$_DFFE_PN1P_/D
16	0.1171	ena	qnr.divider.divider.s_pipe[I][J]	ena	qnr.divider.divider.s_pipe[1][12]$_DFFE_PP_/D
17	0.1171	ena	fdct_zigzag.dct_mod.dct_block_I.dct_unit_J.macu.pp_lo[K]	ena	fdct_zigzag.dct_mod.dct_block_0.dct_unit_2.macu.pp_lo[14]$_DFFE_PP_/D
18	0.1171	ena	fdct_zigzag.dct_mod.dct_block_I.dct_unit_J.macu.mult_res[K]	ena	fdct_zigzag.dct_mod.dct_block_0.dct_unit_7.macu.mult_res[17]$_DFFE_PP_/D
19	0.1180	ena	qnr.rq[I]	ena	qnr.rq[7]$_DFFE_PP_/D
20	0.1215	fdct_zigzag.dct_mod.dct_block_I.dct_unit_J.macu.result[K]	fdct_zigzag.dct_mod.dct_block_I.dct_unit_J.macu.result[K]	fdct_zigzag.dct_mod.dct_block_6.dct_unit_2.macu.result[2]$_DFFE_PP_/Q	fdct_zigzag.dct_mod.dct_block_6.dct_unit_2.macu.result[11]$_DFFE_PP_/D
21	0.1228	ena	rle.rle.amp[I]	ena	rle.rle.amp[10]$_SDFFCE_PN0P_/D
22	0.1233	ena	fdct_zigzag.zigzag_mod.sresult[I][J]	ena	fdct_zigzag.zigzag_mod.sresult[10][0]$_DFFE_PP_/D
23	0.1239	ena	dfdct_dout[I]	ena	dfdct_dout[0]$_DFFE_PP_/D
24	0.1324	ena	fdct_zigzag.dct_mod.dct_block_I.dct_unit_J.macu.pp_hi[K]	ena	fdct_zigzag.dct_mod.dct_block_2.dct_unit_1.macu.pp_hi[14]$_DFFE_PP_/D
25	0.1338	ena	rle.rle.zero_cnt[I]	ena	rle.rle.zero_cnt[0]$_SDFFCE_PP0P_/D
26	0.1404	ena	qnr.dep[I]	ena	qnr.dep[1]$_DFFE_PN0P_/D
27	0.1407	ena	qnr.divider.q[I]	ena	qnr.divider.q[0]$_DFFE_PP_/D
28	0.1407	ena	dqnr_doe	ena	dqnr_doe$_DFFE_PP_/D
29	0.1407	ena	fdct_zigzag.dct_mod.dct_block_I.ddin_r[J]	ena	fdct_zigzag.dct_mod.dct_block_6.ddin_r[1]$_DFFE_PP_/D
30	0.1407	ena	qnr.divider.divider.d_pipe[I][J]	ena	qnr.divider.divider.d_pipe[10][12]$_DFFE_PP_/D
31	0.1407	ena	qnr.divider.divider.q[I]	ena	qnr.divider.divider.q[0]$_DFFE_PP_/D
32	0.1407	ena	qnr.divider.divider.q_pipe[I][J]	ena	qnr.divider.divider.q_pipe[10][0]$_DFFE_PP_/D
33	0.1407	ena	qnr.divider.id[I]	ena	qnr.divider.id[0]$_DFFE_PP_/D
34	0.1407	ena	qnr.divider.iz[I]	ena	qnr.divider.iz[0]$_DFFE_PP_/D
35	0.1407	ena	qnr.divider.spipe[I]	ena	qnr.divider.spipe[0]$_DFFE_PP_/D
36	0.1407	ena	rle.rzI.ampo[J]	ena	rle.rz1.ampo[0]$_DFFE_PP_/D
37	0.1407	ena	rle.rzI.rleno[J]	ena	rle.rz1.rleno[0]$_DFFE_PP_/D
38	0.1407	ena	rle.rzI.sizeo[J]	ena	rle.rz1.sizeo[0]$_DFFE_PP_/D
39	0.1415	ena	fdct_zigzag.dct_mod.ddgo	ena	fdct_zigzag.dct_mod.ddgo$_DFFE_PN0P_/D
40	0.1415	ena	fdct_zigzag.dct_mod.dgo	ena	fdct_zigzag.dct_mod.dgo$_DFFE_PN0P_/D
41	0.1415	ena	fdct_zigzag.dct_mod.go	ena	fdct_zigzag.dct_mod.go$_DFFE_PN0P_/D
42	0.1415	ena	rle.rzI.deno	ena	rle.rz1.deno$_DFFE_PN0P_/D
43	0.1418	ena	fdct_zigzag.zigzag_mod.ld_zigzag	ena	fdct_zigzag.zigzag_mod.ld_zigzag$_DFFE_PP_/D
44	0.1418	ena	rle.rzI.dc	ena	rle.rz1.dc$_DFFE_PP_/D
45	0.1418	ena	rle.rzI.dco	ena	rle.rz1.dco$_DFFE_PP_/D
46	0.1419	ena	fdct_zigzag.dct_mod.dddcnt	ena	fdct_zigzag.dct_mod.dddcnt$_DFFE_PN1P_/D
47	0.1419	ena	fdct_zigzag.dct_mod.ddddcnt	ena	fdct_zigzag.dct_mod.ddddcnt$_DFFE_PN1P_/D
48	0.1434	ena	fdct_zigzag.dct_mod.dct_block_I.dct_unit_J.macu.dclr_d	ena	fdct_zigzag.dct_mod.dct_block_6.dct_unit_2.macu.dclr_d$_DFFE_PP_/D
49	0.1491	qnr.divider.q[I]	qnr.rq[I]	qnr.divider.q[12]$_SDFFCE_PN0P_/Q	qnr.rq[10]$_DFFE_PP_/D
50	0.1538	ena	qnr.divider.q[I]	ena	qnr.divider.q[12]$_SDFFCE_PN0P_/D
51	0.1542	ena	qnr.divider.iz[I]	ena	qnr.divider.iz[11]$_SDFFCE_PN0P_/D
52	0.1552	ena	fdct_zigzag.dct_mod.douten	ena	fdct_zigzag.dct_mod.douten$_DFFE_PN0P_/D
53	0.1578	ena	rle.rle.dcterm	ena	rle.rle.dcterm$_DFFE_PN0P_/D
54	0.1578	ena	rle.rle.rlen[I]	ena	rle.rle.rlen[0]$_DFFE_PN0P_/D
55	0.1582	ena	qnr.qnt_cnt[I]	ena	qnr.qnt_cnt[5]$_DFFE_PN0P_/D
56	0.1583	ena	rle.rle.sample_cnt[I]	ena	rle.rle.sample_cnt[0]$_SDFFCE_PP1P_/D
57	0.1596	ena	rle.rzI.state	ena	rle.rz3.state$_DFFE_PN0P_/D
58	0.1612	ena	rle.rzI.amp[J]	ena	rle.rz1.amp[0]$_DFFE_PP_/D
59	0.1612	ena	rle.rzI.rlen[J]	ena	rle.rz1.rlen[3]$_DFFE_PP_/D
60	0.1612	ena	rle.rzI.size[J]	ena	rle.rz1.size[3]$_DFFE_PP_/D
61	0.1644	dstrb	fdct_zigzag.dct_mod.sample_cnt[I]	dstrb	fdct_zigzag.dct_mod.sample_cnt[5]$_DFFE_PN0P_/D
62	0.1669	ena	rle.rzI.den	ena	rle.rz4.den$_DFFE_PN0P_/D
63	0.1702	ena	rle.rle.state	ena	rle.rle.state$_DFFE_PN0P_/D
64	0.1793	fdct_zigzag.dct_mod.dct_block_I.dct_unit_J.macu.pp_hi[K]	fdct_zigzag.dct_mod.dct_block_I.dct_unit_J.macu.mult_res[K]	fdct_zigzag.dct_mod.dct_block_1.dct_unit_7.macu.pp_hi[0]$_DFFE_PP_/Q	fdct_zigzag.dct_mod.dct_block_1.dct_unit_7.macu.mult_res[18]$_DFFE_PP_/D
65	0.1804	fdct_zigzag.dct_mod.dct_block_I.dct_unit_J.macu.pp_lo[K]	fdct_zigzag.dct_mod.dct_block_I.dct_unit_J.macu.mult_res[K]	fdct_zigzag.dct_mod.dct_block_2.dct_unit_6.macu.pp_lo[4]$_DFFE_PP_/Q	fdct_zigzag.dct_mod.dct_block_6.dct_unit_2.macu.mult_res[18]$_DFFE_PP_/D
66	0.1999	fdct_zigzag.dct_mod.sample_cnt[I]	fdct_zigzag.dct_mod.dct_block_I.dct_unit_J.coef[K]	fdct_zigzag.dct_mod.sample_cnt[1]$_DFFE_PN0P_/Q	fdct_zigzag.dct_mod.dct_block_3.dct_unit_5.coef[29]$_DFFE_PP_/D
67	0.2057	qnr.divider.id[I]	qnr.divider.divider.s_pipe[I][J]	qnr.divider.id[0]$_DFFE_PP_/Q	qnr.divider.divider.s_pipe[1][22]$_DFFE_PP_/D
68	0.2211	qnr.divider.q[I]	qnr.rq[I]	qnr.divider.q[1]$_DFFE_PP_/Q	qnr.rq[10]$_DFFE_PP_/D
69	0.2337	qnr.divider.iz[I]	qnr.divider.divider.s_pipe[I][J]	qnr.divider.iz[11]$_SDFFCE_PN0P_/QN	qnr.divider.divider.s_pipe[1][22]$_DFFE_PP_/D
70	0.2831	fdct_zigzag.dct_mod.sample_cnt[I]	fdct_zigzag.dct_mod.sample_cnt[I]	fdct_zigzag.dct_mod.sample_cnt[4]$_DFFE_PN0P_/Q	fdct_zigzag.dct_mod.sample_cnt[5]$_DFFE_PN0P_/D
71	0.2943	qnr.rq[I]	rle.rle.size[I]	qnr.rq[1]$_DFFE_PP_/QN	rle.rle.size[0]$_DFFE_PN0P_/D
72	0.3143	qnr.rq[I]	rle.rle.amp[I]	qnr.rq[1]$_DFFE_PP_/QN	rle.rle.amp[8]$_DFFE_PP_/D
73	0.3272	qnr.divider.divider.q[I]	qnr.divider.q[I]	qnr.divider.divider.q[3]$_DFFE_PP_/QN	qnr.divider.q[11]$_DFFE_PP_/D
74	0.3420	fdct_zigzag.dct_mod.dct_block_I.dct_unit_J.macu.dclr_d	fdct_zigzag.dct_mod.dct_block_I.dct_unit_J.macu.result[K]	fdct_zigzag.dct_mod.dct_block_6.dct_unit_2.macu.dclr_d$_DFFE_PP_/Q	fdct_zigzag.dct_mod.dct_block_0.dct_unit_6.macu.result[11]$_DFFE_PP_/D
75	0.3562	qnr.rq[I]	rle.rle.amp[I]	qnr.rq[1]$_DFFE_PP_/QN	rle.rle.amp[10]$_SDFFCE_PN0P_/D
76	0.3610	dfdct_dout[I]	qnr.divider.iz[I]	dfdct_dout[0]$_DFFE_PP_/QN	qnr.divider.iz[8]$_DFFE_PP_/D
77	0.3653	qnr.rq[I]	rle.rle.rlen[I]	qnr.rq[11]$_DFFE_PP_/Q	rle.rle.rlen[0]$_DFFE_PN0P_/D
78	0.3686	qnr.qnt_cnt[I]	qnt_cnt[I]	qnr.qnt_cnt[1]$_DFFE_PN0P_/Q	qnt_cnt[1]
79	0.3773	qnr.rq[I]	rle.rle.den	qnr.rq[11]$_DFFE_PP_/Q	rle.rle.den$_DFFE_PN0P_/D
80	0.3820	qnr.rq[I]	rle.rle.zero_cnt[I]	qnr.rq[11]$_DFFE_PP_/Q	rle.rle.zero_cnt[3]$_SDFFCE_PP0P_/D
81	0.3822	rle.rzI.deno	douten	rle.rz4.deno$_DFFE_PN0P_/Q	douten
82	0.3865	dstrb	fdct_zigzag.dct_mod.go	dstrb	fdct_zigzag.dct_mod.go$_DFFE_PN0P_/D
83	0.3867	din[I]	fdct_zigzag.dct_mod.dct_block_I.ddin_r[J]	din[0]	fdct_zigzag.dct_mod.dct_block_6.ddin_r[1]$_DFFE_PP_/D
84	0.3867	qnt_val[I]	qnr.divider.id[I]	qnt_val[0]	qnr.divider.id[0]$_DFFE_PP_/D
85	0.3959	rle.rzI.ampo[J]	amp[I]	rle.rz4.ampo[0]$_DFFE_PP_/Q	amp[0]
86	0.3959	rle.rzI.rleno[J]	rlen[I]	rle.rz4.rleno[0]$_DFFE_PP_/Q	rlen[0]
87	0.3959	rle.rzI.sizeo[J]	size[I]	rle.rz4.sizeo[0]$_DFFE_PP_/Q	size[0]
88	0.3970	fdct_zigzag.zigzag_mod.ld_zigzag	fdct_zigzag.zigzag_mod.sresult[I][J]	fdct_zigzag.zigzag_mod.ld_zigzag$_DFFE_PP_/Q	fdct_zigzag.zigzag_mod.sresult[1][0]$_DFFE_PP_/D
89	0.4309	qnr.divider.divider.q[I]	qnr.divider.q[I]	qnr.divider.divider.q[3]$_DFFE_PP_/QN	qnr.divider.q[12]$_SDFFCE_PN0P_/D
90	0.4332	dfdct_dout[I]	qnr.divider.iz[I]	dfdct_dout[6]$_DFFE_PP_/QN	qnr.divider.iz[11]$_SDFFCE_PN0P_/D
91	0.4334	fdct_zigzag.dct_mod.dct_block_I.dct_unit_J.macu.dclr_d	fdct_zigzag.dct_mod.dct_block_I.dct_unit_J.macu.dclr_d	fdct_zigzag.dct_mod.dct_block_6.dct_unit_2.macu.dclr_d$_DFFE_PP_/Q	fdct_zigzag.dct_mod.dct_block_6.dct_unit_2.macu.dclr_d$_DFFE_PP_/D
92	0.4456	rle.rle.sample_cnt[I]	rle.rle.den	rle.rle.sample_cnt[1]$_SDFFCE_PP0P_/Q	rle.rle.den$_DFFE_PN0P_/D
93	0.4537	rle.rle.rlen[I]	rle.rzI.den	rle.rle.rlen[1]$_DFFE_PN0P_/Q	rle.rz1.den$_DFFE_PN0P_/D
94	0.4580	rle.rle.size[I]	rle.rzI.den	rle.rle.size[1]$_DFFE_PN0P_/Q	rle.rz1.den$_DFFE_PN0P_/D
95	0.4585	rle.rle.size[I]	rle.rzI.deno	rle.rle.size[1]$_DFFE_PN0P_/Q	rle.rz1.deno$_DFFE_PN0P_/D
96	0.4598	qnr.divider.spipe[I]	qnr.divider.q[I]	qnr.divider.spipe[13]$_DFFE_PP_/Q	qnr.divider.q[10]$_DFFE_PP_/D
97	0.4646	qnr.rq[I]	qnr.rq[I]	qnr.rq[11]$_DFFE_PP_/Q	qnr.rq[11]$_DFFE_PP_/D
98	0.4649	rle.rzI.sizeo[J]	rle.rzI.den	rle.rz1.sizeo[1]$_DFFE_PP_/Q	rle.rz2.den$_DFFE_PN0P_/D
99	0.4654	rle.rzI.sizeo[J]	rle.rzI.deno	rle.rz3.sizeo[1]$_DFFE_PP_/Q	rle.rz4.deno$_DFFE_PN0P_/D
100	0.4670	rle.rle.sample_cnt[I]	rle.rle.rlen[I]	rle.rle.sample_cnt[1]$_SDFFCE_PP0P_/Q	rle.rle.rlen[0]$_DFFE_PN0P_/D
101	0.4712	rle.rle.rlen[I]	rle.rzI.deno	rle.rle.rlen[1]$_DFFE_PN0P_/Q	rle.rz1.deno$_DFFE_PN0P_/D
102	0.4727	rle.rle.sample_cnt[I]	rle.rle.sample_cnt[I]	rle.rle.sample_cnt[2]$_SDFFCE_PP0P_/Q	rle.rle.sample_cnt[5]$_SDFFCE_PP0P_/D
103	0.4766	rle.rzI.rleno[J]	rle.rzI.deno	rle.rz3.rleno[1]$_DFFE_PP_/Q	rle.rz4.deno$_DFFE_PN0P_/D
104	0.4779	fdct_zigzag.dct_mod.sample_cnt[I]	fdct_zigzag.dct_mod.ddcnt	fdct_zigzag.dct_mod.sample_cnt[4]$_DFFE_PN0P_/Q	fdct_zigzag.dct_mod.ddcnt$_DFFE_PN1P_/D
105	0.4779	fdct_zigzag.zigzag_mod.ld_zigzag	qnr.dep[I]	fdct_zigzag.zigzag_mod.ld_zigzag$_DFFE_PP_/Q	qnr.dep[0]$_DFFE_PN0P_/D
106	0.4815	rle.rle.rlen[I]	rle.rzI.state	rle.rle.rlen[1]$_DFFE_PN0P_/Q	rle.rz1.state$_DFFE_PN0P_/D
107	0.4855	rle.rle.state	rle.rle.size[I]	rle.rle.state$_DFFE_PN0P_/Q	rle.rle.size[0]$_DFFE_PN0P_/D
108	0.4857	fdct_zigzag.zigzag_mod.ld_zigzag	fdct_zigzag.zigzag_mod.ld_zigzag	fdct_zigzag.zigzag_mod.ld_zigzag$_DFFE_PP_/Q	fdct_zigzag.zigzag_mod.ld_zigzag$_DFFE_PP_/D
109	0.4858	rle.rle.size[I]	rle.rzI.state	rle.rle.size[1]$_DFFE_PN0P_/Q	rle.rz1.state$_DFFE_PN0P_/D
110	0.4925	rle.rle.den	rle.rzI.amp[J]	rle.rle.den$_DFFE_PN0P_/Q	rle.rz1.amp[0]$_DFFE_PP_/D
111	0.4925	rle.rle.den	rle.rzI.rlen[J]	rle.rle.den$_DFFE_PN0P_/Q	rle.rz1.rlen[3]$_DFFE_PP_/D
112	0.4925	rle.rle.den	rle.rzI.size[J]	rle.rle.den$_DFFE_PN0P_/Q	rle.rz1.size[3]$_DFFE_PP_/D
113	0.4926	rle.rzI.sizeo[J]	rle.rzI.state	rle.rz3.sizeo[1]$_DFFE_PP_/Q	rle.rz4.state$_DFFE_PN0P_/D
114	0.4937	rle.rzI.deno	rle.rzI.amp[J]	rle.rz1.deno$_DFFE_PN0P_/Q	rle.rz2.amp[0]$_DFFE_PP_/D
115	0.4937	rle.rzI.deno	rle.rzI.rlen[J]	rle.rz1.deno$_DFFE_PN0P_/Q	rle.rz2.rlen[3]$_DFFE_PP_/D
116	0.4937	rle.rzI.deno	rle.rzI.size[J]	rle.rz1.deno$_DFFE_PN0P_/Q	rle.rz2.size[3]$_DFFE_PP_/D
117	0.4942	rle.rle.sample_cnt[I]	rle.rle.state	rle.rle.sample_cnt[1]$_SDFFCE_PP0P_/Q	rle.rle.state$_DFFE_PN0P_/D
118	0.4979	qnr.qnt_cnt[I]	qnr.qnt_cnt[I]	qnr.qnt_cnt[1]$_DFFE_PN0P_/Q	qnr.qnt_cnt[4]$_DFFE_PN0P_/D
119	0.4994	rle.rzI.rleno[J]	rle.rzI.den	rle.rz1.rleno[1]$_DFFE_PP_/Q	rle.rz2.den$_DFFE_PN0P_/D
120	0.4995	fdct_zigzag.zigzag_mod.ld_zigzag	qnr.qnt_cnt[I]	fdct_zigzag.zigzag_mod.ld_zigzag$_DFFE_PP_/Q	qnr.qnt_cnt[0]$_DFFE_PN0P_/D
121	0.5014	rle.rle.zero_cnt[I]	rle.rle.den	rle.rle.zero_cnt[1]$_SDFFCE_PP0P_/Q	rle.rle.den$_DFFE_PN0P_/D
122	0.5087	rle.rle.den	rle.rzI.state	rle.rle.den$_DFFE_PN0P_/Q	rle.rz1.state$_DFFE_PN0P_/D
123	0.5102	rle.rzI.deno	rle.rzI.state	rle.rz2.deno$_DFFE_PN0P_/Q	rle.rz3.state$_DFFE_PN0P_/D
124	0.5115	rle.rle.den	rle.rzI.den	rle.rle.den$_DFFE_PN0P_/Q	rle.rz1.den$_DFFE_PN0P_/D
125	0.5139	rle.rzI.deno	rle.rzI.den	rle.rz1.deno$_DFFE_PN0P_/Q	rle.rz2.den$_DFFE_PN0P_/D
126	0.5178	rle.rle.state	rle.rle.rlen[I]	rle.rle.state$_DFFE_PN0P_/Q	rle.rle.rlen[0]$_DFFE_PN0P_/D
127	0.5271	rle.rzI.rleno[J]	rle.rzI.state	rle.rz3.rleno[1]$_DFFE_PP_/Q	rle.rz4.state$_DFFE_PN0P_/D
128	0.5287	qnr.divider.q[I]	qnr.divider.q[I]	qnr.divider.q[0]$_DFFE_PP_/Q	qnr.divider.q[0]$_DFFE_PP_/D
129	0.5323	fdct_zigzag.dct_mod.dct_block_I.dct_unit_J.macu.result[K]	fdct_zigzag.zigzag_mod.sresult[I][J]	fdct_zigzag.dct_mod.dct_block_7.dct_unit_0.macu.result[21]$_DFFE_PP_/Q	fdct_zigzag.zigzag_mod.sresult[28][11]$_DFFE_PP_/D
130	0.5355	qnr.divider.spipe[I]	qnr.divider.q[I]	qnr.divider.spipe[13]$_DFFE_PP_/Q	qnr.divider.q[12]$_SDFFCE_PN0P_/D
131	0.5384	dfdct_dout[I]	qnr.divider.spipe[I]	dfdct_dout[11]$_DFFE_PP_/Q	qnr.divider.spipe[0]$_DFFE_PP_/D
132	0.5387	dfdct_dout[I]	dfdct_dout[I]	dfdct_dout[11]$_DFFE_PP_/Q	dfdct_dout[11]$_DFFE_PP_/D
133	0.5389	qnr.divider.spipe[I]	qnr.divider.spipe[I]	qnr.divider.spipe[13]$_DFFE_PP_/Q	qnr.divider.spipe[13]$_DFFE_PP_/D
134	0.5407	rle.rle.zero_cnt[I]	rle.rle.zero_cnt[I]	rle.rle.zero_cnt[0]$_SDFFCE_PP0P_/Q	rle.rle.zero_cnt[3]$_SDFFCE_PP0P_/D
135	0.5445	rle.rle.state	rle.rle.den	rle.rle.state$_DFFE_PN0P_/Q	rle.rle.den$_DFFE_PN0P_/D
136	0.5478	rle.rzI.deno	rle.rzI.deno	rle.rz3.deno$_DFFE_PN0P_/Q	rle.rz4.deno$_DFFE_PN0P_/D
137	0.5486	qnr.divider.q[I]	qnr.divider.q[I]	qnr.divider.q[12]$_SDFFCE_PN0P_/Q	qnr.divider.q[12]$_SDFFCE_PN0P_/D
138	0.5496	rle.rle.den	rle.rzI.deno	rle.rle.den$_DFFE_PN0P_/Q	rle.rz1.deno$_DFFE_PN0P_/D
139	0.5517	rle.ddstrb	rle.rle.den	rle.ddstrb$_DFF_P_/Q	rle.rle.den$_DFFE_PN0P_/D
140	0.5607	rle.rzI.state	rle.rzI.den	rle.rz4.state$_DFFE_PN0P_/Q	rle.rz4.den$_DFFE_PN0P_/D
141	0.5626	fdct_zigzag.dct_mod.dct_block_I.dct_unit_J.macu.mult_res[K]	fdct_zigzag.dct_mod.dct_block_I.dct_unit_J.macu.mult_res[K]	fdct_zigzag.dct_mod.dct_block_2.dct_unit_6.macu.mult_res[18]$_DFFE_PP_/Q	fdct_zigzag.dct_mod.dct_block_2.dct_unit_6.macu.mult_res[18]$_DFFE_PP_/D
142	0.5688	fdct_zigzag.zigzag_mod.sresult[I][J]	fdct_zigzag.zigzag_mod.sresult[I][J]	fdct_zigzag.zigzag_mod.sresult[9][0]$_DFFE_PP_/Q	fdct_zigzag.zigzag_mod.sresult[10][0]$_DFFE_PP_/D
143	0.5740	rle.rzI.state	rle.rzI.deno	rle.rz4.state$_DFFE_PN0P_/Q	rle.rz4.deno$_DFFE_PN0P_/D
144	0.5768	fdct_zigzag.dct_mod.dct_block_I.dct_unit_J.coef[K]	fdct_zigzag.dct_mod.dct_block_I.dct_unit_J.coef[K]	fdct_zigzag.dct_mod.dct_block_5.dct_unit_7.coef[28]$_DFFE_PP_/Q	fdct_zigzag.dct_mod.dct_block_5.dct_unit_7.coef[28]$_DFFE_PP_/D
145	0.5805	rle.rle.dcterm	rle.rzI.deno	rle.rle.dcterm$_DFFE_PN0P_/QN	rle.rz1.deno$_DFFE_PN0P_/D
146	0.5806	rle.ddstrb	rle.rle.dcterm	rle.ddstrb$_DFF_P_/Q	rle.rle.dcterm$_DFFE_PN0P_/D
147	0.5836	rle.rzI.dco	rle.rzI.deno	rle.rz3.dco$_DFFE_PP_/QN	rle.rz4.deno$_DFFE_PN0P_/D
148	0.5861	rle.rle.state	rle.rle.state	rle.rle.state$_DFFE_PN0P_/Q	rle.rle.state$_DFFE_PN0P_/D
149	0.5868	rle.ddstrb	rle.rle.sample_cnt[I]	rle.ddstrb$_DFF_P_/Q	rle.rle.sample_cnt[3]$_SDFFCE_PP0P_/D
150	0.5921	rle.rzI.den	rle.rzI.deno	rle.rz4.den$_DFFE_PN0P_/Q	rle.rz4.deno$_DFFE_PN0P_/D
151	0.5946	rle.ddstrb	rle.rle.state	rle.ddstrb$_DFF_P_/Q	rle.rle.state$_DFFE_PN0P_/D
152	0.5949	rle.rle.den	rle.rle.den	rle.rle.den$_DFFE_PN0P_/Q	rle.rle.den$_DFFE_PN0P_/D
153	0.5975	rle.rle.state	rle.rle.dcterm	rle.rle.state$_DFFE_PN0P_/Q	rle.rle.dcterm$_DFFE_PN0P_/D
154	0.6036	fdct_zigzag.dct_mod.dct_block_I.dct_unit_J.macu.pp_lo[K]	fdct_zigzag.dct_mod.dct_block_I.dct_unit_J.macu.pp_lo[K]	fdct_zigzag.dct_mod.dct_block_2.dct_unit_6.macu.pp_lo[15]$_DFFE_PP_/Q	fdct_zigzag.dct_mod.dct_block_2.dct_unit_6.macu.pp_lo[15]$_DFFE_PP_/D
155	0.6120	fdct_zigzag.dct_mod.dct_block_I.dct_unit_J.macu.pp_hi[K]	fdct_zigzag.dct_mod.dct_block_I.dct_unit_J.macu.pp_hi[K]	fdct_zigzag.dct_mod.dct_block_0.dct_unit_4.macu.pp_hi[8]$_DFFE_PP_/Q	fdct_zigzag.dct_mod.dct_block_0.dct_unit_4.macu.pp_hi[8]$_DFFE_PP_/D
156	0.6141	rle.rle.rlen[I]	rle.rzI.rlen[J]	rle.rle.rlen[1]$_DFFE_PN0P_/Q	rle.rz1.rlen[1]$_DFFE_PP_/D
157	0.6142	rle.rle.size[I]	rle.rzI.size[J]	rle.rle.size[0]$_DFFE_PN0P_/Q	rle.rz1.size[0]$_DFFE_PP_/D
158	0.6156	rle.rle.zero_cnt[I]	rle.rle.rlen[I]	rle.rle.zero_cnt[1]$_SDFFCE_PP0P_/Q	rle.rle.rlen[1]$_DFFE_PN0P_/D
159	0.6159	rle.rle.rlen[I]	rle.rle.rlen[I]	rle.rle.rlen[1]$_DFFE_PN0P_/Q	rle.rle.rlen[1]$_DFFE_PN0P_/D
160	0.6169	qnr.dep[I]	qnr.dep[I]	qnr.dep[0]$_DFFE_PN0P_/Q	qnr.dep[1]$_DFFE_PN0P_/D
161	0.6169	rle.rzI.state	rle.rzI.state	rle.rz3.state$_DFFE_PN0P_/Q	rle.rz3.state$_DFFE_PN0P_/D
162	0.6171	fdct_zigzag.dct_mod.douten	fdct_zigzag.zigzag_mod.ld_zigzag	fdct_zigzag.dct_mod.douten$_DFFE_PN0P_/Q	fdct_zigzag.zigzag_mod.ld_zigzag$_DFFE_PP_/D
163	0.6171	rle.rle.dcterm	rle.rzI.dc	rle.rle.dcterm$_DFFE_PN0P_/Q	rle.rz1.dc$_DFFE_PP_/D
164	0.6175	qnr.divider.divider.d_pipe[I][J]	qnr.divider.divider.d_pipe[I][J]	qnr.divider.divider.d_pipe[9][12]$_DFFE_PP_/Q	qnr.divider.divider.d_pipe[10][12]$_DFFE_PP_/D
165	0.6175	qnr.divider.id[I]	qnr.divider.divider.d_pipe[I][J]	qnr.divider.id[0]$_DFFE_PP_/Q	qnr.divider.divider.d_pipe[1][12]$_DFFE_PP_/D
166	0.6178	qnr.divider.id[I]	qnr.divider.id[I]	qnr.divider.id[0]$_DFFE_PP_/Q	qnr.divider.id[0]$_DFFE_PP_/D
167	0.6183	fdct_zigzag.dct_mod.dgo	fdct_zigzag.dct_mod.ddgo	fdct_zigzag.dct_mod.dgo$_DFFE_PN0P_/Q	fdct_zigzag.dct_mod.ddgo$_DFFE_PN0P_/D
168	0.6183	fdct_zigzag.dct_mod.go	fdct_zigzag.dct_mod.dgo	fdct_zigzag.dct_mod.go$_DFFE_PN0P_/Q	fdct_zigzag.dct_mod.dgo$_DFFE_PN0P_/D
169	0.6186	qnr.dep[I]	dqnr_doe	qnr.dep[15]$_DFFE_PN0P_/Q	dqnr_doe$_DFFE_PP_/D
170	0.6186	fdct_zigzag.dct_mod.ddgo	fdct_zigzag.dct_mod.dct_block_I.dct_unit_J.macu.dclr_d	fdct_zigzag.dct_mod.ddgo$_DFFE_PN0P_/Q	fdct_zigzag.dct_mod.dct_block_6.dct_unit_2.macu.dclr_d$_DFFE_PP_/D
171	0.6187	fdct_zigzag.dct_mod.ddgo	fdct_zigzag.dct_mod.ddgo	fdct_zigzag.dct_mod.ddgo$_DFFE_PN0P_/Q	fdct_zigzag.dct_mod.ddgo$_DFFE_PN0P_/D
172	0.6187	fdct_zigzag.dct_mod.dgo	fdct_zigzag.dct_mod.dgo	fdct_zigzag.dct_mod.dgo$_DFFE_PN0P_/Q	fdct_zigzag.dct_mod.dgo$_DFFE_PN0P_/D
173	0.6187	fdct_zigzag.dct_mod.go	fdct_zigzag.dct_mod.go	fdct_zigzag.dct_mod.go$_DFFE_PN0P_/Q	fdct_zigzag.dct_mod.go$_DFFE_PN0P_/D
174	0.6188	fdct_zigzag.dct_mod.dddcnt	fdct_zigzag.dct_mod.ddddcnt	fdct_zigzag.dct_mod.dddcnt$_DFFE_PN1P_/Q	fdct_zigzag.dct_mod.ddddcnt$_DFFE_PN1P_/D
175	0.6191	fdct_zigzag.dct_mod.dddcnt	fdct_zigzag.dct_mod.dddcnt	fdct_zigzag.dct_mod.dddcnt$_DFFE_PN1P_/Q	fdct_zigzag.dct_mod.dddcnt$_DFFE_PN1P_/D
176	0.6196	rle.rzI.rleno[J]	rle.rzI.rleno[J]	rle.rz1.rleno[1]$_DFFE_PP_/Q	rle.rz1.rleno[1]$_DFFE_PP_/D
177	0.6196	rle.rzI.rleno[J]	rle.rzI.rlen[J]	rle.rz1.rleno[1]$_DFFE_PP_/Q	rle.rz2.rlen[1]$_DFFE_PP_/D
178	0.6203	rle.rle.size[I]	rle.rle.size[I]	rle.rle.size[0]$_DFFE_PN0P_/Q	rle.rle.size[0]$_DFFE_PN0P_/D
179	0.6207	fdct_zigzag.dct_mod.ddcnt	fdct_zigzag.dct_mod.dddcnt	fdct_zigzag.dct_mod.ddcnt$_DFFE_PN1P_/Q	fdct_zigzag.dct_mod.dddcnt$_DFFE_PN1P_/D
180	0.6213	rle.rzI.sizeo[J]	rle.rzI.sizeo[J]	rle.rz1.sizeo[1]$_DFFE_PP_/Q	rle.rz1.sizeo[1]$_DFFE_PP_/D
181	0.6213	rle.rzI.sizeo[J]	rle.rzI.size[J]	rle.rz1.sizeo[1]$_DFFE_PP_/Q	rle.rz2.size[1]$_DFFE_PP_/D
182	0.6233	rle.rle.amp[I]	rle.rzI.amp[J]	rle.rle.amp[10]$_SDFFCE_PN0P_/Q	rle.rz1.amp[10]$_DFFE_PP_/D
183	0.6233	rle.rle.amp[I]	rle.rzI.amp[J]	rle.rle.amp[9]$_DFFE_PP_/Q	rle.rz1.amp[9]$_DFFE_PP_/D
184	0.6242	dqnr_doe	dqnr_doe	dqnr_doe$_DFFE_PP_/Q	dqnr_doe$_DFFE_PP_/D
185	0.6243	fdct_zigzag.zigzag_mod.sresult[I][J]	dfdct_dout[I]	fdct_zigzag.zigzag_mod.sresult[63][11]$_DFFE_PP_/Q	dfdct_dout[11]$_DFFE_PP_/D
186	0.6243	qnr.divider.divider.q_pipe[I][J]	qnr.divider.divider.q[I]	qnr.divider.divider.q_pipe[11][9]$_DFFE_PP_/Q	qnr.divider.divider.q[10]$_DFFE_PP_/D
187	0.6243	qnr.divider.divider.q_pipe[I][J]	qnr.divider.divider.q_pipe[I][J]	qnr.divider.divider.q_pipe[9][0]$_DFFE_PP_/Q	qnr.divider.divider.q_pipe[10][1]$_DFFE_PP_/D
188	0.6243	qnr.divider.iz[I]	qnr.divider.divider.s_pipe[I][J]	qnr.divider.iz[9]$_DFFE_PP_/Q	qnr.divider.divider.s_pipe[1][10]$_DFFE_PP_/D
189	0.6243	rle.rzI.dc	rle.rzI.dco	rle.rz1.dc$_DFFE_PP_/Q	rle.rz1.dco$_DFFE_PP_/D
190	0.6243	rle.rzI.dco	rle.rzI.dc	rle.rz1.dco$_DFFE_PP_/Q	rle.rz2.dc$_DFFE_PP_/D
191	0.6243	rle.rzI.amp[J]	rle.rzI.amp[J]	rle.rz1.amp[0]$_DFFE_PP_/Q	rle.rz1.amp[0]$_DFFE_PP_/D
192	0.6243	rle.rzI.amp[J]	rle.rzI.ampo[J]	rle.rz1.amp[0]$_DFFE_PP_/Q	rle.rz1.ampo[0]$_DFFE_PP_/D
193	0.6243	rle.rzI.rlen[J]	rle.rzI.rlen[J]	rle.rz1.rlen[0]$_DFFE_PP_/Q	rle.rz1.rlen[0]$_DFFE_PP_/D
194	0.6243	rle.rzI.rlen[J]	rle.rzI.rleno[J]	rle.rz1.rlen[0]$_DFFE_PP_/Q	rle.rz1.rleno[0]$_DFFE_PP_/D
195	0.6243	rle.rzI.size[J]	rle.rzI.size[J]	rle.rz1.size[0]$_DFFE_PP_/Q	rle.rz1.size[0]$_DFFE_PP_/D
196	0.6243	rle.rzI.size[J]	rle.rzI.sizeo[J]	rle.rz1.size[0]$_DFFE_PP_/Q	rle.rz1.sizeo[0]$_DFFE_PP_/D
197	0.6243	rle.rle.dcterm	rle.rle.dcterm	rle.rle.dcterm$_DFFE_PN0P_/Q	rle.rle.dcterm$_DFFE_PN0P_/D
198	0.6246	qnr.divider.divider.q[I]	qnr.divider.divider.q[I]	qnr.divider.divider.q[10]$_DFFE_PP_/Q	qnr.divider.divider.q[10]$_DFFE_PP_/D
199	0.6246	rle.rle.amp[I]	rle.rle.amp[I]	rle.rle.amp[0]$_DFFE_PP_/Q	rle.rle.amp[0]$_DFFE_PP_/D
200	0.6246	rle.rzI.ampo[J]	rle.rzI.ampo[J]	rle.rz1.ampo[0]$_DFFE_PP_/Q	rle.rz1.ampo[0]$_DFFE_PP_/D
201	0.6246	rle.rzI.ampo[J]	rle.rzI.amp[J]	rle.rz1.ampo[0]$_DFFE_PP_/Q	rle.rz2.amp[0]$_DFFE_PP_/D
202	0.6246	qnr.divider.iz[I]	qnr.divider.iz[I]	qnr.divider.iz[0]$_DFFE_PP_/Q	qnr.divider.iz[0]$_DFFE_PP_/D
203	0.6246	rle.rzI.dc	rle.rzI.dc	rle.rz1.dc$_DFFE_PP_/Q	rle.rz1.dc$_DFFE_PP_/D
204	0.6246	rle.rzI.dco	rle.rzI.dco	rle.rz1.dco$_DFFE_PP_/Q	rle.rz1.dco$_DFFE_PP_/D
205	0.6247	fdct_zigzag.dct_mod.ddddcnt	fdct_zigzag.dct_mod.ddddcnt	fdct_zigzag.dct_mod.ddddcnt$_DFFE_PN1P_/Q	fdct_zigzag.dct_mod.ddddcnt$_DFFE_PN1P_/D
206	0.6296	qnr.divider.iz[I]	qnr.divider.iz[I]	qnr.divider.iz[21]$_SDFFCE_PN0P_/Q	qnr.divider.iz[21]$_SDFFCE_PN0P_/D
207	0.6297	rle.rzI.den	rle.rzI.den	rle.rz4.den$_DFFE_PN0P_/Q	rle.rz4.den$_DFFE_PN0P_/D
208	0.6306	fdct_zigzag.dct_mod.dddcnt	fdct_zigzag.dct_mod.douten	fdct_zigzag.dct_mod.dddcnt$_DFFE_PN1P_/Q	fdct_zigzag.dct_mod.douten$_DFFE_PN0P_/D
209	0.6329	fdct_zigzag.dct_mod.douten	fdct_zigzag.dct_mod.douten	fdct_zigzag.dct_mod.douten$_DFFE_PN0P_/Q	fdct_zigzag.dct_mod.douten$_DFFE_PN0P_/D
210	0.6413	qnr.divider.divider.s_pipe[I][J]	qnr.divider.divider.q[I]	qnr.divider.divider.s_pipe[12][24]$_DFFE_PP_/QN	qnr.divider.divider.q[0]$_DFFE_PP_/D
211	0.6413	qnr.divider.divider.s_pipe[I][J]	qnr.divider.divider.q_pipe[I][J]	qnr.divider.divider.s_pipe[10][24]$_DFFE_PP_/QN	qnr.divider.divider.q_pipe[10][0]$_DFFE_PP_/D
212	0.6474	rle.rle.amp[I]	rle.rle.amp[I]	rle.rle.amp[10]$_SDFFCE_PN0P_/Q	rle.rle.amp[10]$_SDFFCE_PN0P_/D
213	0.6476	fdct_zigzag.dct_mod.ddcnt	fdct_zigzag.dct_mod.ddcnt	fdct_zigzag.dct_mod.ddcnt$_DFFE_PN1P_/Q	fdct_zigzag.dct_mod.ddcnt$_DFFE_PN1P_/D
214	0.6541	fdct_zigzag.dct_mod.ddddcnt	fdct_zigzag.dct_mod.douten	fdct_zigzag.dct_mod.ddddcnt$_DFFE_PN1P_/QN	fdct_zigzag.dct_mod.douten$_DFFE_PN0P_/D
215	0.6802	dqnr_doe	rle.ddstrb	dqnr_doe$_DFFE_PP_/Q	rle.ddstrb$_DFF_P_/D
