# stage	1_synth
# top_module	tpu_top
# top_n	1000
# kind	blocks
# skip_async	1
# include_full	1
# rank	worst_slack_ns	start	end	start_full	end_full
1	-0.3168	systolic_controll.matrix_index[I]	_I_	systolic_controll.matrix_index[3]$_SDFF_PP0_/Q	_87745_/D
2	-0.1811	systolic_controll.matrix_index[I]	write_out.sram_wdata_a[I]	systolic_controll.matrix_index[4]$_SDFF_PP0_/QN	write_out.sram_wdata_a[117]$_SDFF_PN0_/D
3	-0.1785	systolic_controll.matrix_index[I]	write_out.sram_wdata_c[I]	systolic_controll.matrix_index[4]$_SDFF_PP0_/QN	write_out.sram_wdata_c[117]$_SDFF_PN0_/D
4	-0.1143	systolic.data_queue[I][J]	systolic.mul_product_reg[I][J]	systolic.data_queue[53][7]$_SDFFE_PN0P_/Q	systolic.mul_product_reg[53][14]$_SDFF_PN0_/D
5	-0.1126	systolic.weight_queue[I][J]	systolic.mul_product_reg[I][J]	systolic.weight_queue[55][1]$_SDFFE_PN0P_/Q	systolic.mul_product_reg[55][14]$_SDFF_PN0_/D
6	-0.0392	srstn	_I_	srstn	_87709_/D
7	0.0030	srstn	write_out.sram_wdata_a[I]	srstn	write_out.sram_wdata_a[117]$_SDFF_PN0_/D
8	0.0251	systolic.matrix_mul_ID[J][K]	write_out.sram_wdata_a[I]	systolic.matrix_mul_2D[18][20]$_SDFFE_PN0P_/Q	write_out.sram_wdata_a[124]$_SDFF_PN0_/D
9	0.0302	srstn	write_out.sram_wdata_c[I]	srstn	write_out.sram_wdata_c[101]$_SDFF_PN0_/D
10	0.0325	systolic.matrix_mul_ID[J][K]	write_out.sram_wdata_c[I]	systolic.matrix_mul_2D[18][20]$_SDFFE_PN0P_/Q	write_out.sram_wdata_c[124]$_SDFF_PN0_/D
11	0.0722	systolic.mul_product_reg[I][J]	systolic.matrix_mul_ID[J][K]	systolic.mul_product_reg[46][4]$_SDFF_PN0_/Q	systolic.matrix_mul_2D[46][20]$_SDFFE_PN0P_/D
12	0.0764	systolic.matrix_mul_ID[J][K]	systolic.matrix_mul_ID[J][K]	systolic.matrix_mul_2D[46][4]$_SDFFE_PN0P_/Q	systolic.matrix_mul_2D[46][20]$_SDFFE_PN0P_/D
13	0.0771	systolic.matrix_mul_ID[J][K]	_I_	systolic.matrix_mul_2D[18][20]$_SDFFE_PN0P_/Q	_87725_/D
14	0.1232	srstn	write_out.sram_waddr_a[I]	srstn	write_out.sram_waddr_a[1]$_SDFF_PN0_/D
15	0.1304	srstn	write_out.sram_waddr_c[I]	srstn	write_out.sram_waddr_c[1]$_SDFF_PN0_/D
16	0.1357	srstn	systolic.matrix_mul_ID[J][K]	srstn	systolic.matrix_mul_2D[27][18]$_SDFFE_PN0P_/D
17	0.1409	srstn	write_out.sram_write_enable_aI	srstn	write_out.sram_write_enable_a0$_SDFF_PN1_/D
18	0.1413	srstn	systolic_controll.state[I]	srstn	systolic_controll.state[0]$_DFF_P_/D
19	0.1421	srstn	systolic.mul_product_reg[I][J]	srstn	systolic.mul_product_reg[60][2]$_SDFF_PN0_/D
20	0.1481	srstn	write_out.sram_write_enable_cI	srstn	write_out.sram_write_enable_c0$_SDFF_PN1_/D
21	0.1517	srstn	systolic_controll.cycle_num[I]	srstn	systolic_controll.cycle_num[2]$_SDFF_PN0_/D
22	0.1517	srstn	systolic_controll.tpu_done	srstn	systolic_controll.tpu_done$_SDFF_PN0_/D
23	0.1586	srstn	systolic.data_queue[I][J]	srstn	systolic.data_queue[50][0]$_SDFFE_PN0P_/D
24	0.1603	srstn	systolic.is_reset_reg[I]	srstn	systolic.is_reset_reg[0]$_SDFF_PN0_/D
25	0.1612	srstn	systolic_controll.addr_serial_num[I]	srstn	systolic_controll.addr_serial_num[2]$_SDFFE_PN0P_/D
26	0.1623	srstn	systolic.weight_queue[I][J]	srstn	systolic.weight_queue[0][0]$_SDFFE_PN0P_/D
27	0.1694	systolic_controll.cycle_num[I]	_I_	systolic_controll.cycle_num[8]$_SDFF_PN0_/QN	_87709_/D
28	0.1796	systolic_controll.cycle_num[I]	systolic.is_accum_reg[I]	systolic_controll.cycle_num[1]$_SDFF_PN0_/Q	systolic.is_accum_reg[2]$_SDFF_PP0_/D
29	0.2081	srstn	systolic_controll.matrix_index[I]	srstn	systolic_controll.matrix_index[0]$_SDFF_PP0_/D
30	0.2116	systolic_controll.cycle_num[I]	write_out.sram_wdata_a[I]	systolic_controll.cycle_num[8]$_SDFF_PN0_/QN	write_out.sram_wdata_a[117]$_SDFF_PN0_/D
31	0.2300	srstn	systolic.is_accum_reg[I]	srstn	systolic.is_accum_reg[23]$_SDFF_PP0_/D
32	0.2388	systolic_controll.cycle_num[I]	write_out.sram_wdata_c[I]	systolic_controll.cycle_num[8]$_SDFF_PN0_/QN	write_out.sram_wdata_c[101]$_SDFF_PN0_/D
33	0.2610	systolic_controll.state[I]	_I_	systolic_controll.state[3]$_DFF_P_/Q	_87709_/D
34	0.2696	tpu_start	systolic_controll.addr_serial_num[I]	tpu_start	systolic_controll.addr_serial_num[5]$_SDFFE_PN0P_/D
35	0.3032	systolic_controll.state[I]	write_out.sram_wdata_a[I]	systolic_controll.state[3]$_DFF_P_/Q	write_out.sram_wdata_a[117]$_SDFF_PN0_/D
36	0.3125	systolic_controll.cycle_num[I]	write_out.sram_waddr_a[I]	systolic_controll.cycle_num[2]$_SDFF_PN0_/Q	write_out.sram_waddr_a[0]$_SDFF_PN0_/D
37	0.3127	systolic_controll.cycle_num[I]	write_out.sram_waddr_c[I]	systolic_controll.cycle_num[2]$_SDFF_PN0_/Q	write_out.sram_waddr_c[0]$_SDFF_PN0_/D
38	0.3196	systolic_controll.matrix_index[I]	write_out.sram_waddr_a[I]	systolic_controll.matrix_index[0]$_SDFF_PP0_/Q	write_out.sram_waddr_a[0]$_SDFF_PN0_/D
39	0.3196	systolic_controll.matrix_index[I]	write_out.sram_waddr_c[I]	systolic_controll.matrix_index[0]$_SDFF_PP0_/Q	write_out.sram_waddr_c[0]$_SDFF_PN0_/D
40	0.3261	systolic_controll.cycle_num[I]	write_out.sram_write_enable_aI	systolic_controll.cycle_num[2]$_SDFF_PN0_/Q	write_out.sram_write_enable_a0$_SDFF_PN1_/D
41	0.3263	systolic_controll.cycle_num[I]	write_out.sram_write_enable_cI	systolic_controll.cycle_num[2]$_SDFF_PN0_/Q	write_out.sram_write_enable_c0$_SDFF_PN1_/D
42	0.3263	systolic_controll.matrix_index[I]	systolic_controll.matrix_index[I]	systolic_controll.matrix_index[0]$_SDFF_PP0_/Q	systolic_controll.matrix_index[5]$_SDFF_PP0_/D
43	0.3272	systolic_controll.data_set[I]	_I_	systolic_controll.data_set[0]$_SDFFE_PN0P_/Q	_87709_/D
44	0.3304	systolic_controll.state[I]	write_out.sram_wdata_c[I]	systolic_controll.state[3]$_DFF_P_/Q	write_out.sram_wdata_c[101]$_SDFF_PN0_/D
45	0.3427	systolic_controll.matrix_index[I]	systolic_controll.state[I]	systolic_controll.matrix_index[0]$_SDFF_PP0_/Q	systolic_controll.state[3]$_DFF_P_/D
46	0.3542	systolic_controll.cycle_num[I]	systolic.is_reset_reg[I]	systolic_controll.cycle_num[1]$_SDFF_PN0_/Q	systolic.is_reset_reg[0]$_SDFF_PN0_/D
47	0.3602	srstn	systolic_controll.data_set[I]	srstn	systolic_controll.data_set[0]$_SDFFE_PN0P_/D
48	0.3633	systolic_controll.matrix_index[I]	systolic_controll.tpu_done	systolic_controll.matrix_index[0]$_SDFF_PP0_/Q	systolic_controll.tpu_done$_SDFF_PN0_/D
49	0.4039	systolic_controll.data_set[I]	write_out.sram_wdata_a[I]	systolic_controll.data_set[1]$_SDFFE_PN0P_/QN	write_out.sram_wdata_a[117]$_SDFF_PN0_/D
50	0.4130	systolic_controll.data_set[I]	write_out.sram_wdata_c[I]	systolic_controll.data_set[0]$_SDFFE_PN0P_/Q	write_out.sram_wdata_c[101]$_SDFF_PN0_/D
51	0.4234	systolic_controll.state[I]	write_out.sram_waddr_a[I]	systolic_controll.state[3]$_DFF_P_/Q	write_out.sram_waddr_a[1]$_SDFF_PN0_/D
52	0.4306	systolic_controll.state[I]	write_out.sram_waddr_c[I]	systolic_controll.state[3]$_DFF_P_/Q	write_out.sram_waddr_c[1]$_SDFF_PN0_/D
53	0.4411	systolic_controll.state[I]	write_out.sram_write_enable_aI	systolic_controll.state[3]$_DFF_P_/Q	write_out.sram_write_enable_a0$_SDFF_PN1_/D
54	0.4483	systolic_controll.state[I]	write_out.sram_write_enable_cI	systolic_controll.state[3]$_DFF_P_/Q	write_out.sram_write_enable_c0$_SDFF_PN1_/D
55	0.4491	addr_sel.sram_raddr_wI[J]	sram_raddr_wI[J]	addr_sel.sram_raddr_w0[0]$_SDFF_PN1_/Q	sram_raddr_w0[0]
56	0.4569	systolic.is_accum_reg[I]	systolic.matrix_mul_ID[J][K]	systolic.is_accum_reg[5]$_SDFF_PP0_/Q	systolic.matrix_mul_2D[12][11]$_SDFFE_PN0P_/D
57	0.4656	systolic_controll.addr_serial_num[I]	addr_sel.sram_raddr_wI[J]	systolic_controll.addr_serial_num[5]$_SDFFE_PN0P_/Q	addr_sel.sram_raddr_w1[5]$_SDFF_PN1_/D
58	0.4657	addr_sel.sram_raddr_wI[J]	sram_raddr_dI[J]	addr_sel.sram_raddr_w0[0]$_SDFF_PN1_/Q	sram_raddr_d0[0]
59	0.4661	systolic_controll.cycle_num[I]	systolic_controll.data_set[I]	systolic_controll.cycle_num[2]$_SDFF_PN0_/Q	systolic_controll.data_set[0]$_SDFFE_PN0P_/D
60	0.4679	write_out.sram_waddr_a[I]	sram_waddr_a[I]	write_out.sram_waddr_a[0]$_SDFF_PN0_/Q	sram_waddr_a[0]
61	0.4679	_I_	sram_waddr_b[I]	_87620_/Q	sram_waddr_b[0]
62	0.4679	write_out.sram_waddr_c[I]	sram_waddr_c[I]	write_out.sram_waddr_c[0]$_SDFF_PN0_/Q	sram_waddr_c[0]
63	0.4679	write_out.sram_wdata_a[I]	sram_wdata_a[I]	write_out.sram_wdata_a[0]$_SDFF_PN0_/Q	sram_wdata_a[0]
64	0.4679	_I_	sram_wdata_b[I]	_87625_/Q	sram_wdata_b[0]
65	0.4679	write_out.sram_wdata_c[I]	sram_wdata_c[I]	write_out.sram_wdata_c[0]$_SDFF_PN0_/Q	sram_wdata_c[0]
66	0.4679	write_out.sram_write_enable_aI	sram_write_enable_aI	write_out.sram_write_enable_a0$_SDFF_PN1_/Q	sram_write_enable_a0
67	0.4679	_I_	sram_write_enable_bI	_87618_/Q	sram_write_enable_b0
68	0.4679	write_out.sram_write_enable_cI	sram_write_enable_cI	write_out.sram_write_enable_c0$_SDFF_PN1_/Q	sram_write_enable_c0
69	0.4679	systolic_controll.tpu_done	tpu_done	systolic_controll.tpu_done$_SDFF_PN0_/Q	tpu_done
70	0.4681	tpu_start	systolic_controll.state[I]	tpu_start	systolic_controll.state[0]$_DFF_P_/D
71	0.4805	sram_rdata_dI[J]	systolic.data_queue[I][J]	sram_rdata_d0[10]	systolic.data_queue[16][2]$_SDFFE_PN0P_/D
72	0.4805	sram_rdata_wI[J]	systolic.weight_queue[I][J]	sram_rdata_w0[23]	systolic.weight_queue[1][7]$_SDFFE_PN0P_/D
73	0.4875	systolic_controll.addr_serial_num[I]	systolic_controll.addr_serial_num[I]	systolic_controll.addr_serial_num[1]$_SDFFE_PN0P_/Q	systolic_controll.addr_serial_num[5]$_SDFFE_PN0P_/D
74	0.4892	systolic_controll.matrix_index[I]	systolic_controll.data_set[I]	systolic_controll.matrix_index[3]$_SDFF_PP0_/Q	systolic_controll.data_set[0]$_SDFFE_PN0P_/D
75	0.4989	systolic.is_reset_reg[I]	systolic.matrix_mul_ID[J][K]	systolic.is_reset_reg[15]$_SDFF_PN0_/Q	systolic.matrix_mul_2D[29][12]$_SDFFE_PN0P_/D
76	0.5031	systolic_controll.cycle_num[I]	systolic_controll.matrix_index[I]	systolic_controll.cycle_num[8]$_SDFF_PN0_/QN	systolic_controll.matrix_index[0]$_SDFF_PP0_/D
77	0.5106	systolic_controll.data_set[I]	write_out.sram_waddr_c[I]	systolic_controll.data_set[0]$_SDFFE_PN0P_/Q	write_out.sram_waddr_c[0]$_SDFF_PN0_/D
78	0.5151	systolic_controll.cycle_num[I]	systolic_controll.cycle_num[I]	systolic_controll.cycle_num[1]$_SDFF_PN0_/Q	systolic_controll.cycle_num[8]$_SDFF_PN0_/D
79	0.5157	systolic_controll.data_set[I]	write_out.sram_waddr_a[I]	systolic_controll.data_set[1]$_SDFFE_PN0P_/QN	write_out.sram_waddr_a[0]$_SDFF_PN0_/D
80	0.5242	systolic_controll.data_set[I]	write_out.sram_write_enable_cI	systolic_controll.data_set[0]$_SDFFE_PN0P_/Q	write_out.sram_write_enable_c0$_SDFF_PN1_/D
81	0.5293	systolic_controll.data_set[I]	write_out.sram_write_enable_aI	systolic_controll.data_set[1]$_SDFFE_PN0P_/QN	write_out.sram_write_enable_a0$_SDFF_PN1_/D
82	0.5302	systolic_controll.state[I]	systolic.is_accum_reg[I]	systolic_controll.state[3]$_DFF_P_/Q	systolic.is_accum_reg[23]$_SDFF_PP0_/D
83	0.5351	systolic_controll.state[I]	systolic.data_queue[I][J]	systolic_controll.state[3]$_DFF_P_/Q	systolic.data_queue[55][0]$_SDFFE_PN0P_/D
84	0.5403	systolic_controll.state[I]	systolic.weight_queue[I][J]	systolic_controll.state[3]$_DFF_P_/Q	systolic.weight_queue[0][3]$_SDFFE_PN0P_/D
85	0.5405	systolic_controll.state[I]	systolic_controll.addr_serial_num[I]	systolic_controll.state[3]$_DFF_P_/QN	systolic_controll.addr_serial_num[5]$_SDFFE_PN0P_/D
86	0.5955	systolic_controll.state[I]	systolic_controll.state[I]	systolic_controll.state[3]$_DFF_P_/Q	systolic_controll.state[0]$_DFF_P_/D
87	0.6272	systolic_controll.state[I]	systolic_controll.cycle_num[I]	systolic_controll.state[3]$_DFF_P_/Q	systolic_controll.cycle_num[2]$_SDFF_PN0_/D
88	0.6272	systolic_controll.state[I]	systolic_controll.tpu_done	systolic_controll.state[3]$_DFF_P_/Q	systolic_controll.tpu_done$_SDFF_PN0_/D
89	0.6306	systolic_controll.data_set[I]	systolic_controll.state[I]	systolic_controll.data_set[0]$_SDFFE_PN0P_/Q	systolic_controll.state[3]$_DFF_P_/D
90	0.6356	systolic_controll.state[I]	systolic.is_reset_reg[I]	systolic_controll.state[3]$_DFF_P_/Q	systolic.is_reset_reg[2]$_SDFF_PN0_/D
91	0.6512	systolic_controll.data_set[I]	systolic_controll.tpu_done	systolic_controll.data_set[0]$_SDFFE_PN0P_/Q	systolic_controll.tpu_done$_SDFF_PN0_/D
92	0.6589	systolic_controll.data_set[I]	systolic_controll.data_set[I]	systolic_controll.data_set[1]$_SDFFE_PN0P_/QN	systolic_controll.data_set[1]$_SDFFE_PN0P_/D
93	0.6603	systolic_controll.state[I]	systolic_controll.data_set[I]	systolic_controll.state[3]$_DFF_P_/Q	systolic_controll.data_set[0]$_SDFFE_PN0P_/D
94	0.6983	systolic.data_queue[I][J]	systolic.data_queue[I][J]	systolic.data_queue[41][7]$_SDFFE_PN0P_/Q	systolic.data_queue[41][7]$_SDFFE_PN0P_/D
95	0.7101	systolic_controll.state[I]	systolic_controll.matrix_index[I]	systolic_controll.state[3]$_DFF_P_/QN	systolic_controll.matrix_index[0]$_SDFF_PP0_/D
96	0.7103	systolic.weight_queue[I][J]	systolic.weight_queue[I][J]	systolic.weight_queue[10][7]$_SDFFE_PN0P_/Q	systolic.weight_queue[10][7]$_SDFFE_PN0P_/D
