# stage	1_synth
# top_module	sha512
# top_n	1000
# kind	blocks
# skip_async	1
# include_full	1
# rank	worst_slack_ns	start	end	start_full	end_full
1	-0.2405	address[I]	read_data[I]	address[4]	read_data[29]
2	-0.0775	address[I]	error	address[4]	error
3	0.0969	we	read_data[I]	we	read_data[10]
4	0.1101	cs	read_data[I]	cs	read_data[10]
5	0.2347	we	error	we	error
6	0.2708	cs	error	cs	error
7	0.2718	core.e_reg[I]	core.a_reg[I]	core.e_reg[10]$_DFFE_PN0P_/Q	core.a_reg[63]$_DFFE_PN0P_/D
8	0.2902	core.a_reg[I]	core.a_reg[I]	core.a_reg[38]$_DFFE_PN0P_/Q	core.a_reg[63]$_DFFE_PN0P_/D
9	0.3121	core.f_reg[I]	core.a_reg[I]	core.f_reg[10]$_DFFE_PN0P_/Q	core.a_reg[63]$_DFFE_PN0P_/D
10	0.3190	core.g_reg[I]	core.a_reg[I]	core.g_reg[10]$_DFFE_PN0P_/Q	core.a_reg[63]$_DFFE_PN0P_/D
11	0.3368	core.e_reg[I]	core.e_reg[I]	core.e_reg[33]$_DFFE_PN0P_/Q	core.e_reg[48]$_DFFE_PN0P_/D
12	0.3530	address[I]	block_reg[I][J]	address[3]	block_reg[16][11]$_DFFE_PN0P_/D
13	0.3627	core.c_reg[I]	core.a_reg[I]	core.c_reg[10]$_DFFE_PN0P_/Q	core.a_reg[63]$_DFFE_PN0P_/D
14	0.3635	core.b_reg[I]	core.a_reg[I]	core.b_reg[10]$_DFFE_PN0P_/Q	core.a_reg[63]$_DFFE_PN0P_/D
15	0.3951	core.f_reg[I]	core.e_reg[I]	core.f_reg[19]$_DFFE_PN0P_/Q	core.e_reg[48]$_DFFE_PN0P_/D
16	0.4023	core.g_reg[I]	core.e_reg[I]	core.g_reg[19]$_DFFE_PN0P_/Q	core.e_reg[48]$_DFFE_PN0P_/D
17	0.4247	core.w_mem_inst.w_precomp_reg[I]	core.a_reg[I]	core.w_mem_inst.w_precomp_reg[10]$_DFFE_PN0P_/Q	core.a_reg[63]$_DFFE_PN0P_/D
18	0.4279	address[I]	work_factor_num_reg[I]	address[4]	work_factor_num_reg[10]$_DFFE_PN0P_/D
19	0.4298	core.k_data_reg[I]	core.a_reg[I]	core.k_data_reg[10]$_DFFE_PN0P_/Q	core.a_reg[63]$_DFFE_PN0P_/D
20	0.4815	core.w_mem_inst.w_mem[I][J]	core.w_mem_inst.w_precomp_reg[I]	core.w_mem_inst.w_mem[2][31]$_DFFE_PN0P_/Q	core.w_mem_inst.w_precomp_reg[63]$_DFFE_PN0P_/D
21	0.4857	core.h_reg[I]	core.e_reg[I]	core.h_reg[19]$_DFFE_PN0P_/Q	core.e_reg[48]$_DFFE_PN0P_/D
22	0.4880	core.w_mem_inst.w_precomp_reg[I]	core.e_reg[I]	core.w_mem_inst.w_precomp_reg[19]$_DFFE_PN0P_/Q	core.e_reg[48]$_DFFE_PN0P_/D
23	0.4969	core.d_reg[I]	core.e_reg[I]	core.d_reg[19]$_DFFE_PN0P_/Q	core.e_reg[48]$_DFFE_PN0P_/D
24	0.5010	core.k_data_reg[I]	core.e_reg[I]	core.k_data_reg[19]$_DFFE_PN0P_/Q	core.e_reg[48]$_DFFE_PN0P_/D
25	0.5071	address[I]	work_factor_reg	address[4]	work_factor_reg$_DFFE_PN0P_/D
26	0.5074	address[I]	mode_reg[I]	address[4]	mode_reg[0]$_DFFE_PN1P_/D
27	0.5404	address[I]	init_reg	address[4]	init_reg$_DFF_PN0_/D
28	0.5404	address[I]	next_reg	address[4]	next_reg$_DFF_PN0_/D
29	0.5525	core.w_mem_inst.w_mem[I][J]	core.w_mem_inst.w_mem[I][J]	core.w_mem_inst.w_mem[1][18]$_DFFE_PN0P_/Q	core.w_mem_inst.w_mem[15][55]$_DFFE_PN0P_/D
30	0.5629	block_reg[I][J]	read_data[I]	block_reg[5][3]$_DFFE_PN0P_/Q	read_data[3]
31	0.5710	digest_reg[I]	read_data[I]	digest_reg[269]$_DFFE_PN0P_/Q	read_data[13]
32	0.6134	cs	block_reg[I][J]	cs	block_reg[16][11]$_DFFE_PN0P_/D
33	0.6135	we	block_reg[I][J]	we	block_reg[16][11]$_DFFE_PN0P_/D
34	0.7335	core.h_reg[I]	core.a_reg[I]	core.h_reg[10]$_DFFE_PN0P_/Q	core.a_reg[63]$_DFFE_PN0P_/D
35	0.7582	we	work_factor_num_reg[I]	we	work_factor_num_reg[10]$_DFFE_PN0P_/D
36	0.7584	work_factor_num_reg[I]	read_data[I]	work_factor_num_reg[24]$_DFFE_PN0P_/Q	read_data[24]
37	0.7586	cs	work_factor_num_reg[I]	cs	work_factor_num_reg[10]$_DFFE_PN0P_/D
38	0.7704	init_reg	read_data[I]	init_reg$_DFF_PN0_/Q	read_data[0]
39	0.7717	core.c_reg[I]	core.HI_reg[J]	core.c_reg[4]$_DFFE_PN0P_/Q	core.H2_reg[63]$_DFFE_PN0P_/D
40	0.7785	mode_reg[I]	read_data[I]	mode_reg[0]$_DFFE_PN1P_/Q	read_data[2]
41	0.7798	core.HI_reg[J]	core.HI_reg[J]	core.H2_reg[4]$_DFFE_PN0P_/Q	core.H2_reg[63]$_DFFE_PN0P_/D
42	0.7820	cs	work_factor_reg	cs	work_factor_reg$_DFFE_PN0P_/D
43	0.7824	cs	mode_reg[I]	cs	mode_reg[0]$_DFFE_PN1P_/D
44	0.7827	we	work_factor_reg	we	work_factor_reg$_DFFE_PN0P_/D
45	0.7831	we	mode_reg[I]	we	mode_reg[0]$_DFFE_PN1P_/D
46	0.7881	next_reg	read_data[I]	next_reg$_DFF_PN0_/Q	read_data[1]
47	0.7947	work_factor_reg	read_data[I]	work_factor_reg$_DFFE_PN0P_/Q	read_data[7]
48	0.7947	digest_valid_reg	read_data[I]	digest_valid_reg$_DFF_PN0_/Q	read_data[1]
49	0.7980	core.f_reg[I]	core.HI_reg[J]	core.f_reg[24]$_DFFE_PN0P_/Q	core.H5_reg[63]$_DFFE_PN0P_/D
50	0.8036	ready_reg	read_data[I]	ready_reg$_DFF_PN0_/Q	read_data[0]
51	0.8059	write_data[I]	block_reg[I][J]	write_data[2]	block_reg[0][2]$_DFFE_PN0P_/D
52	0.8063	write_data[I]	mode_reg[I]	write_data[2]	mode_reg[0]$_DFFE_PN1P_/D
53	0.8077	core.b_reg[I]	core.HI_reg[J]	core.b_reg[8]$_DFFE_PN0P_/Q	core.H1_reg[63]$_DFFE_PN0P_/D
54	0.8154	cs	init_reg	cs	init_reg$_DFF_PN0_/D
55	0.8154	cs	next_reg	cs	next_reg$_DFF_PN0_/D
56	0.8161	we	init_reg	we	init_reg$_DFF_PN0_/D
57	0.8161	we	next_reg	we	next_reg$_DFF_PN0_/D
58	0.8330	core.a_reg[I]	core.HI_reg[J]	core.a_reg[28]$_DFFE_PN0P_/Q	core.H0_reg[63]$_DFFE_PN0P_/D
59	0.8355	write_data[I]	init_reg	write_data[0]	init_reg$_DFF_PN0_/D
60	0.8355	write_data[I]	next_reg	write_data[1]	next_reg$_DFF_PN0_/D
61	0.8359	core.d_reg[I]	core.HI_reg[J]	core.d_reg[4]$_DFFE_PN0P_/Q	core.H3_reg[61]$_DFFE_PN0P_/D
62	0.8362	core.g_reg[I]	core.HI_reg[J]	core.g_reg[14]$_DFFE_PN0P_/Q	core.H6_reg[47]$_DFFE_PN0P_/D
63	0.8393	core.h_reg[I]	core.HI_reg[J]	core.h_reg[21]$_DFFE_PN0P_/Q	core.H7_reg[62]$_DFFE_PN0P_/D
64	0.8425	core.e_reg[I]	core.HI_reg[J]	core.e_reg[5]$_DFFE_PN0P_/Q	core.H4_reg[61]$_DFFE_PN0P_/D
65	0.8607	core.work_factor_ctr_reg[I]	core.w_mem_inst.w_mem[I][J]	core.work_factor_ctr_reg[19]$_DFFE_PN0P_/Q	core.w_mem_inst.w_mem[0][10]$_DFFE_PN0P_/D
66	0.8607	core.work_factor_ctr_reg[I]	core.w_mem_inst.w_precomp_reg[I]	core.work_factor_ctr_reg[19]$_DFFE_PN0P_/Q	core.w_mem_inst.w_precomp_reg[12]$_DFFE_PN0P_/D
67	0.8617	write_data[I]	work_factor_reg	write_data[7]	work_factor_reg$_DFFE_PN0P_/D
68	0.8621	write_data[I]	work_factor_num_reg[I]	write_data[0]	work_factor_num_reg[0]$_DFFE_PN0P_/D
69	0.8688	core.work_factor_ctr_reg[I]	core.f_reg[I]	core.work_factor_ctr_reg[19]$_DFFE_PN0P_/Q	core.f_reg[63]$_DFFE_PN0P_/D
70	0.8688	core.work_factor_ctr_reg[I]	core.k_data_reg[I]	core.work_factor_ctr_reg[19]$_DFFE_PN0P_/Q	core.k_data_reg[37]$_DFFE_PN0P_/D
71	0.8689	core.work_factor_ctr_reg[I]	core.a_reg[I]	core.work_factor_ctr_reg[19]$_DFFE_PN0P_/Q	core.a_reg[63]$_DFFE_PN0P_/D
72	0.8726	core.work_factor_ctr_reg[I]	core.b_reg[I]	core.work_factor_ctr_reg[25]$_DFFE_PN0P_/Q	core.b_reg[10]$_DFFE_PN0P_/D
73	0.8753	core.work_factor_ctr_reg[I]	core.w_mem_inst.w_ctr_reg[I]	core.work_factor_ctr_reg[19]$_DFFE_PN0P_/Q	core.w_mem_inst.w_ctr_reg[4]$_DFFE_PN0P_/D
74	0.8776	core.work_factor_ctr_reg[I]	core.g_reg[I]	core.work_factor_ctr_reg[19]$_DFFE_PN0P_/Q	core.g_reg[53]$_DFFE_PN0P_/D
75	0.8776	core.work_factor_ctr_reg[I]	core.h_reg[I]	core.work_factor_ctr_reg[19]$_DFFE_PN0P_/Q	core.h_reg[33]$_DFFE_PN0P_/D
76	0.8777	core.work_factor_ctr_reg[I]	core.c_reg[I]	core.work_factor_ctr_reg[19]$_DFFE_PN0P_/Q	core.c_reg[62]$_DFFE_PN0P_/D
77	0.8777	core.work_factor_ctr_reg[I]	core.d_reg[I]	core.work_factor_ctr_reg[19]$_DFFE_PN0P_/Q	core.d_reg[23]$_DFFE_PN0P_/D
78	0.8777	core.work_factor_ctr_reg[I]	core.e_reg[I]	core.work_factor_ctr_reg[19]$_DFFE_PN0P_/Q	core.e_reg[16]$_DFFE_PN0P_/D
79	0.8848	core.w_mem_inst.w_ctr_reg[I]	core.w_mem_inst.w_precomp_reg[I]	core.w_mem_inst.w_ctr_reg[1]$_DFFE_PN0P_/Q	core.w_mem_inst.w_precomp_reg[31]$_DFFE_PN0P_/D
80	0.8853	core.work_factor_ctr_reg[I]	core.round_ctr_reg[I]	core.work_factor_ctr_reg[19]$_DFFE_PN0P_/Q	core.round_ctr_reg[4]$_DFFE_PN0P_/D
81	0.8924	core.round_ctr_reg[I]	core.k_data_reg[I]	core.round_ctr_reg[1]$_DFFE_PN0P_/Q	core.k_data_reg[5]$_DFFE_PN0P_/D
82	0.8942	work_factor_num_reg[I]	core.b_reg[I]	work_factor_num_reg[25]$_DFFE_PN0P_/QN	core.b_reg[10]$_DFFE_PN0P_/D
83	0.8957	work_factor_num_reg[I]	core.k_data_reg[I]	work_factor_num_reg[25]$_DFFE_PN0P_/QN	core.k_data_reg[63]$_DFFE_PN0P_/D
84	0.8983	core.work_factor_ctr_reg[I]	core.HI_reg[J]	core.work_factor_ctr_reg[25]$_DFFE_PN0P_/Q	core.H1_reg[32]$_DFFE_PN0P_/D
85	0.9006	work_factor_num_reg[I]	core.w_mem_inst.w_precomp_reg[I]	work_factor_num_reg[25]$_DFFE_PN0P_/QN	core.w_mem_inst.w_precomp_reg[11]$_DFFE_PN0P_/D
86	0.9008	work_factor_num_reg[I]	core.a_reg[I]	work_factor_num_reg[25]$_DFFE_PN0P_/QN	core.a_reg[54]$_DFFE_PN0P_/D
87	0.9008	work_factor_num_reg[I]	core.e_reg[I]	work_factor_num_reg[25]$_DFFE_PN0P_/QN	core.e_reg[47]$_DFFE_PN0P_/D
88	0.9008	work_factor_num_reg[I]	core.w_mem_inst.w_mem[I][J]	work_factor_num_reg[25]$_DFFE_PN0P_/QN	core.w_mem_inst.w_mem[0][43]$_DFFE_PN0P_/D
89	0.9010	work_factor_num_reg[I]	core.h_reg[I]	work_factor_num_reg[25]$_DFFE_PN0P_/QN	core.h_reg[22]$_DFFE_PN0P_/D
90	0.9010	work_factor_num_reg[I]	core.g_reg[I]	work_factor_num_reg[25]$_DFFE_PN0P_/QN	core.g_reg[29]$_DFFE_PN0P_/D
91	0.9084	work_factor_num_reg[I]	core.f_reg[I]	work_factor_num_reg[25]$_DFFE_PN0P_/QN	core.f_reg[63]$_DFFE_PN0P_/D
92	0.9086	core.work_factor_ctr_reg[I]	core.digest_valid_reg	core.work_factor_ctr_reg[25]$_DFFE_PN0P_/Q	core.digest_valid_reg$_DFFE_PN0P_/D
93	0.9089	core.work_factor_ctr_reg[I]	core.ready_reg	core.work_factor_ctr_reg[25]$_DFFE_PN0P_/Q	core.ready_reg$_DFFE_PN1P_/D
94	0.9090	work_factor_num_reg[I]	core.d_reg[I]	work_factor_num_reg[25]$_DFFE_PN0P_/QN	core.d_reg[63]$_DFFE_PN0P_/D
95	0.9101	work_factor_num_reg[I]	core.round_ctr_reg[I]	work_factor_num_reg[25]$_DFFE_PN0P_/QN	core.round_ctr_reg[2]$_DFFE_PN0P_/D
96	0.9110	work_factor_num_reg[I]	core.c_reg[I]	work_factor_num_reg[25]$_DFFE_PN0P_/QN	core.c_reg[46]$_DFFE_PN0P_/D
97	0.9199	work_factor_num_reg[I]	core.HI_reg[J]	work_factor_num_reg[25]$_DFFE_PN0P_/QN	core.H1_reg[32]$_DFFE_PN0P_/D
98	0.9256	work_factor_num_reg[I]	core.w_mem_inst.w_ctr_reg[I]	work_factor_num_reg[18]$_DFFE_PN1P_/QN	core.w_mem_inst.w_ctr_reg[4]$_DFFE_PN0P_/D
99	0.9303	work_factor_num_reg[I]	core.digest_valid_reg	work_factor_num_reg[25]$_DFFE_PN0P_/QN	core.digest_valid_reg$_DFFE_PN0P_/D
100	0.9306	work_factor_num_reg[I]	core.ready_reg	work_factor_num_reg[25]$_DFFE_PN0P_/QN	core.ready_reg$_DFFE_PN1P_/D
101	0.9354	core.w_mem_inst.w_ctr_reg[I]	core.w_mem_inst.w_mem[I][J]	core.w_mem_inst.w_ctr_reg[1]$_DFFE_PN0P_/Q	core.w_mem_inst.w_mem[10][14]$_DFFE_PN0P_/D
102	1.0248	core.round_ctr_reg[I]	core.round_ctr_reg[I]	core.round_ctr_reg[1]$_DFFE_PN0P_/Q	core.round_ctr_reg[1]$_DFFE_PN0P_/D
103	1.0364	core.round_ctr_reg[I]	core.work_factor_ctr_reg[I]	core.round_ctr_reg[4]$_DFFE_PN0P_/Q	core.work_factor_ctr_reg[26]$_DFFE_PN0P_/D
104	1.0512	core.shaI_ctrl_reg[J]	core.e_reg[I]	core.sha512_ctrl_reg[2]$_DFF_PN0_/Q	core.e_reg[5]$_DFFE_PN0P_/D
105	1.0512	core.shaI_ctrl_reg[J]	core.w_mem_inst.w_precomp_reg[I]	core.sha512_ctrl_reg[2]$_DFF_PN0_/Q	core.w_mem_inst.w_precomp_reg[31]$_DFFE_PN0P_/D
106	1.0560	core.shaI_ctrl_reg[J]	core.k_data_reg[I]	core.sha512_ctrl_reg[2]$_DFF_PN0_/Q	core.k_data_reg[13]$_DFFE_PN0P_/D
107	1.0561	core.work_factor_ctr_reg[I]	core.work_factor_ctr_reg[I]	core.work_factor_ctr_reg[1]$_DFFE_PN0P_/Q	core.work_factor_ctr_reg[26]$_DFFE_PN0P_/D
108	1.0796	core.work_factor_ctr_reg[I]	core.shaI_ctrl_reg[J]	core.work_factor_ctr_reg[25]$_DFFE_PN0P_/Q	core.sha512_ctrl_reg[0]$_DFF_PN1_/D
109	1.0864	init_reg	core.w_mem_inst.w_ctr_reg[I]	init_reg$_DFF_PN0_/Q	core.w_mem_inst.w_ctr_reg[4]$_DFFE_PN0P_/D
110	1.0915	core.shaI_ctrl_reg[J]	core.w_mem_inst.w_ctr_reg[I]	core.sha512_ctrl_reg[2]$_DFF_PN0_/Q	core.w_mem_inst.w_ctr_reg[3]$_DFFE_PN0P_/D
111	1.0923	init_reg	core.k_data_reg[I]	init_reg$_DFF_PN0_/Q	core.k_data_reg[3]$_DFFE_PN0P_/D
112	1.0928	core.shaI_ctrl_reg[J]	core.a_reg[I]	core.sha512_ctrl_reg[2]$_DFF_PN0_/Q	core.a_reg[27]$_DFFE_PN0P_/D
113	1.0964	init_reg	core.w_mem_inst.w_precomp_reg[I]	init_reg$_DFF_PN0_/Q	core.w_mem_inst.w_precomp_reg[30]$_DFFE_PN0P_/D
114	1.0965	init_reg	core.round_ctr_reg[I]	init_reg$_DFF_PN0_/Q	core.round_ctr_reg[4]$_DFFE_PN0P_/D
115	1.1013	work_factor_num_reg[I]	core.shaI_ctrl_reg[J]	work_factor_num_reg[25]$_DFFE_PN0P_/QN	core.sha512_ctrl_reg[0]$_DFF_PN1_/D
116	1.1014	core.shaI_ctrl_reg[J]	core.w_mem_inst.w_mem[I][J]	core.sha512_ctrl_reg[2]$_DFF_PN0_/Q	core.w_mem_inst.w_mem[10][14]$_DFFE_PN0P_/D
117	1.1027	core.shaI_ctrl_reg[J]	core.b_reg[I]	core.sha512_ctrl_reg[1]$_DFF_PN0_/Q	core.b_reg[10]$_DFFE_PN0P_/D
118	1.1063	next_reg	core.w_mem_inst.w_ctr_reg[I]	next_reg$_DFF_PN0_/Q	core.w_mem_inst.w_ctr_reg[4]$_DFFE_PN0P_/D
119	1.1066	core.shaI_ctrl_reg[J]	core.round_ctr_reg[I]	core.sha512_ctrl_reg[0]$_DFF_PN1_/Q	core.round_ctr_reg[4]$_DFFE_PN0P_/D
120	1.1095	core.shaI_ctrl_reg[J]	core.h_reg[I]	core.sha512_ctrl_reg[1]$_DFF_PN0_/Q	core.h_reg[22]$_DFFE_PN0P_/D
121	1.1095	core.shaI_ctrl_reg[J]	core.g_reg[I]	core.sha512_ctrl_reg[1]$_DFF_PN0_/Q	core.g_reg[29]$_DFFE_PN0P_/D
122	1.1097	core.shaI_ctrl_reg[J]	core.f_reg[I]	core.sha512_ctrl_reg[1]$_DFF_PN0_/Q	core.f_reg[63]$_DFFE_PN0P_/D
123	1.1122	next_reg	core.k_data_reg[I]	next_reg$_DFF_PN0_/Q	core.k_data_reg[3]$_DFFE_PN0P_/D
124	1.1142	core.shaI_ctrl_reg[J]	core.c_reg[I]	core.sha512_ctrl_reg[2]$_DFF_PN0_/Q	core.c_reg[62]$_DFFE_PN0P_/D
125	1.1142	core.shaI_ctrl_reg[J]	core.d_reg[I]	core.sha512_ctrl_reg[2]$_DFF_PN0_/Q	core.d_reg[23]$_DFFE_PN0P_/D
126	1.1162	next_reg	core.w_mem_inst.w_precomp_reg[I]	next_reg$_DFF_PN0_/Q	core.w_mem_inst.w_precomp_reg[30]$_DFFE_PN0P_/D
127	1.1163	next_reg	core.round_ctr_reg[I]	next_reg$_DFF_PN0_/Q	core.round_ctr_reg[4]$_DFFE_PN0P_/D
128	1.1181	init_reg	core.a_reg[I]	init_reg$_DFF_PN0_/Q	core.a_reg[54]$_DFFE_PN0P_/D
129	1.1181	init_reg	core.e_reg[I]	init_reg$_DFF_PN0_/Q	core.e_reg[47]$_DFFE_PN0P_/D
130	1.1181	init_reg	core.w_mem_inst.w_mem[I][J]	init_reg$_DFF_PN0_/Q	core.w_mem_inst.w_mem[0][43]$_DFFE_PN0P_/D
131	1.1225	core.shaI_ctrl_reg[J]	core.work_factor_ctr_reg[I]	core.sha512_ctrl_reg[2]$_DFF_PN0_/Q	core.work_factor_ctr_reg[26]$_DFFE_PN0P_/D
132	1.1259	init_reg	core.b_reg[I]	init_reg$_DFF_PN0_/Q	core.b_reg[0]$_DFFE_PN0P_/D
133	1.1260	init_reg	core.h_reg[I]	init_reg$_DFF_PN0_/Q	core.h_reg[0]$_DFFE_PN0P_/D
134	1.1260	init_reg	core.g_reg[I]	init_reg$_DFF_PN0_/Q	core.g_reg[49]$_DFFE_PN0P_/D
135	1.1262	init_reg	core.d_reg[I]	init_reg$_DFF_PN0_/Q	core.d_reg[63]$_DFFE_PN0P_/D
136	1.1266	init_reg	core.HI_reg[J]	init_reg$_DFF_PN0_/Q	core.H2_reg[63]$_DFFE_PN0P_/D
137	1.1274	core.shaI_ctrl_reg[J]	core.HI_reg[J]	core.sha512_ctrl_reg[0]$_DFF_PN1_/Q	core.H2_reg[63]$_DFFE_PN0P_/D
138	1.1283	init_reg	core.c_reg[I]	init_reg$_DFF_PN0_/Q	core.c_reg[46]$_DFFE_PN0P_/D
139	1.1298	init_reg	core.f_reg[I]	init_reg$_DFF_PN0_/Q	core.f_reg[0]$_DFFE_PN0P_/D
140	1.1309	work_factor_reg	core.w_mem_inst.w_mem[I][J]	work_factor_reg$_DFFE_PN0P_/Q	core.w_mem_inst.w_mem[0][10]$_DFFE_PN0P_/D
141	1.1309	work_factor_reg	core.w_mem_inst.w_precomp_reg[I]	work_factor_reg$_DFFE_PN0P_/Q	core.w_mem_inst.w_precomp_reg[12]$_DFFE_PN0P_/D
142	1.1314	work_factor_reg	core.b_reg[I]	work_factor_reg$_DFFE_PN0P_/Q	core.b_reg[10]$_DFFE_PN0P_/D
143	1.1329	work_factor_reg	core.k_data_reg[I]	work_factor_reg$_DFFE_PN0P_/Q	core.k_data_reg[63]$_DFFE_PN0P_/D
144	1.1380	work_factor_reg	core.a_reg[I]	work_factor_reg$_DFFE_PN0P_/Q	core.a_reg[54]$_DFFE_PN0P_/D
145	1.1380	work_factor_reg	core.e_reg[I]	work_factor_reg$_DFFE_PN0P_/Q	core.e_reg[47]$_DFFE_PN0P_/D
146	1.1382	work_factor_reg	core.h_reg[I]	work_factor_reg$_DFFE_PN0P_/Q	core.h_reg[22]$_DFFE_PN0P_/D
147	1.1382	work_factor_reg	core.g_reg[I]	work_factor_reg$_DFFE_PN0P_/Q	core.g_reg[29]$_DFFE_PN0P_/D
148	1.1382	next_reg	core.a_reg[I]	next_reg$_DFF_PN0_/Q	core.a_reg[54]$_DFFE_PN0P_/D
149	1.1382	next_reg	core.e_reg[I]	next_reg$_DFF_PN0_/Q	core.e_reg[47]$_DFFE_PN0P_/D
150	1.1382	next_reg	core.w_mem_inst.w_mem[I][J]	next_reg$_DFF_PN0_/Q	core.w_mem_inst.w_mem[0][43]$_DFFE_PN0P_/D
151	1.1389	work_factor_reg	core.f_reg[I]	work_factor_reg$_DFFE_PN0P_/Q	core.f_reg[63]$_DFFE_PN0P_/D
152	1.1454	work_factor_reg	core.w_mem_inst.w_ctr_reg[I]	work_factor_reg$_DFFE_PN0P_/Q	core.w_mem_inst.w_ctr_reg[4]$_DFFE_PN0P_/D
153	1.1461	next_reg	core.b_reg[I]	next_reg$_DFF_PN0_/Q	core.b_reg[0]$_DFFE_PN0P_/D
154	1.1461	next_reg	core.h_reg[I]	next_reg$_DFF_PN0_/Q	core.h_reg[0]$_DFFE_PN0P_/D
155	1.1461	next_reg	core.g_reg[I]	next_reg$_DFF_PN0_/Q	core.g_reg[49]$_DFFE_PN0P_/D
156	1.1461	work_factor_reg	core.d_reg[I]	work_factor_reg$_DFFE_PN0P_/Q	core.d_reg[63]$_DFFE_PN0P_/D
157	1.1463	next_reg	core.d_reg[I]	next_reg$_DFF_PN0_/Q	core.d_reg[63]$_DFFE_PN0P_/D
158	1.1473	work_factor_reg	core.round_ctr_reg[I]	work_factor_reg$_DFFE_PN0P_/Q	core.round_ctr_reg[2]$_DFFE_PN0P_/D
159	1.1478	work_factor_reg	core.c_reg[I]	work_factor_reg$_DFFE_PN0P_/Q	core.c_reg[62]$_DFFE_PN0P_/D
160	1.1484	next_reg	core.c_reg[I]	next_reg$_DFF_PN0_/Q	core.c_reg[46]$_DFFE_PN0P_/D
161	1.1500	next_reg	core.f_reg[I]	next_reg$_DFF_PN0_/Q	core.f_reg[0]$_DFFE_PN0P_/D
162	1.1663	mode_reg[I]	core.h_reg[I]	mode_reg[1]$_DFFE_PN1P_/QN	core.h_reg[9]$_DFFE_PN0P_/D
163	1.1665	mode_reg[I]	core.e_reg[I]	mode_reg[1]$_DFFE_PN1P_/QN	core.e_reg[28]$_DFFE_PN0P_/D
164	1.1665	mode_reg[I]	core.f_reg[I]	mode_reg[1]$_DFFE_PN1P_/QN	core.f_reg[22]$_DFFE_PN0P_/D
165	1.1665	mode_reg[I]	core.g_reg[I]	mode_reg[1]$_DFFE_PN1P_/QN	core.g_reg[19]$_DFFE_PN0P_/D
166	1.1696	mode_reg[I]	core.HI_reg[J]	mode_reg[0]$_DFFE_PN1P_/Q	core.H1_reg[44]$_DFFE_PN0P_/D
167	1.1705	mode_reg[I]	core.a_reg[I]	mode_reg[1]$_DFFE_PN1P_/QN	core.a_reg[44]$_DFFE_PN0P_/D
168	1.1705	mode_reg[I]	core.b_reg[I]	mode_reg[1]$_DFFE_PN1P_/QN	core.b_reg[12]$_DFFE_PN0P_/D
169	1.1783	mode_reg[I]	core.c_reg[I]	mode_reg[0]$_DFFE_PN1P_/Q	core.c_reg[16]$_DFFE_PN0P_/D
170	1.1783	mode_reg[I]	core.d_reg[I]	mode_reg[0]$_DFFE_PN1P_/Q	core.d_reg[15]$_DFFE_PN0P_/D
171	1.1968	work_factor_reg	core.HI_reg[J]	work_factor_reg$_DFFE_PN0P_/Q	core.H1_reg[32]$_DFFE_PN0P_/D
172	1.2022	init_reg	core.work_factor_ctr_reg[I]	init_reg$_DFF_PN0_/Q	core.work_factor_ctr_reg[17]$_DFFE_PN0P_/D
173	1.2042	core.shaI_ctrl_reg[J]	core.shaI_ctrl_reg[J]	core.sha512_ctrl_reg[2]$_DFF_PN0_/Q	core.sha512_ctrl_reg[0]$_DFF_PN1_/D
174	1.2071	work_factor_reg	core.digest_valid_reg	work_factor_reg$_DFFE_PN0P_/Q	core.digest_valid_reg$_DFFE_PN0P_/D
175	1.2074	work_factor_reg	core.ready_reg	work_factor_reg$_DFFE_PN0P_/Q	core.ready_reg$_DFFE_PN1P_/D
176	1.2221	next_reg	core.work_factor_ctr_reg[I]	next_reg$_DFF_PN0_/Q	core.work_factor_ctr_reg[17]$_DFFE_PN0P_/D
177	1.2322	core.w_mem_inst.w_ctr_reg[I]	core.w_mem_inst.w_ctr_reg[I]	core.w_mem_inst.w_ctr_reg[1]$_DFFE_PN0P_/Q	core.w_mem_inst.w_ctr_reg[6]$_DFFE_PN0P_/D
178	1.2327	core.shaI_ctrl_reg[J]	core.digest_valid_reg	core.sha512_ctrl_reg[1]$_DFF_PN0_/Q	core.digest_valid_reg$_DFFE_PN0P_/D
179	1.2330	core.shaI_ctrl_reg[J]	core.ready_reg	core.sha512_ctrl_reg[1]$_DFF_PN0_/Q	core.ready_reg$_DFFE_PN1P_/D
180	1.2815	core.digest_valid_reg	digest_reg[I]	core.digest_valid_reg$_DFFE_PN0P_/Q	digest_reg[442]$_DFFE_PN0P_/D
181	1.2850	core.round_ctr_reg[I]	core.shaI_ctrl_reg[J]	core.round_ctr_reg[4]$_DFFE_PN0P_/Q	core.sha512_ctrl_reg[1]$_DFF_PN0_/D
182	1.3155	core.digest_valid_reg	core.digest_valid_reg	core.digest_valid_reg$_DFFE_PN0P_/Q	core.digest_valid_reg$_DFFE_PN0P_/D
183	1.3198	init_reg	core.shaI_ctrl_reg[J]	init_reg$_DFF_PN0_/Q	core.sha512_ctrl_reg[2]$_DFF_PN0_/D
184	1.3210	block_reg[I][J]	core.w_mem_inst.w_precomp_reg[I]	block_reg[0][23]$_DFFE_PN0P_/Q	core.w_mem_inst.w_precomp_reg[55]$_DFFE_PN0P_/D
185	1.3396	next_reg	core.shaI_ctrl_reg[J]	next_reg$_DFF_PN0_/Q	core.sha512_ctrl_reg[2]$_DFF_PN0_/D
186	1.3524	core.HI_reg[J]	core.b_reg[I]	core.H1_reg[1]$_DFFE_PN0P_/Q	core.b_reg[1]$_DFFE_PN0P_/D
187	1.3592	core.HI_reg[J]	core.e_reg[I]	core.H4_reg[37]$_DFFE_PN0P_/Q	core.e_reg[37]$_DFFE_PN0P_/D
188	1.3592	core.HI_reg[J]	core.d_reg[I]	core.H3_reg[0]$_DFFE_PN0P_/Q	core.d_reg[0]$_DFFE_PN0P_/D
189	1.3635	core.HI_reg[J]	core.c_reg[I]	core.H2_reg[51]$_DFFE_PN0P_/Q	core.c_reg[51]$_DFFE_PN0P_/D
190	1.3636	core.HI_reg[J]	core.f_reg[I]	core.H5_reg[40]$_DFFE_PN0P_/Q	core.f_reg[40]$_DFFE_PN0P_/D
191	1.3636	core.HI_reg[J]	core.g_reg[I]	core.H6_reg[37]$_DFFE_PN0P_/Q	core.g_reg[37]$_DFFE_PN0P_/D
192	1.3693	core.w_mem_inst.w_precomp_reg[I]	core.w_mem_inst.w_precomp_reg[I]	core.w_mem_inst.w_precomp_reg[35]$_DFFE_PN0P_/Q	core.w_mem_inst.w_precomp_reg[35]$_DFFE_PN0P_/D
193	1.3758	core.b_reg[I]	core.b_reg[I]	core.b_reg[63]$_DFFE_PN0P_/Q	core.b_reg[63]$_DFFE_PN0P_/D
194	1.3763	init_reg	core.digest_valid_reg	init_reg$_DFF_PN0_/Q	core.digest_valid_reg$_DFFE_PN0P_/D
195	1.3764	core.HI_reg[J]	core.h_reg[I]	core.H7_reg[30]$_DFFE_PN0P_/Q	core.h_reg[30]$_DFFE_PN0P_/D
196	1.3764	core.HI_reg[J]	core.a_reg[I]	core.H0_reg[0]$_DFFE_PN0P_/Q	core.a_reg[0]$_DFFE_PN0P_/D
197	1.3769	init_reg	core.ready_reg	init_reg$_DFF_PN0_/Q	core.ready_reg$_DFFE_PN1P_/D
198	1.3784	block_reg[I][J]	core.w_mem_inst.w_mem[I][J]	block_reg[0][23]$_DFFE_PN0P_/Q	core.w_mem_inst.w_mem[0][55]$_DFFE_PN0P_/D
199	1.3802	core.g_reg[I]	core.g_reg[I]	core.g_reg[63]$_DFFE_PN0P_/Q	core.g_reg[63]$_DFFE_PN0P_/D
200	1.3807	core.c_reg[I]	core.c_reg[I]	core.c_reg[63]$_DFFE_PN0P_/Q	core.c_reg[63]$_DFFE_PN0P_/D
201	1.3943	core.h_reg[I]	core.h_reg[I]	core.h_reg[30]$_DFFE_PN0P_/Q	core.h_reg[30]$_DFFE_PN0P_/D
202	1.3961	next_reg	core.digest_valid_reg	next_reg$_DFF_PN0_/Q	core.digest_valid_reg$_DFFE_PN0P_/D
203	1.3970	next_reg	core.ready_reg	next_reg$_DFF_PN0_/Q	core.ready_reg$_DFFE_PN1P_/D
204	1.4004	core.d_reg[I]	core.d_reg[I]	core.d_reg[0]$_DFFE_PN0P_/Q	core.d_reg[0]$_DFFE_PN0P_/D
205	1.4007	core.f_reg[I]	core.f_reg[I]	core.f_reg[63]$_DFFE_PN0P_/Q	core.f_reg[63]$_DFFE_PN0P_/D
206	1.4050	core.a_reg[I]	core.b_reg[I]	core.a_reg[43]$_DFFE_PN0P_/Q	core.b_reg[43]$_DFFE_PN0P_/D
207	1.4050	core.e_reg[I]	core.f_reg[I]	core.e_reg[43]$_DFFE_PN0P_/Q	core.f_reg[43]$_DFFE_PN0P_/D
208	1.4090	core.k_data_reg[I]	core.k_data_reg[I]	core.k_data_reg[55]$_DFFE_PN0P_/Q	core.k_data_reg[55]$_DFFE_PN0P_/D
209	1.4263	core.b_reg[I]	core.c_reg[I]	core.b_reg[63]$_DFFE_PN0P_/Q	core.c_reg[63]$_DFFE_PN0P_/D
210	1.4327	core.f_reg[I]	core.g_reg[I]	core.f_reg[63]$_DFFE_PN0P_/Q	core.g_reg[63]$_DFFE_PN0P_/D
211	1.4337	core.c_reg[I]	core.d_reg[I]	core.c_reg[63]$_DFFE_PN0P_/Q	core.d_reg[63]$_DFFE_PN0P_/D
212	1.4342	block_reg[I][J]	block_reg[I][J]	block_reg[0][23]$_DFFE_PN0P_/Q	block_reg[0][23]$_DFFE_PN0P_/D
213	1.4348	core.HI_reg[J]	digest_reg[I]	core.H2_reg[63]$_DFFE_PN0P_/Q	digest_reg[383]$_DFFE_PN0P_/D
214	1.4356	core.g_reg[I]	core.h_reg[I]	core.g_reg[63]$_DFFE_PN0P_/Q	core.h_reg[63]$_DFFE_PN0P_/D
215	1.4459	mode_reg[I]	mode_reg[I]	mode_reg[1]$_DFFE_PN1P_/Q	mode_reg[1]$_DFFE_PN1P_/D
216	1.4517	work_factor_reg	core.shaI_ctrl_reg[J]	work_factor_reg$_DFFE_PN0P_/QN	core.sha512_ctrl_reg[0]$_DFF_PN1_/D
217	1.4583	work_factor_reg	work_factor_reg	work_factor_reg$_DFFE_PN0P_/Q	work_factor_reg$_DFFE_PN0P_/D
218	1.4593	work_factor_num_reg[I]	work_factor_num_reg[I]	work_factor_num_reg[0]$_DFFE_PN0P_/Q	work_factor_num_reg[0]$_DFFE_PN0P_/D
219	1.4667	digest_reg[I]	digest_reg[I]	digest_reg[100]$_DFFE_PN0P_/Q	digest_reg[100]$_DFFE_PN0P_/D
220	1.4971	core.ready_reg	core.ready_reg	core.ready_reg$_DFFE_PN1P_/Q	core.ready_reg$_DFFE_PN1P_/D
221	1.5130	core.digest_valid_reg	digest_valid_reg	core.digest_valid_reg$_DFFE_PN0P_/Q	digest_valid_reg$_DFF_PN0_/D
222	1.5241	core.ready_reg	ready_reg	core.ready_reg$_DFFE_PN1P_/Q	ready_reg$_DFF_PN0_/D
