# stage	1_synth
# top_module	sha512
# top_n	1000
# kind	blocks
# skip_async	1
# include_full	1
# rank	worst_slack_ns	start	end	start_full	end_full
1	-0.4695	core.w_mem_inst.w_mem[I][J]	core.a_reg[I]	core.w_mem_inst.w_mem[14][10]$_DFFE_PN0P_/Q	core.a_reg[63]$_DFFE_PN0P_/D
2	-0.3079	core.w_mem_inst.w_mem[I][J]	core.e_reg[I]	core.w_mem_inst.w_mem[14][10]$_DFFE_PN0P_/Q	core.e_reg[62]$_DFFE_PN0P_/D
3	-0.2380	address[I]	read_data[I]	address[4]	read_data[16]
4	-0.1624	core.e_reg[I]	core.e_reg[I]	core.e_reg[31]$_DFFE_PN0P_/Q	core.e_reg[62]$_DFFE_PN0P_/D
5	-0.1197	core.f_reg[I]	core.e_reg[I]	core.f_reg[13]$_DFFE_PN0P_/Q	core.e_reg[62]$_DFFE_PN0P_/D
6	-0.1127	core.g_reg[I]	core.e_reg[I]	core.g_reg[13]$_DFFE_PN0P_/Q	core.e_reg[62]$_DFFE_PN0P_/D
7	-0.1104	address[I]	error	address[4]	error
8	-0.0827	core.w_mem_inst.w_ctr_reg[I]	core.a_reg[I]	core.w_mem_inst.w_ctr_reg[3]$_DFFE_PN0P_/Q	core.a_reg[63]$_DFFE_PN0P_/D
9	-0.0481	core.e_reg[I]	core.a_reg[I]	core.e_reg[31]$_DFFE_PN0P_/Q	core.a_reg[63]$_DFFE_PN0P_/D
10	-0.0197	core.h_reg[I]	core.e_reg[I]	core.h_reg[13]$_DFFE_PN0P_/Q	core.e_reg[62]$_DFFE_PN0P_/D
11	-0.0053	core.f_reg[I]	core.a_reg[I]	core.f_reg[13]$_DFFE_PN0P_/Q	core.a_reg[63]$_DFFE_PN0P_/D
12	0.0016	core.g_reg[I]	core.a_reg[I]	core.g_reg[13]$_DFFE_PN0P_/Q	core.a_reg[63]$_DFFE_PN0P_/D
13	0.0403	core.round_ctr_reg[I]	core.e_reg[I]	core.round_ctr_reg[3]$_DFFE_PN0P_/Q	core.e_reg[62]$_DFFE_PN0P_/D
14	0.0421	core.round_ctr_reg[I]	core.a_reg[I]	core.round_ctr_reg[3]$_DFFE_PN0P_/Q	core.a_reg[63]$_DFFE_PN0P_/D
15	0.0479	core.w_mem_inst.w_ctr_reg[I]	core.e_reg[I]	core.w_mem_inst.w_ctr_reg[3]$_DFFE_PN0P_/Q	core.e_reg[62]$_DFFE_PN0P_/D
16	0.0805	core.h_reg[I]	core.a_reg[I]	core.h_reg[1]$_DFFE_PN0P_/Q	core.a_reg[63]$_DFFE_PN0P_/D
17	0.0908	we	read_data[I]	we	read_data[10]
18	0.1115	cs	read_data[I]	cs	read_data[10]
19	0.2122	we	error	we	error
20	0.2561	cs	error	cs	error
21	0.2994	address[I]	block_reg[I][J]	address[4]	block_reg[15][10]$_DFFE_PN0P_/D
22	0.3071	core.a_reg[I]	core.a_reg[I]	core.a_reg[37]$_DFFE_PN0P_/Q	core.a_reg[63]$_DFFE_PN0P_/D
23	0.3340	address[I]	work_factor_num_reg[I]	address[4]	work_factor_num_reg[10]$_DFFE_PN0P_/D
24	0.3732	core.b_reg[I]	core.a_reg[I]	core.b_reg[9]$_DFFE_PN0P_/Q	core.a_reg[63]$_DFFE_PN0P_/D
25	0.3771	core.c_reg[I]	core.a_reg[I]	core.c_reg[9]$_DFFE_PN0P_/Q	core.a_reg[63]$_DFFE_PN0P_/D
26	0.4578	core.w_mem_inst.w_mem[I][J]	core.w_mem_inst.w_mem[I][J]	core.w_mem_inst.w_mem[14][7]$_DFFE_PN0P_/Q	core.w_mem_inst.w_mem[15][61]$_DFFE_PN0P_/D
27	0.4666	address[I]	work_factor_reg	address[4]	work_factor_reg$_DFFE_PN0P_/D
28	0.4669	address[I]	mode_reg[I]	address[4]	mode_reg[0]$_DFFE_PN1P_/D
29	0.4957	address[I]	init_reg	address[4]	init_reg$_DFF_PN0_/D
30	0.4957	address[I]	next_reg	address[4]	next_reg$_DFF_PN0_/D
31	0.5710	digest_reg[I]	read_data[I]	digest_reg[269]$_DFFE_PN0P_/Q	read_data[13]
32	0.5869	block_reg[I][J]	read_data[I]	block_reg[30][6]$_DFFE_PN0P_/Q	read_data[6]
33	0.6023	we	block_reg[I][J]	we	block_reg[15][10]$_DFFE_PN0P_/D
34	0.6024	cs	block_reg[I][J]	cs	block_reg[15][10]$_DFFE_PN0P_/D
35	0.6450	we	work_factor_num_reg[I]	we	work_factor_num_reg[10]$_DFFE_PN0P_/D
36	0.6659	cs	work_factor_num_reg[I]	cs	work_factor_num_reg[10]$_DFFE_PN0P_/D
37	0.6760	core.d_reg[I]	core.e_reg[I]	core.d_reg[11]$_DFFE_PN0P_/Q	core.e_reg[62]$_DFFE_PN0P_/D
38	0.7432	init_reg	read_data[I]	init_reg$_DFF_PN0_/Q	read_data[0]
39	0.7595	work_factor_num_reg[I]	read_data[I]	work_factor_num_reg[8]$_DFFE_PN0P_/Q	read_data[8]
40	0.7809	ready_reg	read_data[I]	ready_reg$_DFF_PN0_/Q	read_data[0]
41	0.7819	mode_reg[I]	read_data[I]	mode_reg[1]$_DFFE_PN1P_/Q	read_data[3]
42	0.7882	next_reg	read_data[I]	next_reg$_DFF_PN0_/Q	read_data[1]
43	0.7936	digest_valid_reg	read_data[I]	digest_valid_reg$_DFF_PN0_/Q	read_data[1]
44	0.7996	work_factor_reg	read_data[I]	work_factor_reg$_DFFE_PN0P_/Q	read_data[7]
45	0.8016	we	work_factor_reg	we	work_factor_reg$_DFFE_PN0P_/D
46	0.8019	we	mode_reg[I]	we	mode_reg[0]$_DFFE_PN1P_/D
47	0.8033	cs	work_factor_reg	cs	work_factor_reg$_DFFE_PN0P_/D
48	0.8036	write_data[I]	block_reg[I][J]	write_data[0]	block_reg[0][0]$_DFFE_PN0P_/D
49	0.8036	write_data[I]	work_factor_num_reg[I]	write_data[0]	work_factor_num_reg[0]$_DFFE_PN0P_/D
50	0.8037	cs	mode_reg[I]	cs	mode_reg[0]$_DFFE_PN1P_/D
51	0.8084	core.e_reg[I]	core.HI_reg[J]	core.e_reg[4]$_DFFE_PN0P_/Q	core.H4_reg[63]$_DFFE_PN0P_/D
52	0.8105	core.HI_reg[J]	core.HI_reg[J]	core.H4_reg[0]$_DFFE_PN0P_/Q	core.H4_reg[48]$_DFFE_PN0P_/D
53	0.8188	core.g_reg[I]	core.HI_reg[J]	core.g_reg[11]$_DFFE_PN0P_/Q	core.H6_reg[60]$_DFFE_PN0P_/D
54	0.8285	core.b_reg[I]	core.HI_reg[J]	core.b_reg[10]$_DFFE_PN0P_/Q	core.H1_reg[47]$_DFFE_PN0P_/D
55	0.8291	core.f_reg[I]	core.HI_reg[J]	core.f_reg[6]$_DFFE_PN0P_/Q	core.H5_reg[57]$_DFFE_PN0P_/D
56	0.8294	core.a_reg[I]	core.HI_reg[J]	core.a_reg[24]$_DFFE_PN0P_/Q	core.H0_reg[61]$_DFFE_PN0P_/D
57	0.8306	core.d_reg[I]	core.HI_reg[J]	core.d_reg[15]$_DFFE_PN0P_/Q	core.H3_reg[57]$_DFFE_PN0P_/D
58	0.8307	we	init_reg	we	init_reg$_DFF_PN0_/D
59	0.8307	we	next_reg	we	next_reg$_DFF_PN0_/D
60	0.8325	cs	init_reg	cs	init_reg$_DFF_PN0_/D
61	0.8325	cs	next_reg	cs	next_reg$_DFF_PN0_/D
62	0.8400	write_data[I]	init_reg	write_data[0]	init_reg$_DFF_PN0_/D
63	0.8400	write_data[I]	next_reg	write_data[1]	next_reg$_DFF_PN0_/D
64	0.8467	core.h_reg[I]	core.HI_reg[J]	core.h_reg[9]$_DFFE_PN0P_/Q	core.H7_reg[50]$_DFFE_PN0P_/D
65	0.8531	core.c_reg[I]	core.HI_reg[J]	core.c_reg[9]$_DFFE_PN0P_/Q	core.H2_reg[63]$_DFFE_PN0P_/D
66	0.8621	write_data[I]	work_factor_reg	write_data[7]	work_factor_reg$_DFFE_PN0P_/D
67	0.8624	write_data[I]	mode_reg[I]	write_data[2]	mode_reg[0]$_DFFE_PN1P_/D
68	0.9053	core.work_factor_ctr_reg[I]	core.a_reg[I]	core.work_factor_ctr_reg[13]$_DFFE_PN0P_/Q	core.a_reg[62]$_DFFE_PN0P_/D
69	0.9101	core.work_factor_ctr_reg[I]	core.HI_reg[J]	core.work_factor_ctr_reg[13]$_DFFE_PN0P_/Q	core.H1_reg[11]$_DFFE_PN0P_/D
70	0.9116	core.work_factor_ctr_reg[I]	core.e_reg[I]	core.work_factor_ctr_reg[13]$_DFFE_PN0P_/Q	core.e_reg[51]$_DFFE_PN0P_/D
71	0.9116	core.work_factor_ctr_reg[I]	core.g_reg[I]	core.work_factor_ctr_reg[13]$_DFFE_PN0P_/Q	core.g_reg[29]$_DFFE_PN0P_/D
72	0.9116	core.work_factor_ctr_reg[I]	core.h_reg[I]	core.work_factor_ctr_reg[13]$_DFFE_PN0P_/Q	core.h_reg[22]$_DFFE_PN0P_/D
73	0.9116	core.work_factor_ctr_reg[I]	core.b_reg[I]	core.work_factor_ctr_reg[13]$_DFFE_PN0P_/Q	core.b_reg[10]$_DFFE_PN0P_/D
74	0.9126	core.work_factor_ctr_reg[I]	core.c_reg[I]	core.work_factor_ctr_reg[13]$_DFFE_PN0P_/Q	core.c_reg[12]$_DFFE_PN0P_/D
75	0.9203	work_factor_num_reg[I]	core.a_reg[I]	work_factor_num_reg[9]$_DFFE_PN0P_/QN	core.a_reg[62]$_DFFE_PN0P_/D
76	0.9205	core.work_factor_ctr_reg[I]	core.w_mem_inst.w_ctr_reg[I]	core.work_factor_ctr_reg[13]$_DFFE_PN0P_/Q	core.w_mem_inst.w_ctr_reg[4]$_DFFE_PN0P_/D
77	0.9205	core.work_factor_ctr_reg[I]	core.w_mem_inst.w_mem[I][J]	core.work_factor_ctr_reg[17]$_DFFE_PN0P_/Q	core.w_mem_inst.w_mem[0][0]$_DFFE_PN0P_/D
78	0.9227	core.work_factor_ctr_reg[I]	core.round_ctr_reg[I]	core.work_factor_ctr_reg[13]$_DFFE_PN0P_/Q	core.round_ctr_reg[6]$_DFFE_PN0P_/D
79	0.9252	work_factor_num_reg[I]	core.HI_reg[J]	work_factor_num_reg[9]$_DFFE_PN0P_/QN	core.H1_reg[11]$_DFFE_PN0P_/D
80	0.9267	work_factor_num_reg[I]	core.e_reg[I]	work_factor_num_reg[9]$_DFFE_PN0P_/QN	core.e_reg[51]$_DFFE_PN0P_/D
81	0.9267	work_factor_num_reg[I]	core.g_reg[I]	work_factor_num_reg[9]$_DFFE_PN0P_/QN	core.g_reg[29]$_DFFE_PN0P_/D
82	0.9267	work_factor_num_reg[I]	core.h_reg[I]	work_factor_num_reg[9]$_DFFE_PN0P_/QN	core.h_reg[22]$_DFFE_PN0P_/D
83	0.9267	work_factor_num_reg[I]	core.b_reg[I]	work_factor_num_reg[9]$_DFFE_PN0P_/QN	core.b_reg[10]$_DFFE_PN0P_/D
84	0.9276	work_factor_num_reg[I]	core.c_reg[I]	work_factor_num_reg[9]$_DFFE_PN0P_/QN	core.c_reg[12]$_DFFE_PN0P_/D
85	0.9321	core.work_factor_ctr_reg[I]	core.d_reg[I]	core.work_factor_ctr_reg[13]$_DFFE_PN0P_/Q	core.d_reg[10]$_DFFE_PN0P_/D
86	0.9354	core.work_factor_ctr_reg[I]	core.f_reg[I]	core.work_factor_ctr_reg[13]$_DFFE_PN0P_/Q	core.f_reg[63]$_DFFE_PN0P_/D
87	0.9355	work_factor_num_reg[I]	core.w_mem_inst.w_ctr_reg[I]	work_factor_num_reg[9]$_DFFE_PN0P_/QN	core.w_mem_inst.w_ctr_reg[4]$_DFFE_PN0P_/D
88	0.9362	core.work_factor_ctr_reg[I]	core.digest_valid_reg	core.work_factor_ctr_reg[13]$_DFFE_PN0P_/Q	core.digest_valid_reg$_DFFE_PN0P_/D
89	0.9365	core.work_factor_ctr_reg[I]	core.ready_reg	core.work_factor_ctr_reg[13]$_DFFE_PN0P_/Q	core.ready_reg$_DFFE_PN1P_/D
90	0.9378	work_factor_num_reg[I]	core.round_ctr_reg[I]	work_factor_num_reg[9]$_DFFE_PN0P_/QN	core.round_ctr_reg[6]$_DFFE_PN0P_/D
91	0.9471	work_factor_num_reg[I]	core.d_reg[I]	work_factor_num_reg[9]$_DFFE_PN0P_/QN	core.d_reg[10]$_DFFE_PN0P_/D
92	0.9504	work_factor_num_reg[I]	core.f_reg[I]	work_factor_num_reg[9]$_DFFE_PN0P_/QN	core.f_reg[63]$_DFFE_PN0P_/D
93	0.9512	work_factor_num_reg[I]	core.digest_valid_reg	work_factor_num_reg[9]$_DFFE_PN0P_/QN	core.digest_valid_reg$_DFFE_PN0P_/D
94	0.9515	work_factor_num_reg[I]	core.ready_reg	work_factor_num_reg[9]$_DFFE_PN0P_/QN	core.ready_reg$_DFFE_PN1P_/D
95	0.9531	work_factor_num_reg[I]	core.w_mem_inst.w_mem[I][J]	work_factor_num_reg[25]$_DFFE_PN0P_/QN	core.w_mem_inst.w_mem[0][0]$_DFFE_PN0P_/D
96	0.9780	core.round_ctr_reg[I]	core.work_factor_ctr_reg[I]	core.round_ctr_reg[5]$_DFFE_PN0P_/Q	core.work_factor_ctr_reg[31]$_DFFE_PN0P_/D
97	1.0279	core.round_ctr_reg[I]	core.round_ctr_reg[I]	core.round_ctr_reg[3]$_DFFE_PN0P_/Q	core.round_ctr_reg[5]$_DFFE_PN0P_/D
98	1.0293	core.work_factor_ctr_reg[I]	core.shaI_ctrl_reg[J]	core.work_factor_ctr_reg[13]$_DFFE_PN0P_/Q	core.sha512_ctrl_reg[0]$_DFF_PN1_/D
99	1.0444	work_factor_num_reg[I]	core.shaI_ctrl_reg[J]	work_factor_num_reg[9]$_DFFE_PN0P_/QN	core.sha512_ctrl_reg[0]$_DFF_PN1_/D
100	1.0473	core.w_mem_inst.w_ctr_reg[I]	core.w_mem_inst.w_mem[I][J]	core.w_mem_inst.w_ctr_reg[2]$_DFFE_PN0P_/Q	core.w_mem_inst.w_mem[10][10]$_DFFE_PN0P_/D
101	1.0721	init_reg	core.w_mem_inst.w_mem[I][J]	init_reg$_DFF_PN0_/Q	core.w_mem_inst.w_mem[0][0]$_DFFE_PN0P_/D
102	1.0878	core.work_factor_ctr_reg[I]	core.work_factor_ctr_reg[I]	core.work_factor_ctr_reg[1]$_DFFE_PN0P_/Q	core.work_factor_ctr_reg[31]$_DFFE_PN0P_/D
103	1.0908	next_reg	core.w_mem_inst.w_mem[I][J]	next_reg$_DFF_PN0_/Q	core.w_mem_inst.w_mem[0][0]$_DFFE_PN0P_/D
104	1.0933	init_reg	core.e_reg[I]	init_reg$_DFF_PN0_/Q	core.e_reg[63]$_DFFE_PN0P_/D
105	1.0933	init_reg	core.g_reg[I]	init_reg$_DFF_PN0_/Q	core.g_reg[63]$_DFFE_PN0P_/D
106	1.1001	core.shaI_ctrl_reg[J]	core.w_mem_inst.w_mem[I][J]	core.sha512_ctrl_reg[0]$_DFF_PN1_/Q	core.w_mem_inst.w_mem[0][0]$_DFFE_PN0P_/D
107	1.1025	core.shaI_ctrl_reg[J]	core.work_factor_ctr_reg[I]	core.sha512_ctrl_reg[2]$_DFF_PN0_/Q	core.work_factor_ctr_reg[31]$_DFFE_PN0P_/D
108	1.1046	init_reg	core.h_reg[I]	init_reg$_DFF_PN0_/Q	core.h_reg[44]$_DFFE_PN0P_/D
109	1.1046	init_reg	core.a_reg[I]	init_reg$_DFF_PN0_/Q	core.a_reg[60]$_DFFE_PN0P_/D
110	1.1046	init_reg	core.d_reg[I]	init_reg$_DFF_PN0_/Q	core.d_reg[23]$_DFFE_PN0P_/D
111	1.1119	next_reg	core.e_reg[I]	next_reg$_DFF_PN0_/Q	core.e_reg[63]$_DFFE_PN0P_/D
112	1.1119	next_reg	core.g_reg[I]	next_reg$_DFF_PN0_/Q	core.g_reg[63]$_DFFE_PN0P_/D
113	1.1212	core.shaI_ctrl_reg[J]	core.e_reg[I]	core.sha512_ctrl_reg[0]$_DFF_PN1_/Q	core.e_reg[63]$_DFFE_PN0P_/D
114	1.1212	core.shaI_ctrl_reg[J]	core.g_reg[I]	core.sha512_ctrl_reg[0]$_DFF_PN1_/Q	core.g_reg[63]$_DFFE_PN0P_/D
115	1.1218	work_factor_reg	core.b_reg[I]	work_factor_reg$_DFFE_PN0P_/Q	core.b_reg[10]$_DFFE_PN0P_/D
116	1.1218	work_factor_reg	core.g_reg[I]	work_factor_reg$_DFFE_PN0P_/Q	core.g_reg[29]$_DFFE_PN0P_/D
117	1.1218	work_factor_reg	core.h_reg[I]	work_factor_reg$_DFFE_PN0P_/Q	core.h_reg[22]$_DFFE_PN0P_/D
118	1.1232	next_reg	core.h_reg[I]	next_reg$_DFF_PN0_/Q	core.h_reg[44]$_DFFE_PN0P_/D
119	1.1233	next_reg	core.a_reg[I]	next_reg$_DFF_PN0_/Q	core.a_reg[60]$_DFFE_PN0P_/D
120	1.1233	next_reg	core.d_reg[I]	next_reg$_DFF_PN0_/Q	core.d_reg[23]$_DFFE_PN0P_/D
121	1.1234	work_factor_reg	core.w_mem_inst.w_mem[I][J]	work_factor_reg$_DFFE_PN0P_/Q	core.w_mem_inst.w_mem[0][0]$_DFFE_PN0P_/D
122	1.1248	work_factor_reg	core.c_reg[I]	work_factor_reg$_DFFE_PN0P_/Q	core.c_reg[12]$_DFFE_PN0P_/D
123	1.1269	init_reg	core.w_mem_inst.w_ctr_reg[I]	init_reg$_DFF_PN0_/Q	core.w_mem_inst.w_ctr_reg[6]$_DFFE_PN0P_/D
124	1.1310	core.shaI_ctrl_reg[J]	core.HI_reg[J]	core.sha512_ctrl_reg[0]$_DFF_PN1_/Q	core.H1_reg[11]$_DFFE_PN0P_/D
125	1.1319	init_reg	core.b_reg[I]	init_reg$_DFF_PN0_/Q	core.b_reg[10]$_DFFE_PN0P_/D
126	1.1325	core.shaI_ctrl_reg[J]	core.h_reg[I]	core.sha512_ctrl_reg[0]$_DFF_PN1_/Q	core.h_reg[44]$_DFFE_PN0P_/D
127	1.1326	core.shaI_ctrl_reg[J]	core.a_reg[I]	core.sha512_ctrl_reg[0]$_DFF_PN1_/Q	core.a_reg[60]$_DFFE_PN0P_/D
128	1.1326	core.shaI_ctrl_reg[J]	core.d_reg[I]	core.sha512_ctrl_reg[0]$_DFF_PN1_/Q	core.d_reg[23]$_DFFE_PN0P_/D
129	1.1332	init_reg	core.f_reg[I]	init_reg$_DFF_PN0_/Q	core.f_reg[31]$_DFFE_PN0P_/D
130	1.1337	init_reg	core.HI_reg[J]	init_reg$_DFF_PN0_/Q	core.H1_reg[11]$_DFFE_PN0P_/D
131	1.1375	init_reg	core.c_reg[I]	init_reg$_DFF_PN0_/Q	core.c_reg[12]$_DFFE_PN0P_/D
132	1.1422	mode_reg[I]	core.HI_reg[J]	mode_reg[1]$_DFFE_PN1P_/QN	core.H3_reg[63]$_DFFE_PN0P_/D
133	1.1429	work_factor_reg	core.a_reg[I]	work_factor_reg$_DFFE_PN0P_/Q	core.a_reg[62]$_DFFE_PN0P_/D
134	1.1447	work_factor_reg	core.d_reg[I]	work_factor_reg$_DFFE_PN0P_/Q	core.d_reg[23]$_DFFE_PN0P_/D
135	1.1447	work_factor_reg	core.e_reg[I]	work_factor_reg$_DFFE_PN0P_/Q	core.e_reg[16]$_DFFE_PN0P_/D
136	1.1452	core.shaI_ctrl_reg[J]	core.b_reg[I]	core.sha512_ctrl_reg[0]$_DFF_PN1_/Q	core.b_reg[3]$_DFFE_PN0P_/D
137	1.1452	core.shaI_ctrl_reg[J]	core.c_reg[I]	core.sha512_ctrl_reg[0]$_DFF_PN1_/Q	core.c_reg[31]$_DFFE_PN0P_/D
138	1.1452	core.shaI_ctrl_reg[J]	core.f_reg[I]	core.sha512_ctrl_reg[0]$_DFF_PN1_/Q	core.f_reg[14]$_DFFE_PN0P_/D
139	1.1455	next_reg	core.w_mem_inst.w_ctr_reg[I]	next_reg$_DFF_PN0_/Q	core.w_mem_inst.w_ctr_reg[6]$_DFFE_PN0P_/D
140	1.1501	work_factor_reg	core.HI_reg[J]	work_factor_reg$_DFFE_PN0P_/Q	core.H1_reg[11]$_DFFE_PN0P_/D
141	1.1506	next_reg	core.b_reg[I]	next_reg$_DFF_PN0_/Q	core.b_reg[10]$_DFFE_PN0P_/D
142	1.1507	mode_reg[I]	core.a_reg[I]	mode_reg[1]$_DFFE_PN1P_/QN	core.a_reg[61]$_DFFE_PN0P_/D
143	1.1508	mode_reg[I]	core.c_reg[I]	mode_reg[1]$_DFFE_PN1P_/QN	core.c_reg[27]$_DFFE_PN0P_/D
144	1.1508	mode_reg[I]	core.f_reg[I]	mode_reg[1]$_DFFE_PN1P_/QN	core.f_reg[13]$_DFFE_PN0P_/D
145	1.1509	mode_reg[I]	core.d_reg[I]	mode_reg[1]$_DFFE_PN1P_/QN	core.d_reg[13]$_DFFE_PN0P_/D
146	1.1518	next_reg	core.f_reg[I]	next_reg$_DFF_PN0_/Q	core.f_reg[31]$_DFFE_PN0P_/D
147	1.1548	core.shaI_ctrl_reg[J]	core.w_mem_inst.w_ctr_reg[I]	core.sha512_ctrl_reg[0]$_DFF_PN1_/Q	core.w_mem_inst.w_ctr_reg[6]$_DFFE_PN0P_/D
148	1.1561	next_reg	core.c_reg[I]	next_reg$_DFF_PN0_/Q	core.c_reg[12]$_DFFE_PN0P_/D
149	1.1581	work_factor_reg	core.w_mem_inst.w_ctr_reg[I]	work_factor_reg$_DFFE_PN0P_/Q	core.w_mem_inst.w_ctr_reg[4]$_DFFE_PN0P_/D
150	1.1588	core.shaI_ctrl_reg[J]	core.round_ctr_reg[I]	core.sha512_ctrl_reg[1]$_DFF_PN0_/Q	core.round_ctr_reg[6]$_DFFE_PN0P_/D
151	1.1603	work_factor_reg	core.round_ctr_reg[I]	work_factor_reg$_DFFE_PN0P_/Q	core.round_ctr_reg[6]$_DFFE_PN0P_/D
152	1.1659	mode_reg[I]	core.e_reg[I]	mode_reg[1]$_DFFE_PN1P_/Q	core.e_reg[48]$_DFFE_PN0P_/D
153	1.1674	init_reg	core.round_ctr_reg[I]	init_reg$_DFF_PN0_/Q	core.round_ctr_reg[6]$_DFFE_PN0P_/D
154	1.1729	work_factor_reg	core.f_reg[I]	work_factor_reg$_DFFE_PN0P_/Q	core.f_reg[31]$_DFFE_PN0P_/D
155	1.1761	mode_reg[I]	core.b_reg[I]	mode_reg[0]$_DFFE_PN1P_/Q	core.b_reg[27]$_DFFE_PN0P_/D
156	1.1762	work_factor_reg	core.digest_valid_reg	work_factor_reg$_DFFE_PN0P_/Q	core.digest_valid_reg$_DFFE_PN0P_/D
157	1.1765	work_factor_reg	core.ready_reg	work_factor_reg$_DFFE_PN0P_/Q	core.ready_reg$_DFFE_PN1P_/D
158	1.1772	mode_reg[I]	core.g_reg[I]	mode_reg[1]$_DFFE_PN1P_/Q	core.g_reg[20]$_DFFE_PN0P_/D
159	1.1772	mode_reg[I]	core.h_reg[I]	mode_reg[1]$_DFFE_PN1P_/Q	core.h_reg[9]$_DFFE_PN0P_/D
160	1.1855	next_reg	core.round_ctr_reg[I]	next_reg$_DFF_PN0_/Q	core.round_ctr_reg[6]$_DFFE_PN0P_/D
161	1.1868	init_reg	core.work_factor_ctr_reg[I]	init_reg$_DFF_PN0_/Q	core.work_factor_ctr_reg[17]$_DFFE_PN0P_/D
162	1.2055	next_reg	core.work_factor_ctr_reg[I]	next_reg$_DFF_PN0_/Q	core.work_factor_ctr_reg[17]$_DFFE_PN0P_/D
163	1.2254	core.shaI_ctrl_reg[J]	core.digest_valid_reg	core.sha512_ctrl_reg[1]$_DFF_PN0_/Q	core.digest_valid_reg$_DFFE_PN0P_/D
164	1.2257	core.shaI_ctrl_reg[J]	core.ready_reg	core.sha512_ctrl_reg[1]$_DFF_PN0_/Q	core.ready_reg$_DFFE_PN1P_/D
165	1.2599	core.round_ctr_reg[I]	core.shaI_ctrl_reg[J]	core.round_ctr_reg[5]$_DFFE_PN0P_/Q	core.sha512_ctrl_reg[0]$_DFF_PN1_/D
166	1.2665	core.shaI_ctrl_reg[J]	core.shaI_ctrl_reg[J]	core.sha512_ctrl_reg[2]$_DFF_PN0_/Q	core.sha512_ctrl_reg[0]$_DFF_PN1_/D
167	1.2815	core.digest_valid_reg	digest_reg[I]	core.digest_valid_reg$_DFFE_PN0P_/Q	digest_reg[442]$_DFFE_PN0P_/D
168	1.3008	core.w_mem_inst.w_ctr_reg[I]	core.w_mem_inst.w_ctr_reg[I]	core.w_mem_inst.w_ctr_reg[1]$_DFFE_PN0P_/Q	core.w_mem_inst.w_ctr_reg[6]$_DFFE_PN0P_/D
169	1.3101	core.digest_valid_reg	core.digest_valid_reg	core.digest_valid_reg$_DFFE_PN0P_/Q	core.digest_valid_reg$_DFFE_PN0P_/D
170	1.3117	init_reg	core.shaI_ctrl_reg[J]	init_reg$_DFF_PN0_/Q	core.sha512_ctrl_reg[2]$_DFF_PN0_/D
171	1.3304	next_reg	core.shaI_ctrl_reg[J]	next_reg$_DFF_PN0_/Q	core.sha512_ctrl_reg[2]$_DFF_PN0_/D
172	1.3518	core.HI_reg[J]	core.h_reg[I]	core.H7_reg[60]$_DFFE_PN0P_/Q	core.h_reg[60]$_DFFE_PN0P_/D
173	1.3524	core.HI_reg[J]	core.b_reg[I]	core.H1_reg[1]$_DFFE_PN0P_/Q	core.b_reg[1]$_DFFE_PN0P_/D
174	1.3587	core.HI_reg[J]	core.a_reg[I]	core.H0_reg[55]$_DFFE_PN0P_/Q	core.a_reg[55]$_DFFE_PN0P_/D
175	1.3592	core.HI_reg[J]	core.e_reg[I]	core.H4_reg[29]$_DFFE_PN0P_/Q	core.e_reg[29]$_DFFE_PN0P_/D
176	1.3592	core.HI_reg[J]	core.f_reg[I]	core.H5_reg[57]$_DFFE_PN0P_/Q	core.f_reg[57]$_DFFE_PN0P_/D
177	1.3592	core.HI_reg[J]	core.d_reg[I]	core.H3_reg[0]$_DFFE_PN0P_/Q	core.d_reg[0]$_DFFE_PN0P_/D
178	1.3635	core.HI_reg[J]	core.c_reg[I]	core.H2_reg[53]$_DFFE_PN0P_/Q	core.c_reg[53]$_DFFE_PN0P_/D
179	1.3732	init_reg	core.digest_valid_reg	init_reg$_DFF_PN0_/Q	core.digest_valid_reg$_DFFE_PN0P_/D
180	1.3737	core.f_reg[I]	core.f_reg[I]	core.f_reg[63]$_DFFE_PN0P_/Q	core.f_reg[63]$_DFFE_PN0P_/D
181	1.3752	init_reg	core.ready_reg	init_reg$_DFF_PN0_/Q	core.ready_reg$_DFFE_PN1P_/D
182	1.3764	core.HI_reg[J]	core.g_reg[I]	core.H6_reg[17]$_DFFE_PN0P_/Q	core.g_reg[17]$_DFFE_PN0P_/D
183	1.3838	work_factor_reg	core.shaI_ctrl_reg[J]	work_factor_reg$_DFFE_PN0P_/QN	core.sha512_ctrl_reg[0]$_DFF_PN1_/D
184	1.3919	next_reg	core.digest_valid_reg	next_reg$_DFF_PN0_/Q	core.digest_valid_reg$_DFFE_PN0P_/D
185	1.3923	core.b_reg[I]	core.b_reg[I]	core.b_reg[1]$_DFFE_PN0P_/Q	core.b_reg[1]$_DFFE_PN0P_/D
186	1.3930	core.g_reg[I]	core.g_reg[I]	core.g_reg[16]$_DFFE_PN0P_/Q	core.g_reg[16]$_DFFE_PN0P_/D
187	1.3939	next_reg	core.ready_reg	next_reg$_DFF_PN0_/Q	core.ready_reg$_DFFE_PN1P_/D
188	1.3954	core.h_reg[I]	core.h_reg[I]	core.h_reg[63]$_DFFE_PN0P_/Q	core.h_reg[63]$_DFFE_PN0P_/D
189	1.3981	core.c_reg[I]	core.c_reg[I]	core.c_reg[45]$_DFFE_PN0P_/Q	core.c_reg[45]$_DFFE_PN0P_/D
190	1.3991	core.d_reg[I]	core.d_reg[I]	core.d_reg[0]$_DFFE_PN0P_/Q	core.d_reg[0]$_DFFE_PN0P_/D
191	1.4049	core.a_reg[I]	core.b_reg[I]	core.a_reg[10]$_DFFE_PN0P_/Q	core.b_reg[10]$_DFFE_PN0P_/D
192	1.4070	block_reg[I][J]	core.w_mem_inst.w_mem[I][J]	block_reg[0][31]$_DFFE_PN0P_/Q	core.w_mem_inst.w_mem[0][63]$_DFFE_PN0P_/D
193	1.4124	core.e_reg[I]	core.f_reg[I]	core.e_reg[1]$_DFFE_PN0P_/Q	core.f_reg[1]$_DFFE_PN0P_/D
194	1.4293	core.f_reg[I]	core.g_reg[I]	core.f_reg[63]$_DFFE_PN0P_/Q	core.g_reg[63]$_DFFE_PN0P_/D
195	1.4299	core.HI_reg[J]	digest_reg[I]	core.H7_reg[63]$_DFFE_PN0P_/Q	digest_reg[63]$_DFFE_PN0P_/D
196	1.4318	core.b_reg[I]	core.c_reg[I]	core.b_reg[63]$_DFFE_PN0P_/Q	core.c_reg[63]$_DFFE_PN0P_/D
197	1.4456	mode_reg[I]	mode_reg[I]	mode_reg[1]$_DFFE_PN1P_/Q	mode_reg[1]$_DFFE_PN1P_/D
198	1.4461	core.g_reg[I]	core.h_reg[I]	core.g_reg[22]$_DFFE_PN0P_/Q	core.h_reg[22]$_DFFE_PN0P_/D
199	1.4483	core.c_reg[I]	core.d_reg[I]	core.c_reg[1]$_DFFE_PN0P_/Q	core.d_reg[1]$_DFFE_PN0P_/D
200	1.4584	work_factor_num_reg[I]	work_factor_num_reg[I]	work_factor_num_reg[0]$_DFFE_PN0P_/Q	work_factor_num_reg[0]$_DFFE_PN0P_/D
201	1.4629	work_factor_reg	work_factor_reg	work_factor_reg$_DFFE_PN0P_/Q	work_factor_reg$_DFFE_PN0P_/D
202	1.4629	block_reg[I][J]	block_reg[I][J]	block_reg[31][24]$_DFFE_PN0P_/Q	block_reg[31][24]$_DFFE_PN0P_/D
203	1.4667	digest_reg[I]	digest_reg[I]	digest_reg[100]$_DFFE_PN0P_/Q	digest_reg[100]$_DFFE_PN0P_/D
204	1.4901	core.ready_reg	core.ready_reg	core.ready_reg$_DFFE_PN1P_/Q	core.ready_reg$_DFFE_PN1P_/D
205	1.5130	core.digest_valid_reg	digest_valid_reg	core.digest_valid_reg$_DFFE_PN0P_/Q	digest_valid_reg$_DFF_PN0_/D
206	1.5238	core.ready_reg	ready_reg	core.ready_reg$_DFFE_PN1P_/Q	ready_reg$_DFF_PN0_/D
