# stage	1_synth
# top_module	RsDecodeTop
# top_n	1000
# kind	blocks
# skip_async	1
# include_full	1
# rank	worst_slack_ns	start	end	start_full	end_full
1	-0.2423	nzOmega_I	degreeOmegaReg[I]	nzOmega_9$_DFFE_PN0P_/Q	degreeOmegaReg[2]$_DFFE_PN0P_/D
2	-0.2416	nzLambda_I	degreeLambdaReg[I]	nzLambda_9$_DFFE_PN0P_/Q	degreeLambdaReg[1]$_DFFE_PN0P_/D
3	-0.0011	enable	RsDecodeChien.epsilonReg_I[J]	enable	RsDecodeChien.epsilonReg_12[1]$_DFFE_PN0P_/D
4	-0.0011	enable	RsDecodeChien.lambdaReg_I[J]	enable	RsDecodeChien.lambdaReg_12[1]$_DFFE_PN0P_/D
5	-0.0011	enable	RsDecodeChien.omegaReg_I[J]	enable	RsDecodeChien.omegaReg_10[7]$_DFFE_PN0P_/D
6	0.0029	RsDecodeDelay.RsDecodeDpRam.rRdAddr[I]	RsDecodeDelay.RsDecodeDpRam.q[I]	RsDecodeDelay.RsDecodeDpRam.rRdAddr[0]$_DFF_P_/Q	RsDecodeDelay.RsDecodeDpRam.q[0]$_DFFE_PP_/D
7	0.0037	enable	RsDecodeChien.numErrorReg[I]	enable	RsDecodeChien.numErrorReg[0]$_DFFE_PN0P_/D
8	0.0054	enable	RsDecodePolymul.sumReg_I[J]	enable	RsDecodePolymul.sumReg_13[4]$_DFFE_PN0P_/D
9	0.0077	enable	RsDecodeErasure.powerReg[I]	enable	RsDecodeErasure.powerReg[0]$_DFFE_PN0P_/D
10	0.0103	enable	RsDecodeEuclide.omegaInner_I[J]	enable	RsDecodeEuclide.omegaInner_1[6]$_DFFE_PN0P_/D
11	0.0103	enable	RsDecodeDelay.RsDecodeDpRam.mem[I][J]	enable	RsDecodeDelay.RsDecodeDpRam.mem[111][0]$_DFFE_PP_/D
12	0.0110	enable	RsDecodeSyndrome.reg_I[J]	enable	RsDecodeSyndrome.reg_10[2]$_DFFE_PN0P_/D
13	0.0122	enable	RsDecodeDelay.readPointer[I]	enable	RsDecodeDelay.readPointer[5]$_DFFE_PN0P_/D
14	0.0135	enable	RsDecodeErasure.count[I]	enable	RsDecodeErasure.count[4]$_DFFE_PN0P_/D
15	0.0141	enable	omegaShiftedReg_I[J]	enable	omegaShiftedReg_0[7]$_DFFE_PN0P_/D
16	0.0229	enable	RsDecodePolymul.epsilonReg_I[J]	enable	RsDecodePolymul.epsilonReg_18[0]$_DFFE_PN0P_/D
17	0.0261	enable	RsDecodeChien.epsilonSumReg[I]	enable	RsDecodeChien.epsilonSumReg[7]$_DFFE_PN0P_/D
18	0.0261	enable	RsDecodeChien.lambdaOddReg[I]	enable	RsDecodeChien.lambdaOddReg[7]$_DFFE_PN0P_/D
19	0.0267	enable	lambdaRegI_J[K]	enable	lambdaReg2_10[7]$_DFFE_PN0P_/D
20	0.0267	enable	nzLambda_I	enable	nzLambda_1$_DFFE_PN0P_/D
21	0.0278	enable	RsDecodeChien.denomEIInvReg[J]	enable	RsDecodeChien.denomE1InvReg[0]$_DFFE_PN0P_/D
22	0.0278	enable	RsDecodeEuclide.omegaInvReg[I]	enable	RsDecodeEuclide.omegaInvReg[1]$_DFFE_PN0P_/D
23	0.0278	enable	doneReg[I]	enable	doneReg[0]$_DFFE_PN0P_/D
24	0.0278	enable	startReg[I]	enable	startReg[1]$_DFFE_PN0P_/D
25	0.0320	enable	RsDecodeChien.denomEIReg[J]	enable	RsDecodeChien.denomE0Reg[0]$_DFFE_PN0P_/D
26	0.0321	enable	RsDecodeChien.numeRegI[J]	enable	RsDecodeChien.numeReg2[0]$_DFFE_PN0P_/D
27	0.0321	enable	RsDecodeChien.epsilonOddReg[I]	enable	RsDecodeChien.epsilonOddReg[0]$_DFFE_PN0P_/D
28	0.0321	enable	RsDecodeChien.lambdaEvenRegI[J]	enable	RsDecodeChien.lambdaEvenReg2[0]$_DFFE_PN0P_/D
29	0.0321	enable	RsDecodeChien.lambdaOddRegI[J]	enable	RsDecodeChien.lambdaOddReg2[0]$_DFFE_PN0P_/D
30	0.0321	enable	RsDecodeChien.lambdaSumReg[I]	enable	RsDecodeChien.lambdaSumReg[0]$_DFFE_PN0P_/D
31	0.0321	enable	RsDecodeChien.omegaSumReg[I]	enable	RsDecodeChien.omegaSumReg[0]$_DFFE_PN0P_/D
32	0.0321	enable	doneShiftReg	enable	doneShiftReg$_DFFE_PN0P_/D
33	0.0323	enable	RsDecodeSyndrome.count[I]	enable	RsDecodeSyndrome.count[0]$_DFFE_PN0P_/D
34	0.0326	enable	RsDecodeEuclide.qNewReg[I]	enable	RsDecodeEuclide.qNewReg[7]$_DFFE_PN0P_/D
35	0.0326	enable	RsDecodeEuclide.omegaBkpReg[I]	enable	RsDecodeEuclide.omegaBkpReg[7]$_DFFE_PN0P_/D
36	0.0329	enable	RsDecodeChien.count[I]	enable	RsDecodeChien.count[0]$_DFFE_PN0P_/D
37	0.0329	enable	RsDecodeEuclide.phase[I]	enable	RsDecodeEuclide.phase[0]$_DFFE_PN0P_/D
38	0.0332	enable	RsDecodeEuclide.count[I]	enable	RsDecodeEuclide.count[0]$_DFFE_PN0P_/D
39	0.0336	enable	RsDecodeEuclide.offset[I]	enable	RsDecodeEuclide.offset[4]$_DFFE_PN0P_/D
40	0.0352	enable	RsDecodeDelay.writePointer[I]	enable	RsDecodeDelay.writePointer[2]$_DFFE_PN1P_/D
41	0.0385	enable	nzOmega_I	enable	nzOmega_21$_DFFE_PN0P_/D
42	0.0385	enable	RsDecodePolymul.count[I]	enable	RsDecodePolymul.count[0]$_DFFE_PN0P_/D
43	0.0393	RsDecodeSyndrome.count[I]	RsDecodePolymul.sumReg_I[J]	RsDecodeSyndrome.count[1]$_DFFE_PN0P_/Q	RsDecodePolymul.sumReg_16[6]$_DFFE_PN0P_/D
44	0.0399	enable	degreeOmegaReg[I]	enable	degreeOmegaReg[3]$_DFFE_PN0P_/D
45	0.0431	RsDecodeChien.lambdaReg_I[J]	RsDecodeChien.numErrorRegI[J]	RsDecodeChien.lambdaReg_17[7]$_DFFE_PN0P_/Q	RsDecodeChien.numErrorReg2[4]$_DFFE_PN0P_/D
46	0.0483	enable	failErasureRegI	enable	failErasureReg5$_DFFE_PN0P_/D
47	0.0483	enable	numErrorLambdaReg[I]	enable	numErrorLambdaReg[0]$_DFFE_PN0P_/D
48	0.0495	erasureIn	RsDecodeSyndrome.reg_I[J]	erasureIn	RsDecodeSyndrome.reg_0[7]$_DFFE_PN0P_/D
49	0.0503	enable	RsDecodeEuclide.omegaBkp_I[J]	enable	RsDecodeEuclide.omegaBkp_12[0]$_DFFE_PN0P_/D
50	0.0511	enable	RsDecodeErasure.epsilonReg_I[J]	enable	RsDecodeErasure.epsilonReg_0[0]$_DFFE_PN0P_/D
51	0.0558	RsDecodeEuclide.qNewReg[I]	RsDecodeEuclide.omegaInner_I[J]	RsDecodeEuclide.qNewReg[2]$_DFFE_PN0P_/Q	RsDecodeEuclide.omegaInner_4[2]$_DFFE_PN0P_/D
52	0.0563	enable	RsDecodeEuclide.lambdaInner_I[J]	enable	RsDecodeEuclide.lambdaInner_0[6]$_DFFE_PN0P_/D
53	0.0568	erasureIn	RsDecodeDelay.RsDecodeDpRam.mem[I][J]	erasureIn	RsDecodeDelay.RsDecodeDpRam.mem[0][7]$_DFFE_PP_/D
54	0.0569	enable	RsDecodeEuclide.lambdaXorReg_I[J]	enable	RsDecodeEuclide.lambdaXorReg_17[4]$_DFFE_PN0P_/D
55	0.0571	enable	degreeErrorReg	enable	degreeErrorReg$_DFFE_PN0P_/D
56	0.0618	RsDecodeEuclide.qNewReg[I]	RsDecodeEuclide.lambdaXorReg_I[J]	RsDecodeEuclide.qNewReg[1]$_DFFE_PN0P_/Q	RsDecodeEuclide.lambdaXorReg_11[4]$_DFFE_PN0P_/D
57	0.0620	enable	degreeEpsilonRegI[J]	enable	degreeEpsilonReg2[0]$_DFFE_PN0P_/D
58	0.0620	enable	epsilonRegI_J[K]	enable	epsilonReg2_10[7]$_DFFE_PN0P_/D
59	0.0637	enable	doneShift	enable	doneShift$_DFFE_PN0P_/D
60	0.0651	enable	RsDecodePolymul.syndromeReg_I[J]	enable	RsDecodePolymul.syndromeReg_13[0]$_DFFE_PN0P_/D
61	0.0674	RsDecodePolymul.epsilonReg_I[J]	RsDecodePolymul.sumReg_I[J]	RsDecodePolymul.epsilonReg_22[6]$_DFFE_PN0P_/Q	RsDecodePolymul.sumReg_16[2]$_DFFE_PN0P_/D
62	0.0679	enable	degreeLambdaReg[I]	enable	degreeLambdaReg[2]$_DFFE_PN0P_/D
63	0.0707	enable	RsDecodeErasure.erasureCount[I]	enable	RsDecodeErasure.erasureCount[5]$_DFFE_PN0P_/D
64	0.0718	enable	RsDecodeChien.numErrorRegI[J]	enable	RsDecodeChien.numErrorReg2[0]$_DFFE_PN0P_/D
65	0.0728	RsDecodeErasure.epsilonReg_I[J]	RsDecodePolymul.sumReg_I[J]	RsDecodeErasure.epsilonReg_22[6]$_DFFE_PN0P_/Q	RsDecodePolymul.sumReg_12[2]$_DFFE_PN0P_/D
66	0.0754	RsDecodeEuclide.qNewReg[I]	RsDecodeEuclide.lambdaInner_I[J]	RsDecodeEuclide.qNewReg[3]$_DFFE_PN0P_/Q	RsDecodeEuclide.lambdaInner_19[7]$_DFFE_PN0P_/D
67	0.0755	erasureIn	RsDecodeErasure.erasureCount[I]	erasureIn	RsDecodeErasure.erasureCount[5]$_DFFE_PN0P_/D
68	0.0758	RsDecodeEuclide.count[I]	RsDecodeEuclide.lambdaXorReg_I[J]	RsDecodeEuclide.count[0]$_DFFE_PN0P_/Q	RsDecodeEuclide.lambdaXorReg_17[4]$_DFFE_PN0P_/D
69	0.0766	RsDecodeEuclide.count[I]	RsDecodeEuclide.omegaBkp_I[J]	RsDecodeEuclide.count[0]$_DFFE_PN0P_/Q	RsDecodeEuclide.omegaBkp_12[0]$_DFFE_PN0P_/D
70	0.0768	enable	numErasureReg[I]	enable	numErasureReg[0]$_DFFE_PN0P_/D
71	0.0768	enable	numErrorReg[I]	enable	numErrorReg[1]$_DFFE_PN0P_/D
72	0.0786	enable	RsDecodeEuclide.numShiftedReg[I]	enable	RsDecodeEuclide.numShiftedReg[4]$_DFFE_PN0P_/D
73	0.0823	RsDecodeEuclide.omegaInner_I[J]	RsDecodeEuclide.offset[I]	RsDecodeEuclide.omegaInner_21[1]$_DFFE_PN0P_/Q	RsDecodeEuclide.offset[4]$_DFFE_PN0P_/D
74	0.0826	RsDecodeEuclide.count[I]	RsDecodeEuclide.lambdaInner_I[J]	RsDecodeEuclide.count[0]$_DFFE_PN0P_/Q	RsDecodeEuclide.lambdaInner_0[6]$_DFFE_PN0P_/D
75	0.0827	RsDecodeEuclide.omegaInner_I[J]	RsDecodeEuclide.omegaInvReg[I]	RsDecodeEuclide.omegaInner_21[3]$_DFFE_PN0P_/Q	RsDecodeEuclide.omegaInvReg[5]$_DFFE_PN0P_/D
76	0.0838	numShiftedReg[I]	nzOmega_I	numShiftedReg[3]$_DFFE_PN0P_/Q	nzOmega_9$_DFFE_PN0P_/D
77	0.0852	enable	failReg	enable	failReg$_DFFE_PN0P_/D
78	0.0858	startPls	RsDecodeErasure.erasureCount[I]	startPls	RsDecodeErasure.erasureCount[5]$_DFFE_PN0P_/D
79	0.0868	RsDecodeEuclide.omegaInner_I[J]	RsDecodeEuclide.lambdaXorReg_I[J]	RsDecodeEuclide.omegaInner_21[1]$_DFFE_PN0P_/Q	RsDecodeEuclide.lambdaXorReg_12[1]$_DFFE_PN0P_/D
80	0.0901	enable	RsDecodeEuclide.lambdaBkp_I[J]	enable	RsDecodeEuclide.lambdaBkp_19[2]$_DFFE_PN0P_/D
81	0.0902	enable	OutputValidReg	enable	OutputValidReg$_DFFE_PN0P_/D
82	0.0927	startPls	RsDecodeSyndrome.reg_I[J]	startPls	RsDecodeSyndrome.reg_15[0]$_DFFE_PN0P_/D
83	0.0952	RsDecodeChien.denomEIReg[J]	RsDecodeChien.denomEIInvReg[J]	RsDecodeChien.denomE0Reg[1]$_DFFE_PN0P_/Q	RsDecodeChien.denomE0InvReg[0]$_DFFE_PN0P_/D
84	0.0960	RsDecodeEuclide.count[I]	RsDecodeEuclide.omegaInner_I[J]	RsDecodeEuclide.count[1]$_DFFE_PN0P_/Q	RsDecodeEuclide.omegaInner_21[0]$_DFFE_PN0P_/D
85	0.0961	enable	omegaReg_I[J]	enable	omegaReg_15[6]$_DFFE_PN0P_/D
86	0.0961	enable	numShiftedReg[I]	enable	numShiftedReg[0]$_DFFE_PN0P_/D
87	0.0983	RsDecodeEuclide.omegaInner_I[J]	RsDecodeEuclide.lambdaInner_I[J]	RsDecodeEuclide.omegaInner_21[1]$_DFFE_PN0P_/Q	RsDecodeEuclide.lambdaInner_12[6]$_DFFE_PN0P_/D
88	0.0988	numShiftedReg[I]	omegaShiftedReg_I[J]	numShiftedReg[4]$_DFFE_PN0P_/Q	omegaShiftedReg_18[2]$_DFFE_PN0P_/D
89	0.0995	RsDecodeEuclide.omegaInner_I[J]	RsDecodeEuclide.omegaBkp_I[J]	RsDecodeEuclide.omegaInner_21[1]$_DFFE_PN0P_/Q	RsDecodeEuclide.omegaBkp_10[0]$_DFFE_PN0P_/D
90	0.0998	RsDecodePolymul.syndromeReg_I[J]	RsDecodePolymul.sumReg_I[J]	RsDecodePolymul.syndromeReg_5[2]$_DFFE_PN0P_/Q	RsDecodePolymul.sumReg_5[4]$_DFFE_PN0P_/D
91	0.1014	RsDecodeEuclide.omegaInner_I[J]	RsDecodeEuclide.omegaInner_I[J]	RsDecodeEuclide.omegaInner_21[1]$_DFFE_PN0P_/Q	RsDecodeEuclide.omegaInner_21[4]$_DFFE_PN0P_/D
92	0.1029	RsDecodeErasure.powerReg[I]	RsDecodeErasure.epsilonReg_I[J]	RsDecodeErasure.powerReg[7]$_DFFE_PN0P_/Q	RsDecodeErasure.epsilonReg_22[1]$_DFFE_PN0P_/D
93	0.1030	startPls	RsDecodeSyndrome.count[I]	startPls	RsDecodeSyndrome.count[2]$_DFFE_PN0P_/D
94	0.1069	degreeEpsilonReg[I]	RsDecodeEuclide.lambdaXorReg_I[J]	degreeEpsilonReg[2]$_DFFE_PN0P_/Q	RsDecodeEuclide.lambdaXorReg_17[4]$_DFFE_PN0P_/D
95	0.1076	degreeEpsilonReg[I]	RsDecodeEuclide.omegaBkp_I[J]	degreeEpsilonReg[2]$_DFFE_PN0P_/Q	RsDecodeEuclide.omegaBkp_12[0]$_DFFE_PN0P_/D
96	0.1115	RsDecodeEuclide.omegaInner_I[J]	RsDecodeEuclide.lambdaBkp_I[J]	RsDecodeEuclide.omegaInner_21[1]$_DFFE_PN0P_/Q	RsDecodeEuclide.lambdaBkp_10[0]$_DFFE_PN0P_/D
97	0.1133	RsDecodeEuclide.qNewReg[I]	RsDecodeEuclide.omegaBkp_I[J]	RsDecodeEuclide.qNewReg[4]$_DFFE_PN0P_/Q	RsDecodeEuclide.omegaBkp_19[4]$_DFFE_PN0P_/D
98	0.1136	degreeEpsilonReg[I]	RsDecodeEuclide.lambdaInner_I[J]	degreeEpsilonReg[2]$_DFFE_PN0P_/Q	RsDecodeEuclide.lambdaInner_0[6]$_DFFE_PN0P_/D
99	0.1150	degreeEpsilonReg[I]	RsDecodeEuclide.omegaInner_I[J]	degreeEpsilonReg[2]$_DFFE_PN0P_/Q	RsDecodeEuclide.omegaInner_21[0]$_DFFE_PN0P_/D
100	0.1165	RsDecodeEuclide.count[I]	RsDecodeEuclide.lambdaBkp_I[J]	RsDecodeEuclide.count[0]$_DFFE_PN0P_/Q	RsDecodeEuclide.lambdaBkp_19[2]$_DFFE_PN0P_/D
101	0.1251	erasureIn	RsDecodeErasure.epsilonReg_I[J]	erasureIn	RsDecodeErasure.epsilonReg_22[1]$_DFFE_PN0P_/D
102	0.1293	startPls	RsDecodeErasure.epsilonReg_I[J]	startPls	RsDecodeErasure.epsilonReg_3[6]$_DFFE_PN0P_/D
103	0.1297	RsDecodeEuclide.euclideSteps[I]	RsDecodeEuclide.lambdaXorReg_I[J]	RsDecodeEuclide.euclideSteps[0]$_DFFE_PN0P_/Q	RsDecodeEuclide.lambdaXorReg_17[4]$_DFFE_PN0P_/D
104	0.1304	RsDecodeEuclide.euclideSteps[I]	RsDecodeEuclide.omegaBkp_I[J]	RsDecodeEuclide.euclideSteps[0]$_DFFE_PN0P_/Q	RsDecodeEuclide.omegaBkp_12[0]$_DFFE_PN0P_/D
105	0.1306	startPls	RsDecodeErasure.count[I]	startPls	RsDecodeErasure.count[0]$_DFFE_PN0P_/D
106	0.1317	RsDecodePolymul.count[I]	RsDecodeEuclide.lambdaXorReg_I[J]	RsDecodePolymul.count[1]$_DFFE_PN0P_/Q	RsDecodeEuclide.lambdaXorReg_17[4]$_DFFE_PN0P_/D
107	0.1334	RsDecodeErasure.epsilonReg_I[J]	RsDecodeErasure.epsilonReg_I[J]	RsDecodeErasure.epsilonReg_22[6]$_DFFE_PN0P_/Q	RsDecodeErasure.epsilonReg_22[6]$_DFFE_PN0P_/D
108	0.1364	RsDecodeEuclide.euclideSteps[I]	RsDecodeEuclide.lambdaInner_I[J]	RsDecodeEuclide.euclideSteps[0]$_DFFE_PN0P_/Q	RsDecodeEuclide.lambdaInner_0[6]$_DFFE_PN0P_/D
109	0.1369	RsDecodeChien.denomEIInvReg[J]	DataOutInner[I]	RsDecodeChien.denomE1InvReg[2]$_DFFE_PN0P_/Q	DataOutInner[4]$_DFF_PN0_/D
110	0.1393	RsDecodeSyndrome.count[I]	RsDecodePolymul.epsilonReg_I[J]	RsDecodeSyndrome.count[1]$_DFFE_PN0P_/Q	RsDecodePolymul.epsilonReg_19[6]$_DFFE_PN0P_/D
111	0.1401	RsDecodeDelay.RsDecodeDpRam.mem[I][J]	RsDecodeDelay.RsDecodeDpRam.q[I]	RsDecodeDelay.RsDecodeDpRam.mem[119][7]$_DFFE_PP_/Q	RsDecodeDelay.RsDecodeDpRam.q[7]$_DFFE_PP_/D
112	0.1409	RsDecodeEuclide.euclideSteps[I]	RsDecodeEuclide.omegaInner_I[J]	RsDecodeEuclide.euclideSteps[1]$_DFFE_PN0P_/QN	RsDecodeEuclide.omegaInner_21[0]$_DFFE_PN0P_/D
113	0.1432	RsDecodeChien.numeRegI[J]	DataOutInner[I]	RsDecodeChien.numeReg2[1]$_DFFE_PN0P_/Q	DataOutInner[4]$_DFF_PN0_/D
114	0.1476	degreeEpsilonReg[I]	RsDecodeEuclide.lambdaBkp_I[J]	degreeEpsilonReg[2]$_DFFE_PN0P_/Q	RsDecodeEuclide.lambdaBkp_19[2]$_DFFE_PN0P_/D
115	0.1487	RsDecodeEuclide.count[I]	RsDecodeEuclide.numShiftedReg[I]	RsDecodeEuclide.count[1]$_DFFE_PN0P_/Q	RsDecodeEuclide.numShiftedReg[0]$_DFFE_PN0P_/D
116	0.1492	RsDecodeEuclide.offset[I]	RsDecodeEuclide.omegaBkp_I[J]	RsDecodeEuclide.offset[1]$_DFFE_PN0P_/Q	RsDecodeEuclide.omegaBkp_12[0]$_DFFE_PN0P_/D
117	0.1513	RsDecodePolymul.count[I]	RsDecodeEuclide.omegaBkp_I[J]	RsDecodePolymul.count[1]$_DFFE_PN0P_/Q	RsDecodeEuclide.omegaBkp_17[1]$_DFFE_PN0P_/D
118	0.1552	RsDecodeEuclide.offset[I]	RsDecodeEuclide.lambdaInner_I[J]	RsDecodeEuclide.offset[1]$_DFFE_PN0P_/Q	RsDecodeEuclide.lambdaInner_0[6]$_DFFE_PN0P_/D
119	0.1586	dataIn[I]	RsDecodeDelay.RsDecodeDpRam.mem[I][J]	dataIn[0]	RsDecodeDelay.RsDecodeDpRam.mem[0][0]$_DFFE_PP_/D
120	0.1588	RsDecodeEuclide.lambdaInner_I[J]	RsDecodeEuclide.lambdaXorReg_I[J]	RsDecodeEuclide.lambdaInner_18[7]$_DFFE_PN0P_/Q	RsDecodeEuclide.lambdaXorReg_18[0]$_DFFE_PN0P_/D
121	0.1620	dataIn[I]	RsDecodeSyndrome.reg_I[J]	dataIn[6]	RsDecodeSyndrome.reg_13[6]$_DFFE_PN0P_/D
122	0.1622	RsDecodeEuclide.offset[I]	RsDecodeEuclide.omegaInner_I[J]	RsDecodeEuclide.offset[1]$_DFFE_PN0P_/Q	RsDecodeEuclide.omegaInner_21[4]$_DFFE_PN0P_/D
123	0.1645	RsDecodeEuclide.lambdaInner_I[J]	RsDecodeEuclide.lambdaInner_I[J]	RsDecodeEuclide.lambdaInner_16[6]$_DFFE_PN0P_/Q	RsDecodeEuclide.lambdaInner_16[6]$_DFFE_PN0P_/D
124	0.1669	RsDecodePolymul.count[I]	RsDecodeEuclide.lambdaInner_I[J]	RsDecodePolymul.count[1]$_DFFE_PN0P_/Q	RsDecodeEuclide.lambdaInner_10[6]$_DFFE_PN0P_/D
125	0.1677	degreeEpsilonReg[I]	RsDecodeEuclide.numShiftedReg[I]	degreeEpsilonReg[2]$_DFFE_PN0P_/Q	RsDecodeEuclide.numShiftedReg[0]$_DFFE_PN0P_/D
126	0.1693	RsDecodeEuclide.omegaInner_I[J]	RsDecodeEuclide.numShiftedReg[I]	RsDecodeEuclide.omegaInner_21[1]$_DFFE_PN0P_/Q	RsDecodeEuclide.numShiftedReg[0]$_DFFE_PN0P_/D
127	0.1694	RsDecodeEuclide.count[I]	RsDecodeEuclide.offset[I]	RsDecodeEuclide.count[0]$_DFFE_PN0P_/Q	RsDecodeEuclide.offset[4]$_DFFE_PN0P_/D
128	0.1700	startPls	RsDecodeErasure.powerReg[I]	startPls	RsDecodeErasure.powerReg[2]$_DFFE_PN0P_/D
129	0.1704	RsDecodeEuclide.euclideSteps[I]	RsDecodeEuclide.lambdaBkp_I[J]	RsDecodeEuclide.euclideSteps[0]$_DFFE_PN0P_/Q	RsDecodeEuclide.lambdaBkp_19[2]$_DFFE_PN0P_/D
130	0.1724	RsDecodeSyndrome.count[I]	RsDecodeSyndrome.count[I]	RsDecodeSyndrome.count[1]$_DFFE_PN0P_/Q	RsDecodeSyndrome.count[0]$_DFFE_PN0P_/D
131	0.1734	RsDecodeChien.lambdaOddReg[I]	RsDecodeChien.denomEIReg[J]	RsDecodeChien.lambdaOddReg[5]$_DFFE_PN0P_/Q	RsDecodeChien.denomE0Reg[4]$_DFFE_PN0P_/D
132	0.1738	RsDecodePolymul.count[I]	epsilonRegI_J[K]	RsDecodePolymul.count[1]$_DFFE_PN0P_/Q	epsilonReg2_0[0]$_DFFE_PN0P_/D
133	0.1747	RsDecodeSyndrome.count[I]	RsDecodePolymul.syndromeReg_I[J]	RsDecodeSyndrome.count[1]$_DFFE_PN0P_/Q	RsDecodePolymul.syndromeReg_13[0]$_DFFE_PN0P_/D
134	0.1756	RsDecodeChien.epsilonSumReg[I]	RsDecodeChien.denomEIReg[J]	RsDecodeChien.epsilonSumReg[4]$_DFFE_PN0P_/Q	RsDecodeChien.denomE0Reg[4]$_DFFE_PN0P_/D
135	0.1766	RsDecodeChien.lambdaSumReg[I]	RsDecodeChien.denomEIReg[J]	RsDecodeChien.lambdaSumReg[5]$_DFFE_PN0P_/Q	RsDecodeChien.denomE1Reg[3]$_DFFE_PN0P_/D
136	0.1781	RsDecodeChien.epsilonOddReg[I]	RsDecodeChien.denomEIReg[J]	RsDecodeChien.epsilonOddReg[4]$_DFFE_PN0P_/Q	RsDecodeChien.denomE1Reg[3]$_DFFE_PN0P_/D
137	0.1847	RsDecodePolymul.count[I]	RsDecodeEuclide.lambdaBkp_I[J]	RsDecodePolymul.count[1]$_DFFE_PN0P_/Q	RsDecodeEuclide.lambdaBkp_10[0]$_DFFE_PN0P_/D
138	0.1891	RsDecodeEuclide.offset[I]	RsDecodeEuclide.lambdaBkp_I[J]	RsDecodeEuclide.offset[1]$_DFFE_PN0P_/Q	RsDecodeEuclide.lambdaBkp_19[2]$_DFFE_PN0P_/D
139	0.1901	RsDecodePolymul.count[I]	RsDecodeEuclide.omegaInner_I[J]	RsDecodePolymul.count[1]$_DFFE_PN0P_/Q	RsDecodeEuclide.omegaInner_0[0]$_DFFE_PN0P_/D
140	0.1908	RsDecodePolymul.count[I]	RsDecodeEuclide.offset[I]	RsDecodePolymul.count[1]$_DFFE_PN0P_/Q	RsDecodeEuclide.offset[2]$_DFFE_PN0P_/D
141	0.1935	RsDecodeEuclide.euclideSteps[I]	RsDecodeEuclide.numShiftedReg[I]	RsDecodeEuclide.euclideSteps[1]$_DFFE_PN0P_/QN	RsDecodeEuclide.numShiftedReg[0]$_DFFE_PN0P_/D
142	0.2002	RsDecodePolymul.count[I]	RsDecodeEuclide.count[I]	RsDecodePolymul.count[1]$_DFFE_PN0P_/Q	RsDecodeEuclide.count[0]$_DFFE_PN0P_/D
143	0.2004	degreeEpsilonReg[I]	RsDecodeEuclide.offset[I]	degreeEpsilonReg[2]$_DFFE_PN0P_/Q	RsDecodeEuclide.offset[4]$_DFFE_PN0P_/D
144	0.2057	RsDecodeSyndrome.count[I]	RsDecodePolymul.count[I]	RsDecodeSyndrome.count[1]$_DFFE_PN0P_/Q	RsDecodePolymul.count[2]$_DFFE_PN0P_/D
145	0.2064	RsDecodeDelay.writePointer[I]	RsDecodeDelay.RsDecodeDpRam.mem[I][J]	RsDecodeDelay.writePointer[1]$_DFFE_PN1P_/Q	RsDecodeDelay.RsDecodeDpRam.mem[111][0]$_DFFE_PP_/D
146	0.2075	RsDecodePolymul.count[I]	RsDecodeEuclide.numShiftedReg[I]	RsDecodePolymul.count[1]$_DFFE_PN0P_/Q	RsDecodeEuclide.numShiftedReg[2]$_DFFE_PN0P_/D
147	0.2135	RsDecodeEuclide.offset[I]	RsDecodeEuclide.offset[I]	RsDecodeEuclide.offset[1]$_DFFE_PN0P_/Q	RsDecodeEuclide.offset[2]$_DFFE_PN0P_/D
148	0.2136	RsDecodeErasure.powerReg[I]	RsDecodeErasure.powerReg[I]	RsDecodeErasure.powerReg[7]$_DFFE_PN0P_/Q	RsDecodeErasure.powerReg[4]$_DFFE_PN0P_/D
149	0.2159	RsDecodeEuclide.count[I]	RsDecodeEuclide.count[I]	RsDecodeEuclide.count[0]$_DFFE_PN0P_/Q	RsDecodeEuclide.count[4]$_DFFE_PN0P_/D
150	0.2168	RsDecodeEuclide.offset[I]	RsDecodeEuclide.lambdaXorReg_I[J]	RsDecodeEuclide.offset[1]$_DFFE_PN0P_/Q	RsDecodeEuclide.lambdaXorReg_18[6]$_DFFE_PN0P_/D
151	0.2181	RsDecodeEuclide.omegaInvReg[I]	RsDecodeEuclide.qNewReg[I]	RsDecodeEuclide.omegaInvReg[4]$_DFFE_PN0P_/Q	RsDecodeEuclide.qNewReg[4]$_DFFE_PN0P_/D
152	0.2186	RsDecodeEuclide.omegaBkpReg[I]	RsDecodeEuclide.qNewReg[I]	RsDecodeEuclide.omegaBkpReg[5]$_DFFE_PN0P_/Q	RsDecodeEuclide.qNewReg[4]$_DFFE_PN0P_/D
153	0.2232	RsDecodeEuclide.euclideSteps[I]	RsDecodeEuclide.offset[I]	RsDecodeEuclide.euclideSteps[0]$_DFFE_PN0P_/Q	RsDecodeEuclide.offset[4]$_DFFE_PN0P_/D
154	0.2233	RsDecodePolymul.count[I]	failErasureRegI	RsDecodePolymul.count[1]$_DFFE_PN0P_/Q	failErasureReg2$_DFFE_PN0P_/D
155	0.2302	RsDecodeChien.lambdaOddRegI[J]	DataOutInner[I]	RsDecodeChien.lambdaOddReg3[4]$_DFFE_PN0P_/Q	DataOutInner[2]$_DFF_PN0_/D
156	0.2319	RsDecodeChien.lambdaEvenRegI[J]	DataOutInner[I]	RsDecodeChien.lambdaEvenReg3[4]$_DFFE_PN0P_/Q	DataOutInner[2]$_DFF_PN0_/D
157	0.2330	RsDecodeEuclide.phase[I]	RsDecodeEuclide.lambdaXorReg_I[J]	RsDecodeEuclide.phase[0]$_DFFE_PN0P_/QN	RsDecodeEuclide.lambdaXorReg_17[4]$_DFFE_PN0P_/D
158	0.2337	RsDecodeEuclide.phase[I]	RsDecodeEuclide.omegaBkp_I[J]	RsDecodeEuclide.phase[0]$_DFFE_PN0P_/QN	RsDecodeEuclide.omegaBkp_12[0]$_DFFE_PN0P_/D
159	0.2339	omegaReg_I[J]	nzOmega_I	omegaReg_21[3]$_DFFE_PN0P_/Q	nzOmega_2$_DFFE_PN0P_/D
160	0.2363	degreeLambdaReg[I]	degreeErrorReg	degreeLambdaReg[0]$_DFFE_PN0P_/Q	degreeErrorReg$_DFFE_PN0P_/D
161	0.2397	RsDecodeEuclide.phase[I]	RsDecodeEuclide.lambdaInner_I[J]	RsDecodeEuclide.phase[0]$_DFFE_PN0P_/QN	RsDecodeEuclide.lambdaInner_0[6]$_DFFE_PN0P_/D
162	0.2407	degreeEpsilonRegI[J]	degreeErrorReg	degreeEpsilonReg4[0]$_DFFE_PN0P_/Q	degreeErrorReg$_DFFE_PN0P_/D
163	0.2428	RsDecodeSyndrome.reg_I[J]	RsDecodeSyndrome.reg_I[J]	RsDecodeSyndrome.reg_15[7]$_DFFE_PN0P_/Q	RsDecodeSyndrome.reg_15[3]$_DFFE_PN0P_/D
164	0.2563	RsDecodeEuclide.omegaBkp_I[J]	RsDecodeEuclide.omegaInner_I[J]	RsDecodeEuclide.omegaBkp_17[6]$_DFFE_PN0P_/Q	RsDecodeEuclide.omegaInner_18[6]$_DFFE_PN0P_/D
165	0.2601	RsDecodeChien.denomEIReg[J]	RsDecodeChien.denomEIReg[J]	RsDecodeChien.denomE0Reg[1]$_DFFE_PN0P_/Q	RsDecodeChien.denomE0Reg[1]$_DFFE_PN0P_/D
166	0.2603	RsDecodeEuclide.count[I]	lambdaReg_I[J]	RsDecodeEuclide.count[0]$_DFFE_PN0P_/Q	lambdaReg_19[3]$_DFFE_PN0P_/D
167	0.2620	RsDecodeEuclide.omegaInner_I[J]	omegaReg_I[J]	RsDecodeEuclide.omegaInner_21[2]$_DFFE_PN0P_/Q	omegaReg_21[2]$_DFFE_PN0P_/D
168	0.2674	RsDecodePolymul.count[I]	RsDecodeEuclide.phase[I]	RsDecodePolymul.count[1]$_DFFE_PN0P_/Q	RsDecodeEuclide.phase[1]$_DFFE_PN0P_/D
169	0.2718	RsDecodeEuclide.omegaBkp_I[J]	RsDecodeEuclide.omegaBkp_I[J]	RsDecodeEuclide.omegaBkp_18[4]$_DFFE_PN0P_/Q	RsDecodeEuclide.omegaBkp_19[4]$_DFFE_PN0P_/D
170	0.2732	RsDecodeEuclide.qNewReg[I]	RsDecodeEuclide.qNewReg[I]	RsDecodeEuclide.qNewReg[7]$_DFFE_PN0P_/Q	RsDecodeEuclide.qNewReg[7]$_DFFE_PN0P_/D
171	0.2737	RsDecodeEuclide.phase[I]	RsDecodeEuclide.lambdaBkp_I[J]	RsDecodeEuclide.phase[0]$_DFFE_PN0P_/QN	RsDecodeEuclide.lambdaBkp_19[2]$_DFFE_PN0P_/D
172	0.2737	RsDecodeEuclide.count[I]	omegaReg_I[J]	RsDecodeEuclide.count[0]$_DFFE_PN0P_/Q	omegaReg_15[6]$_DFFE_PN0P_/D
173	0.2737	RsDecodeEuclide.count[I]	degreeEpsilonRegI[J]	RsDecodeEuclide.count[0]$_DFFE_PN0P_/Q	degreeEpsilonReg3[0]$_DFFE_PN0P_/D
174	0.2737	RsDecodeEuclide.count[I]	epsilonRegI_J[K]	RsDecodeEuclide.count[0]$_DFFE_PN0P_/Q	epsilonReg3_0[0]$_DFFE_PN0P_/D
175	0.2737	RsDecodeEuclide.count[I]	numShiftedReg[I]	RsDecodeEuclide.count[0]$_DFFE_PN0P_/Q	numShiftedReg[0]$_DFFE_PN0P_/D
176	0.2752	RsDecodeEuclide.phase[I]	RsDecodeEuclide.omegaInner_I[J]	RsDecodeEuclide.phase[0]$_DFFE_PN0P_/QN	RsDecodeEuclide.omegaInner_10[6]$_DFFE_PN0P_/D
177	0.2770	RsDecodeChien.lambdaReg_I[J]	RsDecodeChien.lambdaSumReg[I]	RsDecodeChien.lambdaReg_4[6]$_DFFE_PN0P_/Q	RsDecodeChien.lambdaSumReg[6]$_DFFE_PN0P_/D
178	0.2801	RsDecodePolymul.count[I]	degreeEpsilonRegI[J]	RsDecodePolymul.count[1]$_DFFE_PN0P_/Q	degreeEpsilonReg2[0]$_DFFE_PN0P_/D
179	0.2832	RsDecodeEuclide.lambdaXorReg_I[J]	RsDecodeEuclide.lambdaXorReg_I[J]	RsDecodeEuclide.lambdaXorReg_7[6]$_DFFE_PN0P_/Q	RsDecodeEuclide.lambdaXorReg_8[6]$_DFFE_PN0P_/D
180	0.2879	RsDecodeEuclide.offset[I]	RsDecodeEuclide.numShiftedReg[I]	RsDecodeEuclide.offset[1]$_DFFE_PN0P_/Q	RsDecodeEuclide.numShiftedReg[0]$_DFFE_PN0P_/D
181	0.2907	omegaReg_I[J]	omegaShiftedReg_I[J]	omegaReg_20[4]$_DFFE_PN0P_/Q	omegaShiftedReg_6[4]$_DFFE_PN0P_/D
182	0.2923	RsDecodeEuclide.count[I]	doneShift	RsDecodeEuclide.count[0]$_DFFE_PN0P_/Q	doneShift$_DFFE_PN0P_/D
183	0.2929	RsDecodeChien.omegaReg_I[J]	RsDecodeChien.omegaSumReg[I]	RsDecodeChien.omegaReg_21[0]$_DFFE_PN0P_/Q	RsDecodeChien.omegaSumReg[0]$_DFFE_PN0P_/D
184	0.2937	RsDecodeEuclide.lambdaXorReg_I[J]	RsDecodeEuclide.lambdaInner_I[J]	RsDecodeEuclide.lambdaXorReg_17[6]$_DFFE_PN0P_/Q	RsDecodeEuclide.lambdaInner_18[6]$_DFFE_PN0P_/D
185	0.2980	RsDecodeChien.epsilonReg_I[J]	RsDecodeChien.epsilonReg_I[J]	RsDecodeChien.epsilonReg_19[3]$_DFFE_PN0P_/Q	RsDecodeChien.epsilonReg_19[1]$_DFFE_PN0P_/D
186	0.2987	RsDecodeChien.lambdaReg_I[J]	RsDecodeChien.lambdaReg_I[J]	RsDecodeChien.lambdaReg_18[4]$_DFFE_PN0P_/Q	RsDecodeChien.lambdaReg_18[3]$_DFFE_PN0P_/D
187	0.2988	RsDecodePolymul.count[I]	RsDecodeEuclide.euclideSteps[I]	RsDecodePolymul.count[1]$_DFFE_PN0P_/Q	RsDecodeEuclide.euclideSteps[0]$_DFFE_PN0P_/D
188	0.3020	omegaShiftedReg_I[J]	RsDecodeChien.omegaReg_I[J]	omegaShiftedReg_15[6]$_DFFE_PN0P_/Q	RsDecodeChien.omegaReg_15[5]$_DFFE_PN0P_/D
189	0.3027	RsDecodeChien.count[I]	RsDecodeChien.numErrorRegI[J]	RsDecodeChien.count[1]$_DFFE_PN0P_/Q	RsDecodeChien.numErrorReg2[0]$_DFFE_PN0P_/D
190	0.3027	RsDecodeChien.count[I]	degreeEpsilonRegI[J]	RsDecodeChien.count[1]$_DFFE_PN0P_/Q	degreeEpsilonReg5[0]$_DFFE_PN0P_/D
191	0.3040	lambdaRegI_J[K]	RsDecodeChien.lambdaReg_I[J]	lambdaReg2_15[6]$_DFFE_PN0P_/Q	RsDecodeChien.lambdaReg_15[5]$_DFFE_PN0P_/D
192	0.3040	epsilonRegI_J[K]	RsDecodeChien.epsilonReg_I[J]	epsilonReg3_15[6]$_DFFE_PN0P_/Q	RsDecodeChien.epsilonReg_15[5]$_DFFE_PN0P_/D
193	0.3058	RsDecodeChien.omegaReg_I[J]	RsDecodeChien.omegaReg_I[J]	RsDecodeChien.omegaReg_15[6]$_DFFE_PN0P_/Q	RsDecodeChien.omegaReg_15[5]$_DFFE_PN0P_/D
194	0.3086	RsDecodeChien.epsilonReg_I[J]	RsDecodeChien.epsilonSumReg[I]	RsDecodeChien.epsilonReg_21[0]$_DFFE_PN0P_/Q	RsDecodeChien.epsilonSumReg[0]$_DFFE_PN0P_/D
195	0.3135	RsDecodeEuclide.count[I]	failErasureRegI	RsDecodeEuclide.count[0]$_DFFE_PN0P_/Q	failErasureReg3$_DFFE_PN0P_/D
196	0.3154	RsDecodeDelay.RsDecodeDpRam.q[I]	DataOutInner[I]	RsDecodeDelay.RsDecodeDpRam.q[8]$_DFFE_PP_/Q	DataOutInner[2]$_DFF_PN0_/D
197	0.3195	RsDecodeDelay.readPointer[I]	RsDecodeDelay.readPointer[I]	RsDecodeDelay.readPointer[1]$_DFFE_PN0P_/Q	RsDecodeDelay.readPointer[6]$_DFFE_PN0P_/D
198	0.3199	RsDecodeEuclide.lambdaBkp_I[J]	RsDecodeEuclide.lambdaInner_I[J]	RsDecodeEuclide.lambdaBkp_21[6]$_DFFE_PN0P_/Q	RsDecodeEuclide.lambdaInner_21[6]$_DFFE_PN0P_/D
199	0.3222	RsDecodeChien.count[I]	RsDecodeChien.count[I]	RsDecodeChien.count[1]$_DFFE_PN0P_/Q	RsDecodeChien.count[7]$_DFFE_PN0P_/D
200	0.3234	doneShiftReg	RsDecodeChien.lambdaReg_I[J]	doneShiftReg$_DFFE_PN0P_/Q	RsDecodeChien.lambdaReg_14[5]$_DFFE_PN0P_/D
201	0.3234	doneShiftReg	RsDecodeChien.omegaReg_I[J]	doneShiftReg$_DFFE_PN0P_/Q	RsDecodeChien.omegaReg_14[5]$_DFFE_PN0P_/D
202	0.3237	RsDecodeDelay.writePointer[I]	RsDecodeDelay.writePointer[I]	RsDecodeDelay.writePointer[1]$_DFFE_PN1P_/Q	RsDecodeDelay.writePointer[5]$_DFFE_PN0P_/D
203	0.3247	degreeEpsilonReg[I]	RsDecodeEuclide.euclideSteps[I]	degreeEpsilonReg[1]$_DFFE_PN0P_/Q	RsDecodeEuclide.euclideSteps[3]$_DFFE_PN0P_/D
204	0.3251	RsDecodeErasure.count[I]	epsilonReg_I[J]	RsDecodeErasure.count[3]$_DFFE_PN0P_/QN	epsilonReg_0[3]$_DFFE_PN0P_/D
205	0.3251	RsDecodeErasure.count[I]	degreeEpsilonReg[I]	RsDecodeErasure.count[3]$_DFFE_PN0P_/QN	degreeEpsilonReg[0]$_DFFE_PN0P_/D
206	0.3265	RsDecodeEuclide.phase[I]	RsDecodeEuclide.offset[I]	RsDecodeEuclide.phase[0]$_DFFE_PN0P_/QN	RsDecodeEuclide.offset[4]$_DFFE_PN0P_/D
207	0.3269	doneShiftReg	RsDecodeChien.epsilonReg_I[J]	doneShiftReg$_DFFE_PN0P_/Q	RsDecodeChien.epsilonReg_3[4]$_DFFE_PN0P_/D
208	0.3296	RsDecodePolymul.sumReg_I[J]	RsDecodePolymul.sumReg_I[J]	RsDecodePolymul.sumReg_7[6]$_DFFE_PN0P_/Q	RsDecodePolymul.sumReg_8[6]$_DFFE_PN0P_/D
209	0.3323	RsDecodeEuclide.phase[I]	RsDecodeEuclide.numShiftedReg[I]	RsDecodeEuclide.phase[0]$_DFFE_PN0P_/QN	RsDecodeEuclide.numShiftedReg[0]$_DFFE_PN0P_/D
210	0.3326	RsDecodeChien.lambdaReg_I[J]	RsDecodeChien.lambdaOddReg[I]	RsDecodeChien.lambdaReg_21[0]$_DFFE_PN0P_/Q	RsDecodeChien.lambdaOddReg[0]$_DFFE_PN0P_/D
211	0.3342	RsDecodeChien.count[I]	doneReg[I]	RsDecodeChien.count[1]$_DFFE_PN0P_/Q	doneReg[2]$_DFFE_PN0P_/D
212	0.3342	RsDecodeChien.lambdaReg_I[J]	RsDecodeChien.lambdaEvenReg[I]	RsDecodeChien.lambdaReg_4[6]$_DFFE_PN0P_/Q	RsDecodeChien.lambdaEvenReg[6]$_DFFE_PN0P_/D
213	0.3342	RsDecodeChien.epsilonReg_I[J]	RsDecodeChien.epsilonOddReg[I]	RsDecodeChien.epsilonReg_21[0]$_DFFE_PN0P_/Q	RsDecodeChien.epsilonOddReg[0]$_DFFE_PN0P_/D
214	0.3344	RsDecodeErasure.count[I]	failErasureReg	RsDecodeErasure.count[3]$_DFFE_PN0P_/QN	failErasureReg$_DFFE_PN0P_/D
215	0.3384	doneShiftReg	RsDecodeChien.numErrorReg[I]	doneShiftReg$_DFFE_PN0P_/Q	RsDecodeChien.numErrorReg[0]$_DFFE_PN0P_/D
216	0.3416	doneShiftReg	degreeOmegaReg[I]	doneShiftReg$_DFFE_PN0P_/Q	degreeOmegaReg[3]$_DFFE_PN0P_/D
217	0.3466	RsDecodeErasure.count[I]	RsDecodeErasure.count[I]	RsDecodeErasure.count[2]$_DFFE_PN0P_/Q	RsDecodeErasure.count[7]$_DFFE_PN0P_/D
218	0.3492	DelayedDataOutInner[I]	delayedData[I]	DelayedDataOutInner[0]$_DFF_PN0_/Q	delayedData[0]
219	0.3492	numErasureRegInner[I]	erasureNum[I]	numErasureRegInner[0]$_DFF_PN0_/Q	erasureNum[0]
220	0.3492	numErrorRegInner[I]	errorNum[I]	numErrorRegInner[0]$_DFF_PN0_/Q	errorNum[0]
221	0.3492	failRegInner	fail	failRegInner$_DFF_PN0_/Q	fail
222	0.3492	DataOutInner[I]	outData[I]	DataOutInner[0]$_DFF_PN0_/Q	outData[0]
223	0.3492	doneRegInner	outDone	doneRegInner$_DFF_PN0_/Q	outDone
224	0.3492	OutputValidRegInner	outEnable	OutputValidRegInner$_DFF_PN0_/Q	outEnable
225	0.3492	startRegInner	outStartPls	startRegInner$_DFF_PN0_/Q	outStartPls
226	0.3509	RsDecodePolymul.count[I]	RsDecodePolymul.count[I]	RsDecodePolymul.count[1]$_DFFE_PN0P_/Q	RsDecodePolymul.count[2]$_DFFE_PN0P_/D
227	0.3606	doneShiftReg	doneShiftReg	doneShiftReg$_DFFE_PN0P_/Q	doneShiftReg$_DFFE_PN0P_/D
228	0.3716	doneShiftReg	RsDecodeChien.count[I]	doneShiftReg$_DFFE_PN0P_/Q	RsDecodeChien.count[0]$_DFFE_PN0P_/D
229	0.3779	omegaReg_I[J]	omegaReg_I[J]	omegaReg_20[1]$_DFFE_PN0P_/Q	omegaReg_20[1]$_DFFE_PN0P_/D
230	0.3786	doneShiftReg	degreeEpsilonRegI[J]	doneShiftReg$_DFFE_PN0P_/Q	degreeEpsilonReg4[0]$_DFFE_PN0P_/D
231	0.3786	doneShiftReg	degreeLambdaReg[I]	doneShiftReg$_DFFE_PN0P_/Q	degreeLambdaReg[2]$_DFFE_PN0P_/D
232	0.3847	RsDecodeErasure.epsilonReg_I[J]	epsilonReg_I[J]	RsDecodeErasure.epsilonReg_22[6]$_DFFE_PN0P_/Q	epsilonReg_22[6]$_DFFE_PN0P_/D
233	0.3853	RsDecodeChien.numErrorReg[I]	RsDecodeChien.numErrorRegI[J]	RsDecodeChien.numErrorReg[1]$_DFFE_PN0P_/Q	RsDecodeChien.numErrorReg2[4]$_DFFE_PN0P_/D
234	0.3943	RsDecodeErasure.erasureCount[I]	RsDecodeErasure.erasureCount[I]	RsDecodeErasure.erasureCount[2]$_DFFE_PN0P_/Q	RsDecodeErasure.erasureCount[5]$_DFFE_PN0P_/D
235	0.3950	degreeOmegaReg[I]	degreeErrorReg	degreeOmegaReg[1]$_DFFE_PN0P_/Q	degreeErrorReg$_DFFE_PN0P_/D
236	0.4065	enable	enableFF	enable	enableFF$_DFF_PN0_/D
237	0.4069	enable	RsDecodeDelay.RsDecodeDpRam.rRdEn	enable	RsDecodeDelay.RsDecodeDpRam.rRdEn$_DFF_P_/D
238	0.4156	numErrorLambdaReg[I]	failReg	numErrorLambdaReg[4]$_DFFE_PN0P_/Q	failReg$_DFFE_PN0P_/D
239	0.4172	RsDecodeChien.numErrorRegI[J]	failReg	RsDecodeChien.numErrorReg2[1]$_DFFE_PN0P_/Q	failReg$_DFFE_PN0P_/D
240	0.4175	RsDecodeErasure.epsilonReg_I[J]	RsDecodePolymul.epsilonReg_I[J]	RsDecodeErasure.epsilonReg_10[6]$_DFFE_PN0P_/Q	RsDecodePolymul.epsilonReg_11[6]$_DFFE_PN0P_/D
241	0.4203	doneShiftReg	startReg[I]	doneShiftReg$_DFFE_PN0P_/Q	startReg[3]$_DFFE_PN0P_/D
242	0.4401	RsDecodeEuclide.numShiftedReg[I]	RsDecodeEuclide.numShiftedReg[I]	RsDecodeEuclide.numShiftedReg[1]$_DFFE_PN0P_/Q	RsDecodeEuclide.numShiftedReg[4]$_DFFE_PN0P_/D
243	0.4430	RsDecodeErasure.erasureCount[I]	failErasureReg	RsDecodeErasure.erasureCount[2]$_DFFE_PN0P_/Q	failErasureReg$_DFFE_PN0P_/D
244	0.4430	RsDecodeChien.numeRegI[J]	RsDecodeChien.numeRegI[J]	RsDecodeChien.numeReg2[6]$_DFFE_PN0P_/Q	RsDecodeChien.numeReg2[6]$_DFFE_PN0P_/D
245	0.4486	RsDecodeEuclide.lambdaInner_I[J]	lambdaReg_I[J]	RsDecodeEuclide.lambdaInner_1[6]$_DFFE_PN0P_/Q	lambdaReg_1[6]$_DFFE_PN0P_/D
246	0.4496	doneShiftReg	failErasureRegI	doneShiftReg$_DFFE_PN0P_/Q	failErasureReg4$_DFFE_PN0P_/D
247	0.4530	RsDecodePolymul.epsilonReg_I[J]	RsDecodePolymul.epsilonReg_I[J]	RsDecodePolymul.epsilonReg_22[5]$_DFFE_PN0P_/Q	RsDecodePolymul.epsilonReg_22[5]$_DFFE_PN0P_/D
248	0.4539	RsDecodePolymul.syndromeReg_I[J]	RsDecodePolymul.syndromeReg_I[J]	RsDecodePolymul.syndromeReg_12[7]$_DFFE_PN0P_/Q	RsDecodePolymul.syndromeReg_12[7]$_DFFE_PN0P_/D
249	0.4551	doneReg[I]	numErasureReg[I]	doneReg[0]$_DFFE_PN0P_/Q	numErasureReg[0]$_DFFE_PN0P_/D
250	0.4551	doneReg[I]	numErrorReg[I]	doneReg[0]$_DFFE_PN0P_/Q	numErrorReg[1]$_DFFE_PN0P_/D
251	0.4599	lambdaReg_I[J]	nzLambda_I	lambdaReg_1[5]$_DFFE_PN0P_/Q	nzLambda_1$_DFFE_PN0P_/D
252	0.4628	RsDecodeDelay.RsDecodeDpRam.rRdEn	RsDecodeDelay.RsDecodeDpRam.q[I]	RsDecodeDelay.RsDecodeDpRam.rRdEn$_DFF_P_/Q	RsDecodeDelay.RsDecodeDpRam.q[0]$_DFFE_PP_/D
253	0.4656	RsDecodeEuclide.lambdaInner_I[J]	RsDecodeEuclide.lambdaBkp_I[J]	RsDecodeEuclide.lambdaInner_1[6]$_DFFE_PN0P_/Q	RsDecodeEuclide.lambdaBkp_1[6]$_DFFE_PN0P_/D
254	0.4744	doneReg[I]	failReg	doneReg[0]$_DFFE_PN0P_/Q	failReg$_DFFE_PN0P_/D
255	0.4798	doneReg[I]	OutputValidReg	doneReg[0]$_DFFE_PN0P_/Q	OutputValidReg$_DFFE_PN0P_/D
256	0.4802	degreeEpsilonReg[I]	degreeEpsilonRegI[J]	degreeEpsilonReg[2]$_DFFE_PN0P_/Q	degreeEpsilonReg2[2]$_DFFE_PN0P_/D
257	0.4839	RsDecodeSyndrome.reg_I[J]	RsDecodePolymul.sumReg_I[J]	RsDecodeSyndrome.reg_19[1]$_DFFE_PN0P_/Q	RsDecodePolymul.sumReg_19[1]$_DFFE_PN0P_/D
258	0.4897	RsDecodeEuclide.phase[I]	RsDecodeEuclide.phase[I]	RsDecodeEuclide.phase[1]$_DFFE_PN0P_/Q	RsDecodeEuclide.phase[0]$_DFFE_PN0P_/D
259	0.4938	startReg[I]	failErasureRegI	startReg[1]$_DFFE_PN0P_/Q	failErasureReg5$_DFFE_PN0P_/D
260	0.4938	startReg[I]	numErrorLambdaReg[I]	startReg[1]$_DFFE_PN0P_/Q	numErrorLambdaReg[0]$_DFFE_PN0P_/D
261	0.4990	RsDecodeChien.lambdaOddReg[I]	RsDecodeChien.lambdaOddRegI[J]	RsDecodeChien.lambdaOddReg[7]$_DFFE_PN0P_/Q	RsDecodeChien.lambdaOddReg2[7]$_DFFE_PN0P_/D
262	0.5020	RsDecodeSyndrome.reg_I[J]	RsDecodePolymul.syndromeReg_I[J]	RsDecodeSyndrome.reg_5[7]$_DFFE_PN0P_/Q	RsDecodePolymul.syndromeReg_5[7]$_DFFE_PN0P_/D
263	0.5026	startReg[I]	degreeErrorReg	startReg[1]$_DFFE_PN0P_/Q	degreeErrorReg$_DFFE_PN0P_/D
264	0.5047	RsDecodeChien.epsilonSumReg[I]	RsDecodeChien.epsilonSumReg[I]	RsDecodeChien.epsilonSumReg[7]$_DFFE_PN0P_/Q	RsDecodeChien.epsilonSumReg[7]$_DFFE_PN0P_/D
265	0.5070	failErasureRegI	failReg	failErasureReg5$_DFFE_PN0P_/QN	failReg$_DFFE_PN0P_/D
266	0.5113	degreeErrorReg	failReg	degreeErrorReg$_DFFE_PN0P_/QN	failReg$_DFFE_PN0P_/D
267	0.5140	numShiftedReg[I]	numShiftedReg[I]	numShiftedReg[3]$_DFFE_PN0P_/Q	numShiftedReg[3]$_DFFE_PN0P_/D
268	0.5147	RsDecodeChien.epsilonOddReg[I]	RsDecodeChien.epsilonOddReg[I]	RsDecodeChien.epsilonOddReg[0]$_DFFE_PN0P_/Q	RsDecodeChien.epsilonOddReg[0]$_DFFE_PN0P_/D
269	0.5147	RsDecodeEuclide.omegaInvReg[I]	RsDecodeEuclide.omegaInvReg[I]	RsDecodeEuclide.omegaInvReg[1]$_DFFE_PN0P_/Q	RsDecodeEuclide.omegaInvReg[1]$_DFFE_PN0P_/D
270	0.5151	RsDecodeChien.lambdaSumReg[I]	RsDecodeChien.lambdaSumReg[I]	RsDecodeChien.lambdaSumReg[0]$_DFFE_PN0P_/Q	RsDecodeChien.lambdaSumReg[0]$_DFFE_PN0P_/D
271	0.5151	RsDecodeEuclide.omegaBkpReg[I]	RsDecodeEuclide.omegaBkpReg[I]	RsDecodeEuclide.omegaBkpReg[0]$_DFFE_PN0P_/Q	RsDecodeEuclide.omegaBkpReg[0]$_DFFE_PN0P_/D
272	0.5191	epsilonRegI_J[K]	epsilonRegI_J[K]	epsilonReg3_3[7]$_DFFE_PN0P_/Q	epsilonReg3_3[7]$_DFFE_PN0P_/D
273	0.5197	lambdaRegI_J[K]	lambdaRegI_J[K]	lambdaReg2_21[0]$_DFFE_PN0P_/Q	lambdaReg2_21[0]$_DFFE_PN0P_/D
274	0.5207	omegaShiftedReg_I[J]	omegaShiftedReg_I[J]	omegaShiftedReg_19[5]$_DFFE_PN0P_/Q	omegaShiftedReg_19[5]$_DFFE_PN0P_/D
275	0.5211	RsDecodeDelay.RsDecodeDpRam.q[I]	RsDecodeDelay.RsDecodeDpRam.q[I]	RsDecodeDelay.RsDecodeDpRam.q[8]$_DFFE_PP_/Q	RsDecodeDelay.RsDecodeDpRam.q[8]$_DFFE_PP_/D
276	0.5228	RsDecodeErasure.erasureCount[I]	degreeEpsilonReg[I]	RsDecodeErasure.erasureCount[3]$_DFFE_PN0P_/Q	degreeEpsilonReg[3]$_DFFE_PN0P_/D
277	0.5260	startReg[I]	startReg[I]	startReg[1]$_DFFE_PN0P_/Q	startReg[0]$_DFFE_PN0P_/D
278	0.5262	RsDecodePolymul.sumReg_I[J]	RsDecodeEuclide.omegaInner_I[J]	RsDecodePolymul.sumReg_13[7]$_DFFE_PN0P_/Q	RsDecodeEuclide.omegaInner_13[7]$_DFFE_PN0P_/D
279	0.5357	startReg[I]	OutputValidReg	startReg[1]$_DFFE_PN0P_/Q	OutputValidReg$_DFFE_PN0P_/D
280	0.5393	nzOmega_I	nzOmega_I	nzOmega_5$_DFFE_PN0P_/Q	nzOmega_5$_DFFE_PN0P_/D
281	0.5444	degreeLambdaReg[I]	numErrorLambdaReg[I]	degreeLambdaReg[1]$_DFFE_PN0P_/Q	numErrorLambdaReg[1]$_DFFE_PN0P_/D
282	0.5453	degreeEpsilonRegI[J]	degreeEpsilonRegI[J]	degreeEpsilonReg4[1]$_DFFE_PN0P_/Q	degreeEpsilonReg4[1]$_DFFE_PN0P_/D
283	0.5477	RsDecodeEuclide.numShiftedReg[I]	numShiftedReg[I]	RsDecodeEuclide.numShiftedReg[1]$_DFFE_PN0P_/Q	numShiftedReg[1]$_DFFE_PN0P_/D
284	0.5482	nzLambda_I	nzLambda_I	nzLambda_5$_DFFE_PN0P_/Q	nzLambda_5$_DFFE_PN0P_/D
285	0.5516	degreeLambdaReg[I]	degreeLambdaReg[I]	degreeLambdaReg[2]$_DFFE_PN0P_/Q	degreeLambdaReg[2]$_DFFE_PN0P_/D
286	0.5521	RsDecodeChien.numErrorRegI[J]	RsDecodeChien.numErrorRegI[J]	RsDecodeChien.numErrorReg2[2]$_DFFE_PN0P_/Q	RsDecodeChien.numErrorReg2[2]$_DFFE_PN0P_/D
287	0.5524	RsDecodeChien.numErrorRegI[J]	numErrorReg[I]	RsDecodeChien.numErrorReg2[2]$_DFFE_PN0P_/Q	numErrorReg[2]$_DFFE_PN0P_/D
288	0.5539	degreeOmegaReg[I]	degreeOmegaReg[I]	degreeOmegaReg[2]$_DFFE_PN0P_/Q	degreeOmegaReg[2]$_DFFE_PN0P_/D
289	0.5542	numErrorLambdaReg[I]	numErrorLambdaReg[I]	numErrorLambdaReg[1]$_DFFE_PN0P_/Q	numErrorLambdaReg[1]$_DFFE_PN0P_/D
290	0.5542	RsDecodeEuclide.euclideSteps[I]	RsDecodeEuclide.euclideSteps[I]	RsDecodeEuclide.euclideSteps[0]$_DFFE_PN0P_/Q	RsDecodeEuclide.euclideSteps[0]$_DFFE_PN0P_/D
291	0.5553	doneReg[I]	doneReg[I]	doneReg[0]$_DFFE_PN0P_/Q	doneReg[0]$_DFFE_PN0P_/D
292	0.5556	RsDecodeChien.lambdaOddRegI[J]	RsDecodeChien.lambdaOddRegI[J]	RsDecodeChien.lambdaOddReg3[6]$_DFFE_PN0P_/Q	RsDecodeChien.lambdaOddReg3[6]$_DFFE_PN0P_/D
293	0.5561	RsDecodeChien.lambdaEvenRegI[J]	RsDecodeChien.lambdaEvenRegI[J]	RsDecodeChien.lambdaEvenReg3[6]$_DFFE_PN0P_/Q	RsDecodeChien.lambdaEvenReg3[6]$_DFFE_PN0P_/D
294	0.5572	doneShift	doneShiftReg	doneShift$_DFFE_PN0P_/Q	doneShiftReg$_DFFE_PN0P_/D
295	0.5572	failErasureReg	failErasureRegI	failErasureReg$_DFFE_PN0P_/Q	failErasureReg2$_DFFE_PN0P_/D
296	0.5573	RsDecodeEuclide.omegaBkp_I[J]	RsDecodeEuclide.omegaBkpReg[I]	RsDecodeEuclide.omegaBkp_21[1]$_DFFE_PN0P_/Q	RsDecodeEuclide.omegaBkpReg[1]$_DFFE_PN0P_/D
297	0.5583	numErasureReg[I]	numErasureReg[I]	numErasureReg[0]$_DFFE_PN0P_/Q	numErasureReg[0]$_DFFE_PN0P_/D
298	0.5583	numErrorReg[I]	numErrorReg[I]	numErrorReg[0]$_DFFE_PN0P_/Q	numErrorReg[0]$_DFFE_PN0P_/D
299	0.5586	RsDecodeChien.omegaSumReg[I]	RsDecodeChien.numeReg[I]	RsDecodeChien.omegaSumReg[0]$_DFFE_PN0P_/Q	RsDecodeChien.numeReg[0]$_DFFE_PN0P_/D
300	0.5586	failErasureRegI	failErasureRegI	failErasureReg3$_DFFE_PN0P_/Q	failErasureReg3$_DFFE_PN0P_/D
301	0.5587	RsDecodeEuclide.lambdaBkp_I[J]	RsDecodeEuclide.lambdaBkp_I[J]	RsDecodeEuclide.lambdaBkp_0[1]$_DFFE_PN0P_/Q	RsDecodeEuclide.lambdaBkp_0[1]$_DFFE_PN0P_/D
302	0.5590	RsDecodeChien.omegaSumReg[I]	RsDecodeChien.omegaSumReg[I]	RsDecodeChien.omegaSumReg[0]$_DFFE_PN0P_/Q	RsDecodeChien.omegaSumReg[0]$_DFFE_PN0P_/D
303	0.5590	degreeEpsilonRegI[J]	numErasureReg[I]	degreeEpsilonReg5[0]$_DFFE_PN0P_/Q	numErasureReg[0]$_DFFE_PN0P_/D
304	0.5644	RsDecodeDelay.RsDecodeDpRam.mem[I][J]	RsDecodeDelay.RsDecodeDpRam.mem[I][J]	RsDecodeDelay.RsDecodeDpRam.mem[320][0]$_DFFE_PP_/Q	RsDecodeDelay.RsDecodeDpRam.mem[320][0]$_DFFE_PP_/D
305	0.5700	failReg	failReg	failReg$_DFFE_PN0P_/Q	failReg$_DFFE_PN0P_/D
306	0.5730	degreeErrorReg	degreeErrorReg	degreeErrorReg$_DFFE_PN0P_/Q	degreeErrorReg$_DFFE_PN0P_/D
307	0.5732	doneShift	doneShift	doneShift$_DFFE_PN0P_/Q	doneShift$_DFFE_PN0P_/D
308	0.5751	OutputValidReg	OutputValidReg	OutputValidReg$_DFFE_PN0P_/Q	OutputValidReg$_DFFE_PN0P_/D
309	0.5759	OutputValidReg	OutputValidRegInner	OutputValidReg$_DFFE_PN0P_/Q	OutputValidRegInner$_DFF_PN0_/D
310	0.5803	enableFF	OutputValidRegInner	enableFF$_DFF_PN0_/Q	OutputValidRegInner$_DFF_PN0_/D
311	0.5825	RsDecodeDelay.readPointer[I]	RsDecodeDelay.RsDecodeDpRam.rRdAddr[I]	RsDecodeDelay.readPointer[1]$_DFFE_PN0P_/Q	RsDecodeDelay.RsDecodeDpRam.rRdAddr[1]$_DFF_P_/D
312	0.6005	doneReg[I]	doneRegInner	doneReg[0]$_DFFE_PN0P_/Q	doneRegInner$_DFF_PN0_/D
313	0.6032	startReg[I]	startRegInner	startReg[0]$_DFFE_PN0P_/Q	startRegInner$_DFF_PN0_/D
314	0.6035	failReg	failRegInner	failReg$_DFFE_PN0P_/Q	failRegInner$_DFF_PN0_/D
315	0.6054	numErasureReg[I]	numErasureRegInner[I]	numErasureReg[0]$_DFFE_PN0P_/Q	numErasureRegInner[0]$_DFF_PN0_/D
316	0.6054	numErrorReg[I]	numErrorRegInner[I]	numErrorReg[0]$_DFFE_PN0P_/Q	numErrorRegInner[0]$_DFF_PN0_/D
317	0.6128	RsDecodeDelay.RsDecodeDpRam.q[I]	DelayedDataOutInner[I]	RsDecodeDelay.RsDecodeDpRam.q[0]$_DFFE_PP_/Q	DelayedDataOutInner[0]$_DFF_PN0_/D
