# stage	1_synth
# top_module	fpu
# top_n	1000
# kind	blocks
# skip_async	1
# include_full	1
# rank	worst_slack_ns	start	end	start_full	end_full
1	-0.3453	uI.mul_a[J]	uI.sub_pa_hi[J]	u3.mul_a[22]$_SDFFE_PP0P_/Q	u3.sub_pa_hi[23]$_SDFFE_PP0P_/D
2	-0.3433	uI.mul_b[J]	uI.sub_pa_hi[J]	u3.mul_b[2]$_SDFFE_PP0P_/Q	u3.sub_pa_hi[23]$_SDFFE_PP0P_/D
3	-0.3212	uI.mul_a[J]	uI.sub_pa_lo[J]	u3.mul_a[4]$_SDFFE_PP0P_/Q	u3.sub_pa_lo[21]$_SDFFE_PP0P_/D
4	-0.3192	uI.mul_b[J]	uI.sub_pa_lo[J]	u3.mul_b[6]$_SDFFE_PP0P_/Q	u3.sub_pa_lo[21]$_SDFFE_PP0P_/D
5	-0.3187	uI.mul_b[J]	uI.sub_pc_lo[J]	u3.mul_b[36]$_SDFFE_PP0P_/Q	u3.sub_pc_lo[28]$_SDFFE_PP0P_/D
6	-0.3152	uI.mul_a[J]	uI.sub_pc_lo[J]	u3.mul_a[9]$_SDFFE_PP0P_/Q	u3.sub_pc_lo[28]$_SDFFE_PP0P_/D
7	-0.3086	uI.mul_b[J]	uI.sub_pc_hi[J]	u3.mul_b[36]$_SDFFE_PP0P_/Q	u3.sub_pc_hi[26]$_SDFFE_PP0P_/D
8	-0.3081	uI.mul_a[J]	uI.sub_pb_hi[J]	u3.mul_a[22]$_SDFFE_PP0P_/Q	u3.sub_pb_hi[28]$_SDFFE_PP0P_/D
9	-0.3076	uI.mul_a[J]	uI.sub_pc_hi[J]	u3.mul_a[22]$_SDFFE_PP0P_/Q	u3.sub_pc_hi[26]$_SDFFE_PP0P_/D
10	-0.3061	uI.mul_b[J]	uI.sub_pb_hi[J]	u3.mul_b[24]$_SDFFE_PP0P_/Q	u3.sub_pb_hi[28]$_SDFFE_PP0P_/D
11	-0.2945	uI.mul_a[J]	uI.sub_pb_lo[J]	u3.mul_a[7]$_SDFFE_PP0P_/Q	u3.sub_pb_lo[28]$_SDFFE_PP0P_/D
12	-0.2925	uI.mul_b[J]	uI.sub_pb_lo[J]	u3.mul_b[27]$_SDFFE_PP0P_/Q	u3.sub_pb_lo[28]$_SDFFE_PP0P_/D
13	-0.2643	uI.mul_a[J]	uI.sub_pe_hi[J]	u3.mul_a[39]$_SDFFE_PP0P_/Q	u3.sub_pe_hi[24]$_SDFFE_PP0P_/D
14	-0.2560	uI.mul_b[J]	uI.sub_pe_hi[J]	u3.mul_b[5]$_SDFFE_PP0P_/Q	u3.sub_pe_hi[24]$_SDFFE_PP0P_/D
15	-0.2485	uI.mul_a[J]	uI.sub_pe_lo[J]	u3.mul_a[25]$_SDFFE_PP0P_/Q	u3.sub_pe_lo[24]$_SDFFE_PP0P_/D
16	-0.2465	uI.mul_b[J]	uI.sub_pe_lo[J]	u3.mul_b[6]$_SDFFE_PP0P_/Q	u3.sub_pe_lo[24]$_SDFFE_PP0P_/D
17	-0.2351	uI.mul_a[J]	uI.sub_pg_lo[J]	u3.mul_a[28]$_SDFFE_PP0P_/Q	u3.sub_pg_lo[20]$_SDFFE_PP0P_/D
18	-0.2331	uI.mul_b[J]	uI.sub_pg_lo[J]	u3.mul_b[39]$_SDFFE_PP0P_/Q	u3.sub_pg_lo[20]$_SDFFE_PP0P_/D
19	-0.2242	uI.mul_a[J]	uI.sub_pf_lo[J]	u3.mul_a[31]$_SDFFE_PP0P_/Q	u3.sub_pf_lo[25]$_SDFFE_PP0P_/D
20	-0.2222	uI.mul_b[J]	uI.sub_pf_lo[J]	u3.mul_b[22]$_SDFFE_PP0P_/Q	u3.sub_pf_lo[25]$_SDFFE_PP0P_/D
21	-0.2110	uI.mul_a[J]	uI.sub_pg_hi[J]	u3.mul_a[36]$_SDFFE_PP0P_/Q	u3.sub_pg_hi[26]$_SDFFE_PP0P_/D
22	-0.2091	uI.mul_b[J]	uI.sub_pg_hi[J]	u3.mul_b[38]$_SDFFE_PP0P_/Q	u3.sub_pg_hi[26]$_SDFFE_PP0P_/D
23	-0.1884	uI.mul_a[J]	uI.sub_pf_hi[J]	u3.mul_a[39]$_SDFFE_PP0P_/Q	u3.sub_pf_hi[23]$_SDFFE_PP0P_/D
24	-0.1834	uI.mul_b[J]	uI.sub_pf_hi[J]	u3.mul_b[21]$_SDFFE_PP0P_/Q	u3.sub_pf_hi[23]$_SDFFE_PP0P_/D
25	-0.1459	uI.mul_b[J]	uI.sub_pj_lo[J]	u3.mul_b[34]$_SDFFE_PP0P_/Q	u3.sub_pj_lo[23]$_SDFFE_PP0P_/D
26	-0.1457	uI.mul_b[J]	uI.sub_pj_hi[J]	u3.mul_b[34]$_SDFFE_PP0P_/Q	u3.sub_pj_hi[24]$_SDFFE_PP0P_/D
27	-0.1291	uI.mul_a[J]	uI.sub_pj_hi[J]	u3.mul_a[51]$_SDFFE_PP0P_/Q	u3.sub_pj_hi[24]$_SDFFE_PP0P_/D
28	-0.1220	uI.mul_a[J]	uI.sub_pj_lo[J]	u3.mul_a[45]$_SDFFE_PP0P_/Q	u3.sub_pj_lo[23]$_SDFFE_PP0P_/D
29	-0.1131	uI.mul_b[J]	uI.sub_ph_lo[J]	u3.mul_b[0]$_SDFFE_PP0P_/Q	u3.sub_ph_lo[22]$_SDFFE_PP0P_/D
30	-0.0975	uI.mul_a[J]	uI.sub_ph_hi[J]	u3.mul_a[48]$_SDFFE_PP0P_/Q	u3.sub_ph_hi[18]$_SDFFE_PP0P_/D
31	-0.0968	uI.mul_a[J]	uI.sub_pi_hi[J]	u3.mul_a[48]$_SDFFE_PP0P_/Q	u3.sub_pi_hi[18]$_SDFFE_PP0P_/D
32	-0.0968	uI.mul_a[J]	uI.sub_ph_lo[J]	u3.mul_a[42]$_SDFFE_PP0P_/Q	u3.sub_ph_lo[22]$_SDFFE_PP0P_/D
33	-0.0957	uI.mul_b[J]	uI.sub_ph_hi[J]	u3.mul_b[12]$_SDFFE_PP0P_/Q	u3.sub_ph_hi[18]$_SDFFE_PP0P_/D
34	-0.0948	uI.mul_b[J]	uI.sub_pi_hi[J]	u3.mul_b[29]$_SDFFE_PP0P_/Q	u3.sub_pi_hi[18]$_SDFFE_PP0P_/D
35	-0.0865	uI.mul_a[J]	uI.sub_pi_lo[J]	u3.mul_a[42]$_SDFFE_PP0P_/Q	u3.sub_pi_lo[22]$_SDFFE_PP0P_/D
36	-0.0852	uI.mul_b[J]	uI.sub_pi_lo[J]	u3.mul_b[17]$_SDFFE_PP0P_/Q	u3.sub_pi_lo[21]$_SDFFE_PP0P_/D
37	0.1066	uI.exponent_J[K]	uI.product_J[K]	u3.exponent_2[1]$_SDFFE_PP0P_/Q	u3.product_4[88]$_SDFFE_PP0P_/D
38	0.1580	uI.diff[J]	uI.diff_shift_J[K]	u2.diff[54]$_SDFFE_PP0P_/Q	u2.diff_shift_2[5]$_SDFFE_PP0P_/D
39	0.1748	uI.small_shift_J[K]	uI.sum[J]	u1.small_shift_3[17]$_SDFFE_PP0P_/Q	u1.sum[41]$_SDFFE_PP0P_/D
40	0.1757	uI.product_e[J]	uI.sum_J[K]	u3.product_e[0]$_SDFFE_PP0P_/Q	u3.sum_1[34]$_SDFFE_PP0P_/D
41	0.1762	uI.large_add[J]	uI.sum[J]	u1.large_add[17]$_SDFFE_PP0P_/Q	u1.sum[41]$_SDFFE_PP0P_/D
42	0.1789	uI.sum_J[K]	uI.sum_J[K]	u3.sum_0[7]$_SDFFE_PP0P_/Q	u3.sum_1[34]$_SDFFE_PP0P_/D
43	0.1940	uI.remainder_shift_term[J]	uI.remainder_b[J]	u4.remainder_shift_term[1]$_SDFFE_PP0P_/Q	u4.remainder_b[95]$_SDFFE_PP0P_/D
44	0.1944	uI.dividend_reg[J]	uI.dividend_reg[J]	u4.dividend_reg[10]$_SDFFE_PP0P_/Q	u4.dividend_reg[26]$_SDFFE_PP0P_/D
45	0.1946	uI.divisor_b[J]	uI.divisor_shift_J[K]	u4.divisor_b[35]$_SDFFE_PP0P_/Q	u4.divisor_shift_2[1]$_SDFFE_PP0P_/D
46	0.1987	rst	uI.sum[J]	rst	u1.sum[53]$_SDFFE_PP0P_/D
47	0.2021	uI.dividend_a[J]	uI.dividend_shift_J[K]	u4.dividend_a[51]$_SDFFE_PP0P_/Q	u4.dividend_shift_2[2]$_SDFFE_PP0P_/D
48	0.2028	rst	uI.product_J[K]	rst	u3.product_1[66]$_SDFFE_PP0P_/D
49	0.2028	rst	uI.sub_pf_hi[J]	rst	u3.sub_pf_hi[0]$_SDFFE_PP0P_/D
50	0.2028	rst	uI.sub_pg_hi[J]	rst	u3.sub_pg_hi[0]$_SDFFE_PP0P_/D
51	0.2028	rst	uI.sub_pg_lo[J]	rst	u3.sub_pg_lo[0]$_SDFFE_PP0P_/D
52	0.2028	rst	uI.sub_ph_hi[J]	rst	u3.sub_ph_hi[0]$_SDFFE_PP0P_/D
53	0.2028	rst	uI.sub_ph_lo[J]	rst	u3.sub_ph_lo[0]$_SDFFE_PP0P_/D
54	0.2028	rst	uI.sub_pi_hi[J]	rst	u3.sub_pi_hi[0]$_SDFFE_PP0P_/D
55	0.2028	rst	uI.sub_pi_lo[J]	rst	u3.sub_pi_lo[0]$_SDFFE_PP0P_/D
56	0.2028	rst	uI.sub_pj_hi[J]	rst	u3.sub_pj_hi[0]$_SDFFE_PP0P_/D
57	0.2028	rst	uI.sub_pj_lo[J]	rst	u3.sub_pj_lo[0]$_SDFFE_PP0P_/D
58	0.2034	rst	uI.small_shift[J]	rst	u1.small_shift[10]$_SDFFE_PP0P_/D
59	0.2034	rst	uI.diff_J[K]	rst	u2.diff_1[35]$_SDFFE_PP0P_/D
60	0.2034	rst	uI.subtra_shift[J]	rst	u2.subtra_shift[10]$_SDFFE_PP0P_/D
61	0.2034	rst	uI.sum_J[K]	rst	u3.sum_1[34]$_SDFFE_PP0P_/D
62	0.2039	rst	uI.diff[J]	rst	u2.diff[34]$_SDFFE_PP0P_/D
63	0.2039	rst	uI.expon_final_J[K]	rst	u4.expon_final_5[11]$_SDFFE_PP0P_/D
64	0.2046	rst	uI.quotient[J]	rst	u4.quotient[17]$_SDFFE_PP0P_/D
65	0.2063	rst	uI.dividend_a_shifted[J]	rst	u4.dividend_a_shifted[32]$_SDFFE_PP0P_/D
66	0.2063	rst	uI.divisor_b_shifted[J]	rst	u4.divisor_b_shifted[32]$_SDFFE_PP0P_/D
67	0.2066	uI.sub_pa_lo[J]	uI.product_a[J]	u3.sub_pa_lo[12]$_SDFFE_PP0P_/Q	u3.product_a[40]$_SDFFE_PP0P_/D
68	0.2069	rst	uI.sum_round[J]	rst	u5.sum_round[26]$_SDFF_PP0_/D
69	0.2072	uI.exponent_large[J]	uI.diff_J[K]	u2.exponent_large[1]$_SDFFE_PP0P_/Q	u2.diff_1[49]$_SDFFE_PP0P_/D
70	0.2074	rst	uI.dividend_reg[J]	rst	u4.dividend_reg[27]$_SDFFE_PP0P_/D
71	0.2075	rst	uI.mantissa_J[K]	rst	u4.mantissa_1[10]$_SDFFE_PP0P_/D
72	0.2075	rst	uI.remainder_b[J]	rst	u4.remainder_b[85]$_SDFFE_PP0P_/D
73	0.2080	uI.sub_pa_hi[J]	uI.product_a[J]	u3.sub_pa_hi[0]$_SDFFE_PP0P_/Q	u3.product_a[40]$_SDFFE_PP0P_/D
74	0.2103	rst	uI.exponent_J[K]	rst	u3.exponent_1[1]$_SDFFE_PP0P_/D
75	0.2103	rst	uI.product[J]	rst	u3.product[74]$_SDFFE_PP0P_/D
76	0.2103	rst	uI.sub_pa_hi[J]	rst	u3.sub_pa_hi[11]$_SDFFE_PP0P_/D
77	0.2103	rst	uI.sub_pa_lo[J]	rst	u3.sub_pa_lo[1]$_SDFFE_PP0P_/D
78	0.2103	rst	uI.sub_pb_lo[J]	rst	u3.sub_pb_lo[21]$_SDFFE_PP0P_/D
79	0.2103	rst	uI.sub_pe_hi[J]	rst	u3.sub_pe_hi[1]$_SDFFE_PP0P_/D
80	0.2103	rst	uI.sub_pf_lo[J]	rst	u3.sub_pf_lo[16]$_SDFFE_PP0P_/D
81	0.2111	rst	opa_reg[I]	rst	opa_reg[0]$_SDFFE_PP0P_/D
82	0.2111	rst	opb_reg[I]	rst	opb_reg[45]$_SDFFE_PP0P_/D
83	0.2111	rst	uI.exponent[J]	rst	u1.exponent[2]$_SDFFE_PP0P_/D
84	0.2111	rst	uI.small_shift_J[K]	rst	u1.small_shift_3[10]$_SDFFE_PP0P_/D
85	0.2111	rst	uI.subtra_shift_J[K]	rst	u2.subtra_shift_3[46]$_SDFFE_PP0P_/D
86	0.2116	rst	uI.mul_a[J]	rst	u3.mul_a[10]$_SDFFE_PP0P_/D
87	0.2116	rst	uI.mul_b[J]	rst	u3.mul_b[25]$_SDFFE_PP0P_/D
88	0.2116	rst	uI.divisor_reg[J]	rst	u4.divisor_reg[20]$_SDFFE_PP0P_/D
89	0.2119	rst	uI.sub_pb_hi[J]	rst	u3.sub_pb_hi[0]$_SDFFE_PP0P_/D
90	0.2119	rst	uI.sub_pc_hi[J]	rst	u3.sub_pc_hi[0]$_SDFFE_PP0P_/D
91	0.2119	rst	uI.sub_pc_lo[J]	rst	u3.sub_pc_lo[0]$_SDFFE_PP0P_/D
92	0.2119	rst	uI.sub_pe_lo[J]	rst	u3.sub_pe_lo[0]$_SDFFE_PP0P_/D
93	0.2122	rst	fpu_op_reg[I]	rst	fpu_op_reg[0]$_SDFFE_PP0P_/D
94	0.2122	rst	rmode_reg[I]	rst	rmode_reg[0]$_SDFFE_PP0P_/D
95	0.2128	rst	uI.divisor_b[J]	rst	u4.divisor_b[37]$_SDFFE_PP0P_/D
96	0.2128	rst	uI.expon_term[J]	rst	u4.expon_term[0]$_SDFFE_PP0P_/D
97	0.2128	rst	uI.expon_uf_term_J[K]	rst	u4.expon_uf_term_1[2]$_SDFFE_PP0P_/D
98	0.2141	rst	uI.dividend_a[J]	rst	u4.dividend_a[0]$_SDFFE_PP0P_/D
99	0.2145	rst	uI.enable_reg_a	rst	u4.enable_reg_a$_SDFF_PP0_/D
100	0.2160	rst	uI.count_out[J]	rst	u4.count_out[0]$_SDFFE_PP0P_/D
101	0.2160	rst	uI.exponent_round[J]	rst	u5.exponent_round[10]$_SDFF_PP0_/D
102	0.2168	rst	uI.NaN_output[J]	rst	u6.NaN_output[0]$_SDFFE_PP0P_/D
103	0.2168	rst	uI.NaN_output_J[K]	rst	u6.NaN_output_0[0]$_SDFFE_PP0P_/D
104	0.2171	rst	uI.remainder[J]	rst	u4.remainder[12]$_SDFFE_PP0P_/D
105	0.2171	rst	uI.remainder_shift_term[J]	rst	u4.remainder_shift_term[0]$_SDFFE_PP0P_/D
106	0.2185	rst	uI.large_add[J]	rst	u1.large_add[10]$_SDFFE_PP0P_/D
107	0.2185	rst	uI.small_add[J]	rst	u1.small_add[22]$_SDFFE_PP0P_/D
108	0.2185	rst	uI.minuend[J]	rst	u2.minuend[10]$_SDFFE_PP0P_/D
109	0.2185	rst	uI.subtrahend[J]	rst	u2.subtrahend[10]$_SDFFE_PP0P_/D
110	0.2185	rst	uI.sum_final[J]	rst	u5.sum_final[10]$_SDFF_PP0_/D
111	0.2185	rst	uI.out[J]	rst	u6.out[0]$_SDFFE_PP0P_/D
112	0.2185	rst	uI.out_inf[J]	rst	u6.out_inf[51]$_SDFFE_PP0P_/D
113	0.2186	rst	uI.opb_SNaN	rst	u6.opb_SNaN$_SDFFE_PP0P_/D
114	0.2199	rst	uI.expa_gt_expb	rst	u1.expa_gt_expb$_SDFFE_PP0P_/D
115	0.2199	rst	uI.expon_uf_J	rst	u4.expon_uf_2$_SDFFE_PP0P_/D
116	0.2216	uI.dividend_reg[J]	uI.quotient[J]	u4.dividend_reg[21]$_SDFFE_PP0P_/Q	u4.quotient[43]$_SDFFE_PP0P_/D
117	0.2224	rst	uI.exponent_final[J]	rst	u5.exponent_final[0]$_SDFF_PP0_/D
118	0.2229	rst	uI.count_out[J]	rst	u4.count_out[1]$_SDFFE_PP0N_/D
119	0.2229	rst	uI.exponent_out[J]	rst	u4.exponent_out[0]$_SDFF_PP0_/D
120	0.2235	rst	uI.count_nonzero_reg	rst	u4.count_nonzero_reg$_SDFF_PP0_/D
121	0.2237	rst	uI.remainder_out[J]	rst	u4.remainder_out[42]$_SDFF_PP0_/D
122	0.2237	uI.divisor_reg[J]	uI.dividend_reg[J]	u4.divisor_reg[9]$_SDFFE_PP0P_/Q	u4.dividend_reg[53]$_SDFFE_PP0P_/D
123	0.2245	rst	enable_reg_I	rst	enable_reg_2$_SDFF_PP0_/D
124	0.2245	rst	uI.count_nonzero_reg_J	rst	u4.count_nonzero_reg_2$_SDFF_PP0_/D
125	0.2245	rst	uI.quotient_out[J]	rst	u4.quotient_out[0]$_SDFF_PP0_/D
126	0.2267	rst	uI.out_J[K]	rst	u6.out_1[52]$_SDFFE_PP0P_/D
127	0.2267	rst	uI.large_is_denorm	rst	u1.large_is_denorm$_SDFFE_PP0P_/D
128	0.2267	rst	uI.small_is_denorm	rst	u2.small_is_denorm$_SDFFE_PP0P_/D
129	0.2267	rst	uI.a_is_zero	rst	u3.a_is_zero$_SDFFE_PP0P_/D
130	0.2267	rst	uI.exponent_gt_prodshift	rst	u3.exponent_gt_prodshift$_SDFFE_PP0P_/D
131	0.2267	rst	uI.sign	rst	u3.sign$_SDFFE_PP0P_/D
132	0.2267	rst	uI.remainder_msb	rst	u4.remainder_msb$_SDFFE_PP0P_/D
133	0.2267	rst	uI.inf_round_down_trigger	rst	u6.inf_round_down_trigger$_SDFFE_PP0P_/D
134	0.2267	rst	uI.out_pos_inf	rst	u6.out_pos_inf$_SDFFE_PP0P_/D
135	0.2267	rst	uI.overflow_trigger	rst	u6.overflow_trigger$_SDFFE_PP0P_/D
136	0.2267	rst	uI.round_to_neg_inf	rst	u6.round_to_neg_inf$_SDFFE_PP0P_/D
137	0.2267	rst	uI.round_to_zero	rst	u6.round_to_zero$_SDFFE_PP0P_/D
138	0.2275	rst	uI.NaN_input	rst	u6.NaN_input$_SDFFE_PP0P_/D
139	0.2275	rst	uI.a_NaN	rst	u6.a_NaN$_SDFFE_PP0P_/D
140	0.2275	rst	uI.addsub_inf	rst	u6.addsub_inf$_SDFFE_PP0P_/D
141	0.2275	rst	uI.addsub_inf_invalid	rst	u6.addsub_inf_invalid$_SDFFE_PP0P_/D
142	0.2275	rst	uI.mul_J_by_inf	rst	u6.mul_0_by_inf$_SDFFE_PP0P_/D
143	0.2311	uI.diffshift_gt_exponent	uI.diff_J[K]	u2.diffshift_gt_exponent$_SDFFE_PP0P_/Q	u2.diff_1[52]$_SDFFE_PP0P_/D
144	0.2313	uI.divisor_shift_J[K]	uI.divisor_b_shifted[J]	u4.divisor_shift_2[1]$_SDFFE_PP0P_/Q	u4.divisor_b_shifted[37]$_SDFFE_PP0P_/D
145	0.2314	uI.exponent_small[J]	uI.exponent_diff[J]	u2.exponent_small[0]$_SDFFE_PP0P_/Q	u2.exponent_diff[10]$_SDFFE_PP0P_/D
146	0.2315	uI.diff_shift_J[K]	uI.diff_J[K]	u2.diff_shift_2[1]$_SDFFE_PP0P_/Q	u2.diff_1[49]$_SDFFE_PP0P_/D
147	0.2318	uI.product_j[J]	uI.sum_J[K]	u3.product_j[0]$_SDFFE_PP0P_/Q	u3.sum_8[26]$_SDFFE_PP0P_/D
148	0.2362	uI.product_f[J]	uI.sum_J[K]	u3.product_f[10]$_SDFFE_PP0P_/Q	u3.sum_4[35]$_SDFFE_PP0P_/D
149	0.2395	rst	uI.product_lsb	rst	u3.product_lsb$_SDFFE_PP0P_/D
150	0.2400	uI.exponent_large[J]	uI.exponent_diff[J]	u2.exponent_large[0]$_SDFFE_PP0P_/QN	u2.exponent_diff[10]$_SDFFE_PP0P_/D
151	0.2410	rst	uI.a_gtet_b	rst	u2.a_gtet_b$_SDFFE_PP0P_/D
152	0.2411	uI.divisor_reg[J]	uI.quotient[J]	u4.divisor_reg[9]$_SDFFE_PP0P_/Q	u4.quotient[43]$_SDFFE_PP0P_/D
153	0.2411	uI.large_norm_small_denorm	uI.exponent_diff[J]	u2.large_norm_small_denorm$_SDFFE_PP0P_/Q	u2.exponent_diff[10]$_SDFFE_PP0P_/D
154	0.2411	rst	uI.a_is_norm	rst	u3.a_is_norm$_SDFFE_PP0P_/D
155	0.2411	rst	uI.b_is_norm	rst	u3.b_is_norm$_SDFFE_PP0P_/D
156	0.2423	rst	uI.enable_trigger	rst	u6.enable_trigger$_SDFFE_PP0P_/D
157	0.2423	rst	uI.invalid_trigger	rst	u6.invalid_trigger$_SDFFE_PP0P_/D
158	0.2423	rst	uI.underflow_trigger	rst	u6.underflow_trigger$_SDFFE_PP0P_/D
159	0.2473	uI.dividend_reg[J]	uI.remainder_msb	u4.dividend_reg[21]$_SDFFE_PP0P_/Q	u4.remainder_msb$_SDFFE_PP0P_/D
160	0.2505	uI.product_g[J]	uI.sum_J[K]	u3.product_g[15]$_SDFFE_PP0P_/Q	u3.sum_7[33]$_SDFFE_PP0P_/D
161	0.2508	rst	uI.dividend_shift_J[K]	rst	u4.dividend_shift_2[2]$_SDFFE_PP0P_/D
162	0.2508	rst	uI.divisor_shift_J[K]	rst	u4.divisor_shift_2[2]$_SDFFE_PP0P_/D
163	0.2518	uI.expon_uf_term_J[K]	uI.mantissa_J[K]	u4.expon_uf_term_4[1]$_SDFFE_PP0P_/Q	u4.mantissa_1[19]$_SDFFE_PP0P_/D
164	0.2535	rst	uI.opb_neg_inf	rst	u6.opb_neg_inf$_SDFFE_PP0P_/D
165	0.2535	rst	uI.opb_pos_inf	rst	u6.opb_pos_inf$_SDFFE_PP0P_/D
166	0.2540	rst	uI.opa_neg_inf	rst	u6.opa_neg_inf$_SDFFE_PP0P_/D
167	0.2540	rst	uI.opa_pos_inf	rst	u6.opa_pos_inf$_SDFFE_PP0P_/D
168	0.2545	rst	uI.mul_uf	rst	u6.mul_uf$_SDFFE_PP0P_/D
169	0.2546	rst	uI.opa_SNaN	rst	u6.opa_SNaN$_SDFFE_PP0P_/D
170	0.2546	rst	uI.opb_QNaN	rst	u6.opb_QNaN$_SDFFE_PP0P_/D
171	0.2550	rst	uI.opa_QNaN	rst	u6.opa_QNaN$_SDFFE_PP0P_/D
172	0.2573	rst	uI.b_is_zero	rst	u3.b_is_zero$_SDFFE_PP0P_/D
173	0.2573	rst	uI.exponent_et_zero	rst	u3.exponent_et_zero$_SDFFE_PP0P_/D
174	0.2573	rst	uI.exponent_gt_expoffset	rst	u3.exponent_gt_expoffset$_SDFFE_PP0P_/D
175	0.2573	rst	uI.expon_final_J_etK	rst	u4.expon_final_4_et0$_SDFFE_PP0P_/D
176	0.2573	rst	uI.expon_final_J_term	rst	u4.expon_final_4_term$_SDFFE_PP0P_/D
177	0.2589	rst	uI.opb_inf	rst	u6.opb_inf$_SDFFE_PP0P_/D
178	0.2594	rst	uI.opa_inf	rst	u6.opa_inf$_SDFFE_PP0P_/D
179	0.2620	rst	uI.multiply	rst	u6.multiply$_SDFFE_PP0P_/D
180	0.2633	uI.product_shift_J[K]	uI.product_J[K]	u3.product_shift_2[1]$_SDFFE_PP0P_/Q	u3.product_3[92]$_SDFFE_PP0P_/D
181	0.2641	rst	uI.NaN_out_trigger	rst	u6.NaN_out_trigger$_SDFFE_PP0P_/D
182	0.2642	rst	uI.SNaN_input	rst	u6.SNaN_input$_SDFFE_PP0P_/D
183	0.2652	rst	ready	rst	ready$_SDFF_PP0_/D
184	0.2652	rst	ready_I	rst	ready_1$_SDFF_PP0_/D
185	0.2655	rst	addsub_out[I]	rst	addsub_out[0]$_SDFF_PP0_/D
186	0.2655	rst	exp_addsub[I]	rst	exp_addsub[0]$_SDFF_PP0_/D
187	0.2655	rst	op_enable	rst	op_enable$_SDFFE_PP0P_/D
188	0.2655	rst	uI.expon_shift_a[J]	rst	u4.expon_shift_a[0]$_SDFFE_PP0P_/D
189	0.2655	rst	uI.expon_shift_b[J]	rst	u4.expon_shift_b[0]$_SDFFE_PP0P_/D
190	0.2663	uI.exponent_diff[J]	uI.subtra_shift[J]	u2.exponent_diff[1]$_SDFFE_PP0P_/Q	u2.subtra_shift[22]$_SDFFE_PP0P_/D
191	0.2667	rst	addsub_sign	rst	addsub_sign$_SDFF_PP0_/D
192	0.2667	rst	uI.denorm_to_norm	rst	u1.denorm_to_norm$_SDFFE_PP0P_/D
193	0.2667	rst	uI.large_norm_small_denorm	rst	u1.large_norm_small_denorm$_SDFFE_PP0P_/D
194	0.2667	rst	uI.diffshift_et_J	rst	u2.diffshift_et_55$_SDFFE_PP0P_/D
195	0.2667	rst	uI.diffshift_gt_exponent	rst	u2.diffshift_gt_exponent$_SDFFE_PP0P_/D
196	0.2667	rst	uI.expa_et_expb	rst	u2.expa_et_expb$_SDFFE_PP0P_/D
197	0.2667	rst	uI.enable_reg_J	rst	u4.enable_reg_2$_SDFFE_PP0P_/D
198	0.2667	rst	uI.SNaN_trigger	rst	u6.SNaN_trigger$_SDFFE_PP0P_/D
199	0.2667	rst	uI.add	rst	u6.add$_SDFFE_PP0P_/D
200	0.2667	rst	uI.add_inf	rst	u6.add_inf$_SDFFE_PP0P_/D
201	0.2667	rst	uI.div_J_by_K	rst	u6.div_0_by_0$_SDFFE_PP0P_/D
202	0.2667	rst	uI.div_by_J	rst	u6.div_by_0$_SDFFE_PP0P_/D
203	0.2667	rst	uI.div_inf	rst	u6.div_inf$_SDFFE_PP0P_/D
204	0.2667	rst	uI.div_uf	rst	u6.div_uf$_SDFFE_PP0P_/D
205	0.2667	rst	uI.ex_enable	rst	u6.ex_enable$_SDFFE_PP0P_/D
206	0.2667	rst	uI.exception	rst	u6.exception$_SDFFE_PP0P_/D
207	0.2667	rst	uI.inexact	rst	u6.inexact$_SDFFE_PP0P_/D
208	0.2667	rst	uI.inexact_trigger	rst	u6.inexact_trigger$_SDFFE_PP0P_/D
209	0.2667	rst	uI.invalid	rst	u6.invalid$_SDFFE_PP0P_/D
210	0.2667	rst	uI.mul_inf	rst	u6.mul_inf$_SDFFE_PP0P_/D
211	0.2667	rst	uI.out_neg_inf	rst	u6.out_neg_inf$_SDFFE_PP0P_/D
212	0.2667	rst	uI.overflow	rst	u6.overflow$_SDFFE_PP0P_/D
213	0.2667	rst	uI.round_to_pos_inf	rst	u6.round_to_pos_inf$_SDFFE_PP0P_/D
214	0.2667	rst	uI.sub_inf	rst	u6.sub_inf$_SDFFE_PP0P_/D
215	0.2667	rst	uI.subtract	rst	u6.subtract$_SDFFE_PP0P_/D
216	0.2667	rst	uI.underflow	rst	u6.underflow$_SDFFE_PP0P_/D
217	0.2668	uI.divisor_reg[J]	uI.remainder_msb	u4.divisor_reg[9]$_SDFFE_PP0P_/Q	u4.remainder_msb$_SDFFE_PP0P_/D
218	0.2675	rst	count_ready[I]	rst	count_ready[3]$_SDFFE_PP0P_/D
219	0.2682	rst	uI.in_et_zero	rst	u6.in_et_zero$_SDFFE_PP0P_/D
220	0.2689	uI.exponent_diff[J]	uI.small_shift[J]	u1.exponent_diff[1]$_SDFFE_PP0P_/Q	u1.small_shift[16]$_SDFFE_PP0P_/D
221	0.2719	uI.minuend[J]	uI.diff[J]	u2.minuend[2]$_SDFFE_PP0P_/Q	u2.diff[53]$_SDFFE_PP0P_/D
222	0.2727	uI.dividend_shift_J[K]	uI.dividend_a_shifted[J]	u4.dividend_shift_2[1]$_SDFFE_PP0P_/Q	u4.dividend_a_shifted[37]$_SDFFE_PP0P_/D
223	0.2741	uI.mul_b[J]	uI.product_d[J]	u3.mul_b[52]$_SDFFE_PP0P_/Q	u3.product_d[22]$_SDFFE_PP0P_/D
224	0.2755	uI.product_a[J]	uI.sum_J[K]	u3.product_a[21]$_SDFFE_PP0P_/Q	u3.sum_0[31]$_SDFFE_PP0P_/D
225	0.2766	uI.product_c[J]	uI.sum_J[K]	u3.product_c[0]$_SDFFE_PP0P_/Q	u3.sum_2[38]$_SDFFE_PP0P_/D
226	0.2777	uI.mul_a[J]	uI.product_d[J]	u3.mul_a[4]$_SDFFE_PP0P_/Q	u3.product_d[22]$_SDFFE_PP0P_/D
227	0.2799	mantissa_round[I]	uI.sum_round[J]	mantissa_round[7]$_SDFF_PN0_/Q	u5.sum_round[50]$_SDFF_PP0_/D
228	0.2800	uI.product_b[J]	uI.sum_J[K]	u3.product_b[4]$_SDFFE_PP0P_/Q	u3.sum_0[31]$_SDFFE_PP0P_/D
229	0.2818	uI.sub_pg_lo[J]	uI.product_g[J]	u3.sub_pg_lo[9]$_SDFFE_PP0P_/Q	u3.product_g[33]$_SDFFE_PP0P_/D
230	0.2832	uI.sub_pg_hi[J]	uI.product_g[J]	u3.sub_pg_hi[0]$_SDFFE_PP0P_/Q	u3.product_g[33]$_SDFFE_PP0P_/D
231	0.2846	rst	uI.mana_gtet_manb	rst	u2.mana_gtet_manb$_SDFFE_PP0P_/D
232	0.2857	uI.product_h[J]	uI.sum_J[K]	u3.product_h[8]$_SDFFE_PP0P_/Q	u3.sum_3[31]$_SDFFE_PP0P_/D
233	0.2877	rst	uI.round_out[J]	rst	u5.round_out[53]$_SDFF_PP0_/D
234	0.2887	rst	uI.out_inf_trigger	rst	u6.out_inf_trigger$_SDFFE_PP0P_/D
235	0.2894	rst	out[I]	rst	out[33]$_SDFFE_PP0P_/D
236	0.2913	uI.product_d[J]	uI.sum_J[K]	u3.product_d[0]$_SDFFE_PP0P_/Q	u3.sum_5[26]$_SDFFE_PP0P_/D
237	0.2917	uI.sub_pb_lo[J]	uI.product_b[J]	u3.sub_pb_lo[12]$_SDFFE_PP0P_/Q	u3.product_b[40]$_SDFFE_PP0P_/D
238	0.2941	uI.subtra_shift_J[K]	uI.diff[J]	u2.subtra_shift_3[28]$_SDFFE_PP0P_/QN	u2.diff[53]$_SDFFE_PP0P_/D
239	0.2946	rst	uI.enable_reg	rst	u4.enable_reg$_SDFF_PP0_/D
240	0.2950	uI.sub_pb_hi[J]	uI.product_b[J]	u3.sub_pb_hi[0]$_SDFFE_PP0P_/Q	u3.product_b[40]$_SDFFE_PP0P_/D
241	0.2961	rst	uI.small_is_nonzero	rst	u2.small_is_nonzero$_SDFFE_PP0P_/D
242	0.2961	rst	uI.in_zero	rst	u3.in_zero$_SDFFE_PP0P_/D
243	0.2961	rst	uI.except_trigger	rst	u6.except_trigger$_SDFFE_PP0P_/D
244	0.3029	rst	uI.enable_reg_b	rst	u4.enable_reg_b$_SDFF_PP0_/D
245	0.3029	rst	uI.sum_round_J[K]	rst	u5.sum_round_2[53]$_SDFF_PP0_/D
246	0.3042	rst	exception	rst	exception$_SDFFE_PP0P_/D
247	0.3042	rst	inexact	rst	inexact$_SDFFE_PP0P_/D
248	0.3042	rst	invalid	rst	invalid$_SDFFE_PP0P_/D
249	0.3042	rst	overflow	rst	overflow$_SDFFE_PP0P_/D
250	0.3042	rst	uI.enable_reg_c	rst	u4.enable_reg_c$_SDFF_PP0_/D
251	0.3042	rst	uI.enable_reg_d	rst	u4.enable_reg_d$_SDFF_PP0_/D
252	0.3042	rst	uI.enable_reg_e	rst	u4.enable_reg_e$_SDFF_PP0_/D
253	0.3042	rst	underflow	rst	underflow$_SDFFE_PP0P_/D
254	0.3143	rst	uI.divide	rst	u6.divide$_SDFFE_PP0P_/D
255	0.3145	rst	uI.opa_et_zero	rst	u6.opa_et_zero$_SDFFE_PP0P_/D
256	0.3147	rst	uI.opb_et_zero	rst	u6.opb_et_zero$_SDFFE_PP0P_/D
257	0.3152	uI.product[J]	uI.product_J[K]	u3.product[81]$_SDFFE_PP0P_/Q	u3.product_1[35]$_SDFFE_PP0P_/D
258	0.3165	uI.sub_pf_lo[J]	uI.product_f[J]	u3.sub_pf_lo[9]$_SDFFE_PP0P_/Q	u3.product_f[29]$_SDFFE_PP0P_/D
259	0.3168	uI.b_is_norm	uI.exponent_terms[J]	u3.b_is_norm$_SDFFE_PP0P_/Q	u3.exponent_terms[10]$_SDFFE_PP0P_/D
260	0.3169	uI.product_i[J]	uI.sum_J[K]	u3.product_i[0]$_SDFFE_PP0P_/Q	u3.sum_6[28]$_SDFFE_PP0P_/D
261	0.3179	uI.sub_pf_hi[J]	uI.product_f[J]	u3.sub_pf_hi[0]$_SDFFE_PP0P_/Q	u3.product_f[29]$_SDFFE_PP0P_/D
262	0.3184	uI.sub_pi_hi[J]	uI.product_i[J]	u3.sub_pi_hi[9]$_SDFFE_PP0P_/Q	u3.product_i[25]$_SDFFE_PP0P_/D
263	0.3187	uI.a_is_norm	uI.exponent_terms[J]	u3.a_is_norm$_SDFFE_PP0P_/Q	u3.exponent_terms[10]$_SDFFE_PP0P_/D
264	0.3197	uI.sub_pi_lo[J]	uI.product_i[J]	u3.sub_pi_lo[15]$_SDFFE_PP0P_/Q	u3.product_i[25]$_SDFFE_PP0P_/D
265	0.3256	uI.sub_pe_lo[J]	uI.product_e[J]	u3.sub_pe_lo[9]$_SDFFE_PP0P_/Q	u3.product_e[27]$_SDFFE_PP0P_/D
266	0.3270	uI.sub_pe_hi[J]	uI.product_e[J]	u3.sub_pe_hi[0]$_SDFFE_PP0P_/Q	u3.product_e[27]$_SDFFE_PP0P_/D
267	0.3314	uI.product_J[K]	uI.product_J[K]	u3.product_2[2]$_SDFFE_PP0P_/Q	u3.product_4[61]$_SDFFE_PP0P_/D
268	0.3322	uI.exponent_a[J]	uI.exponent_terms[J]	u3.exponent_a[0]$_SDFFE_PP0P_/QN	u3.exponent_terms[8]$_SDFFE_PP0P_/D
269	0.3376	uI.sub_pj_hi[J]	uI.product_j[J]	u3.sub_pj_hi[2]$_SDFFE_PP0P_/Q	u3.product_j[27]$_SDFFE_PP0P_/D
270	0.3386	uI.sub_pj_lo[J]	uI.product_j[J]	u3.sub_pj_lo[8]$_SDFFE_PP0P_/Q	u3.product_j[27]$_SDFFE_PP0P_/D
271	0.3398	rst	enable_reg	rst	enable_reg$_SDFF_PP0_/D
272	0.3419	uI.quotient_out[J]	uI.remainder_b[J]	u4.quotient_out[9]$_SDFF_PP0_/Q	u4.remainder_b[95]$_SDFFE_PP0P_/D
273	0.3582	uI.sub_pc_hi[J]	uI.product_c[J]	u3.sub_pc_hi[2]$_SDFFE_PP0P_/Q	u3.product_c[39]$_SDFFE_PP0P_/D
274	0.3585	uI.sub_pc_lo[J]	uI.product_c[J]	u3.sub_pc_lo[12]$_SDFFE_PP0P_/Q	u3.product_c[40]$_SDFFE_PP0P_/D
275	0.3590	uI.sub_ph_lo[J]	uI.product_h[J]	u3.sub_ph_lo[6]$_SDFFE_PP0P_/Q	u3.product_h[20]$_SDFFE_PP0P_/D
276	0.3624	uI.sub_ph_hi[J]	uI.product_h[J]	u3.sub_ph_hi[0]$_SDFFE_PP0P_/Q	u3.product_h[20]$_SDFFE_PP0P_/D
277	0.3634	rst	div_enable	rst	div_enable$_SDFF_PP0_/D
278	0.3653	uI.dividend_a[J]	uI.dividend_a_shifted[J]	u4.dividend_a[22]$_SDFFE_PP0P_/Q	u4.dividend_a_shifted[51]$_SDFFE_PP0P_/D
279	0.3653	uI.divisor_b[J]	uI.divisor_b_shifted[J]	u4.divisor_b[22]$_SDFFE_PP0P_/Q	u4.divisor_b_shifted[51]$_SDFFE_PP0P_/D
280	0.3677	rst	mul_enable	rst	mul_enable$_SDFF_PP0_/D
281	0.3683	uI.remainder_msb	uI.remainder_b[J]	u4.remainder_msb$_SDFFE_PP0P_/Q	u4.remainder_b[95]$_SDFFE_PP0P_/D
282	0.3726	uI.remainder_out[J]	uI.remainder_b[J]	u4.remainder_out[37]$_SDFF_PP0_/Q	u4.remainder_b[95]$_SDFFE_PP0P_/D
283	0.3743	uI.exponent_b[J]	uI.exponent_terms[J]	u3.exponent_b[1]$_SDFFE_PP0P_/Q	u3.exponent_terms[10]$_SDFFE_PP0P_/D
284	0.3792	uI.expon_uf_term_J[K]	uI.expon_uf_term_J[K]	u4.expon_uf_term_1[0]$_SDFFE_PP0P_/Q	u4.expon_uf_term_3[10]$_SDFFE_PP0P_/D
285	0.3938	opa_reg[I]	uI.dividend_reg[J]	opa_reg[57]$_SDFFE_PP0P_/Q	u4.dividend_reg[49]$_SDFFE_PP0P_/D
286	0.3973	opb_reg[I]	uI.divisor_reg[J]	opb_reg[62]$_SDFFE_PP0P_/Q	u4.divisor_reg[50]$_SDFFE_PP0P_/D
287	0.3975	uI.quotient_out[J]	uI.mantissa_J[K]	u4.quotient_out[47]$_SDFF_PP0_/Q	u4.mantissa_1[19]$_SDFFE_PP0P_/D
288	0.3975	rst	add_enable	rst	add_enable$_SDFF_PP0_/D
289	0.3975	rst	sub_enable	rst	sub_enable$_SDFF_PP0_/D
290	0.3988	mul_enable	uI.product_J[K]	mul_enable$_SDFF_PP0_/Q	u3.product_4[0]$_SDFFE_PP0P_/D
291	0.4007	uI.expon_term[J]	uI.expon_uf_J	u4.expon_term[0]$_SDFFE_PP0P_/Q	u4.expon_uf_1$_SDFFE_PP0P_/D
292	0.4007	uI.expon_shift_b[J]	uI.expon_final_J[K]	u4.expon_shift_b[0]$_SDFFE_PP0P_/Q	u4.expon_final_4[10]$_SDFFE_PP0P_/D
293	0.4019	uI.expon_final_J[K]	uI.expon_final_J[K]	u4.expon_final_3[0]$_SDFFE_PP0P_/Q	u4.expon_final_4[10]$_SDFFE_PP0P_/D
294	0.4022	uI.diff[J]	uI.diff_J[K]	u2.diff[46]$_SDFFE_PP0P_/Q	u2.diff_1[47]$_SDFFE_PP0P_/D
295	0.4027	uI.expon_final_J[K]	mantissa_round[I]	u4.expon_final_4[7]$_SDFFE_PP0P_/Q	mantissa_round[0]$_SDFF_PN0_/D
296	0.4090	uI.exponent_terms[J]	uI.exponent_under[J]	u3.exponent_terms[1]$_SDFFE_PP0P_/Q	u3.exponent_under[11]$_SDFFE_PP0P_/D
297	0.4122	opb_reg[I]	uI.expon_uf_J	opb_reg[52]$_SDFFE_PP0P_/QN	u4.expon_uf_1$_SDFFE_PP0P_/D
298	0.4273	uI.count_out[J]	uI.quotient[J]	u4.count_out[2]$_SDFFE_PP0P_/QN	u4.quotient[14]$_SDFFE_PP0P_/D
299	0.4324	uI.expon_shift_a[J]	uI.expon_uf_term_J[K]	u4.expon_shift_a[2]$_SDFFE_PP0P_/Q	u4.expon_uf_term_2[11]$_SDFFE_PP0P_/D
300	0.4350	uI.count_out[J]	uI.quotient[J]	u4.count_out[3]$_SDFFE_PP0N_/QN	u4.quotient[14]$_SDFFE_PP0P_/D
301	0.4372	uI.enable_reg_J	uI.mantissa_J[K]	u4.enable_reg_2$_SDFFE_PP0P_/Q	u4.mantissa_1[44]$_SDFFE_PP0P_/D
302	0.4375	uI.small_add[J]	uI.small_shift[J]	u1.small_add[22]$_SDFFE_PP0P_/Q	u1.small_shift[16]$_SDFFE_PP0P_/D
303	0.4392	uI.enable_reg_J	uI.expon_uf_term_J[K]	u4.enable_reg_2$_SDFFE_PP0P_/Q	u4.expon_uf_term_2[4]$_SDFFE_PP0P_/D
304	0.4405	uI.enable_reg_J	uI.expon_final_J[K]	u4.enable_reg_2$_SDFFE_PP0P_/Q	u4.expon_final_1[11]$_SDFFE_PP0P_/D
305	0.4413	uI.enable_reg_J	uI.remainder_b[J]	u4.enable_reg_2$_SDFFE_PP0P_/Q	u4.remainder_b[55]$_SDFFE_PP0P_/D
306	0.4430	opb_reg[I]	uI.expon_shift_b[J]	opb_reg[62]$_SDFFE_PP0P_/Q	u4.expon_shift_b[0]$_SDFFE_PP0P_/D
307	0.4430	uI.subtrahend[J]	uI.subtra_shift[J]	u2.subtrahend[22]$_SDFFE_PP0P_/Q	u2.subtra_shift[8]$_SDFFE_PP0P_/D
308	0.4438	count_ready[I]	count_ready[I]	count_ready[1]$_SDFFE_PP0P_/Q	count_ready[6]$_SDFFE_PP0P_/D
309	0.4442	opb_reg[I]	uI.b_is_zero	opb_reg[62]$_SDFFE_PP0P_/Q	u3.b_is_zero$_SDFFE_PP0P_/D
310	0.4450	uI.enable_reg_J	uI.expon_final_J_term	u4.enable_reg_2$_SDFFE_PP0P_/Q	u4.expon_final_4_term$_SDFFE_PP0P_/D
311	0.4450	uI.expon_final_J[K]	uI.expon_uf_term_J[K]	u4.expon_final_2[0]$_SDFFE_PP0P_/Q	u4.expon_uf_term_2[10]$_SDFFE_PP0P_/D
312	0.4453	uI.enable_reg_J	uI.dividend_a[J]	u4.enable_reg_2$_SDFFE_PP0P_/Q	u4.dividend_a[51]$_SDFFE_PP0P_/D
313	0.4453	uI.enable_reg_J	uI.divisor_b[J]	u4.enable_reg_2$_SDFFE_PP0P_/Q	u4.divisor_b[51]$_SDFFE_PP0P_/D
314	0.4454	uI.expon_final_J_term	uI.expon_final_J[K]	u4.expon_final_4_term$_SDFFE_PP0P_/Q	u4.expon_final_5[11]$_SDFFE_PP0P_/D
315	0.4457	uI.diff_shift_J[K]	uI.exponent[J]	u2.diff_shift_2[0]$_SDFFE_PP0P_/Q	u2.exponent[8]$_SDFFE_PP0P_/D
316	0.4457	uI.exponent_large[J]	uI.exponent[J]	u2.exponent_large[1]$_SDFFE_PP0P_/Q	u2.exponent[9]$_SDFFE_PP0P_/D
317	0.4457	uI.exponent_J[K]	uI.exponent_J[K]	u3.exponent_2[0]$_SDFFE_PP0P_/QN	u3.exponent_3[10]$_SDFFE_PP0P_/D
318	0.4476	opb_reg[I]	uI.expon_final_J[K]	opb_reg[52]$_SDFFE_PP0P_/Q	u4.expon_final_1[10]$_SDFFE_PP0P_/D
319	0.4514	opb_reg[I]	uI.opb_neg_inf	opb_reg[51]$_SDFFE_PP0P_/Q	u6.opb_neg_inf$_SDFFE_PP0P_/D
320	0.4514	opb_reg[I]	uI.opb_pos_inf	opb_reg[51]$_SDFFE_PP0P_/Q	u6.opb_pos_inf$_SDFFE_PP0P_/D
321	0.4541	opb_reg[I]	uI.opb_et_zero	opb_reg[62]$_SDFFE_PP0P_/Q	u6.opb_et_zero$_SDFFE_PP0P_/D
322	0.4541	uI.expon_shift_a[J]	uI.expon_final_J[K]	u4.expon_shift_a[0]$_SDFFE_PP0P_/Q	u4.expon_final_3[8]$_SDFFE_PP0P_/D
323	0.4545	sub_enable	uI.diff_J[K]	sub_enable$_SDFF_PP0_/Q	u2.diff_1[35]$_SDFFE_PP0P_/D
324	0.4547	uI.enable_reg_J	uI.expon_term[J]	u4.enable_reg_2$_SDFFE_PP0P_/Q	u4.expon_term[0]$_SDFFE_PP0P_/D
325	0.4551	uI.enable_reg_J	uI.remainder_shift_term[J]	u4.enable_reg_2$_SDFFE_PP0P_/Q	u4.remainder_shift_term[1]$_SDFFE_PP0P_/D
326	0.4561	uI.quotient_out[J]	mantissa_round[I]	u4.quotient_out[53]$_SDFF_PP0_/Q	mantissa_round[0]$_SDFF_PN0_/D
327	0.4575	uI.mantissa_a[J]	uI.mana_gtet_manb	u2.mantissa_a[19]$_SDFFE_PP0P_/Q	u2.mana_gtet_manb$_SDFFE_PP0P_/D
328	0.4575	uI.expon_term[J]	uI.expon_final_J[K]	u4.expon_term[0]$_SDFFE_PP0P_/QN	u4.expon_final_1[10]$_SDFFE_PP0P_/D
329	0.4587	uI.enable_reg_J	uI.dividend_a_shifted[J]	u4.enable_reg_2$_SDFFE_PP0P_/Q	u4.dividend_a_shifted[45]$_SDFFE_PP0P_/D
330	0.4587	uI.enable_reg_J	uI.divisor_b_shifted[J]	u4.enable_reg_2$_SDFFE_PP0P_/Q	u4.divisor_b_shifted[45]$_SDFFE_PP0P_/D
331	0.4595	mul_enable	uI.sum_J[K]	mul_enable$_SDFF_PP0_/Q	u3.sum_0[28]$_SDFFE_PP0P_/D
332	0.4598	uI.enable_reg_J	uI.expon_shift_a[J]	u4.enable_reg_2$_SDFFE_PP0P_/Q	u4.expon_shift_a[5]$_SDFFE_PP0P_/D
333	0.4598	uI.enable_reg_J	uI.expon_shift_b[J]	u4.enable_reg_2$_SDFFE_PP0P_/Q	u4.expon_shift_b[5]$_SDFFE_PP0P_/D
334	0.4600	uI.enable_reg_J	uI.expon_final_J_etK	u4.enable_reg_2$_SDFFE_PP0P_/Q	u4.expon_final_4_et0$_SDFFE_PP0P_/D
335	0.4608	opa_reg[I]	uI.expon_shift_a[J]	opa_reg[57]$_SDFFE_PP0P_/Q	u4.expon_shift_a[0]$_SDFFE_PP0P_/D
336	0.4623	opa_reg[I]	uI.exponent_out[J]	opa_reg[51]$_SDFFE_PP0P_/Q	u4.exponent_out[10]$_SDFF_PP0_/D
337	0.4663	opb_reg[I]	uI.opb_inf	opb_reg[51]$_SDFFE_PP0P_/Q	u6.opb_inf$_SDFFE_PP0P_/D
338	0.4675	uI.exponent[J]	uI.diff_J[K]	u2.exponent[7]$_SDFFE_PP0P_/Q	u2.diff_2[10]$_SDFFE_PP0P_/D
339	0.4678	uI.expon_final_J[K]	uI.expon_uf_J	u4.expon_final_2[0]$_SDFFE_PP0P_/Q	u4.expon_uf_2$_SDFFE_PP0P_/D
340	0.4680	opa_reg[I]	uI.a_is_zero	opa_reg[51]$_SDFFE_PP0P_/Q	u3.a_is_zero$_SDFFE_PP0P_/D
341	0.4712	count_cycles[I]	count_ready[I]	count_cycles[1]$_SDFF_PN0_/QN	count_ready[6]$_SDFFE_PP0P_/D
342	0.4717	sub_enable	uI.subtra_shift[J]	sub_enable$_SDFF_PP0_/Q	u2.subtra_shift[47]$_SDFFE_PP0P_/D
343	0.4719	mul_enable	uI.sub_pf_hi[J]	mul_enable$_SDFF_PP0_/Q	u3.sub_pf_hi[0]$_SDFFE_PP0P_/D
344	0.4719	mul_enable	uI.sub_pg_hi[J]	mul_enable$_SDFF_PP0_/Q	u3.sub_pg_hi[0]$_SDFFE_PP0P_/D
345	0.4719	mul_enable	uI.sub_pg_lo[J]	mul_enable$_SDFF_PP0_/Q	u3.sub_pg_lo[0]$_SDFFE_PP0P_/D
346	0.4719	mul_enable	uI.sub_ph_hi[J]	mul_enable$_SDFF_PP0_/Q	u3.sub_ph_hi[0]$_SDFFE_PP0P_/D
347	0.4719	mul_enable	uI.sub_ph_lo[J]	mul_enable$_SDFF_PP0_/Q	u3.sub_ph_lo[0]$_SDFFE_PP0P_/D
348	0.4719	mul_enable	uI.sub_pi_hi[J]	mul_enable$_SDFF_PP0_/Q	u3.sub_pi_hi[0]$_SDFFE_PP0P_/D
349	0.4719	mul_enable	uI.sub_pi_lo[J]	mul_enable$_SDFF_PP0_/Q	u3.sub_pi_lo[0]$_SDFFE_PP0P_/D
350	0.4719	mul_enable	uI.sub_pj_hi[J]	mul_enable$_SDFF_PP0_/Q	u3.sub_pj_hi[0]$_SDFFE_PP0P_/D
351	0.4719	mul_enable	uI.sub_pj_lo[J]	mul_enable$_SDFF_PP0_/Q	u3.sub_pj_lo[0]$_SDFFE_PP0P_/D
352	0.4721	uI.exponent_large[J]	uI.diffshift_gt_exponent	u2.exponent_large[1]$_SDFFE_PP0P_/Q	u2.diffshift_gt_exponent$_SDFFE_PP0P_/D
353	0.4723	mul_enable	uI.sub_pc_hi[J]	mul_enable$_SDFF_PP0_/Q	u3.sub_pc_hi[18]$_SDFFE_PP0P_/D
354	0.4728	mul_enable	uI.sub_pe_hi[J]	mul_enable$_SDFF_PP0_/Q	u3.sub_pe_hi[10]$_SDFFE_PP0P_/D
355	0.4728	mul_enable	uI.sub_pe_lo[J]	mul_enable$_SDFF_PP0_/Q	u3.sub_pe_lo[13]$_SDFFE_PP0P_/D
356	0.4728	mul_enable	uI.sub_pf_lo[J]	mul_enable$_SDFF_PP0_/Q	u3.sub_pf_lo[6]$_SDFFE_PP0P_/D
357	0.4730	mul_enable	uI.sub_pa_hi[J]	mul_enable$_SDFF_PP0_/Q	u3.sub_pa_hi[0]$_SDFFE_PP0P_/D
358	0.4730	mul_enable	uI.sub_pa_lo[J]	mul_enable$_SDFF_PP0_/Q	u3.sub_pa_lo[0]$_SDFFE_PP0P_/D
359	0.4730	mul_enable	uI.sub_pb_hi[J]	mul_enable$_SDFF_PP0_/Q	u3.sub_pb_hi[0]$_SDFFE_PP0P_/D
360	0.4730	mul_enable	uI.sub_pb_lo[J]	mul_enable$_SDFF_PP0_/Q	u3.sub_pb_lo[0]$_SDFFE_PP0P_/D
361	0.4730	mul_enable	uI.sub_pc_lo[J]	mul_enable$_SDFF_PP0_/Q	u3.sub_pc_lo[0]$_SDFFE_PP0P_/D
362	0.4753	opa_reg[I]	uI.expon_term[J]	opa_reg[52]$_SDFFE_PP0P_/Q	u4.expon_term[7]$_SDFFE_PP0P_/D
363	0.4753	mul_enable	uI.exponent_J[K]	mul_enable$_SDFF_PP0_/Q	u3.exponent_1[3]$_SDFFE_PP0P_/D
364	0.4758	uI.enable_reg_J	uI.enable_reg_J	u4.enable_reg_2$_SDFFE_PP0P_/Q	u4.enable_reg_2$_SDFFE_PP0P_/D
365	0.4760	uI.diff_shift_J[K]	uI.diffshift_gt_exponent	u2.diff_shift_2[0]$_SDFFE_PP0P_/Q	u2.diffshift_gt_exponent$_SDFFE_PP0P_/D
366	0.4769	enable	enable_reg_I	enable	enable_reg_1$_SDFF_PP0_/D
367	0.4795	mul_enable	uI.exponent_gt_prodshift	mul_enable$_SDFF_PP0_/Q	u3.exponent_gt_prodshift$_SDFFE_PP0P_/D
368	0.4811	mul_enable	uI.sign	mul_enable$_SDFF_PP0_/Q	u3.sign$_SDFFE_PP0P_/D
369	0.4824	mul_enable	uI.b_is_zero	mul_enable$_SDFF_PP0_/Q	u3.b_is_zero$_SDFFE_PP0P_/D
370	0.4824	mul_enable	uI.exponent_et_zero	mul_enable$_SDFF_PP0_/Q	u3.exponent_et_zero$_SDFFE_PP0P_/D
371	0.4824	mul_enable	uI.mul_a[J]	mul_enable$_SDFF_PP0_/Q	u3.mul_a[52]$_SDFFE_PP0P_/D
372	0.4824	mul_enable	uI.mul_b[J]	mul_enable$_SDFF_PP0_/Q	u3.mul_b[52]$_SDFFE_PP0P_/D
373	0.4824	mul_enable	uI.product[J]	mul_enable$_SDFF_PP0_/Q	u3.product[105]$_SDFFE_PP0P_/D
374	0.4826	mul_enable	uI.mantissa_b[J]	mul_enable$_SDFF_PP0_/Q	u3.mantissa_b[45]$_SDFFE_PP0P_/D
375	0.4827	mul_enable	uI.mantissa_a[J]	mul_enable$_SDFF_PP0_/Q	u3.mantissa_a[51]$_SDFFE_PP0P_/D
376	0.4855	uI.exponent_a[J]	uI.expa_gt_expb	u1.exponent_a[1]$_SDFFE_PP0P_/Q	u1.expa_gt_expb$_SDFFE_PP0P_/D
377	0.4858	uI.expon_shift_a[J]	uI.expon_uf_J	u4.expon_shift_a[0]$_SDFFE_PP0P_/QN	u4.expon_uf_2$_SDFFE_PP0P_/D
378	0.4859	uI.mantissa_b[J]	uI.mana_gtet_manb	u2.mantissa_b[18]$_SDFFE_PP0P_/QN	u2.mana_gtet_manb$_SDFFE_PP0P_/D
379	0.4873	mul_enable	uI.exponent_gt_expoffset	mul_enable$_SDFF_PP0_/Q	u3.exponent_gt_expoffset$_SDFFE_PP0P_/D
380	0.4875	exception	exception	exception$_SDFFE_PP0P_/Q	exception
381	0.4875	inexact	inexact	inexact$_SDFFE_PP0P_/Q	inexact
382	0.4875	invalid	invalid	invalid$_SDFFE_PP0P_/Q	invalid
383	0.4875	out[I]	out[I]	out[0]$_SDFFE_PP0P_/Q	out[0]
384	0.4875	overflow	overflow	overflow$_SDFFE_PP0P_/Q	overflow
385	0.4875	underflow	underflow	underflow$_SDFFE_PP0P_/Q	underflow
386	0.4896	ready	ready	ready$_SDFF_PP0_/Q	ready
387	0.4953	opb_reg[I]	uI.opb_QNaN	opb_reg[51]$_SDFFE_PP0P_/Q	u6.opb_QNaN$_SDFFE_PP0P_/D
388	0.4970	opb_reg[I]	uI.opb_SNaN	opb_reg[51]$_SDFFE_PP0P_/Q	u6.opb_SNaN$_SDFFE_PP0P_/D
389	0.5018	mul_enable	uI.product_lsb	mul_enable$_SDFF_PP0_/Q	u3.product_lsb$_SDFFE_PP0P_/D
390	0.5019	uI.exponent_terms[J]	uI.exponent_gt_expoffset	u3.exponent_terms[3]$_SDFFE_PP0P_/Q	u3.exponent_gt_expoffset$_SDFFE_PP0P_/D
391	0.5022	opa[I]	opa_reg[I]	opa[10]	opa_reg[10]$_SDFFE_PP0P_/D
392	0.5022	fpu_op[I]	fpu_op_reg[I]	fpu_op[0]	fpu_op_reg[0]$_SDFFE_PP0P_/D
393	0.5022	opb[I]	opb_reg[I]	opb[0]	opb_reg[0]$_SDFFE_PP0P_/D
394	0.5026	add_enable	uI.small_shift[J]	add_enable$_SDFF_PP0_/Q	u1.small_shift[47]$_SDFFE_PP0P_/D
395	0.5031	rmode[I]	rmode_reg[I]	rmode[1]	rmode_reg[1]$_SDFFE_PP0P_/D
396	0.5046	enable	enable_reg	enable	enable_reg$_SDFF_PP0_/D
397	0.5047	uI.expon_final_J_etK	mantissa_round[I]	u4.expon_final_4_et0$_SDFFE_PP0P_/Q	mantissa_round[0]$_SDFF_PN0_/D
398	0.5097	opa_reg[I]	uI.opa_neg_inf	opa_reg[51]$_SDFFE_PP0P_/Q	u6.opa_neg_inf$_SDFFE_PP0P_/D
399	0.5097	opa_reg[I]	uI.opa_pos_inf	opa_reg[51]$_SDFFE_PP0P_/Q	u6.opa_pos_inf$_SDFFE_PP0P_/D
400	0.5111	uI.enable_reg_J	uI.expon_uf_J	u4.enable_reg_2$_SDFFE_PP0P_/Q	u4.expon_uf_1$_SDFFE_PP0P_/D
401	0.5128	uI.expon_uf_term_J[K]	uI.remainder_shift_term[J]	u4.expon_uf_term_4[2]$_SDFFE_PP0P_/Q	u4.remainder_shift_term[5]$_SDFFE_PP0P_/D
402	0.5153	mul_enable	uI.a_is_norm	mul_enable$_SDFF_PP0_/Q	u3.a_is_norm$_SDFFE_PP0P_/D
403	0.5153	mul_enable	uI.b_is_norm	mul_enable$_SDFF_PP0_/Q	u3.b_is_norm$_SDFFE_PP0P_/D
404	0.5154	uI.exponent_b[J]	uI.expa_gt_expb	u1.exponent_b[1]$_SDFFE_PP0P_/QN	u1.expa_gt_expb$_SDFFE_PP0P_/D
405	0.5171	uI.remainder_shift_term[J]	uI.remainder_shift_term[J]	u4.remainder_shift_term[6]$_SDFFE_PP0P_/Q	u4.remainder_shift_term[6]$_SDFFE_PP0P_/D
406	0.5176	uI.enable_reg_J	uI.divisor_shift_J[K]	u4.enable_reg_2$_SDFFE_PP0P_/Q	u4.divisor_shift_2[5]$_SDFFE_PP0P_/D
407	0.5194	uI.enable_reg_J	uI.dividend_shift_J[K]	u4.enable_reg_2$_SDFFE_PP0P_/Q	u4.dividend_shift_2[4]$_SDFFE_PP0P_/D
408	0.5197	uI.exponent[J]	uI.exponent_J[K]	u1.exponent[1]$_SDFFE_PP0P_/Q	u1.exponent_2[10]$_SDFFE_PP0P_/D
409	0.5220	opa_reg[I]	uI.opa_et_zero	opa_reg[51]$_SDFFE_PP0P_/Q	u6.opa_et_zero$_SDFFE_PP0P_/D
410	0.5225	fpu_op_reg[I]	mantissa_round[I]	fpu_op_reg[2]$_SDFFE_PP0P_/Q	mantissa_round[36]$_SDFF_PN0_/D
411	0.5235	opa_reg[I]	uI.opa_inf	opa_reg[51]$_SDFFE_PP0P_/Q	u6.opa_inf$_SDFFE_PP0P_/D
412	0.5250	uI.denorm_to_norm	uI.exponent_J[K]	u1.denorm_to_norm$_SDFFE_PP0P_/Q	u1.exponent_2[9]$_SDFFE_PP0P_/D
413	0.5263	opa_reg[I]	uI.opa_QNaN	opa_reg[51]$_SDFFE_PP0P_/Q	u6.opa_QNaN$_SDFFE_PP0P_/D
414	0.5263	opa_reg[I]	uI.opa_SNaN	opa_reg[51]$_SDFFE_PP0P_/Q	u6.opa_SNaN$_SDFFE_PP0P_/D
415	0.5293	uI.count_nonzero_reg	uI.quotient[J]	u4.count_nonzero_reg$_SDFF_PP0_/Q	u4.quotient[47]$_SDFFE_PP0P_/D
416	0.5309	uI.remainder_b[J]	mantissa_round[I]	u4.remainder_b[75]$_SDFFE_PP0P_/Q	mantissa_round[0]$_SDFF_PN0_/D
417	0.5313	uI.sum[J]	uI.exponent[J]	u1.sum[55]$_SDFFE_PP0P_/Q	u1.exponent[9]$_SDFFE_PP0P_/D
418	0.5324	sub_enable	uI.exponent[J]	sub_enable$_SDFF_PP0_/Q	u2.exponent[9]$_SDFFE_PP0P_/D
419	0.5345	uI.count_nonzero_reg	uI.dividend_reg[J]	u4.count_nonzero_reg$_SDFF_PP0_/Q	u4.dividend_reg[46]$_SDFFE_PP0P_/D
420	0.5365	sub_enable	uI.diff[J]	sub_enable$_SDFF_PP0_/Q	u2.diff[23]$_SDFFE_PP0P_/D
421	0.5376	uI.ex_enable	out[I]	u6.ex_enable$_SDFFE_PP0P_/Q	out[34]$_SDFFE_PP0P_/D
422	0.5379	uI.count_out[J]	uI.count_out[J]	u4.count_out[1]$_SDFFE_PP0N_/QN	u4.count_out[0]$_SDFFE_PP0P_/D
423	0.5389	exponent_round[I]	uI.exponent_round[J]	exponent_round[3]$_SDFF_PN0_/Q	u5.exponent_round[11]$_SDFF_PP0_/D
424	0.5389	uI.enable_reg_e	uI.dividend_reg[J]	u4.enable_reg_e$_SDFF_PP0_/Q	u4.dividend_reg[53]$_SDFFE_PP0P_/D
425	0.5412	uI.count_out[J]	uI.count_out[J]	u4.count_out[0]$_SDFFE_PP0P_/QN	u4.count_out[0]$_SDFFE_PP0P_/D
426	0.5434	sub_enable	uI.mantissa_large[J]	sub_enable$_SDFF_PP0_/Q	u2.mantissa_large[51]$_SDFFE_PP0P_/D
427	0.5434	sub_enable	uI.mantissa_small[J]	sub_enable$_SDFF_PP0_/Q	u2.mantissa_small[51]$_SDFFE_PP0P_/D
428	0.5450	sub_enable	uI.exponent_large[J]	sub_enable$_SDFF_PP0_/Q	u2.exponent_large[10]$_SDFFE_PP0P_/D
429	0.5450	sub_enable	uI.exponent_small[J]	sub_enable$_SDFF_PP0_/Q	u2.exponent_small[10]$_SDFFE_PP0P_/D
430	0.5456	uI.exponent_J[K]	uI.exponent_gt_prodshift	u3.exponent_2[1]$_SDFFE_PP0P_/Q	u3.exponent_gt_prodshift$_SDFFE_PP0P_/D
431	0.5481	count_ready[I]	ready_I	count_ready[1]$_SDFFE_PP0P_/Q	ready_0$_SDFF_PP0_/D
432	0.5483	uI.remainder_out[J]	mantissa_round[I]	u4.remainder_out[31]$_SDFF_PP0_/Q	mantissa_round[0]$_SDFF_PN0_/D
433	0.5483	sub_enable	uI.exponent_J[K]	sub_enable$_SDFF_PP0_/Q	u2.exponent_2[2]$_SDFFE_PP0P_/D
434	0.5487	uI.expa_gt_expb	uI.mantissa_large[J]	u1.expa_gt_expb$_SDFFE_PP0P_/Q	u1.mantissa_large[29]$_SDFFE_PP0P_/D
435	0.5541	uI.enable_reg_e	uI.divisor_reg[J]	u4.enable_reg_e$_SDFF_PP0_/Q	u4.divisor_reg[10]$_SDFFE_PP0P_/D
436	0.5545	mul_enable	uI.in_zero	mul_enable$_SDFF_PP0_/Q	u3.in_zero$_SDFFE_PP0P_/D
437	0.5553	fpu_op_reg[I]	count_cycles[I]	fpu_op_reg[2]$_SDFFE_PP0P_/Q	count_cycles[2]$_SDFF_PN0_/D
438	0.5554	uI.sum[J]	uI.sum_J[K]	u1.sum[55]$_SDFFE_PP0P_/Q	u1.sum_2[49]$_SDFFE_PP0P_/D
439	0.5568	sub_enable	uI.diffshift_gt_exponent	sub_enable$_SDFF_PP0_/Q	u2.diffshift_gt_exponent$_SDFFE_PP0P_/D
440	0.5570	sub_enable	uI.diffshift_et_J	sub_enable$_SDFF_PP0_/Q	u2.diffshift_et_55$_SDFFE_PP0P_/D
441	0.5570	sub_enable	uI.large_is_denorm	sub_enable$_SDFF_PP0_/Q	u2.large_is_denorm$_SDFFE_PP0P_/D
442	0.5570	sub_enable	uI.mantissa_a[J]	sub_enable$_SDFF_PP0_/Q	u2.mantissa_a[51]$_SDFFE_PP0P_/D
443	0.5570	sub_enable	uI.mantissa_b[J]	sub_enable$_SDFF_PP0_/Q	u2.mantissa_b[51]$_SDFFE_PP0P_/D
444	0.5570	sub_enable	uI.minuend[J]	sub_enable$_SDFF_PP0_/Q	u2.minuend[54]$_SDFFE_PP0P_/D
445	0.5570	sub_enable	uI.subtra_shift_J[K]	sub_enable$_SDFF_PP0_/Q	u2.subtra_shift_3[54]$_SDFFE_PP0P_/D
446	0.5570	sub_enable	uI.subtrahend[J]	sub_enable$_SDFF_PP0_/Q	u2.subtrahend[54]$_SDFFE_PP0P_/D
447	0.5578	uI.count_out[J]	uI.count_out[J]	u4.count_out[1]$_SDFFE_PP0N_/QN	u4.count_out[1]$_SDFFE_PP0N_/D
448	0.5579	uI.quotient_out[J]	uI.expon_final_J[K]	u4.quotient_out[53]$_SDFF_PP0_/Q	u4.expon_final_5[6]$_SDFFE_PP0P_/D
449	0.5590	sub_enable	uI.expa_gt_expb	sub_enable$_SDFF_PP0_/Q	u2.expa_gt_expb$_SDFFE_PP0P_/D
450	0.5591	uI.exponent_et_zero	uI.product_J[K]	u3.exponent_et_zero$_SDFFE_PP0P_/Q	u3.product_6[94]$_SDFFE_PP0P_/D
451	0.5596	mul_enable	uI.a_is_zero	mul_enable$_SDFF_PP0_/Q	u3.a_is_zero$_SDFFE_PP0P_/D
452	0.5598	add_enable	uI.sum[J]	add_enable$_SDFF_PP0_/Q	u1.sum[47]$_SDFFE_PP0P_/D
453	0.5600	sub_enable	uI.small_is_denorm	sub_enable$_SDFF_PP0_/Q	u2.small_is_denorm$_SDFFE_PP0P_/D
454	0.5606	sub_enable	uI.large_norm_small_denorm	sub_enable$_SDFF_PP0_/Q	u2.large_norm_small_denorm$_SDFFE_PP0P_/D
455	0.5612	uI.count_out[J]	uI.count_out[J]	u4.count_out[0]$_SDFFE_PP0P_/QN	u4.count_out[1]$_SDFFE_PP0N_/D
456	0.5654	sub_enable	uI.expa_et_expb	sub_enable$_SDFF_PP0_/Q	u2.expa_et_expb$_SDFFE_PP0P_/D
457	0.5654	sub_enable	uI.sign	sub_enable$_SDFF_PP0_/Q	u2.sign$_SDFFE_PP0P_/D
458	0.5691	add_enable	uI.small_shift_J[K]	add_enable$_SDFF_PP0_/Q	u1.small_shift_3[32]$_SDFFE_PP0P_/D
459	0.5696	add_enable	addsub_out[I]	add_enable$_SDFF_PP0_/Q	addsub_out[22]$_SDFF_PP0_/D
460	0.5696	add_enable	exp_addsub[I]	add_enable$_SDFF_PP0_/Q	exp_addsub[0]$_SDFF_PP0_/D
461	0.5696	add_enable	uI.exponent_a[J]	add_enable$_SDFF_PP0_/Q	u1.exponent_a[0]$_SDFFE_PP0P_/D
462	0.5696	add_enable	uI.exponent_b[J]	add_enable$_SDFF_PP0_/Q	u1.exponent_b[0]$_SDFFE_PP0P_/D
463	0.5696	add_enable	uI.exponent_diff[J]	add_enable$_SDFF_PP0_/Q	u1.exponent_diff[0]$_SDFFE_PP0P_/D
464	0.5696	add_enable	uI.large_add[J]	add_enable$_SDFF_PP0_/Q	u1.large_add[10]$_SDFFE_PP0P_/D
465	0.5696	add_enable	uI.mantissa_a[J]	add_enable$_SDFF_PP0_/Q	u1.mantissa_a[0]$_SDFFE_PP0P_/D
466	0.5696	add_enable	uI.mantissa_b[J]	add_enable$_SDFF_PP0_/Q	u1.mantissa_b[0]$_SDFFE_PP0P_/D
467	0.5696	add_enable	uI.small_add[J]	add_enable$_SDFF_PP0_/Q	u1.small_add[10]$_SDFFE_PP0P_/D
468	0.5703	op_enable	uI.mul_uf	op_enable$_SDFFE_PP0P_/Q	u6.mul_uf$_SDFFE_PP0P_/D
469	0.5713	uI.a_gtet_b	uI.mantissa_large[J]	u2.a_gtet_b$_SDFFE_PP0P_/Q	u2.mantissa_large[33]$_SDFFE_PP0P_/D
470	0.5718	uI.sum[J]	uI.sum[J]	u1.sum[55]$_SDFFE_PP0P_/Q	u1.sum[55]$_SDFFE_PP0P_/D
471	0.5720	uI.mantissa_small[J]	uI.small_shift_J[K]	u1.mantissa_small[51]$_SDFFE_PP0P_/Q	u1.small_shift_3[0]$_SDFFE_PP0P_/D
472	0.5734	uI.divisor_shift_J[K]	uI.divisor_shift_J[K]	u4.divisor_shift_2[1]$_SDFFE_PP0P_/Q	u4.divisor_shift_2[1]$_SDFFE_PP0P_/D
473	0.5738	add_enable	uI.exponent[J]	add_enable$_SDFF_PP0_/Q	u1.exponent[10]$_SDFFE_PP0P_/D
474	0.5738	add_enable	uI.exponent_J[K]	add_enable$_SDFF_PP0_/Q	u1.exponent_2[10]$_SDFFE_PP0P_/D
475	0.5738	add_enable	uI.large_norm_small_denorm	add_enable$_SDFF_PP0_/Q	u1.large_norm_small_denorm$_SDFFE_PP0P_/D
476	0.5759	op_enable	uI.opa_QNaN	op_enable$_SDFFE_PP0P_/Q	u6.opa_QNaN$_SDFFE_PP0P_/D
477	0.5759	op_enable	uI.opa_SNaN	op_enable$_SDFFE_PP0P_/Q	u6.opa_SNaN$_SDFFE_PP0P_/D
478	0.5765	uI.sum_round[J]	uI.sum_round_J[K]	u5.sum_round[55]$_SDFF_PP0_/Q	u5.sum_round_2[33]$_SDFF_PP0_/D
479	0.5770	rmode_reg[I]	uI.exponent_final[J]	rmode_reg[0]$_SDFFE_PP0P_/Q	u5.exponent_final[0]$_SDFF_PP0_/D
480	0.5770	rmode_reg[I]	uI.sum_final[J]	rmode_reg[0]$_SDFFE_PP0P_/Q	u5.sum_final[10]$_SDFF_PP0_/D
481	0.5775	uI.divisor_shift_J[K]	uI.expon_shift_b[J]	u4.divisor_shift_2[1]$_SDFFE_PP0P_/Q	u4.expon_shift_b[1]$_SDFFE_PP0P_/D
482	0.5782	sub_enable	uI.mana_gtet_manb	sub_enable$_SDFF_PP0_/Q	u2.mana_gtet_manb$_SDFFE_PP0P_/D
483	0.5789	uI.product_shift_J[K]	uI.exponent_gt_prodshift	u3.product_shift_2[1]$_SDFFE_PP0P_/QN	u3.exponent_gt_prodshift$_SDFFE_PP0P_/D
484	0.5799	uI.a_gtet_b	uI.sign	u2.a_gtet_b$_SDFFE_PP0P_/Q	u2.sign$_SDFFE_PP0P_/D
485	0.5824	op_enable	uI.out_J[K]	op_enable$_SDFFE_PP0P_/Q	u6.out_2[23]$_SDFFE_PP0P_/D
486	0.5828	count_cycles[I]	ready_I	count_cycles[1]$_SDFF_PN0_/QN	ready_0$_SDFF_PP0_/D
487	0.5833	uI.round_out[J]	uI.in_et_zero	u5.round_out[56]$_SDFF_PP0_/Q	u6.in_et_zero$_SDFFE_PP0P_/D
488	0.5838	add_enable	uI.expa_gt_expb	add_enable$_SDFF_PP0_/Q	u1.expa_gt_expb$_SDFFE_PP0P_/D
489	0.5839	uI.exponent_gt_expoffset	uI.product_J[K]	u3.exponent_gt_expoffset$_SDFFE_PP0P_/Q	u3.product_2[39]$_SDFFE_PP0P_/D
490	0.5842	uI.exponent_gt_prodshift	uI.product_J[K]	u3.exponent_gt_prodshift$_SDFFE_PP0P_/Q	u3.product_5[39]$_SDFFE_PP0P_/D
491	0.5850	op_enable	uI.NaN_output[J]	op_enable$_SDFFE_PP0P_/Q	u6.NaN_output[51]$_SDFFE_PP0P_/D
492	0.5850	op_enable	uI.SNaN_trigger	op_enable$_SDFFE_PP0P_/Q	u6.SNaN_trigger$_SDFFE_PP0P_/D
493	0.5850	op_enable	uI.add_inf	op_enable$_SDFFE_PP0P_/Q	u6.add_inf$_SDFFE_PP0P_/D
494	0.5850	op_enable	uI.div_uf	op_enable$_SDFFE_PP0P_/Q	u6.div_uf$_SDFFE_PP0P_/D
495	0.5850	op_enable	uI.inexact_trigger	op_enable$_SDFFE_PP0P_/Q	u6.inexact_trigger$_SDFFE_PP0P_/D
496	0.5850	op_enable	uI.round_to_pos_inf	op_enable$_SDFFE_PP0P_/Q	u6.round_to_pos_inf$_SDFFE_PP0P_/D
497	0.5850	op_enable	uI.sub_inf	op_enable$_SDFFE_PP0P_/Q	u6.sub_inf$_SDFFE_PP0P_/D
498	0.5852	op_enable	uI.div_J_by_K	op_enable$_SDFFE_PP0P_/Q	u6.div_0_by_0$_SDFFE_PP0P_/D
499	0.5852	op_enable	uI.div_by_J	op_enable$_SDFFE_PP0P_/Q	u6.div_by_0$_SDFFE_PP0P_/D
500	0.5852	op_enable	uI.div_inf	op_enable$_SDFFE_PP0P_/Q	u6.div_inf$_SDFFE_PP0P_/D
501	0.5852	op_enable	uI.mul_inf	op_enable$_SDFFE_PP0P_/Q	u6.mul_inf$_SDFFE_PP0P_/D
502	0.5865	uI.remainder_msb	mantissa_round[I]	u4.remainder_msb$_SDFFE_PP0P_/Q	mantissa_round[0]$_SDFF_PN0_/D
503	0.5867	sub_enable	uI.a_gtet_b	sub_enable$_SDFF_PP0_/Q	u2.a_gtet_b$_SDFFE_PP0P_/D
504	0.5901	op_enable	uI.out_pos_inf	op_enable$_SDFFE_PP0P_/Q	u6.out_pos_inf$_SDFFE_PP0P_/D
505	0.5901	op_enable	uI.overflow_trigger	op_enable$_SDFFE_PP0P_/Q	u6.overflow_trigger$_SDFFE_PP0P_/D
506	0.5901	op_enable	uI.round_to_neg_inf	op_enable$_SDFFE_PP0P_/Q	u6.round_to_neg_inf$_SDFFE_PP0P_/D
507	0.5901	op_enable	uI.round_to_zero	op_enable$_SDFFE_PP0P_/Q	u6.round_to_zero$_SDFFE_PP0P_/D
508	0.5901	op_enable	uI.exception	op_enable$_SDFFE_PP0P_/Q	u6.exception$_SDFFE_PP0P_/D
509	0.5901	op_enable	uI.inexact	op_enable$_SDFFE_PP0P_/Q	u6.inexact$_SDFFE_PP0P_/D
510	0.5901	op_enable	uI.out[J]	op_enable$_SDFFE_PP0P_/Q	u6.out[63]$_SDFFE_PP0P_/D
511	0.5901	op_enable	uI.overflow	op_enable$_SDFFE_PP0P_/Q	u6.overflow$_SDFFE_PP0P_/D
512	0.5901	op_enable	uI.underflow	op_enable$_SDFFE_PP0P_/Q	u6.underflow$_SDFFE_PP0P_/D
513	0.5913	op_enable	uI.add	op_enable$_SDFFE_PP0P_/Q	u6.add$_SDFFE_PP0P_/D
514	0.5913	op_enable	uI.ex_enable	op_enable$_SDFFE_PP0P_/Q	u6.ex_enable$_SDFFE_PP0P_/D
515	0.5913	op_enable	uI.invalid	op_enable$_SDFFE_PP0P_/Q	u6.invalid$_SDFFE_PP0P_/D
516	0.5913	op_enable	uI.out_neg_inf	op_enable$_SDFFE_PP0P_/Q	u6.out_neg_inf$_SDFFE_PP0P_/D
517	0.5913	op_enable	uI.subtract	op_enable$_SDFFE_PP0P_/Q	u6.subtract$_SDFFE_PP0P_/D
518	0.5929	uI.a_gtet_b	uI.exponent_large[J]	u2.a_gtet_b$_SDFFE_PP0P_/Q	u2.exponent_large[0]$_SDFFE_PP0P_/D
519	0.5929	uI.a_gtet_b	uI.exponent_small[J]	u2.a_gtet_b$_SDFFE_PP0P_/Q	u2.exponent_small[4]$_SDFFE_PP0P_/D
520	0.5929	uI.a_gtet_b	uI.mantissa_small[J]	u2.a_gtet_b$_SDFFE_PP0P_/Q	u2.mantissa_small[0]$_SDFFE_PP0P_/D
521	0.5938	uI.small_is_nonzero	uI.subtra_shift_J[K]	u2.small_is_nonzero$_SDFFE_PP0P_/Q	u2.subtra_shift_3[0]$_SDFFE_PP0P_/D
522	0.5941	uI.expa_gt_expb	uI.expa_gt_expb	u1.expa_gt_expb$_SDFFE_PP0P_/Q	u1.expa_gt_expb$_SDFFE_PP0P_/D
523	0.5945	uI.small_shift[J]	uI.small_shift_J[K]	u1.small_shift[43]$_SDFFE_PP0P_/Q	u1.small_shift_3[0]$_SDFFE_PP0P_/D
524	0.5956	fpu_op_reg[I]	div_enable	fpu_op_reg[0]$_SDFFE_PP0P_/QN	div_enable$_SDFF_PP0_/D
525	0.5968	fpu_op_reg[I]	sign_round	fpu_op_reg[2]$_SDFFE_PP0P_/Q	sign_round$_SDFF_PN0_/D
526	0.5970	sign_round	uI.exponent_final[J]	sign_round$_SDFF_PN0_/Q	u5.exponent_final[0]$_SDFF_PP0_/D
527	0.5970	sign_round	uI.sum_final[J]	sign_round$_SDFF_PN0_/Q	u5.sum_final[10]$_SDFF_PP0_/D
528	0.5973	op_enable	uI.NaN_input	op_enable$_SDFFE_PP0P_/Q	u6.NaN_input$_SDFFE_PP0P_/D
529	0.5975	op_enable	uI.opa_neg_inf	op_enable$_SDFFE_PP0P_/Q	u6.opa_neg_inf$_SDFFE_PP0P_/D
530	0.5975	op_enable	uI.opa_pos_inf	op_enable$_SDFFE_PP0P_/Q	u6.opa_pos_inf$_SDFFE_PP0P_/D
531	0.5976	uI.NaN_out_trigger	uI.out_J[K]	u6.NaN_out_trigger$_SDFFE_PP0P_/Q	u6.out_2[14]$_SDFFE_PP0P_/D
532	0.5986	uI.expon_final_J_etK	uI.expon_final_J_etK	u4.expon_final_4_et0$_SDFFE_PP0P_/Q	u4.expon_final_4_et0$_SDFFE_PP0P_/D
533	0.5991	fpu_op_reg[I]	exponent_round[I]	fpu_op_reg[0]$_SDFFE_PP0P_/QN	exponent_round[10]$_SDFF_PN0_/D
534	0.5996	op_enable	uI.addsub_inf_invalid	op_enable$_SDFFE_PP0P_/Q	u6.addsub_inf_invalid$_SDFFE_PP0P_/D
535	0.5996	op_enable	uI.NaN_out_trigger	op_enable$_SDFFE_PP0P_/Q	u6.NaN_out_trigger$_SDFFE_PP0P_/D
536	0.5998	op_enable	uI.SNaN_input	op_enable$_SDFFE_PP0P_/Q	u6.SNaN_input$_SDFFE_PP0P_/D
537	0.6000	add_enable	uI.sum_J[K]	add_enable$_SDFF_PP0_/Q	u1.sum_2[10]$_SDFFE_PP0P_/D
538	0.6005	op_enable	op_enable	op_enable$_SDFFE_PP0P_/Q	op_enable$_SDFFE_PP0P_/D
539	0.6005	op_enable	uI.NaN_output_J[K]	op_enable$_SDFFE_PP0P_/Q	u6.NaN_output_0[61]$_SDFFE_PP0P_/D
540	0.6010	mantissa_round[I]	uI.exponent_final[J]	mantissa_round[1]$_SDFF_PN0_/Q	u5.exponent_final[0]$_SDFF_PP0_/D
541	0.6010	mantissa_round[I]	uI.sum_final[J]	mantissa_round[1]$_SDFF_PN0_/Q	u5.sum_final[10]$_SDFF_PP0_/D
542	0.6015	add_enable	uI.mantissa_large[J]	add_enable$_SDFF_PP0_/Q	u1.mantissa_large[0]$_SDFFE_PP0P_/D
543	0.6015	add_enable	uI.mantissa_small[J]	add_enable$_SDFF_PP0_/Q	u1.mantissa_small[10]$_SDFFE_PP0P_/D
544	0.6027	op_enable	uI.in_et_zero	op_enable$_SDFFE_PP0P_/Q	u6.in_et_zero$_SDFFE_PP0P_/D
545	0.6034	uI.subtra_shift[J]	uI.subtra_shift_J[K]	u2.subtra_shift[50]$_SDFFE_PP0P_/Q	u2.subtra_shift_3[0]$_SDFFE_PP0P_/D
546	0.6047	uI.mantissa_small[J]	uI.small_is_nonzero	u2.mantissa_small[51]$_SDFFE_PP0P_/Q	u2.small_is_nonzero$_SDFFE_PP0P_/D
547	0.6054	op_enable	uI.opb_neg_inf	op_enable$_SDFFE_PP0P_/Q	u6.opb_neg_inf$_SDFFE_PP0P_/D
548	0.6054	op_enable	uI.opb_pos_inf	op_enable$_SDFFE_PP0P_/Q	u6.opb_pos_inf$_SDFFE_PP0P_/D
549	0.6058	fpu_op_reg[I]	uI.sign	fpu_op_reg[2]$_SDFFE_PP0P_/Q	u2.sign$_SDFFE_PP0P_/D
550	0.6060	uI.SNaN_trigger	uI.NaN_output[J]	u6.SNaN_trigger$_SDFFE_PP0P_/Q	u6.NaN_output[10]$_SDFFE_PP0P_/D
551	0.6065	op_enable	uI.opb_QNaN	op_enable$_SDFFE_PP0P_/Q	u6.opb_QNaN$_SDFFE_PP0P_/D
552	0.6066	uI.out_inf_trigger	uI.out_J[K]	u6.out_inf_trigger$_SDFFE_PP0P_/Q	u6.out_1[13]$_SDFFE_PP0P_/D
553	0.6068	uI.count_nonzero_reg_J	uI.remainder[J]	u4.count_nonzero_reg_2$_SDFF_PP0_/Q	u4.remainder[11]$_SDFFE_PP0P_/D
554	0.6078	uI.count_nonzero_reg_J	uI.remainder_msb	u4.count_nonzero_reg_2$_SDFF_PP0_/Q	u4.remainder_msb$_SDFFE_PP0P_/D
555	0.6090	op_enable	uI.opb_SNaN	op_enable$_SDFFE_PP0P_/Q	u6.opb_SNaN$_SDFFE_PP0P_/D
556	0.6108	op_enable	uI.opb_inf	op_enable$_SDFFE_PP0P_/Q	u6.opb_inf$_SDFFE_PP0P_/D
557	0.6112	op_enable	uI.opa_inf	op_enable$_SDFFE_PP0P_/Q	u6.opa_inf$_SDFFE_PP0P_/D
558	0.6124	add_enable	uI.denorm_to_norm	add_enable$_SDFF_PP0_/Q	u1.denorm_to_norm$_SDFFE_PP0P_/D
559	0.6127	uI.count_out[J]	uI.count_nonzero_reg	u4.count_out[1]$_SDFFE_PP0N_/QN	u4.count_nonzero_reg$_SDFF_PP0_/D
560	0.6131	uI.expon_uf_term_J[K]	uI.expon_uf_gt_maxshift	u4.expon_uf_term_3[5]$_SDFFE_PP0P_/Q	u4.expon_uf_gt_maxshift$_SDFFE_PP0P_/D
561	0.6139	op_enable	uI.multiply	op_enable$_SDFFE_PP0P_/Q	u6.multiply$_SDFFE_PP0P_/D
562	0.6141	uI.dividend_shift_J[K]	uI.dividend_shift_J[K]	u4.dividend_shift_2[4]$_SDFFE_PP0P_/Q	u4.dividend_shift_2[4]$_SDFFE_PP0P_/D
563	0.6141	uI.expa_gt_expb	uI.exponent_small[J]	u1.expa_gt_expb$_SDFFE_PP0P_/Q	u1.exponent_small[3]$_SDFFE_PP0P_/D
564	0.6141	uI.expa_gt_expb	uI.mantissa_small[J]	u1.expa_gt_expb$_SDFFE_PP0P_/Q	u1.mantissa_small[10]$_SDFFE_PP0P_/D
565	0.6149	uI.expa_gt_expb	uI.exponent_large[J]	u1.expa_gt_expb$_SDFFE_PP0P_/Q	u1.exponent_large[0]$_SDFFE_PP0P_/D
566	0.6150	sub_enable	uI.small_is_nonzero	sub_enable$_SDFF_PP0_/Q	u2.small_is_nonzero$_SDFFE_PP0P_/D
567	0.6160	uI.count_out[J]	uI.count_nonzero_reg	u4.count_out[0]$_SDFFE_PP0P_/QN	u4.count_nonzero_reg$_SDFF_PP0_/D
568	0.6161	add_enable	uI.large_is_denorm	add_enable$_SDFF_PP0_/Q	u1.large_is_denorm$_SDFFE_PP0P_/D
569	0.6166	uI.exponent_a[J]	uI.expa_et_expb	u2.exponent_a[10]$_SDFFE_PP0P_/Q	u2.expa_et_expb$_SDFFE_PP0P_/D
570	0.6167	uI.product_J[K]	uI.product_lsb	u3.product_6[13]$_SDFFE_PP0P_/Q	u3.product_lsb$_SDFFE_PP0P_/D
571	0.6168	uI.sum_round[J]	uI.exponent_round[J]	u5.sum_round[55]$_SDFF_PP0_/Q	u5.exponent_round[9]$_SDFF_PP0_/D
572	0.6169	enable_reg_I	opa_reg[I]	enable_reg_1$_SDFF_PP0_/Q	opa_reg[44]$_SDFFE_PP0P_/D
573	0.6170	uI.a_NaN	uI.NaN_output_J[K]	u6.a_NaN$_SDFFE_PP0P_/Q	u6.NaN_output_0[10]$_SDFFE_PP0P_/D
574	0.6173	uI.diffshift_gt_exponent	uI.exponent[J]	u2.diffshift_gt_exponent$_SDFFE_PP0P_/Q	u2.exponent[3]$_SDFFE_PP0P_/D
575	0.6180	add_enable	addsub_sign	add_enable$_SDFF_PP0_/Q	addsub_sign$_SDFF_PP0_/D
576	0.6180	add_enable	uI.sign	add_enable$_SDFF_PP0_/Q	u1.sign$_SDFFE_PP0P_/D
577	0.6180	add_enable	uI.small_is_denorm	add_enable$_SDFF_PP0_/Q	u1.small_is_denorm$_SDFFE_PP0P_/D
578	0.6198	uI.exponent_gt_expoffset	uI.exponent_J[K]	u3.exponent_gt_expoffset$_SDFFE_PP0P_/Q	u3.exponent_2[10]$_SDFFE_PP0P_/D
579	0.6198	uI.exponent_gt_prodshift	uI.exponent_J[K]	u3.exponent_gt_prodshift$_SDFFE_PP0P_/Q	u3.exponent_4[10]$_SDFFE_PP0P_/D
580	0.6211	uI.dividend_shift_J[K]	uI.expon_shift_a[J]	u4.dividend_shift_2[1]$_SDFFE_PP0P_/Q	u4.expon_shift_a[1]$_SDFFE_PP0P_/D
581	0.6212	uI.exponent_et_zero	uI.exponent_et_zero	u3.exponent_et_zero$_SDFFE_PP0P_/Q	u3.exponent_et_zero$_SDFFE_PP0P_/D
582	0.6212	op_enable	uI.enable_trigger	op_enable$_SDFFE_PP0P_/Q	u6.enable_trigger$_SDFFE_PP0P_/D
583	0.6212	op_enable	uI.underflow_trigger	op_enable$_SDFFE_PP0P_/Q	u6.underflow_trigger$_SDFFE_PP0P_/D
584	0.6214	uI.count_nonzero_reg	uI.remainder[J]	u4.count_nonzero_reg$_SDFF_PP0_/QN	u4.remainder[11]$_SDFFE_PP0P_/D
585	0.6218	op_enable	uI.inf_round_down_trigger	op_enable$_SDFFE_PP0P_/Q	u6.inf_round_down_trigger$_SDFFE_PP0P_/D
586	0.6222	op_enable	uI.mul_J_by_inf	op_enable$_SDFFE_PP0P_/Q	u6.mul_0_by_inf$_SDFFE_PP0P_/D
587	0.6224	uI.count_nonzero_reg	uI.remainder_msb	u4.count_nonzero_reg$_SDFF_PP0_/QN	u4.remainder_msb$_SDFFE_PP0P_/D
588	0.6225	uI.a_gtet_b	uI.a_gtet_b	u2.a_gtet_b$_SDFFE_PP0P_/Q	u2.a_gtet_b$_SDFFE_PP0P_/D
589	0.6232	op_enable	uI.a_NaN	op_enable$_SDFFE_PP0P_/Q	u6.a_NaN$_SDFFE_PP0P_/D
590	0.6232	op_enable	uI.addsub_inf	op_enable$_SDFFE_PP0P_/Q	u6.addsub_inf$_SDFFE_PP0P_/D
591	0.6272	uI.expon_final_J[K]	uI.expon_final_J_etK	u4.expon_final_4[7]$_SDFFE_PP0P_/Q	u4.expon_final_4_et0$_SDFFE_PP0P_/D
592	0.6282	enable_reg_I	fpu_op_reg[I]	enable_reg_1$_SDFF_PP0_/Q	fpu_op_reg[2]$_SDFFE_PP0P_/D
593	0.6282	enable_reg_I	opb_reg[I]	enable_reg_1$_SDFF_PP0_/Q	opb_reg[63]$_SDFFE_PP0P_/D
594	0.6282	enable_reg_I	rmode_reg[I]	enable_reg_1$_SDFF_PP0_/Q	rmode_reg[1]$_SDFFE_PP0P_/D
595	0.6292	uI.exponent_gt_prodshift	uI.exponent_gt_prodshift	u3.exponent_gt_prodshift$_SDFFE_PP0P_/Q	u3.exponent_gt_prodshift$_SDFFE_PP0P_/D
596	0.6296	ready_I	out[I]	ready_1$_SDFF_PP0_/Q	out[34]$_SDFFE_PP0P_/D
597	0.6304	op_enable	uI.invalid_trigger	op_enable$_SDFFE_PP0P_/Q	u6.invalid_trigger$_SDFFE_PP0P_/D
598	0.6305	uI.count_nonzero_reg	uI.count_nonzero_reg_J	u4.count_nonzero_reg$_SDFF_PP0_/Q	u4.count_nonzero_reg_2$_SDFF_PP0_/D
599	0.6317	uI.exponent_gt_expoffset	uI.exponent_gt_expoffset	u3.exponent_gt_expoffset$_SDFFE_PP0P_/Q	u3.exponent_gt_expoffset$_SDFFE_PP0P_/D
600	0.6321	opa_reg[I]	add_enable	opa_reg[63]$_SDFFE_PP0P_/Q	add_enable$_SDFF_PP0_/D
601	0.6321	opa_reg[I]	sub_enable	opa_reg[63]$_SDFFE_PP0P_/Q	sub_enable$_SDFF_PP0_/D
602	0.6336	uI.out_inf_trigger	uI.inf_round_down_trigger	u6.out_inf_trigger$_SDFFE_PP0P_/Q	u6.inf_round_down_trigger$_SDFFE_PP0P_/D
603	0.6381	ready_I	exception	ready_1$_SDFF_PP0_/Q	exception$_SDFFE_PP0P_/D
604	0.6381	ready_I	inexact	ready_1$_SDFF_PP0_/Q	inexact$_SDFFE_PP0P_/D
605	0.6381	ready_I	invalid	ready_1$_SDFF_PP0_/Q	invalid$_SDFFE_PP0P_/D
606	0.6381	ready_I	overflow	ready_1$_SDFF_PP0_/Q	overflow$_SDFFE_PP0P_/D
607	0.6381	ready_I	underflow	ready_1$_SDFF_PP0_/Q	underflow$_SDFFE_PP0P_/D
608	0.6392	uI.underflow_trigger	uI.out_J[K]	u6.underflow_trigger$_SDFFE_PP0P_/Q	u6.out_0[10]$_SDFFE_PP0P_/D
609	0.6408	uI.expon_uf_J	uI.expon_uf_term_J[K]	u4.expon_uf_1$_SDFFE_PP0P_/Q	u4.expon_uf_term_1[3]$_SDFFE_PP0P_/D
610	0.6412	uI.ex_enable	uI.ex_enable	u6.ex_enable$_SDFFE_PP0P_/Q	u6.ex_enable$_SDFFE_PP0P_/D
611	0.6465	uI.exponent_b[J]	uI.expa_et_expb	u2.exponent_b[10]$_SDFFE_PP0P_/QN	u2.expa_et_expb$_SDFFE_PP0P_/D
612	0.6491	enable_reg_I	enable_reg_I	enable_reg_1$_SDFF_PP0_/Q	enable_reg_3$_SDFF_PP0_/D
613	0.6500	enable_reg_I	op_enable	enable_reg_1$_SDFF_PP0_/Q	op_enable$_SDFFE_PP0P_/D
614	0.6501	uI.exponent_final[J]	uI.out_inf_trigger	u5.exponent_final[4]$_SDFF_PP0_/Q	u6.out_inf_trigger$_SDFFE_PP0P_/D
615	0.6508	uI.expon_uf_J	uI.expon_final_J[K]	u4.expon_uf_1$_SDFFE_PP0P_/Q	u4.expon_final_2[11]$_SDFFE_PP0P_/D
616	0.6511	op_enable	uI.out_inf_trigger	op_enable$_SDFFE_PP0P_/Q	u6.out_inf_trigger$_SDFFE_PP0P_/D
617	0.6511	op_enable	uI.except_trigger	op_enable$_SDFFE_PP0P_/Q	u6.except_trigger$_SDFFE_PP0P_/D
618	0.6527	uI.exponent_large[J]	uI.large_is_denorm	u1.exponent_large[0]$_SDFFE_PP0P_/QN	u1.large_is_denorm$_SDFFE_PP0P_/D
619	0.6569	uI.enable_reg_e	uI.enable_reg	u4.enable_reg_e$_SDFF_PP0_/Q	u4.enable_reg$_SDFF_PP0_/D
620	0.6589	uI.diff[J]	uI.diff[J]	u2.diff[53]$_SDFFE_PP0P_/Q	u2.diff[53]$_SDFFE_PP0P_/D
621	0.6591	uI.out_inf[J]	uI.out_J[K]	u6.out_inf[51]$_SDFFE_PP0P_/Q	u6.out_1[13]$_SDFFE_PP0P_/D
622	0.6598	fpu_op_reg[I]	uI.divide	fpu_op_reg[0]$_SDFFE_PP0P_/QN	u6.divide$_SDFFE_PP0P_/D
623	0.6610	uI.dividend_a[J]	uI.dividend_reg[J]	u4.dividend_a[46]$_SDFFE_PP0P_/Q	u4.dividend_reg[46]$_SDFFE_PP0P_/D
624	0.6627	uI.expon_uf_gt_maxshift	uI.expon_uf_gt_maxshift	u4.expon_uf_gt_maxshift$_SDFFE_PP0P_/Q	u4.expon_uf_gt_maxshift$_SDFFE_PP0P_/D
625	0.6627	opb_reg[I]	add_enable	opb_reg[63]$_SDFFE_PP0P_/Q	add_enable$_SDFF_PP0_/D
626	0.6627	opb_reg[I]	sub_enable	opb_reg[63]$_SDFFE_PP0P_/Q	sub_enable$_SDFF_PP0_/D
627	0.6629	uI.NaN_out_trigger	uI.NaN_out_trigger	u6.NaN_out_trigger$_SDFFE_PP0P_/Q	u6.NaN_out_trigger$_SDFFE_PP0P_/D
628	0.6640	fpu_op_reg[I]	uI.subtract	fpu_op_reg[2]$_SDFFE_PP0P_/Q	u6.subtract$_SDFFE_PP0P_/D
629	0.6662	op_enable	uI.divide	op_enable$_SDFFE_PP0P_/Q	u6.divide$_SDFFE_PP0P_/D
630	0.6664	op_enable	uI.opa_et_zero	op_enable$_SDFFE_PP0P_/Q	u6.opa_et_zero$_SDFFE_PP0P_/D
631	0.6666	uI.out_inf_trigger	uI.inexact_trigger	u6.out_inf_trigger$_SDFFE_PP0P_/Q	u6.inexact_trigger$_SDFFE_PP0P_/D
632	0.6666	op_enable	uI.opb_et_zero	op_enable$_SDFFE_PP0P_/Q	u6.opb_et_zero$_SDFFE_PP0P_/D
633	0.6677	uI.sub_pg_hi[J]	uI.sub_pg_hi[J]	u3.sub_pg_hi[26]$_SDFFE_PP0P_/Q	u3.sub_pg_hi[26]$_SDFFE_PP0P_/D
634	0.6682	fpu_op_reg[I]	uI.multiply	fpu_op_reg[0]$_SDFFE_PP0P_/Q	u6.multiply$_SDFFE_PP0P_/D
635	0.6684	opa_reg[I]	uI.sign	opa_reg[63]$_SDFFE_PP0P_/Q	u3.sign$_SDFFE_PP0P_/D
636	0.6688	enable_reg_I	count_ready[I]	enable_reg_1$_SDFF_PP0_/Q	count_ready[5]$_SDFFE_PP0P_/D
637	0.6753	enable_reg_I	ready_I	enable_reg_1$_SDFF_PP0_/Q	ready_0$_SDFF_PP0_/D
638	0.6759	uI.underflow_trigger	uI.inexact_trigger	u6.underflow_trigger$_SDFFE_PP0P_/Q	u6.inexact_trigger$_SDFFE_PP0P_/D
639	0.6774	uI.SNaN_trigger	uI.SNaN_trigger	u6.SNaN_trigger$_SDFFE_PP0P_/Q	u6.SNaN_trigger$_SDFFE_PP0P_/D
640	0.6810	uI.round_to_zero	uI.inf_round_down_trigger	u6.round_to_zero$_SDFFE_PP0P_/Q	u6.inf_round_down_trigger$_SDFFE_PP0P_/D
641	0.6814	uI.a_NaN	uI.a_NaN	u6.a_NaN$_SDFFE_PP0P_/Q	u6.a_NaN$_SDFFE_PP0P_/D
642	0.6822	mantissa_round[I]	uI.inexact_trigger	mantissa_round[1]$_SDFF_PN0_/Q	u6.inexact_trigger$_SDFFE_PP0P_/D
643	0.6826	uI.round_to_pos_inf	uI.inf_round_down_trigger	u6.round_to_pos_inf$_SDFFE_PP0P_/Q	u6.inf_round_down_trigger$_SDFFE_PP0P_/D
644	0.6835	uI.out_inf_trigger	uI.out_inf_trigger	u6.out_inf_trigger$_SDFFE_PP0P_/Q	u6.out_inf_trigger$_SDFFE_PP0P_/D
645	0.6849	uI.opa_inf	uI.mul_J_by_inf	u6.opa_inf$_SDFFE_PP0P_/Q	u6.mul_0_by_inf$_SDFFE_PP0P_/D
646	0.6851	uI.diffshift_gt_exponent	uI.diffshift_gt_exponent	u2.diffshift_gt_exponent$_SDFFE_PP0P_/Q	u2.diffshift_gt_exponent$_SDFFE_PP0P_/D
647	0.6860	fpu_op_reg[I]	uI.add	fpu_op_reg[2]$_SDFFE_PP0P_/Q	u6.add$_SDFFE_PP0P_/D
648	0.6861	uI.exponent_small[J]	uI.small_shift_J[K]	u1.exponent_small[1]$_SDFFE_PP0P_/QN	u1.small_shift_3[0]$_SDFFE_PP0P_/D
649	0.6864	uI.out_inf_trigger	uI.out_pos_inf	u6.out_inf_trigger$_SDFFE_PP0P_/Q	u6.out_pos_inf$_SDFFE_PP0P_/D
650	0.6864	uI.out_inf_trigger	uI.overflow_trigger	u6.out_inf_trigger$_SDFFE_PP0P_/Q	u6.overflow_trigger$_SDFFE_PP0P_/D
651	0.6865	uI.round_out[J]	out[I]	u5.round_out[63]$_SDFF_PP0_/Q	out[63]$_SDFFE_PP0P_/D
652	0.6871	enable_reg_I	ready	enable_reg_1$_SDFF_PP0_/Q	ready$_SDFF_PP0_/D
653	0.6872	uI.invalid_trigger	uI.except_trigger	u6.invalid_trigger$_SDFFE_PP0P_/Q	u6.except_trigger$_SDFFE_PP0P_/D
654	0.6900	uI.out_neg_inf	uI.inf_round_down_trigger	u6.out_neg_inf$_SDFFE_PP0P_/Q	u6.inf_round_down_trigger$_SDFFE_PP0P_/D
655	0.6904	uI.opb_inf	uI.mul_J_by_inf	u6.opb_inf$_SDFFE_PP0P_/Q	u6.mul_0_by_inf$_SDFFE_PP0P_/D
656	0.6910	opa_reg[I]	uI.NaN_output[J]	opa_reg[20]$_SDFFE_PP0P_/Q	u6.NaN_output[20]$_SDFFE_PP0P_/D
657	0.6910	opa_reg[I]	uI.NaN_output_J[K]	opa_reg[39]$_SDFFE_PP0P_/Q	u6.NaN_output_0[39]$_SDFFE_PP0P_/D
658	0.6915	uI.underflow_trigger	uI.except_trigger	u6.underflow_trigger$_SDFFE_PP0P_/Q	u6.except_trigger$_SDFFE_PP0P_/D
659	0.6925	uI.out[J]	out[I]	u6.out[34]$_SDFFE_PP0P_/Q	out[34]$_SDFFE_PP0P_/D
660	0.6934	uI.dividend_a_shifted[J]	uI.dividend_reg[J]	u4.dividend_a_shifted[47]$_SDFFE_PP0P_/Q	u4.dividend_reg[48]$_SDFFE_PP0P_/D
661	0.6935	opb_reg[I]	uI.NaN_output_J[K]	opb_reg[39]$_SDFFE_PP0P_/Q	u6.NaN_output_0[39]$_SDFFE_PP0P_/D
662	0.6935	uI.exponent_J[K]	uI.exponent_et_zero	u3.exponent_4[5]$_SDFFE_PP0P_/Q	u3.exponent_et_zero$_SDFFE_PP0P_/D
663	0.6944	uI.in_zero	uI.exponent_J[K]	u3.in_zero$_SDFFE_PP0P_/Q	u3.exponent_5[1]$_SDFFE_PP0P_/D
664	0.6946	uI.NaN_output[J]	uI.out_J[K]	u6.NaN_output[61]$_SDFFE_PP0P_/Q	u6.out_2[53]$_SDFFE_PP0P_/D
665	0.6949	uI.mul_a[J]	uI.mul_a[J]	u3.mul_a[0]$_SDFFE_PP0P_/Q	u3.mul_a[0]$_SDFFE_PP0P_/D
666	0.6958	op_enable	div_enable	op_enable$_SDFFE_PP0P_/Q	div_enable$_SDFF_PP0_/D
667	0.6985	fpu_op_reg[I]	mul_enable	fpu_op_reg[0]$_SDFFE_PP0P_/Q	mul_enable$_SDFF_PP0_/D
668	0.6985	uI.subtract	uI.addsub_inf_invalid	u6.subtract$_SDFFE_PP0P_/Q	u6.addsub_inf_invalid$_SDFFE_PP0P_/D
669	0.6986	ready_I	ready	ready_1$_SDFF_PP0_/Q	ready$_SDFF_PP0_/D
670	0.6989	opb_reg[I]	uI.sign	opb_reg[63]$_SDFFE_PP0P_/Q	u3.sign$_SDFFE_PP0P_/D
671	0.6993	uI.mul_inf	uI.out_inf_trigger	u6.mul_inf$_SDFFE_PP0P_/Q	u6.out_inf_trigger$_SDFFE_PP0P_/D
672	0.6995	uI.opa_inf	uI.mul_inf	u6.opa_inf$_SDFFE_PP0P_/Q	u6.mul_inf$_SDFFE_PP0P_/D
673	0.7000	op_enable	mul_enable	op_enable$_SDFFE_PP0P_/Q	mul_enable$_SDFF_PP0_/D
674	0.7010	uI.exponent_a[J]	uI.a_is_norm	u3.exponent_a[4]$_SDFFE_PP0P_/Q	u3.a_is_norm$_SDFFE_PP0P_/D
675	0.7011	uI.diffshift_et_J	uI.exponent_J[K]	u2.diffshift_et_55$_SDFFE_PP0P_/Q	u2.exponent_2[0]$_SDFFE_PP0P_/D
676	0.7013	fpu_op_reg[I]	add_enable	fpu_op_reg[0]$_SDFFE_PP0P_/Q	add_enable$_SDFF_PP0_/D
677	0.7014	uI.opb_inf	uI.mul_inf	u6.opb_inf$_SDFFE_PP0P_/Q	u6.mul_inf$_SDFFE_PP0P_/D
678	0.7016	uI.exponent_b[J]	uI.b_is_norm	u3.exponent_b[4]$_SDFFE_PP0P_/Q	u3.b_is_norm$_SDFFE_PP0P_/D
679	0.7016	fpu_op_reg[I]	sub_enable	fpu_op_reg[0]$_SDFFE_PP0P_/Q	sub_enable$_SDFF_PP0_/D
680	0.7031	uI.opb_neg_inf	uI.addsub_inf_invalid	u6.opb_neg_inf$_SDFFE_PP0P_/Q	u6.addsub_inf_invalid$_SDFFE_PP0P_/D
681	0.7032	uI.divisor_b[J]	uI.divisor_reg[J]	u4.divisor_b[1]$_SDFFE_PP0P_/Q	u4.divisor_reg[1]$_SDFFE_PP0P_/D
682	0.7035	uI.addsub_inf	uI.out_inf_trigger	u6.addsub_inf$_SDFFE_PP0P_/Q	u6.out_inf_trigger$_SDFFE_PP0P_/D
683	0.7041	uI.add	uI.addsub_inf_invalid	u6.add$_SDFFE_PP0P_/Q	u6.addsub_inf_invalid$_SDFFE_PP0P_/D
684	0.7058	uI.round_to_neg_inf	uI.inf_round_down_trigger	u6.round_to_neg_inf$_SDFFE_PP0P_/Q	u6.inf_round_down_trigger$_SDFFE_PP0P_/D
685	0.7069	uI.opa_inf	uI.add_inf	u6.opa_inf$_SDFFE_PP0P_/Q	u6.add_inf$_SDFFE_PP0P_/D
686	0.7069	uI.opa_inf	uI.sub_inf	u6.opa_inf$_SDFFE_PP0P_/Q	u6.sub_inf$_SDFFE_PP0P_/D
687	0.7076	uI.NaN_output_J[K]	uI.NaN_output[J]	u6.NaN_output_0[61]$_SDFFE_PP0P_/Q	u6.NaN_output[51]$_SDFFE_PP0P_/D
688	0.7079	uI.opb_pos_inf	uI.addsub_inf_invalid	u6.opb_pos_inf$_SDFFE_PP0P_/Q	u6.addsub_inf_invalid$_SDFFE_PP0P_/D
689	0.7081	uI.sub_pf_hi[J]	uI.sub_pf_hi[J]	u3.sub_pf_hi[17]$_SDFFE_PP0P_/Q	u3.sub_pf_hi[17]$_SDFFE_PP0P_/D
690	0.7093	uI.opb_et_zero	uI.mul_J_by_inf	u6.opb_et_zero$_SDFFE_PP0P_/Q	u6.mul_0_by_inf$_SDFFE_PP0P_/D
691	0.7121	uI.opb_inf	uI.add_inf	u6.opb_inf$_SDFFE_PP0P_/Q	u6.add_inf$_SDFFE_PP0P_/D
692	0.7121	uI.opb_inf	uI.sub_inf	u6.opb_inf$_SDFFE_PP0P_/Q	u6.sub_inf$_SDFFE_PP0P_/D
693	0.7127	uI.div_inf	uI.out_inf_trigger	u6.div_inf$_SDFFE_PP0P_/Q	u6.out_inf_trigger$_SDFFE_PP0P_/D
694	0.7127	uI.exponent_small[J]	uI.small_is_denorm	u2.exponent_small[1]$_SDFFE_PP0P_/QN	u2.small_is_denorm$_SDFFE_PP0P_/D
695	0.7132	uI.out_pos_inf	uI.inf_round_down_trigger	u6.out_pos_inf$_SDFFE_PP0P_/Q	u6.inf_round_down_trigger$_SDFFE_PP0P_/D
696	0.7137	uI.diff_shift_J[K]	uI.diffshift_et_J	u2.diff_shift_2[3]$_SDFFE_PP0P_/Q	u2.diffshift_et_55$_SDFFE_PP0P_/D
697	0.7141	uI.div_by_J	uI.out_inf_trigger	u6.div_by_0$_SDFFE_PP0P_/Q	u6.out_inf_trigger$_SDFFE_PP0P_/D
698	0.7150	opa_reg[I]	sign_round	opa_reg[63]$_SDFFE_PP0P_/Q	sign_round$_SDFF_PN0_/D
699	0.7169	uI.dividend_reg[J]	uI.remainder[J]	u4.dividend_reg[51]$_SDFFE_PP0P_/Q	u4.remainder[51]$_SDFFE_PP0P_/D
700	0.7176	uI.exponent_small[J]	uI.small_is_nonzero	u2.exponent_small[1]$_SDFFE_PP0P_/QN	u2.small_is_nonzero$_SDFFE_PP0P_/D
701	0.7179	uI.mul_b[J]	uI.mul_b[J]	u3.mul_b[34]$_SDFFE_PP0P_/Q	u3.mul_b[34]$_SDFFE_PP0P_/D
702	0.7184	op_enable	add_enable	op_enable$_SDFFE_PP0P_/Q	add_enable$_SDFF_PP0_/D
703	0.7184	op_enable	sub_enable	op_enable$_SDFFE_PP0P_/Q	sub_enable$_SDFF_PP0_/D
704	0.7193	uI.opa_et_zero	uI.mul_J_by_inf	u6.opa_et_zero$_SDFFE_PP0P_/Q	u6.mul_0_by_inf$_SDFFE_PP0P_/D
705	0.7214	uI.opa_QNaN	uI.NaN_input	u6.opa_QNaN$_SDFFE_PP0P_/Q	u6.NaN_input$_SDFFE_PP0P_/D
706	0.7236	uI.opa_SNaN	uI.NaN_input	u6.opa_SNaN$_SDFFE_PP0P_/Q	u6.NaN_input$_SDFFE_PP0P_/D
707	0.7243	uI.divide	uI.div_by_J	u6.divide$_SDFFE_PP0P_/Q	u6.div_by_0$_SDFFE_PP0P_/D
708	0.7243	uI.divide	uI.div_inf_by_inf	u6.divide$_SDFFE_PP0P_/Q	u6.div_inf_by_inf$_SDFFE_PP0P_/D
709	0.7243	uI.divide	uI.div_uf	u6.divide$_SDFFE_PP0P_/Q	u6.div_uf$_SDFFE_PP0P_/D
710	0.7248	uI.sub_pa_hi[J]	uI.sub_pa_hi[J]	u3.sub_pa_hi[17]$_SDFFE_PP0P_/Q	u3.sub_pa_hi[17]$_SDFFE_PP0P_/D
711	0.7248	uI.divide	uI.div_J_by_K	u6.divide$_SDFFE_PP0P_/Q	u6.div_0_by_0$_SDFFE_PP0P_/D
712	0.7248	uI.divide	uI.div_inf	u6.divide$_SDFFE_PP0P_/Q	u6.div_inf$_SDFFE_PP0P_/D
713	0.7259	uI.mantissa_a[J]	uI.mantissa_large[J]	u2.mantissa_a[0]$_SDFFE_PP0P_/Q	u2.mantissa_large[0]$_SDFFE_PP0P_/D
714	0.7260	uI.sub_ph_hi[J]	uI.sub_ph_hi[J]	u3.sub_ph_hi[17]$_SDFFE_PP0P_/Q	u3.sub_ph_hi[17]$_SDFFE_PP0P_/D
715	0.7262	uI.mantissa_a[J]	uI.mantissa_small[J]	u2.mantissa_a[0]$_SDFFE_PP0P_/Q	u2.mantissa_small[0]$_SDFFE_PP0P_/D
716	0.7264	uI.mantissa_b[J]	uI.mantissa_small[J]	u2.mantissa_b[0]$_SDFFE_PP0P_/Q	u2.mantissa_small[0]$_SDFFE_PP0P_/D
717	0.7268	uI.mantissa_b[J]	uI.mantissa_large[J]	u2.mantissa_b[0]$_SDFFE_PP0P_/Q	u2.mantissa_large[0]$_SDFFE_PP0P_/D
718	0.7277	uI.round_out[J]	uI.out_J[K]	u5.round_out[63]$_SDFF_PP0_/Q	u6.out_2[63]$_SDFFE_PP0P_/D
719	0.7282	uI.opa_neg_inf	uI.addsub_inf_invalid	u6.opa_neg_inf$_SDFFE_PP0P_/Q	u6.addsub_inf_invalid$_SDFFE_PP0P_/D
720	0.7295	uI.multiply	uI.mul_J_by_inf	u6.multiply$_SDFFE_PP0P_/Q	u6.mul_0_by_inf$_SDFFE_PP0P_/D
721	0.7302	uI.inexact_trigger	uI.except_trigger	u6.inexact_trigger$_SDFFE_PP0P_/Q	u6.except_trigger$_SDFFE_PP0P_/D
722	0.7304	uI.sub_pf_lo[J]	uI.sub_pf_lo[J]	u3.sub_pf_lo[10]$_SDFFE_PP0P_/Q	u3.sub_pf_lo[10]$_SDFFE_PP0P_/D
723	0.7306	uI.sub_pi_hi[J]	uI.sub_pi_hi[J]	u3.sub_pi_hi[17]$_SDFFE_PP0P_/Q	u3.sub_pi_hi[17]$_SDFFE_PP0P_/D
724	0.7311	uI.out_inf_trigger	uI.enable_trigger	u6.out_inf_trigger$_SDFFE_PP0P_/Q	u6.enable_trigger$_SDFFE_PP0P_/D
725	0.7312	uI.diff_J[K]	uI.diff_J[K]	u2.diff_1[54]$_SDFFE_PP0P_/Q	u2.diff_2[53]$_SDFFE_PP0P_/D
726	0.7312	uI.opa_QNaN	uI.a_NaN	u6.opa_QNaN$_SDFFE_PP0P_/Q	u6.a_NaN$_SDFFE_PP0P_/D
727	0.7314	uI.exponent_J[K]	exponent_round[I]	u3.exponent_5[0]$_SDFFE_PP0P_/Q	exponent_round[0]$_SDFF_PN0_/D
728	0.7314	uI.sub_pb_hi[J]	uI.sub_pb_hi[J]	u3.sub_pb_hi[21]$_SDFFE_PP0P_/Q	u3.sub_pb_hi[21]$_SDFFE_PP0P_/D
729	0.7323	uI.dividend_a[J]	uI.dividend_a[J]	u4.dividend_a[7]$_SDFFE_PP0P_/Q	u4.dividend_a[7]$_SDFFE_PP0P_/D
730	0.7334	uI.opa_SNaN	uI.a_NaN	u6.opa_SNaN$_SDFFE_PP0P_/Q	u6.a_NaN$_SDFFE_PP0P_/D
731	0.7338	uI.div_inf_by_inf	uI.invalid_trigger	u6.div_inf_by_inf$_SDFFE_PP0P_/Q	u6.invalid_trigger$_SDFFE_PP0P_/D
732	0.7338	uI.out_J[K]	uI.out_J[K]	u6.out_1[10]$_SDFFE_PP0P_/Q	u6.out_2[10]$_SDFFE_PP0P_/D
733	0.7341	uI.out_inf_trigger	uI.out_neg_inf	u6.out_inf_trigger$_SDFFE_PP0P_/Q	u6.out_neg_inf$_SDFFE_PP0P_/D
734	0.7342	opb_reg[I]	opb_reg[I]	opb_reg[53]$_SDFFE_PP0P_/Q	opb_reg[53]$_SDFFE_PP0P_/D
735	0.7351	uI.sub_pj_hi[J]	uI.sub_pj_hi[J]	u3.sub_pj_hi[19]$_SDFFE_PP0P_/Q	u3.sub_pj_hi[19]$_SDFFE_PP0P_/D
736	0.7354	uI.opa_inf	uI.div_inf_by_inf	u6.opa_inf$_SDFFE_PP0P_/Q	u6.div_inf_by_inf$_SDFFE_PP0P_/D
737	0.7356	uI.opa_inf	uI.div_inf	u6.opa_inf$_SDFFE_PP0P_/Q	u6.div_inf$_SDFFE_PP0P_/D
738	0.7368	uI.sub_inf	uI.addsub_inf	u6.sub_inf$_SDFFE_PP0P_/Q	u6.addsub_inf$_SDFFE_PP0P_/D
739	0.7369	opb_reg[I]	uI.exponent_b[J]	opb_reg[53]$_SDFFE_PP0P_/Q	u3.exponent_b[1]$_SDFFE_PP0P_/D
740	0.7369	uI.opb_inf	uI.div_by_inf	u6.opb_inf$_SDFFE_PP0P_/Q	u6.div_by_inf$_SDFFE_PP0P_/D
741	0.7369	uI.opb_inf	uI.div_inf_by_inf	u6.opb_inf$_SDFFE_PP0P_/Q	u6.div_inf_by_inf$_SDFFE_PP0P_/D
742	0.7378	uI.div_J_by_K	uI.invalid_trigger	u6.div_0_by_0$_SDFFE_PP0P_/Q	u6.invalid_trigger$_SDFFE_PP0P_/D
743	0.7385	uI.opa_pos_inf	uI.addsub_inf_invalid	u6.opa_pos_inf$_SDFFE_PP0P_/Q	u6.addsub_inf_invalid$_SDFFE_PP0P_/D
744	0.7387	uI.expon_term[J]	uI.expon_term[J]	u4.expon_term[7]$_SDFFE_PP0P_/Q	u4.expon_term[7]$_SDFFE_PP0P_/D
745	0.7388	uI.product[J]	uI.product[J]	u3.product[105]$_SDFFE_PP0P_/Q	u3.product[105]$_SDFFE_PP0P_/D
746	0.7391	opa_reg[I]	opa_reg[I]	opa_reg[55]$_SDFFE_PP0P_/Q	opa_reg[55]$_SDFFE_PP0P_/D
747	0.7392	uI.mana_gtet_manb	uI.mana_gtet_manb	u2.mana_gtet_manb$_SDFFE_PP0P_/Q	u2.mana_gtet_manb$_SDFFE_PP0P_/D
748	0.7404	uI.sub_pc_hi[J]	uI.sub_pc_hi[J]	u3.sub_pc_hi[22]$_SDFFE_PP0P_/Q	u3.sub_pc_hi[22]$_SDFFE_PP0P_/D
749	0.7409	uI.divisor_b_shifted[J]	uI.divisor_reg[J]	u4.divisor_b_shifted[20]$_SDFFE_PP0P_/Q	u4.divisor_reg[21]$_SDFFE_PP0P_/D
750	0.7410	uI.overflow_trigger	uI.except_trigger	u6.overflow_trigger$_SDFFE_PP0P_/Q	u6.except_trigger$_SDFFE_PP0P_/D
751	0.7413	uI.NaN_input	uI.inexact_trigger	u6.NaN_input$_SDFFE_PP0P_/QN	u6.inexact_trigger$_SDFFE_PP0P_/D
752	0.7418	uI.add_inf	uI.addsub_inf	u6.add_inf$_SDFFE_PP0P_/Q	u6.addsub_inf$_SDFFE_PP0P_/D
753	0.7420	uI.underflow_trigger	uI.underflow_trigger	u6.underflow_trigger$_SDFFE_PP0P_/Q	u6.underflow_trigger$_SDFFE_PP0P_/D
754	0.7423	uI.invalid_trigger	uI.invalid_trigger	u6.invalid_trigger$_SDFFE_PP0P_/Q	u6.invalid_trigger$_SDFFE_PP0P_/D
755	0.7423	opa_reg[I]	uI.exponent_a[J]	opa_reg[55]$_SDFFE_PP0P_/Q	u3.exponent_a[3]$_SDFFE_PP0P_/D
756	0.7431	uI.quotient[J]	uI.quotient[J]	u4.quotient[13]$_SDFFE_PP0P_/Q	u4.quotient[13]$_SDFFE_PP0P_/D
757	0.7433	uI.divisor_b[J]	uI.divisor_b[J]	u4.divisor_b[16]$_SDFFE_PP0P_/Q	u4.divisor_b[16]$_SDFFE_PP0P_/D
758	0.7436	uI.invalid_trigger	uI.SNaN_trigger	u6.invalid_trigger$_SDFFE_PP0P_/Q	u6.SNaN_trigger$_SDFFE_PP0P_/D
759	0.7436	uI.subtra_shift[J]	uI.subtra_shift[J]	u2.subtra_shift[19]$_SDFFE_PP0P_/Q	u2.subtra_shift[19]$_SDFFE_PP0P_/D
760	0.7438	uI.exponent_out[J]	exponent_round[I]	u4.exponent_out[0]$_SDFF_PP0_/Q	exponent_round[0]$_SDFF_PN0_/D
761	0.7440	uI.small_shift[J]	uI.small_shift[J]	u1.small_shift[19]$_SDFFE_PP0P_/Q	u1.small_shift[19]$_SDFFE_PP0P_/D
762	0.7440	uI.opb_SNaN	uI.NaN_input	u6.opb_SNaN$_SDFFE_PP0P_/Q	u6.NaN_input$_SDFFE_PP0P_/D
763	0.7440	uI.remainder[J]	uI.remainder[J]	u4.remainder[12]$_SDFFE_PP0P_/Q	u4.remainder[12]$_SDFFE_PP0P_/D
764	0.7441	uI.a_is_zero	uI.a_is_zero	u3.a_is_zero$_SDFFE_PP0P_/Q	u3.a_is_zero$_SDFFE_PP0P_/D
765	0.7449	uI.sub_pc_lo[J]	uI.sub_pc_lo[J]	u3.sub_pc_lo[16]$_SDFFE_PP0P_/Q	u3.sub_pc_lo[16]$_SDFFE_PP0P_/D
766	0.7449	uI.sub_pe_lo[J]	uI.sub_pe_lo[J]	u3.sub_pe_lo[11]$_SDFFE_PP0P_/Q	u3.sub_pe_lo[11]$_SDFFE_PP0P_/D
767	0.7449	uI.sub_pg_lo[J]	uI.sub_pg_lo[J]	u3.sub_pg_lo[15]$_SDFFE_PP0P_/Q	u3.sub_pg_lo[15]$_SDFFE_PP0P_/D
768	0.7449	uI.sub_ph_lo[J]	uI.sub_ph_lo[J]	u3.sub_ph_lo[18]$_SDFFE_PP0P_/Q	u3.sub_ph_lo[18]$_SDFFE_PP0P_/D
769	0.7456	opb_reg[I]	sign_round	opb_reg[63]$_SDFFE_PP0P_/Q	sign_round$_SDFF_PN0_/D
770	0.7457	uI.invalid_trigger	uI.NaN_out_trigger	u6.invalid_trigger$_SDFFE_PP0P_/Q	u6.NaN_out_trigger$_SDFFE_PP0P_/D
771	0.7459	uI.product_lsb	mantissa_round[I]	u3.product_lsb$_SDFFE_PP0P_/Q	mantissa_round[0]$_SDFF_PN0_/D
772	0.7460	uI.enable_reg	uI.count_out[J]	u4.enable_reg$_SDFF_PP0_/Q	u4.count_out[2]$_SDFFE_PP0P_/D
773	0.7464	opa_reg[I]	uI.mantissa_a[J]	opa_reg[6]$_SDFFE_PP0P_/Q	u4.mantissa_a[6]$_SDFFE_PP0P_/D
774	0.7472	opb_reg[I]	uI.mantissa_b[J]	opb_reg[51]$_SDFFE_PP0P_/Q	u3.mantissa_b[51]$_SDFFE_PP0P_/D
775	0.7479	uI.a_is_zero	uI.in_zero	u3.a_is_zero$_SDFFE_PP0P_/Q	u3.in_zero$_SDFFE_PP0P_/D
776	0.7481	uI.mul_J_by_inf	uI.invalid_trigger	u6.mul_0_by_inf$_SDFFE_PP0P_/Q	u6.invalid_trigger$_SDFFE_PP0P_/D
777	0.7484	uI.exception	exception	u6.exception$_SDFFE_PP0P_/Q	exception$_SDFFE_PP0P_/D
778	0.7484	uI.inexact	inexact	u6.inexact$_SDFFE_PP0P_/Q	inexact$_SDFFE_PP0P_/D
779	0.7484	uI.invalid	invalid	u6.invalid$_SDFFE_PP0P_/Q	invalid$_SDFFE_PP0P_/D
780	0.7484	uI.overflow	overflow	u6.overflow$_SDFFE_PP0P_/Q	overflow$_SDFFE_PP0P_/D
781	0.7484	uI.underflow	underflow	u6.underflow$_SDFFE_PP0P_/Q	underflow$_SDFFE_PP0P_/D
782	0.7485	exponent_round[I]	uI.exponent_final[J]	exponent_round[2]$_SDFF_PN0_/Q	u5.exponent_final[2]$_SDFF_PP0_/D
783	0.7486	uI.divisor_b_shifted[J]	uI.divisor_b_shifted[J]	u4.divisor_b_shifted[51]$_SDFFE_PP0P_/Q	u4.divisor_b_shifted[51]$_SDFFE_PP0P_/D
784	0.7488	uI.dividend_a_shifted[J]	uI.dividend_a_shifted[J]	u4.dividend_a_shifted[51]$_SDFFE_PP0P_/Q	u4.dividend_a_shifted[51]$_SDFFE_PP0P_/D
785	0.7489	uI.b_is_zero	uI.in_zero	u3.b_is_zero$_SDFFE_PP0P_/Q	u3.in_zero$_SDFFE_PP0P_/D
786	0.7503	fpu_op_reg[I]	fpu_op_reg[I]	fpu_op_reg[0]$_SDFFE_PP0P_/Q	fpu_op_reg[0]$_SDFFE_PP0P_/D
787	0.7522	out[I]	out[I]	out[34]$_SDFFE_PP0P_/Q	out[34]$_SDFFE_PP0P_/D
788	0.7523	exception	exception	exception$_SDFFE_PP0P_/Q	exception$_SDFFE_PP0P_/D
789	0.7523	inexact	inexact	inexact$_SDFFE_PP0P_/Q	inexact$_SDFFE_PP0P_/D
790	0.7523	invalid	invalid	invalid$_SDFFE_PP0P_/Q	invalid$_SDFFE_PP0P_/D
791	0.7523	overflow	overflow	overflow$_SDFFE_PP0P_/Q	overflow$_SDFFE_PP0P_/D
792	0.7523	underflow	underflow	underflow$_SDFFE_PP0P_/Q	underflow$_SDFFE_PP0P_/D
793	0.7524	uI.expon_uf_J	uI.expon_uf_J	u4.expon_uf_2$_SDFFE_PP0P_/Q	u4.expon_uf_2$_SDFFE_PP0P_/D
794	0.7538	uI.divide	uI.divide	u6.divide$_SDFFE_PP0P_/Q	u6.divide$_SDFFE_PP0P_/D
795	0.7542	uI.denorm_to_norm	uI.denorm_to_norm	u1.denorm_to_norm$_SDFFE_PP0P_/Q	u1.denorm_to_norm$_SDFFE_PP0P_/D
796	0.7561	uI.underflow_trigger	uI.underflow	u6.underflow_trigger$_SDFFE_PP0P_/Q	u6.underflow$_SDFFE_PP0P_/D
797	0.7565	uI.invalid_trigger	uI.invalid	u6.invalid_trigger$_SDFFE_PP0P_/Q	u6.invalid$_SDFFE_PP0P_/D
798	0.7569	rmode_reg[I]	uI.round_to_zero	rmode_reg[1]$_SDFFE_PP0P_/Q	u6.round_to_zero$_SDFFE_PP0P_/D
799	0.7572	uI.sub_pe_hi[J]	uI.sub_pe_hi[J]	u3.sub_pe_hi[17]$_SDFFE_PP0P_/Q	u3.sub_pe_hi[17]$_SDFFE_PP0P_/D
800	0.7580	uI.remainder_b[J]	uI.remainder_b[J]	u4.remainder_b[83]$_SDFFE_PP0P_/Q	u4.remainder_b[83]$_SDFFE_PP0P_/D
801	0.7581	uI.enable_reg	uI.count_out[J]	u4.enable_reg$_SDFF_PP0_/Q	u4.count_out[3]$_SDFFE_PP0N_/D
802	0.7583	uI.mantissa_J[K]	uI.mantissa_J[K]	u4.mantissa_1[0]$_SDFFE_PP0P_/Q	u4.mantissa_1[0]$_SDFFE_PP0P_/D
803	0.7595	uI.exponent[J]	uI.exponent[J]	u1.exponent[8]$_SDFFE_PP0P_/Q	u1.exponent[8]$_SDFFE_PP0P_/D
804	0.7607	uI.multiply	uI.mul_uf	u6.multiply$_SDFFE_PP0P_/Q	u6.mul_uf$_SDFFE_PP0P_/D
805	0.7611	uI.multiply	uI.mul_inf	u6.multiply$_SDFFE_PP0P_/Q	u6.mul_inf$_SDFFE_PP0P_/D
806	0.7615	uI.opb_et_zero	uI.div_J_by_K	u6.opb_et_zero$_SDFFE_PP0P_/Q	u6.div_0_by_0$_SDFFE_PP0P_/D
807	0.7615	uI.opb_et_zero	uI.div_by_J	u6.opb_et_zero$_SDFFE_PP0P_/Q	u6.div_by_0$_SDFFE_PP0P_/D
808	0.7628	uI.product_J[K]	mantissa_round[I]	u3.product_6[65]$_SDFFE_PP0P_/Q	mantissa_round[14]$_SDFF_PN0_/D
809	0.7630	uI.NaN_input	uI.enable_trigger	u6.NaN_input$_SDFFE_PP0P_/Q	u6.enable_trigger$_SDFFE_PP0P_/D
810	0.7630	uI.divisor_reg[J]	uI.divisor_reg[J]	u4.divisor_reg[52]$_SDFFE_PP0P_/Q	u4.divisor_reg[52]$_SDFFE_PP0P_/D
811	0.7630	rmode_reg[I]	uI.round_to_neg_inf	rmode_reg[0]$_SDFFE_PP0P_/QN	u6.round_to_neg_inf$_SDFFE_PP0P_/D
812	0.7633	uI.sign	sign_round	u3.sign$_SDFFE_PP0P_/Q	sign_round$_SDFF_PN0_/D
813	0.7638	uI.opa_et_zero	uI.div_J_by_K	u6.opa_et_zero$_SDFFE_PP0P_/Q	u6.div_0_by_0$_SDFFE_PP0P_/D
814	0.7648	uI.opb_SNaN	uI.opb_SNaN	u6.opb_SNaN$_SDFFE_PP0P_/Q	u6.opb_SNaN$_SDFFE_PP0P_/D
815	0.7652	uI.addsub_inf_invalid	uI.addsub_inf	u6.addsub_inf_invalid$_SDFFE_PP0P_/QN	u6.addsub_inf$_SDFFE_PP0P_/D
816	0.7655	rmode_reg[I]	uI.round_to_pos_inf	rmode_reg[0]$_SDFFE_PP0P_/Q	u6.round_to_pos_inf$_SDFFE_PP0P_/D
817	0.7661	uI.div_by_inf	uI.underflow_trigger	u6.div_by_inf$_SDFFE_PP0P_/Q	u6.underflow_trigger$_SDFFE_PP0P_/D
818	0.7662	uI.a_is_norm	uI.a_is_norm	u3.a_is_norm$_SDFFE_PP0P_/Q	u3.a_is_norm$_SDFFE_PP0P_/D
819	0.7686	uI.b_is_norm	uI.b_is_norm	u3.b_is_norm$_SDFFE_PP0P_/Q	u3.b_is_norm$_SDFFE_PP0P_/D
820	0.7695	uI.opb_inf	uI.opb_inf	u6.opb_inf$_SDFFE_PP0P_/Q	u6.opb_inf$_SDFFE_PP0P_/D
821	0.7697	uI.NaN_output_J[K]	uI.out_inf[J]	u6.NaN_output_0[61]$_SDFFE_PP0P_/Q	u6.out_inf[51]$_SDFFE_PP0P_/D
822	0.7698	uI.add	uI.add_inf	u6.add$_SDFFE_PP0P_/Q	u6.add_inf$_SDFFE_PP0P_/D
823	0.7699	uI.subtract	uI.sub_inf	u6.subtract$_SDFFE_PP0P_/Q	u6.sub_inf$_SDFFE_PP0P_/D
824	0.7700	uI.opa_inf	uI.opa_inf	u6.opa_inf$_SDFFE_PP0P_/Q	u6.opa_inf$_SDFFE_PP0P_/D
825	0.7702	uI.in_et_zero	uI.div_uf	u6.in_et_zero$_SDFFE_PP0P_/Q	u6.div_uf$_SDFFE_PP0P_/D
826	0.7702	uI.NaN_input	uI.NaN_out_trigger	u6.NaN_input$_SDFFE_PP0P_/Q	u6.NaN_out_trigger$_SDFFE_PP0P_/D
827	0.7704	uI.div_uf	uI.underflow_trigger	u6.div_uf$_SDFFE_PP0P_/Q	u6.underflow_trigger$_SDFFE_PP0P_/D
828	0.7721	uI.except_trigger	uI.except_trigger	u6.except_trigger$_SDFFE_PP0P_/Q	u6.except_trigger$_SDFFE_PP0P_/D
829	0.7723	uI.sub_pj_lo[J]	uI.sub_pj_lo[J]	u3.sub_pj_lo[11]$_SDFFE_PP0P_/Q	u3.sub_pj_lo[11]$_SDFFE_PP0P_/D
830	0.7728	uI.small_shift_J[K]	uI.small_shift_J[K]	u1.small_shift_3[3]$_SDFFE_PP0P_/Q	u1.small_shift_3[3]$_SDFFE_PP0P_/D
831	0.7728	uI.large_add[J]	uI.large_add[J]	u1.large_add[3]$_SDFFE_PP0P_/Q	u1.large_add[3]$_SDFFE_PP0P_/D
832	0.7733	uI.opb_SNaN	uI.SNaN_input	u6.opb_SNaN$_SDFFE_PP0P_/Q	u6.SNaN_input$_SDFFE_PP0P_/D
833	0.7741	uI.inf_round_down_trigger	uI.out_inf[J]	u6.inf_round_down_trigger$_SDFFE_PP0P_/Q	u6.out_inf[51]$_SDFFE_PP0P_/D
834	0.7741	exp_addsub[I]	exponent_round[I]	exp_addsub[0]$_SDFF_PP0_/Q	exponent_round[0]$_SDFF_PN0_/D
835	0.7742	uI.sum_J[K]	uI.denorm_to_norm	u1.sum_2[54]$_SDFFE_PP0P_/Q	u1.denorm_to_norm$_SDFFE_PP0P_/D
836	0.7743	uI.in_zero	uI.in_zero	u3.in_zero$_SDFFE_PP0P_/Q	u3.in_zero$_SDFFE_PP0P_/D
837	0.7747	uI.product_lsb	uI.product_lsb	u3.product_lsb$_SDFFE_PP0P_/Q	u3.product_lsb$_SDFFE_PP0P_/D
838	0.7748	uI.opa_SNaN	uI.SNaN_input	u6.opa_SNaN$_SDFFE_PP0P_/Q	u6.SNaN_input$_SDFFE_PP0P_/D
839	0.7757	uI.round_out[J]	uI.out_neg_inf	u5.round_out[63]$_SDFF_PP0_/Q	u6.out_neg_inf$_SDFFE_PP0P_/D
840	0.7758	uI.sub_pa_lo[J]	uI.sub_pa_lo[J]	u3.sub_pa_lo[21]$_SDFFE_PP0P_/Q	u3.sub_pa_lo[21]$_SDFFE_PP0P_/D
841	0.7763	uI.opb_QNaN	uI.NaN_input	u6.opb_QNaN$_SDFFE_PP0P_/Q	u6.NaN_input$_SDFFE_PP0P_/D
842	0.7765	uI.expa_gt_expb	uI.a_gtet_b	u2.expa_gt_expb$_SDFFE_PP0P_/Q	u2.a_gtet_b$_SDFFE_PP0P_/D
843	0.7768	uI.sub_pb_lo[J]	uI.sub_pb_lo[J]	u3.sub_pb_lo[6]$_SDFFE_PP0P_/Q	u3.sub_pb_lo[6]$_SDFFE_PP0P_/D
844	0.7772	uI.sub_pi_lo[J]	uI.sub_pi_lo[J]	u3.sub_pi_lo[5]$_SDFFE_PP0P_/Q	u3.sub_pi_lo[5]$_SDFFE_PP0P_/D
845	0.7772	uI.NaN_output_J[K]	uI.NaN_output_J[K]	u6.NaN_output_0[50]$_SDFFE_PP0P_/Q	u6.NaN_output_0[50]$_SDFFE_PP0P_/D
846	0.7774	uI.enable_trigger	uI.enable_trigger	u6.enable_trigger$_SDFFE_PP0P_/Q	u6.enable_trigger$_SDFFE_PP0P_/D
847	0.7776	uI.expon_shift_a[J]	uI.expon_shift_a[J]	u4.expon_shift_a[1]$_SDFFE_PP0P_/Q	u4.expon_shift_a[1]$_SDFFE_PP0P_/D
848	0.7777	uI.add	uI.add	u6.add$_SDFFE_PP0P_/Q	u6.add$_SDFFE_PP0P_/D
849	0.7778	uI.subtract	uI.subtract	u6.subtract$_SDFFE_PP0P_/Q	u6.subtract$_SDFFE_PP0P_/D
850	0.7779	uI.small_is_nonzero	uI.small_is_nonzero	u2.small_is_nonzero$_SDFFE_PP0P_/Q	u2.small_is_nonzero$_SDFFE_PP0P_/D
851	0.7781	uI.large_is_denorm	uI.denorm_to_norm	u1.large_is_denorm$_SDFFE_PP0P_/Q	u1.denorm_to_norm$_SDFFE_PP0P_/D
852	0.7783	uI.small_is_denorm	uI.large_norm_small_denorm	u1.small_is_denorm$_SDFFE_PP0P_/Q	u1.large_norm_small_denorm$_SDFFE_PP0P_/D
853	0.7787	uI.except_trigger	uI.enable_trigger	u6.except_trigger$_SDFFE_PP0P_/Q	u6.enable_trigger$_SDFFE_PP0P_/D
854	0.7790	uI.NaN_output[J]	uI.NaN_output[J]	u6.NaN_output[33]$_SDFFE_PP0P_/Q	u6.NaN_output[33]$_SDFFE_PP0P_/D
855	0.7794	uI.expon_shift_b[J]	uI.expon_shift_b[J]	u4.expon_shift_b[1]$_SDFFE_PP0P_/Q	u4.expon_shift_b[1]$_SDFFE_PP0P_/D
856	0.7794	uI.small_add[J]	uI.small_add[J]	u1.small_add[54]$_SDFFE_PP0P_/Q	u1.small_add[54]$_SDFFE_PP0P_/D
857	0.7795	uI.subtrahend[J]	uI.subtrahend[J]	u2.subtrahend[54]$_SDFFE_PP0P_/Q	u2.subtrahend[54]$_SDFFE_PP0P_/D
858	0.7797	uI.NaN_input	uI.NaN_input	u6.NaN_input$_SDFFE_PP0P_/Q	u6.NaN_input$_SDFFE_PP0P_/D
859	0.7804	addsub_out[I]	mantissa_round[I]	addsub_out[0]$_SDFF_PP0_/Q	mantissa_round[0]$_SDFF_PN0_/D
860	0.7805	uI.overflow_trigger	uI.overflow_trigger	u6.overflow_trigger$_SDFFE_PP0P_/Q	u6.overflow_trigger$_SDFFE_PP0P_/D
861	0.7809	uI.remainder_msb	uI.remainder_msb	u4.remainder_msb$_SDFFE_PP0P_/Q	u4.remainder_msb$_SDFFE_PP0P_/D
862	0.7810	addsub_sign	sign_round	addsub_sign$_SDFF_PP0_/Q	sign_round$_SDFF_PN0_/D
863	0.7810	uI.a_is_norm	uI.mul_a[J]	u3.a_is_norm$_SDFFE_PP0P_/Q	u3.mul_a[52]$_SDFFE_PP0P_/D
864	0.7815	uI.minuend[J]	uI.minuend[J]	u2.minuend[10]$_SDFFE_PP0P_/Q	u2.minuend[10]$_SDFFE_PP0P_/D
865	0.7817	uI.mul_uf	uI.underflow_trigger	u6.mul_uf$_SDFFE_PP0P_/Q	u6.underflow_trigger$_SDFFE_PP0P_/D
866	0.7819	uI.expon_final_J_term	uI.expon_final_J_term	u4.expon_final_4_term$_SDFFE_PP0P_/Q	u4.expon_final_4_term$_SDFFE_PP0P_/D
867	0.7834	uI.b_is_norm	uI.mul_b[J]	u3.b_is_norm$_SDFFE_PP0P_/Q	u3.mul_b[52]$_SDFFE_PP0P_/D
868	0.7835	uI.opa_et_zero	uI.div_by_J	u6.opa_et_zero$_SDFFE_PP0P_/QN	u6.div_by_0$_SDFFE_PP0P_/D
869	0.7835	uI.opa_et_zero	uI.div_uf	u6.opa_et_zero$_SDFFE_PP0P_/QN	u6.div_uf$_SDFFE_PP0P_/D
870	0.7835	uI.opa_et_zero	uI.mul_uf	u6.opa_et_zero$_SDFFE_PP0P_/QN	u6.mul_uf$_SDFFE_PP0P_/D
871	0.7835	uI.round_to_zero	uI.round_to_zero	u6.round_to_zero$_SDFFE_PP0P_/Q	u6.round_to_zero$_SDFFE_PP0P_/D
872	0.7835	uI.mantissa_J[K]	mantissa_round[I]	u4.mantissa_1[20]$_SDFFE_PP0P_/Q	mantissa_round[22]$_SDFF_PN0_/D
873	0.7838	uI.out_pos_inf	uI.out_pos_inf	u6.out_pos_inf$_SDFFE_PP0P_/Q	u6.out_pos_inf$_SDFFE_PP0P_/D
874	0.7838	uI.round_to_neg_inf	uI.round_to_neg_inf	u6.round_to_neg_inf$_SDFFE_PP0P_/Q	u6.round_to_neg_inf$_SDFFE_PP0P_/D
875	0.7858	uI.inf_round_down_trigger	uI.inf_round_down_trigger	u6.inf_round_down_trigger$_SDFFE_PP0P_/Q	u6.inf_round_down_trigger$_SDFFE_PP0P_/D
876	0.7859	uI.b_is_zero	uI.b_is_zero	u3.b_is_zero$_SDFFE_PP0P_/Q	u3.b_is_zero$_SDFFE_PP0P_/D
877	0.7860	rmode_reg[I]	rmode_reg[I]	rmode_reg[1]$_SDFFE_PP0P_/Q	rmode_reg[1]$_SDFFE_PP0P_/D
878	0.7861	uI.diff_J[K]	addsub_out[I]	u2.diff_2[0]$_SDFFE_PP0P_/Q	addsub_out[0]$_SDFF_PP0_/D
879	0.7861	uI.diffshift_et_J	uI.diffshift_et_J	u2.diffshift_et_55$_SDFFE_PP0P_/Q	u2.diffshift_et_55$_SDFFE_PP0P_/D
880	0.7861	uI.exponent_J[K]	exp_addsub[I]	u2.exponent_2[10]$_SDFFE_PP0P_/Q	exp_addsub[10]$_SDFF_PP0_/D
881	0.7862	uI.mana_gtet_manb	uI.a_gtet_b	u2.mana_gtet_manb$_SDFFE_PP0P_/Q	u2.a_gtet_b$_SDFFE_PP0P_/D
882	0.7862	uI.sign	addsub_sign	u2.sign$_SDFFE_PP0P_/Q	addsub_sign$_SDFF_PP0_/D
883	0.7862	uI.sign	uI.sign	u1.sign$_SDFFE_PP0P_/Q	u1.sign$_SDFFE_PP0P_/D
884	0.7862	uI.small_is_denorm	uI.small_is_denorm	u1.small_is_denorm$_SDFFE_PP0P_/Q	u1.small_is_denorm$_SDFFE_PP0P_/D
885	0.7863	uI.except_trigger	uI.exception	u6.except_trigger$_SDFFE_PP0P_/Q	u6.exception$_SDFFE_PP0P_/D
886	0.7864	uI.addsub_inf_invalid	uI.invalid_trigger	u6.addsub_inf_invalid$_SDFFE_PP0P_/Q	u6.invalid_trigger$_SDFFE_PP0P_/D
887	0.7864	uI.out_neg_inf	uI.out_neg_inf	u6.out_neg_inf$_SDFFE_PP0P_/Q	u6.out_neg_inf$_SDFFE_PP0P_/D
888	0.7865	uI.overflow_trigger	uI.overflow	u6.overflow_trigger$_SDFFE_PP0P_/Q	u6.overflow$_SDFFE_PP0P_/D
889	0.7865	uI.mantissa_small[J]	uI.small_add[J]	u1.mantissa_small[14]$_SDFFE_PP0P_/Q	u1.small_add[16]$_SDFFE_PP0P_/D
890	0.7865	uI.mantissa_small[J]	uI.subtrahend[J]	u2.mantissa_small[14]$_SDFFE_PP0P_/Q	u2.subtrahend[16]$_SDFFE_PP0P_/D
891	0.7866	uI.inexact_trigger	uI.inexact_trigger	u6.inexact_trigger$_SDFFE_PP0P_/Q	u6.inexact_trigger$_SDFFE_PP0P_/D
892	0.7866	uI.inexact_trigger	uI.inexact	u6.inexact_trigger$_SDFFE_PP0P_/Q	u6.inexact$_SDFFE_PP0P_/D
893	0.7867	uI.sum_J[K]	addsub_out[I]	u1.sum_2[54]$_SDFFE_PP0P_/Q	addsub_out[54]$_SDFF_PP0_/D
894	0.7879	uI.exception	uI.exception	u6.exception$_SDFFE_PP0P_/Q	u6.exception$_SDFFE_PP0P_/D
895	0.7879	uI.inexact	uI.inexact	u6.inexact$_SDFFE_PP0P_/Q	u6.inexact$_SDFFE_PP0P_/D
896	0.7879	uI.out[J]	uI.out[J]	u6.out[63]$_SDFFE_PP0P_/Q	u6.out[63]$_SDFFE_PP0P_/D
897	0.7879	uI.overflow	uI.overflow	u6.overflow$_SDFFE_PP0P_/Q	u6.overflow$_SDFFE_PP0P_/D
898	0.7879	uI.underflow	uI.underflow	u6.underflow$_SDFFE_PP0P_/Q	u6.underflow$_SDFFE_PP0P_/D
899	0.7879	uI.multiply	uI.multiply	u6.multiply$_SDFFE_PP0P_/Q	u6.multiply$_SDFFE_PP0P_/D
900	0.7879	uI.invalid	uI.invalid	u6.invalid$_SDFFE_PP0P_/Q	u6.invalid$_SDFFE_PP0P_/D
901	0.7881	uI.large_norm_small_denorm	uI.large_norm_small_denorm	u2.large_norm_small_denorm$_SDFFE_PP0P_/Q	u2.large_norm_small_denorm$_SDFFE_PP0P_/D
902	0.7889	uI.large_is_denorm	uI.large_is_denorm	u1.large_is_denorm$_SDFFE_PP0P_/Q	u1.large_is_denorm$_SDFFE_PP0P_/D
903	0.7890	uI.in_et_zero	uI.mul_uf	u6.in_et_zero$_SDFFE_PP0P_/Q	u6.mul_uf$_SDFFE_PP0P_/D
904	0.7890	uI.subtra_shift_J[K]	uI.subtra_shift_J[K]	u2.subtra_shift_3[0]$_SDFFE_PP0P_/Q	u2.subtra_shift_3[0]$_SDFFE_PP0P_/D
905	0.7890	uI.SNaN_input	uI.SNaN_input	u6.SNaN_input$_SDFFE_PP0P_/Q	u6.SNaN_input$_SDFFE_PP0P_/D
906	0.7890	uI.addsub_inf_invalid	uI.addsub_inf_invalid	u6.addsub_inf_invalid$_SDFFE_PP0P_/Q	u6.addsub_inf_invalid$_SDFFE_PP0P_/D
907	0.7891	uI.in_et_zero	uI.in_et_zero	u6.in_et_zero$_SDFFE_PP0P_/Q	u6.in_et_zero$_SDFFE_PP0P_/D
908	0.7893	uI.opb_et_zero	uI.opb_et_zero	u6.opb_et_zero$_SDFFE_PP0P_/Q	u6.opb_et_zero$_SDFFE_PP0P_/D
909	0.7897	uI.expa_et_expb	uI.a_gtet_b	u2.expa_et_expb$_SDFFE_PP0P_/Q	u2.a_gtet_b$_SDFFE_PP0P_/D
910	0.7903	uI.NaN_input	uI.overflow_trigger	u6.NaN_input$_SDFFE_PP0P_/QN	u6.overflow_trigger$_SDFFE_PP0P_/D
911	0.7904	uI.mul_J_by_inf	uI.mul_J_by_inf	u6.mul_0_by_inf$_SDFFE_PP0P_/Q	u6.mul_0_by_inf$_SDFFE_PP0P_/D
912	0.7905	uI.sum_J[K]	uI.product[J]	u3.sum_8[9]$_SDFFE_PP0P_/Q	u3.product[84]$_SDFFE_PP0P_/D
913	0.7905	uI.addsub_inf	uI.addsub_inf	u6.addsub_inf$_SDFFE_PP0P_/Q	u6.addsub_inf$_SDFFE_PP0P_/D
914	0.7906	uI.mantissa_b[J]	uI.divisor_b[J]	u4.mantissa_b[49]$_SDFFE_PP0P_/Q	u4.divisor_b[49]$_SDFFE_PP0P_/D
915	0.7906	uI.mantissa_a[J]	uI.mul_a[J]	u3.mantissa_a[10]$_SDFFE_PP0P_/Q	u3.mul_a[10]$_SDFFE_PP0P_/D
916	0.7906	uI.mantissa_b[J]	uI.mul_b[J]	u3.mantissa_b[25]$_SDFFE_PP0P_/Q	u3.mul_b[25]$_SDFFE_PP0P_/D
917	0.7906	uI.mantissa_a[J]	uI.dividend_a[J]	u4.mantissa_a[0]$_SDFFE_PP0P_/Q	u4.dividend_a[0]$_SDFFE_PP0P_/D
918	0.7907	uI.div_by_J	uI.div_by_J	u6.div_by_0$_SDFFE_PP0P_/Q	u6.div_by_0$_SDFFE_PP0P_/D
919	0.7908	uI.div_inf	uI.div_inf	u6.div_inf$_SDFFE_PP0P_/Q	u6.div_inf$_SDFFE_PP0P_/D
920	0.7909	uI.out_J[K]	uI.out[J]	u6.out_2[62]$_SDFFE_PP0P_/Q	u6.out[62]$_SDFFE_PP0P_/D
921	0.7909	uI.div_J_by_K	uI.div_J_by_K	u6.div_0_by_0$_SDFFE_PP0P_/Q	u6.div_0_by_0$_SDFFE_PP0P_/D
922	0.7909	uI.div_uf	uI.div_uf	u6.div_uf$_SDFFE_PP0P_/Q	u6.div_uf$_SDFFE_PP0P_/D
923	0.7909	uI.add_inf	uI.add_inf	u6.add_inf$_SDFFE_PP0P_/Q	u6.add_inf$_SDFFE_PP0P_/D
924	0.7910	uI.product_a[J]	uI.product[J]	u3.product_a[0]$_SDFFE_PP0P_/Q	u3.product[0]$_SDFFE_PP0P_/D
925	0.7910	uI.enable_trigger	uI.ex_enable	u6.enable_trigger$_SDFFE_PP0P_/Q	u6.ex_enable$_SDFFE_PP0P_/D
926	0.7910	uI.expa_et_expb	uI.expa_et_expb	u2.expa_et_expb$_SDFFE_PP0P_/Q	u2.expa_et_expb$_SDFFE_PP0P_/D
927	0.7910	uI.mul_inf	uI.mul_inf	u6.mul_inf$_SDFFE_PP0P_/Q	u6.mul_inf$_SDFFE_PP0P_/D
928	0.7910	uI.mantissa_large[J]	uI.large_add[J]	u1.mantissa_large[8]$_SDFFE_PP0P_/Q	u1.large_add[10]$_SDFFE_PP0P_/D
929	0.7910	uI.mantissa_large[J]	uI.minuend[J]	u2.mantissa_large[8]$_SDFFE_PP0P_/Q	u2.minuend[10]$_SDFFE_PP0P_/D
930	0.7910	uI.round_to_pos_inf	uI.round_to_pos_inf	u6.round_to_pos_inf$_SDFFE_PP0P_/Q	u6.round_to_pos_inf$_SDFFE_PP0P_/D
931	0.7911	uI.sub_inf	uI.sub_inf	u6.sub_inf$_SDFFE_PP0P_/Q	u6.sub_inf$_SDFFE_PP0P_/D
932	0.7912	uI.expon_final_J[K]	uI.exponent_out[J]	u4.expon_final_5[0]$_SDFFE_PP0P_/Q	u4.exponent_out[0]$_SDFF_PP0_/D
933	0.7915	uI.SNaN_input	uI.invalid_trigger	u6.SNaN_input$_SDFFE_PP0P_/Q	u6.invalid_trigger$_SDFFE_PP0P_/D
934	0.7924	uI.opb_pos_inf	uI.opb_pos_inf	u6.opb_pos_inf$_SDFFE_PP0P_/Q	u6.opb_pos_inf$_SDFFE_PP0P_/D
935	0.7928	uI.opb_neg_inf	uI.opb_neg_inf	u6.opb_neg_inf$_SDFFE_PP0P_/Q	u6.opb_neg_inf$_SDFFE_PP0P_/D
936	0.7932	uI.opa_et_zero	uI.opa_et_zero	u6.opa_et_zero$_SDFFE_PP0P_/Q	u6.opa_et_zero$_SDFFE_PP0P_/D
937	0.7934	uI.opa_SNaN	uI.opa_SNaN	u6.opa_SNaN$_SDFFE_PP0P_/Q	u6.opa_SNaN$_SDFFE_PP0P_/D
938	0.7939	uI.opb_et_zero	uI.mul_uf	u6.opb_et_zero$_SDFFE_PP0P_/QN	u6.mul_uf$_SDFFE_PP0P_/D
939	0.7943	uI.opa_inf	uI.div_by_inf	u6.opa_inf$_SDFFE_PP0P_/QN	u6.div_by_inf$_SDFFE_PP0P_/D
940	0.7943	uI.opb_inf	uI.div_inf	u6.opb_inf$_SDFFE_PP0P_/QN	u6.div_inf$_SDFFE_PP0P_/D
941	0.7952	uI.mul_J_by_inf	uI.mul_inf	u6.mul_0_by_inf$_SDFFE_PP0P_/QN	u6.mul_inf$_SDFFE_PP0P_/D
942	0.7956	uI.round_out[J]	uI.out_pos_inf	u5.round_out[63]$_SDFF_PP0_/QN	u6.out_pos_inf$_SDFFE_PP0P_/D
943	0.7974	uI.opa_neg_inf	uI.opa_neg_inf	u6.opa_neg_inf$_SDFFE_PP0P_/Q	u6.opa_neg_inf$_SDFFE_PP0P_/D
944	0.7974	uI.opa_pos_inf	uI.opa_pos_inf	u6.opa_pos_inf$_SDFFE_PP0P_/Q	u6.opa_pos_inf$_SDFFE_PP0P_/D
945	0.7975	uI.exponent_round[J]	uI.exponent_final[J]	u5.exponent_round[0]$_SDFF_PP0_/Q	u5.exponent_final[0]$_SDFF_PP0_/D
946	0.7975	uI.sum_round_J[K]	uI.sum_final[J]	u5.sum_round_2[10]$_SDFF_PP0_/Q	u5.sum_final[10]$_SDFF_PP0_/D
947	0.7977	uI.mul_uf	uI.mul_uf	u6.mul_uf$_SDFFE_PP0P_/Q	u6.mul_uf$_SDFFE_PP0P_/D
948	0.7981	uI.opa_QNaN	uI.opa_QNaN	u6.opa_QNaN$_SDFFE_PP0P_/Q	u6.opa_QNaN$_SDFFE_PP0P_/D
949	0.7982	uI.opb_QNaN	uI.opb_QNaN	u6.opb_QNaN$_SDFFE_PP0P_/Q	u6.opb_QNaN$_SDFFE_PP0P_/D
950	0.7998	enable_reg_I	div_enable	enable_reg_3$_SDFF_PP0_/Q	div_enable$_SDFF_PP0_/D
951	0.8000	uI.large_is_denorm	uI.large_norm_small_denorm	u1.large_is_denorm$_SDFFE_PP0P_/QN	u1.large_norm_small_denorm$_SDFFE_PP0P_/D
952	0.8018	div_enable	uI.enable_reg_J	div_enable$_SDFF_PP0_/Q	u4.enable_reg_2$_SDFFE_PP0P_/D
953	0.8036	sign_round	uI.round_out[J]	sign_round$_SDFF_PN0_/Q	u5.round_out[63]$_SDFF_PP0_/D
954	0.8037	uI.exponent_final[J]	uI.round_out[J]	u5.exponent_final[4]$_SDFF_PP0_/Q	u5.round_out[56]$_SDFF_PP0_/D
955	0.8047	uI.quotient[J]	uI.quotient_out[J]	u4.quotient[10]$_SDFFE_PP0P_/Q	u4.quotient_out[10]$_SDFF_PP0_/D
956	0.8049	uI.remainder[J]	uI.remainder_out[J]	u4.remainder[0]$_SDFFE_PP0P_/Q	u4.remainder_out[0]$_SDFF_PP0_/D
957	0.8053	uI.SNaN_input	uI.SNaN_trigger	u6.SNaN_input$_SDFFE_PP0P_/QN	u6.SNaN_trigger$_SDFFE_PP0P_/D
958	0.8063	div_enable	uI.enable_reg_a	div_enable$_SDFF_PP0_/Q	u4.enable_reg_a$_SDFF_PP0_/D
959	0.8080	uI.enable_reg_a	uI.enable_reg_b	u4.enable_reg_a$_SDFF_PP0_/Q	u4.enable_reg_b$_SDFF_PP0_/D
960	0.8080	uI.enable_reg_b	uI.enable_reg_c	u4.enable_reg_b$_SDFF_PP0_/Q	u4.enable_reg_c$_SDFF_PP0_/D
961	0.8080	uI.enable_reg_c	uI.enable_reg_d	u4.enable_reg_c$_SDFF_PP0_/Q	u4.enable_reg_d$_SDFF_PP0_/D
962	0.8080	uI.enable_reg_d	uI.enable_reg_e	u4.enable_reg_d$_SDFF_PP0_/Q	u4.enable_reg_e$_SDFF_PP0_/D
963	0.8080	uI.sum_final[J]	uI.round_out[J]	u5.sum_final[2]$_SDFF_PP0_/Q	u5.round_out[0]$_SDFF_PP0_/D
964	0.8094	ready_I	ready_I	ready_0$_SDFF_PP0_/Q	ready_1$_SDFF_PP0_/D
965	0.8116	uI.large_is_denorm	uI.large_add[J]	u1.large_is_denorm$_SDFFE_PP0P_/QN	u1.large_add[54]$_SDFFE_PP0P_/D
966	0.8116	uI.large_is_denorm	uI.minuend[J]	u2.large_is_denorm$_SDFFE_PP0P_/QN	u2.minuend[54]$_SDFFE_PP0P_/D
967	0.8170	uI.small_is_denorm	uI.subtrahend[J]	u2.small_is_denorm$_SDFFE_PP0P_/QN	u2.subtrahend[54]$_SDFFE_PP0P_/D
968	0.8170	uI.expon_final_J_etK	uI.expon_final_J_term	u4.expon_final_4_et0$_SDFFE_PP0P_/QN	u4.expon_final_4_term$_SDFFE_PP0P_/D
969	0.8170	uI.small_is_denorm	uI.small_add[J]	u1.small_is_denorm$_SDFFE_PP0P_/QN	u1.small_add[54]$_SDFFE_PP0P_/D
970	0.8248	enable_reg	enable_reg_I	enable_reg$_SDFF_PP0_/QN	enable_reg_1$_SDFF_PP0_/D
