# stage	1_synth
# top_module	viterbi_core
# top_n	100
# kind	blocks
# skip_async	1
# include_full	1
# rank	worst_slack_ns	start	end	start_full	end_full
1	-0.2907	src_rdata_i[I]	bmu_inst_I.bm_r[J]	src_rdata_i[20]	bmu_inst_63.bm_r[7]$_DFF_PN0_/D
2	-0.0505	register_num_i[I]	acs_inst_I.pm_r[J]	register_num_i[0]	acs_inst_13.pm_r[2]$_DFF_PN0_/D
3	-0.0104	register_num_i[I]	acs_inst_I.survivor_path_r	register_num_i[1]	acs_inst_0.survivor_path_r$_DFF_PN0_/D
4	0.1195	acs_inst_I.pm_r[J]	pm_normalize_inst.pmax_r[I][J]	acs_inst_17.pm_r[3]$_DFF_PN0_/Q	pm_normalize_inst.pmax_r[1][8]$_DFFE_PN0P_/D
5	0.4817	bmu_inst_I.bm_r[J]	acs_inst_I.pm_r[J]	bmu_inst_63.bm_r[0]$_DFF_PN0_/Q	acs_inst_13.pm_r[2]$_DFF_PN0_/D
6	0.5336	bmu_inst_I.bm_r[J]	acs_inst_I.survivor_path_r	bmu_inst_63.bm_r[0]$_DFF_PN0_/Q	acs_inst_13.survivor_path_r$_DFF_PN0_/D
7	0.6095	acs_inst_I.pm_r[J]	pm_normalize_inst.gmax_r[I][J]	acs_inst_3.pm_r[4]$_DFF_PN0_/Q	pm_normalize_inst.gmax_r[0][0]$_DFFE_PN0P_/D
8	0.6182	register_num_i[I]	bmu_inst_I.low_codeword_tmp[J]	register_num_i[1]	bmu_inst_27.low_codeword_tmp[3]$_DFFE_PN0P_/D
9	0.6464	infobit_length_i[I]	src_addr_r[I]	infobit_length_i[7]	src_addr_r[10]$_DFFE_PN0P_/D
10	0.6696	rst_sync_i	fetch_src_cnt_r[I]	rst_sync_i	fetch_src_cnt_r[10]$_DFFE_PN0P_/D
11	0.6723	frame_start_i	fetch_src_cnt_r[I]	frame_start_i	fetch_src_cnt_r[10]$_DFFE_PN0P_/D
12	0.6853	register_num_i[I]	pm_normalize_inst.update_en_buf_r[I]	register_num_i[1]	pm_normalize_inst.update_en_buf_r[31]$_DFFE_PN0P_/D
13	0.6899	polynomialI_i[J]	bmu_inst_I.low_codeword_tmp[J]	polynomial2_i[2]	bmu_inst_63.low_codeword_tmp[1]$_DFFE_PN0P_/D
14	0.7029	register_num_i[I]	acs_en_r[I]	register_num_i[1]	acs_en_r[15]$_DFFE_PN0P_/D
15	0.7031	valid_polynomials_i[I]	bmu_inst_I.bm_r[J]	valid_polynomials_i[0]	bmu_inst_44.bm_r[2]$_DFF_PN0_/D
16	0.7102	frame_start_i	pm_normalize_inst.pm_nom_r[I][J]	frame_start_i	pm_normalize_inst.pm_nom_r[34][0]$_DFFE_PN0P_/D
17	0.7121	rst_sync_i	pm_normalize_inst.pm_nom_r[I][J]	rst_sync_i	pm_normalize_inst.pm_nom_r[17][8]$_DFFE_PN0P_/D
18	0.7185	rst_sync_i	bmu_inst_I.low_codeword_tmp[J]	rst_sync_i	bmu_inst_45.low_codeword_tmp[0]$_DFFE_PN0P_/D
19	0.7249	tail_biting_en_i	pm_normalize_inst.pm_nom_r[I][J]	tail_biting_en_i	pm_normalize_inst.pm_nom_r[17][8]$_DFFE_PN0P_/D
20	0.7251	valid_polynomials_i[I]	bmu_inst_I.low_codeword[J]	valid_polynomials_i[0]	bmu_inst_1.low_codeword[2]$_DFFE_PN0P_/D
21	0.7309	infobit_length_i[I]	src_len_counter_r[I]	infobit_length_i[7]	src_len_counter_r[9]$_DFFE_PN0P_/D
22	0.7454	pm_normalize_inst.final_max_r[I]	pm_normalize_inst.pm_nom_r[I][J]	pm_normalize_inst.final_max_r[2]$_DFFE_PN0P_/QN	pm_normalize_inst.pm_nom_r[8][3]$_DFFE_PN0P_/D
23	0.7649	frame_start_i	src_addr_r[I]	frame_start_i	src_addr_r[10]$_DFFE_PN0P_/D
24	0.7658	rst_sync_i	src_addr_r[I]	rst_sync_i	src_addr_r[10]$_DFFE_PN0P_/D
25	0.7752	rst_sync_i	acs_inst_I.pm_r[J]	rst_sync_i	acs_inst_32.pm_r[1]$_DFF_PN0_/D
26	0.7782	rst_sync_i	bmu_inst_I.low_codeword[J]	rst_sync_i	bmu_inst_1.low_codeword[0]$_DFFE_PN0P_/D
27	0.7785	bmu_inst_I.low_codeword[J]	bmu_inst_I.bm_r[J]	bmu_inst_63.low_codeword[4]$_DFFE_PN0P_/Q	bmu_inst_63.bm_r[7]$_DFF_PN0_/D
28	0.7809	rst_sync_i	src_len_counter_r[I]	rst_sync_i	src_len_counter_r[9]$_DFFE_PN0P_/D
29	0.7835	frame_start_i	src_len_counter_r[I]	frame_start_i	src_len_counter_r[9]$_DFFE_PN0P_/D
30	0.7887	frame_start_i	pm_normalize_inst.final_max_r[I]	frame_start_i	pm_normalize_inst.final_max_r[8]$_DFFE_PN0P_/D
31	0.7898	frame_start_i	pm_normalize_inst.pmax_r[I][J]	frame_start_i	pm_normalize_inst.pmax_r[2][2]$_DFFE_PN0P_/D
32	0.7919	rst_sync_i	pm_normalize_inst.final_max_r[I]	rst_sync_i	pm_normalize_inst.final_max_r[8]$_DFFE_PN0P_/D
33	0.7929	rst_sync_i	state_r[I]	rst_sync_i	state_r[1]$_DFF_PN0_/D
34	0.7930	rst_sync_i	pm_normalize_inst.pmax_r[I][J]	rst_sync_i	pm_normalize_inst.pmax_r[2][2]$_DFFE_PN0P_/D
35	0.7950	frame_start_i	state_r[I]	frame_start_i	state_r[0]$_DFF_PN1_/D
36	0.7961	rst_sync_i	src_rd_r	rst_sync_i	src_rd_r$_DFFE_PN0P_/D
37	0.7988	frame_start_i	src_rd_r	frame_start_i	src_rd_r$_DFFE_PN0P_/D
38	0.7989	rst_sync_i	bmu_inst_I.bm_r[J]	rst_sync_i	bmu_inst_12.bm_r[8]$_DFF_PN0_/D
39	0.8002	rst_sync_i	tb_len_r[I]	rst_sync_i	tb_len_r[4]$_DFFE_PN0P_/D
40	0.8003	frame_start_i	pm_normalize_inst.gmax_r[I][J]	frame_start_i	pm_normalize_inst.gmax_r[0][6]$_DFFE_PN0P_/D
41	0.8019	rst_sync_i	frame_done_r	rst_sync_i	frame_done_r$_DFFE_PN0P_/D
42	0.8019	rst_sync_i	tb_wr_addr_r[I]	rst_sync_i	tb_wr_addr_r[0]$_DFFE_PN0P_/D
43	0.8029	frame_start_i	tb_len_r[I]	frame_start_i	tb_len_r[4]$_DFFE_PN0P_/D
44	0.8035	frame_start_i	dst_addr_r[I]	frame_start_i	dst_addr_r[10]$_DFFE_PN0P_/D
45	0.8046	frame_start_i	frame_done_r	frame_start_i	frame_done_r$_DFFE_PN0P_/D
46	0.8046	frame_start_i	tb_wr_addr_r[I]	frame_start_i	tb_wr_addr_r[0]$_DFFE_PN0P_/D
47	0.8048	frame_start_i	trellis_idx_r[I]	frame_start_i	trellis_idx_r[0]$_DFFE_PN0P_/D
48	0.8054	frame_start_i	pm_normalize_inst.update_en_buf_r[I]	frame_start_i	pm_normalize_inst.update_en_buf_r[15]$_DFFE_PN0P_/D
49	0.8057	rst_sync_i	trellis_idx_r[I]	rst_sync_i	trellis_idx_r[0]$_DFFE_PN0P_/D
50	0.8105	rst_sync_i	half_tb_start_r	rst_sync_i	half_tb_start_r$_DFFE_PN0P_/D
51	0.8105	rst_sync_i	last_loop_r	rst_sync_i	last_loop_r$_DFFE_PN0P_/D
52	0.8105	frame_start_i	pm_normalize_inst.pm_buf_r[I][J]	frame_start_i	pm_normalize_inst.pm_buf_r[10][0]$_DFFE_PN0P_/D
53	0.8132	frame_start_i	half_tb_start_r	frame_start_i	half_tb_start_r$_DFFE_PN0P_/D
54	0.8132	frame_start_i	last_loop_r	frame_start_i	last_loop_r$_DFFE_PN0P_/D
55	0.8162	frame_start_i	pm_normalize_inst.reg_num_buf_r[I]	frame_start_i	pm_normalize_inst.reg_num_buf_r[0]$_DFFE_PN0P_/D
56	0.8173	rst_sync_i	pm_normalize_inst.gmax_r[I][J]	rst_sync_i	pm_normalize_inst.gmax_r[0][6]$_DFFE_PN0P_/D
57	0.8193	rst_sync_i	acs_inst_I.survivor_path_r	rst_sync_i	acs_inst_32.survivor_path_r$_DFF_PN0_/D
58	0.8263	rst_sync_i	pm_normalize_inst.update_en_buf_r[I]	rst_sync_i	pm_normalize_inst.update_en_buf_r[31]$_DFFE_PN0P_/D
59	0.8275	rst_sync_i	pm_normalize_inst.pm_buf_r[I][J]	rst_sync_i	pm_normalize_inst.pm_buf_r[10][0]$_DFFE_PN0P_/D
60	0.8303	rst_sync_i	dst_addr_r[I]	rst_sync_i	dst_addr_r[10]$_DFFE_PN0P_/D
61	0.8332	rst_sync_i	pm_normalize_inst.reg_num_buf_r[I]	rst_sync_i	pm_normalize_inst.reg_num_buf_r[0]$_DFFE_PN0P_/D
62	0.8398	frame_start_i	busy_r	frame_start_i	busy_r$_DFFE_PN0P_/D
63	0.8433	frame_start_i	acs_en_r[I]	frame_start_i	acs_en_r[15]$_DFFE_PN0P_/D
64	0.8442	tail_biting_en_i	trellis_idx_r[I]	tail_biting_en_i	trellis_idx_r[5]$_DFFE_PN0P_/D
65	0.8517	frame_start_i	byte_idx_r[I]	frame_start_i	byte_idx_r[0]$_DFF_PN0_/D
66	0.8549	rst_sync_i	byte_idx_r[I]	rst_sync_i	byte_idx_r[0]$_DFF_PN0_/D
67	0.8648	rst_sync_i	soft_data_valid_r	rst_sync_i	soft_data_valid_r$_DFF_PN0_/D
68	0.8648	rst_sync_i	traceback_ins.tb_counter_r[I]	rst_sync_i	traceback_ins.tb_counter_r[1]$_DFFE_PN0P_/D
69	0.8666	rst_sync_i	busy_r	rst_sync_i	busy_r$_DFFE_PN0P_/D
70	0.8666	rst_sync_i	traceback_ins.tb_addr_r[I]	rst_sync_i	traceback_ins.tb_addr_r[5]$_DFFE_PN0P_/D
71	0.8670	rst_sync_i	acs_inst_I.valid_r	rst_sync_i	acs_inst_0.valid_r$_DFF_PN0_/D
72	0.8670	frame_start_i	pm_normalize_inst.en_dI_r	frame_start_i	pm_normalize_inst.en_d1_r$_DFF_PN0_/D
73	0.8681	rst_sync_i	acs_en_r[I]	rst_sync_i	acs_en_r[15]$_DFFE_PN0P_/D
74	0.8702	rst_sync_i	pm_normalize_inst.en_dI_r	rst_sync_i	pm_normalize_inst.en_d1_r$_DFF_PN0_/D
75	0.8725	acs_inst_I.valid_r	tb_addr_o[I]	acs_inst_0.valid_r$_DFF_PN0_/Q	tb_addr_o[0]
76	0.8727	rst_sync_i	bmu_ready_dI_r	rst_sync_i	bmu_ready_d1_r$_DFF_PN1_/D
77	0.8739	pm_normalize_inst.pm_nom_r[I][J]	acs_inst_I.pm_r[J]	pm_normalize_inst.pm_nom_r[33][0]$_DFFE_PN0P_/Q	acs_inst_58.pm_r[2]$_DFF_PN0_/D
78	0.8759	rst_sync_i	traceback_ins.tb_rd_r	rst_sync_i	traceback_ins.tb_rd_r$_DFF_PN0_/D
79	0.8759	rst_sync_i	decoding_start_r	rst_sync_i	decoding_start_r$_DFF_PN0_/D
80	0.8771	rst_sync_i	traceback_start_r	rst_sync_i	traceback_start_r$_DFF_PN0_/D
81	0.8771	rst_sync_i	bmu_inst_I.calc_codeword_en	rst_sync_i	bmu_inst_19.calc_codeword_en$_DFF_PN0_/D
82	0.8806	frame_start_i	dst_wr_r	frame_start_i	dst_wr_r$_DFF_PN0_/D
83	0.8821	frame_start_i	bmu_inst_I.calc_polyn_en	frame_start_i	bmu_inst_60.calc_polyn_en$_DFF_PN0_/D
84	0.8838	rst_sync_i	dst_wr_r	rst_sync_i	dst_wr_r$_DFF_PN0_/D
85	0.8925	frame_start_i	first_loop_r	frame_start_i	first_loop_r$_DFFE_PN0P_/D
86	0.8925	frame_start_i	flush_all_start_r	frame_start_i	flush_all_start_r$_DFFE_PN0P_/D
87	0.8925	frame_start_i	full_tb_start_r	frame_start_i	full_tb_start_r$_DFFE_PN0P_/D
88	0.8942	frame_start_i	bmu_inst_I.ready_r	frame_start_i	bmu_inst_0.ready_r$_DFFE_PN0P_/D
89	0.8957	rst_sync_i	first_loop_r	rst_sync_i	first_loop_r$_DFFE_PN0P_/D
90	0.8957	rst_sync_i	flush_all_start_r	rst_sync_i	flush_all_start_r$_DFFE_PN0P_/D
91	0.8957	rst_sync_i	full_tb_start_r	rst_sync_i	full_tb_start_r$_DFFE_PN0P_/D
92	0.8973	rst_sync_i	bmu_inst_I.ready_r	rst_sync_i	bmu_inst_0.ready_r$_DFFE_PN0P_/D
93	0.9042	rst_sync_i	dst_wr_dI_r	rst_sync_i	dst_wr_d1_r$_DFF_PN0_/D
94	0.9043	rst_sync_i	soft_data_valid_dI_r	rst_sync_i	soft_data_valid_d2_r$_DFF_PN0_/D
95	0.9089	rst_sync_i	bmu_inst_I.calc_polyn_en	rst_sync_i	bmu_inst_60.calc_polyn_en$_DFF_PN0_/D
96	0.9259	pm_normalize_inst.pm_nom_r[I][J]	acs_inst_I.survivor_path_r	pm_normalize_inst.pm_nom_r[33][0]$_DFFE_PN0P_/Q	acs_inst_58.survivor_path_r$_DFF_PN0_/D
97	0.9435	decoding_length_i[I]	trellis_idx_r[I]	decoding_length_i[6]	trellis_idx_r[6]$_DFFE_PN0P_/D
98	0.9439	infobit_length_i[I]	trellis_idx_r[I]	infobit_length_i[6]	trellis_idx_r[6]$_DFFE_PN0P_/D
99	0.9628	tb_wr_addr_r[I]	tb_addr_o[I]	tb_wr_addr_r[3]$_DFFE_PN0P_/Q	tb_addr_o[3]
100	0.9682	pm_normalize_inst.pmax_r[I][J]	pm_normalize_inst.final_max_r[I]	pm_normalize_inst.pmax_r[1][3]$_DFFE_PN0P_/Q	pm_normalize_inst.final_max_r[0]$_DFFE_PN0P_/D
