# stage	1_synth
# top_module	RsDecodeTop
# top_n	100
# kind	blocks
# skip_async	1
# include_full	1
# rank	worst_slack_ns	start	end	start_full	end_full
1	-0.0011	enable	RsDecodePolymul.sumReg_I[J]	enable	RsDecodePolymul.sumReg_0[0]$_DFFE_PN0P_/D
2	0.0031	enable	omegaShiftedReg_I[J]	enable	omegaShiftedReg_10[0]$_DFFE_PN0P_/D
3	0.0042	enable	RsDecodeEuclide.omegaInvReg[I]	enable	RsDecodeEuclide.omegaInvReg[6]$_DFFE_PN0P_/D
4	0.0042	enable	doneReg[I]	enable	doneReg[0]$_DFFE_PN0P_/D
5	0.0042	enable	lambdaRegI_J[K]	enable	lambdaReg2_0[0]$_DFFE_PN0P_/D
6	0.0042	enable	startReg[I]	enable	startReg[1]$_DFFE_PN0P_/D
7	0.0061	enable	RsDecodeChien.denomEIInvReg[J]	enable	RsDecodeChien.denomE0InvReg[1]$_DFFE_PN0P_/D
8	0.0073	enable	doneShiftReg	enable	doneShiftReg$_DFFE_PN0P_/D
9	0.0083	enable	RsDecodeSyndrome.reg_I[J]	enable	RsDecodeSyndrome.reg_17[7]$_DFFE_PN0P_/D
10	0.0083	enable	RsDecodeEuclide.numShiftedReg[I]	enable	RsDecodeEuclide.numShiftedReg[3]$_DFFE_PN0P_/D
11	0.0126	enable	RsDecodeChien.numErrorReg[I]	enable	RsDecodeChien.numErrorReg[3]$_DFFE_PN0P_/D
12	0.0146	enable	RsDecodeChien.denomEIReg[J]	enable	RsDecodeChien.denomE0Reg[6]$_DFFE_PN0P_/D
13	0.0146	enable	RsDecodeChien.numeRegI[J]	enable	RsDecodeChien.numeReg2[0]$_DFFE_PN0P_/D
14	0.0146	enable	RsDecodeEuclide.qNewReg[I]	enable	RsDecodeEuclide.qNewReg[6]$_DFFE_PN0P_/D
15	0.0146	enable	RsDecodeChien.lambdaOddReg[I]	enable	RsDecodeChien.lambdaOddReg[0]$_DFFE_PN0P_/D
16	0.0146	enable	RsDecodeChien.epsilonOddReg[I]	enable	RsDecodeChien.epsilonOddReg[0]$_DFFE_PN0P_/D
17	0.0146	enable	RsDecodeChien.epsilonReg_I[J]	enable	RsDecodeChien.epsilonReg_10[0]$_DFFE_PN0P_/D
18	0.0146	enable	RsDecodeChien.lambdaEvenRegI[J]	enable	RsDecodeChien.lambdaEvenReg2[0]$_DFFE_PN0P_/D
19	0.0146	enable	RsDecodeChien.lambdaOddRegI[J]	enable	RsDecodeChien.lambdaOddReg2[0]$_DFFE_PN0P_/D
20	0.0146	enable	RsDecodeChien.lambdaReg_I[J]	enable	RsDecodeChien.lambdaReg_10[0]$_DFFE_PN0P_/D
21	0.0146	enable	RsDecodeChien.lambdaSumReg[I]	enable	RsDecodeChien.lambdaSumReg[0]$_DFFE_PN0P_/D
22	0.0146	enable	RsDecodeChien.omegaReg_I[J]	enable	RsDecodeChien.omegaReg_10[0]$_DFFE_PN0P_/D
23	0.0146	enable	RsDecodeChien.omegaSumReg[I]	enable	RsDecodeChien.omegaSumReg[0]$_DFFE_PN0P_/D
24	0.0146	enable	RsDecodeEuclide.omegaBkpReg[I]	enable	RsDecodeEuclide.omegaBkpReg[0]$_DFFE_PN0P_/D
25	0.0146	enable	RsDecodeEuclide.phase[I]	enable	RsDecodeEuclide.phase[0]$_DFFE_PN0P_/D
26	0.0146	enable	RsDecodePolymul.epsilonReg_I[J]	enable	RsDecodePolymul.epsilonReg_10[0]$_DFFE_PN0P_/D
27	0.0156	enable	RsDecodeEuclide.offset[I]	enable	RsDecodeEuclide.offset[4]$_DFFE_PN0P_/D
28	0.0175	enable	RsDecodeSyndrome.done	enable	RsDecodeSyndrome.done$_DFFE_PN0P_/D
29	0.0179	enable	RsDecodeDelay.RsDecodeDpRam.mem[I][J]	enable	RsDecodeDelay.RsDecodeDpRam.mem[111][0]$_DFFE_PP_/D
30	0.0197	enable	RsDecodeChien.count[I]	enable	RsDecodeChien.count[3]$_DFFE_PN0P_/D
31	0.0241	enable	RsDecodeErasure.count[I]	enable	RsDecodeErasure.count[2]$_DFFE_PN0P_/D
32	0.0241	enable	RsDecodeSyndrome.count[I]	enable	RsDecodeSyndrome.count[2]$_DFFE_PN0P_/D
33	0.0246	enable	RsDecodePolymul.count[I]	enable	RsDecodePolymul.count[1]$_DFFE_PN0P_/D
34	0.0246	enable	RsDecodeDelay.writePointer[I]	enable	RsDecodeDelay.writePointer[2]$_DFFE_PN1P_/D
35	0.0301	enable	RsDecodeDelay.readPointer[I]	enable	RsDecodeDelay.readPointer[2]$_DFFE_PN0P_/D
36	0.0312	enable	RsDecodeErasure.powerReg[I]	enable	RsDecodeErasure.powerReg[0]$_DFFE_PN0P_/D
37	0.0313	enable	RsDecodeEuclide.omegaBkp_I[J]	enable	RsDecodeEuclide.omegaBkp_20[3]$_DFFE_PN0P_/D
38	0.0355	enable	RsDecodeEuclide.omegaInner_I[J]	enable	RsDecodeEuclide.omegaInner_11[0]$_DFFE_PN0P_/D
39	0.0367	RsDecodeEuclide.count[I]	RsDecodeEuclide.omegaInner_I[J]	RsDecodeEuclide.count[6]$_DFFE_PN0P_/Q	RsDecodeEuclide.omegaInner_21[6]$_DFFE_PN0P_/D
40	0.0382	enable	RsDecodeEuclide.count[I]	enable	RsDecodeEuclide.count[1]$_DFFE_PN0P_/D
41	0.0405	enable	RsDecodeChien.epsilonSumReg[I]	enable	RsDecodeChien.epsilonSumReg[0]$_DFFE_PN0P_/D
42	0.0422	RsDecodeDelay.RsDecodeDpRam.rRdAddr[I]	RsDecodeDelay.RsDecodeDpRam.q[I]	RsDecodeDelay.RsDecodeDpRam.rRdAddr[1]$_DFF_P_/Q	RsDecodeDelay.RsDecodeDpRam.q[3]$_DFFE_PP_/D
43	0.0438	enable	doneShift	enable	doneShift$_DFFE_PN0P_/D
44	0.0476	enable	RsDecodeErasure.epsilonReg_I[J]	enable	RsDecodeErasure.epsilonReg_10[2]$_DFFE_PN0P_/D
45	0.0497	RsDecodeEuclide.count[I]	RsDecodeEuclide.lambdaXorReg_I[J]	RsDecodeEuclide.count[6]$_DFFE_PN0P_/Q	RsDecodeEuclide.lambdaXorReg_12[5]$_DFFE_PN0P_/D
46	0.0531	erasureIn	RsDecodeSyndrome.reg_I[J]	erasureIn	RsDecodeSyndrome.reg_0[7]$_DFFE_PN0P_/D
47	0.0587	RsDecodeEuclide.count[I]	RsDecodeEuclide.omegaBkp_I[J]	RsDecodeEuclide.count[6]$_DFFE_PN0P_/Q	RsDecodeEuclide.omegaBkp_12[0]$_DFFE_PN0P_/D
48	0.0590	RsDecodeEuclide.qNewReg[I]	RsDecodeEuclide.omegaInner_I[J]	RsDecodeEuclide.qNewReg[2]$_DFFE_PN0P_/Q	RsDecodeEuclide.omegaInner_1[3]$_DFFE_PN0P_/D
49	0.0596	enable	numErasureReg[I]	enable	numErasureReg[0]$_DFFE_PN0P_/D
50	0.0596	enable	numErrorReg[I]	enable	numErrorReg[1]$_DFFE_PN0P_/D
51	0.0603	erasureIn	RsDecodeDelay.RsDecodeDpRam.mem[I][J]	erasureIn	RsDecodeDelay.RsDecodeDpRam.mem[0][7]$_DFFE_PP_/D
52	0.0623	enable	degreeEpsilonRegI[J]	enable	degreeEpsilonReg4[0]$_DFFE_PN0P_/D
53	0.0623	enable	degreeLambdaReg[I]	enable	degreeLambdaReg[2]$_DFFE_PN0P_/D
54	0.0623	enable	degreeOmegaReg[I]	enable	degreeOmegaReg[0]$_DFFE_PN0P_/D
55	0.0665	RsDecodeSyndrome.done	RsDecodePolymul.sumReg_I[J]	RsDecodeSyndrome.done$_DFFE_PN0P_/Q	RsDecodePolymul.sumReg_8[7]$_DFFE_PN0P_/D
56	0.0679	enable	failReg	enable	failReg$_DFFE_PN0P_/D
57	0.0694	enable	epsilonRegI_J[K]	enable	epsilonReg3_3[2]$_DFFE_PN0P_/D
58	0.0722	RsDecodeEuclide.euclideSteps[I]	RsDecodeEuclide.omegaInner_I[J]	RsDecodeEuclide.euclideSteps[6]$_DFFE_PN0P_/QN	RsDecodeEuclide.omegaInner_11[0]$_DFFE_PN0P_/D
59	0.0733	enable	OutputValidReg	enable	OutputValidReg$_DFFE_PN0P_/D
60	0.0737	RsDecodeEuclide.omegaInner_I[J]	RsDecodeEuclide.omegaInner_I[J]	RsDecodeEuclide.omegaInner_21[0]$_DFFE_PN0P_/Q	RsDecodeEuclide.omegaInner_20[6]$_DFFE_PN0P_/D
61	0.0765	RsDecodeChien.lambdaReg_I[J]	RsDecodeChien.numErrorRegI[J]	RsDecodeChien.lambdaReg_6[3]$_DFFE_PN0P_/Q	RsDecodeChien.numErrorReg2[4]$_DFFE_PN0P_/D
62	0.0776	RsDecodeEuclide.count[I]	RsDecodeEuclide.numShiftedReg[I]	RsDecodeEuclide.count[6]$_DFFE_PN0P_/Q	RsDecodeEuclide.numShiftedReg[0]$_DFFE_PN0P_/D
63	0.0789	enable	failErasureRegI	enable	failErasureReg5$_DFFE_PN0P_/D
64	0.0789	enable	numErrorLambdaReg[I]	enable	numErrorLambdaReg[0]$_DFFE_PN0P_/D
65	0.0827	RsDecodeErasure.epsilonReg_I[J]	RsDecodePolymul.sumReg_I[J]	RsDecodeErasure.epsilonReg_22[6]$_DFFE_PN0P_/Q	RsDecodePolymul.sumReg_8[6]$_DFFE_PN0P_/D
66	0.0831	RsDecodeEuclide.count[I]	RsDecodeEuclide.lambdaBkp_I[J]	RsDecodeEuclide.count[6]$_DFFE_PN0P_/Q	RsDecodeEuclide.lambdaBkp_10[0]$_DFFE_PN0P_/D
67	0.0852	RsDecodeEuclide.euclideSteps[I]	RsDecodeEuclide.lambdaXorReg_I[J]	RsDecodeEuclide.euclideSteps[6]$_DFFE_PN0P_/QN	RsDecodeEuclide.lambdaXorReg_12[5]$_DFFE_PN0P_/D
68	0.0868	RsDecodeEuclide.qNewReg[I]	RsDecodeEuclide.omegaBkp_I[J]	RsDecodeEuclide.qNewReg[2]$_DFFE_PN0P_/Q	RsDecodeEuclide.omegaBkp_21[4]$_DFFE_PN0P_/D
69	0.0876	enable	degreeErrorReg	enable	degreeErrorReg$_DFFE_PN0P_/D
70	0.0884	RsDecodeEuclide.count[I]	RsDecodeEuclide.lambdaInner_I[J]	RsDecodeEuclide.count[6]$_DFFE_PN0P_/Q	RsDecodeEuclide.lambdaInner_16[2]$_DFFE_PN0P_/D
71	0.0907	startPls	RsDecodeSyndrome.reg_I[J]	startPls	RsDecodeSyndrome.reg_9[1]$_DFFE_PN0P_/D
72	0.0909	enable	omegaReg_I[J]	enable	omegaReg_21[6]$_DFFE_PN0P_/D
73	0.0909	enable	numShiftedReg[I]	enable	numShiftedReg[0]$_DFFE_PN0P_/D
74	0.0911	RsDecodeEuclide.qNewReg[I]	RsDecodeEuclide.lambdaInner_I[J]	RsDecodeEuclide.qNewReg[4]$_DFFE_PN0P_/Q	RsDecodeEuclide.lambdaInner_11[5]$_DFFE_PN0P_/D
75	0.0937	enable	RsDecodeErasure.erasureCount[I]	enable	RsDecodeErasure.erasureCount[5]$_DFFE_PN0P_/D
76	0.0939	enable	RsDecodeEuclide.lambdaXorReg_I[J]	enable	RsDecodeEuclide.lambdaXorReg_12[5]$_DFFE_PN0P_/D
77	0.0942	RsDecodeEuclide.euclideSteps[I]	RsDecodeEuclide.omegaBkp_I[J]	RsDecodeEuclide.euclideSteps[6]$_DFFE_PN0P_/QN	RsDecodeEuclide.omegaBkp_12[0]$_DFFE_PN0P_/D
78	0.0948	enable	RsDecodeEuclide.lambdaBkp_I[J]	enable	RsDecodeEuclide.lambdaBkp_10[0]$_DFFE_PN0P_/D
79	0.0997	RsDecodeChien.denomEIReg[J]	RsDecodeChien.denomEIInvReg[J]	RsDecodeChien.denomE1Reg[2]$_DFFE_PN0P_/Q	RsDecodeChien.denomE1InvReg[2]$_DFFE_PN0P_/D
80	0.1022	startPls	RsDecodeErasure.count[I]	startPls	RsDecodeErasure.count[2]$_DFFE_PN0P_/D
81	0.1025	startPls	RsDecodeSyndrome.count[I]	startPls	RsDecodeSyndrome.count[2]$_DFFE_PN0P_/D
82	0.1031	enable	RsDecodeEuclide.lambdaInner_I[J]	enable	RsDecodeEuclide.lambdaInner_13[6]$_DFFE_PN0P_/D
83	0.1039	RsDecodeEuclide.omegaInner_I[J]	RsDecodeEuclide.omegaInvReg[I]	RsDecodeEuclide.omegaInner_21[3]$_DFFE_PN0P_/Q	RsDecodeEuclide.omegaInvReg[7]$_DFFE_PN0P_/D
84	0.1041	degreeEpsilonReg[I]	RsDecodeEuclide.omegaBkp_I[J]	degreeEpsilonReg[2]$_DFFE_PN0P_/Q	RsDecodeEuclide.omegaBkp_12[0]$_DFFE_PN0P_/D
85	0.1053	erasureIn	RsDecodeErasure.epsilonReg_I[J]	erasureIn	RsDecodeErasure.epsilonReg_0[2]$_DFFE_PN0P_/D
86	0.1056	enable	RsDecodePolymul.syndromeReg_I[J]	enable	RsDecodePolymul.syndromeReg_13[0]$_DFFE_PN0P_/D
87	0.1062	startPls	RsDecodeErasure.epsilonReg_I[J]	startPls	RsDecodeErasure.epsilonReg_0[2]$_DFFE_PN0P_/D
88	0.1069	enable	RsDecodeChien.numErrorRegI[J]	enable	RsDecodeChien.numErrorReg2[0]$_DFFE_PN0P_/D
89	0.1087	RsDecodeEuclide.omegaInner_I[J]	RsDecodeEuclide.offset[I]	RsDecodeEuclide.omegaInner_21[0]$_DFFE_PN0P_/Q	RsDecodeEuclide.offset[4]$_DFFE_PN0P_/D
90	0.1105	degreeEpsilonReg[I]	RsDecodeEuclide.omegaInner_I[J]	degreeEpsilonReg[2]$_DFFE_PN0P_/Q	RsDecodeEuclide.omegaInner_11[0]$_DFFE_PN0P_/D
91	0.1130	RsDecodeEuclide.euclideSteps[I]	RsDecodeEuclide.numShiftedReg[I]	RsDecodeEuclide.euclideSteps[6]$_DFFE_PN0P_/QN	RsDecodeEuclide.numShiftedReg[0]$_DFFE_PN0P_/D
92	0.1139	RsDecodeEuclide.qNewReg[I]	RsDecodeEuclide.lambdaXorReg_I[J]	RsDecodeEuclide.qNewReg[4]$_DFFE_PN0P_/Q	RsDecodeEuclide.lambdaXorReg_11[5]$_DFFE_PN0P_/D
93	0.1160	degreeEpsilonReg[I]	RsDecodeEuclide.lambdaInner_I[J]	degreeEpsilonReg[2]$_DFFE_PN0P_/Q	RsDecodeEuclide.lambdaInner_12[0]$_DFFE_PN0P_/D
94	0.1162	RsDecodePolymul.epsilonReg_I[J]	RsDecodePolymul.sumReg_I[J]	RsDecodePolymul.epsilonReg_22[6]$_DFFE_PN0P_/Q	RsDecodePolymul.sumReg_8[6]$_DFFE_PN0P_/D
95	0.1186	RsDecodeEuclide.euclideSteps[I]	RsDecodeEuclide.lambdaBkp_I[J]	RsDecodeEuclide.euclideSteps[6]$_DFFE_PN0P_/QN	RsDecodeEuclide.lambdaBkp_10[0]$_DFFE_PN0P_/D
96	0.1199	degreeEpsilonReg[I]	RsDecodeEuclide.lambdaBkp_I[J]	degreeEpsilonReg[2]$_DFFE_PN0P_/Q	RsDecodeEuclide.lambdaBkp_10[0]$_DFFE_PN0P_/D
97	0.1211	erasureIn	RsDecodeErasure.erasureCount[I]	erasureIn	RsDecodeErasure.erasureCount[5]$_DFFE_PN0P_/D
98	0.1236	degreeEpsilonReg[I]	RsDecodeEuclide.lambdaXorReg_I[J]	degreeEpsilonReg[2]$_DFFE_PN0P_/Q	RsDecodeEuclide.lambdaXorReg_12[5]$_DFFE_PN0P_/D
99	0.1238	RsDecodeEuclide.euclideSteps[I]	RsDecodeEuclide.lambdaInner_I[J]	RsDecodeEuclide.euclideSteps[6]$_DFFE_PN0P_/QN	RsDecodeEuclide.lambdaInner_16[2]$_DFFE_PN0P_/D
100	0.1272	startPls	RsDecodeErasure.erasureCount[I]	startPls	RsDecodeErasure.erasureCount[5]$_DFFE_PN0P_/D
