# stage	1_synth
# top_module	modexp
# top_n	100
# kind	blocks
# skip_async	1
# include_full	1
# rank	worst_slack_ns	start	end	start_full	end_full
1	-0.5004	core_inst.montprod_select_reg[I]	_I_	core_inst.montprod_select_reg[3]$_DFFE_PN0P_/Q	_61814_/D
2	-0.4662	core_inst.montprod_select_reg[I]	core_inst.montprod_inst.add_carry_in_sa	core_inst.montprod_select_reg[3]$_DFFE_PN0P_/Q	core_inst.montprod_inst.add_carry_in_sa$_DFF_PN0_/D
3	-0.4206	address[I]	read_data[I]	address[7]	read_data[10]
4	-0.3148	core_inst.p_mem.tmp_read_dataI[J]	_I_	core_inst.p_mem.tmp_read_data0[9]$_DFF_P_/Q	_61814_/D
5	-0.3101	core_inst.result_mem.tmp_read_dataI[J]	_I_	core_inst.result_mem.tmp_read_data0[9]$_DFF_P_/Q	_61814_/D
6	-0.2974	core_inst.message_mem.tmp_read_dataI[J]	_I_	core_inst.message_mem.tmp_read_data0[9]$_DFF_P_/Q	_61814_/D
7	-0.2807	core_inst.p_mem.tmp_read_dataI[J]	core_inst.montprod_inst.add_carry_in_sa	core_inst.p_mem.tmp_read_data0[9]$_DFF_P_/Q	core_inst.montprod_inst.add_carry_in_sa$_DFF_PN0_/D
8	-0.2760	core_inst.result_mem.tmp_read_dataI[J]	core_inst.montprod_inst.add_carry_in_sa	core_inst.result_mem.tmp_read_data0[9]$_DFF_P_/Q	core_inst.montprod_inst.add_carry_in_sa$_DFF_PN0_/D
9	-0.2633	core_inst.message_mem.tmp_read_dataI[J]	core_inst.montprod_inst.add_carry_in_sa	core_inst.message_mem.tmp_read_data0[9]$_DFF_P_/Q	core_inst.montprod_inst.add_carry_in_sa$_DFF_PN0_/D
10	-0.2624	core_inst.one_reg[I]	_I_	core_inst.one_reg[0]$_DFF_PN0_/Q	_61814_/D
11	-0.2394	core_inst.modulus_mem.tmp_read_dataI[J]	core_inst.residue_mem.mem[I][J]	core_inst.modulus_mem.tmp_read_data0[0]$_DFF_P_/Q	core_inst.residue_mem.mem[26][22]$_DFFE_PP_/D
12	-0.2378	core_inst.montprod_inst.s_mem.tmp_read_data[I]	_I_	core_inst.montprod_inst.s_mem.tmp_read_data[8]$_DFF_P_/Q	_61814_/D
13	-0.2282	core_inst.one_reg[I]	core_inst.montprod_inst.add_carry_in_sa	core_inst.one_reg[0]$_DFF_PN0_/Q	core_inst.montprod_inst.add_carry_in_sa$_DFF_PN0_/D
14	-0.2229	core_inst.residue_mem.tmp_read_dataI[J]	core_inst.residue_mem.mem[I][J]	core_inst.residue_mem.tmp_read_data0[0]$_DFF_P_/QN	core_inst.residue_mem.mem[26][22]$_DFFE_PP_/D
15	-0.2171	core_inst.residue_inst.sub_carry_in_reg	core_inst.residue_mem.mem[I][J]	core_inst.residue_inst.sub_carry_in_reg$_DFF_PN0_/QN	core_inst.residue_mem.mem[26][22]$_DFFE_PP_/D
16	-0.2045	core_inst.montprod_inst.add_carry_in_sa	_I_	core_inst.montprod_inst.add_carry_in_sa$_DFF_PN0_/Q	_61814_/D
17	-0.2039	address[I]	core_inst.exponent_mem.mem[I][J]	address[1]	core_inst.exponent_mem.mem[10][10]$_DFFE_PP_/D
18	-0.2036	core_inst.montprod_inst.s_mem.tmp_read_data[I]	core_inst.montprod_inst.add_carry_in_sa	core_inst.montprod_inst.s_mem.tmp_read_data[8]$_DFF_P_/Q	core_inst.montprod_inst.add_carry_in_sa$_DFF_PN0_/D
19	-0.2001	address[I]	core_inst.result_mem.ptr_reg[I]	address[1]	core_inst.result_mem.ptr_reg[2]$_DFFE_PN0P_/D
20	-0.1942	modulus_length_reg[I]	core_inst.montprod_inst.word_index[I]	modulus_length_reg[0]$_DFFE_PN0P_/Q	core_inst.montprod_inst.word_index[2]$_DFF_PN0_/D
21	-0.1878	core_inst.residue_inst.loop_counter_I_to_nn_reg[J]	core_inst.modulus_mem.tmp_read_dataI[J]	core_inst.residue_inst.loop_counter_1_to_nn_reg[8]$_DFFE_PN0P_/Q	core_inst.modulus_mem.tmp_read_data0[15]$_DFF_P_/D
22	-0.1756	core_inst.montprod_inst.add_carry_in_sm	_I_	core_inst.montprod_inst.add_carry_in_sm$_DFF_PN0_/Q	_61814_/D
23	-0.1746	core_inst.modulus_mem.tmp_read_dataI[J]	_I_	core_inst.modulus_mem.tmp_read_data0[0]$_DFF_P_/Q	_61814_/D
24	-0.1703	modulus_length_reg[I]	core_inst.montprod_dest_reg[I]	modulus_length_reg[0]$_DFFE_PN0P_/Q	core_inst.montprod_dest_reg[1]$_DFF_PN0_/D
25	-0.1703	core_inst.montprod_inst.add_carry_in_sa	core_inst.montprod_inst.add_carry_in_sa	core_inst.montprod_inst.add_carry_in_sa$_DFF_PN0_/Q	core_inst.montprod_inst.add_carry_in_sa$_DFF_PN0_/D
26	-0.1700	modulus_length_reg[I]	core_inst.montprod_select_reg[I]	modulus_length_reg[0]$_DFFE_PN0P_/Q	core_inst.montprod_select_reg[0]$_DFFE_PN1P_/D
27	-0.1698	core_inst.residue_inst.nn_reg[I]	core_inst.modulus_mem.tmp_read_dataI[J]	core_inst.residue_inst.nn_reg[8]$_DFFE_PN0P_/Q	core_inst.modulus_mem.tmp_read_data0[15]$_DFF_P_/D
28	-0.1668	core_inst.residue_inst.loop_counter_I_to_nn_reg[J]	core_inst.residue_mem.tmp_read_dataI[J]	core_inst.residue_inst.loop_counter_1_to_nn_reg[4]$_DFFE_PN0P_/Q	core_inst.residue_mem.tmp_read_data0[11]$_DFF_P_/D
29	-0.1636	core_inst.modulus_mem.tmp_read_dataI[J]	core_inst.residue_inst.sub_carry_in_reg	core_inst.modulus_mem.tmp_read_data0[0]$_DFF_P_/Q	core_inst.residue_inst.sub_carry_in_reg$_DFF_PN0_/D
30	-0.1633	modulus_length_reg[I]	core_inst.montprod_inst.ready_reg	modulus_length_reg[0]$_DFFE_PN0P_/Q	core_inst.montprod_inst.ready_reg$_DFFE_PN0P_/D
31	-0.1574	modulus_length_reg[I]	core_inst.montprod_inst.montprod_ctrl_reg[I]	modulus_length_reg[0]$_DFFE_PN0P_/Q	core_inst.montprod_inst.montprod_ctrl_reg[7]$_DFF_PN0_/D
32	-0.1477	address[I]	core_inst.message_mem.mem[I][J]	address[1]	core_inst.message_mem.mem[0][10]$_DFFE_PP_/D
33	-0.1471	core_inst.residue_mem.tmp_read_dataI[J]	core_inst.residue_inst.sub_carry_in_reg	core_inst.residue_mem.tmp_read_data0[0]$_DFF_P_/QN	core_inst.residue_inst.sub_carry_in_reg$_DFF_PN0_/D
34	-0.1454	core_inst.residue_inst.nn_reg[I]	core_inst.residue_mem.tmp_read_dataI[J]	core_inst.residue_inst.nn_reg[8]$_DFFE_PN0P_/Q	core_inst.residue_mem.tmp_read_data0[11]$_DFF_P_/D
35	-0.1451	start_reg	core_inst.modulus_mem.tmp_read_dataI[J]	start_reg$_DFF_PN0_/Q	core_inst.modulus_mem.tmp_read_data0[31]$_DFF_P_/D
36	-0.1444	modulus_length_reg[I]	core_inst.exponent_mem.tmp_read_dataI[J]	modulus_length_reg[0]$_DFFE_PN0P_/Q	core_inst.exponent_mem.tmp_read_data0[10]$_DFF_P_/D
37	-0.1418	core_inst.montprod_inst.s_mem.tmp_read_data[I]	core_inst.montprod_inst.add_carry_in_sm	core_inst.montprod_inst.s_mem.tmp_read_data[8]$_DFF_P_/Q	core_inst.montprod_inst.add_carry_in_sm$_DFF_PN0_/D
38	-0.1416	core_inst.modexp_ctrl_reg[I]	core_inst.modulus_mem.tmp_read_dataI[J]	core_inst.modexp_ctrl_reg[0]$_DFF_PN1_/Q	core_inst.modulus_mem.tmp_read_data0[31]$_DFF_P_/D
39	-0.1413	core_inst.residue_inst.sub_carry_in_reg	core_inst.residue_inst.sub_carry_in_reg	core_inst.residue_inst.sub_carry_in_reg$_DFF_PN0_/QN	core_inst.residue_inst.sub_carry_in_reg$_DFF_PN0_/D
40	-0.1404	start_reg	core_inst.residue_mem.tmp_read_dataI[J]	start_reg$_DFF_PN0_/Q	core_inst.residue_mem.tmp_read_data0[11]$_DFF_P_/D
41	-0.1397	core_inst.montprod_inst.add_carry_in_sm	core_inst.montprod_inst.add_carry_in_sm	core_inst.montprod_inst.add_carry_in_sm$_DFF_PN0_/Q	core_inst.montprod_inst.add_carry_in_sm$_DFF_PN0_/D
42	-0.1386	core_inst.modulus_mem.tmp_read_dataI[J]	core_inst.montprod_inst.add_carry_in_sm	core_inst.modulus_mem.tmp_read_data0[0]$_DFF_P_/Q	core_inst.montprod_inst.add_carry_in_sm$_DFF_PN0_/D
43	-0.1369	core_inst.modexp_ctrl_reg[I]	core_inst.residue_mem.tmp_read_dataI[J]	core_inst.modexp_ctrl_reg[0]$_DFF_PN1_/Q	core_inst.residue_mem.tmp_read_data0[11]$_DFF_P_/D
44	-0.1315	core_inst.residue_inst.residue_ctrl_reg[I]	core_inst.modulus_mem.tmp_read_dataI[J]	core_inst.residue_inst.residue_ctrl_reg[3]$_DFF_PN0_/Q	core_inst.modulus_mem.tmp_read_data0[31]$_DFF_P_/D
45	-0.1273	core_inst.montprod_select_reg[I]	core_inst.montprod_inst.q_reg	core_inst.montprod_select_reg[1]$_DFFE_PN0P_/Q	core_inst.montprod_inst.q_reg$_DFFE_PN0P_/D
46	-0.1267	core_inst.residue_inst.residue_ctrl_reg[I]	core_inst.residue_mem.tmp_read_dataI[J]	core_inst.residue_inst.residue_ctrl_reg[3]$_DFF_PN0_/Q	core_inst.residue_mem.tmp_read_data0[11]$_DFF_P_/D
47	-0.1181	address[I]	core_inst.exponent_mem.ptr_reg[I]	address[1]	core_inst.exponent_mem.ptr_reg[3]$_DFFE_PN0P_/D
48	-0.1124	core_inst.residue_valid_reg	core_inst.modulus_mem.tmp_read_dataI[J]	core_inst.residue_valid_reg$_DFFE_PN0P_/QN	core_inst.modulus_mem.tmp_read_data0[31]$_DFF_P_/D
49	-0.1107	cs	read_data[I]	cs	read_data[10]
50	-0.1077	core_inst.residue_valid_reg	core_inst.residue_mem.tmp_read_dataI[J]	core_inst.residue_valid_reg$_DFFE_PN0P_/QN	core_inst.residue_mem.tmp_read_data0[11]$_DFF_P_/D
51	-0.1022	core_inst.cycle_ctr_high_reg[I]	core_inst.cycle_ctr_high_reg[I]	core_inst.cycle_ctr_high_reg[1]$_DFFE_PN0P_/Q	core_inst.cycle_ctr_high_reg[28]$_DFFE_PN0P_/D
52	-0.0994	address[I]	core_inst.modulus_mem.ptr_reg[I]	address[1]	core_inst.modulus_mem.ptr_reg[3]$_DFFE_PN0P_/D
53	-0.0903	core_inst.cycle_ctr_low_reg[I]	core_inst.cycle_ctr_high_reg[I]	core_inst.cycle_ctr_low_reg[3]$_DFFE_PN0P_/Q	core_inst.cycle_ctr_high_reg[10]$_DFFE_PN0P_/D
54	-0.0876	modulus_length_reg[I]	core_inst.p_mem.tmp_read_dataI[J]	modulus_length_reg[0]$_DFFE_PN0P_/QN	core_inst.p_mem.tmp_read_data0[10]$_DFF_P_/D
55	-0.0838	address[I]	core_inst.modulus_mem.mem[I][J]	address[1]	core_inst.modulus_mem.mem[10][10]$_DFFE_PP_/D
56	-0.0829	core_inst.residue_inst.word_index_reg[I]	core_inst.modulus_mem.tmp_read_dataI[J]	core_inst.residue_inst.word_index_reg[1]$_DFF_PN0_/Q	core_inst.modulus_mem.tmp_read_data0[15]$_DFF_P_/D
57	-0.0802	modulus_length_reg[I]	core_inst.modulus_mem.tmp_read_dataI[J]	modulus_length_reg[0]$_DFFE_PN0P_/Q	core_inst.modulus_mem.tmp_read_data0[14]$_DFF_P_/D
58	-0.0766	modulus_length_reg[I]	core_inst.message_mem.tmp_read_dataI[J]	modulus_length_reg[0]$_DFFE_PN0P_/QN	core_inst.message_mem.tmp_read_data0[13]$_DFF_P_/D
59	-0.0753	cs	core_inst.message_mem.mem[I][J]	cs	core_inst.message_mem.mem[0][10]$_DFFE_PP_/D
60	-0.0724	modulus_length_reg[I]	core_inst.result_mem.tmp_read_dataI[J]	modulus_length_reg[0]$_DFFE_PN0P_/QN	core_inst.result_mem.tmp_read_data0[14]$_DFF_P_/D
61	-0.0714	modulus_length_reg[I]	core_inst.montprod_inst.s_mem.tmp_read_data[I]	modulus_length_reg[0]$_DFFE_PN0P_/QN	core_inst.montprod_inst.s_mem.tmp_read_data[23]$_DFF_P_/D
62	-0.0704	core_inst.montprod_inst.word_index[I]	core_inst.p_mem.tmp_read_dataI[J]	core_inst.montprod_inst.word_index[0]$_DFF_PN0_/Q	core_inst.p_mem.tmp_read_data0[10]$_DFF_P_/D
63	-0.0704	core_inst.montprod_inst.word_index[I]	core_inst.message_mem.tmp_read_dataI[J]	core_inst.montprod_inst.word_index[0]$_DFF_PN0_/Q	core_inst.message_mem.tmp_read_data0[10]$_DFF_P_/D
64	-0.0704	core_inst.montprod_inst.word_index[I]	core_inst.result_mem.tmp_read_dataI[J]	core_inst.montprod_inst.word_index[0]$_DFF_PN0_/Q	core_inst.result_mem.tmp_read_data0[10]$_DFF_P_/D
65	-0.0703	core_inst.montprod_inst.word_index[I]	core_inst.montprod_inst.s_mem.tmp_read_data[I]	core_inst.montprod_inst.word_index[0]$_DFF_PN0_/Q	core_inst.montprod_inst.s_mem.tmp_read_data[10]$_DFF_P_/D
66	-0.0633	modulus_length_reg[I]	core_inst.modexp_ctrl_reg[I]	modulus_length_reg[0]$_DFFE_PN0P_/Q	core_inst.modexp_ctrl_reg[1]$_DFF_PN0_/D
67	-0.0629	we	read_data[I]	we	read_data[10]
68	-0.0596	core_inst.montprod_inst.montprod_ctrl_reg[I]	core_inst.p_mem.tmp_read_dataI[J]	core_inst.montprod_inst.montprod_ctrl_reg[13]$_DFF_PN0_/Q	core_inst.p_mem.tmp_read_data0[10]$_DFF_P_/D
69	-0.0596	core_inst.montprod_inst.montprod_ctrl_reg[I]	core_inst.message_mem.tmp_read_dataI[J]	core_inst.montprod_inst.montprod_ctrl_reg[13]$_DFF_PN0_/Q	core_inst.message_mem.tmp_read_data0[10]$_DFF_P_/D
70	-0.0596	core_inst.montprod_inst.montprod_ctrl_reg[I]	core_inst.result_mem.tmp_read_dataI[J]	core_inst.montprod_inst.montprod_ctrl_reg[13]$_DFF_PN0_/Q	core_inst.result_mem.tmp_read_data0[10]$_DFF_P_/D
71	-0.0596	core_inst.montprod_inst.montprod_ctrl_reg[I]	core_inst.montprod_inst.s_mem.tmp_read_data[I]	core_inst.montprod_inst.montprod_ctrl_reg[13]$_DFF_PN0_/Q	core_inst.montprod_inst.s_mem.tmp_read_data[10]$_DFF_P_/D
72	-0.0530	core_inst.loop_counter_reg[I]	core_inst.exponent_mem.tmp_read_dataI[J]	core_inst.loop_counter_reg[5]$_DFFE_PN0P_/Q	core_inst.exponent_mem.tmp_read_data0[10]$_DFF_P_/D
73	-0.0462	cs	core_inst.modulus_mem.mem[I][J]	cs	core_inst.modulus_mem.mem[10][10]$_DFFE_PP_/D
74	-0.0343	address[I]	core_inst.message_mem.ptr_reg[I]	address[1]	core_inst.message_mem.ptr_reg[4]$_DFFE_PN0P_/D
75	-0.0316	cs	core_inst.exponent_mem.mem[I][J]	cs	core_inst.exponent_mem.mem[10][10]$_DFFE_PP_/D
76	-0.0289	address[I]	exponent_length_reg[I]	address[1]	exponent_length_reg[0]$_DFFE_PN0P_/D
77	-0.0288	we	core_inst.message_mem.mem[I][J]	we	core_inst.message_mem.mem[0][10]$_DFFE_PP_/D
78	-0.0221	modulus_length_reg[I]	core_inst.residue_mem.tmp_read_dataI[J]	modulus_length_reg[0]$_DFFE_PN0P_/Q	core_inst.residue_mem.tmp_read_data0[28]$_DFF_P_/D
79	-0.0147	core_inst.montprod_select_reg[I]	core_inst.montprod_inst.b_reg	core_inst.montprod_select_reg[1]$_DFFE_PN0P_/Q	core_inst.montprod_inst.b_reg$_DFFE_PN0P_/D
80	-0.0099	core_inst.residue_inst.length_mI_reg[J]	core_inst.modulus_mem.tmp_read_dataI[J]	core_inst.residue_inst.length_m1_reg[2]$_DFFE_PN0P_/Q	core_inst.modulus_mem.tmp_read_data0[20]$_DFF_P_/D
81	-0.0091	address[I]	modulus_length_reg[I]	address[1]	modulus_length_reg[0]$_DFFE_PN0P_/D
82	-0.0022	core_inst.result_mem.ptr_reg[I]	core_inst.result_mem.tmp_read_dataI[J]	core_inst.result_mem.ptr_reg[0]$_DFFE_PN0P_/Q	core_inst.result_mem.tmp_read_data1[10]$_DFF_P_/D
83	0.0003	we	core_inst.modulus_mem.mem[I][J]	we	core_inst.modulus_mem.mem[10][10]$_DFFE_PP_/D
84	0.0005	core_inst.cycle_ctr_state_reg	core_inst.cycle_ctr_high_reg[I]	core_inst.cycle_ctr_state_reg$_DFFE_PN0P_/Q	core_inst.cycle_ctr_high_reg[10]$_DFFE_PN0P_/D
85	0.0072	core_inst.residue_inst.word_index_reg[I]	core_inst.residue_mem.tmp_read_dataI[J]	core_inst.residue_inst.word_index_reg[1]$_DFF_PN0_/QN	core_inst.residue_mem.tmp_read_data0[11]$_DFF_P_/D
86	0.0123	core_inst.message_mem.ptr_reg[I]	core_inst.message_mem.tmp_read_dataI[J]	core_inst.message_mem.ptr_reg[1]$_DFFE_PN0P_/Q	core_inst.message_mem.tmp_read_data1[16]$_DFF_P_/D
87	0.0138	core_inst.exponent_mem.ptr_reg[I]	core_inst.exponent_mem.tmp_read_dataI[J]	core_inst.exponent_mem.ptr_reg[0]$_DFFE_PN0P_/Q	core_inst.exponent_mem.tmp_read_data1[15]$_DFF_P_/D
88	0.0139	core_inst.modulus_mem.ptr_reg[I]	core_inst.modulus_mem.tmp_read_dataI[J]	core_inst.modulus_mem.ptr_reg[0]$_DFFE_PN0P_/Q	core_inst.modulus_mem.tmp_read_data1[10]$_DFF_P_/D
89	0.0149	we	core_inst.exponent_mem.mem[I][J]	we	core_inst.exponent_mem.mem[10][10]$_DFFE_PP_/D
90	0.0174	core_inst.montprod_inst.B_bit_index_reg[I]	core_inst.montprod_inst.q_reg	core_inst.montprod_inst.B_bit_index_reg[0]$_DFFE_PN0P_/Q	core_inst.montprod_inst.q_reg$_DFFE_PN0P_/D
91	0.0176	core_inst.residue_inst.length_mI_reg[J]	core_inst.residue_mem.tmp_read_dataI[J]	core_inst.residue_inst.length_m1_reg[0]$_DFFE_PN0P_/Q	core_inst.residue_mem.tmp_read_data0[11]$_DFF_P_/D
92	0.0186	core_inst.montprod_inst.loop_counter[I]	core_inst.residue_mem.tmp_read_dataI[J]	core_inst.montprod_inst.loop_counter[6]$_DFFE_PN0P_/Q	core_inst.residue_mem.tmp_read_data1[26]$_DFF_P_/D
93	0.0186	core_inst.montprod_inst.loop_counter[I]	core_inst.p_mem.tmp_read_dataI[J]	core_inst.montprod_inst.loop_counter[6]$_DFFE_PN0P_/Q	core_inst.p_mem.tmp_read_data1[0]$_DFF_P_/D
94	0.0296	cs	core_inst.result_mem.ptr_reg[I]	cs	core_inst.result_mem.ptr_reg[2]$_DFFE_PN0P_/D
95	0.0306	core_inst.residue_inst.loop_counter_I_to_nn_reg[J]	core_inst.residue_inst.word_index_reg[I]	core_inst.residue_inst.loop_counter_1_to_nn_reg[4]$_DFFE_PN0P_/Q	core_inst.residue_inst.word_index_reg[0]$_DFF_PN0_/D
96	0.0363	cs	exponent_length_reg[I]	cs	exponent_length_reg[0]$_DFFE_PN0P_/D
97	0.0363	cs	modulus_length_reg[I]	cs	modulus_length_reg[0]$_DFFE_PN0P_/D
98	0.0409	core_inst.cycle_ctr_low_reg[I]	core_inst.cycle_ctr_low_reg[I]	core_inst.cycle_ctr_low_reg[3]$_DFFE_PN0P_/Q	core_inst.cycle_ctr_low_reg[30]$_DFFE_PN0P_/D
99	0.0425	cs	core_inst.exponent_mem.ptr_reg[I]	cs	core_inst.exponent_mem.ptr_reg[3]$_DFFE_PN0P_/D
100	0.0444	core_inst.loop_counter_reg[I]	core_inst.montprod_inst.word_index[I]	core_inst.loop_counter_reg[8]$_DFFE_PN0P_/QN	core_inst.montprod_inst.word_index[2]$_DFF_PN0_/D
