# stage	1_synth
# top_module	ddr3_controller
# top_n	100
# kind	blocks
# skip_async	1
# include_full	1
# rank	worst_slack_ns	start	end	start_full	end_full
1	-0.3926	lane[I]	dq_target_index[I][J]	lane[1]$_SDFFE_PP0P_/Q	dq_target_index[0][3]$_SDFFCE_PN0P_/D
2	-0.3410	i_wb_addr[I]	stageI_do_pre	i_wb_addr[2]	stage1_do_pre$_SDFF_PP0_/D
3	-0.3232	lane[I]	dqs_target_index[I]	lane[1]$_SDFFE_PP0P_/Q	dqs_target_index[0]$_SDFFE_PP0P_/D
4	-0.3021	lane[I]	added_read_pipe[I]	lane[1]$_SDFFE_PP0P_/Q	added_read_pipe[0]$_SDFFCE_PN0P_/D
5	-0.2944	i_wb_cyc	stageI_do_pre	i_wb_cyc	stage1_do_pre$_SDFF_PP0_/D
6	-0.2574	i_wb_addr[I]	stageI_do_act	i_wb_addr[2]	stage1_do_act$_SDFF_PP0_/D
7	-0.2107	i_wb_cyc	stageI_do_act	i_wb_cyc	stage1_do_act$_SDFF_PP0_/D
8	-0.2077	lane[I]	data_start_index[I][J]	lane[1]$_SDFFE_PP0P_/Q	data_start_index[0][0]$_SDFFCE_PN0P_/D
9	-0.2020	i_phy_iserdes_bitslip_reference[I]	state_calibrate[I]	i_phy_iserdes_bitslip_reference[31]	state_calibrate[4]$_SDFFE_PP0P_/D
10	-0.1966	lane[I]	added_read_pipe_max	lane[1]$_SDFFE_PP0P_/Q	added_read_pipe_max$_SDFFE_PP0P_/D
11	-0.1964	lane[I]	state_calibrate[I]	lane[1]$_SDFFE_PP0P_/Q	state_calibrate[4]$_SDFFE_PP0P_/D
12	-0.1954	stageI_do_pre	stageI_do_wr_or_rd	stage2_do_pre$_SDFF_PP0_/Q	stage2_do_wr_or_rd$_SDFF_PP0_/D
13	-0.1940	lane[I]	odelay_dqs_cntvaluein[I][J]	lane[1]$_SDFFE_PP0P_/Q	odelay_dqs_cntvaluein[1][1]$_SDFFCE_PN0P_/D
14	-0.1844	lane[I]	idelay_dqs_cntvaluein[I][J]	lane[1]$_SDFFE_PP0P_/Q	idelay_dqs_cntvaluein[7][1]$_SDFFCE_PN0P_/D
15	-0.1844	stageI_do_pre	o_wb_stall_int_q	stage2_do_pre$_SDFF_PP0_/Q	o_wb_stall_int_q$_SDFF_PP1_/D
16	-0.1774	lane[I]	sample_clk_repeat[I]	lane[1]$_SDFFE_PP0P_/Q	sample_clk_repeat[2]$_SDFFCE_PP0P_/D
17	-0.1769	data_start_index[I][J]	data_start_index[I][J]	data_start_index[3][0]$_SDFFCE_PN0P_/Q	data_start_index[0][0]$_SDFFCE_PN0P_/D
18	-0.1768	lane[I]	write_pattern_lane[I]	lane[1]$_SDFFE_PP0P_/Q	write_pattern_lane[30]$_SDFF_PP0_/D
19	-0.1767	i_phy_iserdes_bitslip_reference[I]	sample_clk_repeat[I]	i_phy_iserdes_bitslip_reference[25]	sample_clk_repeat[2]$_SDFFCE_PP0P_/D
20	-0.1748	stageI_bank[J]	stageI_do_wr_or_rd	stage2_bank[2]$_SDFF_PP0_/Q	stage2_do_wr_or_rd$_SDFF_PP0_/D
21	-0.1710	stageI_do_pre	stageI_do_pre	stage2_do_pre$_SDFF_PP0_/Q	stage2_do_pre$_SDFF_PP0_/D
22	-0.1707	calib_addr[I]	stageI_do_pre	calib_addr[6]$_SDFFE_PP0P_/Q	stage1_do_pre$_SDFF_PP0_/D
23	-0.1677	stageI_do_act	stageI_do_wr_or_rd	stage2_do_act$_SDFF_PP0_/Q	stage2_do_wr_or_rd$_SDFF_PP0_/D
24	-0.1672	stageI_do_rd	stageI_do_wr_or_rd	stage2_do_rd$_SDFF_PP0_/Q	stage2_do_wr_or_rd$_SDFF_PP0_/D
25	-0.1669	stageI_do_act	o_wb_stall_int_q	stage2_do_act$_SDFF_PP0_/Q	o_wb_stall_int_q$_SDFF_PP1_/D
26	-0.1661	stageI_next_bank[J]	o_wb_stall_int_q	stage1_next_bank[2]$_SDFF_PP0_/Q	o_wb_stall_int_q$_SDFF_PP1_/D
27	-0.1641	stageI_bank[J]	o_wb_stall_int_q	stage2_bank[2]$_SDFF_PP0_/Q	o_wb_stall_int_q$_SDFF_PP1_/D
28	-0.1639	lane[I]	stored_write_level_feedback	lane[1]$_SDFFE_PP0P_/Q	stored_write_level_feedback$_SDFFCE_PN0P_/D
29	-0.1639	stageI_pending	o_wb_stall_int_q	stage2_pending$_SDFFE_PP0P_/Q	o_wb_stall_int_q$_SDFF_PP1_/D
30	-0.1632	i_phy_iserdes_bitslip_reference[I]	stored_write_level_feedback	i_phy_iserdes_bitslip_reference[25]	stored_write_level_feedback$_SDFFCE_PN0P_/D
31	-0.1600	index_wb_data	reset_from_test	index_wb_data$_SDFFE_PP0P_/Q	reset_from_test$_SDFF_PP0_/D
32	-0.1577	stageI_do_wr	stageI_do_wr_or_rd	stage2_do_wr$_SDFF_PP0_/Q	stage2_do_wr_or_rd$_SDFF_PP0_/D
33	-0.1575	stageI_do_wr_or_rd	stageI_do_wr_or_rd	stage2_do_wr_or_rd$_SDFF_PP0_/Q	stage2_do_wr_or_rd$_SDFF_PP0_/D
34	-0.1573	i_phy_iserdes_bitslip_reference[I]	dqs_start_index_stored[I]	i_phy_iserdes_bitslip_reference[31]	dqs_start_index_stored[1]$_SDFFE_PP0P_/D
35	-0.1570	stageI_do_wr	o_wb_stall_int_q	stage2_do_wr$_SDFF_PP0_/Q	o_wb_stall_int_q$_SDFF_PP1_/D
36	-0.1538	i_phy_idelayctrl_rdy	write_test_address_counter[I]	i_phy_idelayctrl_rdy	write_test_address_counter[23]$_SDFFE_PP0P_/D
37	-0.1535	lane[I]	lane[I]	lane[1]$_SDFFE_PP0P_/Q	lane[0]$_SDFFE_PP0P_/D
38	-0.1530	stageI_do_wr_or_rd	o_wb_stall_int_q	stage2_do_wr_or_rd$_SDFF_PP0_/Q	o_wb_stall_int_q$_SDFF_PP1_/D
39	-0.1527	i_phy_iserdes_bitslip_reference[I]	lane[I]	i_phy_iserdes_bitslip_reference[25]	lane[0]$_SDFFE_PP0P_/D
40	-0.1524	dqs_start_index[I]	dqs_start_index[I]	dqs_start_index[1]$_SDFFE_PP0P_/Q	dqs_start_index[4]$_SDFFE_PP0P_/D
41	-0.1523	o_wb_stall_int_q	stageI_do_pre	o_wb_stall_int_q$_SDFF_PP1_/Q	stage1_do_pre$_SDFF_PP0_/D
42	-0.1519	stageI_pending	stageI_do_wr_or_rd	stage2_pending$_SDFFE_PP0P_/Q	stage2_do_wr_or_rd$_SDFF_PP0_/D
43	-0.1517	lane[I]	dqs_start_index_stored[I]	lane[1]$_SDFFE_PP0P_/Q	dqs_start_index_stored[1]$_SDFFE_PP0P_/D
44	-0.1514	dqs_start_index[I]	state_calibrate[I]	dqs_start_index[1]$_SDFFE_PP0P_/Q	state_calibrate[4]$_SDFFE_PP0P_/D
45	-0.1514	i_phy_idelayctrl_rdy	state_calibrate[I]	i_phy_idelayctrl_rdy	state_calibrate[4]$_SDFFE_PP0P_/D
46	-0.1504	stageI_bank[J]	stageI_do_pre	stage2_bank[2]$_SDFF_PP0_/Q	stage2_do_pre$_SDFF_PP0_/D
47	-0.1488	i_phy_iserdes_bitslip_reference[I]	dqs_start_index_repeat	i_phy_iserdes_bitslip_reference[31]	dqs_start_index_repeat$_SDFFE_PP0P_/D
48	-0.1479	lane[I]	odelay_data_cntvaluein[I][J]	lane[1]$_SDFFE_PP0P_/Q	odelay_data_cntvaluein[0][1]$_SDFFCE_PN0P_/D
49	-0.1472	lane[I]	o_phy_write_leveling_calib	lane[1]$_SDFFE_PP0P_/Q	o_phy_write_leveling_calib$_SDFFE_PP0P_/D
50	-0.1465	i_phy_iserdes_bitslip_reference[I]	o_phy_write_leveling_calib	i_phy_iserdes_bitslip_reference[25]	o_phy_write_leveling_calib$_SDFFE_PP0P_/D
51	-0.1433	lane[I]	idelay_data_cntvaluein[I][J]	lane[1]$_SDFFE_PP0P_/Q	idelay_data_cntvaluein[4][1]$_SDFFCE_PN0P_/D
52	-0.1433	stageI_do_act	stageI_do_pre	stage2_do_act$_SDFF_PP0_/Q	stage2_do_pre$_SDFF_PP0_/D
53	-0.1432	lane[I]	dqs_start_index_repeat	lane[1]$_SDFFE_PP0P_/Q	dqs_start_index_repeat$_SDFFE_PP0P_/D
54	-0.1428	stageI_do_rd	stageI_do_pre	stage2_do_rd$_SDFF_PP0_/Q	stage2_do_pre$_SDFF_PP0_/D
55	-0.1394	force_o_wb_stall_high_q	stageI_do_pre	force_o_wb_stall_high_q$_SDFF_PP0_/Q	stage1_do_pre$_SDFF_PP0_/D
56	-0.1355	lane[I]	read_lane_data[I]	lane[1]$_SDFFE_PP0P_/Q	read_lane_data[53]$_SDFF_PP0_/D
57	-0.1334	stageI_do_wr	stageI_do_pre	stage2_do_wr$_SDFF_PP0_/Q	stage2_do_pre$_SDFF_PP0_/D
58	-0.1332	stageI_do_wr_or_rd	stageI_do_pre	stage2_do_wr_or_rd$_SDFF_PP0_/Q	stage2_do_pre$_SDFF_PP0_/D
59	-0.1331	data_start_index[I][J]	write_pattern_lane[I]	data_start_index[3][0]$_SDFFCE_PN0P_/Q	write_pattern_lane[21]$_SDFF_PP0_/D
60	-0.1287	lane[I]	lane_write_dq_late[I]	lane[1]$_SDFFE_PP0P_/Q	lane_write_dq_late[0]$_SDFFE_PP0P_/D
61	-0.1275	stageI_pending	stageI_do_pre	stage2_pending$_SDFFE_PP0P_/Q	stage2_do_pre$_SDFF_PP0_/D
62	-0.1272	lane[I]	dqs_bitslip_arrangement[I]	lane[1]$_SDFFE_PP0P_/Q	dqs_bitslip_arrangement[5]$_SDFFE_PP0P_/D
63	-0.1268	lane[I]	prev_write_level_feedback	lane[1]$_SDFFE_PP0P_/Q	prev_write_level_feedback$_SDFFE_PP1P_/D
64	-0.1260	i_phy_iserdes_bitslip_reference[I]	prev_write_level_feedback	i_phy_iserdes_bitslip_reference[25]	prev_write_level_feedback$_SDFFE_PP1P_/D
65	-0.1250	stageI_do_wr	stageI_do_update_delay_before_write_after_act	stage2_do_wr$_SDFF_PP0_/Q	stage2_do_update_delay_before_write_after_act$_SDFF_PP0_/D
66	-0.1239	stageI_do_wr	stageI_do_wr	stage2_do_wr$_SDFF_PP0_/Q	stage2_do_wr$_SDFF_PP0_/D
67	-0.1237	lane[I]	dqs_store[I]	lane[1]$_SDFFE_PP0P_/Q	dqs_store[39]$_SDFFE_PP0P_/D
68	-0.1223	force_o_wb_stall_calib_high_q	stageI_do_pre	force_o_wb_stall_calib_high_q$_SDFF_PP0_/Q	stage1_do_pre$_SDFF_PP0_/D
69	-0.1209	stageI_do_wr_or_rd	stageI_do_update_delay_before_write_after_act	stage2_do_wr_or_rd$_SDFF_PP0_/Q	stage2_do_update_delay_before_write_after_act$_SDFF_PP0_/D
70	-0.1204	index_wb_data	o_wb_data[I]	index_wb_data$_SDFFE_PP0P_/Q	o_wb_data[143]
71	-0.1199	stageI_do_wr_or_rd	stageI_do_wr	stage2_do_wr_or_rd$_SDFF_PP0_/Q	stage2_do_wr$_SDFF_PP0_/D
72	-0.1117	i_wb_cyc	stageI_bank[J]	i_wb_cyc	stage1_bank[0]$_SDFFE_PP0P_/D
73	-0.1117	i_wb_cyc	stageI_col[J]	i_wb_cyc	stage1_col[3]$_SDFFE_PP0P_/D
74	-0.1117	i_wb_cyc	stageI_data[J]	i_wb_cyc	stage1_data[150]$_SDFFE_PP0P_/D
75	-0.1117	i_wb_cyc	stageI_dm[J]	i_wb_cyc	stage1_dm[0]$_SDFFE_PP0P_/D
76	-0.1117	i_wb_cyc	stageI_row[J]	i_wb_cyc	stage1_row[0]$_SDFFE_PP0P_/D
77	-0.1105	dqs_start_index[I]	dqs_start_index_repeat	dqs_start_index[1]$_SDFFE_PP0P_/Q	dqs_start_index_repeat$_SDFFE_PP0P_/D
78	-0.1080	i_wb_addr[I]	stageI_next_bank[J]	i_wb_addr[2]	stage1_next_bank[0]$_SDFF_PP0_/D
79	-0.1074	stageI_do_pre	stageI_do_update_delay_before_write_after_act	stage2_do_pre$_SDFF_PP0_/Q	stage2_do_update_delay_before_write_after_act$_SDFF_PP0_/D
80	-0.1064	stageI_do_pre	stageI_do_wr	stage2_do_pre$_SDFF_PP0_/Q	stage2_do_wr$_SDFF_PP0_/D
81	-0.1062	delay_before_write_level_feedback[I]	state_calibrate[I]	delay_before_write_level_feedback[1]$_SDFF_PP0_/QN	state_calibrate[4]$_SDFFE_PP0P_/D
82	-0.1046	stageI_do_wr_or_rd	stageI_do_rd	stage2_do_wr_or_rd$_SDFF_PP0_/Q	stage2_do_rd$_SDFF_PP0_/D
83	-0.1012	stageI_do_act	stageI_do_update_delay_before_write_after_act	stage2_do_act$_SDFF_PP0_/Q	stage2_do_update_delay_before_write_after_act$_SDFF_PP0_/D
84	-0.1009	data_start_index[I][J]	unaligned_data[I][J]	data_start_index[2][0]$_SDFFCE_PN0P_/Q	unaligned_data[2][63]$_SDFF_PP0_/D
85	-0.1002	stageI_do_act	stageI_do_wr	stage2_do_act$_SDFF_PP0_/Q	stage2_do_wr$_SDFF_PP0_/D
86	-0.0991	instruction_address[I]	state_calibrate[I]	instruction_address[1]$_SDFF_PP0_/Q	state_calibrate[4]$_SDFFE_PP0P_/D
87	-0.0970	stageI_do_pre	stageI_do_rd	stage2_do_pre$_SDFF_PP0_/Q	stage2_do_rd$_SDFF_PP0_/D
88	-0.0958	stageI_pending	stageI_do_update_delay_before_write_after_act	stage2_pending$_SDFFE_PP0P_/Q	stage2_do_update_delay_before_write_after_act$_SDFF_PP0_/D
89	-0.0948	stageI_pending	stageI_do_wr	stage2_pending$_SDFFE_PP0P_/Q	stage2_do_wr$_SDFF_PP0_/D
90	-0.0940	stageI_bank[J]	o_phy_cmd[I]	stage2_bank[0]$_SDFF_PP0_/Q	o_phy_cmd[10]
91	-0.0936	final_calibration_done	stageI_do_pre	final_calibration_done$_SDFFE_PP0P_/QN	stage1_do_pre$_SDFF_PP0_/D
92	-0.0925	stageI_do_pre	o_phy_cmd[I]	stage2_do_pre$_SDFF_PP0_/Q	o_phy_cmd[10]
93	-0.0922	lane[I]	start_index_check[I]	lane[1]$_SDFFE_PP0P_/Q	start_index_check[4]$_SDFFCE_PN0P_/D
94	-0.0906	stageI_do_wr	stageI_do_rd	stage2_do_wr$_SDFF_PP0_/Q	stage2_do_rd$_SDFF_PP0_/D
95	-0.0899	i_phy_iserdes_bitslip_reference[I]	initial_dqs	i_phy_iserdes_bitslip_reference[31]	initial_dqs$_SDFFE_PP1P_/D
96	-0.0898	state_calibrate[I]	write_test_address_counter[I]	state_calibrate[1]$_SDFFE_PP0P_/Q	write_test_address_counter[23]$_SDFFE_PP0P_/D
97	-0.0896	stageI_pending	o_phy_cmd[I]	stage1_pending$_SDFFE_PP0P_/Q	o_phy_cmd[10]
98	-0.0890	stageI_bank[J]	stageI_do_update_delay_before_write_after_act	stage2_bank[1]$_SDFF_PP0_/Q	stage2_do_update_delay_before_write_after_act$_SDFF_PP0_/D
99	-0.0885	stageI_do_rd	o_wb_stall_int_q	stage2_do_rd$_SDFF_PP0_/Q	o_wb_stall_int_q$_SDFF_PP1_/D
100	-0.0879	stageI_bank[J]	stageI_do_wr	stage2_bank[1]$_SDFF_PP0_/Q	stage2_do_wr$_SDFF_PP0_/D
