# stage	1_synth
# top_module	fpu
# top_n	1000
# kind	blocks
# skip_async	1
# include_full	1
# rank	worst_slack_ns	start	end	start_full	end_full
1	-0.4199	uI.mul_a[J]	uI.product_h[J]	u3.mul_a[48]$_SDFFE_PP0P_/Q	u3.product_h[28]$_SDFFE_PP0P_/D
2	-0.4190	uI.mul_a[J]	uI.product_j[J]	u3.mul_a[51]$_SDFFE_PP0P_/Q	u3.product_j[27]$_SDFFE_PP0P_/D
3	-0.4179	uI.mul_b[J]	uI.product_h[J]	u3.mul_b[5]$_SDFFE_PP0P_/Q	u3.product_h[28]$_SDFFE_PP0P_/D
4	-0.4132	uI.mul_a[J]	uI.sub_pb_lo[J]	u3.mul_a[7]$_SDFFE_PP0P_/Q	u3.sub_pb_lo[28]$_SDFFE_PP0P_/D
5	-0.4112	uI.mul_b[J]	uI.sub_pb_lo[J]	u3.mul_b[22]$_SDFFE_PP0P_/Q	u3.sub_pb_lo[28]$_SDFFE_PP0P_/D
6	-0.4108	uI.mul_b[J]	uI.product_j[J]	u3.mul_b[41]$_SDFFE_PP0P_/Q	u3.product_j[27]$_SDFFE_PP0P_/D
7	-0.4105	uI.mul_a[J]	uI.sub_pb_hi[J]	u3.mul_a[19]$_SDFFE_PP0P_/Q	u3.sub_pb_hi[28]$_SDFFE_PP0P_/D
8	-0.4085	uI.mul_b[J]	uI.sub_pb_hi[J]	u3.mul_b[22]$_SDFFE_PP0P_/Q	u3.sub_pb_hi[28]$_SDFFE_PP0P_/D
9	-0.3900	uI.mul_a[J]	uI.sub_pa_hi[J]	u3.mul_a[22]$_SDFFE_PP0P_/Q	u3.sub_pa_hi[26]$_SDFFE_PP0P_/D
10	-0.3818	uI.mul_b[J]	uI.sub_pa_hi[J]	u3.mul_b[5]$_SDFFE_PP0P_/Q	u3.sub_pa_hi[26]$_SDFFE_PP0P_/D
11	-0.3418	uI.mul_a[J]	uI.sub_pc_hi[J]	u3.mul_a[22]$_SDFFE_PP0P_/Q	u3.sub_pc_hi[23]$_SDFFE_PP0P_/D
12	-0.3398	uI.mul_b[J]	uI.sub_pc_hi[J]	u3.mul_b[36]$_SDFFE_PP0P_/Q	u3.sub_pc_hi[23]$_SDFFE_PP0P_/D
13	-0.3323	uI.mul_a[J]	uI.sub_pf_hi[J]	u3.mul_a[36]$_SDFFE_PP0P_/Q	u3.sub_pf_hi[24]$_SDFFE_PP0P_/D
14	-0.3313	uI.mul_b[J]	uI.sub_pe_lo[J]	u3.mul_b[0]$_SDFFE_PP0P_/Q	u3.sub_pe_lo[25]$_SDFFE_PP0P_/D
15	-0.3303	uI.mul_b[J]	uI.sub_pf_hi[J]	u3.mul_b[22]$_SDFFE_PP0P_/Q	u3.sub_pf_hi[24]$_SDFFE_PP0P_/D
16	-0.3247	uI.mul_a[J]	uI.product_i[J]	u3.mul_a[48]$_SDFFE_PP0P_/Q	u3.product_i[27]$_SDFFE_PP0P_/D
17	-0.3246	uI.mul_a[J]	uI.sub_pa_lo[J]	u3.mul_a[7]$_SDFFE_PP0P_/Q	u3.sub_pa_lo[27]$_SDFFE_PP0P_/D
18	-0.3227	uI.mul_b[J]	uI.product_i[J]	u3.mul_b[21]$_SDFFE_PP0P_/Q	u3.product_i[27]$_SDFFE_PP0P_/D
19	-0.3226	uI.mul_b[J]	uI.sub_pa_lo[J]	u3.mul_b[4]$_SDFFE_PP0P_/Q	u3.sub_pa_lo[27]$_SDFFE_PP0P_/D
20	-0.3198	uI.mul_a[J]	uI.sub_pc_lo[J]	u3.mul_a[7]$_SDFFE_PP0P_/Q	u3.sub_pc_lo[27]$_SDFFE_PP0P_/D
21	-0.3180	uI.mul_b[J]	uI.sub_pc_lo[J]	u3.mul_b[44]$_SDFFE_PP0P_/Q	u3.sub_pc_lo[27]$_SDFFE_PP0P_/D
22	-0.3119	uI.mul_a[J]	uI.sub_pe_lo[J]	u3.mul_a[28]$_SDFFE_PP0P_/Q	u3.sub_pe_lo[25]$_SDFFE_PP0P_/D
23	-0.2872	uI.mul_a[J]	uI.sub_pg_hi[J]	u3.mul_a[36]$_SDFFE_PP0P_/Q	u3.sub_pg_hi[24]$_SDFFE_PP0P_/D
24	-0.2852	uI.mul_b[J]	uI.sub_pg_hi[J]	u3.mul_b[40]$_SDFFE_PP0P_/Q	u3.sub_pg_hi[24]$_SDFFE_PP0P_/D
25	-0.2393	uI.mul_a[J]	uI.sub_pe_hi[J]	u3.mul_a[39]$_SDFFE_PP0P_/Q	u3.sub_pe_hi[24]$_SDFFE_PP0P_/D
26	-0.2373	uI.mul_b[J]	uI.sub_pe_hi[J]	u3.mul_b[2]$_SDFFE_PP0P_/Q	u3.sub_pe_hi[24]$_SDFFE_PP0P_/D
27	-0.2278	uI.mul_a[J]	uI.sub_pg_lo[J]	u3.mul_a[31]$_SDFFE_PP0P_/Q	u3.sub_pg_lo[27]$_SDFFE_PP0P_/D
28	-0.2259	uI.mul_b[J]	uI.sub_pg_lo[J]	u3.mul_b[38]$_SDFFE_PP0P_/Q	u3.sub_pg_lo[27]$_SDFFE_PP0P_/D
29	-0.2202	uI.mul_a[J]	uI.sub_pf_lo[J]	u3.mul_a[25]$_SDFFE_PP0P_/Q	u3.sub_pf_lo[24]$_SDFFE_PP0P_/D
30	-0.2182	uI.mul_b[J]	uI.sub_pf_lo[J]	u3.mul_b[21]$_SDFFE_PP0P_/Q	u3.sub_pf_lo[24]$_SDFFE_PP0P_/D
31	0.0835	uI.mul_a[J]	uI.product_d[J]	u3.mul_a[0]$_SDFFE_PP0P_/Q	u3.product_d[23]$_SDFFE_PP0P_/D
32	0.1155	uI.divisor_b[J]	uI.divisor_shift_J[K]	u4.divisor_b[40]$_SDFFE_PP0P_/Q	u4.divisor_shift_2[1]$_SDFFE_PP0P_/D
33	0.1206	uI.dividend_a[J]	uI.dividend_shift_J[K]	u4.dividend_a[51]$_SDFFE_PP0P_/Q	u4.dividend_shift_2[1]$_SDFFE_PP0P_/D
34	0.1235	uI.mul_b[J]	uI.product_d[J]	u3.mul_b[52]$_SDFFE_PP0P_/Q	u3.product_d[23]$_SDFFE_PP0P_/D
35	0.1260	uI.dividend_reg[J]	uI.dividend_reg[J]	u4.dividend_reg[51]$_SDFFE_PP0P_/Q	u4.dividend_reg[51]$_SDFFE_PP0P_/D
36	0.1295	uI.diff[J]	uI.diff_shift_J[K]	u2.diff[48]$_SDFFE_PP0P_/Q	u2.diff_shift_2[5]$_SDFFE_PP0P_/D
37	0.1297	uI.exponent_under[J]	uI.product_J[K]	u3.exponent_under[1]$_SDFFE_PP0P_/Q	u3.product_1[16]$_SDFFE_PP0P_/D
38	0.1368	uI.dividend_reg[J]	uI.quotient[J]	u4.dividend_reg[51]$_SDFFE_PP0P_/Q	u4.quotient[28]$_SDFFE_PP0P_/D
39	0.1373	uI.divisor_reg[J]	uI.dividend_reg[J]	u4.divisor_reg[52]$_SDFFE_PP0P_/Q	u4.dividend_reg[51]$_SDFFE_PP0P_/D
40	0.1456	uI.dividend_reg[J]	uI.remainder_msb	u4.dividend_reg[51]$_SDFFE_PP0P_/Q	u4.remainder_msb$_SDFFE_PP0P_/D
41	0.1480	uI.divisor_reg[J]	uI.quotient[J]	u4.divisor_reg[52]$_SDFFE_PP0P_/Q	u4.quotient[28]$_SDFFE_PP0P_/D
42	0.1534	uI.exponent_J[K]	uI.product_J[K]	u3.exponent_2[1]$_SDFFE_PP0P_/Q	u3.product_4[100]$_SDFFE_PP0P_/D
43	0.1568	uI.divisor_reg[J]	uI.remainder_msb	u4.divisor_reg[52]$_SDFFE_PP0P_/Q	u4.remainder_msb$_SDFFE_PP0P_/D
44	0.1600	uI.minuend[J]	uI.diff[J]	u2.minuend[5]$_SDFFE_PP0P_/Q	u2.diff[54]$_SDFFE_PP0P_/D
45	0.1672	uI.product_e[J]	uI.sum_J[K]	u3.product_e[0]$_SDFFE_PP0P_/Q	u3.sum_1[32]$_SDFFE_PP0P_/D
46	0.1704	uI.sum_J[K]	uI.sum_J[K]	u3.sum_0[7]$_SDFFE_PP0P_/Q	u3.sum_1[32]$_SDFFE_PP0P_/D
47	0.1778	uI.subtra_shift_J[K]	uI.diff[J]	u2.subtra_shift_3[5]$_SDFFE_PP0P_/QN	u2.diff[54]$_SDFFE_PP0P_/D
48	0.1903	uI.product_f[J]	uI.sum_J[K]	u3.product_f[4]$_SDFFE_PP0P_/Q	u3.sum_4[35]$_SDFFE_PP0P_/D
49	0.1906	uI.product_c[J]	uI.sum_J[K]	u3.product_c[0]$_SDFFE_PP0P_/Q	u3.sum_2[28]$_SDFFE_PP0P_/D
50	0.2020	uI.remainder_shift_term[J]	uI.remainder_b[J]	u4.remainder_shift_term[1]$_SDFFE_PP0P_/Q	u4.remainder_b[99]$_SDFFE_PP0P_/D
51	0.2028	mantissa_round[I]	uI.sum_round[J]	mantissa_round[7]$_SDFF_PN0_/Q	u5.sum_round[51]$_SDFF_PP0_/D
52	0.2079	uI.diffshift_gt_exponent	uI.diff_J[K]	u2.diffshift_gt_exponent$_SDFFE_PP0P_/Q	u2.diff_1[49]$_SDFFE_PP0P_/D
53	0.2104	uI.product_d[J]	uI.sum_J[K]	u3.product_d[0]$_SDFFE_PP0P_/Q	u3.sum_5[26]$_SDFFE_PP0P_/D
54	0.2173	uI.product_b[J]	uI.sum_J[K]	u3.product_b[5]$_SDFFE_PP0P_/Q	u3.sum_0[27]$_SDFFE_PP0P_/D
55	0.2182	uI.product_a[J]	uI.sum_J[K]	u3.product_a[22]$_SDFFE_PP0P_/Q	u3.sum_0[27]$_SDFFE_PP0P_/D
56	0.2196	rst	uI.sub_pa_lo[J]	rst	u3.sub_pa_lo[27]$_SDFFE_PP0P_/D
57	0.2230	uI.large_add[J]	uI.sum[J]	u1.large_add[2]$_SDFFE_PP0P_/Q	u1.sum[54]$_SDFFE_PP0P_/D
58	0.2243	uI.small_shift_J[K]	uI.sum[J]	u1.small_shift_3[21]$_SDFFE_PP0P_/Q	u1.sum[43]$_SDFFE_PP0P_/D
59	0.2275	rst	uI.sum_J[K]	rst	u3.sum_7[35]$_SDFFE_PP0P_/D
60	0.2313	uI.dividend_shift_J[K]	uI.dividend_a_shifted[J]	u4.dividend_shift_2[1]$_SDFFE_PP0P_/Q	u4.dividend_a_shifted[37]$_SDFFE_PP0P_/D
61	0.2313	uI.divisor_shift_J[K]	uI.divisor_b_shifted[J]	u4.divisor_shift_2[1]$_SDFFE_PP0P_/Q	u4.divisor_b_shifted[37]$_SDFFE_PP0P_/D
62	0.2321	uI.exponent_large[J]	uI.diff_J[K]	u2.exponent_large[1]$_SDFFE_PP0P_/Q	u2.diff_1[52]$_SDFFE_PP0P_/D
63	0.2330	uI.diff_shift_J[K]	uI.diff_J[K]	u2.diff_shift_2[0]$_SDFFE_PP0P_/Q	u2.diff_1[49]$_SDFFE_PP0P_/D
64	0.2384	rst	uI.product_f[J]	rst	u3.product_f[28]$_SDFFE_PP0P_/D
65	0.2386	rst	uI.product_g[J]	rst	u3.product_g[29]$_SDFFE_PP0P_/D
66	0.2482	rst	uI.out_J[K]	rst	u6.out_2[62]$_SDFFE_PP0P_/D
67	0.2483	rst	uI.product_b[J]	rst	u3.product_b[31]$_SDFFE_PP0P_/D
68	0.2489	rst	uI.dividend_reg[J]	rst	u4.dividend_reg[34]$_SDFFE_PP0P_/D
69	0.2489	rst	uI.dividend_shift_J[K]	rst	u4.dividend_shift_2[2]$_SDFFE_PP0P_/D
70	0.2496	rst	uI.small_shift_J[K]	rst	u1.small_shift_3[0]$_SDFFE_PP0P_/D
71	0.2496	rst	uI.sum[J]	rst	u1.sum[44]$_SDFFE_PP0P_/D
72	0.2498	uI.exponent_small[J]	uI.exponent_diff[J]	u2.exponent_small[0]$_SDFFE_PP0P_/Q	u2.exponent_diff[10]$_SDFFE_PP0P_/D
73	0.2532	rst	uI.product[J]	rst	u3.product[53]$_SDFFE_PP0P_/D
74	0.2534	rst	uI.opa_QNaN	rst	u6.opa_QNaN$_SDFFE_PP0P_/D
75	0.2534	rst	uI.opa_SNaN	rst	u6.opa_SNaN$_SDFFE_PP0P_/D
76	0.2536	rst	uI.sub_pf_hi[J]	rst	u3.sub_pf_hi[14]$_SDFFE_PP0P_/D
77	0.2536	rst	uI.sub_pf_lo[J]	rst	u3.sub_pf_lo[1]$_SDFFE_PP0P_/D
78	0.2540	rst	uI.product_i[J]	rst	u3.product_i[25]$_SDFFE_PP0P_/D
79	0.2542	rst	uI.product_e[J]	rst	u3.product_e[0]$_SDFFE_PP0P_/D
80	0.2542	rst	uI.product_j[J]	rst	u3.product_j[11]$_SDFFE_PP0P_/D
81	0.2545	rst	uI.product_J[K]	rst	u3.product_3[100]$_SDFFE_PP0P_/D
82	0.2548	rst	uI.exponent_J[K]	rst	u3.exponent_2[10]$_SDFFE_PP0P_/D
83	0.2555	rst	uI.mul_a[J]	rst	u3.mul_a[0]$_SDFFE_PP0P_/D
84	0.2555	rst	uI.mul_b[J]	rst	u3.mul_b[0]$_SDFFE_PP0P_/D
85	0.2570	rst	uI.sub_pc_lo[J]	rst	u3.sub_pc_lo[25]$_SDFFE_PP0P_/D
86	0.2570	rst	uI.sub_pe_hi[J]	rst	u3.sub_pe_hi[16]$_SDFFE_PP0P_/D
87	0.2570	rst	uI.sub_pe_lo[J]	rst	u3.sub_pe_lo[21]$_SDFFE_PP0P_/D
88	0.2585	uI.exponent_large[J]	uI.exponent_diff[J]	u2.exponent_large[0]$_SDFFE_PP0P_/QN	u2.exponent_diff[10]$_SDFFE_PP0P_/D
89	0.2585	rst	uI.expon_final_J[K]	rst	u4.expon_final_1[10]$_SDFFE_PP0P_/D
90	0.2592	rst	uI.diff[J]	rst	u2.diff[35]$_SDFFE_PP0P_/D
91	0.2594	rst	uI.sub_pa_hi[J]	rst	u3.sub_pa_hi[14]$_SDFFE_PP0P_/D
92	0.2594	rst	uI.sub_pb_hi[J]	rst	u3.sub_pb_hi[14]$_SDFFE_PP0P_/D
93	0.2594	rst	uI.sub_pb_lo[J]	rst	u3.sub_pb_lo[14]$_SDFFE_PP0P_/D
94	0.2594	rst	uI.sub_pc_hi[J]	rst	u3.sub_pc_hi[24]$_SDFFE_PP0P_/D
95	0.2596	uI.large_norm_small_denorm	uI.exponent_diff[J]	u2.large_norm_small_denorm$_SDFFE_PP0P_/Q	u2.exponent_diff[10]$_SDFFE_PP0P_/D
96	0.2597	rst	uI.small_shift[J]	rst	u1.small_shift[10]$_SDFFE_PP0P_/D
97	0.2605	uI.expon_uf_term_J[K]	uI.mantissa_J[K]	u4.expon_uf_term_4[9]$_SDFFE_PP0P_/Q	u4.mantissa_1[1]$_SDFFE_PP0P_/D
98	0.2615	rst	uI.divisor_shift_J[K]	rst	u4.divisor_shift_2[2]$_SDFFE_PP0P_/D
99	0.2616	rst	uI.NaN_output[J]	rst	u6.NaN_output[50]$_SDFFE_PP0P_/D
100	0.2616	rst	uI.expa_et_expb	rst	u2.expa_et_expb$_SDFFE_PP0P_/D
101	0.2616	rst	uI.NaN_out_trigger	rst	u6.NaN_out_trigger$_SDFFE_PP0P_/D
102	0.2617	rst	uI.diff_shift_J[K]	rst	u2.diff_shift_2[2]$_SDFFE_PP0P_/D
103	0.2618	rst	uI.SNaN_input	rst	u6.SNaN_input$_SDFFE_PP0P_/D
104	0.2619	rst	uI.subtra_shift_J[K]	rst	u2.subtra_shift_3[0]$_SDFFE_PP0P_/D
105	0.2626	uI.sub_pb_hi[J]	uI.product_b[J]	u3.sub_pb_hi[2]$_SDFFE_PP0P_/Q	u3.product_b[35]$_SDFFE_PP0P_/D
106	0.2628	rst	uI.opb_neg_inf	rst	u6.opb_neg_inf$_SDFFE_PP0P_/D
107	0.2628	rst	uI.opb_pos_inf	rst	u6.opb_pos_inf$_SDFFE_PP0P_/D
108	0.2633	rst	uI.opa_neg_inf	rst	u6.opa_neg_inf$_SDFFE_PP0P_/D
109	0.2633	rst	uI.opa_pos_inf	rst	u6.opa_pos_inf$_SDFFE_PP0P_/D
110	0.2633	uI.product_shift_J[K]	uI.product_J[K]	u3.product_shift_2[1]$_SDFFE_PP0P_/Q	u3.product_3[103]$_SDFFE_PP0P_/D
111	0.2637	uI.sub_pb_lo[J]	uI.product_b[J]	u3.sub_pb_lo[14]$_SDFFE_PP0P_/Q	u3.product_b[35]$_SDFFE_PP0P_/D
112	0.2643	rst	uI.expon_uf_term_J[K]	rst	u4.expon_uf_term_3[9]$_SDFFE_PP0P_/D
113	0.2644	uI.exponent_diff[J]	uI.small_shift[J]	u1.exponent_diff[1]$_SDFFE_PP0P_/Q	u1.small_shift[22]$_SDFFE_PP0P_/D
114	0.2645	rst	uI.sub_pg_lo[J]	rst	u3.sub_pg_lo[21]$_SDFFE_PP0P_/D
115	0.2652	rst	uI.sub_pg_hi[J]	rst	u3.sub_pg_hi[12]$_SDFFE_PP0P_/D
116	0.2655	rst	uI.mantissa_b[J]	rst	u3.mantissa_b[0]$_SDFFE_PP0P_/D
117	0.2655	rst	uI.divisor_reg[J]	rst	u4.divisor_reg[35]$_SDFFE_PP0P_/D
118	0.2655	rst	uI.quotient[J]	rst	u4.quotient[28]$_SDFFE_PP0P_/D
119	0.2662	rst	uI.remainder_b[J]	rst	u4.remainder_b[69]$_SDFFE_PP0P_/D
120	0.2662	rst	uI.mantissa_a[J]	rst	u4.mantissa_a[10]$_SDFFE_PP0P_/D
121	0.2662	rst	uI.exponent_final[J]	rst	u5.exponent_final[0]$_SDFF_PP0_/D
122	0.2662	rst	uI.sum_final[J]	rst	u5.sum_final[29]$_SDFF_PP0_/D
123	0.2664	rst	opa_reg[I]	rst	opa_reg[25]$_SDFFE_PP0P_/D
124	0.2669	rst	uI.exponent[J]	rst	u2.exponent[2]$_SDFFE_PP0P_/D
125	0.2671	uI.exponent_diff[J]	uI.subtra_shift[J]	u2.exponent_diff[1]$_SDFFE_PP0P_/Q	u2.subtra_shift[16]$_SDFFE_PP0P_/D
126	0.2674	rst	uI.diff_J[K]	rst	u2.diff_2[10]$_SDFFE_PP0P_/D
127	0.2674	rst	uI.dividend_a[J]	rst	u4.dividend_a[12]$_SDFFE_PP0P_/D
128	0.2674	rst	uI.dividend_a_shifted[J]	rst	u4.dividend_a_shifted[48]$_SDFFE_PP0P_/D
129	0.2674	rst	uI.divisor_b[J]	rst	u4.divisor_b[0]$_SDFFE_PP0P_/D
130	0.2680	rst	uI.subtra_shift[J]	rst	u2.subtra_shift[10]$_SDFFE_PP0P_/D
131	0.2681	rst	uI.sum_round[J]	rst	u5.sum_round[32]$_SDFF_PP0_/D
132	0.2681	rst	fpu_op_reg[I]	rst	fpu_op_reg[0]$_SDFFE_PP0P_/D
133	0.2681	rst	opb_reg[I]	rst	opb_reg[0]$_SDFFE_PP0P_/D
134	0.2681	rst	rmode_reg[I]	rst	rmode_reg[0]$_SDFFE_PP0P_/D
135	0.2682	rst	uI.opb_inf	rst	u6.opb_inf$_SDFFE_PP0P_/D
136	0.2686	rst	uI.mantissa_J[K]	rst	u4.mantissa_1[10]$_SDFFE_PP0P_/D
137	0.2687	rst	uI.expon_term[J]	rst	u4.expon_term[5]$_SDFFE_PP0P_/D
138	0.2687	rst	uI.remainder_shift_term[J]	rst	u4.remainder_shift_term[1]$_SDFFE_PP0P_/D
139	0.2687	rst	uI.opa_inf	rst	u6.opa_inf$_SDFFE_PP0P_/D
140	0.2690	uI.product_g[J]	uI.sum_J[K]	u3.product_g[6]$_SDFFE_PP0P_/Q	u3.sum_7[30]$_SDFFE_PP0P_/D
141	0.2692	rst	uI.divisor_b_shifted[J]	rst	u4.divisor_b_shifted[32]$_SDFFE_PP0P_/D
142	0.2713	rst	uI.in_et_zero	rst	u6.in_et_zero$_SDFFE_PP0P_/D
143	0.2713	rst	uI.multiply	rst	u6.multiply$_SDFFE_PP0P_/D
144	0.2722	rst	enable_reg_I	rst	enable_reg_2$_SDFF_PP0_/D
145	0.2722	rst	uI.count_nonzero_reg_J	rst	u4.count_nonzero_reg_2$_SDFF_PP0_/D
146	0.2722	rst	uI.enable_reg_a	rst	u4.enable_reg_a$_SDFF_PP0_/D
147	0.2722	rst	uI.remainder_out[J]	rst	u4.remainder_out[20]$_SDFF_PP0_/D
148	0.2731	rst	addsub_out[I]	rst	addsub_out[26]$_SDFF_PP0_/D
149	0.2731	rst	exp_addsub[I]	rst	exp_addsub[0]$_SDFF_PP0_/D
150	0.2731	rst	uI.large_add[J]	rst	u1.large_add[10]$_SDFFE_PP0P_/D
151	0.2731	rst	uI.small_add[J]	rst	u1.small_add[10]$_SDFFE_PP0P_/D
152	0.2731	rst	uI.minuend[J]	rst	u2.minuend[10]$_SDFFE_PP0P_/D
153	0.2731	rst	uI.subtrahend[J]	rst	u2.subtrahend[10]$_SDFFE_PP0P_/D
154	0.2731	rst	uI.expon_shift_a[J]	rst	u4.expon_shift_a[0]$_SDFFE_PP0P_/D
155	0.2731	rst	uI.expon_shift_b[J]	rst	u4.expon_shift_b[0]$_SDFFE_PP0P_/D
156	0.2731	rst	uI.out[J]	rst	u6.out[0]$_SDFFE_PP0P_/D
157	0.2732	uI.sub_pg_lo[J]	uI.product_g[J]	u3.sub_pg_lo[9]$_SDFFE_PP0P_/Q	u3.product_g[33]$_SDFFE_PP0P_/D
158	0.2737	rst	uI.NaN_output_J[K]	rst	u6.NaN_output_0[40]$_SDFFE_PP0P_/D
159	0.2746	uI.sub_pg_hi[J]	uI.product_g[J]	u3.sub_pg_hi[0]$_SDFFE_PP0P_/Q	u3.product_g[33]$_SDFFE_PP0P_/D
160	0.2748	rst	uI.remainder[J]	rst	u4.remainder[0]$_SDFFE_PP0P_/D
161	0.2774	rst	uI.large_is_denorm	rst	u1.large_is_denorm$_SDFFE_PP0P_/D
162	0.2774	rst	uI.expa_gt_expb	rst	u2.expa_gt_expb$_SDFFE_PP0P_/D
163	0.2774	rst	uI.small_is_denorm	rst	u2.small_is_denorm$_SDFFE_PP0P_/D
164	0.2774	rst	uI.a_is_zero	rst	u3.a_is_zero$_SDFFE_PP0P_/D
165	0.2774	rst	uI.exponent_gt_prodshift	rst	u3.exponent_gt_prodshift$_SDFFE_PP0P_/D
166	0.2774	rst	uI.sign	rst	u3.sign$_SDFFE_PP0P_/D
167	0.2774	rst	uI.count_out[J]	rst	u4.count_out[0]$_SDFFE_PP0P_/D
168	0.2774	rst	uI.expon_uf_J	rst	u4.expon_uf_1$_SDFFE_PP0P_/D
169	0.2774	rst	uI.exponent_round[J]	rst	u5.exponent_round[10]$_SDFF_PP0_/D
170	0.2774	rst	uI.inf_round_down_trigger	rst	u6.inf_round_down_trigger$_SDFFE_PP0P_/D
171	0.2774	rst	uI.mul_uf	rst	u6.mul_uf$_SDFFE_PP0P_/D
172	0.2774	rst	uI.overflow_trigger	rst	u6.overflow_trigger$_SDFFE_PP0P_/D
173	0.2774	rst	uI.round_to_neg_inf	rst	u6.round_to_neg_inf$_SDFFE_PP0P_/D
174	0.2774	rst	uI.round_to_zero	rst	u6.round_to_zero$_SDFFE_PP0P_/D
175	0.2778	uI.product_h[J]	uI.sum_J[K]	u3.product_h[0]$_SDFFE_PP0P_/Q	u3.sum_3[30]$_SDFFE_PP0P_/D
176	0.2779	rst	uI.NaN_input	rst	u6.NaN_input$_SDFFE_PP0P_/D
177	0.2779	rst	uI.a_NaN	rst	u6.a_NaN$_SDFFE_PP0P_/D
178	0.2779	rst	uI.addsub_inf	rst	u6.addsub_inf$_SDFFE_PP0P_/D
179	0.2779	rst	uI.addsub_inf_invalid	rst	u6.addsub_inf_invalid$_SDFFE_PP0P_/D
180	0.2779	rst	uI.mul_J_by_inf	rst	u6.mul_0_by_inf$_SDFFE_PP0P_/D
181	0.2779	rst	uI.out_pos_inf	rst	u6.out_pos_inf$_SDFFE_PP0P_/D
182	0.2779	rst	uI.subtract	rst	u6.subtract$_SDFFE_PP0P_/D
183	0.2805	uI.sub_pa_lo[J]	uI.product_a[J]	u3.sub_pa_lo[12]$_SDFFE_PP0P_/Q	u3.product_a[32]$_SDFFE_PP0P_/D
184	0.2819	uI.sub_pa_hi[J]	uI.product_a[J]	u3.sub_pa_hi[0]$_SDFFE_PP0P_/Q	u3.product_a[32]$_SDFFE_PP0P_/D
185	0.2835	rst	uI.count_out[J]	rst	u4.count_out[3]$_SDFFE_PP0N_/D
186	0.2839	uI.sub_pc_lo[J]	uI.product_c[J]	u3.sub_pc_lo[12]$_SDFFE_PP0P_/Q	u3.product_c[36]$_SDFFE_PP0P_/D
187	0.2854	rst	uI.quotient_out[J]	rst	u4.quotient_out[53]$_SDFF_PP0_/D
188	0.2854	rst	uI.round_out[J]	rst	u5.round_out[53]$_SDFF_PP0_/D
189	0.2857	uI.product_j[J]	uI.sum_J[K]	u3.product_j[8]$_SDFFE_PP0P_/Q	u3.sum_8[23]$_SDFFE_PP0P_/D
190	0.2872	rst	uI.add	rst	u6.add$_SDFFE_PP0P_/D
191	0.2872	rst	uI.div_J_by_K	rst	u6.div_0_by_0$_SDFFE_PP0P_/D
192	0.2872	rst	uI.div_by_J	rst	u6.div_by_0$_SDFFE_PP0P_/D
193	0.2872	rst	uI.ex_enable	rst	u6.ex_enable$_SDFFE_PP0P_/D
194	0.2872	rst	uI.exception	rst	u6.exception$_SDFFE_PP0P_/D
195	0.2872	rst	uI.inexact	rst	u6.inexact$_SDFFE_PP0P_/D
196	0.2872	rst	uI.invalid	rst	u6.invalid$_SDFFE_PP0P_/D
197	0.2872	rst	uI.overflow	rst	u6.overflow$_SDFFE_PP0P_/D
198	0.2872	rst	uI.underflow	rst	u6.underflow$_SDFFE_PP0P_/D
199	0.2872	rst	out[I]	rst	out[43]$_SDFFE_PP0P_/D
200	0.2872	uI.sub_pc_hi[J]	uI.product_c[J]	u3.sub_pc_hi[0]$_SDFFE_PP0P_/Q	u3.product_c[36]$_SDFFE_PP0P_/D
201	0.2877	uI.sub_pf_hi[J]	uI.product_f[J]	u3.sub_pf_hi[4]$_SDFFE_PP0P_/Q	u3.product_f[28]$_SDFFE_PP0P_/D
202	0.2891	uI.sub_pf_lo[J]	uI.product_f[J]	u3.sub_pf_lo[13]$_SDFFE_PP0P_/Q	u3.product_f[28]$_SDFFE_PP0P_/D
203	0.2901	rst	uI.opb_SNaN	rst	u6.opb_SNaN$_SDFFE_PP0P_/D
204	0.2905	uI.product_i[J]	uI.sum_J[K]	u3.product_i[2]$_SDFFE_PP0P_/Q	u3.sum_6[23]$_SDFFE_PP0P_/D
205	0.2920	rst	uI.exponent_out[J]	rst	u4.exponent_out[0]$_SDFF_PP0_/D
206	0.2931	rst	uI.enable_trigger	rst	u6.enable_trigger$_SDFFE_PP0P_/D
207	0.2931	rst	uI.invalid_trigger	rst	u6.invalid_trigger$_SDFFE_PP0P_/D
208	0.2931	rst	uI.underflow_trigger	rst	u6.underflow_trigger$_SDFFE_PP0P_/D
209	0.2941	rst	ready_I	rst	ready_0$_SDFF_PP0_/D
210	0.2942	rst	count_ready[I]	rst	count_ready[2]$_SDFFE_PP0P_/D
211	0.2943	rst	uI.opb_QNaN	rst	u6.opb_QNaN$_SDFFE_PP0P_/D
212	0.2955	rst	uI.remainder_msb	rst	u4.remainder_msb$_SDFFE_PP0P_/D
213	0.3010	rst	uI.a_gtet_b	rst	u2.a_gtet_b$_SDFFE_PP0P_/D
214	0.3013	rst	uI.a_is_norm	rst	u3.a_is_norm$_SDFFE_PP0P_/D
215	0.3013	rst	uI.b_is_norm	rst	u3.b_is_norm$_SDFFE_PP0P_/D
216	0.3013	rst	uI.product_lsb	rst	u3.product_lsb$_SDFFE_PP0P_/D
217	0.3016	rst	uI.enable_reg_b	rst	u4.enable_reg_b$_SDFF_PP0_/D
218	0.3016	rst	uI.enable_reg_c	rst	u4.enable_reg_c$_SDFF_PP0_/D
219	0.3016	rst	uI.sum_round_J[K]	rst	u5.sum_round_2[53]$_SDFF_PP0_/D
220	0.3026	rst	exception	rst	exception$_SDFFE_PP0P_/D
221	0.3026	rst	inexact	rst	inexact$_SDFFE_PP0P_/D
222	0.3026	rst	invalid	rst	invalid$_SDFFE_PP0P_/D
223	0.3026	rst	overflow	rst	overflow$_SDFFE_PP0P_/D
224	0.3026	rst	uI.enable_reg_d	rst	u4.enable_reg_d$_SDFF_PP0_/D
225	0.3026	rst	uI.enable_reg_e	rst	u4.enable_reg_e$_SDFF_PP0_/D
226	0.3026	rst	underflow	rst	underflow$_SDFFE_PP0P_/D
227	0.3074	rst	uI.diffshift_et_J	rst	u2.diffshift_et_55$_SDFFE_PP0P_/D
228	0.3074	rst	uI.b_is_zero	rst	u3.b_is_zero$_SDFFE_PP0P_/D
229	0.3074	rst	uI.exponent_et_zero	rst	u3.exponent_et_zero$_SDFFE_PP0P_/D
230	0.3074	rst	uI.exponent_gt_expoffset	rst	u3.exponent_gt_expoffset$_SDFFE_PP0P_/D
231	0.3074	rst	uI.expon_final_J_etK	rst	u4.expon_final_4_et0$_SDFFE_PP0P_/D
232	0.3074	rst	uI.expon_final_J_term	rst	u4.expon_final_4_term$_SDFFE_PP0P_/D
233	0.3122	uI.a_is_norm	uI.exponent_terms[J]	u3.a_is_norm$_SDFFE_PP0P_/Q	u3.exponent_terms[10]$_SDFFE_PP0P_/D
234	0.3158	uI.b_is_norm	uI.exponent_terms[J]	u3.b_is_norm$_SDFFE_PP0P_/Q	u3.exponent_terms[10]$_SDFFE_PP0P_/D
235	0.3164	rst	uI.count_nonzero_reg	rst	u4.count_nonzero_reg$_SDFF_PP0_/D
236	0.3203	rst	addsub_sign	rst	addsub_sign$_SDFF_PP0_/D
237	0.3203	rst	op_enable	rst	op_enable$_SDFFE_PP0P_/D
238	0.3203	rst	uI.denorm_to_norm	rst	u1.denorm_to_norm$_SDFFE_PP0P_/D
239	0.3203	rst	uI.large_norm_small_denorm	rst	u1.large_norm_small_denorm$_SDFFE_PP0P_/D
240	0.3203	rst	uI.diffshift_gt_exponent	rst	u2.diffshift_gt_exponent$_SDFFE_PP0P_/D
241	0.3203	rst	uI.enable_reg_J	rst	u4.enable_reg_2$_SDFFE_PP0P_/D
242	0.3203	rst	uI.SNaN_trigger	rst	u6.SNaN_trigger$_SDFFE_PP0P_/D
243	0.3203	rst	uI.add_inf	rst	u6.add_inf$_SDFFE_PP0P_/D
244	0.3203	rst	uI.div_inf	rst	u6.div_inf$_SDFFE_PP0P_/D
245	0.3203	rst	uI.div_uf	rst	u6.div_uf$_SDFFE_PP0P_/D
246	0.3203	rst	uI.inexact_trigger	rst	u6.inexact_trigger$_SDFFE_PP0P_/D
247	0.3203	rst	uI.mul_inf	rst	u6.mul_inf$_SDFFE_PP0P_/D
248	0.3203	rst	uI.out_neg_inf	rst	u6.out_neg_inf$_SDFFE_PP0P_/D
249	0.3203	rst	uI.round_to_pos_inf	rst	u6.round_to_pos_inf$_SDFFE_PP0P_/D
250	0.3203	rst	uI.sub_inf	rst	u6.sub_inf$_SDFFE_PP0P_/D
251	0.3216	rst	uI.divide	rst	u6.divide$_SDFFE_PP0P_/D
252	0.3216	uI.sub_pe_lo[J]	uI.product_e[J]	u3.sub_pe_lo[9]$_SDFFE_PP0P_/Q	u3.product_e[33]$_SDFFE_PP0P_/D
253	0.3218	rst	uI.opa_et_zero	rst	u6.opa_et_zero$_SDFFE_PP0P_/D
254	0.3219	rst	ready	rst	ready$_SDFF_PP0_/D
255	0.3219	rst	uI.opb_et_zero	rst	u6.opb_et_zero$_SDFFE_PP0P_/D
256	0.3226	uI.product_J[K]	uI.product_J[K]	u3.product_2[63]$_SDFFE_PP0P_/Q	u3.product_4[100]$_SDFFE_PP0P_/D
257	0.3230	uI.sub_pe_hi[J]	uI.product_e[J]	u3.sub_pe_hi[0]$_SDFFE_PP0P_/Q	u3.product_e[33]$_SDFFE_PP0P_/D
258	0.3233	uI.exponent_a[J]	uI.exponent_terms[J]	u3.exponent_a[0]$_SDFFE_PP0P_/QN	u3.exponent_terms[10]$_SDFFE_PP0P_/D
259	0.3339	rst	uI.mana_gtet_manb	rst	u2.mana_gtet_manb$_SDFFE_PP0P_/D
260	0.3349	rst	uI.small_is_nonzero	rst	u2.small_is_nonzero$_SDFFE_PP0P_/D
261	0.3349	rst	uI.in_zero	rst	u3.in_zero$_SDFFE_PP0P_/D
262	0.3349	rst	uI.except_trigger	rst	u6.except_trigger$_SDFFE_PP0P_/D
263	0.3349	rst	uI.out_inf_trigger	rst	u6.out_inf_trigger$_SDFFE_PP0P_/D
264	0.3400	uI.product[J]	uI.product_J[K]	u3.product[67]$_SDFFE_PP0P_/Q	u3.product_1[8]$_SDFFE_PP0P_/D
265	0.3412	rst	enable_reg	rst	enable_reg$_SDFF_PP0_/D
266	0.3413	uI.quotient_out[J]	uI.remainder_b[J]	u4.quotient_out[7]$_SDFF_PP0_/Q	u4.remainder_b[95]$_SDFFE_PP0P_/D
267	0.3605	uI.dividend_a[J]	uI.dividend_a_shifted[J]	u4.dividend_a[35]$_SDFFE_PP0P_/Q	u4.dividend_a_shifted[51]$_SDFFE_PP0P_/D
268	0.3627	uI.divisor_b[J]	uI.divisor_b_shifted[J]	u4.divisor_b[29]$_SDFFE_PP0P_/Q	u4.divisor_b_shifted[51]$_SDFFE_PP0P_/D
269	0.3648	rst	div_enable	rst	div_enable$_SDFF_PP0_/D
270	0.3663	uI.remainder_msb	uI.remainder_b[J]	u4.remainder_msb$_SDFFE_PP0P_/Q	u4.remainder_b[95]$_SDFFE_PP0P_/D
271	0.3676	uI.exponent_b[J]	uI.exponent_terms[J]	u3.exponent_b[1]$_SDFFE_PP0P_/Q	u3.exponent_terms[11]$_SDFFE_PP0P_/D
272	0.3691	rst	mul_enable	rst	mul_enable$_SDFF_PP0_/D
273	0.3712	uI.remainder_out[J]	uI.remainder_b[J]	u4.remainder_out[52]$_SDFF_PP0_/Q	u4.remainder_b[95]$_SDFFE_PP0P_/D
274	0.3750	opa_reg[I]	uI.dividend_reg[J]	opa_reg[57]$_SDFFE_PP0P_/Q	u4.dividend_reg[8]$_SDFFE_PP0P_/D
275	0.3823	opb_reg[I]	uI.expon_final_J[K]	opb_reg[52]$_SDFFE_PP0P_/Q	u4.expon_final_1[10]$_SDFFE_PP0P_/D
276	0.3896	uI.expon_shift_b[J]	uI.expon_final_J[K]	u4.expon_shift_b[0]$_SDFFE_PP0P_/Q	u4.expon_final_4[10]$_SDFFE_PP0P_/D
277	0.3908	uI.expon_final_J[K]	uI.expon_final_J[K]	u4.expon_final_3[0]$_SDFFE_PP0P_/Q	u4.expon_final_4[10]$_SDFFE_PP0P_/D
278	0.3922	uI.expon_term[J]	uI.expon_final_J[K]	u4.expon_term[0]$_SDFFE_PP0P_/QN	u4.expon_final_1[10]$_SDFFE_PP0P_/D
279	0.3933	uI.expon_final_J_term	uI.expon_final_J[K]	u4.expon_final_4_term$_SDFFE_PP0P_/Q	u4.expon_final_5[8]$_SDFFE_PP0P_/D
280	0.3941	uI.count_out[J]	uI.quotient[J]	u4.count_out[2]$_SDFFE_PP0P_/QN	u4.quotient[47]$_SDFFE_PP0P_/D
281	0.3941	uI.count_out[J]	uI.quotient[J]	u4.count_out[3]$_SDFFE_PP0N_/QN	u4.quotient[47]$_SDFFE_PP0P_/D
282	0.3959	rst	add_enable	rst	add_enable$_SDFF_PP0_/D
283	0.3959	rst	sub_enable	rst	sub_enable$_SDFF_PP0_/D
284	0.3964	mul_enable	uI.product_J[K]	mul_enable$_SDFF_PP0_/Q	u3.product_1[104]$_SDFFE_PP0P_/D
285	0.3973	opb_reg[I]	uI.divisor_reg[J]	opb_reg[62]$_SDFFE_PP0P_/Q	u4.divisor_reg[50]$_SDFFE_PP0P_/D
286	0.4008	uI.expon_uf_term_J[K]	uI.expon_uf_term_J[K]	u4.expon_uf_term_1[0]$_SDFFE_PP0P_/Q	u4.expon_uf_term_3[10]$_SDFFE_PP0P_/D
287	0.4041	opa_reg[I]	uI.expon_shift_a[J]	opa_reg[57]$_SDFFE_PP0P_/Q	u4.expon_shift_a[0]$_SDFFE_PP0P_/D
288	0.4053	uI.exponent_terms[J]	uI.exponent_under[J]	u3.exponent_terms[1]$_SDFFE_PP0P_/Q	u3.exponent_under[11]$_SDFFE_PP0P_/D
289	0.4066	rst	uI.enable_reg	rst	u4.enable_reg$_SDFF_PP0_/D
290	0.4074	count_ready[I]	count_ready[I]	count_ready[1]$_SDFFE_PP0P_/Q	count_ready[6]$_SDFFE_PP0P_/D
291	0.4079	uI.expon_final_J[K]	mantissa_round[I]	u4.expon_final_4[9]$_SDFFE_PP0P_/Q	mantissa_round[0]$_SDFF_PN0_/D
292	0.4100	uI.expon_final_J[K]	uI.expon_uf_term_J[K]	u4.expon_final_2[2]$_SDFFE_PP0P_/Q	u4.expon_uf_term_2[11]$_SDFFE_PP0P_/D
293	0.4165	uI.expon_term[J]	uI.expon_uf_J	u4.expon_term[0]$_SDFFE_PP0P_/Q	u4.expon_uf_1$_SDFFE_PP0P_/D
294	0.4171	uI.diff[J]	uI.diff_J[K]	u2.diff[10]$_SDFFE_PP0P_/Q	u2.diff_1[35]$_SDFFE_PP0P_/D
295	0.4173	uI.expon_shift_a[J]	uI.expon_final_J[K]	u4.expon_shift_a[0]$_SDFFE_PP0P_/Q	u4.expon_final_3[10]$_SDFFE_PP0P_/D
296	0.4208	uI.quotient_out[J]	uI.mantissa_J[K]	u4.quotient_out[32]$_SDFF_PP0_/Q	u4.mantissa_1[12]$_SDFFE_PP0P_/D
297	0.4232	uI.expon_shift_a[J]	uI.expon_uf_term_J[K]	u4.expon_shift_a[1]$_SDFFE_PP0P_/Q	u4.expon_uf_term_2[11]$_SDFFE_PP0P_/D
298	0.4275	uI.diff_shift_J[K]	uI.exponent[J]	u2.diff_shift_2[0]$_SDFFE_PP0P_/Q	u2.exponent[10]$_SDFFE_PP0P_/D
299	0.4280	opb_reg[I]	uI.expon_uf_J	opb_reg[52]$_SDFFE_PP0P_/QN	u4.expon_uf_1$_SDFFE_PP0P_/D
300	0.4292	count_cycles[I]	count_ready[I]	count_cycles[0]$_SDFF_PN0_/Q	count_ready[6]$_SDFFE_PP0P_/D
301	0.4348	uI.exponent_J[K]	uI.exponent_J[K]	u3.exponent_2[1]$_SDFFE_PP0P_/Q	u3.exponent_3[11]$_SDFFE_PP0P_/D
302	0.4390	uI.exponent_large[J]	uI.exponent[J]	u2.exponent_large[1]$_SDFFE_PP0P_/Q	u2.exponent[9]$_SDFFE_PP0P_/D
303	0.4416	uI.mantissa_a[J]	uI.mana_gtet_manb	u2.mantissa_a[27]$_SDFFE_PP0P_/Q	u2.mana_gtet_manb$_SDFFE_PP0P_/D
304	0.4422	opb_reg[I]	uI.opb_neg_inf	opb_reg[51]$_SDFFE_PP0P_/Q	u6.opb_neg_inf$_SDFFE_PP0P_/D
305	0.4422	opb_reg[I]	uI.opb_pos_inf	opb_reg[51]$_SDFFE_PP0P_/Q	u6.opb_pos_inf$_SDFFE_PP0P_/D
306	0.4430	opa_reg[I]	uI.expon_term[J]	opa_reg[52]$_SDFFE_PP0P_/Q	u4.expon_term[9]$_SDFFE_PP0P_/D
307	0.4430	opb_reg[I]	uI.expon_shift_b[J]	opb_reg[62]$_SDFFE_PP0P_/Q	u4.expon_shift_b[0]$_SDFFE_PP0P_/D
308	0.4438	opb_reg[I]	uI.b_is_zero	opb_reg[62]$_SDFFE_PP0P_/Q	u3.b_is_zero$_SDFFE_PP0P_/D
309	0.4477	uI.small_add[J]	uI.small_shift[J]	u1.small_add[51]$_SDFFE_PP0P_/Q	u1.small_shift[22]$_SDFFE_PP0P_/D
310	0.4507	uI.subtrahend[J]	uI.subtra_shift[J]	u2.subtrahend[38]$_SDFFE_PP0P_/Q	u2.subtra_shift[20]$_SDFFE_PP0P_/D
311	0.4525	uI.quotient_out[J]	mantissa_round[I]	u4.quotient_out[53]$_SDFF_PP0_/Q	mantissa_round[0]$_SDFF_PN0_/D
312	0.4538	opb_reg[I]	uI.opb_et_zero	opb_reg[62]$_SDFFE_PP0P_/Q	u6.opb_et_zero$_SDFFE_PP0P_/D
313	0.4573	opb_reg[I]	uI.opb_inf	opb_reg[51]$_SDFFE_PP0P_/Q	u6.opb_inf$_SDFFE_PP0P_/D
314	0.4585	uI.expon_uf_term_J[K]	uI.remainder_shift_term[J]	u4.expon_uf_term_4[2]$_SDFFE_PP0P_/Q	u4.remainder_shift_term[5]$_SDFFE_PP0P_/D
315	0.4585	opa_reg[I]	uI.exponent_out[J]	opa_reg[51]$_SDFFE_PP0P_/Q	u4.exponent_out[10]$_SDFF_PP0_/D
316	0.4652	uI.exponent_large[J]	uI.diffshift_gt_exponent	u2.exponent_large[1]$_SDFFE_PP0P_/Q	u2.diffshift_gt_exponent$_SDFFE_PP0P_/D
317	0.4674	uI.exponent[J]	uI.diff_J[K]	u2.exponent[7]$_SDFFE_PP0P_/Q	u2.diff_2[10]$_SDFFE_PP0P_/D
318	0.4680	opa_reg[I]	uI.a_is_zero	opa_reg[51]$_SDFFE_PP0P_/Q	u3.a_is_zero$_SDFFE_PP0P_/D
319	0.4716	uI.mantissa_b[J]	uI.mana_gtet_manb	u2.mantissa_b[27]$_SDFFE_PP0P_/QN	u2.mana_gtet_manb$_SDFFE_PP0P_/D
320	0.4743	sub_enable	uI.diff_J[K]	sub_enable$_SDFF_PP0_/Q	u2.diff_1[43]$_SDFFE_PP0P_/D
321	0.4752	uI.expon_final_J[K]	uI.expon_uf_J	u4.expon_final_2[0]$_SDFFE_PP0P_/Q	u4.expon_uf_2$_SDFFE_PP0P_/D
322	0.4769	enable	enable_reg_I	enable	enable_reg_1$_SDFF_PP0_/D
323	0.4840	uI.expon_shift_a[J]	uI.expon_uf_J	u4.expon_shift_a[0]$_SDFFE_PP0P_/QN	u4.expon_uf_2$_SDFFE_PP0P_/D
324	0.4875	exception	exception	exception$_SDFFE_PP0P_/Q	exception
325	0.4875	inexact	inexact	inexact$_SDFFE_PP0P_/Q	inexact
326	0.4875	invalid	invalid	invalid$_SDFFE_PP0P_/Q	invalid
327	0.4875	out[I]	out[I]	out[0]$_SDFFE_PP0P_/Q	out[0]
328	0.4875	overflow	overflow	overflow$_SDFFE_PP0P_/Q	overflow
329	0.4875	underflow	underflow	underflow$_SDFFE_PP0P_/Q	underflow
330	0.4876	uI.count_nonzero_reg	uI.quotient[J]	u4.count_nonzero_reg$_SDFF_PP0_/Q	u4.quotient[47]$_SDFFE_PP0P_/D
331	0.4887	opb_reg[I]	uI.opb_SNaN	opb_reg[51]$_SDFFE_PP0P_/Q	u6.opb_SNaN$_SDFFE_PP0P_/D
332	0.4896	ready	ready	ready$_SDFF_PP0_/Q	ready
333	0.4922	uI.enable_reg_J	uI.dividend_a_shifted[J]	u4.enable_reg_2$_SDFFE_PP0P_/Q	u4.dividend_a_shifted[39]$_SDFFE_PP0P_/D
334	0.4922	uI.enable_reg_J	uI.divisor_b_shifted[J]	u4.enable_reg_2$_SDFFE_PP0P_/Q	u4.divisor_b_shifted[39]$_SDFFE_PP0P_/D
335	0.4922	sub_enable	uI.subtra_shift[J]	sub_enable$_SDFF_PP0_/Q	u2.subtra_shift[47]$_SDFFE_PP0P_/D
336	0.4941	opb_reg[I]	uI.opb_QNaN	opb_reg[51]$_SDFFE_PP0P_/Q	u6.opb_QNaN$_SDFFE_PP0P_/D
337	0.4958	mul_enable	uI.sub_pc_hi[J]	mul_enable$_SDFF_PP0_/Q	u3.sub_pc_hi[6]$_SDFFE_PP0P_/D
338	0.4958	mul_enable	uI.sub_pe_hi[J]	mul_enable$_SDFF_PP0_/Q	u3.sub_pe_hi[5]$_SDFFE_PP0P_/D
339	0.4958	mul_enable	uI.sub_pe_lo[J]	mul_enable$_SDFF_PP0_/Q	u3.sub_pe_lo[6]$_SDFFE_PP0P_/D
340	0.4958	mul_enable	uI.sub_pf_hi[J]	mul_enable$_SDFF_PP0_/Q	u3.sub_pf_hi[5]$_SDFFE_PP0P_/D
341	0.4958	mul_enable	uI.sub_pf_lo[J]	mul_enable$_SDFF_PP0_/Q	u3.sub_pf_lo[6]$_SDFFE_PP0P_/D
342	0.4958	mul_enable	uI.sub_pg_hi[J]	mul_enable$_SDFF_PP0_/Q	u3.sub_pg_hi[12]$_SDFFE_PP0P_/D
343	0.4958	mul_enable	uI.sub_pg_lo[J]	mul_enable$_SDFF_PP0_/Q	u3.sub_pg_lo[6]$_SDFFE_PP0P_/D
344	0.4962	mul_enable	uI.exponent_J[K]	mul_enable$_SDFF_PP0_/Q	u3.exponent_1[3]$_SDFFE_PP0P_/D
345	0.4962	mul_enable	uI.sub_pa_hi[J]	mul_enable$_SDFF_PP0_/Q	u3.sub_pa_hi[6]$_SDFFE_PP0P_/D
346	0.4962	mul_enable	uI.sub_pa_lo[J]	mul_enable$_SDFF_PP0_/Q	u3.sub_pa_lo[26]$_SDFFE_PP0P_/D
347	0.4962	mul_enable	uI.sub_pb_hi[J]	mul_enable$_SDFF_PP0_/Q	u3.sub_pb_hi[6]$_SDFFE_PP0P_/D
348	0.4962	mul_enable	uI.sub_pb_lo[J]	mul_enable$_SDFF_PP0_/Q	u3.sub_pb_lo[6]$_SDFFE_PP0P_/D
349	0.4962	mul_enable	uI.sub_pc_lo[J]	mul_enable$_SDFF_PP0_/Q	u3.sub_pc_lo[6]$_SDFFE_PP0P_/D
350	0.4962	mul_enable	uI.sum_J[K]	mul_enable$_SDFF_PP0_/Q	u3.sum_2[2]$_SDFFE_PP0P_/D
351	0.4967	uI.diff_shift_J[K]	uI.diffshift_gt_exponent	u2.diff_shift_2[2]$_SDFFE_PP0P_/QN	u2.diffshift_gt_exponent$_SDFFE_PP0P_/D
352	0.4977	uI.enable_reg_J	uI.mantissa_J[K]	u4.enable_reg_2$_SDFFE_PP0P_/Q	u4.mantissa_1[44]$_SDFFE_PP0P_/D
353	0.4985	uI.enable_reg_J	uI.expon_uf_term_J[K]	u4.enable_reg_2$_SDFFE_PP0P_/Q	u4.expon_uf_term_3[0]$_SDFFE_PP0P_/D
354	0.4985	uI.enable_reg_J	uI.remainder_shift_term[J]	u4.enable_reg_2$_SDFFE_PP0P_/Q	u4.remainder_shift_term[1]$_SDFFE_PP0P_/D
355	0.4989	uI.enable_reg_J	uI.expon_final_J[K]	u4.enable_reg_2$_SDFFE_PP0P_/Q	u4.expon_final_4[0]$_SDFFE_PP0P_/D
356	0.4989	uI.enable_reg_J	uI.expon_term[J]	u4.enable_reg_2$_SDFFE_PP0P_/Q	u4.expon_term[0]$_SDFFE_PP0P_/D
357	0.4995	uI.enable_reg_e	uI.dividend_reg[J]	u4.enable_reg_e$_SDFF_PP0_/Q	u4.dividend_reg[28]$_SDFFE_PP0P_/D
358	0.5002	uI.exponent_terms[J]	uI.exponent_gt_expoffset	u3.exponent_terms[4]$_SDFFE_PP0P_/Q	u3.exponent_gt_expoffset$_SDFFE_PP0P_/D
359	0.5019	uI.enable_reg_J	uI.remainder_b[J]	u4.enable_reg_2$_SDFFE_PP0P_/Q	u4.remainder_b[54]$_SDFFE_PP0P_/D
360	0.5022	opa[I]	opa_reg[I]	opa[10]	opa_reg[10]$_SDFFE_PP0P_/D
361	0.5022	fpu_op[I]	fpu_op_reg[I]	fpu_op[0]	fpu_op_reg[0]$_SDFFE_PP0P_/D
362	0.5022	opb[I]	opb_reg[I]	opb[0]	opb_reg[0]$_SDFFE_PP0P_/D
363	0.5030	rmode[I]	rmode_reg[I]	rmode[1]	rmode_reg[1]$_SDFFE_PP0P_/D
364	0.5034	uI.enable_reg_J	uI.divisor_b[J]	u4.enable_reg_2$_SDFFE_PP0P_/Q	u4.divisor_b[18]$_SDFFE_PP0P_/D
365	0.5036	uI.enable_reg_J	uI.expon_shift_a[J]	u4.enable_reg_2$_SDFFE_PP0P_/Q	u4.expon_shift_a[5]$_SDFFE_PP0P_/D
366	0.5036	uI.enable_reg_J	uI.expon_shift_b[J]	u4.enable_reg_2$_SDFFE_PP0P_/Q	u4.expon_shift_b[5]$_SDFFE_PP0P_/D
367	0.5046	enable	enable_reg	enable	enable_reg$_SDFF_PP0_/D
368	0.5047	uI.expon_final_J_etK	mantissa_round[I]	u4.expon_final_4_et0$_SDFFE_PP0P_/Q	mantissa_round[0]$_SDFF_PN0_/D
369	0.5051	uI.remainder_shift_term[J]	uI.remainder_shift_term[J]	u4.remainder_shift_term[5]$_SDFFE_PP0P_/Q	u4.remainder_shift_term[5]$_SDFFE_PP0P_/D
370	0.5053	uI.enable_reg_J	uI.expon_final_J_term	u4.enable_reg_2$_SDFFE_PP0P_/Q	u4.expon_final_4_term$_SDFFE_PP0P_/D
371	0.5055	uI.enable_reg_J	uI.dividend_a[J]	u4.enable_reg_2$_SDFFE_PP0P_/Q	u4.dividend_a[0]$_SDFFE_PP0P_/D
372	0.5063	mul_enable	uI.exponent_et_zero	mul_enable$_SDFF_PP0_/Q	u3.exponent_et_zero$_SDFFE_PP0P_/D
373	0.5073	add_enable	uI.small_shift[J]	add_enable$_SDFF_PP0_/Q	u1.small_shift[47]$_SDFFE_PP0P_/D
374	0.5080	mul_enable	uI.exponent_gt_prodshift	mul_enable$_SDFF_PP0_/Q	u3.exponent_gt_prodshift$_SDFFE_PP0P_/D
375	0.5081	uI.enable_reg_J	uI.expon_final_J_etK	u4.enable_reg_2$_SDFFE_PP0P_/Q	u4.expon_final_4_et0$_SDFFE_PP0P_/D
376	0.5096	mul_enable	uI.sign	mul_enable$_SDFF_PP0_/Q	u3.sign$_SDFFE_PP0P_/D
377	0.5097	opa_reg[I]	uI.opa_neg_inf	opa_reg[51]$_SDFFE_PP0P_/Q	u6.opa_neg_inf$_SDFFE_PP0P_/D
378	0.5097	opa_reg[I]	uI.opa_pos_inf	opa_reg[51]$_SDFFE_PP0P_/Q	u6.opa_pos_inf$_SDFFE_PP0P_/D
379	0.5145	uI.diffshift_gt_exponent	uI.exponent[J]	u2.diffshift_gt_exponent$_SDFFE_PP0P_/Q	u2.exponent[2]$_SDFFE_PP0P_/D
380	0.5150	mul_enable	uI.b_is_zero	mul_enable$_SDFF_PP0_/Q	u3.b_is_zero$_SDFFE_PP0P_/D
381	0.5168	mul_enable	uI.mantissa_b[J]	mul_enable$_SDFF_PP0_/Q	u3.mantissa_b[0]$_SDFFE_PP0P_/D
382	0.5197	uI.exponent[J]	uI.exponent_J[K]	u1.exponent[1]$_SDFFE_PP0P_/Q	u1.exponent_2[10]$_SDFFE_PP0P_/D
383	0.5198	mul_enable	uI.mantissa_a[J]	mul_enable$_SDFF_PP0_/Q	u3.mantissa_a[51]$_SDFFE_PP0P_/D
384	0.5198	mul_enable	uI.mul_a[J]	mul_enable$_SDFF_PP0_/Q	u3.mul_a[52]$_SDFFE_PP0P_/D
385	0.5198	mul_enable	uI.mul_b[J]	mul_enable$_SDFF_PP0_/Q	u3.mul_b[52]$_SDFFE_PP0P_/D
386	0.5198	mul_enable	uI.product[J]	mul_enable$_SDFF_PP0_/Q	u3.product[105]$_SDFFE_PP0P_/D
387	0.5217	count_ready[I]	ready_I	count_ready[1]$_SDFFE_PP0P_/Q	ready_0$_SDFF_PP0_/D
388	0.5220	opa_reg[I]	uI.opa_et_zero	opa_reg[51]$_SDFFE_PP0P_/Q	u6.opa_et_zero$_SDFFE_PP0P_/D
389	0.5235	opa_reg[I]	uI.opa_inf	opa_reg[51]$_SDFFE_PP0P_/Q	u6.opa_inf$_SDFFE_PP0P_/D
390	0.5237	uI.enable_reg_J	uI.dividend_shift_J[K]	u4.enable_reg_2$_SDFFE_PP0P_/Q	u4.dividend_shift_2[1]$_SDFFE_PP0P_/D
391	0.5238	uI.enable_reg_J	uI.enable_reg_J	u4.enable_reg_2$_SDFFE_PP0P_/Q	u4.enable_reg_2$_SDFFE_PP0P_/D
392	0.5260	uI.denorm_to_norm	uI.exponent_J[K]	u1.denorm_to_norm$_SDFFE_PP0P_/Q	u1.exponent_2[10]$_SDFFE_PP0P_/D
393	0.5263	opa_reg[I]	uI.opa_QNaN	opa_reg[51]$_SDFFE_PP0P_/Q	u6.opa_QNaN$_SDFFE_PP0P_/D
394	0.5263	opa_reg[I]	uI.opa_SNaN	opa_reg[51]$_SDFFE_PP0P_/Q	u6.opa_SNaN$_SDFFE_PP0P_/D
395	0.5284	mul_enable	uI.exponent_gt_expoffset	mul_enable$_SDFF_PP0_/Q	u3.exponent_gt_expoffset$_SDFFE_PP0P_/D
396	0.5309	uI.remainder_b[J]	mantissa_round[I]	u4.remainder_b[75]$_SDFFE_PP0P_/Q	mantissa_round[0]$_SDFF_PN0_/D
397	0.5317	fpu_op_reg[I]	mantissa_round[I]	fpu_op_reg[2]$_SDFFE_PP0P_/Q	mantissa_round[25]$_SDFF_PN0_/D
398	0.5325	uI.count_nonzero_reg	uI.dividend_reg[J]	u4.count_nonzero_reg$_SDFF_PP0_/Q	u4.dividend_reg[27]$_SDFFE_PP0P_/D
399	0.5325	uI.sum[J]	uI.exponent[J]	u1.sum[55]$_SDFFE_PP0P_/Q	u1.exponent[9]$_SDFFE_PP0P_/D
400	0.5368	exponent_round[I]	uI.exponent_round[J]	exponent_round[3]$_SDFF_PN0_/Q	u5.exponent_round[11]$_SDFF_PP0_/D
401	0.5377	uI.ex_enable	out[I]	u6.ex_enable$_SDFFE_PP0P_/Q	out[43]$_SDFFE_PP0P_/D
402	0.5385	uI.exponent_a[J]	uI.expa_gt_expb	u1.exponent_a[1]$_SDFFE_PP0P_/Q	u1.expa_gt_expb$_SDFFE_PP0P_/D
403	0.5391	sub_enable	uI.mantissa_large[J]	sub_enable$_SDFF_PP0_/Q	u2.mantissa_large[11]$_SDFFE_PP0P_/D
404	0.5404	sub_enable	uI.exponent_diff[J]	sub_enable$_SDFF_PP0_/Q	u2.exponent_diff[9]$_SDFFE_PP0P_/D
405	0.5413	uI.exponent_J[K]	uI.exponent_gt_prodshift	u3.exponent_2[1]$_SDFFE_PP0P_/Q	u3.exponent_gt_prodshift$_SDFFE_PP0P_/D
406	0.5416	mul_enable	uI.a_is_norm	mul_enable$_SDFF_PP0_/Q	u3.a_is_norm$_SDFFE_PP0P_/D
407	0.5416	mul_enable	uI.b_is_norm	mul_enable$_SDFF_PP0_/Q	u3.b_is_norm$_SDFFE_PP0P_/D
408	0.5435	count_cycles[I]	ready_I	count_cycles[0]$_SDFF_PN0_/Q	ready_0$_SDFF_PP0_/D
409	0.5444	mul_enable	uI.a_is_zero	mul_enable$_SDFF_PP0_/Q	u3.a_is_zero$_SDFFE_PP0P_/D
410	0.5447	sub_enable	uI.diff[J]	sub_enable$_SDFF_PP0_/Q	u2.diff[18]$_SDFFE_PP0P_/D
411	0.5468	uI.exponent_b[J]	uI.expa_gt_expb	u1.exponent_b[0]$_SDFFE_PP0P_/Q	u1.expa_gt_expb$_SDFFE_PP0P_/D
412	0.5472	sub_enable	uI.exponent[J]	sub_enable$_SDFF_PP0_/Q	u2.exponent[3]$_SDFFE_PP0P_/D
413	0.5483	uI.remainder_out[J]	mantissa_round[I]	u4.remainder_out[31]$_SDFF_PP0_/Q	mantissa_round[0]$_SDFF_PN0_/D
414	0.5488	uI.enable_reg_J	uI.divisor_shift_J[K]	u4.enable_reg_2$_SDFFE_PP0P_/Q	u4.divisor_shift_2[0]$_SDFFE_PP0P_/D
415	0.5496	uI.expa_gt_expb	uI.mantissa_large[J]	u1.expa_gt_expb$_SDFFE_PP0P_/Q	u1.mantissa_large[22]$_SDFFE_PP0P_/D
416	0.5501	sub_enable	uI.expa_gt_expb	sub_enable$_SDFF_PP0_/Q	u2.expa_gt_expb$_SDFFE_PP0P_/D
417	0.5502	mul_enable	uI.product_lsb	mul_enable$_SDFF_PP0_/Q	u3.product_lsb$_SDFFE_PP0P_/D
418	0.5503	sub_enable	uI.subtra_shift_J[K]	sub_enable$_SDFF_PP0_/Q	u2.subtra_shift_3[14]$_SDFFE_PP0P_/D
419	0.5511	sub_enable	uI.small_is_denorm	sub_enable$_SDFF_PP0_/Q	u2.small_is_denorm$_SDFFE_PP0P_/D
420	0.5516	sub_enable	uI.diffshift_et_J	sub_enable$_SDFF_PP0_/Q	u2.diffshift_et_55$_SDFFE_PP0P_/D
421	0.5516	sub_enable	uI.exponent_a[J]	sub_enable$_SDFF_PP0_/Q	u2.exponent_a[10]$_SDFFE_PP0P_/D
422	0.5516	sub_enable	uI.exponent_b[J]	sub_enable$_SDFF_PP0_/Q	u2.exponent_b[10]$_SDFFE_PP0P_/D
423	0.5516	sub_enable	uI.mantissa_a[J]	sub_enable$_SDFF_PP0_/Q	u2.mantissa_a[51]$_SDFFE_PP0P_/D
424	0.5516	sub_enable	uI.mantissa_b[J]	sub_enable$_SDFF_PP0_/Q	u2.mantissa_b[51]$_SDFFE_PP0P_/D
425	0.5519	sub_enable	uI.large_is_denorm	sub_enable$_SDFF_PP0_/Q	u2.large_is_denorm$_SDFFE_PP0P_/D
426	0.5519	sub_enable	uI.subtrahend[J]	sub_enable$_SDFF_PP0_/Q	u2.subtrahend[10]$_SDFFE_PP0P_/D
427	0.5519	sub_enable	uI.minuend[J]	sub_enable$_SDFF_PP0_/Q	u2.minuend[54]$_SDFFE_PP0P_/D
428	0.5550	sub_enable	uI.exponent_J[K]	sub_enable$_SDFF_PP0_/Q	u2.exponent_2[2]$_SDFFE_PP0P_/D
429	0.5557	uI.sum[J]	uI.sum_J[K]	u1.sum[55]$_SDFFE_PP0P_/Q	u1.sum_2[38]$_SDFFE_PP0P_/D
430	0.5558	sub_enable	uI.sign	sub_enable$_SDFF_PP0_/Q	u2.sign$_SDFFE_PP0P_/D
431	0.5562	sub_enable	uI.large_norm_small_denorm	sub_enable$_SDFF_PP0_/Q	u2.large_norm_small_denorm$_SDFFE_PP0P_/D
432	0.5563	uI.exponent_et_zero	uI.product_J[K]	u3.exponent_et_zero$_SDFFE_PP0P_/Q	u3.product_6[77]$_SDFFE_PP0P_/D
433	0.5621	fpu_op_reg[I]	count_cycles[I]	fpu_op_reg[2]$_SDFFE_PP0P_/Q	count_cycles[4]$_SDFF_PN0_/D
434	0.5663	sub_enable	uI.mantissa_small[J]	sub_enable$_SDFF_PP0_/Q	u2.mantissa_small[0]$_SDFFE_PP0P_/D
435	0.5678	sub_enable	uI.mana_gtet_manb	sub_enable$_SDFF_PP0_/Q	u2.mana_gtet_manb$_SDFFE_PP0P_/D
436	0.5678	rmode_reg[I]	uI.sum_final[J]	rmode_reg[0]$_SDFFE_PP0P_/Q	u5.sum_final[34]$_SDFF_PP0_/D
437	0.5679	uI.quotient_out[J]	uI.expon_final_J[K]	u4.quotient_out[53]$_SDFF_PP0_/Q	u4.expon_final_5[1]$_SDFFE_PP0P_/D
438	0.5713	uI.a_gtet_b	uI.mantissa_large[J]	u2.a_gtet_b$_SDFFE_PP0P_/Q	u2.mantissa_large[33]$_SDFFE_PP0P_/D
439	0.5720	uI.mantissa_small[J]	uI.small_shift_J[K]	u1.mantissa_small[51]$_SDFFE_PP0P_/Q	u1.small_shift_3[0]$_SDFFE_PP0P_/D
440	0.5742	add_enable	uI.mantissa_large[J]	add_enable$_SDFF_PP0_/Q	u1.mantissa_large[0]$_SDFFE_PP0P_/D
441	0.5742	add_enable	uI.mantissa_small[J]	add_enable$_SDFF_PP0_/Q	u1.mantissa_small[15]$_SDFFE_PP0P_/D
442	0.5743	add_enable	uI.sum[J]	add_enable$_SDFF_PP0_/Q	u1.sum[29]$_SDFFE_PP0P_/D
443	0.5747	uI.product_shift_J[K]	uI.exponent_gt_prodshift	u3.product_shift_2[1]$_SDFFE_PP0P_/QN	u3.exponent_gt_prodshift$_SDFFE_PP0P_/D
444	0.5750	uI.dividend_shift_J[K]	uI.dividend_shift_J[K]	u4.dividend_shift_2[1]$_SDFFE_PP0P_/Q	u4.dividend_shift_2[1]$_SDFFE_PP0P_/D
445	0.5750	uI.divisor_shift_J[K]	uI.divisor_shift_J[K]	u4.divisor_shift_2[1]$_SDFFE_PP0P_/Q	u4.divisor_shift_2[1]$_SDFFE_PP0P_/D
446	0.5759	op_enable	uI.opa_QNaN	op_enable$_SDFFE_PP0P_/Q	u6.opa_QNaN$_SDFFE_PP0P_/D
447	0.5759	op_enable	uI.opa_SNaN	op_enable$_SDFFE_PP0P_/Q	u6.opa_SNaN$_SDFFE_PP0P_/D
448	0.5766	rmode_reg[I]	uI.exponent_final[J]	rmode_reg[0]$_SDFFE_PP0P_/Q	u5.exponent_final[0]$_SDFF_PP0_/D
449	0.5775	uI.dividend_shift_J[K]	uI.expon_shift_a[J]	u4.dividend_shift_2[1]$_SDFFE_PP0P_/Q	u4.expon_shift_a[1]$_SDFFE_PP0P_/D
450	0.5775	uI.divisor_shift_J[K]	uI.expon_shift_b[J]	u4.divisor_shift_2[1]$_SDFFE_PP0P_/Q	u4.expon_shift_b[1]$_SDFFE_PP0P_/D
451	0.5778	add_enable	uI.exponent_diff[J]	add_enable$_SDFF_PP0_/Q	u1.exponent_diff[9]$_SDFFE_PP0P_/D
452	0.5780	op_enable	uI.NaN_output[J]	op_enable$_SDFFE_PP0P_/Q	u6.NaN_output[51]$_SDFFE_PP0P_/D
453	0.5780	op_enable	uI.SNaN_trigger	op_enable$_SDFFE_PP0P_/Q	u6.SNaN_trigger$_SDFFE_PP0P_/D
454	0.5780	op_enable	uI.add_inf	op_enable$_SDFFE_PP0P_/Q	u6.add_inf$_SDFFE_PP0P_/D
455	0.5780	op_enable	uI.div_uf	op_enable$_SDFFE_PP0P_/Q	u6.div_uf$_SDFFE_PP0P_/D
456	0.5780	op_enable	uI.inexact_trigger	op_enable$_SDFFE_PP0P_/Q	u6.inexact_trigger$_SDFFE_PP0P_/D
457	0.5780	op_enable	uI.out_inf[J]	op_enable$_SDFFE_PP0P_/Q	u6.out_inf[51]$_SDFFE_PP0P_/D
458	0.5780	op_enable	uI.round_to_pos_inf	op_enable$_SDFFE_PP0P_/Q	u6.round_to_pos_inf$_SDFFE_PP0P_/D
459	0.5780	op_enable	uI.sub_inf	op_enable$_SDFFE_PP0P_/Q	u6.sub_inf$_SDFFE_PP0P_/D
460	0.5799	uI.a_gtet_b	uI.sign	u2.a_gtet_b$_SDFFE_PP0P_/Q	u2.sign$_SDFFE_PP0P_/D
461	0.5801	add_enable	uI.exponent[J]	add_enable$_SDFF_PP0_/Q	u1.exponent[2]$_SDFFE_PP0P_/D
462	0.5801	add_enable	uI.exponent_J[K]	add_enable$_SDFF_PP0_/Q	u1.exponent_2[5]$_SDFFE_PP0P_/D
463	0.5808	fpu_op_reg[I]	div_enable	fpu_op_reg[0]$_SDFFE_PP0P_/QN	div_enable$_SDFF_PP0_/D
464	0.5811	sub_enable	uI.diffshift_gt_exponent	sub_enable$_SDFF_PP0_/Q	u2.diffshift_gt_exponent$_SDFFE_PP0P_/D
465	0.5814	add_enable	uI.small_shift_J[K]	add_enable$_SDFF_PP0_/Q	u1.small_shift_3[51]$_SDFFE_PP0P_/D
466	0.5822	mul_enable	uI.in_zero	mul_enable$_SDFF_PP0_/Q	u3.in_zero$_SDFFE_PP0P_/D
467	0.5831	uI.enable_reg_J	uI.expon_uf_J	u4.enable_reg_2$_SDFFE_PP0P_/Q	u4.expon_uf_2$_SDFFE_PP0P_/D
468	0.5836	uI.exponent_gt_prodshift	uI.product_J[K]	u3.exponent_gt_prodshift$_SDFFE_PP0P_/Q	u3.product_5[39]$_SDFFE_PP0P_/D
469	0.5840	uI.exponent_gt_expoffset	uI.product_J[K]	u3.exponent_gt_expoffset$_SDFFE_PP0P_/Q	u3.product_2[59]$_SDFFE_PP0P_/D
470	0.5841	add_enable	uI.small_add[J]	add_enable$_SDFF_PP0_/Q	u1.small_add[39]$_SDFFE_PP0P_/D
471	0.5842	fpu_op_reg[I]	exponent_round[I]	fpu_op_reg[0]$_SDFFE_PP0P_/QN	exponent_round[10]$_SDFF_PN0_/D
472	0.5846	add_enable	exp_addsub[I]	add_enable$_SDFF_PP0_/Q	exp_addsub[10]$_SDFF_PP0_/D
473	0.5847	add_enable	uI.mantissa_a[J]	add_enable$_SDFF_PP0_/Q	u1.mantissa_a[10]$_SDFFE_PP0P_/D
474	0.5848	add_enable	addsub_out[I]	add_enable$_SDFF_PP0_/Q	addsub_out[0]$_SDFF_PP0_/D
475	0.5848	add_enable	addsub_sign	add_enable$_SDFF_PP0_/Q	addsub_sign$_SDFF_PP0_/D
476	0.5848	add_enable	uI.large_add[J]	add_enable$_SDFF_PP0_/Q	u1.large_add[54]$_SDFFE_PP0P_/D
477	0.5848	add_enable	uI.mantissa_b[J]	add_enable$_SDFF_PP0_/Q	u1.mantissa_b[51]$_SDFFE_PP0P_/D
478	0.5848	add_enable	uI.sign	add_enable$_SDFF_PP0_/Q	u1.sign$_SDFFE_PP0P_/D
479	0.5848	add_enable	uI.small_is_denorm	add_enable$_SDFF_PP0_/Q	u1.small_is_denorm$_SDFFE_PP0P_/D
480	0.5850	add_enable	uI.large_is_denorm	add_enable$_SDFF_PP0_/Q	u1.large_is_denorm$_SDFFE_PP0P_/D
481	0.5865	uI.remainder_msb	mantissa_round[I]	u4.remainder_msb$_SDFFE_PP0P_/Q	mantissa_round[0]$_SDFF_PN0_/D
482	0.5874	op_enable	uI.div_J_by_K	op_enable$_SDFFE_PP0P_/Q	u6.div_0_by_0$_SDFFE_PP0P_/D
483	0.5874	op_enable	uI.div_by_J	op_enable$_SDFFE_PP0P_/Q	u6.div_by_0$_SDFFE_PP0P_/D
484	0.5874	op_enable	uI.div_inf	op_enable$_SDFFE_PP0P_/Q	u6.div_inf$_SDFFE_PP0P_/D
485	0.5874	op_enable	uI.mul_inf	op_enable$_SDFFE_PP0P_/Q	u6.mul_inf$_SDFFE_PP0P_/D
486	0.5887	uI.round_out[J]	uI.in_et_zero	u5.round_out[56]$_SDFF_PP0_/Q	u6.in_et_zero$_SDFFE_PP0P_/D
487	0.5888	op_enable	uI.out_J[K]	op_enable$_SDFFE_PP0P_/Q	u6.out_0[10]$_SDFFE_PP0P_/D
488	0.5891	sub_enable	uI.a_gtet_b	sub_enable$_SDFF_PP0_/Q	u2.a_gtet_b$_SDFFE_PP0P_/D
489	0.5897	uI.sum_round[J]	uI.sum_round_J[K]	u5.sum_round[55]$_SDFF_PP0_/Q	u5.sum_round_2[10]$_SDFF_PP0_/D
490	0.5918	add_enable	uI.large_norm_small_denorm	add_enable$_SDFF_PP0_/Q	u1.large_norm_small_denorm$_SDFFE_PP0P_/D
491	0.5918	add_enable	uI.denorm_to_norm	add_enable$_SDFF_PP0_/Q	u1.denorm_to_norm$_SDFFE_PP0P_/D
492	0.5920	uI.a_gtet_b	uI.mantissa_small[J]	u2.a_gtet_b$_SDFFE_PP0P_/Q	u2.mantissa_small[10]$_SDFFE_PP0P_/D
493	0.5923	sub_enable	uI.expa_et_expb	sub_enable$_SDFF_PP0_/Q	u2.expa_et_expb$_SDFFE_PP0P_/D
494	0.5929	uI.a_gtet_b	uI.exponent_large[J]	u2.a_gtet_b$_SDFFE_PP0P_/Q	u2.exponent_large[0]$_SDFFE_PP0P_/D
495	0.5929	uI.a_gtet_b	uI.exponent_small[J]	u2.a_gtet_b$_SDFFE_PP0P_/Q	u2.exponent_small[4]$_SDFFE_PP0P_/D
496	0.5935	op_enable	op_enable	op_enable$_SDFFE_PP0P_/Q	op_enable$_SDFFE_PP0P_/D
497	0.5935	op_enable	uI.NaN_output_J[K]	op_enable$_SDFFE_PP0P_/Q	u6.NaN_output_0[61]$_SDFFE_PP0P_/D
498	0.5938	uI.small_is_nonzero	uI.subtra_shift_J[K]	u2.small_is_nonzero$_SDFFE_PP0P_/Q	u2.subtra_shift_3[0]$_SDFFE_PP0P_/D
499	0.5948	uI.sum_round[J]	uI.exponent_round[J]	u5.sum_round[55]$_SDFF_PP0_/Q	u5.exponent_round[11]$_SDFF_PP0_/D
500	0.5952	uI.small_shift[J]	uI.small_shift_J[K]	u1.small_shift[43]$_SDFFE_PP0P_/Q	u1.small_shift_3[0]$_SDFFE_PP0P_/D
501	0.5966	sign_round	uI.exponent_final[J]	sign_round$_SDFF_PN0_/Q	u5.exponent_final[0]$_SDFF_PP0_/D
502	0.5966	sign_round	uI.sum_final[J]	sign_round$_SDFF_PN0_/Q	u5.sum_final[29]$_SDFF_PP0_/D
503	0.5974	uI.enable_reg_e	uI.divisor_reg[J]	u4.enable_reg_e$_SDFF_PP0_/Q	u4.divisor_reg[45]$_SDFFE_PP0P_/D
504	0.5975	op_enable	uI.opa_neg_inf	op_enable$_SDFFE_PP0P_/Q	u6.opa_neg_inf$_SDFFE_PP0P_/D
505	0.5975	op_enable	uI.opa_pos_inf	op_enable$_SDFFE_PP0P_/Q	u6.opa_pos_inf$_SDFFE_PP0P_/D
506	0.5976	uI.NaN_out_trigger	uI.out_J[K]	u6.NaN_out_trigger$_SDFFE_PP0P_/Q	u6.out_2[14]$_SDFFE_PP0P_/D
507	0.5986	uI.expon_final_J_etK	uI.expon_final_J_etK	u4.expon_final_4_et0$_SDFFE_PP0P_/Q	u4.expon_final_4_et0$_SDFFE_PP0P_/D
508	0.5993	op_enable	uI.out_neg_inf	op_enable$_SDFFE_PP0P_/Q	u6.out_neg_inf$_SDFFE_PP0P_/D
509	0.5995	op_enable	uI.NaN_input	op_enable$_SDFFE_PP0P_/Q	u6.NaN_input$_SDFFE_PP0P_/D
510	0.6007	mantissa_round[I]	uI.exponent_final[J]	mantissa_round[1]$_SDFF_PN0_/Q	u5.exponent_final[0]$_SDFF_PP0_/D
511	0.6007	mantissa_round[I]	uI.sum_final[J]	mantissa_round[1]$_SDFF_PN0_/Q	u5.sum_final[29]$_SDFF_PP0_/D
512	0.6013	fpu_op_reg[I]	uI.sign	fpu_op_reg[2]$_SDFFE_PP0P_/Q	u2.sign$_SDFFE_PP0P_/D
513	0.6015	add_enable	uI.sum_J[K]	add_enable$_SDFF_PP0_/Q	u1.sum_2[54]$_SDFFE_PP0P_/D
514	0.6018	op_enable	uI.NaN_out_trigger	op_enable$_SDFFE_PP0P_/Q	u6.NaN_out_trigger$_SDFFE_PP0P_/D
515	0.6019	op_enable	uI.addsub_inf_invalid	op_enable$_SDFFE_PP0P_/Q	u6.addsub_inf_invalid$_SDFFE_PP0P_/D
516	0.6020	op_enable	uI.SNaN_input	op_enable$_SDFFE_PP0P_/Q	u6.SNaN_input$_SDFFE_PP0P_/D
517	0.6022	op_enable	uI.out[J]	op_enable$_SDFFE_PP0P_/Q	u6.out[62]$_SDFFE_PP0P_/D
518	0.6031	fpu_op_reg[I]	sign_round	fpu_op_reg[2]$_SDFFE_PP0P_/Q	sign_round$_SDFF_PN0_/D
519	0.6034	uI.subtra_shift[J]	uI.subtra_shift_J[K]	u2.subtra_shift[50]$_SDFFE_PP0P_/Q	u2.subtra_shift_3[0]$_SDFFE_PP0P_/D
520	0.6040	op_enable	uI.add	op_enable$_SDFFE_PP0P_/Q	u6.add$_SDFFE_PP0P_/D
521	0.6040	op_enable	uI.ex_enable	op_enable$_SDFFE_PP0P_/Q	u6.ex_enable$_SDFFE_PP0P_/D
522	0.6040	op_enable	uI.exception	op_enable$_SDFFE_PP0P_/Q	u6.exception$_SDFFE_PP0P_/D
523	0.6040	op_enable	uI.inexact	op_enable$_SDFFE_PP0P_/Q	u6.inexact$_SDFFE_PP0P_/D
524	0.6040	op_enable	uI.invalid	op_enable$_SDFFE_PP0P_/Q	u6.invalid$_SDFFE_PP0P_/D
525	0.6040	op_enable	uI.overflow	op_enable$_SDFFE_PP0P_/Q	u6.overflow$_SDFFE_PP0P_/D
526	0.6040	op_enable	uI.underflow	op_enable$_SDFFE_PP0P_/Q	u6.underflow$_SDFFE_PP0P_/D
527	0.6043	uI.count_out[J]	uI.count_out[J]	u4.count_out[0]$_SDFFE_PP0P_/Q	u4.count_out[5]$_SDFFE_PP0P_/D
528	0.6047	uI.mantissa_small[J]	uI.small_is_nonzero	u2.mantissa_small[51]$_SDFFE_PP0P_/Q	u2.small_is_nonzero$_SDFFE_PP0P_/D
529	0.6060	uI.SNaN_trigger	uI.NaN_output[J]	u6.SNaN_trigger$_SDFFE_PP0P_/Q	u6.NaN_output[29]$_SDFFE_PP0P_/D
530	0.6061	op_enable	uI.in_et_zero	op_enable$_SDFFE_PP0P_/Q	u6.in_et_zero$_SDFFE_PP0P_/D
531	0.6067	sub_enable	uI.small_is_nonzero	sub_enable$_SDFF_PP0_/Q	u2.small_is_nonzero$_SDFFE_PP0P_/D
532	0.6068	uI.out_inf_trigger	uI.out_J[K]	u6.out_inf_trigger$_SDFFE_PP0P_/Q	u6.out_1[23]$_SDFFE_PP0P_/D
533	0.6068	op_enable	uI.opb_SNaN	op_enable$_SDFFE_PP0P_/Q	u6.opb_SNaN$_SDFFE_PP0P_/D
534	0.6072	op_enable	uI.opb_QNaN	op_enable$_SDFFE_PP0P_/Q	u6.opb_QNaN$_SDFFE_PP0P_/D
535	0.6111	uI.expon_uf_J	uI.expon_uf_term_J[K]	u4.expon_uf_2$_SDFFE_PP0P_/Q	u4.expon_uf_term_2[5]$_SDFFE_PP0P_/D
536	0.6114	op_enable	uI.opa_inf	op_enable$_SDFFE_PP0P_/Q	u6.opa_inf$_SDFFE_PP0P_/D
537	0.6126	uI.count_nonzero_reg_J	uI.remainder[J]	u4.count_nonzero_reg_2$_SDFF_PP0_/Q	u4.remainder[10]$_SDFFE_PP0P_/D
538	0.6131	uI.expon_uf_term_J[K]	uI.expon_uf_gt_maxshift	u4.expon_uf_term_3[5]$_SDFFE_PP0P_/Q	u4.expon_uf_gt_maxshift$_SDFFE_PP0P_/D
539	0.6133	op_enable	uI.opb_neg_inf	op_enable$_SDFFE_PP0P_/Q	u6.opb_neg_inf$_SDFFE_PP0P_/D
540	0.6133	op_enable	uI.opb_pos_inf	op_enable$_SDFFE_PP0P_/Q	u6.opb_pos_inf$_SDFFE_PP0P_/D
541	0.6141	uI.expa_gt_expb	uI.exponent_large[J]	u1.expa_gt_expb$_SDFFE_PP0P_/Q	u1.exponent_large[0]$_SDFFE_PP0P_/D
542	0.6141	uI.expa_gt_expb	uI.exponent_small[J]	u1.expa_gt_expb$_SDFFE_PP0P_/Q	u1.exponent_small[3]$_SDFFE_PP0P_/D
543	0.6141	uI.expa_gt_expb	uI.mantissa_small[J]	u1.expa_gt_expb$_SDFFE_PP0P_/Q	u1.mantissa_small[0]$_SDFFE_PP0P_/D
544	0.6151	op_enable	uI.inf_round_down_trigger	op_enable$_SDFFE_PP0P_/Q	u6.inf_round_down_trigger$_SDFFE_PP0P_/D
545	0.6153	op_enable	uI.mul_J_by_inf	op_enable$_SDFFE_PP0P_/Q	u6.mul_0_by_inf$_SDFFE_PP0P_/D
546	0.6163	op_enable	uI.a_NaN	op_enable$_SDFFE_PP0P_/Q	u6.a_NaN$_SDFFE_PP0P_/D
547	0.6163	op_enable	uI.addsub_inf	op_enable$_SDFFE_PP0P_/Q	u6.addsub_inf$_SDFFE_PP0P_/D
548	0.6167	uI.product_J[K]	uI.product_lsb	u3.product_6[13]$_SDFFE_PP0P_/Q	u3.product_lsb$_SDFFE_PP0P_/D
549	0.6170	uI.a_NaN	uI.NaN_output_J[K]	u6.a_NaN$_SDFFE_PP0P_/Q	u6.NaN_output_0[20]$_SDFFE_PP0P_/D
550	0.6175	uI.exponent_gt_prodshift	uI.exponent_J[K]	u3.exponent_gt_prodshift$_SDFFE_PP0P_/Q	u3.exponent_4[11]$_SDFFE_PP0P_/D
551	0.6185	uI.exponent_et_zero	uI.exponent_et_zero	u3.exponent_et_zero$_SDFFE_PP0P_/Q	u3.exponent_et_zero$_SDFFE_PP0P_/D
552	0.6186	add_enable	uI.expa_gt_expb	add_enable$_SDFF_PP0_/Q	u1.expa_gt_expb$_SDFFE_PP0P_/D
553	0.6187	op_enable	uI.opb_inf	op_enable$_SDFFE_PP0P_/Q	u6.opb_inf$_SDFFE_PP0P_/D
554	0.6194	op_enable	uI.enable_trigger	op_enable$_SDFFE_PP0P_/Q	u6.enable_trigger$_SDFFE_PP0P_/D
555	0.6194	op_enable	uI.underflow_trigger	op_enable$_SDFFE_PP0P_/Q	u6.underflow_trigger$_SDFFE_PP0P_/D
556	0.6194	uI.exponent_gt_expoffset	uI.exponent_J[K]	u3.exponent_gt_expoffset$_SDFFE_PP0P_/Q	u3.exponent_2[6]$_SDFFE_PP0P_/D
557	0.6197	uI.count_out[J]	uI.count_out[J]	u4.count_out[3]$_SDFFE_PP0N_/Q	u4.count_out[0]$_SDFFE_PP0P_/D
558	0.6214	uI.exponent_a[J]	uI.expa_et_expb	u2.exponent_a[6]$_SDFFE_PP0P_/Q	u2.expa_et_expb$_SDFFE_PP0P_/D
559	0.6218	op_enable	uI.multiply	op_enable$_SDFFE_PP0P_/Q	u6.multiply$_SDFFE_PP0P_/D
560	0.6221	uI.a_gtet_b	uI.a_gtet_b	u2.a_gtet_b$_SDFFE_PP0P_/Q	u2.a_gtet_b$_SDFFE_PP0P_/D
561	0.6252	uI.expon_uf_J	uI.expon_final_J[K]	u4.expon_uf_2$_SDFFE_PP0P_/Q	u4.expon_final_3[11]$_SDFFE_PP0P_/D
562	0.6253	uI.diffshift_gt_exponent	uI.diffshift_gt_exponent	u2.diffshift_gt_exponent$_SDFFE_PP0P_/Q	u2.diffshift_gt_exponent$_SDFFE_PP0P_/D
563	0.6271	uI.count_nonzero_reg	uI.remainder[J]	u4.count_nonzero_reg$_SDFF_PP0_/QN	u4.remainder[10]$_SDFFE_PP0P_/D
564	0.6273	uI.expa_gt_expb	uI.expa_gt_expb	u1.expa_gt_expb$_SDFFE_PP0P_/Q	u1.expa_gt_expb$_SDFFE_PP0P_/D
565	0.6273	op_enable	uI.invalid_trigger	op_enable$_SDFFE_PP0P_/Q	u6.invalid_trigger$_SDFFE_PP0P_/D
566	0.6274	enable_reg_I	opa_reg[I]	enable_reg_1$_SDFF_PP0_/Q	opa_reg[44]$_SDFFE_PP0P_/D
567	0.6277	enable_reg_I	fpu_op_reg[I]	enable_reg_1$_SDFF_PP0_/Q	fpu_op_reg[2]$_SDFFE_PP0P_/D
568	0.6277	enable_reg_I	opb_reg[I]	enable_reg_1$_SDFF_PP0_/Q	opb_reg[63]$_SDFFE_PP0P_/D
569	0.6277	enable_reg_I	rmode_reg[I]	enable_reg_1$_SDFF_PP0_/Q	rmode_reg[1]$_SDFFE_PP0P_/D
570	0.6292	uI.exponent_gt_prodshift	uI.exponent_gt_prodshift	u3.exponent_gt_prodshift$_SDFFE_PP0P_/Q	u3.exponent_gt_prodshift$_SDFFE_PP0P_/D
571	0.6296	uI.count_out[J]	uI.count_out[J]	u4.count_out[3]$_SDFFE_PP0N_/Q	u4.count_out[1]$_SDFFE_PP0N_/D
572	0.6317	uI.exponent_gt_expoffset	uI.exponent_gt_expoffset	u3.exponent_gt_expoffset$_SDFFE_PP0P_/Q	u3.exponent_gt_expoffset$_SDFFE_PP0P_/D
573	0.6321	opa_reg[I]	add_enable	opa_reg[63]$_SDFFE_PP0P_/Q	add_enable$_SDFF_PP0_/D
574	0.6321	opa_reg[I]	sub_enable	opa_reg[63]$_SDFFE_PP0P_/Q	sub_enable$_SDFF_PP0_/D
575	0.6323	op_enable	uI.out_pos_inf	op_enable$_SDFFE_PP0P_/Q	u6.out_pos_inf$_SDFFE_PP0P_/D
576	0.6323	op_enable	uI.mul_uf	op_enable$_SDFFE_PP0P_/Q	u6.mul_uf$_SDFFE_PP0P_/D
577	0.6323	op_enable	uI.overflow_trigger	op_enable$_SDFFE_PP0P_/Q	u6.overflow_trigger$_SDFFE_PP0P_/D
578	0.6323	op_enable	uI.round_to_neg_inf	op_enable$_SDFFE_PP0P_/Q	u6.round_to_neg_inf$_SDFFE_PP0P_/D
579	0.6323	op_enable	uI.round_to_zero	op_enable$_SDFFE_PP0P_/Q	u6.round_to_zero$_SDFFE_PP0P_/D
580	0.6339	op_enable	uI.subtract	op_enable$_SDFFE_PP0P_/Q	u6.subtract$_SDFFE_PP0P_/D
581	0.6345	uI.count_nonzero_reg	uI.count_nonzero_reg_J	u4.count_nonzero_reg$_SDFF_PP0_/Q	u4.count_nonzero_reg_2$_SDFF_PP0_/D
582	0.6370	uI.dividend_a[J]	uI.dividend_reg[J]	u4.dividend_a[45]$_SDFFE_PP0P_/Q	u4.dividend_reg[45]$_SDFFE_PP0P_/D
583	0.6375	ready_I	out[I]	ready_1$_SDFF_PP0_/Q	out[43]$_SDFFE_PP0P_/D
584	0.6375	ready_I	exception	ready_1$_SDFF_PP0_/Q	exception$_SDFFE_PP0P_/D
585	0.6375	ready_I	inexact	ready_1$_SDFF_PP0_/Q	inexact$_SDFFE_PP0P_/D
586	0.6375	ready_I	invalid	ready_1$_SDFF_PP0_/Q	invalid$_SDFFE_PP0P_/D
587	0.6375	ready_I	overflow	ready_1$_SDFF_PP0_/Q	overflow$_SDFFE_PP0P_/D
588	0.6375	ready_I	underflow	ready_1$_SDFF_PP0_/Q	underflow$_SDFFE_PP0P_/D
589	0.6379	uI.expon_final_J[K]	uI.expon_final_J_etK	u4.expon_final_4[5]$_SDFFE_PP0P_/Q	u4.expon_final_4_et0$_SDFFE_PP0P_/D
590	0.6393	uI.underflow_trigger	uI.out_J[K]	u6.underflow_trigger$_SDFFE_PP0P_/Q	u6.out_0[10]$_SDFFE_PP0P_/D
591	0.6399	uI.count_out[J]	uI.count_out[J]	u4.count_out[5]$_SDFFE_PP0P_/Q	u4.count_out[1]$_SDFFE_PP0N_/D
592	0.6401	fpu_op_reg[I]	uI.divide	fpu_op_reg[0]$_SDFFE_PP0P_/QN	u6.divide$_SDFFE_PP0P_/D
593	0.6402	uI.sum[J]	uI.sum[J]	u1.sum[55]$_SDFFE_PP0P_/Q	u1.sum[55]$_SDFFE_PP0P_/D
594	0.6412	uI.ex_enable	uI.ex_enable	u6.ex_enable$_SDFFE_PP0P_/Q	u6.ex_enable$_SDFFE_PP0P_/D
595	0.6430	uI.out_inf_trigger	uI.inf_round_down_trigger	u6.out_inf_trigger$_SDFFE_PP0P_/Q	u6.inf_round_down_trigger$_SDFFE_PP0P_/D
596	0.6470	op_enable	uI.except_trigger	op_enable$_SDFFE_PP0P_/Q	u6.except_trigger$_SDFFE_PP0P_/D
597	0.6470	op_enable	uI.out_inf_trigger	op_enable$_SDFFE_PP0P_/Q	u6.out_inf_trigger$_SDFFE_PP0P_/D
598	0.6471	uI.exponent_large[J]	uI.large_is_denorm	u2.exponent_large[7]$_SDFFE_PP0P_/QN	u2.large_is_denorm$_SDFFE_PP0P_/D
599	0.6485	enable_reg_I	enable_reg_I	enable_reg_1$_SDFF_PP0_/Q	enable_reg_3$_SDFF_PP0_/D
600	0.6494	enable_reg_I	op_enable	enable_reg_1$_SDFF_PP0_/Q	op_enable$_SDFFE_PP0P_/D
601	0.6502	uI.exponent_final[J]	uI.out_inf_trigger	u5.exponent_final[8]$_SDFF_PP0_/Q	u6.out_inf_trigger$_SDFFE_PP0P_/D
602	0.6513	uI.exponent_b[J]	uI.expa_et_expb	u2.exponent_b[6]$_SDFFE_PP0P_/QN	u2.expa_et_expb$_SDFFE_PP0P_/D
603	0.6591	uI.out_inf[J]	uI.out_J[K]	u6.out_inf[51]$_SDFFE_PP0P_/Q	u6.out_1[23]$_SDFFE_PP0P_/D
604	0.6606	uI.enable_reg_e	uI.enable_reg	u4.enable_reg_e$_SDFF_PP0_/Q	u4.enable_reg$_SDFF_PP0_/D
605	0.6627	opb_reg[I]	add_enable	opb_reg[63]$_SDFFE_PP0P_/Q	add_enable$_SDFF_PP0_/D
606	0.6627	opb_reg[I]	sub_enable	opb_reg[63]$_SDFFE_PP0P_/Q	sub_enable$_SDFF_PP0_/D
607	0.6629	uI.NaN_out_trigger	uI.NaN_out_trigger	u6.NaN_out_trigger$_SDFFE_PP0P_/Q	u6.NaN_out_trigger$_SDFFE_PP0P_/D
608	0.6634	uI.out_inf_trigger	uI.inexact_trigger	u6.out_inf_trigger$_SDFFE_PP0P_/Q	u6.inexact_trigger$_SDFFE_PP0P_/D
609	0.6644	uI.count_nonzero_reg_J	uI.remainder_msb	u4.count_nonzero_reg_2$_SDFF_PP0_/Q	u4.remainder_msb$_SDFFE_PP0P_/D
610	0.6645	uI.expon_uf_gt_maxshift	uI.expon_uf_gt_maxshift	u4.expon_uf_gt_maxshift$_SDFFE_PP0P_/Q	u4.expon_uf_gt_maxshift$_SDFFE_PP0P_/D
611	0.6682	fpu_op_reg[I]	uI.multiply	fpu_op_reg[0]$_SDFFE_PP0P_/Q	u6.multiply$_SDFFE_PP0P_/D
612	0.6684	opa_reg[I]	uI.sign	opa_reg[63]$_SDFFE_PP0P_/Q	u3.sign$_SDFFE_PP0P_/D
613	0.6686	uI.dividend_a_shifted[J]	uI.dividend_reg[J]	u4.dividend_a_shifted[27]$_SDFFE_PP0P_/Q	u4.dividend_reg[28]$_SDFFE_PP0P_/D
614	0.6721	op_enable	uI.divide	op_enable$_SDFFE_PP0P_/Q	u6.divide$_SDFFE_PP0P_/D
615	0.6722	op_enable	uI.opa_et_zero	op_enable$_SDFFE_PP0P_/Q	u6.opa_et_zero$_SDFFE_PP0P_/D
616	0.6724	op_enable	uI.opb_et_zero	op_enable$_SDFFE_PP0P_/Q	u6.opb_et_zero$_SDFFE_PP0P_/D
617	0.6735	uI.out_neg_inf	uI.inf_round_down_trigger	u6.out_neg_inf$_SDFFE_PP0P_/Q	u6.inf_round_down_trigger$_SDFFE_PP0P_/D
618	0.6737	uI.count_out[J]	uI.count_nonzero_reg	u4.count_out[3]$_SDFFE_PP0N_/Q	u4.count_nonzero_reg$_SDFF_PP0_/D
619	0.6768	opa_reg[I]	uI.NaN_output[J]	opa_reg[1]$_SDFFE_PP0P_/Q	u6.NaN_output[1]$_SDFFE_PP0P_/D
620	0.6768	opa_reg[I]	uI.NaN_output_J[K]	opa_reg[1]$_SDFFE_PP0P_/Q	u6.NaN_output_0[1]$_SDFFE_PP0P_/D
621	0.6770	enable_reg_I	ready_I	enable_reg_1$_SDFF_PP0_/Q	ready_0$_SDFF_PP0_/D
622	0.6771	enable_reg_I	count_ready[I]	enable_reg_1$_SDFF_PP0_/Q	count_ready[2]$_SDFFE_PP0P_/D
623	0.6774	uI.SNaN_trigger	uI.SNaN_trigger	u6.SNaN_trigger$_SDFFE_PP0P_/Q	u6.SNaN_trigger$_SDFFE_PP0P_/D
624	0.6777	uI.underflow_trigger	uI.inexact_trigger	u6.underflow_trigger$_SDFFE_PP0P_/Q	u6.inexact_trigger$_SDFFE_PP0P_/D
625	0.6790	uI.count_nonzero_reg	uI.remainder_msb	u4.count_nonzero_reg$_SDFF_PP0_/QN	u4.remainder_msb$_SDFFE_PP0P_/D
626	0.6803	fpu_op_reg[I]	uI.subtract	fpu_op_reg[2]$_SDFFE_PP0P_/Q	u6.subtract$_SDFFE_PP0P_/D
627	0.6809	uI.round_to_pos_inf	uI.inf_round_down_trigger	u6.round_to_pos_inf$_SDFFE_PP0P_/Q	u6.inf_round_down_trigger$_SDFFE_PP0P_/D
628	0.6814	uI.a_NaN	uI.a_NaN	u6.a_NaN$_SDFFE_PP0P_/Q	u6.a_NaN$_SDFFE_PP0P_/D
629	0.6819	mantissa_round[I]	uI.inexact_trigger	mantissa_round[1]$_SDFF_PN0_/Q	u6.inexact_trigger$_SDFFE_PP0P_/D
630	0.6823	fpu_op_reg[I]	uI.add	fpu_op_reg[2]$_SDFFE_PP0P_/Q	u6.add$_SDFFE_PP0P_/D
631	0.6837	uI.out_inf_trigger	uI.out_inf_trigger	u6.out_inf_trigger$_SDFFE_PP0P_/Q	u6.out_inf_trigger$_SDFFE_PP0P_/D
632	0.6840	uI.count_out[J]	uI.count_nonzero_reg	u4.count_out[5]$_SDFFE_PP0P_/Q	u4.count_nonzero_reg$_SDFF_PP0_/D
633	0.6849	uI.opa_inf	uI.mul_J_by_inf	u6.opa_inf$_SDFFE_PP0P_/Q	u6.mul_0_by_inf$_SDFFE_PP0P_/D
634	0.6861	uI.exponent_small[J]	uI.small_shift_J[K]	u1.exponent_small[1]$_SDFFE_PP0P_/QN	u1.small_shift_3[0]$_SDFFE_PP0P_/D
635	0.6865	uI.round_out[J]	out[I]	u5.round_out[63]$_SDFF_PP0_/Q	out[63]$_SDFFE_PP0P_/D
636	0.6866	uI.out_inf_trigger	uI.out_pos_inf	u6.out_inf_trigger$_SDFFE_PP0P_/Q	u6.out_pos_inf$_SDFFE_PP0P_/D
637	0.6866	uI.out_inf_trigger	uI.overflow_trigger	u6.out_inf_trigger$_SDFFE_PP0P_/Q	u6.overflow_trigger$_SDFFE_PP0P_/D
638	0.6869	uI.diff[J]	uI.diff[J]	u2.diff[44]$_SDFFE_PP0P_/Q	u2.diff[44]$_SDFFE_PP0P_/D
639	0.6872	uI.invalid_trigger	uI.except_trigger	u6.invalid_trigger$_SDFFE_PP0P_/Q	u6.except_trigger$_SDFFE_PP0P_/D
640	0.6901	uI.round_to_zero	uI.inf_round_down_trigger	u6.round_to_zero$_SDFFE_PP0P_/Q	u6.inf_round_down_trigger$_SDFFE_PP0P_/D
641	0.6903	uI.opb_inf	uI.mul_J_by_inf	u6.opb_inf$_SDFFE_PP0P_/Q	u6.mul_0_by_inf$_SDFFE_PP0P_/D
642	0.6903	uI.divisor_b[J]	uI.divisor_reg[J]	u4.divisor_b[44]$_SDFFE_PP0P_/Q	u4.divisor_reg[44]$_SDFFE_PP0P_/D
643	0.6917	uI.underflow_trigger	uI.except_trigger	u6.underflow_trigger$_SDFFE_PP0P_/Q	u6.except_trigger$_SDFFE_PP0P_/D
644	0.6920	uI.in_zero	uI.exponent_J[K]	u3.in_zero$_SDFFE_PP0P_/Q	u3.exponent_5[11]$_SDFFE_PP0P_/D
645	0.6926	uI.out[J]	out[I]	u6.out[0]$_SDFFE_PP0P_/Q	out[0]$_SDFFE_PP0P_/D
646	0.6927	enable_reg_I	ready	enable_reg_1$_SDFF_PP0_/Q	ready$_SDFF_PP0_/D
647	0.6935	uI.exponent_J[K]	uI.exponent_et_zero	u3.exponent_4[5]$_SDFFE_PP0P_/Q	u3.exponent_et_zero$_SDFFE_PP0P_/D
648	0.6935	opb_reg[I]	uI.NaN_output_J[K]	opb_reg[12]$_SDFFE_PP0P_/Q	u6.NaN_output_0[12]$_SDFFE_PP0P_/D
649	0.6938	op_enable	div_enable	op_enable$_SDFFE_PP0P_/Q	div_enable$_SDFF_PP0_/D
650	0.6946	uI.mul_a[J]	uI.mul_a[J]	u3.mul_a[0]$_SDFFE_PP0P_/Q	u3.mul_a[0]$_SDFFE_PP0P_/D
651	0.6946	uI.NaN_output[J]	uI.out_J[K]	u6.NaN_output[61]$_SDFFE_PP0P_/Q	u6.out_2[53]$_SDFFE_PP0P_/D
652	0.6981	op_enable	mul_enable	op_enable$_SDFFE_PP0P_/Q	mul_enable$_SDFF_PP0_/D
653	0.6981	ready_I	ready	ready_1$_SDFF_PP0_/Q	ready$_SDFF_PP0_/D
654	0.6984	uI.add	uI.addsub_inf_invalid	u6.add$_SDFFE_PP0P_/Q	u6.addsub_inf_invalid$_SDFFE_PP0P_/D
655	0.6985	fpu_op_reg[I]	mul_enable	fpu_op_reg[0]$_SDFFE_PP0P_/Q	mul_enable$_SDFF_PP0_/D
656	0.6988	uI.addsub_inf	uI.out_inf_trigger	u6.addsub_inf$_SDFFE_PP0P_/Q	u6.out_inf_trigger$_SDFFE_PP0P_/D
657	0.6989	opb_reg[I]	uI.sign	opb_reg[63]$_SDFFE_PP0P_/Q	u3.sign$_SDFFE_PP0P_/D
658	0.6991	uI.opb_inf	uI.mul_inf	u6.opb_inf$_SDFFE_PP0P_/Q	u6.mul_inf$_SDFFE_PP0P_/D
659	0.6998	uI.diffshift_et_J	uI.exponent_J[K]	u2.diffshift_et_55$_SDFFE_PP0P_/Q	u2.exponent_2[10]$_SDFFE_PP0P_/D
660	0.7010	uI.exponent_a[J]	uI.a_is_norm	u3.exponent_a[4]$_SDFFE_PP0P_/Q	u3.a_is_norm$_SDFFE_PP0P_/D
661	0.7013	fpu_op_reg[I]	add_enable	fpu_op_reg[0]$_SDFFE_PP0P_/Q	add_enable$_SDFF_PP0_/D
662	0.7014	uI.opa_inf	uI.mul_inf	u6.opa_inf$_SDFFE_PP0P_/Q	u6.mul_inf$_SDFFE_PP0P_/D
663	0.7016	uI.exponent_b[J]	uI.b_is_norm	u3.exponent_b[4]$_SDFFE_PP0P_/Q	u3.b_is_norm$_SDFFE_PP0P_/D
664	0.7016	fpu_op_reg[I]	sub_enable	fpu_op_reg[0]$_SDFFE_PP0P_/Q	sub_enable$_SDFF_PP0_/D
665	0.7028	uI.div_inf	uI.out_inf_trigger	u6.div_inf$_SDFFE_PP0P_/Q	u6.out_inf_trigger$_SDFFE_PP0P_/D
666	0.7039	uI.opb_pos_inf	uI.addsub_inf_invalid	u6.opb_pos_inf$_SDFFE_PP0P_/Q	u6.addsub_inf_invalid$_SDFFE_PP0P_/D
667	0.7043	uI.subtract	uI.addsub_inf_invalid	u6.subtract$_SDFFE_PP0P_/Q	u6.addsub_inf_invalid$_SDFFE_PP0P_/D
668	0.7058	uI.round_to_neg_inf	uI.inf_round_down_trigger	u6.round_to_neg_inf$_SDFFE_PP0P_/Q	u6.inf_round_down_trigger$_SDFFE_PP0P_/D
669	0.7066	uI.sub_pa_hi[J]	uI.sub_pa_hi[J]	u3.sub_pa_hi[17]$_SDFFE_PP0P_/Q	u3.sub_pa_hi[17]$_SDFFE_PP0P_/D
670	0.7071	uI.opb_inf	uI.add_inf	u6.opb_inf$_SDFFE_PP0P_/Q	u6.add_inf$_SDFFE_PP0P_/D
671	0.7071	uI.opb_inf	uI.sub_inf	u6.opb_inf$_SDFFE_PP0P_/Q	u6.sub_inf$_SDFFE_PP0P_/D
672	0.7071	uI.sub_pc_hi[J]	uI.sub_pc_hi[J]	u3.sub_pc_hi[17]$_SDFFE_PP0P_/Q	u3.sub_pc_hi[17]$_SDFFE_PP0P_/D
673	0.7076	uI.NaN_output_J[K]	uI.NaN_output[J]	u6.NaN_output_0[61]$_SDFFE_PP0P_/Q	u6.NaN_output[51]$_SDFFE_PP0P_/D
674	0.7081	uI.opb_neg_inf	uI.addsub_inf_invalid	u6.opb_neg_inf$_SDFFE_PP0P_/Q	u6.addsub_inf_invalid$_SDFFE_PP0P_/D
675	0.7095	uI.opb_et_zero	uI.mul_J_by_inf	u6.opb_et_zero$_SDFFE_PP0P_/Q	u6.mul_0_by_inf$_SDFFE_PP0P_/D
676	0.7106	uI.product[J]	uI.product[J]	u3.product[54]$_SDFFE_PP0P_/Q	u3.product[54]$_SDFFE_PP0P_/D
677	0.7119	uI.opa_inf	uI.add_inf	u6.opa_inf$_SDFFE_PP0P_/Q	u6.add_inf$_SDFFE_PP0P_/D
678	0.7119	uI.opa_inf	uI.sub_inf	u6.opa_inf$_SDFFE_PP0P_/Q	u6.sub_inf$_SDFFE_PP0P_/D
679	0.7127	uI.div_by_J	uI.out_inf_trigger	u6.div_by_0$_SDFFE_PP0P_/Q	u6.out_inf_trigger$_SDFFE_PP0P_/D
680	0.7127	uI.exponent_small[J]	uI.small_is_denorm	u2.exponent_small[1]$_SDFFE_PP0P_/QN	u2.small_is_denorm$_SDFFE_PP0P_/D
681	0.7132	uI.out_pos_inf	uI.inf_round_down_trigger	u6.out_pos_inf$_SDFFE_PP0P_/Q	u6.inf_round_down_trigger$_SDFFE_PP0P_/D
682	0.7134	uI.diff_shift_J[K]	uI.diffshift_et_J	u2.diff_shift_2[3]$_SDFFE_PP0P_/Q	u2.diffshift_et_55$_SDFFE_PP0P_/D
683	0.7141	uI.mul_inf	uI.out_inf_trigger	u6.mul_inf$_SDFFE_PP0P_/Q	u6.out_inf_trigger$_SDFFE_PP0P_/D
684	0.7148	uI.mul_b[J]	uI.mul_b[J]	u3.mul_b[0]$_SDFFE_PP0P_/Q	u3.mul_b[0]$_SDFFE_PP0P_/D
685	0.7150	opa_reg[I]	sign_round	opa_reg[63]$_SDFFE_PP0P_/Q	sign_round$_SDFF_PN0_/D
686	0.7175	uI.dividend_reg[J]	uI.remainder[J]	u4.dividend_reg[48]$_SDFFE_PP0P_/Q	u4.remainder[48]$_SDFFE_PP0P_/D
687	0.7176	uI.exponent_small[J]	uI.small_is_nonzero	u2.exponent_small[1]$_SDFFE_PP0P_/QN	u2.small_is_nonzero$_SDFFE_PP0P_/D
688	0.7184	op_enable	add_enable	op_enable$_SDFFE_PP0P_/Q	add_enable$_SDFF_PP0_/D
689	0.7184	op_enable	sub_enable	op_enable$_SDFFE_PP0P_/Q	sub_enable$_SDFF_PP0_/D
690	0.7196	uI.opa_et_zero	uI.mul_J_by_inf	u6.opa_et_zero$_SDFFE_PP0P_/Q	u6.mul_0_by_inf$_SDFFE_PP0P_/D
691	0.7203	uI.multiply	uI.mul_uf	u6.multiply$_SDFFE_PP0P_/Q	u6.mul_uf$_SDFFE_PP0P_/D
692	0.7211	uI.opa_QNaN	uI.NaN_input	u6.opa_QNaN$_SDFFE_PP0P_/Q	u6.NaN_input$_SDFFE_PP0P_/D
693	0.7212	uI.expon_uf_J	uI.expon_uf_J	u4.expon_uf_2$_SDFFE_PP0P_/Q	u4.expon_uf_2$_SDFFE_PP0P_/D
694	0.7232	uI.in_et_zero	uI.mul_uf	u6.in_et_zero$_SDFFE_PP0P_/Q	u6.mul_uf$_SDFFE_PP0P_/D
695	0.7233	uI.opa_SNaN	uI.NaN_input	u6.opa_SNaN$_SDFFE_PP0P_/Q	u6.NaN_input$_SDFFE_PP0P_/D
696	0.7248	uI.divide	uI.div_J_by_K	u6.divide$_SDFFE_PP0P_/Q	u6.div_0_by_0$_SDFFE_PP0P_/D
697	0.7251	uI.mantissa_a[J]	uI.mantissa_large[J]	u2.mantissa_a[0]$_SDFFE_PP0P_/Q	u2.mantissa_large[0]$_SDFFE_PP0P_/D
698	0.7254	uI.mantissa_a[J]	uI.mantissa_small[J]	u2.mantissa_a[10]$_SDFFE_PP0P_/Q	u2.mantissa_small[10]$_SDFFE_PP0P_/D
699	0.7254	uI.divide	uI.div_by_J	u6.divide$_SDFFE_PP0P_/Q	u6.div_by_0$_SDFFE_PP0P_/D
700	0.7254	uI.divide	uI.div_inf	u6.divide$_SDFFE_PP0P_/Q	u6.div_inf$_SDFFE_PP0P_/D
701	0.7254	uI.divide	uI.div_uf	u6.divide$_SDFFE_PP0P_/Q	u6.div_uf$_SDFFE_PP0P_/D
702	0.7259	uI.mantissa_b[J]	uI.mantissa_large[J]	u2.mantissa_b[0]$_SDFFE_PP0P_/Q	u2.mantissa_large[0]$_SDFFE_PP0P_/D
703	0.7264	uI.mantissa_b[J]	uI.mantissa_small[J]	u2.mantissa_b[0]$_SDFFE_PP0P_/Q	u2.mantissa_small[0]$_SDFFE_PP0P_/D
704	0.7279	uI.round_out[J]	uI.out_J[K]	u5.round_out[63]$_SDFF_PP0_/Q	u6.out_2[63]$_SDFFE_PP0P_/D
705	0.7282	uI.opa_neg_inf	uI.addsub_inf_invalid	u6.opa_neg_inf$_SDFFE_PP0P_/Q	u6.addsub_inf_invalid$_SDFFE_PP0P_/D
706	0.7298	uI.divisor_b[J]	uI.divisor_b[J]	u4.divisor_b[44]$_SDFFE_PP0P_/Q	u4.divisor_b[44]$_SDFFE_PP0P_/D
707	0.7302	uI.inexact_trigger	uI.except_trigger	u6.inexact_trigger$_SDFFE_PP0P_/Q	u6.except_trigger$_SDFFE_PP0P_/D
708	0.7304	uI.sub_pb_lo[J]	uI.sub_pb_lo[J]	u3.sub_pb_lo[13]$_SDFFE_PP0P_/Q	u3.sub_pb_lo[13]$_SDFFE_PP0P_/D
709	0.7307	uI.sub_pf_hi[J]	uI.sub_pf_hi[J]	u3.sub_pf_hi[17]$_SDFFE_PP0P_/Q	u3.sub_pf_hi[17]$_SDFFE_PP0P_/D
710	0.7310	uI.out_inf_trigger	uI.enable_trigger	u6.out_inf_trigger$_SDFFE_PP0P_/Q	u6.enable_trigger$_SDFFE_PP0P_/D
711	0.7311	uI.opa_QNaN	uI.a_NaN	u6.opa_QNaN$_SDFFE_PP0P_/Q	u6.a_NaN$_SDFFE_PP0P_/D
712	0.7312	uI.multiply	uI.mul_J_by_inf	u6.multiply$_SDFFE_PP0P_/Q	u6.mul_0_by_inf$_SDFFE_PP0P_/D
713	0.7312	uI.diff_J[K]	uI.diff_J[K]	u2.diff_1[54]$_SDFFE_PP0P_/Q	u2.diff_2[53]$_SDFFE_PP0P_/D
714	0.7314	uI.exponent_J[K]	exponent_round[I]	u3.exponent_5[0]$_SDFFE_PP0P_/Q	exponent_round[0]$_SDFF_PN0_/D
715	0.7333	uI.opa_SNaN	uI.a_NaN	u6.opa_SNaN$_SDFFE_PP0P_/Q	u6.a_NaN$_SDFFE_PP0P_/D
716	0.7338	uI.out_J[K]	uI.out_J[K]	u6.out_1[10]$_SDFFE_PP0P_/Q	u6.out_2[10]$_SDFFE_PP0P_/D
717	0.7338	uI.sub_pg_hi[J]	uI.sub_pg_hi[J]	u3.sub_pg_hi[21]$_SDFFE_PP0P_/Q	u3.sub_pg_hi[21]$_SDFFE_PP0P_/D
718	0.7339	uI.mul_J_by_inf	uI.invalid_trigger	u6.mul_0_by_inf$_SDFFE_PP0P_/Q	u6.invalid_trigger$_SDFFE_PP0P_/D
719	0.7342	opb_reg[I]	opb_reg[I]	opb_reg[53]$_SDFFE_PP0P_/Q	opb_reg[53]$_SDFFE_PP0P_/D
720	0.7343	uI.sub_pe_hi[J]	uI.sub_pe_hi[J]	u3.sub_pe_hi[18]$_SDFFE_PP0P_/Q	u3.sub_pe_hi[18]$_SDFFE_PP0P_/D
721	0.7343	uI.out_inf_trigger	uI.out_neg_inf	u6.out_inf_trigger$_SDFFE_PP0P_/Q	u6.out_neg_inf$_SDFFE_PP0P_/D
722	0.7351	uI.opb_inf	uI.div_inf_by_inf	u6.opb_inf$_SDFFE_PP0P_/Q	u6.div_inf_by_inf$_SDFFE_PP0P_/D
723	0.7353	uI.opb_inf	uI.div_by_inf	u6.opb_inf$_SDFFE_PP0P_/Q	u6.div_by_inf$_SDFFE_PP0P_/D
724	0.7355	uI.opa_inf	uI.div_inf_by_inf	u6.opa_inf$_SDFFE_PP0P_/Q	u6.div_inf_by_inf$_SDFFE_PP0P_/D
725	0.7355	uI.opa_inf	uI.div_inf	u6.opa_inf$_SDFFE_PP0P_/Q	u6.div_inf$_SDFFE_PP0P_/D
726	0.7356	uI.dividend_a[J]	uI.dividend_a[J]	u4.dividend_a[45]$_SDFFE_PP0P_/Q	u4.dividend_a[45]$_SDFFE_PP0P_/D
727	0.7360	uI.sub_pb_hi[J]	uI.sub_pb_hi[J]	u3.sub_pb_hi[18]$_SDFFE_PP0P_/Q	u3.sub_pb_hi[18]$_SDFFE_PP0P_/D
728	0.7363	opa_reg[I]	opa_reg[I]	opa_reg[1]$_SDFFE_PP0P_/Q	opa_reg[1]$_SDFFE_PP0P_/D
729	0.7366	uI.add_inf	uI.addsub_inf	u6.add_inf$_SDFFE_PP0P_/Q	u6.addsub_inf$_SDFFE_PP0P_/D
730	0.7372	opb_reg[I]	uI.exponent_b[J]	opb_reg[53]$_SDFFE_PP0P_/Q	u3.exponent_b[1]$_SDFFE_PP0P_/D
731	0.7378	uI.div_inf_by_inf	uI.invalid_trigger	u6.div_inf_by_inf$_SDFFE_PP0P_/Q	u6.invalid_trigger$_SDFFE_PP0P_/D
732	0.7385	uI.opa_pos_inf	uI.addsub_inf_invalid	u6.opa_pos_inf$_SDFFE_PP0P_/Q	u6.addsub_inf_invalid$_SDFFE_PP0P_/D
733	0.7395	opa_reg[I]	uI.mantissa_a[J]	opa_reg[1]$_SDFFE_PP0P_/Q	u4.mantissa_a[1]$_SDFFE_PP0P_/D
734	0.7397	uI.sub_pf_lo[J]	uI.sub_pf_lo[J]	u3.sub_pf_lo[25]$_SDFFE_PP0P_/Q	u3.sub_pf_lo[25]$_SDFFE_PP0P_/D
735	0.7409	uI.divisor_b_shifted[J]	uI.divisor_reg[J]	u4.divisor_b_shifted[22]$_SDFFE_PP0P_/Q	u4.divisor_reg[23]$_SDFFE_PP0P_/D
736	0.7410	uI.overflow_trigger	uI.except_trigger	u6.overflow_trigger$_SDFFE_PP0P_/Q	u6.except_trigger$_SDFFE_PP0P_/D
737	0.7413	uI.NaN_input	uI.inexact_trigger	u6.NaN_input$_SDFFE_PP0P_/QN	u6.inexact_trigger$_SDFFE_PP0P_/D
738	0.7417	uI.sub_inf	uI.addsub_inf	u6.sub_inf$_SDFFE_PP0P_/Q	u6.addsub_inf$_SDFFE_PP0P_/D
739	0.7417	uI.underflow_trigger	uI.underflow_trigger	u6.underflow_trigger$_SDFFE_PP0P_/Q	u6.underflow_trigger$_SDFFE_PP0P_/D
740	0.7423	uI.invalid_trigger	uI.invalid_trigger	u6.invalid_trigger$_SDFFE_PP0P_/Q	u6.invalid_trigger$_SDFFE_PP0P_/D
741	0.7429	uI.opa_et_zero	uI.mul_uf	u6.opa_et_zero$_SDFFE_PP0P_/QN	u6.mul_uf$_SDFFE_PP0P_/D
742	0.7436	uI.invalid_trigger	uI.SNaN_trigger	u6.invalid_trigger$_SDFFE_PP0P_/Q	u6.SNaN_trigger$_SDFFE_PP0P_/D
743	0.7438	uI.exponent_out[J]	exponent_round[I]	u4.exponent_out[0]$_SDFF_PP0_/Q	exponent_round[0]$_SDFF_PN0_/D
744	0.7440	uI.remainder[J]	uI.remainder[J]	u4.remainder[20]$_SDFFE_PP0P_/Q	u4.remainder[20]$_SDFFE_PP0P_/D
745	0.7441	uI.a_is_zero	uI.a_is_zero	u3.a_is_zero$_SDFFE_PP0P_/Q	u3.a_is_zero$_SDFFE_PP0P_/D
746	0.7449	uI.sub_pc_lo[J]	uI.sub_pc_lo[J]	u3.sub_pc_lo[14]$_SDFFE_PP0P_/Q	u3.sub_pc_lo[14]$_SDFFE_PP0P_/D
747	0.7450	uI.sum_J[K]	uI.product[J]	u3.sum_5[3]$_SDFFE_PP0P_/Q	u3.product[54]$_SDFFE_PP0P_/D
748	0.7456	opb_reg[I]	sign_round	opb_reg[63]$_SDFFE_PP0P_/Q	sign_round$_SDFF_PN0_/D
749	0.7457	uI.invalid_trigger	uI.NaN_out_trigger	u6.invalid_trigger$_SDFFE_PP0P_/Q	u6.NaN_out_trigger$_SDFFE_PP0P_/D
750	0.7459	uI.product_lsb	mantissa_round[I]	u3.product_lsb$_SDFFE_PP0P_/Q	mantissa_round[0]$_SDFF_PN0_/D
751	0.7459	uI.enable_reg	uI.count_out[J]	u4.enable_reg$_SDFF_PP0_/Q	u4.count_out[2]$_SDFFE_PP0P_/D
752	0.7461	uI.mantissa_J[K]	uI.mantissa_J[K]	u4.mantissa_1[1]$_SDFFE_PP0P_/Q	u4.mantissa_1[1]$_SDFFE_PP0P_/D
753	0.7465	opa_reg[I]	uI.exponent_a[J]	opa_reg[53]$_SDFFE_PP0P_/Q	u3.exponent_a[1]$_SDFFE_PP0P_/D
754	0.7469	opb_reg[I]	uI.mantissa_b[J]	opb_reg[51]$_SDFFE_PP0P_/Q	u3.mantissa_b[51]$_SDFFE_PP0P_/D
755	0.7474	uI.opb_QNaN	uI.NaN_input	u6.opb_QNaN$_SDFFE_PP0P_/Q	u6.NaN_input$_SDFFE_PP0P_/D
756	0.7479	uI.a_is_zero	uI.in_zero	u3.a_is_zero$_SDFFE_PP0P_/Q	u3.in_zero$_SDFFE_PP0P_/D
757	0.7480	uI.SNaN_input	uI.invalid_trigger	u6.SNaN_input$_SDFFE_PP0P_/Q	u6.invalid_trigger$_SDFFE_PP0P_/D
758	0.7484	uI.exception	exception	u6.exception$_SDFFE_PP0P_/Q	exception$_SDFFE_PP0P_/D
759	0.7484	uI.inexact	inexact	u6.inexact$_SDFFE_PP0P_/Q	inexact$_SDFFE_PP0P_/D
760	0.7484	uI.invalid	invalid	u6.invalid$_SDFFE_PP0P_/Q	invalid$_SDFFE_PP0P_/D
761	0.7484	uI.overflow	overflow	u6.overflow$_SDFFE_PP0P_/Q	overflow$_SDFFE_PP0P_/D
762	0.7484	uI.underflow	underflow	u6.underflow$_SDFFE_PP0P_/Q	underflow$_SDFFE_PP0P_/D
763	0.7486	uI.divisor_b_shifted[J]	uI.divisor_b_shifted[J]	u4.divisor_b_shifted[51]$_SDFFE_PP0P_/Q	u4.divisor_b_shifted[51]$_SDFFE_PP0P_/D
764	0.7488	uI.dividend_a_shifted[J]	uI.dividend_a_shifted[J]	u4.dividend_a_shifted[51]$_SDFFE_PP0P_/Q	u4.dividend_a_shifted[51]$_SDFFE_PP0P_/D
765	0.7490	uI.b_is_zero	uI.in_zero	u3.b_is_zero$_SDFFE_PP0P_/Q	u3.in_zero$_SDFFE_PP0P_/D
766	0.7493	exponent_round[I]	uI.exponent_final[J]	exponent_round[3]$_SDFF_PN0_/Q	u5.exponent_final[3]$_SDFF_PP0_/D
767	0.7497	uI.quotient[J]	uI.quotient[J]	u4.quotient[13]$_SDFFE_PP0P_/Q	u4.quotient[13]$_SDFFE_PP0P_/D
768	0.7503	fpu_op_reg[I]	fpu_op_reg[I]	fpu_op_reg[0]$_SDFFE_PP0P_/Q	fpu_op_reg[0]$_SDFFE_PP0P_/D
769	0.7522	out[I]	out[I]	out[43]$_SDFFE_PP0P_/Q	out[43]$_SDFFE_PP0P_/D
770	0.7523	exception	exception	exception$_SDFFE_PP0P_/Q	exception$_SDFFE_PP0P_/D
771	0.7523	inexact	inexact	inexact$_SDFFE_PP0P_/Q	inexact$_SDFFE_PP0P_/D
772	0.7523	invalid	invalid	invalid$_SDFFE_PP0P_/Q	invalid$_SDFFE_PP0P_/D
773	0.7523	overflow	overflow	overflow$_SDFFE_PP0P_/Q	overflow$_SDFFE_PP0P_/D
774	0.7523	underflow	underflow	underflow$_SDFFE_PP0P_/Q	underflow$_SDFFE_PP0P_/D
775	0.7528	uI.mana_gtet_manb	uI.mana_gtet_manb	u2.mana_gtet_manb$_SDFFE_PP0P_/Q	u2.mana_gtet_manb$_SDFFE_PP0P_/D
776	0.7542	uI.denorm_to_norm	uI.denorm_to_norm	u1.denorm_to_norm$_SDFFE_PP0P_/Q	u1.denorm_to_norm$_SDFFE_PP0P_/D
777	0.7544	uI.divide	uI.divide	u6.divide$_SDFFE_PP0P_/Q	u6.divide$_SDFFE_PP0P_/D
778	0.7551	uI.small_shift[J]	uI.small_shift[J]	u1.small_shift[11]$_SDFFE_PP0P_/Q	u1.small_shift[11]$_SDFFE_PP0P_/D
779	0.7551	uI.subtra_shift[J]	uI.subtra_shift[J]	u2.subtra_shift[12]$_SDFFE_PP0P_/Q	u2.subtra_shift[12]$_SDFFE_PP0P_/D
780	0.7559	uI.underflow_trigger	uI.underflow	u6.underflow_trigger$_SDFFE_PP0P_/Q	u6.underflow$_SDFFE_PP0P_/D
781	0.7565	uI.invalid_trigger	uI.invalid	u6.invalid_trigger$_SDFFE_PP0P_/Q	u6.invalid$_SDFFE_PP0P_/D
782	0.7569	rmode_reg[I]	uI.round_to_zero	rmode_reg[1]$_SDFFE_PP0P_/Q	u6.round_to_zero$_SDFFE_PP0P_/D
783	0.7580	uI.remainder_b[J]	uI.remainder_b[J]	u4.remainder_b[83]$_SDFFE_PP0P_/Q	u4.remainder_b[83]$_SDFFE_PP0P_/D
784	0.7581	uI.sub_pa_lo[J]	uI.sub_pa_lo[J]	u3.sub_pa_lo[27]$_SDFFE_PP0P_/Q	u3.sub_pa_lo[27]$_SDFFE_PP0P_/D
785	0.7595	uI.opb_et_zero	uI.div_J_by_K	u6.opb_et_zero$_SDFFE_PP0P_/Q	u6.div_0_by_0$_SDFFE_PP0P_/D
786	0.7595	uI.exponent[J]	uI.exponent[J]	u1.exponent[8]$_SDFFE_PP0P_/Q	u1.exponent[8]$_SDFFE_PP0P_/D
787	0.7598	uI.opb_et_zero	uI.div_by_J	u6.opb_et_zero$_SDFFE_PP0P_/Q	u6.div_by_0$_SDFFE_PP0P_/D
788	0.7628	uI.product_J[K]	mantissa_round[I]	u3.product_6[65]$_SDFFE_PP0P_/Q	mantissa_round[14]$_SDFF_PN0_/D
789	0.7630	uI.multiply	uI.mul_inf	u6.multiply$_SDFFE_PP0P_/Q	u6.mul_inf$_SDFFE_PP0P_/D
790	0.7630	uI.NaN_input	uI.enable_trigger	u6.NaN_input$_SDFFE_PP0P_/Q	u6.enable_trigger$_SDFFE_PP0P_/D
791	0.7630	rmode_reg[I]	uI.round_to_neg_inf	rmode_reg[0]$_SDFFE_PP0P_/QN	u6.round_to_neg_inf$_SDFFE_PP0P_/D
792	0.7631	uI.divisor_reg[J]	uI.divisor_reg[J]	u4.divisor_reg[52]$_SDFFE_PP0P_/Q	u4.divisor_reg[52]$_SDFFE_PP0P_/D
793	0.7633	uI.sign	sign_round	u3.sign$_SDFFE_PP0P_/Q	sign_round$_SDFF_PN0_/D
794	0.7637	uI.opb_SNaN	uI.opb_SNaN	u6.opb_SNaN$_SDFFE_PP0P_/Q	u6.opb_SNaN$_SDFFE_PP0P_/D
795	0.7651	uI.addsub_inf_invalid	uI.addsub_inf	u6.addsub_inf_invalid$_SDFFE_PP0P_/QN	u6.addsub_inf$_SDFFE_PP0P_/D
796	0.7655	rmode_reg[I]	uI.round_to_pos_inf	rmode_reg[0]$_SDFFE_PP0P_/Q	u6.round_to_pos_inf$_SDFFE_PP0P_/D
797	0.7657	uI.opa_et_zero	uI.div_J_by_K	u6.opa_et_zero$_SDFFE_PP0P_/Q	u6.div_0_by_0$_SDFFE_PP0P_/D
798	0.7658	uI.in_et_zero	uI.div_uf	u6.in_et_zero$_SDFFE_PP0P_/Q	u6.div_uf$_SDFFE_PP0P_/D
799	0.7660	uI.a_is_norm	uI.a_is_norm	u3.a_is_norm$_SDFFE_PP0P_/Q	u3.a_is_norm$_SDFFE_PP0P_/D
800	0.7661	uI.div_by_inf	uI.underflow_trigger	u6.div_by_inf$_SDFFE_PP0P_/Q	u6.underflow_trigger$_SDFFE_PP0P_/D
801	0.7683	uI.b_is_norm	uI.b_is_norm	u3.b_is_norm$_SDFFE_PP0P_/Q	u3.b_is_norm$_SDFFE_PP0P_/D
802	0.7691	uI.opb_QNaN	uI.opb_QNaN	u6.opb_QNaN$_SDFFE_PP0P_/Q	u6.opb_QNaN$_SDFFE_PP0P_/D
803	0.7692	uI.opb_inf	uI.opb_inf	u6.opb_inf$_SDFFE_PP0P_/Q	u6.opb_inf$_SDFFE_PP0P_/D
804	0.7697	uI.NaN_output_J[K]	uI.out_inf[J]	u6.NaN_output_0[61]$_SDFFE_PP0P_/Q	u6.out_inf[51]$_SDFFE_PP0P_/D
805	0.7698	uI.add	uI.add_inf	u6.add$_SDFFE_PP0P_/Q	u6.add_inf$_SDFFE_PP0P_/D
806	0.7699	uI.subtract	uI.sub_inf	u6.subtract$_SDFFE_PP0P_/Q	u6.sub_inf$_SDFFE_PP0P_/D
807	0.7699	uI.opa_inf	uI.opa_inf	u6.opa_inf$_SDFFE_PP0P_/Q	u6.opa_inf$_SDFFE_PP0P_/D
808	0.7702	uI.NaN_input	uI.NaN_out_trigger	u6.NaN_input$_SDFFE_PP0P_/Q	u6.NaN_out_trigger$_SDFFE_PP0P_/D
809	0.7703	uI.opb_SNaN	uI.SNaN_input	u6.opb_SNaN$_SDFFE_PP0P_/Q	u6.SNaN_input$_SDFFE_PP0P_/D
810	0.7703	uI.div_uf	uI.underflow_trigger	u6.div_uf$_SDFFE_PP0P_/Q	u6.underflow_trigger$_SDFFE_PP0P_/D
811	0.7721	uI.except_trigger	uI.except_trigger	u6.except_trigger$_SDFFE_PP0P_/Q	u6.except_trigger$_SDFFE_PP0P_/D
812	0.7724	uI.sub_pg_lo[J]	uI.sub_pg_lo[J]	u3.sub_pg_lo[27]$_SDFFE_PP0P_/Q	u3.sub_pg_lo[27]$_SDFFE_PP0P_/D
813	0.7726	uI.remainder_msb	uI.remainder_msb	u4.remainder_msb$_SDFFE_PP0P_/Q	u4.remainder_msb$_SDFFE_PP0P_/D
814	0.7727	uI.enable_reg	uI.count_out[J]	u4.enable_reg$_SDFF_PP0_/Q	u4.count_out[1]$_SDFFE_PP0N_/D
815	0.7728	uI.small_shift_J[K]	uI.small_shift_J[K]	u1.small_shift_3[3]$_SDFFE_PP0P_/Q	u1.small_shift_3[3]$_SDFFE_PP0P_/D
816	0.7728	uI.large_add[J]	uI.large_add[J]	u1.large_add[3]$_SDFFE_PP0P_/Q	u1.large_add[3]$_SDFFE_PP0P_/D
817	0.7729	uI.expon_term[J]	uI.expon_term[J]	u4.expon_term[0]$_SDFFE_PP0P_/Q	u4.expon_term[0]$_SDFFE_PP0P_/D
818	0.7731	uI.opb_SNaN	uI.NaN_input	u6.opb_SNaN$_SDFFE_PP0P_/Q	u6.NaN_input$_SDFFE_PP0P_/D
819	0.7741	uI.inf_round_down_trigger	uI.out_inf[J]	u6.inf_round_down_trigger$_SDFFE_PP0P_/Q	u6.out_inf[51]$_SDFFE_PP0P_/D
820	0.7741	exp_addsub[I]	exponent_round[I]	exp_addsub[0]$_SDFF_PP0_/Q	exponent_round[0]$_SDFF_PN0_/D
821	0.7743	uI.in_zero	uI.in_zero	u3.in_zero$_SDFFE_PP0P_/Q	u3.in_zero$_SDFFE_PP0P_/D
822	0.7743	uI.sum_J[K]	uI.denorm_to_norm	u1.sum_2[54]$_SDFFE_PP0P_/Q	u1.denorm_to_norm$_SDFFE_PP0P_/D
823	0.7748	uI.opa_SNaN	uI.SNaN_input	u6.opa_SNaN$_SDFFE_PP0P_/Q	u6.SNaN_input$_SDFFE_PP0P_/D
824	0.7757	uI.round_out[J]	uI.out_neg_inf	u5.round_out[63]$_SDFF_PP0_/Q	u6.out_neg_inf$_SDFFE_PP0P_/D
825	0.7762	uI.product_lsb	uI.product_lsb	u3.product_lsb$_SDFFE_PP0P_/Q	u3.product_lsb$_SDFFE_PP0P_/D
826	0.7766	uI.expa_gt_expb	uI.a_gtet_b	u2.expa_gt_expb$_SDFFE_PP0P_/Q	u2.a_gtet_b$_SDFFE_PP0P_/D
827	0.7767	uI.sub_pe_lo[J]	uI.sub_pe_lo[J]	u3.sub_pe_lo[6]$_SDFFE_PP0P_/Q	u3.sub_pe_lo[6]$_SDFFE_PP0P_/D
828	0.7772	uI.NaN_output_J[K]	uI.NaN_output_J[K]	u6.NaN_output_0[50]$_SDFFE_PP0P_/Q	u6.NaN_output_0[50]$_SDFFE_PP0P_/D
829	0.7774	uI.enable_trigger	uI.enable_trigger	u6.enable_trigger$_SDFFE_PP0P_/Q	u6.enable_trigger$_SDFFE_PP0P_/D
830	0.7776	uI.expon_shift_a[J]	uI.expon_shift_a[J]	u4.expon_shift_a[1]$_SDFFE_PP0P_/Q	u4.expon_shift_a[1]$_SDFFE_PP0P_/D
831	0.7777	uI.add	uI.add	u6.add$_SDFFE_PP0P_/Q	u6.add$_SDFFE_PP0P_/D
832	0.7779	uI.small_is_nonzero	uI.small_is_nonzero	u2.small_is_nonzero$_SDFFE_PP0P_/Q	u2.small_is_nonzero$_SDFFE_PP0P_/D
833	0.7783	uI.large_is_denorm	uI.denorm_to_norm	u1.large_is_denorm$_SDFFE_PP0P_/Q	u1.denorm_to_norm$_SDFFE_PP0P_/D
834	0.7783	uI.small_is_denorm	uI.large_norm_small_denorm	u2.small_is_denorm$_SDFFE_PP0P_/Q	u2.large_norm_small_denorm$_SDFFE_PP0P_/D
835	0.7787	uI.except_trigger	uI.enable_trigger	u6.except_trigger$_SDFFE_PP0P_/Q	u6.enable_trigger$_SDFFE_PP0P_/D
836	0.7790	uI.NaN_output[J]	uI.NaN_output[J]	u6.NaN_output[22]$_SDFFE_PP0P_/Q	u6.NaN_output[22]$_SDFFE_PP0P_/D
837	0.7794	uI.expon_shift_b[J]	uI.expon_shift_b[J]	u4.expon_shift_b[1]$_SDFFE_PP0P_/Q	u4.expon_shift_b[1]$_SDFFE_PP0P_/D
838	0.7795	uI.small_add[J]	uI.small_add[J]	u1.small_add[54]$_SDFFE_PP0P_/Q	u1.small_add[54]$_SDFFE_PP0P_/D
839	0.7795	uI.subtrahend[J]	uI.subtrahend[J]	u2.subtrahend[54]$_SDFFE_PP0P_/Q	u2.subtrahend[54]$_SDFFE_PP0P_/D
840	0.7798	uI.NaN_input	uI.NaN_input	u6.NaN_input$_SDFFE_PP0P_/Q	u6.NaN_input$_SDFFE_PP0P_/D
841	0.7804	addsub_out[I]	mantissa_round[I]	addsub_out[0]$_SDFF_PP0_/Q	mantissa_round[0]$_SDFF_PN0_/D
842	0.7805	uI.overflow_trigger	uI.overflow_trigger	u6.overflow_trigger$_SDFFE_PP0P_/Q	u6.overflow_trigger$_SDFFE_PP0P_/D
843	0.7810	addsub_sign	sign_round	addsub_sign$_SDFF_PP0_/Q	sign_round$_SDFF_PN0_/D
844	0.7810	uI.a_is_norm	uI.mul_a[J]	u3.a_is_norm$_SDFFE_PP0P_/Q	u3.mul_a[52]$_SDFFE_PP0P_/D
845	0.7814	uI.subtract	uI.subtract	u6.subtract$_SDFFE_PP0P_/Q	u6.subtract$_SDFFE_PP0P_/D
846	0.7815	uI.minuend[J]	uI.minuend[J]	u2.minuend[10]$_SDFFE_PP0P_/Q	u2.minuend[10]$_SDFFE_PP0P_/D
847	0.7819	uI.expon_final_J_term	uI.expon_final_J_term	u4.expon_final_4_term$_SDFFE_PP0P_/Q	u4.expon_final_4_term$_SDFFE_PP0P_/D
848	0.7819	uI.mul_uf	uI.underflow_trigger	u6.mul_uf$_SDFFE_PP0P_/Q	u6.underflow_trigger$_SDFFE_PP0P_/D
849	0.7833	uI.b_is_norm	uI.mul_b[J]	u3.b_is_norm$_SDFFE_PP0P_/Q	u3.mul_b[52]$_SDFFE_PP0P_/D
850	0.7834	uI.mantissa_J[K]	mantissa_round[I]	u4.mantissa_1[2]$_SDFFE_PP0P_/Q	mantissa_round[4]$_SDFF_PN0_/D
851	0.7836	uI.round_to_zero	uI.round_to_zero	u6.round_to_zero$_SDFFE_PP0P_/Q	u6.round_to_zero$_SDFFE_PP0P_/D
852	0.7838	uI.mul_uf	uI.mul_uf	u6.mul_uf$_SDFFE_PP0P_/Q	u6.mul_uf$_SDFFE_PP0P_/D
853	0.7838	uI.round_to_neg_inf	uI.round_to_neg_inf	u6.round_to_neg_inf$_SDFFE_PP0P_/Q	u6.round_to_neg_inf$_SDFFE_PP0P_/D
854	0.7838	uI.out_pos_inf	uI.out_pos_inf	u6.out_pos_inf$_SDFFE_PP0P_/Q	u6.out_pos_inf$_SDFFE_PP0P_/D
855	0.7851	uI.mana_gtet_manb	uI.a_gtet_b	u2.mana_gtet_manb$_SDFFE_PP0P_/Q	u2.a_gtet_b$_SDFFE_PP0P_/D
856	0.7856	uI.opa_et_zero	uI.div_by_J	u6.opa_et_zero$_SDFFE_PP0P_/QN	u6.div_by_0$_SDFFE_PP0P_/D
857	0.7856	uI.opa_et_zero	uI.div_uf	u6.opa_et_zero$_SDFFE_PP0P_/QN	u6.div_uf$_SDFFE_PP0P_/D
858	0.7857	uI.diffshift_et_J	uI.diffshift_et_J	u2.diffshift_et_55$_SDFFE_PP0P_/Q	u2.diffshift_et_55$_SDFFE_PP0P_/D
859	0.7858	uI.inf_round_down_trigger	uI.inf_round_down_trigger	u6.inf_round_down_trigger$_SDFFE_PP0P_/Q	u6.inf_round_down_trigger$_SDFFE_PP0P_/D
860	0.7859	uI.b_is_zero	uI.b_is_zero	u3.b_is_zero$_SDFFE_PP0P_/Q	u3.b_is_zero$_SDFFE_PP0P_/D
861	0.7860	rmode_reg[I]	rmode_reg[I]	rmode_reg[1]$_SDFFE_PP0P_/Q	rmode_reg[1]$_SDFFE_PP0P_/D
862	0.7861	uI.diff_J[K]	addsub_out[I]	u2.diff_2[0]$_SDFFE_PP0P_/Q	addsub_out[0]$_SDFF_PP0_/D
863	0.7861	uI.exponent_J[K]	exp_addsub[I]	u2.exponent_2[10]$_SDFFE_PP0P_/Q	exp_addsub[10]$_SDFF_PP0_/D
864	0.7862	uI.sign	addsub_sign	u2.sign$_SDFFE_PP0P_/Q	addsub_sign$_SDFF_PP0_/D
865	0.7862	uI.sign	uI.sign	u1.sign$_SDFFE_PP0P_/Q	u1.sign$_SDFFE_PP0P_/D
866	0.7863	uI.except_trigger	uI.exception	u6.except_trigger$_SDFFE_PP0P_/Q	u6.exception$_SDFFE_PP0P_/D
867	0.7863	uI.div_J_by_K	uI.invalid_trigger	u6.div_0_by_0$_SDFFE_PP0P_/Q	u6.invalid_trigger$_SDFFE_PP0P_/D
868	0.7863	uI.small_is_denorm	uI.small_is_denorm	u1.small_is_denorm$_SDFFE_PP0P_/Q	u1.small_is_denorm$_SDFFE_PP0P_/D
869	0.7864	uI.out_neg_inf	uI.out_neg_inf	u6.out_neg_inf$_SDFFE_PP0P_/Q	u6.out_neg_inf$_SDFFE_PP0P_/D
870	0.7865	uI.overflow_trigger	uI.overflow	u6.overflow_trigger$_SDFFE_PP0P_/Q	u6.overflow$_SDFFE_PP0P_/D
871	0.7865	uI.mantissa_small[J]	uI.small_add[J]	u1.mantissa_small[14]$_SDFFE_PP0P_/Q	u1.small_add[16]$_SDFFE_PP0P_/D
872	0.7865	uI.mantissa_small[J]	uI.subtrahend[J]	u2.mantissa_small[14]$_SDFFE_PP0P_/Q	u2.subtrahend[16]$_SDFFE_PP0P_/D
873	0.7866	uI.inexact_trigger	uI.inexact_trigger	u6.inexact_trigger$_SDFFE_PP0P_/Q	u6.inexact_trigger$_SDFFE_PP0P_/D
874	0.7866	uI.inexact_trigger	uI.inexact	u6.inexact_trigger$_SDFFE_PP0P_/Q	u6.inexact$_SDFFE_PP0P_/D
875	0.7867	uI.sum_J[K]	addsub_out[I]	u1.sum_2[54]$_SDFFE_PP0P_/Q	addsub_out[54]$_SDFF_PP0_/D
876	0.7878	uI.inexact	uI.inexact	u6.inexact$_SDFFE_PP0P_/Q	u6.inexact$_SDFFE_PP0P_/D
877	0.7878	uI.overflow	uI.overflow	u6.overflow$_SDFFE_PP0P_/Q	u6.overflow$_SDFFE_PP0P_/D
878	0.7878	uI.underflow	uI.underflow	u6.underflow$_SDFFE_PP0P_/Q	u6.underflow$_SDFFE_PP0P_/D
879	0.7878	uI.out[J]	uI.out[J]	u6.out[63]$_SDFFE_PP0P_/Q	u6.out[63]$_SDFFE_PP0P_/D
880	0.7879	uI.exception	uI.exception	u6.exception$_SDFFE_PP0P_/Q	u6.exception$_SDFFE_PP0P_/D
881	0.7879	uI.invalid	uI.invalid	u6.invalid$_SDFFE_PP0P_/Q	u6.invalid$_SDFFE_PP0P_/D
882	0.7881	uI.large_norm_small_denorm	uI.large_norm_small_denorm	u2.large_norm_small_denorm$_SDFFE_PP0P_/Q	u2.large_norm_small_denorm$_SDFFE_PP0P_/D
883	0.7889	uI.large_is_denorm	uI.large_is_denorm	u1.large_is_denorm$_SDFFE_PP0P_/Q	u1.large_is_denorm$_SDFFE_PP0P_/D
884	0.7889	uI.addsub_inf_invalid	uI.addsub_inf_invalid	u6.addsub_inf_invalid$_SDFFE_PP0P_/Q	u6.addsub_inf_invalid$_SDFFE_PP0P_/D
885	0.7890	uI.subtra_shift_J[K]	uI.subtra_shift_J[K]	u2.subtra_shift_3[0]$_SDFFE_PP0P_/Q	u2.subtra_shift_3[0]$_SDFFE_PP0P_/D
886	0.7890	uI.expa_et_expb	uI.expa_et_expb	u2.expa_et_expb$_SDFFE_PP0P_/Q	u2.expa_et_expb$_SDFFE_PP0P_/D
887	0.7891	uI.multiply	uI.multiply	u6.multiply$_SDFFE_PP0P_/Q	u6.multiply$_SDFFE_PP0P_/D
888	0.7891	uI.SNaN_input	uI.SNaN_input	u6.SNaN_input$_SDFFE_PP0P_/Q	u6.SNaN_input$_SDFFE_PP0P_/D
889	0.7892	uI.opb_et_zero	uI.opb_et_zero	u6.opb_et_zero$_SDFFE_PP0P_/Q	u6.opb_et_zero$_SDFFE_PP0P_/D
890	0.7898	uI.expa_et_expb	uI.a_gtet_b	u2.expa_et_expb$_SDFFE_PP0P_/Q	u2.a_gtet_b$_SDFFE_PP0P_/D
891	0.7903	uI.NaN_input	uI.overflow_trigger	u6.NaN_input$_SDFFE_PP0P_/QN	u6.overflow_trigger$_SDFFE_PP0P_/D
892	0.7906	uI.mul_J_by_inf	uI.mul_J_by_inf	u6.mul_0_by_inf$_SDFFE_PP0P_/Q	u6.mul_0_by_inf$_SDFFE_PP0P_/D
893	0.7906	uI.mantissa_a[J]	uI.mul_a[J]	u3.mantissa_a[0]$_SDFFE_PP0P_/Q	u3.mul_a[0]$_SDFFE_PP0P_/D
894	0.7906	uI.mantissa_b[J]	uI.mul_b[J]	u3.mantissa_b[1]$_SDFFE_PP0P_/Q	u3.mul_b[1]$_SDFFE_PP0P_/D
895	0.7906	uI.mantissa_a[J]	uI.dividend_a[J]	u4.mantissa_a[0]$_SDFFE_PP0P_/Q	u4.dividend_a[0]$_SDFFE_PP0P_/D
896	0.7906	uI.mantissa_b[J]	uI.divisor_b[J]	u4.mantissa_b[38]$_SDFFE_PP0P_/Q	u4.divisor_b[38]$_SDFFE_PP0P_/D
897	0.7906	uI.addsub_inf	uI.addsub_inf	u6.addsub_inf$_SDFFE_PP0P_/Q	u6.addsub_inf$_SDFFE_PP0P_/D
898	0.7907	uI.mul_inf	uI.mul_inf	u6.mul_inf$_SDFFE_PP0P_/Q	u6.mul_inf$_SDFFE_PP0P_/D
899	0.7907	uI.expon_final_J[K]	uI.exponent_out[J]	u4.expon_final_5[0]$_SDFFE_PP0P_/Q	u4.exponent_out[0]$_SDFF_PP0_/D
900	0.7908	uI.div_by_J	uI.div_by_J	u6.div_by_0$_SDFFE_PP0P_/Q	u6.div_by_0$_SDFFE_PP0P_/D
901	0.7908	uI.out_J[K]	uI.out[J]	u6.out_2[62]$_SDFFE_PP0P_/Q	u6.out[62]$_SDFFE_PP0P_/D
902	0.7909	uI.div_J_by_K	uI.div_J_by_K	u6.div_0_by_0$_SDFFE_PP0P_/Q	u6.div_0_by_0$_SDFFE_PP0P_/D
903	0.7909	uI.div_inf	uI.div_inf	u6.div_inf$_SDFFE_PP0P_/Q	u6.div_inf$_SDFFE_PP0P_/D
904	0.7909	uI.div_uf	uI.div_uf	u6.div_uf$_SDFFE_PP0P_/Q	u6.div_uf$_SDFFE_PP0P_/D
905	0.7909	uI.sub_inf	uI.sub_inf	u6.sub_inf$_SDFFE_PP0P_/Q	u6.sub_inf$_SDFFE_PP0P_/D
906	0.7909	uI.product_a[J]	uI.product[J]	u3.product_a[0]$_SDFFE_PP0P_/Q	u3.product[0]$_SDFFE_PP0P_/D
907	0.7910	uI.enable_trigger	uI.ex_enable	u6.enable_trigger$_SDFFE_PP0P_/Q	u6.ex_enable$_SDFFE_PP0P_/D
908	0.7910	uI.mantissa_large[J]	uI.large_add[J]	u1.mantissa_large[8]$_SDFFE_PP0P_/Q	u1.large_add[10]$_SDFFE_PP0P_/D
909	0.7910	uI.mantissa_large[J]	uI.minuend[J]	u2.mantissa_large[8]$_SDFFE_PP0P_/Q	u2.minuend[10]$_SDFFE_PP0P_/D
910	0.7911	uI.add_inf	uI.add_inf	u6.add_inf$_SDFFE_PP0P_/Q	u6.add_inf$_SDFFE_PP0P_/D
911	0.7912	uI.round_to_pos_inf	uI.round_to_pos_inf	u6.round_to_pos_inf$_SDFFE_PP0P_/Q	u6.round_to_pos_inf$_SDFFE_PP0P_/D
912	0.7915	uI.addsub_inf_invalid	uI.invalid_trigger	u6.addsub_inf_invalid$_SDFFE_PP0P_/Q	u6.invalid_trigger$_SDFFE_PP0P_/D
913	0.7923	uI.opb_neg_inf	uI.opb_neg_inf	u6.opb_neg_inf$_SDFFE_PP0P_/Q	u6.opb_neg_inf$_SDFFE_PP0P_/D
914	0.7929	uI.opb_pos_inf	uI.opb_pos_inf	u6.opb_pos_inf$_SDFFE_PP0P_/Q	u6.opb_pos_inf$_SDFFE_PP0P_/D
915	0.7933	uI.opa_et_zero	uI.opa_et_zero	u6.opa_et_zero$_SDFFE_PP0P_/Q	u6.opa_et_zero$_SDFFE_PP0P_/D
916	0.7934	uI.opa_SNaN	uI.opa_SNaN	u6.opa_SNaN$_SDFFE_PP0P_/Q	u6.opa_SNaN$_SDFFE_PP0P_/D
917	0.7943	uI.opa_inf	uI.div_by_inf	u6.opa_inf$_SDFFE_PP0P_/QN	u6.div_by_inf$_SDFFE_PP0P_/D
918	0.7943	uI.opb_inf	uI.div_inf	u6.opb_inf$_SDFFE_PP0P_/QN	u6.div_inf$_SDFFE_PP0P_/D
919	0.7952	uI.mul_J_by_inf	uI.mul_inf	u6.mul_0_by_inf$_SDFFE_PP0P_/QN	u6.mul_inf$_SDFFE_PP0P_/D
920	0.7956	uI.opb_et_zero	uI.mul_uf	u6.opb_et_zero$_SDFFE_PP0P_/QN	u6.mul_uf$_SDFFE_PP0P_/D
921	0.7956	uI.round_out[J]	uI.out_pos_inf	u5.round_out[63]$_SDFF_PP0_/QN	u6.out_pos_inf$_SDFFE_PP0P_/D
922	0.7971	uI.exponent_round[J]	uI.exponent_final[J]	u5.exponent_round[0]$_SDFF_PP0_/Q	u5.exponent_final[0]$_SDFF_PP0_/D
923	0.7971	uI.sum_round_J[K]	uI.sum_final[J]	u5.sum_round_2[29]$_SDFF_PP0_/Q	u5.sum_final[29]$_SDFF_PP0_/D
924	0.7974	uI.opa_neg_inf	uI.opa_neg_inf	u6.opa_neg_inf$_SDFFE_PP0P_/Q	u6.opa_neg_inf$_SDFFE_PP0P_/D
925	0.7974	uI.opa_pos_inf	uI.opa_pos_inf	u6.opa_pos_inf$_SDFFE_PP0P_/Q	u6.opa_pos_inf$_SDFFE_PP0P_/D
926	0.7981	uI.opa_QNaN	uI.opa_QNaN	u6.opa_QNaN$_SDFFE_PP0P_/Q	u6.opa_QNaN$_SDFFE_PP0P_/D
927	0.7996	uI.large_is_denorm	uI.large_norm_small_denorm	u1.large_is_denorm$_SDFFE_PP0P_/QN	u1.large_norm_small_denorm$_SDFFE_PP0P_/D
928	0.7998	enable_reg_I	div_enable	enable_reg_3$_SDFF_PP0_/Q	div_enable$_SDFF_PP0_/D
929	0.8018	div_enable	uI.enable_reg_J	div_enable$_SDFF_PP0_/Q	u4.enable_reg_2$_SDFFE_PP0P_/D
930	0.8031	uI.in_et_zero	uI.in_et_zero	u6.in_et_zero$_SDFFE_PP0P_/Q	u6.in_et_zero$_SDFFE_PP0P_/D
931	0.8036	sign_round	uI.round_out[J]	sign_round$_SDFF_PN0_/Q	u5.round_out[63]$_SDFF_PP0_/D
932	0.8047	uI.quotient[J]	uI.quotient_out[J]	u4.quotient[12]$_SDFFE_PP0P_/Q	u4.quotient_out[12]$_SDFF_PP0_/D
933	0.8047	uI.exponent_final[J]	uI.round_out[J]	u5.exponent_final[4]$_SDFF_PP0_/Q	u5.round_out[56]$_SDFF_PP0_/D
934	0.8049	uI.remainder[J]	uI.remainder_out[J]	u4.remainder[0]$_SDFFE_PP0P_/Q	u4.remainder_out[0]$_SDFF_PP0_/D
935	0.8053	uI.SNaN_input	uI.SNaN_trigger	u6.SNaN_input$_SDFFE_PP0P_/QN	u6.SNaN_trigger$_SDFFE_PP0P_/D
936	0.8062	div_enable	uI.enable_reg_a	div_enable$_SDFF_PP0_/Q	u4.enable_reg_a$_SDFF_PP0_/D
937	0.8080	uI.enable_reg_a	uI.enable_reg_b	u4.enable_reg_a$_SDFF_PP0_/Q	u4.enable_reg_b$_SDFF_PP0_/D
938	0.8080	uI.enable_reg_b	uI.enable_reg_c	u4.enable_reg_b$_SDFF_PP0_/Q	u4.enable_reg_c$_SDFF_PP0_/D
939	0.8080	uI.enable_reg_c	uI.enable_reg_d	u4.enable_reg_c$_SDFF_PP0_/Q	u4.enable_reg_d$_SDFF_PP0_/D
940	0.8080	uI.enable_reg_d	uI.enable_reg_e	u4.enable_reg_d$_SDFF_PP0_/Q	u4.enable_reg_e$_SDFF_PP0_/D
941	0.8080	uI.sum_final[J]	uI.round_out[J]	u5.sum_final[2]$_SDFF_PP0_/Q	u5.round_out[0]$_SDFF_PP0_/D
942	0.8095	ready_I	ready_I	ready_0$_SDFF_PP0_/Q	ready_1$_SDFF_PP0_/D
943	0.8116	uI.large_is_denorm	uI.minuend[J]	u2.large_is_denorm$_SDFFE_PP0P_/QN	u2.minuend[54]$_SDFFE_PP0P_/D
944	0.8118	uI.large_is_denorm	uI.large_add[J]	u1.large_is_denorm$_SDFFE_PP0P_/QN	u1.large_add[54]$_SDFFE_PP0P_/D
945	0.8170	uI.small_is_denorm	uI.subtrahend[J]	u2.small_is_denorm$_SDFFE_PP0P_/QN	u2.subtrahend[54]$_SDFFE_PP0P_/D
946	0.8170	uI.expon_final_J_etK	uI.expon_final_J_term	u4.expon_final_4_et0$_SDFFE_PP0P_/QN	u4.expon_final_4_term$_SDFFE_PP0P_/D
947	0.8170	uI.small_is_denorm	uI.small_add[J]	u1.small_is_denorm$_SDFFE_PP0P_/QN	u1.small_add[54]$_SDFFE_PP0P_/D
948	0.8248	enable_reg	enable_reg_I	enable_reg$_SDFF_PP0_/QN	enable_reg_1$_SDFF_PP0_/D
