# stage	1_synth
# top_module	modexp
# top_n	100
# kind	blocks
# skip_async	1
# include_full	1
# rank	worst_slack_ns	start	end	start_full	end_full
1	-0.4330	core_inst.montprod_select_reg[I]	core_inst.montprod_inst.s_mem.mem[I][J]	core_inst.montprod_select_reg[2]$_DFF_PN0_/Q	core_inst.montprod_inst.s_mem.mem[30][31]$_DFFE_PP_/D
2	-0.4018	address[I]	read_data[I]	address[4]	read_data[10]
3	-0.3438	core_inst.loop_counter_reg[I]	core_inst.exponent_mem.tmp_read_dataI[J]	core_inst.loop_counter_reg[1]$_DFFE_PN0P_/Q	core_inst.exponent_mem.tmp_read_data0[11]$_DFF_P_/D
4	-0.3076	core_inst.montprod_select_reg[I]	core_inst.montprod_inst.add_carry_in_sa	core_inst.montprod_select_reg[2]$_DFF_PN0_/Q	core_inst.montprod_inst.add_carry_in_sa$_DFF_PN0_/D
5	-0.3035	core_inst.p_mem.tmp_read_dataI[J]	core_inst.montprod_inst.s_mem.mem[I][J]	core_inst.p_mem.tmp_read_data0[16]$_DFF_P_/Q	core_inst.montprod_inst.s_mem.mem[30][31]$_DFFE_PP_/D
6	-0.3017	core_inst.result_mem.tmp_read_dataI[J]	core_inst.montprod_inst.s_mem.mem[I][J]	core_inst.result_mem.tmp_read_data0[16]$_DFF_P_/Q	core_inst.montprod_inst.s_mem.mem[30][31]$_DFFE_PP_/D
7	-0.2947	core_inst.one_reg[I]	core_inst.montprod_inst.s_mem.mem[I][J]	core_inst.one_reg[0]$_DFF_PN0_/Q	core_inst.montprod_inst.s_mem.mem[0][26]$_DFFE_PP_/D
8	-0.2787	core_inst.message_mem.tmp_read_dataI[J]	core_inst.montprod_inst.s_mem.mem[I][J]	core_inst.message_mem.tmp_read_data0[16]$_DFF_P_/Q	core_inst.montprod_inst.s_mem.mem[30][31]$_DFFE_PP_/D
9	-0.2561	core_inst.montprod_inst.s_mem.tmp_read_data[I]	core_inst.montprod_inst.s_mem.mem[I][J]	core_inst.montprod_inst.s_mem.tmp_read_data[16]$_DFF_P_/Q	core_inst.montprod_inst.s_mem.mem[30][31]$_DFFE_PP_/D
10	-0.2422	core_inst.modulus_mem.tmp_read_dataI[J]	core_inst.montprod_inst.s_mem.mem[I][J]	core_inst.modulus_mem.tmp_read_data0[16]$_DFF_P_/Q	core_inst.montprod_inst.s_mem.mem[30][31]$_DFFE_PP_/D
11	-0.2229	core_inst.residue_inst.loop_counter_I_to_nn_reg[J]	core_inst.modulus_mem.tmp_read_dataI[J]	core_inst.residue_inst.loop_counter_1_to_nn_reg[11]$_DFFE_PN0P_/Q	core_inst.modulus_mem.tmp_read_data0[22]$_DFF_P_/D
12	-0.2217	address[I]	core_inst.exponent_mem.ptr_reg[I]	address[0]	core_inst.exponent_mem.ptr_reg[2]$_DFFE_PN0P_/D
13	-0.2130	address[I]	core_inst.modulus_mem.mem[I][J]	address[0]	core_inst.modulus_mem.mem[10][10]$_DFFE_PP_/D
14	-0.2112	address[I]	core_inst.exponent_mem.mem[I][J]	address[0]	core_inst.exponent_mem.mem[10][10]$_DFFE_PP_/D
15	-0.2081	core_inst.montprod_inst.add_carry_in_sm	core_inst.montprod_inst.s_mem.mem[I][J]	core_inst.montprod_inst.add_carry_in_sm$_DFF_PN0_/Q	core_inst.montprod_inst.s_mem.mem[0][26]$_DFFE_PP_/D
16	-0.2063	address[I]	core_inst.message_mem.mem[I][J]	address[0]	core_inst.message_mem.mem[10][10]$_DFFE_PP_/D
17	-0.2057	core_inst.residue_inst.nn_reg[I]	core_inst.modulus_mem.tmp_read_dataI[J]	core_inst.residue_inst.nn_reg[11]$_DFFE_PN0P_/Q	core_inst.modulus_mem.tmp_read_data0[22]$_DFF_P_/D
18	-0.1981	core_inst.residue_mem.tmp_read_dataI[J]	core_inst.residue_mem.mem[I][J]	core_inst.residue_mem.tmp_read_data0[16]$_DFF_P_/Q	core_inst.residue_mem.mem[10][31]$_DFFE_PP_/D
19	-0.1889	core_inst.cycle_ctr_low_reg[I]	core_inst.cycle_ctr_high_reg[I]	core_inst.cycle_ctr_low_reg[1]$_DFFE_PN0P_/Q	core_inst.cycle_ctr_high_reg[27]$_DFFE_PN0P_/D
20	-0.1823	core_inst.montprod_inst.add_carry_in_sa	core_inst.montprod_inst.s_mem.mem[I][J]	core_inst.montprod_inst.add_carry_in_sa$_DFF_PN0_/Q	core_inst.montprod_inst.s_mem.mem[0][26]$_DFFE_PP_/D
21	-0.1780	core_inst.p_mem.tmp_read_dataI[J]	core_inst.montprod_inst.add_carry_in_sa	core_inst.p_mem.tmp_read_data0[16]$_DFF_P_/Q	core_inst.montprod_inst.add_carry_in_sa$_DFF_PN0_/D
22	-0.1763	core_inst.result_mem.tmp_read_dataI[J]	core_inst.montprod_inst.add_carry_in_sa	core_inst.result_mem.tmp_read_data0[16]$_DFF_P_/Q	core_inst.montprod_inst.add_carry_in_sa$_DFF_PN0_/D
23	-0.1737	core_inst.residue_inst.loop_counter_I_to_nn_reg[J]	core_inst.residue_mem.tmp_read_dataI[J]	core_inst.residue_inst.loop_counter_1_to_nn_reg[11]$_DFFE_PN0P_/Q	core_inst.residue_mem.tmp_read_data0[0]$_DFF_P_/D
24	-0.1707	core_inst.modulus_mem.tmp_read_dataI[J]	core_inst.residue_mem.mem[I][J]	core_inst.modulus_mem.tmp_read_data0[16]$_DFF_P_/QN	core_inst.residue_mem.mem[10][31]$_DFFE_PP_/D
25	-0.1566	core_inst.residue_inst.nn_reg[I]	core_inst.residue_mem.tmp_read_dataI[J]	core_inst.residue_inst.nn_reg[11]$_DFFE_PN0P_/Q	core_inst.residue_mem.tmp_read_data0[0]$_DFF_P_/D
26	-0.1546	core_inst.one_reg[I]	core_inst.montprod_inst.add_carry_in_sa	core_inst.one_reg[0]$_DFF_PN0_/Q	core_inst.montprod_inst.add_carry_in_sa$_DFF_PN0_/D
27	-0.1546	address[I]	core_inst.result_mem.ptr_reg[I]	address[0]	core_inst.result_mem.ptr_reg[4]$_DFFE_PN0P_/D
28	-0.1533	core_inst.message_mem.tmp_read_dataI[J]	core_inst.montprod_inst.add_carry_in_sa	core_inst.message_mem.tmp_read_data0[16]$_DFF_P_/Q	core_inst.montprod_inst.add_carry_in_sa$_DFF_PN0_/D
29	-0.1484	core_inst.modexp_ctrl_reg[I]	core_inst.exponent_mem.tmp_read_dataI[J]	core_inst.modexp_ctrl_reg[9]$_DFF_PN0_/Q	core_inst.exponent_mem.tmp_read_data0[11]$_DFF_P_/D
30	-0.1471	core_inst.residue_inst.residue_ctrl_reg[I]	core_inst.modulus_mem.tmp_read_dataI[J]	core_inst.residue_inst.residue_ctrl_reg[0]$_DFF_PN1_/Q	core_inst.modulus_mem.tmp_read_data0[22]$_DFF_P_/D
31	-0.1432	start_reg	core_inst.modulus_mem.tmp_read_dataI[J]	start_reg$_DFF_PN0_/Q	core_inst.modulus_mem.tmp_read_data0[22]$_DFF_P_/D
32	-0.1427	core_inst.modexp_ctrl_reg[I]	core_inst.modulus_mem.tmp_read_dataI[J]	core_inst.modexp_ctrl_reg[0]$_DFF_PN1_/Q	core_inst.modulus_mem.tmp_read_data0[22]$_DFF_P_/D
33	-0.1404	address[I]	core_inst.message_mem.ptr_reg[I]	address[0]	core_inst.message_mem.ptr_reg[2]$_DFFE_PN0P_/D
34	-0.1370	modulus_length_reg[I]	core_inst.exponent_mem.tmp_read_dataI[J]	modulus_length_reg[0]$_DFFE_PN0P_/Q	core_inst.exponent_mem.tmp_read_data0[10]$_DFF_P_/D
35	-0.1322	core_inst.residue_inst.sub_carry_in_reg	core_inst.residue_mem.mem[I][J]	core_inst.residue_inst.sub_carry_in_reg$_DFF_PN0_/QN	core_inst.residue_mem.mem[10][31]$_DFFE_PP_/D
36	-0.1310	core_inst.montprod_inst.s_mem.tmp_read_data[I]	core_inst.montprod_inst.add_carry_in_sm	core_inst.montprod_inst.s_mem.tmp_read_data[16]$_DFF_P_/Q	core_inst.montprod_inst.add_carry_in_sm$_DFF_PN0_/D
37	-0.1171	core_inst.modulus_mem.tmp_read_dataI[J]	core_inst.montprod_inst.add_carry_in_sm	core_inst.modulus_mem.tmp_read_data0[16]$_DFF_P_/Q	core_inst.montprod_inst.add_carry_in_sm$_DFF_PN0_/D
38	-0.1166	address[I]	core_inst.modulus_mem.ptr_reg[I]	address[0]	core_inst.modulus_mem.ptr_reg[2]$_DFFE_PN0P_/D
39	-0.1166	core_inst.residue_inst.residue_ctrl_reg[I]	core_inst.residue_mem.tmp_read_dataI[J]	core_inst.residue_inst.residue_ctrl_reg[0]$_DFF_PN1_/Q	core_inst.residue_mem.tmp_read_data0[0]$_DFF_P_/D
40	-0.1122	core_inst.cycle_ctr_high_reg[I]	core_inst.cycle_ctr_high_reg[I]	core_inst.cycle_ctr_high_reg[2]$_DFFE_PN0P_/Q	core_inst.cycle_ctr_high_reg[29]$_DFFE_PN0P_/D
41	-0.1121	core_inst.modexp_ctrl_reg[I]	core_inst.residue_mem.tmp_read_dataI[J]	core_inst.modexp_ctrl_reg[0]$_DFF_PN1_/Q	core_inst.residue_mem.tmp_read_data0[0]$_DFF_P_/D
42	-0.1121	start_reg	core_inst.residue_mem.tmp_read_dataI[J]	start_reg$_DFF_PN0_/Q	core_inst.residue_mem.tmp_read_data0[0]$_DFF_P_/D
43	-0.1107	core_inst.residue_valid_reg	core_inst.modulus_mem.tmp_read_dataI[J]	core_inst.residue_valid_reg$_DFFE_PN0P_/QN	core_inst.modulus_mem.tmp_read_data0[22]$_DFF_P_/D
44	-0.1008	cs	core_inst.modulus_mem.mem[I][J]	cs	core_inst.modulus_mem.mem[10][10]$_DFFE_PP_/D
45	-0.0955	core_inst.residue_inst.word_index_reg[I]	core_inst.modulus_mem.tmp_read_dataI[J]	core_inst.residue_inst.word_index_reg[1]$_DFF_PN0_/QN	core_inst.modulus_mem.tmp_read_data0[10]$_DFF_P_/D
46	-0.0948	core_inst.montprod_inst.s_mem.tmp_read_data[I]	core_inst.montprod_inst.add_carry_in_sa	core_inst.montprod_inst.s_mem.tmp_read_data[16]$_DFF_P_/Q	core_inst.montprod_inst.add_carry_in_sa$_DFF_PN0_/D
47	-0.0932	modulus_length_reg[I]	core_inst.montprod_inst.word_index[I]	modulus_length_reg[0]$_DFFE_PN0P_/Q	core_inst.montprod_inst.word_index[3]$_DFF_PN0_/D
48	-0.0880	modulus_length_reg[I]	core_inst.message_mem.tmp_read_dataI[J]	modulus_length_reg[1]$_DFFE_PN0P_/QN	core_inst.message_mem.tmp_read_data0[23]$_DFF_P_/D
49	-0.0880	modulus_length_reg[I]	core_inst.p_mem.tmp_read_dataI[J]	modulus_length_reg[1]$_DFFE_PN0P_/QN	core_inst.p_mem.tmp_read_data0[0]$_DFF_P_/D
50	-0.0855	core_inst.montprod_inst.word_index[I]	core_inst.message_mem.tmp_read_dataI[J]	core_inst.montprod_inst.word_index[0]$_DFF_PN0_/Q	core_inst.message_mem.tmp_read_data0[0]$_DFF_P_/D
51	-0.0855	core_inst.montprod_inst.word_index[I]	core_inst.p_mem.tmp_read_dataI[J]	core_inst.montprod_inst.word_index[0]$_DFF_PN0_/Q	core_inst.p_mem.tmp_read_data0[0]$_DFF_P_/D
52	-0.0855	core_inst.montprod_inst.word_index[I]	core_inst.result_mem.tmp_read_dataI[J]	core_inst.montprod_inst.word_index[0]$_DFF_PN0_/Q	core_inst.result_mem.tmp_read_data0[24]$_DFF_P_/D
53	-0.0854	core_inst.montprod_inst.word_index[I]	core_inst.montprod_inst.s_mem.tmp_read_data[I]	core_inst.montprod_inst.word_index[0]$_DFF_PN0_/Q	core_inst.montprod_inst.s_mem.tmp_read_data[15]$_DFF_P_/D
54	-0.0844	modulus_length_reg[I]	core_inst.modulus_mem.tmp_read_dataI[J]	modulus_length_reg[0]$_DFFE_PN0P_/Q	core_inst.modulus_mem.tmp_read_data0[15]$_DFF_P_/D
55	-0.0836	cs	core_inst.exponent_mem.mem[I][J]	cs	core_inst.exponent_mem.mem[10][10]$_DFFE_PP_/D
56	-0.0801	core_inst.residue_valid_reg	core_inst.residue_mem.tmp_read_dataI[J]	core_inst.residue_valid_reg$_DFFE_PN0P_/QN	core_inst.residue_mem.tmp_read_data0[0]$_DFF_P_/D
57	-0.0783	address[I]	exponent_length_reg[I]	address[0]	exponent_length_reg[0]$_DFFE_PN0P_/D
58	-0.0731	modulus_length_reg[I]	core_inst.montprod_inst.s_mem.tmp_read_data[I]	modulus_length_reg[1]$_DFFE_PN0P_/QN	core_inst.montprod_inst.s_mem.tmp_read_data[23]$_DFF_P_/D
59	-0.0730	modulus_length_reg[I]	core_inst.result_mem.tmp_read_dataI[J]	modulus_length_reg[1]$_DFFE_PN0P_/QN	core_inst.result_mem.tmp_read_data0[0]$_DFF_P_/D
60	-0.0679	core_inst.montprod_select_reg[I]	core_inst.montprod_inst.q_reg	core_inst.montprod_select_reg[4]$_DFF_PN0_/Q	core_inst.montprod_inst.q_reg$_DFFE_PN0P_/D
61	-0.0618	core_inst.montprod_inst.add_carry_in_sm	core_inst.montprod_inst.add_carry_in_sm	core_inst.montprod_inst.add_carry_in_sm$_DFF_PN0_/Q	core_inst.montprod_inst.add_carry_in_sm$_DFF_PN0_/D
62	-0.0602	modulus_length_reg[I]	core_inst.montprod_inst.montprod_ctrl_reg[I]	modulus_length_reg[0]$_DFFE_PN0P_/Q	core_inst.montprod_inst.montprod_ctrl_reg[4]$_DFF_PN0_/D
63	-0.0597	core_inst.montprod_inst.montprod_ctrl_reg[I]	core_inst.message_mem.tmp_read_dataI[J]	core_inst.montprod_inst.montprod_ctrl_reg[11]$_DFF_PN0_/Q	core_inst.message_mem.tmp_read_data0[0]$_DFF_P_/D
64	-0.0597	core_inst.montprod_inst.montprod_ctrl_reg[I]	core_inst.p_mem.tmp_read_dataI[J]	core_inst.montprod_inst.montprod_ctrl_reg[11]$_DFF_PN0_/Q	core_inst.p_mem.tmp_read_data0[0]$_DFF_P_/D
65	-0.0597	core_inst.montprod_inst.montprod_ctrl_reg[I]	core_inst.result_mem.tmp_read_dataI[J]	core_inst.montprod_inst.montprod_ctrl_reg[11]$_DFF_PN0_/Q	core_inst.result_mem.tmp_read_data0[24]$_DFF_P_/D
66	-0.0596	core_inst.montprod_inst.montprod_ctrl_reg[I]	core_inst.montprod_inst.s_mem.tmp_read_data[I]	core_inst.montprod_inst.montprod_ctrl_reg[11]$_DFF_PN0_/Q	core_inst.montprod_inst.s_mem.tmp_read_data[15]$_DFF_P_/D
67	-0.0555	we	core_inst.modulus_mem.mem[I][J]	we	core_inst.modulus_mem.mem[10][10]$_DFFE_PP_/D
68	-0.0548	modulus_length_reg[I]	core_inst.montprod_select_reg[I]	modulus_length_reg[0]$_DFFE_PN0P_/Q	core_inst.montprod_select_reg[3]$_DFF_PN0_/D
69	-0.0548	modulus_length_reg[I]	core_inst.montprod_dest_reg[I]	modulus_length_reg[0]$_DFFE_PN0P_/Q	core_inst.montprod_dest_reg[2]$_DFF_PN0_/D
70	-0.0457	cs	read_data[I]	cs	read_data[10]
71	-0.0423	core_inst.montprod_inst.add_carry_in_sa	core_inst.montprod_inst.add_carry_in_sa	core_inst.montprod_inst.add_carry_in_sa$_DFF_PN0_/Q	core_inst.montprod_inst.add_carry_in_sa$_DFF_PN0_/D
72	-0.0395	core_inst.residue_inst.loop_counter_I_to_nn_reg[J]	core_inst.residue_inst.word_index_reg[I]	core_inst.residue_inst.loop_counter_1_to_nn_reg[11]$_DFFE_PN0P_/Q	core_inst.residue_inst.word_index_reg[1]$_DFF_PN0_/D
73	-0.0384	we	core_inst.exponent_mem.mem[I][J]	we	core_inst.exponent_mem.mem[10][10]$_DFFE_PP_/D
74	-0.0379	address[I]	modulus_length_reg[I]	address[1]	modulus_length_reg[0]$_DFFE_PN0P_/D
75	-0.0338	core_inst.residue_inst.length_mI_reg[J]	core_inst.modulus_mem.tmp_read_dataI[J]	core_inst.residue_inst.length_m1_reg[1]$_DFFE_PN0P_/Q	core_inst.modulus_mem.tmp_read_data0[22]$_DFF_P_/D
76	-0.0263	core_inst.residue_mem.tmp_read_dataI[J]	core_inst.residue_inst.sub_carry_in_reg	core_inst.residue_mem.tmp_read_data0[16]$_DFF_P_/Q	core_inst.residue_inst.sub_carry_in_reg$_DFF_PN0_/D
77	-0.0224	core_inst.residue_inst.nn_reg[I]	core_inst.residue_inst.word_index_reg[I]	core_inst.residue_inst.nn_reg[11]$_DFFE_PN0P_/Q	core_inst.residue_inst.word_index_reg[1]$_DFF_PN0_/D
78	-0.0218	core_inst.residue_inst.word_index_reg[I]	core_inst.residue_mem.tmp_read_dataI[J]	core_inst.residue_inst.word_index_reg[1]$_DFF_PN0_/QN	core_inst.residue_mem.tmp_read_data0[30]$_DFF_P_/D
79	-0.0175	modulus_length_reg[I]	core_inst.residue_mem.tmp_read_dataI[J]	modulus_length_reg[0]$_DFFE_PN0P_/Q	core_inst.residue_mem.tmp_read_data0[10]$_DFF_P_/D
80	-0.0144	core_inst.montprod_inst.word_index[I]	core_inst.modulus_mem.tmp_read_dataI[J]	core_inst.montprod_inst.word_index[1]$_DFF_PN0_/Q	core_inst.modulus_mem.tmp_read_data0[25]$_DFF_P_/D
81	-0.0094	cs	core_inst.message_mem.mem[I][J]	cs	core_inst.message_mem.mem[10][10]$_DFFE_PP_/D
82	-0.0092	we	read_data[I]	we	read_data[10]
83	0.0011	core_inst.modulus_mem.tmp_read_dataI[J]	core_inst.residue_inst.sub_carry_in_reg	core_inst.modulus_mem.tmp_read_data0[16]$_DFF_P_/QN	core_inst.residue_inst.sub_carry_in_reg$_DFF_PN0_/D
84	0.0058	address[I]	core_inst.residue_valid_reg	address[0]	core_inst.residue_valid_reg$_DFFE_PN0P_/D
85	0.0061	core_inst.residue_inst.length_mI_reg[J]	core_inst.residue_mem.tmp_read_dataI[J]	core_inst.residue_inst.length_m1_reg[0]$_DFFE_PN0P_/Q	core_inst.residue_mem.tmp_read_data0[0]$_DFF_P_/D
86	0.0111	modulus_length_reg[I]	core_inst.montprod_inst.ready_reg	modulus_length_reg[0]$_DFFE_PN0P_/Q	core_inst.montprod_inst.ready_reg$_DFFE_PN0P_/D
87	0.0138	core_inst.modulus_mem.ptr_reg[I]	core_inst.modulus_mem.tmp_read_dataI[J]	core_inst.modulus_mem.ptr_reg[0]$_DFFE_PN0P_/Q	core_inst.modulus_mem.tmp_read_data1[10]$_DFF_P_/D
88	0.0138	core_inst.message_mem.ptr_reg[I]	core_inst.message_mem.tmp_read_dataI[J]	core_inst.message_mem.ptr_reg[0]$_DFFE_PN0P_/Q	core_inst.message_mem.tmp_read_data1[13]$_DFF_P_/D
89	0.0139	core_inst.exponent_mem.ptr_reg[I]	core_inst.exponent_mem.tmp_read_dataI[J]	core_inst.exponent_mem.ptr_reg[0]$_DFFE_PN0P_/Q	core_inst.exponent_mem.tmp_read_data1[10]$_DFF_P_/D
90	0.0186	core_inst.montprod_inst.loop_counter[I]	core_inst.p_mem.tmp_read_dataI[J]	core_inst.montprod_inst.loop_counter[5]$_DFFE_PN0P_/Q	core_inst.p_mem.tmp_read_data1[0]$_DFF_P_/D
91	0.0186	core_inst.montprod_inst.loop_counter[I]	core_inst.residue_mem.tmp_read_dataI[J]	core_inst.montprod_inst.loop_counter[5]$_DFFE_PN0P_/Q	core_inst.residue_mem.tmp_read_data1[24]$_DFF_P_/D
92	0.0199	core_inst.montprod_inst.B_bit_index_reg[I]	core_inst.montprod_inst.q_reg	core_inst.montprod_inst.B_bit_index_reg[0]$_DFFE_PN0P_/Q	core_inst.montprod_inst.q_reg$_DFFE_PN0P_/D
93	0.0199	core_inst.result_mem.ptr_reg[I]	core_inst.result_mem.tmp_read_dataI[J]	core_inst.result_mem.ptr_reg[0]$_DFFE_PN0P_/Q	core_inst.result_mem.tmp_read_data1[10]$_DFF_P_/D
94	0.0230	cs	exponent_length_reg[I]	cs	exponent_length_reg[0]$_DFFE_PN0P_/D
95	0.0230	cs	modulus_length_reg[I]	cs	modulus_length_reg[0]$_DFFE_PN0P_/D
96	0.0300	core_inst.montprod_select_reg[I]	core_inst.montprod_inst.b_reg	core_inst.montprod_select_reg[4]$_DFF_PN0_/Q	core_inst.montprod_inst.b_reg$_DFFE_PN0P_/D
97	0.0358	we	core_inst.message_mem.mem[I][J]	we	core_inst.message_mem.mem[10][10]$_DFFE_PP_/D
98	0.0363	core_inst.residue_inst.residue_ctrl_reg[I]	core_inst.residue_inst.word_index_reg[I]	core_inst.residue_inst.residue_ctrl_reg[0]$_DFF_PN1_/Q	core_inst.residue_inst.word_index_reg[1]$_DFF_PN0_/D
99	0.0399	start_reg	core_inst.residue_inst.word_index_reg[I]	start_reg$_DFF_PN0_/Q	core_inst.residue_inst.word_index_reg[1]$_DFF_PN0_/D
100	0.0407	core_inst.modexp_ctrl_reg[I]	core_inst.residue_inst.word_index_reg[I]	core_inst.modexp_ctrl_reg[0]$_DFF_PN1_/Q	core_inst.residue_inst.word_index_reg[1]$_DFF_PN0_/D
