# stage	1_synth
# top_module	modexp
# top_n	100
# kind	blocks
# skip_async	1
# include_full	1
# rank	worst_slack_ns	start	end	start_full	end_full
1	-0.3202	address[I]	read_data[I]	address[1]	read_data[14]
2	-0.2814	core_inst.montprod_select_reg[I]	core_inst.montprod_inst.s_mem.mem[I][J]	core_inst.montprod_select_reg[2]$_DFF_PN0_/Q	core_inst.montprod_inst.s_mem.mem[10][28]$_DFFE_PP_/D
3	-0.2386	core_inst.message_mem.tmp_read_dataI[J]	core_inst.montprod_inst.s_mem.mem[I][J]	core_inst.message_mem.tmp_read_data0[0]$_DFF_P_/Q	core_inst.montprod_inst.s_mem.mem[10][28]$_DFFE_PP_/D
4	-0.2351	core_inst.one_reg[I]	core_inst.montprod_inst.s_mem.mem[I][J]	core_inst.one_reg[0]$_DFF_PN0_/Q	core_inst.montprod_inst.s_mem.mem[10][28]$_DFFE_PP_/D
5	-0.2138	core_inst.p_mem.tmp_read_dataI[J]	core_inst.montprod_inst.s_mem.mem[I][J]	core_inst.p_mem.tmp_read_data0[0]$_DFF_P_/Q	core_inst.montprod_inst.s_mem.mem[10][28]$_DFFE_PP_/D
6	-0.1958	modulus_length_reg[I]	core_inst.montprod_select_reg[I]	modulus_length_reg[1]$_DFFE_PN0P_/Q	core_inst.montprod_select_reg[3]$_DFF_PN0_/D
7	-0.1958	modulus_length_reg[I]	core_inst.montprod_dest_reg[I]	modulus_length_reg[1]$_DFFE_PN0P_/Q	core_inst.montprod_dest_reg[2]$_DFF_PN0_/D
8	-0.1720	address[I]	core_inst.message_mem.mem[I][J]	address[1]	core_inst.message_mem.mem[10][10]$_DFFE_PP_/D
9	-0.1643	modulus_length_reg[I]	core_inst.montprod_inst.ready_reg	modulus_length_reg[1]$_DFFE_PN0P_/Q	core_inst.montprod_inst.ready_reg$_DFFE_PN0P_/D
10	-0.1630	modulus_length_reg[I]	core_inst.montprod_inst.montprod_ctrl_reg[I]	modulus_length_reg[1]$_DFFE_PN0P_/Q	core_inst.montprod_inst.montprod_ctrl_reg[0]$_DFF_PN1_/D
11	-0.1590	modulus_length_reg[I]	core_inst.montprod_inst.word_index[I]	modulus_length_reg[1]$_DFFE_PN0P_/Q	core_inst.montprod_inst.word_index[2]$_DFF_PN0_/D
12	-0.1517	core_inst.result_mem.tmp_read_dataI[J]	core_inst.montprod_inst.s_mem.mem[I][J]	core_inst.result_mem.tmp_read_data0[0]$_DFF_P_/Q	core_inst.montprod_inst.s_mem.mem[10][28]$_DFFE_PP_/D
13	-0.1462	address[I]	core_inst.exponent_mem.mem[I][J]	address[1]	core_inst.exponent_mem.mem[0][10]$_DFFE_PP_/D
14	-0.1421	core_inst.montprod_select_reg[I]	core_inst.montprod_inst.add_carry_in_sa	core_inst.montprod_select_reg[2]$_DFF_PN0_/Q	core_inst.montprod_inst.add_carry_in_sa$_DFF_PN0_/D
15	-0.1275	address[I]	core_inst.result_mem.ptr_reg[I]	address[1]	core_inst.result_mem.ptr_reg[2]$_DFFE_PN0P_/D
16	-0.1227	core_inst.montprod_inst.add_carry_in_sa	core_inst.montprod_inst.s_mem.mem[I][J]	core_inst.montprod_inst.add_carry_in_sa$_DFF_PN0_/Q	core_inst.montprod_inst.s_mem.mem[10][28]$_DFFE_PP_/D
17	-0.1187	core_inst.montprod_inst.s_mem.tmp_read_data[I]	core_inst.montprod_inst.s_mem.mem[I][J]	core_inst.montprod_inst.s_mem.tmp_read_data[0]$_DFF_P_/Q	core_inst.montprod_inst.s_mem.mem[10][28]$_DFFE_PP_/D
18	-0.1131	address[I]	core_inst.modulus_mem.mem[I][J]	address[1]	core_inst.modulus_mem.mem[10][10]$_DFFE_PP_/D
19	-0.1112	core_inst.montprod_inst.add_carry_in_sm	core_inst.montprod_inst.s_mem.mem[I][J]	core_inst.montprod_inst.add_carry_in_sm$_DFF_PN0_/Q	core_inst.montprod_inst.s_mem.mem[0][24]$_DFFE_PP_/D
20	-0.1107	address[I]	core_inst.exponent_mem.ptr_reg[I]	address[1]	core_inst.exponent_mem.ptr_reg[2]$_DFFE_PN0P_/D
21	-0.1102	core_inst.modulus_mem.tmp_read_dataI[J]	core_inst.montprod_inst.s_mem.mem[I][J]	core_inst.modulus_mem.tmp_read_data0[0]$_DFF_P_/Q	core_inst.montprod_inst.s_mem.mem[0][24]$_DFFE_PP_/D
22	-0.1086	modulus_length_reg[I]	core_inst.exponent_mem.tmp_read_dataI[J]	modulus_length_reg[1]$_DFFE_PN0P_/Q	core_inst.exponent_mem.tmp_read_data0[10]$_DFF_P_/D
23	-0.1020	core_inst.residue_mem.tmp_read_dataI[J]	core_inst.residue_mem.mem[I][J]	core_inst.residue_mem.tmp_read_data0[10]$_DFF_P_/Q	core_inst.residue_mem.mem[1][20]$_DFFE_PP_/D
24	-0.0993	core_inst.message_mem.tmp_read_dataI[J]	core_inst.montprod_inst.add_carry_in_sa	core_inst.message_mem.tmp_read_data0[0]$_DFF_P_/Q	core_inst.montprod_inst.add_carry_in_sa$_DFF_PN0_/D
25	-0.0965	modulus_length_reg[I]	core_inst.modexp_ctrl_reg[I]	modulus_length_reg[1]$_DFFE_PN0P_/Q	core_inst.modexp_ctrl_reg[1]$_DFF_PN0_/D
26	-0.0958	core_inst.one_reg[I]	core_inst.montprod_inst.add_carry_in_sa	core_inst.one_reg[0]$_DFF_PN0_/Q	core_inst.montprod_inst.add_carry_in_sa$_DFF_PN0_/D
27	-0.0895	cs	core_inst.message_mem.mem[I][J]	cs	core_inst.message_mem.mem[10][10]$_DFFE_PP_/D
28	-0.0838	modulus_length_reg[I]	core_inst.p_mem.tmp_read_dataI[J]	modulus_length_reg[1]$_DFFE_PN0P_/QN	core_inst.p_mem.tmp_read_data0[12]$_DFF_P_/D
29	-0.0838	modulus_length_reg[I]	core_inst.message_mem.tmp_read_dataI[J]	modulus_length_reg[1]$_DFFE_PN0P_/QN	core_inst.message_mem.tmp_read_data0[13]$_DFF_P_/D
30	-0.0812	core_inst.modulus_mem.tmp_read_dataI[J]	core_inst.residue_mem.mem[I][J]	core_inst.modulus_mem.tmp_read_data0[10]$_DFF_P_/QN	core_inst.residue_mem.mem[1][20]$_DFFE_PP_/D
31	-0.0745	core_inst.p_mem.tmp_read_dataI[J]	core_inst.montprod_inst.add_carry_in_sa	core_inst.p_mem.tmp_read_data0[0]$_DFF_P_/Q	core_inst.montprod_inst.add_carry_in_sa$_DFF_PN0_/D
32	-0.0718	address[I]	core_inst.message_mem.ptr_reg[I]	address[1]	core_inst.message_mem.ptr_reg[3]$_DFFE_PN0P_/D
33	-0.0686	modulus_length_reg[I]	core_inst.montprod_inst.s_mem.tmp_read_data[I]	modulus_length_reg[1]$_DFFE_PN0P_/QN	core_inst.montprod_inst.s_mem.tmp_read_data[15]$_DFF_P_/D
34	-0.0686	modulus_length_reg[I]	core_inst.result_mem.tmp_read_dataI[J]	modulus_length_reg[1]$_DFFE_PN0P_/QN	core_inst.result_mem.tmp_read_data0[10]$_DFF_P_/D
35	-0.0618	cs	read_data[I]	cs	read_data[10]
36	-0.0521	cs	core_inst.exponent_mem.mem[I][J]	cs	core_inst.exponent_mem.mem[0][10]$_DFFE_PP_/D
37	-0.0503	core_inst.montprod_inst.word_index[I]	core_inst.message_mem.tmp_read_dataI[J]	core_inst.montprod_inst.word_index[0]$_DFF_PN0_/Q	core_inst.message_mem.tmp_read_data0[13]$_DFF_P_/D
38	-0.0503	core_inst.montprod_inst.word_index[I]	core_inst.montprod_inst.s_mem.tmp_read_data[I]	core_inst.montprod_inst.word_index[0]$_DFF_PN0_/Q	core_inst.montprod_inst.s_mem.tmp_read_data[15]$_DFF_P_/D
39	-0.0503	core_inst.montprod_inst.word_index[I]	core_inst.result_mem.tmp_read_dataI[J]	core_inst.montprod_inst.word_index[0]$_DFF_PN0_/Q	core_inst.result_mem.tmp_read_data0[10]$_DFF_P_/D
40	-0.0503	core_inst.montprod_inst.word_index[I]	core_inst.p_mem.tmp_read_dataI[J]	core_inst.montprod_inst.word_index[0]$_DFF_PN0_/Q	core_inst.p_mem.tmp_read_data0[0]$_DFF_P_/D
41	-0.0498	core_inst.residue_inst.sub_carry_in_reg	core_inst.residue_mem.mem[I][J]	core_inst.residue_inst.sub_carry_in_reg$_DFF_PN0_/QN	core_inst.residue_mem.mem[1][20]$_DFFE_PP_/D
42	-0.0494	core_inst.loop_counter_reg[I]	core_inst.exponent_mem.tmp_read_dataI[J]	core_inst.loop_counter_reg[5]$_DFFE_PN0P_/Q	core_inst.exponent_mem.tmp_read_data0[10]$_DFF_P_/D
43	-0.0476	modulus_length_reg[I]	core_inst.modulus_mem.tmp_read_dataI[J]	modulus_length_reg[1]$_DFFE_PN0P_/QN	core_inst.modulus_mem.tmp_read_data0[21]$_DFF_P_/D
44	-0.0440	address[I]	exponent_length_reg[I]	address[4]	exponent_length_reg[0]$_DFFE_PN0P_/D
45	-0.0440	address[I]	modulus_length_reg[I]	address[4]	modulus_length_reg[0]$_DFFE_PN0P_/D
46	-0.0413	core_inst.residue_inst.residue_ctrl_reg[I]	core_inst.modulus_mem.tmp_read_dataI[J]	core_inst.residue_inst.residue_ctrl_reg[6]$_DFF_PN0_/Q	core_inst.modulus_mem.tmp_read_data0[21]$_DFF_P_/D
47	-0.0413	cs	core_inst.modulus_mem.mem[I][J]	cs	core_inst.modulus_mem.mem[10][10]$_DFFE_PP_/D
48	-0.0394	core_inst.residue_inst.residue_ctrl_reg[I]	core_inst.residue_mem.tmp_read_dataI[J]	core_inst.residue_inst.residue_ctrl_reg[6]$_DFF_PN0_/Q	core_inst.residue_mem.tmp_read_data0[11]$_DFF_P_/D
49	-0.0322	core_inst.montprod_select_reg[I]	core_inst.montprod_inst.q_reg	core_inst.montprod_select_reg[4]$_DFF_PN0_/Q	core_inst.montprod_inst.q_reg$_DFFE_PN0P_/D
50	-0.0304	core_inst.cycle_ctr_low_reg[I]	core_inst.cycle_ctr_carry_reg	core_inst.cycle_ctr_low_reg[1]$_DFFE_PN0P_/Q	core_inst.cycle_ctr_carry_reg$_DFF_PN0_/D
51	-0.0292	we	core_inst.message_mem.mem[I][J]	we	core_inst.message_mem.mem[10][10]$_DFFE_PP_/D
52	-0.0286	start_reg	core_inst.modulus_mem.tmp_read_dataI[J]	start_reg$_DFF_PN0_/Q	core_inst.modulus_mem.tmp_read_data0[10]$_DFF_P_/D
53	-0.0274	we	read_data[I]	we	read_data[10]
54	-0.0205	start_reg	core_inst.residue_mem.tmp_read_dataI[J]	start_reg$_DFF_PN0_/Q	core_inst.residue_mem.tmp_read_data0[14]$_DFF_P_/D
55	-0.0168	core_inst.montprod_inst.B_bit_index_reg[I]	core_inst.montprod_inst.q_reg	core_inst.montprod_inst.B_bit_index_reg[0]$_DFFE_PN0P_/Q	core_inst.montprod_inst.q_reg$_DFFE_PN0P_/D
56	-0.0159	core_inst.montprod_inst.montprod_ctrl_reg[I]	core_inst.message_mem.tmp_read_dataI[J]	core_inst.montprod_inst.montprod_ctrl_reg[11]$_DFF_PN0_/Q	core_inst.message_mem.tmp_read_data0[13]$_DFF_P_/D
57	-0.0159	core_inst.montprod_inst.montprod_ctrl_reg[I]	core_inst.montprod_inst.s_mem.tmp_read_data[I]	core_inst.montprod_inst.montprod_ctrl_reg[11]$_DFF_PN0_/Q	core_inst.montprod_inst.s_mem.tmp_read_data[15]$_DFF_P_/D
58	-0.0159	core_inst.montprod_inst.montprod_ctrl_reg[I]	core_inst.result_mem.tmp_read_dataI[J]	core_inst.montprod_inst.montprod_ctrl_reg[11]$_DFF_PN0_/Q	core_inst.result_mem.tmp_read_data0[10]$_DFF_P_/D
59	-0.0158	core_inst.montprod_inst.montprod_ctrl_reg[I]	core_inst.p_mem.tmp_read_dataI[J]	core_inst.montprod_inst.montprod_ctrl_reg[11]$_DFF_PN0_/Q	core_inst.p_mem.tmp_read_data0[0]$_DFF_P_/D
60	-0.0148	core_inst.residue_inst.word_index_reg[I]	core_inst.modulus_mem.tmp_read_dataI[J]	core_inst.residue_inst.word_index_reg[1]$_DFF_PN0_/QN	core_inst.modulus_mem.tmp_read_data0[21]$_DFF_P_/D
61	-0.0145	address[I]	core_inst.modulus_mem.ptr_reg[I]	address[1]	core_inst.modulus_mem.ptr_reg[2]$_DFFE_PN0P_/D
62	-0.0125	core_inst.result_mem.tmp_read_dataI[J]	core_inst.montprod_inst.add_carry_in_sa	core_inst.result_mem.tmp_read_data0[0]$_DFF_P_/Q	core_inst.montprod_inst.add_carry_in_sa$_DFF_PN0_/D
63	-0.0051	core_inst.loop_counter_reg[I]	core_inst.ei_reg	core_inst.loop_counter_reg[0]$_DFFE_PN0P_/Q	core_inst.ei_reg$_DFFE_PN0P_/D
64	-0.0044	core_inst.cycle_ctr_low_reg[I]	core_inst.cycle_ctr_low_reg[I]	core_inst.cycle_ctr_low_reg[14]$_DFFE_PN0P_/Q	core_inst.cycle_ctr_low_reg[29]$_DFFE_PN0P_/D
65	0.0016	cs	exponent_length_reg[I]	cs	exponent_length_reg[0]$_DFFE_PN0P_/D
66	0.0016	cs	modulus_length_reg[I]	cs	modulus_length_reg[0]$_DFFE_PN0P_/D
67	0.0082	we	core_inst.exponent_mem.mem[I][J]	we	core_inst.exponent_mem.mem[0][10]$_DFFE_PP_/D
68	0.0096	core_inst.modexp_ctrl_reg[I]	core_inst.modulus_mem.tmp_read_dataI[J]	core_inst.modexp_ctrl_reg[0]$_DFF_PN1_/Q	core_inst.modulus_mem.tmp_read_data0[10]$_DFF_P_/D
69	0.0101	core_inst.loop_counter_reg[I]	core_inst.montprod_select_reg[I]	core_inst.loop_counter_reg[8]$_DFFE_PN0P_/QN	core_inst.montprod_select_reg[3]$_DFF_PN0_/D
70	0.0101	core_inst.loop_counter_reg[I]	core_inst.montprod_dest_reg[I]	core_inst.loop_counter_reg[8]$_DFFE_PN0P_/QN	core_inst.montprod_dest_reg[2]$_DFF_PN0_/D
71	0.0107	core_inst.residue_inst.word_index_reg[I]	core_inst.residue_mem.tmp_read_dataI[J]	core_inst.residue_inst.word_index_reg[1]$_DFF_PN0_/QN	core_inst.residue_mem.tmp_read_data0[14]$_DFF_P_/D
72	0.0123	core_inst.message_mem.ptr_reg[I]	core_inst.message_mem.tmp_read_dataI[J]	core_inst.message_mem.ptr_reg[1]$_DFFE_PN0P_/Q	core_inst.message_mem.tmp_read_data1[13]$_DFF_P_/D
73	0.0130	core_inst.loop_counter_reg[I]	core_inst.montprod_inst.word_index[I]	core_inst.loop_counter_reg[1]$_DFFE_PN0P_/Q	core_inst.montprod_inst.word_index[3]$_DFF_PN0_/D
74	0.0138	core_inst.exponent_mem.ptr_reg[I]	core_inst.exponent_mem.tmp_read_dataI[J]	core_inst.exponent_mem.ptr_reg[0]$_DFFE_PN0P_/Q	core_inst.exponent_mem.tmp_read_data1[16]$_DFF_P_/D
75	0.0144	core_inst.modulus_mem.ptr_reg[I]	core_inst.modulus_mem.tmp_read_dataI[J]	core_inst.modulus_mem.ptr_reg[0]$_DFFE_PN0P_/Q	core_inst.modulus_mem.tmp_read_data1[13]$_DFF_P_/D
76	0.0153	core_inst.montprod_inst.loop_counter[I]	core_inst.p_mem.tmp_read_dataI[J]	core_inst.montprod_inst.loop_counter[5]$_DFFE_PN0P_/Q	core_inst.p_mem.tmp_read_data1[0]$_DFF_P_/D
77	0.0153	core_inst.montprod_inst.loop_counter[I]	core_inst.residue_mem.tmp_read_dataI[J]	core_inst.montprod_inst.loop_counter[5]$_DFFE_PN0P_/Q	core_inst.residue_mem.tmp_read_data1[13]$_DFF_P_/D
78	0.0166	core_inst.montprod_inst.add_carry_in_sa	core_inst.montprod_inst.add_carry_in_sa	core_inst.montprod_inst.add_carry_in_sa$_DFF_PN0_/Q	core_inst.montprod_inst.add_carry_in_sa$_DFF_PN0_/D
79	0.0176	core_inst.modexp_ctrl_reg[I]	core_inst.residue_mem.tmp_read_dataI[J]	core_inst.modexp_ctrl_reg[0]$_DFF_PN1_/Q	core_inst.residue_mem.tmp_read_data0[14]$_DFF_P_/D
80	0.0190	we	core_inst.modulus_mem.mem[I][J]	we	core_inst.modulus_mem.mem[10][10]$_DFFE_PP_/D
81	0.0197	core_inst.result_mem.ptr_reg[I]	core_inst.result_mem.tmp_read_dataI[J]	core_inst.result_mem.ptr_reg[0]$_DFFE_PN0P_/Q	core_inst.result_mem.tmp_read_data1[10]$_DFF_P_/D
82	0.0206	core_inst.montprod_inst.s_mem.tmp_read_data[I]	core_inst.montprod_inst.add_carry_in_sa	core_inst.montprod_inst.s_mem.tmp_read_data[0]$_DFF_P_/Q	core_inst.montprod_inst.add_carry_in_sa$_DFF_PN0_/D
83	0.0228	modulus_length_reg[I]	core_inst.residue_mem.tmp_read_dataI[J]	modulus_length_reg[1]$_DFFE_PN0P_/QN	core_inst.residue_mem.tmp_read_data0[14]$_DFF_P_/D
84	0.0240	core_inst.residue_inst.loop_counter_done_reg	core_inst.modulus_mem.tmp_read_dataI[J]	core_inst.residue_inst.loop_counter_done_reg$_DFF_PN0_/QN	core_inst.modulus_mem.tmp_read_data0[21]$_DFF_P_/D
85	0.0266	core_inst.residue_inst.loop_counter_done_reg	core_inst.residue_mem.tmp_read_dataI[J]	core_inst.residue_inst.loop_counter_done_reg$_DFF_PN0_/QN	core_inst.residue_mem.tmp_read_data0[12]$_DFF_P_/D
86	0.0317	cs	core_inst.result_mem.ptr_reg[I]	cs	core_inst.result_mem.ptr_reg[2]$_DFFE_PN0P_/D
87	0.0391	core_inst.montprod_select_reg[I]	core_inst.montprod_inst.b_reg	core_inst.montprod_select_reg[4]$_DFF_PN0_/Q	core_inst.montprod_inst.b_reg$_DFFE_PN0P_/D
88	0.0416	core_inst.loop_counter_reg[I]	core_inst.montprod_inst.ready_reg	core_inst.loop_counter_reg[8]$_DFFE_PN0P_/QN	core_inst.montprod_inst.ready_reg$_DFFE_PN0P_/D
89	0.0425	core_inst.cycle_ctr_high_reg[I]	core_inst.cycle_ctr_high_reg[I]	core_inst.cycle_ctr_high_reg[6]$_DFFE_PN0P_/Q	core_inst.cycle_ctr_high_reg[28]$_DFFE_PN0P_/D
90	0.0425	cs	core_inst.message_mem.ptr_reg[I]	cs	core_inst.message_mem.ptr_reg[3]$_DFFE_PN0P_/D
91	0.0430	core_inst.loop_counter_reg[I]	core_inst.montprod_inst.montprod_ctrl_reg[I]	core_inst.loop_counter_reg[8]$_DFFE_PN0P_/QN	core_inst.montprod_inst.montprod_ctrl_reg[0]$_DFF_PN1_/D
92	0.0449	core_inst.residue_inst.residue_ctrl_reg[I]	core_inst.residue_mem.mem[I][J]	core_inst.residue_inst.residue_ctrl_reg[9]$_DFF_PN0_/Q	core_inst.residue_mem.mem[16][18]$_DFFE_PP_/D
93	0.0453	cs	core_inst.exponent_mem.ptr_reg[I]	cs	core_inst.exponent_mem.ptr_reg[2]$_DFFE_PN0P_/D
94	0.0464	core_inst.cycle_ctr_carry_reg	core_inst.cycle_ctr_high_reg[I]	core_inst.cycle_ctr_carry_reg$_DFF_PN0_/Q	core_inst.cycle_ctr_high_reg[27]$_DFFE_PN0P_/D
95	0.0544	core_inst.montprod_inst.B_bit_index_reg[I]	core_inst.montprod_inst.b_reg	core_inst.montprod_inst.B_bit_index_reg[0]$_DFFE_PN0P_/Q	core_inst.montprod_inst.b_reg$_DFFE_PN0P_/D
96	0.0569	core_inst.residue_inst.length_mI_reg[J]	core_inst.modulus_mem.tmp_read_dataI[J]	core_inst.residue_inst.length_m1_reg[0]$_DFFE_PN0P_/Q	core_inst.modulus_mem.tmp_read_data0[21]$_DFF_P_/D
97	0.0588	core_inst.residue_inst.length_mI_reg[J]	core_inst.residue_mem.tmp_read_dataI[J]	core_inst.residue_inst.length_m1_reg[0]$_DFFE_PN0P_/Q	core_inst.residue_mem.tmp_read_data0[11]$_DFF_P_/D
98	0.0619	we	exponent_length_reg[I]	we	exponent_length_reg[0]$_DFFE_PN0P_/D
99	0.0619	we	modulus_length_reg[I]	we	modulus_length_reg[0]$_DFFE_PN0P_/D
100	0.0705	core_inst.montprod_inst.add_carry_in_sm	core_inst.montprod_inst.add_carry_in_sm	core_inst.montprod_inst.add_carry_in_sm$_DFF_PN0_/Q	core_inst.montprod_inst.add_carry_in_sm$_DFF_PN0_/D
