# stage	1_synth
# top_module	viterbi_core
# top_n	1000
# kind	blocks
# skip_async	1
# include_full	1
# rank	worst_slack_ns	start	end	start_full	end_full
1	-2.7462	acs_inst_I.pm_r[J]	pm_normalize_inst.pm_nom_r[I][J]	acs_inst_43.pm_r[7]$_DFF_PN0_/Q	pm_normalize_inst.pm_nom_r[53][6]$_DFFE_PN0P_/D
2	-1.3161	register_num_i[I]	pm_normalize_inst.pm_nom_r[I][J]	register_num_i[1]	pm_normalize_inst.pm_nom_r[21][0]$_DFFE_PN0P_/D
3	-0.2768	src_rdata_i[I]	bmu_inst_I.bm_r[J]	src_rdata_i[20]	bmu_inst_63.bm_r[7]$_DFF_PN0_/D
4	-0.1115	register_num_i[I]	acs_inst_I.pm_r[J]	register_num_i[1]	acs_inst_45.pm_r[1]$_DFF_PN0_/D
5	-0.0447	register_num_i[I]	acs_inst_I.survivor_path_r	register_num_i[1]	acs_inst_27.survivor_path_r$_DFF_PN0_/D
6	0.5234	bmu_inst_I.bm_r[J]	acs_inst_I.pm_r[J]	bmu_inst_63.bm_r[0]$_DFF_PN0_/Q	acs_inst_45.pm_r[1]$_DFF_PN0_/D
7	0.5608	register_num_i[I]	bmu_inst_I.low_codeword_tmp[J]	register_num_i[1]	bmu_inst_56.low_codeword_tmp[3]$_DFFE_PN0P_/D
8	0.5803	bmu_inst_I.bm_r[J]	acs_inst_I.survivor_path_r	bmu_inst_63.bm_r[0]$_DFF_PN0_/Q	acs_inst_30.survivor_path_r$_DFF_PN0_/D
9	0.6032	rst_sync_i	pm_normalize_inst.pm_nom_r[I][J]	rst_sync_i	pm_normalize_inst.pm_nom_r[22][0]$_DFFE_PN0P_/D
10	0.6346	infobit_length_i[I]	src_addr_r[I]	infobit_length_i[7]	src_addr_r[10]$_DFFE_PN0P_/D
11	0.6404	frame_start_i	pm_normalize_inst.pm_nom_r[I][J]	frame_start_i	pm_normalize_inst.pm_nom_r[22][0]$_DFFE_PN0P_/D
12	0.6513	frame_start_i	fetch_src_cnt_r[I]	frame_start_i	fetch_src_cnt_r[11]$_DFFE_PN0P_/D
13	0.6546	polynomialI_i[J]	bmu_inst_I.low_codeword_tmp[J]	polynomial5_i[5]	bmu_inst_58.low_codeword_tmp[4]$_DFFE_PN0P_/D
14	0.6547	rst_sync_i	fetch_src_cnt_r[I]	rst_sync_i	fetch_src_cnt_r[11]$_DFFE_PN0P_/D
15	0.6708	infobit_length_i[I]	src_len_counter_r[I]	infobit_length_i[7]	src_len_counter_r[5]$_DFFE_PN0P_/D
16	0.6781	valid_polynomials_i[I]	bmu_inst_I.bm_r[J]	valid_polynomials_i[0]	bmu_inst_45.bm_r[1]$_DFF_PN0_/D
17	0.6996	valid_polynomials_i[I]	bmu_inst_I.low_codeword[J]	valid_polynomials_i[0]	bmu_inst_1.low_codeword[2]$_DFFE_PN0P_/D
18	0.7084	register_num_i[I]	acs_en_r[I]	register_num_i[1]	acs_en_r[15]$_DFFE_PN0P_/D
19	0.7181	rst_sync_i	src_len_counter_r[I]	rst_sync_i	src_len_counter_r[5]$_DFFE_PN0P_/D
20	0.7292	frame_start_i	src_addr_r[I]	frame_start_i	src_addr_r[10]$_DFFE_PN0P_/D
21	0.7421	rst_sync_i	acs_inst_I.pm_r[J]	rst_sync_i	acs_inst_62.pm_r[0]$_DFF_PN0_/D
22	0.7527	rst_sync_i	acs_inst_I.survivor_path_r	rst_sync_i	acs_inst_42.survivor_path_r$_DFF_PN0_/D
23	0.7528	rst_sync_i	src_addr_r[I]	rst_sync_i	src_addr_r[10]$_DFFE_PN0P_/D
24	0.7554	frame_start_i	src_len_counter_r[I]	frame_start_i	src_len_counter_r[5]$_DFFE_PN0P_/D
25	0.7565	tail_biting_en_i	pm_normalize_inst.pm_nom_r[I][J]	tail_biting_en_i	pm_normalize_inst.pm_nom_r[10][8]$_DFFE_PN0P_/D
26	0.7735	rst_sync_i	bmu_inst_I.low_codeword[J]	rst_sync_i	bmu_inst_1.low_codeword[0]$_DFFE_PN0P_/D
27	0.7751	bmu_inst_I.low_codeword[J]	bmu_inst_I.bm_r[J]	bmu_inst_63.low_codeword[4]$_DFFE_PN0P_/Q	bmu_inst_63.bm_r[7]$_DFF_PN0_/D
28	0.7862	rst_sync_i	bmu_inst_I.low_codeword_tmp[J]	rst_sync_i	bmu_inst_44.low_codeword_tmp[4]$_DFFE_PN0P_/D
29	0.7902	rst_sync_i	trellis_idx_r[I]	rst_sync_i	trellis_idx_r[5]$_DFFE_PN0P_/D
30	0.7905	rst_sync_i	bmu_inst_I.bm_r[J]	rst_sync_i	bmu_inst_0.bm_r[8]$_DFF_PN0_/D
31	0.7929	frame_start_i	dst_addr_r[I]	frame_start_i	dst_addr_r[4]$_DFFE_PN0P_/D
32	0.7949	frame_start_i	trellis_idx_r[I]	frame_start_i	trellis_idx_r[5]$_DFFE_PN0P_/D
33	0.8057	rst_sync_i	state_r[I]	rst_sync_i	state_r[0]$_DFF_PN1_/D
34	0.8078	rst_sync_i	byte_idx_r[I]	rst_sync_i	byte_idx_r[0]$_DFF_PN0_/D
35	0.8087	acs_inst_I.valid_r	tb_addr_o[I]	acs_inst_0.valid_r$_DFF_PN0_/Q	tb_addr_o[0]
36	0.8118	frame_start_i	state_r[I]	frame_start_i	state_r[1]$_DFF_PN0_/D
37	0.8166	rst_sync_i	dst_addr_r[I]	rst_sync_i	dst_addr_r[4]$_DFFE_PN0P_/D
38	0.8208	frame_start_i	bmu_inst_I.ready_r	frame_start_i	bmu_inst_0.ready_r$_DFFE_PN0P_/D
39	0.8208	frame_start_i	frame_done_r	frame_start_i	frame_done_r$_DFFE_PN0P_/D
40	0.8208	frame_start_i	tb_len_r[I]	frame_start_i	tb_len_r[0]$_DFFE_PN0P_/D
41	0.8208	frame_start_i	tb_wr_addr_r[I]	frame_start_i	tb_wr_addr_r[0]$_DFFE_PN0P_/D
42	0.8242	rst_sync_i	bmu_inst_I.ready_r	rst_sync_i	bmu_inst_0.ready_r$_DFFE_PN0P_/D
43	0.8242	rst_sync_i	frame_done_r	rst_sync_i	frame_done_r$_DFFE_PN0P_/D
44	0.8242	rst_sync_i	tb_len_r[I]	rst_sync_i	tb_len_r[0]$_DFFE_PN0P_/D
45	0.8242	rst_sync_i	tb_wr_addr_r[I]	rst_sync_i	tb_wr_addr_r[0]$_DFFE_PN0P_/D
46	0.8292	frame_start_i	half_tb_start_r	frame_start_i	half_tb_start_r$_DFFE_PN0P_/D
47	0.8292	frame_start_i	last_loop_r	frame_start_i	last_loop_r$_DFFE_PN0P_/D
48	0.8326	rst_sync_i	half_tb_start_r	rst_sync_i	half_tb_start_r$_DFFE_PN0P_/D
49	0.8326	rst_sync_i	last_loop_r	rst_sync_i	last_loop_r$_DFFE_PN0P_/D
50	0.8368	rst_sync_i	dst_wr_r	rst_sync_i	dst_wr_r$_DFF_PN0_/D
51	0.8372	tail_biting_en_i	trellis_idx_r[I]	tail_biting_en_i	trellis_idx_r[5]$_DFFE_PN0P_/D
52	0.8451	frame_start_i	byte_idx_r[I]	frame_start_i	byte_idx_r[0]$_DFF_PN0_/D
53	0.8467	rst_sync_i	acs_en_r[I]	rst_sync_i	acs_en_r[31]$_DFFE_PN0P_/D
54	0.8482	frame_start_i	busy_r	frame_start_i	busy_r$_DFFE_PN0P_/D
55	0.8486	rst_sync_i	first_loop_r	rst_sync_i	first_loop_r$_DFFE_PN0P_/D
56	0.8486	rst_sync_i	flush_all_start_r	rst_sync_i	flush_all_start_r$_DFFE_PN0P_/D
57	0.8486	rst_sync_i	full_tb_start_r	rst_sync_i	full_tb_start_r$_DFFE_PN0P_/D
58	0.8503	frame_start_i	acs_en_r[I]	frame_start_i	acs_en_r[15]$_DFFE_PN0P_/D
59	0.8620	rst_sync_i	acs_inst_I.valid_r	rst_sync_i	acs_inst_0.valid_r$_DFF_PN0_/D
60	0.8700	rst_sync_i	src_rd_r	rst_sync_i	src_rd_r$_DFFE_PN0P_/D
61	0.8737	rst_sync_i	traceback_ins.tb_addr_r[I]	rst_sync_i	traceback_ins.tb_addr_r[4]$_DFFE_PN0P_/D
62	0.8740	frame_start_i	dst_wr_r	frame_start_i	dst_wr_r$_DFF_PN0_/D
63	0.8830	rst_sync_i	traceback_start_r	rst_sync_i	traceback_start_r$_DFF_PN0_/D
64	0.8847	frame_start_i	bmu_inst_I.calc_polyn_en	frame_start_i	bmu_inst_18.calc_polyn_en$_DFF_PN0_/D
65	0.8859	frame_start_i	first_loop_r	frame_start_i	first_loop_r$_DFFE_PN0P_/D
66	0.8859	frame_start_i	flush_all_start_r	frame_start_i	flush_all_start_r$_DFFE_PN0P_/D
67	0.8859	frame_start_i	full_tb_start_r	frame_start_i	full_tb_start_r$_DFFE_PN0P_/D
68	0.8886	pm_normalize_inst.pm_nom_r[I][J]	acs_inst_I.pm_r[J]	pm_normalize_inst.pm_nom_r[26][1]$_DFFE_PN0P_/Q	acs_inst_45.pm_r[1]$_DFF_PN0_/D
69	0.8909	rst_sync_i	traceback_ins.tb_counter_r[I]	rst_sync_i	traceback_ins.tb_counter_r[0]$_DFFE_PN0P_/D
70	0.8972	rst_sync_i	traceback_ins.tb_rd_r	rst_sync_i	traceback_ins.tb_rd_r$_DFF_PN0_/D
71	0.8974	rst_sync_i	busy_r	rst_sync_i	busy_r$_DFFE_PN0P_/D
72	0.8974	rst_sync_i	decoding_start_r	rst_sync_i	decoding_start_r$_DFF_PN0_/D
73	0.9015	rst_sync_i	dst_wr_dI_r	rst_sync_i	dst_wr_d1_r$_DFF_PN0_/D
74	0.9072	frame_start_i	src_rd_r	frame_start_i	src_rd_r$_DFFE_PN0P_/D
75	0.9083	rst_sync_i	bmu_inst_I.calc_polyn_en	rst_sync_i	bmu_inst_18.calc_polyn_en$_DFF_PN0_/D
76	0.9271	rst_sync_i	bmu_inst_I.calc_codeword_en	rst_sync_i	bmu_inst_54.calc_codeword_en$_DFF_PN0_/D
77	0.9274	rst_sync_i	bmu_ready_dI_r	rst_sync_i	bmu_ready_d1_r$_DFF_PN1_/D
78	0.9436	decoding_length_i[I]	trellis_idx_r[I]	decoding_length_i[6]	trellis_idx_r[6]$_DFFE_PN0P_/D
79	0.9439	infobit_length_i[I]	trellis_idx_r[I]	infobit_length_i[6]	trellis_idx_r[6]$_DFFE_PN0P_/D
80	0.9628	tb_wr_addr_r[I]	tb_addr_o[I]	tb_wr_addr_r[3]$_DFFE_PN0P_/Q	tb_addr_o[3]
81	0.9706	pm_normalize_inst.pm_nom_r[I][J]	acs_inst_I.survivor_path_r	pm_normalize_inst.pm_nom_r[29][1]$_DFFE_PN0P_/Q	acs_inst_27.survivor_path_r$_DFF_PN0_/D
82	0.9912	traceback_ins.tb_addr_r[I]	tb_addr_o[I]	traceback_ins.tb_addr_r[3]$_DFFE_PN0P_/Q	tb_addr_o[3]
83	0.9922	dst_start_addr_i[I]	dst_addr_r[I]	dst_start_addr_i[9]	dst_addr_r[9]$_DFFE_PN0P_/D
84	1.0002	rst_sync_i	soft_data_valid_r	rst_sync_i	soft_data_valid_r$_DFF_PN0_/D
85	1.0062	rst_sync_i	bmu_inst_I.bm_valid_r	rst_sync_i	bmu_inst_18.bm_valid_r$_DFF_PN0_/D
86	1.0086	src_start_addr_i[I]	src_addr_r[I]	src_start_addr_i[10]	src_addr_r[10]$_DFFE_PN0P_/D
87	1.0196	acs_inst_I.survivor_path_r	tb_wdata_o[I]	acs_inst_0.survivor_path_r$_DFF_PN0_/Q	tb_wdata_o[0]
88	1.0208	dst_addr_r[I]	dst_addr_o[I]	dst_addr_r[1]$_DFFE_PN0P_/Q	dst_addr_o[1]
89	1.0208	src_addr_r[I]	src_addr_o[I]	src_addr_r[1]$_DFFE_PN0P_/Q	src_addr_o[1]
90	1.0303	src_rd_r	src_rd_o	src_rd_r$_DFFE_PN0P_/Q	src_rd_o
91	1.0346	frame_done_r	frame_done_o	frame_done_r$_DFFE_PN0P_/Q	frame_done_o
92	1.0346	busy_r	busy_o	busy_r$_DFFE_PN0P_/Q	busy_o
93	1.0367	dst_wr_r	dst_wr_o	dst_wr_r$_DFF_PN0_/Q	dst_wr_o
94	1.0367	acs_inst_I.valid_r	tb_wr_o	acs_inst_0.valid_r$_DFF_PN0_/Q	tb_wr_o
95	1.0396	traceback_ins.tb_rd_r	tb_rd_o	traceback_ins.tb_rd_r$_DFF_PN0_/Q	tb_rd_o
96	1.2945	src_len_counter_r[I]	src_addr_r[I]	src_len_counter_r[7]$_DFFE_PN0P_/Q	src_addr_r[10]$_DFFE_PN0P_/D
97	1.3160	fetch_src_cnt_r[I]	src_len_counter_r[I]	fetch_src_cnt_r[5]$_DFFE_PN0P_/Q	src_len_counter_r[11]$_DFFE_PN0P_/D
98	1.3306	src_len_counter_r[I]	src_len_counter_r[I]	src_len_counter_r[7]$_DFFE_PN0P_/Q	src_len_counter_r[5]$_DFFE_PN0P_/D
99	1.3491	full_tb_start_r	fetch_src_cnt_r[I]	full_tb_start_r$_DFFE_PN0P_/Q	fetch_src_cnt_r[11]$_DFFE_PN0P_/D
100	1.3582	src_addr_r[I]	src_addr_r[I]	src_addr_r[1]$_DFFE_PN0P_/Q	src_addr_r[11]$_DFFE_PN0P_/D
101	1.3705	half_tb_start_r	fetch_src_cnt_r[I]	half_tb_start_r$_DFFE_PN0P_/Q	fetch_src_cnt_r[11]$_DFFE_PN0P_/D
102	1.3709	acs_inst_I.valid_r	pm_normalize_inst.pm_nom_r[I][J]	acs_inst_0.valid_r$_DFF_PN0_/Q	pm_normalize_inst.pm_nom_r[22][0]$_DFFE_PN0P_/D
103	1.3743	flush_all_start_r	fetch_src_cnt_r[I]	flush_all_start_r$_DFFE_PN0P_/Q	fetch_src_cnt_r[11]$_DFFE_PN0P_/D
104	1.3779	src_rd_r	fetch_src_cnt_r[I]	src_rd_r$_DFFE_PN0P_/Q	fetch_src_cnt_r[11]$_DFFE_PN0P_/D
105	1.3908	trellis_idx_r[I]	full_tb_start_r	trellis_idx_r[10]$_DFFE_PN0P_/Q	full_tb_start_r$_DFFE_PN0P_/D
106	1.3952	trellis_idx_r[I]	half_tb_start_r	trellis_idx_r[10]$_DFFE_PN0P_/Q	half_tb_start_r$_DFFE_PN0P_/D
107	1.3988	trellis_idx_r[I]	flush_all_start_r	trellis_idx_r[10]$_DFFE_PN0P_/Q	flush_all_start_r$_DFFE_PN0P_/D
108	1.4046	fetch_src_cnt_r[I]	fetch_src_cnt_r[I]	fetch_src_cnt_r[0]$_DFFE_PN0P_/Q	fetch_src_cnt_r[11]$_DFFE_PN0P_/D
109	1.4120	trellis_idx_r[I]	first_loop_r	trellis_idx_r[10]$_DFFE_PN0P_/Q	first_loop_r$_DFFE_PN0P_/D
110	1.4223	fetch_src_cnt_r[I]	src_rd_r	fetch_src_cnt_r[5]$_DFFE_PN0P_/Q	src_rd_r$_DFFE_PN0P_/D
111	1.4263	trellis_idx_r[I]	trellis_idx_r[I]	trellis_idx_r[6]$_DFFE_PN0P_/QN	trellis_idx_r[12]$_DFFE_PN0P_/D
112	1.4274	traceback_ins.tb_counter_r[I]	traceback_ins.tb_addr_r[I]	traceback_ins.tb_counter_r[1]$_DFFE_PN0P_/QN	traceback_ins.tb_addr_r[0]$_DFFE_PN0P_/D
113	1.4394	dst_addr_r[I]	dst_addr_r[I]	dst_addr_r[3]$_DFFE_PN0P_/Q	dst_addr_r[11]$_DFFE_PN0P_/D
114	1.4460	acs_inst_I.valid_r	src_len_counter_r[I]	acs_inst_0.valid_r$_DFF_PN0_/Q	src_len_counter_r[5]$_DFFE_PN0P_/D
115	1.4599	bmu_inst_I.bm_valid_r	acs_inst_I.pm_r[J]	bmu_inst_18.bm_valid_r$_DFF_PN0_/Q	acs_inst_62.pm_r[0]$_DFF_PN0_/D
116	1.4608	state_r[I]	first_loop_r	state_r[4]$_DFF_PN0_/Q	first_loop_r$_DFFE_PN0P_/D
117	1.4669	state_r[I]	flush_all_start_r	state_r[4]$_DFF_PN0_/Q	flush_all_start_r$_DFFE_PN0P_/D
118	1.4675	bmu_inst_I.calc_polyn_en	bmu_inst_I.low_codeword_tmp[J]	bmu_inst_18.calc_polyn_en$_DFF_PN0_/Q	bmu_inst_44.low_codeword_tmp[4]$_DFFE_PN0P_/D
119	1.4684	full_tb_start_r	src_len_counter_r[I]	full_tb_start_r$_DFFE_PN0P_/Q	src_len_counter_r[5]$_DFFE_PN0P_/D
120	1.4705	bmu_inst_I.bm_valid_r	acs_inst_I.survivor_path_r	bmu_inst_18.bm_valid_r$_DFF_PN0_/Q	acs_inst_42.survivor_path_r$_DFF_PN0_/D
121	1.4737	traceback_ins.tb_counter_r[I]	traceback_ins.tb_counter_r[I]	traceback_ins.tb_counter_r[1]$_DFFE_PN0P_/QN	traceback_ins.tb_counter_r[0]$_DFFE_PN0P_/D
122	1.4753	bmu_inst_I.calc_codeword_en	bmu_inst_I.low_codeword[J]	bmu_inst_54.calc_codeword_en$_DFF_PN0_/Q	bmu_inst_1.low_codeword[0]$_DFFE_PN0P_/D
123	1.4772	traceback_ins.tb_addr_r[I]	traceback_ins.tb_addr_r[I]	traceback_ins.tb_addr_r[1]$_DFFE_PN0P_/Q	traceback_ins.tb_addr_r[5]$_DFFE_PN0P_/D
124	1.4837	dst_wr_r	trellis_idx_r[I]	dst_wr_r$_DFF_PN0_/QN	trellis_idx_r[5]$_DFFE_PN0P_/D
125	1.4844	src_rd_r	src_addr_r[I]	src_rd_r$_DFFE_PN0P_/Q	src_addr_r[10]$_DFFE_PN0P_/D
126	1.4850	fetch_src_cnt_r[I]	traceback_start_r	fetch_src_cnt_r[5]$_DFFE_PN0P_/Q	traceback_start_r$_DFF_PN0_/D
127	1.4896	flush_all_start_r	src_len_counter_r[I]	flush_all_start_r$_DFFE_PN0P_/Q	src_len_counter_r[11]$_DFFE_PN0P_/D
128	1.4898	half_tb_start_r	src_len_counter_r[I]	half_tb_start_r$_DFFE_PN0P_/Q	src_len_counter_r[5]$_DFFE_PN0P_/D
129	1.4918	dst_wr_dI_r	trellis_idx_r[I]	dst_wr_d1_r$_DFF_PN0_/Q	trellis_idx_r[5]$_DFFE_PN0P_/D
130	1.4993	dst_wr_r	dst_addr_r[I]	dst_wr_r$_DFF_PN0_/Q	dst_addr_r[7]$_DFFE_PN0P_/D
131	1.5005	state_r[I]	trellis_idx_r[I]	state_r[3]$_DFF_PN0_/Q	trellis_idx_r[5]$_DFFE_PN0P_/D
132	1.5023	trellis_idx_r[I]	state_r[I]	trellis_idx_r[10]$_DFFE_PN0P_/Q	state_r[2]$_DFF_PN0_/D
133	1.5106	soft_data_valid_r	bmu_inst_I.bm_r[J]	soft_data_valid_r$_DFF_PN0_/Q	bmu_inst_0.bm_r[8]$_DFF_PN0_/D
134	1.5130	acs_en_r[I]	acs_inst_I.pm_r[J]	acs_en_r[62]$_DFFE_PN0P_/QN	acs_inst_62.pm_r[0]$_DFF_PN0_/D
135	1.5140	acs_inst_I.valid_r	tb_wr_addr_r[I]	acs_inst_0.valid_r$_DFF_PN0_/Q	tb_wr_addr_r[0]$_DFFE_PN0P_/D
136	1.5166	traceback_ins.tb_counter_r[I]	traceback_ins.tb_rd_r	traceback_ins.tb_counter_r[1]$_DFFE_PN0P_/QN	traceback_ins.tb_rd_r$_DFF_PN0_/D
137	1.5291	acs_inst_I.valid_r	traceback_start_r	acs_inst_0.valid_r$_DFF_PN0_/Q	traceback_start_r$_DFF_PN0_/D
138	1.5296	acs_en_r[I]	acs_inst_I.survivor_path_r	acs_en_r[62]$_DFFE_PN0P_/QN	acs_inst_55.survivor_path_r$_DFF_PN0_/D
139	1.5521	decoding_start_r	full_tb_start_r	decoding_start_r$_DFF_PN0_/Q	full_tb_start_r$_DFFE_PN0P_/D
140	1.5649	state_r[I]	full_tb_start_r	state_r[0]$_DFF_PN1_/Q	full_tb_start_r$_DFFE_PN0P_/D
141	1.5663	state_r[I]	state_r[I]	state_r[4]$_DFF_PN0_/Q	state_r[3]$_DFF_PN0_/D
142	1.5695	tb_wr_addr_r[I]	tb_wr_addr_r[I]	tb_wr_addr_r[2]$_DFFE_PN0P_/Q	tb_wr_addr_r[5]$_DFFE_PN0P_/D
143	1.5711	state_r[I]	tb_len_r[I]	state_r[4]$_DFF_PN0_/Q	tb_len_r[1]$_DFFE_PN0P_/D
144	1.5712	traceback_start_r	traceback_ins.tb_addr_r[I]	traceback_start_r$_DFF_PN0_/Q	traceback_ins.tb_addr_r[0]$_DFFE_PN0P_/D
145	1.5717	state_r[I]	half_tb_start_r	state_r[0]$_DFF_PN1_/Q	half_tb_start_r$_DFFE_PN0P_/D
146	1.5798	bmu_inst_I.bm_valid_r	acs_inst_I.valid_r	bmu_inst_18.bm_valid_r$_DFF_PN0_/Q	acs_inst_0.valid_r$_DFF_PN0_/D
147	1.5825	state_r[I]	last_loop_r	state_r[1]$_DFF_PN0_/Q	last_loop_r$_DFFE_PN0P_/D
148	1.5831	traceback_start_r	traceback_ins.tb_counter_r[I]	traceback_start_r$_DFF_PN0_/Q	traceback_ins.tb_counter_r[2]$_DFFE_PN0P_/D
149	1.5838	decoding_start_r	first_loop_r	decoding_start_r$_DFF_PN0_/Q	first_loop_r$_DFFE_PN0P_/D
150	1.5848	full_tb_start_r	src_rd_r	full_tb_start_r$_DFFE_PN0P_/Q	src_rd_r$_DFFE_PN0P_/D
151	1.5957	decoding_start_r	half_tb_start_r	decoding_start_r$_DFF_PN0_/QN	half_tb_start_r$_DFFE_PN0P_/D
152	1.5960	flush_all_start_r	src_rd_r	flush_all_start_r$_DFFE_PN0P_/Q	src_rd_r$_DFFE_PN0P_/D
153	1.5977	half_tb_start_r	src_rd_r	half_tb_start_r$_DFFE_PN0P_/Q	src_rd_r$_DFFE_PN0P_/D
154	1.5978	acs_inst_I.valid_r	src_rd_r	acs_inst_0.valid_r$_DFF_PN0_/Q	src_rd_r$_DFFE_PN0P_/D
155	1.6005	decoding_start_r	flush_all_start_r	decoding_start_r$_DFF_PN0_/Q	flush_all_start_r$_DFFE_PN0P_/D
156	1.6046	dst_wr_dI_r	first_loop_r	dst_wr_d1_r$_DFF_PN0_/Q	first_loop_r$_DFFE_PN0P_/D
157	1.6084	bmu_inst_I.calc_polyn_en	bmu_inst_I.calc_codeword_en	bmu_inst_18.calc_polyn_en$_DFF_PN0_/Q	bmu_inst_54.calc_codeword_en$_DFF_PN0_/D
158	1.6107	dst_wr_r	first_loop_r	dst_wr_r$_DFF_PN0_/QN	first_loop_r$_DFFE_PN0P_/D
159	1.6111	trellis_idx_r[I]	fetch_src_cnt_r[I]	trellis_idx_r[8]$_DFFE_PN0P_/Q	fetch_src_cnt_r[8]$_DFFE_PN0P_/D
160	1.6125	dst_wr_r	last_loop_r	dst_wr_r$_DFF_PN0_/QN	last_loop_r$_DFFE_PN0P_/D
161	1.6177	dst_wr_dI_r	last_loop_r	dst_wr_d1_r$_DFF_PN0_/Q	last_loop_r$_DFFE_PN0P_/D
162	1.6230	flush_all_start_r	flush_all_start_r	flush_all_start_r$_DFFE_PN0P_/Q	flush_all_start_r$_DFFE_PN0P_/D
163	1.6265	trellis_idx_r[I]	tb_len_r[I]	trellis_idx_r[5]$_DFFE_PN0P_/Q	tb_len_r[5]$_DFFE_PN0P_/D
164	1.6313	byte_idx_r[I]	byte_idx_r[I]	byte_idx_r[1]$_DFF_PN0_/Q	byte_idx_r[3]$_DFF_PN0_/D
165	1.6315	pm_normalize_inst.pm_nom_r[I][J]	pm_normalize_inst.pm_nom_r[I][J]	pm_normalize_inst.pm_nom_r[32][8]$_DFFE_PN0P_/Q	pm_normalize_inst.pm_nom_r[32][8]$_DFFE_PN0P_/D
166	1.6438	acs_en_r[I]	acs_inst_I.valid_r	acs_en_r[7]$_DFFE_PN0P_/QN	acs_inst_0.valid_r$_DFF_PN0_/D
167	1.6450	state_r[I]	busy_r	state_r[0]$_DFF_PN1_/Q	busy_r$_DFFE_PN0P_/D
168	1.6477	first_loop_r	tb_len_r[I]	first_loop_r$_DFFE_PN0P_/Q	tb_len_r[5]$_DFFE_PN0P_/D
169	1.6484	state_r[I]	frame_done_r	state_r[0]$_DFF_PN1_/Q	frame_done_r$_DFFE_PN0P_/D
170	1.6493	dst_wr_dI_r	state_r[I]	dst_wr_d1_r$_DFF_PN0_/Q	state_r[1]$_DFF_PN0_/D
171	1.6506	full_tb_start_r	full_tb_start_r	full_tb_start_r$_DFFE_PN0P_/Q	full_tb_start_r$_DFFE_PN0P_/D
172	1.6538	half_tb_start_r	half_tb_start_r	half_tb_start_r$_DFFE_PN0P_/Q	half_tb_start_r$_DFFE_PN0P_/D
173	1.6554	dst_wr_r	state_r[I]	dst_wr_r$_DFF_PN0_/QN	state_r[1]$_DFF_PN0_/D
174	1.6564	decoding_start_r	state_r[I]	decoding_start_r$_DFF_PN0_/Q	state_r[0]$_DFF_PN1_/D
175	1.6587	last_loop_r	last_loop_r	last_loop_r$_DFFE_PN0P_/Q	last_loop_r$_DFFE_PN0P_/D
176	1.6637	tb_len_r[I]	tb_len_r[I]	tb_len_r[6]$_DFFE_PN0P_/Q	tb_len_r[6]$_DFFE_PN0P_/D
177	1.6646	bmu_inst_I.ready_r	state_r[I]	bmu_inst_0.ready_r$_DFFE_PN0P_/Q	state_r[0]$_DFF_PN1_/D
178	1.6681	tb_wr_addr_r[I]	traceback_ins.tb_addr_r[I]	tb_wr_addr_r[3]$_DFFE_PN0P_/Q	traceback_ins.tb_addr_r[3]$_DFFE_PN0P_/D
179	1.6713	last_loop_r	busy_r	last_loop_r$_DFFE_PN0P_/Q	busy_r$_DFFE_PN0P_/D
180	1.6718	byte_idx_r[I]	dst_wr_r	byte_idx_r[1]$_DFF_PN0_/QN	dst_wr_r$_DFF_PN0_/D
181	1.6721	dst_wr_r	dst_wr_dI_r	dst_wr_r$_DFF_PN0_/Q	dst_wr_d1_r$_DFF_PN0_/D
182	1.6739	first_loop_r	first_loop_r	first_loop_r$_DFFE_PN0P_/Q	first_loop_r$_DFFE_PN0P_/D
183	1.6778	bmu_inst_I.low_codeword_tmp[J]	bmu_inst_I.low_codeword_tmp[J]	bmu_inst_40.low_codeword_tmp[5]$_DFFE_PN0P_/Q	bmu_inst_40.low_codeword_tmp[5]$_DFFE_PN0P_/D
184	1.6818	dst_wr_r	busy_r	dst_wr_r$_DFF_PN0_/QN	busy_r$_DFFE_PN0P_/D
185	1.6881	bmu_inst_I.low_codeword[J]	bmu_inst_I.low_codeword[J]	bmu_inst_1.low_codeword[0]$_DFFE_PN0P_/Q	bmu_inst_1.low_codeword[0]$_DFFE_PN0P_/D
186	1.6954	last_loop_r	frame_done_r	last_loop_r$_DFFE_PN0P_/Q	frame_done_r$_DFFE_PN0P_/D
187	1.6992	tb_len_r[I]	traceback_ins.tb_counter_r[I]	tb_len_r[0]$_DFFE_PN0P_/Q	traceback_ins.tb_counter_r[1]$_DFFE_PN0P_/D
188	1.7047	bmu_ready_dI_r	state_r[I]	bmu_ready_d1_r$_DFF_PN1_/QN	state_r[0]$_DFF_PN1_/D
189	1.7059	dst_wr_r	frame_done_r	dst_wr_r$_DFF_PN0_/QN	frame_done_r$_DFFE_PN0P_/D
190	1.7061	bmu_inst_I.ready_r	decoding_start_r	bmu_inst_0.ready_r$_DFFE_PN0P_/Q	decoding_start_r$_DFF_PN0_/D
191	1.7066	src_rd_r	soft_data_valid_r	src_rd_r$_DFFE_PN0P_/Q	soft_data_valid_r$_DFF_PN0_/D
192	1.7091	frame_done_r	frame_done_r	frame_done_r$_DFFE_PN0P_/Q	frame_done_r$_DFFE_PN0P_/D
193	1.7107	bmu_inst_I.low_codeword_tmp[J]	bmu_inst_I.low_codeword[J]	bmu_inst_10.low_codeword_tmp[0]$_DFFE_PN0P_/Q	bmu_inst_10.low_codeword[0]$_DFFE_PN0P_/D
194	1.7120	acs_en_r[I]	acs_en_r[I]	acs_en_r[15]$_DFFE_PN0P_/Q	acs_en_r[15]$_DFFE_PN0P_/D
195	1.7128	src_rd_r	src_rd_r	src_rd_r$_DFFE_PN0P_/Q	src_rd_r$_DFFE_PN0P_/D
196	1.7131	bmu_inst_I.calc_codeword_en	bmu_inst_I.ready_r	bmu_inst_54.calc_codeword_en$_DFF_PN0_/Q	bmu_inst_0.ready_r$_DFFE_PN0P_/D
197	1.7137	bmu_inst_I.ready_r	bmu_inst_I.ready_r	bmu_inst_0.ready_r$_DFFE_PN0P_/Q	bmu_inst_0.ready_r$_DFFE_PN0P_/D
198	1.7154	busy_r	busy_r	busy_r$_DFFE_PN0P_/Q	busy_r$_DFFE_PN0P_/D
199	1.7264	soft_data_valid_r	bmu_inst_I.bm_valid_r	soft_data_valid_r$_DFF_PN0_/Q	bmu_inst_18.bm_valid_r$_DFF_PN0_/D
200	1.7317	bmu_inst_I.ready_r	bmu_ready_dI_r	bmu_inst_0.ready_r$_DFFE_PN0P_/Q	bmu_ready_d1_r$_DFF_PN1_/D
201	1.7462	bmu_ready_dI_r	decoding_start_r	bmu_ready_d1_r$_DFF_PN1_/QN	decoding_start_r$_DFF_PN0_/D
