# stage	1_synth
# top_module	sha512
# top_n	100
# kind	blocks
# skip_async	1
# include_full	1
# rank	worst_slack_ns	start	end	start_full	end_full
1	-0.2124	address[I]	read_data[I]	address[4]	read_data[11]
2	-0.1624	core.e_reg[I]	core.e_reg[I]	core.e_reg[1]$_DFFE_PN0P_/Q	core.e_reg[63]$_DFFE_PN0P_/D
3	-0.1617	address[I]	error	address[4]	error
4	-0.1337	core.e_reg[I]	core.a_reg[I]	core.e_reg[1]$_DFFE_PN0P_/Q	core.a_reg[63]$_DFFE_PN0P_/D
5	-0.1219	core.f_reg[I]	core.e_reg[I]	core.f_reg[1]$_DFFE_PN0P_/Q	core.e_reg[63]$_DFFE_PN0P_/D
6	-0.1174	core.g_reg[I]	core.e_reg[I]	core.g_reg[1]$_DFFE_PN0P_/Q	core.e_reg[63]$_DFFE_PN0P_/D
7	-0.0931	core.f_reg[I]	core.a_reg[I]	core.f_reg[1]$_DFFE_PN0P_/Q	core.a_reg[63]$_DFFE_PN0P_/D
8	-0.0886	core.g_reg[I]	core.a_reg[I]	core.g_reg[1]$_DFFE_PN0P_/Q	core.a_reg[63]$_DFFE_PN0P_/D
9	-0.0059	core.w_mem_inst.w_next_reg[I]	core.e_reg[I]	core.w_mem_inst.w_next_reg[1]$_DFFE_PN0P_/Q	core.e_reg[63]$_DFFE_PN0P_/D
10	0.0228	core.w_mem_inst.w_next_reg[I]	core.a_reg[I]	core.w_mem_inst.w_next_reg[1]$_DFFE_PN0P_/Q	core.a_reg[63]$_DFFE_PN0P_/D
11	0.0850	we	read_data[I]	we	read_data[10]
12	0.0946	core.hk_reg[I]	core.e_reg[I]	core.hk_reg[1]$_DFFE_PN0P_/Q	core.e_reg[63]$_DFFE_PN0P_/D
13	0.1030	cs	read_data[I]	cs	read_data[10]
14	0.1234	core.hk_reg[I]	core.a_reg[I]	core.hk_reg[1]$_DFFE_PN0P_/Q	core.a_reg[63]$_DFFE_PN0P_/D
15	0.2562	we	error	we	error
16	0.2711	cs	error	cs	error
17	0.3113	core.round_ctr_reg[I]	core.hk_reg[I]	core.round_ctr_reg[1]$_DFFE_PN0P_/Q	core.hk_reg[36]$_DFFE_PN0P_/D
18	0.3424	address[I]	block_reg[I][J]	address[4]	block_reg[19][10]$_DFFE_PN0P_/D
19	0.3872	core.work_factor_ctr_reg[I]	core.hk_reg[I]	core.work_factor_ctr_reg[17]$_DFFE_PN0P_/Q	core.hk_reg[54]$_DFFE_PN0P_/D
20	0.3939	address[I]	work_factor_num_reg[I]	address[4]	work_factor_num_reg[10]$_DFFE_PN0P_/D
21	0.4003	work_factor_num_reg[I]	core.hk_reg[I]	work_factor_num_reg[17]$_DFFE_PN1P_/QN	core.hk_reg[36]$_DFFE_PN0P_/D
22	0.4151	address[I]	work_factor_reg	address[4]	work_factor_reg$_DFFE_PN0P_/D
23	0.4155	address[I]	mode_reg[I]	address[4]	mode_reg[0]$_DFFE_PN1P_/D
24	0.4409	address[I]	init_reg	address[4]	init_reg$_DFF_PN0_/D
25	0.4409	address[I]	next_reg	address[4]	next_reg$_DFF_PN0_/D
26	0.4766	core.shaI_ctrl_reg[J]	core.hk_reg[I]	core.sha512_ctrl_reg[2]$_DFF_PN0_/Q	core.hk_reg[54]$_DFFE_PN0P_/D
27	0.5005	core.w_mem_inst.w_mem[I][J]	core.w_mem_inst.w_next_reg[I]	core.w_mem_inst.w_mem[1][40]$_DFFE_PN0P_/Q	core.w_mem_inst.w_next_reg[62]$_DFFE_PN0P_/D
28	0.5362	core.w_mem_inst.w_mem[I][J]	core.w_mem_inst.w_mem[I][J]	core.w_mem_inst.w_mem[1][21]$_DFFE_PN0P_/Q	core.w_mem_inst.w_mem[15][60]$_DFFE_PN0P_/D
29	0.5710	digest_reg[I]	read_data[I]	digest_reg[141]$_DFFE_PN0P_/Q	read_data[13]
30	0.5828	init_reg	core.hk_reg[I]	init_reg$_DFF_PN0_/Q	core.hk_reg[54]$_DFFE_PN0P_/D
31	0.5895	next_reg	core.hk_reg[I]	next_reg$_DFF_PN0_/Q	core.hk_reg[54]$_DFFE_PN0P_/D
32	0.5896	core.a_reg[I]	core.a_reg[I]	core.a_reg[35]$_DFFE_PN0P_/Q	core.a_reg[63]$_DFFE_PN0P_/D
33	0.5964	mode_reg[I]	core.hk_reg[I]	mode_reg[1]$_DFFE_PN1P_/Q	core.hk_reg[54]$_DFFE_PN0P_/D
34	0.6006	work_factor_reg	core.hk_reg[I]	work_factor_reg$_DFFE_PN0P_/Q	core.hk_reg[36]$_DFFE_PN0P_/D
35	0.6111	block_reg[I][J]	read_data[I]	block_reg[15][4]$_DFFE_PN0P_/Q	read_data[4]
36	0.6225	we	block_reg[I][J]	we	block_reg[19][10]$_DFFE_PN0P_/D
37	0.6305	cs	block_reg[I][J]	cs	block_reg[19][10]$_DFFE_PN0P_/D
38	0.6596	core.c_reg[I]	core.a_reg[I]	core.c_reg[1]$_DFFE_PN0P_/Q	core.a_reg[63]$_DFFE_PN0P_/D
39	0.6620	core.b_reg[I]	core.a_reg[I]	core.b_reg[1]$_DFFE_PN0P_/Q	core.a_reg[63]$_DFFE_PN0P_/D
40	0.6994	we	work_factor_reg	we	work_factor_reg$_DFFE_PN0P_/D
41	0.6998	we	mode_reg[I]	we	mode_reg[0]$_DFFE_PN1P_/D
42	0.7118	cs	work_factor_reg	cs	work_factor_reg$_DFFE_PN0P_/D
43	0.7121	cs	mode_reg[I]	cs	mode_reg[0]$_DFFE_PN1P_/D
44	0.7252	we	init_reg	we	init_reg$_DFF_PN0_/D
45	0.7252	we	next_reg	we	next_reg$_DFF_PN0_/D
46	0.7376	cs	init_reg	cs	init_reg$_DFF_PN0_/D
47	0.7376	cs	next_reg	cs	next_reg$_DFF_PN0_/D
48	0.7540	we	work_factor_num_reg[I]	we	work_factor_num_reg[10]$_DFFE_PN0P_/D
49	0.7590	cs	work_factor_num_reg[I]	cs	work_factor_num_reg[10]$_DFFE_PN0P_/D
50	0.7597	work_factor_num_reg[I]	read_data[I]	work_factor_num_reg[1]$_DFFE_PN0P_/Q	read_data[1]
51	0.7709	work_factor_reg	read_data[I]	work_factor_reg$_DFFE_PN0P_/Q	read_data[7]
52	0.7748	core.HI_reg[J]	core.hk_reg[I]	core.H7_reg[21]$_DFFE_PN0P_/Q	core.hk_reg[54]$_DFFE_PN0P_/D
53	0.7766	mode_reg[I]	read_data[I]	mode_reg[1]$_DFFE_PN1P_/Q	read_data[3]
54	0.7947	next_reg	read_data[I]	next_reg$_DFF_PN0_/Q	read_data[1]
55	0.7963	digest_valid_reg	read_data[I]	digest_valid_reg$_DFF_PN0_/Q	read_data[1]
56	0.7968	init_reg	read_data[I]	init_reg$_DFF_PN0_/Q	read_data[0]
57	0.8034	ready_reg	read_data[I]	ready_reg$_DFF_PN0_/Q	read_data[0]
58	0.8059	write_data[I]	block_reg[I][J]	write_data[2]	block_reg[0][2]$_DFFE_PN0P_/D
59	0.8063	write_data[I]	mode_reg[I]	write_data[2]	mode_reg[0]$_DFFE_PN1P_/D
60	0.8149	core.d_reg[I]	core.e_reg[I]	core.d_reg[22]$_DFFE_PN0P_/Q	core.e_reg[63]$_DFFE_PN0P_/D
61	0.8226	core.g_reg[I]	core.hk_reg[I]	core.g_reg[21]$_DFFE_PN0P_/Q	core.hk_reg[54]$_DFFE_PN0P_/D
62	0.8356	write_data[I]	init_reg	write_data[0]	init_reg$_DFF_PN0_/D
63	0.8356	write_data[I]	next_reg	write_data[1]	next_reg$_DFF_PN0_/D
64	0.8459	core.d_reg[I]	core.HI_reg[J]	core.d_reg[4]$_DFFE_PN0P_/Q	core.H3_reg[43]$_DFFE_PN0P_/D
65	0.8475	core.h_reg[I]	core.HI_reg[J]	core.h_reg[32]$_DFFE_PN0P_/Q	core.H7_reg[63]$_DFFE_PN0P_/D
66	0.8506	core.g_reg[I]	core.HI_reg[J]	core.g_reg[30]$_DFFE_PN0P_/Q	core.H6_reg[61]$_DFFE_PN0P_/D
67	0.8514	core.HI_reg[J]	core.HI_reg[J]	core.H7_reg[32]$_DFFE_PN0P_/Q	core.H7_reg[63]$_DFFE_PN0P_/D
68	0.8547	core.c_reg[I]	core.HI_reg[J]	core.c_reg[30]$_DFFE_PN0P_/Q	core.H2_reg[62]$_DFFE_PN0P_/D
69	0.8617	write_data[I]	work_factor_reg	write_data[7]	work_factor_reg$_DFFE_PN0P_/D
70	0.8621	write_data[I]	work_factor_num_reg[I]	write_data[0]	work_factor_num_reg[0]$_DFFE_PN0P_/D
71	0.8663	core.b_reg[I]	core.HI_reg[J]	core.b_reg[0]$_DFFE_PN0P_/Q	core.H1_reg[50]$_DFFE_PN0P_/D
72	0.8704	core.f_reg[I]	core.HI_reg[J]	core.f_reg[17]$_DFFE_PN0P_/Q	core.H5_reg[56]$_DFFE_PN0P_/D
73	0.8756	core.w_mem_inst.w_ctr_reg[I]	core.w_mem_inst.w_next_reg[I]	core.w_mem_inst.w_ctr_reg[1]$_DFFE_PN0P_/Q	core.w_mem_inst.w_next_reg[59]$_DFFE_PN0P_/D
74	0.8829	core.e_reg[I]	core.HI_reg[J]	core.e_reg[0]$_DFFE_PN0P_/Q	core.H4_reg[54]$_DFFE_PN0P_/D
75	0.8876	core.work_factor_ctr_reg[I]	core.w_mem_inst.w_mem[I][J]	core.work_factor_ctr_reg[17]$_DFFE_PN0P_/Q	core.w_mem_inst.w_mem[12][31]$_DFFE_PN0P_/D
76	0.8995	work_factor_num_reg[I]	core.w_mem_inst.w_mem[I][J]	work_factor_num_reg[17]$_DFFE_PN1P_/QN	core.w_mem_inst.w_mem[12][31]$_DFFE_PN0P_/D
77	0.9064	core.work_factor_ctr_reg[I]	core.e_reg[I]	core.work_factor_ctr_reg[17]$_DFFE_PN0P_/Q	core.e_reg[23]$_DFFE_PN0P_/D
78	0.9064	core.work_factor_ctr_reg[I]	core.g_reg[I]	core.work_factor_ctr_reg[17]$_DFFE_PN0P_/Q	core.g_reg[57]$_DFFE_PN0P_/D
79	0.9080	core.work_factor_ctr_reg[I]	core.a_reg[I]	core.work_factor_ctr_reg[17]$_DFFE_PN0P_/Q	core.a_reg[11]$_DFFE_PN0P_/D
80	0.9080	core.work_factor_ctr_reg[I]	core.b_reg[I]	core.work_factor_ctr_reg[17]$_DFFE_PN0P_/Q	core.b_reg[1]$_DFFE_PN0P_/D
81	0.9080	core.work_factor_ctr_reg[I]	core.c_reg[I]	core.work_factor_ctr_reg[17]$_DFFE_PN0P_/Q	core.c_reg[45]$_DFFE_PN0P_/D
82	0.9080	core.work_factor_ctr_reg[I]	core.d_reg[I]	core.work_factor_ctr_reg[17]$_DFFE_PN0P_/Q	core.d_reg[0]$_DFFE_PN0P_/D
83	0.9080	core.work_factor_ctr_reg[I]	core.f_reg[I]	core.work_factor_ctr_reg[17]$_DFFE_PN0P_/Q	core.f_reg[9]$_DFFE_PN0P_/D
84	0.9097	core.a_reg[I]	core.HI_reg[J]	core.a_reg[9]$_DFFE_PN0P_/Q	core.H0_reg[36]$_DFFE_PN0P_/D
85	0.9129	core.work_factor_ctr_reg[I]	core.w_mem_inst.w_next_reg[I]	core.work_factor_ctr_reg[17]$_DFFE_PN0P_/Q	core.w_mem_inst.w_next_reg[11]$_DFFE_PN0P_/D
86	0.9184	work_factor_num_reg[I]	core.e_reg[I]	work_factor_num_reg[17]$_DFFE_PN1P_/QN	core.e_reg[23]$_DFFE_PN0P_/D
87	0.9184	work_factor_num_reg[I]	core.g_reg[I]	work_factor_num_reg[17]$_DFFE_PN1P_/QN	core.g_reg[57]$_DFFE_PN0P_/D
88	0.9200	work_factor_num_reg[I]	core.a_reg[I]	work_factor_num_reg[17]$_DFFE_PN1P_/QN	core.a_reg[11]$_DFFE_PN0P_/D
89	0.9200	work_factor_num_reg[I]	core.b_reg[I]	work_factor_num_reg[17]$_DFFE_PN1P_/QN	core.b_reg[1]$_DFFE_PN0P_/D
90	0.9200	work_factor_num_reg[I]	core.c_reg[I]	work_factor_num_reg[17]$_DFFE_PN1P_/QN	core.c_reg[45]$_DFFE_PN0P_/D
91	0.9200	work_factor_num_reg[I]	core.d_reg[I]	work_factor_num_reg[17]$_DFFE_PN1P_/QN	core.d_reg[0]$_DFFE_PN0P_/D
92	0.9200	work_factor_num_reg[I]	core.f_reg[I]	work_factor_num_reg[17]$_DFFE_PN1P_/QN	core.f_reg[9]$_DFFE_PN0P_/D
93	0.9276	core.work_factor_ctr_reg[I]	core.h_reg[I]	core.work_factor_ctr_reg[17]$_DFFE_PN0P_/Q	core.h_reg[43]$_DFFE_PN0P_/D
94	0.9284	core.work_factor_ctr_reg[I]	core.round_ctr_reg[I]	core.work_factor_ctr_reg[17]$_DFFE_PN0P_/Q	core.round_ctr_reg[0]$_DFFE_PN0P_/D
95	0.9292	core.work_factor_ctr_reg[I]	core.w_mem_inst.w_ctr_reg[I]	core.work_factor_ctr_reg[17]$_DFFE_PN0P_/Q	core.w_mem_inst.w_ctr_reg[4]$_DFFE_PN0P_/D
96	0.9314	work_factor_num_reg[I]	core.w_mem_inst.w_next_reg[I]	work_factor_num_reg[17]$_DFFE_PN1P_/QN	core.w_mem_inst.w_next_reg[36]$_DFFE_PN0P_/D
97	0.9357	core.work_factor_ctr_reg[I]	core.HI_reg[J]	core.work_factor_ctr_reg[17]$_DFFE_PN0P_/Q	core.H0_reg[38]$_DFFE_PN0P_/D
98	0.9477	work_factor_num_reg[I]	core.HI_reg[J]	work_factor_num_reg[17]$_DFFE_PN1P_/QN	core.H0_reg[38]$_DFFE_PN0P_/D
99	0.9480	work_factor_num_reg[I]	core.round_ctr_reg[I]	work_factor_num_reg[17]$_DFFE_PN1P_/QN	core.round_ctr_reg[1]$_DFFE_PN0P_/D
100	0.9509	work_factor_num_reg[I]	core.w_mem_inst.w_ctr_reg[I]	work_factor_num_reg[17]$_DFFE_PN1P_/QN	core.w_mem_inst.w_ctr_reg[0]$_DFFE_PN0P_/D
