# stage	1_synth
# top_module	tpu_top
# top_n	1000
# kind	blocks
# skip_async	1
# include_full	1
# rank	worst_slack_ns	start	end	start_full	end_full
1	-0.1323	systolic.data_queue[I][J]	systolic.product_reg[I][J]	systolic.data_queue[8][3]$_SDFFE_PN0P_/Q	systolic.product_reg[8][15]$_SDFFE_PN0P_/D
2	-0.1281	systolic.weight_queue[I][J]	systolic.product_reg[I][J]	systolic.weight_queue[8][2]$_SDFFE_PN0P_/Q	systolic.product_reg[8][15]$_SDFFE_PN0P_/D
3	-0.0782	matrix_index_d[I]	_I_	matrix_index_d[3]$_SDFF_PN0_/Q	_91331_/D
4	0.0714	srstn	_I_	srstn	_91221_/D
5	0.1143	srstn	write_out.sram_wdata_a[I]	srstn	write_out.sram_wdata_a[22]$_SDFF_PN0_/D
6	0.1204	srstn	write_out.sram_wdata_c[I]	srstn	write_out.sram_wdata_c[22]$_SDFF_PN0_/D
7	0.1263	srstn	systolic.matrix_mul_ID[J][K]	srstn	systolic.matrix_mul_2D[41][20]$_SDFFE_PN0P_/D
8	0.1263	srstn	systolic.mul_outcome[I]	srstn	systolic.mul_outcome[83]$_SDFF_PN0_/D
9	0.1505	systolic.product_reg[I][J]	systolic.matrix_mul_ID[J][K]	systolic.product_reg[59][0]$_SDFFE_PN0P_/Q	systolic.matrix_mul_2D[59][20]$_SDFFE_PN0P_/D
10	0.1537	systolic.matrix_mul_ID[J][K]	systolic.matrix_mul_ID[J][K]	systolic.matrix_mul_2D[59][0]$_SDFFE_PN0P_/Q	systolic.matrix_mul_2D[59][20]$_SDFFE_PN0P_/D
11	0.1765	srstn	systolic.product_reg[I][J]	srstn	systolic.product_reg[13][15]$_SDFFE_PN0P_/D
12	0.1865	srstn	matrix_index_d[I]	srstn	matrix_index_d[3]$_SDFF_PN0_/D
13	0.1903	srstn	systolic_controll.addr_serial_num[I]	srstn	systolic_controll.addr_serial_num[0]$_SDFFE_PN0P_/D
14	0.1903	srstn	systolic_controll.state[I]	srstn	systolic_controll.state[3]$_DFF_P_/D
15	0.1952	srstn	systolic.data_queue[I][J]	srstn	systolic.data_queue[0][0]$_SDFFE_PN0P_/D
16	0.1952	srstn	systolic.weight_queue[I][J]	srstn	systolic.weight_queue[0][0]$_SDFFE_PN0P_/D
17	0.1993	srstn	data_set_d[I]	srstn	data_set_d[1]$_SDFF_PN0_/D
18	0.2024	srstn	write_out.sram_waddr_a[I]	srstn	write_out.sram_waddr_a[1]$_SDFF_PN0_/D
19	0.2201	srstn	write_out.sram_write_enable_aI	srstn	write_out.sram_write_enable_a0$_SDFF_PN1_/D
20	0.2254	srstn	write_out.sram_write_enable_cI	srstn	write_out.sram_write_enable_c0$_SDFF_PN1_/D
21	0.2339	srstn	systolic_controll.cycle_num[I]	srstn	systolic_controll.cycle_num[0]$_SDFF_PN0_/D
22	0.2346	srstn	systolic.mode_reg[I][J]	srstn	systolic.mode_reg[23][1]$_DFF_P_/D
23	0.2363	srstn	sram_write_enable_d	srstn	sram_write_enable_d$_SDFF_PN0_/D
24	0.2364	srstn	systolic_controll.data_set[I]	srstn	systolic_controll.data_set[0]$_SDFFE_PN0P_/D
25	0.2390	srstn	tpu_done_d	srstn	tpu_done_d$_SDFF_PN0_/D
26	0.2407	srstn	systolic_controll.tpu_done	srstn	systolic_controll.tpu_done$_SDFF_PN0_/D
27	0.2441	systolic_controll.cycle_num[I]	systolic.mode_reg[I][J]	systolic_controll.cycle_num[1]$_SDFF_PN0_/Q	systolic.mode_reg[3][1]$_DFF_P_/D
28	0.2480	systolic_controll.matrix_index[I]	systolic.mul_outcome[I]	systolic_controll.matrix_index[4]$_SDFF_PP0_/QN	systolic.mul_outcome[100]$_SDFF_PN0_/D
29	0.2543	systolic.mul_outcome[I]	write_out.sram_wdata_c[I]	systolic.mul_outcome[46]$_SDFF_PN0_/Q	write_out.sram_wdata_c[37]$_SDFF_PN0_/D
30	0.2566	srstn	write_out.sram_waddr_c[I]	srstn	write_out.sram_waddr_c[1]$_SDFF_PN0_/D
31	0.2623	systolic.mul_outcome[I]	write_out.sram_wdata_a[I]	systolic.mul_outcome[4]$_SDFF_PN0_/Q	write_out.sram_wdata_a[64]$_SDFF_PN0_/D
32	0.2658	tpu_start	systolic_controll.addr_serial_num[I]	tpu_start	systolic_controll.addr_serial_num[5]$_SDFFE_PN0P_/D
33	0.2714	systolic.mul_outcome[I]	_I_	systolic.mul_outcome[46]$_SDFF_PN0_/Q	_91315_/D
34	0.2787	matrix_index_d[I]	write_out.sram_wdata_c[I]	matrix_index_d[3]$_SDFF_PN0_/Q	write_out.sram_wdata_c[85]$_SDFF_PN0_/D
35	0.2843	matrix_index_d[I]	write_out.sram_wdata_a[I]	matrix_index_d[3]$_SDFF_PN0_/Q	write_out.sram_wdata_a[113]$_SDFF_PN0_/D
36	0.3095	srstn	systolic_controll.matrix_index[I]	srstn	systolic_controll.matrix_index[0]$_SDFF_PP0_/D
37	0.3777	data_set_d[I]	_I_	data_set_d[1]$_SDFF_PN0_/Q	_91304_/D
38	0.3885	sram_write_enable_d	_I_	sram_write_enable_d$_SDFF_PN0_/Q	_91221_/D
39	0.4314	sram_write_enable_d	write_out.sram_wdata_a[I]	sram_write_enable_d$_SDFF_PN0_/Q	write_out.sram_wdata_a[22]$_SDFF_PN0_/D
40	0.4375	sram_write_enable_d	write_out.sram_wdata_c[I]	sram_write_enable_d$_SDFF_PN0_/Q	write_out.sram_wdata_c[22]$_SDFF_PN0_/D
41	0.4391	data_set_d[I]	write_out.sram_wdata_c[I]	data_set_d[1]$_SDFF_PN0_/Q	write_out.sram_wdata_c[22]$_SDFF_PN0_/D
42	0.4392	systolic_controll.matrix_index[I]	systolic_controll.data_set[I]	systolic_controll.matrix_index[1]$_SDFF_PP0_/Q	systolic_controll.data_set[0]$_SDFFE_PN0P_/D
43	0.4443	data_set_d[I]	write_out.sram_wdata_a[I]	data_set_d[1]$_SDFF_PN0_/Q	write_out.sram_wdata_a[22]$_SDFF_PN0_/D
44	0.4452	systolic.mode_reg[I][J]	systolic.matrix_mul_ID[J][K]	systolic.mode_reg[7][1]$_DFF_P_/Q	systolic.matrix_mul_2D[49][11]$_SDFFE_PN0P_/D
45	0.4491	addr_sel.sram_raddr_wI[J]	sram_raddr_wI[J]	addr_sel.sram_raddr_w0[0]$_SDFF_PN1_/Q	sram_raddr_w0[0]
46	0.4633	systolic_controll.cycle_num[I]	systolic_controll.data_set[I]	systolic_controll.cycle_num[1]$_SDFF_PN0_/Q	systolic_controll.data_set[0]$_SDFFE_PN0P_/D
47	0.4649	systolic_controll.addr_serial_num[I]	addr_sel.sram_raddr_wI[J]	systolic_controll.addr_serial_num[5]$_SDFFE_PN0P_/Q	addr_sel.sram_raddr_w1[5]$_SDFF_PN1_/D
48	0.4657	addr_sel.sram_raddr_wI[J]	sram_raddr_dI[J]	addr_sel.sram_raddr_w0[0]$_SDFF_PN1_/Q	sram_raddr_d0[0]
49	0.4679	write_out.sram_waddr_a[I]	sram_waddr_a[I]	write_out.sram_waddr_a[0]$_SDFF_PN0_/Q	sram_waddr_a[0]
50	0.4679	_I_	sram_waddr_b[I]	_91333_/Q	sram_waddr_b[0]
51	0.4679	write_out.sram_waddr_c[I]	sram_waddr_c[I]	write_out.sram_waddr_c[0]$_SDFF_PN0_/Q	sram_waddr_c[0]
52	0.4679	write_out.sram_wdata_a[I]	sram_wdata_a[I]	write_out.sram_wdata_a[0]$_SDFF_PN0_/Q	sram_wdata_a[0]
53	0.4679	_I_	sram_wdata_b[I]	_91206_/Q	sram_wdata_b[0]
54	0.4679	write_out.sram_wdata_c[I]	sram_wdata_c[I]	write_out.sram_wdata_c[0]$_SDFF_PN0_/Q	sram_wdata_c[0]
55	0.4679	write_out.sram_write_enable_aI	sram_write_enable_aI	write_out.sram_write_enable_a0$_SDFF_PN1_/Q	sram_write_enable_a0
56	0.4679	_I_	sram_write_enable_bI	_91203_/Q	sram_write_enable_b0
57	0.4679	write_out.sram_write_enable_cI	sram_write_enable_cI	write_out.sram_write_enable_c0$_SDFF_PN1_/Q	sram_write_enable_c0
58	0.4679	tpu_done_d	tpu_done	tpu_done_d$_SDFF_PN0_/Q	tpu_done
59	0.4681	tpu_start	systolic_controll.state[I]	tpu_start	systolic_controll.state[0]$_DFF_P_/D
60	0.4801	matrix_index_d[I]	write_out.sram_waddr_c[I]	matrix_index_d[1]$_SDFF_PN0_/Q	write_out.sram_waddr_c[1]$_SDFF_PN0_/D
61	0.4801	matrix_index_d[I]	write_out.sram_waddr_a[I]	matrix_index_d[1]$_SDFF_PN0_/Q	write_out.sram_waddr_a[1]$_SDFF_PN0_/D
62	0.4805	sram_rdata_wI[J]	systolic.weight_queue[I][J]	sram_rdata_w0[31]	systolic.weight_queue[0][7]$_SDFFE_PN0P_/D
63	0.4805	sram_rdata_dI[J]	systolic.data_queue[I][J]	sram_rdata_d1[27]	systolic.data_queue[32][3]$_SDFFE_PN0P_/D
64	0.4837	systolic_controll.addr_serial_num[I]	systolic_controll.addr_serial_num[I]	systolic_controll.addr_serial_num[1]$_SDFFE_PN0P_/Q	systolic_controll.addr_serial_num[5]$_SDFFE_PN0P_/D
65	0.5020	systolic_controll.matrix_index[I]	systolic_controll.state[I]	systolic_controll.matrix_index[1]$_SDFF_PP0_/Q	systolic_controll.state[3]$_DFF_P_/D
66	0.5023	systolic.matrix_mul_ID[J][K]	systolic.mul_outcome[I]	systolic.matrix_mul_2D[32][20]$_SDFFE_PN0P_/Q	systolic.mul_outcome[104]$_SDFF_PN0_/D
67	0.5120	systolic_controll.matrix_index[I]	systolic_controll.matrix_index[I]	systolic_controll.matrix_index[1]$_SDFF_PP0_/Q	systolic_controll.matrix_index[0]$_SDFF_PP0_/D
68	0.5153	systolic_controll.state[I]	systolic.product_reg[I][J]	systolic_controll.state[3]$_DFF_P_/Q	systolic.product_reg[35][13]$_SDFFE_PN0P_/D
69	0.5175	systolic_controll.state[I]	systolic_controll.state[I]	systolic_controll.state[3]$_DFF_P_/Q	systolic_controll.state[0]$_DFF_P_/D
70	0.5195	sram_write_enable_d	write_out.sram_waddr_a[I]	sram_write_enable_d$_SDFF_PN0_/Q	write_out.sram_waddr_a[1]$_SDFF_PN0_/D
71	0.5196	systolic_controll.cycle_num[I]	systolic_controll.matrix_index[I]	systolic_controll.cycle_num[1]$_SDFF_PN0_/Q	systolic_controll.matrix_index[0]$_SDFF_PP0_/D
72	0.5217	systolic_controll.matrix_index[I]	systolic_controll.tpu_done	systolic_controll.matrix_index[1]$_SDFF_PP0_/Q	systolic_controll.tpu_done$_SDFF_PN0_/D
73	0.5305	systolic_controll.state[I]	systolic.data_queue[I][J]	systolic_controll.state[3]$_DFF_P_/Q	systolic.data_queue[12][1]$_SDFFE_PN0P_/D
74	0.5305	systolic_controll.state[I]	systolic.weight_queue[I][J]	systolic_controll.state[3]$_DFF_P_/Q	systolic.weight_queue[36][1]$_SDFFE_PN0P_/D
75	0.5324	data_set_d[I]	write_out.sram_waddr_a[I]	data_set_d[1]$_SDFF_PN0_/Q	write_out.sram_waddr_a[1]$_SDFF_PN0_/D
76	0.5372	sram_write_enable_d	write_out.sram_write_enable_aI	sram_write_enable_d$_SDFF_PN0_/Q	write_out.sram_write_enable_a0$_SDFF_PN1_/D
77	0.5425	sram_write_enable_d	write_out.sram_write_enable_cI	sram_write_enable_d$_SDFF_PN0_/Q	write_out.sram_write_enable_c0$_SDFF_PN1_/D
78	0.5441	data_set_d[I]	write_out.sram_write_enable_cI	data_set_d[1]$_SDFF_PN0_/Q	write_out.sram_write_enable_c0$_SDFF_PN1_/D
79	0.5501	data_set_d[I]	write_out.sram_write_enable_aI	data_set_d[1]$_SDFF_PN0_/Q	write_out.sram_write_enable_a0$_SDFF_PN1_/D
80	0.5563	systolic_controll.cycle_num[I]	systolic_controll.cycle_num[I]	systolic_controll.cycle_num[1]$_SDFF_PN0_/Q	systolic_controll.cycle_num[8]$_SDFF_PN0_/D
81	0.5632	systolic_controll.state[I]	systolic_controll.addr_serial_num[I]	systolic_controll.state[3]$_DFF_P_/QN	systolic_controll.addr_serial_num[5]$_SDFFE_PN0P_/D
82	0.5655	systolic_controll.cycle_num[I]	sram_write_enable_d	systolic_controll.cycle_num[1]$_SDFF_PN0_/Q	sram_write_enable_d$_SDFF_PN0_/D
83	0.5737	sram_write_enable_d	write_out.sram_waddr_c[I]	sram_write_enable_d$_SDFF_PN0_/Q	write_out.sram_waddr_c[1]$_SDFF_PN0_/D
84	0.5752	data_set_d[I]	write_out.sram_waddr_c[I]	data_set_d[1]$_SDFF_PN0_/Q	write_out.sram_waddr_c[1]$_SDFF_PN0_/D
85	0.5832	systolic_controll.state[I]	sram_write_enable_d	systolic_controll.state[3]$_DFF_P_/Q	sram_write_enable_d$_SDFF_PN0_/D
86	0.5832	systolic_controll.state[I]	systolic_controll.data_set[I]	systolic_controll.state[3]$_DFF_P_/Q	systolic_controll.data_set[0]$_SDFFE_PN0P_/D
87	0.5832	systolic_controll.state[I]	systolic_controll.cycle_num[I]	systolic_controll.state[3]$_DFF_P_/Q	systolic_controll.cycle_num[0]$_SDFF_PN0_/D
88	0.5862	systolic_controll.state[I]	systolic.mode_reg[I][J]	systolic_controll.state[3]$_DFF_P_/QN	systolic.mode_reg[23][1]$_DFF_P_/D
89	0.6033	systolic.product_reg[I][J]	systolic.product_reg[I][J]	systolic.product_reg[44][15]$_SDFFE_PN0P_/Q	systolic.product_reg[44][15]$_SDFFE_PN0P_/D
90	0.6284	systolic_controll.state[I]	systolic_controll.tpu_done	systolic_controll.state[3]$_DFF_P_/Q	systolic_controll.tpu_done$_SDFF_PN0_/D
91	0.6611	systolic_controll.state[I]	systolic_controll.matrix_index[I]	systolic_controll.state[3]$_DFF_P_/QN	systolic_controll.matrix_index[0]$_SDFF_PP0_/D
92	0.6662	systolic_controll.data_set[I]	systolic_controll.data_set[I]	systolic_controll.data_set[0]$_SDFFE_PN0P_/Q	systolic_controll.data_set[1]$_SDFFE_PN0P_/D
93	0.6788	systolic_controll.matrix_index[I]	matrix_index_d[I]	systolic_controll.matrix_index[2]$_SDFF_PP0_/Q	matrix_index_d[2]$_SDFF_PN0_/D
94	0.6922	systolic_controll.data_set[I]	systolic_controll.state[I]	systolic_controll.data_set[0]$_SDFFE_PN0P_/Q	systolic_controll.state[3]$_DFF_P_/D
95	0.6984	systolic.data_queue[I][J]	systolic.data_queue[I][J]	systolic.data_queue[11][7]$_SDFFE_PN0P_/Q	systolic.data_queue[11][7]$_SDFFE_PN0P_/D
96	0.7095	systolic.weight_queue[I][J]	systolic.weight_queue[I][J]	systolic.weight_queue[10][0]$_SDFFE_PN0P_/Q	systolic.weight_queue[10][0]$_SDFFE_PN0P_/D
97	0.7119	systolic_controll.data_set[I]	systolic_controll.tpu_done	systolic_controll.data_set[0]$_SDFFE_PN0P_/Q	systolic_controll.tpu_done$_SDFF_PN0_/D
98	0.7615	systolic_controll.data_set[I]	data_set_d[I]	systolic_controll.data_set[0]$_SDFFE_PN0P_/Q	data_set_d[0]$_SDFF_PN0_/D
99	0.7718	systolic_controll.tpu_done	tpu_done_d	systolic_controll.tpu_done$_SDFF_PN0_/Q	tpu_done_d$_SDFF_PN0_/D
