# stage	1_synth
# top_module	wb_conmax_top
# top_n	100
# kind	blocks
# skip_async	1
# include_full	1
# rank	worst_slack_ns	start	end	start_full	end_full
1	-0.3043	mI_addr_i[J]	mI_data_o[J]	m7_addr_i[28]	m0_data_o[10]
2	-0.2774	mI_addr_i[J]	mI_ack_o	m7_addr_i[28]	m1_ack_o
3	-0.2471	mI_addr_i[J]	mI_err_o	m7_addr_i[28]	m1_err_o
4	-0.2471	mI_addr_i[J]	mI_rty_o	m7_addr_i[28]	m1_rty_o
5	-0.2440	mI_addr_i[J]	sI_cyc_o	m7_addr_i[28]	s15_cyc_o
6	-0.2370	mI_addr_i[J]	sI_stb_o	m4_addr_i[29]	s2_stb_o
7	-0.1984	mI_stb_i	mI_data_o[J]	m7_stb_i	m0_data_o[10]
8	-0.1714	mI_stb_i	mI_ack_o	m7_stb_i	m1_ack_o
9	-0.1411	mI_stb_i	mI_err_o	m7_stb_i	m1_err_o
10	-0.1411	mI_stb_i	mI_rty_o	m7_stb_i	m1_rty_o
11	-0.1380	mI_stb_i	sI_cyc_o	m7_stb_i	s15_cyc_o
12	-0.1209	mI_addr_i[J]	sI_addr_o[J]	m4_addr_i[3]	s15_addr_o[3]
13	-0.0801	mI_stb_i	sI_stb_o	m3_stb_i	s5_stb_o
14	-0.0584	sI_data_i[J]	mI_data_o[J]	s14_data_i[23]	m2_data_o[23]
15	-0.0434	sI_err_i	mI_err_o	s1_err_i	m4_err_o
16	-0.0433	mI_data_i[J]	sI_data_o[J]	m5_data_i[14]	s15_data_o[14]
17	-0.0375	mI_we_i	sI_we_o	m7_we_i	s11_we_o
18	-0.0353	sI_ack_i	mI_ack_o	s11_ack_i	m6_ack_o
19	-0.0352	sI_rty_i	mI_rty_o	s5_rty_i	m6_rty_o
20	-0.0284	mI_sel_i[J]	sI_sel_o[J]	m6_sel_i[0]	s15_sel_o[0]
21	-0.0122	sI.mast_sel_pe_r[J]	mI_data_o[J]	s15.mast_sel_pe_r[2]$_SDFF_PP0_/Q	m0_data_o[10]
22	0.0148	sI.mast_sel_pe_r[J]	mI_ack_o	s15.mast_sel_pe_r[2]$_SDFF_PP0_/Q	m1_ack_o
23	0.0155	mI.sJ_cyc_o	mI_data_o[J]	m3.s15_cyc_o$_DFFE_PP0N_/Q	m2_data_o[20]
24	0.0414	mI.sJ_cyc_o	mI_ack_o	m3.s15_cyc_o$_DFFE_PP0N_/Q	m1_ack_o
25	0.0451	sI.mast_sel_pe_r[J]	mI_err_o	s15.mast_sel_pe_r[2]$_SDFF_PP0_/Q	m1_err_o
26	0.0451	sI.mast_sel_pe_r[J]	mI_rty_o	s15.mast_sel_pe_r[2]$_SDFF_PP0_/Q	m1_rty_o
27	0.0481	sI.mast_sel_pe_r[J]	sI_cyc_o	s15.mast_sel_pe_r[2]$_SDFF_PP0_/Q	s15_cyc_o
28	0.0554	mI_addr_i[J]	rf.rf_dout[I]	m7_addr_i[28]	rf.rf_dout[11]$_SDFF_PN0_/D
29	0.0583	sI.mJ_cyc_r	mI_data_o[J]	s15.m3_cyc_r$_DFF_P_/Q	m2_data_o[20]
30	0.0620	mI_addr_i[J]	rf.confI[J]	m4_addr_i[5]	rf.conf7[0]$_DFFE_PP0P_/D
31	0.0743	mI_addr_i[J]	rf.rf_we	m7_addr_i[28]	rf.rf_we$_DFF_P_/D
32	0.0833	mI.sJ_cyc_o	mI_err_o	m3.s15_cyc_o$_DFFE_PP0N_/Q	m1_err_o
33	0.0833	mI.sJ_cyc_o	mI_rty_o	m3.s15_cyc_o$_DFFE_PP0N_/Q	m1_rty_o
34	0.0843	sI.mJ_cyc_r	mI_ack_o	s15.m3_cyc_r$_DFF_P_/Q	m1_ack_o
35	0.0856	mI_addr_i[J]	rf.rf_ack	m7_addr_i[28]	rf.rf_ack$_DFF_P_/D
36	0.0903	mI.sJ_cyc_o	sI_cyc_o	m3.s15_cyc_o$_DFFE_PP0N_/Q	s15_cyc_o
37	0.1162	sI.mast_sel_pe_r[J]	sI_data_o[J]	s15.mast_sel_pe_r[1]$_SDFF_PP0_/QN	s15_data_o[17]
38	0.1163	sI.mast_sel_pe_r[J]	sI_addr_o[J]	s15.mast_sel_pe_r[1]$_SDFF_PP0_/QN	s15_addr_o[0]
39	0.1228	mI_addr_i[J]	mI.sJ_cyc_o	m0_addr_i[30]	m0.s4_cyc_o$_DFFE_PP0N_/D
40	0.1238	sI.mast_sel_pe_r[J]	sI_sel_o[J]	s15.mast_sel_pe_r[2]$_SDFF_PP0_/Q	s15_sel_o[3]
41	0.1261	sI.mJ_cyc_r	mI_err_o	s15.m3_cyc_r$_DFF_P_/Q	m1_err_o
42	0.1261	sI.mJ_cyc_r	mI_rty_o	s15.m3_cyc_r$_DFF_P_/Q	m1_rty_o
43	0.1332	sI.mJ_cyc_r	sI_cyc_o	s15.m3_cyc_r$_DFF_P_/Q	s15_cyc_o
44	0.1613	mI_stb_i	rf.rf_dout[I]	m7_stb_i	rf.rf_dout[11]$_SDFF_PN0_/D
45	0.1799	sI.mast_sel_pe_r[J]	sI_we_o	s15.mast_sel_pe_r[1]$_SDFF_PP0_/Q	s15_we_o
46	0.1802	mI_stb_i	rf.rf_we	m7_stb_i	rf.rf_we$_DFF_P_/D
47	0.1916	mI_stb_i	rf.rf_ack	m7_stb_i	rf.rf_ack$_DFF_P_/D
48	0.2339	sI.mast_sel_pe_r[J]	sI_stb_o	s14.mast_sel_pe_r[2]$_SDFF_PP0_/Q	s14_stb_o
49	0.2419	mI_data_i[J]	rf.confI[J]	m5_data_i[14]	rf.conf11[14]$_DFFE_PP0P_/D
50	0.2795	mI_stb_i	mI.sJ_cyc_o	m3_stb_i	m3.s0_cyc_o$_DFFE_PP0N_/D
51	0.3253	sI.mast_sel_pe_r[J]	rf.confI[J]	s15.mast_sel_pe_r[0]$_SDFF_PP0_/Q	rf.conf6[1]$_DFFE_PP0P_/D
52	0.3388	sI.mast_sel_pe_r[J]	rf.rf_dout[I]	s15.mast_sel_pe_r[0]$_SDFF_PP0_/Q	rf.rf_dout[0]$_SDFF_PN0_/D
53	0.3403	mI_we_i	rf.rf_we	m5_we_i	rf.rf_we$_DFF_P_/D
54	0.3538	rf.confI[J]	sI.msel.arbJ.state[K]	rf.conf7[9]$_DFFE_PP0P_/Q	s7.msel.arb3.state[0]$_DFFE_PP0P_/D
55	0.3589	rst_i	sI.mast_sel_pe_r[J]	rst_i	s0.mast_sel_pe_r[2]$_SDFF_PP0_/D
56	0.3614	rst_i	sI.msel.pri_out[J]	rst_i	s1.msel.pri_out[1]$_DFF_P_/D
57	0.3664	sI.mast_sel_pe_r[J]	rf.rf_we	s15.mast_sel_pe_r[2]$_SDFF_PP0_/Q	rf.rf_we$_DFF_P_/D
58	0.3703	mI.sJ_cyc_o	sI.msel.arbJ.state[K]	m0.s2_cyc_o$_DFFE_PP0N_/Q	s2.msel.arb3.state[0]$_DFFE_PP0P_/D
59	0.3773	rf.rf_dout[I]	mI_data_o[J]	rf.rf_dout[0]$_SDFF_PN0_/Q	m0_data_o[0]
60	0.3777	sI.mast_sel_pe_r[J]	rf.rf_ack	s15.mast_sel_pe_r[2]$_SDFF_PP0_/Q	rf.rf_ack$_DFF_P_/D
61	0.3787	rf.rf_ack	mI_ack_o	rf.rf_ack$_DFF_P_/Q	m1_ack_o
62	0.4017	mI.sJ_cyc_o	rf.rf_dout[I]	m5.s15_cyc_o$_DFFE_PP0N_/Q	rf.rf_dout[11]$_SDFF_PN0_/D
63	0.4206	mI.sJ_cyc_o	rf.rf_we	m5.s15_cyc_o$_DFFE_PP0N_/Q	rf.rf_we$_DFF_P_/D
64	0.4231	mI_cyc_i	mI.sJ_cyc_o	m0_cyc_i	m0.s10_cyc_o$_DFFE_PP0N_/D
65	0.4250	mI.sJ_cyc_o	rf.rf_ack	m3.s15_cyc_o$_DFFE_PP0N_/Q	rf.rf_ack$_DFF_P_/D
66	0.4310	sI.msel.arbJ.state[K]	sI.msel.arbJ.state[K]	s2.msel.arb3.state[2]$_DFFE_PP0P_/Q	s2.msel.arb3.state[0]$_DFFE_PP0P_/D
67	0.4599	sI.mJ_cyc_r	rf.rf_dout[I]	s15.m3_cyc_r$_DFF_P_/Q	rf.rf_dout[8]$_SDFF_PN0_/D
68	0.4654	sI.mJ_cyc_r	rf.rf_we	s15.m3_cyc_r$_DFF_P_/Q	rf.rf_we$_DFF_P_/D
69	0.4678	sI.mJ_cyc_r	rf.rf_ack	s15.m3_cyc_r$_DFF_P_/Q	rf.rf_ack$_DFF_P_/D
70	0.5538	mI.sJ_cyc_o	sI.msel.pri_out[J]	m5.s14_cyc_o$_DFFE_PP0N_/Q	s14.msel.pri_out[1]$_DFF_P_/D
71	0.5561	rf.rf_we	rf.confI[J]	rf.rf_we$_DFF_P_/Q	rf.conf13[0]$_DFFE_PP0P_/D
72	0.5869	sI.mast_sel_pe_r[J]	sI.next	s6.mast_sel_pe_r[0]$_SDFF_PP0_/Q	s6.next$_DFF_P_/D
73	0.5908	rf.confI[J]	sI.msel.pri_out[J]	rf.conf10[15]$_DFFE_PP0P_/Q	s10.msel.pri_out[1]$_DFF_P_/D
74	0.6158	rf.confI[J]	rf.rf_dout[I]	rf.conf13[14]$_DFFE_PP0P_/Q	rf.rf_dout[14]$_SDFF_PN0_/D
75	0.6188	mI.sJ_cyc_o	sI.next	m3.s15_cyc_o$_DFFE_PP0N_/Q	s15.next$_DFF_P_/D
76	0.6466	mI.sJ_cyc_o	mI.sJ_cyc_o	m5.s10_cyc_o$_DFFE_PP0N_/Q	m5.s10_cyc_o$_DFFE_PP0N_/D
77	0.6617	sI.mJ_cyc_r	sI.next	s15.m3_cyc_r$_DFF_P_/Q	s15.next$_DFF_P_/D
78	0.6747	sI.msel.arbJ.state[K]	sI.mast_sel_pe_r[J]	s0.msel.arb1.state[2]$_DFFE_PP0P_/Q	s0.mast_sel_pe_r[2]$_SDFF_PP0_/D
79	0.6895	sI.msel.pri_out[J]	sI.mast_sel_pe_r[J]	s10.msel.pri_out[2]$_DFF_P_/Q	s10.mast_sel_pe_r[2]$_SDFF_PP0_/D
80	0.7481	sI.next	sI.msel.pri_out[J]	s0.next$_DFF_P_/QN	s0.msel.pri_out[1]$_DFF_P_/D
81	0.7504	rf.confI[J]	rf.confI[J]	rf.conf3[7]$_DFFE_PP0P_/Q	rf.conf3[7]$_DFFE_PP0P_/D
82	0.7608	sI.msel.pri_out[J]	sI.msel.pri_out[J]	s12.msel.pri_out[3]$_DFF_P_/Q	s12.msel.pri_out[3]$_DFF_P_/D
83	0.8172	mI.sJ_cyc_o	sI.mJ_cyc_r	m4.s8_cyc_o$_DFFE_PP0N_/Q	s8.m4_cyc_r$_DFF_P_/D
84	0.8298	rf.rf_we	rf.rf_we	rf.rf_we$_DFF_P_/QN	rf.rf_we$_DFF_P_/D
85	0.8321	rf.rf_ack	rf.rf_ack	rf.rf_ack$_DFF_P_/QN	rf.rf_ack$_DFF_P_/D
