# stage	1_synth
# top_module	tpu_top
# top_n	100
# kind	blocks
# skip_async	1
# include_full	1
# rank	worst_slack_ns	start	end	start_full	end_full
1	-0.5070	systolic_controll.matrix_index[I]	_I_	systolic_controll.matrix_index[3]$_SDFF_PP0_/Q	_88950_/D
2	-0.1944	systolic_controll.matrix_index[I]	write_out.sram_wdata_c[I]	systolic_controll.matrix_index[4]$_SDFF_PP0_/QN	write_out.sram_wdata_c[58]$_SDFF_PN0_/D
3	-0.1856	systolic_controll.matrix_index[I]	write_out.sram_wdata_a[I]	systolic_controll.matrix_index[4]$_SDFF_PP0_/QN	write_out.sram_wdata_a[106]$_SDFF_PN0_/D
4	-0.1175	systolic.data_queue[I][J]	systolic.product_reg[I][J]	systolic.data_queue[9][7]$_SDFFE_PN0P_/Q	systolic.product_reg[9][14]$_SDFF_PN0_/D
5	-0.1095	systolic.weight_queue[I][J]	systolic.product_reg[I][J]	systolic.weight_queue[9][1]$_SDFFE_PN0P_/Q	systolic.product_reg[9][14]$_SDFF_PN0_/D
6	-0.0251	srstn	_I_	srstn	_88950_/D
7	-0.0148	srstn	write_out.sram_wdata_c[I]	srstn	write_out.sram_wdata_c[10]$_SDFF_PN0_/D
8	-0.0059	srstn	write_out.sram_wdata_a[I]	srstn	write_out.sram_wdata_a[125]$_SDFF_PN0_/D
9	0.0521	srstn	write_out.sram_waddr_c[I]	srstn	write_out.sram_waddr_c[3]$_SDFF_PN0_/D
10	0.0647	systolic.matrix_mul_ID[J][K]	systolic.matrix_mul_ID[J][K]	systolic.matrix_mul_2D[60][0]$_SDFFE_PN0P_/Q	systolic.matrix_mul_2D[60][20]$_SDFFE_PN0P_/D
11	0.0655	systolic.product_reg[I][J]	systolic.matrix_mul_ID[J][K]	systolic.product_reg[57][0]$_SDFF_PN0_/Q	systolic.matrix_mul_2D[57][20]$_SDFFE_PN0P_/D
12	0.0714	systolic.matrix_mul_ID[J][K]	write_out.sram_wdata_c[I]	systolic.matrix_mul_2D[8][9]$_SDFFE_PN0P_/Q	write_out.sram_wdata_c[54]$_SDFF_PN0_/D
13	0.0831	systolic.matrix_mul_ID[J][K]	write_out.sram_wdata_a[I]	systolic.matrix_mul_2D[57][16]$_SDFFE_PN0P_/Q	write_out.sram_wdata_a[102]$_SDFF_PN0_/D
14	0.1072	srstn	write_out.sram_waddr_a[I]	srstn	write_out.sram_waddr_a[3]$_SDFF_PN0_/D
15	0.1084	systolic.matrix_mul_ID[J][K]	_I_	systolic.matrix_mul_2D[53][13]$_SDFFE_PN0P_/Q	_88916_/D
16	0.1271	srstn	write_out.sram_write_enable_aI	srstn	write_out.sram_write_enable_a0$_SDFF_PN1_/D
17	0.1564	srstn	write_out.sram_write_enable_cI	srstn	write_out.sram_write_enable_c0$_SDFF_PN1_/D
18	0.1851	srstn	systolic.is_accum_reg[I]	srstn	systolic.is_accum_reg[55]$_SDFF_PN0_/D
19	0.2020	srstn	systolic.matrix_mul_ID[J][K]	srstn	systolic.matrix_mul_2D[49][19]$_SDFFE_PN0P_/D
20	0.2041	systolic_controll.cycle_num[I]	systolic.is_accum_reg[I]	systolic_controll.cycle_num[1]$_SDFF_PN0_/Q	systolic.is_accum_reg[55]$_SDFF_PN0_/D
21	0.2209	systolic_controll.cycle_num[I]	_I_	systolic_controll.cycle_num[6]$_SDFF_PN0_/QN	_88950_/D
22	0.2312	systolic_controll.cycle_num[I]	write_out.sram_wdata_c[I]	systolic_controll.cycle_num[6]$_SDFF_PN0_/QN	write_out.sram_wdata_c[10]$_SDFF_PN0_/D
23	0.2330	srstn	systolic_controll.addr_serial_num[I]	srstn	systolic_controll.addr_serial_num[2]$_SDFFE_PN0P_/D
24	0.2401	systolic_controll.cycle_num[I]	write_out.sram_wdata_a[I]	systolic_controll.cycle_num[6]$_SDFF_PN0_/QN	write_out.sram_wdata_a[125]$_SDFF_PN0_/D
25	0.2539	tpu_start	systolic_controll.addr_serial_num[I]	tpu_start	systolic_controll.addr_serial_num[5]$_SDFFE_PN0P_/D
26	0.2544	srstn	systolic.product_reg[I][J]	srstn	systolic.product_reg[0][0]$_SDFF_PN0_/D
27	0.2649	srstn	systolic_controll.state[I]	srstn	systolic_controll.state[0]$_DFF_P_/D
28	0.2655	srstn	systolic_controll.matrix_index[I]	srstn	systolic_controll.matrix_index[0]$_SDFF_PP0_/D
29	0.2657	srstn	systolic.data_queue[I][J]	srstn	systolic.data_queue[58][5]$_SDFFE_PN0P_/D
30	0.2661	srstn	systolic.weight_queue[I][J]	srstn	systolic.weight_queue[0][7]$_SDFFE_PN0P_/D
31	0.2758	systolic_controll.matrix_index[I]	systolic_controll.state[I]	systolic_controll.matrix_index[0]$_SDFF_PP0_/Q	systolic_controll.state[3]$_DFF_P_/D
32	0.2827	systolic_controll.matrix_index[I]	systolic_controll.matrix_index[I]	systolic_controll.matrix_index[0]$_SDFF_PP0_/Q	systolic_controll.matrix_index[5]$_SDFF_PP0_/D
33	0.2845	systolic_controll.state[I]	_I_	systolic_controll.state[3]$_DFF_P_/Q	_88950_/D
34	0.2948	systolic_controll.state[I]	write_out.sram_wdata_c[I]	systolic_controll.state[3]$_DFF_P_/Q	write_out.sram_wdata_c[10]$_SDFF_PN0_/D
35	0.2950	systolic_controll.matrix_index[I]	systolic_controll.tpu_done	systolic_controll.matrix_index[0]$_SDFF_PP0_/Q	systolic_controll.tpu_done$_SDFF_PN0_/D
36	0.2981	systolic_controll.cycle_num[I]	write_out.sram_waddr_c[I]	systolic_controll.cycle_num[6]$_SDFF_PN0_/QN	write_out.sram_waddr_c[3]$_SDFF_PN0_/D
37	0.3037	systolic_controll.state[I]	write_out.sram_wdata_a[I]	systolic_controll.state[3]$_DFF_P_/Q	write_out.sram_wdata_a[125]$_SDFF_PN0_/D
38	0.3104	srstn	systolic.is_reset_reg[I]	srstn	systolic.is_reset_reg[4]$_SDFF_PN0_/D
39	0.3269	systolic_controll.matrix_index[I]	write_out.sram_waddr_c[I]	systolic_controll.matrix_index[0]$_SDFF_PP0_/Q	write_out.sram_waddr_c[0]$_SDFF_PN0_/D
40	0.3270	systolic_controll.matrix_index[I]	write_out.sram_waddr_a[I]	systolic_controll.matrix_index[0]$_SDFF_PP0_/Q	write_out.sram_waddr_a[0]$_SDFF_PN0_/D
41	0.3339	srstn	systolic_controll.data_set[I]	srstn	systolic_controll.data_set[0]$_SDFFE_PN0P_/D
42	0.3344	srstn	systolic_controll.cycle_num[I]	srstn	systolic_controll.cycle_num[0]$_SDFF_PN0_/D
43	0.3532	systolic_controll.cycle_num[I]	write_out.sram_waddr_a[I]	systolic_controll.cycle_num[6]$_SDFF_PN0_/QN	write_out.sram_waddr_a[3]$_SDFF_PN0_/D
44	0.3617	systolic_controll.state[I]	write_out.sram_waddr_c[I]	systolic_controll.state[3]$_DFF_P_/Q	write_out.sram_waddr_c[3]$_SDFF_PN0_/D
45	0.3635	srstn	systolic.alu_start_d	srstn	systolic.alu_start_d$_SDFF_PN0_/D
46	0.3654	systolic_controll.data_set[I]	_I_	systolic_controll.data_set[1]$_SDFFE_PN0P_/QN	_88950_/D
47	0.3731	systolic_controll.cycle_num[I]	write_out.sram_write_enable_aI	systolic_controll.cycle_num[6]$_SDFF_PN0_/QN	write_out.sram_write_enable_a0$_SDFF_PN1_/D
48	0.3846	systolic_controll.data_set[I]	write_out.sram_wdata_a[I]	systolic_controll.data_set[1]$_SDFFE_PN0P_/QN	write_out.sram_wdata_a[125]$_SDFF_PN0_/D
49	0.3893	systolic_controll.data_set[I]	write_out.sram_wdata_c[I]	systolic_controll.data_set[0]$_SDFFE_PN0P_/Q	write_out.sram_wdata_c[10]$_SDFF_PN0_/D
50	0.3902	srstn	systolic_controll.tpu_done	srstn	systolic_controll.tpu_done$_SDFF_PN0_/D
51	0.4024	systolic_controll.cycle_num[I]	write_out.sram_write_enable_cI	systolic_controll.cycle_num[6]$_SDFF_PN0_/QN	write_out.sram_write_enable_c0$_SDFF_PN1_/D
52	0.4168	systolic_controll.state[I]	write_out.sram_waddr_a[I]	systolic_controll.state[3]$_DFF_P_/Q	write_out.sram_waddr_a[3]$_SDFF_PN0_/D
53	0.4260	systolic_controll.cycle_num[I]	systolic.is_reset_reg[I]	systolic_controll.cycle_num[2]$_SDFF_PN0_/Q	systolic.is_reset_reg[15]$_SDFF_PN0_/D
54	0.4358	systolic.alu_start_d	systolic.matrix_mul_ID[J][K]	systolic.alu_start_d$_SDFF_PN0_/Q	systolic.matrix_mul_2D[50][20]$_SDFFE_PN0P_/D
55	0.4367	systolic_controll.state[I]	write_out.sram_write_enable_aI	systolic_controll.state[3]$_DFF_P_/Q	write_out.sram_write_enable_a0$_SDFF_PN1_/D
56	0.4491	addr_sel.sram_raddr_wI[J]	sram_raddr_wI[J]	addr_sel.sram_raddr_w0[0]$_SDFF_PN1_/Q	sram_raddr_w0[0]
57	0.4561	systolic.is_reset_reg[I]	systolic.matrix_mul_ID[J][K]	systolic.is_reset_reg[3]$_SDFF_PN0_/Q	systolic.matrix_mul_2D[17][11]$_SDFFE_PN0P_/D
58	0.4563	systolic_controll.data_set[I]	write_out.sram_waddr_c[I]	systolic_controll.data_set[0]$_SDFFE_PN0P_/Q	write_out.sram_waddr_c[3]$_SDFF_PN0_/D
59	0.4655	systolic_controll.addr_serial_num[I]	addr_sel.sram_raddr_wI[J]	systolic_controll.addr_serial_num[5]$_SDFFE_PN0P_/Q	addr_sel.sram_raddr_w1[5]$_SDFF_PN1_/D
60	0.4657	addr_sel.sram_raddr_wI[J]	sram_raddr_dI[J]	addr_sel.sram_raddr_w0[0]$_SDFF_PN1_/Q	sram_raddr_d0[0]
61	0.4661	systolic_controll.state[I]	write_out.sram_write_enable_cI	systolic_controll.state[3]$_DFF_P_/Q	write_out.sram_write_enable_c0$_SDFF_PN1_/D
62	0.4679	write_out.sram_waddr_a[I]	sram_waddr_a[I]	write_out.sram_waddr_a[0]$_SDFF_PN0_/Q	sram_waddr_a[0]
63	0.4679	_I_	sram_waddr_b[I]	_88978_/Q	sram_waddr_b[0]
64	0.4679	write_out.sram_waddr_c[I]	sram_waddr_c[I]	write_out.sram_waddr_c[0]$_SDFF_PN0_/Q	sram_waddr_c[0]
65	0.4679	write_out.sram_wdata_a[I]	sram_wdata_a[I]	write_out.sram_wdata_a[0]$_SDFF_PN0_/Q	sram_wdata_a[0]
66	0.4679	_I_	sram_wdata_b[I]	_88851_/Q	sram_wdata_b[0]
67	0.4679	write_out.sram_wdata_c[I]	sram_wdata_c[I]	write_out.sram_wdata_c[0]$_SDFF_PN0_/Q	sram_wdata_c[0]
68	0.4679	write_out.sram_write_enable_aI	sram_write_enable_aI	write_out.sram_write_enable_a0$_SDFF_PN1_/Q	sram_write_enable_a0
69	0.4679	_I_	sram_write_enable_bI	_88848_/Q	sram_write_enable_b0
70	0.4679	write_out.sram_write_enable_cI	sram_write_enable_cI	write_out.sram_write_enable_c0$_SDFF_PN1_/Q	sram_write_enable_c0
71	0.4679	systolic_controll.tpu_done	tpu_done	systolic_controll.tpu_done$_SDFF_PN0_/Q	tpu_done
72	0.4681	tpu_start	systolic_controll.state[I]	tpu_start	systolic_controll.state[0]$_DFF_P_/D
73	0.4685	systolic_controll.cycle_num[I]	systolic_controll.data_set[I]	systolic_controll.cycle_num[2]$_SDFF_PN0_/Q	systolic_controll.data_set[0]$_SDFFE_PN0P_/D
74	0.4805	sram_rdata_dI[J]	systolic.data_queue[I][J]	sram_rdata_d1[0]	systolic.data_queue[56][0]$_SDFFE_PN0P_/D
75	0.4805	sram_rdata_wI[J]	systolic.weight_queue[I][J]	sram_rdata_w0[31]	systolic.weight_queue[0][7]$_SDFFE_PN0P_/D
76	0.4910	systolic_controll.addr_serial_num[I]	systolic_controll.addr_serial_num[I]	systolic_controll.addr_serial_num[1]$_SDFFE_PN0P_/Q	systolic_controll.addr_serial_num[5]$_SDFFE_PN0P_/D
77	0.4919	systolic_controll.matrix_index[I]	systolic_controll.data_set[I]	systolic_controll.matrix_index[1]$_SDFF_PP0_/Q	systolic_controll.data_set[0]$_SDFFE_PN0P_/D
78	0.4948	systolic_controll.state[I]	systolic.is_accum_reg[I]	systolic_controll.state[3]$_DFF_P_/Q	systolic.is_accum_reg[55]$_SDFF_PN0_/D
79	0.4976	systolic_controll.data_set[I]	write_out.sram_waddr_a[I]	systolic_controll.data_set[1]$_SDFFE_PN0P_/QN	write_out.sram_waddr_a[3]$_SDFF_PN0_/D
80	0.5058	systolic_controll.cycle_num[I]	systolic_controll.cycle_num[I]	systolic_controll.cycle_num[1]$_SDFF_PN0_/Q	systolic_controll.cycle_num[8]$_SDFF_PN0_/D
81	0.5067	systolic.is_accum_reg[I]	systolic.matrix_mul_ID[J][K]	systolic.is_accum_reg[6]$_SDFF_PN0_/Q	systolic.matrix_mul_2D[13][12]$_SDFFE_PN0P_/D
82	0.5175	systolic_controll.data_set[I]	write_out.sram_write_enable_aI	systolic_controll.data_set[1]$_SDFFE_PN0P_/QN	write_out.sram_write_enable_a0$_SDFF_PN1_/D
83	0.5287	systolic_controll.cycle_num[I]	systolic_controll.matrix_index[I]	systolic_controll.cycle_num[2]$_SDFF_PN0_/Q	systolic_controll.matrix_index[1]$_SDFF_PP0_/D
84	0.5449	systolic_controll.state[I]	systolic.data_queue[I][J]	systolic_controll.state[3]$_DFF_P_/Q	systolic.data_queue[24][3]$_SDFFE_PN0P_/D
85	0.5538	systolic_controll.state[I]	systolic_controll.addr_serial_num[I]	systolic_controll.state[0]$_DFF_P_/QN	systolic_controll.addr_serial_num[5]$_SDFFE_PN0P_/D
86	0.5606	systolic_controll.data_set[I]	write_out.sram_write_enable_cI	systolic_controll.data_set[0]$_SDFFE_PN0P_/Q	write_out.sram_write_enable_c0$_SDFF_PN1_/D
87	0.5653	systolic_controll.state[I]	systolic.weight_queue[I][J]	systolic_controll.state[3]$_DFF_P_/Q	systolic.weight_queue[12][4]$_SDFFE_PN0P_/D
88	0.5841	systolic_controll.state[I]	systolic_controll.state[I]	systolic_controll.state[3]$_DFF_P_/Q	systolic_controll.state[0]$_DFF_P_/D
89	0.6200	systolic_controll.state[I]	systolic.is_reset_reg[I]	systolic_controll.state[3]$_DFF_P_/Q	systolic.is_reset_reg[4]$_SDFF_PN0_/D
90	0.6435	systolic_controll.state[I]	systolic_controll.data_set[I]	systolic_controll.state[3]$_DFF_P_/Q	systolic_controll.data_set[0]$_SDFFE_PN0P_/D
91	0.6440	systolic_controll.state[I]	systolic_controll.cycle_num[I]	systolic_controll.state[3]$_DFF_P_/Q	systolic_controll.cycle_num[0]$_SDFF_PN0_/D
92	0.6471	systolic_controll.data_set[I]	systolic_controll.state[I]	systolic_controll.data_set[0]$_SDFFE_PN0P_/Q	systolic_controll.state[3]$_DFF_P_/D
93	0.6589	systolic_controll.data_set[I]	systolic_controll.data_set[I]	systolic_controll.data_set[1]$_SDFFE_PN0P_/QN	systolic_controll.data_set[1]$_SDFFE_PN0P_/D
94	0.6662	systolic_controll.data_set[I]	systolic_controll.tpu_done	systolic_controll.data_set[0]$_SDFFE_PN0P_/Q	systolic_controll.tpu_done$_SDFF_PN0_/D
95	0.6731	systolic_controll.state[I]	systolic.alu_start_d	systolic_controll.state[3]$_DFF_P_/Q	systolic.alu_start_d$_SDFF_PN0_/D
96	0.6983	systolic.data_queue[I][J]	systolic.data_queue[I][J]	systolic.data_queue[12][7]$_SDFFE_PN0P_/Q	systolic.data_queue[12][7]$_SDFFE_PN0P_/D
97	0.6998	systolic_controll.state[I]	systolic_controll.tpu_done	systolic_controll.state[3]$_DFF_P_/Q	systolic_controll.tpu_done$_SDFF_PN0_/D
98	0.7091	systolic_controll.state[I]	systolic_controll.matrix_index[I]	systolic_controll.state[3]$_DFF_P_/QN	systolic_controll.matrix_index[0]$_SDFF_PP0_/D
99	0.7103	systolic.weight_queue[I][J]	systolic.weight_queue[I][J]	systolic.weight_queue[10][7]$_SDFFE_PN0P_/Q	systolic.weight_queue[10][7]$_SDFFE_PN0P_/D
