# stage	1_synth
# top_module	viterbi_core
# top_n	100
# kind	blocks
# skip_async	1
# include_full	1
# rank	worst_slack_ns	start	end	start_full	end_full
1	-1.0438	pm_normalize_inst.gmax_r[I][J]	pm_normalize_inst.pm_nom_r[I][J]	pm_normalize_inst.gmax_r[1][3]$_DFFE_PN0P_/Q	pm_normalize_inst.pm_nom_r[0][6]$_DFFE_PN0P_/D
2	-0.2927	src_rdata_i[I]	bmu_inst_I.bm_r[J]	src_rdata_i[20]	bmu_inst_42.bm_r[6]$_DFF_PN0_/D
3	-0.0616	pm_normalize_inst.reg_num_buf_r[I]	pm_normalize_inst.pm_nom_r[I][J]	pm_normalize_inst.reg_num_buf_r[1]$_DFFE_PN0P_/Q	pm_normalize_inst.pm_nom_r[0][6]$_DFFE_PN0P_/D
4	-0.0540	register_num_i[I]	acs_inst_I.pm_r[J]	register_num_i[1]	acs_inst_1.pm_r[6]$_DFF_PN0_/D
5	0.0045	register_num_i[I]	acs_inst_I.survivor_path_r	register_num_i[1]	acs_inst_0.survivor_path_r$_DFF_PN0_/D
6	0.5397	bmu_inst_I.bm_r[J]	acs_inst_I.pm_r[J]	bmu_inst_63.bm_r[0]$_DFF_PN0_/Q	acs_inst_39.pm_r[5]$_DFF_PN0_/D
7	0.5590	acs_inst_I.pm_r[J]	pm_normalize_inst.gmax_r[I][J]	acs_inst_33.pm_r[1]$_DFF_PN0_/Q	pm_normalize_inst.gmax_r[4][2]$_DFFE_PN0P_/D
8	0.5922	bmu_inst_I.bm_r[J]	acs_inst_I.survivor_path_r	bmu_inst_63.bm_r[0]$_DFF_PN0_/Q	acs_inst_39.survivor_path_r$_DFF_PN0_/D
9	0.6386	register_num_i[I]	bmu_inst_I.low_codeword_tmp[J]	register_num_i[1]	bmu_inst_25.low_codeword_tmp[3]$_DFFE_PN0P_/D
10	0.6608	infobit_length_i[I]	src_addr_r[I]	infobit_length_i[2]	src_addr_r[10]$_DFFE_PN0P_/D
11	0.6758	frame_start_i	fetch_src_cnt_r[I]	frame_start_i	fetch_src_cnt_r[10]$_DFFE_PN0P_/D
12	0.6939	rst_sync_i	fetch_src_cnt_r[I]	rst_sync_i	fetch_src_cnt_r[10]$_DFFE_PN0P_/D
13	0.7093	polynomialI_i[J]	bmu_inst_I.low_codeword_tmp[J]	polynomial4_i[0]	bmu_inst_63.low_codeword_tmp[3]$_DFFE_PN0P_/D
14	0.7234	register_num_i[I]	pm_normalize_inst.update_en_buf_r[I]	register_num_i[1]	pm_normalize_inst.update_en_buf_r[31]$_DFFE_PN0P_/D
15	0.7268	valid_polynomials_i[I]	bmu_inst_I.bm_r[J]	valid_polynomials_i[1]	bmu_inst_17.bm_r[5]$_DFF_PN0_/D
16	0.7306	frame_start_i	pm_normalize_inst.pm_nom_r[I][J]	frame_start_i	pm_normalize_inst.pm_nom_r[20][0]$_DFFE_PN0P_/D
17	0.7360	infobit_length_i[I]	src_len_counter_r[I]	infobit_length_i[2]	src_len_counter_r[10]$_DFFE_PN0P_/D
18	0.7360	frame_start_i	pm_normalize_inst.gmax_r[I][J]	frame_start_i	pm_normalize_inst.gmax_r[6][1]$_DFFE_PN0P_/D
19	0.7370	frame_start_i	pm_normalize_inst.pm_buf_r[I][J]	frame_start_i	pm_normalize_inst.pm_buf_r[10][0]$_DFFE_PN0P_/D
20	0.7371	rst_sync_i	pm_normalize_inst.pm_nom_r[I][J]	rst_sync_i	pm_normalize_inst.pm_nom_r[20][0]$_DFFE_PN0P_/D
21	0.7380	valid_polynomials_i[I]	bmu_inst_I.low_codeword[J]	valid_polynomials_i[1]	bmu_inst_1.low_codeword[3]$_DFFE_PN0P_/D
22	0.7381	register_num_i[I]	acs_en_r[I]	register_num_i[1]	acs_en_r[62]$_DFFE_PN0P_/D
23	0.7422	frame_start_i	src_len_counter_r[I]	frame_start_i	src_len_counter_r[10]$_DFFE_PN0P_/D
24	0.7425	rst_sync_i	pm_normalize_inst.gmax_r[I][J]	rst_sync_i	pm_normalize_inst.gmax_r[6][1]$_DFFE_PN0P_/D
25	0.7476	rst_sync_i	bmu_inst_I.low_codeword_tmp[J]	rst_sync_i	bmu_inst_46.low_codeword_tmp[0]$_DFFE_PN0P_/D
26	0.7506	frame_start_i	src_addr_r[I]	frame_start_i	src_addr_r[10]$_DFFE_PN0P_/D
27	0.7564	rst_sync_i	pm_normalize_inst.pm_buf_r[I][J]	rst_sync_i	pm_normalize_inst.pm_buf_r[10][0]$_DFFE_PN0P_/D
28	0.7599	frame_start_i	tb_len_r[I]	frame_start_i	tb_len_r[2]$_DFFE_PN0P_/D
29	0.7623	frame_start_i	pm_normalize_inst.reg_num_buf_r[I]	frame_start_i	pm_normalize_inst.reg_num_buf_r[0]$_DFFE_PN0P_/D
30	0.7623	frame_start_i	pm_normalize_inst.update_en_buf_r[I]	frame_start_i	pm_normalize_inst.update_en_buf_r[62]$_DFFE_PN0P_/D
31	0.7667	rst_sync_i	src_len_counter_r[I]	rst_sync_i	src_len_counter_r[10]$_DFFE_PN0P_/D
32	0.7670	rst_sync_i	bmu_inst_I.low_codeword[J]	rst_sync_i	bmu_inst_1.low_codeword[0]$_DFFE_PN0P_/D
33	0.7687	rst_sync_i	pm_normalize_inst.reg_num_buf_r[I]	rst_sync_i	pm_normalize_inst.reg_num_buf_r[0]$_DFFE_PN0P_/D
34	0.7687	rst_sync_i	pm_normalize_inst.update_en_buf_r[I]	rst_sync_i	pm_normalize_inst.update_en_buf_r[62]$_DFFE_PN0P_/D
35	0.7702	frame_start_i	last_loop_r	frame_start_i	last_loop_r$_DFFE_PN0P_/D
36	0.7702	frame_start_i	state_r[I]	frame_start_i	state_r[2]$_DFF_PN0_/D
37	0.7702	frame_start_i	tb_wr_addr_r[I]	frame_start_i	tb_wr_addr_r[2]$_DFFE_PN0P_/D
38	0.7707	rst_sync_i	acs_inst_I.pm_r[J]	rst_sync_i	acs_inst_53.pm_r[8]$_DFF_PN0_/D
39	0.7809	frame_start_i	trellis_idx_r[I]	frame_start_i	trellis_idx_r[5]$_DFFE_PN0P_/D
40	0.7838	bmu_inst_I.low_codeword[J]	bmu_inst_I.bm_r[J]	bmu_inst_9.low_codeword[4]$_DFFE_PN0P_/Q	bmu_inst_9.bm_r[6]$_DFF_PN0_/D
41	0.7859	frame_start_i	dst_addr_r[I]	frame_start_i	dst_addr_r[8]$_DFFE_PN0P_/D
42	0.7991	rst_sync_i	dst_addr_r[I]	rst_sync_i	dst_addr_r[9]$_DFFE_PN0P_/D
43	0.7995	rst_sync_i	src_addr_r[I]	rst_sync_i	src_addr_r[10]$_DFFE_PN0P_/D
44	0.8008	frame_start_i	half_tb_start_r	frame_start_i	half_tb_start_r$_DFFE_PN0P_/D
45	0.8024	rst_sync_i	tb_len_r[I]	rst_sync_i	tb_len_r[2]$_DFFE_PN0P_/D
46	0.8054	rst_sync_i	bmu_inst_I.bm_r[J]	rst_sync_i	bmu_inst_27.bm_r[3]$_DFF_PN0_/D
47	0.8054	rst_sync_i	trellis_idx_r[I]	rst_sync_i	trellis_idx_r[5]$_DFFE_PN0P_/D
48	0.8072	rst_sync_i	half_tb_start_r	rst_sync_i	half_tb_start_r$_DFFE_PN0P_/D
49	0.8084	frame_start_i	bmu_inst_I.ready_r	frame_start_i	bmu_inst_0.ready_r$_DFFE_PN0P_/D
50	0.8100	frame_start_i	acs_en_r[I]	frame_start_i	acs_en_r[31]$_DFFE_PN0P_/D
51	0.8100	rst_sync_i	acs_inst_I.survivor_path_r	rst_sync_i	acs_inst_33.survivor_path_r$_DFF_PN0_/D
52	0.8127	rst_sync_i	last_loop_r	rst_sync_i	last_loop_r$_DFFE_PN0P_/D
53	0.8127	rst_sync_i	state_r[I]	rst_sync_i	state_r[2]$_DFF_PN0_/D
54	0.8127	rst_sync_i	tb_wr_addr_r[I]	rst_sync_i	tb_wr_addr_r[2]$_DFFE_PN0P_/D
55	0.8141	tail_biting_en_i	pm_normalize_inst.pm_nom_r[I][J]	tail_biting_en_i	pm_normalize_inst.pm_nom_r[32][7]$_DFFE_PN0P_/D
56	0.8149	rst_sync_i	bmu_inst_I.ready_r	rst_sync_i	bmu_inst_0.ready_r$_DFFE_PN0P_/D
57	0.8164	rst_sync_i	acs_en_r[I]	rst_sync_i	acs_en_r[31]$_DFFE_PN0P_/D
58	0.8266	frame_start_i	frame_done_r	frame_start_i	frame_done_r$_DFFE_PN0P_/D
59	0.8287	frame_start_i	first_loop_r	frame_start_i	first_loop_r$_DFFE_PN0P_/D
60	0.8287	frame_start_i	flush_all_start_r	frame_start_i	flush_all_start_r$_DFFE_PN0P_/D
61	0.8306	frame_start_i	byte_idx_r[I]	frame_start_i	byte_idx_r[0]$_DFF_PN0_/D
62	0.8338	tail_biting_en_i	trellis_idx_r[I]	tail_biting_en_i	trellis_idx_r[8]$_DFFE_PN0P_/D
63	0.8370	rst_sync_i	byte_idx_r[I]	rst_sync_i	byte_idx_r[0]$_DFF_PN0_/D
64	0.8392	frame_start_i	full_tb_start_r	frame_start_i	full_tb_start_r$_DFFE_PN0P_/D
65	0.8428	frame_start_i	pm_normalize_inst.en_dI_r	frame_start_i	pm_normalize_inst.en_d1_r$_DFF_PN0_/D
66	0.8434	rst_sync_i	bmu_inst_I.calc_codeword_en	rst_sync_i	bmu_inst_49.calc_codeword_en$_DFF_PN0_/D
67	0.8456	rst_sync_i	first_loop_r	rst_sync_i	first_loop_r$_DFFE_PN0P_/D
68	0.8493	rst_sync_i	pm_normalize_inst.en_dI_r	rst_sync_i	pm_normalize_inst.en_d1_r$_DFF_PN0_/D
69	0.8497	rst_sync_i	acs_inst_I.valid_r	rst_sync_i	acs_inst_0.valid_r$_DFF_PN0_/D
70	0.8533	frame_start_i	src_rd_r	frame_start_i	src_rd_r$_DFFE_PN0P_/D
71	0.8548	frame_start_i	busy_r	frame_start_i	busy_r$_DFFE_PN0P_/D
72	0.8595	frame_start_i	dst_wr_r	frame_start_i	dst_wr_r$_DFF_PN0_/D
73	0.8609	rst_sync_i	full_tb_start_r	rst_sync_i	full_tb_start_r$_DFFE_PN0P_/D
74	0.8609	rst_sync_i	frame_done_r	rst_sync_i	frame_done_r$_DFFE_PN0P_/D
75	0.8650	rst_sync_i	flush_all_start_r	rst_sync_i	flush_all_start_r$_DFFE_PN0P_/D
76	0.8660	rst_sync_i	dst_wr_r	rst_sync_i	dst_wr_r$_DFF_PN0_/D
77	0.8673	acs_inst_I.valid_r	tb_addr_o[I]	acs_inst_0.valid_r$_DFF_PN0_/Q	tb_addr_o[0]
78	0.8747	rst_sync_i	traceback_ins.tb_addr_r[I]	rst_sync_i	traceback_ins.tb_addr_r[5]$_DFFE_PN0P_/D
79	0.8769	rst_sync_i	bmu_ready_dI_r	rst_sync_i	bmu_ready_d1_r$_DFF_PN1_/D
80	0.8783	frame_start_i	bmu_inst_I.calc_polyn_en	frame_start_i	bmu_inst_60.calc_polyn_en$_DFF_PN0_/D
81	0.8806	rst_sync_i	traceback_start_r	rst_sync_i	traceback_start_r$_DFF_PN0_/D
82	0.8863	rst_sync_i	traceback_ins.tb_counter_r[I]	rst_sync_i	traceback_ins.tb_counter_r[0]$_DFFE_PN0P_/D
83	0.8902	rst_sync_i	decoding_start_r	rst_sync_i	decoding_start_r$_DFF_PN0_/D
84	0.8902	rst_sync_i	dst_wr_dI_r	rst_sync_i	dst_wr_d1_r$_DFF_PN0_/D
85	0.8902	rst_sync_i	traceback_ins.tb_rd_r	rst_sync_i	traceback_ins.tb_rd_r$_DFF_PN0_/D
86	0.8905	rst_sync_i	busy_r	rst_sync_i	busy_r$_DFFE_PN0P_/D
87	0.9237	pm_normalize_inst.pm_nom_r[I][J]	acs_inst_I.pm_r[J]	pm_normalize_inst.pm_nom_r[18][0]$_DFFE_PN0P_/Q	acs_inst_28.pm_r[5]$_DFF_PN0_/D
88	0.9255	rst_sync_i	src_rd_r	rst_sync_i	src_rd_r$_DFFE_PN0P_/D
89	0.9262	infobit_length_i[I]	trellis_idx_r[I]	infobit_length_i[7]	trellis_idx_r[7]$_DFFE_PN0P_/D
90	0.9436	decoding_length_i[I]	trellis_idx_r[I]	decoding_length_i[6]	trellis_idx_r[6]$_DFFE_PN0P_/D
91	0.9505	rst_sync_i	bmu_inst_I.calc_polyn_en	rst_sync_i	bmu_inst_60.calc_polyn_en$_DFF_PN0_/D
92	0.9628	tb_wr_addr_r[I]	tb_addr_o[I]	tb_wr_addr_r[3]$_DFFE_PN0P_/Q	tb_addr_o[3]
93	0.9707	pm_normalize_inst.pm_nom_r[I][J]	acs_inst_I.survivor_path_r	pm_normalize_inst.pm_nom_r[18][1]$_DFFE_PN0P_/Q	acs_inst_29.survivor_path_r$_DFF_PN0_/D
94	0.9912	traceback_ins.tb_addr_r[I]	tb_addr_o[I]	traceback_ins.tb_addr_r[3]$_DFFE_PN0P_/Q	tb_addr_o[3]
95	0.9927	dst_start_addr_i[I]	dst_addr_r[I]	dst_start_addr_i[9]	dst_addr_r[9]$_DFFE_PN0P_/D
96	0.9950	rst_sync_i	bmu_inst_I.bm_valid_r	rst_sync_i	bmu_inst_33.bm_valid_r$_DFF_PN0_/D
97	0.9956	rst_sync_i	soft_data_valid_r	rst_sync_i	soft_data_valid_r$_DFF_PN0_/D
98	1.0087	src_start_addr_i[I]	src_addr_r[I]	src_start_addr_i[10]	src_addr_r[10]$_DFFE_PN0P_/D
99	1.0196	acs_inst_I.survivor_path_r	tb_wdata_o[I]	acs_inst_0.survivor_path_r$_DFF_PN0_/Q	tb_wdata_o[0]
100	1.0228	src_addr_r[I]	src_addr_o[I]	src_addr_r[1]$_DFFE_PN0P_/Q	src_addr_o[1]
