# stage	1_synth
# top_module	tpu_top
# top_n	100
# kind	blocks
# skip_async	1
# include_full	1
# rank	worst_slack_ns	start	end	start_full	end_full
1	-0.3841	matrix_index_dI[J]	_I_	matrix_index_d2[2]$_SDFF_PN0_/QN	_92298_/D
2	-0.1326	systolic.data_queue[I][J]	systolic.mul_product[I][J]	systolic.data_queue[5][3]$_SDFFE_PN0P_/Q	systolic.mul_product[5][15]$_SDFFE_PN0P_/D
3	-0.1283	systolic.weight_queue[I][J]	systolic.mul_product[I][J]	systolic.weight_queue[5][2]$_SDFFE_PN0P_/Q	systolic.mul_product[5][15]$_SDFFE_PN0P_/D
4	0.0840	srstn	_I_	srstn	_92279_/D
5	0.1457	systolic.matrix_mul_ID[J][K]	systolic.matrix_mul_ID[J][K]	systolic.matrix_mul_2D[20][0]$_SDFFE_PN0P_/Q	systolic.matrix_mul_2D[20][20]$_SDFFE_PN0P_/D
6	0.1463	systolic.mul_product[I][J]	systolic.matrix_mul_ID[J][K]	systolic.mul_product[20][0]$_SDFFE_PN0P_/Q	systolic.matrix_mul_2D[20][20]$_SDFFE_PN0P_/D
7	0.1828	systolic.cycle_num_dI[J]	systolic.matrix_mul_ID[J][K]	systolic.cycle_num_d1[1]$_SDFF_PN0_/QN	systolic.matrix_mul_2D[8][20]$_SDFFE_PN0P_/D
8	0.1883	srstn	ori_data_reg[I]	srstn	ori_data_reg[100]$_SDFF_PN0_/D
9	0.1923	matrix_index_dI[J]	ori_data_reg[I]	matrix_index_d1[4]$_SDFF_PN0_/QN	ori_data_reg[137]$_SDFF_PN0_/D
10	0.1923	srstn	systolic.matrix_mul_ID[J][K]	srstn	systolic.matrix_mul_2D[32][15]$_SDFFE_PN0P_/D
11	0.1996	srstn	systolic.mul_product[I][J]	srstn	systolic.mul_product[48][9]$_SDFFE_PN0P_/D
12	0.2183	srstn	systolic.data_queue[I][J]	srstn	systolic.data_queue[0][0]$_SDFFE_PN0P_/D
13	0.2183	srstn	systolic.weight_queue[I][J]	srstn	systolic.weight_queue[0][0]$_SDFFE_PN0P_/D
14	0.2189	srstn	data_set_dI[J]	srstn	data_set_d1[1]$_SDFF_PN0_/D
15	0.2189	srstn	systolic_controll.addr_serial_num[I]	srstn	systolic_controll.addr_serial_num[0]$_SDFFE_PN0P_/D
16	0.2269	srstn	matrix_index_dI[J]	srstn	matrix_index_d2[2]$_SDFF_PN0_/D
17	0.2269	srstn	systolic.cycle_num_dI[J]	srstn	systolic.cycle_num_d1[2]$_SDFF_PN0_/D
18	0.2307	srstn	systolic_controll.state[I]	srstn	systolic_controll.state[3]$_DFF_P_/D
19	0.2334	matrix_index_dI[J]	write_out.sram_wdata_c[I]	matrix_index_d2[4]$_SDFF_PN0_/QN	write_out.sram_wdata_c[49]$_SDFF_PN0_/D
20	0.2345	matrix_index_dI[J]	write_out.sram_wdata_a[I]	matrix_index_d2[4]$_SDFF_PN0_/QN	write_out.sram_wdata_a[49]$_SDFF_PN0_/D
21	0.2414	srstn	systolic_controll.matrix_index[I]	srstn	systolic_controll.matrix_index[0]$_SDFF_PP0_/D
22	0.2573	srstn	write_out.sram_wdata_c[I]	srstn	write_out.sram_wdata_c[117]$_SDFF_PN0_/D
23	0.2588	srstn	write_out.sram_wdata_a[I]	srstn	write_out.sram_wdata_a[117]$_SDFF_PN0_/D
24	0.2604	srstn	sram_write_enable_dI	srstn	sram_write_enable_d2$_SDFF_PN0_/D
25	0.2604	srstn	tpu_done_dI	srstn	tpu_done_d1$_SDFF_PN0_/D
26	0.2658	tpu_start	systolic_controll.addr_serial_num[I]	tpu_start	systolic_controll.addr_serial_num[5]$_SDFFE_PN0P_/D
27	0.2680	ori_data_reg[I]	write_out.sram_wdata_c[I]	ori_data_reg[66]$_SDFF_PN0_/Q	write_out.sram_wdata_c[113]$_SDFF_PN0_/D
28	0.2695	ori_data_reg[I]	write_out.sram_wdata_a[I]	ori_data_reg[66]$_SDFF_PN0_/Q	write_out.sram_wdata_a[113]$_SDFF_PN0_/D
29	0.2697	ori_data_reg[I]	_I_	ori_data_reg[66]$_SDFF_PN0_/Q	_92300_/D
30	0.2847	srstn	write_out.sram_waddr_a[I]	srstn	write_out.sram_waddr_a[3]$_SDFF_PN0_/D
31	0.2857	srstn	write_out.sram_waddr_c[I]	srstn	write_out.sram_waddr_c[3]$_SDFF_PN0_/D
32	0.2895	srstn	systolic_controll.cycle_num[I]	srstn	systolic_controll.cycle_num[2]$_SDFF_PN0_/D
33	0.2895	srstn	systolic_controll.data_set[I]	srstn	systolic_controll.data_set[1]$_SDFFE_PN0P_/D
34	0.2895	srstn	systolic_controll.tpu_done	srstn	systolic_controll.tpu_done$_SDFF_PN0_/D
35	0.3040	srstn	write_out.sram_write_enable_cI	srstn	write_out.sram_write_enable_c0$_SDFF_PN1_/D
36	0.3049	srstn	write_out.sram_write_enable_aI	srstn	write_out.sram_write_enable_a0$_SDFF_PN1_/D
37	0.3516	srstn	systolic.alu_start_dI	srstn	systolic.alu_start_d1$_SDFF_PN0_/D
38	0.3553	systolic.alu_start_dI	systolic.matrix_mul_ID[J][K]	systolic.alu_start_d1$_SDFF_PN0_/Q	systolic.matrix_mul_2D[51][10]$_SDFFE_PN0P_/D
39	0.3672	data_set_dI[J]	_I_	data_set_d2[1]$_SDFF_PN0_/Q	_92316_/D
40	0.3957	sram_write_enable_dI	_I_	sram_write_enable_d2$_SDFF_PN0_/Q	_92279_/D
41	0.4088	systolic_controll.cycle_num[I]	systolic_controll.matrix_index[I]	systolic_controll.cycle_num[0]$_SDFF_PN0_/Q	systolic_controll.matrix_index[0]$_SDFF_PP0_/D
42	0.4324	systolic_controll.cycle_num[I]	systolic_controll.data_set[I]	systolic_controll.cycle_num[0]$_SDFF_PN0_/Q	systolic_controll.data_set[0]$_SDFFE_PN0P_/D
43	0.4459	matrix_index_dI[J]	write_out.sram_waddr_a[I]	matrix_index_d2[0]$_SDFF_PN0_/Q	write_out.sram_waddr_a[0]$_SDFF_PN0_/D
44	0.4460	matrix_index_dI[J]	write_out.sram_waddr_c[I]	matrix_index_d2[0]$_SDFF_PN0_/Q	write_out.sram_waddr_c[0]$_SDFF_PN0_/D
45	0.4491	addr_sel.sram_raddr_wI[J]	sram_raddr_wI[J]	addr_sel.sram_raddr_w0[0]$_SDFF_PN1_/Q	sram_raddr_w0[0]
46	0.4657	addr_sel.sram_raddr_wI[J]	sram_raddr_dI[J]	addr_sel.sram_raddr_w0[0]$_SDFF_PN1_/Q	sram_raddr_d0[0]
47	0.4666	systolic_controll.addr_serial_num[I]	addr_sel.sram_raddr_wI[J]	systolic_controll.addr_serial_num[5]$_SDFFE_PN0P_/Q	addr_sel.sram_raddr_w1[5]$_SDFF_PN1_/D
48	0.4679	write_out.sram_waddr_a[I]	sram_waddr_a[I]	write_out.sram_waddr_a[0]$_SDFF_PN0_/Q	sram_waddr_a[0]
49	0.4679	_I_	sram_waddr_b[I]	_92187_/Q	sram_waddr_b[0]
50	0.4679	write_out.sram_waddr_c[I]	sram_waddr_c[I]	write_out.sram_waddr_c[0]$_SDFF_PN0_/Q	sram_waddr_c[0]
51	0.4679	write_out.sram_wdata_a[I]	sram_wdata_a[I]	write_out.sram_wdata_a[0]$_SDFF_PN0_/Q	sram_wdata_a[0]
52	0.4679	_I_	sram_wdata_b[I]	_92192_/Q	sram_wdata_b[0]
53	0.4679	write_out.sram_wdata_c[I]	sram_wdata_c[I]	write_out.sram_wdata_c[0]$_SDFF_PN0_/Q	sram_wdata_c[0]
54	0.4679	write_out.sram_write_enable_aI	sram_write_enable_aI	write_out.sram_write_enable_a0$_SDFF_PN1_/Q	sram_write_enable_a0
55	0.4679	_I_	sram_write_enable_bI	_92186_/Q	sram_write_enable_b0
56	0.4679	write_out.sram_write_enable_cI	sram_write_enable_cI	write_out.sram_write_enable_c0$_SDFF_PN1_/Q	sram_write_enable_c0
57	0.4679	tpu_done_dI	tpu_done	tpu_done_d2$_SDFF_PN0_/Q	tpu_done
58	0.4681	tpu_start	systolic_controll.state[I]	tpu_start	systolic_controll.state[0]$_DFF_P_/D
59	0.4805	sram_rdata_wI[J]	systolic.weight_queue[I][J]	sram_rdata_w0[31]	systolic.weight_queue[0][7]$_SDFFE_PN0P_/D
60	0.4805	sram_rdata_dI[J]	systolic.data_queue[I][J]	sram_rdata_d0[24]	systolic.data_queue[0][0]$_SDFFE_PN0P_/D
61	0.4855	systolic_controll.addr_serial_num[I]	systolic_controll.addr_serial_num[I]	systolic_controll.addr_serial_num[1]$_SDFFE_PN0P_/Q	systolic_controll.addr_serial_num[5]$_SDFFE_PN0P_/D
62	0.4910	systolic.matrix_mul_ID[J][K]	ori_data_reg[I]	systolic.matrix_mul_2D[49][1]$_SDFFE_PN0P_/Q	ori_data_reg[127]$_SDFF_PN0_/D
63	0.5120	systolic_controll.cycle_num[I]	sram_write_enable_dI	systolic_controll.cycle_num[0]$_SDFF_PN0_/Q	sram_write_enable_d1$_SDFF_PN0_/D
64	0.5229	systolic_controll.state[I]	systolic.mul_product[I][J]	systolic_controll.state[3]$_DFF_P_/Q	systolic.mul_product[24][15]$_SDFFE_PN0P_/D
65	0.5262	systolic_controll.state[I]	systolic.data_queue[I][J]	systolic_controll.state[3]$_DFF_P_/Q	systolic.data_queue[59][7]$_SDFFE_PN0P_/D
66	0.5268	systolic_controll.state[I]	systolic.weight_queue[I][J]	systolic_controll.state[3]$_DFF_P_/Q	systolic.weight_queue[10][0]$_SDFFE_PN0P_/D
67	0.5364	systolic_controll.state[I]	systolic_controll.addr_serial_num[I]	systolic_controll.state[3]$_DFF_P_/QN	systolic_controll.addr_serial_num[5]$_SDFFE_PN0P_/D
68	0.5630	data_set_dI[J]	write_out.sram_wdata_c[I]	data_set_d2[1]$_SDFF_PN0_/Q	write_out.sram_wdata_c[117]$_SDFF_PN0_/D
69	0.5633	systolic_controll.matrix_index[I]	systolic_controll.data_set[I]	systolic_controll.matrix_index[5]$_SDFF_PP0_/Q	systolic_controll.data_set[0]$_SDFFE_PN0P_/D
70	0.5641	systolic_controll.state[I]	systolic_controll.state[I]	systolic_controll.state[3]$_DFF_P_/Q	systolic_controll.state[0]$_DFF_P_/D
71	0.5683	systolic_controll.matrix_index[I]	systolic_controll.matrix_index[I]	systolic_controll.matrix_index[1]$_SDFF_PP0_/Q	systolic_controll.matrix_index[0]$_SDFF_PP0_/D
72	0.5690	sram_write_enable_dI	write_out.sram_wdata_c[I]	sram_write_enable_d2$_SDFF_PN0_/Q	write_out.sram_wdata_c[117]$_SDFF_PN0_/D
73	0.5706	sram_write_enable_dI	write_out.sram_wdata_a[I]	sram_write_enable_d2$_SDFF_PN0_/Q	write_out.sram_wdata_a[117]$_SDFF_PN0_/D
74	0.5759	data_set_dI[J]	write_out.sram_wdata_a[I]	data_set_d2[1]$_SDFF_PN0_/Q	write_out.sram_wdata_a[117]$_SDFF_PN0_/D
75	0.5790	systolic_controll.cycle_num[I]	systolic_controll.cycle_num[I]	systolic_controll.cycle_num[0]$_SDFF_PN0_/Q	systolic_controll.cycle_num[6]$_SDFF_PN0_/D
76	0.5869	systolic_controll.state[I]	sram_write_enable_dI	systolic_controll.state[3]$_DFF_P_/Q	sram_write_enable_d1$_SDFF_PN0_/D
77	0.5869	systolic_controll.state[I]	systolic_controll.cycle_num[I]	systolic_controll.state[3]$_DFF_P_/Q	systolic_controll.cycle_num[2]$_SDFF_PN0_/D
78	0.5869	systolic_controll.state[I]	systolic_controll.data_set[I]	systolic_controll.state[3]$_DFF_P_/Q	systolic_controll.data_set[1]$_SDFFE_PN0P_/D
79	0.5869	systolic_controll.state[I]	systolic_controll.tpu_done	systolic_controll.state[3]$_DFF_P_/Q	systolic_controll.tpu_done$_SDFF_PN0_/D
80	0.5914	data_set_dI[J]	write_out.sram_waddr_c[I]	data_set_d2[1]$_SDFF_PN0_/Q	write_out.sram_waddr_c[3]$_SDFF_PN0_/D
81	0.5965	sram_write_enable_dI	write_out.sram_waddr_a[I]	sram_write_enable_d2$_SDFF_PN0_/Q	write_out.sram_waddr_a[3]$_SDFF_PN0_/D
82	0.5974	sram_write_enable_dI	write_out.sram_waddr_c[I]	sram_write_enable_d2$_SDFF_PN0_/Q	write_out.sram_waddr_c[3]$_SDFF_PN0_/D
83	0.6018	data_set_dI[J]	write_out.sram_waddr_a[I]	data_set_d2[1]$_SDFF_PN0_/Q	write_out.sram_waddr_a[3]$_SDFF_PN0_/D
84	0.6097	data_set_dI[J]	write_out.sram_write_enable_cI	data_set_d2[1]$_SDFF_PN0_/Q	write_out.sram_write_enable_c0$_SDFF_PN1_/D
85	0.6157	sram_write_enable_dI	write_out.sram_write_enable_cI	sram_write_enable_d2$_SDFF_PN0_/Q	write_out.sram_write_enable_c0$_SDFF_PN1_/D
86	0.6167	sram_write_enable_dI	write_out.sram_write_enable_aI	sram_write_enable_d2$_SDFF_PN0_/Q	write_out.sram_write_enable_a0$_SDFF_PN1_/D
87	0.6220	data_set_dI[J]	write_out.sram_write_enable_aI	data_set_d2[1]$_SDFF_PN0_/Q	write_out.sram_write_enable_a0$_SDFF_PN1_/D
88	0.6307	systolic_controll.matrix_index[I]	systolic_controll.state[I]	systolic_controll.matrix_index[5]$_SDFF_PP0_/Q	systolic_controll.state[3]$_DFF_P_/D
89	0.6325	systolic.mul_product[I][J]	systolic.mul_product[I][J]	systolic.mul_product[4][15]$_SDFFE_PN0P_/Q	systolic.mul_product[4][15]$_SDFFE_PN0P_/D
90	0.6483	systolic_controll.state[I]	systolic.alu_start_dI	systolic_controll.state[3]$_DFF_P_/Q	systolic.alu_start_d1$_SDFF_PN0_/D
91	0.6506	systolic_controll.matrix_index[I]	systolic_controll.tpu_done	systolic_controll.matrix_index[5]$_SDFF_PP0_/Q	systolic_controll.tpu_done$_SDFF_PN0_/D
92	0.6639	systolic_controll.state[I]	systolic_controll.matrix_index[I]	systolic_controll.state[3]$_DFF_P_/QN	systolic_controll.matrix_index[0]$_SDFF_PP0_/D
93	0.6662	systolic_controll.data_set[I]	systolic_controll.data_set[I]	systolic_controll.data_set[0]$_SDFFE_PN0P_/Q	systolic_controll.data_set[1]$_SDFFE_PN0P_/D
94	0.6949	systolic_controll.data_set[I]	systolic_controll.state[I]	systolic_controll.data_set[0]$_SDFFE_PN0P_/Q	systolic_controll.state[3]$_DFF_P_/D
95	0.6983	systolic.data_queue[I][J]	systolic.data_queue[I][J]	systolic.data_queue[13][7]$_SDFFE_PN0P_/Q	systolic.data_queue[13][7]$_SDFFE_PN0P_/D
96	0.7095	systolic.weight_queue[I][J]	systolic.weight_queue[I][J]	systolic.weight_queue[0][0]$_SDFFE_PN0P_/Q	systolic.weight_queue[0][0]$_SDFFE_PN0P_/D
97	0.7147	systolic_controll.data_set[I]	systolic_controll.tpu_done	systolic_controll.data_set[0]$_SDFFE_PN0P_/Q	systolic_controll.tpu_done$_SDFF_PN0_/D
98	0.7240	systolic_controll.cycle_num[I]	systolic.cycle_num_dI[J]	systolic_controll.cycle_num[3]$_SDFF_PN0_/Q	systolic.cycle_num_d1[3]$_SDFF_PN0_/D
99	0.7336	matrix_index_dI[J]	matrix_index_dI[J]	matrix_index_d1[2]$_SDFF_PN0_/Q	matrix_index_d2[2]$_SDFF_PN0_/D
100	0.7487	systolic_controll.matrix_index[I]	matrix_index_dI[J]	systolic_controll.matrix_index[1]$_SDFF_PP0_/Q	matrix_index_d1[1]$_SDFF_PN0_/D
