# stage	1_synth
# top_module	viterbi_core
# top_n	100
# kind	blocks
# skip_async	1
# include_full	1
# rank	worst_slack_ns	start	end	start_full	end_full
1	-1.6564	pm_normalize_inst.group_max_r[I][J]	pm_normalize_inst.pm_nom_r[I][J]	pm_normalize_inst.group_max_r[5][7]$_DFFE_PN0P_/Q	pm_normalize_inst.pm_nom_r[4][0]$_DFFE_PN0P_/D
2	-0.6842	bmu_inst_I.bm_r[J]	pm_normalize_inst.group_max_r[I][J]	bmu_inst_63.bm_r[0]$_DFF_PN0_/Q	pm_normalize_inst.group_max_r[5][6]$_DFFE_PN0P_/D
3	-0.5541	acs_inst_I.register_num_r[J]	pm_normalize_inst.group_max_r[I][J]	acs_inst_0.register_num_r[1]$_DFF_PN0_/Q	pm_normalize_inst.group_max_r[2][2]$_DFFE_PN0P_/D
4	-0.3198	pm_normalize_inst.pm_nom_r[I][J]	pm_normalize_inst.group_max_r[I][J]	pm_normalize_inst.pm_nom_r[25][0]$_DFFE_PN0P_/Q	pm_normalize_inst.group_max_r[5][6]$_DFFE_PN0P_/D
5	-0.3080	src_rdata_i[I]	bmu_inst_I.bm_r[J]	src_rdata_i[20]	bmu_inst_63.bm_r[7]$_DFF_PN0_/D
6	0.1499	bmu_inst_I.bm_valid_r	pm_normalize_inst.group_max_r[I][J]	bmu_inst_33.bm_valid_r$_DFF_PN0_/Q	pm_normalize_inst.group_max_r[5][6]$_DFFE_PN0P_/D
7	0.4548	bmu_inst_I.bm_r[J]	pm_normalize_inst.pm_stageI_r[J][K]	bmu_inst_63.bm_r[0]$_DFF_PN0_/Q	pm_normalize_inst.pm_stage1_r[43][6]$_DFFE_PN0P_/D
8	0.5686	acs_inst_I.register_num_r[J]	pm_normalize_inst.pm_stageI_r[J][K]	acs_inst_0.register_num_r[1]$_DFF_PN0_/Q	pm_normalize_inst.pm_stage1_r[42][6]$_DFFE_PN0P_/D
9	0.5740	bmu_inst_I.bm_r[J]	acs_inst_I.survivor_path_r	bmu_inst_63.bm_r[0]$_DFF_PN0_/Q	acs_inst_43.survivor_path_r$_DFF_PN0_/D
10	0.5819	infobit_length_i[I]	src_addr_r[I]	infobit_length_i[7]	src_addr_r[10]$_DFFE_PN0P_/D
11	0.5970	infobit_length_i[I]	src_len_counter_r[I]	infobit_length_i[7]	src_len_counter_r[10]$_DFFE_PN0P_/D
12	0.6267	register_num_i[I]	bmu_inst_I.low_codeword_tmp[J]	register_num_i[1]	bmu_inst_60.low_codeword_tmp[4]$_DFFE_PN0P_/D
13	0.6386	polynomialI_i[J]	bmu_inst_I.low_codeword_tmp[J]	polynomial3_i[0]	bmu_inst_63.low_codeword_tmp[2]$_DFFE_PN0P_/D
14	0.6419	rst_sync_i	fetch_src_cnt_r[I]	rst_sync_i	fetch_src_cnt_r[10]$_DFFE_PN0P_/D
15	0.6536	rst_sync_i	bmu_inst_I.low_codeword_tmp[J]	rst_sync_i	bmu_inst_45.low_codeword_tmp[4]$_DFFE_PN0P_/D
16	0.6583	frame_start_i	pm_normalize_inst.pm_nom_r[I][J]	frame_start_i	pm_normalize_inst.pm_nom_r[20][2]$_DFFE_PN0P_/D
17	0.6717	valid_polynomials_i[I]	bmu_inst_I.bm_r[J]	valid_polynomials_i[0]	bmu_inst_61.bm_r[2]$_DFF_PN0_/D
18	0.6752	acs_inst_I.register_num_r[J]	acs_inst_I.survivor_path_r	acs_inst_0.register_num_r[1]$_DFF_PN0_/Q	acs_inst_20.survivor_path_r$_DFF_PN0_/D
19	0.6755	frame_start_i	fetch_src_cnt_r[I]	frame_start_i	fetch_src_cnt_r[10]$_DFFE_PN0P_/D
20	0.6794	rst_sync_i	pm_normalize_inst.pm_nom_r[I][J]	rst_sync_i	pm_normalize_inst.pm_nom_r[20][2]$_DFFE_PN0P_/D
21	0.6928	valid_polynomials_i[I]	bmu_inst_I.low_codeword[J]	valid_polynomials_i[0]	bmu_inst_1.low_codeword[2]$_DFFE_PN0P_/D
22	0.7012	frame_start_i	src_len_counter_r[I]	frame_start_i	src_len_counter_r[10]$_DFFE_PN0P_/D
23	0.7133	frame_start_i	pm_normalize_inst.group_max_r[I][J]	frame_start_i	pm_normalize_inst.group_max_r[5][6]$_DFFE_PN0P_/D
24	0.7222	rst_sync_i	src_len_counter_r[I]	rst_sync_i	src_len_counter_r[10]$_DFFE_PN0P_/D
25	0.7268	frame_start_i	pm_normalize_inst.pm_stageI_r[J][K]	frame_start_i	pm_normalize_inst.pm_stage1_r[10][7]$_DFFE_PN0P_/D
26	0.7342	register_num_i[I]	acs_en_r[I]	register_num_i[1]	acs_en_r[62]$_DFFE_PN0P_/D
27	0.7343	rst_sync_i	pm_normalize_inst.group_max_r[I][J]	rst_sync_i	pm_normalize_inst.group_max_r[5][6]$_DFFE_PN0P_/D
28	0.7649	frame_start_i	src_addr_r[I]	frame_start_i	src_addr_r[10]$_DFFE_PN0P_/D
29	0.7753	bmu_inst_I.low_codeword[J]	bmu_inst_I.bm_r[J]	bmu_inst_63.low_codeword[4]$_DFFE_PN0P_/Q	bmu_inst_63.bm_r[7]$_DFF_PN0_/D
30	0.7758	rst_sync_i	pm_normalize_inst.pm_stageI_r[J][K]	rst_sync_i	pm_normalize_inst.pm_stage1_r[10][7]$_DFFE_PN0P_/D
31	0.7803	rst_sync_i	bmu_inst_I.low_codeword[J]	rst_sync_i	bmu_inst_1.low_codeword[0]$_DFFE_PN0P_/D
32	0.7819	frame_start_i	dst_addr_r[I]	frame_start_i	dst_addr_r[5]$_DFFE_PN0P_/D
33	0.7856	rst_sync_i	bmu_inst_I.bm_r[J]	rst_sync_i	bmu_inst_41.bm_r[4]$_DFF_PN0_/D
34	0.7986	rst_sync_i	trellis_idx_r[I]	rst_sync_i	trellis_idx_r[8]$_DFFE_PN0P_/D
35	0.8025	frame_start_i	first_loop_r	frame_start_i	first_loop_r$_DFFE_PN0P_/D
36	0.8025	frame_start_i	full_tb_start_r	frame_start_i	full_tb_start_r$_DFFE_PN0P_/D
37	0.8025	frame_start_i	state_r[I]	frame_start_i	state_r[3]$_DFF_PN0_/D
38	0.8029	rst_sync_i	dst_addr_r[I]	rst_sync_i	dst_addr_r[5]$_DFFE_PN0P_/D
39	0.8043	frame_start_i	bmu_inst_I.ready_r	frame_start_i	bmu_inst_0.ready_r$_DFFE_PN0P_/D
40	0.8054	frame_start_i	acs_en_r[I]	frame_start_i	acs_en_r[31]$_DFFE_PN0P_/D
41	0.8081	pm_normalize_inst.pm_nom_r[I][J]	pm_normalize_inst.pm_stageI_r[J][K]	pm_normalize_inst.pm_nom_r[4][1]$_DFFE_PN0P_/Q	pm_normalize_inst.pm_stage1_r[0][5]$_DFFE_PN0P_/D
42	0.8154	rst_sync_i	acs_inst_I.survivor_path_r	rst_sync_i	acs_inst_3.survivor_path_r$_DFF_PN0_/D
43	0.8189	rst_sync_i	last_loop_r	rst_sync_i	last_loop_r$_DFFE_PN0P_/D
44	0.8189	rst_sync_i	tb_len_r[I]	rst_sync_i	tb_len_r[0]$_DFFE_PN0P_/D
45	0.8189	rst_sync_i	tb_wr_addr_r[I]	rst_sync_i	tb_wr_addr_r[0]$_DFFE_PN0P_/D
46	0.8203	rst_sync_i	acs_en_r[I]	rst_sync_i	acs_en_r[15]$_DFFE_PN0P_/D
47	0.8224	frame_start_i	byte_idx_r[I]	frame_start_i	byte_idx_r[0]$_DFF_PN0_/D
48	0.8227	frame_start_i	trellis_idx_r[I]	frame_start_i	trellis_idx_r[12]$_DFFE_PN0P_/D
49	0.8236	rst_sync_i	first_loop_r	rst_sync_i	first_loop_r$_DFFE_PN0P_/D
50	0.8236	rst_sync_i	full_tb_start_r	rst_sync_i	full_tb_start_r$_DFFE_PN0P_/D
51	0.8236	rst_sync_i	state_r[I]	rst_sync_i	state_r[3]$_DFF_PN0_/D
52	0.8253	rst_sync_i	bmu_inst_I.ready_r	rst_sync_i	bmu_inst_0.ready_r$_DFFE_PN0P_/D
53	0.8286	frame_start_i	pm_normalize_inst.stageI_valid_r	frame_start_i	pm_normalize_inst.stage1_valid_r$_DFF_PN0_/D
54	0.8306	tail_biting_en_i	trellis_idx_r[I]	tail_biting_en_i	trellis_idx_r[8]$_DFFE_PN0P_/D
55	0.8384	rst_sync_i	src_rd_r	rst_sync_i	src_rd_r$_DFFE_PN0P_/D
56	0.8417	rst_sync_i	flush_all_start_r	rst_sync_i	flush_all_start_r$_DFFE_PN0P_/D
57	0.8417	rst_sync_i	half_tb_start_r	rst_sync_i	half_tb_start_r$_DFFE_PN0P_/D
58	0.8435	rst_sync_i	byte_idx_r[I]	rst_sync_i	byte_idx_r[0]$_DFF_PN0_/D
59	0.8497	rst_sync_i	pm_normalize_inst.stageI_valid_r	rst_sync_i	pm_normalize_inst.stage1_valid_r$_DFF_PN0_/D
60	0.8513	tail_biting_en_i	pm_normalize_inst.pm_nom_r[I][J]	tail_biting_en_i	pm_normalize_inst.pm_nom_r[45][7]$_DFFE_PN0P_/D
61	0.8514	frame_start_i	dst_wr_r	frame_start_i	dst_wr_r$_DFF_PN0_/D
62	0.8516	rst_sync_i	src_addr_r[I]	rst_sync_i	src_addr_r[10]$_DFFE_PN0P_/D
63	0.8525	frame_start_i	last_loop_r	frame_start_i	last_loop_r$_DFFE_PN0P_/D
64	0.8525	frame_start_i	tb_len_r[I]	frame_start_i	tb_len_r[0]$_DFFE_PN0P_/D
65	0.8525	frame_start_i	tb_wr_addr_r[I]	frame_start_i	tb_wr_addr_r[0]$_DFFE_PN0P_/D
66	0.8527	rst_sync_i	acs_inst_I.valid_r	rst_sync_i	acs_inst_0.valid_r$_DFF_PN0_/D
67	0.8634	rst_sync_i	bmu_inst_I.calc_polyn_en	rst_sync_i	bmu_inst_46.calc_polyn_en$_DFF_PN0_/D
68	0.8724	rst_sync_i	dst_wr_r	rst_sync_i	dst_wr_r$_DFF_PN0_/D
69	0.8743	frame_start_i	busy_r	frame_start_i	busy_r$_DFFE_PN0P_/D
70	0.8753	frame_start_i	flush_all_start_r	frame_start_i	flush_all_start_r$_DFFE_PN0P_/D
71	0.8753	frame_start_i	half_tb_start_r	frame_start_i	half_tb_start_r$_DFFE_PN0P_/D
72	0.8754	rst_sync_i	traceback_start_r	rst_sync_i	traceback_start_r$_DFF_PN0_/D
73	0.8762	rst_sync_i	traceback_ins.tb_counter_r[I]	rst_sync_i	traceback_ins.tb_counter_r[0]$_DFFE_PN0P_/D
74	0.8764	rst_sync_i	traceback_ins.tb_addr_r[I]	rst_sync_i	traceback_ins.tb_addr_r[0]$_DFFE_PN0P_/D
75	0.8785	rst_sync_i	traceback_ins.tb_rd_r	rst_sync_i	traceback_ins.tb_rd_r$_DFF_PN0_/D
76	0.8787	rst_sync_i	soft_data_valid_r	rst_sync_i	soft_data_valid_r$_DFF_PN0_/D
77	0.8788	rst_sync_i	busy_r	rst_sync_i	busy_r$_DFFE_PN0P_/D
78	0.8788	rst_sync_i	decoding_start_r	rst_sync_i	decoding_start_r$_DFF_PN0_/D
79	0.8820	acs_inst_I.valid_r	tb_addr_o[I]	acs_inst_0.valid_r$_DFF_PN0_/Q	tb_addr_o[0]
80	0.8827	rst_sync_i	frame_done_r	rst_sync_i	frame_done_r$_DFFE_PN0P_/D
81	0.8864	rst_sync_i	bmu_inst_I.calc_codeword_en	rst_sync_i	bmu_inst_16.calc_codeword_en$_DFF_PN0_/D
82	0.8946	frame_start_i	src_rd_r	frame_start_i	src_rd_r$_DFFE_PN0P_/D
83	0.8993	rst_sync_i	dst_wr_dI_r	rst_sync_i	dst_wr_d1_r$_DFF_PN0_/D
84	0.8993	rst_sync_i	pm_normalize_inst.stageI_register_num_r[J]	rst_sync_i	pm_normalize_inst.stage1_register_num_r[1]$_DFF_PN0_/D
85	0.9121	frame_start_i	frame_done_r	frame_start_i	frame_done_r$_DFFE_PN0P_/D
86	0.9153	rst_sync_i	pm_normalize_inst.register_num_r[I]	rst_sync_i	pm_normalize_inst.register_num_r[0]$_DFFE_PP_/D
87	0.9196	frame_start_i	bmu_inst_I.calc_polyn_en	frame_start_i	bmu_inst_46.calc_polyn_en$_DFF_PN0_/D
88	0.9326	rst_sync_i	bmu_ready_dI_r	rst_sync_i	bmu_ready_d1_r$_DFF_PN1_/D
89	0.9385	pm_normalize_inst.pm_nom_r[I][J]	acs_inst_I.survivor_path_r	pm_normalize_inst.pm_nom_r[25][0]$_DFFE_PN0P_/Q	acs_inst_43.survivor_path_r$_DFF_PN0_/D
90	0.9436	decoding_length_i[I]	trellis_idx_r[I]	decoding_length_i[6]	trellis_idx_r[6]$_DFFE_PN0P_/D
91	0.9440	infobit_length_i[I]	trellis_idx_r[I]	infobit_length_i[6]	trellis_idx_r[6]$_DFFE_PN0P_/D
92	0.9628	tb_wr_addr_r[I]	tb_addr_o[I]	tb_wr_addr_r[2]$_DFFE_PN0P_/Q	tb_addr_o[2]
93	0.9912	traceback_ins.tb_addr_r[I]	tb_addr_o[I]	traceback_ins.tb_addr_r[3]$_DFFE_PN0P_/Q	tb_addr_o[3]
94	0.9920	src_start_addr_i[I]	src_addr_r[I]	src_start_addr_i[0]	src_addr_r[0]$_DFFE_PN0P_/D
95	0.9932	dst_start_addr_i[I]	dst_addr_r[I]	dst_start_addr_i[9]	dst_addr_r[9]$_DFFE_PN0P_/D
96	1.0021	rst_sync_i	bmu_inst_I.bm_valid_r	rst_sync_i	bmu_inst_33.bm_valid_r$_DFF_PN0_/D
97	1.0186	rst_an_i	pm_normalize_inst.register_num_r[I]	rst_an_i	pm_normalize_inst.register_num_r[0]$_DFFE_PP_/D
98	1.0196	acs_inst_I.survivor_path_r	tb_wdata_o[I]	acs_inst_0.survivor_path_r$_DFF_PN0_/Q	tb_wdata_o[0]
99	1.0209	dst_addr_r[I]	dst_addr_o[I]	dst_addr_r[1]$_DFFE_PN0P_/Q	dst_addr_o[1]
100	1.0243	src_addr_r[I]	src_addr_o[I]	src_addr_r[1]$_DFFE_PN0P_/Q	src_addr_o[1]
