# stage	1_synth
# top_module	wb_dma_top
# top_n	1000
# kind	blocks
# skip_async	1
# include_full	1
# rank	worst_slack_ns	start	end	start_full	end_full
1	-0.1646	uI.state[J]	wbIs_data_o[J]	u2.state[1]$_DFF_P_/Q	wb0s_data_o[11]
2	-0.1357	uI.uJ.pri_outK[L]	wbIs_data_o[J]	u1.u0.pri_out0[1]$_DFF_P_/Q	wb0s_data_o[11]
3	-0.1198	uI.uJ.state[K]	wbIs_data_o[J]	u1.u1.state[4]$_SDFFE_PP0P_/Q	wb0s_data_o[11]
4	-0.1170	wbI_addr_i[J]	wbIs_data_o[J]	wb0_addr_i[28]	wb1s_data_o[27]
5	-0.1010	wbI_addr_i[J]	wbI_addr_o[J]	wb0_addr_i[28]	wb1_addr_o[10]
6	-0.0938	wbI_addr_i[J]	wbI_cyc_o	wb0_addr_i[28]	wb1_cyc_o
7	-0.0878	wbI_addr_i[J]	wbI_sel_o[J]	wb0_addr_i[28]	wb1_sel_o[0]
8	-0.0862	wbI_addr_i[J]	wbI_ack_o	wb1_addr_i[29]	wb1_ack_o
9	-0.0769	wbI_addr_i[J]	wbI_err_o	wb0_addr_i[28]	wb0_err_o
10	-0.0769	wbI_addr_i[J]	wbI_rty_o	wb0_addr_i[28]	wb0_rty_o
11	-0.0706	uI.ch_sel_r[J]	wbIs_data_o[J]	u1.ch_sel_r[4]$_SDFFE_PP0P_/Q	wb0s_data_o[11]
12	-0.0699	wbI_addr_i[J]	wbIm_data_o[J]	wb1_addr_i[29]	wb1m_data_o[0]
13	-0.0495	wbI_addr_i[J]	wbI_stb_o	wb0_addr_i[28]	wb1_stb_o
14	-0.0495	wbI_addr_i[J]	wbI_we_o	wb0_addr_i[28]	wb1_we_o
15	-0.0479	wbI_cyc_i	wbI_addr_o[J]	wb0_cyc_i	wb1_addr_o[10]
16	-0.0190	wbI_cyc_i	wbI_ack_o	wb1_cyc_i	wb1_ack_o
17	-0.0163	wbI_cyc_i	wbIs_data_o[J]	wb0_cyc_i	wb1s_data_o[27]
18	-0.0114	wbI_cyc_i	wbI_err_o	wb0_cyc_i	wb0_err_o
19	-0.0114	wbI_cyc_i	wbI_rty_o	wb0_cyc_i	wb0_rty_o
20	-0.0075	wbI_ack_i	wbI_ack_o	wb0_ack_i	wb1_ack_o
21	-0.0063	wbI_cyc_i	wbI_cyc_o	wb0_cyc_i	wb1_cyc_o
22	0.0057	wbI_cyc_i	wbIm_data_o[J]	wb1_cyc_i	wb1m_data_o[0]
23	0.0129	wbI_cyc_i	wbI_sel_o[J]	wb0_cyc_i	wb1_sel_o[0]
24	0.0174	wbI_cyc_i	wbI_stb_o	wb0_cyc_i	wb1_stb_o
25	0.0174	wbI_cyc_i	wbI_we_o	wb0_cyc_i	wb1_we_o
26	0.0921	uI.ndr_r[J]	wbIs_data_o[J]	u1.ndr_r[13]$_DFF_P_/Q	wb0s_data_o[11]
27	0.1197	uI.uJ.ch_csr_r[K]	wbIs_data_o[J]	u0.u6.ch_csr_r[7]$_SDFFE_PP0P_/Q	wb0s_data_o[11]
28	0.1654	wbI_stb_i	wbI_stb_o	wb1_stb_i	wb0_stb_o
29	0.1654	wbI_we_i	wbI_we_o	wb1_we_i	wb0_we_o
30	0.1654	wbIs_data_i[J]	wbIm_data_o[J]	wb1s_data_i[0]	wb0m_data_o[0]
31	0.1658	wbIm_data_i[J]	wbIs_data_o[J]	wb1m_data_i[0]	wb0s_data_o[0]
32	0.1773	wbI_sel_i[J]	wbI_sel_o[J]	wb1_sel_i[0]	wb0_sel_o[0]
33	0.1841	uI.state[J]	uI.adrJ_cnt[K]	u2.state[1]$_DFF_P_/Q	u2.adr1_cnt[28]$_DFFE_PP_/D
34	0.1924	uI.state[J]	uI.mastJ_adr[K]	u2.state[1]$_DFF_P_/Q	u2.mast0_adr[10]$_DFF_P_/D
35	0.1930	wbI_err_i	wbI_err_o	wb1_err_i	wb0_err_o
36	0.1930	wbI_rty_i	wbI_rty_o	wb1_rty_i	wb0_rty_o
37	0.2110	uI.uJ.pri_outK[L]	uI.adrJ_cnt[K]	u1.u0.pri_out0[1]$_DFF_P_/Q	u2.adr1_cnt[24]$_DFFE_PP_/D
38	0.2127	uI.state[J]	uI.uJ.ch_txsz_s[K]	u2.state[1]$_DFF_P_/Q	u0.u12.ch_txsz_s[10]$_DFFE_PP_/D
39	0.2143	uI.state[J]	uI.chunk_J	u2.state[1]$_DFF_P_/Q	u2.chunk_0$_DFF_P_/D
40	0.2174	uI.state[J]	uI.tsz_cnt[J]	u2.state[1]$_DFF_P_/Q	u2.tsz_cnt[0]$_DFFE_PP_/D
41	0.2182	uI.state[J]	uI.uJ.ch_csr_r[K]	u2.state[1]$_DFF_P_/Q	u0.u12.ch_csr_r[1]$_SDFFE_PP0P_/D
42	0.2230	wbI_ack_i	uI.mastJ_adr[K]	wb0_ack_i	u2.mast0_adr[10]$_DFF_P_/D
43	0.2247	uI.state[J]	uI.uJ.ch_adrK_s[L]	u2.state[1]$_DFF_P_/Q	u0.u12.ch_adr1_s[0]$_DFFE_PP_/D
44	0.2249	uI.state[J]	uI.uJ.ch_tot_sz_r[K]	u2.state[1]$_DFF_P_/Q	u0.u0.ch_tot_sz_r[10]$_DFFE_PP_/D
45	0.2317	uI.uJ.pri_outK[L]	uI.mastJ_adr[K]	u1.u0.pri_out0[1]$_DFF_P_/Q	u2.mast0_adr[10]$_DFF_P_/D
46	0.2341	uI.uJ.state[K]	uI.adrJ_cnt[K]	u1.u1.state[1]$_SDFFE_PP0P_/Q	u2.adr1_cnt[23]$_DFFE_PP_/D
47	0.2365	uI.uJ.state[K]	uI.mastJ_adr[K]	u1.u1.state[4]$_SDFFE_PP0P_/Q	u2.mast0_adr[10]$_DFF_P_/D
48	0.2381	uI.state[J]	uI.uJ.ch_chk_sz_r[K]	u2.state[1]$_DFF_P_/Q	u0.u12.ch_chk_sz_r[0]$_DFFE_PP_/D
49	0.2444	uI.state[J]	uI.uJ.int_src_r[K]	u2.state[1]$_DFF_P_/Q	u0.u12.int_src_r[1]$_SDFFE_PP0P_/D
50	0.2450	uI.state[J]	uI.uJ.pointer_sr[K]	u2.state[1]$_DFF_P_/Q	u0.u12.pointer_sr[17]$_DFFE_PP_/D
51	0.2472	uI.state[J]	uI.uJ.mast_stb	u2.state[1]$_DFF_P_/Q	u3.u0.mast_stb$_DFF_P_/D
52	0.2490	uI.state[J]	uI.uJ.pointer_r[K]	u2.state[1]$_DFF_P_/Q	u0.u12.pointer_r[11]$_DFFE_PP_/D
53	0.2503	uI.state[J]	uI.uJ.ch_done	u2.state[1]$_DFF_P_/Q	u0.u12.ch_done$_SDFFE_PP0P_/D
54	0.2519	uI.state[J]	uI.chunk_cnt[J]	u2.state[3]$_DFF_P_/Q	u2.chunk_cnt[4]$_DFFE_PP_/D
55	0.2540	uI.uJ.pri_outK[L]	uI.chunk_J	u1.u0.pri_out0[1]$_DFF_P_/Q	u2.chunk_0$_DFF_P_/D
56	0.2543	uI.uJ.state[K]	uI.chunk_J	u1.u1.state[4]$_SDFFE_PP0P_/Q	u2.chunk_0$_DFF_P_/D
57	0.2547	uI.ch_sel_r[J]	uI.mastJ_adr[K]	u1.ch_sel_r[2]$_SDFFE_PP0P_/Q	u2.mast0_adr[10]$_DFF_P_/D
58	0.2573	uI.state[J]	uI.state[J]	u2.state[1]$_DFF_P_/Q	u2.state[10]$_DFF_P_/D
59	0.2575	uI.state[J]	uI.uJ.mast_we_r	u2.state[1]$_DFF_P_/Q	u3.u0.mast_we_r$_DFF_P_/D
60	0.2579	uI.state[J]	uI.uJ.ch_eol	u2.state[1]$_DFF_P_/Q	u0.u12.ch_eol$_SDFFE_PP0P_/D
61	0.2629	wbI_ack_i	uI.adrJ_cnt[K]	wb0_ack_i	u2.adr1_cnt[24]$_DFFE_PP_/D
62	0.2634	uI.uJ.state[K]	uI.uJ.pointer_sr[K]	u1.u1.state[1]$_SDFFE_PP0P_/Q	u0.u6.pointer_sr[10]$_DFFE_PP_/D
63	0.2667	uI.uJ.pri_outK[L]	uI.tsz_cnt[J]	u1.u0.pri_out0[1]$_DFF_P_/Q	u2.tsz_cnt[3]$_DFFE_PP_/D
64	0.2716	uI.uJ.state[K]	uI.uJ.pointer_r[K]	u1.u1.state[1]$_SDFFE_PP0P_/Q	u0.u6.pointer_r[12]$_DFFE_PP_/D
65	0.2716	uI.uJ.pri_outK[L]	uI.uJ.ch_tot_sz_r[K]	u1.u0.pri_out0[1]$_DFF_P_/Q	u0.u10.ch_tot_sz_r[5]$_DFFE_PP_/D
66	0.2718	uI.uJ.pri_outK[L]	uI.uJ.pointer_sr[K]	u1.u0.pri_out0[1]$_DFF_P_/Q	u0.u10.pointer_sr[17]$_DFFE_PP_/D
67	0.2740	uI.state[J]	uI.uJ.ptr_valid	u2.state[1]$_DFF_P_/Q	u0.u12.ptr_valid$_SDFFE_PP0P_/D
68	0.2740	uI.uJ.state[K]	uI.uJ.ch_chk_sz_r[K]	u1.u1.state[1]$_SDFFE_PP0P_/Q	u0.u6.ch_chk_sz_r[0]$_DFFE_PP_/D
69	0.2740	uI.uJ.pri_outK[L]	uI.uJ.ch_csr_r[K]	u1.u0.pri_out0[1]$_DFF_P_/Q	u0.u10.ch_csr_r[1]$_SDFFE_PP0P_/D
70	0.2748	uI.uJ.pri_outK[L]	uI.state[J]	u1.u0.pri_out0[1]$_DFF_P_/Q	u2.state[10]$_DFF_P_/D
71	0.2749	uI.uJ.pri_outK[L]	uI.chunk_cnt[J]	u1.u0.pri_out0[1]$_DFF_P_/Q	u2.chunk_cnt[8]$_DFFE_PP_/D
72	0.2752	uI.uJ.state[K]	uI.chunk_cnt[J]	u1.u1.state[4]$_SDFFE_PP0P_/Q	u2.chunk_cnt[8]$_DFFE_PP_/D
73	0.2764	uI.uJ.state[K]	uI.tsz_cnt[J]	u1.u1.state[4]$_SDFFE_PP0P_/Q	u2.tsz_cnt[6]$_DFFE_PP_/D
74	0.2774	uI.state[J]	uI.ack_o[J]	u2.state[1]$_DFF_P_/Q	u1.ack_o[14]$_DFF_P_/D
75	0.2785	uI.state[J]	uI.ch_sel_r[J]	u2.state[1]$_DFF_P_/Q	u1.ch_sel_r[0]$_SDFFE_PP0P_/D
76	0.2785	uI.uJ.state[K]	uI.uJ.ch_tot_sz_r[K]	u1.u1.state[1]$_SDFFE_PP0P_/Q	u0.u6.ch_tot_sz_r[11]$_DFFE_PP_/D
77	0.2787	uI.uJ.pri_outK[L]	uI.uJ.ch_txsz_s[K]	u1.u0.pri_out0[1]$_DFF_P_/Q	u0.u10.ch_txsz_s[2]$_DFFE_PP_/D
78	0.2790	uI.uJ.pri_outK[L]	uI.uJ.ch_chk_sz_r[K]	u1.u0.pri_out0[1]$_DFF_P_/Q	u0.u10.ch_chk_sz_r[0]$_DFFE_PP_/D
79	0.2821	uI.uJ.state[K]	uI.uJ.ch_txsz_s[K]	u1.u1.state[1]$_SDFFE_PP0P_/Q	u0.u11.ch_txsz_s[10]$_DFFE_PP_/D
80	0.2840	uI.uJ.pri_outK[L]	uI.uJ.pointer_r[K]	u1.u0.pri_out0[1]$_DFF_P_/Q	u0.u6.pointer_r[10]$_DFFE_PP_/D
81	0.2851	uI.uJ.pri_outK[L]	uI.uJ.ch_eol	u1.u0.pri_out0[1]$_DFF_P_/Q	u0.u10.ch_eol$_SDFFE_PP0P_/D
82	0.2857	wbI_ack_i	uI.uJ.mast_stb	wb0_ack_i	u3.u0.mast_stb$_DFF_P_/D
83	0.2864	uI.uJ.pri_outK[L]	uI.uJ.mast_stb	u1.u0.pri_out0[1]$_DFF_P_/Q	u3.u0.mast_stb$_DFF_P_/D
84	0.2867	uI.state[J]	uI.uJ.ch_rl	u2.state[1]$_DFF_P_/Q	u0.u12.ch_rl$_DFF_P_/D
85	0.2873	uI.state[J]	uI.uJ.ch_adrK_r[L]	u2.state[1]$_DFF_P_/Q	u0.u12.ch_adr1_r[0]$_DFFE_PP_/D
86	0.2893	uI.ch_sel_r[J]	uI.adrJ_cnt[K]	u1.ch_sel_r[4]$_SDFFE_PP0P_/Q	u2.adr1_cnt[23]$_DFFE_PP_/D
87	0.2913	uI.uJ.state[K]	uI.uJ.mast_stb	u1.u1.state[4]$_SDFFE_PP0P_/Q	u3.u0.mast_stb$_DFF_P_/D
88	0.2923	uI.uJ.pri_outK[L]	uI.uJ.ch_adrK_s[L]	u1.u0.pri_out0[1]$_DFF_P_/Q	u0.u2.ch_adr0_s[0]$_DFFE_PP_/D
89	0.2932	uI.uJ.pri_outK[L]	uI.uJ.int_src_r[K]	u1.u0.pri_out0[1]$_DFF_P_/Q	u0.u5.int_src_r[2]$_SDFFE_PP0P_/D
90	0.2967	uI.uJ.pri_outK[L]	uI.uJ.mast_we_r	u1.u0.pri_out0[1]$_DFF_P_/Q	u3.u0.mast_we_r$_DFF_P_/D
91	0.2975	uI.state[J]	uI.uJ.mast_cyc	u2.state[1]$_DFF_P_/Q	u3.u0.mast_cyc$_DFF_P_/D
92	0.2982	uI.state[J]	uI.write_r	u2.state[1]$_DFF_P_/Q	u2.write_r$_DFF_P_/D
93	0.3011	uI.uJ.state[K]	uI.uJ.ch_csr_r[K]	u1.u1.state[2]$_SDFFE_PP0P_/Q	u0.u13.ch_csr_r[1]$_SDFFE_PP0P_/D
94	0.3016	uI.uJ.state[K]	uI.uJ.mast_we_r	u1.u1.state[4]$_SDFFE_PP0P_/Q	u3.u0.mast_we_r$_DFF_P_/D
95	0.3020	uI.state[J]	uI.read_r	u2.state[1]$_DFF_P_/Q	u2.read_r$_DFF_P_/D
96	0.3036	uI.uJ.state[K]	uI.uJ.ch_adrK_s[L]	u1.u1.state[2]$_SDFFE_PP0P_/Q	u0.u13.ch_adr0_s[0]$_DFFE_PP_/D
97	0.3045	uI.state[J]	uI.next_start	u2.state[1]$_DFF_P_/Q	u1.next_start$_DFF_P_/D
98	0.3051	wbI_ack_i	uI.chunk_dec	wb0_ack_i	u2.chunk_dec$_DFF_P_/D
99	0.3052	uI.uJ.pri_outK[L]	uI.uJ.ptr_valid	u1.u0.pri_out0[1]$_DFF_P_/Q	u0.u1.ptr_valid$_SDFFE_PP0P_/D
100	0.3081	uI.uJ.pri_outK[L]	uI.uJ.ch_done	u1.u0.pri_out0[1]$_DFF_P_/Q	u0.u2.ch_done$_SDFFE_PP0P_/D
101	0.3090	uI.uJ.state[K]	uI.uJ.int_src_r[K]	u1.u1.state[4]$_SDFFE_PP0P_/Q	u0.u15.int_src_r[1]$_SDFFE_PP0P_/D
102	0.3091	uI.uJ.state[K]	uI.state[J]	u1.u1.state[1]$_SDFFE_PP0P_/Q	u2.state[10]$_DFF_P_/D
103	0.3095	uI.ch_sel_r[J]	uI.uJ.mast_stb	u1.ch_sel_r[2]$_SDFFE_PP0P_/Q	u3.u0.mast_stb$_DFF_P_/D
104	0.3111	uI.uJ.pri_outK[L]	uI.ack_o[J]	u1.u0.pri_out0[1]$_DFF_P_/Q	u1.ack_o[14]$_DFF_P_/D
105	0.3125	uI.uJ.state[K]	uI.uJ.ch_adrK_r[L]	u1.u1.state[2]$_SDFFE_PP0P_/Q	u0.u13.ch_adr0_r[0]$_DFFE_PP_/D
106	0.3126	uI.uJ.pri_outK[L]	uI.ch_sel_r[J]	u1.u0.pri_out0[1]$_DFF_P_/Q	u1.ch_sel_r[0]$_SDFFE_PP0P_/D
107	0.3132	uI.uJ.pri_outK[L]	uI.uJ.ch_adrK_r[L]	u1.u0.pri_out0[1]$_DFF_P_/Q	u0.u10.ch_adr0_r[0]$_DFFE_PP_/D
108	0.3132	uI.ch_sel_r[J]	uI.uJ.pointer_sr[K]	u1.ch_sel_r[2]$_SDFFE_PP0P_/Q	u0.u15.pointer_sr[17]$_DFFE_PP_/D
109	0.3140	uI.uJ.slv_adr[K]	uI.uJ.ch_amK_r[L]	u3.u1.slv_adr[7]$_DFF_P_/QN	u0.u6.ch_am1_r[10]$_SDFFE_PP1P_/D
110	0.3140	uI.uJ.state[K]	uI.uJ.ch_done	u1.u1.state[1]$_SDFFE_PP0P_/Q	u0.u6.ch_done$_SDFFE_PP0P_/D
111	0.3191	uI.uJ.pri_outK[L]	uI.uJ.ch_rl	u1.u0.pri_out0[1]$_DFF_P_/Q	u0.u1.ch_rl$_DFF_P_/D
112	0.3194	uI.ch_sel_r[J]	uI.uJ.ch_chk_sz_r[K]	u1.ch_sel_r[2]$_SDFFE_PP0P_/Q	u0.u15.ch_chk_sz_r[0]$_DFFE_PP_/D
113	0.3196	uI.uJ.state[K]	uI.uJ.ch_eol	u1.u1.state[1]$_SDFFE_PP0P_/Q	u0.u11.ch_eol$_SDFFE_PP0P_/D
114	0.3197	uI.ch_sel_r[J]	uI.uJ.mast_we_r	u1.ch_sel_r[2]$_SDFFE_PP0P_/Q	u3.u0.mast_we_r$_DFF_P_/D
115	0.3207	uI.uJ.slv_adr[K]	_I_	u3.u1.slv_adr[7]$_DFF_P_/Q	_57663_/D
116	0.3213	uI.uJ.pri_outK[L]	uI.uJ.mast_cyc	u1.u0.pri_out0[1]$_DFF_P_/Q	u3.u0.mast_cyc$_DFF_P_/D
117	0.3213	uI.ch_sel_r[J]	uI.uJ.int_src_r[K]	u1.ch_sel_r[3]$_SDFFE_PP0P_/Q	u0.u9.int_src_r[1]$_SDFFE_PP0P_/D
118	0.3229	uI.state[J]	uI.next_ch	u2.state[1]$_DFF_P_/Q	u2.next_ch$_DFF_P_/D
119	0.3238	uI.ch_sel_r[J]	uI.uJ.ch_tot_sz_r[K]	u1.ch_sel_r[2]$_SDFFE_PP0P_/Q	u0.u15.ch_tot_sz_r[11]$_DFFE_PP_/D
120	0.3266	wbI_ack_i	uI.state[J]	wb0_ack_i	u2.state[10]$_DFF_P_/D
121	0.3279	wbI_ack_i	uI.uJ.mast_we_r	wb0_ack_i	u3.u0.mast_we_r$_DFF_P_/D
122	0.3281	uI.ch_sel_r[J]	uI.uJ.ch_done	u1.ch_sel_r[3]$_SDFFE_PP0P_/Q	u0.u9.ch_done$_SDFFE_PP0P_/D
123	0.3283	uI.ch_sel_r[J]	uI.tsz_cnt[J]	u1.ch_sel_r[3]$_SDFFE_PP0P_/Q	u2.tsz_cnt[10]$_DFFE_PP_/D
124	0.3298	uI.state[J]	uI.write_hold_r	u2.state[1]$_DFF_P_/Q	u2.write_hold_r$_DFF_P_/D
125	0.3317	uI.uJ.state[K]	uI.uJ.ptr_valid	u1.u1.state[2]$_SDFFE_PP0P_/Q	u0.u13.ptr_valid$_SDFFE_PP0P_/D
126	0.3325	uI.ch_sel_r[J]	uI.uJ.ch_txsz_s[K]	u1.ch_sel_r[2]$_SDFFE_PP0P_/Q	u0.u15.ch_txsz_s[10]$_DFFE_PP_/D
127	0.3325	wbI_ack_i	uI.read_r	wb0_ack_i	u2.read_r$_DFF_P_/D
128	0.3326	uI.state[J]	uI.de_start_r	u2.state[1]$_DFF_P_/Q	u1.de_start_r$_DFF_P_/D
129	0.3326	uI.ch_sel_r[J]	uI.uJ.ch_adrK_s[L]	u1.ch_sel_r[2]$_SDFFE_PP0P_/Q	u0.u15.ch_adr0_s[0]$_DFFE_PP_/D
130	0.3336	uI.ch_sel_r[J]	uI.uJ.ch_csr_r[K]	u1.ch_sel_r[4]$_SDFFE_PP0P_/Q	u0.u5.ch_csr_r[4]$_SDFFE_PP0P_/D
131	0.3348	uI.ch_sel_r[J]	uI.uJ.ch_eol	u1.ch_sel_r[3]$_SDFFE_PP0P_/Q	u0.u9.ch_eol$_SDFFE_PP0P_/D
132	0.3351	uI.uJ.state[K]	uI.uJ.ch_rl	u1.u1.state[1]$_SDFFE_PP0P_/Q	u0.u6.ch_rl$_DFF_P_/D
133	0.3367	uI.ch_sel_r[J]	uI.chunk_dec	u1.ch_sel_r[2]$_SDFFE_PP0P_/Q	u2.chunk_dec$_DFF_P_/D
134	0.3375	uI.uJ.pri_outK[L]	uI.write_r	u1.u0.pri_out0[1]$_DFF_P_/Q	u2.write_r$_DFF_P_/D
135	0.3377	uI.uJ.state[K]	uI.ack_o[J]	u1.u2.state[3]$_SDFFE_PP0P_/Q	u1.ack_o[14]$_DFF_P_/D
136	0.3393	uI.uJ.slv_adr[K]	uI.uJ.pointer_r[K]	u3.u1.slv_adr[7]$_DFF_P_/Q	u0.u9.pointer_r[17]$_DFFE_PP_/D
137	0.3396	rst_i	uI.uJ.ptr_valid	rst_i	u0.u6.ptr_valid$_SDFFE_PP0P_/D
138	0.3399	rst_i	uI.uJ.int_src_r[K]	rst_i	u0.u0.int_src_r[1]$_SDFFE_PP0P_/D
139	0.3399	rst_i	uI.uJ.ch_csr_r[K]	rst_i	u0.u10.ch_csr_r[1]$_SDFFE_PP0P_/D
140	0.3399	rst_i	uI.ch_sel_r[J]	rst_i	u1.ch_sel_r[2]$_SDFFE_PP0P_/D
141	0.3399	rst_i	uI.state[J]	rst_i	u2.state[2]$_DFF_P_/D
142	0.3412	uI.uJ.pri_outK[L]	uI.read_r	u1.u0.pri_out0[1]$_DFF_P_/Q	u2.read_r$_DFF_P_/D
143	0.3423	uI.uJ.state[K]	uI.write_r	u1.u1.state[4]$_SDFFE_PP0P_/Q	u2.write_r$_DFF_P_/D
144	0.3443	uI.uJ.state[K]	uI.ch_sel_r[J]	u1.u1.state[2]$_SDFFE_PP0P_/Q	u1.ch_sel_r[0]$_SDFFE_PP0P_/D
145	0.3457	uI.ch_sel_r[J]	uI.chunk_J	u1.ch_sel_r[0]$_SDFFE_PP0P_/Q	u2.chunk_0$_DFF_P_/D
146	0.3459	rst_i	uI.int_maska_r[J]	rst_i	u0.int_maska_r[0]$_SDFFE_PP0P_/D
147	0.3459	rst_i	uI.int_maskb_r[J]	rst_i	u0.int_maskb_r[0]$_SDFFE_PP0P_/D
148	0.3459	rst_i	uI.uJ.ch_csr_rK[L]	rst_i	u0.u0.ch_csr_r2[0]$_SDFFE_PP0P_/D
149	0.3459	rst_i	uI.uJ.sw_pointer_r[K]	rst_i	u0.u0.sw_pointer_r[0]$_SDFFE_PP0P_/D
150	0.3459	rst_i	uI.uJ.ch_eol	rst_i	u0.u3.ch_eol$_SDFFE_PP0P_/D
151	0.3459	rst_i	uI.uJ.rest_en	rst_i	u0.u3.rest_en$_SDFFE_PP0P_/D
152	0.3459	rst_i	uI.uJ.state[K]	rst_i	u1.u2.state[0]$_SDFFE_PP0P_/D
153	0.3461	uI.uJ.state[K]	uI.read_r	u1.u1.state[4]$_SDFFE_PP0P_/Q	u2.read_r$_DFF_P_/D
154	0.3469	uI.uJ.slv_adr[K]	uI.uJ.ch_tot_sz_r[K]	u3.u1.slv_adr[3]$_DFF_P_/Q	u0.u4.ch_tot_sz_r[8]$_DFFE_PP_/D
155	0.3469	uI.uJ.slv_adr[K]	uI.uJ.ch_txsz_s[K]	u3.u1.slv_adr[3]$_DFF_P_/Q	u0.u4.ch_txsz_s[8]$_DFFE_PP_/D
156	0.3469	uI.uJ.slv_adr[K]	uI.uJ.sw_pointer_r[K]	u3.u1.slv_adr[5]$_DFF_P_/QN	u0.u12.sw_pointer_r[10]$_SDFFE_PP0P_/D
157	0.3472	rst_i	uI.uJ.ch_amK_r[L]	rst_i	u0.u1.ch_am0_r[26]$_SDFFE_PP1P_/D
158	0.3474	uI.ch_sel_r[J]	uI.uJ.ch_adrK_r[L]	u1.ch_sel_r[4]$_SDFFE_PP0P_/Q	u0.u1.ch_adr1_r[0]$_DFFE_PP_/D
159	0.3505	uI.ch_sel_r[J]	uI.uJ.pointer_r[K]	u1.ch_sel_r[2]$_SDFFE_PP0P_/Q	u0.u15.pointer_r[12]$_DFFE_PP_/D
160	0.3509	uI.uJ.state[K]	uI.next_start	u1.u1.state[2]$_SDFFE_PP0P_/Q	u1.next_start$_DFF_P_/D
161	0.3517	wbI_ack_i	uI.uJ.mast_dout[K]	wb0_ack_i	u3.u0.mast_dout[16]$_DFFE_PP_/D
162	0.3521	uI.ch_sel_r[J]	uI.uJ.ptr_valid	u1.ch_sel_r[2]$_SDFFE_PP0P_/Q	u0.u15.ptr_valid$_SDFFE_PP0P_/D
163	0.3536	uI.uJ.pri_outK[L]	uI.write_hold_r	u1.u0.pri_out0[1]$_DFF_P_/Q	u2.write_hold_r$_DFF_P_/D
164	0.3566	uI.uJ.pri_outK[L]	uI.next_ch	u1.u0.pri_out0[1]$_DFF_P_/Q	u2.next_ch$_DFF_P_/D
165	0.3568	uI.uJ.pri_outK[L]	uI.next_start	u1.u0.pri_out0[1]$_DFF_P_/Q	u1.next_start$_DFF_P_/D
166	0.3572	uI.uJ.mast_dout[K]	wbIs_data_o[J]	u3.u0.mast_dout[16]$_DFFE_PP_/Q	wb1s_data_o[16]
167	0.3583	uI.uJ.state[K]	uI.uJ.mast_cyc	u1.u1.state[3]$_SDFFE_PP0P_/Q	u3.u0.mast_cyc$_DFF_P_/D
168	0.3605	uI.ch_sel_r[J]	uI.write_r	u1.ch_sel_r[2]$_SDFFE_PP0P_/Q	u2.write_r$_DFF_P_/D
169	0.3614	uI.ch_sel_r[J]	uI.state[J]	u1.ch_sel_r[4]$_SDFFE_PP0P_/Q	u2.state[10]$_DFF_P_/D
170	0.3615	uI.ch_sel_r[J]	uI.chunk_cnt[J]	u1.ch_sel_r[4]$_SDFFE_PP0P_/Q	u2.chunk_cnt[1]$_DFFE_PP_/D
171	0.3642	uI.ch_sel_r[J]	uI.read_r	u1.ch_sel_r[2]$_SDFFE_PP0P_/Q	u2.read_r$_DFF_P_/D
172	0.3646	wbI_ack_i	uI.uJ.mast_cyc	wb0_ack_i	u3.u0.mast_cyc$_DFF_P_/D
173	0.3668	uI.uJ.slv_adr[K]	uI.uJ.ch_csr_rK[L]	u3.u1.slv_adr[7]$_DFF_P_/QN	u0.u6.ch_csr_r2[0]$_SDFFE_PP0P_/D
174	0.3678	uI.uJ.slv_adr[K]	uI.uJ.ch_chk_sz_r[K]	u3.u1.slv_adr[7]$_DFF_P_/QN	u0.u5.ch_chk_sz_r[7]$_DFFE_PP_/D
175	0.3686	wbI_ack_i	uI.write_r	wb0_ack_i	u2.write_r$_DFF_P_/D
176	0.3727	rst_i	uI.uJ.ch_done	rst_i	u0.u0.ch_done$_SDFFE_PP0P_/D
177	0.3748	uI.state[J]	uI.uJ.ch_err	u2.state[3]$_DFF_P_/Q	u0.u1.ch_err$_SDFFE_PP0P_/D
178	0.3759	rst_i	uI.uJ.ch_err	rst_i	u0.u0.ch_err$_SDFFE_PP0P_/D
179	0.3773	uI.ch_sel_r[J]	uI.uJ.ch_rl	u1.ch_sel_r[3]$_SDFFE_PP0P_/Q	u0.u9.ch_rl$_DFF_P_/D
180	0.3775	uI.ch_sel_r[J]	uI.ch_sel_r[J]	u1.ch_sel_r[4]$_SDFFE_PP0P_/Q	u1.ch_sel_r[0]$_SDFFE_PP0P_/D
181	0.3791	uI.uJ.state[K]	uI.de_start_r	u1.u1.state[2]$_SDFFE_PP0P_/Q	u1.de_start_r$_DFF_P_/D
182	0.3791	uI.tsz_cnt[J]	uI.mastJ_adr[K]	u2.tsz_cnt[8]$_DFFE_PP_/Q	u2.mast0_adr[10]$_DFF_P_/D
183	0.3821	uI.ch_sel_r[J]	uI.ack_o[J]	u1.ch_sel_r[2]$_SDFFE_PP0P_/Q	u1.ack_o[14]$_DFF_P_/D
184	0.3832	uI.uJ.state[K]	uI.next_ch	u1.u2.state[3]$_SDFFE_PP0P_/Q	u2.next_ch$_DFF_P_/D
185	0.3837	uI.ch_sel_r[J]	uI.uJ.ch_err	u1.ch_sel_r[4]$_SDFFE_PP0P_/Q	u0.u1.ch_err$_SDFFE_PP0P_/D
186	0.3849	uI.uJ.pri_outK[L]	uI.de_start_r	u1.u0.pri_out0[1]$_DFF_P_/Q	u1.de_start_r$_DFF_P_/D
187	0.3906	uI.uJ.state[K]	uI.write_hold_r	u1.u1.state[3]$_SDFFE_PP0P_/Q	u2.write_hold_r$_DFF_P_/D
188	0.3909	uI.ch_sel_r[J]	uI.uJ.mast_cyc	u1.ch_sel_r[2]$_SDFFE_PP0P_/Q	u4.u0.mast_cyc$_DFF_P_/D
189	0.3926	uI.uJ.state[K]	uI.uJ.state[K]	u1.u1.state[4]$_SDFFE_PP0P_/Q	u1.u1.state[2]$_SDFFE_PP0P_/D
190	0.3941	uI.uJ.pri_outK[L]	uI.uJ.ch_err	u1.u0.pri_out0[1]$_DFF_P_/Q	u0.u1.ch_err$_SDFFE_PP0P_/D
191	0.3969	wbI_ack_i	uI.write_hold_r	wb0_ack_i	u2.write_hold_r$_DFF_P_/D
192	0.4005	uI.uJ.slv_adr[K]	uI.uJ.ch_sz_inf	u3.u1.slv_adr[3]$_DFF_P_/Q	u0.u11.ch_sz_inf$_DFFE_PP_/D
193	0.4044	uI.uJ.slv_adr[K]	uI.wb_rf_dout[J]	u3.u1.slv_adr[7]$_DFF_P_/Q	u0.wb_rf_dout[0]$_DFFE_PP_/D
194	0.4070	wbI_addr_i[J]	uI.uJ.slv_re	wb0_addr_i[28]	u3.u1.slv_re$_DFF_P_/D
195	0.4082	uI.uJ.state[K]	uI.uJ.ch_err	u1.u2.state[3]$_SDFFE_PP0P_/Q	u0.u1.ch_err$_SDFFE_PP0P_/D
196	0.4165	rst_i	uI.csr_r[J]	rst_i	u0.csr_r[0]$_SDFFE_PP0P_/D
197	0.4184	uI.uJ.slv_adr[K]	uI.uJ.rest_en	u3.u1.slv_adr[7]$_DFF_P_/QN	u0.u6.rest_en$_SDFFE_PP0P_/D
198	0.4201	uI.tsz_cnt[J]	wbIs_data_o[J]	u2.tsz_cnt[3]$_DFFE_PP_/Q	wb0s_data_o[3]
199	0.4207	uI.uJ.slv_adr[K]	uI.uJ.int_src_r[K]	u3.u1.slv_adr[7]$_DFF_P_/QN	u0.u6.int_src_r[0]$_SDFFE_PP0P_/D
200	0.4217	uI.uJ.ch_csr_r[K]	uI.uJ.state[K]	u0.u2.ch_csr_r[0]$_SDFFE_PP0P_/Q	u1.u1.state[2]$_SDFFE_PP0P_/D
201	0.4276	uI.ch_sel_r[J]	uI.next_ch	u1.ch_sel_r[2]$_SDFFE_PP0P_/Q	u2.next_ch$_DFF_P_/D
202	0.4310	uI.uJ.ch_csr_r[K]	uI.adrJ_cnt[K]	u0.u14.ch_csr_r[5]$_SDFFE_PP0P_/Q	u2.adr1_cnt[28]$_DFFE_PP_/D
203	0.4313	uI.uJ.slv_adr[K]	uI.int_maska_r[J]	u3.u1.slv_adr[6]$_DFF_P_/Q	u0.int_maska_r[28]$_SDFFE_PP0P_/D
204	0.4325	uI.uJ.ch_sz_inf	uI.mastJ_adr[K]	u0.u9.ch_sz_inf$_DFFE_PP_/Q	u2.mast0_adr[10]$_DFF_P_/D
205	0.4341	uI.uJ.slv_adr[K]	uI.uJ.ch_adrK_s[L]	u3.u1.slv_adr[6]$_DFF_P_/Q	u0.u7.ch_adr0_s[29]$_DFFE_PP_/D
206	0.4344	uI.tsz_cnt[J]	uI.uJ.int_src_r[K]	u2.tsz_cnt[8]$_DFFE_PP_/Q	u0.u5.int_src_r[2]$_SDFFE_PP0P_/D
207	0.4351	uI.uJ.slv_adr[K]	uI.int_maskb_r[J]	u3.u1.slv_adr[6]$_DFF_P_/Q	u0.int_maskb_r[0]$_SDFFE_PP0P_/D
208	0.4354	uI.ch_sel_r[J]	uI.write_hold_r	u1.ch_sel_r[2]$_SDFFE_PP0P_/Q	u2.write_hold_r$_DFF_P_/D
209	0.4364	uI.req_r[J]	uI.uJ.state[K]	u1.req_r[0]$_DFF_P_/Q	u1.u2.state[0]$_SDFFE_PP0P_/D
210	0.4384	wbI_addr_i[J]	uI.uJ.slv_we	wb0_addr_i[28]	u3.u1.slv_we$_DFF_P_/D
211	0.4409	uI.req_r[J]	uI.adrJ_cnt[K]	u1.req_r[13]$_DFF_P_/Q	u2.adr1_cnt[28]$_DFFE_PP_/D
212	0.4418	uI.tsz_cnt[J]	uI.uJ.mast_stb	u2.tsz_cnt[8]$_DFFE_PP_/Q	u3.u0.mast_stb$_DFF_P_/D
213	0.4457	uI.uJ.slv_adr[K]	uI.uJ.ch_stop	u3.u1.slv_adr[3]$_DFF_P_/Q	u0.u6.ch_stop$_DFF_P_/D
214	0.4465	uI.ch_sel_r[J]	uI.next_start	u1.ch_sel_r[0]$_SDFFE_PP0P_/Q	u1.next_start$_DFF_P_/D
215	0.4510	uI.uJ.slv_adr[K]	uI.uJ.ch_adrK_r[L]	u3.u1.slv_adr[2]$_DFF_P_/Q	u0.u14.ch_adr0_r[0]$_DFFE_PP_/D
216	0.4524	uI.tsz_cnt[J]	uI.ack_o[J]	u2.tsz_cnt[8]$_DFFE_PP_/Q	u1.ack_o[14]$_DFF_P_/D
217	0.4527	uI.state[J]	uI.tsz_cnt_is_J_r	u2.state[1]$_DFF_P_/Q	u2.tsz_cnt_is_0_r$_DFF_P_/D
218	0.4543	uI.ack_o[J]	uI.adrJ_cnt[K]	u1.ack_o[13]$_DFF_P_/QN	u2.adr1_cnt[28]$_DFFE_PP_/D
219	0.4558	uI.ack_o[J]	uI.uJ.state[K]	u1.ack_o[0]$_DFF_P_/QN	u1.u2.state[0]$_SDFFE_PP0P_/D
220	0.4612	uI.tsz_cnt[J]	uI.chunk_dec	u2.tsz_cnt[8]$_DFFE_PP_/Q	u2.chunk_dec$_DFF_P_/D
221	0.4632	uI.uJ.ch_csr_rK[L]	uI.uJ.state[K]	u0.u0.ch_csr_r2[0]$_SDFFE_PP0P_/Q	u1.u2.state[0]$_SDFFE_PP0P_/D
222	0.4643	uI.uJ.ch_csr_r[K]	uI.tsz_cnt[J]	u0.u14.ch_csr_r[5]$_SDFFE_PP0P_/Q	u2.tsz_cnt[0]$_DFFE_PP_/D
223	0.4654	wbI_cyc_i	uI.uJ.slv_re	wb0_cyc_i	u3.u1.slv_re$_DFF_P_/D
224	0.4683	uI.state[J]	uI.uJ.ch_busy	u2.state[1]$_DFF_P_/Q	u0.u0.ch_busy$_DFF_P_/D
225	0.4687	uI.ndr_r[J]	uI.mastJ_adr[K]	u1.ndr_r[13]$_DFF_P_/Q	u2.mast0_adr[25]$_DFF_P_/D
226	0.4698	uI.uJ.slv_adr[K]	uI.uJ.ch_done	u3.u1.slv_adr[3]$_DFF_P_/Q	u0.u9.ch_done$_SDFFE_PP0P_/D
227	0.4743	uI.req_r[J]	uI.tsz_cnt[J]	u1.req_r[13]$_DFF_P_/Q	u2.tsz_cnt[0]$_DFFE_PP_/D
228	0.4746	uI.ch_sel_r[J]	uI.de_start_r	u1.ch_sel_r[0]$_SDFFE_PP0P_/Q	u1.de_start_r$_DFF_P_/D
229	0.4813	uI.uJ.ch_csr_r[K]	uI.mastJ_adr[K]	u0.u13.ch_csr_r[2]$_SDFFE_PP0P_/Q	u2.mast0_adr[10]$_DFF_P_/D
230	0.4833	uI.tsz_cnt[J]	uI.state[J]	u2.tsz_cnt[8]$_DFFE_PP_/Q	u2.state[10]$_DFF_P_/D
231	0.4864	uI.uJ.pri_outK[L]	uI.tsz_cnt_is_J_r	u1.u0.pri_out0[1]$_DFF_P_/Q	u2.tsz_cnt_is_0_r$_DFF_P_/D
232	0.4876	uI.ack_o[J]	uI.tsz_cnt[J]	u1.ack_o[13]$_DFF_P_/QN	u2.tsz_cnt[0]$_DFFE_PP_/D
233	0.4878	uI.uJ.ch_sz_inf	uI.uJ.int_src_r[K]	u0.u9.ch_sz_inf$_DFFE_PP_/Q	u0.u5.int_src_r[2]$_SDFFE_PP0P_/D
234	0.4887	uI.tsz_cnt[J]	uI.read_r	u2.tsz_cnt[8]$_DFFE_PP_/Q	u2.read_r$_DFF_P_/D
235	0.4946	uI.tsz_cnt[J]	uI.uJ.mast_cyc	u2.tsz_cnt[8]$_DFFE_PP_/Q	u3.u0.mast_cyc$_DFF_P_/D
236	0.4948	uI.uJ.ch_csr_r[K]	uI.chunk_cnt[J]	u0.u8.ch_csr_r[0]$_SDFFE_PP0P_/Q	u2.chunk_cnt[1]$_DFFE_PP_/D
237	0.4952	uI.uJ.ch_sz_inf	uI.uJ.mast_stb	u0.u9.ch_sz_inf$_DFFE_PP_/Q	u3.u0.mast_stb$_DFF_P_/D
238	0.4969	wbI_cyc_i	uI.uJ.slv_we	wb0_cyc_i	u3.u1.slv_we$_DFF_P_/D
239	0.4979	uI.tsz_cnt[J]	uI.next_ch	u2.tsz_cnt[8]$_DFFE_PP_/Q	u2.next_ch$_DFF_P_/D
240	0.5022	wbI_err_i	uI.dma_abort_r	wb1_err_i	u2.dma_abort_r$_DFF_P_/D
241	0.5024	uI.uJ.slv_we	uI.uJ.ch_tot_sz_r[K]	u3.u1.slv_we$_DFF_P_/Q	u0.u4.ch_tot_sz_r[8]$_DFFE_PP_/D
242	0.5024	uI.uJ.slv_we	uI.uJ.ch_txsz_s[K]	u3.u1.slv_we$_DFF_P_/Q	u0.u4.ch_txsz_s[8]$_DFFE_PP_/D
243	0.5025	wbI_stb_i	uI.uJ.slv_re	wb0_stb_i	u3.u1.slv_re$_DFF_P_/D
244	0.5043	uI.adrJ_cnt[K]	uI.adrJ_cnt[K]	u2.adr0_cnt[16]$_DFFE_PP_/Q	u2.adr0_cnt[29]$_DFFE_PP_/D
245	0.5056	wbI_cyc_i	uI.uJ.rf_ack	wb0_cyc_i	u3.u1.rf_ack$_DFF_P_/D
246	0.5058	uI.uJ.ch_sz_inf	uI.ack_o[J]	u0.u9.ch_sz_inf$_DFFE_PP_/Q	u1.ack_o[14]$_DFF_P_/D
247	0.5105	_I_	wbIm_data_o[J]	_57662_/Q	wb0m_data_o[31]
248	0.5108	uI.uJ.ch_csr_r[K]	uI.ch_sel_r[J]	u0.u8.ch_csr_r[0]$_SDFFE_PP0P_/Q	u1.ch_sel_r[0]$_SDFFE_PP0P_/D
249	0.5122	uI.wb_rf_dout[J]	wbIm_data_o[J]	u0.wb_rf_dout[0]$_DFFE_PP_/Q	wb0m_data_o[0]
250	0.5130	uI.uJ.state[K]	uI.tsz_cnt_is_J_r	u1.u2.state[3]$_SDFFE_PP0P_/Q	u2.tsz_cnt_is_0_r$_DFF_P_/D
251	0.5142	uI.mastJ_adr[K]	wbI_addr_o[J]	u2.mast0_adr[28]$_DFF_P_/Q	wb0_addr_o[28]
252	0.5145	uI.uJ.rf_ack	wbI_ack_o	u3.u1.rf_ack$_DFF_P_/Q	wb0_ack_o
253	0.5145	uI.uJ.mast_stb	wbI_stb_o	u3.u0.mast_stb$_DFF_P_/Q	wb0_stb_o
254	0.5145	uI.uJ.mast_we_r	wbI_we_o	u3.u0.mast_we_r$_DFF_P_/Q	wb0_we_o
255	0.5145	uI.uJ.ch_sz_inf	uI.chunk_dec	u0.u9.ch_sz_inf$_DFFE_PP_/Q	u2.chunk_dec$_DFF_P_/D
256	0.5156	uI.uJ.out_r[K]	uI.adrJ_cnt[K]	u2.u0.out_r[16]$_DFF_P_/Q	u2.adr0_cnt[29]$_DFFE_PP_/D
257	0.5195	dma_rest_i[I]	uI.uJ.ptr_valid	dma_rest_i[1]	u0.u1.ptr_valid$_SDFFE_PP0P_/D
258	0.5268	uI.tsz_cnt[J]	uI.write_hold_r	u2.tsz_cnt[8]$_DFFE_PP_/Q	u2.write_hold_r$_DFF_P_/D
259	0.5274	uI.uJ.slv_adr[K]	uI.uJ.ch_err	u3.u1.slv_adr[3]$_DFF_P_/Q	u0.u0.ch_err$_SDFFE_PP0P_/D
260	0.5276	uI.uJ.mast_cyc	wbI_cyc_o	u3.u0.mast_cyc$_DFF_P_/Q	wb0_cyc_o
261	0.5288	uI.mastJ_drdy_r	uI.uJ.ch_txsz_s[K]	u2.mast0_drdy_r$_DFF_P_/Q	u0.u12.ch_txsz_s[10]$_DFFE_PP_/D
262	0.5323	uI.uJ.slv_we	uI.uJ.ch_csr_r[K]	u3.u1.slv_we$_DFF_P_/Q	u0.u10.ch_csr_r[1]$_SDFFE_PP0P_/D
263	0.5329	uI.mastJ_drdy_r	uI.uJ.ch_tot_sz_r[K]	u2.mast0_drdy_r$_DFF_P_/Q	u0.u9.ch_tot_sz_r[7]$_DFFE_PP_/D
264	0.5332	uI.req_r[J]	uI.chunk_cnt[J]	u1.req_r[13]$_DFF_P_/Q	u2.chunk_cnt[1]$_DFFE_PP_/D
265	0.5338	uI.mastJ_drdy_r	uI.uJ.ch_chk_sz_r[K]	u2.mast0_drdy_r$_DFF_P_/Q	u0.u9.ch_chk_sz_r[0]$_DFFE_PP_/D
266	0.5339	wbI_stb_i	uI.uJ.slv_we	wb0_stb_i	u3.u1.slv_we$_DFF_P_/D
267	0.5344	uI.ndr_r[J]	uI.uJ.ch_csr_r[K]	u1.ndr_r[13]$_DFF_P_/Q	u0.u3.ch_csr_r[0]$_SDFFE_PP0P_/D
268	0.5345	uI.ndr_r[J]	uI.uJ.ch_eol	u1.ndr_r[13]$_DFF_P_/Q	u0.u1.ch_eol$_SDFFE_PP0P_/D
269	0.5357	uI.ndr_r[J]	uI.uJ.ptr_valid	u1.ndr_r[13]$_DFF_P_/Q	u0.u1.ptr_valid$_SDFFE_PP0P_/D
270	0.5361	uI.uJ.ch_csr_r[K]	uI.uJ.mast_stb	u0.u13.ch_csr_r[2]$_SDFFE_PP0P_/Q	u3.u0.mast_stb$_DFF_P_/D
271	0.5364	uI.ndr_r[J]	uI.uJ.mast_we_r	u1.ndr_r[13]$_DFF_P_/Q	u3.u0.mast_we_r$_DFF_P_/D
272	0.5367	uI.uJ.ch_sz_inf	uI.state[J]	u0.u9.ch_sz_inf$_DFFE_PP_/Q	u2.state[10]$_DFF_P_/D
273	0.5376	uI.uJ.ch_csr_r[K]	uI.state[J]	u0.u8.ch_csr_r[0]$_SDFFE_PP0P_/Q	u2.state[10]$_DFF_P_/D
274	0.5402	uI.uJ.slv_we	uI.uJ.sw_pointer_r[K]	u3.u1.slv_we$_DFF_P_/Q	u0.u12.sw_pointer_r[10]$_SDFFE_PP0P_/D
275	0.5420	uI.uJ.ch_sz_inf	uI.read_r	u0.u9.ch_sz_inf$_DFFE_PP_/Q	u2.read_r$_DFF_P_/D
276	0.5425	uI.req_r[J]	uI.ch_sel_r[J]	u1.req_r[13]$_DFF_P_/Q	u1.ch_sel_r[0]$_SDFFE_PP0P_/D
277	0.5426	wbI_stb_i	uI.uJ.rf_ack	wb0_stb_i	u3.u1.rf_ack$_DFF_P_/D
278	0.5449	uI.uJ.slv_we	uI.uJ.pointer_r[K]	u3.u1.slv_we$_DFF_P_/Q	u0.u1.pointer_r[10]$_DFFE_PP_/D
279	0.5454	uI.dma_abort_r	uI.mastJ_adr[K]	u2.dma_abort_r$_DFF_P_/Q	u2.mast0_adr[10]$_DFF_P_/D
280	0.5464	uI.uJ.ch_csr_r[K]	uI.uJ.mast_we_r	u0.u13.ch_csr_r[2]$_SDFFE_PP0P_/Q	u3.u0.mast_we_r$_DFF_P_/D
281	0.5465	uI.ack_o[J]	uI.chunk_cnt[J]	u1.ack_o[13]$_DFF_P_/QN	u2.chunk_cnt[1]$_DFFE_PP_/D
282	0.5467	uI.chunk_cnt[J]	uI.mastJ_adr[K]	u2.chunk_cnt[1]$_DFFE_PP_/QN	u2.mast0_adr[10]$_DFF_P_/D
283	0.5480	uI.uJ.ch_sz_inf	uI.uJ.mast_cyc	u0.u9.ch_sz_inf$_DFFE_PP_/Q	u3.u0.mast_cyc$_DFF_P_/D
284	0.5491	uI.uJ.ch_chk_sz_r[K]	uI.chunk_J	u0.u10.ch_chk_sz_r[0]$_DFFE_PP_/Q	u2.chunk_0$_DFF_P_/D
285	0.5500	uI.uJ.pointer_r[K]	_I_	u0.u3.pointer_r[0]$_DFFE_PP_/Q	_57666_/D
286	0.5501	wbIs_data_i[J]	uI.uJ.mast_dout[K]	wb0s_data_i[16]	u3.u0.mast_dout[16]$_DFFE_PP_/D
287	0.5504	uI.uJ.ch_csr_r[K]	_I_	u0.u3.ch_csr_r[4]$_SDFFE_PP0P_/Q	_57666_/D
288	0.5513	uI.uJ.ch_sz_inf	uI.next_ch	u0.u9.ch_sz_inf$_DFFE_PP_/Q	u2.next_ch$_DFF_P_/D
289	0.5520	uI.tsz_cnt[J]	uI.tsz_cnt[J]	u2.tsz_cnt[1]$_DFFE_PP_/QN	u2.tsz_cnt[10]$_DFFE_PP_/D
290	0.5523	uI.uJ.sw_pointer_r[K]	_I_	u0.u8.sw_pointer_r[2]$_SDFFE_PP0P_/Q	_57666_/D
291	0.5547	uI.uJ.ch_adrK_r[L]	_I_	u0.u8.ch_adr0_r[2]$_DFFE_PP_/Q	_57666_/D
292	0.5558	uI.ack_o[J]	uI.ch_sel_r[J]	u1.ack_o[13]$_DFF_P_/QN	u1.ch_sel_r[0]$_SDFFE_PP0P_/D
293	0.5561	uI.uJ.slv_we	uI.uJ.ch_sz_inf	u3.u1.slv_we$_DFF_P_/Q	u0.u11.ch_sz_inf$_DFFE_PP_/D
294	0.5561	uI.uJ.ch_amK_r[L]	_I_	u0.u15.ch_am1_r[0]$_SDFFE_PP1P_/Q	_57666_/D
295	0.5568	uI.uJ.slv_we	uI.uJ.ch_chk_sz_r[K]	u3.u1.slv_we$_DFF_P_/Q	u0.u11.ch_chk_sz_r[1]$_DFFE_PP_/D
296	0.5574	uI.ch_sel_r[J]	uI.tsz_cnt_is_J_r	u1.ch_sel_r[2]$_SDFFE_PP0P_/Q	u2.tsz_cnt_is_0_r$_DFF_P_/D
297	0.5583	uI.ndr_r[J]	uI.uJ.ch_done	u1.ndr_r[13]$_DFF_P_/Q	u0.u4.ch_done$_SDFFE_PP0P_/D
298	0.5592	uI.uJ.pri_outK[L]	uI.uJ.ch_busy	u1.u0.pri_out0[1]$_DFF_P_/Q	u0.u0.ch_busy$_DFF_P_/D
299	0.5599	uI.uJ.ch_tot_sz_r[K]	_I_	u0.u11.ch_tot_sz_r[4]$_DFFE_PP_/Q	_57666_/D
300	0.5607	uI.uJ.slv_we	uI.uJ.ch_csr_rK[L]	u3.u1.slv_we$_DFF_P_/Q	u0.u1.ch_csr_r2[0]$_SDFFE_PP0P_/D
301	0.5614	uI.ack_o[J]	dma_ack_o[I]	u1.ack_o[0]$_DFF_P_/Q	dma_ack_o[0]
302	0.5614	uI.inta_o	inta_o	u0.inta_o$_DFF_P_/Q	inta_o
303	0.5614	uI.intb_o	intb_o	u0.intb_o$_DFF_P_/Q	intb_o
304	0.5634	uI.uJ.ch_csr_r[K]	uI.chunk_dec	u0.u13.ch_csr_r[2]$_SDFFE_PP0P_/Q	u2.chunk_dec$_DFF_P_/D
305	0.5646	uI.uJ.int_src_r[K]	_I_	u0.u11.int_src_r[2]$_SDFFE_PP0P_/Q	_57673_/D
306	0.5646	wbI_we_i	uI.uJ.slv_re	wb0_we_i	u3.u1.slv_re$_DFF_P_/D
307	0.5660	uI.uJ.slv_we	uI.uJ.ch_amK_r[L]	u3.u1.slv_we$_DFF_P_/Q	u0.u1.ch_am1_r[10]$_SDFFE_PP1P_/D
308	0.5661	uI.ndr_r[J]	uI.uJ.int_src_r[K]	u1.ndr_r[13]$_DFF_P_/Q	u0.u1.int_src_r[1]$_SDFFE_PP0P_/D
309	0.5664	uI.ndr_r[J]	uI.uJ.ch_rl	u1.ndr_r[13]$_DFF_P_/Q	u0.u4.ch_rl$_DFF_P_/D
310	0.5693	uI.uJ.slv_we	uI.uJ.ch_stop	u3.u1.slv_we$_DFF_P_/Q	u0.u6.ch_stop$_DFF_P_/D
311	0.5693	uI.uJ.ch_csr_rK[L]	_I_	u0.u11.ch_csr_r3[2]$_SDFFE_PP0P_/Q	_57673_/D
312	0.5739	uI.uJ.slv_we	uI.uJ.rest_en	u3.u1.slv_we$_DFF_P_/Q	u0.u0.rest_en$_SDFFE_PP0P_/D
313	0.5740	uI.mastJ_drdy_r	uI.uJ.ch_adrK_s[L]	u2.mast0_drdy_r$_DFF_P_/Q	u0.u6.ch_adr1_s[0]$_DFFE_PP_/D
314	0.5752	uI.ndr_r[J]	uI.uJ.mast_stb	u1.ndr_r[13]$_DFF_P_/Q	u3.u0.mast_stb$_DFF_P_/D
315	0.5753	dma_rest_i[I]	uI.uJ.ch_rl	dma_rest_i[0]	u0.u0.ch_rl$_DFF_P_/D
316	0.5760	wbI_we_i	uI.uJ.slv_we	wb0_we_i	u3.u1.slv_we$_DFF_P_/D
317	0.5784	uI.req_r[J]	uI.state[J]	u1.req_r[8]$_DFF_P_/Q	u2.state[10]$_DFF_P_/D
318	0.5788	dma_nd_i[I]	uI.ndr_r[J]	dma_nd_i[0]	u1.ndr_r[0]$_DFF_P_/D
319	0.5802	uI.uJ.ch_sz_inf	uI.write_hold_r	u0.u9.ch_sz_inf$_DFFE_PP_/Q	u2.write_hold_r$_DFF_P_/D
320	0.5810	dma_req_i[I]	uI.req_r[J]	dma_req_i[0]	u1.req_r[0]$_DFF_P_/D
321	0.5810	dma_req_i[I]	uI.ndr_r[J]	dma_req_i[0]	u1.ndr_r[0]$_DFF_P_/D
322	0.5827	uI.chunk_cnt[J]	uI.uJ.ptr_valid	u2.chunk_cnt[1]$_DFFE_PP_/QN	u0.u1.ptr_valid$_SDFFE_PP0P_/D
323	0.5834	dma_nd_i[I]	uI.ndnr[J]	dma_nd_i[0]	u1.ndnr[0]$_DFF_P_/D
324	0.5844	uI.chunk_cnt[J]	uI.uJ.ch_eol	u2.chunk_cnt[1]$_DFFE_PP_/QN	u0.u2.ch_eol$_SDFFE_PP0P_/D
325	0.5850	uI.uJ.slv_we	uI.uJ.ch_adrK_r[L]	u3.u1.slv_we$_DFF_P_/Q	u0.u0.ch_adr0_r[0]$_DFFE_PP_/D
326	0.5853	uI.mastJ_drdy_r	uI.uJ.ch_adrK_r[L]	u2.mast0_drdy_r$_DFF_P_/Q	u0.u8.ch_adr0_r[12]$_DFFE_PP_/D
327	0.5860	uI.uJ.ch_done	_I_	u0.u3.ch_done$_SDFFE_PP0P_/Q	_57673_/D
328	0.5866	uI.dma_abort_r	uI.uJ.mast_stb	u2.dma_abort_r$_DFF_P_/Q	u4.u0.mast_stb$_DFF_P_/D
329	0.5871	uI.uJ.ch_csr_r[K]	uI.write_r	u0.u13.ch_csr_r[2]$_SDFFE_PP0P_/Q	u2.write_r$_DFF_P_/D
330	0.5876	uI.uJ.ch_csr_r[K]	uI.uJ.mast_cyc	u0.u7.ch_csr_r[1]$_SDFFE_PP0P_/Q	u3.u0.mast_cyc$_DFF_P_/D
331	0.5878	uI.uJ.slv_we	uI.uJ.ch_adrK_s[L]	u3.u1.slv_we$_DFF_P_/Q	u0.u11.ch_adr1_s[0]$_DFFE_PP_/D
332	0.5903	uI.adrJ_cnt[K]	uI.uJ.out_r[K]	u2.adr0_cnt[2]$_DFFE_PP_/Q	u2.u0.out_r[15]$_DFF_P_/D
333	0.5909	uI.uJ.ch_csr_r[K]	uI.read_r	u0.u13.ch_csr_r[2]$_SDFFE_PP0P_/Q	u2.read_r$_DFF_P_/D
334	0.5921	uI.ack_o[J]	uI.state[J]	u1.ack_o[13]$_DFF_P_/QN	u2.state[10]$_DFF_P_/D
335	0.5927	dma_req_i[I]	uI.ndnr[J]	dma_req_i[0]	u1.ndnr[0]$_DFF_P_/D
336	0.5966	uI.chunk_cnt[J]	uI.uJ.ch_rl	u2.chunk_cnt[1]$_DFFE_PP_/QN	u0.u1.ch_rl$_DFF_P_/D
337	0.5979	uI.uJ.state[K]	uI.uJ.ch_busy	u1.u1.state[3]$_SDFFE_PP0P_/Q	u0.u0.ch_busy$_DFF_P_/D
338	0.5995	uI.chunk_cnt[J]	uI.chunk_cnt[J]	u2.chunk_cnt[1]$_DFFE_PP_/QN	u2.chunk_cnt[8]$_DFFE_PP_/D
339	0.5998	uI.int_maska_r[J]	_I_	u0.int_maska_r[4]$_SDFFE_PP0P_/Q	_57666_/D
340	0.6019	uI.ndr_r[J]	uI.uJ.mast_cyc	u1.ndr_r[13]$_DFF_P_/Q	u3.u0.mast_cyc$_DFF_P_/D
341	0.6020	uI.chunk_cnt[J]	uI.uJ.int_src_r[K]	u2.chunk_cnt[1]$_DFFE_PP_/QN	u0.u5.int_src_r[2]$_SDFFE_PP0P_/D
342	0.6021	uI.uJ.ch_adrK_r[L]	uI.adrJ_cnt[K]	u0.u11.ch_adr1_r[29]$_DFFE_PP_/Q	u2.adr1_cnt[29]$_DFFE_PP_/D
343	0.6029	uI.uJ.slv_we	uI.uJ.ch_done	u3.u1.slv_we$_DFF_P_/Q	u0.u1.ch_done$_SDFFE_PP0P_/D
344	0.6061	uI.chunk_cnt[J]	uI.uJ.ch_csr_r[K]	u2.chunk_cnt[1]$_DFFE_PP_/QN	u0.u1.ch_csr_r[0]$_SDFFE_PP0P_/D
345	0.6062	wbI_ack_i	uI.mastJ_drdy_r	wb0_ack_i	u2.mast0_drdy_r$_DFF_P_/D
346	0.6062	wbI_addr_i[J]	uI.uJ.slv_adr[K]	wb0_addr_i[2]	u3.u1.slv_adr[2]$_DFF_P_/D
347	0.6062	wbIm_data_i[J]	uI.uJ.slv_dout[K]	wb0m_data_i[0]	u3.u1.slv_dout[0]$_DFF_P_/D
348	0.6094	uI.chunk_cnt[J]	uI.uJ.mast_stb	u2.chunk_cnt[1]$_DFFE_PP_/QN	u3.u0.mast_stb$_DFF_P_/D
349	0.6099	uI.uJ.mast_dout[K]	uI.uJ.ch_txsz_s[K]	u3.u0.mast_dout[11]$_DFFE_PP_/Q	u0.u3.ch_txsz_s[11]$_DFFE_PP_/D
350	0.6101	uI.uJ.slv_adr[K]	uI.csr_r[J]	u3.u1.slv_adr[6]$_DFF_P_/Q	u0.csr_r[0]$_SDFFE_PP0P_/D
351	0.6105	uI.chunk_cnt[J]	uI.uJ.ch_done	u2.chunk_cnt[1]$_DFFE_PP_/QN	u0.u1.ch_done$_SDFFE_PP0P_/D
352	0.6124	uI.uJ.pointer_r[K]	uI.mastJ_adr[K]	u0.u11.pointer_r[17]$_DFFE_PP_/Q	u2.mast0_adr[21]$_DFF_P_/D
353	0.6160	uI.uJ.ch_csr_r[K]	uI.uJ.pri_outK[L]	u0.u6.ch_csr_r[5]$_SDFFE_PP0P_/Q	u1.u0.pri_out0[1]$_DFF_P_/D
354	0.6166	uI.uJ.pointer_sr[K]	uI.mastJ_adr[K]	u0.u9.pointer_sr[15]$_DFFE_PP_/Q	u2.mast0_adr[19]$_DFF_P_/D
355	0.6168	uI.dma_abort_r	uI.chunk_dec	u2.dma_abort_r$_DFF_P_/Q	u2.chunk_dec$_DFF_P_/D
356	0.6171	uI.uJ.ch_csr_r[K]	uI.next_start	u0.u14.ch_csr_r[5]$_SDFFE_PP0P_/Q	u1.next_start$_DFF_P_/D
357	0.6174	uI.uJ.mast_dout[K]	uI.uJ.ch_tot_sz_r[K]	u3.u0.mast_dout[11]$_DFFE_PP_/Q	u0.u11.ch_tot_sz_r[11]$_DFFE_PP_/D
358	0.6199	uI.uJ.ch_csr_r[K]	uI.write_hold_r	u0.u7.ch_csr_r[1]$_SDFFE_PP0P_/Q	u2.write_hold_r$_DFF_P_/D
359	0.6200	uI.chunk_cnt[J]	uI.ack_o[J]	u2.chunk_cnt[1]$_DFFE_PP_/QN	u1.ack_o[14]$_DFF_P_/D
360	0.6208	uI.uJ.ch_rl	uI.uJ.ch_adrK_r[L]	u0.u0.ch_rl$_DFF_P_/Q	u0.u0.ch_adr0_r[17]$_DFFE_PP_/D
361	0.6238	uI.uJ.slv_we	uI.int_maska_r[J]	u3.u1.slv_we$_DFF_P_/Q	u0.int_maska_r[0]$_SDFFE_PP0P_/D
362	0.6255	uI.ndr_r[J]	uI.state[J]	u1.ndr_r[13]$_DFF_P_/Q	u2.state[2]$_DFF_P_/D
363	0.6258	uI.uJ.ch_chk_sz_r[K]	uI.chunk_cnt[J]	u0.u6.ch_chk_sz_r[4]$_DFFE_PP_/Q	u2.chunk_cnt[4]$_DFFE_PP_/D
364	0.6271	uI.req_r[J]	uI.next_start	u1.req_r[13]$_DFF_P_/Q	u1.next_start$_DFF_P_/D
365	0.6275	uI.int_maskb_r[J]	_I_	u0.int_maskb_r[11]$_SDFFE_PP0P_/Q	_57673_/D
366	0.6287	uI.chunk_cnt[J]	uI.chunk_dec	u2.chunk_cnt[1]$_DFFE_PP_/QN	u2.chunk_dec$_DFF_P_/D
367	0.6288	uI.mastJ_drdy_r	uI.uJ.ch_csr_r[K]	u2.mast0_drdy_r$_DFF_P_/Q	u0.u2.ch_csr_r[1]$_SDFFE_PP0P_/D
368	0.6307	uI.uJ.ch_amK_r[L]	uI.adrJ_cnt[K]	u0.u2.ch_am0_r[22]$_SDFFE_PP1P_/Q	u2.adr0_cnt[24]$_DFFE_PP_/D
369	0.6325	uI.ch_sel_r[J]	uI.uJ.ch_busy	u1.ch_sel_r[0]$_SDFFE_PP0P_/Q	u0.u0.ch_busy$_DFF_P_/D
370	0.6346	uI.dma_abort_r	uI.uJ.mast_we_r	u2.dma_abort_r$_DFF_P_/Q	u3.u0.mast_we_r$_DFF_P_/D
371	0.6361	uI.uJ.ch_chk_sz_r[K]	_I_	u0.u11.ch_chk_sz_r[1]$_DFFE_PP_/Q	_57679_/D
372	0.6378	uI.uJ.ch_csr_r[K]	uI.wb_rf_dout[J]	u0.u14.ch_csr_r[0]$_SDFFE_PP0P_/Q	u0.wb_rf_dout[0]$_DFFE_PP_/D
373	0.6404	uI.ack_o[J]	uI.next_start	u1.ack_o[13]$_DFF_P_/QN	u1.next_start$_DFF_P_/D
374	0.6408	uI.uJ.slv_we	uI.int_maskb_r[J]	u3.u1.slv_we$_DFF_P_/Q	u0.int_maskb_r[0]$_SDFFE_PP0P_/D
375	0.6452	uI.uJ.ch_csr_r[K]	uI.de_start_r	u0.u14.ch_csr_r[5]$_SDFFE_PP0P_/Q	u1.de_start_r$_DFF_P_/D
376	0.6454	uI.req_r[J]	uI.uJ.pri_outK[L]	u1.req_r[6]$_DFF_P_/Q	u1.u0.pri_out0[1]$_DFF_P_/D
377	0.6457	uI.dma_abort_r	uI.read_r	u2.dma_abort_r$_DFF_P_/Q	u2.read_r$_DFF_P_/D
378	0.6505	uI.uJ.ch_rl	uI.uJ.ch_tot_sz_r[K]	u0.u0.ch_rl$_DFF_P_/Q	u0.u0.ch_tot_sz_r[10]$_DFFE_PP_/D
379	0.6509	uI.chunk_cnt[J]	uI.state[J]	u2.chunk_cnt[1]$_DFFE_PP_/QN	u2.state[10]$_DFF_P_/D
380	0.6511	uI.uJ.slv_we	uI.csr_r[J]	u3.u1.slv_we$_DFF_P_/Q	u0.csr_r[0]$_SDFFE_PP0P_/D
381	0.6523	uI.next_start	uI.adrJ_cnt[K]	u1.next_start$_DFF_P_/Q	u2.adr1_cnt[28]$_DFFE_PP_/D
382	0.6541	uI.uJ.ch_rl	uI.uJ.ch_chk_sz_r[K]	u0.u0.ch_rl$_DFF_P_/Q	u0.u0.ch_chk_sz_r[0]$_DFFE_PP_/D
383	0.6552	uI.req_r[J]	uI.de_start_r	u1.req_r[13]$_DFF_P_/Q	u1.de_start_r$_DFF_P_/D
384	0.6562	uI.chunk_cnt[J]	uI.read_r	u2.chunk_cnt[1]$_DFFE_PP_/QN	u2.read_r$_DFF_P_/D
385	0.6572	uI.ack_o[J]	uI.uJ.pri_outK[L]	u1.ack_o[6]$_DFF_P_/QN	u1.u0.pri_out0[1]$_DFF_P_/D
386	0.6584	uI.tsz_cnt[J]	uI.uJ.ch_txsz_s[K]	u2.tsz_cnt[8]$_DFFE_PP_/Q	u0.u13.ch_txsz_s[8]$_DFFE_PP_/D
387	0.6589	uI.dma_abort_r	uI.uJ.mast_cyc	u2.dma_abort_r$_DFF_P_/Q	u3.u0.mast_cyc$_DFF_P_/D
388	0.6606	uI.de_start_r	uI.adrJ_cnt[K]	u1.de_start_r$_DFF_P_/QN	u2.adr1_cnt[28]$_DFFE_PP_/D
389	0.6622	uI.chunk_cnt[J]	uI.uJ.mast_cyc	u2.chunk_cnt[1]$_DFFE_PP_/QN	u3.u0.mast_cyc$_DFF_P_/D
390	0.6633	uI.tsz_cnt[J]	uI.uJ.ch_tot_sz_r[K]	u2.tsz_cnt[5]$_DFFE_PP_/Q	u0.u11.ch_tot_sz_r[5]$_DFFE_PP_/D
391	0.6655	uI.chunk_cnt[J]	uI.next_ch	u2.chunk_cnt[1]$_DFFE_PP_/QN	u2.next_ch$_DFF_P_/D
392	0.6674	uI.uJ.rest_en	_I_	u0.u6.rest_en$_SDFFE_PP0P_/Q	_57678_/D
393	0.6679	uI.int_maska_r[J]	uI.wb_rf_dout[J]	u0.int_maska_r[0]$_SDFFE_PP0P_/Q	u0.wb_rf_dout[0]$_DFFE_PP_/D
394	0.6685	uI.ack_o[J]	uI.de_start_r	u1.ack_o[13]$_DFF_P_/QN	u1.de_start_r$_DFF_P_/D
395	0.6711	uI.uJ.ptr_valid	uI.wb_rf_dout[J]	u0.u8.ptr_valid$_SDFFE_PP0P_/Q	u0.wb_rf_dout[0]$_DFFE_PP_/D
396	0.6734	uI.uJ.mast_dout[K]	uI.uJ.ch_adrK_r[L]	u3.u0.mast_dout[4]$_DFFE_PP_/Q	u0.u0.ch_adr0_r[2]$_DFFE_PP_/D
397	0.6741	uI.uJ.int_src_r[K]	uI.state[J]	u0.u14.int_src_r[0]$_SDFFE_PP0P_/Q	u2.state[10]$_DFF_P_/D
398	0.6744	uI.chunk_J	uI.mastJ_adr[K]	u2.chunk_0$_DFF_P_/Q	u2.mast0_adr[10]$_DFF_P_/D
399	0.6750	uI.uJ.ch_csr_rK[L]	uI.uJ.pri_outK[L]	u0.u6.ch_csr_r2[0]$_SDFFE_PP0P_/Q	u1.u0.pri_out0[1]$_DFF_P_/D
400	0.6754	uI.uJ.ch_tot_sz_r[K]	uI.tsz_cnt[J]	u0.u15.ch_tot_sz_r[7]$_DFFE_PP_/Q	u2.tsz_cnt[7]$_DFFE_PP_/D
401	0.6762	uI.uJ.ch_tot_sz_r[K]	uI.wb_rf_dout[J]	u0.u3.ch_tot_sz_r[0]$_DFFE_PP_/Q	u0.wb_rf_dout[0]$_DFFE_PP_/D
402	0.6793	uI.uJ.ch_busy	_I_	u0.u13.ch_busy$_DFF_P_/Q	_57672_/D
403	0.6810	uI.uJ.ch_sz_inf	_I_	u0.u12.ch_sz_inf$_DFFE_PP_/Q	_57677_/D
404	0.6811	uI.uJ.ch_sz_inf	uI.tsz_cnt_is_J_r	u0.u9.ch_sz_inf$_DFFE_PP_/Q	u2.tsz_cnt_is_0_r$_DFF_P_/D
405	0.6834	uI.uJ.ptr_valid	uI.state[J]	u0.u2.ptr_valid$_SDFFE_PP0P_/Q	u2.state[10]$_DFF_P_/D
406	0.6851	uI.uJ.mast_dout[K]	uI.uJ.ch_adrK_s[L]	u3.u0.mast_dout[4]$_DFFE_PP_/Q	u0.u1.ch_adr1_s[2]$_DFFE_PP_/D
407	0.6856	uI.next_start	uI.tsz_cnt[J]	u1.next_start$_DFF_P_/Q	u2.tsz_cnt[0]$_DFFE_PP_/D
408	0.6866	uI.tsz_cnt[J]	uI.tsz_cnt_is_J_r	u2.tsz_cnt[8]$_DFFE_PP_/Q	u2.tsz_cnt_is_0_r$_DFF_P_/D
409	0.6868	uI.dma_abort_r	uI.write_r	u2.dma_abort_r$_DFF_P_/Q	u2.write_r$_DFF_P_/D
410	0.6895	uI.read_r	uI.adrJ_cnt[K]	u2.read_r$_DFF_P_/Q	u2.adr0_cnt[9]$_DFFE_PP_/D
411	0.6910	uI.uJ.ch_err	_I_	u0.u1.ch_err$_SDFFE_PP0P_/Q	_57674_/D
412	0.6911	uI.dma_abort_r	uI.write_hold_r	u2.dma_abort_r$_DFF_P_/Q	u2.write_hold_r$_DFF_P_/D
413	0.6915	uI.uJ.rest_en	uI.uJ.ch_txsz_s[K]	u0.u9.rest_en$_SDFFE_PP0P_/Q	u0.u9.ch_txsz_s[10]$_DFFE_PP_/D
414	0.6916	uI.write_r	uI.adrJ_cnt[K]	u2.write_r$_DFF_P_/Q	u2.adr1_cnt[24]$_DFFE_PP_/D
415	0.6918	uI.mastJ_drdy_r	uI.uJ.ch_eol	u2.mast0_drdy_r$_DFF_P_/Q	u0.u11.ch_eol$_SDFFE_PP0P_/D
416	0.6918	uI.uJ.rest_en	uI.uJ.ch_adrK_s[L]	u0.u7.rest_en$_SDFFE_PP0P_/Q	u0.u7.ch_adr1_s[29]$_DFFE_PP_/D
417	0.6933	uI.state[J]	uI.wb_rf_dout[J]	u2.state[3]$_DFF_P_/Q	u0.wb_rf_dout[0]$_DFFE_PP_/D
418	0.6939	uI.de_start_r	uI.tsz_cnt[J]	u1.de_start_r$_DFF_P_/QN	u2.tsz_cnt[0]$_DFFE_PP_/D
419	0.6944	uI.chunk_cnt[J]	uI.write_hold_r	u2.chunk_cnt[1]$_DFFE_PP_/QN	u2.write_hold_r$_DFF_P_/D
420	0.7026	uI.int_maskb_r[J]	uI.wb_rf_dout[J]	u0.int_maskb_r[0]$_SDFFE_PP0P_/Q	u0.wb_rf_dout[0]$_DFFE_PP_/D
421	0.7095	uI.uJ.slv_dout[K]	uI.uJ.sw_pointer_r[K]	u3.u1.slv_dout[10]$_DFF_P_/Q	u0.u0.sw_pointer_r[6]$_SDFFE_PP0P_/D
422	0.7100	uI.uJ.slv_dout[K]	uI.uJ.ch_adrK_r[L]	u3.u1.slv_dout[10]$_DFF_P_/Q	u0.u1.ch_adr0_r[8]$_DFFE_PP_/D
423	0.7100	uI.uJ.slv_dout[K]	uI.uJ.ch_adrK_s[L]	u3.u1.slv_dout[10]$_DFF_P_/Q	u0.u1.ch_adr0_s[8]$_DFFE_PP_/D
424	0.7110	uI.uJ.slv_dout[K]	uI.uJ.ch_tot_sz_r[K]	u3.u1.slv_dout[0]$_DFF_P_/Q	u0.u0.ch_tot_sz_r[0]$_DFFE_PP_/D
425	0.7119	uI.adrJ_cnt[K]	uI.uJ.ch_adrK_r[L]	u2.adr1_cnt[7]$_DFFE_PP_/Q	u0.u10.ch_adr1_r[7]$_DFFE_PP_/D
426	0.7126	uI.uJ.slv_dout[K]	uI.int_maska_r[J]	u3.u1.slv_dout[10]$_DFF_P_/Q	u0.int_maska_r[10]$_SDFFE_PP0P_/D
427	0.7126	uI.uJ.slv_dout[K]	uI.int_maskb_r[J]	u3.u1.slv_dout[10]$_DFF_P_/Q	u0.int_maskb_r[10]$_SDFFE_PP0P_/D
428	0.7209	uI.dma_abort_r	uI.state[J]	u2.dma_abort_r$_DFF_P_/Q	u2.state[10]$_DFF_P_/D
429	0.7214	uI.uJ.slv_dout[K]	uI.uJ.ch_txsz_s[K]	u3.u1.slv_dout[0]$_DFF_P_/Q	u0.u0.ch_txsz_s[0]$_DFFE_PP_/D
430	0.7223	uI.de_start_r	uI.chunk_cnt[J]	u1.de_start_r$_DFF_P_/QN	u2.chunk_cnt[1]$_DFFE_PP_/D
431	0.7234	uI.chunk_J	uI.uJ.mast_stb	u2.chunk_0$_DFF_P_/Q	u4.u0.mast_stb$_DFF_P_/D
432	0.7236	uI.adrJ_cnt[K]	uI.uJ.ch_adrK_s[L]	u2.adr1_cnt[7]$_DFFE_PP_/Q	u0.u1.ch_adr1_s[7]$_DFFE_PP_/D
433	0.7254	uI.uJ.slv_dout[K]	uI.uJ.ch_csr_rK[L]	u3.u1.slv_dout[15]$_DFF_P_/Q	u0.u5.ch_csr_r2[2]$_SDFFE_PP0P_/D
434	0.7274	uI.uJ.slv_dout[K]	uI.uJ.rest_en	u3.u1.slv_dout[16]$_DFF_P_/Q	u0.u10.rest_en$_SDFFE_PP0P_/D
435	0.7281	uI.uJ.ch_stop	uI.dma_abort_r	u0.u7.ch_stop$_DFF_P_/Q	u2.dma_abort_r$_DFF_P_/D
436	0.7288	uI.uJ.slv_dout[K]	uI.uJ.ch_amK_r[L]	u3.u1.slv_dout[16]$_DFF_P_/Q	u0.u0.ch_am1_r[12]$_SDFFE_PP1P_/D
437	0.7297	uI.chunk_J	uI.uJ.int_src_r[K]	u2.chunk_0$_DFF_P_/Q	u0.u5.int_src_r[2]$_SDFFE_PP0P_/D
438	0.7300	uI.chunk_dec	uI.tsz_cnt[J]	u2.chunk_dec$_DFF_P_/Q	u2.tsz_cnt[7]$_DFFE_PP_/D
439	0.7342	uI.uJ.int_src_r[K]	uI.intb_o	u0.u11.int_src_r[2]$_SDFFE_PP0P_/Q	u0.intb_o$_DFF_P_/D
440	0.7346	uI.next_ch	uI.uJ.state[K]	u2.next_ch$_DFF_P_/Q	u1.u1.state[2]$_SDFFE_PP0P_/D
441	0.7356	uI.uJ.slv_we	uI.uJ.rf_ack	u3.u1.slv_we$_DFF_P_/Q	u3.u1.rf_ack$_DFF_P_/D
442	0.7361	uI.tsz_cnt_is_J_r	uI.uJ.ptr_valid	u2.tsz_cnt_is_0_r$_DFF_P_/Q	u0.u1.ptr_valid$_SDFFE_PP0P_/D
443	0.7363	uI.next_start	uI.chunk_cnt[J]	u1.next_start$_DFF_P_/Q	u2.chunk_cnt[1]$_DFFE_PP_/D
444	0.7371	uI.uJ.mast_dout[K]	uI.uJ.ch_eol	u3.u0.mast_dout[20]$_DFFE_PP_/Q	u0.u0.ch_eol$_SDFFE_PP0P_/D
445	0.7372	uI.uJ.slv_dout[K]	uI.uJ.pointer_r[K]	u3.u1.slv_dout[16]$_DFF_P_/Q	u0.u0.pointer_r[12]$_DFFE_PP_/D
446	0.7378	uI.uJ.ch_err	uI.state[J]	u0.u1.ch_err$_SDFFE_PP0P_/Q	u2.state[10]$_DFF_P_/D
447	0.7379	uI.tsz_cnt_is_J_r	uI.uJ.ch_eol	u2.tsz_cnt_is_0_r$_DFF_P_/Q	u0.u2.ch_eol$_SDFFE_PP0P_/D
448	0.7383	uI.de_start_r	uI.ch_sel_r[J]	u1.de_start_r$_DFF_P_/QN	u1.ch_sel_r[0]$_SDFFE_PP0P_/D
449	0.7390	uI.uJ.ch_csr_rK[L]	uI.intb_o	u0.u11.ch_csr_r3[2]$_SDFFE_PP0P_/Q	u0.intb_o$_DFF_P_/D
450	0.7396	uI.uJ.ch_csr_r[K]	uI.uJ.ch_done	u0.u0.ch_csr_r[7]$_SDFFE_PP0P_/Q	u0.u0.ch_done$_SDFFE_PP0P_/D
451	0.7419	uI.chunk_dec	uI.chunk_cnt[J]	u2.chunk_dec$_DFF_P_/Q	u2.chunk_cnt[0]$_DFFE_PP_/D
452	0.7421	uI.uJ.ch_csr_r[K]	uI.uJ.int_src_r[K]	u0.u14.ch_csr_r[7]$_SDFFE_PP0P_/Q	u0.u14.int_src_r[1]$_SDFFE_PP0P_/D
453	0.7442	uI.uJ.slv_re	uI.uJ.int_src_r[K]	u3.u1.slv_re$_DFF_P_/Q	u0.u8.int_src_r[2]$_SDFFE_PP0P_/D
454	0.7443	uI.uJ.slv_re	uI.uJ.ch_err	u3.u1.slv_re$_DFF_P_/Q	u0.u0.ch_err$_SDFFE_PP0P_/D
455	0.7453	uI.uJ.mast_dout[K]	uI.uJ.pointer_r[K]	u3.u0.mast_dout[16]$_DFFE_PP_/Q	u0.u6.pointer_r[12]$_DFFE_PP_/D
456	0.7476	uI.chunk_J	uI.ack_o[J]	u2.chunk_0$_DFF_P_/Q	u1.ack_o[13]$_DFF_P_/D
457	0.7483	uI.tsz_cnt_is_J_r	uI.uJ.ch_done	u2.tsz_cnt_is_0_r$_DFF_P_/Q	u0.u0.ch_done$_SDFFE_PP0P_/D
458	0.7501	uI.tsz_cnt_is_J_r	uI.uJ.ch_rl	u2.tsz_cnt_is_0_r$_DFF_P_/Q	u0.u1.ch_rl$_DFF_P_/D
459	0.7512	uI.uJ.ch_csr_rK[L]	uI.inta_o	u0.u0.ch_csr_r3[2]$_SDFFE_PP0P_/Q	u0.inta_o$_DFF_P_/D
460	0.7522	uI.uJ.ch_csr_r[K]	uI.uJ.ch_csr_r[K]	u0.u11.ch_csr_r[7]$_SDFFE_PP0P_/Q	u0.u11.ch_csr_r[0]$_SDFFE_PP0P_/D
461	0.7523	uI.next_start	uI.ch_sel_r[J]	u1.next_start$_DFF_P_/Q	u1.ch_sel_r[0]$_SDFFE_PP0P_/D
462	0.7525	uI.uJ.int_src_r[K]	uI.inta_o	u0.u4.int_src_r[1]$_SDFFE_PP0P_/Q	u0.inta_o$_DFF_P_/D
463	0.7533	uI.uJ.slv_dout[K]	uI.uJ.ch_chk_sz_r[K]	u3.u1.slv_dout[26]$_DFF_P_/Q	u0.u10.ch_chk_sz_r[10]$_DFFE_PP_/D
464	0.7536	uI.chunk_J	uI.chunk_dec	u2.chunk_0$_DFF_P_/Q	u2.chunk_dec$_DFF_P_/D
465	0.7536	uI.tsz_cnt_is_J_r	uI.uJ.int_src_r[K]	u2.tsz_cnt_is_0_r$_DFF_P_/Q	u0.u8.int_src_r[1]$_SDFFE_PP0P_/D
466	0.7560	uI.uJ.ch_csr_r[K]	uI.uJ.ch_eol	u0.u0.ch_csr_r[7]$_SDFFE_PP0P_/Q	u0.u0.ch_eol$_SDFFE_PP0P_/D
467	0.7560	uI.tsz_cnt_is_J_r	uI.tsz_cnt[J]	u2.tsz_cnt_is_0_r$_DFF_P_/QN	u2.tsz_cnt[7]$_DFFE_PP_/D
468	0.7585	uI.uJ.ch_err	uI.inta_o	u0.u0.ch_err$_SDFFE_PP0P_/Q	u0.inta_o$_DFF_P_/D
469	0.7585	uI.uJ.ch_err	uI.intb_o	u0.u0.ch_err$_SDFFE_PP0P_/Q	u0.intb_o$_DFF_P_/D
470	0.7595	uI.tsz_cnt_is_J_r	uI.uJ.ch_csr_r[K]	u2.tsz_cnt_is_0_r$_DFF_P_/Q	u0.u1.ch_csr_r[0]$_SDFFE_PP0P_/D
471	0.7596	uI.uJ.mast_dout[K]	uI.uJ.ch_csr_r[K]	u3.u0.mast_dout[16]$_DFFE_PP_/Q	u0.u6.ch_csr_r[1]$_SDFFE_PP0P_/D
472	0.7610	uI.chunk_cnt_is_J_r	uI.chunk_cnt[J]	u2.chunk_cnt_is_0_r$_DFF_P_/QN	u2.chunk_cnt[0]$_DFFE_PP_/D
473	0.7628	uI.uJ.slv_dout[K]	uI.csr_r[J]	u3.u1.slv_dout[0]$_DFF_P_/Q	u0.csr_r[0]$_SDFFE_PP0P_/D
474	0.7630	uI.uJ.slv_dout[K]	uI.uJ.ch_sz_inf	u3.u1.slv_dout[15]$_DFF_P_/Q	u0.u10.ch_sz_inf$_DFFE_PP_/D
475	0.7650	uI.de_start_r	uI.state[J]	u1.de_start_r$_DFF_P_/QN	u2.state[10]$_DFF_P_/D
476	0.7730	uI.uJ.slv_dout[K]	uI.uJ.ch_stop	u3.u1.slv_dout[9]$_DFF_P_/Q	u0.u4.ch_stop$_DFF_P_/D
477	0.7771	uI.uJ.ch_adrK_s[L]	uI.uJ.ch_adrK_r[L]	u0.u7.ch_adr1_s[29]$_DFFE_PP_/Q	u0.u7.ch_adr1_r[29]$_DFFE_PP_/D
478	0.7786	uI.chunk_J	uI.state[J]	u2.chunk_0$_DFF_P_/Q	u2.state[10]$_DFF_P_/D
479	0.7790	uI.next_start	uI.state[J]	u1.next_start$_DFF_P_/Q	u2.state[10]$_DFF_P_/D
480	0.7791	uI.chunk_J	uI.uJ.mast_cyc	u2.chunk_0$_DFF_P_/Q	u3.u0.mast_cyc$_DFF_P_/D
481	0.7825	uI.chunk_J	uI.read_r	u2.chunk_0$_DFF_P_/Q	u2.read_r$_DFF_P_/D
482	0.7831	uI.uJ.ch_eol	uI.uJ.ch_csr_r[K]	u0.u3.ch_eol$_SDFFE_PP0P_/Q	u0.u3.ch_csr_r[0]$_SDFFE_PP0P_/D
483	0.7833	uI.uJ.ch_eol	uI.uJ.ch_eol	u0.u1.ch_eol$_SDFFE_PP0P_/Q	u0.u1.ch_eol$_SDFFE_PP0P_/D
484	0.7841	uI.uJ.ch_eol	uI.uJ.int_src_r[K]	u0.u5.ch_eol$_SDFFE_PP0P_/Q	u0.u5.int_src_r[1]$_SDFFE_PP0P_/D
485	0.7848	uI.dma_abort_r	uI.uJ.int_src_r[K]	u2.dma_abort_r$_DFF_P_/Q	u0.u12.int_src_r[0]$_SDFFE_PP0P_/D
486	0.7848	uI.dma_abort_r	uI.uJ.ch_err	u2.dma_abort_r$_DFF_P_/Q	u0.u0.ch_err$_SDFFE_PP0P_/D
487	0.7877	uI.uJ.ch_eol	uI.uJ.ch_done	u0.u12.ch_eol$_SDFFE_PP0P_/Q	u0.u12.ch_done$_SDFFE_PP0P_/D
488	0.7932	uI.chunk_J	uI.next_ch	u2.chunk_0$_DFF_P_/Q	u2.next_ch$_DFF_P_/D
489	0.7961	uI.adrJ_cnt[K]	uI.mastJ_adr[K]	u2.adr1_cnt[7]$_DFFE_PP_/Q	u2.mast0_adr[9]$_DFF_P_/D
490	0.7990	uI.ndnr[J]	uI.uJ.int_src_r[K]	u1.ndnr[13]$_DFF_P_/Q	u0.u13.int_src_r[1]$_SDFFE_PP0P_/D
491	0.7992	uI.uJ.ch_adrK_r[L]	uI.uJ.ch_adrK_r[L]	u0.u0.ch_adr1_r[19]$_DFFE_PP_/Q	u0.u0.ch_adr1_r[19]$_DFFE_PP_/D
492	0.8014	uI.uJ.mast_dout[K]	uI.uJ.mast_dout[K]	u3.u0.mast_dout[16]$_DFFE_PP_/Q	u3.u0.mast_dout[16]$_DFFE_PP_/D
493	0.8018	uI.uJ.slv_re	uI.uJ.rf_ack	u3.u1.slv_re$_DFF_P_/Q	u3.u1.rf_ack$_DFF_P_/D
494	0.8049	uI.ndnr[J]	uI.uJ.ch_done	u1.ndnr[13]$_DFF_P_/Q	u0.u13.ch_done$_SDFFE_PP0P_/D
495	0.8065	uI.int_maskb_r[J]	uI.intb_o	u0.int_maskb_r[11]$_SDFFE_PP0P_/Q	u0.intb_o$_DFF_P_/D
496	0.8071	uI.uJ.ch_txsz_s[K]	uI.uJ.ch_tot_sz_r[K]	u0.u9.ch_txsz_s[11]$_DFFE_PP_/Q	u0.u9.ch_tot_sz_r[11]$_DFFE_PP_/D
497	0.8105	uI.uJ.ch_csr_rK[L]	uI.wb_rf_dout[J]	u0.u0.ch_csr_r3[2]$_SDFFE_PP0P_/Q	u0.wb_rf_dout[0]$_DFFE_PP_/D
498	0.8124	uI.ndnr[J]	uI.uJ.ch_csr_r[K]	u1.ndnr[13]$_DFF_P_/Q	u0.u13.ch_csr_r[0]$_SDFFE_PP0P_/D
499	0.8125	uI.ndnr[J]	uI.uJ.ch_eol	u1.ndnr[13]$_DFF_P_/Q	u0.u13.ch_eol$_SDFFE_PP0P_/D
500	0.8148	uI.uJ.slv_dout[K]	uI.uJ.ch_done	u3.u1.slv_dout[0]$_DFF_P_/QN	u0.u1.ch_done$_SDFFE_PP0P_/D
501	0.8152	uI.uJ.int_src_r[K]	uI.wb_rf_dout[J]	u0.u0.int_src_r[2]$_SDFFE_PP0P_/Q	u0.wb_rf_dout[0]$_DFFE_PP_/D
502	0.8178	uI.uJ.ch_err	uI.wb_rf_dout[J]	u0.u0.ch_err$_SDFFE_PP0P_/Q	u0.wb_rf_dout[0]$_DFFE_PP_/D
503	0.8201	uI.int_maska_r[J]	uI.inta_o	u0.int_maska_r[3]$_SDFFE_PP0P_/Q	u0.inta_o$_DFF_P_/D
504	0.8201	uI.chunk_cnt[J]	uI.chunk_cnt_is_J_r	u2.chunk_cnt[1]$_DFFE_PP_/QN	u2.chunk_cnt_is_0_r$_DFF_P_/D
505	0.8221	uI.chunk_J	uI.write_hold_r	u2.chunk_0$_DFF_P_/Q	u2.write_hold_r$_DFF_P_/D
506	0.8301	uI.uJ.rest_en	uI.uJ.ptr_valid	u0.u1.rest_en$_SDFFE_PP0P_/Q	u0.u1.ptr_valid$_SDFFE_PP0P_/D
507	0.8346	uI.uJ.pointer_r[K]	uI.uJ.pointer_r[K]	u0.u3.pointer_r[24]$_DFFE_PP_/Q	u0.u3.pointer_r[24]$_DFFE_PP_/D
508	0.8387	uI.ndnr[J]	uI.uJ.ptr_valid	u1.ndnr[6]$_DFF_P_/Q	u0.u6.ptr_valid$_SDFFE_PP0P_/D
509	0.8397	uI.uJ.ch_txsz_s[K]	uI.uJ.ch_chk_sz_r[K]	u0.u0.ch_txsz_s[12]$_DFFE_PP_/Q	u0.u0.ch_chk_sz_r[0]$_DFFE_PP_/D
510	0.8415	uI.csr_r[J]	uI.state[J]	u0.csr_r[0]$_SDFFE_PP0P_/Q	u2.state[10]$_DFF_P_/D
511	0.8452	uI.write_hold_r	uI.uJ.mast_stb	u2.write_hold_r$_DFF_P_/Q	u3.u0.mast_stb$_DFF_P_/D
512	0.8452	uI.uJ.ch_amK_r[L]	uI.uJ.ch_amK_r[L]	u0.u0.ch_am0_r[22]$_SDFFE_PP1P_/Q	u0.u0.ch_am0_r[22]$_SDFFE_PP1P_/D
513	0.8481	uI.uJ.ch_tot_sz_r[K]	uI.uJ.ch_tot_sz_r[K]	u0.u11.ch_tot_sz_r[11]$_DFFE_PP_/Q	u0.u11.ch_tot_sz_r[11]$_DFFE_PP_/D
514	0.8518	uI.wb_rf_dout[J]	uI.wb_rf_dout[J]	u0.wb_rf_dout[0]$_DFFE_PP_/Q	u0.wb_rf_dout[0]$_DFFE_PP_/D
515	0.8564	uI.uJ.ch_csr_r[K]	uI.ack_o[J]	u0.u8.ch_csr_r[5]$_SDFFE_PP0P_/Q	u1.ack_o[8]$_DFF_P_/D
516	0.8567	uI.uJ.ch_txsz_s[K]	uI.uJ.ch_txsz_s[K]	u0.u3.ch_txsz_s[10]$_DFFE_PP_/Q	u0.u3.ch_txsz_s[10]$_DFFE_PP_/D
517	0.8571	uI.uJ.ptr_valid	uI.uJ.ptr_valid	u0.u6.ptr_valid$_SDFFE_PP0P_/Q	u0.u6.ptr_valid$_SDFFE_PP0P_/D
518	0.8631	uI.uJ.ch_sz_inf	uI.uJ.ch_sz_inf	u0.u4.ch_sz_inf$_DFFE_PP_/Q	u0.u4.ch_sz_inf$_DFFE_PP_/D
519	0.8653	uI.uJ.rf_ack	uI.uJ.slv_re	u3.u1.rf_ack$_DFF_P_/QN	u3.u1.slv_re$_DFF_P_/D
520	0.8679	uI.csr_r[J]	uI.csr_r[J]	u0.csr_r[0]$_SDFFE_PP0P_/Q	u0.csr_r[0]$_SDFFE_PP0P_/D
521	0.8694	uI.uJ.rest_en	uI.uJ.rest_en	u0.u13.rest_en$_SDFFE_PP0P_/Q	u0.u13.rest_en$_SDFFE_PP0P_/D
522	0.8703	uI.uJ.ch_csr_rK[L]	uI.uJ.ch_csr_rK[L]	u0.u9.ch_csr_r2[0]$_SDFFE_PP0P_/Q	u0.u9.ch_csr_r2[0]$_SDFFE_PP0P_/D
523	0.8749	uI.write_hold_r	uI.uJ.mast_cyc	u2.write_hold_r$_DFF_P_/Q	u3.u0.mast_cyc$_DFF_P_/D
524	0.8799	uI.uJ.ch_done	uI.uJ.ch_done	u0.u10.ch_done$_SDFFE_PP0P_/Q	u0.u10.ch_done$_SDFFE_PP0P_/D
525	0.8817	uI.uJ.rest_en	uI.uJ.ch_rl	u0.u1.rest_en$_SDFFE_PP0P_/Q	u0.u1.ch_rl$_DFF_P_/D
526	0.8839	uI.uJ.ch_adrK_s[L]	uI.uJ.ch_adrK_s[L]	u0.u0.ch_adr0_s[29]$_DFFE_PP_/Q	u0.u0.ch_adr0_s[29]$_DFFE_PP_/D
527	0.8873	uI.uJ.int_src_r[K]	uI.uJ.int_src_r[K]	u0.u7.int_src_r[0]$_SDFFE_PP0P_/Q	u0.u7.int_src_r[0]$_SDFFE_PP0P_/D
528	0.8873	uI.uJ.ch_err	uI.uJ.ch_err	u0.u1.ch_err$_SDFFE_PP0P_/Q	u0.u1.ch_err$_SDFFE_PP0P_/D
529	0.8891	uI.uJ.ch_chk_sz_r[K]	uI.uJ.ch_chk_sz_r[K]	u0.u12.ch_chk_sz_r[2]$_DFFE_PP_/Q	u0.u12.ch_chk_sz_r[2]$_DFFE_PP_/D
530	0.8904	uI.uJ.pointer_r[K]	uI.uJ.pointer_sr[K]	u0.u6.pointer_r[26]$_DFFE_PP_/Q	u0.u6.pointer_sr[26]$_DFFE_PP_/D
531	0.8952	uI.uJ.pointer_sr[K]	uI.uJ.pointer_sr[K]	u0.u0.pointer_sr[0]$_DFFE_PP_/Q	u0.u0.pointer_sr[0]$_DFFE_PP_/D
532	0.8967	uI.uJ.rf_ack	uI.uJ.slv_we	u3.u1.rf_ack$_DFF_P_/QN	u3.u1.slv_we$_DFF_P_/D
533	0.8986	uI.int_maska_r[J]	uI.int_maska_r[J]	u0.int_maska_r[13]$_SDFFE_PP0P_/Q	u0.int_maska_r[13]$_SDFFE_PP0P_/D
534	0.8987	uI.int_maskb_r[J]	uI.int_maskb_r[J]	u0.int_maskb_r[12]$_SDFFE_PP0P_/Q	u0.int_maskb_r[12]$_SDFFE_PP0P_/D
535	0.9045	uI.uJ.ch_csr_r[K]	uI.uJ.ch_rl	u0.u8.ch_csr_r[6]$_SDFFE_PP0P_/Q	u0.u8.ch_rl$_DFF_P_/D
536	0.9054	uI.uJ.rf_ack	uI.uJ.rf_ack	u3.u1.rf_ack$_DFF_P_/QN	u3.u1.rf_ack$_DFF_P_/D
537	0.9063	uI.uJ.slv_re	uI.uJ.slv_re	u3.u1.slv_re$_DFF_P_/QN	u3.u1.slv_re$_DFF_P_/D
538	0.9076	uI.uJ.sw_pointer_r[K]	uI.uJ.sw_pointer_r[K]	u0.u1.sw_pointer_r[15]$_SDFFE_PP0P_/Q	u0.u1.sw_pointer_r[15]$_SDFFE_PP0P_/D
539	0.9167	_I_	_I_	_57663_/Q	_57663_/D
540	0.9219	uI.next_ch	uI.next_start	u2.next_ch$_DFF_P_/Q	u1.next_start$_DFF_P_/D
541	0.9333	uI.ack_o[J]	uI.req_r[J]	u1.ack_o[0]$_DFF_P_/QN	u1.req_r[0]$_DFF_P_/D
542	0.9444	uI.read_r	uI.chunk_dec	u2.read_r$_DFF_P_/QN	u2.chunk_dec$_DFF_P_/D
