# stage	6_final
# top_module	fpu
# top_n	100
# rank	worst_slack_ns	start	end
1	-0.4679	u3.mul_a[I]	u3.product_b[I]
2	-0.4670	u3.mul_a[I]	u3.product_c[I]
3	-0.4591	u3.mul_a[I]	u3.product_a[I]
4	-0.4556	u3.mul_b[I]	u3.product_a[I]
5	-0.4544	u3.mul_b[I]	u3.product_e[I]
6	-0.4394	u3.mul_b[I]	u3.product_c[I]
7	-0.4380	u3.mul_a[I]	u3.product_e[I]
8	-0.4322	u3.mul_b[I]	u3.product_b[I]
9	-0.4165	u3.mul_b[I]	u3.product_f[I]
10	-0.4152	u3.mul_a[I]	u3.product_f[I]
11	-0.4111	u3.mul_a[I]	u3.product_g[I]
12	-0.4063	u3.mul_b[I]	u3.product_g[I]
13	-0.3877	u3.mul_b[I]	u3.product_j[I]
14	-0.3575	u3.mul_b[I]	u3.product_i[I]
15	-0.3313	u3.mul_b[I]	u3.product_h[I]
16	-0.3286	u3.mul_a[I]	u3.product_j[I]
17	-0.3115	u3.mul_a[I]	u3.product_h[I]
18	-0.3005	u3.mul_a[I]	u3.product_i[I]
19	-0.0954	u3.mul_b[I]	u3.product_d[I]
20	0.0406	u3.mul_a[I]	u3.product_d[I]
21	0.0763	u4.dividend_reg[I]	u4.dividend_reg[I]
22	0.0999	u4.dividend_reg[I]	u4.quotient[I]
23	0.1067	u4.divisor_reg[I]	u4.dividend_reg[I]
24	0.1157	u3.sum_0[I]	u3.sum_1[I]
25	0.1184	u4.dividend_reg[I]	u4.remainder_msb
26	0.1195	u2.minuend[I]	u2.diff[I]
27	0.1283	u3.product_h[I]	u3.sum_3[I]
28	0.1303	u4.divisor_reg[I]	u4.quotient[I]
29	0.1312	u3.product_b[I]	u3.sum_0[I]
30	0.1331	u4.divisor_b[I]	u4.divisor_shift_2[I]
31	0.1377	u3.product_a[I]	u3.sum_0[I]
32	0.1412	u2.diff[I]	u2.diff_shift_2[I]
33	0.1425	u4.dividend_a[I]	u4.dividend_shift_2[I]
34	0.1430	u3.sum_2[I]	u3.sum_3[I]
35	0.1466	out[I]	out[I]
36	0.1469	u3.product_e[I]	u3.sum_1[I]
37	0.1475	u3.exponent_2[I]	u3.product_4[I]
38	0.1489	u4.divisor_reg[I]	u4.remainder_msb
39	0.1491	ready	ready
40	0.1537	overflow	overflow
41	0.1558	invalid	invalid
42	0.1563	u1.large_add[I]	u1.sum[I]
43	0.1581	exception	exception
44	0.1591	u2.subtra_shift_3[I]	u2.diff[I]
45	0.1636	underflow	underflow
46	0.1650	inexact	inexact
47	0.1669	u1.small_shift_3[I]	u1.sum[I]
48	0.1694	u3.sum_1[I]	u3.sum_2[I]
49	0.1695	u3.product_c[I]	u3.sum_2[I]
50	0.1729	u2.exponent_large[I]	u2.diff_1[I]
51	0.1762	u2.diffshift_gt_exponent	u2.diff_1[I]
52	0.1769	u2.exponent_small[I]	u2.exponent_diff[I]
53	0.1801	u4.remainder_shift_term[I]	u4.remainder_b[I]
54	0.1849	u3.exponent_under[I]	u3.product_1[I]
55	0.1871	u2.exponent_large[I]	u2.exponent_diff[I]
56	0.1936	u3.sum_7[I]	u3.sum_8[I]
57	0.1941	u3.product_j[I]	u3.sum_8[I]
58	0.1947	u2.large_norm_small_denorm	u2.exponent_diff[I]
59	0.1949	mantissa_round[I]	u5.sum_round[I]
60	0.2028	u3.product_shift_2[I]	u3.product_3[I]
61	0.2042	u3.sum_6[I]	u3.sum_7[I]
62	0.2080	u3.product_g[I]	u3.sum_7[I]
63	0.2160	u2.diff_shift_2[I]	u2.diff_1[I]
64	0.2171	u4.dividend_shift_2[I]	u4.dividend_a_shifted[I]
65	0.2190	u4.divisor_shift_2[I]	u4.divisor_b_shifted[I]
66	0.2243	u3.sum_3[I]	u3.sum_4[I]
67	0.2298	u3.product_i[I]	u3.sum_6[I]
68	0.2305	u3.product_f[I]	u3.sum_4[I]
69	0.2344	u1.exponent_diff[I]	u1.small_shift[I]
70	0.2375	u3.sum_5[I]	u3.sum_6[I]
71	0.2384	u1.exponent_small[I]	u1.exponent_diff[I]
72	0.2433	u1.exponent_large[I]	u1.exponent_diff[I]
73	0.2434	u2.exponent_diff[I]	u2.subtra_shift[I]
74	0.2491	u1.large_norm_small_denorm	u1.exponent_diff[I]
75	0.2536	u3.product_2[I]	u3.product_4[I]
76	0.2558	mul_enable	u3.product_5[I]
77	0.2558	mul_enable	u3.product_6[I]
78	0.2570	u4.expon_uf_term_4[I]	u4.mantissa_1[I]
79	0.2570	mul_enable	u3.mul_b[I]
80	0.2626	mul_enable	u3.mantissa_b[I]
81	0.2662	mul_enable	u3.mul_a[I]
82	0.2669	mul_enable	u3.mantissa_a[I]
83	0.2689	mul_enable	u3.product_f[I]
84	0.2732	opb_reg[I]	u4.divisor_reg[I]
85	0.2735	u3.product_d[I]	u3.sum_5[I]
86	0.2752	mul_enable	u3.product_3[I]
87	0.2763	u4.enable_reg_2	u4.mantissa_b[I]
88	0.2766	u3.sum_4[I]	u3.sum_5[I]
89	0.2769	u4.enable_reg_2	u4.divisor_b[I]
90	0.2772	mul_enable	u3.sum_7[I]
91	0.2820	mul_enable	u3.product_d[I]
92	0.2864	sub_enable	u2.diff_2[I]
93	0.2867	mul_enable	u3.sum_8[I]
94	0.2868	mul_enable	u3.product_2[I]
95	0.2896	mul_enable	u3.sum_5[I]
96	0.2913	mul_enable	u3.sum_4[I]
97	0.2929	mul_enable	u3.product[I]
98	0.2953	u3.product[I]	u3.product_1[I]
99	0.2970	mul_enable	u3.product_j[I]
100	0.2974	opa_reg[I]	u4.exponent_out[I]
