# stage	1_synth
# top_module	fpu
# top_n	100
# rank	worst_slack_ns	start	end
1	-0.6053	u3.mul_a[I]	u3.product_a[I]
2	-0.6033	u3.mul_b[I]	u3.product_a[I]
3	-0.5742	u3.mul_a[I]	u3.product_c[I]
4	-0.5722	u3.mul_b[I]	u3.product_c[I]
5	-0.5585	u3.mul_a[I]	u3.product_b[I]
6	-0.5565	u3.mul_b[I]	u3.product_b[I]
7	-0.5367	u3.mul_a[I]	u3.product_e[I]
8	-0.5348	u3.mul_b[I]	u3.product_e[I]
9	-0.5192	u3.mul_a[I]	u3.product_j[I]
10	-0.5173	u3.mul_b[I]	u3.product_j[I]
11	-0.4616	u3.mul_a[I]	u3.product_g[I]
12	-0.4596	u3.mul_b[I]	u3.product_g[I]
13	-0.4456	u3.mul_a[I]	u3.product_f[I]
14	-0.4436	u3.mul_b[I]	u3.product_f[I]
15	-0.3832	u3.mul_a[I]	u3.product_i[I]
16	-0.3750	u3.mul_b[I]	u3.product_i[I]
17	-0.3295	u3.mul_a[I]	u3.product_h[I]
18	-0.3275	u3.mul_b[I]	u3.product_h[I]
19	0.1212	u4.dividend_reg[I]	u4.remainder_msb
20	0.1281	u4.dividend_reg[I]	u4.dividend_reg[I]
21	0.1345	u4.divisor_reg[I]	u4.remainder_msb
22	0.1375	u4.dividend_reg[I]	u4.quotient[I]
23	0.1387	u3.mul_a[I]	u3.product_d[I]
24	0.1387	u3.mul_b[I]	u3.product_d[I]
25	0.1415	u4.divisor_reg[I]	u4.dividend_reg[I]
26	0.1418	u4.dividend_a[I]	u4.dividend_shift_2[I]
27	0.1443	u3.exponent_2[I]	u3.product_4[I]
28	0.1509	u4.divisor_reg[I]	u4.quotient[I]
29	0.1598	u2.diff[I]	u2.diff_shift_2[I]
30	0.1625	u3.exponent_under[I]	u3.product_1[I]
31	0.1629	u4.divisor_b[I]	u4.divisor_shift_2[I]
32	0.1785	u2.minuend[I]	u2.diff[I]
33	0.1939	u3.product_h[I]	u3.sum_3[I]
34	0.1993	u2.subtra_shift_3[I]	u2.diff[I]
35	0.1997	u3.sum_2[I]	u3.sum_3[I]
36	0.2020	u4.remainder_shift_term[I]	u4.remainder_b[I]
37	0.2119	u2.exponent_small[I]	u2.exponent_diff[I]
38	0.2160	u1.large_add[I]	u1.sum[I]
39	0.2205	u2.exponent_large[I]	u2.exponent_diff[I]
40	0.2216	u2.large_norm_small_denorm	u2.exponent_diff[I]
41	0.2216	u1.small_shift_3[I]	u1.sum[I]
42	0.2244	u2.diffshift_gt_exponent	u2.diff_1[I]
43	0.2286	u3.product_shift_2[I]	u3.product_3[I]
44	0.2303	rst	u2.mana_gtet_manb
45	0.2354	rst	u1.small_shift[I]
46	0.2361	rst	u4.expon_uf_term_1[I]
47	0.2361	rst	u4.expon_final_3[I]
48	0.2371	rst	u4.dividend_reg[I]
49	0.2375	rst	u4.count_out[I]
50	0.2376	rst	u1.sum[I]
51	0.2405	rst	u3.sum_3[I]
52	0.2405	rst	u3.sum_4[I]
53	0.2405	rst	u3.sum_8[I]
54	0.2407	u3.sum_0[I]	u3.sum_1[I]
55	0.2416	mantissa_round[I]	u5.sum_round[I]
56	0.2419	u3.product_e[I]	u3.sum_1[I]
57	0.2431	u3.sum_7[I]	u3.sum_8[I]
58	0.2440	u3.product_j[I]	u3.sum_8[I]
59	0.2450	rst	u6.out_1[I]
60	0.2455	rst	u4.divisor_reg[I]
61	0.2455	rst	u2.subtra_shift[I]
62	0.2455	rst	u4.expon_uf_term_3[I]
63	0.2455	rst	u2.a_gtet_b
64	0.2457	rst	u3.a_is_norm
65	0.2457	rst	u3.b_is_norm
66	0.2457	rst	u3.product_e[I]
67	0.2457	rst	u3.product_j[I]
68	0.2457	rst	u3.product_lsb
69	0.2459	rst	u3.sum_5[I]
70	0.2460	rst	u4.expon_final_1[I]
71	0.2461	rst	u2.diff[I]
72	0.2464	rst	u6.enable_trigger
73	0.2464	rst	u6.underflow_trigger
74	0.2464	rst	u6.out_inf[I]
75	0.2471	rst	u6.invalid_trigger
76	0.2475	rst	u4.expon_final_5[I]
77	0.2482	rst	count_ready[I]
78	0.2482	rst	ready_0
79	0.2497	rst	u3.product_f[I]
80	0.2497	rst	u3.product_g[I]
81	0.2497	rst	u3.product_h[I]
82	0.2497	rst	u3.product_i[I]
83	0.2497	rst	u3.sum_0[I]
84	0.2497	rst	u3.sum_1[I]
85	0.2497	rst	u3.sum_6[I]
86	0.2498	rst	u6.out_2[I]
87	0.2508	rst	u3.product_b[I]
88	0.2508	rst	u3.sum_2[I]
89	0.2509	rst	u4.count_out[I]
90	0.2518	rst	u1.small_shift_3[I]
91	0.2525	u3.sum_1[I]	u3.sum_2[I]
92	0.2534	u2.diff_shift_2[I]	u2.diff_1[I]
93	0.2534	u3.product_c[I]	u3.sum_2[I]
94	0.2544	rst	u3.product_3[I]
95	0.2550	rst	u3.product_2[I]
96	0.2550	rst	u3.product_5[I]
97	0.2551	rst	u1.exponent_diff[I]
98	0.2552	rst	u3.sum_7[I]
99	0.2553	u3.product_a[I]	u3.sum_0[I]
100	0.2562	rst	u3.product_1[I]
