# stage	6_final
# top_module	e203_cpu_top
# top_n	100
# rank	worst_slack_ns	start	end
1	-1.1937	dbg_mode	ext2itcm_icb_cmd_ready
2	-1.1806	dbg_mode	ext2dtcm_icb_cmd_ready
3	-1.1466	dbg_halt_r	ext2itcm_icb_cmd_ready
4	-1.1336	dbg_halt_r	ext2dtcm_icb_cmd_ready
5	-1.1298	dbg_mode	cmt_dcause[I]
6	-1.1245	dbg_mode	cmt_dcause_ena
7	-1.1061	dbg_step_r	ext2itcm_icb_cmd_ready
8	-1.1053	u_e203_cpu.u_e203_core.u_e203_ifu.u_e203_ifu_ifetch.ir_rs2idx_dfflr.qout_r[I]	ext2itcm_icb_cmd_ready
9	-1.1028	dbg_mode	core_wfi
10	-1.0945	dbg_halt_r	cmt_dcause_ena
11	-1.0930	dbg_step_r	ext2dtcm_icb_cmd_ready
12	-1.0922	u_e203_cpu.u_e203_core.u_e203_ifu.u_e203_ifu_ifetch.ir_rs2idx_dfflr.qout_r[I]	ext2dtcm_icb_cmd_ready
13	-1.0807	dbg_halt_r	cmt_dcause[I]
14	-1.0660	u_e203_cpu.u_e203_core.u_e203_ifu.u_e203_ifu_ifetch.ifu_lo_ir_dfflr.qout_r[I]	ext2itcm_icb_cmd_ready
15	-1.0634	u_e203_cpu.u_e203_core.u_e203_ifu.u_e203_ifu_ifetch.ifu_hi_ir_dfflr.qout_r[I]	ext2itcm_icb_cmd_ready
16	-1.0588	dbg_mode	cmt_dpc_ena
17	-1.0586	dbg_halt_r	core_wfi
18	-1.0539	dbg_step_r	cmt_dcause_ena
19	-1.0530	u_e203_cpu.u_e203_core.u_e203_ifu.u_e203_ifu_ifetch.ifu_lo_ir_dfflr.qout_r[I]	ext2dtcm_icb_cmd_ready
20	-1.0503	u_e203_cpu.u_e203_core.u_e203_ifu.u_e203_ifu_ifetch.ifu_hi_ir_dfflr.qout_r[I]	ext2dtcm_icb_cmd_ready
21	-1.0402	u_e203_cpu.u_e203_core.u_e203_ifu.u_e203_ifu_ifetch.ir_rs2idx_dfflr.qout_r[I]	cmt_dcause[I]
22	-1.0402	dbg_step_r	cmt_dcause[I]
23	-1.0349	u_e203_cpu.u_e203_core.u_e203_ifu.u_e203_ifu_ifetch.ir_rs2idx_dfflr.qout_r[I]	cmt_dcause_ena
24	-1.0215	u_e203_cpu.u_e203_core.u_e203_ifu.u_e203_ifu_ifetch.ir_rs1idx_dfflr.qout_r[I]	ext2itcm_icb_cmd_ready
25	-1.0180	dbg_step_r	core_wfi
26	-1.0146	dbg_halt_r	cmt_dpc_ena
27	-1.0132	u_e203_cpu.u_e203_core.u_e203_ifu.u_e203_ifu_ifetch.ir_rs2idx_dfflr.qout_r[I]	core_wfi
28	-1.0105	u_e203_cpu.u_e203_core.u_e203_exu.u_e203_exu_regfile.regfile[I].rfno0.rf_dffl.qout_r[J]	ext2itcm_icb_cmd_ready
29	-1.0084	u_e203_cpu.u_e203_core.u_e203_ifu.u_e203_ifu_ifetch.ir_rs1idx_dfflr.qout_r[I]	ext2dtcm_icb_cmd_ready
30	-1.0052	u_e203_cpu.u_e203_core.u_e203_ifu.u_e203_ifu_ifetch.ifu_lo_ir_dfflr.qout_r[I]	cmt_dcause[I]
31	-1.0025	u_e203_cpu.u_e203_core.u_e203_ifu.u_e203_ifu_ifetch.ifu_hi_ir_dfflr.qout_r[I]	cmt_dcause[I]
32	-0.9999	u_e203_cpu.u_e203_core.u_e203_ifu.u_e203_ifu_ifetch.ifu_lo_ir_dfflr.qout_r[I]	cmt_dcause_ena
33	-0.9975	u_e203_cpu.u_e203_core.u_e203_exu.u_e203_exu_regfile.regfile[I].rfno0.rf_dffl.qout_r[J]	ext2dtcm_icb_cmd_ready
34	-0.9972	u_e203_cpu.u_e203_core.u_e203_ifu.u_e203_ifu_ifetch.ifu_hi_ir_dfflr.qout_r[I]	cmt_dcause_ena
35	-0.9782	u_e203_cpu.u_e203_core.u_e203_ifu.u_e203_ifu_ifetch.ifu_lo_ir_dfflr.qout_r[I]	core_wfi
36	-0.9755	u_e203_cpu.u_e203_core.u_e203_ifu.u_e203_ifu_ifetch.ifu_hi_ir_dfflr.qout_r[I]	core_wfi
37	-0.9741	dbg_step_r	cmt_dpc_ena
38	-0.9693	u_e203_cpu.u_e203_core.u_e203_ifu.u_e203_ifu_ifetch.ir_rs2idx_dfflr.qout_r[I]	cmt_dpc_ena
39	-0.9461	u_e203_cpu.u_e203_core.u_e203_ifu.u_e203_ifu_ifetch.ir_rs1idx_dfflr.qout_r[I]	cmt_dcause_ena
40	-0.9455	u_e203_cpu.u_e203_core.u_e203_exu.u_e203_exu_regfile.regfile[I].rfno0.rf_dffl.qout_r[J]	cmt_dcause[I]
41	-0.9402	u_e203_cpu.u_e203_core.u_e203_exu.u_e203_exu_regfile.regfile[I].rfno0.rf_dffl.qout_r[J]	cmt_dcause_ena
42	-0.9342	u_e203_cpu.u_e203_core.u_e203_ifu.u_e203_ifu_ifetch.ifu_lo_ir_dfflr.qout_r[I]	cmt_dpc_ena
43	-0.9323	u_e203_cpu.u_e203_core.u_e203_ifu.u_e203_ifu_ifetch.ir_rs1idx_dfflr.qout_r[I]	cmt_dcause[I]
44	-0.9315	u_e203_cpu.u_e203_core.u_e203_ifu.u_e203_ifu_ifetch.ifu_hi_ir_dfflr.qout_r[I]	cmt_dpc_ena
45	-0.9185	u_e203_cpu.u_e203_core.u_e203_exu.u_e203_exu_regfile.regfile[I].rfno0.rf_dffl.qout_r[J]	core_wfi
46	-0.9101	u_e203_cpu.u_e203_core.u_e203_ifu.u_e203_ifu_ifetch.ir_rs1idx_dfflr.qout_r[I]	core_wfi
47	-0.8745	u_e203_cpu.u_e203_core.u_e203_exu.u_e203_exu_regfile.regfile[I].rfno0.rf_dffl.qout_r[J]	cmt_dpc_ena
48	-0.8662	u_e203_cpu.u_e203_core.u_e203_ifu.u_e203_ifu_ifetch.ir_rs1idx_dfflr.qout_r[I]	cmt_dpc_ena
49	-0.8266	u_e203_cpu.u_e203_core.u_e203_lsu.u_e203_lsu_ctrl.u_e203_lsu_splt_stage.dp_gt_0.vld_dfflr.qout_r	ext2itcm_icb_cmd_ready
50	-0.8136	u_e203_cpu.u_e203_core.u_e203_lsu.u_e203_lsu_ctrl.u_e203_lsu_splt_stage.dp_gt_0.vld_dfflr.qout_r	ext2dtcm_icb_cmd_ready
51	-0.8037	u_e203_cpu.u_e203_core.u_e203_exu.u_e203_exu_oitf.depth_gt1.ret_ptr_flg_dfflrs.qout_r	ext2itcm_icb_cmd_ready
52	-0.8030	u_e203_cpu.u_e203_core.u_e203_exu.u_e203_exu_oitf.depth_gt1.alc_ptr_flg_dfflrs.qout_r	ext2itcm_icb_cmd_ready
53	-0.7950	u_e203_cpu.u_e203_core.u_e203_exu.u_e203_exu_oitf.depth_gt1.ret_ptr_dfflrs.qout_r	ext2itcm_icb_cmd_ready
54	-0.7907	u_e203_cpu.u_e203_core.u_e203_exu.u_e203_exu_oitf.depth_gt1.ret_ptr_flg_dfflrs.qout_r	ext2dtcm_icb_cmd_ready
55	-0.7899	u_e203_cpu.u_e203_core.u_e203_exu.u_e203_exu_oitf.depth_gt1.alc_ptr_flg_dfflrs.qout_r	ext2dtcm_icb_cmd_ready
56	-0.7849	u_e203_cpu.u_e203_core.u_e203_lsu.u_e203_lsu_ctrl.u_e203_lsu_splt_stage.dp_gt_0.dat_dfflr.qout_r[I]	ext2itcm_icb_cmd_ready
57	-0.7828	u_e203_cpu.u_e203_core.u_e203_exu.u_e203_exu_csr.mie_dfflr.qout_r[I]	ext2itcm_icb_cmd_ready
58	-0.7820	u_e203_cpu.u_e203_core.u_e203_exu.u_e203_exu_oitf.depth_gt1.ret_ptr_dfflrs.qout_r	ext2dtcm_icb_cmd_ready
59	-0.7734	u_e203_cpu.u_e203_irq_sync.master_gen.u_tmr_irq_sync.sync_gen[I].i_is_not_0.sync_dffr.qout_r	ext2itcm_icb_cmd_ready
60	-0.7721	u_e203_cpu.u_e203_core.u_e203_lsu.u_e203_lsu_ctrl.u_e203_lsu_splt_stage.dp_gt_0.vld_dfflr.qout_r	cmt_dcause_ena
61	-0.7719	u_e203_cpu.u_e203_core.u_e203_lsu.u_e203_lsu_ctrl.u_e203_lsu_splt_stage.dp_gt_0.dat_dfflr.qout_r[I]	ext2dtcm_icb_cmd_ready
62	-0.7712	u_e203_cpu.u_e203_core.u_e203_lsu.u_e203_lsu_ctrl.u_e203_lsu_splt_stage.dp_gt_0.vld_dfflr.qout_r	cmt_dcause[I]
63	-0.7698	u_e203_cpu.u_e203_core.u_e203_exu.u_e203_exu_csr.mie_dfflr.qout_r[I]	ext2dtcm_icb_cmd_ready
64	-0.7604	u_e203_cpu.u_e203_irq_sync.master_gen.u_tmr_irq_sync.sync_gen[I].i_is_not_0.sync_dffr.qout_r	ext2dtcm_icb_cmd_ready
65	-0.7579	u_e203_cpu.u_e203_irq_sync.master_gen.u_sft_irq_sync.sync_gen[I].i_is_not_0.sync_dffr.qout_r	ext2itcm_icb_cmd_ready
66	-0.7577	u_e203_cpu.u_e203_core.u_e203_lsu.u_e203_lsu_ctrl.u_lsu_icb_arbt.arbt_num_gt_1_gen.dp_1.u_sirv_gnrl_rspid_fifo.dp_gt_0.vld_dfflr.qout_r	ext2itcm_icb_cmd_ready
67	-0.7492	u_e203_cpu.u_e203_core.u_e203_exu.u_e203_exu_oitf.depth_gt1.ret_ptr_flg_dfflrs.qout_r	cmt_dcause_ena
68	-0.7485	u_e203_cpu.u_e203_core.u_e203_exu.u_e203_exu_oitf.depth_gt1.alc_ptr_flg_dfflrs.qout_r	cmt_dcause_ena
69	-0.7483	u_e203_cpu.u_e203_core.u_e203_exu.u_e203_exu_oitf.depth_gt1.ret_ptr_flg_dfflrs.qout_r	cmt_dcause[I]
70	-0.7475	u_e203_cpu.u_e203_core.u_e203_exu.u_e203_exu_oitf.depth_gt1.alc_ptr_flg_dfflrs.qout_r	cmt_dcause[I]
71	-0.7448	u_e203_cpu.u_e203_irq_sync.master_gen.u_sft_irq_sync.sync_gen[I].i_is_not_0.sync_dffr.qout_r	ext2dtcm_icb_cmd_ready
72	-0.7447	u_e203_cpu.u_e203_core.u_e203_lsu.u_e203_lsu_ctrl.u_lsu_icb_arbt.arbt_num_gt_1_gen.dp_1.u_sirv_gnrl_rspid_fifo.dp_gt_0.vld_dfflr.qout_r	ext2dtcm_icb_cmd_ready
73	-0.7442	u_e203_cpu.u_e203_core.u_e203_lsu.u_e203_lsu_ctrl.u_e203_lsu_splt_stage.dp_gt_0.vld_dfflr.qout_r	core_wfi
74	-0.7413	u_e203_cpu.u_e203_irq_sync.master_gen.u_ext_irq_sync.sync_gen[I].i_is_not_0.sync_dffr.qout_r	ext2itcm_icb_cmd_ready
75	-0.7405	u_e203_cpu.u_e203_core.u_e203_exu.u_e203_exu_oitf.depth_gt1.ret_ptr_dfflrs.qout_r	cmt_dcause_ena
76	-0.7396	u_e203_cpu.u_e203_core.u_e203_exu.u_e203_exu_oitf.depth_gt1.ret_ptr_dfflrs.qout_r	cmt_dcause[I]
77	-0.7390	u_e203_cpu.u_e203_core.u_e203_exu.u_e203_exu_oitf.depth_gt1.alc_ptr_dfflrs.qout_r	ext2itcm_icb_cmd_ready
78	-0.7374	u_e203_cpu.u_e203_core.u_e203_biu.u_biu_icb_arbt.arbt_num_gt_1_gen.dp_1.u_sirv_gnrl_rspid_fifo.dp_gt_0.dat_dfflr.qout_r	ext2itcm_icb_cmd_ready
79	-0.7328	u_e203_cpu.u_e203_core.u_e203_lsu.u_e203_lsu_ctrl.u_e203_lsu_splt_stage.dp_gt_0.dat_dfflr.qout_r[I]	cmt_dcause_ena
80	-0.7328	u_e203_cpu.u_e203_core.u_e203_biu.u_biu_icb_arbt.arbt_num_gt_1_gen.dp_1.u_sirv_gnrl_rspid_fifo.dp_gt_0.vld_dfflr.qout_r	ext2itcm_icb_cmd_ready
81	-0.7307	u_e203_cpu.u_e203_core.u_e203_exu.u_e203_exu_csr.mie_dfflr.qout_r[I]	cmt_dcause_ena
82	-0.7282	u_e203_cpu.u_e203_irq_sync.master_gen.u_ext_irq_sync.sync_gen[I].i_is_not_0.sync_dffr.qout_r	ext2dtcm_icb_cmd_ready
83	-0.7275	u_e203_cpu.u_e203_core.u_e203_lsu.u_e203_lsu_ctrl.u_e203_lsu_splt_stage.dp_gt_0.dat_dfflr.qout_r[I]	cmt_dcause[I]
84	-0.7264	u_e203_cpu.u_e203_core.u_e203_exu.u_e203_exu_alu.u_e203_exu_alu_lsuagu.icb_state_dfflr.qout_r[I]	ext2itcm_icb_cmd_ready
85	-0.7260	u_e203_cpu.u_e203_core.u_e203_exu.u_e203_exu_oitf.depth_gt1.alc_ptr_dfflrs.qout_r	ext2dtcm_icb_cmd_ready
86	-0.7258	u_e203_cpu.u_e203_core.u_e203_lsu.u_e203_lsu_ctrl.u_lsu_icb_arbt.arbt_num_gt_1_gen.dp_1.u_sirv_gnrl_rspid_fifo.dp_gt_0.dat_dfflr.qout_r	ext2itcm_icb_cmd_ready
87	-0.7245	u_e203_cpu.u_e203_core.u_e203_biu.u_sirv_gnrl_icb_buffer.u_sirv_gnrl_rsp_fifo.dp_gt0.vec_31_dfflr.qout_r	ext2itcm_icb_cmd_ready
88	-0.7243	u_e203_cpu.u_e203_core.u_e203_biu.u_biu_icb_arbt.arbt_num_gt_1_gen.dp_1.u_sirv_gnrl_rspid_fifo.dp_gt_0.dat_dfflr.qout_r	ext2dtcm_icb_cmd_ready
89	-0.7213	u_e203_cpu.u_e203_core.u_e203_exu.u_e203_exu_oitf.depth_gt1.ret_ptr_flg_dfflrs.qout_r	core_wfi
90	-0.7213	u_e203_cpu.u_e203_irq_sync.master_gen.u_tmr_irq_sync.sync_gen[I].i_is_not_0.sync_dffr.qout_r	cmt_dcause_ena
91	-0.7205	u_e203_cpu.u_e203_core.u_e203_exu.u_e203_exu_oitf.depth_gt1.alc_ptr_flg_dfflrs.qout_r	core_wfi
92	-0.7197	u_e203_cpu.u_e203_core.u_e203_biu.u_biu_icb_arbt.arbt_num_gt_1_gen.dp_1.u_sirv_gnrl_rspid_fifo.dp_gt_0.vld_dfflr.qout_r	ext2dtcm_icb_cmd_ready
93	-0.7170	u_e203_cpu.u_e203_core.u_e203_exu.u_e203_exu_csr.mie_dfflr.qout_r[I]	cmt_dcause[I]
94	-0.7133	u_e203_cpu.u_e203_core.u_e203_exu.u_e203_exu_alu.u_e203_exu_alu_lsuagu.icb_state_dfflr.qout_r[I]	ext2dtcm_icb_cmd_ready
95	-0.7127	u_e203_cpu.u_e203_core.u_e203_lsu.u_e203_lsu_ctrl.u_lsu_icb_arbt.arbt_num_gt_1_gen.dp_1.u_sirv_gnrl_rspid_fifo.dp_gt_0.dat_dfflr.qout_r	ext2dtcm_icb_cmd_ready
96	-0.7126	u_e203_cpu.u_e203_core.u_e203_exu.u_e203_exu_oitf.depth_gt1.ret_ptr_dfflrs.qout_r	core_wfi
97	-0.7114	u_e203_cpu.u_e203_core.u_e203_biu.u_sirv_gnrl_icb_buffer.u_sirv_gnrl_rsp_fifo.dp_gt0.vec_31_dfflr.qout_r	ext2dtcm_icb_cmd_ready
98	-0.7076	u_e203_cpu.u_e203_irq_sync.master_gen.u_tmr_irq_sync.sync_gen[I].i_is_not_0.sync_dffr.qout_r	cmt_dcause[I]
99	-0.7057	u_e203_cpu.u_e203_irq_sync.master_gen.u_sft_irq_sync.sync_gen[I].i_is_not_0.sync_dffr.qout_r	cmt_dcause_ena
100	-0.7046	u_e203_cpu.u_e203_itcm_ctrl.u_sram_icb_ctrl.u_sirv_1cyc_sram_ctrl.u_e1_stage.dp_gt_0.vld_dfflr.qout_r	ext2itcm_icb_cmd_ready
