# stage	6_final
# top_module	jpeg_encoder
# top_n	100
# rank	worst_slack_ns	start	end
1	-0.4036	fdct_zigzag.dct_mod.ddin[I]	fdct_zigzag.dct_mod.dct_block_3.dct_unit_6.macu.mult_res[I]
2	-0.4013	fdct_zigzag.dct_mod.ddin[I]	fdct_zigzag.dct_mod.dct_block_3.dct_unit_4.macu.mult_res[I]
3	-0.3997	fdct_zigzag.dct_mod.ddin[I]	fdct_zigzag.dct_mod.dct_block_3.dct_unit_2.macu.mult_res[I]
4	-0.3983	fdct_zigzag.dct_mod.ddin[I]	fdct_zigzag.dct_mod.dct_block_1.dct_unit_6.macu.mult_res[I]
5	-0.3982	fdct_zigzag.dct_mod.ddin[I]	fdct_zigzag.dct_mod.dct_block_7.dct_unit_4.macu.mult_res[I]
6	-0.3977	fdct_zigzag.dct_mod.ddin[I]	fdct_zigzag.dct_mod.dct_block_6.dct_unit_0.macu.mult_res[I]
7	-0.3971	fdct_zigzag.dct_mod.ddin[I]	fdct_zigzag.dct_mod.dct_block_0.dct_unit_5.macu.mult_res[I]
8	-0.3970	fdct_zigzag.dct_mod.ddin[I]	fdct_zigzag.dct_mod.dct_block_5.dct_unit_3.macu.mult_res[I]
9	-0.3968	fdct_zigzag.dct_mod.ddin[I]	fdct_zigzag.dct_mod.dct_block_5.dct_unit_4.macu.mult_res[I]
10	-0.3955	fdct_zigzag.dct_mod.ddin[I]	fdct_zigzag.dct_mod.dct_block_5.dct_unit_6.macu.mult_res[I]
11	-0.3948	fdct_zigzag.dct_mod.ddin[I]	fdct_zigzag.dct_mod.dct_block_7.dct_unit_2.macu.mult_res[I]
12	-0.3948	fdct_zigzag.dct_mod.ddin[I]	fdct_zigzag.dct_mod.dct_block_4.dct_unit_3.macu.mult_res[I]
13	-0.3948	fdct_zigzag.dct_mod.ddin[I]	fdct_zigzag.dct_mod.dct_block_4.dct_unit_5.macu.mult_res[I]
14	-0.3948	fdct_zigzag.dct_mod.ddin[I]	fdct_zigzag.dct_mod.dct_block_0.dct_unit_6.macu.mult_res[I]
15	-0.3947	fdct_zigzag.dct_mod.ddin[I]	fdct_zigzag.dct_mod.dct_block_4.dct_unit_2.macu.mult_res[I]
16	-0.3945	fdct_zigzag.dct_mod.ddin[I]	fdct_zigzag.dct_mod.dct_block_7.dct_unit_6.macu.mult_res[I]
17	-0.3937	fdct_zigzag.dct_mod.ddin[I]	fdct_zigzag.dct_mod.dct_block_2.dct_unit_2.macu.mult_res[I]
18	-0.3933	fdct_zigzag.dct_mod.ddin[I]	fdct_zigzag.dct_mod.dct_block_0.dct_unit_1.macu.mult_res[I]
19	-0.3908	fdct_zigzag.dct_mod.ddin[I]	fdct_zigzag.dct_mod.dct_block_2.dct_unit_7.macu.mult_res[I]
20	-0.3905	fdct_zigzag.dct_mod.ddin[I]	fdct_zigzag.dct_mod.dct_block_1.dct_unit_5.macu.mult_res[I]
21	-0.3902	fdct_zigzag.dct_mod.ddin[I]	fdct_zigzag.dct_mod.dct_block_1.dct_unit_0.macu.mult_res[I]
22	-0.3882	fdct_zigzag.dct_mod.ddin[I]	fdct_zigzag.dct_mod.dct_block_0.dct_unit_3.macu.mult_res[I]
23	-0.3873	fdct_zigzag.dct_mod.ddin[I]	fdct_zigzag.dct_mod.dct_block_0.dct_unit_7.macu.mult_res[I]
24	-0.3871	fdct_zigzag.dct_mod.ddin[I]	fdct_zigzag.dct_mod.dct_block_3.dct_unit_5.macu.mult_res[I]
25	-0.3866	fdct_zigzag.dct_mod.ddin[I]	fdct_zigzag.dct_mod.dct_block_1.dct_unit_4.macu.mult_res[I]
26	-0.3860	fdct_zigzag.dct_mod.ddin[I]	fdct_zigzag.dct_mod.dct_block_7.dct_unit_0.macu.mult_res[I]
27	-0.3857	fdct_zigzag.dct_mod.ddin[I]	fdct_zigzag.dct_mod.dct_block_6.dct_unit_3.macu.mult_res[I]
28	-0.3844	fdct_zigzag.dct_mod.ddin[I]	fdct_zigzag.dct_mod.dct_block_1.dct_unit_7.macu.mult_res[I]
29	-0.3843	fdct_zigzag.dct_mod.ddin[I]	fdct_zigzag.dct_mod.dct_block_4.dct_unit_4.macu.mult_res[I]
30	-0.3836	fdct_zigzag.dct_mod.ddin[I]	fdct_zigzag.dct_mod.dct_block_6.dct_unit_7.macu.mult_res[I]
31	-0.3833	fdct_zigzag.dct_mod.ddin[I]	fdct_zigzag.dct_mod.dct_block_6.dct_unit_5.macu.mult_res[I]
32	-0.3826	fdct_zigzag.dct_mod.ddin[I]	fdct_zigzag.dct_mod.dct_block_0.dct_unit_2.macu.mult_res[I]
33	-0.3825	fdct_zigzag.dct_mod.ddin[I]	fdct_zigzag.dct_mod.dct_block_5.dct_unit_0.macu.mult_res[I]
34	-0.3824	fdct_zigzag.dct_mod.ddin[I]	fdct_zigzag.dct_mod.dct_block_2.dct_unit_0.macu.mult_res[I]
35	-0.3815	fdct_zigzag.dct_mod.ddin[I]	fdct_zigzag.dct_mod.dct_block_2.dct_unit_3.macu.mult_res[I]
36	-0.3812	fdct_zigzag.dct_mod.ddin[I]	fdct_zigzag.dct_mod.dct_block_6.dct_unit_1.macu.mult_res[I]
37	-0.3810	fdct_zigzag.dct_mod.ddin[I]	fdct_zigzag.dct_mod.dct_block_6.dct_unit_2.macu.mult_res[I]
38	-0.3810	fdct_zigzag.dct_mod.ddin[I]	fdct_zigzag.dct_mod.dct_block_2.dct_unit_1.macu.mult_res[I]
39	-0.3809	fdct_zigzag.dct_mod.ddin[I]	fdct_zigzag.dct_mod.dct_block_5.dct_unit_5.macu.mult_res[I]
40	-0.3802	fdct_zigzag.dct_mod.ddin[I]	fdct_zigzag.dct_mod.dct_block_4.dct_unit_6.macu.mult_res[I]
41	-0.3787	fdct_zigzag.dct_mod.ddin[I]	fdct_zigzag.dct_mod.dct_block_7.dct_unit_7.macu.mult_res[I]
42	-0.3786	fdct_zigzag.dct_mod.ddin[I]	fdct_zigzag.dct_mod.dct_block_6.dct_unit_4.macu.mult_res[I]
43	-0.3783	fdct_zigzag.dct_mod.ddin[I]	fdct_zigzag.dct_mod.dct_block_7.dct_unit_3.macu.mult_res[I]
44	-0.3781	fdct_zigzag.dct_mod.ddin[I]	fdct_zigzag.dct_mod.dct_block_1.dct_unit_1.macu.mult_res[I]
45	-0.3776	fdct_zigzag.dct_mod.ddin[I]	fdct_zigzag.dct_mod.dct_block_4.dct_unit_7.macu.mult_res[I]
46	-0.3775	fdct_zigzag.dct_mod.ddin[I]	fdct_zigzag.dct_mod.dct_block_1.dct_unit_2.macu.mult_res[I]
47	-0.3771	fdct_zigzag.dct_mod.ddin[I]	fdct_zigzag.dct_mod.dct_block_2.dct_unit_6.macu.mult_res[I]
48	-0.3760	fdct_zigzag.dct_mod.ddin[I]	fdct_zigzag.dct_mod.dct_block_2.dct_unit_4.macu.mult_res[I]
49	-0.3760	fdct_zigzag.dct_mod.ddin[I]	fdct_zigzag.dct_mod.dct_block_6.dct_unit_6.macu.mult_res[I]
50	-0.3757	fdct_zigzag.dct_mod.ddin[I]	fdct_zigzag.dct_mod.dct_block_2.dct_unit_5.macu.mult_res[I]
51	-0.3752	fdct_zigzag.dct_mod.ddin[I]	fdct_zigzag.dct_mod.dct_block_5.dct_unit_2.macu.mult_res[I]
52	-0.3746	fdct_zigzag.dct_mod.ddin[I]	fdct_zigzag.dct_mod.dct_block_3.dct_unit_1.macu.mult_res[I]
53	-0.3722	fdct_zigzag.dct_mod.ddin[I]	fdct_zigzag.dct_mod.dct_block_1.dct_unit_3.macu.mult_res[I]
54	-0.3711	fdct_zigzag.dct_mod.ddin[I]	fdct_zigzag.dct_mod.dct_block_7.dct_unit_5.macu.mult_res[I]
55	-0.3711	fdct_zigzag.dct_mod.ddin[I]	fdct_zigzag.dct_mod.dct_block_4.dct_unit_1.macu.mult_res[I]
56	-0.3662	fdct_zigzag.dct_mod.ddin[I]	fdct_zigzag.dct_mod.dct_block_3.dct_unit_3.macu.mult_res[I]
57	-0.3649	fdct_zigzag.dct_mod.ddin[I]	fdct_zigzag.dct_mod.dct_block_3.dct_unit_7.macu.mult_res[I]
58	-0.3628	fdct_zigzag.dct_mod.ddin[I]	fdct_zigzag.dct_mod.dct_block_7.dct_unit_1.macu.mult_res[I]
59	-0.3616	fdct_zigzag.dct_mod.ddin[I]	fdct_zigzag.dct_mod.dct_block_3.dct_unit_0.macu.mult_res[I]
60	-0.3576	fdct_zigzag.dct_mod.ddin[I]	fdct_zigzag.dct_mod.dct_block_5.dct_unit_7.macu.mult_res[I]
61	-0.3537	fdct_zigzag.dct_mod.ddin[I]	fdct_zigzag.dct_mod.dct_block_5.dct_unit_1.macu.mult_res[I]
62	-0.3465	fdct_zigzag.dct_mod.ddin[I]	fdct_zigzag.dct_mod.dct_block_4.dct_unit_0.macu.mult_res[I]
63	-0.3401	fdct_zigzag.dct_mod.ddin[I]	fdct_zigzag.dct_mod.dct_block_0.dct_unit_4.macu.mult_res[I]
64	-0.2951	fdct_zigzag.dct_mod.dct_block_1.dct_unit_1.coef[I]	fdct_zigzag.dct_mod.dct_block_5.dct_unit_5.macu.mult_res[I]
65	-0.2885	fdct_zigzag.dct_mod.dct_block_5.dct_unit_3.coef[I]	fdct_zigzag.dct_mod.dct_block_5.dct_unit_3.macu.mult_res[I]
66	-0.2862	fdct_zigzag.dct_mod.dct_block_2.dct_unit_0.coef[I]	fdct_zigzag.dct_mod.dct_block_6.dct_unit_0.macu.mult_res[I]
67	-0.2836	fdct_zigzag.dct_mod.dct_block_0.dct_unit_2.coef[I]	fdct_zigzag.dct_mod.dct_block_0.dct_unit_6.macu.mult_res[I]
68	-0.2821	fdct_zigzag.dct_mod.dct_block_2.dct_unit_3.coef[I]	fdct_zigzag.dct_mod.dct_block_6.dct_unit_5.macu.mult_res[I]
69	-0.2818	fdct_zigzag.dct_mod.dct_block_3.dct_unit_3.coef[I]	fdct_zigzag.dct_mod.dct_block_3.dct_unit_3.macu.mult_res[I]
70	-0.2811	fdct_zigzag.dct_mod.dct_block_3.dct_unit_3.coef[I]	fdct_zigzag.dct_mod.dct_block_7.dct_unit_7.macu.mult_res[I]
71	-0.2806	fdct_zigzag.dct_mod.dct_block_2.dct_unit_2.coef[I]	fdct_zigzag.dct_mod.dct_block_2.dct_unit_2.macu.mult_res[I]
72	-0.2802	fdct_zigzag.dct_mod.dct_block_5.dct_unit_3.coef[I]	fdct_zigzag.dct_mod.dct_block_7.dct_unit_1.macu.mult_res[I]
73	-0.2792	fdct_zigzag.dct_mod.dct_block_2.dct_unit_5.coef[I]	fdct_zigzag.dct_mod.dct_block_6.dct_unit_7.macu.mult_res[I]
74	-0.2791	fdct_zigzag.dct_mod.dct_block_4.dct_unit_1.coef[I]	fdct_zigzag.dct_mod.dct_block_4.dct_unit_3.macu.mult_res[I]
75	-0.2789	fdct_zigzag.dct_mod.dct_block_5.dct_unit_0.coef[I]	fdct_zigzag.dct_mod.dct_block_1.dct_unit_0.macu.mult_res[I]
76	-0.2744	fdct_zigzag.dct_mod.dct_block_2.dct_unit_1.coef[I]	fdct_zigzag.dct_mod.dct_block_6.dct_unit_3.macu.mult_res[I]
77	-0.2735	fdct_zigzag.dct_mod.dct_block_3.dct_unit_5.coef[I]	fdct_zigzag.dct_mod.dct_block_3.dct_unit_5.macu.mult_res[I]
78	-0.2732	fdct_zigzag.dct_mod.dct_block_4.dct_unit_2.coef[I]	fdct_zigzag.dct_mod.dct_block_4.dct_unit_2.macu.mult_res[I]
79	-0.2732	fdct_zigzag.dct_mod.dct_block_0.dct_unit_1.coef[I]	fdct_zigzag.dct_mod.dct_block_0.dct_unit_5.macu.mult_res[I]
80	-0.2731	fdct_zigzag.dct_mod.dct_block_2.dct_unit_0.coef[I]	fdct_zigzag.dct_mod.dct_block_2.dct_unit_0.macu.mult_res[I]
81	-0.2730	fdct_zigzag.dct_mod.dct_block_0.dct_unit_2.coef[I]	fdct_zigzag.dct_mod.dct_block_0.dct_unit_2.macu.mult_res[I]
82	-0.2718	fdct_zigzag.dct_mod.dct_block_0.dct_unit_1.coef[I]	fdct_zigzag.dct_mod.dct_block_0.dct_unit_7.macu.mult_res[I]
83	-0.2717	fdct_zigzag.dct_mod.dct_block_2.dct_unit_3.coef[I]	fdct_zigzag.dct_mod.dct_block_2.dct_unit_3.macu.mult_res[I]
84	-0.2704	fdct_zigzag.dct_mod.dct_block_1.dct_unit_1.coef[I]	fdct_zigzag.dct_mod.dct_block_1.dct_unit_1.macu.mult_res[I]
85	-0.2704	fdct_zigzag.dct_mod.dct_block_2.dct_unit_1.coef[I]	fdct_zigzag.dct_mod.dct_block_2.dct_unit_7.macu.mult_res[I]
86	-0.2698	fdct_zigzag.dct_mod.dct_block_4.dct_unit_1.coef[I]	fdct_zigzag.dct_mod.dct_block_4.dct_unit_7.macu.mult_res[I]
87	-0.2698	fdct_zigzag.dct_mod.dct_block_2.dct_unit_5.coef[I]	fdct_zigzag.dct_mod.dct_block_2.dct_unit_5.macu.mult_res[I]
88	-0.2694	fdct_zigzag.dct_mod.dct_block_4.dct_unit_1.coef[I]	fdct_zigzag.dct_mod.dct_block_4.dct_unit_5.macu.mult_res[I]
89	-0.2692	fdct_zigzag.dct_mod.dct_block_5.dct_unit_0.coef[I]	fdct_zigzag.dct_mod.dct_block_5.dct_unit_0.macu.mult_res[I]
90	-0.2684	fdct_zigzag.dct_mod.dct_block_1.dct_unit_3.coef[I]	fdct_zigzag.dct_mod.dct_block_1.dct_unit_3.macu.mult_res[I]
91	-0.2675	fdct_zigzag.dct_mod.dct_block_4.dct_unit_1.coef[I]	fdct_zigzag.dct_mod.dct_block_4.dct_unit_1.macu.mult_res[I]
92	-0.2662	fdct_zigzag.dct_mod.dct_block_4.dct_unit_2.coef[I]	fdct_zigzag.dct_mod.dct_block_4.dct_unit_6.macu.mult_res[I]
93	-0.2662	fdct_zigzag.dct_mod.dct_block_1.dct_unit_6.coef[I]	fdct_zigzag.dct_mod.dct_block_1.dct_unit_6.macu.mult_res[I]
94	-0.2657	fdct_zigzag.dct_mod.dct_block_2.dct_unit_4.coef[I]	fdct_zigzag.dct_mod.dct_block_6.dct_unit_4.macu.mult_res[I]
95	-0.2655	fdct_zigzag.dct_mod.dct_block_2.dct_unit_1.coef[I]	fdct_zigzag.dct_mod.dct_block_2.dct_unit_1.macu.mult_res[I]
96	-0.2649	fdct_zigzag.dct_mod.dct_block_1.dct_unit_3.coef[I]	fdct_zigzag.dct_mod.dct_block_3.dct_unit_7.macu.mult_res[I]
97	-0.2645	fdct_zigzag.dct_mod.dct_block_1.dct_unit_5.coef[I]	fdct_zigzag.dct_mod.dct_block_3.dct_unit_1.macu.mult_res[I]
98	-0.2640	fdct_zigzag.dct_mod.dct_block_3.dct_unit_1.coef[I]	fdct_zigzag.dct_mod.dct_block_3.dct_unit_1.macu.mult_res[I]
99	-0.2635	fdct_zigzag.dct_mod.dct_block_3.dct_unit_1.coef[I]	fdct_zigzag.dct_mod.dct_block_7.dct_unit_3.macu.mult_res[I]
100	-0.2626	fdct_zigzag.dct_mod.dct_block_1.dct_unit_2.coef[I]	fdct_zigzag.dct_mod.dct_block_7.dct_unit_2.macu.mult_res[I]
