# stage	6_final
# top_module	RsDecodeTop
# top_n	100
# rank	worst_slack_ns	start	end
1	-0.3709	lambdaReg2_10[I]	degreeLambdaReg[I]
2	-0.3699	lambdaReg2_8[I]	degreeLambdaReg[I]
3	-0.3649	omegaShiftedReg_11[I]	degreeOmegaReg[I]
4	-0.3646	omegaShiftedReg_15[I]	degreeOmegaReg[I]
5	-0.3631	lambdaReg2_12[I]	degreeLambdaReg[I]
6	-0.3561	omegaShiftedReg_9[I]	degreeOmegaReg[I]
7	-0.3535	lambdaReg2_11[I]	degreeLambdaReg[I]
8	-0.3500	omegaShiftedReg_13[I]	degreeOmegaReg[I]
9	-0.3448	omegaShiftedReg_8[I]	degreeOmegaReg[I]
10	-0.3440	omegaShiftedReg_10[I]	degreeOmegaReg[I]
11	-0.3408	omegaShiftedReg_14[I]	degreeOmegaReg[I]
12	-0.3382	lambdaReg2_5[I]	degreeLambdaReg[I]
13	-0.3293	lambdaReg2_15[I]	degreeLambdaReg[I]
14	-0.3273	lambdaReg2_9[I]	degreeLambdaReg[I]
15	-0.3254	lambdaReg2_13[I]	degreeLambdaReg[I]
16	-0.3242	lambdaReg2_4[I]	degreeLambdaReg[I]
17	-0.3239	omegaShiftedReg_12[I]	degreeOmegaReg[I]
18	-0.3235	lambdaReg2_14[I]	degreeLambdaReg[I]
19	-0.3224	omegaShiftedReg_5[I]	degreeOmegaReg[I]
20	-0.3221	lambdaReg2_7[I]	degreeLambdaReg[I]
21	-0.3201	omegaShiftedReg_4[I]	degreeOmegaReg[I]
22	-0.3155	omegaShiftedReg_7[I]	degreeOmegaReg[I]
23	-0.2967	lambdaReg2_6[I]	degreeLambdaReg[I]
24	-0.2859	omegaShiftedReg_6[I]	degreeOmegaReg[I]
25	-0.2044	omegaShiftedReg_3[I]	degreeOmegaReg[I]
26	-0.1949	lambdaReg2_3[I]	degreeLambdaReg[I]
27	-0.1804	lambdaReg2_2[I]	degreeLambdaReg[I]
28	-0.1804	lambdaReg2_19[I]	degreeLambdaReg[I]
29	-0.1698	omegaShiftedReg_2[I]	degreeOmegaReg[I]
30	-0.1695	omegaShiftedReg_19[I]	degreeOmegaReg[I]
31	-0.1627	omegaShiftedReg_18[I]	degreeOmegaReg[I]
32	-0.1598	lambdaReg2_1[I]	degreeLambdaReg[I]
33	-0.1581	omegaShiftedReg_16[I]	degreeOmegaReg[I]
34	-0.1554	lambdaReg2_21[I]	degreeLambdaReg[I]
35	-0.1552	omegaShiftedReg_17[I]	degreeOmegaReg[I]
36	-0.1547	lambdaReg2_16[I]	degreeLambdaReg[I]
37	-0.1506	lambdaReg2_17[I]	degreeLambdaReg[I]
38	-0.1482	omegaShiftedReg_1[I]	degreeOmegaReg[I]
39	-0.1354	lambdaReg2_18[I]	degreeLambdaReg[I]
40	-0.0795	omegaShiftedReg_21[I]	degreeOmegaReg[I]
41	-0.0534	RsDecodeDelay.RsDecodeDpRam.rRdAddr[I]	RsDecodeDelay.RsDecodeDpRam.q[I]
42	-0.0486	RsDecodeSyndrome.count[I]	RsDecodePolymul.sumReg_13[I]
43	-0.0471	RsDecodeSyndrome.count[I]	RsDecodePolymul.sumReg_11[I]
44	-0.0454	RsDecodeSyndrome.count[I]	RsDecodePolymul.sumReg_9[I]
45	-0.0405	RsDecodeSyndrome.count[I]	RsDecodePolymul.sumReg_10[I]
46	-0.0405	RsDecodeSyndrome.count[I]	RsDecodePolymul.sumReg_7[I]
47	-0.0393	RsDecodeSyndrome.count[I]	RsDecodePolymul.sumReg_5[I]
48	-0.0387	RsDecodeSyndrome.count[I]	RsDecodePolymul.sumReg_20[I]
49	-0.0382	RsDecodeSyndrome.count[I]	RsDecodePolymul.sumReg_6[I]
50	-0.0357	RsDecodeSyndrome.count[I]	RsDecodePolymul.sumReg_17[I]
51	-0.0352	RsDecodeSyndrome.count[I]	RsDecodePolymul.sumReg_16[I]
52	-0.0343	RsDecodeSyndrome.count[I]	RsDecodePolymul.sumReg_0[I]
53	-0.0334	RsDecodeSyndrome.count[I]	RsDecodePolymul.sumReg_19[I]
54	-0.0331	RsDecodeSyndrome.count[I]	RsDecodePolymul.sumReg_14[I]
55	-0.0322	RsDecodeSyndrome.count[I]	RsDecodePolymul.sumReg_3[I]
56	-0.0312	RsDecodeSyndrome.count[I]	RsDecodePolymul.sumReg_1[I]
57	-0.0305	RsDecodeSyndrome.count[I]	RsDecodePolymul.sumReg_4[I]
58	-0.0305	RsDecodeSyndrome.count[I]	RsDecodePolymul.sumReg_12[I]
59	-0.0293	RsDecodeSyndrome.count[I]	RsDecodePolymul.sumReg_2[I]
60	-0.0286	RsDecodeSyndrome.count[I]	RsDecodePolymul.sumReg_8[I]
61	-0.0259	RsDecodeSyndrome.count[I]	RsDecodePolymul.sumReg_21[I]
62	-0.0247	RsDecodeSyndrome.count[I]	RsDecodePolymul.sumReg_15[I]
63	-0.0226	RsDecodeSyndrome.count[I]	RsDecodePolymul.sumReg_18[I]
64	0.0017	RsDecodeChien.lambdaReg_17[I]	RsDecodeChien.numErrorReg[I]
65	0.0022	RsDecodeChien.lambdaReg_17[I]	RsDecodeChien.numErrorReg2[I]
66	0.0031	RsDecodeChien.lambdaReg_5[I]	RsDecodeChien.numErrorReg[I]
67	0.0037	RsDecodeChien.lambdaReg_5[I]	RsDecodeChien.numErrorReg2[I]
68	0.0049	omegaShiftedReg_20[I]	degreeOmegaReg[I]
69	0.0069	RsDecodeChien.lambdaReg_6[I]	RsDecodeChien.numErrorReg[I]
70	0.0074	RsDecodeChien.lambdaReg_9[I]	RsDecodeChien.numErrorReg[I]
71	0.0074	RsDecodeChien.lambdaReg_6[I]	RsDecodeChien.numErrorReg2[I]
72	0.0075	RsDecodeChien.lambdaReg_4[I]	RsDecodeChien.numErrorReg[I]
73	0.0080	RsDecodeChien.lambdaReg_9[I]	RsDecodeChien.numErrorReg2[I]
74	0.0080	RsDecodeChien.lambdaReg_4[I]	RsDecodeChien.numErrorReg2[I]
75	0.0088	RsDecodeEuclide.qNewReg[I]	RsDecodeEuclide.lambdaXorReg_5[I]
76	0.0096	RsDecodeEuclide.qNewReg[I]	RsDecodeEuclide.lambdaXorReg_12[I]
77	0.0106	RsDecodeEuclide.qNewReg[I]	RsDecodeEuclide.lambdaInner_12[I]
78	0.0107	RsDecodeChien.lambdaReg_7[I]	RsDecodeChien.numErrorReg[I]
79	0.0113	RsDecodeChien.lambdaReg_7[I]	RsDecodeChien.numErrorReg2[I]
80	0.0114	RsDecodeChien.lambdaReg_8[I]	RsDecodeChien.numErrorReg[I]
81	0.0119	RsDecodeChien.lambdaReg_8[I]	RsDecodeChien.numErrorReg2[I]
82	0.0122	lambdaReg2_20[I]	degreeLambdaReg[I]
83	0.0135	RsDecodeEuclide.qNewReg[I]	RsDecodeEuclide.lambdaXorReg_8[I]
84	0.0139	RsDecodeEuclide.qNewReg[I]	RsDecodeEuclide.omegaInner_2[I]
85	0.0139	RsDecodeErasure.epsilonReg_22[I]	RsDecodePolymul.sumReg_2[I]
86	0.0150	RsDecodeChien.lambdaReg_2[I]	RsDecodeChien.numErrorReg[I]
87	0.0156	RsDecodeChien.lambdaReg_2[I]	RsDecodeChien.numErrorReg2[I]
88	0.0166	RsDecodeEuclide.qNewReg[I]	RsDecodeEuclide.lambdaInner_6[I]
89	0.0167	RsDecodeEuclide.qNewReg[I]	RsDecodeEuclide.lambdaInner_20[I]
90	0.0169	RsDecodeChien.lambdaReg_10[I]	RsDecodeChien.numErrorReg[I]
91	0.0171	RsDecodeEuclide.qNewReg[I]	RsDecodeEuclide.lambdaInner_2[I]
92	0.0173	OutputValidRegInner	outEnable
93	0.0174	RsDecodeChien.lambdaReg_10[I]	RsDecodeChien.numErrorReg2[I]
94	0.0174	RsDecodeChien.lambdaReg_3[I]	RsDecodeChien.numErrorReg[I]
95	0.0176	RsDecodeChien.lambdaReg_21[I]	RsDecodeChien.numErrorReg[I]
96	0.0180	RsDecodeChien.lambdaReg_3[I]	RsDecodeChien.numErrorReg2[I]
97	0.0182	RsDecodeChien.lambdaReg_21[I]	RsDecodeChien.numErrorReg2[I]
98	0.0186	RsDecodeChien.lambdaReg_1[I]	RsDecodeChien.numErrorReg[I]
99	0.0189	RsDecodeEuclide.qNewReg[I]	RsDecodeEuclide.lambdaInner_8[I]
100	0.0190	RsDecodeChien.lambdaReg_12[I]	RsDecodeChien.numErrorReg[I]
