# stage	1_synth
# top_module	sha512
# top_n	100
# rank	worst_slack_ns	start	end
1	-1.0818	core.w_mem_inst.w_mem[I][J]	core.a_reg[I]
2	-0.8883	core.w_mem_inst.w_mem[I][J]	core.e_reg[I]
3	-0.7251	core.w_mem_inst.w_ctr_reg[I]	core.a_reg[I]
4	-0.6660	core.round_ctr_reg[I]	core.a_reg[I]
5	-0.5677	core.w_mem_inst.w_ctr_reg[I]	core.e_reg[I]
6	-0.5085	core.round_ctr_reg[I]	core.e_reg[I]
7	-0.3816	core.e_reg[I]	core.a_reg[I]
8	-0.3371	core.f_reg[I]	core.a_reg[I]
9	-0.3301	core.g_reg[I]	core.a_reg[I]
10	-0.2241	core.e_reg[I]	core.e_reg[I]
11	-0.2129	address[I]	read_data[I]
12	-0.1796	core.f_reg[I]	core.e_reg[I]
13	-0.1727	core.g_reg[I]	core.e_reg[I]
14	-0.0274	address[I]	error
15	-0.0140	core.h_reg[I]	core.a_reg[I]
16	0.1239	we	read_data[I]
17	0.1435	core.h_reg[I]	core.e_reg[I]
18	0.1452	cs	read_data[I]
19	0.2105	we	error
20	0.2537	cs	error
21	0.3231	address[I]	block_reg[I][J]
22	0.3982	address[I]	work_factor_num_reg[I]
23	0.3985	address[I]	work_factor_num_reg[I]
24	0.4753	core.w_mem_inst.w_mem[I][J]	core.w_mem_inst.w_mem[I][J]
25	0.5135	core.a_reg[I]	core.a_reg[I]
26	0.5415	address[I]	work_factor_reg
27	0.5419	address[I]	mode_reg[I]
28	0.5708	address[I]	init_reg
29	0.5708	address[I]	next_reg
30	0.5869	block_reg[I][J]	read_data[I]
31	0.5927	digest_reg[I]	read_data[I]
32	0.5931	core.c_reg[I]	core.a_reg[I]
33	0.5935	core.b_reg[I]	core.a_reg[I]
34	0.6025	cs	block_reg[I][J]
35	0.6052	we	block_reg[I][J]
36	0.6435	we	work_factor_num_reg[I]
37	0.6438	we	work_factor_num_reg[I]
38	0.6636	cs	work_factor_num_reg[I]
39	0.6639	cs	work_factor_num_reg[I]
40	0.7511	init_reg	read_data[I]
41	0.7605	core.g_reg[I]	core.H6_reg[I]
42	0.7616	next_reg	read_data[I]
43	0.7660	core.c_reg[I]	core.H2_reg[I]
44	0.7671	core.H6_reg[I]	core.H6_reg[I]
45	0.7740	core.d_reg[I]	core.e_reg[I]
46	0.7741	core.H2_reg[I]	core.H2_reg[I]
47	0.7797	core.d_reg[I]	core.H3_reg[I]
48	0.7839	work_factor_num_reg[I]	read_data[I]
49	0.7880	core.f_reg[I]	core.H5_reg[I]
50	0.7880	core.H3_reg[I]	core.H3_reg[I]
51	0.7906	core.h_reg[I]	core.H7_reg[I]
52	0.7921	digest_valid_reg	read_data[I]
53	0.7977	core.H5_reg[I]	core.H5_reg[I]
54	0.7995	ready_reg	read_data[I]
55	0.7996	core.H7_reg[I]	core.H7_reg[I]
56	0.8000	cs	work_factor_reg
57	0.8003	cs	mode_reg[I]
58	0.8010	we	work_factor_reg
59	0.8013	we	mode_reg[I]
60	0.8036	write_data[I]	block_reg[I][J]
61	0.8036	write_data[I]	work_factor_num_reg[I]
62	0.8039	core.e_reg[I]	core.H4_reg[I]
63	0.8068	core.H4_reg[I]	core.H4_reg[I]
64	0.8081	write_data[I]	work_factor_num_reg[I]
65	0.8102	work_factor_num_reg[I]	read_data[I]
66	0.8138	mode_reg[I]	read_data[I]
67	0.8275	core.b_reg[I]	core.H1_reg[I]
68	0.8276	work_factor_reg	read_data[I]
69	0.8293	cs	init_reg
70	0.8293	cs	next_reg
71	0.8303	we	init_reg
72	0.8303	we	next_reg
73	0.8373	core.H1_reg[I]	core.H1_reg[I]
74	0.8400	write_data[I]	init_reg
75	0.8400	write_data[I]	next_reg
76	0.8474	work_factor_num_reg[I]	core.b_reg[I]
77	0.8474	work_factor_num_reg[I]	core.d_reg[I]
78	0.8484	work_factor_num_reg[I]	core.c_reg[I]
79	0.8498	work_factor_num_reg[I]	core.a_reg[I]
80	0.8498	work_factor_num_reg[I]	core.e_reg[I]
81	0.8498	work_factor_num_reg[I]	core.f_reg[I]
82	0.8498	work_factor_num_reg[I]	core.w_mem_inst.w_mem[I][J]
83	0.8522	core.work_factor_ctr_reg[I]	core.b_reg[I]
84	0.8522	core.work_factor_ctr_reg[I]	core.d_reg[I]
85	0.8532	core.work_factor_ctr_reg[I]	core.c_reg[I]
86	0.8545	core.work_factor_ctr_reg[I]	core.a_reg[I]
87	0.8545	core.work_factor_ctr_reg[I]	core.e_reg[I]
88	0.8545	core.work_factor_ctr_reg[I]	core.f_reg[I]
89	0.8545	core.work_factor_ctr_reg[I]	core.w_mem_inst.w_mem[I][J]
90	0.8550	core.H0_reg[I]	core.H0_reg[I]
91	0.8609	core.a_reg[I]	core.H0_reg[I]
92	0.8621	write_data[I]	work_factor_reg
93	0.8624	write_data[I]	mode_reg[I]
94	0.8693	work_factor_num_reg[I]	core.g_reg[I]
95	0.8694	work_factor_num_reg[I]	core.h_reg[I]
96	0.8741	core.work_factor_ctr_reg[I]	core.g_reg[I]
97	0.8742	core.work_factor_ctr_reg[I]	core.h_reg[I]
98	0.8744	work_factor_num_reg[I]	core.H5_reg[I]
99	0.8744	work_factor_num_reg[I]	core.H2_reg[I]
100	0.8748	work_factor_num_reg[I]	core.H4_reg[I]
