# stage	6_final
# top_module	tpu_top
# top_n	100
# rank	worst_slack_ns	start	end
1	-0.4674	systolic.weight_queue[I][J]	systolic.matrix_mul_2D[I][J]
2	-0.4662	systolic.data_queue[I][J]	systolic.matrix_mul_2D[I][J]
3	-0.3013	systolic_controll.matrix_index[I]	write_out.sram_wdata_c[I]
4	-0.2828	systolic_controll.matrix_index[I]	write_out.sram_wdata_a[I]
5	-0.2637	systolic_controll.matrix_index[I]	_87286_
6	-0.2621	systolic_controll.matrix_index[I]	_87272_
7	-0.2621	systolic_controll.matrix_index[I]	_87265_
8	-0.2619	systolic_controll.matrix_index[I]	_87262_
9	-0.2592	systolic_controll.matrix_index[I]	_87260_
10	-0.2585	systolic_controll.matrix_index[I]	_87264_
11	-0.2562	systolic_controll.matrix_index[I]	_87274_
12	-0.2537	systolic_controll.matrix_index[I]	_87280_
13	-0.2501	systolic_controll.matrix_index[I]	_87276_
14	-0.2500	systolic_controll.matrix_index[I]	_87278_
15	-0.2492	systolic_controll.matrix_index[I]	_87248_
16	-0.2483	systolic_controll.matrix_index[I]	_87244_
17	-0.2478	systolic_controll.matrix_index[I]	_87256_
18	-0.2477	systolic_controll.matrix_index[I]	_87273_
19	-0.2467	systolic_controll.matrix_index[I]	_87285_
20	-0.2453	systolic_controll.matrix_index[I]	_87281_
21	-0.2445	systolic_controll.matrix_index[I]	_87235_
22	-0.2403	systolic_controll.matrix_index[I]	_87283_
23	-0.2402	systolic_controll.matrix_index[I]	_87259_
24	-0.2400	systolic_controll.matrix_index[I]	_87284_
25	-0.2398	systolic_controll.matrix_index[I]	_87261_
26	-0.2378	systolic_controll.matrix_index[I]	_87228_
27	-0.2329	systolic_controll.matrix_index[I]	_87277_
28	-0.2315	systolic_controll.matrix_index[I]	_87241_
29	-0.2308	systolic_controll.matrix_index[I]	_87252_
30	-0.2307	systolic_controll.matrix_index[I]	_87267_
31	-0.2305	systolic_controll.matrix_index[I]	_87236_
32	-0.2296	systolic_controll.matrix_index[I]	_87266_
33	-0.2267	systolic_controll.matrix_index[I]	_87209_
34	-0.2266	systolic_controll.matrix_index[I]	_87212_
35	-0.2265	systolic_controll.matrix_index[I]	_87268_
36	-0.2262	systolic_controll.matrix_index[I]	_87220_
37	-0.2261	systolic_controll.matrix_index[I]	_87213_
38	-0.2237	systolic_controll.matrix_index[I]	_87234_
39	-0.2224	systolic_controll.matrix_index[I]	_87257_
40	-0.2212	systolic_controll.matrix_index[I]	_87282_
41	-0.2208	systolic_controll.matrix_index[I]	_87227_
42	-0.2205	systolic_controll.matrix_index[I]	_87192_
43	-0.2204	systolic_controll.matrix_index[I]	_87195_
44	-0.2202	systolic_controll.matrix_index[I]	_87204_
45	-0.2181	systolic_controll.matrix_index[I]	_87214_
46	-0.2164	systolic_controll.matrix_index[I]	_87275_
47	-0.2158	systolic_controll.matrix_index[I]	_87270_
48	-0.2155	systolic_controll.matrix_index[I]	_87242_
49	-0.2150	systolic_controll.matrix_index[I]	_87249_
50	-0.2139	systolic_controll.matrix_index[I]	_87250_
51	-0.2137	systolic_controll.matrix_index[I]	_87269_
52	-0.2125	systolic_controll.matrix_index[I]	_87238_
53	-0.2121	systolic_controll.matrix_index[I]	_87263_
54	-0.2115	systolic_controll.matrix_index[I]	_87231_
55	-0.2100	systolic_controll.matrix_index[I]	_87243_
56	-0.2092	systolic_controll.matrix_index[I]	_87232_
57	-0.2079	systolic_controll.matrix_index[I]	_87246_
58	-0.2064	systolic_controll.matrix_index[I]	_87279_
59	-0.2062	systolic_controll.matrix_index[I]	_87211_
60	-0.2061	systolic_controll.matrix_index[I]	_87196_
61	-0.2060	systolic_controll.matrix_index[I]	_87203_
62	-0.2055	systolic_controll.matrix_index[I]	_87247_
63	-0.2031	systolic_controll.matrix_index[I]	_87253_
64	-0.2029	systolic_controll.matrix_index[I]	_87230_
65	-0.2023	systolic_controll.matrix_index[I]	_87224_
66	-0.2018	systolic_controll.matrix_index[I]	_87229_
67	-0.2018	systolic_controll.matrix_index[I]	_87219_
68	-0.2017	systolic_controll.matrix_index[I]	_87188_
69	-0.2004	systolic_controll.matrix_index[I]	_87198_
70	-0.1982	systolic_controll.matrix_index[I]	_87245_
71	-0.1977	systolic_controll.matrix_index[I]	_87215_
72	-0.1954	systolic_controll.matrix_index[I]	_87254_
73	-0.1929	systolic_controll.matrix_index[I]	_87237_
74	-0.1928	systolic_controll.matrix_index[I]	_87251_
75	-0.1917	systolic_controll.matrix_index[I]	_87258_
76	-0.1916	systolic_controll.matrix_index[I]	_87225_
77	-0.1888	systolic_controll.matrix_index[I]	_87233_
78	-0.1882	systolic_controll.matrix_index[I]	_87205_
79	-0.1829	systolic_controll.matrix_index[I]	_87218_
80	-0.1803	systolic_controll.matrix_index[I]	_87222_
81	-0.1796	systolic_controll.matrix_index[I]	_87180_
82	-0.1785	systolic_controll.matrix_index[I]	_87271_
83	-0.1777	systolic_controll.matrix_index[I]	_87208_
84	-0.1771	systolic_controll.matrix_index[I]	_87217_
85	-0.1763	systolic_controll.matrix_index[I]	_87187_
86	-0.1734	systolic_controll.matrix_index[I]	_87200_
87	-0.1728	systolic_controll.matrix_index[I]	_87221_
88	-0.1718	systolic_controll.matrix_index[I]	_87210_
89	-0.1711	systolic_controll.matrix_index[I]	_87201_
90	-0.1702	systolic_controll.matrix_index[I]	_87158_
91	-0.1695	systolic_controll.matrix_index[I]	_87226_
92	-0.1681	systolic_controll.matrix_index[I]	_87216_
93	-0.1679	systolic_controll.matrix_index[I]	_87255_
94	-0.1667	systolic_controll.matrix_index[I]	_87240_
95	-0.1655	systolic_controll.matrix_index[I]	_87199_
96	-0.1620	systolic_controll.matrix_index[I]	_87197_
97	-0.1608	systolic_controll.matrix_index[I]	_87206_
98	-0.1547	systolic_controll.matrix_index[I]	_87194_
99	-0.1503	systolic_controll.matrix_index[I]	_87172_
100	-0.1470	systolic_controll.matrix_index[I]	_87193_
