# stage	1_synth
# top_module	tpu_top
# top_n	100
# rank	worst_slack_ns	start	end
1	-0.6451	systolic.weight_queue[I][J]	systolic.matrix_mul_2D[I][J]
2	-0.6440	systolic.data_queue[I][J]	systolic.matrix_mul_2D[I][J]
3	-0.2896	systolic_controll.matrix_index[I]	_87265_
4	-0.2795	systolic_controll.matrix_index[I]	_87216_
5	-0.2749	systolic_controll.matrix_index[I]	_87264_
6	-0.2739	systolic_controll.matrix_index[I]	_87262_
7	-0.2732	systolic_controll.matrix_index[I]	_87257_
8	-0.2732	systolic_controll.matrix_index[I]	_87259_
9	-0.2732	systolic_controll.matrix_index[I]	_87260_
10	-0.2728	systolic_controll.matrix_index[I]	_87256_
11	-0.2721	systolic_controll.matrix_index[I]	_87261_
12	-0.2674	systolic_controll.matrix_index[I]	_87269_
13	-0.2508	systolic_controll.matrix_index[I]	_87271_
14	-0.2494	systolic_controll.matrix_index[I]	_87275_
15	-0.2458	systolic_controll.matrix_index[I]	_87247_
16	-0.2430	systolic_controll.matrix_index[I]	_87280_
17	-0.2407	systolic_controll.matrix_index[I]	_87240_
18	-0.2361	systolic_controll.matrix_index[I]	_87246_
19	-0.2357	systolic_controll.matrix_index[I]	_87278_
20	-0.2336	systolic_controll.matrix_index[I]	_87267_
21	-0.2321	systolic_controll.matrix_index[I]	_87272_
22	-0.2306	systolic_controll.matrix_index[I]	_87241_
23	-0.2299	systolic_controll.matrix_index[I]	_87210_
24	-0.2292	systolic_controll.matrix_index[I]	_87208_
25	-0.2292	systolic_controll.matrix_index[I]	_87214_
26	-0.2292	systolic_controll.matrix_index[I]	_87215_
27	-0.2292	systolic_controll.matrix_index[I]	_87219_
28	-0.2290	systolic_controll.matrix_index[I]	_87248_
29	-0.2283	systolic_controll.matrix_index[I]	_87217_
30	-0.2282	systolic_controll.matrix_index[I]	_87252_
31	-0.2281	systolic_controll.matrix_index[I]	_87263_
32	-0.2279	systolic_controll.matrix_index[I]	_87253_
33	-0.2278	systolic_controll.matrix_index[I]	_87213_
34	-0.2278	systolic_controll.matrix_index[I]	_87220_
35	-0.2278	systolic_controll.matrix_index[I]	_87222_
36	-0.2274	systolic_controll.matrix_index[I]	_87254_
37	-0.2257	systolic_controll.matrix_index[I]	_87234_
38	-0.2252	systolic_controll.matrix_index[I]	_87226_
39	-0.2250	systolic_controll.matrix_index[I]	_87250_
40	-0.2245	systolic_controll.matrix_index[I]	_87244_
41	-0.2244	systolic_controll.matrix_index[I]	_87251_
42	-0.2244	systolic_controll.matrix_index[I]	_87227_
43	-0.2244	systolic_controll.matrix_index[I]	_87229_
44	-0.2242	systolic_controll.matrix_index[I]	_87230_
45	-0.2242	systolic_controll.matrix_index[I]	_87228_
46	-0.2242	systolic_controll.matrix_index[I]	_87231_
47	-0.2242	systolic_controll.matrix_index[I]	_87235_
48	-0.2242	systolic_controll.matrix_index[I]	_87236_
49	-0.2242	systolic_controll.matrix_index[I]	_87237_
50	-0.2222	systolic_controll.matrix_index[I]	_87258_
51	-0.2202	systolic_controll.matrix_index[I]	_87268_
52	-0.2187	systolic_controll.matrix_index[I]	_87249_
53	-0.2130	systolic_controll.matrix_index[I]	_87205_
54	-0.2130	systolic_controll.matrix_index[I]	_87201_
55	-0.2130	systolic_controll.matrix_index[I]	_87206_
56	-0.2130	systolic_controll.matrix_index[I]	_87207_
57	-0.2130	systolic_controll.matrix_index[I]	_87200_
58	-0.2112	systolic_controll.matrix_index[I]	_87284_
59	-0.2105	systolic_controll.matrix_index[I]	_87243_
60	-0.2088	systolic_controll.matrix_index[I]	_87281_
61	-0.2047	systolic_controll.matrix_index[I]	_87218_
62	-0.2029	systolic_controll.matrix_index[I]	_87204_
63	-0.2029	systolic_controll.matrix_index[I]	_87195_
64	-0.2028	systolic_controll.matrix_index[I]	_87192_
65	-0.2028	systolic_controll.matrix_index[I]	_87193_
66	-0.2008	systolic_controll.matrix_index[I]	_87270_
67	-0.2004	systolic_controll.matrix_index[I]	_87242_
68	-0.1969	systolic_controll.matrix_index[I]	_87203_
69	-0.1916	systolic_controll.matrix_index[I]	_87279_
70	-0.1911	systolic_controll.matrix_index[I]	_87283_
71	-0.1896	systolic_controll.matrix_index[I]	_87190_
72	-0.1896	systolic_controll.matrix_index[I]	_87176_
73	-0.1895	systolic_controll.matrix_index[I]	_87185_
74	-0.1895	systolic_controll.matrix_index[I]	_87187_
75	-0.1895	systolic_controll.matrix_index[I]	_87178_
76	-0.1895	systolic_controll.matrix_index[I]	_87191_
77	-0.1895	systolic_controll.matrix_index[I]	_87184_
78	-0.1895	systolic_controll.matrix_index[I]	_87177_
79	-0.1892	systolic_controll.matrix_index[I]	_87209_
80	-0.1883	systolic_controll.matrix_index[I]	_87211_
81	-0.1872	systolic_controll.matrix_index[I]	_87212_
82	-0.1865	systolic_controll.matrix_index[I]	_87221_
83	-0.1862	systolic_controll.matrix_index[I]	_87245_
84	-0.1860	systolic_controll.matrix_index[I]	_87196_
85	-0.1854	systolic_controll.matrix_index[I]	_87277_
86	-0.1851	systolic_controll.matrix_index[I]	_87198_
87	-0.1848	systolic_controll.matrix_index[I]	_87197_
88	-0.1817	systolic_controll.matrix_index[I]	_87181_
89	-0.1794	systolic_controll.matrix_index[I]	_87179_
90	-0.1794	systolic_controll.matrix_index[I]	_87189_
91	-0.1793	systolic_controll.matrix_index[I]	_87186_
92	-0.1759	systolic_controll.matrix_index[I]	_87266_
93	-0.1748	systolic_controll.matrix_index[I]	_87255_
94	-0.1733	systolic_controll.matrix_index[I]	_87202_
95	-0.1726	systolic_controll.matrix_index[I]	_87188_
96	-0.1714	systolic_controll.matrix_index[I]	_87223_
97	-0.1703	systolic_controll.matrix_index[I]	_87180_
98	-0.1701	systolic_controll.matrix_index[I]	_87183_
99	-0.1700	systolic_controll.matrix_index[I]	_87182_
100	-0.1692	systolic_controll.matrix_index[I]	write_out.sram_wdata_c[I]
