# stage	6_final
# top_module	ddr3_controller
# top_n	100
# rank	worst_slack_ns	start	end
1	-0.3361	index_wb_data	o_wb_data[I]
2	-0.3286	lane[I]	o_phy_idelay_data_cntvaluein[I]
3	-0.3260	lane[I]	o_phy_odelay_dqs_cntvaluein[I]
4	-0.3253	lane[I]	o_phy_idelay_dqs_cntvaluein[I]
5	-0.3202	lane[I]	o_phy_odelay_data_cntvaluein[I]
6	-0.3090	stage2_pending	o_phy_cmd[I]
7	-0.3054	stage2_do_pre	o_phy_cmd[I]
8	-0.2950	stage1_next_bank[I]	o_phy_cmd[I]
9	-0.2945	stage2_bank[I]	o_phy_cmd[I]
10	-0.2669	stage2_do_act	o_phy_cmd[I]
11	-0.2641	stage2_do_wr_or_rd	o_phy_cmd[I]
12	-0.2638	stage1_do_act	o_phy_cmd[I]
13	-0.2629	stage1_pending	o_phy_cmd[I]
14	-0.2607	stage2_do_wr	o_phy_cmd[I]
15	-0.2570	stage1_do_pre	o_phy_cmd[I]
16	-0.2536	state_calibrate[I]	o_phy_cmd[I]
17	-0.2444	index_wb_data	reset_from_test
18	-0.2377	stage2_pending	o_wb_stall_int_q
19	-0.2340	stage2_do_pre	o_wb_stall_int_q
20	-0.2333	lane[I]	data_start_index[I][J]
21	-0.2258	stage2_pending	stage2_do_pre
22	-0.2234	stage1_next_bank[I]	o_wb_stall_int_q
23	-0.2232	stage2_bank[I]	o_wb_stall_int_q
24	-0.2229	stage2_pending	stage2_do_wr_or_rd
25	-0.2222	stage2_do_pre	stage2_do_pre
26	-0.2213	stage2_row[I]	o_phy_cmd[I]
27	-0.2209	stage2_pending	stage1_do_pre
28	-0.2192	stage2_do_pre	stage2_do_wr_or_rd
29	-0.2173	stage2_do_pre	stage1_do_pre
30	-0.2133	idelay_data_cntvaluein[I][J]	o_phy_idelay_data_cntvaluein[I]
31	-0.2130	lane[I]	write_pattern_lane[I]
32	-0.2115	stage1_next_bank[I]	stage2_do_pre
33	-0.2113	stage2_bank[I]	stage2_do_pre
34	-0.2088	stage2_do_rd	o_phy_cmd[I]
35	-0.2086	stage1_next_bank[I]	stage2_do_wr_or_rd
36	-0.2084	stage2_bank[I]	stage2_do_wr_or_rd
37	-0.2067	stage1_next_bank[I]	stage1_do_pre
38	-0.2064	stage2_bank[I]	stage1_do_pre
39	-0.2017	stage1_next_row[I]	o_phy_cmd[I]
40	-0.2006	stage2_do_act	o_wb_stall_int_q
41	-0.1985	odelay_dqs_cntvaluein[I][J]	o_phy_odelay_dqs_cntvaluein[I]
42	-0.1945	odelay_dqs_cntvaluein[I][J]	o_phy_odelay_dqs_cntvaluein[I]
43	-0.1924	stage1_do_act	o_wb_stall_int_q
44	-0.1915	stage1_pending	o_wb_stall_int_q
45	-0.1877	odelay_data_cntvaluein[I][J]	o_phy_odelay_data_cntvaluein[I]
46	-0.1858	lane[I]	sample_clk_repeat[I]
47	-0.1856	stage1_do_pre	o_wb_stall_int_q
48	-0.1851	idelay_dqs_cntvaluein[I][J]	o_phy_idelay_dqs_cntvaluein[I]
49	-0.1849	o_wb_data_q[I][J]	o_wb_data[I]
50	-0.1835	idelay_dqs_cntvaluein[I][J]	o_phy_idelay_dqs_cntvaluein[I]
51	-0.1807	stage2_bank[I]	stage2_do_wr
52	-0.1805	stage1_do_act	stage2_do_pre
53	-0.1797	stage1_pending	stage2_do_pre
54	-0.1776	stage1_do_act	stage2_do_wr_or_rd
55	-0.1775	lane[I]	prev_write_level_feedback
56	-0.1768	stage2_bank[I]	stage2_do_rd
57	-0.1767	stage1_pending	stage2_do_wr_or_rd
58	-0.1767	stage2_do_act	stage2_do_pre
59	-0.1757	stage1_do_act	stage1_do_pre
60	-0.1749	stage2_do_act	stage1_do_pre
61	-0.1748	stage1_pending	stage1_do_pre
62	-0.1738	stage2_do_act	stage2_do_wr_or_rd
63	-0.1737	stage1_do_pre	stage2_do_pre
64	-0.1736	stage1_next_bank[I]	stage2_do_update_delay_before_read_after_act
65	-0.1731	stage1_next_bank[I]	stage2_do_rd
66	-0.1722	stage2_do_act	stage2_do_wr
67	-0.1708	stage1_do_pre	stage2_do_wr_or_rd
68	-0.1703	stage2_bank[I]	stage2_do_update_delay_before_read_after_act
69	-0.1703	stage2_do_pre	stage2_do_wr
70	-0.1701	lane[I]	state_calibrate[I]
71	-0.1696	lane[I]	stored_write_level_feedback
72	-0.1695	stage2_pending	stage2_do_wr
73	-0.1689	stage1_do_pre	stage1_do_pre
74	-0.1688	lane[I]	o_phy_write_leveling_calib
75	-0.1607	calib_addr[I]	stage1_do_pre
76	-0.1604	stage2_bank[I]	stage2_do_update_delay_before_write_after_act
77	-0.1589	o_wb_stall_int_q	o_wb_stall
78	-0.1553	stage2_do_pre	stage2_data_unaligned[I]
79	-0.1518	stage2_do_act	stage2_do_update_delay_before_write_after_act
80	-0.1508	lane[I]	lane[I]
81	-0.1499	stage2_do_pre	stage2_do_update_delay_before_write_after_act
82	-0.1491	stage2_pending	stage2_do_update_delay_before_write_after_act
83	-0.1483	stage1_next_bank[I]	stage2_do_update_delay_before_precharge_after_wr
84	-0.1471	delay_before_read_data[I]	o_phy_cmd[I]
85	-0.1444	lane[I]	o_phy_bitslip[I]
86	-0.1432	stage1_next_bank[I]	stage2_do_update_delay_before_precharge_after_rd
87	-0.1426	instruction[I]	o_phy_cmd[I]
88	-0.1420	stage2_pending	stage2_do_update_delay_before_precharge_after_rd
89	-0.1384	stage2_do_pre	stage2_do_update_delay_before_precharge_after_rd
90	-0.1365	stage2_do_act	stage2_do_update_delay_before_read_after_act
91	-0.1360	stage2_do_act	stage2_do_rd
92	-0.1352	instruction[I]	o_phy_cmd[I]
93	-0.1346	stage2_do_pre	stage2_do_update_delay_before_read_after_act
94	-0.1342	stage2_bank[I]	stage2_do_update_delay_before_precharge_after_rd
95	-0.1341	stage2_do_pre	stage2_do_rd
96	-0.1338	stage2_pending	stage2_do_update_delay_before_read_after_act
97	-0.1333	stage2_pending	stage2_do_rd
98	-0.1332	lane[I]	initial_dqs
99	-0.1326	stage1_next_bank[I]	stage2_do_wr
100	-0.1314	stage2_pending	stage2_do_update_delay_before_precharge_after_wr
