# stage	6_final
# top_module	axi_crossbar_wrap_8x8
# top_n	100
# rank	worst_slack_ns	start	end
1	-0.3471	axi_crossbar_inst.axi_crossbar_rd_inst.s_ifaces[I].r_arb_inst.grant_encoded_reg[J]	axi_crossbar_inst.axi_crossbar_rd_inst.s_ifaces[I].addr_inst.thread_count_reg[J][K]
2	-0.3391	axi_crossbar_inst.axi_crossbar_rd_inst.s_ifaces[I].r_arb_inst.grant_encoded_reg[J]	m00_axi_rready
3	-0.3388	axi_crossbar_inst.axi_crossbar_rd_inst.s_ifaces[I].r_arb_inst.grant_encoded_reg[J]	m05_axi_rready
4	-0.3359	axi_crossbar_inst.axi_crossbar_rd_inst.s_ifaces[I].r_arb_inst.grant_encoded_reg[J]	m04_axi_rready
5	-0.3353	axi_crossbar_inst.axi_crossbar_rd_inst.s_ifaces[I].r_arb_inst.grant_encoded_reg[J]	m03_axi_rready
6	-0.3351	axi_crossbar_inst.axi_crossbar_rd_inst.s_ifaces[I].reg_inst.genblk2.m_axi_rready_reg	m00_axi_rready
7	-0.3344	axi_crossbar_inst.axi_crossbar_rd_inst.s_ifaces[I].reg_inst.genblk2.m_axi_rready_reg	m05_axi_rready
8	-0.3335	axi_crossbar_inst.axi_crossbar_wr_inst.s_ifaces[I].b_arb_inst.grant_encoded_reg[J]	m03_axi_bready
9	-0.3316	axi_crossbar_inst.axi_crossbar_rd_inst.s_ifaces[I].r_arb_inst.grant_encoded_reg[J]	m01_axi_rready
10	-0.3314	axi_crossbar_inst.axi_crossbar_rd_inst.s_ifaces[I].r_arb_inst.grant_encoded_reg[J]	m06_axi_rready
11	-0.3278	axi_crossbar_inst.axi_crossbar_rd_inst.s_ifaces[I].reg_inst.genblk2.m_axi_rready_reg	m01_axi_rready
12	-0.3227	axi_crossbar_inst.axi_crossbar_rd_inst.s_ifaces[I].r_arb_inst.grant_encoded_reg[J]	m07_axi_rready
13	-0.3220	axi_crossbar_inst.axi_crossbar_rd_inst.s_ifaces[I].reg_inst.genblk2.m_axi_rready_reg	m03_axi_rready
14	-0.3220	axi_crossbar_inst.axi_crossbar_rd_inst.s_ifaces[I].r_arb_inst.grant_encoded_reg[J]	axi_crossbar_inst.axi_crossbar_rd_inst.s_ifaces[I].addr_inst.trans_count_reg[J]
15	-0.3176	axi_crossbar_inst.axi_crossbar_rd_inst.s_ifaces[I].r_arb_inst.grant_valid_reg	m00_axi_rready
16	-0.3156	axi_crossbar_inst.axi_crossbar_rd_inst.s_ifaces[I].r_arb_inst.grant_valid_reg	m03_axi_rready
17	-0.3150	axi_crossbar_inst.axi_crossbar_rd_inst.s_ifaces[I].r_arb_inst.grant_valid_reg	m05_axi_rready
18	-0.3147	axi_crossbar_inst.axi_crossbar_rd_inst.s_ifaces[I].reg_inst.genblk2.m_axi_rready_reg	m04_axi_rready
19	-0.3113	axi_crossbar_inst.axi_crossbar_wr_inst.s_ifaces[I].b_arb_inst.grant_encoded_reg[J]	m02_axi_bready
20	-0.3106	axi_crossbar_inst.axi_crossbar_wr_inst.s_ifaces[I].b_arb_inst.grant_encoded_reg[J]	m00_axi_bready
21	-0.3091	axi_crossbar_inst.axi_crossbar_rd_inst.s_ifaces[I].r_arb_inst.grant_valid_reg	m01_axi_rready
22	-0.3073	axi_crossbar_inst.axi_crossbar_wr_inst.s_ifaces[I].reg_inst.genblk3.genblk1.m_axi_bready_reg	m03_axi_bready
23	-0.3054	axi_crossbar_inst.axi_crossbar_rd_inst.s_ifaces[I].reg_inst.genblk2.m_axi_rready_reg	m06_axi_rready
24	-0.3037	axi_crossbar_inst.axi_crossbar_rd_inst.s_ifaces[I].r_arb_inst.grant_encoded_reg[J]	m02_axi_rready
25	-0.3031	axi_crossbar_inst.axi_crossbar_rd_inst.s_ifaces[I].reg_inst.genblk2.m_axi_rready_reg	m07_axi_rready
26	-0.3010	axi_crossbar_inst.axi_crossbar_wr_inst.s_ifaces[I].b_arb_inst.grant_valid_reg	m03_axi_bready
27	-0.3008	axi_crossbar_inst.axi_crossbar_rd_inst.s_ifaces[I].reg_inst.genblk2.m_axi_rready_reg	m02_axi_rready
28	-0.3001	axi_crossbar_inst.axi_crossbar_wr_inst.s_ifaces[I].b_arb_inst.grant_encoded_reg[J]	m01_axi_bready
29	-0.3000	axi_crossbar_inst.axi_crossbar_wr_inst.s_ifaces[I].b_arb_inst.grant_encoded_reg[J]	m07_axi_bready
30	-0.2997	axi_crossbar_inst.axi_crossbar_wr_inst.s_ifaces[I].b_arb_inst.grant_encoded_reg[J]	m04_axi_bready
31	-0.2990	axi_crossbar_inst.axi_crossbar_wr_inst.s_ifaces[I].b_arb_inst.grant_encoded_reg[J]	axi_crossbar_inst.axi_crossbar_wr_inst.s_ifaces[I].addr_inst.thread_count_reg[J][K]
32	-0.2989	axi_crossbar_inst.axi_crossbar_rd_inst.s_ifaces[I].r_arb_inst.grant_valid_reg	m06_axi_rready
33	-0.2970	axi_crossbar_inst.axi_crossbar_rd_inst.s_ifaces[I].r_arb_inst.grant_valid_reg	m02_axi_rready
34	-0.2936	axi_crossbar_inst.axi_crossbar_wr_inst.s_ifaces[I].b_arb_inst.grant_encoded_reg[J]	m05_axi_bready
35	-0.2935	axi_crossbar_inst.axi_crossbar_wr_inst.s_ifaces[I].reg_inst.genblk3.genblk1.m_axi_bready_reg	m01_axi_bready
36	-0.2920	axi_crossbar_inst.axi_crossbar_wr_inst.s_ifaces[I].reg_inst.genblk3.genblk1.m_axi_bready_reg	m04_axi_bready
37	-0.2901	axi_crossbar_inst.axi_crossbar_rd_inst.s_ifaces[I].r_arb_inst.grant_valid_reg	m07_axi_rready
38	-0.2891	axi_crossbar_inst.axi_crossbar_rd_inst.s_ifaces[I].r_arb_inst.grant_valid_reg	m04_axi_rready
39	-0.2873	axi_crossbar_inst.axi_crossbar_wr_inst.s_ifaces[I].b_arb_inst.grant_valid_reg	m01_axi_bready
40	-0.2848	axi_crossbar_inst.axi_crossbar_wr_inst.s_ifaces[I].reg_inst.genblk3.genblk1.m_axi_bready_reg	m05_axi_bready
41	-0.2825	axi_crossbar_inst.axi_crossbar_wr_inst.s_ifaces[I].reg_inst.genblk3.genblk1.m_axi_bready_reg	m07_axi_bready
42	-0.2813	axi_crossbar_inst.axi_crossbar_wr_inst.s_ifaces[I].b_arb_inst.grant_valid_reg	m04_axi_bready
43	-0.2812	axi_crossbar_inst.axi_crossbar_wr_inst.s_ifaces[I].reg_inst.genblk3.genblk1.m_axi_bready_reg	m00_axi_bready
44	-0.2798	axi_crossbar_inst.axi_crossbar_wr_inst.s_ifaces[I].b_arb_inst.grant_valid_reg	m07_axi_bready
45	-0.2785	axi_crossbar_inst.axi_crossbar_wr_inst.s_ifaces[I].reg_inst.genblk3.genblk1.m_axi_bready_reg	m02_axi_bready
46	-0.2753	axi_crossbar_inst.axi_crossbar_wr_inst.s_ifaces[I].b_arb_inst.grant_encoded_reg[J]	m06_axi_bready
47	-0.2721	axi_crossbar_inst.axi_crossbar_wr_inst.s_ifaces[I].b_arb_inst.grant_valid_reg	m02_axi_bready
48	-0.2676	axi_crossbar_inst.axi_crossbar_wr_inst.s_ifaces[I].reg_inst.genblk3.genblk1.m_axi_bready_reg	m06_axi_bready
49	-0.2649	axi_crossbar_inst.axi_crossbar_wr_inst.s_ifaces[I].b_arb_inst.grant_valid_reg	m00_axi_bready
50	-0.2620	axi_crossbar_inst.axi_crossbar_wr_inst.s_ifaces[I].b_arb_inst.grant_valid_reg	m06_axi_bready
51	-0.2619	axi_crossbar_inst.axi_crossbar_wr_inst.m_ifaces[I].reg_inst.genblk2.s_axi_wready_reg	s04_axi_wready
52	-0.2610	axi_crossbar_inst.axi_crossbar_wr_inst.m_ifaces[I].reg_inst.genblk2.s_axi_wready_reg	s00_axi_wready
53	-0.2585	axi_crossbar_inst.axi_crossbar_wr_inst.s_ifaces[I].b_arb_inst.grant_valid_reg	m05_axi_bready
54	-0.2538	axi_crossbar_inst.axi_crossbar_wr_inst.m_ifaces[I].w_select_valid_reg	s04_axi_wready
55	-0.2529	axi_crossbar_inst.axi_crossbar_wr_inst.m_ifaces[I].w_select_valid_reg	s00_axi_wready
56	-0.2528	axi_crossbar_inst.axi_crossbar_wr_inst.m_ifaces[I].w_select_reg[J]	s04_axi_wready
57	-0.2519	axi_crossbar_inst.axi_crossbar_wr_inst.m_ifaces[I].w_select_reg[J]	s00_axi_wready
58	-0.2485	axi_crossbar_inst.axi_crossbar_wr_inst.m_ifaces[I].w_select_reg[J]	s06_axi_wready
59	-0.2475	axi_crossbar_inst.axi_crossbar_wr_inst.m_ifaces[I].reg_inst.genblk2.s_axi_wready_reg	s06_axi_wready
60	-0.2459	axi_crossbar_inst.axi_crossbar_wr_inst.s_ifaces[I].w_select_reg[J]	s06_axi_wready
61	-0.2457	axi_crossbar_inst.axi_crossbar_wr_inst.m_ifaces[I].w_select_valid_reg	s06_axi_wready
62	-0.2424	axi_crossbar_inst.axi_crossbar_wr_inst.m_ifaces[I].w_select_reg[J]	s02_axi_wready
63	-0.2400	axi_crossbar_inst.axi_crossbar_wr_inst.m_ifaces[I].w_select_reg[J]	s07_axi_wready
64	-0.2390	axi_crossbar_inst.axi_crossbar_wr_inst.m_ifaces[I].w_select_valid_reg	s07_axi_wready
65	-0.2379	axi_crossbar_inst.axi_crossbar_wr_inst.m_ifaces[I].reg_inst.genblk2.s_axi_wready_reg	s02_axi_wready
66	-0.2372	axi_crossbar_inst.axi_crossbar_wr_inst.m_ifaces[I].w_select_valid_reg	s02_axi_wready
67	-0.2360	axi_crossbar_inst.axi_crossbar_wr_inst.m_ifaces[I].w_select_reg[J]	s05_axi_wready
68	-0.2351	axi_crossbar_inst.axi_crossbar_wr_inst.m_ifaces[I].reg_inst.genblk2.s_axi_wready_reg	s07_axi_wready
69	-0.2347	axi_crossbar_inst.axi_crossbar_wr_inst.m_ifaces[I].w_select_reg[J]	s01_axi_wready
70	-0.2320	axi_crossbar_inst.axi_crossbar_wr_inst.m_ifaces[I].w_select_valid_reg	s03_axi_wready
71	-0.2310	axi_crossbar_inst.axi_crossbar_wr_inst.s_ifaces[I].w_select_reg[J]	s07_axi_wready
72	-0.2304	axi_crossbar_inst.axi_crossbar_wr_inst.m_ifaces[I].w_select_reg[J]	s03_axi_wready
73	-0.2294	axi_crossbar_inst.axi_crossbar_wr_inst.m_ifaces[I].reg_inst.genblk2.s_axi_wready_reg	s05_axi_wready
74	-0.2290	s05_axi_araddr[I]	axi_crossbar_inst.axi_crossbar_rd_inst.s_ifaces[I].addr_inst.thread_count_reg[J][K]
75	-0.2284	axi_crossbar_inst.axi_crossbar_wr_inst.s_ifaces[I].w_select_reg[J]	s02_axi_wready
76	-0.2281	axi_crossbar_inst.axi_crossbar_wr_inst.m_ifaces[I].reg_inst.genblk2.s_axi_wready_reg	s03_axi_wready
77	-0.2264	axi_crossbar_inst.axi_crossbar_wr_inst.m_ifaces[I].w_select_valid_reg	s05_axi_wready
78	-0.2262	axi_crossbar_inst.axi_crossbar_wr_inst.m_ifaces[I].w_select_valid_reg	s01_axi_wready
79	-0.2255	axi_crossbar_inst.axi_crossbar_wr_inst.s_ifaces[I].w_select_reg[J]	s04_axi_wready
80	-0.2254	axi_crossbar_inst.axi_crossbar_wr_inst.m_ifaces[I].reg_inst.genblk2.s_axi_wready_reg	s01_axi_wready
81	-0.2246	axi_crossbar_inst.axi_crossbar_rd_inst.s_ifaces[I].addr_inst.thread_id_reg[J][K]	axi_crossbar_inst.axi_crossbar_rd_inst.s_ifaces[I].addr_inst.thread_count_reg[J][K]
82	-0.2184	axi_crossbar_inst.axi_crossbar_wr_inst.s_ifaces[I].w_select_reg[J]	s05_axi_wready
83	-0.2165	axi_crossbar_inst.axi_crossbar_wr_inst.s_ifaces[I].w_select_reg[J]	s01_axi_wready
84	-0.2149	s05_axi_araddr[I]	axi_crossbar_inst.axi_crossbar_rd_inst.s_ifaces[I].addr_inst.trans_count_reg[J]
85	-0.2112	axi_crossbar_inst.axi_crossbar_wr_inst.s_ifaces[I].b_arb_inst.grant_encoded_reg[J]	axi_crossbar_inst.axi_crossbar_wr_inst.s_ifaces[I].addr_inst.trans_count_reg[J]
86	-0.2105	axi_crossbar_inst.axi_crossbar_rd_inst.s_ifaces[I].addr_inst.thread_id_reg[J][K]	axi_crossbar_inst.axi_crossbar_rd_inst.s_ifaces[I].addr_inst.trans_count_reg[J]
87	-0.2103	axi_crossbar_inst.axi_crossbar_wr_inst.s_ifaces[I].w_select_reg[J]	s00_axi_wready
88	-0.2080	axi_crossbar_inst.axi_crossbar_wr_inst.s_ifaces[I].w_select_reg[J]	s03_axi_wready
89	-0.2070	m03_axi_rid[I]	m03_axi_rready
90	-0.2021	m04_axi_rid[I]	m04_axi_rready
91	-0.2008	s00_axi_araddr[I]	axi_crossbar_inst.axi_crossbar_rd_inst.s_ifaces[I].addr_inst.thread_count_reg[J][K]
92	-0.1957	m07_axi_bid[I]	m07_axi_bready
93	-0.1954	m01_axi_bid[I]	m01_axi_bready
94	-0.1948	m05_axi_rid[I]	m05_axi_rready
95	-0.1922	m02_axi_bid[I]	m02_axi_bready
96	-0.1886	m00_axi_rid[I]	m00_axi_rready
97	-0.1866	s01_axi_araddr[I]	axi_crossbar_inst.axi_crossbar_rd_inst.s_ifaces[I].addr_inst.thread_count_reg[J][K]
98	-0.1863	m00_axi_bid[I]	m00_axi_bready
99	-0.1823	m05_axi_rid[I]	axi_crossbar_inst.axi_crossbar_rd_inst.s_ifaces[I].addr_inst.thread_count_reg[J][K]
100	-0.1811	m07_axi_rid[I]	axi_crossbar_inst.axi_crossbar_rd_inst.s_ifaces[I].addr_inst.thread_count_reg[J][K]
