# stage	6_final
# top_module	viterbi_core
# top_n	100
# rank	worst_slack_ns	start	end
1	-0.9487	acs_inst_33.pm_r[I]	pm_normalize_inst.pm_nom_r[I][J]
2	-0.9483	acs_inst_45.pm_r[I]	pm_normalize_inst.pm_nom_r[I][J]
3	-0.9480	acs_inst_53.pm_r[I]	pm_normalize_inst.pm_nom_r[I][J]
4	-0.9448	acs_inst_51.pm_r[I]	pm_normalize_inst.pm_nom_r[I][J]
5	-0.9435	acs_inst_9.pm_r[I]	pm_normalize_inst.pm_nom_r[I][J]
6	-0.9435	acs_inst_3.pm_r[I]	pm_normalize_inst.pm_nom_r[I][J]
7	-0.9419	acs_inst_29.pm_r[I]	pm_normalize_inst.pm_nom_r[I][J]
8	-0.9414	acs_inst_17.pm_r[I]	pm_normalize_inst.pm_nom_r[I][J]
9	-0.9414	acs_inst_5.pm_r[I]	pm_normalize_inst.pm_nom_r[I][J]
10	-0.9412	acs_inst_57.pm_r[I]	pm_normalize_inst.pm_nom_r[I][J]
11	-0.9411	acs_inst_1.pm_r[I]	pm_normalize_inst.pm_nom_r[I][J]
12	-0.9411	acs_inst_55.pm_r[I]	pm_normalize_inst.pm_nom_r[I][J]
13	-0.9390	acs_inst_49.pm_r[I]	pm_normalize_inst.pm_nom_r[I][J]
14	-0.9388	acs_inst_11.pm_r[I]	pm_normalize_inst.pm_nom_r[I][J]
15	-0.9383	acs_inst_27.pm_r[I]	pm_normalize_inst.pm_nom_r[I][J]
16	-0.9370	acs_inst_31.pm_r[I]	pm_normalize_inst.pm_nom_r[I][J]
17	-0.9354	acs_inst_47.pm_r[I]	pm_normalize_inst.pm_nom_r[I][J]
18	-0.9353	acs_inst_63.pm_r[I]	pm_normalize_inst.pm_nom_r[I][J]
19	-0.9330	acs_inst_13.pm_r[I]	pm_normalize_inst.pm_nom_r[I][J]
20	-0.9325	acs_inst_43.pm_r[I]	pm_normalize_inst.pm_nom_r[I][J]
21	-0.9323	acs_inst_7.pm_r[I]	pm_normalize_inst.pm_nom_r[I][J]
22	-0.9319	acs_inst_35.pm_r[I]	pm_normalize_inst.pm_nom_r[I][J]
23	-0.9274	acs_inst_41.pm_r[I]	pm_normalize_inst.pm_nom_r[I][J]
24	-0.9233	acs_inst_52.pm_r[I]	pm_normalize_inst.pm_nom_r[I][J]
25	-0.9204	acs_inst_19.pm_r[I]	pm_normalize_inst.pm_nom_r[I][J]
26	-0.9186	acs_inst_23.pm_r[I]	pm_normalize_inst.pm_nom_r[I][J]
27	-0.9182	acs_inst_54.pm_r[I]	pm_normalize_inst.pm_nom_r[I][J]
28	-0.9148	acs_inst_37.pm_r[I]	pm_normalize_inst.pm_nom_r[I][J]
29	-0.9146	acs_inst_28.pm_r[I]	pm_normalize_inst.pm_nom_r[I][J]
30	-0.9140	acs_inst_59.pm_r[I]	pm_normalize_inst.pm_nom_r[I][J]
31	-0.9136	acs_inst_44.pm_r[I]	pm_normalize_inst.pm_nom_r[I][J]
32	-0.9127	acs_inst_32.pm_r[I]	pm_normalize_inst.pm_nom_r[I][J]
33	-0.9125	acs_inst_30.pm_r[I]	pm_normalize_inst.pm_nom_r[I][J]
34	-0.9106	acs_inst_15.pm_r[I]	pm_normalize_inst.pm_nom_r[I][J]
35	-0.9095	acs_inst_46.pm_r[I]	pm_normalize_inst.pm_nom_r[I][J]
36	-0.9092	acs_inst_61.pm_r[I]	pm_normalize_inst.pm_nom_r[I][J]
37	-0.9088	acs_inst_48.pm_r[I]	pm_normalize_inst.pm_nom_r[I][J]
38	-0.9082	acs_inst_8.pm_r[I]	pm_normalize_inst.pm_nom_r[I][J]
39	-0.9073	acs_inst_2.pm_r[I]	pm_normalize_inst.pm_nom_r[I][J]
40	-0.9068	acs_inst_42.pm_r[I]	pm_normalize_inst.pm_nom_r[I][J]
41	-0.9067	acs_inst_4.pm_r[I]	pm_normalize_inst.pm_nom_r[I][J]
42	-0.9057	acs_inst_50.pm_r[I]	pm_normalize_inst.pm_nom_r[I][J]
43	-0.9053	acs_inst_0.pm_r[I]	pm_normalize_inst.pm_nom_r[I][J]
44	-0.9027	acs_inst_10.pm_r[I]	pm_normalize_inst.pm_nom_r[I][J]
45	-0.9026	acs_inst_56.pm_r[I]	pm_normalize_inst.pm_nom_r[I][J]
46	-0.9025	acs_inst_26.pm_r[I]	pm_normalize_inst.pm_nom_r[I][J]
47	-0.9016	acs_inst_39.pm_r[I]	pm_normalize_inst.pm_nom_r[I][J]
48	-0.9015	acs_inst_16.pm_r[I]	pm_normalize_inst.pm_nom_r[I][J]
49	-0.8998	acs_inst_40.pm_r[I]	pm_normalize_inst.pm_nom_r[I][J]
50	-0.8981	acs_inst_25.pm_r[I]	pm_normalize_inst.pm_nom_r[I][J]
51	-0.8963	acs_inst_62.pm_r[I]	pm_normalize_inst.pm_nom_r[I][J]
52	-0.8960	acs_inst_34.pm_r[I]	pm_normalize_inst.pm_nom_r[I][J]
53	-0.8945	acs_inst_6.pm_r[I]	pm_normalize_inst.pm_nom_r[I][J]
54	-0.8932	acs_inst_21.pm_r[I]	pm_normalize_inst.pm_nom_r[I][J]
55	-0.8932	acs_inst_12.pm_r[I]	pm_normalize_inst.pm_nom_r[I][J]
56	-0.8839	acs_inst_14.pm_r[I]	pm_normalize_inst.pm_nom_r[I][J]
57	-0.8821	acs_inst_22.pm_r[I]	pm_normalize_inst.pm_nom_r[I][J]
58	-0.8819	acs_inst_18.pm_r[I]	pm_normalize_inst.pm_nom_r[I][J]
59	-0.8811	acs_inst_60.pm_r[I]	pm_normalize_inst.pm_nom_r[I][J]
60	-0.8788	acs_inst_36.pm_r[I]	pm_normalize_inst.pm_nom_r[I][J]
61	-0.8773	acs_inst_38.pm_r[I]	pm_normalize_inst.pm_nom_r[I][J]
62	-0.8773	acs_inst_58.pm_r[I]	pm_normalize_inst.pm_nom_r[I][J]
63	-0.8680	acs_inst_24.pm_r[I]	pm_normalize_inst.pm_nom_r[I][J]
64	-0.8568	acs_inst_20.pm_r[I]	pm_normalize_inst.pm_nom_r[I][J]
65	0.1207	src_rdata_i[I]	bmu_inst_41.bm_r[I]
66	0.1220	src_rdata_i[I]	bmu_inst_32.bm_r[I]
67	0.1241	src_rdata_i[I]	bmu_inst_31.bm_r[I]
68	0.1244	src_rdata_i[I]	bmu_inst_14.bm_r[I]
69	0.1290	src_rdata_i[I]	bmu_inst_42.bm_r[I]
70	0.1303	src_rdata_i[I]	bmu_inst_37.bm_r[I]
71	0.1337	src_rdata_i[I]	bmu_inst_54.bm_r[I]
72	0.1338	src_rdata_i[I]	bmu_inst_46.bm_r[I]
73	0.1347	src_rdata_i[I]	bmu_inst_18.bm_r[I]
74	0.1355	src_rdata_i[I]	bmu_inst_17.bm_r[I]
75	0.1377	src_rdata_i[I]	bmu_inst_47.bm_r[I]
76	0.1382	src_rdata_i[I]	bmu_inst_7.bm_r[I]
77	0.1382	src_rdata_i[I]	bmu_inst_20.bm_r[I]
78	0.1391	src_rdata_i[I]	bmu_inst_9.bm_r[I]
79	0.1392	src_rdata_i[I]	bmu_inst_53.bm_r[I]
80	0.1395	src_rdata_i[I]	bmu_inst_38.bm_r[I]
81	0.1403	src_rdata_i[I]	bmu_inst_63.bm_r[I]
82	0.1405	src_rdata_i[I]	bmu_inst_43.bm_r[I]
83	0.1407	src_rdata_i[I]	bmu_inst_48.bm_r[I]
84	0.1416	src_rdata_i[I]	bmu_inst_30.bm_r[I]
85	0.1422	src_rdata_i[I]	bmu_inst_33.bm_r[I]
86	0.1433	src_rdata_i[I]	bmu_inst_59.bm_r[I]
87	0.1435	src_rdata_i[I]	bmu_inst_36.bm_r[I]
88	0.1435	src_rdata_i[I]	bmu_inst_8.bm_r[I]
89	0.1436	src_rdata_i[I]	bmu_inst_5.bm_r[I]
90	0.1436	src_rdata_i[I]	bmu_inst_44.bm_r[I]
91	0.1452	src_rdata_i[I]	bmu_inst_39.bm_r[I]
92	0.1457	src_rdata_i[I]	bmu_inst_2.bm_r[I]
93	0.1460	src_rdata_i[I]	bmu_inst_52.bm_r[I]
94	0.1477	src_rdata_i[I]	bmu_inst_60.bm_r[I]
95	0.1478	src_rdata_i[I]	bmu_inst_16.bm_r[I]
96	0.1480	src_rdata_i[I]	bmu_inst_34.bm_r[I]
97	0.1481	src_rdata_i[I]	bmu_inst_35.bm_r[I]
98	0.1494	src_rdata_i[I]	bmu_inst_55.bm_r[I]
99	0.1508	src_rdata_i[I]	bmu_inst_23.bm_r[I]
100	0.1511	src_rdata_i[I]	bmu_inst_62.bm_r[I]
