# stage	1_synth
# top_module	wb_dma_top
# top_n	100
# rank	worst_slack_ns	start	end
1	-7.5527	rst_i	u0.csr_r[I]
2	-7.5527	rst_i	u0.int_maska_r[I]
3	-7.5527	rst_i	u0.int_maskb_r[I]
4	-7.5527	rst_i	u0.u0.ch_csr_r2[I]
5	-7.5527	rst_i	u0.u0.ch_csr_r3[I]
6	-7.5527	rst_i	u0.u0.ch_csr_r[I]
7	-7.5527	rst_i	u0.u0.ch_done
8	-7.5527	rst_i	u0.u0.ch_eol
9	-7.5527	rst_i	u0.u0.int_src_r[I]
10	-7.5527	rst_i	u0.u0.ptr_valid
11	-7.5527	rst_i	u0.u0.rest_en
12	-7.5527	rst_i	u0.u0.sw_pointer_r[I]
13	-7.5527	rst_i	u0.u1.ch_csr_r2[I]
14	-7.5527	rst_i	u0.u1.ch_csr_r3[I]
15	-7.5527	rst_i	u0.u1.ch_csr_r[I]
16	-7.5527	rst_i	u0.u1.ch_done
17	-7.5527	rst_i	u0.u1.ch_eol
18	-7.5527	rst_i	u0.u1.ch_err
19	-7.5527	rst_i	u0.u1.int_src_r[I]
20	-7.5527	rst_i	u0.u1.ptr_valid
21	-7.5527	rst_i	u0.u1.rest_en
22	-7.5527	rst_i	u0.u1.sw_pointer_r[I]
23	-7.5527	rst_i	u0.u10.ch_csr_r2[I]
24	-7.5527	rst_i	u0.u10.ch_csr_r3[I]
25	-7.5527	rst_i	u0.u10.ch_csr_r[I]
26	-7.5527	rst_i	u0.u10.ch_done
27	-7.5527	rst_i	u0.u10.ch_eol
28	-7.5527	rst_i	u0.u10.int_src_r[I]
29	-7.5527	rst_i	u0.u10.ptr_valid
30	-7.5527	rst_i	u0.u10.rest_en
31	-7.5527	rst_i	u0.u10.sw_pointer_r[I]
32	-7.5527	rst_i	u0.u11.ch_csr_r2[I]
33	-7.5527	rst_i	u0.u11.ch_csr_r3[I]
34	-7.5527	rst_i	u0.u11.ch_csr_r[I]
35	-7.5527	rst_i	u0.u11.ch_done
36	-7.5527	rst_i	u0.u11.ch_eol
37	-7.5527	rst_i	u0.u11.int_src_r[I]
38	-7.5527	rst_i	u0.u11.ptr_valid
39	-7.5527	rst_i	u0.u11.rest_en
40	-7.5527	rst_i	u0.u11.sw_pointer_r[I]
41	-7.5527	rst_i	u0.u12.ch_csr_r2[I]
42	-7.5527	rst_i	u0.u12.ch_csr_r3[I]
43	-7.5527	rst_i	u0.u12.ch_csr_r[I]
44	-7.5527	rst_i	u0.u12.ch_done
45	-7.5527	rst_i	u0.u12.ch_eol
46	-7.5527	rst_i	u0.u12.int_src_r[I]
47	-7.5527	rst_i	u0.u12.ptr_valid
48	-7.5527	rst_i	u0.u12.rest_en
49	-7.5527	rst_i	u0.u12.sw_pointer_r[I]
50	-7.5527	rst_i	u0.u13.ch_csr_r2[I]
51	-7.5527	rst_i	u0.u13.ch_csr_r3[I]
52	-7.5527	rst_i	u0.u13.ch_csr_r[I]
53	-7.5527	rst_i	u0.u13.ch_done
54	-7.5527	rst_i	u0.u13.ch_eol
55	-7.5527	rst_i	u0.u13.int_src_r[I]
56	-7.5527	rst_i	u0.u13.ptr_valid
57	-7.5527	rst_i	u0.u13.rest_en
58	-7.5527	rst_i	u0.u13.sw_pointer_r[I]
59	-7.5527	rst_i	u0.u14.ch_csr_r2[I]
60	-7.5527	rst_i	u0.u14.ch_csr_r3[I]
61	-7.5527	rst_i	u0.u14.ch_csr_r[I]
62	-7.5527	rst_i	u0.u14.ch_done
63	-7.5527	rst_i	u0.u14.ch_eol
64	-7.5527	rst_i	u0.u14.int_src_r[I]
65	-7.5527	rst_i	u0.u14.ptr_valid
66	-7.5527	rst_i	u0.u14.rest_en
67	-7.5527	rst_i	u0.u14.sw_pointer_r[I]
68	-7.5527	rst_i	u0.u15.ch_csr_r2[I]
69	-7.5527	rst_i	u0.u15.ch_csr_r3[I]
70	-7.5527	rst_i	u0.u15.ch_csr_r[I]
71	-7.5527	rst_i	u0.u15.ch_done
72	-7.5527	rst_i	u0.u15.ch_eol
73	-7.5527	rst_i	u0.u15.int_src_r[I]
74	-7.5527	rst_i	u0.u15.ptr_valid
75	-7.5527	rst_i	u0.u15.rest_en
76	-7.5527	rst_i	u0.u15.sw_pointer_r[I]
77	-7.5527	rst_i	u0.u2.ch_csr_r2[I]
78	-7.5527	rst_i	u0.u2.ch_csr_r3[I]
79	-7.5527	rst_i	u0.u2.ch_csr_r[I]
80	-7.5527	rst_i	u0.u2.ch_done
81	-7.5527	rst_i	u0.u2.ch_eol
82	-7.5527	rst_i	u0.u2.int_src_r[I]
83	-7.5527	rst_i	u0.u2.ptr_valid
84	-7.5527	rst_i	u0.u2.rest_en
85	-7.5527	rst_i	u0.u2.sw_pointer_r[I]
86	-7.5527	rst_i	u0.u3.ch_csr_r2[I]
87	-7.5527	rst_i	u0.u3.ch_csr_r3[I]
88	-7.5527	rst_i	u0.u3.ch_csr_r[I]
89	-7.5527	rst_i	u0.u3.ch_done
90	-7.5527	rst_i	u0.u3.ch_eol
91	-7.5527	rst_i	u0.u3.ch_err
92	-7.5527	rst_i	u0.u3.int_src_r[I]
93	-7.5527	rst_i	u0.u3.ptr_valid
94	-7.5527	rst_i	u0.u3.rest_en
95	-7.5527	rst_i	u0.u3.sw_pointer_r[I]
96	-7.5527	rst_i	u0.u4.ch_csr_r2[I]
97	-7.5527	rst_i	u0.u4.ch_csr_r3[I]
98	-7.5527	rst_i	u0.u4.ch_csr_r[I]
99	-7.5527	rst_i	u0.u4.ch_done
100	-7.5527	rst_i	u0.u4.ch_eol
