# stage	6_final
# top_module	wb_dma_top
# top_n	100
# rank	worst_slack_ns	start	end
1	-0.5336	u2.state[I]	wb0s_data_o[I]
2	-0.5277	u2.state[I]	wb1s_data_o[I]
3	-0.4571	u1.u0.pri_out0[I]	wb0s_data_o[I]
4	-0.4511	u1.u0.pri_out0[I]	wb1s_data_o[I]
5	-0.4465	u1.u2.state[I]	wb0s_data_o[I]
6	-0.4445	u1.u1.state[I]	wb0s_data_o[I]
7	-0.4406	u1.u2.state[I]	wb1s_data_o[I]
8	-0.4386	u1.u1.state[I]	wb1s_data_o[I]
9	-0.4022	u1.ch_sel_r[I]	wb0s_data_o[I]
10	-0.3962	u1.ch_sel_r[I]	wb1s_data_o[I]
11	-0.2964	u0.u8.ch_csr_r[I]	wb0s_data_o[I]
12	-0.2870	u0.u6.ch_csr_r[I]	wb0s_data_o[I]
13	-0.2850	u0.u10.ch_csr_r[I]	wb0s_data_o[I]
14	-0.2833	u0.u12.ch_csr_r[I]	wb0s_data_o[I]
15	-0.2821	u0.u3.ch_csr_r[I]	wb0s_data_o[I]
16	-0.2810	u0.u6.ch_csr_r[I]	wb1s_data_o[I]
17	-0.2773	u0.u12.ch_csr_r[I]	wb1s_data_o[I]
18	-0.2761	u0.u3.ch_csr_r[I]	wb1s_data_o[I]
19	-0.2720	u0.u4.ch_csr_r[I]	wb0s_data_o[I]
20	-0.2660	u0.u4.ch_csr_r[I]	wb1s_data_o[I]
21	-0.2615	u0.u10.ch_csr_r[I]	wb1s_data_o[I]
22	-0.2612	u0.u11.ch_csr_r[I]	wb0s_data_o[I]
23	-0.2607	u0.u7.ch_csr_r[I]	wb0s_data_o[I]
24	-0.2591	u0.u1.ch_csr_r[I]	wb0s_data_o[I]
25	-0.2552	u0.u11.ch_csr_r[I]	wb1s_data_o[I]
26	-0.2548	u0.u7.ch_csr_r[I]	wb1s_data_o[I]
27	-0.2531	u0.u1.ch_csr_r[I]	wb1s_data_o[I]
28	-0.2456	u0.u2.ch_csr_r[I]	wb0s_data_o[I]
29	-0.2397	u0.u2.ch_csr_r[I]	wb1s_data_o[I]
30	-0.2394	u0.u9.ch_csr_r[I]	wb0s_data_o[I]
31	-0.2390	u0.u15.ch_csr_r[I]	wb0s_data_o[I]
32	-0.2382	u0.u5.ch_csr_r[I]	wb0s_data_o[I]
33	-0.2349	u0.u13.ch_csr_r[I]	wb0s_data_o[I]
34	-0.2334	u0.u9.ch_csr_r[I]	wb1s_data_o[I]
35	-0.2314	u0.u8.ch_csr_r[I]	wb1s_data_o[I]
36	-0.2302	u0.u15.ch_csr_r[I]	wb1s_data_o[I]
37	-0.2295	u0.u14.ch_csr_r[I]	wb0s_data_o[I]
38	-0.2289	u0.u13.ch_csr_r[I]	wb1s_data_o[I]
39	-0.2251	u1.ndr_r[I]	wb0s_data_o[I]
40	-0.2235	u0.u14.ch_csr_r[I]	wb1s_data_o[I]
41	-0.2136	u0.u5.ch_csr_r[I]	wb1s_data_o[I]
42	-0.1911	u2.state[I]	wb0s_data_o[I]
43	-0.1772	u0.u0.ch_csr_r[I]	wb1s_data_o[I]
44	-0.1766	u0.u0.ch_csr_r[I]	wb0s_data_o[I]
45	-0.1180	wb0_addr_i[I]	wb1s_data_o[I]
46	-0.1106	wb0_addr_i[I]	wb1_addr_o[I]
47	-0.1096	wb1_addr_i[I]	wb0s_data_o[I]
48	-0.1086	wb0_addr_i[I]	wb0m_data_o[I]
49	-0.1074	wb0_addr_i[I]	wb0_rty_o
50	-0.1036	wb0_addr_i[I]	wb1_stb_o
51	-0.1025	wb0_addr_i[I]	wb0_ack_o
52	-0.0971	wb0_addr_i[I]	wb1_we_o
53	-0.0956	u2.state[I]	u2.mast0_adr[I]
54	-0.0896	wb1_addr_i[I]	wb1_ack_o
55	-0.0890	wb1_addr_i[I]	wb0_addr_o[I]
56	-0.0872	wb1_addr_i[I]	wb0_we_o
57	-0.0849	wb1_addr_i[I]	wb0_stb_o
58	-0.0841	wb0_addr_i[I]	wb0_err_o
59	-0.0805	wb1_addr_i[I]	wb1m_data_o[I]
60	-0.0792	wb0_addr_i[I]	wb1_cyc_o
61	-0.0787	u2.state[I]	u2.adr0_cnt[I]
62	-0.0768	wb1_addr_i[I]	wb1_err_o
63	-0.0737	wb1_addr_i[I]	wb1_rty_o
64	-0.0643	wb1_addr_i[I]	wb0_cyc_o
65	-0.0641	u2.state[I]	u2.adr1_cnt[I]
66	-0.0522	u2.state[I]	u2.mast1_adr[I]
67	-0.0506	u2.state[I]	u2.chunk_0
68	-0.0458	u2.state[I]	u0.u10.ch_adr0_r[I]
69	-0.0449	wb0_addr_i[I]	wb1_sel_o[I]
70	-0.0435	u2.state[I]	u0.u10.ch_adr0_s[I]
71	-0.0426	u1.u0.pri_out0[I]	u2.adr0_cnt[I]
72	-0.0425	u2.state[I]	u2.chunk_cnt[I]
73	-0.0382	wb0_cyc_i	wb1_addr_o[I]
74	-0.0362	u2.state[I]	u0.u5.ch_adr1_s[I]
75	-0.0357	wb0_cyc_i	wb0m_data_o[I]
76	-0.0335	u1.u0.pri_out0[I]	u2.mast0_adr[I]
77	-0.0322	wb1_cyc_i	wb0_addr_o[I]
78	-0.0322	wb0_cyc_i	wb1s_data_o[I]
79	-0.0313	wb0_cyc_i	wb1_stb_o
80	-0.0302	wb0_cyc_i	wb0_ack_o
81	-0.0241	u2.state[I]	u2.tsz_cnt[I]
82	-0.0237	wb1_cyc_i	wb0s_data_o[I]
83	-0.0221	wb0_cyc_i	wb1_we_o
84	-0.0209	u2.state[I]	u0.u12.pointer_r[I]
85	-0.0203	u3.u0.mast_dout[I]	wb0s_data_o[I]
86	-0.0202	u2.state[I]	u4.u0.mast_stb
87	-0.0183	u2.state[I]	u0.u11.ch_chk_sz_r[I]
88	-0.0134	wb0_cyc_i	wb0_rty_o
89	-0.0131	u1.u0.pri_out0[I]	u2.adr1_cnt[I]
90	-0.0117	wb1_cyc_i	wb1_ack_o
91	-0.0116	u1.u2.state[I]	u2.mast0_adr[I]
92	-0.0096	wb1_addr_i[I]	wb0_sel_o[I]
93	-0.0095	u2.state[I]	u0.u5.ch_adr0_s[I]
94	-0.0092	wb1_cyc_i	wb0_we_o
95	-0.0091	u1.u1.state[I]	u2.mast0_adr[I]
96	-0.0088	u2.state[I]	u0.u5.ch_adr0_r[I]
97	-0.0079	u1.u1.state[I]	u2.adr0_cnt[I]
98	-0.0071	u2.state[I]	u0.u10.ch_adr1_r[I]
99	-0.0065	u1.u2.state[I]	u2.adr0_cnt[I]
100	-0.0059	wb1_cyc_i	wb0_stb_o
