# stage	6_final
# top_module	aes
# top_n	100
# kind	blocks
# include_full	1
# rank	worst_slack_ns	start	end	start_full	end_full
1	-0.2016	core.dec_block.sword_ctr_reg[I]	core.dec_block.block_wI_reg[J]	core.dec_block.sword_ctr_reg[1]$_DFFE_PN0P_/Q	core.dec_block.block_w0_reg[4]$_DFFE_PN0P_/D
2	-0.2002	core.keymem.prev_keyI_reg[J]	core.keymem.key_mem[I][J]	core.keymem.prev_key1_reg[5]$_DFFE_PN0P_/QN	core.keymem.key_mem[11][6]$_DFFE_PN0P_/D
3	-0.1992	encdec_reg	core.dec_block.block_wI_reg[J]	encdec_reg$_DFFE_PN0P_/Q	core.dec_block.block_w2_reg[6]$_DFFE_PN0P_/D
4	-0.1938	core.enc_block.sword_ctr_reg[I]	core.enc_block.block_wI_reg[J]	core.enc_block.sword_ctr_reg[0]$_DFFE_PN0P_/Q	core.enc_block.block_w3_reg[3]$_DFFE_PN0P_/D
5	-0.1868	core.enc_block.round_ctr_reg[I]	core.dec_block.block_wI_reg[J]	core.enc_block.round_ctr_reg[1]$_DFFE_PN0P_/Q	core.dec_block.block_w2_reg[6]$_DFFE_PN0P_/D
6	-0.1839	core.dec_block.round_ctr_reg[I]	core.dec_block.block_wI_reg[J]	core.dec_block.round_ctr_reg[2]$_DFFE_PN0P_/Q	core.dec_block.block_w2_reg[6]$_DFFE_PN0P_/D
7	-0.1747	core.keymem.prev_keyI_reg[J]	core.keymem.prev_keyI_reg[J]	core.keymem.prev_key1_reg[17]$_DFFE_PN0P_/Q	core.keymem.prev_key1_reg[29]$_DFFE_PN0P_/D
8	-0.1558	address[I]	read_data[I]	address[1]	read_data[13]
9	-0.1306	core.enc_block.enc_ctrl_reg[I]	core.enc_block.block_wI_reg[J]	core.enc_block.enc_ctrl_reg[2]$_DFF_PN0_/Q	core.enc_block.block_w0_reg[31]$_DFFE_PN0P_/D
10	-0.0916	core.dec_block.dec_ctrl_reg[I]	core.dec_block.block_wI_reg[J]	core.dec_block.dec_ctrl_reg[2]$_DFF_PN0_/Q	core.dec_block.block_w1_reg[20]$_DFFE_PN0P_/D
11	-0.0860	core.dec_block.block_wI_reg[J]	core.dec_block.block_wI_reg[J]	core.dec_block.block_w3_reg[15]$_DFFE_PN0P_/Q	core.dec_block.block_w0_reg[12]$_DFFE_PN0P_/D
12	-0.0858	core.enc_block.block_wI_reg[J]	core.enc_block.block_wI_reg[J]	core.enc_block.block_w1_reg[12]$_DFFE_PN0P_/Q	core.enc_block.block_w2_reg[9]$_DFFE_PN0P_/D
13	-0.0729	core.keymem.key_mem[I][J]	core.dec_block.block_wI_reg[J]	core.keymem.key_mem[11][27]$_DFFE_PN0P_/Q	core.dec_block.block_w2_reg[6]$_DFFE_PN0P_/D
14	-0.0687	result_reg[I]	read_data[I]	result_reg[34]$_DFF_PN0_/Q	read_data[2]
15	-0.0594	init_reg	read_data[I]	init_reg$_DFF_PN0_/Q	read_data[0]
16	-0.0493	encdec_reg	read_data[I]	encdec_reg$_DFFE_PN0P_/Q	read_data[2]
17	-0.0429	next_reg	read_data[I]	next_reg$_DFF_PN0_/Q	read_data[1]
18	-0.0383	we	read_data[I]	we	read_data[12]
19	-0.0365	cs	read_data[I]	cs	read_data[12]
20	-0.0115	encdec_reg	core.enc_block.block_wI_reg[J]	encdec_reg$_DFFE_PN0P_/Q	core.enc_block.block_w2_reg[12]$_DFFE_PN0P_/D
21	0.0045	ready_reg	read_data[I]	ready_reg$_DFF_PN0_/Q	read_data[0]
22	0.0069	core.enc_block.round_ctr_reg[I]	core.enc_block.block_wI_reg[J]	core.enc_block.round_ctr_reg[2]$_DFFE_PN0P_/Q	core.enc_block.block_w2_reg[4]$_DFFE_PN0P_/D
23	0.0072	keylen_reg	read_data[I]	keylen_reg$_DFFE_PN0P_/Q	read_data[3]
24	0.0074	valid_reg	read_data[I]	valid_reg$_DFF_PN0_/Q	read_data[1]
25	0.0089	core.dec_block.round_ctr_reg[I]	core.enc_block.block_wI_reg[J]	core.dec_block.round_ctr_reg[0]$_DFFE_PN0P_/Q	core.enc_block.block_w2_reg[12]$_DFFE_PN0P_/D
26	0.0338	core.keymem.round_ctr_reg[I]	core.keymem.key_mem[I][J]	core.keymem.round_ctr_reg[2]$_DFFE_PN0P_/Q	core.keymem.key_mem[12][99]$_DFFE_PN0P_/D
27	0.0557	core.keymem.round_ctr_reg[I]	core.keymem.prev_keyI_reg[J]	core.keymem.round_ctr_reg[2]$_DFFE_PN0P_/Q	core.keymem.prev_key1_reg[26]$_DFFE_PN0P_/D
28	0.1210	encdec_reg	result_reg[I]	encdec_reg$_DFFE_PN0P_/Q	result_reg[9]$_DFF_PN0_/D
29	0.1225	keylen_reg	core.enc_block.block_wI_reg[J]	keylen_reg$_DFFE_PN0P_/QN	core.enc_block.block_w2_reg[4]$_DFFE_PN0P_/D
30	0.1536	keylen_reg	core.keymem.prev_keyI_reg[J]	keylen_reg$_DFFE_PN0P_/Q	core.keymem.prev_key1_reg[26]$_DFFE_PN0P_/D
31	0.1612	core.keymem.key_mem_ctrl_reg[I]	core.keymem.key_mem[I][J]	core.keymem.key_mem_ctrl_reg[1]$_DFF_PN0_/Q	core.keymem.key_mem[14][115]$_DFFE_PN0P_/D
32	0.1808	keylen_reg	core.keymem.key_mem[I][J]	keylen_reg$_DFFE_PN0P_/Q	core.keymem.key_mem[12][20]$_DFFE_PN0P_/D
33	0.2007	core.keymem.rcon_reg[I]	core.keymem.key_mem[I][J]	core.keymem.rcon_reg[7]$_DFFE_PN0P_/Q	core.keymem.key_mem[10][63]$_DFFE_PN0P_/D
34	0.2009	core.keymem.key_mem_ctrl_reg[I]	core.keymem.prev_keyI_reg[J]	core.keymem.key_mem_ctrl_reg[1]$_DFF_PN0_/Q	core.keymem.prev_key1_reg[25]$_DFFE_PN0P_/D
35	0.2116	core.keymem.key_mem[I][J]	core.enc_block.block_wI_reg[J]	core.keymem.key_mem[8][37]$_DFFE_PN0P_/Q	core.enc_block.block_w2_reg[5]$_DFFE_PN0P_/D
36	0.2198	core.keymem.round_ctr_reg[I]	core.keymem.rcon_reg[I]	core.keymem.round_ctr_reg[0]$_DFFE_PN0P_/Q	core.keymem.rcon_reg[0]$_DFFE_PN0P_/D
37	0.2216	address[I]	key_reg[I][J]	address[3]	key_reg[4][23]$_DFFE_PN0P_/D
38	0.2366	core.keymem.rcon_reg[I]	core.keymem.prev_keyI_reg[J]	core.keymem.rcon_reg[7]$_DFFE_PN0P_/Q	core.keymem.prev_key1_reg[31]$_DFFE_PN0P_/D
39	0.2405	address[I]	block_reg[I][J]	address[6]	block_reg[2][20]$_DFFE_PN0P_/D
40	0.2615	keylen_reg	core.keymem.key_mem_ctrl_reg[I]	keylen_reg$_DFFE_PN0P_/Q	core.keymem.key_mem_ctrl_reg[0]$_DFF_PN1_/D
41	0.2626	we	key_reg[I][J]	we	key_reg[4][23]$_DFFE_PN0P_/D
42	0.2637	cs	key_reg[I][J]	cs	key_reg[4][23]$_DFFE_PN0P_/D
43	0.2637	encdec_reg	core.aes_core_ctrl_reg[I]	encdec_reg$_DFFE_PN0P_/Q	core.aes_core_ctrl_reg[1]$_DFF_PN0_/D
44	0.2716	we	block_reg[I][J]	we	block_reg[2][20]$_DFFE_PN0P_/D
45	0.2727	cs	block_reg[I][J]	cs	block_reg[2][20]$_DFFE_PN0P_/D
46	0.2819	core.keymem.key_mem_ctrl_reg[I]	core.keymem.rcon_reg[I]	core.keymem.key_mem_ctrl_reg[1]$_DFF_PN0_/Q	core.keymem.rcon_reg[0]$_DFFE_PN0P_/D
47	0.3151	keylen_reg	core.keymem.rcon_reg[I]	keylen_reg$_DFFE_PN0P_/Q	core.keymem.rcon_reg[3]$_DFFE_PN0P_/D
48	0.3157	encdec_reg	core.enc_block.round_ctr_reg[I]	encdec_reg$_DFFE_PN0P_/Q	core.enc_block.round_ctr_reg[2]$_DFFE_PN0P_/D
49	0.3231	encdec_reg	core.ready_reg	encdec_reg$_DFFE_PN0P_/Q	core.ready_reg$_DFFE_PN1P_/D
50	0.3235	encdec_reg	core.enc_block.ready_reg	encdec_reg$_DFFE_PN0P_/Q	core.enc_block.ready_reg$_DFFE_PN1P_/D
51	0.3246	core.dec_block.sword_ctr_reg[I]	core.dec_block.round_ctr_reg[I]	core.dec_block.sword_ctr_reg[1]$_DFFE_PN0P_/Q	core.dec_block.round_ctr_reg[2]$_DFFE_PN0P_/D
52	0.3283	address[I]	keylen_reg	address[1]	keylen_reg$_DFFE_PN0P_/D
53	0.3366	reset_n	core.keymem.key_mem[I][J]	reset_n	core.keymem.key_mem[10][115]$_DFFE_PN0P_/RN
54	0.3373	address[I]	encdec_reg	address[1]	encdec_reg$_DFFE_PN0P_/D
55	0.3388	reset_n	block_reg[I][J]	reset_n	block_reg[3][5]$_DFFE_PN0P_/RN
56	0.3425	block_reg[I][J]	core.dec_block.block_wI_reg[J]	block_reg[3][21]$_DFFE_PN0P_/Q	core.dec_block.block_w0_reg[21]$_DFFE_PN0P_/D
57	0.3444	reset_n	core.ready_reg	reset_n	core.ready_reg$_DFFE_PN1P_/SN
58	0.3495	reset_n	core.dec_block.block_wI_reg[J]	reset_n	core.dec_block.block_w2_reg[19]$_DFFE_PN0P_/RN
59	0.3495	reset_n	core.keymem.prev_keyI_reg[J]	reset_n	core.keymem.prev_key0_reg[87]$_DFFE_PN0P_/RN
60	0.3500	reset_n	key_reg[I][J]	reset_n	key_reg[1][23]$_DFFE_PN0P_/RN
61	0.3515	reset_n	core.aes_core_ctrl_reg[I]	reset_n	core.aes_core_ctrl_reg[0]$_DFF_PN1_/SN
62	0.3516	reset_n	core.dec_block.round_ctr_reg[I]	reset_n	core.dec_block.round_ctr_reg[2]$_DFFE_PN0P_/RN
63	0.3519	reset_n	result_reg[I]	reset_n	result_reg[98]$_DFF_PN0_/RN
64	0.3522	reset_n	next_reg	reset_n	next_reg$_DFF_PN0_/RN
65	0.3537	reset_n	init_reg	reset_n	init_reg$_DFF_PN0_/RN
66	0.3559	encdec_reg	core.dec_block.round_ctr_reg[I]	encdec_reg$_DFFE_PN0P_/Q	core.dec_block.round_ctr_reg[2]$_DFFE_PN0P_/D
67	0.3571	address[I]	next_reg	address[6]	next_reg$_DFF_PN0_/D
68	0.3584	core.keymem.key_mem_ctrl_reg[I]	core.keymem.round_ctr_reg[I]	core.keymem.key_mem_ctrl_reg[1]$_DFF_PN0_/Q	core.keymem.round_ctr_reg[3]$_DFFE_PN0P_/D
69	0.3595	address[I]	init_reg	address[6]	init_reg$_DFF_PN0_/D
70	0.3626	encdec_reg	core.dec_block.ready_reg	encdec_reg$_DFFE_PN0P_/Q	core.dec_block.ready_reg$_DFFE_PN1P_/D
71	0.3631	encdec_reg	core.result_valid_reg	encdec_reg$_DFFE_PN0P_/Q	core.result_valid_reg$_DFFE_PN0P_/D
72	0.3702	reset_n	core.enc_block.round_ctr_reg[I]	reset_n	core.enc_block.round_ctr_reg[3]$_DFFE_PN0P_/RN
73	0.3750	reset_n	core.enc_block.block_wI_reg[J]	reset_n	core.enc_block.block_w0_reg[17]$_DFFE_PN0P_/RN
74	0.3808	reset_n	core.keymem.ready_reg	reset_n	core.keymem.ready_reg$_DFFE_PN1P_/SN
75	0.3860	core.dec_block.dec_ctrl_reg[I]	core.dec_block.round_ctr_reg[I]	core.dec_block.dec_ctrl_reg[1]$_DFF_PN0_/Q	core.dec_block.round_ctr_reg[2]$_DFFE_PN0P_/D
76	0.3862	reset_n	keylen_reg	reset_n	keylen_reg$_DFFE_PN0P_/RN
77	0.3890	core.enc_block.round_ctr_reg[I]	core.enc_block.enc_ctrl_reg[I]	core.enc_block.round_ctr_reg[2]$_DFFE_PN0P_/Q	core.enc_block.enc_ctrl_reg[1]$_DFF_PN0_/D
78	0.3926	core.dec_block.dec_ctrl_reg[I]	core.dec_block.ready_reg	core.dec_block.dec_ctrl_reg[1]$_DFF_PN0_/Q	core.dec_block.ready_reg$_DFFE_PN1P_/D
79	0.3956	reset_n	core.keymem.round_ctr_reg[I]	reset_n	core.keymem.round_ctr_reg[0]$_DFFE_PN0P_/RN
80	0.3978	key_reg[I][J]	core.keymem.key_mem[I][J]	key_reg[3][9]$_DFFE_PN0P_/Q	core.keymem.key_mem[14][9]$_DFFE_PN0P_/D
81	0.3997	core.keymem.key_mem_ctrl_reg[I]	core.keymem.key_mem_ctrl_reg[I]	core.keymem.key_mem_ctrl_reg[1]$_DFF_PN0_/Q	core.keymem.key_mem_ctrl_reg[2]$_DFF_PN0_/D
82	0.4002	encdec_reg	core.enc_block.enc_ctrl_reg[I]	encdec_reg$_DFFE_PN0P_/Q	core.enc_block.enc_ctrl_reg[0]$_DFF_PN1_/D
83	0.4017	core.enc_block.enc_ctrl_reg[I]	core.enc_block.enc_ctrl_reg[I]	core.enc_block.enc_ctrl_reg[2]$_DFF_PN0_/Q	core.enc_block.enc_ctrl_reg[2]$_DFF_PN0_/D
84	0.4035	core.keymem.round_ctr_reg[I]	core.keymem.key_mem_ctrl_reg[I]	core.keymem.round_ctr_reg[1]$_DFFE_PN0P_/Q	core.keymem.key_mem_ctrl_reg[2]$_DFF_PN0_/D
85	0.4055	core.enc_block.round_ctr_reg[I]	core.enc_block.ready_reg	core.enc_block.round_ctr_reg[2]$_DFFE_PN0P_/Q	core.enc_block.ready_reg$_DFFE_PN1P_/D
86	0.4101	core.dec_block.round_ctr_reg[I]	core.dec_block.round_ctr_reg[I]	core.dec_block.round_ctr_reg[2]$_DFFE_PN0P_/Q	core.dec_block.round_ctr_reg[3]$_DFFE_PN0P_/D
87	0.4133	reset_n	core.keymem.key_mem_ctrl_reg[I]	reset_n	core.keymem.key_mem_ctrl_reg[0]$_DFF_PN1_/SN
88	0.4178	core.dec_block.sword_ctr_reg[I]	core.dec_block.dec_ctrl_reg[I]	core.dec_block.sword_ctr_reg[1]$_DFFE_PN0P_/Q	core.dec_block.dec_ctrl_reg[0]$_DFF_PN1_/D
89	0.4187	reset_n	core.keymem.rcon_reg[I]	reset_n	core.keymem.rcon_reg[0]$_DFFE_PN0P_/RN
90	0.4201	reset_n	core.dec_block.ready_reg	reset_n	core.dec_block.ready_reg$_DFFE_PN1P_/SN
91	0.4202	reset_n	core.enc_block.ready_reg	reset_n	core.enc_block.ready_reg$_DFFE_PN1P_/SN
92	0.4236	block_reg[I][J]	core.enc_block.block_wI_reg[J]	block_reg[2][11]$_DFFE_PN0P_/Q	core.enc_block.block_w2_reg[11]$_DFFE_PN0P_/D
93	0.4269	reset_n	core.enc_block.sword_ctr_reg[I]	reset_n	core.enc_block.sword_ctr_reg[0]$_DFFE_PN0P_/RN
94	0.4283	reset_n	encdec_reg	reset_n	encdec_reg$_DFFE_PN0P_/RN
95	0.4362	encdec_reg	encdec_reg	encdec_reg$_DFFE_PN0P_/Q	encdec_reg$_DFFE_PN0P_/D
96	0.4386	reset_n	core.dec_block.dec_ctrl_reg[I]	reset_n	core.dec_block.dec_ctrl_reg[0]$_DFF_PN1_/SN
97	0.4390	we	keylen_reg	we	keylen_reg$_DFFE_PN0P_/D
98	0.4400	cs	keylen_reg	cs	keylen_reg$_DFFE_PN0P_/D
99	0.4465	next_reg	core.dec_block.round_ctr_reg[I]	next_reg$_DFF_PN0_/Q	core.dec_block.round_ctr_reg[2]$_DFFE_PN0P_/D
100	0.4479	reset_n	core.dec_block.sword_ctr_reg[I]	reset_n	core.dec_block.sword_ctr_reg[1]$_DFFE_PN0P_/RN
