# stage	6_final
# top_module	tpu_top
# top_n	100
# kind	blocks
# include_full	1
# rank	worst_slack_ns	start	end	start_full	end_full
1	0.0404	systolic.data_queue[I][J]	systolic.partial_hi[I][J]	systolic.data_queue[24][6]$_SDFFE_PN0P_/Q	systolic.partial_hi[24][11]$_SDFFE_PN0P_/D
2	0.0410	systolic.weight_queue[I][J]	systolic.partial_lo[I][J]	systolic.weight_queue[37][2]$_SDFFE_PN0P_/Q	systolic.partial_lo[37][11]$_SDFFE_PN0P_/D
3	0.0415	systolic.weight_queue[I][J]	systolic.partial_hi[I][J]	systolic.weight_queue[14][1]$_SDFFE_PN0P_/Q	systolic.partial_hi[14][11]$_SDFFE_PN0P_/D
4	0.0496	systolic.data_queue[I][J]	systolic.partial_lo[I][J]	systolic.data_queue[28][2]$_SDFFE_PN0P_/Q	systolic.partial_lo[28][11]$_SDFFE_PN0P_/D
5	0.0645	systolic_controll.matrix_index[I]	systolic.mul_outcome[I]	systolic_controll.matrix_index[4]$_SDFF_PP0_/QN	systolic.mul_outcome[88]$_SDFF_PN0_/D
6	0.1061	_I_	sram_wdata_b[I]	_106979_/Q	sram_wdata_b[71]
7	0.1193	addr_sel.sram_raddr_wI[J]	sram_raddr_dI[J]	addr_sel.sram_raddr_w1[6]$_SDFF_PN1_/Q	sram_raddr_d1[6]
8	0.1205	addr_sel.sram_raddr_wI[J]	sram_raddr_wI[J]	addr_sel.sram_raddr_w1[6]$_SDFF_PN1_/Q	sram_raddr_w1[6]
9	0.1210	write_out.sram_wdata_a[I]	sram_wdata_a[I]	write_out.sram_wdata_a[54]$_SDFF_PN0_/Q	sram_wdata_a[54]
10	0.1210	write_out.sram_waddr_c[I]	sram_waddr_c[I]	write_out.sram_waddr_c[3]$_SDFF_PN0_/Q	sram_waddr_c[3]
11	0.1215	_I_	sram_write_enable_bI	_106905_/Q	sram_write_enable_b0
12	0.1225	tpu_done_dd	tpu_done	tpu_done_dd$_SDFF_PN0_/Q	tpu_done
13	0.1229	write_out.sram_wdata_c[I]	sram_wdata_c[I]	write_out.sram_wdata_c[53]$_SDFF_PN0_/Q	sram_wdata_c[53]
14	0.1244	write_out.sram_waddr_a[I]	sram_waddr_a[I]	write_out.sram_waddr_a[3]$_SDFF_PN0_/Q	sram_waddr_a[3]
15	0.1301	_I_	sram_waddr_b[I]	_107039_/Q	sram_waddr_b[4]
16	0.1316	write_out.sram_write_enable_aI	sram_write_enable_aI	write_out.sram_write_enable_a0$_SDFF_PN1_/Q	sram_write_enable_a0
17	0.1328	write_out.sram_write_enable_cI	sram_write_enable_cI	write_out.sram_write_enable_c0$_SDFF_PN1_/Q	sram_write_enable_c0
18	0.1448	systolic.matrix_mul_ID[J][K]	systolic.matrix_mul_ID[J][K]	systolic.matrix_mul_2D[32][0]$_SDFFE_PN0P_/Q	systolic.matrix_mul_2D[32][20]$_SDFFE_PN0P_/D
19	0.1491	systolic.product_reg[I][J]	systolic.matrix_mul_ID[J][K]	systolic.product_reg[32][0]$_SDFF_PN0_/Q	systolic.matrix_mul_2D[32][20]$_SDFFE_PN0P_/D
20	0.1504	write_out.mi_lt	_I_	write_out.mi_lt$_SDFF_PN1_/Q	_106971_/D
21	0.1821	write_out.mi_add[I]	write_out.sram_wdata_a[I]	write_out.mi_add[1]$_SDFF_PN0_/Q	write_out.sram_wdata_a[98]$_SDFF_PN0_/D
22	0.1845	write_out.mi_add[I]	write_out.sram_wdata_c[I]	write_out.mi_add[1]$_SDFF_PN0_/Q	write_out.sram_wdata_c[98]$_SDFF_PN0_/D
23	0.1911	write_out.mi_add[I]	_I_	write_out.mi_add[1]$_SDFF_PN0_/Q	_107015_/D
24	0.2587	write_out.data_set_r[I]	_I_	write_out.data_set_r[1]$_SDFF_PN0_/Q	_106971_/D
25	0.2603	systolic.mode_regI[J][K]	systolic.matrix_mul_ID[J][K]	systolic.mode_reg2[6][1]$_SDFF_PN0_/Q	systolic.matrix_mul_2D[20][20]$_SDFFE_PN0P_/D
26	0.2620	systolic_controll.state[I]	systolic.weight_queue[I][J]	systolic_controll.state[3]$_DFF_P_/Q	systolic.weight_queue[28][2]$_SDFFE_PN0P_/D
27	0.2637	systolic_controll.state[I]	systolic.partial_lo[I][J]	systolic_controll.state[3]$_DFF_P_/Q	systolic.partial_lo[42][1]$_SDFFE_PN0P_/D
28	0.2658	systolic_controll.state[I]	systolic.partial_hi[I][J]	systolic_controll.state[3]$_DFF_P_/Q	systolic.partial_hi[42][8]$_SDFFE_PN0P_/D
29	0.2757	systolic_controll.state[I]	systolic.data_queue[I][J]	systolic_controll.state[3]$_DFF_P_/Q	systolic.data_queue[45][4]$_SDFFE_PN0P_/D
30	0.2784	systolic_controll.cycle_num[I]	systolic.mode_reg[I][J]	systolic_controll.cycle_num[1]$_SDFF_PN0_/Q	systolic.mode_reg[62][1]$_SDFF_PP0_/D
31	0.3170	systolic.mul_outcome[I]	write_out.qdata_r[I]	systolic.mul_outcome[45]$_SDFF_PN0_/Q	write_out.qdata_r[32]$_SDFF_PN0_/D
32	0.3185	systolic.matrix_mul_ID[J][K]	systolic.mul_outcome[I]	systolic.matrix_mul_2D[32][20]$_SDFFE_PN0P_/Q	systolic.mul_outcome[104]$_SDFF_PN0_/D
33	0.3214	write_out.matrix_index_r[I]	_I_	write_out.matrix_index_r[3]$_SDFF_PN0_/QN	_106971_/D
34	0.3229	write_out.mi_amI[J]	_I_	write_out.mi_am1[2]$_SDFF_PN1_/QN	_106971_/D
35	0.3338	systolic_controll.cycle_num[I]	systolic.mode_reg[I][J]	systolic_controll.cycle_num[1]$_SDFF_PN0_/Q	systolic.mode_reg[48][0]$_SDFF_PN0_/D
36	0.3420	write_out.mi_lt	write_out.sram_wdata_c[I]	write_out.mi_lt$_SDFF_PN1_/Q	write_out.sram_wdata_c[70]$_SDFF_PN0_/D
37	0.3442	systolic_controll.matrix_index[I]	systolic_controll.data_set[I]	systolic_controll.matrix_index[1]$_SDFF_PP0_/Q	systolic_controll.data_set[0]$_SDFFE_PN0P_/D
38	0.3458	write_out.mi_lt	write_out.sram_wdata_a[I]	write_out.mi_lt$_SDFF_PN1_/Q	write_out.sram_wdata_a[70]$_SDFF_PN0_/D
39	0.3477	write_out.matrix_index_r[I]	write_out.sram_wdata_c[I]	write_out.matrix_index_r[3]$_SDFF_PN0_/QN	write_out.sram_wdata_c[102]$_SDFF_PN0_/D
40	0.3488	systolic_controll.state[I]	systolic.mode_reg[I][J]	systolic_controll.state[3]$_DFF_P_/Q	systolic.mode_reg[48][0]$_SDFF_PN0_/D
41	0.3506	write_out.matrix_index_r[I]	write_out.sram_wdata_a[I]	write_out.matrix_index_r[3]$_SDFF_PN0_/QN	write_out.sram_wdata_a[102]$_SDFF_PN0_/D
42	0.3529	write_out.qdata_r[I]	write_out.sram_wdata_c[I]	write_out.qdata_r[109]$_SDFF_PN0_/Q	write_out.sram_wdata_c[109]$_SDFF_PN0_/D
43	0.3554	write_out.qdata_r[I]	write_out.sram_wdata_a[I]	write_out.qdata_r[109]$_SDFF_PN0_/Q	write_out.sram_wdata_a[109]$_SDFF_PN0_/D
44	0.3562	systolic_controll.matrix_index[I]	systolic_controll.state[I]	systolic_controll.matrix_index[1]$_SDFF_PP0_/Q	systolic_controll.state[3]$_DFF_P_/D
45	0.3627	srstn	systolic.matrix_mul_ID[J][K]	srstn	systolic.matrix_mul_2D[15][19]$_SDFFE_PN0P_/D
46	0.3636	systolic.partial_hi[I][J]	systolic.product_reg[I][J]	systolic.partial_hi[57][2]$_SDFFE_PN0P_/Q	systolic.product_reg[57][15]$_SDFF_PN0_/D
47	0.3644	systolic.partial_lo[I][J]	systolic.product_reg[I][J]	systolic.partial_lo[5][6]$_SDFFE_PN0P_/Q	systolic.product_reg[5][15]$_SDFF_PN0_/D
48	0.3710	write_out.qdata_r[I]	write_out.sram_wdata_c[I]	write_out.qdata_r[63]$_SDFF_PP0_/Q	write_out.sram_wdata_c[111]$_SDFF_PN0_/D
49	0.3713	systolic_controll.matrix_index[I]	systolic_controll.matrix_index[I]	systolic_controll.matrix_index[1]$_SDFF_PP0_/Q	systolic_controll.matrix_index[0]$_SDFF_PP0_/D
50	0.3717	systolic.mul_outcome[I]	write_out.qdata_r[I]	systolic.mul_outcome[136]$_SDFF_PN0_/Q	write_out.qdata_r[111]$_SDFF_PP0_/D
51	0.3725	srstn	systolic.mul_outcome[I]	srstn	systolic.mul_outcome[148]$_SDFF_PN0_/D
52	0.3732	systolic_controll.matrix_index[I]	systolic_controll.tpu_done	systolic_controll.matrix_index[1]$_SDFF_PP0_/Q	systolic_controll.tpu_done$_SDFF_PN0_/D
53	0.3735	write_out.qdata_r[I]	write_out.sram_wdata_a[I]	write_out.qdata_r[63]$_SDFF_PP0_/Q	write_out.sram_wdata_a[111]$_SDFF_PN0_/D
54	0.3743	write_out.mi_amI[J]	write_out.sram_wdata_a[I]	write_out.mi_am1[1]$_SDFF_PN1_/QN	write_out.sram_wdata_a[51]$_SDFF_PN0_/D
55	0.3758	systolic_controll.state[I]	systolic_controll.addr_serial_num[I]	systolic_controll.state[3]$_DFF_P_/Q	systolic_controll.addr_serial_num[1]$_SDFFE_PN0P_/D
56	0.3768	write_out.mi_amI[J]	write_out.sram_wdata_c[I]	write_out.mi_am1[1]$_SDFF_PN1_/QN	write_out.sram_wdata_c[52]$_SDFF_PN0_/D
57	0.3783	srstn	systolic.weight_queue[I][J]	srstn	systolic.weight_queue[17][6]$_SDFFE_PN0P_/D
58	0.3791	srstn	systolic.data_queue[I][J]	srstn	systolic.data_queue[17][1]$_SDFFE_PN0P_/D
59	0.3791	srstn	systolic.partial_hi[I][J]	srstn	systolic.partial_hi[11][10]$_SDFFE_PN0P_/D
60	0.3809	srstn	systolic.partial_lo[I][J]	srstn	systolic.partial_lo[16][9]$_SDFFE_PN0P_/D
61	0.3813	srstn	systolic.product_reg[I][J]	srstn	systolic.product_reg[16][14]$_SDFF_PN0_/D
62	0.3839	srstn	write_out.qdata_r[I]	srstn	write_out.qdata_r[32]$_SDFF_PN0_/D
63	0.3895	write_out.mi_sub[I]	_I_	write_out.mi_sub[5]$_SDFF_PN0_/QN	_107015_/D
64	0.3950	write_out.qdata_r[I]	_I_	write_out.qdata_r[106]$_SDFF_PN0_/Q	_107014_/D
65	0.3957	systolic_controll.state[I]	sram_write_enable_d	systolic_controll.state[3]$_DFF_P_/Q	sram_write_enable_d$_SDFF_PN0_/D
66	0.3971	systolic_controll.state[I]	systolic_controll.cycle_num[I]	systolic_controll.state[3]$_DFF_P_/Q	systolic_controll.cycle_num[0]$_SDFF_PN0_/D
67	0.3977	systolic_controll.state[I]	systolic_controll.data_set[I]	systolic_controll.state[3]$_DFF_P_/Q	systolic_controll.data_set[0]$_SDFFE_PN0P_/D
68	0.4005	systolic_controll.state[I]	systolic_controll.state[I]	systolic_controll.state[3]$_DFF_P_/Q	systolic_controll.state[0]$_DFF_P_/D
69	0.4006	write_out.mi_sub[I]	write_out.sram_wdata_a[I]	write_out.mi_sub[3]$_SDFF_PN0_/Q	write_out.sram_wdata_a[51]$_SDFF_PN0_/D
70	0.4031	write_out.mi_sub[I]	write_out.sram_wdata_c[I]	write_out.mi_sub[3]$_SDFF_PN0_/Q	write_out.sram_wdata_c[52]$_SDFF_PN0_/D
71	0.4058	srstn	write_out.sram_wdata_a[I]	srstn	write_out.sram_wdata_a[107]$_SDFF_PN0_/D
72	0.4067	srstn	_I_	srstn	_106909_/D
73	0.4210	srstn	write_out.sram_waddr_a[I]	srstn	write_out.sram_waddr_a[3]$_SDFF_PN0_/D
74	0.4224	systolic_controll.state[I]	systolic_controll.tpu_done	systolic_controll.state[3]$_DFF_P_/Q	systolic_controll.tpu_done$_SDFF_PN0_/D
75	0.4291	systolic_controll.addr_serial_num[I]	addr_sel.sram_raddr_wI[J]	systolic_controll.addr_serial_num[5]$_SDFFE_PN0P_/Q	addr_sel.sram_raddr_w1[4]$_SDFF_PN1_/D
76	0.4315	write_out.data_set_r[I]	write_out.sram_wdata_a[I]	write_out.data_set_r[1]$_SDFF_PN0_/Q	write_out.sram_wdata_a[107]$_SDFF_PN0_/D
77	0.4355	srstn	write_out.qdata_r[I]	srstn	write_out.qdata_r[79]$_SDFF_PP0_/D
78	0.4370	srstn	systolic.mode_regI[J][K]	srstn	systolic.mode_reg2[15][1]$_SDFF_PN0_/D
79	0.4371	srstn	write_out.sram_wdata_c[I]	srstn	write_out.sram_wdata_c[65]$_SDFF_PN0_/D
80	0.4375	systolic_controll.addr_serial_num[I]	systolic_controll.addr_serial_num[I]	systolic_controll.addr_serial_num[2]$_SDFFE_PN0P_/Q	systolic_controll.addr_serial_num[5]$_SDFFE_PN0P_/D
81	0.4419	srstn	tpu_done_d	srstn	tpu_done_d$_SDFF_PN0_/D
82	0.4467	write_out.data_set_r[I]	write_out.sram_waddr_a[I]	write_out.data_set_r[1]$_SDFF_PN0_/Q	write_out.sram_waddr_a[3]$_SDFF_PN0_/D
83	0.4523	srstn	write_out.sram_waddr_c[I]	srstn	write_out.sram_waddr_c[5]$_SDFF_PN0_/D
84	0.4533	write_out.qdata_r[I]	_I_	write_out.qdata_r[63]$_SDFF_PP0_/Q	_107019_/D
85	0.4545	write_out.sram_we_r	write_out.sram_wdata_a[I]	write_out.sram_we_r$_SDFF_PN0_/Q	write_out.sram_wdata_a[107]$_SDFF_PN0_/D
86	0.4553	write_out.sram_we_r	_I_	write_out.sram_we_r$_SDFF_PN0_/Q	_106909_/D
87	0.4595	srstn	systolic.mode_reg[I][J]	srstn	systolic.mode_reg[62][1]$_SDFF_PP0_/D
88	0.4613	write_out.data_set_r[I]	write_out.sram_wdata_c[I]	write_out.data_set_r[1]$_SDFF_PN0_/Q	write_out.sram_wdata_c[65]$_SDFF_PN0_/D
89	0.4625	systolic_controll.cycle_num[I]	systolic_controll.matrix_index[I]	systolic_controll.cycle_num[1]$_SDFF_PN0_/Q	systolic_controll.matrix_index[4]$_SDFF_PP0_/D
90	0.4635	systolic_controll.cycle_num[I]	systolic_controll.data_set[I]	systolic_controll.cycle_num[1]$_SDFF_PN0_/Q	systolic_controll.data_set[0]$_SDFFE_PN0P_/D
91	0.4697	write_out.sram_we_r	write_out.sram_waddr_a[I]	write_out.sram_we_r$_SDFF_PN0_/Q	write_out.sram_waddr_a[3]$_SDFF_PN0_/D
92	0.4715	srstn	write_out.sram_write_enable_cI	srstn	write_out.sram_write_enable_c0$_SDFF_PN1_/D
93	0.4738	srstn	matrix_index_d[I]	srstn	matrix_index_d[2]$_SDFF_PN0_/D
94	0.4780	write_out.data_set_r[I]	write_out.sram_waddr_c[I]	write_out.data_set_r[1]$_SDFF_PN0_/Q	write_out.sram_waddr_c[5]$_SDFF_PN0_/D
95	0.4957	write_out.data_set_r[I]	write_out.sram_write_enable_cI	write_out.data_set_r[1]$_SDFF_PN0_/Q	write_out.sram_write_enable_c0$_SDFF_PN1_/D
96	0.4990	write_out.sram_we_r	write_out.sram_wdata_c[I]	write_out.sram_we_r$_SDFF_PN0_/Q	write_out.sram_wdata_c[65]$_SDFF_PN0_/D
97	0.5010	write_out.sram_we_r	write_out.sram_waddr_c[I]	write_out.sram_we_r$_SDFF_PN0_/Q	write_out.sram_waddr_c[5]$_SDFF_PN0_/D
98	0.5010	srstn	systolic_controll.addr_serial_num[I]	srstn	systolic_controll.addr_serial_num[1]$_SDFFE_PN0P_/D
99	0.5087	srstn	systolic_controll.state[I]	srstn	systolic_controll.state[3]$_DFF_P_/D
100	0.5128	srstn	tpu_done_dd	srstn	tpu_done_dd$_SDFF_PN0_/D
