# stage	6_final
# top_module	jpeg_encoder
# top_n	100
# kind	blocks
# include_full	1
# rank	worst_slack_ns	start	end	start_full	end_full
1	-0.1617	fdct_zigzag.dct_mod.dct_block_I.dct_unit_J.macu.ph[K]	fdct_zigzag.dct_mod.dct_block_I.dct_unit_J.macu.result[K]	fdct_zigzag.dct_mod.dct_block_6.dct_unit_5.macu.ph[0]$_DFFE_PP_/Q	fdct_zigzag.dct_mod.dct_block_6.dct_unit_5.macu.result[19]$_DFFE_PP_/D
2	-0.1585	fdct_zigzag.dct_mod.dct_block_I.dct_unit_J.macu.pl[K]	fdct_zigzag.dct_mod.dct_block_I.dct_unit_J.macu.result[K]	fdct_zigzag.dct_mod.dct_block_6.dct_unit_5.macu.pl[4]$_DFFE_PP_/Q	fdct_zigzag.dct_mod.dct_block_6.dct_unit_5.macu.result[19]$_DFFE_PP_/D
3	-0.0367	fdct_zigzag.dct_mod.ddin[I]	fdct_zigzag.dct_mod.dct_block_I.dct_unit_J.macu.ppK[L]	fdct_zigzag.dct_mod.ddin[8]$_DFFE_PN0P_/Q	fdct_zigzag.dct_mod.dct_block_7.dct_unit_1.macu.pp3[12]$_DFFE_PP_/D
4	-0.0215	qnr.qnt_cnt[I]	qnt_cnt[I]	qnr.qnt_cnt[2]$_DFFE_PN0P_/Q	qnt_cnt[2]
5	0.0223	rle.rzI.rleno[J]	rlen[I]	rle.rz4.rleno[2]$_DFFE_PP_/Q	rlen[2]
6	0.0266	fdct_zigzag.dct_mod.sample_cnt[I]	fdct_zigzag.dct_mod.dct_block_I.dct_unit_J.coef[K]	fdct_zigzag.dct_mod.sample_cnt[1]$_DFFE_PN0P_/Q	fdct_zigzag.dct_mod.dct_block_3.dct_unit_1.coef[29]$_DFFE_PP_/D
7	0.0403	rle.rzI.deno	douten	rle.rz4.deno$_DFFE_PN0P_/Q	douten
8	0.0478	rle.rzI.ampo[J]	amp[I]	rle.rz4.ampo[4]$_DFFE_PP_/Q	amp[4]
9	0.0544	rle.rzI.sizeo[J]	size[I]	rle.rz4.sizeo[0]$_DFFE_PP_/Q	size[0]
10	0.0609	fdct_zigzag.dct_mod.dct_block_I.dct_unit_J.macu.result[K]	fdct_zigzag.dct_mod.dct_block_I.dct_unit_J.macu.result[K]	fdct_zigzag.dct_mod.dct_block_0.dct_unit_5.macu.result[0]$_DFFE_PP_/Q	fdct_zigzag.dct_mod.dct_block_0.dct_unit_5.macu.result[16]$_DFFE_PP_/D
11	0.0889	fdct_zigzag.dct_mod.dct_block_I.dct_unit_J.coef[K]	fdct_zigzag.dct_mod.dct_block_I.dct_unit_J.macu.ppK[L]	fdct_zigzag.dct_mod.dct_block_2.dct_unit_6.coef[29]$_DFFE_PP_/Q	fdct_zigzag.dct_mod.dct_block_6.dct_unit_6.macu.pp0[11]$_DFFE_PP_/D
12	0.0951	qnr.divider.divider.s_pipe[I][J]	qnr.divider.divider.s_pipe[I][J]	qnr.divider.divider.s_pipe[6][24]$_DFFE_PP_/Q	qnr.divider.divider.s_pipe[7][24]$_DFFE_PP_/D
13	0.0979	qnr.divider.divider.d_pipe[I][J]	qnr.divider.divider.s_pipe[I][J]	qnr.divider.divider.d_pipe[6][12]$_DFFE_PP_/QN	qnr.divider.divider.s_pipe[7][24]$_DFFE_PP_/D
14	0.1398	fdct_zigzag.dct_mod.sample_cnt[I]	fdct_zigzag.dct_mod.sample_cnt[I]	fdct_zigzag.dct_mod.sample_cnt[1]$_DFFE_PN0P_/Q	fdct_zigzag.dct_mod.sample_cnt[5]$_DFFE_PN0P_/D
15	0.1554	qnr.divider.q[I]	qnr.rq[I]	qnr.divider.q[12]$_SDFFCE_PN0P_/Q	qnr.rq[10]$_DFFE_PP_/D
16	0.1571	fdct_zigzag.dct_mod.dct_block_I.dct_unit_J.macu.ppK[L]	fdct_zigzag.dct_mod.dct_block_I.dct_unit_J.macu.ph[K]	fdct_zigzag.dct_mod.dct_block_3.dct_unit_1.macu.pp3[0]$_DFFE_PP_/Q	fdct_zigzag.dct_mod.dct_block_5.dct_unit_7.macu.ph[14]$_DFFE_PP_/D
17	0.1608	fdct_zigzag.dct_mod.dct_block_I.dct_unit_J.macu.ppK[L]	fdct_zigzag.dct_mod.dct_block_I.dct_unit_J.macu.pl[K]	fdct_zigzag.dct_mod.dct_block_3.dct_unit_1.macu.pp1[0]$_DFFE_PP_/Q	fdct_zigzag.dct_mod.dct_block_3.dct_unit_1.macu.pl[14]$_DFFE_PP_/D
18	0.1755	qnr.rq[I]	rle.rle.size[I]	qnr.rq[1]$_DFFE_PP_/QN	rle.rle.size[0]$_DFFE_PN0P_/D
19	0.2058	qnr.divider.q[I]	qnr.rq[I]	qnr.divider.q[1]$_DFFE_PP_/Q	qnr.rq[10]$_DFFE_PP_/D
20	0.2213	fdct_zigzag.dct_mod.dct_block_I.dct_unit_J.macu.dclr_dK	fdct_zigzag.dct_mod.dct_block_I.dct_unit_J.macu.result[K]	fdct_zigzag.dct_mod.dct_block_5.dct_unit_4.macu.dclr_d2$_DFFE_PP_/Q	fdct_zigzag.dct_mod.dct_block_3.dct_unit_7.macu.result[15]$_DFFE_PP_/D
21	0.2272	qnr.divider.id[I]	qnr.divider.divider.s_pipe[I][J]	qnr.divider.id[0]$_DFFE_PP_/Q	qnr.divider.divider.s_pipe[1][24]$_DFFE_PP_/D
22	0.2411	fdct_zigzag.zigzag_mod.ld_zigzagI	fdct_zigzag.zigzag_mod.sresult[I][J]	fdct_zigzag.zigzag_mod.ld_zigzag2$_DFFE_PP_/Q	fdct_zigzag.zigzag_mod.sresult[46][9]$_DFFE_PP_/D
23	0.2517	qnr.divider.iz[I]	qnr.divider.divider.s_pipe[I][J]	qnr.divider.iz[11]$_SDFFCE_PN0P_/QN	qnr.divider.divider.s_pipe[1][24]$_DFFE_PP_/D
24	0.2850	qnr.rq[I]	rle.rle.amp[I]	qnr.rq[1]$_DFFE_PP_/QN	rle.rle.amp[8]$_DFFE_PP_/D
25	0.2854	qnr.rq[I]	rle.rle.amp[I]	qnr.rq[1]$_DFFE_PP_/QN	rle.rle.amp[10]$_SDFFCE_PN0P_/D
26	0.2923	qnr.rq[I]	rle.rle.den	qnr.rq[1]$_DFFE_PP_/QN	rle.rle.den$_DFFE_PN0P_/D
27	0.2934	fdct_zigzag.dct_mod.sample_cnt[I]	fdct_zigzag.dct_mod.ddcnt	fdct_zigzag.dct_mod.sample_cnt[1]$_DFFE_PN0P_/Q	fdct_zigzag.dct_mod.ddcnt$_DFFE_PN1P_/D
28	0.3027	qnr.rq[I]	rle.rle.rlen[I]	qnr.rq[1]$_DFFE_PP_/QN	rle.rle.rlen[3]$_DFFE_PN0P_/D
29	0.3194	qnr.rq[I]	rle.rle.zero_cnt[I]	qnr.rq[1]$_DFFE_PP_/QN	rle.rle.zero_cnt[3]$_SDFFCE_PP0P_/D
30	0.3236	fdct_zigzag.zigzag_mod.ld_zigzagI	qnr.qnt_cnt[I]	fdct_zigzag.zigzag_mod.ld_zigzag2$_DFFE_PP_/Q	qnr.qnt_cnt[0]$_DFFE_PN0P_/D
31	0.3265	ena	fdct_zigzag.dct_mod.dct_block_I.dct_unit_J.coef[K]	ena	fdct_zigzag.dct_mod.dct_block_5.dct_unit_7.coef[28]$_DFFE_PP_/D
32	0.3377	ena	fdct_zigzag.dct_mod.dct_block_I.dct_unit_J.macu.result[K]	ena	fdct_zigzag.dct_mod.dct_block_1.dct_unit_7.macu.result[0]$_DFFE_PP_/D
33	0.3401	ena	fdct_zigzag.dct_mod.dct_block_I.dct_unit_J.macu.ph[K]	ena	fdct_zigzag.dct_mod.dct_block_1.dct_unit_7.macu.ph[2]$_DFFE_PP_/D
34	0.3411	ena	fdct_zigzag.dct_mod.dct_block_I.dct_unit_J.macu.pl[K]	ena	fdct_zigzag.dct_mod.dct_block_1.dct_unit_7.macu.pl[6]$_DFFE_PP_/D
35	0.3411	ena	fdct_zigzag.dct_mod.dct_block_I.dct_unit_J.macu.ppK[L]	ena	fdct_zigzag.dct_mod.dct_block_1.dct_unit_7.macu.pp2[2]$_DFFE_PP_/D
36	0.3437	ena	rle.rzI.deno	ena	rle.rz4.deno$_DFFE_PN0P_/D
37	0.3442	ena	rle.rzI.rleno[J]	ena	rle.rz4.rleno[0]$_DFFE_PP_/D
38	0.3446	ena	fdct_zigzag.zigzag_mod.sresult[I][J]	ena	fdct_zigzag.zigzag_mod.sresult[30][0]$_DFFE_PP_/D
39	0.3447	ena	rle.rzI.sizeo[J]	ena	rle.rz3.sizeo[0]$_DFFE_PP_/D
40	0.3449	ena	rle.rzI.ampo[J]	ena	rle.rz3.ampo[9]$_DFFE_PP_/D
41	0.3453	ena	rle.rle.zero_cnt[I]	ena	rle.rle.zero_cnt[3]$_SDFFCE_PP0P_/D
42	0.3486	ena	fdct_zigzag.dct_mod.sample_cnt[I]	ena	fdct_zigzag.dct_mod.sample_cnt[5]$_DFFE_PN0P_/D
43	0.3504	ena	qnr.dep[I]	ena	qnr.dep[12]$_DFFE_PN0P_/D
44	0.3506	qnr.divider.divider.q[I]	qnr.divider.q[I]	qnr.divider.divider.q[4]$_DFFE_PP_/QN	qnr.divider.q[10]$_DFFE_PP_/D
45	0.3540	ena	rle.rle.amp[I]	ena	rle.rle.amp[3]$_DFFE_PP_/D
46	0.3554	ena	dqnr_doe	ena	dqnr_doe$_DFFE_PP_/D
47	0.3633	ena	rle.rzI.amp[J]	ena	rle.rz1.amp[2]$_DFFE_PP_/D
48	0.3633	ena	qnr.qnt_cnt[I]	ena	qnr.qnt_cnt[5]$_DFFE_PN0P_/D
49	0.3638	fdct_zigzag.zigzag_mod.ld_zigzagI	fdct_zigzag.zigzag_mod.ld_zigzagI	fdct_zigzag.zigzag_mod.ld_zigzag2$_DFFE_PP_/Q	fdct_zigzag.zigzag_mod.ld_zigzag2$_DFFE_PP_/D
50	0.3657	ena	qnr.divider.divider.s_pipe[I][J]	ena	qnr.divider.divider.s_pipe[12][24]$_DFFE_PP_/D
51	0.3660	ena	rle.rzI.den	ena	rle.rz1.den$_DFFE_PN0P_/D
52	0.3665	dfdct_dout[I]	qnr.divider.iz[I]	dfdct_dout[4]$_DFFE_PP_/QN	qnr.divider.iz[10]$_DFFE_PP_/D
53	0.3669	ena	qnr.divider.divider.q[I]	ena	qnr.divider.divider.q[5]$_DFFE_PP_/D
54	0.3670	ena	rle.rzI.size[J]	ena	rle.rz1.size[2]$_DFFE_PP_/D
55	0.3675	ena	qnr.divider.divider.q_pipe[I][J]	ena	qnr.divider.divider.q_pipe[11][5]$_DFFE_PP_/D
56	0.3682	ena	qnr.divider.q[I]	ena	qnr.divider.q[3]$_DFFE_PP_/D
57	0.3688	ena	qnr.divider.divider.d_pipe[I][J]	ena	qnr.divider.divider.d_pipe[11][17]$_DFFE_PP_/D
58	0.3741	ena	rle.rzI.rlen[J]	ena	rle.rz1.rlen[2]$_DFFE_PP_/D
59	0.3777	fdct_zigzag.zigzag_mod.ld_zigzagI	qnr.dep[I]	fdct_zigzag.zigzag_mod.ld_zigzag2$_DFFE_PP_/Q	qnr.dep[0]$_DFFE_PN0P_/D
60	0.3787	ena	rle.rzI.state	ena	rle.rz1.state$_DFFE_PN0P_/D
61	0.3801	ena	rle.rle.size[I]	ena	rle.rle.size[0]$_DFFE_PN0P_/D
62	0.3808	ena	qnr.rq[I]	ena	qnr.rq[4]$_DFFE_PP_/D
63	0.3816	ena	rle.rle.rlen[I]	ena	rle.rle.rlen[1]$_DFFE_PN0P_/D
64	0.3853	ena	rle.rle.sample_cnt[I]	ena	rle.rle.sample_cnt[4]$_SDFFCE_PP0P_/D
65	0.3856	ena	fdct_zigzag.zigzag_mod.ld_zigzagI	ena	fdct_zigzag.zigzag_mod.ld_zigzag2$_DFFE_PP_/D
66	0.3910	ena	fdct_zigzag.dct_mod.dct_block_I.dct_unit_J.macu.dclr_dK	ena	fdct_zigzag.dct_mod.dct_block_5.dct_unit_4.macu.dclr_d2$_DFFE_PP_/D
67	0.3920	ena	fdct_zigzag.dct_mod.dgo	ena	fdct_zigzag.dct_mod.dgo$_DFFE_PN0P_/D
68	0.3970	ena	qnr.divider.id[I]	ena	qnr.divider.id[5]$_DFFE_PP_/D
69	0.3994	dfdct_dout[I]	qnr.divider.iz[I]	dfdct_dout[4]$_DFFE_PP_/QN	qnr.divider.iz[18]$_SDFFCE_PN0P_/D
70	0.4015	ena	qnr.divider.spipe[I]	ena	qnr.divider.spipe[13]$_DFFE_PP_/D
71	0.4022	ena	qnr.divider.iz[I]	ena	qnr.divider.iz[22]$_SDFFCE_PN0P_/D
72	0.4094	ena	fdct_zigzag.dct_mod.ddin[I]	ena	fdct_zigzag.dct_mod.ddin[8]$_DFFE_PN0P_/D
73	0.4165	ena	fdct_zigzag.dct_mod.dddcnt	ena	fdct_zigzag.dct_mod.dddcnt$_DFFE_PN1P_/D
74	0.4188	ena	qnr.divider.q[I]	ena	qnr.divider.q[12]$_SDFFCE_PN0P_/D
75	0.4200	ena	fdct_zigzag.dct_mod.douten	ena	fdct_zigzag.dct_mod.douten$_DFFE_PN0P_/D
76	0.4220	fdct_zigzag.dct_mod.ddin[I]	fdct_zigzag.dct_mod.ddin[I]	fdct_zigzag.dct_mod.ddin[5]$_DFFE_PN0P_/Q	fdct_zigzag.dct_mod.ddin[5]$_DFFE_PN0P_/D
77	0.4233	rle.rle.size[I]	rle.rzI.den	rle.rle.size[1]$_DFFE_PN0P_/Q	rle.rz1.den$_DFFE_PN0P_/D
78	0.4237	ena	rle.rle.den	ena	rle.rle.den$_DFFE_PN0P_/D
79	0.4238	ena	rle.rle.state	ena	rle.rle.state$_DFFE_PN0P_/D
80	0.4240	rle.rle.size[I]	rle.rzI.deno	rle.rle.size[1]$_DFFE_PN0P_/Q	rle.rz1.deno$_DFFE_PN0P_/D
81	0.4252	dstrb	fdct_zigzag.dct_mod.sample_cnt[I]	dstrb	fdct_zigzag.dct_mod.sample_cnt[5]$_DFFE_PN0P_/D
82	0.4289	ena	fdct_zigzag.dct_mod.go	ena	fdct_zigzag.dct_mod.go$_DFFE_PN0P_/D
83	0.4330	rle.rzI.sizeo[J]	rle.rzI.deno	rle.rz1.sizeo[1]$_DFFE_PP_/Q	rle.rz2.deno$_DFFE_PN0P_/D
84	0.4341	rle.rzI.sizeo[J]	rle.rzI.den	rle.rz1.sizeo[1]$_DFFE_PP_/Q	rle.rz2.den$_DFFE_PN0P_/D
85	0.4380	rle.rle.rlen[I]	rle.rzI.den	rle.rle.rlen[1]$_DFFE_PN0P_/Q	rle.rz1.den$_DFFE_PN0P_/D
86	0.4404	ena	qnr.divider.iz[I]	ena	qnr.divider.iz[1]$_DFFE_PP_/D
87	0.4428	ena	rle.rzI.dc	ena	rle.rz3.dc$_DFFE_PP_/D
88	0.4432	ena	rle.rzI.dco	ena	rle.rz3.dco$_DFFE_PP_/D
89	0.4432	ena	dfdct_dout[I]	ena	dfdct_dout[3]$_DFFE_PP_/D
90	0.4444	ena	rle.rle.amp[I]	ena	rle.rle.amp[10]$_SDFFCE_PN0P_/D
91	0.4454	ena	fdct_zigzag.dct_mod.ddcnt	ena	fdct_zigzag.dct_mod.ddcnt$_DFFE_PN1P_/D
92	0.4460	rst	fdct_zigzag.dct_mod.dddcnt	rst	fdct_zigzag.dct_mod.dddcnt$_DFFE_PN1P_/SN
93	0.4464	rst	fdct_zigzag.dct_mod.ddcnt	rst	fdct_zigzag.dct_mod.ddcnt$_DFFE_PN1P_/SN
94	0.4471	rle.rle.size[I]	rle.rzI.state	rle.rle.size[1]$_DFFE_PN0P_/Q	rle.rz1.state$_DFFE_PN0P_/D
95	0.4497	rle.rle.sample_cnt[I]	rle.rle.rlen[I]	rle.rle.sample_cnt[1]$_SDFFCE_PP0P_/Q	rle.rle.rlen[3]$_DFFE_PN0P_/D
96	0.4530	ena	rle.rle.dcterm	ena	rle.rle.dcterm$_DFFE_PN0P_/D
97	0.4539	qnr.divider.divider.q[I]	qnr.divider.q[I]	qnr.divider.divider.q[4]$_DFFE_PP_/QN	qnr.divider.q[12]$_SDFFCE_PN0P_/D
98	0.4539	rle.rle.rlen[I]	rle.rzI.deno	rle.rle.rlen[1]$_DFFE_PN0P_/Q	rle.rz1.deno$_DFFE_PN0P_/D
99	0.4554	rst	qnr.qnt_cnt[I]	rst	qnr.qnt_cnt[0]$_DFFE_PN0P_/RN
100	0.4573	rle.rzI.rleno[J]	rle.rzI.deno	rle.rz1.rleno[1]$_DFFE_PP_/Q	rle.rz2.deno$_DFFE_PN0P_/D
