# stage	1_synth
# top_module	wb_dma_top
# top_n	100
# kind	blocks
# include_full	1
# rank	worst_slack_ns	start	end	start_full	end_full
1	-0.2407	uI.state[J]	wbIs_data_o[J]	u2.state[7]$_DFF_P_/Q	wb0s_data_o[10]
2	-0.1920	uI.uJ.pri_outK[L]	wbIs_data_o[J]	u1.u0.pri_out0[1]$_DFF_P_/Q	wb0s_data_o[10]
3	-0.1745	uI.uJ.state[K]	wbIs_data_o[J]	u1.u2.state[2]$_SDFFE_PN0P_/Q	wb0s_data_o[10]
4	-0.1161	wbI_addr_i[J]	wbIs_data_o[J]	wb0_addr_i[28]	wb1s_data_o[28]
5	-0.1146	wbI_addr_i[J]	wbI_cyc_o	wb1_addr_i[29]	wb0_cyc_o
6	-0.1010	wbI_addr_i[J]	wbI_addr_o[J]	wb0_addr_i[28]	wb1_addr_o[10]
7	-0.0974	wbI_addr_i[J]	wbI_err_o	wb1_addr_i[29]	wb1_err_o
8	-0.0974	wbI_addr_i[J]	wbI_rty_o	wb1_addr_i[29]	wb1_rty_o
9	-0.0974	wbI_addr_i[J]	wbIm_data_o[J]	wb1_addr_i[29]	wb1m_data_o[0]
10	-0.0911	uI.ch_sel_r[J]	wbIs_data_o[J]	u1.ch_sel_r[1]$_SDFFE_PN0P_/Q	wb0s_data_o[10]
11	-0.0868	wbI_addr_i[J]	wbI_sel_o[J]	wb0_addr_i[28]	wb1_sel_o[0]
12	-0.0726	wbI_addr_i[J]	wbI_ack_o	wb1_addr_i[29]	wb1_ack_o
13	-0.0707	wbI_addr_i[J]	wbI_stb_o	wb1_addr_i[29]	wb0_stb_o
14	-0.0707	wbI_addr_i[J]	wbI_we_o	wb1_addr_i[29]	wb0_we_o
15	-0.0532	wbI_cyc_i	wbI_addr_o[J]	wb0_cyc_i	wb1_addr_o[10]
16	-0.0181	wbI_cyc_i	wbIs_data_o[J]	wb0_cyc_i	wb1s_data_o[28]
17	-0.0167	wbI_cyc_i	wbI_err_o	wb0_cyc_i	wb0_err_o
18	-0.0167	wbI_cyc_i	wbI_rty_o	wb0_cyc_i	wb0_rty_o
19	-0.0116	wbI_cyc_i	wbI_cyc_o	wb0_cyc_i	wb1_cyc_o
20	-0.0021	wbI_ack_i	wbI_ack_o	wb0_ack_i	wb1_ack_o
21	0.0112	wbI_cyc_i	wbI_sel_o[J]	wb0_cyc_i	wb1_sel_o[0]
22	0.0122	wbI_cyc_i	wbIm_data_o[J]	wb0_cyc_i	wb0m_data_o[10]
23	0.0122	wbI_cyc_i	wbI_stb_o	wb0_cyc_i	wb1_stb_o
24	0.0122	wbI_cyc_i	wbI_we_o	wb0_cyc_i	wb1_we_o
25	0.0193	wbI_cyc_i	wbI_ack_o	wb0_cyc_i	wb0_ack_o
26	0.0744	uI.state[J]	uI.mastJ_adr[K]	u2.state[7]$_DFF_P_/Q	u2.mast0_adr[10]$_DFF_P_/D
27	0.0867	uI.uJ.ch_csr_r[K]	wbIs_data_o[J]	u0.u11.ch_csr_r[2]$_SDFFE_PN0P_/Q	wb0s_data_o[10]
28	0.1045	uI.state[J]	uI.chunk_J	u2.state[7]$_DFF_P_/Q	u2.chunk_0$_DFF_P_/D
29	0.1172	uI.state[J]	uI.adrJ_cnt[K]	u2.state[7]$_DFF_P_/Q	u2.adr1_cnt[25]$_DFFE_PP_/D
30	0.1224	uI.state[J]	uI.tsz_cnt[J]	u2.state[7]$_DFF_P_/Q	u2.tsz_cnt[10]$_DFFE_PP_/D
31	0.1258	uI.state[J]	uI.uJ.pointer_sr[K]	u2.state[7]$_DFF_P_/Q	u0.u5.pointer_sr[10]$_DFFE_PP_/D
32	0.1329	uI.state[J]	uI.uJ.ch_csr_r[K]	u2.state[7]$_DFF_P_/Q	u0.u9.ch_csr_r[1]$_SDFFE_PN0P_/D
33	0.1358	uI.state[J]	uI.uJ.mast_stb	u2.state[7]$_DFF_P_/Q	u4.u0.mast_stb$_DFF_P_/D
34	0.1362	uI.state[J]	uI.uJ.mast_we_r	u2.state[7]$_DFF_P_/Q	u3.u0.mast_we_r$_DFF_P_/D
35	0.1373	uI.state[J]	uI.uJ.ch_txsz_s[K]	u2.state[7]$_DFF_P_/Q	u0.u5.ch_txsz_s[11]$_DFFE_PP_/D
36	0.1386	uI.state[J]	uI.uJ.ch_chk_sz_r[K]	u2.state[7]$_DFF_P_/Q	u0.u9.ch_chk_sz_r[0]$_DFFE_PP_/D
37	0.1405	uI.state[J]	uI.state[J]	u2.state[7]$_DFF_P_/Q	u2.state[10]$_DFF_P_/D
38	0.1440	uI.state[J]	uI.chunk_cnt[J]	u2.state[7]$_DFF_P_/Q	u2.chunk_cnt[4]$_DFFE_PP_/D
39	0.1449	uI.state[J]	uI.uJ.ch_tot_sz_r[K]	u2.state[7]$_DFF_P_/Q	u0.u9.ch_tot_sz_r[0]$_DFFE_PP_/D
40	0.1491	uI.state[J]	uI.uJ.ch_adrK_r[L]	u2.state[7]$_DFF_P_/Q	u0.u9.ch_adr1_r[19]$_DFFE_PP_/D
41	0.1503	uI.state[J]	uI.uJ.ch_adrK_s[L]	u2.state[7]$_DFF_P_/Q	u0.u15.ch_adr0_s[0]$_DFFE_PP_/D
42	0.1519	uI.state[J]	uI.uJ.ptr_valid	u2.state[7]$_DFF_P_/Q	u0.u5.ptr_valid$_SDFFE_PN0P_/D
43	0.1525	uI.state[J]	uI.uJ.int_src_r[K]	u2.state[7]$_DFF_P_/Q	u0.u15.int_src_r[1]$_SDFFE_PN0P_/D
44	0.1541	uI.state[J]	uI.uJ.pointer_r[K]	u2.state[7]$_DFF_P_/Q	u0.u9.pointer_r[12]$_DFFE_PP_/D
45	0.1595	uI.state[J]	uI.uJ.ch_done	u2.state[7]$_DFF_P_/Q	u0.u5.ch_done$_SDFFE_PN0P_/D
46	0.1601	uI.uJ.pri_outK[L]	uI.mastJ_adr[K]	u1.u0.pri_out0[1]$_DFF_P_/Q	u2.mast0_adr[10]$_DFF_P_/D
47	0.1616	uI.uJ.pri_outK[L]	uI.adrJ_cnt[K]	u1.u0.pri_out0[1]$_DFF_P_/Q	u2.adr0_cnt[7]$_DFFE_PP_/D
48	0.1654	wbI_stb_i	wbI_stb_o	wb1_stb_i	wb0_stb_o
49	0.1654	wbI_we_i	wbI_we_o	wb1_we_i	wb0_we_o
50	0.1654	wbIs_data_i[J]	wbIm_data_o[J]	wb1s_data_i[0]	wb0m_data_o[0]
51	0.1657	uI.state[J]	uI.uJ.mast_cyc	u2.state[7]$_DFF_P_/Q	u3.u0.mast_cyc$_DFF_P_/D
52	0.1658	wbIm_data_i[J]	wbIs_data_o[J]	wb1m_data_i[0]	wb0s_data_o[0]
53	0.1661	uI.state[J]	uI.uJ.ch_eol	u2.state[7]$_DFF_P_/Q	u0.u15.ch_eol$_SDFFE_PN0P_/D
54	0.1743	uI.state[J]	uI.ack_o[J]	u2.state[7]$_DFF_P_/Q	u1.ack_o[13]$_DFF_P_/D
55	0.1773	wbI_sel_i[J]	wbI_sel_o[J]	wb1_sel_i[0]	wb0_sel_o[0]
56	0.1776	uI.uJ.state[K]	uI.mastJ_adr[K]	u1.u2.state[2]$_SDFFE_PN0P_/Q	u2.mast0_adr[10]$_DFF_P_/D
57	0.1791	uI.uJ.state[K]	uI.adrJ_cnt[K]	u1.u2.state[2]$_SDFFE_PN0P_/Q	u2.adr0_cnt[7]$_DFFE_PP_/D
58	0.1832	uI.uJ.pri_outK[L]	uI.uJ.ch_csr_r[K]	u1.u0.pri_out0[1]$_DFF_P_/Q	u0.u7.ch_csr_r[1]$_SDFFE_PN0P_/D
59	0.1842	uI.state[J]	uI.ch_sel_r[J]	u2.state[7]$_DFF_P_/Q	u1.ch_sel_r[1]$_SDFFE_PN0P_/D
60	0.1843	uI.state[J]	uI.uJ.ch_rl	u2.state[7]$_DFF_P_/Q	u0.u2.ch_rl$_DFF_P_/D
61	0.1898	uI.uJ.state[K]	uI.uJ.ch_chk_sz_r[K]	u1.u1.state[1]$_SDFFE_PN0P_/Q	u0.u14.ch_chk_sz_r[0]$_DFFE_PP_/D
62	0.1903	uI.state[J]	uI.next_start	u2.state[7]$_DFF_P_/Q	u1.next_start$_DFF_P_/D
63	0.1930	wbI_err_i	wbI_err_o	wb1_err_i	wb0_err_o
64	0.1930	wbI_rty_i	wbI_rty_o	wb1_rty_i	wb0_rty_o
65	0.1938	uI.uJ.state[K]	uI.uJ.ch_txsz_s[K]	u1.u1.state[1]$_SDFFE_PN0P_/Q	u0.u14.ch_txsz_s[10]$_DFFE_PP_/D
66	0.1977	uI.state[J]	uI.read_r	u2.state[7]$_DFF_P_/Q	u2.read_r$_DFF_P_/D
67	0.2013	uI.uJ.pri_outK[L]	uI.chunk_J	u1.u0.pri_out0[1]$_DFF_P_/Q	u2.chunk_0$_DFF_P_/D
68	0.2014	uI.uJ.state[K]	uI.uJ.ch_csr_r[K]	u1.u2.state[2]$_SDFFE_PN0P_/Q	u0.u7.ch_csr_r[1]$_SDFFE_PN0P_/D
69	0.2066	uI.uJ.pri_outK[L]	uI.uJ.ch_txsz_s[K]	u1.u0.pri_out0[1]$_DFF_P_/Q	u0.u7.ch_txsz_s[10]$_DFFE_PP_/D
70	0.2106	uI.uJ.state[K]	uI.uJ.ch_tot_sz_r[K]	u1.u1.state[1]$_SDFFE_PN0P_/Q	u0.u14.ch_tot_sz_r[10]$_DFFE_PP_/D
71	0.2123	uI.uJ.pri_outK[L]	uI.uJ.ch_chk_sz_r[K]	u1.u0.pri_out0[1]$_DFF_P_/Q	u0.u7.ch_chk_sz_r[0]$_DFFE_PP_/D
72	0.2130	uI.state[J]	uI.write_r	u2.state[7]$_DFF_P_/Q	u2.write_r$_DFF_P_/D
73	0.2180	uI.uJ.pri_outK[L]	uI.uJ.int_src_r[K]	u1.u0.pri_out0[1]$_DFF_P_/Q	u0.u7.int_src_r[1]$_SDFFE_PN0P_/D
74	0.2192	uI.state[J]	uI.mJ_we_r	u2.state[7]$_DFF_P_/Q	u2.m0_we_r$_DFF_P_/D
75	0.2196	uI.state[J]	uI.de_start_r	u2.state[7]$_DFF_P_/Q	u1.de_start_r$_DFF_P_/D
76	0.2214	uI.uJ.pri_outK[L]	uI.tsz_cnt[J]	u1.u0.pri_out0[1]$_DFF_P_/Q	u2.tsz_cnt[4]$_DFFE_PP_/D
77	0.2215	uI.uJ.pri_outK[L]	uI.uJ.mast_stb	u1.u0.pri_out0[1]$_DFF_P_/Q	u4.u0.mast_stb$_DFF_P_/D
78	0.2221	uI.uJ.pri_outK[L]	uI.state[J]	u1.u0.pri_out0[1]$_DFF_P_/Q	u2.state[10]$_DFF_P_/D
79	0.2242	uI.state[J]	uI.next_ch	u2.state[7]$_DFF_P_/Q	u2.next_ch$_DFF_P_/D
80	0.2265	uI.uJ.pri_outK[L]	uI.uJ.ch_done	u1.u0.pri_out0[1]$_DFF_P_/Q	u0.u7.ch_done$_SDFFE_PN0P_/D
81	0.2283	uI.uJ.state[K]	uI.uJ.pointer_sr[K]	u1.u1.state[1]$_SDFFE_PN0P_/Q	u0.u14.pointer_sr[17]$_DFFE_PP_/D
82	0.2291	uI.uJ.state[K]	uI.uJ.int_src_r[K]	u1.u1.state[1]$_SDFFE_PN0P_/Q	u0.u14.int_src_r[1]$_SDFFE_PN0P_/D
83	0.2320	uI.uJ.state[K]	uI.uJ.ch_adrK_s[L]	u1.u1.state[1]$_SDFFE_PN0P_/Q	u0.u10.ch_adr0_s[29]$_DFFE_PP_/D
84	0.2324	uI.uJ.pri_outK[L]	uI.uJ.ch_eol	u1.u0.pri_out0[1]$_DFF_P_/Q	u0.u7.ch_eol$_SDFFE_PN0P_/D
85	0.2339	uI.uJ.state[K]	uI.tsz_cnt[J]	u1.u1.state[1]$_SDFFE_PN0P_/Q	u2.tsz_cnt[9]$_DFFE_PP_/D
86	0.2351	uI.ch_sel_r[J]	uI.mastJ_adr[K]	u1.ch_sel_r[1]$_SDFFE_PN0P_/Q	u2.mast0_adr[10]$_DFF_P_/D
87	0.2376	uI.uJ.state[K]	uI.uJ.ch_done	u1.u1.state[1]$_SDFFE_PN0P_/Q	u0.u14.ch_done$_SDFFE_PN0P_/D
88	0.2376	wbI_ack_i	uI.mastJ_adr[K]	wb0_ack_i	u2.mast0_adr[10]$_DFF_P_/D
89	0.2376	uI.uJ.pri_outK[L]	uI.uJ.ch_tot_sz_r[K]	u1.u0.pri_out0[1]$_DFF_P_/Q	u0.u14.ch_tot_sz_r[10]$_DFFE_PP_/D
90	0.2389	uI.uJ.state[K]	uI.uJ.mast_stb	u1.u2.state[2]$_SDFFE_PN0P_/Q	u4.u0.mast_stb$_DFF_P_/D
91	0.2395	uI.uJ.state[K]	uI.state[J]	u1.u2.state[2]$_SDFFE_PN0P_/Q	u2.state[10]$_DFF_P_/D
92	0.2427	uI.uJ.state[K]	uI.uJ.ch_eol	u1.u1.state[1]$_SDFFE_PN0P_/Q	u0.u14.ch_eol$_SDFFE_PN0P_/D
93	0.2438	uI.uJ.pri_outK[L]	uI.uJ.ch_adrK_s[L]	u1.u0.pri_out0[1]$_DFF_P_/Q	u0.u7.ch_adr0_s[0]$_DFFE_PP_/D
94	0.2552	uI.uJ.pri_outK[L]	uI.uJ.pointer_sr[K]	u1.u0.pri_out0[1]$_DFF_P_/Q	u0.u14.pointer_sr[17]$_DFFE_PP_/D
95	0.2554	uI.uJ.pri_outK[L]	uI.chunk_cnt[J]	u1.u0.pri_out0[1]$_DFF_P_/Q	u2.chunk_cnt[4]$_DFFE_PP_/D
96	0.2555	uI.uJ.pri_outK[L]	uI.uJ.ptr_valid	u1.u0.pri_out0[1]$_DFF_P_/Q	u0.u7.ptr_valid$_SDFFE_PN0P_/D
97	0.2572	uI.uJ.pri_outK[L]	uI.uJ.mast_we_r	u1.u0.pri_out0[1]$_DFF_P_/Q	u3.u0.mast_we_r$_DFF_P_/D
98	0.2575	uI.uJ.state[K]	uI.uJ.ch_adrK_r[L]	u1.u1.state[1]$_SDFFE_PN0P_/Q	u0.u14.ch_adr0_r[0]$_DFFE_PP_/D
99	0.2586	wbI_ack_i	uI.adrJ_cnt[K]	wb1_ack_i	u2.adr0_cnt[7]$_DFFE_PP_/D
100	0.2586	uI.state[J]	uI.uJ.ch_busy	u2.state[7]$_DFF_P_/Q	u0.u12.ch_busy$_DFF_P_/D
