# stage	6_final
# top_module	viterbi_core
# top_n	100
# kind	blocks
# include_full	1
# rank	worst_slack_ns	start	end	start_full	end_full
1	0.3090	register_num_i[I]	acs_inst_I.pm_r[J]	register_num_i[0]	acs_inst_24.pm_r[0]$_DFF_PN0_/D
2	0.3306	register_num_i[I]	acs_inst_I.survivor_path_r	register_num_i[1]	acs_inst_21.survivor_path_r$_DFF_PN0_/D
3	0.3773	pm_normalize_inst.grp_max_r[I][J]	pm_normalize_inst.max_reg[I]	pm_normalize_inst.grp_max_r[1][7]$_DFF_PN0_/Q	pm_normalize_inst.max_reg[0]$_DFF_PN0_/D
4	0.3880	bmu_inst_I.soft_data_r[J]	bmu_inst_I.bm_r[J]	bmu_inst_20.soft_data_r[16]$_DFF_PN0_/QN	bmu_inst_43.bm_r[8]$_DFF_PN0_/D
5	0.4087	acs_inst_I.pm_r[J]	pm_normalize_inst.grp_max_r[I][J]	acs_inst_31.pm_r[6]$_DFF_PN0_/Q	pm_normalize_inst.grp_max_r[3][0]$_DFF_PN0_/D
6	0.4849	acs_inst_I.valid_r	tb_addr_o[I]	acs_inst_0.valid_r$_DFF_PN0_/Q	tb_addr_o[0]
7	0.5110	rst_sync_i	bmu_inst_I.low_codeword_tmp[J]	rst_sync_i	bmu_inst_44.low_codeword_tmp[0]$_DFFE_PN0P_/D
8	0.5513	rst_sync_i	bmu_inst_I.bm_r[J]	rst_sync_i	bmu_inst_3.bm_r[6]$_DFF_PN0_/D
9	0.5583	register_num_i[I]	bmu_inst_I.low_codeword_tmp[J]	register_num_i[1]	bmu_inst_29.low_codeword_tmp[1]$_DFFE_PN0P_/D
10	0.5864	rst_sync_i	bmu_inst_I.low_codeword[J]	rst_sync_i	bmu_inst_50.low_codeword[3]$_DFFE_PN0P_/D
11	0.6024	rst_sync_i	bmu_inst_I.bm_rJ[K]	rst_sync_i	bmu_inst_47.bm_r4[2]$_DFF_PN0_/D
12	0.6105	bmu_inst_I.low_codeword[J]	bmu_inst_I.bm_r[J]	bmu_inst_15.low_codeword[4]$_DFFE_PN0P_/Q	bmu_inst_15.bm_r[8]$_DFF_PN0_/D
13	0.6184	valid_polynomials_i[I]	bmu_inst_I.bm_r[J]	valid_polynomials_i[0]	bmu_inst_48.bm_r[6]$_DFF_PN0_/D
14	0.6198	rst_sync_i	pm_normalize_inst.pm_pipe_r[I][J]	rst_sync_i	pm_normalize_inst.pm_pipe_r[2][8]$_DFF_PN0_/D
15	0.6210	rst_sync_i	pm_normalize_inst.pm_pipe_rI[J][K]	rst_sync_i	pm_normalize_inst.pm_pipe_r2[2][5]$_DFF_PN0_/D
16	0.6220	rst_sync_i	pm_normalize_inst.pm_nom_out_r[I][J]	rst_sync_i	pm_normalize_inst.pm_nom_out_r[2][2]$_DFF_PN0_/D
17	0.6259	rst_sync_i	pm_normalize_inst.pm_nom_r[I][J]	rst_sync_i	pm_normalize_inst.pm_nom_r[24][6]$_DFFE_PN0P_/D
18	0.6345	rst_sync_i	pm_normalize_inst.grp_max_r[I][J]	rst_sync_i	pm_normalize_inst.grp_max_r[7][0]$_DFF_PN0_/D
19	0.6463	tb_wr_addr_r[I]	tb_addr_o[I]	tb_wr_addr_r[1]$_DFFE_PN0P_/Q	tb_addr_o[1]
20	0.6487	rst_sync_i	fetch_src_cnt_r[I]	rst_sync_i	fetch_src_cnt_r[10]$_DFFE_PN0P_/D
21	0.6491	traceback_ins.tb_addr_r[I]	tb_addr_o[I]	traceback_ins.tb_addr_r[3]$_DFFE_PN0P_/Q	tb_addr_o[3]
22	0.6630	dst_wr_r	dst_wr_o	dst_wr_r$_DFF_PN0_/Q	dst_wr_o
23	0.6731	register_num_i[I]	pm_normalize_inst.pm_nom_r[I][J]	register_num_i[1]	pm_normalize_inst.pm_nom_r[27][7]$_DFFE_PN0P_/D
24	0.6781	acs_inst_I.survivor_path_r	tb_wdata_o[I]	acs_inst_8.survivor_path_r$_DFF_PN0_/Q	tb_wdata_o[8]
25	0.6816	acs_inst_I.valid_r	tb_wr_o	acs_inst_0.valid_r$_DFF_PN0_/Q	tb_wr_o
26	0.6828	dst_addr_r[I]	dst_addr_o[I]	dst_addr_r[3]$_DFFE_PN0P_/Q	dst_addr_o[3]
27	0.6832	src_addr_r[I]	src_addr_o[I]	src_addr_r[2]$_DFFE_PN0P_/Q	src_addr_o[2]
28	0.6912	src_rd_r	src_rd_o	src_rd_r$_DFFE_PN0P_/Q	src_rd_o
29	0.6913	rst_sync_i	acs_inst_I.pm_r[J]	rst_sync_i	acs_inst_52.pm_r[7]$_DFF_PN0_/D
30	0.7014	rst_sync_i	bmu_inst_I.soft_data_r[J]	rst_sync_i	bmu_inst_20.soft_data_r[12]$_DFF_PN0_/D
31	0.7046	valid_polynomials_i[I]	bmu_inst_I.low_codeword[J]	valid_polynomials_i[1]	bmu_inst_39.low_codeword[4]$_DFFE_PN0P_/D
32	0.7047	traceback_ins.tb_rd_r	tb_rd_o	traceback_ins.tb_rd_r$_DFF_PN0_/Q	tb_rd_o
33	0.7049	frame_done_r	frame_done_o	frame_done_r$_DFFE_PN0P_/Q	frame_done_o
34	0.7080	busy_r	busy_o	busy_r$_DFFE_PN0P_/Q	busy_o
35	0.7121	rst_sync_i	src_len_counter_r[I]	rst_sync_i	src_len_counter_r[10]$_DFFE_PN0P_/D
36	0.7285	rst_sync_i	pm_normalize_inst.max_reg[I]	rst_sync_i	pm_normalize_inst.max_reg[0]$_DFF_PN0_/D
37	0.7420	bmu_inst_I.bm_rJ[K]	acs_inst_I.survivor_path_r	bmu_inst_63.bm_r4[0]$_DFF_PN0_/Q	acs_inst_21.survivor_path_r$_DFF_PN0_/D
38	0.7429	rst_sync_i	acs_inst_I.survivor_path_r	rst_sync_i	acs_inst_61.survivor_path_r$_DFF_PN0_/D
39	0.7503	bmu_inst_I.bm_rJ[K]	acs_inst_I.pm_r[J]	bmu_inst_63.bm_r4[0]$_DFF_PN0_/Q	acs_inst_20.pm_r[5]$_DFF_PN0_/D
40	0.7556	polynomialI_i[J]	bmu_inst_I.low_codeword_tmp[J]	polynomial6_i[1]	bmu_inst_59.low_codeword_tmp[5]$_DFFE_PN0P_/D
41	0.7616	rst_sync_i	src_addr_r[I]	rst_sync_i	src_addr_r[5]$_DFFE_PN0P_/D
42	0.7631	rst_sync_i	bmu_inst_I.bm_valid_rJ	rst_sync_i	bmu_inst_15.bm_valid_r4$_DFF_PN0_/D
43	0.7688	rst_sync_i	trellis_idx_r[I]	rst_sync_i	trellis_idx_r[7]$_DFFE_PN0P_/D
44	0.7798	pm_normalize_inst.pm_nom_out_r[I][J]	acs_inst_I.pm_r[J]	pm_normalize_inst.pm_nom_out_r[28][1]$_DFF_PN0_/Q	acs_inst_24.pm_r[0]$_DFF_PN0_/D
45	0.8024	rst_sync_i	acs_inst_I.valid_r	rst_sync_i	acs_inst_0.valid_r$_DFF_PN0_/D
46	0.8160	infobit_length_i[I]	src_len_counter_r[I]	infobit_length_i[8]	src_len_counter_r[8]$_DFFE_PN0P_/D
47	0.8188	pm_normalize_inst.pm_nom_out_r[I][J]	acs_inst_I.survivor_path_r	pm_normalize_inst.pm_nom_out_r[26][0]$_DFF_PN0_/Q	acs_inst_21.survivor_path_r$_DFF_PN0_/D
48	0.8193	frame_start_i	fetch_src_cnt_r[I]	frame_start_i	fetch_src_cnt_r[10]$_DFFE_PN0P_/D
49	0.8257	rst_sync_i	traceback_ins.tb_counter_r[I]	rst_sync_i	traceback_ins.tb_counter_r[6]$_DFFE_PN0P_/D
50	0.8314	rst_sync_i	dst_addr_r[I]	rst_sync_i	dst_addr_r[8]$_DFFE_PN0P_/D
51	0.8428	register_num_i[I]	pm_normalize_inst.max_reg[I]	register_num_i[1]	pm_normalize_inst.max_reg[5]$_DFF_PN0_/D
52	0.8585	rst_sync_i	state_r[I]	rst_sync_i	state_r[0]$_DFF_PN1_/D
53	0.8640	rst_sync_i	acs_en_r[I]	rst_sync_i	acs_en_r[15]$_DFFE_PN0P_/D
54	0.8652	infobit_length_i[I]	src_addr_r[I]	infobit_length_i[5]	src_addr_r[10]$_DFFE_PN0P_/D
55	0.8659	rst_sync_i	bmu_inst_I.calc_codeword_en	rst_sync_i	bmu_inst_54.calc_codeword_en$_DFF_PN0_/D
56	0.8760	pm_normalize_inst.max_reg[I]	pm_normalize_inst.pm_nom_r[I][J]	pm_normalize_inst.max_reg[2]$_DFF_PN0_/QN	pm_normalize_inst.pm_nom_r[24][7]$_DFFE_PN0P_/D
57	0.8815	rst_sync_i	full_tb_start_r	rst_sync_i	full_tb_start_r$_DFFE_PN0P_/D
58	0.8815	rst_sync_i	first_loop_r	rst_sync_i	first_loop_r$_DFFE_PN0P_/D
59	0.8854	rst_sync_i	tb_len_r[I]	rst_sync_i	tb_len_r[6]$_DFFE_PN0P_/D
60	0.8872	rst_sync_i	half_tb_start_r	rst_sync_i	half_tb_start_r$_DFFE_PN0P_/D
61	0.8873	rst_sync_i	flush_all_start_r	rst_sync_i	flush_all_start_r$_DFFE_PN0P_/D
62	0.8922	rst_sync_i	dst_wr_dI_r	rst_sync_i	dst_wr_d1_r$_DFF_PN0_/D
63	0.8951	rst_sync_i	bmu_inst_I.soft_data_valid_r	rst_sync_i	bmu_inst_20.soft_data_valid_r$_DFF_PN0_/D
64	0.8981	rst_sync_i	pm_normalize_inst.tail_biting_pipe_rI	rst_sync_i	pm_normalize_inst.tail_biting_pipe_r2$_DFF_PN0_/D
65	0.9170	rst_sync_i	last_loop_r	rst_sync_i	last_loop_r$_DFFE_PN0P_/D
66	0.9183	rst_sync_i	frame_done_r	rst_sync_i	frame_done_r$_DFFE_PN0P_/D
67	0.9189	rst_sync_i	tb_wr_addr_r[I]	rst_sync_i	tb_wr_addr_r[1]$_DFFE_PN0P_/D
68	0.9223	register_num_i[I]	acs_en_r[I]	register_num_i[1]	acs_en_r[15]$_DFFE_PN0P_/D
69	0.9335	rst_sync_i	byte_idx_r[I]	rst_sync_i	byte_idx_r[0]$_DFF_PN0_/D
70	0.9403	frame_start_i	src_addr_r[I]	frame_start_i	src_addr_r[10]$_DFFE_PN0P_/D
71	0.9467	rst_sync_i	pm_normalize_inst.en_pipe_rI	rst_sync_i	pm_normalize_inst.en_pipe_r2$_DFF_PN0_/D
72	0.9530	rst_an_i	acs_inst_I.pm_r[J]	rst_an_i	acs_inst_18.pm_r[5]$_DFF_PN0_/RN
73	0.9577	rst_an_i	pm_normalize_inst.pm_pipe_rI[J][K]	rst_an_i	pm_normalize_inst.pm_pipe_r2[16][8]$_DFF_PN0_/RN
74	0.9595	frame_start_i	src_len_counter_r[I]	frame_start_i	src_len_counter_r[10]$_DFFE_PN0P_/D
75	0.9631	rst_sync_i	dst_wr_r	rst_sync_i	dst_wr_r$_DFF_PN0_/D
76	0.9699	rst_an_i	bmu_inst_I.bm_rJ[K]	rst_an_i	bmu_inst_32.bm_r2[8]$_DFF_PN0_/RN
77	0.9775	rst_an_i	bmu_inst_I.low_codeword[J]	rst_an_i	bmu_inst_59.low_codeword[2]$_DFFE_PN0P_/RN
78	0.9789	rst_an_i	bmu_inst_I.low_codeword_tmp[J]	rst_an_i	bmu_inst_59.low_codeword_tmp[3]$_DFFE_PN0P_/RN
79	0.9804	rst_an_i	acs_inst_I.survivor_path_r	rst_an_i	acs_inst_1.survivor_path_r$_DFF_PN0_/RN
80	0.9831	rst_sync_i	src_rd_r	rst_sync_i	src_rd_r$_DFFE_PN0P_/D
81	0.9842	rst_an_i	src_addr_r[I]	rst_an_i	src_addr_r[5]$_DFFE_PN0P_/RN
82	0.9844	rst_an_i	dst_addr_r[I]	rst_an_i	dst_addr_r[7]$_DFFE_PN0P_/RN
83	0.9866	rst_sync_i	bmu_inst_I.ready_r	rst_sync_i	bmu_inst_0.ready_r$_DFFE_PN0P_/D
84	0.9900	rst_an_i	bmu_inst_I.calc_polyn_en	rst_an_i	bmu_inst_20.calc_polyn_en$_DFF_PN0_/RN
85	0.9961	rst_an_i	pm_normalize_inst.pm_nom_out_r[I][J]	rst_an_i	pm_normalize_inst.pm_nom_out_r[46][2]$_DFF_PN0_/RN
86	0.9973	rst_an_i	pm_normalize_inst.pm_nom_r[I][J]	rst_an_i	pm_normalize_inst.pm_nom_r[46][0]$_DFFE_PN0P_/RN
87	1.0029	rst_an_i	pm_normalize_inst.tail_biting_pipe_r	rst_an_i	pm_normalize_inst.tail_biting_pipe_r$_DFF_PN0_/RN
88	1.0058	frame_start_i	dst_addr_r[I]	frame_start_i	dst_addr_r[8]$_DFFE_PN0P_/D
89	1.0086	frame_start_i	trellis_idx_r[I]	frame_start_i	trellis_idx_r[12]$_DFFE_PN0P_/D
90	1.0112	rst_an_i	traceback_ins.tb_addr_r[I]	rst_an_i	traceback_ins.tb_addr_r[1]$_DFFE_PN0P_/RN
91	1.0116	rst_an_i	tb_wr_addr_r[I]	rst_an_i	tb_wr_addr_r[5]$_DFFE_PN0P_/RN
92	1.0125	rst_an_i	traceback_ins.tb_counter_r[I]	rst_an_i	traceback_ins.tb_counter_r[5]$_DFFE_PN0P_/RN
93	1.0147	rst_an_i	tb_len_r[I]	rst_an_i	tb_len_r[6]$_DFFE_PN0P_/RN
94	1.0148	rst_an_i	state_r[I]	rst_an_i	state_r[2]$_DFF_PN0_/RN
95	1.0148	rst_an_i	pm_normalize_inst.en_pipe_r	rst_an_i	pm_normalize_inst.en_pipe_r$_DFF_PN0_/RN
96	1.0156	rst_an_i	traceback_start_r	rst_an_i	traceback_start_r$_DFF_PN0_/RN
97	1.0164	rst_an_i	frame_done_r	rst_an_i	frame_done_r$_DFFE_PN0P_/RN
98	1.0168	rst_an_i	byte_idx_r[I]	rst_an_i	byte_idx_r[0]$_DFF_PN0_/RN
99	1.0169	rst_an_i	dst_wr_r	rst_an_i	dst_wr_r$_DFF_PN0_/RN
100	1.0183	rst_an_i	last_loop_r	rst_an_i	last_loop_r$_DFFE_PN0P_/RN
