# stage	1_synth
# top_module	tpu_top
# top_n	100
# kind	blocks
# include_full	1
# rank	worst_slack_ns	start	end	start_full	end_full
1	-0.3632	systolic_controll.matrix_index[I]	_I_	systolic_controll.matrix_index[3]$_SDFF_PP0_/Q	_93963_/D
2	-0.1981	systolic_controll.matrix_index[I]	write_out.sram_wdata_a[I]	systolic_controll.matrix_index[4]$_SDFF_PP0_/QN	write_out.sram_wdata_a[109]$_SDFF_PN0_/D
3	-0.1981	systolic_controll.matrix_index[I]	write_out.sram_wdata_c[I]	systolic_controll.matrix_index[4]$_SDFF_PP0_/QN	write_out.sram_wdata_c[109]$_SDFF_PN0_/D
4	-0.1283	systolic.data_queue[I][J]	systolic.product_reg[I][J]	systolic.data_queue[31][3]$_SDFFE_PN0P_/Q	systolic.product_reg[31][15]$_SDFFE_PN0P_/D
5	-0.1267	systolic.weight_queue[I][J]	systolic.product_reg[I][J]	systolic.weight_queue[31][2]$_SDFFE_PN0P_/Q	systolic.product_reg[31][15]$_SDFFE_PN0P_/D
6	0.0062	srstn	_I_	srstn	_93962_/D
7	0.0156	srstn	write_out.sram_wdata_a[I]	srstn	write_out.sram_wdata_a[100]$_SDFF_PN0_/D
8	0.0213	srstn	write_out.sram_wdata_c[I]	srstn	write_out.sram_wdata_c[21]$_SDFF_PN0_/D
9	0.0424	systolic.matrix_mul_ID[J][K]	write_out.sram_wdata_a[I]	systolic.matrix_mul_2D[57][15]$_SDFFE_PN0P_/Q	write_out.sram_wdata_a[109]$_SDFF_PN0_/D
10	0.0424	systolic.matrix_mul_ID[J][K]	write_out.sram_wdata_c[I]	systolic.matrix_mul_2D[57][15]$_SDFFE_PN0P_/Q	write_out.sram_wdata_c[109]$_SDFF_PN0_/D
11	0.0613	systolic.matrix_mul_ID[J][K]	_I_	systolic.matrix_mul_2D[57][15]$_SDFFE_PN0P_/Q	_93929_/D
12	0.0934	systolic.product_reg[I][J]	systolic.matrix_mul_ID[J][K]	systolic.product_reg[54][0]$_SDFFE_PN0P_/Q	systolic.matrix_mul_2D[54][20]$_SDFFE_PN0P_/D
13	0.0980	systolic.matrix_mul_ID[J][K]	systolic.matrix_mul_ID[J][K]	systolic.matrix_mul_2D[54][0]$_SDFFE_PN0P_/Q	systolic.matrix_mul_2D[54][20]$_SDFFE_PN0P_/D
14	0.1174	srstn	write_out.sram_waddr_a[I]	srstn	write_out.sram_waddr_a[1]$_SDFF_PN0_/D
15	0.1232	srstn	write_out.sram_waddr_c[I]	srstn	write_out.sram_waddr_c[1]$_SDFF_PN0_/D
16	0.1352	srstn	write_out.sram_write_enable_aI	srstn	write_out.sram_write_enable_a0$_SDFF_PN1_/D
17	0.1410	srstn	write_out.sram_write_enable_cI	srstn	write_out.sram_write_enable_c0$_SDFF_PN1_/D
18	0.1627	systolic_controll.cycle_num[I]	systolic.mode_reg[I][J]	systolic_controll.cycle_num[1]$_SDFF_PN0_/Q	systolic.mode_reg[1][1]$_DFF_P_/D
19	0.1678	srstn	systolic.product_reg[I][J]	srstn	systolic.product_reg[63][14]$_SDFFE_PN0P_/D
20	0.1712	srstn	systolic.weight_queue[I][J]	srstn	systolic.weight_queue[0][7]$_SDFFE_PN0P_/D
21	0.1772	srstn	systolic.matrix_mul_ID[J][K]	srstn	systolic.matrix_mul_2D[0][0]$_SDFFE_PN0P_/D
22	0.2074	systolic_controll.cycle_num[I]	_I_	systolic_controll.cycle_num[5]$_SDFF_PN0_/QN	_93962_/D
23	0.2091	srstn	systolic.mode_reg[I][J]	srstn	systolic.mode_reg[6][1]$_DFF_P_/D
24	0.2092	srstn	systolic_controll.cycle_num[I]	srstn	systolic_controll.cycle_num[2]$_SDFF_PN0_/D
25	0.2092	srstn	systolic_controll.tpu_done	srstn	systolic_controll.tpu_done$_SDFF_PN0_/D
26	0.2138	srstn	systolic.data_queue[I][J]	srstn	systolic.data_queue[0][7]$_SDFFE_PN0P_/D
27	0.2167	systolic_controll.cycle_num[I]	write_out.sram_wdata_a[I]	systolic_controll.cycle_num[5]$_SDFF_PN0_/QN	write_out.sram_wdata_a[100]$_SDFF_PN0_/D
28	0.2171	srstn	systolic_controll.addr_serial_num[I]	srstn	systolic_controll.addr_serial_num[1]$_SDFFE_PN0P_/D
29	0.2218	srstn	systolic_controll.state[I]	srstn	systolic_controll.state[3]$_DFF_P_/D
30	0.2224	systolic_controll.cycle_num[I]	write_out.sram_wdata_c[I]	systolic_controll.cycle_num[5]$_SDFF_PN0_/QN	write_out.sram_wdata_c[21]$_SDFF_PN0_/D
31	0.2543	tpu_start	systolic_controll.addr_serial_num[I]	tpu_start	systolic_controll.addr_serial_num[5]$_SDFFE_PN0P_/D
32	0.2894	systolic_controll.matrix_index[I]	systolic_controll.matrix_index[I]	systolic_controll.matrix_index[0]$_SDFF_PP0_/Q	systolic_controll.matrix_index[5]$_SDFF_PP0_/D
33	0.2985	systolic_controll.state[I]	_I_	systolic_controll.state[3]$_DFF_P_/Q	_93962_/D
34	0.3000	srstn	systolic_controll.matrix_index[I]	srstn	systolic_controll.matrix_index[0]$_SDFF_PP0_/D
35	0.3078	systolic_controll.state[I]	write_out.sram_wdata_a[I]	systolic_controll.state[3]$_DFF_P_/Q	write_out.sram_wdata_a[100]$_SDFF_PN0_/D
36	0.3135	systolic_controll.state[I]	write_out.sram_wdata_c[I]	systolic_controll.state[3]$_DFF_P_/Q	write_out.sram_wdata_c[21]$_SDFF_PN0_/D
37	0.3186	systolic_controll.cycle_num[I]	write_out.sram_waddr_a[I]	systolic_controll.cycle_num[5]$_SDFF_PN0_/QN	write_out.sram_waddr_a[1]$_SDFF_PN0_/D
38	0.3191	systolic_controll.data_set[I]	_I_	systolic_controll.data_set[0]$_SDFFE_PN0P_/Q	_93963_/D
39	0.3195	systolic_controll.matrix_index[I]	systolic_controll.state[I]	systolic_controll.matrix_index[0]$_SDFF_PP0_/Q	systolic_controll.state[3]$_DFF_P_/D
40	0.3243	systolic_controll.cycle_num[I]	write_out.sram_waddr_c[I]	systolic_controll.cycle_num[5]$_SDFF_PN0_/QN	write_out.sram_waddr_c[1]$_SDFF_PN0_/D
41	0.3363	systolic_controll.cycle_num[I]	write_out.sram_write_enable_aI	systolic_controll.cycle_num[5]$_SDFF_PN0_/QN	write_out.sram_write_enable_a0$_SDFF_PN1_/D
42	0.3387	systolic_controll.matrix_index[I]	systolic_controll.tpu_done	systolic_controll.matrix_index[0]$_SDFF_PP0_/Q	systolic_controll.tpu_done$_SDFF_PN0_/D
43	0.3421	systolic_controll.cycle_num[I]	write_out.sram_write_enable_cI	systolic_controll.cycle_num[5]$_SDFF_PN0_/QN	write_out.sram_write_enable_c0$_SDFF_PN1_/D
44	0.3520	systolic_controll.matrix_index[I]	write_out.sram_waddr_c[I]	systolic_controll.matrix_index[0]$_SDFF_PP0_/Q	write_out.sram_waddr_c[0]$_SDFF_PN0_/D
45	0.3521	systolic_controll.matrix_index[I]	write_out.sram_waddr_a[I]	systolic_controll.matrix_index[0]$_SDFF_PP0_/Q	write_out.sram_waddr_a[0]$_SDFF_PN0_/D
46	0.3607	srstn	systolic_controll.data_set[I]	srstn	systolic_controll.data_set[0]$_SDFFE_PN0P_/D
47	0.3974	systolic_controll.data_set[I]	write_out.sram_wdata_a[I]	systolic_controll.data_set[1]$_SDFFE_PN0P_/QN	write_out.sram_wdata_a[100]$_SDFF_PN0_/D
48	0.4024	systolic_controll.data_set[I]	write_out.sram_wdata_c[I]	systolic_controll.data_set[0]$_SDFFE_PN0P_/Q	write_out.sram_wdata_c[21]$_SDFF_PN0_/D
49	0.4097	systolic_controll.state[I]	write_out.sram_waddr_a[I]	systolic_controll.state[3]$_DFF_P_/Q	write_out.sram_waddr_a[1]$_SDFF_PN0_/D
50	0.4154	systolic_controll.state[I]	write_out.sram_waddr_c[I]	systolic_controll.state[3]$_DFF_P_/Q	write_out.sram_waddr_c[1]$_SDFF_PN0_/D
51	0.4274	systolic_controll.state[I]	write_out.sram_write_enable_aI	systolic_controll.state[3]$_DFF_P_/Q	write_out.sram_write_enable_a0$_SDFF_PN1_/D
52	0.4332	systolic_controll.state[I]	write_out.sram_write_enable_cI	systolic_controll.state[3]$_DFF_P_/Q	write_out.sram_write_enable_c0$_SDFF_PN1_/D
53	0.4491	addr_sel.sram_raddr_wI[J]	sram_raddr_wI[J]	addr_sel.sram_raddr_w0[0]$_SDFF_PN1_/Q	sram_raddr_w0[0]
54	0.4657	addr_sel.sram_raddr_wI[J]	sram_raddr_dI[J]	addr_sel.sram_raddr_w0[0]$_SDFF_PN1_/Q	sram_raddr_d0[0]
55	0.4666	systolic_controll.addr_serial_num[I]	addr_sel.sram_raddr_wI[J]	systolic_controll.addr_serial_num[5]$_SDFFE_PN0P_/Q	addr_sel.sram_raddr_w1[5]$_SDFF_PN1_/D
56	0.4679	write_out.sram_waddr_a[I]	sram_waddr_a[I]	write_out.sram_waddr_a[0]$_SDFF_PN0_/Q	sram_waddr_a[0]
57	0.4679	_I_	sram_waddr_b[I]	_93988_/Q	sram_waddr_b[0]
58	0.4679	write_out.sram_waddr_c[I]	sram_waddr_c[I]	write_out.sram_waddr_c[0]$_SDFF_PN0_/Q	sram_waddr_c[0]
59	0.4679	write_out.sram_wdata_a[I]	sram_wdata_a[I]	write_out.sram_wdata_a[0]$_SDFF_PN0_/Q	sram_wdata_a[0]
60	0.4679	_I_	sram_wdata_b[I]	_93861_/Q	sram_wdata_b[0]
61	0.4679	write_out.sram_wdata_c[I]	sram_wdata_c[I]	write_out.sram_wdata_c[0]$_SDFF_PN0_/Q	sram_wdata_c[0]
62	0.4679	write_out.sram_write_enable_aI	sram_write_enable_aI	write_out.sram_write_enable_a0$_SDFF_PN1_/Q	sram_write_enable_a0
63	0.4679	_I_	sram_write_enable_bI	_93858_/Q	sram_write_enable_b0
64	0.4679	write_out.sram_write_enable_cI	sram_write_enable_cI	write_out.sram_write_enable_c0$_SDFF_PN1_/Q	sram_write_enable_c0
65	0.4679	systolic_controll.tpu_done	tpu_done	systolic_controll.tpu_done$_SDFF_PN0_/Q	tpu_done
66	0.4681	tpu_start	systolic_controll.state[I]	tpu_start	systolic_controll.state[0]$_DFF_P_/D
67	0.4797	systolic_controll.cycle_num[I]	systolic_controll.data_set[I]	systolic_controll.cycle_num[5]$_SDFF_PN0_/QN	systolic_controll.data_set[0]$_SDFFE_PN0P_/D
68	0.4805	sram_rdata_wI[J]	systolic.weight_queue[I][J]	sram_rdata_w0[31]	systolic.weight_queue[0][7]$_SDFFE_PN0P_/D
69	0.4805	sram_rdata_dI[J]	systolic.data_queue[I][J]	sram_rdata_d0[24]	systolic.data_queue[0][0]$_SDFFE_PN0P_/D
70	0.4833	systolic_controll.addr_serial_num[I]	systolic_controll.addr_serial_num[I]	systolic_controll.addr_serial_num[1]$_SDFFE_PN0P_/Q	systolic_controll.addr_serial_num[5]$_SDFFE_PN0P_/D
71	0.4962	systolic_controll.matrix_index[I]	systolic_controll.data_set[I]	systolic_controll.matrix_index[4]$_SDFF_PP0_/QN	systolic_controll.data_set[0]$_SDFFE_PN0P_/D
72	0.4993	systolic_controll.data_set[I]	write_out.sram_waddr_a[I]	systolic_controll.data_set[1]$_SDFFE_PN0P_/QN	write_out.sram_waddr_a[1]$_SDFF_PN0_/D
73	0.5025	systolic.mode_reg[I][J]	systolic.matrix_mul_ID[J][K]	systolic.mode_reg[31][2]$_DFF_P_/Q	systolic.matrix_mul_2D[59][19]$_SDFFE_PN0P_/D
74	0.5042	systolic_controll.data_set[I]	write_out.sram_waddr_c[I]	systolic_controll.data_set[0]$_SDFFE_PN0P_/Q	write_out.sram_waddr_c[1]$_SDFF_PN0_/D
75	0.5152	systolic_controll.cycle_num[I]	systolic_controll.cycle_num[I]	systolic_controll.cycle_num[1]$_SDFF_PN0_/Q	systolic_controll.cycle_num[8]$_SDFF_PN0_/D
76	0.5170	systolic_controll.data_set[I]	write_out.sram_write_enable_aI	systolic_controll.data_set[1]$_SDFFE_PN0P_/QN	write_out.sram_write_enable_a0$_SDFF_PN1_/D
77	0.5178	systolic_controll.cycle_num[I]	systolic_controll.matrix_index[I]	systolic_controll.cycle_num[5]$_SDFF_PN0_/QN	systolic_controll.matrix_index[0]$_SDFF_PP0_/D
78	0.5221	systolic_controll.data_set[I]	write_out.sram_write_enable_cI	systolic_controll.data_set[0]$_SDFFE_PN0P_/Q	write_out.sram_write_enable_c0$_SDFF_PN1_/D
79	0.5284	systolic_controll.state[I]	systolic.data_queue[I][J]	systolic_controll.state[3]$_DFF_P_/Q	systolic.data_queue[21][2]$_SDFFE_PN0P_/D
80	0.5284	systolic_controll.state[I]	systolic.product_reg[I][J]	systolic_controll.state[3]$_DFF_P_/Q	systolic.product_reg[0][1]$_SDFFE_PN0P_/D
81	0.5284	systolic_controll.state[I]	systolic.weight_queue[I][J]	systolic_controll.state[3]$_DFF_P_/Q	systolic.weight_queue[35][2]$_SDFFE_PN0P_/D
82	0.5413	systolic_controll.state[I]	systolic_controll.state[I]	systolic_controll.state[3]$_DFF_P_/Q	systolic_controll.state[0]$_DFF_P_/D
83	0.5542	systolic_controll.state[I]	systolic_controll.addr_serial_num[I]	systolic_controll.state[0]$_DFF_P_/QN	systolic_controll.addr_serial_num[5]$_SDFFE_PN0P_/D
84	0.5642	systolic_controll.state[I]	systolic_controll.cycle_num[I]	systolic_controll.state[3]$_DFF_P_/Q	systolic_controll.cycle_num[2]$_SDFF_PN0_/D
85	0.5642	systolic_controll.state[I]	systolic_controll.tpu_done	systolic_controll.state[3]$_DFF_P_/Q	systolic_controll.tpu_done$_SDFF_PN0_/D
86	0.5690	systolic_controll.state[I]	systolic.mode_reg[I][J]	systolic_controll.state[3]$_DFF_P_/QN	systolic.mode_reg[15][1]$_DFF_P_/D
87	0.6469	systolic_controll.data_set[I]	systolic_controll.state[I]	systolic_controll.data_set[0]$_SDFFE_PN0P_/Q	systolic_controll.state[3]$_DFF_P_/D
88	0.6529	systolic_controll.state[I]	systolic_controll.data_set[I]	systolic_controll.state[3]$_DFF_P_/Q	systolic_controll.data_set[0]$_SDFFE_PN0P_/D
89	0.6589	systolic_controll.data_set[I]	systolic_controll.data_set[I]	systolic_controll.data_set[1]$_SDFFE_PN0P_/QN	systolic_controll.data_set[1]$_SDFFE_PN0P_/D
90	0.6599	systolic_controll.state[I]	systolic_controll.matrix_index[I]	systolic_controll.state[3]$_DFF_P_/QN	systolic_controll.matrix_index[0]$_SDFF_PP0_/D
91	0.6662	systolic_controll.data_set[I]	systolic_controll.tpu_done	systolic_controll.data_set[0]$_SDFFE_PN0P_/Q	systolic_controll.tpu_done$_SDFF_PN0_/D
92	0.6669	systolic.product_reg[I][J]	systolic.product_reg[I][J]	systolic.product_reg[10][15]$_SDFFE_PN0P_/Q	systolic.product_reg[10][15]$_SDFFE_PN0P_/D
93	0.6983	systolic.data_queue[I][J]	systolic.data_queue[I][J]	systolic.data_queue[59][7]$_SDFFE_PN0P_/Q	systolic.data_queue[59][7]$_SDFFE_PN0P_/D
94	0.7095	systolic.weight_queue[I][J]	systolic.weight_queue[I][J]	systolic.weight_queue[10][0]$_SDFFE_PN0P_/Q	systolic.weight_queue[10][0]$_SDFFE_PN0P_/D
