# stage	1_synth
# top_module	sha512
# top_n	100
# kind	blocks
# include_full	1
# rank	worst_slack_ns	start	end	start_full	end_full
1	-0.2692	core.e_reg[I]	core.a_reg[I]	core.e_reg[36]$_DFFE_PN0P_/Q	core.a_reg[62]$_DFFE_PN0P_/D
2	-0.2169	core.f_reg[I]	core.a_reg[I]	core.f_reg[18]$_DFFE_PN0P_/Q	core.a_reg[62]$_DFFE_PN0P_/D
3	-0.2097	core.g_reg[I]	core.a_reg[I]	core.g_reg[18]$_DFFE_PN0P_/Q	core.a_reg[62]$_DFFE_PN0P_/D
4	-0.1582	address[I]	read_data[I]	address[0]	read_data[6]
5	-0.1239	core.e_reg[I]	core.e_reg[I]	core.e_reg[27]$_DFFE_PN0P_/Q	core.e_reg[63]$_DFFE_PN0P_/D
6	-0.1070	core.w_mem_inst.w_pre_reg[I]	core.a_reg[I]	core.w_mem_inst.w_pre_reg[18]$_DFFE_PP_/Q	core.a_reg[62]$_DFFE_PN0P_/D
7	-0.0715	core.f_reg[I]	core.e_reg[I]	core.f_reg[9]$_DFFE_PN0P_/Q	core.e_reg[63]$_DFFE_PN0P_/D
8	-0.0645	core.g_reg[I]	core.e_reg[I]	core.g_reg[9]$_DFFE_PN0P_/Q	core.e_reg[63]$_DFFE_PN0P_/D
9	0.0073	core.k_data_reg[I]	core.a_reg[I]	core.k_data_reg[16]$_DFFE_PP_/Q	core.a_reg[62]$_DFFE_PN0P_/D
10	0.0240	address[I]	error	address[1]	error
11	0.0383	core.w_mem_inst.w_pre_reg[I]	core.e_reg[I]	core.w_mem_inst.w_pre_reg[9]$_DFFE_PP_/Q	core.e_reg[63]$_DFFE_PN0P_/D
12	0.0769	we	read_data[I]	we	read_data[9]
13	0.0897	core.h_reg[I]	core.a_reg[I]	core.h_reg[1]$_DFFE_PN0P_/Q	core.a_reg[62]$_DFFE_PN0P_/D
14	0.0927	cs	read_data[I]	cs	read_data[9]
15	0.1522	core.k_data_reg[I]	core.e_reg[I]	core.k_data_reg[9]$_DFFE_PP_/Q	core.e_reg[63]$_DFFE_PN0P_/D
16	0.2019	we	error	we	error
17	0.2351	core.h_reg[I]	core.e_reg[I]	core.h_reg[9]$_DFFE_PN0P_/Q	core.e_reg[63]$_DFFE_PN0P_/D
18	0.2531	cs	error	cs	error
19	0.4413	address[I]	block_reg[I][J]	address[1]	block_reg[10][10]$_DFFE_PN0P_/D
20	0.4768	address[I]	work_factor_num_reg[I]	address[4]	work_factor_num_reg[10]$_DFFE_PN0P_/D
21	0.5171	address[I]	work_factor_reg	address[4]	work_factor_reg$_DFFE_PN0P_/D
22	0.5174	address[I]	mode_reg[I]	address[4]	mode_reg[0]$_DFFE_PN1P_/D
23	0.5310	core.w_mem_inst.w_mem[I][J]	core.w_mem_inst.w_pre_reg[I]	core.w_mem_inst.w_mem[1][19]$_DFFE_PN0P_/Q	core.w_mem_inst.w_pre_reg[62]$_DFFE_PP_/D
24	0.5505	address[I]	init_reg	address[4]	init_reg$_DFF_PN0_/D
25	0.5505	address[I]	next_reg	address[4]	next_reg$_DFF_PN0_/D
26	0.5572	digest_reg[I]	read_data[I]	digest_reg[269]$_DFFE_PN0P_/Q	read_data[13]
27	0.5666	core.w_mem_inst.w_mem[I][J]	core.w_mem_inst.w_mem[I][J]	core.w_mem_inst.w_mem[1][19]$_DFFE_PN0P_/Q	core.w_mem_inst.w_mem[15][62]$_DFFE_PN0P_/D
28	0.5938	we	block_reg[I][J]	we	block_reg[31][10]$_DFFE_PN0P_/D
29	0.6015	cs	block_reg[I][J]	cs	block_reg[31][10]$_DFFE_PN0P_/D
30	0.6328	core.a_reg[I]	core.a_reg[I]	core.a_reg[3]$_DFFE_PN0P_/Q	core.a_reg[62]$_DFFE_PN0P_/D
31	0.6523	block_reg[I][J]	read_data[I]	block_reg[6][0]$_DFFE_PN0P_/Q	read_data[0]
32	0.6668	reset_n	core.k_data_reg[I]	reset_n	core.k_data_reg[0]$_DFFE_PP_/D
33	0.6668	reset_n	core.w_mem_inst.w_pre_reg[I]	reset_n	core.w_mem_inst.w_pre_reg[14]$_DFFE_PP_/D
34	0.7100	core.c_reg[I]	core.a_reg[I]	core.c_reg[39]$_DFFE_PN0P_/Q	core.a_reg[62]$_DFFE_PN0P_/D
35	0.7105	core.b_reg[I]	core.a_reg[I]	core.b_reg[39]$_DFFE_PN0P_/Q	core.a_reg[62]$_DFFE_PN0P_/D
36	0.7300	work_factor_num_reg[I]	read_data[I]	work_factor_num_reg[1]$_DFFE_PN0P_/Q	read_data[1]
37	0.7420	ready_reg	read_data[I]	ready_reg$_DFF_PN0_/Q	read_data[0]
38	0.7447	next_reg	read_data[I]	next_reg$_DFF_PN0_/Q	read_data[1]
39	0.7486	init_reg	read_data[I]	init_reg$_DFF_PN0_/Q	read_data[0]
40	0.7508	we	work_factor_num_reg[I]	we	work_factor_num_reg[10]$_DFFE_PN0P_/D
41	0.7556	cs	work_factor_num_reg[I]	cs	work_factor_num_reg[10]$_DFFE_PN0P_/D
42	0.7576	work_factor_reg	read_data[I]	work_factor_reg$_DFFE_PN0P_/Q	read_data[7]
43	0.7702	we	work_factor_reg	we	work_factor_reg$_DFFE_PN0P_/D
44	0.7706	we	mode_reg[I]	we	mode_reg[0]$_DFFE_PN1P_/D
45	0.7718	mode_reg[I]	read_data[I]	mode_reg[1]$_DFFE_PN1P_/Q	read_data[3]
46	0.7768	cs	work_factor_reg	cs	work_factor_reg$_DFFE_PN0P_/D
47	0.7771	cs	mode_reg[I]	cs	mode_reg[0]$_DFFE_PN1P_/D
48	0.7775	digest_valid_reg	read_data[I]	digest_valid_reg$_DFF_PN0_/Q	read_data[1]
49	0.8036	we	init_reg	we	init_reg$_DFF_PN0_/D
50	0.8036	we	next_reg	we	next_reg$_DFF_PN0_/D
51	0.8058	write_data[I]	block_reg[I][J]	write_data[0]	block_reg[11][0]$_DFFE_PN0P_/D
52	0.8058	write_data[I]	work_factor_reg	write_data[7]	work_factor_reg$_DFFE_PN0P_/D
53	0.8062	write_data[I]	mode_reg[I]	write_data[3]	mode_reg[1]$_DFFE_PN1P_/D
54	0.8079	write_data[I]	work_factor_num_reg[I]	write_data[10]	work_factor_num_reg[10]$_DFFE_PN0P_/D
55	0.8101	cs	init_reg	cs	init_reg$_DFF_PN0_/D
56	0.8101	cs	next_reg	cs	next_reg$_DFF_PN0_/D
57	0.8355	write_data[I]	init_reg	write_data[0]	init_reg$_DFF_PN0_/D
58	0.8355	write_data[I]	next_reg	write_data[1]	next_reg$_DFF_PN0_/D
59	0.8613	core.b_reg[I]	core.HI_reg[J]	core.b_reg[32]$_DFFE_PN0P_/Q	core.H1_reg[59]$_DFFE_PN0P_/D
60	0.8695	core.HI_reg[J]	core.HI_reg[J]	core.H1_reg[32]$_DFFE_PN0P_/Q	core.H1_reg[59]$_DFFE_PN0P_/D
61	0.8795	core.w_mem_inst.w_ctr_reg[I]	core.w_mem_inst.w_pre_reg[I]	core.w_mem_inst.w_ctr_reg[1]$_DFFE_PN0P_/Q	core.w_mem_inst.w_pre_reg[3]$_DFFE_PP_/D
62	0.8899	core.c_reg[I]	core.HI_reg[J]	core.c_reg[29]$_DFFE_PN0P_/Q	core.H2_reg[59]$_DFFE_PN0P_/D
63	0.8906	core.d_reg[I]	core.HI_reg[J]	core.d_reg[14]$_DFFE_PN0P_/Q	core.H3_reg[61]$_DFFE_PN0P_/D
64	0.8981	core.work_factor_ctr_reg[I]	core.w_mem_inst.w_mem[I][J]	core.work_factor_ctr_reg[25]$_DFFE_PN0P_/Q	core.w_mem_inst.w_mem[10][0]$_DFFE_PN0P_/D
65	0.9011	core.h_reg[I]	core.HI_reg[J]	core.h_reg[9]$_DFFE_PN0P_/Q	core.H7_reg[56]$_DFFE_PN0P_/D
66	0.9028	core.e_reg[I]	core.HI_reg[J]	core.e_reg[9]$_DFFE_PN0P_/Q	core.H4_reg[57]$_DFFE_PN0P_/D
67	0.9039	core.g_reg[I]	core.HI_reg[J]	core.g_reg[32]$_DFFE_PN0P_/Q	core.H6_reg[61]$_DFFE_PN0P_/D
68	0.9044	core.f_reg[I]	core.HI_reg[J]	core.f_reg[2]$_DFFE_PN0P_/Q	core.H5_reg[63]$_DFFE_PN0P_/D
69	0.9074	core.a_reg[I]	core.HI_reg[J]	core.a_reg[9]$_DFFE_PN0P_/Q	core.H0_reg[60]$_DFFE_PN0P_/D
70	0.9096	core.work_factor_ctr_reg[I]	core.HI_reg[J]	core.work_factor_ctr_reg[25]$_DFFE_PN0P_/Q	core.H1_reg[59]$_DFFE_PN0P_/D
71	0.9105	core.d_reg[I]	core.e_reg[I]	core.d_reg[11]$_DFFE_PN0P_/Q	core.e_reg[61]$_DFFE_PN0P_/D
72	0.9121	core.w_mem_inst.w_ctr_reg[I]	core.w_mem_inst.w_mem[I][J]	core.w_mem_inst.w_ctr_reg[1]$_DFFE_PN0P_/Q	core.w_mem_inst.w_mem[0][0]$_DFFE_PN0P_/D
73	0.9139	core.work_factor_ctr_reg[I]	core.w_mem_inst.w_pre_reg[I]	core.work_factor_ctr_reg[25]$_DFFE_PN0P_/Q	core.w_mem_inst.w_pre_reg[3]$_DFFE_PP_/D
74	0.9318	core.round_ctr_reg[I]	core.k_data_reg[I]	core.round_ctr_reg[1]$_DFFE_PN0P_/Q	core.k_data_reg[51]$_DFFE_PP_/D
75	0.9341	core.work_factor_ctr_reg[I]	core.b_reg[I]	core.work_factor_ctr_reg[13]$_DFFE_PN0P_/Q	core.b_reg[16]$_DFFE_PN0P_/D
76	0.9341	core.work_factor_ctr_reg[I]	core.c_reg[I]	core.work_factor_ctr_reg[13]$_DFFE_PN0P_/Q	core.c_reg[9]$_DFFE_PN0P_/D
77	0.9341	core.work_factor_ctr_reg[I]	core.d_reg[I]	core.work_factor_ctr_reg[13]$_DFFE_PN0P_/Q	core.d_reg[0]$_DFFE_PN0P_/D
78	0.9341	core.work_factor_ctr_reg[I]	core.e_reg[I]	core.work_factor_ctr_reg[13]$_DFFE_PN0P_/Q	core.e_reg[13]$_DFFE_PN0P_/D
79	0.9341	core.work_factor_ctr_reg[I]	core.g_reg[I]	core.work_factor_ctr_reg[13]$_DFFE_PN0P_/Q	core.g_reg[20]$_DFFE_PN0P_/D
80	0.9498	work_factor_num_reg[I]	core.w_mem_inst.w_mem[I][J]	work_factor_num_reg[25]$_DFFE_PN0P_/QN	core.w_mem_inst.w_mem[10][0]$_DFFE_PN0P_/D
81	0.9521	core.work_factor_ctr_reg[I]	core.h_reg[I]	core.work_factor_ctr_reg[25]$_DFFE_PN0P_/Q	core.h_reg[18]$_DFFE_PN0P_/D
82	0.9525	core.work_factor_ctr_reg[I]	core.k_data_reg[I]	core.work_factor_ctr_reg[13]$_DFFE_PN0P_/Q	core.k_data_reg[0]$_DFFE_PP_/D
83	0.9530	core.work_factor_ctr_reg[I]	core.a_reg[I]	core.work_factor_ctr_reg[25]$_DFFE_PN0P_/Q	core.a_reg[3]$_DFFE_PN0P_/D
84	0.9542	core.work_factor_ctr_reg[I]	core.f_reg[I]	core.work_factor_ctr_reg[25]$_DFFE_PN0P_/Q	core.f_reg[25]$_DFFE_PN0P_/D
85	0.9546	work_factor_num_reg[I]	core.b_reg[I]	work_factor_num_reg[13]$_DFFE_PN0P_/QN	core.b_reg[16]$_DFFE_PN0P_/D
86	0.9546	work_factor_num_reg[I]	core.c_reg[I]	work_factor_num_reg[13]$_DFFE_PN0P_/QN	core.c_reg[9]$_DFFE_PN0P_/D
87	0.9546	work_factor_num_reg[I]	core.d_reg[I]	work_factor_num_reg[13]$_DFFE_PN0P_/QN	core.d_reg[0]$_DFFE_PN0P_/D
88	0.9546	work_factor_num_reg[I]	core.e_reg[I]	work_factor_num_reg[13]$_DFFE_PN0P_/QN	core.e_reg[13]$_DFFE_PN0P_/D
89	0.9546	work_factor_num_reg[I]	core.g_reg[I]	work_factor_num_reg[13]$_DFFE_PN0P_/QN	core.g_reg[20]$_DFFE_PN0P_/D
90	0.9601	work_factor_num_reg[I]	core.HI_reg[J]	work_factor_num_reg[0]$_DFFE_PN0P_/Q	core.H2_reg[8]$_DFFE_PN0P_/D
91	0.9656	work_factor_num_reg[I]	core.w_mem_inst.w_pre_reg[I]	work_factor_num_reg[25]$_DFFE_PN0P_/QN	core.w_mem_inst.w_pre_reg[3]$_DFFE_PP_/D
92	0.9661	core.work_factor_ctr_reg[I]	core.digest_valid_reg	core.work_factor_ctr_reg[25]$_DFFE_PN0P_/Q	core.digest_valid_reg$_DFFE_PN0P_/D
93	0.9681	core.work_factor_ctr_reg[I]	core.ready_reg	core.work_factor_ctr_reg[25]$_DFFE_PN0P_/Q	core.ready_reg$_DFFE_PN1P_/D
94	0.9689	core.work_factor_ctr_reg[I]	core.w_mem_inst.w_ctr_reg[I]	core.work_factor_ctr_reg[13]$_DFFE_PN0P_/Q	core.w_mem_inst.w_ctr_reg[3]$_DFFE_PN0P_/D
95	0.9730	work_factor_num_reg[I]	core.k_data_reg[I]	work_factor_num_reg[13]$_DFFE_PN0P_/QN	core.k_data_reg[0]$_DFFE_PP_/D
96	0.9783	core.round_ctr_reg[I]	core.work_factor_ctr_reg[I]	core.round_ctr_reg[4]$_DFFE_PN0P_/Q	core.work_factor_ctr_reg[29]$_DFFE_PN0P_/D
97	0.9802	work_factor_num_reg[I]	core.a_reg[I]	work_factor_num_reg[13]$_DFFE_PN0P_/QN	core.a_reg[18]$_DFFE_PN0P_/D
98	0.9805	work_factor_num_reg[I]	core.h_reg[I]	work_factor_num_reg[13]$_DFFE_PN0P_/QN	core.h_reg[22]$_DFFE_PN0P_/D
99	0.9816	work_factor_num_reg[I]	core.f_reg[I]	work_factor_num_reg[13]$_DFFE_PN0P_/QN	core.f_reg[63]$_DFFE_PN0P_/D
100	0.9890	work_factor_num_reg[I]	core.digest_valid_reg	work_factor_num_reg[0]$_DFFE_PN0P_/Q	core.digest_valid_reg$_DFFE_PN0P_/D
