# stage	1_synth
# top_module	ddr3_controller
# top_n	100
# kind	blocks
# include_full	1
# rank	worst_slack_ns	start	end	start_full	end_full
1	-0.3257	i_wb_addr[I]	stageI_do_pre	i_wb_addr[2]	stage1_do_pre$_SDFF_PP0_/D
2	-0.3031	lane[I]	added_read_pipe[I]	lane[1]$_SDFFE_PP0P_/Q	added_read_pipe[0]$_SDFFCE_PN0P_/D
3	-0.3022	i_wb_cyc	stageI_do_pre	i_wb_cyc	stage1_do_pre$_SDFF_PP0_/D
4	-0.2850	i_wb_cyc	stageI_do_act	i_wb_cyc	stage1_do_act$_SDFF_PP0_/D
5	-0.2780	i_wb_addr[I]	stageI_do_act	i_wb_addr[2]	stage1_do_act$_SDFF_PP0_/D
6	-0.2700	lane[I]	o_phy_idelay_dqs_cntvaluein[I]	lane[1]$_SDFFE_PP0P_/Q	o_phy_idelay_dqs_cntvaluein[1]
7	-0.2584	lane[I]	o_phy_odelay_data_cntvaluein[I]	lane[1]$_SDFFE_PP0P_/Q	o_phy_odelay_data_cntvaluein[4]
8	-0.2584	lane[I]	o_phy_odelay_dqs_cntvaluein[I]	lane[1]$_SDFFE_PP0P_/Q	o_phy_odelay_dqs_cntvaluein[4]
9	-0.2251	lane[I]	o_phy_idelay_data_cntvaluein[I]	lane[1]$_SDFFE_PP0P_/Q	o_phy_idelay_data_cntvaluein[0]
10	-0.2115	i_phy_iserdes_bitslip_reference[I]	state_calibrate[I]	i_phy_iserdes_bitslip_reference[26]	state_calibrate[3]$_SDFFE_PP0P_/D
11	-0.2059	lane[I]	data_start_index[I][J]	lane[1]$_SDFFE_PP0P_/Q	data_start_index[0][0]$_SDFFCE_PN0P_/D
12	-0.2022	lane[I]	idelay_dqs_cntvaluein[I][J]	lane[1]$_SDFFE_PP0P_/Q	idelay_dqs_cntvaluein[0][1]$_SDFFCE_PN0P_/D
13	-0.1920	stageI_bank[J]	o_wb_stall_int_q	stage2_bank[1]$_SDFF_PP0_/Q	o_wb_stall_int_q$_SDFF_PP1_/D
14	-0.1918	i_phy_iserdes_bitslip_reference[I]	sample_clk_repeat[I]	i_phy_iserdes_bitslip_reference[26]	sample_clk_repeat[3]$_SDFFCE_PP0P_/D
15	-0.1891	stageI_do_pre	o_wb_stall_int_q	stage2_do_pre$_SDFF_PP0_/Q	o_wb_stall_int_q$_SDFF_PP1_/D
16	-0.1875	stageI_pending	o_wb_stall_int_q	stage2_pending$_SDFFE_PP0P_/Q	o_wb_stall_int_q$_SDFF_PP1_/D
17	-0.1863	lane[I]	state_calibrate[I]	lane[1]$_SDFFE_PP0P_/Q	state_calibrate[3]$_SDFFE_PP0P_/D
18	-0.1831	lane[I]	write_pattern_lane[I]	lane[1]$_SDFFE_PP0P_/Q	write_pattern_lane[10]$_SDFF_PP0_/D
19	-0.1784	stageI_do_act	o_wb_stall_int_q	stage2_do_act$_SDFF_PP0_/Q	o_wb_stall_int_q$_SDFF_PP1_/D
20	-0.1776	lane[I]	dqs_target_rollback_q	lane[1]$_SDFFE_PP0P_/Q	dqs_target_rollback_q$_SDFF_PP0_/D
21	-0.1775	stageI_bank[J]	stageI_do_wr_or_rd	stage2_bank[1]$_SDFF_PP0_/Q	stage2_do_wr_or_rd$_SDFF_PP0_/D
22	-0.1745	stageI_do_pre	stageI_do_wr_or_rd	stage2_do_pre$_SDFF_PP0_/Q	stage2_do_wr_or_rd$_SDFF_PP0_/D
23	-0.1732	data_start_index[I][J]	data_start_index[I][J]	data_start_index[6][0]$_SDFFCE_PN0P_/Q	data_start_index[0][0]$_SDFFCE_PN0P_/D
24	-0.1730	stageI_pending	stageI_do_wr_or_rd	stage2_pending$_SDFFE_PP0P_/Q	stage2_do_wr_or_rd$_SDFF_PP0_/D
25	-0.1706	state_calibrate[I]	write_test_address_counter[I]	state_calibrate[2]$_SDFFE_PP0P_/Q	write_test_address_counter[21]$_SDFFE_PP0P_/D
26	-0.1666	lane[I]	sample_clk_repeat[I]	lane[1]$_SDFFE_PP0P_/Q	sample_clk_repeat[3]$_SDFFCE_PP0P_/D
27	-0.1656	lane[I]	idelay_data_cntvaluein[I][J]	lane[1]$_SDFFE_PP0P_/Q	idelay_data_cntvaluein[4][1]$_SDFFCE_PN0P_/D
28	-0.1618	lane[I]	odelay_dqs_cntvaluein[I][J]	lane[1]$_SDFFE_PP0P_/Q	odelay_dqs_cntvaluein[2][1]$_SDFFCE_PN0P_/D
29	-0.1606	read_lane_data_shifted[I]	data_start_index[I][J]	read_lane_data_shifted[13]$_SDFF_PP0_/Q	data_start_index[0][0]$_SDFFCE_PN0P_/D
30	-0.1596	dqs_start_index[I]	delay_before_read_data[I]	dqs_start_index[1]$_SDFFE_PP0P_/Q	delay_before_read_data[3]$_SDFF_PP0_/D
31	-0.1591	dqs_start_index[I]	state_calibrate[I]	dqs_start_index[1]$_SDFFE_PP0P_/Q	state_calibrate[3]$_SDFFE_PP0P_/D
32	-0.1561	calib_addr[I]	stageI_do_pre	calib_addr[7]$_SDFFE_PP0P_/Q	stage1_do_pre$_SDFF_PP0_/D
33	-0.1557	stageI_do_act	stageI_do_wr_or_rd	stage2_do_act$_SDFF_PP0_/Q	stage2_do_wr_or_rd$_SDFF_PP0_/D
34	-0.1553	i_wb_addr[I]	stageI_next_row[J]	i_wb_addr[8]	stage1_next_row[13]$_SDFF_PP0_/D
35	-0.1530	stageI_bank[J]	stageI_do_pre	stage2_bank[1]$_SDFF_PP0_/Q	stage2_do_pre$_SDFF_PP0_/D
36	-0.1527	stageI_do_wr_or_rd	stageI_do_wr_or_rd	stage2_do_wr_or_rd$_SDFF_PP0_/Q	stage2_do_wr_or_rd$_SDFF_PP0_/D
37	-0.1527	lane[I]	dq_target_rollback_q	lane[1]$_SDFFE_PP0P_/Q	dq_target_rollback_q$_SDFF_PP0_/D
38	-0.1524	data_start_index[I][J]	write_pattern_lane[I]	data_start_index[6][3]$_SDFFCE_PN0P_/Q	write_pattern_lane[10]$_SDFF_PP0_/D
39	-0.1519	stageI_do_rd	stageI_do_wr_or_rd	stage2_do_rd$_SDFF_PP0_/Q	stage2_do_wr_or_rd$_SDFF_PP0_/D
40	-0.1518	lane[I]	dq_target_index[I][J]	lane[1]$_SDFFE_PP0P_/Q	dq_target_index[0][4]$_SDFFCE_PN0P_/D
41	-0.1514	lane[I]	odelay_data_cntvaluein[I][J]	lane[1]$_SDFFE_PP0P_/Q	odelay_data_cntvaluein[0][4]$_SDFFCE_PN0P_/D
42	-0.1500	stageI_do_pre	stageI_do_pre	stage2_do_pre$_SDFF_PP0_/Q	stage2_do_pre$_SDFF_PP0_/D
43	-0.1485	stageI_pending	stageI_do_pre	stage2_pending$_SDFFE_PP0P_/Q	stage2_do_pre$_SDFF_PP0_/D
44	-0.1454	stageI_pending	stageI_do_rd	stage2_pending$_SDFFE_PP0P_/Q	stage2_do_rd$_SDFF_PP0_/D
45	-0.1451	o_wb_stall_int_q	stageI_do_pre	o_wb_stall_int_q$_SDFF_PP1_/Q	stage1_do_pre$_SDFF_PP0_/D
46	-0.1446	dqs_start_index[I]	o_phy_idelay_data_ld[I]	dqs_start_index[1]$_SDFFE_PP0P_/Q	o_phy_idelay_data_ld[0]$_SDFF_PP0_/D
47	-0.1441	index_wb_data	o_wb_data[I]	index_wb_data$_SDFFE_PP0P_/Q	o_wb_data[301]
48	-0.1408	stageI_bank[J]	stageI_do_rd	stage2_bank[2]$_SDFF_PP0_/Q	stage2_do_rd$_SDFF_PP0_/D
49	-0.1399	stageI_do_pre	stageI_do_rd	stage2_do_pre$_SDFF_PP0_/Q	stage2_do_rd$_SDFF_PP0_/D
50	-0.1393	stageI_do_wr	stageI_do_pre	stage2_do_wr$_SDFF_PP0_/Q	stage1_do_pre$_SDFF_PP0_/D
51	-0.1373	dqs_start_index[I]	dqs_start_index[I]	dqs_start_index[1]$_SDFFE_PP0P_/Q	dqs_start_index[5]$_SDFFE_PP0P_/D
52	-0.1364	index_wb_data	reset_from_test	index_wb_data$_SDFFE_PP0P_/Q	reset_from_test$_SDFF_PP0_/D
53	-0.1359	stageI_bank[J]	o_phy_cmd[I]	stage2_bank[1]$_SDFF_PP0_/Q	o_phy_cmd[10]
54	-0.1358	lane[I]	added_read_pipe_max	lane[1]$_SDFFE_PP0P_/Q	added_read_pipe_max$_SDFFE_PP0P_/D
55	-0.1357	lane[I]	lane_write_dq_late[I]	lane[1]$_SDFFE_PP0P_/Q	lane_write_dq_late[7]$_SDFFE_PP0P_/D
56	-0.1319	instruction_address[I]	write_test_address_counter[I]	instruction_address[0]$_SDFF_PP0_/Q	write_test_address_counter[21]$_SDFFE_PP0P_/D
57	-0.1316	stageI_do_pre	o_phy_cmd[I]	stage2_do_pre$_SDFF_PP0_/Q	o_phy_cmd[10]
58	-0.1312	stageI_do_act	stageI_do_pre	stage2_do_act$_SDFF_PP0_/Q	stage2_do_pre$_SDFF_PP0_/D
59	-0.1301	stageI_do_wr_or_rd	stageI_do_rd	stage2_do_wr_or_rd$_SDFF_PP0_/Q	stage2_do_rd$_SDFF_PP0_/D
60	-0.1301	stageI_pending	o_phy_cmd[I]	stage2_pending$_SDFFE_PP0P_/Q	o_phy_cmd[10]
61	-0.1299	i_phy_iserdes_bitslip_reference[I]	o_phy_write_leveling_calib	i_phy_iserdes_bitslip_reference[26]	o_phy_write_leveling_calib$_SDFFE_PP0P_/D
62	-0.1296	stageI_do_rd	stageI_do_rd	stage2_do_rd$_SDFF_PP0_/Q	stage2_do_rd$_SDFF_PP0_/D
63	-0.1286	lane[I]	dqs_bitslip_arrangement[I]	lane[1]$_SDFFE_PP0P_/Q	dqs_bitslip_arrangement[1]$_SDFFE_PP0P_/D
64	-0.1282	stageI_do_wr_or_rd	stageI_do_pre	stage2_do_wr_or_rd$_SDFF_PP0_/Q	stage2_do_pre$_SDFF_PP0_/D
65	-0.1274	stageI_do_rd	stageI_do_pre	stage2_do_rd$_SDFF_PP0_/Q	stage2_do_pre$_SDFF_PP0_/D
66	-0.1237	stageI_do_wr	o_wb_stall_int_q	stage2_do_wr$_SDFF_PP0_/Q	o_wb_stall_int_q$_SDFF_PP1_/D
67	-0.1211	lane[I]	dqs_store[I]	lane[1]$_SDFFE_PP0P_/Q	dqs_store[39]$_SDFFE_PP0P_/D
68	-0.1187	force_o_wb_stall_high_q	stageI_do_pre	force_o_wb_stall_high_q$_SDFF_PP0_/Q	stage1_do_pre$_SDFF_PP0_/D
69	-0.1173	i_phy_iserdes_bitslip_reference[I]	prev_write_level_feedback	i_phy_iserdes_bitslip_reference[26]	prev_write_level_feedback$_SDFFE_PP1P_/D
70	-0.1167	state_calibrate[I]	read_test_address_counter[I]	state_calibrate[2]$_SDFFE_PP0P_/QN	read_test_address_counter[20]$_SDFFE_PP0P_/D
71	-0.1163	stageI_pending	stageI_do_update_delay_before_read_after_act	stage2_pending$_SDFFE_PP0P_/Q	stage2_do_update_delay_before_read_after_act$_SDFF_PP0_/D
72	-0.1153	stageI_do_wr	stageI_do_wr_or_rd	stage2_do_wr$_SDFF_PP0_/Q	stage2_do_wr_or_rd$_SDFF_PP0_/D
73	-0.1150	i_wb_cyc	stageI_dm[J]	i_wb_cyc	stage1_dm[58]$_SDFFE_PP0P_/D
74	-0.1150	i_wb_cyc	stageI_bank[J]	i_wb_cyc	stage1_bank[0]$_SDFFE_PP0P_/D
75	-0.1150	i_wb_cyc	stageI_col[J]	i_wb_cyc	stage1_col[3]$_SDFFE_PP0P_/D
76	-0.1150	i_wb_cyc	stageI_row[J]	i_wb_cyc	stage1_row[10]$_SDFFE_PP0P_/D
77	-0.1150	i_wb_cyc	stageI_data[J]	i_wb_cyc	stage1_data[491]$_SDFFE_PP0P_/D
78	-0.1150	instruction_address[I]	state_calibrate[I]	instruction_address[0]$_SDFF_PP0_/Q	state_calibrate[3]$_SDFFE_PP0P_/D
79	-0.1147	stageI_bank[J]	stageI_do_update_delay_before_write_after_act	stage2_bank[2]$_SDFF_PP0_/QN	stage2_do_update_delay_before_write_after_act$_SDFF_PP0_/D
80	-0.1147	stageI_bank[J]	stageI_do_wr	stage2_bank[2]$_SDFF_PP0_/QN	stage2_do_wr$_SDFF_PP0_/D
81	-0.1140	lane[I]	read_lane_data[I]	lane[1]$_SDFFE_PP0P_/Q	read_lane_data[23]$_SDFF_PP0_/D
82	-0.1138	data_start_index[I][J]	state_calibrate[I]	data_start_index[6][0]$_SDFFCE_PN0P_/Q	state_calibrate[3]$_SDFFE_PP0P_/D
83	-0.1117	stageI_bank[J]	stageI_do_update_delay_before_read_after_act	stage2_bank[2]$_SDFF_PP0_/Q	stage2_do_update_delay_before_read_after_act$_SDFF_PP0_/D
84	-0.1115	stageI_do_wr_or_rd	o_wb_stall_int_q	stage2_do_wr_or_rd$_SDFF_PP0_/Q	o_wb_stall_int_q$_SDFF_PP1_/D
85	-0.1111	i_phy_iserdes_bitslip_reference[I]	stored_write_level_feedback	i_phy_iserdes_bitslip_reference[26]	stored_write_level_feedback$_SDFFCE_PN0P_/D
86	-0.1108	calib_addr[I]	stageI_do_act	calib_addr[6]$_SDFFE_PP0P_/Q	stage1_do_act$_SDFF_PP0_/D
87	-0.1108	stageI_do_pre	stageI_do_update_delay_before_read_after_act	stage2_do_pre$_SDFF_PP0_/Q	stage2_do_update_delay_before_read_after_act$_SDFF_PP0_/D
88	-0.1100	i_phy_iserdes_bitslip_reference[I]	dqs_start_index_stored[I]	i_phy_iserdes_bitslip_reference[56]	dqs_start_index_stored[5]$_SDFFE_PP0P_/D
89	-0.1082	stageI_do_wr	stageI_do_update_delay_before_write_after_act	stage2_do_wr$_SDFF_PP0_/Q	stage2_do_update_delay_before_write_after_act$_SDFF_PP0_/D
90	-0.1082	stageI_do_wr	stageI_do_wr	stage2_do_wr$_SDFF_PP0_/Q	stage2_do_wr$_SDFF_PP0_/D
91	-0.1065	stageI_do_act	stageI_do_rd	stage2_do_act$_SDFF_PP0_/Q	stage2_do_rd$_SDFF_PP0_/D
92	-0.1051	stageI_do_update_delay_before_write_after_act	o_wb_stall_int_q	stage2_do_update_delay_before_write_after_act$_SDFF_PP0_/Q	o_wb_stall_int_q$_SDFF_PP1_/D
93	-0.1047	lane[I]	o_phy_write_leveling_calib	lane[1]$_SDFFE_PP0P_/Q	o_phy_write_leveling_calib$_SDFFE_PP0P_/D
94	-0.1033	stageI_bank[J]	o_wb_stall_int_q	stage1_bank[2]$_SDFFE_PP0P_/Q	o_wb_stall_int_q$_SDFF_PP1_/D
95	-0.1029	stageI_do_rd	o_wb_stall_int_q	stage2_do_rd$_SDFF_PP0_/Q	o_wb_stall_int_q$_SDFF_PP1_/D
96	-0.1026	dqs_start_index[I]	dqs_start_index_repeat	dqs_start_index[1]$_SDFFE_PP0P_/Q	dqs_start_index_repeat$_SDFFE_PP0P_/D
97	-0.1024	i_phy_idelayctrl_rdy	write_test_address_counter[I]	i_phy_idelayctrl_rdy	write_test_address_counter[21]$_SDFFE_PP0P_/D
98	-0.1019	instruction_address[I]	read_test_address_counter[I]	instruction_address[0]$_SDFF_PP0_/Q	read_test_address_counter[20]$_SDFFE_PP0P_/D
99	-0.1016	final_calibration_done	stageI_do_pre	final_calibration_done$_SDFFE_PP0P_/QN	stage1_do_pre$_SDFF_PP0_/D
100	-0.1010	stageI_do_wr_or_rd	stageI_do_update_delay_before_read_after_act	stage2_do_wr_or_rd$_SDFF_PP0_/Q	stage2_do_update_delay_before_read_after_act$_SDFF_PP0_/D
