# stage	6_final
# top_module	aes
# top_n	100
# kind	blocks
# include_full	1
# rank	worst_slack_ns	start	end	start_full	end_full
1	-0.1637	core.dec_block.round_ctr_reg[I]	core.dec_block.block_wI_reg[J]	core.dec_block.round_ctr_reg[0]$_DFFE_PN0P_/Q	core.dec_block.block_w3_reg[13]$_DFFE_PN0P_/D
2	-0.1634	encdec_reg	core.dec_block.block_wI_reg[J]	encdec_reg$_DFFE_PN0P_/Q	core.dec_block.block_w0_reg[13]$_DFFE_PN0P_/D
3	-0.1598	core.enc_block.round_ctr_reg[I]	core.dec_block.block_wI_reg[J]	core.enc_block.round_ctr_reg[3]$_DFFE_PN0P_/Q	core.dec_block.block_w2_reg[29]$_DFFE_PN0P_/D
4	-0.1575	core.enc_block.sword_ctr_reg[I]	core.enc_block.block_wI_reg[J]	core.enc_block.sword_ctr_reg[1]$_DFFE_PN0P_/Q	core.enc_block.block_w3_reg[12]$_DFFE_PN0P_/D
5	-0.1222	core.enc_block.round_ctr_reg[I]	core.enc_block.block_wI_reg[J]	core.enc_block.round_ctr_reg[2]$_DFFE_PN0P_/Q	core.enc_block.block_w3_reg[19]$_DFFE_PN0P_/D
6	-0.0974	core.dec_block.block_wI_reg[J]	core.dec_block.block_wI_reg[J]	core.dec_block.block_w0_reg[4]$_DFFE_PN0P_/Q	core.dec_block.block_w0_reg[3]$_DFFE_PN0P_/D
7	-0.0720	core.enc_block.block_wI_reg[J]	core.enc_block.block_wI_reg[J]	core.enc_block.block_w2_reg[12]$_DFFE_PN0P_/Q	core.enc_block.block_w3_reg[8]$_DFFE_PN0P_/D
8	-0.0615	core.enc_block.enc_ctrl_reg[I]	core.enc_block.block_wI_reg[J]	core.enc_block.enc_ctrl_reg[2]$_DFF_PN0_/Q	core.enc_block.block_w3_reg[12]$_DFFE_PN0P_/D
9	-0.0608	encdec_reg	core.enc_block.block_wI_reg[J]	encdec_reg$_DFFE_PN0P_/Q	core.enc_block.block_w0_reg[20]$_DFFE_PN0P_/D
10	-0.0503	core.dec_block.round_ctr_reg[I]	core.enc_block.block_wI_reg[J]	core.dec_block.round_ctr_reg[2]$_DFFE_PN0P_/Q	core.enc_block.block_w0_reg[20]$_DFFE_PN0P_/D
11	0.0082	core.keymem.key_mem[I][J]	core.dec_block.block_wI_reg[J]	core.keymem.key_mem[12][75]$_DFFE_PN0P_/Q	core.dec_block.block_w0_reg[3]$_DFFE_PN0P_/D
12	0.0167	core.keymem.round_ctr_reg[I]	core.keymem.key_mem[I][J]	core.keymem.round_ctr_reg[0]$_DFFE_PN0P_/Q	core.keymem.key_mem[2][25]$_DFFE_PN0P_/D
13	0.0416	core.keymem.sbox_out_reg[I]	core.keymem.key_mem[I][J]	core.keymem.sbox_out_reg[17]$_DFFE_PN0P_/Q	core.keymem.key_mem[2][25]$_DFFE_PN0P_/D
14	0.0483	core.keymem.prev_keyI_reg[J]	core.keymem.sbox_out_reg[I]	core.keymem.prev_key1_reg[26]$_DFFE_PN0P_/Q	core.keymem.sbox_out_reg[24]$_DFFE_PN0P_/D
15	0.0520	core.keymem.rcon_reg[I]	core.keymem.key_mem[I][J]	core.keymem.rcon_reg[1]$_DFFE_PN0P_/Q	core.keymem.key_mem[2][25]$_DFFE_PN0P_/D
16	0.0948	keylen_reg	core.enc_block.block_wI_reg[J]	keylen_reg$_DFFE_PN0P_/QN	core.enc_block.block_w3_reg[19]$_DFFE_PN0P_/D
17	0.1114	keylen_reg	core.keymem.key_mem[I][J]	keylen_reg$_DFFE_PN0P_/Q	core.keymem.key_mem[13][47]$_DFFE_PN0P_/D
18	0.1143	read_data_reg[I]	read_data[I]	read_data_reg[3]$_DFF_PN0_/Q	read_data[3]
19	0.1151	core.dec_block.dec_ctrl_reg[I]	core.dec_block.block_wI_reg[J]	core.dec_block.dec_ctrl_reg[3]$_DFF_PN0_/Q	core.dec_block.block_w1_reg[6]$_DFFE_PN0P_/D
20	0.1413	core.keymem.round_ctr_reg[I]	core.keymem.prev_keyI_reg[J]	core.keymem.round_ctr_reg[0]$_DFFE_PN0P_/Q	core.keymem.prev_key1_reg[14]$_DFFE_PN0P_/D
21	0.1518	core.keymem.round_ctr_reg[I]	core.keymem.rcon_reg[I]	core.keymem.round_ctr_reg[0]$_DFFE_PN0P_/Q	core.keymem.rcon_reg[3]$_DFFE_PN0P_/D
22	0.1589	core.keymem.prev_keyI_reg[J]	core.keymem.key_mem[I][J]	core.keymem.prev_key1_reg[121]$_DFFE_PN0P_/Q	core.keymem.key_mem[2][25]$_DFFE_PN0P_/D
23	0.1652	core.keymem.key_mem[I][J]	core.enc_block.block_wI_reg[J]	core.keymem.key_mem[10][95]$_DFFE_PN0P_/Q	core.enc_block.block_w1_reg[31]$_DFFE_PN0P_/D
24	0.1691	core.keymem.key_mem_ctrl_reg[I]	core.keymem.key_mem[I][J]	core.keymem.key_mem_ctrl_reg[4]$_DFF_PN0_/Q	core.keymem.key_mem[7][85]$_DFFE_PN0P_/D
25	0.1724	encdec_reg	result_reg[I]	encdec_reg$_DFFE_PN0P_/Q	result_reg[62]$_DFF_PN0_/D
26	0.1843	core.keymem.sbox_out_reg[I]	core.keymem.prev_keyI_reg[J]	core.keymem.sbox_out_reg[17]$_DFFE_PN0P_/Q	core.keymem.prev_key1_reg[25]$_DFFE_PN0P_/D
27	0.1947	core.keymem.rcon_reg[I]	core.keymem.prev_keyI_reg[J]	core.keymem.rcon_reg[1]$_DFFE_PN0P_/Q	core.keymem.prev_key1_reg[25]$_DFFE_PN0P_/D
28	0.2094	core.keymem.key_mem_ctrl_reg[I]	core.keymem.sbox_out_reg[I]	core.keymem.key_mem_ctrl_reg[2]$_DFF_PN0_/Q	core.keymem.sbox_out_reg[14]$_DFFE_PN0P_/D
29	0.2444	core.enc_block.round_ctr_reg[I]	core.enc_block.enc_ctrl_reg[I]	core.enc_block.round_ctr_reg[2]$_DFFE_PN0P_/Q	core.enc_block.enc_ctrl_reg[1]$_DFF_PN0_/D
30	0.2573	keylen_reg	core.keymem.prev_keyI_reg[J]	keylen_reg$_DFFE_PN0P_/Q	core.keymem.prev_key1_reg[6]$_DFFE_PN0P_/D
31	0.2599	address[I]	read_data_reg[I]	address[3]	read_data_reg[25]$_DFF_PN0_/D
32	0.2604	address[I]	block_reg[I][J]	address[3]	block_reg[3][24]$_DFFE_PN0P_/D
33	0.2617	address[I]	key_reg[I][J]	address[6]	key_reg[0][11]$_DFFE_PN0P_/D
34	0.2757	core.enc_block.round_ctr_reg[I]	core.enc_block.ready_reg	core.enc_block.round_ctr_reg[2]$_DFFE_PN0P_/Q	core.enc_block.ready_reg$_DFFE_PN1P_/D
35	0.2762	encdec_reg	core.aes_core_ctrl_reg[I]	encdec_reg$_DFFE_PN0P_/Q	core.aes_core_ctrl_reg[1]$_DFF_PN0_/D
36	0.2800	core.keymem.key_mem_ctrl_reg[I]	core.keymem.prev_keyI_reg[J]	core.keymem.key_mem_ctrl_reg[4]$_DFF_PN0_/Q	core.keymem.prev_key0_reg[114]$_DFFE_PN0P_/D
37	0.2963	core.keymem.prev_keyI_reg[J]	core.keymem.prev_keyI_reg[J]	core.keymem.prev_key1_reg[102]$_DFFE_PN0P_/Q	core.keymem.prev_key1_reg[6]$_DFFE_PN0P_/D
38	0.3015	cs	key_reg[I][J]	cs	key_reg[0][11]$_DFFE_PN0P_/D
39	0.3060	we	key_reg[I][J]	we	key_reg[0][11]$_DFFE_PN0P_/D
40	0.3121	core.keymem.key_mem_ctrl_reg[I]	core.keymem.key_mem_ctrl_reg[I]	core.keymem.key_mem_ctrl_reg[2]$_DFF_PN0_/Q	core.keymem.key_mem_ctrl_reg[3]$_DFF_PN0_/D
41	0.3167	keylen_reg	core.keymem.rcon_reg[I]	keylen_reg$_DFFE_PN0P_/Q	core.keymem.rcon_reg[3]$_DFFE_PN0P_/D
42	0.3286	address[I]	encdec_reg	address[4]	encdec_reg$_DFFE_PN0P_/D
43	0.3317	address[I]	next_reg	address[4]	next_reg$_DFF_PN0_/D
44	0.3317	address[I]	init_reg	address[4]	init_reg$_DFF_PN0_/D
45	0.3347	encdec_reg	core.ready_reg	encdec_reg$_DFFE_PN0P_/Q	core.ready_reg$_DFFE_PN1P_/D
46	0.3439	encdec_reg	core.enc_block.round_ctr_reg[I]	encdec_reg$_DFFE_PN0P_/Q	core.enc_block.round_ctr_reg[3]$_DFFE_PN0P_/D
47	0.3554	address[I]	keylen_reg	address[4]	keylen_reg$_DFFE_PN0P_/D
48	0.3561	cs	block_reg[I][J]	cs	block_reg[3][24]$_DFFE_PN0P_/D
49	0.3609	key_reg[I][J]	core.keymem.key_mem[I][J]	key_reg[0][19]$_DFFE_PN0P_/Q	core.keymem.key_mem[2][115]$_DFFE_PN0P_/D
50	0.3617	we	block_reg[I][J]	we	block_reg[3][24]$_DFFE_PN0P_/D
51	0.3629	encdec_reg	core.enc_block.enc_ctrl_reg[I]	encdec_reg$_DFFE_PN0P_/Q	core.enc_block.enc_ctrl_reg[2]$_DFF_PN0_/D
52	0.3664	core.keymem.key_mem_ctrl_reg[I]	core.keymem.rcon_reg[I]	core.keymem.key_mem_ctrl_reg[4]$_DFF_PN0_/Q	core.keymem.rcon_reg[3]$_DFFE_PN0P_/D
53	0.3667	encdec_reg	core.enc_block.ready_reg	encdec_reg$_DFFE_PN0P_/Q	core.enc_block.ready_reg$_DFFE_PN1P_/D
54	0.3697	encdec_reg	core.result_valid_reg	encdec_reg$_DFFE_PN0P_/Q	core.result_valid_reg$_DFFE_PN0P_/D
55	0.3713	we	read_data_reg[I]	we	read_data_reg[25]$_DFF_PN0_/D
56	0.3717	next_reg	core.enc_block.round_ctr_reg[I]	next_reg$_DFF_PN0_/Q	core.enc_block.round_ctr_reg[3]$_DFFE_PN0P_/D
57	0.3723	block_reg[I][J]	core.dec_block.block_wI_reg[J]	block_reg[1][3]$_DFFE_PN0P_/Q	core.dec_block.block_w0_reg[3]$_DFFE_PN0P_/D
58	0.3767	keylen_reg	core.keymem.key_mem_ctrl_reg[I]	keylen_reg$_DFFE_PN0P_/Q	core.keymem.key_mem_ctrl_reg[2]$_DFF_PN0_/D
59	0.3779	cs	read_data_reg[I]	cs	read_data_reg[25]$_DFF_PN0_/D
60	0.3810	core.dec_block.dec_ctrl_reg[I]	core.dec_block.round_ctr_reg[I]	core.dec_block.dec_ctrl_reg[2]$_DFF_PN0_/Q	core.dec_block.round_ctr_reg[2]$_DFFE_PN0P_/D
61	0.3889	core.enc_block.sword_ctr_reg[I]	core.enc_block.enc_ctrl_reg[I]	core.enc_block.sword_ctr_reg[1]$_DFFE_PN0P_/Q	core.enc_block.enc_ctrl_reg[3]$_DFF_PN0_/D
62	0.3937	core.enc_block.enc_ctrl_reg[I]	core.enc_block.enc_ctrl_reg[I]	core.enc_block.enc_ctrl_reg[2]$_DFF_PN0_/Q	core.enc_block.enc_ctrl_reg[2]$_DFF_PN0_/D
63	0.3945	next_reg	core.enc_block.ready_reg	next_reg$_DFF_PN0_/Q	core.enc_block.ready_reg$_DFFE_PN1P_/D
64	0.4029	core.dec_block.round_ctr_reg[I]	core.dec_block.round_ctr_reg[I]	core.dec_block.round_ctr_reg[1]$_DFFE_PN0P_/Q	core.dec_block.round_ctr_reg[3]$_DFFE_PN0P_/D
65	0.4165	core.enc_block.round_ctr_reg[I]	core.enc_block.round_ctr_reg[I]	core.enc_block.round_ctr_reg[1]$_DFFE_PN0P_/Q	core.enc_block.round_ctr_reg[3]$_DFFE_PN0P_/D
66	0.4224	core.dec_block.block_wI_reg[J]	result_reg[I]	core.dec_block.block_w2_reg[16]$_DFFE_PN0P_/Q	result_reg[48]$_DFF_PN0_/D
67	0.4227	core.enc_block.enc_ctrl_reg[I]	core.enc_block.round_ctr_reg[I]	core.enc_block.enc_ctrl_reg[2]$_DFF_PN0_/Q	core.enc_block.round_ctr_reg[3]$_DFFE_PN0P_/D
68	0.4319	reset_n	core.keymem.key_mem[I][J]	reset_n	core.keymem.key_mem[12][119]$_DFFE_PN0P_/RN
69	0.4379	core.keymem.key_mem_ctrl_reg[I]	core.keymem.round_ctr_reg[I]	core.keymem.key_mem_ctrl_reg[4]$_DFF_PN0_/Q	core.keymem.round_ctr_reg[3]$_DFFE_PN0P_/D
70	0.4429	next_reg	core.dec_block.ready_reg	next_reg$_DFF_PN0_/Q	core.dec_block.ready_reg$_DFFE_PN1P_/D
71	0.4450	cs	encdec_reg	cs	encdec_reg$_DFFE_PN0P_/D
72	0.4457	reset_n	core.dec_block.ready_reg	reset_n	core.dec_block.ready_reg$_DFFE_PN1P_/SN
73	0.4461	reset_n	core.dec_block.dec_ctrl_reg[I]	reset_n	core.dec_block.dec_ctrl_reg[0]$_DFF_PN1_/SN
74	0.4479	reset_n	core.dec_block.block_wI_reg[J]	reset_n	core.dec_block.block_w1_reg[4]$_DFFE_PN0P_/RN
75	0.4480	cs	next_reg	cs	next_reg$_DFF_PN0_/D
76	0.4480	cs	init_reg	cs	init_reg$_DFF_PN0_/D
77	0.4506	we	encdec_reg	we	encdec_reg$_DFFE_PN0P_/D
78	0.4510	next_reg	core.dec_block.round_ctr_reg[I]	next_reg$_DFF_PN0_/Q	core.dec_block.round_ctr_reg[2]$_DFFE_PN0P_/D
79	0.4523	core.enc_block.enc_ctrl_reg[I]	core.enc_block.ready_reg	core.enc_block.enc_ctrl_reg[2]$_DFF_PN0_/Q	core.enc_block.ready_reg$_DFFE_PN1P_/D
80	0.4535	we	next_reg	we	next_reg$_DFF_PN0_/D
81	0.4536	we	init_reg	we	init_reg$_DFF_PN0_/D
82	0.4548	core.keymem.round_ctr_reg[I]	core.keymem.round_ctr_reg[I]	core.keymem.round_ctr_reg[0]$_DFFE_PN0P_/Q	core.keymem.round_ctr_reg[2]$_DFFE_PN0P_/D
83	0.4553	keylen_reg	core.enc_block.enc_ctrl_reg[I]	keylen_reg$_DFFE_PN0P_/QN	core.enc_block.enc_ctrl_reg[1]$_DFF_PN0_/D
84	0.4554	reset_n	key_reg[I][J]	reset_n	key_reg[1][19]$_DFFE_PN0P_/RN
85	0.4556	block_reg[I][J]	core.enc_block.block_wI_reg[J]	block_reg[0][20]$_DFFE_PN0P_/Q	core.enc_block.block_w0_reg[20]$_DFFE_PN0P_/D
86	0.4590	reset_n	core.dec_block.round_ctr_reg[I]	reset_n	core.dec_block.round_ctr_reg[1]$_DFFE_PN0P_/RN
87	0.4595	reset_n	core.keymem.prev_keyI_reg[J]	reset_n	core.keymem.prev_key0_reg[71]$_DFFE_PN0P_/RN
88	0.4596	reset_n	core.enc_block.round_ctr_reg[I]	reset_n	core.enc_block.round_ctr_reg[3]$_DFFE_PN0P_/RN
89	0.4631	reset_n	read_data_reg[I]	reset_n	read_data_reg[1]$_DFF_PN0_/RN
90	0.4631	reset_n	core.keymem.sbox_out_reg[I]	reset_n	core.keymem.sbox_out_reg[26]$_DFFE_PN0P_/RN
91	0.4634	encdec_reg	core.dec_block.dec_ctrl_reg[I]	encdec_reg$_DFFE_PN0P_/Q	core.dec_block.dec_ctrl_reg[2]$_DFF_PN0_/D
92	0.4640	encdec_reg	core.dec_block.round_ctr_reg[I]	encdec_reg$_DFFE_PN0P_/Q	core.dec_block.round_ctr_reg[2]$_DFFE_PN0P_/D
93	0.4647	reset_n	result_reg[I]	reset_n	result_reg[5]$_DFF_PN0_/RN
94	0.4649	reset_n	block_reg[I][J]	reset_n	block_reg[2][14]$_DFFE_PN0P_/RN
95	0.4651	core.enc_block.enc_ctrl_reg[I]	core.enc_block.sword_ctr_reg[I]	core.enc_block.enc_ctrl_reg[2]$_DFF_PN0_/Q	core.enc_block.sword_ctr_reg[0]$_DFFE_PN0P_/D
96	0.4657	encdec_reg	read_data_reg[I]	encdec_reg$_DFFE_PN0P_/Q	read_data_reg[2]$_DFF_PN0_/D
97	0.4659	keylen_reg	read_data_reg[I]	keylen_reg$_DFFE_PN0P_/Q	read_data_reg[3]$_DFF_PN0_/D
98	0.4691	reset_n	core.enc_block.block_wI_reg[J]	reset_n	core.enc_block.block_w2_reg[30]$_DFFE_PN0P_/RN
99	0.4707	encdec_reg	core.dec_block.ready_reg	encdec_reg$_DFFE_PN0P_/Q	core.dec_block.ready_reg$_DFFE_PN1P_/D
100	0.4712	write_data[I]	block_reg[I][J]	write_data[0]	block_reg[0][0]$_DFFE_PN0P_/D
