# stage	6_final
# top_module	aes
# top_n	100
# kind	blocks
# include_full	1
# rank	worst_slack_ns	start	end	start_full	end_full
1	-0.2337	core.dec_block.sword_ctr_reg[I]	core.dec_block.block_wI_reg[J]	core.dec_block.sword_ctr_reg[1]$_DFFE_PN0P_/Q	core.dec_block.block_w2_reg[23]$_DFFE_PN0P_/D
2	-0.2296	encdec_reg	core.dec_block.block_wI_reg[J]	encdec_reg$_DFFE_PN0P_/Q	core.dec_block.block_w3_reg[11]$_DFFE_PN0P_/D
3	-0.2266	core.keymem.prev_keyI_reg[J]	core.keymem.key_mem[I][J]	core.keymem.prev_key1_reg[19]$_DFFE_PN0P_/Q	core.keymem.key_mem[4][27]$_DFFE_PN0P_/D
4	-0.2213	core.enc_block.sword_ctr_reg[I]	core.enc_block.block_wI_reg[J]	core.enc_block.sword_ctr_reg[0]$_DFFE_PN0P_/Q	core.enc_block.block_w0_reg[10]$_DFFE_PN0P_/D
5	-0.2111	core.keymem.prev_keyI_reg[J]	core.keymem.prev_keyI_reg[J]	core.keymem.prev_key1_reg[1]$_DFFE_PN0P_/Q	core.keymem.prev_key1_reg[0]$_DFFE_PN0P_/D
6	-0.2041	core.enc_block.round_ctr_reg[I]	core.dec_block.block_wI_reg[J]	core.enc_block.round_ctr_reg[2]$_DFFE_PN0P_/Q	core.dec_block.block_w3_reg[2]$_DFFE_PN0P_/D
7	-0.2032	core.dec_block.round_ctr_reg[I]	core.dec_block.block_wI_reg[J]	core.dec_block.round_ctr_reg[3]$_DFFE_PN0P_/Q	core.dec_block.block_w3_reg[2]$_DFFE_PN0P_/D
8	-0.1447	core.dec_block.block_wI_reg[J]	core.dec_block.block_wI_reg[J]	core.dec_block.block_w2_reg[29]$_DFFE_PN0P_/Q	core.dec_block.block_w2_reg[25]$_DFFE_PN0P_/D
9	-0.1344	core.enc_block.enc_ctrl_reg[I]	core.enc_block.block_wI_reg[J]	core.enc_block.enc_ctrl_reg[2]$_DFF_PN0_/Q	core.enc_block.block_w0_reg[10]$_DFFE_PN0P_/D
10	-0.1280	core.enc_block.round_ctr_reg[I]	core.enc_block.block_wI_reg[J]	core.enc_block.round_ctr_reg[2]$_DFFE_PN0P_/Q	core.enc_block.block_w2_reg[21]$_DFFE_PN0P_/D
11	-0.1261	core.dec_block.dec_ctrl_reg[I]	core.dec_block.block_wI_reg[J]	core.dec_block.dec_ctrl_reg[2]$_DFF_PN0_/Q	core.dec_block.block_w2_reg[23]$_DFFE_PN0P_/D
12	-0.1058	encdec_reg	core.enc_block.block_wI_reg[J]	encdec_reg$_DFFE_PN0P_/Q	core.enc_block.block_w0_reg[8]$_DFFE_PN0P_/D
13	-0.0999	core.enc_block.block_wI_reg[J]	core.enc_block.block_wI_reg[J]	core.enc_block.block_w1_reg[18]$_DFFE_PN0P_/Q	core.enc_block.block_w1_reg[21]$_DFFE_PN0P_/D
14	-0.0895	core.dec_block.round_ctr_reg[I]	core.enc_block.block_wI_reg[J]	core.dec_block.round_ctr_reg[1]$_DFFE_PN0P_/Q	core.enc_block.block_w0_reg[8]$_DFFE_PN0P_/D
15	-0.0548	core.keymem.key_mem[I][J]	core.dec_block.block_wI_reg[J]	core.keymem.key_mem[13][63]$_DFFE_PN0P_/Q	core.dec_block.block_w2_reg[28]$_DFFE_PN0P_/D
16	0.0418	encdec_reg	result_reg[I]	encdec_reg$_DFFE_PN0P_/Q	result_reg[110]$_DFF_PN0_/D
17	0.0535	core.keymem.round_ctr_reg[I]	core.keymem.key_mem[I][J]	core.keymem.round_ctr_reg[2]$_DFFE_PN0P_/Q	core.keymem.key_mem[5][56]$_DFFE_PN0P_/D
18	0.0563	keylen_reg	core.enc_block.block_wI_reg[J]	keylen_reg$_DFFE_PN0P_/QN	core.enc_block.block_w1_reg[20]$_DFFE_PN0P_/D
19	0.0896	core.keymem.round_ctr_reg[I]	core.keymem.prev_keyI_reg[J]	core.keymem.round_ctr_reg[2]$_DFFE_PN0P_/Q	core.keymem.prev_key1_reg[30]$_DFFE_PN0P_/D
20	0.1113	read_data_reg[I]	read_data[I]	read_data_reg[1]$_DFF_PN0_/Q	read_data[1]
21	0.1265	core.keymem.key_mem[I][J]	core.enc_block.block_wI_reg[J]	core.keymem.key_mem[13][63]$_DFFE_PN0P_/Q	core.enc_block.block_w2_reg[31]$_DFFE_PN0P_/D
22	0.1330	core.keymem.round_ctr_reg[I]	core.keymem.rcon_reg[I]	core.keymem.round_ctr_reg[2]$_DFFE_PN0P_/Q	core.keymem.rcon_reg[2]$_DFFE_PN0P_/D
23	0.1492	address[I]	read_data_reg[I]	address[3]	read_data_reg[3]$_DFF_PN0_/D
24	0.1528	address[I]	block_reg[I][J]	address[3]	block_reg[2][25]$_DFFE_PN0P_/D
25	0.1713	core.keymem.rcon_reg[I]	core.keymem.key_mem[I][J]	core.keymem.rcon_reg[3]$_DFFE_PN0P_/Q	core.keymem.key_mem[4][27]$_DFFE_PN0P_/D
26	0.1836	keylen_reg	core.keymem.prev_keyI_reg[J]	keylen_reg$_DFFE_PN0P_/Q	core.keymem.prev_key1_reg[8]$_DFFE_PN0P_/D
27	0.1926	core.keymem.key_mem_ctrl_reg[I]	core.keymem.key_mem[I][J]	core.keymem.key_mem_ctrl_reg[1]$_DFF_PN0_/Q	core.keymem.key_mem[8][7]$_DFFE_PN0P_/D
28	0.1946	core.keymem.rcon_reg[I]	core.keymem.prev_keyI_reg[J]	core.keymem.rcon_reg[4]$_DFFE_PN0P_/Q	core.keymem.prev_key1_reg[28]$_DFFE_PN0P_/D
29	0.1994	keylen_reg	core.keymem.key_mem[I][J]	keylen_reg$_DFFE_PN0P_/Q	core.keymem.key_mem[5][56]$_DFFE_PN0P_/D
30	0.2035	core.keymem.key_mem_ctrl_reg[I]	core.keymem.prev_keyI_reg[J]	core.keymem.key_mem_ctrl_reg[1]$_DFF_PN0_/Q	core.keymem.prev_key1_reg[19]$_DFFE_PN0P_/D
31	0.2193	encdec_reg	read_data_reg[I]	encdec_reg$_DFFE_PN0P_/Q	read_data_reg[2]$_DFF_PN0_/D
32	0.2330	core.enc_block.round_ctr_reg[I]	core.enc_block.enc_ctrl_reg[I]	core.enc_block.round_ctr_reg[2]$_DFFE_PN0P_/Q	core.enc_block.enc_ctrl_reg[1]$_DFF_PN0_/D
33	0.2381	address[I]	key_reg[I][J]	address[5]	key_reg[0][18]$_DFFE_PN0P_/D
34	0.2474	encdec_reg	core.aes_core_ctrl_reg[I]	encdec_reg$_DFFE_PN0P_/Q	core.aes_core_ctrl_reg[2]$_DFF_PN0_/D
35	0.2536	keylen_reg	core.keymem.rcon_reg[I]	keylen_reg$_DFFE_PN0P_/Q	core.keymem.rcon_reg[2]$_DFFE_PN0P_/D
36	0.2580	core.enc_block.round_ctr_reg[I]	core.enc_block.ready_reg	core.enc_block.round_ctr_reg[2]$_DFFE_PN0P_/Q	core.enc_block.ready_reg$_DFFE_PN1P_/D
37	0.2777	core.keymem.key_mem_ctrl_reg[I]	core.keymem.rcon_reg[I]	core.keymem.key_mem_ctrl_reg[1]$_DFF_PN0_/Q	core.keymem.rcon_reg[5]$_DFFE_PN0P_/D
38	0.2800	encdec_reg	core.enc_block.round_ctr_reg[I]	encdec_reg$_DFFE_PN0P_/Q	core.enc_block.round_ctr_reg[1]$_DFFE_PN0P_/D
39	0.2834	encdec_reg	encdec_reg	encdec_reg$_DFFE_PN0P_/Q	encdec_reg$_DFFE_PN0P_/D
40	0.2841	address[I]	encdec_reg	address[1]	encdec_reg$_DFFE_PN0P_/D
41	0.2991	we	key_reg[I][J]	we	key_reg[0][18]$_DFFE_PN0P_/D
42	0.3012	cs	key_reg[I][J]	cs	key_reg[0][18]$_DFFE_PN0P_/D
43	0.3052	encdec_reg	core.ready_reg	encdec_reg$_DFFE_PN0P_/Q	core.ready_reg$_DFFE_PN1P_/D
44	0.3076	keylen_reg	core.keymem.key_mem_ctrl_reg[I]	keylen_reg$_DFFE_PN0P_/Q	core.keymem.key_mem_ctrl_reg[2]$_DFF_PN0_/D
45	0.3104	core.keymem.key_mem_ctrl_reg[I]	core.keymem.round_ctr_reg[I]	core.keymem.key_mem_ctrl_reg[1]$_DFF_PN0_/Q	core.keymem.round_ctr_reg[2]$_DFFE_PN0P_/D
46	0.3230	core.enc_block.round_ctr_reg[I]	core.enc_block.round_ctr_reg[I]	core.enc_block.round_ctr_reg[1]$_DFFE_PN0P_/Q	core.enc_block.round_ctr_reg[2]$_DFFE_PN0P_/D
47	0.3267	encdec_reg	core.enc_block.ready_reg	encdec_reg$_DFFE_PN0P_/Q	core.enc_block.ready_reg$_DFFE_PN1P_/D
48	0.3286	address[I]	keylen_reg	address[1]	keylen_reg$_DFFE_PN0P_/D
49	0.3304	encdec_reg	core.enc_block.enc_ctrl_reg[I]	encdec_reg$_DFFE_PN0P_/Q	core.enc_block.enc_ctrl_reg[2]$_DFF_PN0_/D
50	0.3346	cs	read_data_reg[I]	cs	read_data_reg[24]$_DFF_PN0_/D
51	0.3351	we	read_data_reg[I]	we	read_data_reg[24]$_DFF_PN0_/D
52	0.3417	encdec_reg	core.result_valid_reg	encdec_reg$_DFFE_PN0P_/Q	core.result_valid_reg$_DFFE_PN0P_/D
53	0.3497	encdec_reg	core.dec_block.round_ctr_reg[I]	encdec_reg$_DFFE_PN0P_/Q	core.dec_block.round_ctr_reg[2]$_DFFE_PN0P_/D
54	0.3579	encdec_reg	core.dec_block.ready_reg	encdec_reg$_DFFE_PN0P_/Q	core.dec_block.ready_reg$_DFFE_PN1P_/D
55	0.3626	we	block_reg[I][J]	we	block_reg[2][25]$_DFFE_PN0P_/D
56	0.3647	core.dec_block.dec_ctrl_reg[I]	core.dec_block.round_ctr_reg[I]	core.dec_block.dec_ctrl_reg[1]$_DFF_PN0_/Q	core.dec_block.round_ctr_reg[2]$_DFFE_PN0P_/D
57	0.3729	core.dec_block.dec_ctrl_reg[I]	core.dec_block.ready_reg	core.dec_block.dec_ctrl_reg[1]$_DFF_PN0_/Q	core.dec_block.ready_reg$_DFFE_PN1P_/D
58	0.3751	cs	block_reg[I][J]	cs	block_reg[2][25]$_DFFE_PN0P_/D
59	0.3898	core.keymem.key_mem_ctrl_reg[I]	core.keymem.key_mem_ctrl_reg[I]	core.keymem.key_mem_ctrl_reg[1]$_DFF_PN0_/Q	core.keymem.key_mem_ctrl_reg[2]$_DFF_PN0_/D
60	0.3928	block_reg[I][J]	core.enc_block.block_wI_reg[J]	block_reg[1][20]$_DFFE_PN0P_/Q	core.enc_block.block_w1_reg[20]$_DFFE_PN0P_/D
61	0.3950	core.keymem.round_ctr_reg[I]	core.keymem.key_mem_ctrl_reg[I]	core.keymem.round_ctr_reg[1]$_DFFE_PN0P_/Q	core.keymem.key_mem_ctrl_reg[0]$_DFF_PN1_/D
62	0.4020	core.dec_block.sword_ctr_reg[I]	core.dec_block.round_ctr_reg[I]	core.dec_block.sword_ctr_reg[0]$_DFFE_PN0P_/Q	core.dec_block.round_ctr_reg[2]$_DFFE_PN0P_/D
63	0.4041	we	encdec_reg	we	encdec_reg$_DFFE_PN0P_/D
64	0.4099	address[I]	init_reg	address[1]	init_reg$_DFF_PN0_/D
65	0.4123	core.dec_block.round_ctr_reg[I]	core.dec_block.round_ctr_reg[I]	core.dec_block.round_ctr_reg[2]$_DFFE_PN0P_/Q	core.dec_block.round_ctr_reg[3]$_DFFE_PN0P_/D
66	0.4139	address[I]	next_reg	address[1]	next_reg$_DFF_PN0_/D
67	0.4161	block_reg[I][J]	core.dec_block.block_wI_reg[J]	block_reg[2][5]$_DFFE_PN0P_/Q	core.dec_block.block_w1_reg[5]$_DFFE_PN0P_/D
68	0.4166	cs	encdec_reg	cs	encdec_reg$_DFFE_PN0P_/D
69	0.4171	key_reg[I][J]	core.keymem.prev_keyI_reg[J]	key_reg[3][13]$_DFFE_PN0P_/Q	core.keymem.prev_key1_reg[13]$_DFFE_PN0P_/D
70	0.4299	key_reg[I][J]	core.keymem.key_mem[I][J]	key_reg[3][8]$_DFFE_PN0P_/Q	core.keymem.key_mem[5][8]$_DFFE_PN0P_/D
71	0.4330	keylen_reg	core.enc_block.enc_ctrl_reg[I]	keylen_reg$_DFFE_PN0P_/QN	core.enc_block.enc_ctrl_reg[1]$_DFF_PN0_/D
72	0.4349	keylen_reg	read_data_reg[I]	keylen_reg$_DFFE_PN0P_/Q	read_data_reg[3]$_DFF_PN0_/D
73	0.4376	reset_n	core.keymem.key_mem[I][J]	reset_n	core.keymem.key_mem[0][35]$_DFFE_PN0P_/RN
74	0.4397	encdec_reg	core.dec_block.dec_ctrl_reg[I]	encdec_reg$_DFFE_PN0P_/Q	core.dec_block.dec_ctrl_reg[0]$_DFF_PN1_/D
75	0.4425	core.dec_block.dec_ctrl_reg[I]	core.dec_block.dec_ctrl_reg[I]	core.dec_block.dec_ctrl_reg[3]$_DFF_PN0_/Q	core.dec_block.dec_ctrl_reg[0]$_DFF_PN1_/D
76	0.4446	core.enc_block.enc_ctrl_reg[I]	core.enc_block.round_ctr_reg[I]	core.enc_block.enc_ctrl_reg[2]$_DFF_PN0_/Q	core.enc_block.round_ctr_reg[2]$_DFFE_PN0P_/D
77	0.4486	we	keylen_reg	we	keylen_reg$_DFFE_PN0P_/D
78	0.4492	reset_n	core.enc_block.block_wI_reg[J]	reset_n	core.enc_block.block_w1_reg[29]$_DFFE_PN0P_/RN
79	0.4496	reset_n	core.dec_block.block_wI_reg[J]	reset_n	core.dec_block.block_w2_reg[19]$_DFFE_PN0P_/RN
80	0.4497	core.enc_block.sword_ctr_reg[I]	core.enc_block.enc_ctrl_reg[I]	core.enc_block.sword_ctr_reg[0]$_DFFE_PN0P_/Q	core.enc_block.enc_ctrl_reg[0]$_DFF_PN1_/D
81	0.4508	reset_n	core.enc_block.ready_reg	reset_n	core.enc_block.ready_reg$_DFFE_PN1P_/SN
82	0.4526	reset_n	result_reg[I]	reset_n	result_reg[94]$_DFF_PN0_/RN
83	0.4549	reset_n	block_reg[I][J]	reset_n	block_reg[1][29]$_DFFE_PN0P_/RN
84	0.4579	keylen_reg	core.enc_block.ready_reg	keylen_reg$_DFFE_PN0P_/QN	core.enc_block.ready_reg$_DFFE_PN1P_/D
85	0.4586	next_reg	core.dec_block.round_ctr_reg[I]	next_reg$_DFF_PN0_/Q	core.dec_block.round_ctr_reg[2]$_DFFE_PN0P_/D
86	0.4600	core.keymem.round_ctr_reg[I]	core.keymem.round_ctr_reg[I]	core.keymem.round_ctr_reg[0]$_DFFE_PN0P_/Q	core.keymem.round_ctr_reg[2]$_DFFE_PN0P_/D
87	0.4608	next_reg	core.enc_block.round_ctr_reg[I]	next_reg$_DFF_PN0_/Q	core.enc_block.round_ctr_reg[1]$_DFFE_PN0P_/D
88	0.4611	cs	keylen_reg	cs	keylen_reg$_DFFE_PN0P_/D
89	0.4635	reset_n	core.dec_block.dec_ctrl_reg[I]	reset_n	core.dec_block.dec_ctrl_reg[0]$_DFF_PN1_/SN
90	0.4653	reset_n	core.keymem.prev_keyI_reg[J]	reset_n	core.keymem.prev_key0_reg[20]$_DFFE_PN0P_/RN
91	0.4654	reset_n	key_reg[I][J]	reset_n	key_reg[1][14]$_DFFE_PN0P_/RN
92	0.4668	next_reg	core.dec_block.ready_reg	next_reg$_DFF_PN0_/Q	core.dec_block.ready_reg$_DFFE_PN1P_/D
93	0.4670	core.enc_block.enc_ctrl_reg[I]	core.enc_block.ready_reg	core.enc_block.enc_ctrl_reg[2]$_DFF_PN0_/Q	core.enc_block.ready_reg$_DFFE_PN1P_/D
94	0.4678	reset_n	core.enc_block.enc_ctrl_reg[I]	reset_n	core.enc_block.enc_ctrl_reg[2]$_DFF_PN0_/RN
95	0.4716	reset_n	core.dec_block.sword_ctr_reg[I]	reset_n	core.dec_block.sword_ctr_reg[1]$_DFFE_PN0P_/RN
96	0.4723	reset_n	core.dec_block.round_ctr_reg[I]	reset_n	core.dec_block.round_ctr_reg[3]$_DFFE_PN0P_/RN
97	0.4733	core.dec_block.round_ctr_reg[I]	core.dec_block.dec_ctrl_reg[I]	core.dec_block.round_ctr_reg[1]$_DFFE_PN0P_/QN	core.dec_block.dec_ctrl_reg[1]$_DFF_PN0_/D
98	0.4786	core.dec_block.ready_reg	core.aes_core_ctrl_reg[I]	core.dec_block.ready_reg$_DFFE_PN1P_/Q	core.aes_core_ctrl_reg[2]$_DFF_PN0_/D
99	0.4789	core.dec_block.sword_ctr_reg[I]	core.dec_block.dec_ctrl_reg[I]	core.dec_block.sword_ctr_reg[0]$_DFFE_PN0P_/Q	core.dec_block.dec_ctrl_reg[0]$_DFF_PN1_/D
100	0.4804	reset_n	core.dec_block.ready_reg	reset_n	core.dec_block.ready_reg$_DFFE_PN1P_/SN
