# stage	6_final
# top_module	aes
# top_n	100
# kind	blocks
# include_full	1
# rank	worst_slack_ns	start	end	start_full	end_full
1	-0.1992	core.dec_block.round_ctr_reg[I]	core.dec_block.block_wI_reg[J]	core.dec_block.round_ctr_reg[1]$_DFFE_PN0P_/Q	core.dec_block.block_w1_reg[1]$_DFFE_PN0P_/D
2	-0.1931	core.keymem.prev_keyI_reg[J]	core.keymem.key_mem[I][J]	core.keymem.prev_key1_reg[18]$_DFFE_PN0P_/Q	core.keymem.key_mem[5][18]$_DFFE_PN0P_/D
3	-0.1696	core.keymem.prev_keyI_reg[J]	core.keymem.prev_keyI_reg[J]	core.keymem.prev_key1_reg[17]$_DFFE_PN0P_/Q	core.keymem.prev_key1_reg[27]$_DFFE_PN0P_/D
4	-0.1437	core.enc_block.sword_ctr_reg[I]	core.enc_block.block_wI_reg[J]	core.enc_block.sword_ctr_reg[0]$_DFFE_PN0P_/Q	core.enc_block.block_w3_reg[16]$_DFFE_PN0P_/D
5	-0.0546	core.keymem.key_mem[I][J]	core.dec_block.block_wI_reg[J]	core.keymem.key_mem[6][59]$_DFFE_PN0P_/Q	core.dec_block.block_w3_reg[19]$_DFFE_PN0P_/D
6	-0.0523	core.enc_block.block_wI_reg[J]	core.enc_block.block_wI_reg[J]	core.enc_block.block_w1_reg[6]$_DFFE_PN0P_/Q	core.enc_block.block_w0_reg[2]$_DFFE_PN0P_/D
7	-0.0453	core.enc_block.enc_ctrl_reg[I]	core.enc_block.block_wI_reg[J]	core.enc_block.enc_ctrl_reg[2]$_DFF_PN0_/Q	core.enc_block.block_w2_reg[26]$_DFFE_PN0P_/D
8	-0.0371	core.dec_block.block_wI_reg[J]	core.dec_block.block_wI_reg[J]	core.dec_block.block_w2_reg[3]$_DFFE_PN0P_/Q	core.dec_block.block_w2_reg[5]$_DFFE_PN0P_/D
9	0.0189	core.enc_block.round_ctr_reg[I]	core.enc_block.block_wI_reg[J]	core.enc_block.round_ctr_reg[0]$_DFFE_PN0P_/Q	core.enc_block.block_w3_reg[30]$_DFFE_PN0P_/D
10	0.0980	core.keymem.round_ctr_reg[I]	core.keymem.key_mem[I][J]	core.keymem.round_ctr_reg[0]$_DFFE_PN0P_/Q	core.keymem.key_mem[11][27]$_DFFE_PN0P_/D
11	0.0988	core.keymem.key_mem_ctrl_reg[I]	core.keymem.key_mem[I][J]	core.keymem.key_mem_ctrl_reg[1]$_DFF_PN0_/Q	core.keymem.key_mem[4][37]$_DFFE_PN0P_/D
12	0.0991	core.keymem.round_ctr_reg[I]	core.keymem.prev_keyI_reg[J]	core.keymem.round_ctr_reg[0]$_DFFE_PN0P_/Q	core.keymem.prev_key1_reg[23]$_DFFE_PN0P_/D
13	0.1140	read_data_reg[I]	read_data[I]	read_data_reg[3]$_DFF_PN0_/Q	read_data[3]
14	0.1201	keylen_reg	core.enc_block.block_wI_reg[J]	keylen_reg$_DFFE_PN0P_/QN	core.enc_block.block_w3_reg[24]$_DFFE_PN0P_/D
15	0.1257	core.dec_block.dec_ctrl_reg[I]	core.dec_block.block_wI_reg[J]	core.dec_block.dec_ctrl_reg[2]$_DFF_PN0_/Q	core.dec_block.block_w0_reg[2]$_DFFE_PN0P_/D
16	0.1264	keylen_reg	core.keymem.key_mem[I][J]	keylen_reg$_DFFE_PN0P_/Q	core.keymem.key_mem[9][17]$_DFFE_PN0P_/D
17	0.1331	keylen_reg	core.keymem.prev_keyI_reg[J]	keylen_reg$_DFFE_PN0P_/Q	core.keymem.prev_key1_reg[17]$_DFFE_PN0P_/D
18	0.1873	keylen_reg	core.keymem.key_mem_ctrl_reg[I]	keylen_reg$_DFFE_PN0P_/Q	core.keymem.key_mem_ctrl_reg[2]$_DFF_PN0_/D
19	0.2151	core.keymem.rcon_reg[I]	core.keymem.key_mem[I][J]	core.keymem.rcon_reg[3]$_DFFE_PN0P_/Q	core.keymem.key_mem[11][27]$_DFFE_PN0P_/D
20	0.2227	address[I]	key_reg[I][J]	address[7]	key_reg[5][24]$_DFFE_PN0P_/D
21	0.2270	core.keymem.round_ctr_reg[I]	core.keymem.rcon_reg[I]	core.keymem.round_ctr_reg[2]$_DFFE_PN0P_/Q	core.keymem.rcon_reg[3]$_DFFE_PN0P_/D
22	0.2283	core.keymem.rcon_reg[I]	core.keymem.prev_keyI_reg[J]	core.keymem.rcon_reg[3]$_DFFE_PN0P_/Q	core.keymem.prev_key1_reg[27]$_DFFE_PN0P_/D
23	0.2332	core.keymem.key_mem[I][J]	core.enc_block.block_wI_reg[J]	core.keymem.key_mem[7][10]$_DFFE_PN0P_/Q	core.enc_block.block_w3_reg[10]$_DFFE_PN0P_/D
24	0.2399	core.keymem.key_mem_ctrl_reg[I]	core.keymem.prev_keyI_reg[J]	core.keymem.key_mem_ctrl_reg[1]$_DFF_PN0_/Q	core.keymem.prev_key0_reg[93]$_DFFE_PN0P_/D
25	0.2513	keylen_reg	core.keymem.rcon_reg[I]	keylen_reg$_DFFE_PN0P_/Q	core.keymem.rcon_reg[3]$_DFFE_PN0P_/D
26	0.2515	we	key_reg[I][J]	we	key_reg[5][24]$_DFFE_PN0P_/D
27	0.2575	core.dec_block.sword_ctr_reg[I]	core.dec_block.block_wI_reg[J]	core.dec_block.sword_ctr_reg[1]$_DFFE_PN0P_/Q	core.dec_block.block_w3_reg[15]$_DFFE_PN0P_/D
28	0.2770	address[I]	block_reg[I][J]	address[3]	block_reg[3][3]$_DFFE_PN0P_/D
29	0.2841	address[I]	read_data_reg[I]	address[3]	read_data_reg[7]$_DFF_PN0_/D
30	0.2859	cs	key_reg[I][J]	cs	key_reg[5][24]$_DFFE_PN0P_/D
31	0.3103	core.dec_block.round_ctr_reg[I]	core.dec_block.dec_ctrl_reg[I]	core.dec_block.round_ctr_reg[3]$_DFFE_PN0P_/QN	core.dec_block.dec_ctrl_reg[0]$_DFF_PN1_/D
32	0.3204	core.keymem.key_mem_ctrl_reg[I]	core.keymem.rcon_reg[I]	core.keymem.key_mem_ctrl_reg[1]$_DFF_PN0_/Q	core.keymem.rcon_reg[7]$_DFFE_PN0P_/D
33	0.3307	core.dec_block.round_ctr_reg[I]	core.dec_block.ready_reg	core.dec_block.round_ctr_reg[3]$_DFFE_PN0P_/QN	core.dec_block.ready_reg$_DFFE_PN1P_/D
34	0.3382	core.dec_block.dec_ctrl_reg[I]	core.dec_block.dec_ctrl_reg[I]	core.dec_block.dec_ctrl_reg[2]$_DFF_PN0_/Q	core.dec_block.dec_ctrl_reg[0]$_DFF_PN1_/D
35	0.3456	address[I]	keylen_reg	address[0]	keylen_reg$_DFFE_PN0P_/D
36	0.3464	address[I]	encdec_reg	address[0]	encdec_reg$_DFFE_PN0P_/D
37	0.3479	core.dec_block.round_ctr_reg[I]	core.dec_block.round_ctr_reg[I]	core.dec_block.round_ctr_reg[1]$_DFFE_PN0P_/QN	core.dec_block.round_ctr_reg[2]$_DFFE_PN0P_/D
38	0.3489	cs	block_reg[I][J]	cs	block_reg[3][3]$_DFFE_PN0P_/D
39	0.3495	address[I]	next_reg	address[4]	next_reg$_DFF_PN0_/D
40	0.3501	address[I]	init_reg	address[4]	init_reg$_DFF_PN0_/D
41	0.3603	core.dec_block.dec_ctrl_reg[I]	core.dec_block.round_ctr_reg[I]	core.dec_block.dec_ctrl_reg[2]$_DFF_PN0_/Q	core.dec_block.round_ctr_reg[2]$_DFFE_PN0P_/D
42	0.3638	encdec_reg	result_reg[I]	encdec_reg$_DFFE_PN0P_/Q	result_reg[72]$_DFF_PN0_/D
43	0.3696	we	block_reg[I][J]	we	block_reg[3][3]$_DFFE_PN0P_/D
44	0.3708	cs	read_data_reg[I]	cs	read_data_reg[10]$_DFF_PN0_/D
45	0.3882	we	read_data_reg[I]	we	read_data_reg[10]$_DFF_PN0_/D
46	0.3998	core.dec_block.sword_ctr_reg[I]	core.dec_block.round_ctr_reg[I]	core.dec_block.sword_ctr_reg[1]$_DFFE_PN0P_/Q	core.dec_block.round_ctr_reg[2]$_DFFE_PN0P_/D
47	0.4025	key_reg[I][J]	core.keymem.key_mem[I][J]	key_reg[7][14]$_DFFE_PN0P_/Q	core.keymem.key_mem[4][14]$_DFFE_PN0P_/D
48	0.4046	block_reg[I][J]	core.enc_block.block_wI_reg[J]	block_reg[3][24]$_DFFE_PN0P_/Q	core.enc_block.block_w3_reg[24]$_DFFE_PN0P_/D
49	0.4060	block_reg[I][J]	core.dec_block.block_wI_reg[J]	block_reg[3][2]$_DFFE_PN0P_/Q	core.dec_block.block_w2_reg[2]$_DFFE_PN0P_/D
50	0.4261	encdec_reg	core.aes_core_ctrl_reg[I]	encdec_reg$_DFFE_PN0P_/Q	core.aes_core_ctrl_reg[2]$_DFF_PN0_/D
51	0.4267	key_reg[I][J]	core.keymem.prev_keyI_reg[J]	key_reg[3][27]$_DFFE_PN0P_/Q	core.keymem.prev_key1_reg[27]$_DFFE_PN0P_/D
52	0.4318	core.dec_block.dec_ctrl_reg[I]	core.dec_block.ready_reg	core.dec_block.dec_ctrl_reg[2]$_DFF_PN0_/Q	core.dec_block.ready_reg$_DFFE_PN1P_/D
53	0.4346	reset_n	core.keymem.key_mem[I][J]	reset_n	core.keymem.key_mem[14][74]$_DFFE_PN0P_/RN
54	0.4348	core.keymem.round_ctr_reg[I]	core.keymem.key_mem_ctrl_reg[I]	core.keymem.round_ctr_reg[1]$_DFFE_PN0P_/Q	core.keymem.key_mem_ctrl_reg[2]$_DFF_PN0_/D
55	0.4371	reset_n	key_reg[I][J]	reset_n	key_reg[0][13]$_DFFE_PN0P_/RN
56	0.4378	reset_n	core.keymem.prev_keyI_reg[J]	reset_n	core.keymem.prev_key0_reg[77]$_DFFE_PN0P_/RN
57	0.4433	next_reg	core.dec_block.round_ctr_reg[I]	next_reg$_DFF_PN0_/Q	core.dec_block.round_ctr_reg[2]$_DFFE_PN0P_/D
58	0.4456	cs	keylen_reg	cs	keylen_reg$_DFFE_PN0P_/D
59	0.4464	cs	encdec_reg	cs	encdec_reg$_DFFE_PN0P_/D
60	0.4522	core.keymem.key_mem_ctrl_reg[I]	core.keymem.key_mem_ctrl_reg[I]	core.keymem.key_mem_ctrl_reg[1]$_DFF_PN0_/Q	core.keymem.key_mem_ctrl_reg[2]$_DFF_PN0_/D
61	0.4595	reset_n	core.keymem.round_ctr_reg[I]	reset_n	core.keymem.round_ctr_reg[3]$_DFFE_PN0P_/RN
62	0.4598	reset_n	core.enc_block.block_wI_reg[J]	reset_n	core.enc_block.block_w3_reg[12]$_DFFE_PN0P_/RN
63	0.4601	reset_n	block_reg[I][J]	reset_n	block_reg[1][15]$_DFFE_PN0P_/RN
64	0.4604	encdec_reg	core.ready_reg	encdec_reg$_DFFE_PN0P_/Q	core.ready_reg$_DFFE_PN1P_/D
65	0.4608	reset_n	core.dec_block.block_wI_reg[J]	reset_n	core.dec_block.block_w2_reg[6]$_DFFE_PN0P_/RN
66	0.4637	encdec_reg	core.dec_block.round_ctr_reg[I]	encdec_reg$_DFFE_PN0P_/Q	core.dec_block.round_ctr_reg[2]$_DFFE_PN0P_/D
67	0.4644	reset_n	core.dec_block.round_ctr_reg[I]	reset_n	core.dec_block.round_ctr_reg[0]$_DFFE_PN0P_/RN
68	0.4650	core.keymem.round_ctr_reg[I]	core.keymem.round_ctr_reg[I]	core.keymem.round_ctr_reg[0]$_DFFE_PN0P_/Q	core.keymem.round_ctr_reg[3]$_DFFE_PN0P_/D
69	0.4654	encdec_reg	read_data_reg[I]	encdec_reg$_DFFE_PN0P_/Q	read_data_reg[2]$_DFF_PN0_/D
70	0.4663	we	keylen_reg	we	keylen_reg$_DFFE_PN0P_/D
71	0.4671	we	encdec_reg	we	encdec_reg$_DFFE_PN0P_/D
72	0.4697	encdec_reg	core.enc_block.round_ctr_reg[I]	encdec_reg$_DFFE_PN0P_/Q	core.enc_block.round_ctr_reg[3]$_DFFE_PN0P_/D
73	0.4713	reset_n	result_reg[I]	reset_n	result_reg[125]$_DFF_PN0_/RN
74	0.4715	core.keymem.key_mem_ctrl_reg[I]	core.keymem.round_ctr_reg[I]	core.keymem.key_mem_ctrl_reg[1]$_DFF_PN0_/Q	core.keymem.round_ctr_reg[3]$_DFFE_PN0P_/D
75	0.4718	reset_n	read_data_reg[I]	reset_n	read_data_reg[22]$_DFF_PN0_/RN
76	0.4722	core.enc_block.enc_ctrl_reg[I]	core.enc_block.round_ctr_reg[I]	core.enc_block.enc_ctrl_reg[1]$_DFF_PN0_/Q	core.enc_block.round_ctr_reg[3]$_DFFE_PN0P_/D
77	0.4731	write_data[I]	key_reg[I][J]	write_data[24]	key_reg[5][24]$_DFFE_PN0P_/D
78	0.4731	reset_n	core.ready_reg	reset_n	core.ready_reg$_DFFE_PN1P_/SN
79	0.4745	reset_n	core.aes_core_ctrl_reg[I]	reset_n	core.aes_core_ctrl_reg[0]$_DFF_PN1_/SN
80	0.4750	reset_n	core.enc_block.ready_reg	reset_n	core.enc_block.ready_reg$_DFFE_PN1P_/SN
81	0.4753	reset_n	core.enc_block.enc_ctrl_reg[I]	reset_n	core.enc_block.enc_ctrl_reg[0]$_DFF_PN1_/SN
82	0.4770	reset_n	core.dec_block.ready_reg	reset_n	core.dec_block.ready_reg$_DFFE_PN1P_/SN
83	0.4771	core.enc_block.round_ctr_reg[I]	core.enc_block.enc_ctrl_reg[I]	core.enc_block.round_ctr_reg[2]$_DFFE_PN0P_/Q	core.enc_block.enc_ctrl_reg[0]$_DFF_PN1_/D
84	0.4781	next_reg	core.dec_block.ready_reg	next_reg$_DFF_PN0_/Q	core.dec_block.ready_reg$_DFFE_PN1P_/D
85	0.4803	encdec_reg	core.enc_block.ready_reg	encdec_reg$_DFFE_PN0P_/Q	core.enc_block.ready_reg$_DFFE_PN1P_/D
86	0.4805	reset_n	core.enc_block.sword_ctr_reg[I]	reset_n	core.enc_block.sword_ctr_reg[1]$_DFFE_PN0P_/RN
87	0.4811	reset_n	ready_reg	reset_n	ready_reg$_DFF_PN0_/RN
88	0.4813	reset_n	next_reg	reset_n	next_reg$_DFF_PN0_/RN
89	0.4814	reset_n	init_reg	reset_n	init_reg$_DFF_PN0_/RN
90	0.4824	reset_n	valid_reg	reset_n	valid_reg$_DFF_PN0_/RN
91	0.4828	reset_n	core.result_valid_reg	reset_n	core.result_valid_reg$_DFFE_PN0P_/RN
92	0.4839	core.enc_block.round_ctr_reg[I]	core.enc_block.ready_reg	core.enc_block.round_ctr_reg[2]$_DFFE_PN0P_/Q	core.enc_block.ready_reg$_DFFE_PN1P_/D
93	0.4856	reset_n	core.keymem.rcon_reg[I]	reset_n	core.keymem.rcon_reg[3]$_DFFE_PN0P_/RN
94	0.4878	next_reg	core.enc_block.round_ctr_reg[I]	next_reg$_DFF_PN0_/Q	core.enc_block.round_ctr_reg[3]$_DFFE_PN0P_/D
95	0.4883	reset_n	core.dec_block.dec_ctrl_reg[I]	reset_n	core.dec_block.dec_ctrl_reg[1]$_DFF_PN0_/RN
96	0.4893	reset_n	core.enc_block.round_ctr_reg[I]	reset_n	core.enc_block.round_ctr_reg[2]$_DFFE_PN0P_/RN
97	0.4920	core.enc_block.enc_ctrl_reg[I]	core.enc_block.ready_reg	core.enc_block.enc_ctrl_reg[1]$_DFF_PN0_/Q	core.enc_block.ready_reg$_DFFE_PN1P_/D
98	0.4920	keylen_reg	read_data_reg[I]	keylen_reg$_DFFE_PN0P_/Q	read_data_reg[3]$_DFF_PN0_/D
99	0.4928	write_data[I]	block_reg[I][J]	write_data[19]	block_reg[0][19]$_DFFE_PN0P_/D
100	0.4931	keylen_reg	core.dec_block.round_ctr_reg[I]	keylen_reg$_DFFE_PN0P_/Q	core.dec_block.round_ctr_reg[2]$_DFFE_PN0P_/D
