# stage	6_final
# top_module	fpu
# top_n	100
# kind	blocks
# include_full	1
# rank	worst_slack_ns	start	end	start_full	end_full
1	-0.3118	uI.mul_b[J]	uI.product_i[J]	u3.mul_b[22]$_SDFFE_PP0P_/Q	u3.product_i[27]$_SDFFE_PP0P_/D
2	-0.3063	uI.mul_b[J]	uI.sub_pb_lo[J]	u3.mul_b[22]$_SDFFE_PP0P_/Q	u3.sub_pb_lo[28]$_SDFFE_PP0P_/D
3	-0.3042	uI.mul_b[J]	uI.sub_pb_hi[J]	u3.mul_b[22]$_SDFFE_PP0P_/Q	u3.sub_pb_hi[26]$_SDFFE_PP0P_/D
4	-0.3005	uI.mul_a[J]	uI.product_j[J]	u3.mul_a[45]$_SDFFE_PP0P_/Q	u3.product_j[27]$_SDFFE_PP0P_/D
5	-0.3001	uI.mul_a[J]	uI.product_h[J]	u3.mul_a[50]$_SDFFE_PP0P_/Q	u3.product_h[27]$_SDFFE_PP0P_/D
6	-0.2998	uI.mul_a[J]	uI.sub_pb_hi[J]	u3.mul_a[19]$_SDFFE_PP0P_/Q	u3.sub_pb_hi[26]$_SDFFE_PP0P_/D
7	-0.2993	uI.mul_b[J]	uI.product_h[J]	u3.mul_b[5]$_SDFFE_PP0P_/Q	u3.product_h[27]$_SDFFE_PP0P_/D
8	-0.2986	uI.mul_b[J]	uI.sub_pf_hi[J]	u3.mul_b[22]$_SDFFE_PP0P_/Q	u3.sub_pf_hi[24]$_SDFFE_PP0P_/D
9	-0.2981	uI.mul_a[J]	uI.sub_pa_hi[J]	u3.mul_a[19]$_SDFFE_PP0P_/Q	u3.sub_pa_hi[28]$_SDFFE_PP0P_/D
10	-0.2927	uI.mul_b[J]	uI.sub_pa_hi[J]	u3.mul_b[1]$_SDFFE_PP0P_/Q	u3.sub_pa_hi[28]$_SDFFE_PP0P_/D
11	-0.2912	uI.mul_a[J]	uI.sub_pb_lo[J]	u3.mul_a[4]$_SDFFE_PP0P_/Q	u3.sub_pb_lo[28]$_SDFFE_PP0P_/D
12	-0.2881	uI.mul_a[J]	uI.sub_pc_hi[J]	u3.mul_a[20]$_SDFFE_PP0P_/Q	u3.sub_pc_hi[21]$_SDFFE_PP0P_/D
13	-0.2851	uI.mul_b[J]	uI.sub_pc_hi[J]	u3.mul_b[41]$_SDFFE_PP0P_/Q	u3.sub_pc_hi[21]$_SDFFE_PP0P_/D
14	-0.2847	uI.mul_a[J]	uI.product_i[J]	u3.mul_a[50]$_SDFFE_PP0P_/Q	u3.product_i[28]$_SDFFE_PP0P_/D
15	-0.2840	uI.mul_b[J]	uI.product_j[J]	u3.mul_b[41]$_SDFFE_PP0P_/Q	u3.product_j[27]$_SDFFE_PP0P_/D
16	-0.2752	uI.mul_b[J]	uI.sub_pf_lo[J]	u3.mul_b[22]$_SDFFE_PP0P_/Q	u3.sub_pf_lo[22]$_SDFFE_PP0P_/D
17	-0.2710	uI.mul_a[J]	uI.sub_pc_lo[J]	u3.mul_a[10]$_SDFFE_PP0P_/Q	u3.sub_pc_lo[27]$_SDFFE_PP0P_/D
18	-0.2613	uI.mul_b[J]	uI.sub_pc_lo[J]	u3.mul_b[34]$_SDFFE_PP0P_/Q	u3.sub_pc_lo[27]$_SDFFE_PP0P_/D
19	-0.2601	uI.mul_a[J]	uI.sub_pa_lo[J]	u3.mul_a[4]$_SDFFE_PP0P_/Q	u3.sub_pa_lo[27]$_SDFFE_PP0P_/D
20	-0.2559	uI.mul_b[J]	uI.sub_pa_lo[J]	u3.mul_b[6]$_SDFFE_PP0P_/Q	u3.sub_pa_lo[27]$_SDFFE_PP0P_/D
21	-0.2491	uI.mul_b[J]	uI.sub_pe_hi[J]	u3.mul_b[0]$_SDFFE_PP0P_/Q	u3.sub_pe_hi[22]$_SDFFE_PP0P_/D
22	-0.2487	uI.mul_b[J]	uI.sub_pe_lo[J]	u3.mul_b[4]$_SDFFE_PP0P_/Q	u3.sub_pe_lo[25]$_SDFFE_PP0P_/D
23	-0.2368	uI.mul_b[J]	uI.sub_pg_hi[J]	u3.mul_b[39]$_SDFFE_PP0P_/Q	u3.sub_pg_hi[24]$_SDFFE_PP0P_/D
24	-0.2182	uI.mul_b[J]	uI.sub_pg_lo[J]	u3.mul_b[47]$_SDFFE_PP0P_/Q	u3.sub_pg_lo[26]$_SDFFE_PP0P_/D
25	-0.2182	uI.mul_a[J]	uI.sub_pg_lo[J]	u3.mul_a[27]$_SDFFE_PP0P_/Q	u3.sub_pg_lo[26]$_SDFFE_PP0P_/D
26	-0.2163	uI.mul_a[J]	uI.sub_pg_hi[J]	u3.mul_a[38]$_SDFFE_PP0P_/Q	u3.sub_pg_hi[24]$_SDFFE_PP0P_/D
27	-0.2146	uI.mul_a[J]	uI.sub_pf_hi[J]	u3.mul_a[39]$_SDFFE_PP0P_/Q	u3.sub_pf_hi[24]$_SDFFE_PP0P_/D
28	-0.2073	uI.mul_a[J]	uI.sub_pe_hi[J]	u3.mul_a[39]$_SDFFE_PP0P_/Q	u3.sub_pe_hi[19]$_SDFFE_PP0P_/D
29	-0.2018	uI.mul_a[J]	uI.sub_pf_lo[J]	u3.mul_a[27]$_SDFFE_PP0P_/Q	u3.sub_pf_lo[25]$_SDFFE_PP0P_/D
30	-0.1987	uI.mul_a[J]	uI.sub_pe_lo[J]	u3.mul_a[28]$_SDFFE_PP0P_/Q	u3.sub_pe_lo[25]$_SDFFE_PP0P_/D
31	-0.0752	uI.mul_b[J]	uI.product_d[J]	u3.mul_b[51]$_SDFFE_PP0P_/Q	u3.product_d[23]$_SDFFE_PP0P_/D
32	-0.0534	uI.mul_a[J]	uI.product_d[J]	u3.mul_a[0]$_SDFFE_PP0P_/Q	u3.product_d[23]$_SDFFE_PP0P_/D
33	0.0821	uI.divisor_b[J]	uI.divisor_shift_J[K]	u4.divisor_b[40]$_SDFFE_PP0P_/Q	u4.divisor_shift_2[1]$_SDFFE_PP0P_/D
34	0.0882	uI.product_a[J]	uI.sum_J[K]	u3.product_a[20]$_SDFFE_PP0P_/Q	u3.sum_0[31]$_SDFFE_PP0P_/D
35	0.0922	uI.product_b[J]	uI.sum_J[K]	u3.product_b[3]$_SDFFE_PP0P_/Q	u3.sum_0[31]$_SDFFE_PP0P_/D
36	0.0933	uI.dividend_reg[J]	uI.dividend_reg[J]	u4.dividend_reg[51]$_SDFFE_PP0P_/Q	u4.dividend_reg[53]$_SDFFE_PP0P_/D
37	0.1065	uI.diff[J]	uI.diff_shift_J[K]	u2.diff[54]$_SDFFE_PP0P_/Q	u2.diff_shift_2[5]$_SDFFE_PP0P_/D
38	0.1089	uI.product_c[J]	uI.sum_J[K]	u3.product_c[0]$_SDFFE_PP0P_/Q	u3.sum_2[40]$_SDFFE_PP0P_/D
39	0.1103	uI.sum_J[K]	uI.sum_J[K]	u3.sum_1[10]$_SDFFE_PP0P_/Q	u3.sum_2[40]$_SDFFE_PP0P_/D
40	0.1110	uI.product_f[J]	uI.sum_J[K]	u3.product_f[4]$_SDFFE_PP0P_/Q	u3.sum_4[35]$_SDFFE_PP0P_/D
41	0.1113	uI.minuend[J]	uI.diff[J]	u2.minuend[2]$_SDFFE_PP0P_/Q	u2.diff[42]$_SDFFE_PP0P_/D
42	0.1121	uI.divisor_reg[J]	uI.dividend_reg[J]	u4.divisor_reg[52]$_SDFFE_PP0P_/Q	u4.dividend_reg[53]$_SDFFE_PP0P_/D
43	0.1140	uI.dividend_reg[J]	uI.quotient[J]	u4.dividend_reg[51]$_SDFFE_PP0P_/Q	u4.quotient[39]$_SDFFE_PP0P_/D
44	0.1159	uI.product_h[J]	uI.sum_J[K]	u3.product_h[17]$_SDFFE_PP0P_/Q	u3.sum_3[30]$_SDFFE_PP0P_/D
45	0.1174	uI.dividend_a[J]	uI.dividend_shift_J[K]	u4.dividend_a[51]$_SDFFE_PP0P_/Q	u4.dividend_shift_2[5]$_SDFFE_PP0P_/D
46	0.1257	uI.product_e[J]	uI.sum_J[K]	u3.product_e[5]$_SDFFE_PP0P_/Q	u3.sum_1[28]$_SDFFE_PP0P_/D
47	0.1309	uI.subtra_shift_J[K]	uI.diff[J]	u2.subtra_shift_3[5]$_SDFFE_PP0P_/QN	u2.diff[42]$_SDFFE_PP0P_/D
48	0.1328	uI.divisor_reg[J]	uI.quotient[J]	u4.divisor_reg[52]$_SDFFE_PP0P_/Q	u4.quotient[39]$_SDFFE_PP0P_/D
49	0.1339	uI.small_shift_J[K]	uI.sum[J]	u1.small_shift_3[21]$_SDFFE_PP0P_/Q	u1.sum[43]$_SDFFE_PP0P_/D
50	0.1350	uI.diffshift_gt_exponent	uI.diff_J[K]	u2.diffshift_gt_exponent$_SDFFE_PP0P_/Q	u2.diff_1[34]$_SDFFE_PP0P_/D
51	0.1363	mantissa_round[I]	uI.sum_round[J]	mantissa_round[7]$_SDFF_PN0_/Q	u5.sum_round[51]$_SDFF_PP0_/D
52	0.1398	uI.large_add[J]	uI.sum[J]	u1.large_add[21]$_SDFFE_PP0P_/Q	u1.sum[43]$_SDFFE_PP0P_/D
53	0.1449	uI.sub_pc_lo[J]	uI.product_c[J]	u3.sub_pc_lo[12]$_SDFFE_PP0P_/Q	u3.product_c[38]$_SDFFE_PP0P_/D
54	0.1477	uI.exponent_J[K]	uI.product_J[K]	u3.exponent_2[0]$_SDFFE_PP0P_/Q	u3.product_4[94]$_SDFFE_PP0P_/D
55	0.1494	opa_reg[I]	uI.exponent_out[J]	opa_reg[9]$_SDFFE_PP0P_/Q	u4.exponent_out[7]$_SDFF_PP0_/D
56	0.1509	uI.sub_pa_lo[J]	uI.product_a[J]	u3.sub_pa_lo[12]$_SDFFE_PP0P_/Q	u3.product_a[40]$_SDFFE_PP0P_/D
57	0.1518	uI.product_d[J]	uI.sum_J[K]	u3.product_d[0]$_SDFFE_PP0P_/Q	u3.sum_5[26]$_SDFFE_PP0P_/D
58	0.1559	uI.sub_pa_hi[J]	uI.product_a[J]	u3.sub_pa_hi[0]$_SDFFE_PP0P_/Q	u3.product_a[40]$_SDFFE_PP0P_/D
59	0.1595	invalid	invalid	invalid$_SDFFE_PP0P_/Q	invalid
60	0.1606	inexact	inexact	inexact$_SDFFE_PP0P_/Q	inexact
61	0.1609	ready	ready	ready$_SDFF_PP0_/Q	ready
62	0.1637	uI.sub_pc_hi[J]	uI.product_c[J]	u3.sub_pc_hi[0]$_SDFFE_PP0P_/Q	u3.product_c[38]$_SDFFE_PP0P_/D
63	0.1641	exception	exception	exception$_SDFFE_PP0P_/Q	exception
64	0.1660	overflow	overflow	overflow$_SDFFE_PP0P_/Q	overflow
65	0.1668	uI.a_is_norm	uI.exponent_terms[J]	u3.a_is_norm$_SDFFE_PP0P_/Q	u3.exponent_terms[10]$_SDFFE_PP0P_/D
66	0.1701	opa_reg[I]	uI.a_is_zero	opa_reg[9]$_SDFFE_PP0P_/Q	u3.a_is_zero$_SDFFE_PP0P_/D
67	0.1705	underflow	underflow	underflow$_SDFFE_PP0P_/Q	underflow
68	0.1707	out[I]	out[I]	out[35]$_SDFFE_PP0P_/Q	out[35]
69	0.1727	uI.b_is_norm	uI.exponent_terms[J]	u3.b_is_norm$_SDFFE_PP0P_/Q	u3.exponent_terms[10]$_SDFFE_PP0P_/D
70	0.1754	uI.sub_pb_hi[J]	uI.product_b[J]	u3.sub_pb_hi[1]$_SDFFE_PP0P_/Q	u3.product_b[31]$_SDFFE_PP0P_/D
71	0.1759	uI.dividend_reg[J]	uI.remainder_msb	u4.dividend_reg[51]$_SDFFE_PP0P_/Q	u4.remainder_msb$_SDFFE_PP0P_/D
72	0.1772	uI.sub_pb_lo[J]	uI.product_b[J]	u3.sub_pb_lo[14]$_SDFFE_PP0P_/Q	u3.product_b[31]$_SDFFE_PP0P_/D
73	0.1882	uI.exponent_large[J]	uI.diff_J[K]	u2.exponent_large[1]$_SDFFE_PP0P_/Q	u2.diff_1[34]$_SDFFE_PP0P_/D
74	0.1933	uI.remainder_shift_term[J]	uI.remainder_b[J]	u4.remainder_shift_term[1]$_SDFFE_PP0P_/Q	u4.remainder_b[96]$_SDFFE_PP0P_/D
75	0.1947	uI.divisor_reg[J]	uI.remainder_msb	u4.divisor_reg[52]$_SDFFE_PP0P_/Q	u4.remainder_msb$_SDFFE_PP0P_/D
76	0.1991	uI.exponent_small[J]	uI.exponent_diff[J]	u2.exponent_small[0]$_SDFFE_PP0P_/Q	u2.exponent_diff[10]$_SDFFE_PP0P_/D
77	0.1993	uI.exponent_a[J]	uI.exponent_terms[J]	u3.exponent_a[0]$_SDFFE_PP0P_/QN	u3.exponent_terms[10]$_SDFFE_PP0P_/D
78	0.2054	uI.diff_shift_J[K]	uI.diff_J[K]	u2.diff_shift_2[1]$_SDFFE_PP0P_/Q	u2.diff_1[34]$_SDFFE_PP0P_/D
79	0.2064	uI.product_j[J]	uI.sum_J[K]	u3.product_j[4]$_SDFFE_PP0P_/Q	u3.sum_8[29]$_SDFFE_PP0P_/D
80	0.2071	uI.exponent_large[J]	uI.exponent_diff[J]	u2.exponent_large[0]$_SDFFE_PP0P_/QN	u2.exponent_diff[10]$_SDFFE_PP0P_/D
81	0.2083	uI.divisor_shift_J[K]	uI.divisor_b_shifted[J]	u4.divisor_shift_2[1]$_SDFFE_PP0P_/Q	u4.divisor_b_shifted[51]$_SDFFE_PP0P_/D
82	0.2090	uI.product_g[J]	uI.sum_J[K]	u3.product_g[0]$_SDFFE_PP0P_/Q	u3.sum_7[30]$_SDFFE_PP0P_/D
83	0.2108	uI.large_norm_small_denorm	uI.exponent_diff[J]	u2.large_norm_small_denorm$_SDFFE_PP0P_/Q	u2.exponent_diff[10]$_SDFFE_PP0P_/D
84	0.2143	opb_reg[I]	uI.b_is_zero	opb_reg[51]$_SDFFE_PP0P_/Q	u3.b_is_zero$_SDFFE_PP0P_/D
85	0.2205	uI.sub_pg_lo[J]	uI.product_g[J]	u3.sub_pg_lo[9]$_SDFFE_PP0P_/Q	u3.product_g[33]$_SDFFE_PP0P_/D
86	0.2216	uI.sub_pg_hi[J]	uI.product_g[J]	u3.sub_pg_hi[0]$_SDFFE_PP0P_/Q	u3.product_g[33]$_SDFFE_PP0P_/D
87	0.2220	opa_reg[I]	uI.opa_et_zero	opa_reg[9]$_SDFFE_PP0P_/Q	u6.opa_et_zero$_SDFFE_PP0P_/D
88	0.2228	uI.sub_pf_hi[J]	uI.product_f[J]	u3.sub_pf_hi[4]$_SDFFE_PP0P_/Q	u3.product_f[28]$_SDFFE_PP0P_/D
89	0.2230	uI.dividend_shift_J[K]	uI.dividend_a_shifted[J]	u4.dividend_shift_2[1]$_SDFFE_PP0P_/Q	u4.dividend_a_shifted[51]$_SDFFE_PP0P_/D
90	0.2239	uI.sub_pf_lo[J]	uI.product_f[J]	u3.sub_pf_lo[13]$_SDFFE_PP0P_/Q	u3.product_f[28]$_SDFFE_PP0P_/D
91	0.2275	opb_reg[I]	uI.opb_et_zero	opb_reg[51]$_SDFFE_PP0P_/Q	u6.opb_et_zero$_SDFFE_PP0P_/D
92	0.2307	uI.product_shift_J[K]	uI.product_J[K]	u3.product_shift_2[1]$_SDFFE_PP0P_/Q	u3.product_3[56]$_SDFFE_PP0P_/D
93	0.2310	opa_reg[I]	uI.opa_pos_inf	opa_reg[9]$_SDFFE_PP0P_/Q	u6.opa_pos_inf$_SDFFE_PP0P_/D
94	0.2312	opa_reg[I]	uI.opa_neg_inf	opa_reg[9]$_SDFFE_PP0P_/Q	u6.opa_neg_inf$_SDFFE_PP0P_/D
95	0.2321	opb_reg[I]	uI.opb_SNaN	opb_reg[51]$_SDFFE_PP0P_/Q	u6.opb_SNaN$_SDFFE_PP0P_/D
96	0.2360	opb_reg[I]	uI.opb_QNaN	opb_reg[51]$_SDFFE_PP0P_/Q	u6.opb_QNaN$_SDFFE_PP0P_/D
97	0.2379	uI.product_i[J]	uI.sum_J[K]	u3.product_i[2]$_SDFFE_PP0P_/Q	u3.sum_6[23]$_SDFFE_PP0P_/D
98	0.2419	uI.expon_uf_term_J[K]	uI.mantissa_J[K]	u4.expon_uf_term_4[9]$_SDFFE_PP0P_/Q	u4.mantissa_1[23]$_SDFFE_PP0P_/D
99	0.2457	mul_enable	uI.sub_pf_lo[J]	mul_enable$_SDFF_PP0_/Q	u3.sub_pf_lo[25]$_SDFFE_PP0P_/D
100	0.2460	opa_reg[I]	uI.opa_inf	opa_reg[9]$_SDFFE_PP0P_/Q	u6.opa_inf$_SDFFE_PP0P_/D
