# stage	6_final
# top_module	tpu_top
# top_n	100
# kind	blocks
# include_full	1
# rank	worst_slack_ns	start	end	start_full	end_full
1	0.0114	systolic_controll.matrix_index[I]	systolic.mul_outcome[I]	systolic_controll.matrix_index[3]$_SDFF_PP0_/QN	systolic.mul_outcome[89]$_SDFF_PN0_/D
2	0.0483	write_out.sram_wdata_a[I]	sram_wdata_a[I]	write_out.sram_wdata_a[60]$_SDFF_PN0_/Q	sram_wdata_a[60]
3	0.0523	write_out.sram_wdata_c[I]	sram_wdata_c[I]	write_out.sram_wdata_c[53]$_SDFF_PN0_/Q	sram_wdata_c[53]
4	0.0777	_I_	sram_wdata_b[I]	_105156_/Q	sram_wdata_b[110]
5	0.1103	systolic.mul_outcome[I]	write_out.sram_wdata_c[I]	systolic.mul_outcome[29]$_SDFF_PN0_/Q	write_out.sram_wdata_c[34]$_SDFF_PN0_/D
6	0.1117	systolic.matrix_mul_ID[J][K]	systolic.matrix_mul_ID[J][K]	systolic.matrix_mul_2D[33][0]$_SDFFE_PN0P_/Q	systolic.matrix_mul_2D[33][20]$_SDFFE_PN0P_/D
7	0.1131	systolic.data_queue[I][J]	systolic.phh_reg[I][J]	systolic.data_queue[48][7]$_SDFFE_PN0P_/Q	systolic.phh_reg[48][7]$_SDFF_PN0_/D
8	0.1167	systolic.data_queue[I][J]	systolic.plh_reg[I][J]	systolic.data_queue[42][7]$_SDFFE_PN0P_/Q	systolic.plh_reg[42][7]$_SDFF_PN0_/D
9	0.1171	systolic.weight_queue[I][J]	systolic.phl_reg[I][J]	systolic.weight_queue[40][7]$_SDFFE_PN0P_/Q	systolic.phl_reg[40][7]$_SDFF_PN0_/D
10	0.1187	systolic.product_reg[I][J]	systolic.matrix_mul_ID[J][K]	systolic.product_reg[33][0]$_SDFF_PN0_/Q	systolic.matrix_mul_2D[33][20]$_SDFFE_PN0P_/D
11	0.1240	write_out.matrix_index_d[I]	_I_	write_out.matrix_index_d[3]$_SDFF_PN0_/Q	_105167_/D
12	0.1246	systolic.mul_outcome[I]	write_out.sram_wdata_a[I]	systolic.mul_outcome[33]$_SDFF_PN0_/Q	write_out.sram_wdata_a[97]$_SDFF_PN0_/D
13	0.1284	systolic.weight_queue[I][J]	systolic.phh_reg[I][J]	systolic.weight_queue[22][5]$_SDFFE_PN0P_/Q	systolic.phh_reg[22][7]$_SDFF_PN0_/D
14	0.1306	systolic.weight_queue[I][J]	systolic.plh_reg[I][J]	systolic.weight_queue[6][1]$_SDFFE_PN0P_/Q	systolic.plh_reg[6][7]$_SDFF_PN0_/D
15	0.1308	systolic.data_queue[I][J]	systolic.phl_reg[I][J]	systolic.data_queue[21][1]$_SDFFE_PN0P_/Q	systolic.phl_reg[21][7]$_SDFF_PN0_/D
16	0.1323	_I_	sram_waddr_b[I]	_105176_/Q	sram_waddr_b[3]
17	0.1334	write_out.sram_write_enable_cI	sram_write_enable_cI	write_out.sram_write_enable_c0$_SDFF_PN1_/Q	sram_write_enable_c0
18	0.1338	write_out.sram_waddr_c[I]	sram_waddr_c[I]	write_out.sram_waddr_c[1]$_SDFF_PN0_/Q	sram_waddr_c[1]
19	0.1356	write_out.matrix_index_d[I]	write_out.sram_wdata_c[I]	write_out.matrix_index_d[1]$_SDFF_PN0_/Q	write_out.sram_wdata_c[50]$_SDFF_PN0_/D
20	0.1368	write_out.sram_waddr_a[I]	sram_waddr_a[I]	write_out.sram_waddr_a[4]$_SDFF_PN0_/Q	sram_waddr_a[4]
21	0.1369	addr_sel.sram_raddr_wI[J]	sram_raddr_wI[J]	addr_sel.sram_raddr_w0[0]$_SDFF_PN1_/Q	sram_raddr_w0[0]
22	0.1370	addr_sel.sram_raddr_wI[J]	sram_raddr_dI[J]	addr_sel.sram_raddr_w1[1]$_SDFF_PN1_/Q	sram_raddr_d1[1]
23	0.1392	systolic_controll.tpu_done	tpu_done	systolic_controll.tpu_done$_SDFF_PN0_/Q	tpu_done
24	0.1422	_I_	sram_write_enable_bI	_105043_/Q	sram_write_enable_b0
25	0.1439	write_out.matrix_index_d[I]	write_out.sram_wdata_a[I]	write_out.matrix_index_d[1]$_SDFF_PN0_/Q	write_out.sram_wdata_a[51]$_SDFF_PN0_/D
26	0.1450	write_out.sram_write_enable_aI	sram_write_enable_aI	write_out.sram_write_enable_a0$_SDFF_PN1_/Q	sram_write_enable_a0
27	0.1594	systolic.mul_outcome[I]	_I_	systolic.mul_outcome[84]$_SDFF_PN0_/Q	_105115_/D
28	0.2153	systolic_controll.cycle_num[I]	systolic.op_reg_a[I][J]	systolic_controll.cycle_num[1]$_SDFF_PN0_/Q	systolic.op_reg_a[1][1]$_SDFF_PP0_/D
29	0.2171	systolic.plh_reg[I][J]	systolic.product_reg[I][J]	systolic.plh_reg[56][1]$_SDFF_PN0_/Q	systolic.product_reg[56][15]$_SDFF_PN0_/D
30	0.2226	systolic.pll_reg[I][J]	systolic.product_reg[I][J]	systolic.pll_reg[56][5]$_SDFF_PN0_/Q	systolic.product_reg[56][15]$_SDFF_PN0_/D
31	0.2255	systolic.phl_reg[I][J]	systolic.product_reg[I][J]	systolic.phl_reg[56][1]$_SDFF_PN0_/Q	systolic.product_reg[56][15]$_SDFF_PN0_/D
32	0.2263	systolic.data_queue[I][J]	systolic.pll_reg[I][J]	systolic.data_queue[53][1]$_SDFFE_PN0P_/Q	systolic.pll_reg[53][7]$_SDFF_PN0_/D
33	0.2375	systolic.weight_queue[I][J]	systolic.pll_reg[I][J]	systolic.weight_queue[38][0]$_SDFFE_PN0P_/Q	systolic.pll_reg[38][7]$_SDFF_PN0_/D
34	0.2533	systolic.op_reg[I][J]	systolic.matrix_mul_ID[J][K]	systolic.op_reg[5][1]$_SDFF_PN0_/Q	systolic.matrix_mul_2D[40][8]$_SDFFE_PN0P_/D
35	0.2594	systolic.phh_reg[I][J]	systolic.product_reg[I][J]	systolic.phh_reg[56][0]$_SDFF_PN0_/Q	systolic.product_reg[56][15]$_SDFF_PN0_/D
36	0.2780	systolic_controll.state[I]	systolic.weight_queue[I][J]	systolic_controll.state[3]$_DFF_P_/Q	systolic.weight_queue[52][6]$_SDFFE_PN0P_/D
37	0.2861	systolic_controll.state[I]	systolic.data_queue[I][J]	systolic_controll.state[3]$_DFF_P_/Q	systolic.data_queue[51][5]$_SDFFE_PN0P_/D
38	0.2917	systolic_controll.state[I]	systolic.phh_reg[I][J]	systolic_controll.state[3]$_DFF_P_/Q	systolic.phh_reg[54][0]$_SDFF_PN0_/D
39	0.2920	systolic_controll.state[I]	systolic.plh_reg[I][J]	systolic_controll.state[3]$_DFF_P_/Q	systolic.plh_reg[54][0]$_SDFF_PN0_/D
40	0.2922	systolic_controll.state[I]	systolic.phl_reg[I][J]	systolic_controll.state[3]$_DFF_P_/Q	systolic.phl_reg[54][0]$_SDFF_PN0_/D
41	0.3002	write_out.data_set_d[I]	_I_	write_out.data_set_d[1]$_SDFF_PN0_/Q	_105142_/D
42	0.3103	systolic_controll.state[I]	systolic.pll_reg[I][J]	systolic_controll.state[3]$_DFF_P_/Q	systolic.pll_reg[61][0]$_SDFF_PN0_/D
43	0.3122	write_out.sram_write_enable_d	write_out.sram_wdata_a[I]	write_out.sram_write_enable_d$_SDFF_PN0_/Q	write_out.sram_wdata_a[51]$_SDFF_PN0_/D
44	0.3144	systolic_controll.state[I]	systolic_controll.data_set[I]	systolic_controll.state[3]$_DFF_P_/Q	systolic_controll.data_set[0]$_SDFFE_PN0P_/D
45	0.3201	srstn	write_out.sram_wdata_a[I]	srstn	write_out.sram_wdata_a[51]$_SDFF_PN0_/D
46	0.3208	systolic_controll.state[I]	systolic.op_reg_a[I][J]	systolic_controll.state[3]$_DFF_P_/Q	systolic.op_reg_a[23][0]$_SDFF_PN0_/D
47	0.3345	write_out.sram_write_enable_d	_I_	write_out.sram_write_enable_d$_SDFF_PN0_/Q	_105143_/D
48	0.3425	srstn	_I_	srstn	_105143_/D
49	0.3467	srstn	systolic.matrix_mul_ID[J][K]	srstn	systolic.matrix_mul_2D[32][3]$_SDFFE_PN0P_/D
50	0.3473	write_out.sram_write_enable_d	write_out.sram_wdata_c[I]	write_out.sram_write_enable_d$_SDFF_PN0_/Q	write_out.sram_wdata_c[112]$_SDFF_PN0_/D
51	0.3516	srstn	systolic.plh_reg[I][J]	srstn	systolic.plh_reg[32][5]$_SDFF_PN0_/D
52	0.3521	srstn	systolic.weight_queue[I][J]	srstn	systolic.weight_queue[63][4]$_SDFFE_PN0P_/D
53	0.3529	srstn	systolic.phl_reg[I][J]	srstn	systolic.phl_reg[32][6]$_SDFF_PN0_/D
54	0.3537	srstn	systolic.pll_reg[I][J]	srstn	systolic.pll_reg[32][5]$_SDFF_PN0_/D
55	0.3539	srstn	systolic.data_queue[I][J]	srstn	systolic.data_queue[55][0]$_SDFFE_PN0P_/D
56	0.3544	srstn	systolic.phh_reg[I][J]	srstn	systolic.phh_reg[32][6]$_SDFF_PN0_/D
57	0.3552	srstn	write_out.sram_wdata_c[I]	srstn	write_out.sram_wdata_c[112]$_SDFF_PN0_/D
58	0.3588	write_out.data_set_d[I]	write_out.sram_wdata_a[I]	write_out.data_set_d[1]$_SDFF_PN0_/Q	write_out.sram_wdata_a[54]$_SDFF_PN0_/D
59	0.3603	srstn	systolic.mul_outcome[I]	srstn	systolic.mul_outcome[148]$_SDFF_PN0_/D
60	0.3636	srstn	systolic_controll.addr_serial_num[I]	srstn	systolic_controll.addr_serial_num[1]$_SDFFE_PN0P_/D
61	0.3666	srstn	systolic.product_reg[I][J]	srstn	systolic.product_reg[63][10]$_SDFF_PN0_/D
62	0.3696	systolic_controll.matrix_index[I]	systolic_controll.data_set[I]	systolic_controll.matrix_index[1]$_SDFF_PP0_/Q	systolic_controll.data_set[0]$_SDFFE_PN0P_/D
63	0.3736	systolic_controll.matrix_index[I]	systolic_controll.matrix_index[I]	systolic_controll.matrix_index[1]$_SDFF_PP0_/Q	systolic_controll.matrix_index[3]$_SDFF_PP0_/D
64	0.3783	systolic_controll.state[I]	systolic_controll.cycle_num[I]	systolic_controll.state[3]$_DFF_P_/Q	systolic_controll.cycle_num[0]$_SDFF_PN0_/D
65	0.3843	systolic_controll.matrix_index[I]	systolic_controll.state[I]	systolic_controll.matrix_index[1]$_SDFF_PP0_/Q	systolic_controll.state[3]$_DFF_P_/D
66	0.3915	srstn	systolic.op_reg_a[I][J]	srstn	systolic.op_reg_a[5][1]$_SDFF_PP0_/D
67	0.3930	write_out.data_set_d[I]	write_out.sram_wdata_c[I]	write_out.data_set_d[1]$_SDFF_PN0_/Q	write_out.sram_wdata_c[112]$_SDFF_PN0_/D
68	0.3931	srstn	systolic_controll.data_set[I]	srstn	systolic_controll.data_set[0]$_SDFFE_PN0P_/D
69	0.3941	systolic_controll.cycle_num[I]	systolic.op_reg_a[I][J]	systolic_controll.cycle_num[0]$_SDFF_PN0_/Q	systolic.op_reg_a[1][0]$_SDFF_PN0_/D
70	0.3995	srstn	systolic.op_reg_a[I][J]	srstn	systolic.op_reg_a[23][0]$_SDFF_PN0_/D
71	0.4068	systolic_controll.matrix_index[I]	systolic_controll.tpu_done_pre	systolic_controll.matrix_index[1]$_SDFF_PP0_/Q	systolic_controll.tpu_done_pre$_SDFF_PN0_/D
72	0.4084	srstn	write_out.sram_write_enable_d	srstn	write_out.sram_write_enable_d$_SDFF_PN0_/D
73	0.4101	srstn	write_out.matrix_index_d[I]	srstn	write_out.matrix_index_d[5]$_SDFF_PN0_/D
74	0.4135	systolic_controll.state[I]	systolic_controll.addr_serial_num[I]	systolic_controll.state[3]$_DFF_P_/Q	systolic_controll.addr_serial_num[1]$_SDFFE_PN0P_/D
75	0.4156	systolic_controll.state[I]	systolic_controll.state[I]	systolic_controll.state[3]$_DFF_P_/Q	systolic_controll.state[0]$_DFF_P_/D
76	0.4157	srstn	systolic_controll.tpu_done_pre	srstn	systolic_controll.tpu_done_pre$_SDFF_PN0_/D
77	0.4267	systolic.matrix_mul_ID[J][K]	systolic.mul_outcome[I]	systolic.matrix_mul_2D[56][11]$_SDFFE_PN0P_/Q	systolic.mul_outcome[158]$_SDFF_PN0_/D
78	0.4272	systolic_controll.addr_serial_num[I]	systolic_controll.addr_serial_num[I]	systolic_controll.addr_serial_num[1]$_SDFFE_PN0P_/Q	systolic_controll.addr_serial_num[5]$_SDFFE_PN0P_/D
79	0.4416	srstn	systolic_controll.matrix_index[I]	srstn	systolic_controll.matrix_index[3]$_SDFF_PP0_/D
80	0.4457	srstn	systolic_controll.cycle_num[I]	srstn	systolic_controll.cycle_num[2]$_SDFF_PN0_/D
81	0.4656	systolic_controll.cycle_num[I]	systolic_controll.matrix_index[I]	systolic_controll.cycle_num[0]$_SDFF_PN0_/Q	systolic_controll.matrix_index[3]$_SDFF_PP0_/D
82	0.4688	systolic_controll.addr_serial_num[I]	addr_sel.sram_raddr_wI[J]	systolic_controll.addr_serial_num[5]$_SDFFE_PN0P_/Q	addr_sel.sram_raddr_w1[5]$_SDFF_PN1_/D
83	0.4708	systolic_controll.state[I]	write_out.sram_write_enable_d	systolic_controll.state[3]$_DFF_P_/Q	write_out.sram_write_enable_d$_SDFF_PN0_/D
84	0.4803	write_out.sram_write_enable_d	write_out.sram_waddr_a[I]	write_out.sram_write_enable_d$_SDFF_PN0_/Q	write_out.sram_waddr_a[1]$_SDFF_PN0_/D
85	0.4830	systolic_controll.state[I]	systolic_controll.tpu_done_pre	systolic_controll.state[3]$_DFF_P_/Q	systolic_controll.tpu_done_pre$_SDFF_PN0_/D
86	0.4843	write_out.matrix_index_d[I]	write_out.sram_waddr_a[I]	write_out.matrix_index_d[0]$_SDFF_PN0_/Q	write_out.sram_waddr_a[0]$_SDFF_PN0_/D
87	0.4877	systolic_controll.cycle_num[I]	systolic_controll.data_set[I]	systolic_controll.cycle_num[6]$_SDFF_PN0_/Q	systolic_controll.data_set[0]$_SDFFE_PN0P_/D
88	0.4882	srstn	write_out.sram_waddr_a[I]	srstn	write_out.sram_waddr_a[1]$_SDFF_PN0_/D
89	0.4913	srstn	write_out.data_set_d[I]	srstn	write_out.data_set_d[1]$_SDFF_PN0_/D
90	0.4929	tpu_start	systolic_controll.addr_serial_num[I]	tpu_start	systolic_controll.addr_serial_num[5]$_SDFFE_PN0P_/D
91	0.4979	srstn	systolic_controll.state[I]	srstn	systolic_controll.state[3]$_DFF_P_/D
92	0.5011	write_out.matrix_index_d[I]	write_out.sram_waddr_c[I]	write_out.matrix_index_d[0]$_SDFF_PN0_/Q	write_out.sram_waddr_c[0]$_SDFF_PN0_/D
93	0.5056	write_out.sram_write_enable_d	write_out.sram_write_enable_aI	write_out.sram_write_enable_d$_SDFF_PN0_/Q	write_out.sram_write_enable_a0$_SDFF_PN1_/D
94	0.5101	systolic_controll.cycle_num[I]	systolic_controll.cycle_num[I]	systolic_controll.cycle_num[2]$_SDFF_PN0_/Q	systolic_controll.cycle_num[8]$_SDFF_PN0_/D
95	0.5134	write_out.sram_write_enable_d	write_out.sram_waddr_c[I]	write_out.sram_write_enable_d$_SDFF_PN0_/Q	write_out.sram_waddr_c[4]$_SDFF_PN0_/D
96	0.5136	srstn	write_out.sram_write_enable_aI	srstn	write_out.sram_write_enable_a0$_SDFF_PN1_/D
97	0.5213	srstn	write_out.sram_waddr_c[I]	srstn	write_out.sram_waddr_c[4]$_SDFF_PN0_/D
98	0.5289	write_out.data_set_d[I]	write_out.sram_waddr_a[I]	write_out.data_set_d[1]$_SDFF_PN0_/Q	write_out.sram_waddr_a[1]$_SDFF_PN0_/D
99	0.5338	srstn	systolic.op_reg[I][J]	srstn	systolic.op_reg[63][1]$_SDFF_PN0_/D
100	0.5396	write_out.data_set_d[I]	write_out.sram_write_enable_aI	write_out.data_set_d[1]$_SDFF_PN0_/Q	write_out.sram_write_enable_a0$_SDFF_PN1_/D
