# stage	1_synth
# top_module	RsDecodeTop
# top_n	100
# kind	blocks
# include_full	1
# rank	worst_slack_ns	start	end	start_full	end_full
1	-0.0308	enable	RsDecodePolymul.sumReg_I[J]	enable	RsDecodePolymul.sumReg_2[3]$_DFFE_PN0P_/D
2	-0.0139	enable	RsDecodeSyndrome.done	enable	RsDecodeSyndrome.done$_DFFE_PN0P_/D
3	-0.0135	enable	RsDecodeErasure.powerReg[I]	enable	RsDecodeErasure.powerReg[7]$_DFFE_PN0P_/D
4	-0.0135	enable	RsDecodeEuclide.numShiftedReg[I]	enable	RsDecodeEuclide.numShiftedReg[4]$_DFFE_PN0P_/D
5	-0.0135	enable	RsDecodePolymul.epsilonReg_I[J]	enable	RsDecodePolymul.epsilonReg_1[0]$_DFFE_PN0P_/D
6	-0.0099	enable	RsDecodeSyndrome.reg_I[J]	enable	RsDecodeSyndrome.reg_11[2]$_DFFE_PN0P_/D
7	-0.0094	enable	doneReg[I]	enable	doneReg[2]$_DFFE_PN0P_/D
8	-0.0094	enable	doneShift	enable	doneShift$_DFFE_PN0P_/D
9	0.0004	enable	RsDecodeDelay.RsDecodeDpRam.mem[I][J]	enable	RsDecodeDelay.RsDecodeDpRam.mem[111][0]$_DFFE_PP_/D
10	0.0140	enable	omegaShiftedReg_I[J]	enable	omegaShiftedReg_0[0]$_DFFE_PN0P_/D
11	0.0141	enable	RsDecodeChien.omegaReg_I[J]	enable	RsDecodeChien.omegaReg_14[1]$_DFFE_PN0P_/D
12	0.0142	enable	RsDecodeChien.epsilonReg_I[J]	enable	RsDecodeChien.epsilonReg_15[7]$_DFFE_PN0P_/D
13	0.0143	enable	RsDecodeChien.lambdaReg_I[J]	enable	RsDecodeChien.lambdaReg_14[0]$_DFFE_PN0P_/D
14	0.0164	enable	startReg[I]	enable	startReg[0]$_DFFE_PN0P_/D
15	0.0170	enable	RsDecodeChien.denomEIInvReg[J]	enable	RsDecodeChien.denomE0InvReg[6]$_DFFE_PN0P_/D
16	0.0178	enable	lambdaRegI_J[K]	enable	lambdaReg2_10[7]$_DFFE_PN0P_/D
17	0.0178	enable	nzLambda_I	enable	nzLambda_1$_DFFE_PN0P_/D
18	0.0180	enable	RsDecodeEuclide.phase[I]	enable	RsDecodeEuclide.phase[1]$_DFFE_PN0P_/D
19	0.0180	enable	RsDecodePolymul.count[I]	enable	RsDecodePolymul.count[1]$_DFFE_PN0P_/D
20	0.0180	enable	RsDecodeSyndrome.count[I]	enable	RsDecodeSyndrome.count[1]$_DFFE_PN0P_/D
21	0.0183	enable	RsDecodeDelay.writePointer[I]	enable	RsDecodeDelay.writePointer[0]$_DFFE_PN1P_/D
22	0.0187	enable	doneShiftReg	enable	doneShiftReg$_DFFE_PN0P_/D
23	0.0201	enable	RsDecodeEuclide.count[I]	enable	RsDecodeEuclide.count[1]$_DFFE_PN0P_/D
24	0.0213	enable	RsDecodeChien.denomEIReg[J]	enable	RsDecodeChien.denomE1Reg[7]$_DFFE_PN0P_/D
25	0.0213	enable	RsDecodeEuclide.omegaBkpReg[I]	enable	RsDecodeEuclide.omegaBkpReg[7]$_DFFE_PN0P_/D
26	0.0213	enable	RsDecodeChien.lambdaOddReg[I]	enable	RsDecodeChien.lambdaOddReg[7]$_DFFE_PN0P_/D
27	0.0213	enable	RsDecodeEuclide.qNewReg[I]	enable	RsDecodeEuclide.qNewReg[7]$_DFFE_PN0P_/D
28	0.0213	enable	RsDecodeChien.epsilonOddReg[I]	enable	RsDecodeChien.epsilonOddReg[7]$_DFFE_PN0P_/D
29	0.0213	enable	RsDecodeChien.lambdaEvenRegI[J]	enable	RsDecodeChien.lambdaEvenReg2[7]$_DFFE_PN0P_/D
30	0.0213	enable	RsDecodeChien.lambdaOddRegI[J]	enable	RsDecodeChien.lambdaOddReg2[7]$_DFFE_PN0P_/D
31	0.0213	enable	RsDecodeChien.lambdaSumReg[I]	enable	RsDecodeChien.lambdaSumReg[7]$_DFFE_PN0P_/D
32	0.0213	enable	RsDecodeChien.numeRegI[J]	enable	RsDecodeChien.numeReg2[7]$_DFFE_PN0P_/D
33	0.0213	enable	RsDecodeChien.omegaSumReg[I]	enable	RsDecodeChien.omegaSumReg[7]$_DFFE_PN0P_/D
34	0.0219	enable	nzOmega_I	enable	nzOmega_20$_DFFE_PN0P_/D
35	0.0242	enable	RsDecodeChien.numErrorReg[I]	enable	RsDecodeChien.numErrorReg[2]$_DFFE_PN0P_/D
36	0.0248	enable	RsDecodeDelay.readPointer[I]	enable	RsDecodeDelay.readPointer[2]$_DFFE_PN0P_/D
37	0.0265	enable	RsDecodeErasure.count[I]	enable	RsDecodeErasure.count[3]$_DFFE_PN0P_/D
38	0.0267	enable	RsDecodeChien.count[I]	enable	RsDecodeChien.count[2]$_DFFE_PN0P_/D
39	0.0275	enable	RsDecodeEuclide.offset[I]	enable	RsDecodeEuclide.offset[4]$_DFFE_PN0P_/D
40	0.0287	enable	RsDecodeEuclide.omegaInvReg[I]	enable	RsDecodeEuclide.omegaInvReg[0]$_DFFE_PN0P_/D
41	0.0303	enable	RsDecodeChien.epsilonSumReg[I]	enable	RsDecodeChien.epsilonSumReg[7]$_DFFE_PN0P_/D
42	0.0303	enable	RsDecodeChien.doneOrg	enable	RsDecodeChien.doneOrg$_DFFE_PN0P_/D
43	0.0397	enable	failErasureRegI	enable	failErasureReg5$_DFFE_PN0P_/D
44	0.0397	enable	numErrorLambdaReg[I]	enable	numErrorLambdaReg[0]$_DFFE_PN0P_/D
45	0.0441	RsDecodeDelay.RsDecodeDpRam.rRdAddr[I]	RsDecodeDelay.RsDecodeDpRam.q[I]	RsDecodeDelay.RsDecodeDpRam.rRdAddr[0]$_DFF_P_/Q	RsDecodeDelay.RsDecodeDpRam.q[6]$_DFFE_PP_/D
46	0.0485	enable	degreeErrorReg	enable	degreeErrorReg$_DFFE_PN0P_/D
47	0.0532	enable	RsDecodeEuclide.omegaInner_I[J]	enable	RsDecodeEuclide.omegaInner_12[1]$_DFFE_PN0P_/D
48	0.0587	erasureIn	RsDecodeSyndrome.reg_I[J]	erasureIn	RsDecodeSyndrome.reg_10[2]$_DFFE_PN0P_/D
49	0.0593	erasureIn	RsDecodeDelay.RsDecodeDpRam.mem[I][J]	erasureIn	RsDecodeDelay.RsDecodeDpRam.mem[10][7]$_DFFE_PP_/D
50	0.0599	enable	RsDecodeErasure.epsilonReg_I[J]	enable	RsDecodeErasure.epsilonReg_0[1]$_DFFE_PN0P_/D
51	0.0605	enable	RsDecodeEuclide.lambdaXorReg_I[J]	enable	RsDecodeEuclide.lambdaXorReg_7[1]$_DFFE_PN0P_/D
52	0.0612	enable	RsDecodeErasure.erasureCount[I]	enable	RsDecodeErasure.erasureCount[5]$_DFFE_PN0P_/D
53	0.0617	enable	RsDecodeChien.numErrorRegI[J]	enable	RsDecodeChien.numErrorReg2[4]$_DFFE_PN0P_/D
54	0.0619	enable	RsDecodeEuclide.lambdaBkp_I[J]	enable	RsDecodeEuclide.lambdaBkp_10[0]$_DFFE_PN0P_/D
55	0.0639	enable	numErasureReg[I]	enable	numErasureReg[0]$_DFFE_PN0P_/D
56	0.0639	enable	numErrorReg[I]	enable	numErrorReg[0]$_DFFE_PN0P_/D
57	0.0660	enable	epsilonRegI_J[K]	enable	epsilonReg2_21[4]$_DFFE_PN0P_/D
58	0.0666	RsDecodeEuclide.omegaInner_I[J]	RsDecodeEuclide.omegaInner_I[J]	RsDecodeEuclide.omegaInner_21[1]$_DFFE_PN0P_/Q	RsDecodeEuclide.omegaInner_11[0]$_DFFE_PN0P_/D
59	0.0671	enable	RsDecodeEuclide.lambdaInner_I[J]	enable	RsDecodeEuclide.lambdaInner_12[0]$_DFFE_PN0P_/D
60	0.0687	RsDecodeSyndrome.done	RsDecodePolymul.sumReg_I[J]	RsDecodeSyndrome.done$_DFFE_PN0P_/Q	RsDecodePolymul.sumReg_15[7]$_DFFE_PN0P_/D
61	0.0696	RsDecodeEuclide.qNewReg[I]	RsDecodeEuclide.omegaInner_I[J]	RsDecodeEuclide.qNewReg[5]$_DFFE_PN0P_/Q	RsDecodeEuclide.omegaInner_10[7]$_DFFE_PN0P_/D
62	0.0700	enable	RsDecodeEuclide.omegaBkp_I[J]	enable	RsDecodeEuclide.omegaBkp_17[6]$_DFFE_PN0P_/D
63	0.0709	RsDecodeEuclide.omegaInner_I[J]	RsDecodeEuclide.offset[I]	RsDecodeEuclide.omegaInner_21[1]$_DFFE_PN0P_/Q	RsDecodeEuclide.offset[4]$_DFFE_PN0P_/D
64	0.0710	RsDecodeEuclide.offset[I]	RsDecodeEuclide.omegaInner_I[J]	RsDecodeEuclide.offset[1]$_DFFE_PN0P_/Q	RsDecodeEuclide.omegaInner_11[0]$_DFFE_PN0P_/D
65	0.0777	enable	OutputValidReg	enable	OutputValidReg$_DFFE_PN0P_/D
66	0.0779	RsDecodeEuclide.count[I]	RsDecodeEuclide.omegaInner_I[J]	RsDecodeEuclide.count[0]$_DFFE_PN0P_/Q	RsDecodeEuclide.omegaInner_11[0]$_DFFE_PN0P_/D
67	0.0785	RsDecodeEuclide.omegaInner_I[J]	RsDecodeEuclide.omegaInvReg[I]	RsDecodeEuclide.omegaInner_21[1]$_DFFE_PN0P_/Q	RsDecodeEuclide.omegaInvReg[2]$_DFFE_PN0P_/D
68	0.0837	startPls	RsDecodeSyndrome.reg_I[J]	startPls	RsDecodeSyndrome.reg_15[0]$_DFFE_PN0P_/D
69	0.0882	RsDecodeErasure.epsilonReg_I[J]	RsDecodePolymul.sumReg_I[J]	RsDecodeErasure.epsilonReg_22[6]$_DFFE_PN0P_/Q	RsDecodePolymul.sumReg_11[6]$_DFFE_PN0P_/D
70	0.0886	RsDecodeChien.lambdaReg_I[J]	RsDecodeChien.numErrorRegI[J]	RsDecodeChien.lambdaReg_5[7]$_DFFE_PN0P_/Q	RsDecodeChien.numErrorReg2[3]$_DFFE_PN0P_/D
71	0.0936	degreeEpsilonReg[I]	RsDecodeEuclide.omegaInner_I[J]	degreeEpsilonReg[2]$_DFFE_PN0P_/Q	RsDecodeEuclide.omegaInner_11[0]$_DFFE_PN0P_/D
72	0.0939	enable	degreeEpsilonReg[I]	enable	degreeEpsilonReg[3]$_DFFE_PN0P_/D
73	0.0969	enable	omegaReg_I[J]	enable	omegaReg_12[1]$_DFFE_PN0P_/D
74	0.0969	enable	degreeEpsilonRegI[J]	enable	degreeEpsilonReg3[0]$_DFFE_PN0P_/D
75	0.0969	enable	numShiftedReg[I]	enable	numShiftedReg[0]$_DFFE_PN0P_/D
76	0.0995	RsDecodeEuclide.qNewReg[I]	RsDecodeEuclide.lambdaInner_I[J]	RsDecodeEuclide.qNewReg[5]$_DFFE_PN0P_/Q	RsDecodeEuclide.lambdaInner_15[0]$_DFFE_PN0P_/D
77	0.1015	startPls	RsDecodeErasure.epsilonReg_I[J]	startPls	RsDecodeErasure.epsilonReg_0[1]$_DFFE_PN0P_/D
78	0.1026	RsDecodeEuclide.count[I]	RsDecodeEuclide.lambdaBkp_I[J]	RsDecodeEuclide.count[0]$_DFFE_PN0P_/Q	RsDecodeEuclide.lambdaBkp_11[0]$_DFFE_PN0P_/D
79	0.1028	startPls	RsDecodeErasure.erasureCount[I]	startPls	RsDecodeErasure.erasureCount[5]$_DFFE_PN0P_/D
80	0.1036	numShiftedReg[I]	nzOmega_I	numShiftedReg[4]$_DFFE_PN0P_/Q	nzOmega_11$_DFFE_PN0P_/D
81	0.1038	RsDecodeChien.denomEIReg[J]	RsDecodeChien.denomEIInvReg[J]	RsDecodeChien.denomE0Reg[1]$_DFFE_PN0P_/Q	RsDecodeChien.denomE0InvReg[3]$_DFFE_PN0P_/D
82	0.1066	enable	degreeLambdaReg[I]	enable	degreeLambdaReg[0]$_DFFE_PN0P_/D
83	0.1066	enable	degreeOmegaReg[I]	enable	degreeOmegaReg[0]$_DFFE_PN0P_/D
84	0.1091	degreeEpsilonReg[I]	RsDecodeEuclide.lambdaXorReg_I[J]	degreeEpsilonReg[2]$_DFFE_PN0P_/Q	RsDecodeEuclide.lambdaXorReg_7[1]$_DFFE_PN0P_/D
85	0.1114	RsDecodePolymul.epsilonReg_I[J]	RsDecodePolymul.sumReg_I[J]	RsDecodePolymul.epsilonReg_22[7]$_DFFE_PN0P_/Q	RsDecodePolymul.sumReg_5[6]$_DFFE_PN0P_/D
86	0.1116	enable	RsDecodePolymul.syndromeReg_I[J]	enable	RsDecodePolymul.syndromeReg_13[0]$_DFFE_PN0P_/D
87	0.1157	erasureIn	RsDecodeErasure.epsilonReg_I[J]	erasureIn	RsDecodeErasure.epsilonReg_0[1]$_DFFE_PN0P_/D
88	0.1165	RsDecodeEuclide.omegaInner_I[J]	RsDecodeEuclide.numShiftedReg[I]	RsDecodeEuclide.omegaInner_21[1]$_DFFE_PN0P_/Q	RsDecodeEuclide.numShiftedReg[0]$_DFFE_PN0P_/D
89	0.1171	erasureIn	RsDecodeErasure.erasureCount[I]	erasureIn	RsDecodeErasure.erasureCount[5]$_DFFE_PN0P_/D
90	0.1174	startPls	RsDecodeErasure.count[I]	startPls	RsDecodeErasure.count[3]$_DFFE_PN0P_/D
91	0.1182	degreeEpsilonReg[I]	RsDecodeEuclide.omegaBkp_I[J]	degreeEpsilonReg[2]$_DFFE_PN0P_/Q	RsDecodeEuclide.omegaBkp_21[4]$_DFFE_PN0P_/D
92	0.1183	degreeEpsilonReg[I]	RsDecodeEuclide.lambdaBkp_I[J]	degreeEpsilonReg[2]$_DFFE_PN0P_/Q	RsDecodeEuclide.lambdaBkp_11[0]$_DFFE_PN0P_/D
93	0.1184	RsDecodeEuclide.offset[I]	RsDecodeEuclide.lambdaBkp_I[J]	RsDecodeEuclide.offset[1]$_DFFE_PN0P_/Q	RsDecodeEuclide.lambdaBkp_10[0]$_DFFE_PN0P_/D
94	0.1189	numShiftedReg[I]	omegaShiftedReg_I[J]	numShiftedReg[0]$_DFFE_PN0P_/Q	omegaShiftedReg_8[6]$_DFFE_PN0P_/D
95	0.1195	RsDecodeEuclide.omegaInner_I[J]	RsDecodeEuclide.lambdaBkp_I[J]	RsDecodeEuclide.omegaInner_21[1]$_DFFE_PN0P_/Q	RsDecodeEuclide.lambdaBkp_10[0]$_DFFE_PN0P_/D
96	0.1197	enable	failReg	enable	failReg$_DFFE_PN0P_/D
97	0.1209	RsDecodeEuclide.offset[I]	RsDecodeEuclide.numShiftedReg[I]	RsDecodeEuclide.offset[1]$_DFFE_PN0P_/Q	RsDecodeEuclide.numShiftedReg[0]$_DFFE_PN0P_/D
98	0.1210	startPls	RsDecodeSyndrome.count[I]	startPls	RsDecodeSyndrome.count[0]$_DFFE_PN0P_/D
99	0.1221	RsDecodeEuclide.count[I]	RsDecodeEuclide.lambdaXorReg_I[J]	RsDecodeEuclide.count[1]$_DFFE_PN0P_/Q	RsDecodeEuclide.lambdaXorReg_7[1]$_DFFE_PN0P_/D
100	0.1234	degreeEpsilonReg[I]	RsDecodeEuclide.lambdaInner_I[J]	degreeEpsilonReg[2]$_DFFE_PN0P_/Q	RsDecodeEuclide.lambdaInner_12[0]$_DFFE_PN0P_/D
