# stage	1_synth
# top_module	tpu_top
# top_n	100
# kind	blocks
# include_full	1
# rank	worst_slack_ns	start	end	start_full	end_full
1	-0.0118	matrix_index_d[I]	_I_	matrix_index_d[0]$_SDFF_PN0_/QN	_103420_/D
2	0.0268	systolic.weight_queue[I][J]	systolic.mul_partial_hi[I][J]	systolic.weight_queue[53][7]$_SDFFE_PN0P_/Q	systolic.mul_partial_hi[53][11]$_SDFF_PN0_/D
3	0.0320	systolic.data_queue[I][J]	systolic.mul_partial_hi[I][J]	systolic.data_queue[53][1]$_SDFFE_PN0P_/Q	systolic.mul_partial_hi[53][11]$_SDFF_PN0_/D
4	0.0732	systolic.weight_queue[I][J]	systolic.mul_partial_lo[I][J]	systolic.weight_queue[48][3]$_SDFFE_PN0P_/Q	systolic.mul_partial_lo[48][14]$_SDFF_PN0_/D
5	0.0789	systolic.data_queue[I][J]	systolic.mul_partial_lo[I][J]	systolic.data_queue[60][1]$_SDFFE_PN0P_/Q	systolic.mul_partial_lo[60][14]$_SDFF_PN0_/D
6	0.1385	srstn	systolic.mul_partial_lo[I][J]	srstn	systolic.mul_partial_lo[56][10]$_SDFF_PN0_/D
7	0.1430	srstn	systolic.mul_outcome[I]	srstn	systolic.mul_outcome[100]$_SDFF_PN0_/D
8	0.1477	srstn	systolic.weight_queue[I][J]	srstn	systolic.weight_queue[62][0]$_SDFFE_PN0P_/D
9	0.1518	srstn	data_set_d[I]	srstn	data_set_d[1]$_SDFF_PN0_/D
10	0.1518	srstn	matrix_index_d[I]	srstn	matrix_index_d[2]$_SDFF_PN0_/D
11	0.1527	srstn	systolic.matrix_mul_ID[J][K]	srstn	systolic.matrix_mul_2D[4][10]$_SDFFE_PN0P_/D
12	0.1556	srstn	systolic.mul_product_reg[I][J]	srstn	systolic.mul_product_reg[0][10]$_SDFF_PN0_/D
13	0.1556	srstn	systolic_controll.addr_serial_num[I]	srstn	systolic_controll.addr_serial_num[0]$_SDFFE_PN0P_/D
14	0.1556	srstn	systolic_controll.state[I]	srstn	systolic_controll.state[3]$_DFF_P_/D
15	0.1600	srstn	systolic.mul_partial_hi[I][J]	srstn	systolic.mul_partial_hi[0][10]$_SDFF_PN0_/D
16	0.1778	systolic.mul_product_reg[I][J]	systolic.matrix_mul_ID[J][K]	systolic.mul_product_reg[15][0]$_SDFF_PN0_/Q	systolic.matrix_mul_2D[15][20]$_SDFFE_PN0P_/D
17	0.1792	systolic.matrix_mul_ID[J][K]	systolic.matrix_mul_ID[J][K]	systolic.matrix_mul_2D[15][0]$_SDFFE_PN0P_/Q	systolic.matrix_mul_2D[15][20]$_SDFFE_PN0P_/D
18	0.1959	systolic_controll.matrix_index[I]	systolic.mul_outcome[I]	systolic_controll.matrix_index[4]$_SDFF_PP0_/QN	systolic.mul_outcome[144]$_SDFF_PN0_/D
19	0.1973	srstn	write_out.src_b_pI[J][K]	srstn	write_out.src_b_p1[4][2]$_SDFF_PN0_/D
20	0.1989	srstn	write_out.src_a_pI[J][K]	srstn	write_out.src_a_p1[4][2]$_SDFF_PN0_/D
21	0.1989	srstn	write_out.src_c_pI[J][K]	srstn	write_out.src_c_p1[4][2]$_SDFF_PN0_/D
22	0.2001	srstn	systolic.data_queue[I][J]	srstn	systolic.data_queue[0][7]$_SDFFE_PN0P_/D
23	0.2001	srstn	write_out.qd_pI[J]	srstn	write_out.qd_p1[126]$_SDFF_PN0_/D
24	0.2023	srstn	systolic.is_accum_I[J]	srstn	systolic.is_accum_1[23]$_SDFF_PP0_/D
25	0.2070	srstn	write_out.sram_write_enable_aI	srstn	write_out.sram_write_enable_a0$_SDFF_PN1_/D
26	0.2070	srstn	write_out.sram_write_enable_bI	srstn	write_out.sram_write_enable_b0$_SDFF_PN1_/D
27	0.2070	srstn	write_out.sram_write_enable_cI	srstn	write_out.sram_write_enable_c0$_SDFF_PN1_/D
28	0.2126	srstn	systolic.is_reset_I[J]	srstn	systolic.is_reset_1[39]$_SDFF_PN0_/D
29	0.2172	srstn	systolic_controll.matrix_index[I]	srstn	systolic_controll.matrix_index[2]$_SDFF_PP0_/D
30	0.2268	srstn	write_out.waddr_c_pI[J]	srstn	write_out.waddr_c_p1[1]$_SDFF_PN0_/D
31	0.2273	srstn	_I_	srstn	_103427_/D
32	0.2311	srstn	write_out.en_c_pI[J]	srstn	write_out.en_c_p1[1]$_SDFF_PN0_/D
33	0.2444	srstn	write_out.we_c_pI	srstn	write_out.we_c_p1$_SDFF_PN1_/D
34	0.2464	srstn	write_out.waddr_a_pI[J]	srstn	write_out.waddr_a_p1[1]$_SDFF_PN0_/D
35	0.2508	srstn	write_out.en_a_pI[J]	srstn	write_out.en_a_p1[1]$_SDFF_PN0_/D
36	0.2521	srstn	write_out.sram_wdata_a[I]	srstn	write_out.sram_wdata_a[10]$_SDFF_PN0_/D
37	0.2538	srstn	systolic.is_accum_reg[I]	srstn	systolic.is_accum_reg[0]$_SDFF_PN0_/D
38	0.2538	srstn	tpu_done	srstn	tpu_done$_SDFF_PN0_/D
39	0.2538	srstn	tpu_done_pI	srstn	tpu_done_p1$_SDFF_PN0_/D
40	0.2538	srstn	write_out.sram_waddr_a[I]	srstn	write_out.sram_waddr_a[0]$_SDFF_PN0_/D
41	0.2538	srstn	write_out.sram_waddr_b[I]	srstn	write_out.sram_waddr_b[0]$_SDFF_PN0_/D
42	0.2538	srstn	write_out.sram_waddr_c[I]	srstn	write_out.sram_waddr_c[0]$_SDFF_PN0_/D
43	0.2539	tpu_start	systolic_controll.addr_serial_num[I]	tpu_start	systolic_controll.addr_serial_num[5]$_SDFFE_PN0P_/D
44	0.2574	srstn	write_out.sram_wdata_b[I]	srstn	write_out.sram_wdata_b[101]$_SDFF_PN0_/D
45	0.2574	srstn	write_out.sram_wdata_c[I]	srstn	write_out.sram_wdata_c[101]$_SDFF_PN0_/D
46	0.2640	srstn	write_out.we_a_pI	srstn	write_out.we_a_p1$_SDFF_PN1_/D
47	0.2687	srstn	systolic_controll.cycle_num[I]	srstn	systolic_controll.cycle_num[1]$_SDFF_PN0_/D
48	0.2731	srstn	systolic_controll.data_set[I]	srstn	systolic_controll.data_set[1]$_SDFFE_PN0P_/D
49	0.2731	srstn	systolic_controll.tpu_done	srstn	systolic_controll.tpu_done$_SDFF_PN0_/D
50	0.2765	srstn	write_out.qd_pI[J]	srstn	write_out.qd_p1[15]$_SDFF_PP0_/D
51	0.2833	systolic_controll.cycle_num[I]	systolic.is_accum_I[J]	systolic_controll.cycle_num[1]$_SDFF_PN0_/QN	systolic.is_accum_1[3]$_SDFF_PP0_/D
52	0.3404	srstn	sram_write_enable_d	srstn	sram_write_enable_d$_SDFF_PN0_/D
53	0.3644	systolic.mul_partial_lo[I][J]	systolic.mul_product_reg[I][J]	systolic.mul_partial_lo[6][5]$_SDFF_PN0_/Q	systolic.mul_product_reg[6][15]$_SDFF_PN0_/D
54	0.3660	systolic.mul_partial_hi[I][J]	systolic.mul_product_reg[I][J]	systolic.mul_partial_hi[34][2]$_SDFF_PN0_/Q	systolic.mul_product_reg[34][15]$_SDFF_PN0_/D
55	0.3813	systolic_controll.matrix_index[I]	systolic_controll.matrix_index[I]	systolic_controll.matrix_index[1]$_SDFF_PP0_/Q	systolic_controll.matrix_index[2]$_SDFF_PP0_/D
56	0.3813	systolic_controll.matrix_index[I]	systolic_controll.data_set[I]	systolic_controll.matrix_index[1]$_SDFF_PP0_/Q	systolic_controll.data_set[0]$_SDFFE_PN0P_/D
57	0.4155	systolic.mul_outcome[I]	write_out.qd_pI[J]	systolic.mul_outcome[30]$_SDFF_PN0_/Q	write_out.qd_p1[25]$_SDFF_PN0_/D
58	0.4165	systolic_controll.matrix_index[I]	systolic_controll.state[I]	systolic_controll.matrix_index[1]$_SDFF_PP0_/Q	systolic_controll.state[3]$_DFF_P_/D
59	0.4191	write_out.src_c_pI[J][K]	write_out.sram_wdata_c[I]	write_out.src_c_p1[7][0]$_SDFF_PN0_/Q	write_out.sram_wdata_c[100]$_SDFF_PN0_/D
60	0.4227	systolic_controll.cycle_num[I]	systolic.is_reset_I[J]	systolic_controll.cycle_num[0]$_SDFF_PN0_/Q	systolic.is_reset_1[47]$_SDFF_PN0_/D
61	0.4362	systolic_controll.matrix_index[I]	systolic_controll.tpu_done	systolic_controll.matrix_index[1]$_SDFF_PP0_/Q	systolic_controll.tpu_done$_SDFF_PN0_/D
62	0.4491	addr_sel.sram_raddr_wI[J]	sram_raddr_wI[J]	addr_sel.sram_raddr_w0[0]$_SDFF_PN1_/Q	sram_raddr_w0[0]
63	0.4515	systolic_controll.cycle_num[I]	systolic_controll.data_set[I]	systolic_controll.cycle_num[1]$_SDFF_PN0_/Q	systolic_controll.data_set[0]$_SDFFE_PN0P_/D
64	0.4518	systolic.mul_outcome[I]	write_out.qd_pI[J]	systolic.mul_outcome[135]$_SDFF_PN0_/Q	write_out.qd_p1[111]$_SDFF_PP0_/D
65	0.4640	write_out.src_b_pI[J][K]	write_out.sram_wdata_b[I]	write_out.src_b_p1[4][0]$_SDFF_PN0_/Q	write_out.sram_wdata_b[117]$_SDFF_PN0_/D
66	0.4657	addr_sel.sram_raddr_wI[J]	sram_raddr_dI[J]	addr_sel.sram_raddr_w0[0]$_SDFF_PN1_/Q	sram_raddr_d0[0]
67	0.4666	systolic_controll.addr_serial_num[I]	addr_sel.sram_raddr_wI[J]	systolic_controll.addr_serial_num[5]$_SDFFE_PN0P_/Q	addr_sel.sram_raddr_w1[5]$_SDFF_PN1_/D
68	0.4673	write_out.src_a_pI[J][K]	write_out.sram_wdata_a[I]	write_out.src_a_p1[7][1]$_SDFF_PN0_/Q	write_out.sram_wdata_a[0]$_SDFF_PN0_/D
69	0.4677	systolic.is_accum_reg[I]	systolic.matrix_mul_ID[J][K]	systolic.is_accum_reg[15]$_SDFF_PN0_/Q	systolic.matrix_mul_2D[50][10]$_SDFFE_PN0P_/D
70	0.4679	write_out.sram_waddr_a[I]	sram_waddr_a[I]	write_out.sram_waddr_a[0]$_SDFF_PN0_/Q	sram_waddr_a[0]
71	0.4679	write_out.sram_waddr_b[I]	sram_waddr_b[I]	write_out.sram_waddr_b[0]$_SDFF_PN0_/Q	sram_waddr_b[0]
72	0.4679	write_out.sram_waddr_c[I]	sram_waddr_c[I]	write_out.sram_waddr_c[0]$_SDFF_PN0_/Q	sram_waddr_c[0]
73	0.4679	write_out.sram_wdata_a[I]	sram_wdata_a[I]	write_out.sram_wdata_a[0]$_SDFF_PN0_/Q	sram_wdata_a[0]
74	0.4679	write_out.sram_wdata_b[I]	sram_wdata_b[I]	write_out.sram_wdata_b[0]$_SDFF_PN0_/Q	sram_wdata_b[0]
75	0.4679	write_out.sram_wdata_c[I]	sram_wdata_c[I]	write_out.sram_wdata_c[0]$_SDFF_PN0_/Q	sram_wdata_c[0]
76	0.4679	write_out.sram_write_enable_aI	sram_write_enable_aI	write_out.sram_write_enable_a0$_SDFF_PN1_/Q	sram_write_enable_a0
77	0.4679	write_out.sram_write_enable_bI	sram_write_enable_bI	write_out.sram_write_enable_b0$_SDFF_PN1_/Q	sram_write_enable_b0
78	0.4679	write_out.sram_write_enable_cI	sram_write_enable_cI	write_out.sram_write_enable_c0$_SDFF_PN1_/Q	sram_write_enable_c0
79	0.4679	tpu_done	tpu_done	tpu_done$_SDFF_PN0_/Q	tpu_done
80	0.4681	tpu_start	systolic_controll.state[I]	tpu_start	systolic_controll.state[0]$_DFF_P_/D
81	0.4769	systolic_controll.cycle_num[I]	systolic_controll.cycle_num[I]	systolic_controll.cycle_num[1]$_SDFF_PN0_/Q	systolic_controll.cycle_num[8]$_SDFF_PN0_/D
82	0.4782	matrix_index_d[I]	write_out.src_b_pI[J][K]	matrix_index_d[4]$_SDFF_PN0_/QN	write_out.src_b_p1[7][2]$_SDFF_PN0_/D
83	0.4805	sram_rdata_dI[J]	systolic.data_queue[I][J]	sram_rdata_d0[29]	systolic.data_queue[0][5]$_SDFFE_PN0P_/D
84	0.4805	sram_rdata_wI[J]	systolic.weight_queue[I][J]	sram_rdata_w0[24]	systolic.weight_queue[0][0]$_SDFFE_PN0P_/D
85	0.4846	matrix_index_d[I]	write_out.en_c_pI[J]	matrix_index_d[4]$_SDFF_PN0_/QN	write_out.en_c_p1[1]$_SDFF_PN0_/D
86	0.4846	matrix_index_d[I]	write_out.en_a_pI[J]	matrix_index_d[4]$_SDFF_PN0_/QN	write_out.en_a_p1[1]$_SDFF_PN0_/D
87	0.4911	systolic_controll.addr_serial_num[I]	systolic_controll.addr_serial_num[I]	systolic_controll.addr_serial_num[1]$_SDFFE_PN0P_/Q	systolic_controll.addr_serial_num[5]$_SDFFE_PN0P_/D
88	0.4957	matrix_index_d[I]	write_out.src_a_pI[J][K]	matrix_index_d[4]$_SDFF_PN0_/QN	write_out.src_a_p1[4][0]$_SDFF_PN0_/D
89	0.4957	matrix_index_d[I]	write_out.src_c_pI[J][K]	matrix_index_d[4]$_SDFF_PN0_/QN	write_out.src_c_p1[4][0]$_SDFF_PN0_/D
90	0.4987	systolic.is_reset_reg[I]	systolic.matrix_mul_ID[J][K]	systolic.is_reset_reg[15]$_SDFF_PN0_/Q	systolic.matrix_mul_2D[15][2]$_SDFFE_PN0P_/D
91	0.5025	systolic.matrix_mul_ID[J][K]	systolic.mul_outcome[I]	systolic.matrix_mul_2D[1][20]$_SDFFE_PN0P_/Q	systolic.mul_outcome[20]$_SDFF_PN0_/D
92	0.5036	systolic_controll.cycle_num[I]	systolic_controll.matrix_index[I]	systolic_controll.cycle_num[1]$_SDFF_PN0_/Q	systolic_controll.matrix_index[2]$_SDFF_PP0_/D
93	0.5094	data_set_d[I]	write_out.waddr_c_pI[J]	data_set_d[1]$_SDFF_PN0_/Q	write_out.waddr_c_p1[1]$_SDFF_PN0_/D
94	0.5099	data_set_d[I]	_I_	data_set_d[1]$_SDFF_PN0_/Q	_103427_/D
95	0.5129	data_set_d[I]	write_out.src_b_pI[J][K]	data_set_d[1]$_SDFF_PN0_/Q	write_out.src_b_p1[4][0]$_SDFF_PN0_/D
96	0.5137	data_set_d[I]	write_out.en_c_pI[J]	data_set_d[1]$_SDFF_PN0_/Q	write_out.en_c_p1[1]$_SDFF_PN0_/D
97	0.5237	systolic_controll.cycle_num[I]	sram_write_enable_d	systolic_controll.cycle_num[1]$_SDFF_PN0_/Q	sram_write_enable_d$_SDFF_PN0_/D
98	0.5253	data_set_d[I]	write_out.src_c_pI[J][K]	data_set_d[1]$_SDFF_PN0_/Q	write_out.src_c_p1[4][0]$_SDFF_PN0_/D
99	0.5269	data_set_d[I]	write_out.we_c_pI	data_set_d[1]$_SDFF_PN0_/Q	write_out.we_c_p1$_SDFF_PN1_/D
100	0.5272	sram_write_enable_d	write_out.waddr_c_pI[J]	sram_write_enable_d$_SDFF_PN0_/Q	write_out.waddr_c_p1[1]$_SDFF_PN0_/D
