# stage	6_final
# top_module	sha512
# top_n	100
# kind	blocks
# include_full	1
# rank	worst_slack_ns	start	end	start_full	end_full
1	-0.2660	address[I]	read_data[I]	address[0]	read_data[18]
2	-0.2214	core.w_mem_inst.w_mem[I][J]	core.a_reg[I]	core.w_mem_inst.w_mem[14][20]$_DFFE_PN0P_/Q	core.a_reg[52]$_DFFE_PN0P_/D
3	-0.2185	core.w_mem_inst.w_mem[I][J]	core.e_reg[I]	core.w_mem_inst.w_mem[14][20]$_DFFE_PN0P_/Q	core.e_reg[62]$_DFFE_PN0P_/D
4	-0.1451	core.e_reg[I]	core.a_reg[I]	core.e_reg[43]$_DFFE_PN0P_/Q	core.a_reg[59]$_DFFE_PN0P_/D
5	-0.1316	core.e_reg[I]	core.e_reg[I]	core.e_reg[43]$_DFFE_PN0P_/Q	core.e_reg[56]$_DFFE_PN0P_/D
6	-0.1133	core.f_reg[I]	core.a_reg[I]	core.f_reg[10]$_DFFE_PN0P_/Q	core.a_reg[59]$_DFFE_PN0P_/D
7	-0.1034	core.g_reg[I]	core.a_reg[I]	core.g_reg[1]$_DFFE_PN0P_/Q	core.a_reg[59]$_DFFE_PN0P_/D
8	-0.1020	core.f_reg[I]	core.e_reg[I]	core.f_reg[10]$_DFFE_PN0P_/Q	core.e_reg[63]$_DFFE_PN0P_/D
9	-0.0921	core.g_reg[I]	core.e_reg[I]	core.g_reg[1]$_DFFE_PN0P_/Q	core.e_reg[63]$_DFFE_PN0P_/D
10	-0.0513	core.k_data_reg[I]	core.a_reg[I]	core.k_data_reg[10]$_DFF_PN0_/Q	core.a_reg[59]$_DFFE_PN0P_/D
11	-0.0400	core.k_data_reg[I]	core.e_reg[I]	core.k_data_reg[10]$_DFF_PN0_/Q	core.e_reg[63]$_DFFE_PN0P_/D
12	-0.0041	address[I]	error	address[4]	error
13	0.0158	we	read_data[I]	we	read_data[18]
14	0.0282	core.w_mem_inst.w_ctr_reg[I]	core.a_reg[I]	core.w_mem_inst.w_ctr_reg[3]$_DFFE_PN0P_/Q	core.a_reg[44]$_DFFE_PN0P_/D
15	0.0339	cs	read_data[I]	cs	read_data[18]
16	0.0650	core.h_reg[I]	core.a_reg[I]	core.h_reg[1]$_DFFE_PN0P_/Q	core.a_reg[59]$_DFFE_PN0P_/D
17	0.0763	core.h_reg[I]	core.e_reg[I]	core.h_reg[1]$_DFFE_PN0P_/Q	core.e_reg[63]$_DFFE_PN0P_/D
18	0.0860	core.w_mem_inst.w_ctr_reg[I]	core.e_reg[I]	core.w_mem_inst.w_ctr_reg[3]$_DFFE_PN0P_/Q	core.e_reg[63]$_DFFE_PN0P_/D
19	0.1298	we	error	we	error
20	0.1529	cs	error	cs	error
21	0.1945	block_reg[I][J]	read_data[I]	block_reg[5][18]$_DFFE_PN0P_/Q	read_data[18]
22	0.2062	digest_reg[I]	read_data[I]	digest_reg[429]$_DFFE_PN0P_/Q	read_data[13]
23	0.3659	work_factor_num_reg[I]	read_data[I]	work_factor_num_reg[1]$_DFFE_PN0P_/Q	read_data[1]
24	0.3675	next_reg	read_data[I]	next_reg$_DFF_PN0_/Q	read_data[1]
25	0.3914	mode_reg[I]	read_data[I]	mode_reg[1]$_DFFE_PN1P_/Q	read_data[3]
26	0.4091	core.w_mem_inst.w_mem[I][J]	core.w_mem_inst.w_mem[I][J]	core.w_mem_inst.w_mem[14][20]$_DFFE_PN0P_/Q	core.w_mem_inst.w_mem[15][57]$_DFFE_PN0P_/D
27	0.4099	address[I]	block_reg[I][J]	address[0]	block_reg[7][16]$_DFFE_PN0P_/D
28	0.4258	digest_valid_reg	read_data[I]	digest_valid_reg$_DFF_PN0_/Q	read_data[1]
29	0.4291	ready_reg	read_data[I]	ready_reg$_DFF_PN0_/Q	read_data[0]
30	0.4364	init_reg	read_data[I]	init_reg$_DFF_PN0_/Q	read_data[0]
31	0.4406	work_factor_reg	read_data[I]	work_factor_reg$_DFFE_PN0P_/Q	read_data[7]
32	0.4675	core.a_reg[I]	core.a_reg[I]	core.a_reg[41]$_DFFE_PN0P_/Q	core.a_reg[44]$_DFFE_PN0P_/D
33	0.5479	core.e_reg[I]	core.HI_reg[J]	core.e_reg[0]$_DFFE_PN0P_/Q	core.H4_reg[60]$_DFFE_PN0P_/D
34	0.5553	core.c_reg[I]	core.a_reg[I]	core.c_reg[38]$_DFFE_PN0P_/Q	core.a_reg[52]$_DFFE_PN0P_/D
35	0.5604	core.work_factor_ctr_reg[I]	core.w_mem_inst.w_mem[I][J]	core.work_factor_ctr_reg[13]$_DFFE_PN0P_/Q	core.w_mem_inst.w_mem[13][55]$_DFFE_PN0P_/D
36	0.5615	core.b_reg[I]	core.a_reg[I]	core.b_reg[38]$_DFFE_PN0P_/Q	core.a_reg[52]$_DFFE_PN0P_/D
37	0.5819	core.work_factor_ctr_reg[I]	core.h_reg[I]	core.work_factor_ctr_reg[13]$_DFFE_PN0P_/Q	core.h_reg[24]$_DFFE_PN0P_/D
38	0.5822	core.work_factor_ctr_reg[I]	core.f_reg[I]	core.work_factor_ctr_reg[13]$_DFFE_PN0P_/Q	core.f_reg[42]$_DFFE_PN0P_/D
39	0.5847	core.work_factor_ctr_reg[I]	core.g_reg[I]	core.work_factor_ctr_reg[25]$_DFFE_PN0P_/Q	core.g_reg[12]$_DFFE_PN0P_/D
40	0.5850	core.work_factor_ctr_reg[I]	core.e_reg[I]	core.work_factor_ctr_reg[13]$_DFFE_PN0P_/Q	core.e_reg[12]$_DFFE_PN0P_/D
41	0.5947	work_factor_num_reg[I]	core.h_reg[I]	work_factor_num_reg[0]$_DFFE_PN0P_/Q	core.h_reg[24]$_DFFE_PN0P_/D
42	0.5950	work_factor_num_reg[I]	core.f_reg[I]	work_factor_num_reg[0]$_DFFE_PN0P_/Q	core.f_reg[42]$_DFFE_PN0P_/D
43	0.6029	work_factor_num_reg[I]	core.w_mem_inst.w_mem[I][J]	work_factor_num_reg[14]$_DFFE_PN0P_/QN	core.w_mem_inst.w_mem[13][55]$_DFFE_PN0P_/D
44	0.6046	work_factor_num_reg[I]	core.g_reg[I]	work_factor_num_reg[25]$_DFFE_PN0P_/QN	core.g_reg[12]$_DFFE_PN0P_/D
45	0.6075	work_factor_num_reg[I]	core.e_reg[I]	work_factor_num_reg[0]$_DFFE_PN0P_/Q	core.e_reg[32]$_DFFE_PN0P_/D
46	0.6089	core.work_factor_ctr_reg[I]	core.c_reg[I]	core.work_factor_ctr_reg[13]$_DFFE_PN0P_/Q	core.c_reg[47]$_DFFE_PN0P_/D
47	0.6102	core.work_factor_ctr_reg[I]	core.d_reg[I]	core.work_factor_ctr_reg[13]$_DFFE_PN0P_/Q	core.d_reg[18]$_DFFE_PN0P_/D
48	0.6110	core.work_factor_ctr_reg[I]	core.HI_reg[J]	core.work_factor_ctr_reg[25]$_DFFE_PN0P_/Q	core.H0_reg[5]$_DFFE_PN0P_/D
49	0.6112	core.work_factor_ctr_reg[I]	core.a_reg[I]	core.work_factor_ctr_reg[13]$_DFFE_PN0P_/Q	core.a_reg[4]$_DFFE_PN0P_/D
50	0.6172	core.work_factor_ctr_reg[I]	core.b_reg[I]	core.work_factor_ctr_reg[13]$_DFFE_PN0P_/Q	core.b_reg[16]$_DFFE_PN0P_/D
51	0.6217	work_factor_num_reg[I]	core.c_reg[I]	work_factor_num_reg[0]$_DFFE_PN0P_/Q	core.c_reg[47]$_DFFE_PN0P_/D
52	0.6230	work_factor_num_reg[I]	core.d_reg[I]	work_factor_num_reg[0]$_DFFE_PN0P_/Q	core.d_reg[18]$_DFFE_PN0P_/D
53	0.6300	work_factor_num_reg[I]	core.b_reg[I]	work_factor_num_reg[0]$_DFFE_PN0P_/Q	core.b_reg[16]$_DFFE_PN0P_/D
54	0.6310	work_factor_num_reg[I]	core.HI_reg[J]	work_factor_num_reg[25]$_DFFE_PN0P_/QN	core.H0_reg[5]$_DFFE_PN0P_/D
55	0.6310	work_factor_num_reg[I]	core.a_reg[I]	work_factor_num_reg[0]$_DFFE_PN0P_/Q	core.a_reg[16]$_DFFE_PN0P_/D
56	0.6476	address[I]	work_factor_num_reg[I]	address[4]	work_factor_num_reg[21]$_DFFE_PN0P_/D
57	0.6752	core.a_reg[I]	core.HI_reg[J]	core.a_reg[3]$_DFFE_PN0P_/Q	core.H0_reg[63]$_DFFE_PN0P_/D
58	0.6785	core.HI_reg[J]	core.HI_reg[J]	core.H1_reg[23]$_DFFE_PN0P_/Q	core.H1_reg[51]$_DFFE_PN0P_/D
59	0.6836	core.f_reg[I]	core.HI_reg[J]	core.f_reg[18]$_DFFE_PN0P_/Q	core.H5_reg[63]$_DFFE_PN0P_/D
60	0.6868	core.d_reg[I]	core.e_reg[I]	core.d_reg[1]$_DFFE_PN0P_/Q	core.e_reg[63]$_DFFE_PN0P_/D
61	0.6875	core.b_reg[I]	core.HI_reg[J]	core.b_reg[0]$_DFFE_PN0P_/Q	core.H1_reg[58]$_DFFE_PN0P_/D
62	0.6896	core.work_factor_ctr_reg[I]	core.digest_valid_reg	core.work_factor_ctr_reg[25]$_DFFE_PN0P_/Q	core.digest_valid_reg$_DFFE_PN0P_/D
63	0.6944	core.g_reg[I]	core.HI_reg[J]	core.g_reg[16]$_DFFE_PN0P_/Q	core.H6_reg[63]$_DFFE_PN0P_/D
64	0.7095	work_factor_num_reg[I]	core.digest_valid_reg	work_factor_num_reg[25]$_DFFE_PN0P_/QN	core.digest_valid_reg$_DFFE_PN0P_/D
65	0.7136	core.h_reg[I]	core.HI_reg[J]	core.h_reg[35]$_DFFE_PN0P_/Q	core.H7_reg[63]$_DFFE_PN0P_/D
66	0.7144	core.round_ctr_reg[I]	core.k_data_reg[I]	core.round_ctr_reg[2]$_DFFE_PN0P_/Q	core.k_data_reg[5]$_DFF_PN0_/D
67	0.7260	core.work_factor_ctr_reg[I]	core.round_ctr_reg[I]	core.work_factor_ctr_reg[13]$_DFFE_PN0P_/Q	core.round_ctr_reg[3]$_DFFE_PN0P_/D
68	0.7311	core.shaI_ctrl_reg[J]	core.b_reg[I]	core.sha512_ctrl_reg[2]$_DFF_PN0_/Q	core.b_reg[8]$_DFFE_PN0P_/D
69	0.7329	core.shaI_ctrl_reg[J]	core.a_reg[I]	core.sha512_ctrl_reg[2]$_DFF_PN0_/Q	core.a_reg[3]$_DFFE_PN0P_/D
70	0.7383	we	block_reg[I][J]	we	block_reg[7][16]$_DFFE_PN0P_/D
71	0.7395	work_factor_reg	core.h_reg[I]	work_factor_reg$_DFFE_PN0P_/Q	core.h_reg[24]$_DFFE_PN0P_/D
72	0.7398	work_factor_reg	core.f_reg[I]	work_factor_reg$_DFFE_PN0P_/Q	core.f_reg[42]$_DFFE_PN0P_/D
73	0.7411	cs	block_reg[I][J]	cs	block_reg[7][16]$_DFFE_PN0P_/D
74	0.7478	core.shaI_ctrl_reg[J]	core.c_reg[I]	core.sha512_ctrl_reg[2]$_DFF_PN0_/Q	core.c_reg[6]$_DFFE_PN0P_/D
75	0.7502	core.c_reg[I]	core.HI_reg[J]	core.c_reg[20]$_DFFE_PN0P_/Q	core.H2_reg[61]$_DFFE_PN0P_/D
76	0.7523	work_factor_reg	core.e_reg[I]	work_factor_reg$_DFFE_PN0P_/Q	core.e_reg[32]$_DFFE_PN0P_/D
77	0.7537	core.d_reg[I]	core.HI_reg[J]	core.d_reg[0]$_DFFE_PN0P_/Q	core.H3_reg[56]$_DFFE_PN0P_/D
78	0.7550	core.w_mem_inst.w_ctr_reg[I]	core.w_mem_inst.w_mem[I][J]	core.w_mem_inst.w_ctr_reg[5]$_DFFE_PN0P_/Q	core.w_mem_inst.w_mem[1][24]$_DFFE_PN0P_/D
79	0.7606	work_factor_reg	core.g_reg[I]	work_factor_reg$_DFFE_PN0P_/Q	core.g_reg[4]$_DFFE_PN0P_/D
80	0.7636	core.work_factor_ctr_reg[I]	core.w_mem_inst.w_ctr_reg[I]	core.work_factor_ctr_reg[25]$_DFFE_PN0P_/Q	core.w_mem_inst.w_ctr_reg[6]$_DFFE_PN0P_/D
81	0.7665	work_factor_reg	core.c_reg[I]	work_factor_reg$_DFFE_PN0P_/Q	core.c_reg[47]$_DFFE_PN0P_/D
82	0.7678	work_factor_reg	core.d_reg[I]	work_factor_reg$_DFFE_PN0P_/Q	core.d_reg[18]$_DFFE_PN0P_/D
83	0.7686	work_factor_num_reg[I]	core.round_ctr_reg[I]	work_factor_num_reg[14]$_DFFE_PN0P_/QN	core.round_ctr_reg[3]$_DFFE_PN0P_/D
84	0.7748	work_factor_reg	core.b_reg[I]	work_factor_reg$_DFFE_PN0P_/Q	core.b_reg[16]$_DFFE_PN0P_/D
85	0.7758	work_factor_reg	core.a_reg[I]	work_factor_reg$_DFFE_PN0P_/Q	core.a_reg[16]$_DFFE_PN0P_/D
86	0.7777	init_reg	core.a_reg[I]	init_reg$_DFF_PN0_/Q	core.a_reg[8]$_DFFE_PN0P_/D
87	0.7781	init_reg	core.b_reg[I]	init_reg$_DFF_PN0_/Q	core.b_reg[9]$_DFFE_PN0P_/D
88	0.7836	work_factor_num_reg[I]	core.w_mem_inst.w_ctr_reg[I]	work_factor_num_reg[25]$_DFFE_PN0P_/QN	core.w_mem_inst.w_ctr_reg[6]$_DFFE_PN0P_/D
89	0.7868	core.shaI_ctrl_reg[J]	core.e_reg[I]	core.sha512_ctrl_reg[2]$_DFF_PN0_/Q	core.e_reg[0]$_DFFE_PN0P_/D
90	0.7915	core.shaI_ctrl_reg[J]	core.h_reg[I]	core.sha512_ctrl_reg[2]$_DFF_PN0_/Q	core.h_reg[0]$_DFFE_PN0P_/D
91	0.8037	address[I]	work_factor_reg	address[4]	work_factor_reg$_DFFE_PN0P_/D
92	0.8062	core.shaI_ctrl_reg[J]	core.f_reg[I]	core.sha512_ctrl_reg[2]$_DFF_PN0_/Q	core.f_reg[0]$_DFFE_PN0P_/D
93	0.8066	core.shaI_ctrl_reg[J]	core.g_reg[I]	core.sha512_ctrl_reg[2]$_DFF_PN0_/Q	core.g_reg[0]$_DFFE_PN0P_/D
94	0.8132	address[I]	mode_reg[I]	address[4]	mode_reg[1]$_DFFE_PN1P_/D
95	0.8234	core.shaI_ctrl_reg[J]	core.HI_reg[J]	core.sha512_ctrl_reg[0]$_DFF_PN1_/Q	core.H0_reg[13]$_DFFE_PN0P_/D
96	0.8242	work_factor_reg	core.w_mem_inst.w_mem[I][J]	work_factor_reg$_DFFE_PN0P_/Q	core.w_mem_inst.w_mem[13][55]$_DFFE_PN0P_/D
97	0.8258	work_factor_reg	core.HI_reg[J]	work_factor_reg$_DFFE_PN0P_/Q	core.H0_reg[5]$_DFFE_PN0P_/D
98	0.8321	init_reg	core.c_reg[I]	init_reg$_DFF_PN0_/Q	core.c_reg[21]$_DFFE_PN0P_/D
99	0.8338	init_reg	core.HI_reg[J]	init_reg$_DFF_PN0_/Q	core.H0_reg[13]$_DFFE_PN0P_/D
100	0.8348	address[I]	next_reg	address[4]	next_reg$_DFF_PN0_/D
