# stage	6_final
# top_module	viterbi_core
# top_n	100
# kind	blocks
# include_full	1
# rank	worst_slack_ns	start	end	start_full	end_full
1	-0.5309	acs_inst_I.pm_r[J]	pm_normalize_inst.max_r[I]	acs_inst_25.pm_r[7]$_DFF_PN0_/Q	pm_normalize_inst.max_r[1]$_DFFE_PN0P_/D
2	0.1513	src_rdata_i[I]	bmu_inst_I.bm_r[J]	src_rdata_i[16]	bmu_inst_32.bm_r[8]$_DFF_PN0_/D
3	0.2949	register_num_i[I]	acs_inst_I.pm_r[J]	register_num_i[1]	acs_inst_2.pm_r[7]$_DFF_PN0_/D
4	0.3321	register_num_i[I]	acs_inst_I.survivor_path_r	register_num_i[1]	acs_inst_47.survivor_path_r$_DFF_PN0_/D
5	0.4795	acs_inst_I.valid_r	tb_addr_o[I]	acs_inst_0.valid_r$_DFF_PN0_/Q	tb_addr_o[2]
6	0.5231	register_num_i[I]	bmu_inst_I.low_codeword_tmp[J]	register_num_i[1]	bmu_inst_29.low_codeword_tmp[4]$_DFFE_PN0P_/D
7	0.6346	rst_sync_i	pm_normalize_inst.pm_pipe_r[I][J]	rst_sync_i	pm_normalize_inst.pm_pipe_r[3][7]$_DFFE_PN0P_/D
8	0.6362	acs_inst_I.valid_r	tb_wr_o	acs_inst_0.valid_r$_DFF_PN0_/Q	tb_wr_o
9	0.6384	rst_sync_i	bmu_inst_I.low_codeword_tmp[J]	rst_sync_i	bmu_inst_56.low_codeword_tmp[0]$_DFFE_PN0P_/D
10	0.6401	tb_wr_addr_r[I]	tb_addr_o[I]	tb_wr_addr_r[1]$_DFFE_PN0P_/Q	tb_addr_o[1]
11	0.6595	rst_sync_i	fetch_src_cnt_r[I]	rst_sync_i	fetch_src_cnt_r[11]$_DFFE_PN0P_/D
12	0.6657	valid_polynomials_i[I]	bmu_inst_I.bm_r[J]	valid_polynomials_i[1]	bmu_inst_40.bm_r[1]$_DFF_PN0_/D
13	0.6668	frame_start_i	fetch_src_cnt_r[I]	frame_start_i	fetch_src_cnt_r[11]$_DFFE_PN0P_/D
14	0.6703	valid_polynomials_i[I]	bmu_inst_I.low_codeword[J]	valid_polynomials_i[0]	bmu_inst_57.low_codeword[3]$_DFFE_PN0P_/D
15	0.6749	src_rd_r	src_rd_o	src_rd_r$_DFFE_PN0P_/Q	src_rd_o
16	0.6807	traceback_ins.tb_addr_r[I]	tb_addr_o[I]	traceback_ins.tb_addr_r[1]$_DFFE_PN0P_/Q	tb_addr_o[1]
17	0.6812	register_num_i[I]	pm_normalize_inst.pm_update_en_pipe_r[I]	register_num_i[1]	pm_normalize_inst.pm_update_en_pipe_r[31]$_DFFE_PN0P_/D
18	0.6859	src_addr_r[I]	src_addr_o[I]	src_addr_r[2]$_DFFE_PN0P_/Q	src_addr_o[2]
19	0.6880	dst_wr_r	dst_wr_o	dst_wr_r$_DFF_PN0_/Q	dst_wr_o
20	0.6946	register_num_i[I]	pm_normalize_inst.max_r[I]	register_num_i[1]	pm_normalize_inst.max_r[0]$_DFFE_PN0P_/D
21	0.6956	frame_start_i	dst_addr_r[I]	frame_start_i	dst_addr_r[8]$_DFFE_PN0P_/D
22	0.7012	acs_inst_I.survivor_path_r	tb_wdata_o[I]	acs_inst_9.survivor_path_r$_DFF_PN0_/Q	tb_wdata_o[9]
23	0.7067	dst_addr_r[I]	dst_addr_o[I]	dst_addr_r[2]$_DFFE_PN0P_/Q	dst_addr_o[2]
24	0.7090	frame_start_i	pm_normalize_inst.pm_nom_r[I][J]	frame_start_i	pm_normalize_inst.pm_nom_r[59][6]$_DFFE_PN0P_/D
25	0.7234	rst_sync_i	acs_inst_I.pm_r[J]	rst_sync_i	acs_inst_54.pm_r[5]$_DFF_PN0_/D
26	0.7241	frame_done_r	frame_done_o	frame_done_r$_DFFE_PN0P_/Q	frame_done_o
27	0.7242	bmu_inst_I.bm_r[J]	acs_inst_I.pm_r[J]	bmu_inst_63.bm_r[0]$_DFF_PN0_/Q	acs_inst_44.pm_r[8]$_DFF_PN0_/D
28	0.7258	busy_r	busy_o	busy_r$_DFFE_PN0P_/Q	busy_o
29	0.7341	frame_start_i	src_addr_r[I]	frame_start_i	src_addr_r[7]$_DFFE_PN0P_/D
30	0.7347	traceback_ins.tb_rd_r	tb_rd_o	traceback_ins.tb_rd_r$_DFF_PN0_/Q	tb_rd_o
31	0.7359	bmu_inst_I.low_codeword[J]	bmu_inst_I.bm_r[J]	bmu_inst_28.low_codeword[5]$_DFFE_PN0P_/Q	bmu_inst_28.bm_r[8]$_DFF_PN0_/D
32	0.7386	rst_sync_i	bmu_inst_I.bm_r[J]	rst_sync_i	bmu_inst_9.bm_r[1]$_DFF_PN0_/D
33	0.7461	register_num_i[I]	acs_en_r[I]	register_num_i[1]	acs_en_r[15]$_DFFE_PN0P_/D
34	0.7476	bmu_inst_I.bm_r[J]	acs_inst_I.survivor_path_r	bmu_inst_63.bm_r[0]$_DFF_PN0_/Q	acs_inst_53.survivor_path_r$_DFF_PN0_/D
35	0.7491	frame_start_i	trellis_idx_r[I]	frame_start_i	trellis_idx_r[11]$_DFFE_PN0P_/D
36	0.7494	rst_sync_i	acs_inst_I.survivor_path_r	rst_sync_i	acs_inst_32.survivor_path_r$_DFF_PN0_/D
37	0.7495	polynomialI_i[J]	bmu_inst_I.low_codeword_tmp[J]	polynomial6_i[0]	bmu_inst_63.low_codeword_tmp[5]$_DFFE_PN0P_/D
38	0.7625	rst_sync_i	pm_normalize_inst.pm_nom_r[I][J]	rst_sync_i	pm_normalize_inst.pm_nom_r[59][6]$_DFFE_PN0P_/D
39	0.7678	rst_sync_i	bmu_inst_I.low_codeword[J]	rst_sync_i	bmu_inst_57.low_codeword[2]$_DFFE_PN0P_/D
40	0.7762	rst_sync_i	src_len_counter_r[I]	rst_sync_i	src_len_counter_r[6]$_DFFE_PN0P_/D
41	0.7966	rst_sync_i	trellis_idx_r[I]	rst_sync_i	trellis_idx_r[10]$_DFFE_PN0P_/D
42	0.7990	infobit_length_i[I]	src_addr_r[I]	infobit_length_i[0]	src_addr_r[7]$_DFFE_PN0P_/D
43	0.8067	rst_sync_i	src_addr_r[I]	rst_sync_i	src_addr_r[7]$_DFFE_PN0P_/D
44	0.8081	rst_sync_i	pm_normalize_inst.max_r[I]	rst_sync_i	pm_normalize_inst.max_r[8]$_DFFE_PN0P_/D
45	0.8169	frame_start_i	src_len_counter_r[I]	frame_start_i	src_len_counter_r[6]$_DFFE_PN0P_/D
46	0.8179	pm_normalize_inst.pm_nom_r[I][J]	acs_inst_I.pm_r[J]	pm_normalize_inst.pm_nom_r[20][1]$_DFFE_PN0P_/Q	acs_inst_33.pm_r[7]$_DFF_PN0_/D
47	0.8188	frame_start_i	src_rd_r	frame_start_i	src_rd_r$_DFFE_PN0P_/D
48	0.8275	tail_biting_en_i	pm_normalize_inst.pm_nom_r[I][J]	tail_biting_en_i	pm_normalize_inst.pm_nom_r[18][7]$_DFFE_PN0P_/D
49	0.8431	pm_normalize_inst.pm_nom_r[I][J]	acs_inst_I.survivor_path_r	pm_normalize_inst.pm_nom_r[20][1]$_DFFE_PN0P_/Q	acs_inst_33.survivor_path_r$_DFF_PN0_/D
50	0.8666	rst_sync_i	pm_normalize_inst.pm_update_en_pipe_r[I]	rst_sync_i	pm_normalize_inst.pm_update_en_pipe_r[7]$_DFFE_PN0P_/D
51	0.8776	rst_sync_i	dst_addr_r[I]	rst_sync_i	dst_addr_r[4]$_DFFE_PN0P_/D
52	0.8815	frame_start_i	acs_en_r[I]	frame_start_i	acs_en_r[31]$_DFFE_PN0P_/D
53	0.8826	frame_start_i	busy_r	frame_start_i	busy_r$_DFFE_PN0P_/D
54	0.8868	pm_normalize_inst.max_r[I]	pm_normalize_inst.pm_nom_r[I][J]	pm_normalize_inst.max_r[0]$_DFFE_PN0P_/Q	pm_normalize_inst.pm_nom_r[2][6]$_DFFE_PN0P_/D
55	0.9077	rst_sync_i	state_r[I]	rst_sync_i	state_r[0]$_DFF_PN1_/D
56	0.9124	infobit_length_i[I]	src_len_counter_r[I]	infobit_length_i[0]	src_len_counter_r[10]$_DFFE_PN0P_/D
57	0.9169	rst_sync_i	tb_len_r[I]	rst_sync_i	tb_len_r[6]$_DFFE_PN0P_/D
58	0.9192	frame_start_i	byte_idx_r[I]	frame_start_i	byte_idx_r[0]$_DFF_PN0_/D
59	0.9249	frame_start_i	bmu_inst_I.calc_polyn_en	frame_start_i	bmu_inst_41.calc_polyn_en$_DFF_PN0_/D
60	0.9474	frame_start_i	state_r[I]	frame_start_i	state_r[0]$_DFF_PN1_/D
61	0.9509	frame_start_i	dst_wr_r	frame_start_i	dst_wr_r$_DFF_PN0_/D
62	0.9524	rst_sync_i	src_rd_r	rst_sync_i	src_rd_r$_DFFE_PN0P_/D
63	0.9531	rst_sync_i	frame_done_r	rst_sync_i	frame_done_r$_DFFE_PN0P_/D
64	0.9576	frame_start_i	tb_len_r[I]	frame_start_i	tb_len_r[6]$_DFFE_PN0P_/D
65	0.9614	rst_sync_i	pm_normalize_inst.en_i_r	rst_sync_i	pm_normalize_inst.en_i_r$_DFF_PN0_/D
66	0.9685	rst_sync_i	last_loop_r	rst_sync_i	last_loop_r$_DFFE_PN0P_/D
67	0.9690	frame_start_i	half_tb_start_r	frame_start_i	half_tb_start_r$_DFFE_PN0P_/D
68	0.9690	frame_start_i	bmu_inst_I.ready_r	frame_start_i	bmu_inst_0.ready_r$_DFFE_PN0P_/D
69	0.9690	frame_start_i	full_tb_start_r	frame_start_i	full_tb_start_r$_DFFE_PN0P_/D
70	0.9693	frame_start_i	first_loop_r	frame_start_i	first_loop_r$_DFFE_PN0P_/D
71	0.9701	bmu_inst_I.calc_polyn_en	bmu_inst_I.low_codeword_tmp[J]	bmu_inst_41.calc_polyn_en$_DFF_PN0_/Q	bmu_inst_10.low_codeword_tmp[0]$_DFFE_PN0P_/D
72	0.9704	frame_start_i	flush_all_start_r	frame_start_i	flush_all_start_r$_DFFE_PN0P_/D
73	0.9727	rst_sync_i	byte_idx_r[I]	rst_sync_i	byte_idx_r[0]$_DFF_PN0_/D
74	0.9742	frame_start_i	frame_done_r	frame_start_i	frame_done_r$_DFFE_PN0P_/D
75	0.9746	rst_sync_i	tb_wr_addr_r[I]	rst_sync_i	tb_wr_addr_r[4]$_DFFE_PN0P_/D
76	0.9833	rst_an_i	bmu_inst_I.low_codeword[J]	rst_an_i	bmu_inst_41.low_codeword[0]$_DFFE_PN0P_/RN
77	0.9843	rst_an_i	bmu_inst_I.low_codeword_tmp[J]	rst_an_i	bmu_inst_32.low_codeword_tmp[0]$_DFFE_PN0P_/RN
78	0.9861	rst_an_i	bmu_inst_I.bm_r[J]	rst_an_i	bmu_inst_32.bm_r[8]$_DFF_PN0_/RN
79	0.9867	frame_start_i	last_loop_r	frame_start_i	last_loop_r$_DFFE_PN0P_/D
80	0.9875	rst_sync_i	acs_inst_I.valid_r	rst_sync_i	acs_inst_0.valid_r$_DFF_PN0_/D
81	0.9909	rst_an_i	pm_normalize_inst.pm_pipe_r[I][J]	rst_an_i	pm_normalize_inst.pm_pipe_r[19][3]$_DFFE_PN0P_/RN
82	0.9918	rst_an_i	acs_inst_I.pm_r[J]	rst_an_i	acs_inst_55.pm_r[3]$_DFF_PN0_/RN
83	0.9918	frame_start_i	tb_wr_addr_r[I]	frame_start_i	tb_wr_addr_r[4]$_DFFE_PN0P_/D
84	0.9933	rst_an_i	acs_inst_I.survivor_path_r	rst_an_i	acs_inst_51.survivor_path_r$_DFF_PN0_/RN
85	0.9965	rst_an_i	pm_normalize_inst.pm_nom_r[I][J]	rst_an_i	pm_normalize_inst.pm_nom_r[18][8]$_DFFE_PN0P_/RN
86	1.0044	rst_sync_i	dst_wr_r	rst_sync_i	dst_wr_r$_DFF_PN0_/D
87	1.0058	rst_an_i	bmu_inst_I.calc_polyn_en	rst_an_i	bmu_inst_41.calc_polyn_en$_DFF_PN0_/RN
88	1.0103	rst_an_i	pm_normalize_inst.pm_update_en_pipe_r[I]	rst_an_i	pm_normalize_inst.pm_update_en_pipe_r[15]$_DFFE_PN0P_/RN
89	1.0111	rst_an_i	acs_en_r[I]	rst_an_i	acs_en_r[7]$_DFFE_PN0P_/RN
90	1.0156	rst_sync_i	traceback_start_r	rst_sync_i	traceback_start_r$_DFF_PN0_/D
91	1.0225	rst_sync_i	half_tb_start_r	rst_sync_i	half_tb_start_r$_DFFE_PN0P_/D
92	1.0225	rst_sync_i	bmu_inst_I.ready_r	rst_sync_i	bmu_inst_0.ready_r$_DFFE_PN0P_/D
93	1.0225	rst_sync_i	full_tb_start_r	rst_sync_i	full_tb_start_r$_DFFE_PN0P_/D
94	1.0228	rst_sync_i	first_loop_r	rst_sync_i	first_loop_r$_DFFE_PN0P_/D
95	1.0239	rst_sync_i	flush_all_start_r	rst_sync_i	flush_all_start_r$_DFFE_PN0P_/D
96	1.0248	rst_sync_i	bmu_inst_I.calc_codeword_en	rst_sync_i	bmu_inst_35.calc_codeword_en$_DFF_PN0_/D
97	1.0442	rst_sync_i	traceback_ins.tb_counter_r[I]	rst_sync_i	traceback_ins.tb_counter_r[4]$_DFFE_PN0P_/D
98	1.0547	rst_an_i	state_r[I]	rst_an_i	state_r[0]$_DFF_PN1_/SN
99	1.0548	rst_an_i	bmu_ready_dI_r	rst_an_i	bmu_ready_d1_r$_DFF_PN1_/SN
100	1.0600	rst_an_i	bmu_inst_I.ready_r	rst_an_i	bmu_inst_0.ready_r$_DFFE_PN0P_/RN
