# stage	6_final
# top_module	viterbi_core
# top_n	100
# kind	blocks
# include_full	1
# rank	worst_slack_ns	start	end	start_full	end_full
1	0.3019	register_num_i[I]	acs_inst_I.pm_r[J]	register_num_i[1]	acs_inst_54.pm_r[0]$_DFF_PN0_/D
2	0.3320	register_num_i[I]	acs_inst_I.survivor_path_r	register_num_i[1]	acs_inst_33.survivor_path_r$_DFF_PN0_/D
3	0.4379	acs_inst_I.pm_r[J]	pm_normalize_inst.grp_max_r[I][J]	acs_inst_53.pm_r[2]$_DFF_PN0_/Q	pm_normalize_inst.grp_max_r[6][2]$_DFFE_PP_/D
4	0.5112	register_num_i[I]	bmu_inst_I.low_codeword_tmp[J]	register_num_i[1]	bmu_inst_25.low_codeword_tmp[0]$_DFFE_PN0P_/D
5	0.5144	pm_normalize_inst.grp_max_r[I][J]	pm_normalize_inst.max_r[I]	pm_normalize_inst.grp_max_r[1][2]$_DFFE_PP_/Q	pm_normalize_inst.max_r[7]$_DFFE_PN0P_/D
6	0.5201	acs_inst_I.valid_r	tb_addr_o[I]	acs_inst_0.valid_r$_DFF_PN0_/Q	tb_addr_o[5]
7	0.5310	bmu_inst_I.x_soft_bit_rJ[K]	bmu_inst_I.bm_r[J]	bmu_inst_34.x_soft_bit_r4[0]$_DFFE_PN0P_/Q	bmu_inst_60.bm_r[7]$_DFF_PN0_/D
8	0.5835	acs_inst_I.valid_r	tb_wr_o	acs_inst_0.valid_r$_DFF_PN0_/Q	tb_wr_o
9	0.6247	tb_wr_addr_r[I]	tb_addr_o[I]	tb_wr_addr_r[1]$_DFFE_PN0P_/Q	tb_addr_o[1]
10	0.6367	register_num_i[I]	pm_normalize_inst.pm_update_en_pipe_r[I]	register_num_i[1]	pm_normalize_inst.pm_update_en_pipe_r[31]$_DFFE_PN0P_/D
11	0.6375	traceback_ins.tb_addr_r[I]	tb_addr_o[I]	traceback_ins.tb_addr_r[3]$_DFFE_PN0P_/Q	tb_addr_o[3]
12	0.6424	rst_sync_i	bmu_inst_I.low_codeword_tmp[J]	rst_sync_i	bmu_inst_47.low_codeword_tmp[0]$_DFFE_PN0P_/D
13	0.6442	dst_wr_r	dst_wr_o	dst_wr_r$_DFF_PN0_/Q	dst_wr_o
14	0.6583	acs_inst_I.survivor_path_r	tb_wdata_o[I]	acs_inst_49.survivor_path_r$_DFF_PN0_/Q	tb_wdata_o[49]
15	0.6615	rst_sync_i	bmu_inst_I.x_soft_bit_rJ[K]	rst_sync_i	bmu_inst_32.x_soft_bit_r0[4]$_DFFE_PN0P_/D
16	0.6647	register_num_i[I]	acs_en_r[I]	register_num_i[1]	acs_en_r[31]$_DFFE_PN0P_/D
17	0.6680	dst_addr_r[I]	dst_addr_o[I]	dst_addr_r[4]$_DFFE_PN0P_/Q	dst_addr_o[4]
18	0.6688	src_addr_r[I]	src_addr_o[I]	src_addr_r[2]$_DFFE_PN0P_/Q	src_addr_o[2]
19	0.6742	src_rd_r	src_rd_o	src_rd_r$_DFFE_PN0P_/Q	src_rd_o
20	0.6766	frame_done_r	frame_done_o	frame_done_r$_DFFE_PN0P_/Q	frame_done_o
21	0.6785	rst_sync_i	bmu_inst_I.valid_polynomials_r[J]	rst_sync_i	bmu_inst_63.valid_polynomials_r[1]$_DFFE_PN0P_/D
22	0.6825	rst_sync_i	pm_normalize_inst.max_r[I]	rst_sync_i	pm_normalize_inst.max_r[7]$_DFFE_PN0P_/D
23	0.6878	busy_r	busy_o	busy_r$_DFFE_PN0P_/Q	busy_o
24	0.6942	traceback_ins.tb_rd_r	tb_rd_o	traceback_ins.tb_rd_r$_DFF_PN0_/Q	tb_rd_o
25	0.7207	rst_sync_i	bmu_inst_I.bm_r[J]	rst_sync_i	bmu_inst_30.bm_r[7]$_DFF_PN0_/D
26	0.7208	rst_sync_i	pm_normalize_inst.pm_nom_r[I][J]	rst_sync_i	pm_normalize_inst.pm_nom_r[52][2]$_DFFE_PN0P_/D
27	0.7212	bmu_inst_I.bm_r[J]	acs_inst_I.pm_r[J]	bmu_inst_63.bm_r[0]$_DFF_PN0_/Q	acs_inst_58.pm_r[2]$_DFF_PN0_/D
28	0.7335	rst_sync_i	pm_normalize_inst.pm_pipe_r[I][J]	rst_sync_i	pm_normalize_inst.pm_pipe_r[61][1]$_DFFE_PN0P_/D
29	0.7399	bmu_inst_I.bm_r[J]	acs_inst_I.survivor_path_r	bmu_inst_63.bm_r[0]$_DFF_PN0_/Q	acs_inst_50.survivor_path_r$_DFF_PN0_/D
30	0.7512	rst_sync_i	acs_inst_I.pm_r[J]	rst_sync_i	acs_inst_48.pm_r[8]$_DFF_PN0_/D
31	0.7521	pm_normalize_inst.pm_nom_r[I][J]	acs_inst_I.pm_r[J]	pm_normalize_inst.pm_nom_r[31][1]$_DFFE_PN0P_/Q	acs_inst_54.pm_r[0]$_DFF_PN0_/D
32	0.7696	polynomialI_i[J]	bmu_inst_I.low_codeword_tmp[J]	polynomial4_i[3]	bmu_inst_62.low_codeword_tmp[3]$_DFFE_PN0P_/D
33	0.7703	src_rdata_i[I]	bmu_inst_I.x_soft_bit_rJ[K]	src_rdata_i[1]	bmu_inst_41.x_soft_bit_r0[2]$_DFFE_PN0P_/D
34	0.7721	rst_sync_i	bmu_inst_I.low_codeword[J]	rst_sync_i	bmu_inst_54.low_codeword[4]$_DFFE_PN0P_/D
35	0.7871	rst_sync_i	acs_inst_I.survivor_path_r	rst_sync_i	acs_inst_54.survivor_path_r$_DFF_PN0_/D
36	0.7929	rst_sync_i	pm_normalize_inst.grp_max_r[I][J]	rst_sync_i	pm_normalize_inst.grp_max_r[7][8]$_DFFE_PP_/D
37	0.7936	pm_normalize_inst.pm_nom_r[I][J]	acs_inst_I.survivor_path_r	pm_normalize_inst.pm_nom_r[31][1]$_DFFE_PN0P_/Q	acs_inst_54.survivor_path_r$_DFF_PN0_/D
38	0.8033	rst_sync_i	fetch_src_cnt_r[I]	rst_sync_i	fetch_src_cnt_r[10]$_DFFE_PN0P_/D
39	0.8100	frame_start_i	pm_normalize_inst.pm_nom_r[I][J]	frame_start_i	pm_normalize_inst.pm_nom_r[39][2]$_DFFE_PN0P_/D
40	0.8307	valid_polynomials_i[I]	bmu_inst_I.low_codeword[J]	valid_polynomials_i[1]	bmu_inst_27.low_codeword[1]$_DFFE_PN0P_/D
41	0.8338	rst_an_i	bmu_inst_I.x_soft_bit_rJ[K]	rst_an_i	bmu_inst_59.x_soft_bit_r5[1]$_DFFE_PN0P_/RN
42	0.8359	frame_start_i	fetch_src_cnt_r[I]	frame_start_i	fetch_src_cnt_r[10]$_DFFE_PN0P_/D
43	0.8441	rst_an_i	bmu_inst_I.low_codeword[J]	rst_an_i	bmu_inst_51.low_codeword[1]$_DFFE_PN0P_/RN
44	0.8510	rst_an_i	bmu_inst_I.low_codeword_tmp[J]	rst_an_i	bmu_inst_40.low_codeword_tmp[3]$_DFFE_PN0P_/RN
45	0.8596	rst_an_i	bmu_inst_I.calc_codeword_en	rst_an_i	bmu_inst_21.calc_codeword_en$_DFF_PN0_/RN
46	0.8628	rst_an_i	pm_normalize_inst.pm_pipe_r[I][J]	rst_an_i	pm_normalize_inst.pm_pipe_r[42][7]$_DFFE_PN0P_/RN
47	0.8633	rst_an_i	bmu_inst_I.valid_polynomials_r[J]	rst_an_i	bmu_inst_63.valid_polynomials_r[2]$_DFFE_PN0P_/RN
48	0.8703	rst_an_i	bmu_inst_I.bm_r[J]	rst_an_i	bmu_inst_51.bm_r[8]$_DFF_PN0_/RN
49	0.8709	rst_an_i	pm_normalize_inst.pm_nom_r[I][J]	rst_an_i	pm_normalize_inst.pm_nom_r[27][0]$_DFFE_PN0P_/RN
50	0.8732	tail_biting_en_i	pm_normalize_inst.pm_nom_r[I][J]	tail_biting_en_i	pm_normalize_inst.pm_nom_r[44][7]$_DFFE_PN0P_/D
51	0.8797	rst_sync_i	trellis_idx_r[I]	rst_sync_i	trellis_idx_r[5]$_DFFE_PN0P_/D
52	0.8912	rst_sync_i	src_len_counter_r[I]	rst_sync_i	src_len_counter_r[3]$_DFFE_PN0P_/D
53	0.8936	rst_an_i	acs_inst_I.pm_r[J]	rst_an_i	acs_inst_45.pm_r[8]$_DFF_PN0_/RN
54	0.8941	rst_an_i	acs_inst_I.survivor_path_r	rst_an_i	acs_inst_44.survivor_path_r$_DFF_PN0_/RN
55	0.8997	pm_normalize_inst.max_r[I]	pm_normalize_inst.pm_nom_r[I][J]	pm_normalize_inst.max_r[3]$_DFFE_PN0P_/QN	pm_normalize_inst.pm_nom_r[27][2]$_DFFE_PN0P_/D
56	0.9276	rst_sync_i	state_r[I]	rst_sync_i	state_r[1]$_DFF_PN0_/D
57	0.9302	rst_sync_i	bmu_inst_I.calc_codeword_en	rst_sync_i	bmu_inst_21.calc_codeword_en$_DFF_PN0_/D
58	0.9311	rst_sync_i	acs_inst_I.valid_r	rst_sync_i	acs_inst_0.valid_r$_DFF_PN0_/D
59	0.9367	rst_an_i	src_addr_r[I]	rst_an_i	src_addr_r[9]$_DFFE_PN0P_/RN
60	0.9370	rst_an_i	pm_normalize_inst.en_i_rr	rst_an_i	pm_normalize_inst.en_i_rr$_DFF_PN0_/RN
61	0.9398	rst_an_i	dst_addr_r[I]	rst_an_i	dst_addr_r[1]$_DFFE_PN0P_/RN
62	0.9408	infobit_length_i[I]	src_addr_r[I]	infobit_length_i[0]	src_addr_r[9]$_DFFE_PN0P_/D
63	0.9421	rst_sync_i	pm_normalize_inst.pm_update_en_pipe_r[I]	rst_sync_i	pm_normalize_inst.pm_update_en_pipe_r[15]$_DFFE_PN0P_/D
64	0.9447	rst_sync_i	flush_all_start_r	rst_sync_i	flush_all_start_r$_DFFE_PN0P_/D
65	0.9449	bmu_inst_I.valid_polynomials_r[J]	bmu_inst_I.bm_r[J]	bmu_inst_63.valid_polynomials_r[2]$_DFFE_PN0P_/Q	bmu_inst_14.bm_r[8]$_DFF_PN0_/D
66	0.9450	rst_an_i	bmu_inst_I.ready_r	rst_an_i	bmu_inst_0.ready_r$_DFFE_PN0P_/RN
67	0.9464	rst_an_i	bmu_ready_dI_r	rst_an_i	bmu_ready_d1_r$_DFF_PN1_/SN
68	0.9540	rst_an_i	state_r[I]	rst_an_i	state_r[3]$_DFF_PN0_/RN
69	0.9542	rst_an_i	decoding_start_r	rst_an_i	decoding_start_r$_DFF_PN0_/RN
70	0.9550	rst_an_i	last_loop_r	rst_an_i	last_loop_r$_DFFE_PN0P_/RN
71	0.9555	rst_an_i	pm_normalize_inst.grp_max_r[I][J]	rst_an_i	pm_normalize_inst.grp_max_r[0][0]$_DFFE_PP_/D
72	0.9556	rst_an_i	src_len_counter_r[I]	rst_an_i	src_len_counter_r[10]$_DFFE_PN0P_/RN
73	0.9556	rst_an_i	dst_wr_dI_r	rst_an_i	dst_wr_d1_r$_DFF_PN0_/RN
74	0.9567	rst_an_i	trellis_idx_r[I]	rst_an_i	trellis_idx_r[9]$_DFFE_PN0P_/RN
75	0.9577	rst_an_i	byte_idx_r[I]	rst_an_i	byte_idx_r[0]$_DFF_PN0_/RN
76	0.9588	rst_an_i	dst_wr_r	rst_an_i	dst_wr_r$_DFF_PN0_/RN
77	0.9590	rst_an_i	src_rd_r	rst_an_i	src_rd_r$_DFFE_PN0P_/RN
78	0.9593	rst_an_i	busy_r	rst_an_i	busy_r$_DFFE_PN0P_/RN
79	0.9613	rst_an_i	frame_done_r	rst_an_i	frame_done_r$_DFFE_PN0P_/RN
80	0.9652	infobit_length_i[I]	src_len_counter_r[I]	infobit_length_i[0]	src_len_counter_r[3]$_DFFE_PN0P_/D
81	0.9701	rst_sync_i	src_addr_r[I]	rst_sync_i	src_addr_r[5]$_DFFE_PN0P_/D
82	0.9702	acs_inst_I.valid_r	pm_normalize_inst.pm_pipe_r[I][J]	acs_inst_0.valid_r$_DFF_PN0_/Q	pm_normalize_inst.pm_pipe_r[26][4]$_DFFE_PN0P_/D
83	0.9725	frame_start_i	trellis_idx_r[I]	frame_start_i	trellis_idx_r[5]$_DFFE_PN0P_/D
84	0.9770	frame_start_i	src_len_counter_r[I]	frame_start_i	src_len_counter_r[11]$_DFFE_PN0P_/D
85	0.9782	rst_an_i	soft_data_valid_r	rst_an_i	soft_data_valid_r$_DFF_PN0_/RN
86	0.9965	frame_start_i	dst_addr_r[I]	frame_start_i	dst_addr_r[6]$_DFFE_PN0P_/D
87	0.9976	rst_sync_i	half_tb_start_r	rst_sync_i	half_tb_start_r$_DFFE_PN0P_/D
88	0.9983	rst_sync_i	full_tb_start_r	rst_sync_i	full_tb_start_r$_DFFE_PN0P_/D
89	0.9986	rst_sync_i	first_loop_r	rst_sync_i	first_loop_r$_DFFE_PN0P_/D
90	1.0049	frame_start_i	src_addr_r[I]	frame_start_i	src_addr_r[8]$_DFFE_PN0P_/D
91	1.0049	rst_sync_i	pm_normalize_inst.en_i_rr	rst_sync_i	pm_normalize_inst.en_i_rr$_DFF_PN0_/D
92	1.0093	rst_sync_i	tb_len_r[I]	rst_sync_i	tb_len_r[6]$_DFFE_PN0P_/D
93	1.0205	frame_start_i	state_r[I]	frame_start_i	state_r[1]$_DFF_PN0_/D
94	1.0267	rst_sync_i	dst_addr_r[I]	rst_sync_i	dst_addr_r[6]$_DFFE_PN0P_/D
95	1.0275	soft_data_valid_r	bmu_inst_I.x_soft_bit_rJ[K]	soft_data_valid_r$_DFF_PN0_/Q	bmu_inst_44.x_soft_bit_r4[4]$_DFFE_PN0P_/D
96	1.0297	rst_sync_i	acs_en_r[I]	rst_sync_i	acs_en_r[62]$_DFFE_PN0P_/D
97	1.0351	frame_start_i	flush_all_start_r	frame_start_i	flush_all_start_r$_DFFE_PN0P_/D
98	1.0403	rst_sync_i	traceback_start_r	rst_sync_i	traceback_start_r$_DFF_PN0_/D
99	1.0403	rst_sync_i	tb_wr_addr_r[I]	rst_sync_i	tb_wr_addr_r[0]$_DFFE_PN0P_/D
100	1.0403	frame_start_i	byte_idx_r[I]	frame_start_i	byte_idx_r[0]$_DFF_PN0_/D
