# stage	6_final
# top_module	viterbi_core
# top_n	100
# kind	blocks
# include_full	1
# rank	worst_slack_ns	start	end	start_full	end_full
1	0.0071	pm_normalize_inst.grp_max_pI_r[J][K]	pm_normalize_inst.pm_nom_r[I][J]	pm_normalize_inst.grp_max_p1_r[3][3]$_DFFE_PP_/Q	pm_normalize_inst.pm_nom_r[52][6]$_DFFE_PN0P_/D
2	0.1928	src_rdata_i[I]	bmu_inst_I.bm_r[J]	src_rdata_i[17]	bmu_inst_51.bm_r[7]$_DFF_PN0_/D
3	0.2796	register_num_i[I]	acs_inst_I.survivor_path_r	register_num_i[1]	acs_inst_13.survivor_path_r$_DFF_PN0_/D
4	0.2821	register_num_i[I]	acs_inst_I.pm_r[J]	register_num_i[0]	acs_inst_62.pm_r[0]$_DFF_PN0_/D
5	0.3351	register_num_i[I]	pm_normalize_inst.pm_nom_r[I][J]	register_num_i[1]	pm_normalize_inst.pm_nom_r[52][6]$_DFFE_PN0P_/D
6	0.3961	acs_inst_I.pm_r[J]	pm_normalize_inst.grp_max_pI_r[J][K]	acs_inst_49.pm_r[1]$_DFF_PN0_/Q	pm_normalize_inst.grp_max_p1_r[6][3]$_DFFE_PP_/D
7	0.5315	register_num_i[I]	bmu_inst_I.low_codeword_tmp[J]	register_num_i[1]	bmu_inst_54.low_codeword_tmp[0]$_DFFE_PN0P_/D
8	0.5749	rst_sync_i	bmu_inst_I.low_codeword[J]	rst_sync_i	bmu_inst_32.low_codeword[2]$_DFFE_PN0P_/D
9	0.5810	acs_inst_I.valid_r	tb_addr_o[I]	acs_inst_0.valid_r$_DFF_PN0_/Q	tb_addr_o[1]
10	0.5903	rst_sync_i	bmu_inst_I.bm_r[J]	rst_sync_i	bmu_inst_25.bm_r[1]$_DFF_PN0_/D
11	0.6400	rst_sync_i	bmu_inst_I.low_codeword_tmp[J]	rst_sync_i	bmu_inst_42.low_codeword_tmp[5]$_DFFE_PN0P_/D
12	0.6443	acs_inst_I.valid_r	tb_wr_o	acs_inst_0.valid_r$_DFF_PN0_/Q	tb_wr_o
13	0.6685	tb_wr_addr_r[I]	tb_addr_o[I]	tb_wr_addr_r[1]$_DFFE_PN0P_/Q	tb_addr_o[1]
14	0.6769	traceback_ins.tb_addr_r[I]	tb_addr_o[I]	traceback_ins.tb_addr_r[3]$_DFFE_PN0P_/Q	tb_addr_o[3]
15	0.6773	dst_wr_r	dst_wr_o	dst_wr_r$_DFF_PN0_/Q	dst_wr_o
16	0.6863	valid_polynomials_i[I]	bmu_inst_I.bm_r[J]	valid_polynomials_i[1]	bmu_inst_42.bm_r[1]$_DFF_PN0_/D
17	0.6934	valid_polynomials_i[I]	bmu_inst_I.low_codeword[J]	valid_polynomials_i[0]	bmu_inst_32.low_codeword[2]$_DFFE_PN0P_/D
18	0.6969	rst_sync_i	pm_normalize_inst.pm_nom_r[I][J]	rst_sync_i	pm_normalize_inst.pm_nom_r[32][5]$_DFFE_PN0P_/D
19	0.6995	dst_addr_r[I]	dst_addr_o[I]	dst_addr_r[5]$_DFFE_PN0P_/Q	dst_addr_o[5]
20	0.7025	polynomialI_i[J]	bmu_inst_I.low_codeword_tmp[J]	polynomial3_i[2]	bmu_inst_63.low_codeword_tmp[2]$_DFFE_PN0P_/D
21	0.7082	acs_inst_I.survivor_path_r	tb_wdata_o[I]	acs_inst_8.survivor_path_r$_DFF_PN0_/Q	tb_wdata_o[8]
22	0.7134	bmu_inst_I.bm_r[J]	acs_inst_I.pm_r[J]	bmu_inst_63.bm_r[0]$_DFF_PN0_/Q	acs_inst_24.pm_r[6]$_DFF_PN0_/D
23	0.7139	src_addr_r[I]	src_addr_o[I]	src_addr_r[0]$_DFFE_PN0P_/Q	src_addr_o[0]
24	0.7217	src_rd_r	src_rd_o	src_rd_r$_DFFE_PN0P_/Q	src_rd_o
25	0.7273	frame_done_r	frame_done_o	frame_done_r$_DFFE_PN0P_/Q	frame_done_o
26	0.7289	busy_r	busy_o	busy_r$_DFFE_PN0P_/Q	busy_o
27	0.7296	rst_sync_i	pm_normalize_inst.grp_max_pI_r[J][K]	rst_sync_i	pm_normalize_inst.grp_max_p1_r[0][5]$_DFFE_PP_/D
28	0.7337	traceback_ins.tb_rd_r	tb_rd_o	traceback_ins.tb_rd_r$_DFF_PN0_/Q	tb_rd_o
29	0.7358	frame_start_i	pm_normalize_inst.pm_nom_r[I][J]	frame_start_i	pm_normalize_inst.pm_nom_r[32][5]$_DFFE_PN0P_/D
30	0.7487	bmu_inst_I.bm_r[J]	acs_inst_I.survivor_path_r	bmu_inst_63.bm_r[0]$_DFF_PN0_/Q	acs_inst_20.survivor_path_r$_DFF_PN0_/D
31	0.7494	bmu_inst_I.low_codeword[J]	bmu_inst_I.bm_r[J]	bmu_inst_18.low_codeword[4]$_DFFE_PN0P_/Q	bmu_inst_18.bm_r[7]$_DFF_PN0_/D
32	0.7565	rst_an_i	bmu_inst_I.bm_r[J]	rst_an_i	bmu_inst_8.bm_r[6]$_DFF_PN0_/RN
33	0.7578	rst_an_i	acs_inst_I.pm_r[J]	rst_an_i	acs_inst_13.pm_r[8]$_DFF_PN0_/RN
34	0.7682	rst_sync_i	fetch_src_cnt_r[I]	rst_sync_i	fetch_src_cnt_r[10]$_DFFE_PN0P_/D
35	0.7805	rst_an_i	pm_normalize_inst.pm_nom_r[I][J]	rst_an_i	pm_normalize_inst.pm_nom_r[1][5]$_DFFE_PN0P_/RN
36	0.7888	rst_an_i	pm_normalize_inst.grp_max_pI_r[J][K]	rst_an_i	pm_normalize_inst.grp_max_p1_r[0][5]$_DFFE_PP_/D
37	0.7904	frame_start_i	fetch_src_cnt_r[I]	frame_start_i	fetch_src_cnt_r[10]$_DFFE_PN0P_/D
38	0.7947	rst_sync_i	acs_inst_I.pm_r[J]	rst_sync_i	acs_inst_46.pm_r[5]$_DFF_PN0_/D
39	0.7953	rst_an_i	src_addr_r[I]	rst_an_i	src_addr_r[3]$_DFFE_PN0P_/RN
40	0.7972	rst_an_i	byte_idx_r[I]	rst_an_i	byte_idx_r[0]$_DFF_PN0_/RN
41	0.7982	rst_an_i	dst_wr_r	rst_an_i	dst_wr_r$_DFF_PN0_/RN
42	0.7988	rst_an_i	dst_addr_r[I]	rst_an_i	dst_addr_r[0]$_DFFE_PN0P_/RN
43	0.7988	rst_an_i	traceback_ins.tb_rd_r	rst_an_i	traceback_ins.tb_rd_r$_DFF_PN0_/RN
44	0.8015	rst_an_i	bmu_inst_I.low_codeword[J]	rst_an_i	bmu_inst_61.low_codeword[1]$_DFFE_PN0P_/RN
45	0.8026	rst_an_i	bmu_inst_I.low_codeword_tmp[J]	rst_an_i	bmu_inst_1.low_codeword_tmp[3]$_DFFE_PN0P_/RN
46	0.8033	rst_sync_i	src_addr_r[I]	rst_sync_i	src_addr_r[2]$_DFFE_PN0P_/D
47	0.8055	rst_an_i	frame_done_r	rst_an_i	frame_done_r$_DFFE_PN0P_/RN
48	0.8062	rst_an_i	dst_wr_dI_r	rst_an_i	dst_wr_d1_r$_DFF_PN0_/RN
49	0.8066	rst_an_i	last_loop_r	rst_an_i	last_loop_r$_DFFE_PN0P_/RN
50	0.8067	rst_sync_i	acs_inst_I.survivor_path_r	rst_sync_i	acs_inst_22.survivor_path_r$_DFF_PN0_/D
51	0.8077	rst_an_i	tb_wr_addr_r[I]	rst_an_i	tb_wr_addr_r[4]$_DFFE_PN0P_/RN
52	0.8102	rst_an_i	state_r[I]	rst_an_i	state_r[0]$_DFF_PN1_/SN
53	0.8112	rst_an_i	decoding_start_r	rst_an_i	decoding_start_r$_DFF_PN0_/RN
54	0.8114	pm_normalize_inst.pm_nom_r[I][J]	acs_inst_I.pm_r[J]	pm_normalize_inst.pm_nom_r[30][0]$_DFFE_PN0P_/Q	acs_inst_52.pm_r[4]$_DFF_PN0_/D
55	0.8150	rst_an_i	src_rd_r	rst_an_i	src_rd_r$_DFFE_PN0P_/RN
56	0.8150	rst_an_i	busy_r	rst_an_i	busy_r$_DFFE_PN0P_/RN
57	0.8214	pm_normalize_inst.pm_nom_r[I][J]	acs_inst_I.survivor_path_r	pm_normalize_inst.pm_nom_r[17][1]$_DFFE_PN0P_/Q	acs_inst_18.survivor_path_r$_DFF_PN0_/D
58	0.8353	rst_sync_i	dst_addr_r[I]	rst_sync_i	dst_addr_r[5]$_DFFE_PN0P_/D
59	0.8515	rst_sync_i	trellis_idx_r[I]	rst_sync_i	trellis_idx_r[12]$_DFFE_PN0P_/D
60	0.8556	rst_an_i	acs_inst_I.survivor_path_r	rst_an_i	acs_inst_57.survivor_path_r$_DFF_PN0_/RN
61	0.8597	rst_sync_i	bmu_inst_I.ready_r	rst_sync_i	bmu_inst_0.ready_r$_DFFE_PN0P_/D
62	0.8648	rst_sync_i	acs_en_r[I]	rst_sync_i	acs_en_r[31]$_DFFE_PN0P_/D
63	0.8751	infobit_length_i[I]	src_addr_r[I]	infobit_length_i[0]	src_addr_r[2]$_DFFE_PN0P_/D
64	0.8782	rst_sync_i	src_len_counter_r[I]	rst_sync_i	src_len_counter_r[1]$_DFFE_PN0P_/D
65	0.8842	register_num_i[I]	acs_en_r[I]	register_num_i[1]	acs_en_r[31]$_DFFE_PN0P_/D
66	0.8900	frame_start_i	bmu_inst_I.ready_r	frame_start_i	bmu_inst_0.ready_r$_DFFE_PN0P_/D
67	0.8940	frame_start_i	trellis_idx_r[I]	frame_start_i	trellis_idx_r[5]$_DFFE_PN0P_/D
68	0.8951	frame_start_i	acs_en_r[I]	frame_start_i	acs_en_r[31]$_DFFE_PN0P_/D
69	0.9078	frame_start_i	src_addr_r[I]	frame_start_i	src_addr_r[2]$_DFFE_PN0P_/D
70	0.9171	frame_start_i	src_len_counter_r[I]	frame_start_i	src_len_counter_r[1]$_DFFE_PN0P_/D
71	0.9201	infobit_length_i[I]	src_len_counter_r[I]	infobit_length_i[0]	src_len_counter_r[2]$_DFFE_PN0P_/D
72	0.9217	rst_an_i	soft_data_valid_r	rst_an_i	soft_data_valid_r$_DFF_PN0_/RN
73	0.9257	rst_sync_i	flush_all_start_r	rst_sync_i	flush_all_start_r$_DFFE_PN0P_/D
74	0.9267	rst_an_i	fetch_src_cnt_r[I]	rst_an_i	fetch_src_cnt_r[1]$_DFFE_PN0P_/RN
75	0.9271	rst_an_i	tb_len_r[I]	rst_an_i	tb_len_r[5]$_DFFE_PN0P_/RN
76	0.9274	rst_an_i	full_tb_start_r	rst_an_i	full_tb_start_r$_DFFE_PN0P_/RN
77	0.9282	rst_an_i	half_tb_start_r	rst_an_i	half_tb_start_r$_DFFE_PN0P_/RN
78	0.9287	rst_an_i	flush_all_start_r	rst_an_i	flush_all_start_r$_DFFE_PN0P_/RN
79	0.9287	rst_an_i	first_loop_r	rst_an_i	first_loop_r$_DFFE_PN0P_/RN
80	0.9293	rst_an_i	trellis_idx_r[I]	rst_an_i	trellis_idx_r[12]$_DFFE_PN0P_/RN
81	0.9397	frame_start_i	dst_addr_r[I]	frame_start_i	dst_addr_r[5]$_DFFE_PN0P_/D
82	0.9414	rst_an_i	src_len_counter_r[I]	rst_an_i	src_len_counter_r[0]$_DFFE_PN0P_/RN
83	0.9634	rst_sync_i	state_r[I]	rst_sync_i	state_r[0]$_DFF_PN1_/D
84	0.9646	frame_start_i	flush_all_start_r	frame_start_i	flush_all_start_r$_DFFE_PN0P_/D
85	0.9830	tail_biting_en_i	pm_normalize_inst.pm_nom_r[I][J]	tail_biting_en_i	pm_normalize_inst.pm_nom_r[9][7]$_DFFE_PN0P_/D
86	0.9923	rst_sync_i	tb_len_r[I]	rst_sync_i	tb_len_r[6]$_DFFE_PN0P_/D
87	0.9939	rst_sync_i	byte_idx_r[I]	rst_sync_i	byte_idx_r[0]$_DFF_PN0_/D
88	1.0024	frame_start_i	state_r[I]	frame_start_i	state_r[0]$_DFF_PN1_/D
89	1.0145	rst_sync_i	bmu_inst_I.calc_codeword_en	rst_sync_i	bmu_inst_17.calc_codeword_en$_DFF_PN0_/D
90	1.0170	acs_inst_I.valid_r	pm_normalize_inst.grp_max_pI_r[J][K]	acs_inst_0.valid_r$_DFF_PN0_/Q	pm_normalize_inst.grp_max_p1_r[0][5]$_DFFE_PP_/D
91	1.0221	rst_sync_i	frame_done_r	rst_sync_i	frame_done_r$_DFFE_PN0P_/D
92	1.0229	rst_sync_i	tb_wr_addr_r[I]	rst_sync_i	tb_wr_addr_r[0]$_DFFE_PN0P_/D
93	1.0240	rst_sync_i	last_loop_r	rst_sync_i	last_loop_r$_DFFE_PN0P_/D
94	1.0242	frame_start_i	byte_idx_r[I]	frame_start_i	byte_idx_r[0]$_DFF_PN0_/D
95	1.0260	rst_sync_i	dst_wr_r	rst_sync_i	dst_wr_r$_DFF_PN0_/D
96	1.0308	rst_sync_i	acs_inst_I.valid_r	rst_sync_i	acs_inst_0.valid_r$_DFF_PN0_/D
97	1.0308	rst_an_i	traceback_ins.tb_addr_r[I]	rst_an_i	traceback_ins.tb_addr_r[0]$_DFFE_PN0P_/RN
98	1.0312	frame_start_i	tb_len_r[I]	frame_start_i	tb_len_r[6]$_DFFE_PN0P_/D
99	1.0316	rst_an_i	traceback_ins.tb_counter_r[I]	rst_an_i	traceback_ins.tb_counter_r[1]$_DFFE_PN0P_/RN
100	1.0329	rst_an_i	bmu_ready_dI_r	rst_an_i	bmu_ready_d1_r$_DFF_PN1_/SN
