# stage	1_synth
# top_module	RsDecodeTop
# top_n	100
# kind	blocks
# include_full	1
# rank	worst_slack_ns	start	end	start_full	end_full
1	-0.0467	enable	RsDecodeEuclide.omegaInner_I[J]	enable	RsDecodeEuclide.omegaInner_1[0]$_DFFE_PN0P_/D
2	-0.0438	enable	RsDecodeEuclide.lambdaBkp_I[J]	enable	RsDecodeEuclide.lambdaBkp_10[0]$_DFFE_PN0P_/D
3	-0.0253	enable	RsDecodeEuclide.lambdaInner_I[J]	enable	RsDecodeEuclide.lambdaInner_10[5]$_DFFE_PN0P_/D
4	-0.0108	RsDecodeDelay.RsDecodeDpRam.rRdAddr[I]	RsDecodeDelay.RsDecodeDpRam.q[I]	RsDecodeDelay.RsDecodeDpRam.rRdAddr[0]$_DFF_P_/Q	RsDecodeDelay.RsDecodeDpRam.q[5]$_DFFE_PP_/D
5	-0.0089	RsDecodeSyndrome.count[I]	RsDecodePolymul.sumReg_I[J]	RsDecodeSyndrome.count[1]$_DFFE_PN0P_/Q	RsDecodePolymul.sumReg_12[5]$_DFFE_PN0P_/D
6	-0.0022	RsDecodeEuclide.qNewReg[I]	RsDecodeEuclide.omegaInner_I[J]	RsDecodeEuclide.qNewReg[3]$_DFFE_PN0P_/Q	RsDecodeEuclide.omegaInner_10[7]$_DFFE_PN0P_/D
7	0.0104	RsDecodePolymul.count[I]	RsDecodeEuclide.lambdaBkp_I[J]	RsDecodePolymul.count[1]$_DFFE_PN0P_/Q	RsDecodeEuclide.lambdaBkp_20[0]$_DFFE_PN0P_/D
8	0.0141	RsDecodeEuclide.omegaInner_I[J]	RsDecodeEuclide.offset[I]	RsDecodeEuclide.omegaInner_21[1]$_DFFE_PN0P_/Q	RsDecodeEuclide.offset[4]$_DFFE_PN0P_/D
9	0.0178	RsDecodePolymul.count[I]	RsDecodeEuclide.omegaInner_I[J]	RsDecodePolymul.count[1]$_DFFE_PN0P_/Q	RsDecodeEuclide.omegaInner_1[0]$_DFFE_PN0P_/D
10	0.0190	enable	RsDecodeDelay.RsDecodeDpRam.mem[I][J]	enable	RsDecodeDelay.RsDecodeDpRam.mem[111][0]$_DFFE_PP_/D
11	0.0262	enable	RsDecodeEuclide.numShiftedReg[I]	enable	RsDecodeEuclide.numShiftedReg[4]$_DFFE_PN0P_/D
12	0.0362	RsDecodeEuclide.qNewReg[I]	RsDecodeEuclide.lambdaInner_I[J]	RsDecodeEuclide.qNewReg[2]$_DFFE_PN0P_/Q	RsDecodeEuclide.lambdaInner_0[3]$_DFFE_PN0P_/D
13	0.0372	enable	RsDecodeEuclide.lambdaXorReg_I[J]	enable	RsDecodeEuclide.lambdaXorReg_10[1]$_DFFE_PN0P_/D
14	0.0381	RsDecodeChien.lambdaReg_I[J]	RsDecodeChien.numErrorReg[I]	RsDecodeChien.lambdaReg_6[3]$_DFFE_PN0P_/Q	RsDecodeChien.numErrorReg[4]$_DFFE_PN0P_/D
15	0.0390	RsDecodeChien.lambdaReg_I[J]	RsDecodeChien.numErrorRegI[J]	RsDecodeChien.lambdaReg_6[3]$_DFFE_PN0P_/Q	RsDecodeChien.numErrorReg2[4]$_DFFE_PN0P_/D
16	0.0392	RsDecodePolymul.count[I]	RsDecodeEuclide.lambdaInner_I[J]	RsDecodePolymul.count[1]$_DFFE_PN0P_/Q	RsDecodeEuclide.lambdaInner_10[5]$_DFFE_PN0P_/D
17	0.0393	enable	omegaShiftedReg_I[J]	enable	omegaShiftedReg_21[4]$_DFFE_PN0P_/D
18	0.0416	RsDecodePolymul.count[I]	RsDecodeEuclide.lambdaXorReg_I[J]	RsDecodePolymul.count[1]$_DFFE_PN0P_/Q	RsDecodeEuclide.lambdaXorReg_10[1]$_DFFE_PN0P_/D
19	0.0423	enable	RsDecodePolymul.sumReg_I[J]	enable	RsDecodePolymul.sumReg_0[6]$_DFFE_PN0P_/D
20	0.0425	erasureIn	RsDecodeSyndrome.reg_I[J]	erasureIn	RsDecodeSyndrome.reg_0[7]$_DFFE_PN0P_/D
21	0.0478	enable	startReg[I]	enable	startReg[0]$_DFFE_PN0P_/D
22	0.0480	RsDecodeEuclide.qNewReg[I]	RsDecodeEuclide.lambdaXorReg_I[J]	RsDecodeEuclide.qNewReg[5]$_DFFE_PN0P_/Q	RsDecodeEuclide.lambdaXorReg_17[6]$_DFFE_PN0P_/D
23	0.0497	RsDecodeEuclide.omegaInner_I[J]	RsDecodeEuclide.omegaInner_I[J]	RsDecodeEuclide.omegaInner_21[1]$_DFFE_PN0P_/Q	RsDecodeEuclide.omegaInner_21[4]$_DFFE_PN0P_/D
24	0.0499	erasureIn	RsDecodeDelay.RsDecodeDpRam.mem[I][J]	erasureIn	RsDecodeDelay.RsDecodeDpRam.mem[0][7]$_DFFE_PP_/D
25	0.0502	enable	RsDecodeDelay.readPointer[I]	enable	RsDecodeDelay.readPointer[8]$_DFFE_PN0P_/D
26	0.0502	enable	RsDecodeErasure.powerReg[I]	enable	RsDecodeErasure.powerReg[0]$_DFFE_PN0P_/D
27	0.0504	enable	RsDecodePolymul.epsilonReg_I[J]	enable	RsDecodePolymul.epsilonReg_1[2]$_DFFE_PN0P_/D
28	0.0504	enable	RsDecodeSyndrome.count[I]	enable	RsDecodeSyndrome.count[1]$_DFFE_PN0P_/D
29	0.0529	enable	RsDecodeSyndrome.reg_I[J]	enable	RsDecodeSyndrome.reg_15[3]$_DFFE_PN0P_/D
30	0.0535	enable	RsDecodeChien.epsilonReg_I[J]	enable	RsDecodeChien.epsilonReg_13[5]$_DFFE_PN0P_/D
31	0.0535	enable	RsDecodeChien.lambdaReg_I[J]	enable	RsDecodeChien.lambdaReg_13[5]$_DFFE_PN0P_/D
32	0.0535	enable	RsDecodeChien.omegaReg_I[J]	enable	RsDecodeChien.omegaReg_13[5]$_DFFE_PN0P_/D
33	0.0536	enable	RsDecodeEuclide.offset[I]	enable	RsDecodeEuclide.offset[4]$_DFFE_PN0P_/D
34	0.0540	enable	RsDecodeErasure.epsilonReg_I[J]	enable	RsDecodeErasure.epsilonReg_10[7]$_DFFE_PN0P_/D
35	0.0553	enable	RsDecodeErasure.erasureCount[I]	enable	RsDecodeErasure.erasureCount[5]$_DFFE_PN0P_/D
36	0.0572	RsDecodeErasure.epsilonReg_I[J]	RsDecodePolymul.sumReg_I[J]	RsDecodeErasure.epsilonReg_22[6]$_DFFE_PN0P_/Q	RsDecodePolymul.sumReg_21[3]$_DFFE_PN0P_/D
37	0.0582	enable	RsDecodeEuclide.omegaBkp_I[J]	enable	RsDecodeEuclide.omegaBkp_16[2]$_DFFE_PN0P_/D
38	0.0599	RsDecodeErasure.powerReg[I]	RsDecodeErasure.epsilonReg_I[J]	RsDecodeErasure.powerReg[7]$_DFFE_PN0P_/Q	RsDecodeErasure.epsilonReg_17[1]$_DFFE_PN0P_/D
39	0.0605	enable	RsDecodeChien.denomEIInvReg[J]	enable	RsDecodeChien.denomE0InvReg[0]$_DFFE_PN0P_/D
40	0.0605	enable	RsDecodeEuclide.omegaInvReg[I]	enable	RsDecodeEuclide.omegaInvReg[0]$_DFFE_PN0P_/D
41	0.0619	RsDecodeEuclide.omegaInner_I[J]	RsDecodeEuclide.lambdaBkp_I[J]	RsDecodeEuclide.omegaInner_21[1]$_DFFE_PN0P_/Q	RsDecodeEuclide.lambdaBkp_11[0]$_DFFE_PN0P_/D
42	0.0620	RsDecodePolymul.epsilonReg_I[J]	RsDecodePolymul.sumReg_I[J]	RsDecodePolymul.epsilonReg_22[6]$_DFFE_PN0P_/Q	RsDecodePolymul.sumReg_21[3]$_DFFE_PN0P_/D
43	0.0625	RsDecodePolymul.count[I]	RsDecodeEuclide.omegaBkp_I[J]	RsDecodePolymul.count[1]$_DFFE_PN0P_/Q	RsDecodeEuclide.omegaBkp_16[2]$_DFFE_PN0P_/D
44	0.0658	enable	doneReg[I]	enable	doneReg[0]$_DFFE_PN0P_/D
45	0.0658	enable	lambdaRegI_J[K]	enable	lambdaReg2_0[0]$_DFFE_PN0P_/D
46	0.0694	enable	epsilonRegI_J[K]	enable	epsilonReg3_2[2]$_DFFE_PN0P_/D
47	0.0699	RsDecodeEuclide.omegaInner_I[J]	RsDecodeEuclide.numShiftedReg[I]	RsDecodeEuclide.omegaInner_21[1]$_DFFE_PN0P_/Q	RsDecodeEuclide.numShiftedReg[3]$_DFFE_PN0P_/D
48	0.0709	lambdaRegI_J[K]	RsDecodeDegree_I.pJStepKR[L]	lambdaReg2_15[3]$_DFFE_PN0P_/Q	RsDecodeDegree_2.p3Step1R[2]$_DFF_PN0_/D
49	0.0710	enable	RsDecodeChien.numErrorReg[I]	enable	RsDecodeChien.numErrorReg[0]$_DFFE_PN0P_/D
50	0.0710	RsDecodeEuclide.omegaInner_I[J]	RsDecodeEuclide.lambdaInner_I[J]	RsDecodeEuclide.omegaInner_21[1]$_DFFE_PN0P_/Q	RsDecodeEuclide.lambdaInner_20[0]$_DFFE_PN0P_/D
51	0.0712	enable	RsDecodePolymul.count[I]	enable	RsDecodePolymul.count[0]$_DFFE_PN0P_/D
52	0.0718	startPls	RsDecodeErasure.epsilonReg_I[J]	startPls	RsDecodeErasure.epsilonReg_10[7]$_DFFE_PN0P_/D
53	0.0731	startPls	RsDecodeErasure.erasureCount[I]	startPls	RsDecodeErasure.erasureCount[5]$_DFFE_PN0P_/D
54	0.0751	numShiftedReg[I]	omegaShiftedReg_I[J]	numShiftedReg[3]$_DFFE_PN0P_/Q	omegaShiftedReg_4[0]$_DFFE_PN0P_/D
55	0.0765	enable	RsDecodeChien.denomEIReg[J]	enable	RsDecodeChien.denomE1Reg[7]$_DFFE_PN0P_/D
56	0.0765	enable	RsDecodeChien.numeRegI[J]	enable	RsDecodeChien.numeReg2[7]$_DFFE_PN0P_/D
57	0.0765	enable	doneShiftReg	enable	doneShiftReg$_DFFE_PN0P_/D
58	0.0765	enable	RsDecodeChien.epsilonOddReg[I]	enable	RsDecodeChien.epsilonOddReg[7]$_DFFE_PN0P_/D
59	0.0765	enable	RsDecodeChien.lambdaEvenRegI[J]	enable	RsDecodeChien.lambdaEvenReg2[7]$_DFFE_PN0P_/D
60	0.0765	enable	RsDecodeChien.lambdaOddRegI[J]	enable	RsDecodeChien.lambdaOddReg2[7]$_DFFE_PN0P_/D
61	0.0765	enable	RsDecodeChien.lambdaSumReg[I]	enable	RsDecodeChien.lambdaSumReg[7]$_DFFE_PN0P_/D
62	0.0765	enable	RsDecodeChien.omegaSumReg[I]	enable	RsDecodeChien.omegaSumReg[7]$_DFFE_PN0P_/D
63	0.0771	RsDecodeEuclide.count[I]	RsDecodeEuclide.lambdaBkp_I[J]	RsDecodeEuclide.count[1]$_DFFE_PN0P_/Q	RsDecodeEuclide.lambdaBkp_20[0]$_DFFE_PN0P_/D
64	0.0773	startPls	RsDecodeSyndrome.reg_I[J]	startPls	RsDecodeSyndrome.reg_18[7]$_DFFE_PN0P_/D
65	0.0775	enable	RsDecodeChien.count[I]	enable	RsDecodeChien.count[0]$_DFFE_PN0P_/D
66	0.0781	enable	RsDecodeEuclide.omegaBkpReg[I]	enable	RsDecodeEuclide.omegaBkpReg[7]$_DFFE_PN0P_/D
67	0.0781	enable	RsDecodeEuclide.qNewReg[I]	enable	RsDecodeEuclide.qNewReg[7]$_DFFE_PN0P_/D
68	0.0783	enable	RsDecodeDelay.writePointer[I]	enable	RsDecodeDelay.writePointer[2]$_DFFE_PN1P_/D
69	0.0784	RsDecodeEuclide.omegaInner_I[J]	RsDecodeEuclide.omegaInvReg[I]	RsDecodeEuclide.omegaInner_21[4]$_DFFE_PN0P_/Q	RsDecodeEuclide.omegaInvReg[1]$_DFFE_PN0P_/D
70	0.0788	enable	RsDecodeChien.epsilonSumReg[I]	enable	RsDecodeChien.epsilonSumReg[0]$_DFFE_PN0P_/D
71	0.0806	enable	RsDecodeErasure.count[I]	enable	RsDecodeErasure.count[2]$_DFFE_PN0P_/D
72	0.0808	RsDecodeChien.denomEIReg[J]	RsDecodeChien.denomEIInvReg[J]	RsDecodeChien.denomE1Reg[1]$_DFFE_PN0P_/Q	RsDecodeChien.denomE1InvReg[2]$_DFFE_PN0P_/D
73	0.0820	enable	RsDecodeEuclide.phase[I]	enable	RsDecodeEuclide.phase[0]$_DFFE_PN0P_/D
74	0.0827	omegaShiftedReg_I[J]	RsDecodeDegree_I.pJStepKR[L]	omegaShiftedReg_19[3]$_DFFE_PN0P_/Q	RsDecodeDegree_1.p4Step1R[4]$_DFF_PN0_/D
75	0.0847	RsDecodeEuclide.offset[I]	RsDecodeEuclide.omegaInner_I[J]	RsDecodeEuclide.offset[1]$_DFFE_PN0P_/Q	RsDecodeEuclide.omegaInner_21[4]$_DFFE_PN0P_/D
76	0.0858	erasureIn	RsDecodeErasure.epsilonReg_I[J]	erasureIn	RsDecodeErasure.epsilonReg_10[7]$_DFFE_PN0P_/D
77	0.0861	RsDecodeEuclide.count[I]	RsDecodeEuclide.omegaInner_I[J]	RsDecodeEuclide.count[0]$_DFFE_PN0P_/Q	RsDecodeEuclide.omegaInner_1[0]$_DFFE_PN0P_/D
78	0.0871	erasureIn	RsDecodeErasure.erasureCount[I]	erasureIn	RsDecodeErasure.erasureCount[5]$_DFFE_PN0P_/D
79	0.0882	enable	RsDecodeEuclide.count[I]	enable	RsDecodeEuclide.count[2]$_DFFE_PN0P_/D
80	0.0883	RsDecodeEuclide.omegaInner_I[J]	RsDecodeEuclide.lambdaXorReg_I[J]	RsDecodeEuclide.omegaInner_21[1]$_DFFE_PN0P_/Q	RsDecodeEuclide.lambdaXorReg_10[1]$_DFFE_PN0P_/D
81	0.0891	RsDecodeEuclide.euclideSteps[I]	RsDecodeEuclide.lambdaBkp_I[J]	RsDecodeEuclide.euclideSteps[0]$_DFFE_PN0P_/Q	RsDecodeEuclide.lambdaBkp_20[0]$_DFFE_PN0P_/D
82	0.0899	degreeEpsilonReg[I]	RsDecodeEuclide.lambdaBkp_I[J]	degreeEpsilonReg[2]$_DFFE_PN0P_/Q	RsDecodeEuclide.lambdaBkp_20[0]$_DFFE_PN0P_/D
83	0.0907	RsDecodePolymul.count[I]	RsDecodeEuclide.numShiftedReg[I]	RsDecodePolymul.count[1]$_DFFE_PN0P_/Q	RsDecodeEuclide.numShiftedReg[4]$_DFFE_PN0P_/D
84	0.0909	enable	omegaReg_I[J]	enable	omegaReg_11[6]$_DFFE_PN0P_/D
85	0.0909	enable	degreeEpsilonRegI[J]	enable	degreeEpsilonReg3[0]$_DFFE_PN0P_/D
86	0.0909	enable	numShiftedReg[I]	enable	numShiftedReg[0]$_DFFE_PN0P_/D
87	0.0922	RsDecodeEuclide.omegaInner_I[J]	RsDecodeEuclide.omegaBkp_I[J]	RsDecodeEuclide.omegaInner_21[1]$_DFFE_PN0P_/Q	RsDecodeEuclide.omegaBkp_16[2]$_DFFE_PN0P_/D
88	0.0932	RsDecodeEuclide.qNewReg[I]	RsDecodeEuclide.omegaBkp_I[J]	RsDecodeEuclide.qNewReg[3]$_DFFE_PN0P_/Q	RsDecodeEuclide.omegaBkp_10[7]$_DFFE_PN0P_/D
89	0.0959	enable	failErasureRegI	enable	failErasureReg5$_DFFE_PN0P_/D
90	0.0959	enable	numErrorLambdaReg[I]	enable	numErrorLambdaReg[0]$_DFFE_PN0P_/D
91	0.1028	RsDecodeEuclide.count[I]	RsDecodeEuclide.lambdaInner_I[J]	RsDecodeEuclide.count[1]$_DFFE_PN0P_/Q	RsDecodeEuclide.lambdaInner_20[0]$_DFFE_PN0P_/D
92	0.1047	enable	degreeErrorReg	enable	degreeErrorReg$_DFFE_PN0P_/D
93	0.1051	enable	doneShift	enable	doneShift$_DFFE_PN0P_/D
94	0.1066	RsDecodeDegree_I.pJStepKR[L]	degreeLambdaReg[I]	RsDecodeDegree_2.p0Step2R[0]$_DFF_PN0_/Q	degreeLambdaReg[0]$_DFFE_PN0P_/D
95	0.1083	RsDecodeEuclide.count[I]	RsDecodeEuclide.lambdaXorReg_I[J]	RsDecodeEuclide.count[1]$_DFFE_PN0P_/Q	RsDecodeEuclide.lambdaXorReg_10[1]$_DFFE_PN0P_/D
96	0.1088	degreeEpsilonReg[I]	RsDecodeEuclide.omegaInner_I[J]	degreeEpsilonReg[2]$_DFFE_PN0P_/Q	RsDecodeEuclide.omegaInner_1[0]$_DFFE_PN0P_/D
97	0.1098	RsDecodePolymul.syndromeReg_I[J]	RsDecodePolymul.sumReg_I[J]	RsDecodePolymul.syndromeReg_20[4]$_DFFE_PN0P_/Q	RsDecodePolymul.sumReg_20[4]$_DFFE_PN0P_/D
98	0.1111	enable	doneShiftRegI	enable	doneShiftReg2$_DFFE_PN0P_/D
99	0.1112	RsDecodeDegree_I.pJStepKR[L]	degreeOmegaReg[I]	RsDecodeDegree_1.p0Step2R[0]$_DFF_PN0_/Q	degreeOmegaReg[0]$_DFFE_PN0P_/D
100	0.1157	startPls	RsDecodeErasure.count[I]	startPls	RsDecodeErasure.count[0]$_DFFE_PN0P_/D
