# stage	1_synth
# top_module	RsDecodeTop
# top_n	100
# kind	blocks
# include_full	1
# rank	worst_slack_ns	start	end	start_full	end_full
1	-0.0706	RsDecodeDegree_I.pJStepKR[L]	degreeLambdaReg[I]	RsDecodeDegree_2.p2Step1R[0]$_DFF_PN0_/Q	degreeLambdaReg[0]$_DFFE_PN0P_/D
2	-0.0657	RsDecodeDegree_I.pJStepKR[L]	degreeOmegaReg[I]	RsDecodeDegree_1.p2Step1R[0]$_DFF_PN0_/Q	degreeOmegaReg[0]$_DFFE_PN0P_/D
3	-0.0635	RsDecodeSyndrome.count[I]	RsDecodePolymul.sumReg_I[J]	RsDecodeSyndrome.count[1]$_DFFE_PN0P_/Q	RsDecodePolymul.sumReg_1[3]$_DFFE_PN0P_/D
4	-0.0534	RsDecodeDelay.RsDecodeDpRam.rRdAddr[I]	RsDecodeDelay.RsDecodeDpRam.q[I]	RsDecodeDelay.RsDecodeDpRam.rRdAddr[0]$_DFF_P_/Q	RsDecodeDelay.RsDecodeDpRam.q[4]$_DFFE_PP_/D
5	0.0006	enable	RsDecodeDelay.RsDecodeDpRam.mem[I][J]	enable	RsDecodeDelay.RsDecodeDpRam.mem[111][0]$_DFFE_PP_/D
6	0.0075	RsDecodePolymul.count[I]	RsDecodeEuclide.lambdaBkp_I[J]	RsDecodePolymul.count[1]$_DFFE_PN0P_/Q	RsDecodeEuclide.lambdaBkp_15[1]$_DFFE_PN0P_/D
7	0.0110	RsDecodePolymul.count[I]	RsDecodeEuclide.omegaInner_I[J]	RsDecodePolymul.count[1]$_DFFE_PN0P_/Q	RsDecodeEuclide.omegaInner_14[5]$_DFFE_PN0P_/D
8	0.0131	enable	RsDecodeChien.denomEIInvReg[J]	enable	RsDecodeChien.denomE1InvReg[0]$_DFFE_PN0P_/D
9	0.0131	enable	RsDecodeEuclide.omegaInvReg[I]	enable	RsDecodeEuclide.omegaInvReg[0]$_DFFE_PN0P_/D
10	0.0131	enable	doneReg[I]	enable	doneReg[0]$_DFFE_PN0P_/D
11	0.0131	enable	lambdaRegI_J[K]	enable	lambdaReg2_0[0]$_DFFE_PN0P_/D
12	0.0131	enable	startReg[I]	enable	startReg[1]$_DFFE_PN0P_/D
13	0.0143	enable	RsDecodeEuclide.lambdaBkp_I[J]	enable	RsDecodeEuclide.lambdaBkp_15[1]$_DFFE_PN0P_/D
14	0.0156	RsDecodeErasure.epsilonReg_I[J]	RsDecodePolymul.sumReg_I[J]	RsDecodeErasure.epsilonReg_22[3]$_DFFE_PN0P_/Q	RsDecodePolymul.sumReg_20[3]$_DFFE_PN0P_/D
15	0.0168	enable	RsDecodeChien.numErrorReg[I]	enable	RsDecodeChien.numErrorReg[0]$_DFFE_PN0P_/D
16	0.0174	enable	RsDecodeSyndrome.reg_I[J]	enable	RsDecodeSyndrome.reg_15[7]$_DFFE_PN0P_/D
17	0.0178	enable	RsDecodeEuclide.omegaInner_I[J]	enable	RsDecodeEuclide.omegaInner_14[5]$_DFFE_PN0P_/D
18	0.0182	enable	doneShiftReg	enable	doneShiftReg$_DFFE_PN0P_/D
19	0.0184	RsDecodeEuclide.qNewReg[I]	RsDecodeEuclide.omegaInner_I[J]	RsDecodeEuclide.qNewReg[3]$_DFFE_PN0P_/Q	RsDecodeEuclide.omegaInner_1[3]$_DFFE_PN0P_/D
20	0.0185	RsDecodePolymul.epsilonReg_I[J]	RsDecodePolymul.sumReg_I[J]	RsDecodePolymul.epsilonReg_22[7]$_DFFE_PN0P_/Q	RsDecodePolymul.sumReg_3[4]$_DFFE_PN0P_/D
21	0.0248	enable	RsDecodeChien.lambdaReg_I[J]	enable	RsDecodeChien.lambdaReg_5[7]$_DFFE_PN0P_/D
22	0.0248	enable	RsDecodeChien.omegaReg_I[J]	enable	RsDecodeChien.omegaReg_12[1]$_DFFE_PN0P_/D
23	0.0248	enable	RsDecodeChien.epsilonReg_I[J]	enable	RsDecodeChien.epsilonReg_12[1]$_DFFE_PN0P_/D
24	0.0257	RsDecodeEuclide.qNewReg[I]	RsDecodeEuclide.lambdaInner_I[J]	RsDecodeEuclide.qNewReg[5]$_DFFE_PN0P_/Q	RsDecodeEuclide.lambdaInner_21[7]$_DFFE_PN0P_/D
25	0.0264	enable	RsDecodePolymul.sumReg_I[J]	enable	RsDecodePolymul.sumReg_10[3]$_DFFE_PN0P_/D
26	0.0277	enable	RsDecodeSyndrome.count[I]	enable	RsDecodeSyndrome.count[2]$_DFFE_PN0P_/D
27	0.0288	RsDecodeEuclide.count[I]	RsDecodeEuclide.lambdaBkp_I[J]	RsDecodeEuclide.count[1]$_DFFE_PN0P_/Q	RsDecodeEuclide.lambdaBkp_15[1]$_DFFE_PN0P_/D
28	0.0292	RsDecodeEuclide.qNewReg[I]	RsDecodeEuclide.omegaBkp_I[J]	RsDecodeEuclide.qNewReg[2]$_DFFE_PN0P_/Q	RsDecodeEuclide.omegaBkp_17[5]$_DFFE_PN0P_/D
29	0.0293	RsDecodeEuclide.qNewReg[I]	RsDecodeEuclide.lambdaXorReg_I[J]	RsDecodeEuclide.qNewReg[5]$_DFFE_PN0P_/Q	RsDecodeEuclide.lambdaXorReg_12[4]$_DFFE_PN0P_/D
30	0.0304	RsDecodeChien.lambdaReg_I[J]	RsDecodeChien.numErrorRegI[J]	RsDecodeChien.lambdaReg_5[7]$_DFFE_PN0P_/Q	RsDecodeChien.numErrorReg2[3]$_DFFE_PN0P_/D
31	0.0306	enable	RsDecodeErasure.count[I]	enable	RsDecodeErasure.count[4]$_DFFE_PN0P_/D
32	0.0323	RsDecodeEuclide.count[I]	RsDecodeEuclide.omegaInner_I[J]	RsDecodeEuclide.count[1]$_DFFE_PN0P_/Q	RsDecodeEuclide.omegaInner_14[5]$_DFFE_PN0P_/D
33	0.0328	enable	RsDecodePolymul.epsilonReg_I[J]	enable	RsDecodePolymul.epsilonReg_1[2]$_DFFE_PN0P_/D
34	0.0380	enable	omegaShiftedReg_I[J]	enable	omegaShiftedReg_1[0]$_DFFE_PN0P_/D
35	0.0410	enable	RsDecodeErasure.powerReg[I]	enable	RsDecodeErasure.powerReg[0]$_DFFE_PN0P_/D
36	0.0413	enable	RsDecodeDelay.writePointer[I]	enable	RsDecodeDelay.writePointer[3]$_DFFE_PN1P_/D
37	0.0420	RsDecodeSyndrome.count[I]	RsDecodePolymul.epsilonReg_I[J]	RsDecodeSyndrome.count[1]$_DFFE_PN0P_/Q	RsDecodePolymul.epsilonReg_16[6]$_DFFE_PN0P_/D
38	0.0420	enable	RsDecodeEuclide.phase[I]	enable	RsDecodeEuclide.phase[1]$_DFFE_PN0P_/D
39	0.0456	enable	RsDecodeDelay.readPointer[I]	enable	RsDecodeDelay.readPointer[0]$_DFFE_PN0P_/D
40	0.0462	enable	RsDecodeEuclide.count[I]	enable	RsDecodeEuclide.count[1]$_DFFE_PN0P_/D
41	0.0463	enable	RsDecodeChien.count[I]	enable	RsDecodeChien.count[1]$_DFFE_PN0P_/D
42	0.0463	enable	RsDecodePolymul.count[I]	enable	RsDecodePolymul.count[1]$_DFFE_PN0P_/D
43	0.0489	enable	RsDecodeErasure.epsilonReg_I[J]	enable	RsDecodeErasure.epsilonReg_0[0]$_DFFE_PN0P_/D
44	0.0493	erasureIn	RsDecodeSyndrome.reg_I[J]	erasureIn	RsDecodeSyndrome.reg_0[7]$_DFFE_PN0P_/D
45	0.0535	RsDecodeSyndrome.count[I]	RsDecodePolymul.syndromeReg_I[J]	RsDecodeSyndrome.count[1]$_DFFE_PN0P_/Q	RsDecodePolymul.syndromeReg_13[0]$_DFFE_PN0P_/D
46	0.0540	enable	degreeOmegaReg[I]	enable	degreeOmegaReg[3]$_DFFE_PN0P_/D
47	0.0549	RsDecodePolymul.count[I]	RsDecodeEuclide.omegaBkp_I[J]	RsDecodePolymul.count[1]$_DFFE_PN0P_/Q	RsDecodeEuclide.omegaBkp_11[6]$_DFFE_PN0P_/D
48	0.0566	enable	doneShift	enable	doneShift$_DFFE_PN0P_/D
49	0.0566	enable	doneShiftRegI	enable	doneShiftReg2$_DFFE_PN0P_/D
50	0.0568	erasureIn	RsDecodeDelay.RsDecodeDpRam.mem[I][J]	erasureIn	RsDecodeDelay.RsDecodeDpRam.mem[0][7]$_DFFE_PP_/D
51	0.0578	RsDecodePolymul.count[I]	RsDecodeEuclide.lambdaInner_I[J]	RsDecodePolymul.count[1]$_DFFE_PN0P_/Q	RsDecodeEuclide.lambdaInner_20[5]$_DFFE_PN0P_/D
52	0.0617	enable	RsDecodeEuclide.omegaBkp_I[J]	enable	RsDecodeEuclide.omegaBkp_11[6]$_DFFE_PN0P_/D
53	0.0626	enable	degreeLambdaReg[I]	enable	degreeLambdaReg[1]$_DFFE_PN0P_/D
54	0.0631	RsDecodeEuclide.omegaInner_I[J]	RsDecodeEuclide.omegaBkp_I[J]	RsDecodeEuclide.omegaInner_21[1]$_DFFE_PN0P_/Q	RsDecodeEuclide.omegaBkp_10[0]$_DFFE_PN0P_/D
55	0.0637	enable	degreeEpsilonRegI[J]	enable	degreeEpsilonReg2[3]$_DFFE_PN0P_/D
56	0.0638	enable	epsilonRegI_J[K]	enable	epsilonReg2_0[1]$_DFFE_PN0P_/D
57	0.0645	enable	RsDecodeEuclide.lambdaInner_I[J]	enable	RsDecodeEuclide.lambdaInner_20[5]$_DFFE_PN0P_/D
58	0.0646	enable	RsDecodeChien.numErrorRegI[J]	enable	RsDecodeChien.numErrorReg2[0]$_DFFE_PN0P_/D
59	0.0671	RsDecodeEuclide.omegaInner_I[J]	RsDecodeEuclide.omegaInner_I[J]	RsDecodeEuclide.omegaInner_21[1]$_DFFE_PN0P_/Q	RsDecodeEuclide.omegaInner_15[3]$_DFFE_PN0P_/D
60	0.0671	RsDecodeEuclide.euclideSteps[I]	RsDecodeEuclide.lambdaBkp_I[J]	RsDecodeEuclide.euclideSteps[2]$_DFFE_PN0P_/QN	RsDecodeEuclide.lambdaBkp_15[1]$_DFFE_PN0P_/D
61	0.0675	enable	numErasureReg[I]	enable	numErasureReg[0]$_DFFE_PN0P_/D
62	0.0675	enable	numErrorReg[I]	enable	numErrorReg[0]$_DFFE_PN0P_/D
63	0.0706	RsDecodeEuclide.euclideSteps[I]	RsDecodeEuclide.omegaInner_I[J]	RsDecodeEuclide.euclideSteps[2]$_DFFE_PN0P_/QN	RsDecodeEuclide.omegaInner_14[5]$_DFFE_PN0P_/D
64	0.0708	RsDecodeEuclide.omegaInner_I[J]	RsDecodeEuclide.omegaInvReg[I]	RsDecodeEuclide.omegaInner_21[3]$_DFFE_PN0P_/Q	RsDecodeEuclide.omegaInvReg[0]$_DFFE_PN0P_/D
65	0.0709	lambdaRegI_J[K]	RsDecodeDegree_I.pJStepKR[L]	lambdaReg2_15[3]$_DFFE_PN0P_/Q	RsDecodeDegree_2.p3Step1R[2]$_DFF_PN0_/D
66	0.0718	RsDecodePolymul.count[I]	RsDecodeEuclide.lambdaXorReg_I[J]	RsDecodePolymul.count[1]$_DFFE_PN0P_/Q	RsDecodeEuclide.lambdaXorReg_20[5]$_DFFE_PN0P_/D
67	0.0721	enable	RsDecodeChien.lambdaEvenRegI[J]	enable	RsDecodeChien.lambdaEvenReg2[7]$_DFFE_PN0P_/D
68	0.0721	enable	RsDecodeChien.lambdaSumReg[I]	enable	RsDecodeChien.lambdaSumReg[7]$_DFFE_PN0P_/D
69	0.0747	numShiftedReg[I]	omegaShiftedReg_I[J]	numShiftedReg[3]$_DFFE_PN0P_/Q	omegaShiftedReg_0[4]$_DFFE_PN0P_/D
70	0.0748	omegaShiftedReg_I[J]	RsDecodeDegree_I.pJStepKR[L]	omegaShiftedReg_15[3]$_DFFE_PN0P_/Q	RsDecodeDegree_1.p3Step1R[0]$_DFF_PN0_/D
71	0.0753	RsDecodeEuclide.count[I]	RsDecodeEuclide.omegaBkp_I[J]	RsDecodeEuclide.count[1]$_DFFE_PN0P_/Q	RsDecodeEuclide.omegaBkp_10[0]$_DFFE_PN0P_/D
72	0.0757	enable	RsDecodeChien.denomEIReg[J]	enable	RsDecodeChien.denomE1Reg[0]$_DFFE_PN0P_/D
73	0.0757	enable	RsDecodeChien.numeRegI[J]	enable	RsDecodeChien.numeReg2[0]$_DFFE_PN0P_/D
74	0.0757	enable	RsDecodeChien.lambdaOddRegI[J]	enable	RsDecodeChien.lambdaOddReg2[0]$_DFFE_PN0P_/D
75	0.0757	enable	RsDecodeChien.omegaSumReg[I]	enable	RsDecodeChien.omegaSumReg[0]$_DFFE_PN0P_/D
76	0.0762	enable	RsDecodeEuclide.omegaBkpReg[I]	enable	RsDecodeEuclide.omegaBkpReg[7]$_DFFE_PN0P_/D
77	0.0762	enable	RsDecodeEuclide.qNewReg[I]	enable	RsDecodeEuclide.qNewReg[7]$_DFFE_PN0P_/D
78	0.0762	enable	RsDecodeChien.epsilonOddReg[I]	enable	RsDecodeChien.epsilonOddReg[7]$_DFFE_PN0P_/D
79	0.0769	RsDecodePolymul.syndromeReg_I[J]	RsDecodePolymul.sumReg_I[J]	RsDecodePolymul.syndromeReg_3[6]$_DFFE_PN0P_/Q	RsDecodePolymul.sumReg_3[4]$_DFFE_PN0P_/D
80	0.0769	RsDecodeChien.denomEIReg[J]	RsDecodeChien.denomEIInvReg[J]	RsDecodeChien.denomE0Reg[4]$_DFFE_PN0P_/Q	RsDecodeChien.denomE0InvReg[2]$_DFFE_PN0P_/D
81	0.0786	enable	RsDecodeEuclide.lambdaXorReg_I[J]	enable	RsDecodeEuclide.lambdaXorReg_20[5]$_DFFE_PN0P_/D
82	0.0790	RsDecodeEuclide.omegaInner_I[J]	RsDecodeEuclide.offset[I]	RsDecodeEuclide.omegaInner_21[1]$_DFFE_PN0P_/Q	RsDecodeEuclide.offset[4]$_DFFE_PN0P_/D
83	0.0791	RsDecodeEuclide.count[I]	RsDecodeEuclide.lambdaInner_I[J]	RsDecodeEuclide.count[1]$_DFFE_PN0P_/Q	RsDecodeEuclide.lambdaInner_20[5]$_DFFE_PN0P_/D
84	0.0813	enable	OutputValidReg	enable	OutputValidReg$_DFFE_PN0P_/D
85	0.0869	RsDecodeErasure.epsilonReg_I[J]	RsDecodeErasure.epsilonReg_I[J]	RsDecodeErasure.epsilonReg_22[4]$_DFFE_PN0P_/Q	RsDecodeErasure.epsilonReg_22[0]$_DFFE_PN0P_/D
86	0.0871	RsDecodeErasure.powerReg[I]	RsDecodeErasure.epsilonReg_I[J]	RsDecodeErasure.powerReg[3]$_DFFE_PN0P_/Q	RsDecodeErasure.epsilonReg_22[5]$_DFFE_PN0P_/D
87	0.0874	enable	RsDecodeErasure.erasureCount[I]	enable	RsDecodeErasure.erasureCount[5]$_DFFE_PN0P_/D
88	0.0883	RsDecodePolymul.count[I]	RsDecodeEuclide.numShiftedReg[I]	RsDecodePolymul.count[1]$_DFFE_PN0P_/Q	RsDecodeEuclide.numShiftedReg[0]$_DFFE_PN0P_/D
89	0.0898	enable	failErasureRegI	enable	failErasureReg5$_DFFE_PN0P_/D
90	0.0898	enable	numErrorLambdaReg[I]	enable	numErrorLambdaReg[0]$_DFFE_PN0P_/D
91	0.0931	RsDecodeEuclide.count[I]	RsDecodeEuclide.lambdaXorReg_I[J]	RsDecodeEuclide.count[1]$_DFFE_PN0P_/Q	RsDecodeEuclide.lambdaXorReg_20[5]$_DFFE_PN0P_/D
92	0.0943	enable	omegaReg_I[J]	enable	omegaReg_6[6]$_DFFE_PN0P_/D
93	0.0943	enable	numShiftedReg[I]	enable	numShiftedReg[0]$_DFFE_PN0P_/D
94	0.0947	startPls	RsDecodeSyndrome.reg_I[J]	startPls	RsDecodeSyndrome.reg_15[0]$_DFFE_PN0P_/D
95	0.0951	enable	RsDecodeEuclide.numShiftedReg[I]	enable	RsDecodeEuclide.numShiftedReg[0]$_DFFE_PN0P_/D
96	0.0954	enable	RsDecodeChien.epsilonSumReg[I]	enable	RsDecodeChien.epsilonSumReg[7]$_DFFE_PN0P_/D
97	0.0954	RsDecodeEuclide.omegaInner_I[J]	RsDecodeEuclide.numShiftedReg[I]	RsDecodeEuclide.omegaInner_21[1]$_DFFE_PN0P_/Q	RsDecodeEuclide.numShiftedReg[0]$_DFFE_PN0P_/D
98	0.0961	erasureIn	RsDecodeErasure.epsilonReg_I[J]	erasureIn	RsDecodeErasure.epsilonReg_10[7]$_DFFE_PN0P_/D
99	0.0964	erasureIn	RsDecodeErasure.erasureCount[I]	erasureIn	RsDecodeErasure.erasureCount[5]$_DFFE_PN0P_/D
100	0.0969	RsDecodeEuclide.offset[I]	RsDecodeEuclide.omegaInner_I[J]	RsDecodeEuclide.offset[1]$_DFFE_PN0P_/Q	RsDecodeEuclide.omegaInner_15[3]$_DFFE_PN0P_/D
