# stage	1_synth
# top_module	viterbi_core
# top_n	100
# kind	blocks
# include_full	1
# rank	worst_slack_ns	start	end	start_full	end_full
1	-0.3129	src_rdata_i[I]	bmu_inst_I.bm_r[J]	src_rdata_i[20]	bmu_inst_25.bm_r[8]$_DFF_PN0_/D
2	-0.0453	register_num_i[I]	acs_inst_I.pm_r[J]	register_num_i[1]	acs_inst_17.pm_r[0]$_DFF_PN0_/D
3	0.0031	register_num_i[I]	acs_inst_I.survivor_path_r	register_num_i[1]	acs_inst_17.survivor_path_r$_DFF_PN0_/D
4	0.4960	bmu_inst_I.bm_rJ[K]	acs_inst_I.pm_r[J]	bmu_inst_63.bm_r3[0]$_DFF_PN0_/Q	acs_inst_60.pm_r[2]$_DFF_PN0_/D
5	0.5484	bmu_inst_I.bm_rJ[K]	acs_inst_I.survivor_path_r	bmu_inst_63.bm_r3[0]$_DFF_PN0_/Q	acs_inst_60.survivor_path_r$_DFF_PN0_/D
6	0.5553	acs_inst_I.pm_r[J]	pm_normalize_inst.grp_max_r[I][J]	acs_inst_21.pm_r[7]$_DFF_PN0_/Q	pm_normalize_inst.grp_max_r[2][0]$_DFF_PN0_/D
7	0.6512	register_num_i[I]	bmu_inst_I.low_codeword_tmp[J]	register_num_i[1]	bmu_inst_26.low_codeword_tmp[2]$_DFFE_PN0P_/D
8	0.6536	infobit_length_i[I]	src_addr_r[I]	infobit_length_i[9]	src_addr_r[2]$_DFFE_PN0P_/D
9	0.6646	pm_normalize_inst.grp_max_r[I][J]	pm_normalize_inst.max_reg[I]	pm_normalize_inst.grp_max_r[7][7]$_DFF_PN0_/Q	pm_normalize_inst.max_reg[0]$_DFF_PN0_/D
10	0.6659	infobit_length_i[I]	src_len_counter_r[I]	infobit_length_i[9]	src_len_counter_r[8]$_DFFE_PN0P_/D
11	0.6720	register_num_i[I]	pm_normalize_inst.pm_nom_r[I][J]	register_num_i[1]	pm_normalize_inst.pm_nom_r[16][0]$_DFFE_PN0P_/D
12	0.6965	frame_start_i	fetch_src_cnt_r[I]	frame_start_i	fetch_src_cnt_r[10]$_DFFE_PN0P_/D
13	0.7019	register_num_i[I]	pm_normalize_inst.max_reg[I]	register_num_i[0]	pm_normalize_inst.max_reg[3]$_DFF_PN0_/D
14	0.7085	rst_sync_i	fetch_src_cnt_r[I]	rst_sync_i	fetch_src_cnt_r[10]$_DFFE_PN0P_/D
15	0.7095	polynomialI_i[J]	bmu_inst_I.low_codeword_tmp[J]	polynomial4_i[3]	bmu_inst_63.low_codeword_tmp[3]$_DFFE_PN0P_/D
16	0.7303	valid_polynomials_i[I]	bmu_inst_I.bm_r[J]	valid_polynomials_i[1]	bmu_inst_23.bm_r[2]$_DFF_PN0_/D
17	0.7369	valid_polynomials_i[I]	bmu_inst_I.low_codeword[J]	valid_polynomials_i[1]	bmu_inst_1.low_codeword[2]$_DFFE_PN0P_/D
18	0.7467	rst_sync_i	pm_normalize_inst.pm_nom_r[I][J]	rst_sync_i	pm_normalize_inst.pm_nom_r[16][0]$_DFFE_PN0P_/D
19	0.7475	rst_sync_i	acs_inst_I.pm_r[J]	rst_sync_i	acs_inst_5.pm_r[5]$_DFF_PN0_/D
20	0.7554	pm_normalize_inst.max_reg[I]	pm_normalize_inst.pm_nom_r[I][J]	pm_normalize_inst.max_reg[0]$_DFF_PN0_/Q	pm_normalize_inst.pm_nom_r[2][4]$_DFFE_PN0P_/D
21	0.7601	bmu_inst_I.low_codeword[J]	bmu_inst_I.bm_r[J]	bmu_inst_25.low_codeword[4]$_DFFE_PN0P_/Q	bmu_inst_25.bm_r[8]$_DFF_PN0_/D
22	0.7721	register_num_i[I]	acs_en_r[I]	register_num_i[1]	acs_en_r[62]$_DFFE_PN0P_/D
23	0.7737	rst_sync_i	bmu_inst_I.low_codeword[J]	rst_sync_i	bmu_inst_16.low_codeword[0]$_DFFE_PN0P_/D
24	0.7743	rst_sync_i	acs_inst_I.survivor_path_r	rst_sync_i	acs_inst_51.survivor_path_r$_DFF_PN0_/D
25	0.7853	rst_sync_i	bmu_inst_I.low_codeword_tmp[J]	rst_sync_i	bmu_inst_41.low_codeword_tmp[5]$_DFFE_PN0P_/D
26	0.7940	rst_sync_i	bmu_inst_I.bm_r[J]	rst_sync_i	bmu_inst_21.bm_r[7]$_DFF_PN0_/D
27	0.7996	rst_sync_i	pm_normalize_inst.grp_max_r[I][J]	rst_sync_i	pm_normalize_inst.grp_max_r[0][3]$_DFF_PN0_/D
28	0.8060	frame_start_i	flush_all_start_r	frame_start_i	flush_all_start_r$_DFFE_PN0P_/D
29	0.8099	frame_start_i	tb_len_r[I]	frame_start_i	tb_len_r[2]$_DFFE_PN0P_/D
30	0.8105	frame_start_i	src_len_counter_r[I]	frame_start_i	src_len_counter_r[3]$_DFFE_PN0P_/D
31	0.8134	rst_sync_i	pm_normalize_inst.max_reg[I]	rst_sync_i	pm_normalize_inst.max_reg[8]$_DFF_PN0_/D
32	0.8163	rst_sync_i	bmu_inst_I.bm_rJ[K]	rst_sync_i	bmu_inst_58.bm_r2[7]$_DFF_PN0_/D
33	0.8169	rst_sync_i	src_len_counter_r[I]	rst_sync_i	src_len_counter_r[3]$_DFFE_PN0P_/D
34	0.8171	frame_start_i	src_addr_r[I]	frame_start_i	src_addr_r[8]$_DFFE_PN0P_/D
35	0.8187	rst_sync_i	flush_all_start_r	rst_sync_i	flush_all_start_r$_DFFE_PN0P_/D
36	0.8202	frame_start_i	trellis_idx_r[I]	frame_start_i	trellis_idx_r[12]$_DFFE_PN0P_/D
37	0.8202	frame_start_i	state_r[I]	frame_start_i	state_r[2]$_DFF_PN0_/D
38	0.8202	frame_start_i	tb_wr_addr_r[I]	frame_start_i	tb_wr_addr_r[2]$_DFFE_PN0P_/D
39	0.8207	rst_sync_i	pm_normalize_inst.pm_pipe_r[I][J]	rst_sync_i	pm_normalize_inst.pm_pipe_r[57][2]$_DFF_PN0_/D
40	0.8221	rst_sync_i	traceback_start_r	rst_sync_i	traceback_start_r$_DFF_PN0_/D
41	0.8224	rst_sync_i	trellis_idx_r[I]	rst_sync_i	trellis_idx_r[5]$_DFFE_PN0P_/D
42	0.8226	rst_sync_i	tb_len_r[I]	rst_sync_i	tb_len_r[2]$_DFFE_PN0P_/D
43	0.8227	rst_sync_i	dst_addr_r[I]	rst_sync_i	dst_addr_r[4]$_DFFE_PN0P_/D
44	0.8263	rst_sync_i	traceback_ins.tb_addr_r[I]	rst_sync_i	traceback_ins.tb_addr_r[5]$_DFFE_PN0P_/D
45	0.8279	rst_sync_i	bmu_inst_I.bm_valid_rJ	rst_sync_i	bmu_inst_16.bm_valid_r2$_DFF_PN0_/D
46	0.8279	rst_sync_i	pm_normalize_inst.pm_pipe_rI[J][K]	rst_sync_i	pm_normalize_inst.pm_pipe_r2[0][0]$_DFF_PN0_/D
47	0.8291	rst_sync_i	acs_en_r[I]	rst_sync_i	acs_en_r[15]$_DFFE_PN0P_/D
48	0.8306	rst_sync_i	src_addr_r[I]	rst_sync_i	src_addr_r[8]$_DFFE_PN0P_/D
49	0.8329	rst_sync_i	state_r[I]	rst_sync_i	state_r[2]$_DFF_PN0_/D
50	0.8329	rst_sync_i	tb_wr_addr_r[I]	rst_sync_i	tb_wr_addr_r[2]$_DFFE_PN0P_/D
51	0.8346	rst_sync_i	traceback_ins.tb_counter_r[I]	rst_sync_i	traceback_ins.tb_counter_r[0]$_DFFE_PN0P_/D
52	0.8350	rst_sync_i	acs_inst_I.valid_r	rst_sync_i	acs_inst_0.valid_r$_DFF_PN0_/D
53	0.8368	rst_sync_i	decoding_start_r	rst_sync_i	decoding_start_r$_DFF_PN0_/D
54	0.8368	rst_sync_i	pm_normalize_inst.en_pipe_r	rst_sync_i	pm_normalize_inst.en_pipe_r$_DFF_PN0_/D
55	0.8368	rst_sync_i	traceback_ins.tb_rd_r	rst_sync_i	traceback_ins.tb_rd_r$_DFF_PN0_/D
56	0.8376	rst_sync_i	busy_r	rst_sync_i	busy_r$_DFFE_PN0P_/D
57	0.8376	rst_sync_i	pm_normalize_inst.tail_biting_pipe_r	rst_sync_i	pm_normalize_inst.tail_biting_pipe_r$_DFF_PN0_/D
58	0.8396	frame_start_i	dst_addr_r[I]	frame_start_i	dst_addr_r[10]$_DFFE_PN0P_/D
59	0.8410	tail_biting_en_i	trellis_idx_r[I]	tail_biting_en_i	trellis_idx_r[8]$_DFFE_PN0P_/D
60	0.8527	frame_start_i	bmu_inst_I.ready_r	frame_start_i	bmu_inst_0.ready_r$_DFFE_PN0P_/D
61	0.8531	frame_start_i	first_loop_r	frame_start_i	first_loop_r$_DFFE_PN0P_/D
62	0.8531	frame_start_i	full_tb_start_r	frame_start_i	full_tb_start_r$_DFFE_PN0P_/D
63	0.8531	frame_start_i	half_tb_start_r	frame_start_i	half_tb_start_r$_DFFE_PN0P_/D
64	0.8560	frame_start_i	acs_en_r[I]	frame_start_i	acs_en_r[31]$_DFFE_PN0P_/D
65	0.8569	frame_start_i	src_rd_r	frame_start_i	src_rd_r$_DFFE_PN0P_/D
66	0.8633	rst_sync_i	src_rd_r	rst_sync_i	src_rd_r$_DFFE_PN0P_/D
67	0.8633	rst_sync_i	bmu_inst_I.ready_r	rst_sync_i	bmu_inst_0.ready_r$_DFFE_PN0P_/D
68	0.8638	rst_sync_i	first_loop_r	rst_sync_i	first_loop_r$_DFFE_PN0P_/D
69	0.8638	rst_sync_i	full_tb_start_r	rst_sync_i	full_tb_start_r$_DFFE_PN0P_/D
70	0.8638	rst_sync_i	half_tb_start_r	rst_sync_i	half_tb_start_r$_DFFE_PN0P_/D
71	0.8663	rst_sync_i	dst_wr_dI_r	rst_sync_i	dst_wr_d1_r$_DFF_PN0_/D
72	0.8663	rst_sync_i	pm_normalize_inst.en_pipe_rI	rst_sync_i	pm_normalize_inst.en_pipe_r2$_DFF_PN0_/D
73	0.8663	rst_sync_i	pm_normalize_inst.tail_biting_pipe_rI	rst_sync_i	pm_normalize_inst.tail_biting_pipe_r2$_DFF_PN0_/D
74	0.8692	frame_start_i	byte_idx_r[I]	frame_start_i	byte_idx_r[0]$_DFF_PN0_/D
75	0.8741	rst_sync_i	bmu_inst_I.calc_codeword_en	rst_sync_i	bmu_inst_17.calc_codeword_en$_DFF_PN0_/D
76	0.8765	acs_inst_I.valid_r	tb_addr_o[I]	acs_inst_0.valid_r$_DFF_PN0_/Q	tb_addr_o[0]
77	0.8766	frame_start_i	frame_done_r	frame_start_i	frame_done_r$_DFFE_PN0P_/D
78	0.8766	frame_start_i	last_loop_r	frame_start_i	last_loop_r$_DFFE_PN0P_/D
79	0.8787	rst_sync_i	bmu_ready_dI_r	rst_sync_i	bmu_ready_d1_r$_DFF_PN1_/D
80	0.8798	rst_sync_i	byte_idx_r[I]	rst_sync_i	byte_idx_r[0]$_DFF_PN0_/D
81	0.8893	rst_sync_i	frame_done_r	rst_sync_i	frame_done_r$_DFFE_PN0P_/D
82	0.8893	rst_sync_i	last_loop_r	rst_sync_i	last_loop_r$_DFFE_PN0P_/D
83	0.8926	pm_normalize_inst.pm_nom_r[I][J]	acs_inst_I.pm_r[J]	pm_normalize_inst.pm_nom_r[34][0]$_DFFE_PN0P_/Q	acs_inst_60.pm_r[2]$_DFF_PN0_/D
84	0.8981	frame_start_i	dst_wr_r	frame_start_i	dst_wr_r$_DFF_PN0_/D
85	0.9088	rst_sync_i	dst_wr_r	rst_sync_i	dst_wr_r$_DFF_PN0_/D
86	0.9305	rst_sync_i	bmu_inst_I.calc_polyn_en	rst_sync_i	bmu_inst_18.calc_polyn_en$_DFF_PN0_/D
87	0.9432	pm_normalize_inst.pm_nom_r[I][J]	acs_inst_I.survivor_path_r	pm_normalize_inst.pm_nom_r[16][0]$_DFFE_PN0P_/Q	acs_inst_17.survivor_path_r$_DFF_PN0_/D
88	0.9436	decoding_length_i[I]	trellis_idx_r[I]	decoding_length_i[6]	trellis_idx_r[6]$_DFFE_PN0P_/D
89	0.9440	infobit_length_i[I]	trellis_idx_r[I]	infobit_length_i[6]	trellis_idx_r[6]$_DFFE_PN0P_/D
90	0.9442	frame_start_i	bmu_inst_I.calc_polyn_en	frame_start_i	bmu_inst_18.calc_polyn_en$_DFF_PN0_/D
91	0.9500	rst_sync_i	soft_data_valid_r	rst_sync_i	soft_data_valid_r$_DFF_PN0_/D
92	0.9567	frame_start_i	busy_r	frame_start_i	busy_r$_DFFE_PN0P_/D
93	0.9628	tb_wr_addr_r[I]	tb_addr_o[I]	tb_wr_addr_r[2]$_DFFE_PN0P_/Q	tb_addr_o[2]
94	0.9859	src_start_addr_i[I]	src_addr_r[I]	src_start_addr_i[2]	src_addr_r[2]$_DFFE_PN0P_/D
95	0.9912	traceback_ins.tb_addr_r[I]	tb_addr_o[I]	traceback_ins.tb_addr_r[3]$_DFFE_PN0P_/Q	tb_addr_o[3]
96	1.0001	dst_start_addr_i[I]	dst_addr_r[I]	dst_start_addr_i[8]	dst_addr_r[8]$_DFFE_PN0P_/D
97	1.0196	acs_inst_I.survivor_path_r	tb_wdata_o[I]	acs_inst_0.survivor_path_r$_DFF_PN0_/Q	tb_wdata_o[0]
98	1.0223	dst_addr_r[I]	dst_addr_o[I]	dst_addr_r[1]$_DFFE_PN0P_/Q	dst_addr_o[1]
99	1.0226	src_addr_r[I]	src_addr_o[I]	src_addr_r[1]$_DFFE_PN0P_/Q	src_addr_o[1]
100	1.0243	tail_biting_en_i	pm_normalize_inst.tail_biting_pipe_r	tail_biting_en_i	pm_normalize_inst.tail_biting_pipe_r$_DFF_PN0_/D
