# stage	6_final
# top_module	RsDecodeTop
# top_n	100
# kind	blocks
# include_full	1
# rank	worst_slack_ns	start	end	start_full	end_full
1	-0.0488	RsDecodeDelay.RsDecodeDpRam.rRdAddr[I]	RsDecodeDelay.RsDecodeDpRam.q[I]	RsDecodeDelay.RsDecodeDpRam.rRdAddr[0]$_DFF_P_/Q	RsDecodeDelay.RsDecodeDpRam.q[0]$_DFFE_PP_/D
2	-0.0427	RsDecodeSyndrome.count[I]	RsDecodePolymul.sumReg_I[J]	RsDecodeSyndrome.count[0]$_DFFE_PN0P_/Q	RsDecodePolymul.sumReg_14[0]$_DFFE_PN0P_/D
3	0.0025	numShiftedReg[I]	nzOmega_I	numShiftedReg[4]$_DFFE_PN0P_/Q	nzOmega_2$_DFFE_PN0P_/D
4	0.0058	RsDecodeEuclide.qNewReg[I]	RsDecodeEuclide.omegaInner_I[J]	RsDecodeEuclide.qNewReg[6]$_DFFE_PN0P_/Q	RsDecodeEuclide.omegaInner_4[2]$_DFFE_PN0P_/D
5	0.0089	RsDecodeEuclide.omegaInner_I[J]	RsDecodeEuclide.omegaBkp_I[J]	RsDecodeEuclide.omegaInner_21[4]$_DFFE_PN0P_/Q	RsDecodeEuclide.omegaBkp_1[1]$_DFFE_PN0P_/D
6	0.0128	RsDecodeEuclide.qNewReg[I]	RsDecodeEuclide.lambdaInner_I[J]	RsDecodeEuclide.qNewReg[2]$_DFFE_PN0P_/Q	RsDecodeEuclide.lambdaInner_18[0]$_DFFE_PN0P_/D
7	0.0133	RsDecodeErasure.epsilonReg_I[J]	RsDecodePolymul.sumReg_I[J]	RsDecodeErasure.epsilonReg_22[3]$_DFFE_PN0P_/Q	RsDecodePolymul.sumReg_14[0]$_DFFE_PN0P_/D
8	0.0161	RsDecodeChien.lambdaReg_I[J]	RsDecodeChien.numErrorRegI[J]	RsDecodeChien.lambdaReg_8[4]$_DFFE_PN0P_/Q	RsDecodeChien.numErrorReg2[3]$_DFFE_PN0P_/D
9	0.0180	DataOutInner[I]	outData[I]	DataOutInner[6]$_DFF_PN0_/Q	outData[6]
10	0.0181	DelayedDataOutInner[I]	delayedData[I]	DelayedDataOutInner[6]$_DFF_PN0_/Q	delayedData[6]
11	0.0182	RsDecodePolymul.epsilonReg_I[J]	RsDecodePolymul.sumReg_I[J]	RsDecodePolymul.epsilonReg_22[6]$_DFFE_PN0P_/Q	RsDecodePolymul.sumReg_5[0]$_DFFE_PN0P_/D
12	0.0223	failRegInner	fail	failRegInner$_DFF_PN0_/Q	fail
13	0.0242	numErrorRegInner[I]	errorNum[I]	numErrorRegInner[0]$_DFF_PN0_/Q	errorNum[0]
14	0.0245	numErasureRegInner[I]	erasureNum[I]	numErasureRegInner[4]$_DFF_PN0_/Q	erasureNum[4]
15	0.0246	startRegInner	outStartPls	startRegInner$_DFF_PN0_/Q	outStartPls
16	0.0248	RsDecodeSyndrome.count[I]	RsDecodePolymul.epsilonReg_I[J]	RsDecodeSyndrome.count[0]$_DFFE_PN0P_/Q	RsDecodePolymul.epsilonReg_11[4]$_DFFE_PN0P_/D
17	0.0249	doneRegInner	outDone	doneRegInner$_DFF_PN0_/Q	outDone
18	0.0259	OutputValidRegInner	outEnable	OutputValidRegInner$_DFF_PN0_/Q	outEnable
19	0.0277	RsDecodeEuclide.omegaInner_I[J]	RsDecodeEuclide.lambdaBkp_I[J]	RsDecodeEuclide.omegaInner_21[4]$_DFFE_PN0P_/Q	RsDecodeEuclide.lambdaBkp_3[0]$_DFFE_PN0P_/D
20	0.0286	RsDecodeEuclide.count[I]	RsDecodeEuclide.omegaBkp_I[J]	RsDecodeEuclide.count[1]$_DFFE_PN0P_/Q	RsDecodeEuclide.omegaBkp_1[1]$_DFFE_PN0P_/D
21	0.0341	RsDecodeEuclide.qNewReg[I]	RsDecodeEuclide.omegaBkp_I[J]	RsDecodeEuclide.qNewReg[6]$_DFFE_PN0P_/Q	RsDecodeEuclide.omegaBkp_1[1]$_DFFE_PN0P_/D
22	0.0411	RsDecodeEuclide.omegaInner_I[J]	RsDecodeEuclide.lambdaInner_I[J]	RsDecodeEuclide.omegaInner_21[4]$_DFFE_PN0P_/Q	RsDecodeEuclide.lambdaInner_5[1]$_DFFE_PN0P_/D
23	0.0442	RsDecodeEuclide.qNewReg[I]	RsDecodeEuclide.lambdaXorReg_I[J]	RsDecodeEuclide.qNewReg[2]$_DFFE_PN0P_/Q	RsDecodeEuclide.lambdaXorReg_14[0]$_DFFE_PN0P_/D
24	0.0455	RsDecodeEuclide.count[I]	RsDecodeEuclide.lambdaBkp_I[J]	RsDecodeEuclide.count[1]$_DFFE_PN0P_/Q	RsDecodeEuclide.lambdaBkp_3[0]$_DFFE_PN0P_/D
25	0.0463	RsDecodeEuclide.omegaInner_I[J]	RsDecodeEuclide.omegaInner_I[J]	RsDecodeEuclide.omegaInner_21[4]$_DFFE_PN0P_/Q	RsDecodeEuclide.omegaInner_11[3]$_DFFE_PN0P_/D
26	0.0497	RsDecodeEuclide.count[I]	RsDecodeEuclide.lambdaXorReg_I[J]	RsDecodeEuclide.count[1]$_DFFE_PN0P_/Q	RsDecodeEuclide.lambdaXorReg_3[2]$_DFFE_PN0P_/D
27	0.0503	degreeEpsilonReg[I]	RsDecodeEuclide.omegaBkp_I[J]	degreeEpsilonReg[1]$_DFFE_PN0P_/Q	RsDecodeEuclide.omegaBkp_1[1]$_DFFE_PN0P_/D
28	0.0510	numShiftedReg[I]	omegaShiftedReg_I[J]	numShiftedReg[4]$_DFFE_PN0P_/Q	omegaShiftedReg_2[2]$_DFFE_PN0P_/D
29	0.0525	RsDecodeEuclide.omegaInner_I[J]	RsDecodeEuclide.omegaInvReg[I]	RsDecodeEuclide.omegaInner_21[2]$_DFFE_PN0P_/Q	RsDecodeEuclide.omegaInvReg[6]$_DFFE_PN0P_/D
30	0.0532	RsDecodeEuclide.count[I]	RsDecodeEuclide.lambdaInner_I[J]	RsDecodeEuclide.count[1]$_DFFE_PN0P_/Q	RsDecodeEuclide.lambdaInner_5[1]$_DFFE_PN0P_/D
31	0.0549	RsDecodeEuclide.count[I]	RsDecodeEuclide.omegaInner_I[J]	RsDecodeEuclide.count[1]$_DFFE_PN0P_/Q	RsDecodeEuclide.omegaInner_11[3]$_DFFE_PN0P_/D
32	0.0598	RsDecodeEuclide.euclideSteps[I]	RsDecodeEuclide.omegaBkp_I[J]	RsDecodeEuclide.euclideSteps[0]$_DFFE_PN0P_/Q	RsDecodeEuclide.omegaBkp_1[1]$_DFFE_PN0P_/D
33	0.0609	RsDecodeEuclide.omegaInner_I[J]	RsDecodeEuclide.lambdaXorReg_I[J]	RsDecodeEuclide.omegaInner_21[4]$_DFFE_PN0P_/Q	RsDecodeEuclide.lambdaXorReg_2[5]$_DFFE_PN0P_/D
34	0.0638	RsDecodeChien.denomEIReg[J]	RsDecodeChien.denomEIInvReg[J]	RsDecodeChien.denomE1Reg[1]$_DFFE_PN0P_/Q	RsDecodeChien.denomE1InvReg[7]$_DFFE_PN0P_/D
35	0.0639	RsDecodeEuclide.euclideSteps[I]	RsDecodeEuclide.lambdaXorReg_I[J]	RsDecodeEuclide.euclideSteps[0]$_DFFE_PN0P_/Q	RsDecodeEuclide.lambdaXorReg_3[2]$_DFFE_PN0P_/D
36	0.0645	RsDecodeEuclide.euclideSteps[I]	RsDecodeEuclide.lambdaBkp_I[J]	RsDecodeEuclide.euclideSteps[0]$_DFFE_PN0P_/Q	RsDecodeEuclide.lambdaBkp_3[0]$_DFFE_PN0P_/D
37	0.0671	degreeEpsilonReg[I]	RsDecodeEuclide.lambdaBkp_I[J]	degreeEpsilonReg[1]$_DFFE_PN0P_/Q	RsDecodeEuclide.lambdaBkp_3[0]$_DFFE_PN0P_/D
38	0.0674	RsDecodeEuclide.euclideSteps[I]	RsDecodeEuclide.lambdaInner_I[J]	RsDecodeEuclide.euclideSteps[0]$_DFFE_PN0P_/Q	RsDecodeEuclide.lambdaInner_5[1]$_DFFE_PN0P_/D
39	0.0691	RsDecodeEuclide.euclideSteps[I]	RsDecodeEuclide.omegaInner_I[J]	RsDecodeEuclide.euclideSteps[0]$_DFFE_PN0P_/Q	RsDecodeEuclide.omegaInner_11[3]$_DFFE_PN0P_/D
40	0.0727	RsDecodePolymul.syndromeReg_I[J]	RsDecodePolymul.sumReg_I[J]	RsDecodePolymul.syndromeReg_14[5]$_DFFE_PN0P_/Q	RsDecodePolymul.sumReg_14[0]$_DFFE_PN0P_/D
41	0.0752	degreeEpsilonReg[I]	RsDecodeEuclide.lambdaXorReg_I[J]	degreeEpsilonReg[1]$_DFFE_PN0P_/Q	RsDecodeEuclide.lambdaXorReg_3[2]$_DFFE_PN0P_/D
42	0.0764	RsDecodeEuclide.omegaInner_I[J]	RsDecodeEuclide.numShiftedReg[I]	RsDecodeEuclide.omegaInner_21[4]$_DFFE_PN0P_/Q	RsDecodeEuclide.numShiftedReg[4]$_DFFE_PN0P_/D
43	0.0787	degreeEpsilonReg[I]	RsDecodeEuclide.lambdaInner_I[J]	degreeEpsilonReg[1]$_DFFE_PN0P_/Q	RsDecodeEuclide.lambdaInner_5[1]$_DFFE_PN0P_/D
44	0.0789	RsDecodeEuclide.omegaInner_I[J]	RsDecodeEuclide.offset[I]	RsDecodeEuclide.omegaInner_21[4]$_DFFE_PN0P_/Q	RsDecodeEuclide.offset[4]$_DFFE_PN0P_/D
45	0.0804	degreeEpsilonReg[I]	RsDecodeEuclide.omegaInner_I[J]	degreeEpsilonReg[1]$_DFFE_PN0P_/Q	RsDecodeEuclide.omegaInner_11[3]$_DFFE_PN0P_/D
46	0.0819	RsDecodeEuclide.offset[I]	RsDecodeEuclide.omegaInner_I[J]	RsDecodeEuclide.offset[1]$_DFFE_PN0P_/Q	RsDecodeEuclide.omegaInner_11[3]$_DFFE_PN0P_/D
47	0.0838	RsDecodeChien.numeRegI[J]	DataOutInner[I]	RsDecodeChien.numeReg2[4]$_DFFE_PN0P_/Q	DataOutInner[3]$_DFF_PN0_/D
48	0.0851	RsDecodeErasure.powerReg[I]	RsDecodeErasure.epsilonReg_I[J]	RsDecodeErasure.powerReg[5]$_DFFE_PN0P_/Q	RsDecodeErasure.epsilonReg_1[0]$_DFFE_PN0P_/D
49	0.0964	RsDecodeEuclide.offset[I]	RsDecodeEuclide.lambdaXorReg_I[J]	RsDecodeEuclide.offset[1]$_DFFE_PN0P_/Q	RsDecodeEuclide.lambdaXorReg_2[5]$_DFFE_PN0P_/D
50	0.1006	RsDecodeChien.denomEIInvReg[J]	DataOutInner[I]	RsDecodeChien.denomE0InvReg[6]$_DFFE_PN0P_/Q	DataOutInner[5]$_DFF_PN0_/D
51	0.1045	RsDecodeEuclide.offset[I]	RsDecodeEuclide.lambdaBkp_I[J]	RsDecodeEuclide.offset[1]$_DFFE_PN0P_/Q	RsDecodeEuclide.lambdaBkp_3[0]$_DFFE_PN0P_/D
52	0.1045	RsDecodeEuclide.offset[I]	RsDecodeEuclide.omegaBkp_I[J]	RsDecodeEuclide.offset[1]$_DFFE_PN0P_/Q	RsDecodeEuclide.omegaBkp_10[3]$_DFFE_PN0P_/D
53	0.1073	RsDecodeEuclide.offset[I]	RsDecodeEuclide.lambdaInner_I[J]	RsDecodeEuclide.offset[1]$_DFFE_PN0P_/Q	RsDecodeEuclide.lambdaInner_5[1]$_DFFE_PN0P_/D
54	0.1079	RsDecodePolymul.count[I]	RsDecodeEuclide.omegaInner_I[J]	RsDecodePolymul.count[0]$_DFFE_PN0P_/Q	RsDecodeEuclide.omegaInner_8[4]$_DFFE_PN0P_/D
55	0.1120	RsDecodeEuclide.offset[I]	RsDecodeEuclide.numShiftedReg[I]	RsDecodeEuclide.offset[1]$_DFFE_PN0P_/Q	RsDecodeEuclide.numShiftedReg[4]$_DFFE_PN0P_/D
56	0.1127	RsDecodeErasure.epsilonReg_I[J]	RsDecodeErasure.epsilonReg_I[J]	RsDecodeErasure.epsilonReg_22[5]$_DFFE_PN0P_/Q	RsDecodeErasure.epsilonReg_22[4]$_DFFE_PN0P_/D
57	0.1138	RsDecodePolymul.count[I]	epsilonRegI_J[K]	RsDecodePolymul.count[0]$_DFFE_PN0P_/Q	epsilonReg2_7[4]$_DFFE_PN0P_/D
58	0.1162	RsDecodeDelay.RsDecodeDpRam.mem[I][J]	RsDecodeDelay.RsDecodeDpRam.q[I]	RsDecodeDelay.RsDecodeDpRam.mem[95][7]$_DFFE_PP_/Q	RsDecodeDelay.RsDecodeDpRam.q[7]$_DFFE_PP_/D
59	0.1219	RsDecodePolymul.count[I]	RsDecodeEuclide.lambdaXorReg_I[J]	RsDecodePolymul.count[0]$_DFFE_PN0P_/Q	RsDecodeEuclide.lambdaXorReg_2[5]$_DFFE_PN0P_/D
60	0.1248	RsDecodeEuclide.lambdaInner_I[J]	RsDecodeEuclide.lambdaInner_I[J]	RsDecodeEuclide.lambdaInner_14[7]$_DFFE_PN0P_/Q	RsDecodeEuclide.lambdaInner_14[4]$_DFFE_PN0P_/D
61	0.1267	RsDecodeEuclide.count[I]	RsDecodeEuclide.numShiftedReg[I]	RsDecodeEuclide.count[1]$_DFFE_PN0P_/Q	RsDecodeEuclide.numShiftedReg[4]$_DFFE_PN0P_/D
62	0.1289	RsDecodePolymul.count[I]	RsDecodeEuclide.omegaBkp_I[J]	RsDecodePolymul.count[0]$_DFFE_PN0P_/Q	RsDecodeEuclide.omegaBkp_10[3]$_DFFE_PN0P_/D
63	0.1346	RsDecodePolymul.count[I]	RsDecodeEuclide.lambdaInner_I[J]	RsDecodePolymul.count[0]$_DFFE_PN0P_/Q	RsDecodeEuclide.lambdaInner_15[6]$_DFFE_PN0P_/D
64	0.1399	RsDecodePolymul.count[I]	failErasureRegI	RsDecodePolymul.count[0]$_DFFE_PN0P_/Q	failErasureReg2$_DFFE_PN0P_/D
65	0.1409	RsDecodeEuclide.euclideSteps[I]	RsDecodeEuclide.numShiftedReg[I]	RsDecodeEuclide.euclideSteps[0]$_DFFE_PN0P_/Q	RsDecodeEuclide.numShiftedReg[4]$_DFFE_PN0P_/D
66	0.1446	RsDecodePolymul.count[I]	RsDecodeEuclide.lambdaBkp_I[J]	RsDecodePolymul.count[0]$_DFFE_PN0P_/Q	RsDecodeEuclide.lambdaBkp_15[6]$_DFFE_PN0P_/D
67	0.1478	RsDecodeChien.epsilonOddReg[I]	RsDecodeChien.denomEIReg[J]	RsDecodeChien.epsilonOddReg[6]$_DFFE_PN0P_/Q	RsDecodeChien.denomE1Reg[3]$_DFFE_PN0P_/D
68	0.1489	RsDecodeEuclide.lambdaInner_I[J]	RsDecodeEuclide.lambdaXorReg_I[J]	RsDecodeEuclide.lambdaInner_14[4]$_DFFE_PN0P_/Q	RsDecodeEuclide.lambdaXorReg_14[4]$_DFFE_PN0P_/D
69	0.1492	RsDecodeSyndrome.count[I]	RsDecodePolymul.syndromeReg_I[J]	RsDecodeSyndrome.count[0]$_DFFE_PN0P_/Q	RsDecodePolymul.syndromeReg_6[1]$_DFFE_PN0P_/D
70	0.1522	degreeEpsilonReg[I]	RsDecodeEuclide.numShiftedReg[I]	degreeEpsilonReg[1]$_DFFE_PN0P_/Q	RsDecodeEuclide.numShiftedReg[4]$_DFFE_PN0P_/D
71	0.1564	degreeEpsilonRegI[J]	degreeErrorReg	degreeEpsilonReg4[0]$_DFFE_PN0P_/Q	degreeErrorReg$_DFFE_PN0P_/D
72	0.1573	RsDecodeChien.lambdaSumReg[I]	RsDecodeChien.denomEIReg[J]	RsDecodeChien.lambdaSumReg[5]$_DFFE_PN0P_/Q	RsDecodeChien.denomE1Reg[3]$_DFFE_PN0P_/D
73	0.1586	degreeLambdaReg[I]	degreeErrorReg	degreeLambdaReg[0]$_DFFE_PN0P_/Q	degreeErrorReg$_DFFE_PN0P_/D
74	0.1654	RsDecodeSyndrome.count[I]	RsDecodeSyndrome.count[I]	RsDecodeSyndrome.count[0]$_DFFE_PN0P_/Q	RsDecodeSyndrome.count[1]$_DFFE_PN0P_/D
75	0.1714	RsDecodeDelay.writePointer[I]	RsDecodeDelay.RsDecodeDpRam.mem[I][J]	RsDecodeDelay.writePointer[1]$_DFFE_PN1P_/Q	RsDecodeDelay.RsDecodeDpRam.mem[186][8]$_DFFE_PP_/D
76	0.1724	RsDecodeEuclide.count[I]	RsDecodeEuclide.offset[I]	RsDecodeEuclide.count[1]$_DFFE_PN0P_/Q	RsDecodeEuclide.offset[3]$_DFFE_PN0P_/D
77	0.1862	RsDecodeChien.lambdaOddRegI[J]	DataOutInner[I]	RsDecodeChien.lambdaOddReg3[1]$_DFFE_PN0P_/Q	DataOutInner[5]$_DFF_PN0_/D
78	0.1879	RsDecodeChien.lambdaEvenRegI[J]	DataOutInner[I]	RsDecodeChien.lambdaEvenReg3[4]$_DFFE_PN0P_/Q	DataOutInner[5]$_DFF_PN0_/D
79	0.1894	RsDecodeChien.lambdaOddReg[I]	RsDecodeChien.denomEIReg[J]	RsDecodeChien.lambdaOddReg[6]$_DFFE_PN0P_/Q	RsDecodeChien.denomE0Reg[2]$_DFFE_PN0P_/D
80	0.1934	omegaReg_I[J]	nzOmega_I	omegaReg_20[2]$_DFFE_PN0P_/Q	nzOmega_2$_DFFE_PN0P_/D
81	0.1940	degreeEpsilonReg[I]	RsDecodeEuclide.offset[I]	degreeEpsilonReg[1]$_DFFE_PN0P_/Q	RsDecodeEuclide.offset[3]$_DFFE_PN0P_/D
82	0.1948	RsDecodeSyndrome.count[I]	RsDecodePolymul.count[I]	RsDecodeSyndrome.count[0]$_DFFE_PN0P_/Q	RsDecodePolymul.count[0]$_DFFE_PN0P_/D
83	0.1967	RsDecodeChien.epsilonSumReg[I]	RsDecodeChien.denomEIReg[J]	RsDecodeChien.epsilonSumReg[7]$_DFFE_PN0P_/Q	RsDecodeChien.denomE0Reg[2]$_DFFE_PN0P_/D
84	0.2022	doneShiftReg	RsDecodeChien.omegaReg_I[J]	doneShiftReg$_DFFE_PN0P_/Q	RsDecodeChien.omegaReg_16[2]$_DFFE_PN0P_/D
85	0.2045	doneShiftReg	RsDecodeChien.lambdaReg_I[J]	doneShiftReg$_DFFE_PN0P_/Q	RsDecodeChien.lambdaReg_9[1]$_DFFE_PN0P_/D
86	0.2058	RsDecodeEuclide.omegaInvReg[I]	RsDecodeEuclide.qNewReg[I]	RsDecodeEuclide.omegaInvReg[4]$_DFFE_PN0P_/Q	RsDecodeEuclide.qNewReg[5]$_DFFE_PN0P_/D
87	0.2086	RsDecodeChien.lambdaReg_I[J]	RsDecodeChien.lambdaSumReg[I]	RsDecodeChien.lambdaReg_4[6]$_DFFE_PN0P_/Q	RsDecodeChien.lambdaSumReg[6]$_DFFE_PN0P_/D
88	0.2095	RsDecodeEuclide.omegaBkpReg[I]	RsDecodeEuclide.qNewReg[I]	RsDecodeEuclide.omegaBkpReg[5]$_DFFE_PN0P_/Q	RsDecodeEuclide.qNewReg[5]$_DFFE_PN0P_/D
89	0.2113	RsDecodeEuclide.euclideSteps[I]	RsDecodeEuclide.offset[I]	RsDecodeEuclide.euclideSteps[0]$_DFFE_PN0P_/Q	RsDecodeEuclide.offset[0]$_DFFE_PN0P_/D
90	0.2117	omegaReg_I[J]	omegaShiftedReg_I[J]	omegaReg_21[2]$_DFFE_PN0P_/Q	omegaShiftedReg_3[2]$_DFFE_PN0P_/D
91	0.2125	RsDecodeErasure.count[I]	epsilonReg_I[J]	RsDecodeErasure.count[1]$_DFFE_PN0P_/Q	epsilonReg_22[7]$_DFFE_PN0P_/D
92	0.2208	doneShiftReg	RsDecodeChien.epsilonReg_I[J]	doneShiftReg$_DFFE_PN0P_/Q	RsDecodeChien.epsilonReg_3[0]$_DFFE_PN0P_/D
93	0.2226	RsDecodeErasure.count[I]	degreeEpsilonReg[I]	RsDecodeErasure.count[1]$_DFFE_PN0P_/Q	degreeEpsilonReg[2]$_DFFE_PN0P_/D
94	0.2241	RsDecodeErasure.count[I]	RsDecodeErasure.count[I]	RsDecodeErasure.count[1]$_DFFE_PN0P_/Q	RsDecodeErasure.count[3]$_DFFE_PN0P_/D
95	0.2241	RsDecodeErasure.count[I]	failErasureReg	RsDecodeErasure.count[1]$_DFFE_PN0P_/Q	failErasureReg$_DFFE_PN0P_/D
96	0.2273	doneShiftReg	RsDecodeChien.count[I]	doneShiftReg$_DFFE_PN0P_/Q	RsDecodeChien.count[4]$_DFFE_PN0P_/D
97	0.2290	RsDecodeDelay.writePointer[I]	RsDecodeDelay.writePointer[I]	RsDecodeDelay.writePointer[1]$_DFFE_PN1P_/Q	RsDecodeDelay.writePointer[8]$_DFFE_PN1P_/D
98	0.2332	RsDecodeEuclide.phase[I]	RsDecodeEuclide.omegaBkp_I[J]	RsDecodeEuclide.phase[0]$_DFFE_PN0P_/QN	RsDecodeEuclide.omegaBkp_1[1]$_DFFE_PN0P_/D
99	0.2364	RsDecodeChien.epsilonReg_I[J]	RsDecodeChien.epsilonSumReg[I]	RsDecodeChien.epsilonReg_3[5]$_DFFE_PN0P_/Q	RsDecodeChien.epsilonSumReg[5]$_DFFE_PN0P_/D
100	0.2373	RsDecodeEuclide.phase[I]	RsDecodeEuclide.lambdaXorReg_I[J]	RsDecodeEuclide.phase[0]$_DFFE_PN0P_/QN	RsDecodeEuclide.lambdaXorReg_3[2]$_DFFE_PN0P_/D
