# stage	1_synth
# top_module	aes
# top_n	100
# kind	blocks
# include_full	1
# rank	worst_slack_ns	start	end	start_full	end_full
1	-0.2252	address[I]	read_data[I]	address[2]	read_data[11]
2	-0.2029	core.keymem.prev_keyI_reg[J]	core.keymem.key_mem[I][J]	core.keymem.prev_key1_reg[26]$_DFFE_PN0P_/Q	core.keymem.key_mem[10][6]$_DFFE_PN0P_/D
3	-0.1929	core.dec_block.sword_ctr_reg[I]	core.dec_block.block_wI_reg[J]	core.dec_block.sword_ctr_reg[1]$_DFFE_PN0P_/Q	core.dec_block.block_w2_reg[26]$_DFFE_PN0P_/D
4	-0.1675	core.enc_block.sword_ctr_reg[I]	core.enc_block.block_wI_reg[J]	core.enc_block.sword_ctr_reg[0]$_DFFE_PN0P_/Q	core.enc_block.block_w2_reg[29]$_DFFE_PN0P_/D
5	-0.1629	encdec_reg	core.dec_block.block_wI_reg[J]	encdec_reg$_DFFE_PN0P_/Q	core.dec_block.block_w1_reg[19]$_DFFE_PN0P_/D
6	-0.1531	core.dec_block.round_ctr_reg[I]	core.dec_block.block_wI_reg[J]	core.dec_block.round_ctr_reg[3]$_DFFE_PN0P_/Q	core.dec_block.block_w1_reg[19]$_DFFE_PN0P_/D
7	-0.1446	core.enc_block.round_ctr_reg[I]	core.dec_block.block_wI_reg[J]	core.enc_block.round_ctr_reg[0]$_DFFE_PN0P_/Q	core.dec_block.block_w0_reg[11]$_DFFE_PN0P_/D
8	-0.1386	core.keymem.prev_keyI_reg[J]	core.keymem.prev_keyI_reg[J]	core.keymem.prev_key1_reg[20]$_DFFE_PN0P_/Q	core.keymem.prev_key1_reg[29]$_DFFE_PN0P_/D
9	-0.1327	core.enc_block.block_wI_reg[J]	core.enc_block.block_wI_reg[J]	core.enc_block.block_w1_reg[1]$_DFFE_PN0P_/Q	core.enc_block.block_w2_reg[5]$_DFFE_PN0P_/D
10	-0.1106	core.dec_block.dec_ctrl_reg[I]	core.dec_block.block_wI_reg[J]	core.dec_block.dec_ctrl_reg[1]$_DFF_PN0_/Q	core.dec_block.block_w0_reg[8]$_DFFE_PN0P_/D
11	-0.1094	core.dec_block.block_wI_reg[J]	core.dec_block.block_wI_reg[J]	core.dec_block.block_w3_reg[14]$_DFFE_PN0P_/Q	core.dec_block.block_w1_reg[12]$_DFFE_PN0P_/D
12	-0.0924	core.enc_block.enc_ctrl_reg[I]	core.enc_block.block_wI_reg[J]	core.enc_block.enc_ctrl_reg[3]$_DFF_PN0_/Q	core.enc_block.block_w2_reg[29]$_DFFE_PN0P_/D
13	-0.0609	core.keymem.key_mem[I][J]	core.dec_block.block_wI_reg[J]	core.keymem.key_mem[7][118]$_DFFE_PN0P_/Q	core.dec_block.block_w1_reg[19]$_DFFE_PN0P_/D
14	-0.0416	address[I]	block_reg[I][J]	address[2]	block_reg[0][10]$_DFFE_PN0P_/D
15	0.0004	cs	read_data[I]	cs	read_data[11]
16	0.0011	we	read_data[I]	we	read_data[11]
17	0.0037	core.enc_block.round_ctr_reg[I]	core.enc_block.block_wI_reg[J]	core.enc_block.round_ctr_reg[1]$_DFFE_PN0P_/Q	core.enc_block.block_w3_reg[12]$_DFFE_PN0P_/D
18	0.0532	encdec_reg	core.enc_block.block_wI_reg[J]	encdec_reg$_DFFE_PN0P_/Q	core.enc_block.block_w2_reg[12]$_DFFE_PN0P_/D
19	0.0633	core.dec_block.round_ctr_reg[I]	core.enc_block.block_wI_reg[J]	core.dec_block.round_ctr_reg[3]$_DFFE_PN0P_/Q	core.enc_block.block_w2_reg[12]$_DFFE_PN0P_/D
20	0.0662	we	block_reg[I][J]	we	block_reg[0][10]$_DFFE_PN0P_/D
21	0.0675	cs	block_reg[I][J]	cs	block_reg[0][10]$_DFFE_PN0P_/D
22	0.0700	address[I]	key_reg[I][J]	address[3]	key_reg[4][10]$_DFFE_PN0P_/D
23	0.0818	we	key_reg[I][J]	we	key_reg[4][10]$_DFFE_PN0P_/D
24	0.0831	cs	key_reg[I][J]	cs	key_reg[4][10]$_DFFE_PN0P_/D
25	0.0929	core.keymem.round_ctr_reg[I]	core.keymem.key_mem[I][J]	core.keymem.round_ctr_reg[3]$_DFFE_PN0P_/Q	core.keymem.key_mem[0][112]$_DFFE_PN0P_/D
26	0.1008	encdec_reg	read_data[I]	encdec_reg$_DFFE_PN0P_/Q	read_data[2]
27	0.1031	keylen_reg	core.enc_block.block_wI_reg[J]	keylen_reg$_DFFE_PN0P_/QN	core.enc_block.block_w3_reg[12]$_DFFE_PN0P_/D
28	0.1121	keylen_reg	read_data[I]	keylen_reg$_DFFE_PN0P_/Q	read_data[3]
29	0.1137	core.keymem.round_ctr_reg[I]	core.keymem.prev_keyI_reg[J]	core.keymem.round_ctr_reg[3]$_DFFE_PN0P_/Q	core.keymem.prev_key0_reg[120]$_DFFE_PN0P_/D
30	0.1577	address[I]	encdec_reg	address[1]	encdec_reg$_DFFE_PN0P_/D
31	0.1577	address[I]	keylen_reg	address[1]	keylen_reg$_DFFE_PN0P_/D
32	0.1624	core.keymem.round_ctr_reg[I]	core.keymem.rcon_reg[I]	core.keymem.round_ctr_reg[3]$_DFFE_PN0P_/Q	core.keymem.rcon_reg[0]$_DFFE_PN0P_/D
33	0.1915	core.enc_block.enc_ctrl_reg[I]	core.enc_block.enc_ctrl_reg[I]	core.enc_block.enc_ctrl_reg[3]$_DFF_PN0_/Q	core.enc_block.enc_ctrl_reg[2]$_DFF_PN0_/D
34	0.1940	address[I]	init_reg	address[2]	init_reg$_DFF_PN0_/D
35	0.1940	address[I]	next_reg	address[2]	next_reg$_DFF_PN0_/D
36	0.2280	result_reg[I]	read_data[I]	result_reg[34]$_DFF_PN0_/Q	read_data[2]
37	0.2380	keylen_reg	core.keymem.key_mem[I][J]	keylen_reg$_DFFE_PN0P_/Q	core.keymem.key_mem[10][16]$_DFFE_PN0P_/D
38	0.2428	encdec_reg	core.aes_core_ctrl_reg[I]	encdec_reg$_DFFE_PN0P_/Q	core.aes_core_ctrl_reg[1]$_DFF_PN0_/D
39	0.2439	keylen_reg	core.keymem.prev_keyI_reg[J]	keylen_reg$_DFFE_PN0P_/Q	core.keymem.prev_key1_reg[45]$_DFFE_PN0P_/D
40	0.2552	core.keymem.rcon_reg[I]	core.keymem.key_mem[I][J]	core.keymem.rcon_reg[7]$_DFFE_PN0P_/Q	core.keymem.key_mem[10][63]$_DFFE_PN0P_/D
41	0.2608	encdec_reg	result_reg[I]	encdec_reg$_DFFE_PN0P_/Q	result_reg[80]$_DFF_PN0_/D
42	0.2651	encdec_reg	core.enc_block.enc_ctrl_reg[I]	encdec_reg$_DFFE_PN0P_/Q	core.enc_block.enc_ctrl_reg[2]$_DFF_PN0_/D
43	0.2665	next_reg	read_data[I]	next_reg$_DFF_PN0_/Q	read_data[1]
44	0.2716	init_reg	read_data[I]	init_reg$_DFF_PN0_/Q	read_data[0]
45	0.2787	core.keymem.key_mem[I][J]	core.enc_block.block_wI_reg[J]	core.keymem.key_mem[11][27]$_DFFE_PN0P_/Q	core.enc_block.block_w3_reg[27]$_DFFE_PN0P_/D
46	0.2901	encdec_reg	encdec_reg	encdec_reg$_DFFE_PN0P_/Q	encdec_reg$_DFFE_PN0P_/D
47	0.2978	core.keymem.key_mem_ctrl_reg[I]	core.keymem.key_mem[I][J]	core.keymem.key_mem_ctrl_reg[1]$_DFF_PN0_/Q	core.keymem.key_mem[1][111]$_DFFE_PN0P_/D
48	0.2993	encdec_reg	core.ready_reg	encdec_reg$_DFFE_PN0P_/Q	core.ready_reg$_DFFE_PN1P_/D
49	0.3007	encdec_reg	core.enc_block.round_ctr_reg[I]	encdec_reg$_DFFE_PN0P_/Q	core.enc_block.round_ctr_reg[2]$_DFFE_PN0P_/D
50	0.3073	valid_reg	read_data[I]	valid_reg$_DFF_PN0_/Q	read_data[1]
51	0.3075	core.keymem.rcon_reg[I]	core.keymem.prev_keyI_reg[J]	core.keymem.rcon_reg[2]$_DFFE_PN0P_/Q	core.keymem.prev_key1_reg[58]$_DFFE_PN0P_/D
52	0.3079	we	encdec_reg	we	encdec_reg$_DFFE_PN0P_/D
53	0.3079	we	keylen_reg	we	keylen_reg$_DFFE_PN0P_/D
54	0.3092	cs	encdec_reg	cs	encdec_reg$_DFFE_PN0P_/D
55	0.3092	cs	keylen_reg	cs	keylen_reg$_DFFE_PN0P_/D
56	0.3101	encdec_reg	core.enc_block.ready_reg	encdec_reg$_DFFE_PN0P_/Q	core.enc_block.ready_reg$_DFFE_PN1P_/D
57	0.3121	ready_reg	read_data[I]	ready_reg$_DFF_PN0_/Q	read_data[0]
58	0.3305	we	init_reg	we	init_reg$_DFF_PN0_/D
59	0.3305	we	next_reg	we	next_reg$_DFF_PN0_/D
60	0.3306	encdec_reg	core.result_valid_reg	encdec_reg$_DFFE_PN0P_/Q	core.result_valid_reg$_DFFE_PN0P_/D
61	0.3318	cs	init_reg	cs	init_reg$_DFF_PN0_/D
62	0.3318	cs	next_reg	cs	next_reg$_DFF_PN0_/D
63	0.3396	keylen_reg	core.keymem.rcon_reg[I]	keylen_reg$_DFFE_PN0P_/Q	core.keymem.rcon_reg[0]$_DFFE_PN0P_/D
64	0.3521	write_data[I]	block_reg[I][J]	write_data[10]	block_reg[0][10]$_DFFE_PN0P_/D
65	0.3521	write_data[I]	key_reg[I][J]	write_data[10]	key_reg[4][10]$_DFFE_PN0P_/D
66	0.3601	keylen_reg	core.dec_block.round_ctr_reg[I]	keylen_reg$_DFFE_PN0P_/Q	core.dec_block.round_ctr_reg[2]$_DFFE_PN0P_/D
67	0.3604	keylen_reg	keylen_reg	keylen_reg$_DFFE_PN0P_/Q	keylen_reg$_DFFE_PN0P_/D
68	0.3647	core.keymem.key_mem_ctrl_reg[I]	core.keymem.prev_keyI_reg[J]	core.keymem.key_mem_ctrl_reg[1]$_DFF_PN0_/Q	core.keymem.prev_key1_reg[45]$_DFFE_PN0P_/D
69	0.3818	write_data[I]	init_reg	write_data[0]	init_reg$_DFF_PN0_/D
70	0.3818	write_data[I]	next_reg	write_data[1]	next_reg$_DFF_PN0_/D
71	0.3824	core.dec_block.sword_ctr_reg[I]	core.dec_block.round_ctr_reg[I]	core.dec_block.sword_ctr_reg[1]$_DFFE_PN0P_/Q	core.dec_block.round_ctr_reg[2]$_DFFE_PN0P_/D
72	0.3897	core.keymem.key_mem_ctrl_reg[I]	core.keymem.round_ctr_reg[I]	core.keymem.key_mem_ctrl_reg[1]$_DFF_PN0_/Q	core.keymem.round_ctr_reg[3]$_DFFE_PN0P_/D
73	0.3914	encdec_reg	core.dec_block.round_ctr_reg[I]	encdec_reg$_DFFE_PN0P_/Q	core.dec_block.round_ctr_reg[2]$_DFFE_PN0P_/D
74	0.4077	encdec_reg	core.dec_block.ready_reg	encdec_reg$_DFFE_PN0P_/Q	core.dec_block.ready_reg$_DFFE_PN1P_/D
75	0.4080	write_data[I]	encdec_reg	write_data[0]	encdec_reg$_DFFE_PN0P_/D
76	0.4080	write_data[I]	keylen_reg	write_data[1]	keylen_reg$_DFFE_PN0P_/D
77	0.4089	core.dec_block.round_ctr_reg[I]	core.dec_block.round_ctr_reg[I]	core.dec_block.round_ctr_reg[0]$_DFFE_PN0P_/Q	core.dec_block.round_ctr_reg[3]$_DFFE_PN0P_/D
78	0.4158	core.enc_block.round_ctr_reg[I]	core.enc_block.enc_ctrl_reg[I]	core.enc_block.round_ctr_reg[1]$_DFFE_PN0P_/Q	core.enc_block.enc_ctrl_reg[1]$_DFF_PN0_/D
79	0.4287	key_reg[I][J]	core.keymem.key_mem[I][J]	key_reg[3][9]$_DFFE_PN0P_/Q	core.keymem.key_mem[10][9]$_DFFE_PN0P_/D
80	0.4330	core.keymem.key_mem_ctrl_reg[I]	core.keymem.key_mem_ctrl_reg[I]	core.keymem.key_mem_ctrl_reg[1]$_DFF_PN0_/Q	core.keymem.key_mem_ctrl_reg[0]$_DFF_PN1_/D
81	0.4372	core.keymem.key_mem_ctrl_reg[I]	core.keymem.rcon_reg[I]	core.keymem.key_mem_ctrl_reg[1]$_DFF_PN0_/Q	core.keymem.rcon_reg[0]$_DFFE_PN0P_/D
82	0.4403	core.dec_block.sword_ctr_reg[I]	core.dec_block.dec_ctrl_reg[I]	core.dec_block.sword_ctr_reg[1]$_DFFE_PN0P_/Q	core.dec_block.dec_ctrl_reg[0]$_DFF_PN1_/D
83	0.4450	core.keymem.round_ctr_reg[I]	core.keymem.round_ctr_reg[I]	core.keymem.round_ctr_reg[0]$_DFFE_PN0P_/Q	core.keymem.round_ctr_reg[3]$_DFFE_PN0P_/D
84	0.4461	core.enc_block.round_ctr_reg[I]	core.enc_block.ready_reg	core.enc_block.round_ctr_reg[1]$_DFFE_PN0P_/Q	core.enc_block.ready_reg$_DFFE_PN1P_/D
85	0.4504	core.dec_block.dec_ctrl_reg[I]	core.dec_block.round_ctr_reg[I]	core.dec_block.dec_ctrl_reg[2]$_DFF_PN0_/Q	core.dec_block.round_ctr_reg[2]$_DFFE_PN0P_/D
86	0.4512	block_reg[I][J]	core.dec_block.block_wI_reg[J]	block_reg[3][21]$_DFFE_PN0P_/Q	core.dec_block.block_w0_reg[21]$_DFFE_PN0P_/D
87	0.4526	keylen_reg	core.keymem.key_mem_ctrl_reg[I]	keylen_reg$_DFFE_PN0P_/Q	core.keymem.key_mem_ctrl_reg[2]$_DFF_PN0_/D
88	0.4534	core.enc_block.sword_ctr_reg[I]	core.enc_block.enc_ctrl_reg[I]	core.enc_block.sword_ctr_reg[1]$_DFFE_PN0P_/Q	core.enc_block.enc_ctrl_reg[0]$_DFF_PN1_/D
89	0.4605	core.enc_block.round_ctr_reg[I]	core.enc_block.round_ctr_reg[I]	core.enc_block.round_ctr_reg[2]$_DFFE_PN0P_/Q	core.enc_block.round_ctr_reg[3]$_DFFE_PN0P_/D
90	0.4702	core.keymem.round_ctr_reg[I]	core.keymem.key_mem_ctrl_reg[I]	core.keymem.round_ctr_reg[1]$_DFFE_PN0P_/Q	core.keymem.key_mem_ctrl_reg[2]$_DFF_PN0_/D
91	0.4868	core.dec_block.dec_ctrl_reg[I]	core.dec_block.ready_reg	core.dec_block.dec_ctrl_reg[1]$_DFF_PN0_/Q	core.dec_block.ready_reg$_DFFE_PN1P_/D
92	0.4875	next_reg	core.dec_block.round_ctr_reg[I]	next_reg$_DFF_PN0_/Q	core.dec_block.round_ctr_reg[2]$_DFFE_PN0P_/D
93	0.4921	encdec_reg	core.dec_block.dec_ctrl_reg[I]	encdec_reg$_DFFE_PN0P_/Q	core.dec_block.dec_ctrl_reg[0]$_DFF_PN1_/D
94	0.5019	key_reg[I][J]	core.keymem.prev_keyI_reg[J]	key_reg[7][23]$_DFFE_PN0P_/Q	core.keymem.prev_key1_reg[23]$_DFFE_PN0P_/D
95	0.5037	next_reg	core.dec_block.ready_reg	next_reg$_DFF_PN0_/Q	core.dec_block.ready_reg$_DFFE_PN1P_/D
96	0.5148	next_reg	core.enc_block.round_ctr_reg[I]	next_reg$_DFF_PN0_/Q	core.enc_block.round_ctr_reg[2]$_DFFE_PN0P_/D
97	0.5152	keylen_reg	core.enc_block.enc_ctrl_reg[I]	keylen_reg$_DFFE_PN0P_/QN	core.enc_block.enc_ctrl_reg[1]$_DFF_PN0_/D
98	0.5158	block_reg[I][J]	core.enc_block.block_wI_reg[J]	block_reg[3][19]$_DFFE_PN0P_/Q	core.enc_block.block_w3_reg[19]$_DFFE_PN0P_/D
99	0.5192	core.enc_block.ready_reg	core.aes_core_ctrl_reg[I]	core.enc_block.ready_reg$_DFFE_PN1P_/Q	core.aes_core_ctrl_reg[1]$_DFF_PN0_/D
100	0.5195	core.dec_block.ready_reg	core.aes_core_ctrl_reg[I]	core.dec_block.ready_reg$_DFFE_PN1P_/Q	core.aes_core_ctrl_reg[1]$_DFF_PN0_/D
