# stage	6_final
# top_module	ddr3_controller
# top_n	100
# kind	blocks
# include_full	1
# rank	worst_slack_ns	start	end	start_full	end_full
1	-0.3311	index_wb_data	o_wb_data[I]	index_wb_data$_SDFFE_PP0P_/Q	o_wb_data[105]
2	-0.3235	lane[I]	o_phy_odelay_data_cntvaluein[I]	lane[1]$_SDFFE_PP0P_/Q	o_phy_odelay_data_cntvaluein[1]
3	-0.3209	lane[I]	o_phy_idelay_data_cntvaluein[I]	lane[1]$_SDFFE_PP0P_/Q	o_phy_idelay_data_cntvaluein[1]
4	-0.3178	lane[I]	o_phy_odelay_dqs_cntvaluein[I]	lane[1]$_SDFFE_PP0P_/Q	o_phy_odelay_dqs_cntvaluein[4]
5	-0.3175	lane[I]	o_phy_idelay_dqs_cntvaluein[I]	lane[1]$_SDFFE_PP0P_/Q	o_phy_idelay_dqs_cntvaluein[2]
6	-0.2980	stageI_do_act	o_phy_cmd[I]	stage2_do_act$_SDFF_PP0_/Q	o_phy_cmd[18]
7	-0.2964	stageI_bank[J]	o_phy_cmd[I]	stage2_bank[0]$_SDFF_PP0_/Q	o_phy_cmd[35]
8	-0.2918	stageI_next_bank[J]	o_phy_cmd[I]	stage1_next_bank[0]$_SDFFE_PP0P_/Q	o_phy_cmd[35]
9	-0.2910	stageI_pending	o_phy_cmd[I]	stage2_pending$_SDFFE_PP0P_/Q	o_phy_cmd[24]
10	-0.2887	stageI_do_pre	o_phy_cmd[I]	stage2_do_pre$_SDFF_PP0_/Q	o_phy_cmd[24]
11	-0.2670	stageI_do_wr	o_phy_cmd[I]	stage2_do_wr$_SDFF_PP0_/Q	o_phy_cmd[81]
12	-0.2646	stageI_do_wr_or_rd	o_phy_cmd[I]	stage2_do_wr_or_rd$_SDFF_PP0_/Q	o_phy_cmd[81]
13	-0.2557	state_calibrate[I]	o_phy_cmd[I]	state_calibrate[2]$_SDFFE_PP0P_/Q	o_phy_cmd[69]
14	-0.2543	stageI_bank[J]	stageI_do_wr_or_rd	stage2_bank[2]$_SDFF_PP0_/Q	stage2_do_wr_or_rd$_SDFF_PP0_/D
15	-0.2435	stageI_bank[J]	o_wb_stall_int_q	stage2_bank[2]$_SDFF_PP0_/Q	o_wb_stall_int_q$_SDFF_PP1_/D
16	-0.2419	stageI_next_bank[J]	stageI_do_wr_or_rd	stage1_next_bank[0]$_SDFFE_PP0P_/Q	stage2_do_wr_or_rd$_SDFF_PP0_/D
17	-0.2405	index_wb_data	reset_from_test	index_wb_data$_SDFFE_PP0P_/Q	reset_from_test$_SDFF_PP0_/D
18	-0.2380	stageI_do_act	stageI_do_wr_or_rd	stage2_do_act$_SDFF_PP0_/Q	stage2_do_wr_or_rd$_SDFF_PP0_/D
19	-0.2364	stageI_next_bank[J]	o_wb_stall_int_q	stage1_next_bank[0]$_SDFFE_PP0P_/Q	o_wb_stall_int_q$_SDFF_PP1_/D
20	-0.2255	stageI_do_act	o_wb_stall_int_q	stage2_do_act$_SDFF_PP0_/Q	o_wb_stall_int_q$_SDFF_PP1_/D
21	-0.2237	stageI_do_pre	stageI_do_wr_or_rd	stage2_do_pre$_SDFF_PP0_/Q	stage2_do_wr_or_rd$_SDFF_PP0_/D
22	-0.2216	stageI_bank[J]	stageI_do_pre	stage2_bank[2]$_SDFF_PP0_/Q	stage2_do_pre$_SDFF_PP0_/D
23	-0.2173	idelay_data_cntvaluein[I][J]	o_phy_idelay_data_cntvaluein[I]	idelay_data_cntvaluein[6][1]$_SDFFCE_PN0P_/Q	o_phy_idelay_data_cntvaluein[1]
24	-0.2170	lane[I]	data_start_index[I][J]	lane[1]$_SDFFE_PP0P_/Q	data_start_index[2][2]$_SDFFCE_PN0P_/D
25	-0.2116	stageI_row[J]	o_phy_cmd[I]	stage2_row[1]$_SDFF_PP0_/Q	o_phy_cmd[25]
26	-0.2112	stageI_pending	stageI_do_wr_or_rd	stage2_pending$_SDFFE_PP0P_/Q	stage2_do_wr_or_rd$_SDFF_PP0_/D
27	-0.2112	stageI_do_pre	o_wb_stall_int_q	stage2_do_pre$_SDFF_PP0_/Q	o_wb_stall_int_q$_SDFF_PP1_/D
28	-0.2093	stageI_next_bank[J]	stageI_do_pre	stage1_next_bank[0]$_SDFFE_PP0P_/Q	stage2_do_pre$_SDFF_PP0_/D
29	-0.2057	stageI_pending	o_wb_stall_int_q	stage2_pending$_SDFFE_PP0P_/Q	o_wb_stall_int_q$_SDFF_PP1_/D
30	-0.2054	stageI_do_act	stageI_do_pre	stage2_do_act$_SDFF_PP0_/Q	stage2_do_pre$_SDFF_PP0_/D
31	-0.2012	stageI_do_rd	o_phy_cmd[I]	stage2_do_rd$_SDFF_PP0_/Q	o_phy_cmd[62]
32	-0.1996	lane[I]	write_pattern_lane[I]	lane[1]$_SDFFE_PP0P_/Q	write_pattern_lane[38]$_SDFF_PP0_/D
33	-0.1995	odelay_data_cntvaluein[I][J]	o_phy_odelay_data_cntvaluein[I]	odelay_data_cntvaluein[2][1]$_SDFFCE_PN0P_/Q	o_phy_odelay_data_cntvaluein[1]
34	-0.1933	lane[I]	state_calibrate[I]	lane[1]$_SDFFE_PP0P_/Q	state_calibrate[1]$_SDFFE_PP0P_/D
35	-0.1910	stageI_do_pre	stageI_do_pre	stage2_do_pre$_SDFF_PP0_/Q	stage2_do_pre$_SDFF_PP0_/D
36	-0.1910	idelay_dqs_cntvaluein[I][J]	o_phy_idelay_dqs_cntvaluein[I]	idelay_dqs_cntvaluein[3][3]$_SDFFCE_PN1P_/Q	o_phy_idelay_dqs_cntvaluein[3]
37	-0.1907	odelay_dqs_cntvaluein[I][J]	o_phy_odelay_dqs_cntvaluein[I]	odelay_dqs_cntvaluein[3][4]$_SDFFCE_PN0P_/Q	o_phy_odelay_dqs_cntvaluein[4]
38	-0.1875	stageI_bank[J]	stageI_do_wr	stage2_bank[2]$_SDFF_PP0_/Q	stage2_do_wr$_SDFF_PP0_/D
39	-0.1872	o_wb_data_q[I][J]	o_wb_data[I]	o_wb_data_q[0][386]$_SDFFE_PP0P_/Q	o_wb_data[386]
40	-0.1786	sync_rst_controller	o_phy_reset	sync_rst_controller$_DFF_P_/Q	o_phy_reset
41	-0.1786	stageI_pending	stageI_do_pre	stage2_pending$_SDFFE_PP0P_/Q	stage2_do_pre$_SDFF_PP0_/D
42	-0.1784	stageI_bank[J]	stageI_do_rd	stage2_bank[1]$_SDFF_PP0_/Q	stage2_do_rd$_SDFF_PP0_/D
43	-0.1696	stageI_bank[J]	stageI_do_update_delay_before_write_after_act	stage2_bank[2]$_SDFF_PP0_/Q	stage2_do_update_delay_before_write_after_act$_SDFF_PP0_/D
44	-0.1691	stageI_bank[J]	stageI_do_update_delay_before_read_after_act	stage2_bank[1]$_SDFF_PP0_/Q	stage2_do_update_delay_before_read_after_act$_SDFF_PP0_/D
45	-0.1634	stageI_do_rd	stageI_do_wr_or_rd	stage2_do_rd$_SDFF_PP0_/Q	stage2_do_wr_or_rd$_SDFF_PP0_/D
46	-0.1620	stageI_bank[J]	stageI_do_update_delay_before_precharge_after_wr	stage2_bank[2]$_SDFF_PP0_/Q	stage2_do_update_delay_before_precharge_after_wr$_SDFF_PP0_/D
47	-0.1617	stageI_do_wr	stageI_do_wr_or_rd	stage2_do_wr$_SDFF_PP0_/Q	stage2_do_wr_or_rd$_SDFF_PP0_/D
48	-0.1583	stageI_bank[J]	delay_before_read_counter_q[I][J]	stage2_bank[2]$_SDFF_PP0_/Q	delay_before_read_counter_q[3][1]$_SDFF_PP0_/D
49	-0.1562	stageI_do_act	stageI_do_wr	stage2_do_act$_SDFF_PP0_/Q	stage2_do_wr$_SDFF_PP0_/D
50	-0.1545	lane[I]	dqs_start_index_stored[I]	lane[1]$_SDFFE_PP0P_/Q	dqs_start_index_stored[2]$_SDFFE_PP0P_/D
51	-0.1530	stageI_do_act	stageI_data_unaligned[J]	stage2_do_act$_SDFF_PP0_/Q	stage2_data_unaligned[27]$_SDFFE_PP0P_/D
52	-0.1510	stageI_do_wr_or_rd	stageI_do_wr_or_rd	stage2_do_wr_or_rd$_SDFF_PP0_/Q	stage2_do_wr_or_rd$_SDFF_PP0_/D
53	-0.1466	delay_before_read_data[I]	o_phy_cmd[I]	delay_before_read_data[1]$_SDFF_PP0_/QN	o_phy_cmd[69]
54	-0.1454	stageI_do_pre	stageI_data_unaligned[J]	stage2_do_pre$_SDFF_PP0_/Q	stage2_data_unaligned[27]$_SDFFE_PP0P_/D
55	-0.1454	stageI_do_act	stageI_do_rd	stage2_do_act$_SDFF_PP0_/Q	stage2_do_rd$_SDFF_PP0_/D
56	-0.1436	lane[I]	sample_clk_repeat[I]	lane[1]$_SDFFE_PP0P_/Q	sample_clk_repeat[3]$_SDFFCE_PP0P_/D
57	-0.1435	lane[I]	prev_write_level_feedback	lane[1]$_SDFFE_PP0P_/Q	prev_write_level_feedback$_SDFFE_PP1P_/D
58	-0.1401	instruction[I]	o_phy_cmd[I]	instruction[0]$_SDFFE_PP1P_/Q	o_phy_cmd[24]
59	-0.1383	stageI_do_act	stageI_do_update_delay_before_write_after_act	stage2_do_act$_SDFF_PP0_/Q	stage2_do_update_delay_before_write_after_act$_SDFF_PP0_/D
60	-0.1361	stageI_do_act	stageI_do_update_delay_before_read_after_act	stage2_do_act$_SDFF_PP0_/Q	stage2_do_update_delay_before_read_after_act$_SDFF_PP0_/D
61	-0.1354	lane[I]	o_phy_write_leveling_calib	lane[1]$_SDFFE_PP0P_/Q	o_phy_write_leveling_calib$_SDFFE_PP0P_/D
62	-0.1308	stageI_do_rd	stageI_do_pre	stage2_do_rd$_SDFF_PP0_/Q	stage2_do_pre$_SDFF_PP0_/D
63	-0.1290	stageI_do_wr	stageI_do_pre	stage2_do_wr$_SDFF_PP0_/Q	stage2_do_pre$_SDFF_PP0_/D
64	-0.1285	read_lane_data_shifted[I]	state_calibrate[I]	read_lane_data_shifted[16]$_SDFF_PP0_/Q	state_calibrate[0]$_SDFFE_PP0P_/D
65	-0.1275	stageI_do_rd	stageI_data_unaligned[J]	stage2_do_rd$_SDFF_PP0_/Q	stage2_data_unaligned[27]$_SDFFE_PP0P_/D
66	-0.1269	read_lane_data_shifted[I]	data_start_index[I][J]	read_lane_data_shifted[16]$_SDFF_PP0_/Q	data_start_index[2][2]$_SDFFCE_PN0P_/D
67	-0.1257	stageI_do_wr	stageI_data_unaligned[J]	stage2_do_wr$_SDFF_PP0_/Q	stage2_data_unaligned[27]$_SDFFE_PP0P_/D
68	-0.1254	stageI_pending	stageI_data_unaligned[J]	stage2_pending$_SDFFE_PP0P_/Q	stage2_data_unaligned[27]$_SDFFE_PP0P_/D
69	-0.1233	lane[I]	lane[I]	lane[1]$_SDFFE_PP0P_/Q	lane[1]$_SDFFE_PP0P_/D
70	-0.1231	lane[I]	stored_write_level_feedback	lane[1]$_SDFFE_PP0P_/Q	stored_write_level_feedback$_SDFFCE_PN0P_/D
71	-0.1216	stageI_bank[J]	stageI_do_act	stage2_bank[2]$_SDFF_PP0_/Q	stage1_do_act$_SDFF_PP0_/D
72	-0.1202	lane[I]	dq_target_index[I][J]	lane[1]$_SDFFE_PP0P_/Q	dq_target_index[7][1]$_SDFFCE_PN0P_/D
73	-0.1191	stageI_bank[J]	stageI_do_wr_or_rd	stage1_bank[0]$_SDFFE_PP0P_/Q	stage2_do_wr_or_rd$_SDFF_PP0_/D
74	-0.1183	stageI_do_wr_or_rd	stageI_do_pre	stage2_do_wr_or_rd$_SDFF_PP0_/Q	stage2_do_pre$_SDFF_PP0_/D
75	-0.1176	state_calibrate[I]	o_debugI[J]	state_calibrate[2]$_SDFFE_PP0P_/Q	o_debug1[2]
76	-0.1146	lane[I]	read_lane_data[I]	lane[1]$_SDFFE_PP0P_/Q	read_lane_data[13]$_SDFF_PP0_/D
77	-0.1137	lane[I]	added_read_pipe_max	lane[1]$_SDFFE_PP0P_/Q	added_read_pipe_max$_SDFFE_PP0P_/D
78	-0.1136	lane[I]	initial_dqs	lane[1]$_SDFFE_PP0P_/Q	initial_dqs$_SDFFE_PP1P_/D
79	-0.1134	lane[I]	dqs_start_index_repeat	lane[1]$_SDFFE_PP0P_/Q	dqs_start_index_repeat$_SDFFE_PP0P_/D
80	-0.1077	write_pattern[I]	state_calibrate[I]	write_pattern[0]$_SDFFE_PP0P_/Q	state_calibrate[0]$_SDFFE_PP0P_/D
81	-0.1061	write_pattern[I]	data_start_index[I][J]	write_pattern[0]$_SDFFE_PP0P_/Q	data_start_index[2][2]$_SDFFCE_PN0P_/D
82	-0.1050	o_wb_ack_read_q[I][J]	o_wb_ack	o_wb_ack_read_q[0][0]$_SDFF_PP0_/Q	o_wb_ack
83	-0.1044	stageI_anticipate_row[J]	o_wb_stall_int_q	stage1_anticipate_row[1]$_SDFF_PP0_/Q	o_wb_stall_int_q$_SDFF_PP1_/D
84	-0.1021	o_wb_ack_read_q[I][J]	state_calibrate[I]	o_wb_ack_read_q[0][0]$_SDFF_PP0_/Q	state_calibrate[0]$_SDFFE_PP0P_/D
85	-0.1020	stageI_do_wr_or_rd	stageI_do_rd	stage2_do_wr_or_rd$_SDFF_PP0_/Q	stage2_do_rd$_SDFF_PP0_/D
86	-0.1018	stageI_do_wr_or_rd	stageI_data_unaligned[J]	stage2_do_wr_or_rd$_SDFF_PP0_/Q	stage2_data_unaligned[27]$_SDFFE_PP0P_/D
87	-0.1016	lane[I]	start_index_check[I]	lane[1]$_SDFFE_PP0P_/Q	start_index_check[4]$_SDFFCE_PN0P_/D
88	-0.1015	read_lane_data_shifted[I]	dq_target_index[I][J]	read_lane_data_shifted[16]$_SDFF_PP0_/Q	dq_target_index[3][2]$_SDFFCE_PN0P_/D
89	-0.1010	stageI_pending	stageI_do_rd	stage2_pending$_SDFFE_PP0P_/Q	stage2_do_rd$_SDFF_PP0_/D
90	-0.0991	o_wb_data_q[I][J]	reset_from_test	o_wb_data_q[0][57]$_SDFFE_PP0P_/Q	reset_from_test$_SDFF_PP0_/D
91	-0.0978	stageI_anticipate_row[J]	stageI_do_wr_or_rd	stage1_anticipate_row[9]$_SDFF_PP0_/Q	stage2_do_wr_or_rd$_SDFF_PP0_/D
92	-0.0977	data_start_index[I][J]	write_pattern_lane[I]	data_start_index[5][0]$_SDFFCE_PN0P_/Q	write_pattern_lane[24]$_SDFF_PP0_/D
93	-0.0970	stageI_do_act	delay_before_read_counter_q[I][J]	stage2_do_act$_SDFF_PP0_/Q	delay_before_read_counter_q[1][1]$_SDFF_PP0_/D
94	-0.0960	lane[I]	added_read_pipe[I]	lane[1]$_SDFFE_PP0P_/Q	added_read_pipe[0]$_SDFFCE_PN0P_/D
95	-0.0958	stageI_do_act	stageI_do_update_delay_before_precharge_after_wr	stage2_do_act$_SDFF_PP0_/Q	stage2_do_update_delay_before_precharge_after_wr$_SDFF_PP0_/D
96	-0.0950	stageI_do_pre	stageI_do_rd	stage2_do_pre$_SDFF_PP0_/Q	stage2_do_rd$_SDFF_PP0_/D
97	-0.0937	lane[I]	train_delay[I]	lane[1]$_SDFFE_PP0P_/Q	train_delay[1]$_SDFF_PP0_/D
98	-0.0927	stageI_do_wr_or_rd	stageI_do_update_delay_before_read_after_act	stage2_do_wr_or_rd$_SDFF_PP0_/Q	stage2_do_update_delay_before_read_after_act$_SDFF_PP0_/D
99	-0.0922	stageI_next_bank[J]	stageI_do_update_delay_before_precharge_after_wr	stage1_next_bank[0]$_SDFFE_PP0P_/Q	stage2_do_update_delay_before_precharge_after_wr$_SDFF_PP0_/D
100	-0.0917	stageI_pending	stageI_do_update_delay_before_read_after_act	stage2_pending$_SDFFE_PP0P_/Q	stage2_do_update_delay_before_read_after_act$_SDFF_PP0_/D
