# stage	6_final
# top_module	tpu_top
# top_n	100
# kind	blocks
# include_full	1
# rank	worst_slack_ns	start	end	start_full	end_full
1	-0.1206	systolic_controll.matrix_index[I]	write_out.sram_wdata_a[I]	systolic_controll.matrix_index[3]$_SDFF_PP0_/QN	write_out.sram_wdata_a[114]$_SDFF_PN0_/D
2	-0.1180	systolic_controll.matrix_index[I]	write_out.sram_wdata_c[I]	systolic_controll.matrix_index[3]$_SDFF_PP0_/QN	write_out.sram_wdata_c[12]$_SDFF_PN0_/D
3	-0.1145	systolic_controll.matrix_index[I]	_I_	systolic_controll.matrix_index[3]$_SDFF_PP0_/QN	_88087_/D
4	-0.0864	systolic.weight_queue[I][J]	systolic.product_reg[I][J]	systolic.weight_queue[19][2]$_SDFFE_PN0P_/Q	systolic.product_reg[19][14]$_SDFF_PN0_/D
5	-0.0851	systolic.data_queue[I][J]	systolic.product_reg[I][J]	systolic.data_queue[53][3]$_SDFFE_PN0P_/Q	systolic.product_reg[53][15]$_SDFF_PN0_/D
6	0.0167	systolic.matrix_mul_ID[J][K]	systolic.matrix_mul_ID[J][K]	systolic.matrix_mul_2D[4][0]$_SDFFE_PN0P_/Q	systolic.matrix_mul_2D[4][20]$_SDFFE_PN0P_/D
7	0.0215	systolic.product_reg[I][J]	systolic.matrix_mul_ID[J][K]	systolic.product_reg[4][0]$_SDFF_PN0_/Q	systolic.matrix_mul_2D[4][20]$_SDFFE_PN0P_/D
8	0.0353	systolic.matrix_mul_ID[J][K]	write_out.sram_wdata_c[I]	systolic.matrix_mul_2D[26][10]$_SDFFE_PN0P_/Q	write_out.sram_wdata_c[37]$_SDFF_PN0_/D
9	0.0386	systolic.matrix_mul_ID[J][K]	_I_	systolic.matrix_mul_2D[26][10]$_SDFFE_PN0P_/Q	_88146_/D
10	0.0416	systolic.matrix_mul_ID[J][K]	write_out.sram_wdata_a[I]	systolic.matrix_mul_2D[26][10]$_SDFFE_PN0P_/Q	write_out.sram_wdata_a[5]$_SDFF_PN0_/D
11	0.0650	write_out.sram_wdata_c[I]	sram_wdata_c[I]	write_out.sram_wdata_c[117]$_SDFF_PN0_/Q	sram_wdata_c[117]
12	0.0867	write_out.sram_wdata_a[I]	sram_wdata_a[I]	write_out.sram_wdata_a[57]$_SDFF_PN0_/Q	sram_wdata_a[57]
13	0.1006	_I_	sram_wdata_b[I]	_88052_/Q	sram_wdata_b[29]
14	0.1250	addr_sel.sram_raddr_wI[J]	sram_raddr_wI[J]	addr_sel.sram_raddr_w0[1]$_SDFF_PN1_/Q	sram_raddr_w0[1]
15	0.1300	addr_sel.sram_raddr_wI[J]	sram_raddr_dI[J]	addr_sel.sram_raddr_w1[0]$_SDFF_PN1_/Q	sram_raddr_d1[0]
16	0.1350	write_out.sram_waddr_c[I]	sram_waddr_c[I]	write_out.sram_waddr_c[2]$_SDFF_PN0_/Q	sram_waddr_c[2]
17	0.1355	write_out.sram_write_enable_cI	sram_write_enable_cI	write_out.sram_write_enable_c0$_SDFF_PN1_/Q	sram_write_enable_c0
18	0.1362	systolic_controll.cycle_num[I]	_I_	systolic_controll.cycle_num[1]$_SDFF_PN0_/Q	_88105_/D
19	0.1373	write_out.sram_waddr_a[I]	sram_waddr_a[I]	write_out.sram_waddr_a[4]$_SDFF_PN0_/Q	sram_waddr_a[4]
20	0.1425	systolic_controll.tpu_done	tpu_done	systolic_controll.tpu_done$_SDFF_PN0_/Q	tpu_done
21	0.1436	write_out.sram_write_enable_aI	sram_write_enable_aI	write_out.sram_write_enable_a0$_SDFF_PN1_/Q	sram_write_enable_a0
22	0.1450	systolic_controll.cycle_num[I]	write_out.sram_wdata_c[I]	systolic_controll.cycle_num[1]$_SDFF_PN0_/Q	write_out.sram_wdata_c[116]$_SDFF_PN0_/D
23	0.1464	_I_	sram_waddr_b[I]	_88154_/Q	sram_waddr_b[4]
24	0.1473	systolic_controll.cycle_num[I]	systolic.op_reg[I][J]	systolic_controll.cycle_num[1]$_SDFF_PN0_/QN	systolic.op_reg[3][1]$_DFF_P_/D
25	0.1481	systolic_controll.state[I]	_I_	systolic_controll.state[3]$_DFF_P_/Q	_88105_/D
26	0.1557	_I_	sram_write_enable_bI	_88020_/Q	sram_write_enable_b0
27	0.1565	systolic_controll.cycle_num[I]	write_out.sram_wdata_a[I]	systolic_controll.cycle_num[1]$_SDFF_PN0_/Q	write_out.sram_wdata_a[44]$_SDFF_PN0_/D
28	0.1569	systolic_controll.state[I]	write_out.sram_wdata_c[I]	systolic_controll.state[3]$_DFF_P_/Q	write_out.sram_wdata_c[116]$_SDFF_PN0_/D
29	0.1585	systolic_controll.state[I]	systolic.data_queue[I][J]	systolic_controll.state[3]$_DFF_P_/Q	systolic.data_queue[29][6]$_SDFFE_PN0P_/D
30	0.1616	systolic_controll.state[I]	systolic.weight_queue[I][J]	systolic_controll.state[3]$_DFF_P_/Q	systolic.weight_queue[29][3]$_SDFFE_PN0P_/D
31	0.1684	systolic_controll.state[I]	write_out.sram_wdata_a[I]	systolic_controll.state[3]$_DFF_P_/Q	write_out.sram_wdata_a[44]$_SDFF_PN0_/D
32	0.1900	systolic_controll.state[I]	systolic.product_reg[I][J]	systolic_controll.state[3]$_DFF_P_/Q	systolic.product_reg[37][0]$_SDFF_PN0_/D
33	0.2097	systolic_controll.matrix_index[I]	systolic_controll.data_set[I]	systolic_controll.matrix_index[0]$_SDFF_PP0_/Q	systolic_controll.data_set[0]$_SDFFE_PN0P_/D
34	0.2796	systolic_controll.matrix_index[I]	systolic_controll.matrix_index[I]	systolic_controll.matrix_index[0]$_SDFF_PP0_/Q	systolic_controll.matrix_index[2]$_SDFF_PP0_/D
35	0.2848	srstn	_I_	srstn	_88105_/D
36	0.2936	srstn	write_out.sram_wdata_c[I]	srstn	write_out.sram_wdata_c[116]$_SDFF_PN0_/D
37	0.3003	srstn	systolic.matrix_mul_ID[J][K]	srstn	systolic.matrix_mul_2D[42][20]$_SDFFE_PN0P_/D
38	0.3012	systolic_controll.cycle_num[I]	write_out.sram_waddr_c[I]	systolic_controll.cycle_num[1]$_SDFF_PN0_/Q	write_out.sram_waddr_c[3]$_SDFF_PN0_/D
39	0.3051	srstn	write_out.sram_wdata_a[I]	srstn	write_out.sram_wdata_a[44]$_SDFF_PN0_/D
40	0.3052	systolic_controll.cycle_num[I]	write_out.sram_waddr_a[I]	systolic_controll.cycle_num[1]$_SDFF_PN0_/Q	write_out.sram_waddr_a[4]$_SDFF_PN0_/D
41	0.3078	systolic_controll.data_set[I]	_I_	systolic_controll.data_set[0]$_SDFFE_PN0P_/Q	_88105_/D
42	0.3092	systolic.op_reg[I][J]	systolic.matrix_mul_ID[J][K]	systolic.op_reg[5][1]$_DFF_P_/Q	systolic.matrix_mul_2D[40][19]$_SDFFE_PN0P_/D
43	0.3131	systolic_controll.state[I]	write_out.sram_waddr_c[I]	systolic_controll.state[3]$_DFF_P_/Q	write_out.sram_waddr_c[3]$_SDFF_PN0_/D
44	0.3171	systolic_controll.state[I]	write_out.sram_waddr_a[I]	systolic_controll.state[3]$_DFF_P_/Q	write_out.sram_waddr_a[4]$_SDFF_PN0_/D
45	0.3187	srstn	systolic.data_queue[I][J]	srstn	systolic.data_queue[35][0]$_SDFFE_PN0P_/D
46	0.3217	srstn	systolic.weight_queue[I][J]	srstn	systolic.weight_queue[40][7]$_SDFFE_PN0P_/D
47	0.3221	systolic_controll.state[I]	systolic_controll.data_set[I]	systolic_controll.state[3]$_DFF_P_/Q	systolic_controll.data_set[0]$_SDFFE_PN0P_/D
48	0.3267	srstn	systolic.product_reg[I][J]	srstn	systolic.product_reg[37][0]$_SDFF_PN0_/D
49	0.3401	systolic_controll.cycle_num[I]	write_out.sram_write_enable_aI	systolic_controll.cycle_num[1]$_SDFF_PN0_/Q	write_out.sram_write_enable_a0$_SDFF_PN1_/D
50	0.3520	systolic_controll.state[I]	write_out.sram_write_enable_aI	systolic_controll.state[3]$_DFF_P_/Q	write_out.sram_write_enable_a0$_SDFF_PN1_/D
51	0.3568	systolic_controll.matrix_index[I]	write_out.sram_waddr_c[I]	systolic_controll.matrix_index[0]$_SDFF_PP0_/Q	write_out.sram_waddr_c[0]$_SDFF_PN0_/D
52	0.3570	srstn	systolic_controll.addr_serial_num[I]	srstn	systolic_controll.addr_serial_num[1]$_SDFFE_PN0P_/D
53	0.3572	systolic_controll.matrix_index[I]	write_out.sram_waddr_a[I]	systolic_controll.matrix_index[0]$_SDFF_PP0_/Q	write_out.sram_waddr_a[0]$_SDFF_PN0_/D
54	0.3580	systolic_controll.matrix_index[I]	systolic_controll.state[I]	systolic_controll.matrix_index[1]$_SDFF_PP0_/Q	systolic_controll.state[3]$_DFF_P_/D
55	0.3585	systolic_controll.state[I]	systolic_controll.addr_serial_num[I]	systolic_controll.state[3]$_DFF_P_/Q	systolic_controll.addr_serial_num[1]$_SDFFE_PN0P_/D
56	0.3640	systolic_controll.cycle_num[I]	write_out.sram_write_enable_cI	systolic_controll.cycle_num[1]$_SDFF_PN0_/Q	write_out.sram_write_enable_c0$_SDFF_PN1_/D
57	0.3684	systolic_controll.state[I]	systolic_controll.state[I]	systolic_controll.state[3]$_DFF_P_/Q	systolic_controll.state[0]$_DFF_P_/D
58	0.3687	srstn	systolic_controll.state[I]	srstn	systolic_controll.state[3]$_DFF_P_/D
59	0.3759	systolic_controll.state[I]	write_out.sram_write_enable_cI	systolic_controll.state[3]$_DFF_P_/Q	write_out.sram_write_enable_c0$_SDFF_PN1_/D
60	0.3777	systolic_controll.data_set[I]	write_out.sram_wdata_c[I]	systolic_controll.data_set[0]$_SDFFE_PN0P_/Q	write_out.sram_wdata_c[116]$_SDFF_PN0_/D
61	0.3831	systolic_controll.matrix_index[I]	systolic_controll.tpu_done	systolic_controll.matrix_index[1]$_SDFF_PP0_/Q	systolic_controll.tpu_done$_SDFF_PN0_/D
62	0.3883	systolic_controll.data_set[I]	write_out.sram_wdata_a[I]	systolic_controll.data_set[1]$_SDFFE_PN0P_/QN	write_out.sram_wdata_a[44]$_SDFF_PN0_/D
63	0.4002	systolic_controll.cycle_num[I]	systolic_controll.data_set[I]	systolic_controll.cycle_num[1]$_SDFF_PN0_/Q	systolic_controll.data_set[0]$_SDFFE_PN0P_/D
64	0.4184	srstn	systolic_controll.tpu_done	srstn	systolic_controll.tpu_done$_SDFF_PN0_/D
65	0.4185	srstn	systolic_controll.cycle_num[I]	srstn	systolic_controll.cycle_num[7]$_SDFF_PN0_/D
66	0.4208	systolic_controll.cycle_num[I]	systolic_controll.cycle_num[I]	systolic_controll.cycle_num[1]$_SDFF_PN0_/Q	systolic_controll.cycle_num[8]$_SDFF_PN0_/D
67	0.4318	systolic_controll.state[I]	systolic_controll.cycle_num[I]	systolic_controll.state[3]$_DFF_P_/Q	systolic_controll.cycle_num[1]$_SDFF_PN0_/D
68	0.4351	srstn	systolic.op_reg[I][J]	srstn	systolic.op_reg[63][2]$_DFF_P_/D
69	0.4378	systolic_controll.addr_serial_num[I]	systolic_controll.addr_serial_num[I]	systolic_controll.addr_serial_num[2]$_SDFFE_PN0P_/Q	systolic_controll.addr_serial_num[5]$_SDFFE_PN0P_/D
70	0.4498	srstn	write_out.sram_waddr_c[I]	srstn	write_out.sram_waddr_c[3]$_SDFF_PN0_/D
71	0.4519	systolic_controll.cycle_num[I]	systolic_controll.matrix_index[I]	systolic_controll.cycle_num[1]$_SDFF_PN0_/Q	systolic_controll.matrix_index[1]$_SDFF_PP0_/D
72	0.4537	systolic_controll.state[I]	systolic_controll.tpu_done	systolic_controll.state[3]$_DFF_P_/Q	systolic_controll.tpu_done$_SDFF_PN0_/D
73	0.4538	srstn	write_out.sram_waddr_a[I]	srstn	write_out.sram_waddr_a[4]$_SDFF_PN0_/D
74	0.4588	srstn	systolic_controll.data_set[I]	srstn	systolic_controll.data_set[0]$_SDFFE_PN0P_/D
75	0.4636	systolic_controll.addr_serial_num[I]	addr_sel.sram_raddr_wI[J]	systolic_controll.addr_serial_num[5]$_SDFFE_PN0P_/Q	addr_sel.sram_raddr_w1[5]$_SDFF_PN1_/D
76	0.4711	srstn	systolic_controll.matrix_index[I]	srstn	systolic_controll.matrix_index[1]$_SDFF_PP0_/D
77	0.4835	systolic_controll.state[I]	systolic.op_reg[I][J]	systolic_controll.state[3]$_DFF_P_/QN	systolic.op_reg[63][2]$_DFF_P_/D
78	0.4887	srstn	write_out.sram_write_enable_aI	srstn	write_out.sram_write_enable_a0$_SDFF_PN1_/D
79	0.5081	tpu_start	systolic_controll.addr_serial_num[I]	tpu_start	systolic_controll.addr_serial_num[5]$_SDFFE_PN0P_/D
80	0.5126	srstn	write_out.sram_write_enable_cI	srstn	write_out.sram_write_enable_c0$_SDFF_PN1_/D
81	0.5195	systolic_controll.state[I]	systolic_controll.matrix_index[I]	systolic_controll.state[3]$_DFF_P_/QN	systolic_controll.matrix_index[1]$_SDFF_PP0_/D
82	0.5339	systolic_controll.data_set[I]	write_out.sram_waddr_c[I]	systolic_controll.data_set[0]$_SDFFE_PN0P_/Q	write_out.sram_waddr_c[3]$_SDFF_PN0_/D
83	0.5370	systolic_controll.data_set[I]	write_out.sram_waddr_a[I]	systolic_controll.data_set[1]$_SDFFE_PN0P_/QN	write_out.sram_waddr_a[4]$_SDFF_PN0_/D
84	0.5485	systolic_controll.data_set[I]	systolic_controll.state[I]	systolic_controll.data_set[0]$_SDFFE_PN0P_/Q	systolic_controll.state[3]$_DFF_P_/D
85	0.5719	systolic_controll.data_set[I]	write_out.sram_write_enable_aI	systolic_controll.data_set[1]$_SDFFE_PN0P_/QN	write_out.sram_write_enable_a0$_SDFF_PN1_/D
86	0.5736	systolic_controll.data_set[I]	systolic_controll.tpu_done	systolic_controll.data_set[0]$_SDFFE_PN0P_/Q	systolic_controll.tpu_done$_SDFF_PN0_/D
87	0.5927	systolic.weight_queue[I][J]	systolic.weight_queue[I][J]	systolic.weight_queue[8][7]$_SDFFE_PN0P_/Q	systolic.weight_queue[16][7]$_SDFFE_PN0P_/D
88	0.5966	systolic_controll.data_set[I]	write_out.sram_write_enable_cI	systolic_controll.data_set[0]$_SDFFE_PN0P_/Q	write_out.sram_write_enable_c0$_SDFF_PN1_/D
89	0.6093	systolic.data_queue[I][J]	systolic.data_queue[I][J]	systolic.data_queue[22][0]$_SDFFE_PN0P_/Q	systolic.data_queue[23][0]$_SDFFE_PN0P_/D
90	0.6536	systolic_controll.data_set[I]	systolic_controll.data_set[I]	systolic_controll.data_set[1]$_SDFFE_PN0P_/QN	systolic_controll.data_set[1]$_SDFFE_PN0P_/D
91	0.6957	sram_rdata_dI[J]	systolic.data_queue[I][J]	sram_rdata_d1[1]	systolic.data_queue[56][1]$_SDFFE_PN0P_/D
92	0.7313	tpu_start	systolic_controll.state[I]	tpu_start	systolic_controll.state[0]$_DFF_P_/D
93	0.7351	sram_rdata_wI[J]	systolic.weight_queue[I][J]	sram_rdata_w1[25]	systolic.weight_queue[4][1]$_SDFFE_PN0P_/D
