# stage	6_final
# top_module	ddr3_controller
# top_n	100
# kind	blocks
# include_full	1
# rank	worst_slack_ns	start	end	start_full	end_full
1	-0.3385	index_wb_data	o_wb_data[I]	index_wb_data$_SDFFE_PP0P_/Q	o_wb_data[413]
2	-0.3286	lane[I]	o_phy_idelay_dqs_cntvaluein[I]	lane[1]$_SDFFE_PP0P_/Q	o_phy_idelay_dqs_cntvaluein[2]
3	-0.3237	lane[I]	o_phy_odelay_data_cntvaluein[I]	lane[1]$_SDFFE_PP0P_/Q	o_phy_odelay_data_cntvaluein[3]
4	-0.3224	lane[I]	o_phy_odelay_dqs_cntvaluein[I]	lane[1]$_SDFFE_PP0P_/Q	o_phy_odelay_dqs_cntvaluein[0]
5	-0.3186	stageI_do_pre	o_phy_cmd[I]	stage2_do_pre$_SDFF_PP0_/Q	o_phy_cmd[18]
6	-0.3142	stageI_pending	o_phy_cmd[I]	stage2_pending$_SDFFE_PP0P_/Q	o_phy_cmd[18]
7	-0.3134	lane[I]	o_phy_idelay_data_cntvaluein[I]	lane[1]$_SDFFE_PP0P_/Q	o_phy_idelay_data_cntvaluein[3]
8	-0.3130	stageI_bank[J]	o_phy_cmd[I]	stage2_bank[1]$_SDFF_PP0_/Q	o_phy_cmd[45]
9	-0.2970	stageI_do_act	o_phy_cmd[I]	stage2_do_act$_SDFF_PP0_/Q	o_phy_cmd[67]
10	-0.2831	stageI_do_wr_or_rd	o_phy_cmd[I]	stage2_do_wr_or_rd$_SDFF_PP0_/Q	o_phy_cmd[67]
11	-0.2827	stageI_do_pre	o_wb_stall_int_q	stage2_do_pre$_SDFF_PP0_/Q	o_wb_stall_int_q$_SDFF_PP1_/D
12	-0.2820	stageI_do_act	o_wb_stall_int_q	stage2_do_act$_SDFF_PP0_/Q	o_wb_stall_int_q$_SDFF_PP1_/D
13	-0.2777	stageI_pending	o_wb_stall_int_q	stage2_pending$_SDFFE_PP0P_/Q	o_wb_stall_int_q$_SDFF_PP1_/D
14	-0.2773	state_calibrate[I]	o_phy_cmd[I]	state_calibrate[2]$_SDFFE_PP0P_/Q	o_phy_cmd[69]
15	-0.2705	stageI_bank[J]	o_wb_stall_int_q	stage2_bank[1]$_SDFF_PP0_/Q	o_wb_stall_int_q$_SDFF_PP1_/D
16	-0.2691	stageI_do_rd	o_phy_cmd[I]	stage2_do_rd$_SDFF_PP0_/Q	o_phy_cmd[67]
17	-0.2650	stageI_do_act	stageI_do_pre	stage2_do_act$_SDFF_PP0_/Q	stage1_do_pre$_SDFF_PP0_/D
18	-0.2639	stageI_do_wr	o_phy_cmd[I]	stage2_do_wr$_SDFF_PP0_/Q	o_phy_cmd[53]
19	-0.2637	stageI_do_act	stageI_do_wr_or_rd	stage2_do_act$_SDFF_PP0_/Q	stage2_do_wr_or_rd$_SDFF_PP0_/D
20	-0.2585	stageI_do_pre	stageI_do_wr_or_rd	stage2_do_pre$_SDFF_PP0_/Q	stage2_do_wr_or_rd$_SDFF_PP0_/D
21	-0.2561	stageI_do_pre	stageI_do_pre	stage2_do_pre$_SDFF_PP0_/Q	stage1_do_pre$_SDFF_PP0_/D
22	-0.2551	lane[I]	data_start_index[I][J]	lane[1]$_SDFFE_PP0P_/Q	data_start_index[3][6]$_SDFFCE_PN0P_/D
23	-0.2534	stageI_pending	stageI_do_wr_or_rd	stage2_pending$_SDFFE_PP0P_/Q	stage2_do_wr_or_rd$_SDFF_PP0_/D
24	-0.2510	stageI_pending	stageI_do_pre	stage2_pending$_SDFFE_PP0P_/Q	stage1_do_pre$_SDFF_PP0_/D
25	-0.2489	stageI_bank[J]	stageI_do_wr_or_rd	stage2_bank[1]$_SDFF_PP0_/Q	stage2_do_wr_or_rd$_SDFF_PP0_/D
26	-0.2414	stageI_bank[J]	stageI_do_pre	stage2_bank[2]$_SDFF_PP0_/Q	stage2_do_pre$_SDFF_PP0_/D
27	-0.2368	stageI_row[J]	o_phy_cmd[I]	stage2_row[2]$_SDFF_PP0_/Q	o_phy_cmd[26]
28	-0.2333	lane[I]	write_pattern_lane[I]	lane[1]$_SDFFE_PP0P_/Q	write_pattern_lane[7]$_SDFF_PP0_/D
29	-0.2284	stageI_bank[J]	stageI_do_update_delay_before_write_after_act	stage2_bank[2]$_SDFF_PP0_/Q	stage2_do_update_delay_before_write_after_act$_SDFF_PP0_/D
30	-0.2276	stageI_bank[J]	stageI_do_wr	stage2_bank[2]$_SDFF_PP0_/Q	stage2_do_wr$_SDFF_PP0_/D
31	-0.2262	stageI_do_act	stageI_data_unaligned[J]	stage2_do_act$_SDFF_PP0_/Q	stage2_data_unaligned[266]$_SDFFE_PP0P_/D
32	-0.2212	stageI_bank[J]	stageI_do_rd	stage2_bank[0]$_SDFF_PP0_/Q	stage2_do_rd$_SDFF_PP0_/D
33	-0.2123	stageI_bank[J]	stageI_do_update_delay_before_read_after_act	stage2_bank[0]$_SDFF_PP0_/Q	stage2_do_update_delay_before_read_after_act$_SDFF_PP0_/D
34	-0.2090	stageI_do_act	stageI_dm_unaligned[J]	stage2_do_act$_SDFF_PP0_/Q	stage2_dm_unaligned[49]$_SDFFE_PP0P_/D
35	-0.2050	idelay_data_cntvaluein[I][J]	o_phy_idelay_data_cntvaluein[I]	idelay_data_cntvaluein[3][3]$_SDFFCE_PN0P_/Q	o_phy_idelay_data_cntvaluein[3]
36	-0.2020	idelay_dqs_cntvaluein[I][J]	o_phy_idelay_dqs_cntvaluein[I]	idelay_dqs_cntvaluein[6][0]$_SDFFCE_PN0P_/Q	o_phy_idelay_dqs_cntvaluein[0]
37	-0.1999	lane[I]	state_calibrate[I]	lane[1]$_SDFFE_PP0P_/Q	state_calibrate[0]$_SDFFE_PP0P_/D
38	-0.1976	odelay_dqs_cntvaluein[I][J]	o_phy_odelay_dqs_cntvaluein[I]	odelay_dqs_cntvaluein[3][3]$_SDFFCE_PN1P_/Q	o_phy_odelay_dqs_cntvaluein[3]
39	-0.1965	odelay_data_cntvaluein[I][J]	o_phy_odelay_data_cntvaluein[I]	odelay_data_cntvaluein[3][4]$_SDFFCE_PN0P_/Q	o_phy_odelay_data_cntvaluein[4]
40	-0.1874	lane[I]	dqs_start_index_stored[I]	lane[1]$_SDFFE_PP0P_/Q	dqs_start_index_stored[1]$_SDFFE_PP0P_/D
41	-0.1829	o_wb_data_q[I][J]	o_wb_data[I]	o_wb_data_q[0][388]$_SDFFE_PP0P_/Q	o_wb_data[388]
42	-0.1808	lane[I]	sample_clk_repeat[I]	lane[1]$_SDFFE_PP0P_/Q	sample_clk_repeat[3]$_SDFFCE_PP0P_/D
43	-0.1798	index_wb_data	reset_from_test	index_wb_data$_SDFFE_PP0P_/Q	reset_from_test$_SDFF_PP0_/D
44	-0.1797	stageI_do_act	stageI_do_update_delay_before_write_after_act	stage2_do_act$_SDFF_PP0_/Q	stage2_do_update_delay_before_write_after_act$_SDFF_PP0_/D
45	-0.1790	stageI_do_act	stageI_do_wr	stage2_do_act$_SDFF_PP0_/Q	stage2_do_wr$_SDFF_PP0_/D
46	-0.1752	stageI_do_pre	stageI_data_unaligned[J]	stage2_do_pre$_SDFF_PP0_/Q	stage2_data_unaligned[104]$_SDFFE_PP0P_/D
47	-0.1747	stageI_do_act	stageI_do_rd	stage2_do_act$_SDFF_PP0_/Q	stage2_do_rd$_SDFF_PP0_/D
48	-0.1732	delay_before_read_data[I]	o_phy_cmd[I]	delay_before_read_data[0]$_SDFF_PP0_/QN	o_phy_cmd[69]
49	-0.1700	stageI_bank[J]	stageI_do_act	stage2_bank[2]$_SDFF_PP0_/Q	stage2_do_act$_SDFF_PP0_/D
50	-0.1661	stageI_do_wr_or_rd	o_wb_stall_int_q	stage2_do_wr_or_rd$_SDFF_PP0_/Q	o_wb_stall_int_q$_SDFF_PP1_/D
51	-0.1658	stageI_do_act	stageI_do_update_delay_before_read_after_act	stage2_do_act$_SDFF_PP0_/Q	stage2_do_update_delay_before_read_after_act$_SDFF_PP0_/D
52	-0.1609	stageI_do_wr_or_rd	stageI_do_rd	stage2_do_wr_or_rd$_SDFF_PP0_/Q	stage2_do_rd$_SDFF_PP0_/D
53	-0.1604	stageI_bank[J]	delay_before_read_counter_q[I][J]	stage2_bank[0]$_SDFF_PP0_/Q	delay_before_read_counter_q[1][1]$_SDFF_PP0_/D
54	-0.1604	stageI_do_pre	stageI_do_rd	stage2_do_pre$_SDFF_PP0_/Q	stage2_do_rd$_SDFF_PP0_/D
55	-0.1600	lane[I]	o_phy_bitslip[I]	lane[1]$_SDFFE_PP0P_/Q	o_phy_bitslip[1]$_SDFF_PP0_/D
56	-0.1572	stageI_do_pre	stageI_dm_unaligned[J]	stage2_do_pre$_SDFF_PP0_/Q	stage2_dm_unaligned[49]$_SDFFE_PP0P_/D
57	-0.1571	lane[I]	stored_write_level_feedback	lane[1]$_SDFFE_PP0P_/Q	stored_write_level_feedback$_SDFFCE_PN0P_/D
58	-0.1534	lane[I]	prev_write_level_feedback	lane[1]$_SDFFE_PP0P_/Q	prev_write_level_feedback$_SDFFE_PP1P_/D
59	-0.1520	stageI_do_wr_or_rd	stageI_do_update_delay_before_read_after_act	stage2_do_wr_or_rd$_SDFF_PP0_/Q	stage2_do_update_delay_before_read_after_act$_SDFF_PP0_/D
60	-0.1515	stageI_do_pre	stageI_do_update_delay_before_read_after_act	stage2_do_pre$_SDFF_PP0_/Q	stage2_do_update_delay_before_read_after_act$_SDFF_PP0_/D
61	-0.1494	stageI_do_wr_or_rd	stageI_do_wr_or_rd	stage2_do_wr_or_rd$_SDFF_PP0_/Q	stage2_do_wr_or_rd$_SDFF_PP0_/D
62	-0.1493	stageI_pending	stageI_do_rd	stage2_pending$_SDFFE_PP0P_/Q	stage2_do_rd$_SDFF_PP0_/D
63	-0.1485	lane[I]	o_phy_write_leveling_calib	lane[1]$_SDFFE_PP0P_/Q	o_phy_write_leveling_calib$_SDFFE_PP0P_/D
64	-0.1484	instruction[I]	o_phy_cmd[I]	instruction[2]$_SDFFE_PP1P_/Q	o_phy_cmd[26]
65	-0.1474	calib_addr[I]	stageI_do_pre	calib_addr[5]$_SDFFE_PP0P_/Q	stage1_do_pre$_SDFF_PP0_/D
66	-0.1465	o_wb_stall_int_q	o_wb_stall	o_wb_stall_int_q$_SDFF_PP1_/Q	o_wb_stall
67	-0.1441	stageI_next_bank[J]	stageI_do_update_delay_before_precharge_after_rd	stage1_next_bank[2]$_SDFF_PP0_/Q	stage2_do_update_delay_before_precharge_after_rd$_SDFF_PP0_/D
68	-0.1430	stageI_do_rd	stageI_data_unaligned[J]	stage2_do_rd$_SDFF_PP0_/Q	stage2_data_unaligned[104]$_SDFFE_PP0P_/D
69	-0.1426	stageI_do_pre	stageI_do_update_delay_before_write_after_act	stage2_do_pre$_SDFF_PP0_/Q	stage2_do_update_delay_before_write_after_act$_SDFF_PP0_/D
70	-0.1421	delay_before_write_counter_q[I][J]	o_wb_stall_int_q	delay_before_write_counter_q[5][0]$_SDFF_PP0_/QN	o_wb_stall_int_q$_SDFF_PP1_/D
71	-0.1418	stageI_do_pre	stageI_do_wr	stage2_do_pre$_SDFF_PP0_/Q	stage2_do_wr$_SDFF_PP0_/D
72	-0.1415	stageI_pending	stageI_data_unaligned[J]	stage2_pending$_SDFFE_PP0P_/Q	stage2_data_unaligned[266]$_SDFFE_PP0P_/D
73	-0.1411	stageI_do_wr	stageI_data_unaligned[J]	stage2_do_wr$_SDFF_PP0_/Q	stage2_data_unaligned[104]$_SDFFE_PP0P_/D
74	-0.1406	stageI_do_wr_or_rd	stageI_do_pre	stage2_do_wr_or_rd$_SDFF_PP0_/Q	stage2_do_pre$_SDFF_PP0_/D
75	-0.1404	stageI_pending	stageI_do_update_delay_before_read_after_act	stage2_pending$_SDFFE_PP0P_/Q	stage2_do_update_delay_before_read_after_act$_SDFF_PP0_/D
76	-0.1404	force_o_wb_stall_high_q	o_wb_stall	force_o_wb_stall_high_q$_SDFF_PP0_/Q	o_wb_stall
77	-0.1403	lane[I]	lane[I]	lane[1]$_SDFFE_PP0P_/Q	lane[1]$_SDFFE_PP0P_/D
78	-0.1401	stageI_do_rd	stageI_do_wr_or_rd	stage2_do_rd$_SDFF_PP0_/Q	stage2_do_wr_or_rd$_SDFF_PP0_/D
79	-0.1389	stageI_do_wr	stageI_do_wr_or_rd	stage2_do_wr$_SDFF_PP0_/Q	stage2_do_wr_or_rd$_SDFF_PP0_/D
80	-0.1383	lane[I]	dqs_start_index_repeat	lane[1]$_SDFFE_PP0P_/Q	dqs_start_index_repeat$_SDFFE_PP0P_/D
81	-0.1372	stageI_do_wr_or_rd	stageI_do_update_delay_before_write_after_act	stage2_do_wr_or_rd$_SDFF_PP0_/Q	stage2_do_update_delay_before_write_after_act$_SDFF_PP0_/D
82	-0.1365	stageI_do_wr_or_rd	stageI_do_wr	stage2_do_wr_or_rd$_SDFF_PP0_/Q	stage2_do_wr$_SDFF_PP0_/D
83	-0.1325	o_wb_ack_read_q[I][J]	state_calibrate[I]	o_wb_ack_read_q[0][9]$_SDFF_PP0_/Q	state_calibrate[0]$_SDFFE_PP0P_/D
84	-0.1322	stageI_do_rd	stageI_do_pre	stage2_do_rd$_SDFF_PP0_/Q	stage2_do_pre$_SDFF_PP0_/D
85	-0.1321	stageI_do_act	delay_before_read_counter_q[I][J]	stage2_do_act$_SDFF_PP0_/Q	delay_before_read_counter_q[4][0]$_SDFF_PP0_/D
86	-0.1304	stageI_next_bank[J]	stageI_do_update_delay_before_precharge_after_wr	stage1_next_bank[2]$_SDFF_PP0_/Q	stage2_do_update_delay_before_precharge_after_wr$_SDFF_PP0_/D
87	-0.1303	stageI_do_wr	stageI_do_pre	stage2_do_wr$_SDFF_PP0_/Q	stage2_do_pre$_SDFF_PP0_/D
88	-0.1303	stageI_do_rd	o_wb_stall_int_q	stage2_do_rd$_SDFF_PP0_/Q	o_wb_stall_int_q$_SDFF_PP1_/D
89	-0.1303	stageI_do_wr_or_rd	stageI_data_unaligned[J]	stage2_do_wr_or_rd$_SDFF_PP0_/Q	stage2_data_unaligned[266]$_SDFFE_PP0P_/D
90	-0.1299	lane[I]	initial_dqs	lane[1]$_SDFFE_PP0P_/Q	initial_dqs$_SDFFE_PP1P_/D
91	-0.1272	lane[I]	start_index_check[I]	lane[1]$_SDFFE_PP0P_/Q	start_index_check[4]$_SDFFCE_PN0P_/D
92	-0.1267	stageI_do_act	stageI_do_update_delay_before_precharge_after_rd	stage2_do_act$_SDFF_PP0_/Q	stage2_do_update_delay_before_precharge_after_rd$_SDFF_PP0_/D
93	-0.1244	delay_counter_is_zero	o_phy_cmd[I]	delay_counter_is_zero$_SDFF_PP0_/QN	o_phy_cmd[45]
94	-0.1242	stageI_pending	stageI_dm_unaligned[J]	stage2_pending$_SDFFE_PP0P_/Q	stage2_dm_unaligned[49]$_SDFFE_PP0P_/D
95	-0.1231	stageI_bank[J]	stageI_do_update_delay_before_precharge_after_rd	stage2_bank[0]$_SDFF_PP0_/Q	stage2_do_update_delay_before_precharge_after_rd$_SDFF_PP0_/D
96	-0.1193	final_calibration_done	o_wb_ack	final_calibration_done$_SDFFE_PP0P_/Q	o_wb_ack
97	-0.1163	state_calibrate[I]	o_debugI[J]	state_calibrate[2]$_SDFFE_PP0P_/Q	o_debug1[2]
98	-0.1142	lane[I]	train_delay[I]	lane[1]$_SDFFE_PP0P_/Q	train_delay[0]$_SDFF_PP0_/D
99	-0.1139	stageI_do_wr	o_wb_stall_int_q	stage2_do_wr$_SDFF_PP0_/Q	o_wb_stall_int_q$_SDFF_PP1_/D
100	-0.1136	stageI_pending	stageI_do_update_delay_before_write_after_act	stage2_pending$_SDFFE_PP0P_/Q	stage2_do_update_delay_before_write_after_act$_SDFF_PP0_/D
