# stage	6_final
# top_module	sha512
# top_n	100
# kind	blocks
# include_full	1
# rank	worst_slack_ns	start	end	start_full	end_full
1	-0.4135	core.w_mem_inst.w_ctr_reg[I]	core.a_reg[I]	core.w_mem_inst.w_ctr_reg[0]$_DFFE_PN0P_/Q	core.a_reg[59]$_DFFE_PN0P_/D
2	-0.3571	core.round_ctr_reg[I]	core.a_reg[I]	core.round_ctr_reg[3]$_DFFE_PN0P_/Q	core.a_reg[59]$_DFFE_PN0P_/D
3	-0.3186	core.w_mem_inst.w_ctr_reg[I]	core.e_reg[I]	core.w_mem_inst.w_ctr_reg[0]$_DFFE_PN0P_/Q	core.e_reg[56]$_DFFE_PN0P_/D
4	-0.2879	core.w_mem_inst.w_mem[I][J]	core.a_reg[I]	core.w_mem_inst.w_mem[13][23]$_DFFE_PN0P_/Q	core.a_reg[59]$_DFFE_PN0P_/D
5	-0.2797	address[I]	read_data[I]	address[0]	read_data[7]
6	-0.2387	core.round_ctr_reg[I]	core.e_reg[I]	core.round_ctr_reg[3]$_DFFE_PN0P_/Q	core.e_reg[57]$_DFFE_PN0P_/D
7	-0.1928	core.e_reg[I]	core.a_reg[I]	core.e_reg[19]$_DFFE_PN0P_/Q	core.a_reg[59]$_DFFE_PN0P_/D
8	-0.1695	core.w_mem_inst.w_mem[I][J]	core.e_reg[I]	core.w_mem_inst.w_mem[13][23]$_DFFE_PN0P_/Q	core.e_reg[57]$_DFFE_PN0P_/D
9	-0.1646	core.f_reg[I]	core.a_reg[I]	core.f_reg[1]$_DFFE_PN0P_/Q	core.a_reg[59]$_DFFE_PN0P_/D
10	-0.1595	core.g_reg[I]	core.a_reg[I]	core.g_reg[1]$_DFFE_PN0P_/Q	core.a_reg[59]$_DFFE_PN0P_/D
11	-0.1423	address[I]	error	address[2]	error
12	-0.1207	core.w_mem_inst.w_precomp_reg[I]	core.a_reg[I]	core.w_mem_inst.w_precomp_reg[1]$_DFFE_PN0P_/Q	core.a_reg[59]$_DFFE_PN0P_/D
13	-0.0978	core.e_reg[I]	core.e_reg[I]	core.e_reg[19]$_DFFE_PN0P_/Q	core.e_reg[56]$_DFFE_PN0P_/D
14	-0.0697	core.f_reg[I]	core.e_reg[I]	core.f_reg[1]$_DFFE_PN0P_/Q	core.e_reg[56]$_DFFE_PN0P_/D
15	-0.0646	core.g_reg[I]	core.e_reg[I]	core.g_reg[1]$_DFFE_PN0P_/Q	core.e_reg[56]$_DFFE_PN0P_/D
16	-0.0258	core.w_mem_inst.w_precomp_reg[I]	core.e_reg[I]	core.w_mem_inst.w_precomp_reg[1]$_DFFE_PN0P_/Q	core.e_reg[56]$_DFFE_PN0P_/D
17	0.0013	cs	read_data[I]	cs	read_data[20]
18	0.0122	we	read_data[I]	we	read_data[20]
19	0.0640	we	error	we	error
20	0.1104	core.w_mem_inst.w_mem[I][J]	core.w_mem_inst.w_precomp_reg[I]	core.w_mem_inst.w_mem[15][11]$_DFFE_PN0P_/Q	core.w_mem_inst.w_precomp_reg[58]$_DFFE_PN0P_/D
21	0.1178	core.h_reg[I]	core.a_reg[I]	core.h_reg[1]$_DFFE_PN0P_/Q	core.a_reg[59]$_DFFE_PN0P_/D
22	0.1213	cs	error	cs	error
23	0.1694	digest_reg[I]	read_data[I]	digest_reg[36]$_DFFE_PN0P_/Q	read_data[4]
24	0.2012	block_reg[I][J]	read_data[I]	block_reg[1][7]$_DFFE_PN0P_/Q	read_data[7]
25	0.2128	core.h_reg[I]	core.e_reg[I]	core.h_reg[1]$_DFFE_PN0P_/Q	core.e_reg[56]$_DFFE_PN0P_/D
26	0.2366	core.w_mem_inst.w_mem[I][J]	core.w_mem_inst.w_mem[I][J]	core.w_mem_inst.w_mem[1][7]$_DFFE_PN0P_/Q	core.w_mem_inst.w_mem[15][61]$_DFFE_PN0P_/D
27	0.3440	address[I]	block_reg[I][J]	address[0]	block_reg[17][6]$_DFFE_PN0P_/D
28	0.3863	ready_reg	read_data[I]	ready_reg$_DFF_PN0_/Q	read_data[0]
29	0.3969	init_reg	read_data[I]	init_reg$_DFF_PN0_/Q	read_data[0]
30	0.4052	work_factor_num_reg[I]	read_data[I]	work_factor_num_reg[2]$_DFFE_PN0P_/Q	read_data[2]
31	0.4483	next_reg	read_data[I]	next_reg$_DFF_PN0_/Q	read_data[1]
32	0.4496	digest_valid_reg	read_data[I]	digest_valid_reg$_DFF_PN0_/Q	read_data[1]
33	0.4509	work_factor_reg	read_data[I]	work_factor_reg$_DFFE_PN0P_/Q	read_data[7]
34	0.4666	mode_reg[I]	read_data[I]	mode_reg[0]$_DFFE_PN1P_/Q	read_data[2]
35	0.4770	core.g_reg[I]	core.HI_reg[J]	core.g_reg[0]$_DFFE_PN0P_/Q	core.H6_reg[60]$_DFFE_PN0P_/D
36	0.5096	core.HI_reg[J]	core.HI_reg[J]	core.H7_reg[22]$_DFFE_PN0P_/Q	core.H7_reg[63]$_DFFE_PN0P_/D
37	0.5229	core.h_reg[I]	core.HI_reg[J]	core.h_reg[22]$_DFFE_PN0P_/Q	core.H7_reg[63]$_DFFE_PN0P_/D
38	0.5295	core.e_reg[I]	core.HI_reg[J]	core.e_reg[30]$_DFFE_PN0P_/Q	core.H4_reg[63]$_DFFE_PN0P_/D
39	0.5376	core.a_reg[I]	core.a_reg[I]	core.a_reg[35]$_DFFE_PN0P_/Q	core.a_reg[63]$_DFFE_PN0P_/D
40	0.5431	core.work_factor_ctr_reg[I]	core.b_reg[I]	core.work_factor_ctr_reg[14]$_DFFE_PN0P_/Q	core.b_reg[43]$_DFFE_PN0P_/D
41	0.5443	core.work_factor_ctr_reg[I]	core.c_reg[I]	core.work_factor_ctr_reg[14]$_DFFE_PN0P_/Q	core.c_reg[33]$_DFFE_PN0P_/D
42	0.5472	core.work_factor_ctr_reg[I]	core.w_mem_inst.w_mem[I][J]	core.work_factor_ctr_reg[14]$_DFFE_PN0P_/Q	core.w_mem_inst.w_mem[15][36]$_DFFE_PN0P_/D
43	0.5491	core.work_factor_ctr_reg[I]	core.d_reg[I]	core.work_factor_ctr_reg[14]$_DFFE_PN0P_/Q	core.d_reg[30]$_DFFE_PN0P_/D
44	0.5541	core.work_factor_ctr_reg[I]	core.a_reg[I]	core.work_factor_ctr_reg[14]$_DFFE_PN0P_/Q	core.a_reg[14]$_DFFE_PN0P_/D
45	0.5683	core.c_reg[I]	core.HI_reg[J]	core.c_reg[14]$_DFFE_PN0P_/Q	core.H2_reg[63]$_DFFE_PN0P_/D
46	0.5771	core.f_reg[I]	core.HI_reg[J]	core.f_reg[0]$_DFFE_PN0P_/Q	core.H5_reg[44]$_DFFE_PN0P_/D
47	0.5790	work_factor_num_reg[I]	core.b_reg[I]	work_factor_num_reg[14]$_DFFE_PN0P_/QN	core.b_reg[43]$_DFFE_PN0P_/D
48	0.5803	work_factor_num_reg[I]	core.c_reg[I]	work_factor_num_reg[14]$_DFFE_PN0P_/QN	core.c_reg[33]$_DFFE_PN0P_/D
49	0.5832	work_factor_num_reg[I]	core.w_mem_inst.w_mem[I][J]	work_factor_num_reg[14]$_DFFE_PN0P_/QN	core.w_mem_inst.w_mem[15][36]$_DFFE_PN0P_/D
50	0.5851	work_factor_num_reg[I]	core.d_reg[I]	work_factor_num_reg[14]$_DFFE_PN0P_/QN	core.d_reg[30]$_DFFE_PN0P_/D
51	0.5901	work_factor_num_reg[I]	core.a_reg[I]	work_factor_num_reg[14]$_DFFE_PN0P_/QN	core.a_reg[14]$_DFFE_PN0P_/D
52	0.5960	core.work_factor_ctr_reg[I]	core.g_reg[I]	core.work_factor_ctr_reg[7]$_DFFE_PN0P_/Q	core.g_reg[33]$_DFFE_PN0P_/D
53	0.6000	core.work_factor_ctr_reg[I]	core.f_reg[I]	core.work_factor_ctr_reg[7]$_DFFE_PN0P_/Q	core.f_reg[16]$_DFFE_PN0P_/D
54	0.6014	core.work_factor_ctr_reg[I]	core.h_reg[I]	core.work_factor_ctr_reg[7]$_DFFE_PN0P_/Q	core.h_reg[12]$_DFFE_PN0P_/D
55	0.6084	work_factor_num_reg[I]	core.g_reg[I]	work_factor_num_reg[14]$_DFFE_PN0P_/QN	core.g_reg[33]$_DFFE_PN0P_/D
56	0.6123	work_factor_num_reg[I]	core.f_reg[I]	work_factor_num_reg[14]$_DFFE_PN0P_/QN	core.f_reg[16]$_DFFE_PN0P_/D
57	0.6138	work_factor_num_reg[I]	core.h_reg[I]	work_factor_num_reg[14]$_DFFE_PN0P_/QN	core.h_reg[12]$_DFFE_PN0P_/D
58	0.6183	core.d_reg[I]	core.HI_reg[J]	core.d_reg[27]$_DFFE_PN0P_/Q	core.H3_reg[62]$_DFFE_PN0P_/D
59	0.6208	core.round_ctr_reg[I]	core.work_factor_ctr_reg[I]	core.round_ctr_reg[0]$_DFFE_PN0P_/Q	core.work_factor_ctr_reg[26]$_DFFE_PN0P_/D
60	0.6235	core.b_reg[I]	core.HI_reg[J]	core.b_reg[0]$_DFFE_PN0P_/Q	core.H1_reg[62]$_DFFE_PN0P_/D
61	0.6332	core.b_reg[I]	core.a_reg[I]	core.b_reg[34]$_DFFE_PN0P_/Q	core.a_reg[59]$_DFFE_PN0P_/D
62	0.6341	core.c_reg[I]	core.a_reg[I]	core.c_reg[26]$_DFFE_PN0P_/Q	core.a_reg[59]$_DFFE_PN0P_/D
63	0.6373	core.a_reg[I]	core.HI_reg[J]	core.a_reg[0]$_DFFE_PN0P_/Q	core.H0_reg[44]$_DFFE_PN0P_/D
64	0.6413	core.work_factor_ctr_reg[I]	core.HI_reg[J]	core.work_factor_ctr_reg[7]$_DFFE_PN0P_/Q	core.H7_reg[3]$_DFFE_PN0P_/D
65	0.6439	core.work_factor_ctr_reg[I]	core.round_ctr_reg[I]	core.work_factor_ctr_reg[7]$_DFFE_PN0P_/Q	core.round_ctr_reg[6]$_DFFE_PN0P_/D
66	0.6508	address[I]	work_factor_num_reg[I]	address[4]	work_factor_num_reg[11]$_DFFE_PN0P_/D
67	0.6524	core.work_factor_ctr_reg[I]	core.e_reg[I]	core.work_factor_ctr_reg[14]$_DFFE_PN0P_/Q	core.e_reg[12]$_DFFE_PN0P_/D
68	0.6537	work_factor_num_reg[I]	core.HI_reg[J]	work_factor_num_reg[14]$_DFFE_PN0P_/QN	core.H7_reg[3]$_DFFE_PN0P_/D
69	0.6562	work_factor_num_reg[I]	core.round_ctr_reg[I]	work_factor_num_reg[14]$_DFFE_PN0P_/QN	core.round_ctr_reg[6]$_DFFE_PN0P_/D
70	0.6625	core.work_factor_ctr_reg[I]	core.w_mem_inst.w_ctr_reg[I]	core.work_factor_ctr_reg[7]$_DFFE_PN0P_/Q	core.w_mem_inst.w_ctr_reg[4]$_DFFE_PN0P_/D
71	0.6749	work_factor_num_reg[I]	core.w_mem_inst.w_ctr_reg[I]	work_factor_num_reg[14]$_DFFE_PN0P_/QN	core.w_mem_inst.w_ctr_reg[4]$_DFFE_PN0P_/D
72	0.6795	address[I]	work_factor_reg	address[4]	work_factor_reg$_DFFE_PN0P_/D
73	0.6797	address[I]	mode_reg[I]	address[4]	mode_reg[1]$_DFFE_PN1P_/D
74	0.6858	work_factor_num_reg[I]	core.e_reg[I]	work_factor_num_reg[14]$_DFFE_PN0P_/QN	core.e_reg[2]$_DFFE_PN0P_/D
75	0.7005	cs	block_reg[I][J]	cs	block_reg[17][6]$_DFFE_PN0P_/D
76	0.7095	address[I]	init_reg	address[4]	init_reg$_DFF_PN0_/D
77	0.7097	address[I]	next_reg	address[4]	next_reg$_DFF_PN0_/D
78	0.7141	we	block_reg[I][J]	we	block_reg[17][6]$_DFFE_PN0P_/D
79	0.7380	core.w_mem_inst.w_ctr_reg[I]	core.w_mem_inst.w_mem[I][J]	core.w_mem_inst.w_ctr_reg[5]$_DFFE_PN0P_/Q	core.w_mem_inst.w_mem[13][33]$_DFFE_PN0P_/D
80	0.8368	reset_n	core.HI_reg[J]	reset_n	core.H4_reg[47]$_DFFE_PN0P_/RN
81	0.8395	reset_n	core.e_reg[I]	reset_n	core.e_reg[29]$_DFFE_PN0P_/RN
82	0.8403	reset_n	digest_reg[I]	reset_n	digest_reg[175]$_DFFE_PN0P_/RN
83	0.8416	reset_n	core.f_reg[I]	reset_n	core.f_reg[29]$_DFFE_PN0P_/RN
84	0.8422	init_reg	core.b_reg[I]	init_reg$_DFF_PN0_/Q	core.b_reg[43]$_DFFE_PN0P_/D
85	0.8435	init_reg	core.c_reg[I]	init_reg$_DFF_PN0_/Q	core.c_reg[33]$_DFFE_PN0P_/D
86	0.8464	init_reg	core.w_mem_inst.w_mem[I][J]	init_reg$_DFF_PN0_/Q	core.w_mem_inst.w_mem[15][36]$_DFFE_PN0P_/D
87	0.8483	init_reg	core.d_reg[I]	init_reg$_DFF_PN0_/Q	core.d_reg[30]$_DFFE_PN0P_/D
88	0.8498	reset_n	core.work_factor_ctr_reg[I]	reset_n	core.work_factor_ctr_reg[16]$_DFFE_PN0P_/RN
89	0.8505	core.shaI_ctrl_reg[J]	core.e_reg[I]	core.sha512_ctrl_reg[2]$_DFF_PN0_/Q	core.e_reg[10]$_DFFE_PN0P_/D
90	0.8507	core.shaI_ctrl_reg[J]	core.b_reg[I]	core.sha512_ctrl_reg[2]$_DFF_PN0_/Q	core.b_reg[0]$_DFFE_PN0P_/D
91	0.8520	core.shaI_ctrl_reg[J]	core.a_reg[I]	core.sha512_ctrl_reg[2]$_DFF_PN0_/Q	core.a_reg[3]$_DFFE_PN0P_/D
92	0.8520	reset_n	core.w_mem_inst.w_mem[I][J]	reset_n	core.w_mem_inst.w_mem[14][44]$_DFFE_PN0P_/RN
93	0.8533	init_reg	core.a_reg[I]	init_reg$_DFF_PN0_/Q	core.a_reg[14]$_DFFE_PN0P_/D
94	0.8538	reset_n	core.b_reg[I]	reset_n	core.b_reg[61]$_DFFE_PN0P_/RN
95	0.8544	reset_n	core.c_reg[I]	reset_n	core.c_reg[61]$_DFFE_PN0P_/RN
96	0.8568	next_reg	core.b_reg[I]	next_reg$_DFF_PN0_/Q	core.b_reg[43]$_DFFE_PN0P_/D
97	0.8569	core.shaI_ctrl_reg[J]	core.c_reg[I]	core.sha512_ctrl_reg[2]$_DFF_PN0_/Q	core.c_reg[35]$_DFFE_PN0P_/D
98	0.8578	reset_n	block_reg[I][J]	reset_n	block_reg[19][17]$_DFFE_PN0P_/RN
99	0.8581	next_reg	core.c_reg[I]	next_reg$_DFF_PN0_/Q	core.c_reg[33]$_DFFE_PN0P_/D
100	0.8602	core.shaI_ctrl_reg[J]	core.f_reg[I]	core.sha512_ctrl_reg[2]$_DFF_PN0_/Q	core.f_reg[40]$_DFFE_PN0P_/D
