# stage	6_final
# top_module	ddr3_controller
# top_n	100
# kind	blocks
# include_full	1
# rank	worst_slack_ns	start	end	start_full	end_full
1	-0.3332	lane[I]	o_phy_odelay_dqs_cntvaluein[I]	lane[1]$_SDFFE_PP0P_/Q	o_phy_odelay_dqs_cntvaluein[4]
2	-0.3332	index_wb_data	o_wb_data[I]	index_wb_data$_SDFFE_PP0P_/Q	o_wb_data[197]
3	-0.3328	lane[I]	o_phy_idelay_data_cntvaluein[I]	lane[1]$_SDFFE_PP0P_/Q	o_phy_idelay_data_cntvaluein[2]
4	-0.3296	lane[I]	o_phy_odelay_data_cntvaluein[I]	lane[1]$_SDFFE_PP0P_/Q	o_phy_odelay_data_cntvaluein[4]
5	-0.3268	lane[I]	o_phy_idelay_dqs_cntvaluein[I]	lane[1]$_SDFFE_PP0P_/Q	o_phy_idelay_dqs_cntvaluein[0]
6	-0.3146	stageI_pending	o_phy_cmd[I]	stage2_pending$_SDFFE_PP0P_/Q	o_phy_cmd[28]
7	-0.3088	stageI_bank[J]	o_phy_cmd[I]	stage2_bank[2]$_SDFF_PP0_/Q	o_phy_cmd[28]
8	-0.3071	stageI_next_bank_qJ[K]	o_phy_cmd[I]	stage1_next_bank_q2[0]$_SDFF_PP0_/Q	o_phy_cmd[28]
9	-0.2964	stageI_do_act	o_phy_cmd[I]	stage2_do_act$_SDFF_PP0_/Q	o_phy_cmd[7]
10	-0.2823	stageI_do_pre	o_phy_cmd[I]	stage1_do_pre$_SDFF_PP0_/Q	o_phy_cmd[7]
11	-0.2694	stageI_do_wr_or_rd	o_phy_cmd[I]	stage2_do_wr_or_rd$_SDFF_PP0_/Q	o_phy_cmd[62]
12	-0.2590	index_wb_data	reset_from_test	index_wb_data$_SDFFE_PP0P_/Q	reset_from_test$_SDFF_PP0_/D
13	-0.2479	state_calibrate[I]	o_phy_cmd[I]	state_calibrate[0]$_SDFFE_PP0P_/Q	o_phy_cmd[71]
14	-0.2316	stageI_do_rd	o_phy_cmd[I]	stage2_do_rd$_SDFF_PP0_/Q	o_phy_cmd[62]
15	-0.2212	lane[I]	state_calibrate[I]	lane[1]$_SDFFE_PP0P_/Q	state_calibrate[2]$_SDFFE_PP0P_/D
16	-0.2157	stageI_pending	o_wb_stall_int_q	stage2_pending$_SDFFE_PP0P_/Q	o_wb_stall_int_q$_SDFF_PP1_/D
17	-0.2154	stageI_do_act	o_wb_stall_int_q	stage2_do_act$_SDFF_PP0_/Q	o_wb_stall_int_q$_SDFF_PP1_/D
18	-0.2133	stageI_bank[J]	o_wb_stall_int_q	stage2_bank[1]$_SDFF_PP0_/Q	o_wb_stall_int_q$_SDFF_PP1_/D
19	-0.2130	stageI_do_wr	o_phy_cmd[I]	stage2_do_wr$_SDFF_PP0_/Q	o_phy_cmd[62]
20	-0.2036	stageI_bank[J]	stageI_do_wr_or_rd	stage2_bank[2]$_SDFF_PP0_/Q	stage2_do_wr_or_rd$_SDFF_PP0_/D
21	-0.2012	stageI_do_pre	o_wb_stall_int_q	stage1_do_pre$_SDFF_PP0_/Q	o_wb_stall_int_q$_SDFF_PP1_/D
22	-0.2004	stageI_do_act	stageI_do_wr_or_rd	stage2_do_act$_SDFF_PP0_/Q	stage2_do_wr_or_rd$_SDFF_PP0_/D
23	-0.1996	stageI_pending	stageI_do_pre	stage2_pending$_SDFFE_PP0P_/Q	stage2_do_pre$_SDFF_PP0_/D
24	-0.1992	stageI_do_act	stageI_do_pre	stage2_do_act$_SDFF_PP0_/Q	stage2_do_pre$_SDFF_PP0_/D
25	-0.1991	lane[I]	o_phy_write_leveling_calib	lane[1]$_SDFFE_PP0P_/Q	o_phy_write_leveling_calib$_SDFFE_PP0P_/D
26	-0.1990	stageI_pending	stageI_do_wr_or_rd	stage2_pending$_SDFFE_PP0P_/Q	stage2_do_wr_or_rd$_SDFF_PP0_/D
27	-0.1965	stageI_next_bank_qJ[K]	o_wb_stall_int_q	stage1_next_bank_q2[2]$_SDFF_PP0_/Q	o_wb_stall_int_q$_SDFF_PP1_/D
28	-0.1962	lane[I]	lane[I]	lane[1]$_SDFFE_PP0P_/Q	lane[2]$_SDFFE_PP0P_/D
29	-0.1953	lane[I]	data_start_index[I][J]	lane[1]$_SDFFE_PP0P_/Q	data_start_index[2][6]$_SDFFCE_PN0P_/D
30	-0.1950	lane[I]	write_pattern_lane[I]	lane[1]$_SDFFE_PP0P_/Q	write_pattern_lane[9]$_SDFF_PP0_/D
31	-0.1940	o_wb_data_q[I][J]	o_wb_data[I]	o_wb_data_q[0][368]$_SDFFE_PP0P_/Q	o_wb_data[368]
32	-0.1911	lane[I]	sample_clk_repeat[I]	lane[1]$_SDFFE_PP0P_/Q	sample_clk_repeat[3]$_SDFFCE_PP0P_/D
33	-0.1852	lane[I]	read_lane_data[I]	lane[1]$_SDFFE_PP0P_/Q	read_lane_data[27]$_SDFF_PP0_/D
34	-0.1851	stageI_do_pre	stageI_do_pre	stage1_do_pre$_SDFF_PP0_/Q	stage2_do_pre$_SDFF_PP0_/D
35	-0.1848	stageI_do_act	stageI_do_wr	stage2_do_act$_SDFF_PP0_/Q	stage2_do_wr$_SDFF_PP0_/D
36	-0.1846	stageI_do_pre	stageI_do_wr_or_rd	stage1_do_pre$_SDFF_PP0_/Q	stage2_do_wr_or_rd$_SDFF_PP0_/D
37	-0.1843	lane[I]	idelay_dqs_cntvaluein[I][J]	lane[1]$_SDFFE_PP0P_/Q	idelay_dqs_cntvaluein[5][3]$_SDFFCE_PN1P_/D
38	-0.1831	stageI_next_bank_qJ[K]	stageI_do_wr_or_rd	stage1_next_bank_q2[2]$_SDFF_PP0_/Q	stage2_do_wr_or_rd$_SDFF_PP0_/D
39	-0.1827	stageI_bank[J]	stageI_do_pre	stage2_bank[1]$_SDFF_PP0_/Q	stage1_do_pre$_SDFF_PP0_/D
40	-0.1814	lane[I]	prev_write_level_feedback	lane[1]$_SDFFE_PP0P_/Q	prev_write_level_feedback$_SDFFE_PP1P_/D
41	-0.1808	odelay_dqs_cntvaluein[I][J]	o_phy_odelay_dqs_cntvaluein[I]	odelay_dqs_cntvaluein[1][3]$_SDFFCE_PN1P_/Q	o_phy_odelay_dqs_cntvaluein[3]
42	-0.1806	lane[I]	dqs_bitslip_arrangement[I]	lane[1]$_SDFFE_PP0P_/Q	dqs_bitslip_arrangement[7]$_SDFFE_PP0P_/D
43	-0.1794	stageI_do_act	stageI_do_update_delay_before_write_after_act	stage2_do_act$_SDFF_PP0_/Q	stage2_do_update_delay_before_write_after_act$_SDFF_PP0_/D
44	-0.1792	idelay_data_cntvaluein[I][J]	o_phy_idelay_data_cntvaluein[I]	idelay_data_cntvaluein[2][1]$_SDFFCE_PN0P_/Q	o_phy_idelay_data_cntvaluein[1]
45	-0.1786	odelay_data_cntvaluein[I][J]	o_phy_odelay_data_cntvaluein[I]	odelay_data_cntvaluein[7][0]$_SDFFCE_PN0P_/Q	o_phy_odelay_data_cntvaluein[0]
46	-0.1757	idelay_dqs_cntvaluein[I][J]	o_phy_idelay_dqs_cntvaluein[I]	idelay_dqs_cntvaluein[2][0]$_SDFFCE_PN0P_/Q	o_phy_idelay_dqs_cntvaluein[0]
47	-0.1738	stageI_bank[J]	stageI_do_wr	stage2_bank[1]$_SDFF_PP0_/Q	stage2_do_wr$_SDFF_PP0_/D
48	-0.1718	stageI_next_bank_qJ[K]	stageI_do_pre	stage1_next_bank_q2[2]$_SDFF_PP0_/Q	stage1_do_pre$_SDFF_PP0_/D
49	-0.1716	lane[I]	stored_write_level_feedback	lane[1]$_SDFFE_PP0P_/Q	stored_write_level_feedback$_SDFFCE_PN0P_/D
50	-0.1711	lane[I]	idelay_data_cntvaluein[I][J]	lane[1]$_SDFFE_PP0P_/Q	idelay_data_cntvaluein[7][0]$_SDFFCE_PN0P_/D
51	-0.1684	stageI_bank[J]	stageI_do_update_delay_before_write_after_act	stage2_bank[1]$_SDFF_PP0_/Q	stage2_do_update_delay_before_write_after_act$_SDFF_PP0_/D
52	-0.1673	stageI_next_row_qJ[K]	o_phy_cmd[I]	stage1_next_row_q2[1]$_SDFF_PP0_/Q	o_phy_cmd[25]
53	-0.1637	lane[I]	added_read_pipe[I]	lane[1]$_SDFFE_PP0P_/Q	added_read_pipe[7]$_SDFFCE_PN0P_/D
54	-0.1634	lane[I]	dq_target_index[I][J]	lane[1]$_SDFFE_PP0P_/Q	dq_target_index[2][5]$_SDFFCE_PN0P_/D
55	-0.1598	stageI_pending	delay_before_read_counter_q[I][J]	stage2_pending$_SDFFE_PP0P_/Q	delay_before_read_counter_q[5][1]$_SDFF_PP0_/D
56	-0.1582	lane[I]	dqs_start_index_stored[I]	lane[1]$_SDFFE_PP0P_/Q	dqs_start_index_stored[3]$_SDFFE_PP0P_/D
57	-0.1521	delay_before_read_data[I]	o_phy_cmd[I]	delay_before_read_data[3]$_SDFF_PP0_/Q	o_phy_cmd[71]
58	-0.1499	stageI_bank[J]	stageI_do_rd	stage2_bank[2]$_SDFF_PP0_/Q	stage2_do_rd$_SDFF_PP0_/D
59	-0.1487	stageI_pending	stageI_do_rd	stage2_pending$_SDFFE_PP0P_/Q	stage2_do_rd$_SDFF_PP0_/D
60	-0.1432	stageI_pending	stageI_do_wr	stage2_pending$_SDFFE_PP0P_/Q	stage2_do_wr$_SDFF_PP0_/D
61	-0.1428	stageI_bank[J]	delay_before_read_counter_q[I][J]	stage2_bank[2]$_SDFF_PP0_/Q	delay_before_read_counter_q[5][1]$_SDFF_PP0_/D
62	-0.1402	lane[I]	added_read_pipe_max	lane[1]$_SDFFE_PP0P_/Q	added_read_pipe_max$_SDFFE_PP0P_/D
63	-0.1401	lane[I]	dqs_start_index_repeat	lane[1]$_SDFFE_PP0P_/Q	dqs_start_index_repeat$_SDFFE_PP0P_/D
64	-0.1391	stageI_do_wr_or_rd	delay_before_read_counter_q[I][J]	stage2_do_wr_or_rd$_SDFF_PP0_/Q	delay_before_read_counter_q[5][1]$_SDFF_PP0_/D
65	-0.1389	stageI_do_wr_or_rd	stageI_do_rd	stage2_do_wr_or_rd$_SDFF_PP0_/Q	stage2_do_rd$_SDFF_PP0_/D
66	-0.1377	stageI_pending	stageI_do_update_delay_before_write_after_act	stage2_pending$_SDFFE_PP0P_/Q	stage2_do_update_delay_before_write_after_act$_SDFF_PP0_/D
67	-0.1357	stageI_do_act	delay_before_read_counter_q[I][J]	stage2_do_act$_SDFF_PP0_/Q	delay_before_read_counter_q[5][1]$_SDFF_PP0_/D
68	-0.1339	stageI_bank[J]	stageI_do_update_delay_before_read_after_act	stage2_bank[2]$_SDFF_PP0_/Q	stage2_do_update_delay_before_read_after_act$_SDFF_PP0_/D
69	-0.1334	stageI_do_wr_or_rd	stageI_do_wr	stage2_do_wr_or_rd$_SDFF_PP0_/Q	stage2_do_wr$_SDFF_PP0_/D
70	-0.1326	stageI_pending	stageI_do_update_delay_before_read_after_act	stage2_pending$_SDFFE_PP0P_/Q	stage2_do_update_delay_before_read_after_act$_SDFF_PP0_/D
71	-0.1314	lane[I]	initial_dqs	lane[1]$_SDFFE_PP0P_/Q	initial_dqs$_SDFFE_PP1P_/D
72	-0.1312	stageI_row[J]	o_phy_cmd[I]	stage2_row[8]$_SDFF_PP0_/Q	o_phy_cmd[32]
73	-0.1311	lane[I]	start_index_check[I]	lane[1]$_SDFFE_PP0P_/Q	start_index_check[4]$_SDFFCE_PN0P_/D
74	-0.1310	instruction[I]	o_phy_cmd[I]	instruction[4]$_SDFFE_PP0P_/Q	o_phy_cmd[28]
75	-0.1306	stageI_next_bank_qJ[K]	stageI_do_wr	stage1_next_bank_q2[0]$_SDFF_PP0_/Q	stage2_do_wr$_SDFF_PP0_/D
76	-0.1302	stageI_do_pre	delay_before_read_counter_q[I][J]	stage2_do_pre$_SDFF_PP0_/Q	delay_before_read_counter_q[5][1]$_SDFF_PP0_/D
77	-0.1300	stageI_do_pre	stageI_do_rd	stage2_do_pre$_SDFF_PP0_/Q	stage2_do_rd$_SDFF_PP0_/D
78	-0.1280	stageI_do_wr_or_rd	stageI_do_update_delay_before_write_after_act	stage2_do_wr_or_rd$_SDFF_PP0_/Q	stage2_do_update_delay_before_write_after_act$_SDFF_PP0_/D
79	-0.1276	stageI_do_act	stageI_do_rd	stage2_do_act$_SDFF_PP0_/Q	stage2_do_rd$_SDFF_PP0_/D
80	-0.1268	stageI_do_wr_or_rd	o_wb_stall_int_q	stage2_do_wr_or_rd$_SDFF_PP0_/Q	o_wb_stall_int_q$_SDFF_PP1_/D
81	-0.1252	stageI_next_bank_qJ[K]	stageI_do_update_delay_before_write_after_act	stage1_next_bank_q2[0]$_SDFF_PP0_/Q	stage2_do_update_delay_before_write_after_act$_SDFF_PP0_/D
82	-0.1245	stageI_do_pre	stageI_do_wr	stage2_do_pre$_SDFF_PP0_/Q	stage2_do_wr$_SDFF_PP0_/D
83	-0.1229	stageI_do_wr_or_rd	stageI_do_update_delay_before_read_after_act	stage2_do_wr_or_rd$_SDFF_PP0_/Q	stage2_do_update_delay_before_read_after_act$_SDFF_PP0_/D
84	-0.1191	stageI_do_pre	stageI_do_update_delay_before_write_after_act	stage2_do_pre$_SDFF_PP0_/Q	stage2_do_update_delay_before_write_after_act$_SDFF_PP0_/D
85	-0.1140	stageI_do_pre	stageI_do_update_delay_before_read_after_act	stage2_do_pre$_SDFF_PP0_/Q	stage2_do_update_delay_before_read_after_act$_SDFF_PP0_/D
86	-0.1121	lane[I]	o_phy_bitslip[I]	lane[1]$_SDFFE_PP0P_/Q	o_phy_bitslip[3]$_SDFF_PP0_/D
87	-0.1116	stageI_do_act	stageI_do_update_delay_before_read_after_act	stage2_do_act$_SDFF_PP0_/Q	stage2_do_update_delay_before_read_after_act$_SDFF_PP0_/D
88	-0.1109	stageI_do_act	stageI_data_unaligned[J]	stage2_do_act$_SDFF_PP0_/Q	stage2_data_unaligned[347]$_SDFFE_PP0P_/D
89	-0.1096	stageI_do_pre	stageI_data_unaligned[J]	stage2_do_pre$_SDFF_PP0_/Q	stage2_data_unaligned[347]$_SDFFE_PP0P_/D
90	-0.1092	final_calibration_done	o_wb_ack	final_calibration_done$_SDFFE_PP0P_/Q	o_wb_ack
91	-0.1033	lane[I]	train_delay[I]	lane[1]$_SDFFE_PP0P_/Q	train_delay[1]$_SDFF_PP0_/D
92	-0.1009	stageI_do_wr	delay_before_read_counter_q[I][J]	stage2_do_wr$_SDFF_PP0_/Q	delay_before_read_counter_q[5][1]$_SDFF_PP0_/D
93	-0.0998	dqs_start_index[I]	state_calibrate[I]	dqs_start_index[1]$_SDFFE_PP0P_/Q	state_calibrate[2]$_SDFFE_PP0P_/D
94	-0.0990	stageI_do_wr	o_wb_stall_int_q	stage2_do_wr$_SDFF_PP0_/Q	o_wb_stall_int_q$_SDFF_PP1_/D
95	-0.0987	stageI_do_wr	stageI_do_wr_or_rd	stage2_do_wr$_SDFF_PP0_/Q	stage2_do_wr_or_rd$_SDFF_PP0_/D
96	-0.0986	delay_counter_is_zero	o_phy_cmd[I]	delay_counter_is_zero$_SDFF_PP0_/QN	o_phy_cmd[45]
97	-0.0983	o_wb_ack_read_q[I][J]	o_wb_ack	o_wb_ack_read_q[0][0]$_SDFF_PP0_/Q	o_wb_ack
98	-0.0983	stageI_do_wr_or_rd	stageI_do_pre	stage2_do_wr_or_rd$_SDFF_PP0_/Q	stage2_do_pre$_SDFF_PP0_/D
99	-0.0975	stageI_do_wr_or_rd	stageI_do_wr_or_rd	stage2_do_wr_or_rd$_SDFF_PP0_/Q	stage2_do_wr_or_rd$_SDFF_PP0_/D
100	-0.0970	stageI_pending	stageI_do_update_delay_before_precharge_after_rd	stage2_pending$_SDFFE_PP0P_/Q	stage2_do_update_delay_before_precharge_after_rd$_SDFF_PP0_/D
