# stage	6_final
# top_module	wb_dma_top
# top_n	100
# kind	blocks
# include_full	1
# rank	worst_slack_ns	start	end	start_full	end_full
1	-0.4681	uI.uJ.pri_outK[L]	wbIs_data_o[J]	u1.u0.pri_out0[1]$_DFF_P_/Q	wb0s_data_o[27]
2	-0.4523	uI.uJ.state[K]	wbIs_data_o[J]	u1.u2.state[2]$_SDFFE_PP0P_/Q	wb0s_data_o[27]
3	-0.4354	uI.dma_busy_r	wbIs_data_o[J]	u1.dma_busy_r$_DFF_P_/Q	wb0s_data_o[27]
4	-0.3943	uI.ch_sel_r[J]	wbIs_data_o[J]	u1.ch_sel_r[2]$_SDFFE_PP0P_/Q	wb0s_data_o[27]
5	-0.2625	uI.uJ.ch_csr_r[K]	wbIs_data_o[J]	u0.u8.ch_csr_r[8]$_SDFFE_PP0P_/Q	wb0s_data_o[27]
6	-0.2573	uI.ndr_r[J]	wbIs_data_o[J]	u1.ndr_r[10]$_DFF_P_/Q	wb0s_data_o[27]
7	-0.2500	uI.state[J]	wbIs_data_o[J]	u2.state[5]$_DFF_P_/Q	wb0s_data_o[27]
8	-0.1283	wbI_addr_i[J]	wbIs_data_o[J]	wb1_addr_i[30]	wb0s_data_o[27]
9	-0.1156	wbI_addr_i[J]	wbI_addr_o[J]	wb1_addr_i[30]	wb0_addr_o[10]
10	-0.1104	wbI_addr_i[J]	wbI_stb_o	wb1_addr_i[30]	wb0_stb_o
11	-0.0938	wbI_addr_i[J]	wbI_we_o	wb0_addr_i[29]	wb1_we_o
12	-0.0906	wbI_addr_i[J]	wbI_cyc_o	wb1_addr_i[30]	wb0_cyc_o
13	-0.0762	wbI_addr_i[J]	wbI_sel_o[J]	wb1_addr_i[30]	wb0_sel_o[3]
14	-0.0470	uI.uJ.pri_outK[L]	uI.adrJ_cnt[K]	u1.u0.pri_out0[1]$_DFF_P_/Q	u2.adr0_cnt[21]$_DFFE_PP_/D
15	-0.0448	wbI_cyc_i	wbI_addr_o[J]	wb0_cyc_i	wb1_addr_o[17]
16	-0.0350	uI.uJ.mast_dout[K]	wbIs_data_o[J]	u3.u0.mast_dout[5]$_DFFE_PP_/Q	wb0s_data_o[5]
17	-0.0324	wbI_cyc_i	wbIs_data_o[J]	wb1_cyc_i	wb0s_data_o[27]
18	-0.0314	wbI_cyc_i	wbI_stb_o	wb1_cyc_i	wb0_stb_o
19	-0.0311	uI.uJ.state[K]	uI.adrJ_cnt[K]	u1.u2.state[4]$_SDFFE_PP0P_/Q	u2.adr0_cnt[21]$_DFFE_PP_/D
20	-0.0299	uI.uJ.pri_outK[L]	uI.mastJ_adr[K]	u1.u0.pri_out0[1]$_DFF_P_/Q	u2.mast0_adr[12]$_DFF_P_/D
21	-0.0287	wbI_cyc_i	wbI_we_o	wb0_cyc_i	wb1_we_o
22	-0.0192	wbI_cyc_i	wbI_sel_o[J]	wb1_cyc_i	wb0_sel_o[3]
23	-0.0140	uI.uJ.state[K]	uI.mastJ_adr[K]	u1.u2.state[4]$_SDFFE_PP0P_/Q	u2.mast0_adr[12]$_DFF_P_/D
24	-0.0123	uI.uJ.pt_sel_r	wbIm_data_o[J]	u3.u1.pt_sel_r$_DFF_P_/Q	wb0m_data_o[28]
25	-0.0100	uI.dma_busy_r	uI.adrJ_cnt[K]	u1.dma_busy_r$_DFF_P_/Q	u2.adr0_cnt[21]$_DFFE_PP_/D
26	0.0020	uI.uJ.pri_outK[L]	uI.uJ.ch_adrK_r[L]	u1.u0.pri_out0[1]$_DFF_P_/Q	u0.u12.ch_adr0_r[20]$_DFFE_PP_/D
27	0.0031	uI.uJ.pri_outK[L]	uI.uJ.ch_adrK_s[L]	u1.u0.pri_out0[1]$_DFF_P_/Q	u0.u6.ch_adr0_s[11]$_DFFE_PP_/D
28	0.0053	wbI_cyc_i	wbI_cyc_o	wb1_cyc_i	wb0_cyc_o
29	0.0075	uI.dma_busy_r	uI.mastJ_adr[K]	u1.dma_busy_r$_DFF_P_/Q	u2.mast0_adr[12]$_DFF_P_/D
30	0.0169	uI.uJ.pri_outK[L]	uI.chunk_J	u1.u0.pri_out0[1]$_DFF_P_/Q	u2.chunk_0$_DFF_P_/D
31	0.0179	uI.uJ.state[K]	uI.uJ.ch_adrK_r[L]	u1.u2.state[4]$_SDFFE_PP0P_/Q	u0.u12.ch_adr0_r[20]$_DFFE_PP_/D
32	0.0190	uI.uJ.state[K]	uI.uJ.ch_adrK_s[L]	u1.u2.state[4]$_SDFFE_PP0P_/Q	u0.u6.ch_adr0_s[11]$_DFFE_PP_/D
33	0.0194	uI.uJ.pri_outK[L]	uI.uJ.pointer_r[K]	u1.u0.pri_out0[1]$_DFF_P_/Q	u0.u9.pointer_r[24]$_DFFE_PP_/D
34	0.0203	uI.uJ.pri_outK[L]	uI.uJ.mast_stb	u1.u0.pri_out0[1]$_DFF_P_/Q	u3.u0.mast_stb$_DFF_P_/D
35	0.0224	uI.uJ.pri_outK[L]	uI.chunk_cnt[J]	u1.u0.pri_out0[1]$_DFF_P_/Q	u2.chunk_cnt[6]$_DFFE_PP_/D
36	0.0285	uI.ch_sel_r[J]	uI.adrJ_cnt[K]	u1.ch_sel_r[2]$_SDFFE_PP0P_/Q	u2.adr1_cnt[27]$_DFFE_PP_/D
37	0.0298	uI.uJ.pri_outK[L]	uI.uJ.mast_cyc	u1.u0.pri_out0[1]$_DFF_P_/Q	u3.u0.mast_cyc$_DFF_P_/D
38	0.0308	uI.uJ.slv_adr[K]	_I_	u3.u1.slv_adr[6]$_DFF_P_/QN	_55906_/D
39	0.0328	uI.uJ.state[K]	uI.chunk_J	u1.u2.state[4]$_SDFFE_PP0P_/Q	u2.chunk_0$_DFF_P_/D
40	0.0353	uI.uJ.state[K]	uI.uJ.pointer_r[K]	u1.u2.state[2]$_SDFFE_PP0P_/Q	u0.u9.pointer_r[24]$_DFFE_PP_/D
41	0.0378	uI.dma_busy_r	uI.uJ.ch_adrK_r[L]	u1.dma_busy_r$_DFF_P_/Q	u0.u12.ch_adr0_r[20]$_DFFE_PP_/D
42	0.0383	uI.uJ.state[K]	uI.chunk_cnt[J]	u1.u2.state[4]$_SDFFE_PP0P_/Q	u2.chunk_cnt[6]$_DFFE_PP_/D
43	0.0401	uI.dma_busy_r	uI.uJ.ch_adrK_s[L]	u1.dma_busy_r$_DFF_P_/Q	u0.u6.ch_adr0_s[11]$_DFFE_PP_/D
44	0.0414	uI.tsz_cnt[J]	wbIs_data_o[J]	u2.tsz_cnt[10]$_DFFE_PP_/Q	wb0s_data_o[10]
45	0.0427	uI.uJ.pri_outK[L]	uI.uJ.ch_chk_sz_r[K]	u1.u0.pri_out0[1]$_DFF_P_/Q	u0.u12.ch_chk_sz_r[6]$_DFFE_PP_/D
46	0.0471	uI.uJ.pt_sel_r	wbI_ack_o	u4.u1.pt_sel_r$_DFF_P_/Q	wb1_ack_o
47	0.0539	uI.dma_busy_r	uI.chunk_J	u1.dma_busy_r$_DFF_P_/Q	u2.chunk_0$_DFF_P_/D
48	0.0553	uI.dma_busy_r	uI.uJ.mast_stb	u1.dma_busy_r$_DFF_P_/Q	u3.u0.mast_stb$_DFF_P_/D
49	0.0577	uI.ch_sel_r[J]	uI.mastJ_adr[K]	u1.ch_sel_r[4]$_SDFFE_PP0P_/Q	u2.mast0_adr[12]$_DFF_P_/D
50	0.0578	uI.uJ.state[K]	uI.uJ.mast_stb	u1.u1.state[3]$_SDFFE_PP0P_/Q	u3.u0.mast_stb$_DFF_P_/D
51	0.0584	uI.uJ.pri_outK[L]	uI.uJ.ptr_valid	u1.u0.pri_out0[1]$_DFF_P_/Q	u0.u12.ptr_valid$_SDFFE_PP0P_/D
52	0.0586	uI.uJ.state[K]	uI.uJ.ch_chk_sz_r[K]	u1.u2.state[4]$_SDFFE_PP0P_/Q	u0.u12.ch_chk_sz_r[6]$_DFFE_PP_/D
53	0.0594	uI.dma_busy_r	uI.chunk_cnt[J]	u1.dma_busy_r$_DFF_P_/Q	u2.chunk_cnt[6]$_DFFE_PP_/D
54	0.0597	uI.uJ.pri_outK[L]	uI.state[J]	u1.u0.pri_out0[1]$_DFF_P_/Q	u2.state[10]$_DFF_P_/D
55	0.0647	uI.dma_busy_r	uI.uJ.mast_cyc	u1.dma_busy_r$_DFF_P_/Q	u3.u0.mast_cyc$_DFF_P_/D
56	0.0672	uI.uJ.state[K]	uI.uJ.mast_cyc	u1.u1.state[3]$_SDFFE_PP0P_/Q	u3.u0.mast_cyc$_DFF_P_/D
57	0.0697	uI.dma_busy_r	uI.uJ.pointer_r[K]	u1.dma_busy_r$_DFF_P_/Q	u0.u9.pointer_r[24]$_DFFE_PP_/D
58	0.0710	_I_	wbIm_data_o[J]	_55905_/Q	wb0m_data_o[19]
59	0.0737	uI.uJ.pt_sel_r	wbI_err_o	u4.u1.pt_sel_r$_DFF_P_/Q	wb1_err_o
60	0.0743	uI.uJ.state[K]	uI.uJ.ptr_valid	u1.u2.state[4]$_SDFFE_PP0P_/Q	u0.u12.ptr_valid$_SDFFE_PP0P_/D
61	0.0744	uI.uJ.pri_outK[L]	uI.uJ.ch_txsz_s[K]	u1.u0.pri_out0[1]$_DFF_P_/Q	u0.u12.ch_txsz_s[8]$_DFFE_PP_/D
62	0.0756	uI.uJ.state[K]	uI.state[J]	u1.u2.state[2]$_SDFFE_PP0P_/Q	u2.state[10]$_DFF_P_/D
63	0.0772	uI.uJ.pri_outK[L]	uI.uJ.pointer_sr[K]	u1.u0.pri_out0[1]$_DFF_P_/Q	u0.u8.pointer_sr[27]$_DFFE_PP_/D
64	0.0785	uI.dma_busy_r	uI.uJ.ch_chk_sz_r[K]	u1.dma_busy_r$_DFF_P_/Q	u0.u12.ch_chk_sz_r[6]$_DFFE_PP_/D
65	0.0786	wbI_ack_i	wbI_ack_o	wb0_ack_i	wb1_ack_o
66	0.0792	uI.uJ.pt_sel_r	wbI_rty_o	u3.u1.pt_sel_r$_DFF_P_/Q	wb0_rty_o
67	0.0822	uI.uJ.slv_adr[K]	uI.uJ.ch_amK_r[L]	u3.u1.slv_adr[6]$_DFF_P_/QN	u0.u10.ch_am0_r[0]$_SDFFE_PP1P_/D
68	0.0870	uI.ch_sel_r[J]	uI.uJ.ch_adrK_r[L]	u1.ch_sel_r[2]$_SDFFE_PP0P_/Q	u0.u12.ch_adr0_r[20]$_DFFE_PP_/D
69	0.0903	uI.uJ.state[K]	uI.uJ.ch_txsz_s[K]	u1.u2.state[4]$_SDFFE_PP0P_/Q	u0.u12.ch_txsz_s[8]$_DFFE_PP_/D
70	0.0907	uI.ch_sel_r[J]	uI.uJ.ch_adrK_s[L]	u1.ch_sel_r[4]$_SDFFE_PP0P_/Q	u0.u6.ch_adr0_s[11]$_DFFE_PP_/D
71	0.0909	uI.mastJ_adr[K]	wbI_addr_o[J]	u2.mast0_adr[28]$_DFF_P_/Q	wb0_addr_o[28]
72	0.0920	uI.uJ.pri_outK[L]	uI.uJ.ch_tot_sz_r[K]	u1.u0.pri_out0[1]$_DFF_P_/Q	u0.u12.ch_tot_sz_r[0]$_DFFE_PP_/D
73	0.0930	uI.uJ.state[K]	uI.uJ.pointer_sr[K]	u1.u2.state[2]$_SDFFE_PP0P_/Q	u0.u8.pointer_sr[27]$_DFFE_PP_/D
74	0.0941	wbIs_data_i[J]	wbIm_data_o[J]	wb1s_data_i[12]	wb0m_data_o[12]
75	0.0942	uI.dma_busy_r	uI.uJ.ptr_valid	u1.dma_busy_r$_DFF_P_/Q	u0.u12.ptr_valid$_SDFFE_PP0P_/D
76	0.0956	wbIm_data_i[J]	wbIs_data_o[J]	wb0m_data_i[29]	wb1s_data_o[29]
77	0.0966	uI.uJ.slv_adr[K]	uI.uJ.pointer_r[K]	u3.u1.slv_adr[6]$_DFF_P_/QN	u0.u10.pointer_r[14]$_DFFE_PP_/D
78	0.1000	wbI_we_i	wbI_we_o	wb1_we_i	wb0_we_o
79	0.1033	uI.ch_sel_r[J]	uI.uJ.pointer_r[K]	u1.ch_sel_r[2]$_SDFFE_PP0P_/Q	u0.u9.pointer_r[24]$_DFFE_PP_/D
80	0.1042	wbI_stb_i	wbI_stb_o	wb1_stb_i	wb0_stb_o
81	0.1045	uI.ch_sel_r[J]	uI.chunk_J	u1.ch_sel_r[4]$_SDFFE_PP0P_/Q	u2.chunk_0$_DFF_P_/D
82	0.1079	uI.uJ.state[K]	uI.uJ.ch_tot_sz_r[K]	u1.u2.state[4]$_SDFFE_PP0P_/Q	u0.u12.ch_tot_sz_r[0]$_DFFE_PP_/D
83	0.1100	uI.ch_sel_r[J]	uI.chunk_cnt[J]	u1.ch_sel_r[4]$_SDFFE_PP0P_/Q	u2.chunk_cnt[6]$_DFFE_PP_/D
84	0.1102	uI.dma_busy_r	uI.uJ.ch_txsz_s[K]	u1.dma_busy_r$_DFF_P_/Q	u0.u12.ch_txsz_s[8]$_DFFE_PP_/D
85	0.1123	uI.dma_busy_r	uI.state[J]	u1.dma_busy_r$_DFF_P_/Q	u2.state[10]$_DFF_P_/D
86	0.1128	wbI_sel_i[J]	wbI_sel_o[J]	wb0_sel_i[2]	wb1_sel_o[2]
87	0.1256	uI.uJ.pri_outK[L]	uI.tsz_cnt[J]	u1.u0.pri_out0[1]$_DFF_P_/Q	u2.tsz_cnt[3]$_DFFE_PP_/D
88	0.1270	uI.uJ.pri_outK[L]	uI.uJ.ch_csr_r[K]	u1.u0.pri_out0[1]$_DFF_P_/Q	u0.u1.ch_csr_r[3]$_SDFFE_PP0P_/D
89	0.1278	uI.dma_busy_r	uI.uJ.ch_tot_sz_r[K]	u1.dma_busy_r$_DFF_P_/Q	u0.u12.ch_tot_sz_r[0]$_DFFE_PP_/D
90	0.1278	uI.ch_sel_r[J]	uI.uJ.ch_chk_sz_r[K]	u1.ch_sel_r[2]$_SDFFE_PP0P_/Q	u0.u12.ch_chk_sz_r[6]$_DFFE_PP_/D
91	0.1279	uI.dma_busy_r	uI.uJ.pointer_sr[K]	u1.dma_busy_r$_DFF_P_/Q	u0.u9.pointer_sr[22]$_DFFE_PP_/D
92	0.1281	uI.ch_sel_r[J]	uI.uJ.mast_stb	u1.ch_sel_r[3]$_SDFFE_PP0P_/Q	u3.u0.mast_stb$_DFF_P_/D
93	0.1303	uI.state[J]	uI.uJ.ch_adrK_s[L]	u2.state[5]$_DFF_P_/Q	u0.u13.ch_adr0_s[29]$_DFFE_PP_/D
94	0.1327	wbI_err_i	wbI_err_o	wb1_err_i	wb0_err_o
95	0.1348	uI.uJ.pri_outK[L]	uI.ack_o[J]	u1.u0.pri_out0[1]$_DFF_P_/Q	u1.ack_o[11]$_DFF_P_/D
96	0.1375	uI.ch_sel_r[J]	uI.uJ.mast_cyc	u1.ch_sel_r[3]$_SDFFE_PP0P_/Q	u3.u0.mast_cyc$_DFF_P_/D
97	0.1376	uI.uJ.slv_adr[K]	uI.wb_rf_dout[J]	u3.u1.slv_adr[6]$_DFF_P_/QN	u0.wb_rf_dout[0]$_DFFE_PP_/D
98	0.1378	uI.wb_rf_dout[J]	wbIm_data_o[J]	u0.wb_rf_dout[0]$_DFFE_PP_/Q	wb0m_data_o[0]
99	0.1414	uI.uJ.state[K]	uI.tsz_cnt[J]	u1.u2.state[2]$_SDFFE_PP0P_/Q	u2.tsz_cnt[3]$_DFFE_PP_/D
100	0.1428	wbI_rty_i	wbI_rty_o	wb1_rty_i	wb0_rty_o
