# stage	6_final
# top_module	sha512
# top_n	100
# kind	blocks
# include_full	1
# rank	worst_slack_ns	start	end	start_full	end_full
1	-0.2247	address[I]	read_data[I]	address[1]	read_data[29]
2	-0.0374	address[I]	error	address[4]	error
3	0.0481	cs	read_data[I]	cs	read_data[30]
4	0.0526	we	read_data[I]	we	read_data[30]
5	0.0617	core.e_reg[I]	core.a_reg[I]	core.e_reg[20]$_DFFE_PN0P_/Q	core.a_reg[63]$_DFFE_PN0P_/D
6	0.0796	core.a_reg[I]	core.a_reg[I]	core.a_reg[41]$_DFFE_PN0P_/Q	core.a_reg[57]$_DFFE_PN0P_/D
7	0.1194	core.g_reg[I]	core.a_reg[I]	core.g_reg[12]$_DFFE_PN0P_/Q	core.a_reg[57]$_DFFE_PN0P_/D
8	0.1199	core.f_reg[I]	core.a_reg[I]	core.f_reg[12]$_DFFE_PN0P_/Q	core.a_reg[57]$_DFFE_PN0P_/D
9	0.1331	core.e_reg[I]	core.e_reg[I]	core.e_reg[20]$_DFFE_PN0P_/Q	core.e_reg[40]$_DFFE_PN0P_/D
10	0.1424	we	error	we	error
11	0.1488	core.c_reg[I]	core.a_reg[I]	core.c_reg[13]$_DFFE_PN0P_/Q	core.a_reg[57]$_DFFE_PN0P_/D
12	0.1533	core.b_reg[I]	core.a_reg[I]	core.b_reg[12]$_DFFE_PN0P_/Q	core.a_reg[57]$_DFFE_PN0P_/D
13	0.1640	core.w_mem_inst.w_precomp_reg[I]	core.a_reg[I]	core.w_mem_inst.w_precomp_reg[13]$_DFFE_PN0P_/Q	core.a_reg[57]$_DFFE_PN0P_/D
14	0.1645	digest_reg[I]	read_data[I]	digest_reg[423]$_DFFE_PN0P_/Q	read_data[7]
15	0.1737	core.k_data_reg[I]	core.a_reg[I]	core.k_data_reg[13]$_DFFE_PN0P_/Q	core.a_reg[57]$_DFFE_PN0P_/D
16	0.1824	block_reg[I][J]	read_data[I]	block_reg[31][29]$_DFFE_PN0P_/Q	read_data[29]
17	0.1874	cs	error	cs	error
18	0.2022	core.f_reg[I]	core.e_reg[I]	core.f_reg[28]$_DFFE_PN0P_/Q	core.e_reg[60]$_DFFE_PN0P_/D
19	0.2163	core.w_mem_inst.w_precomp_reg[I]	core.e_reg[I]	core.w_mem_inst.w_precomp_reg[10]$_DFFE_PN0P_/Q	core.e_reg[40]$_DFFE_PN0P_/D
20	0.2210	core.g_reg[I]	core.e_reg[I]	core.g_reg[28]$_DFFE_PN0P_/Q	core.e_reg[60]$_DFFE_PN0P_/D
21	0.2376	core.w_mem_inst.w_mem[I][J]	core.w_mem_inst.w_precomp_reg[I]	core.w_mem_inst.w_mem[15][32]$_DFFE_PN0P_/Q	core.w_mem_inst.w_precomp_reg[61]$_DFFE_PN0P_/D
22	0.2832	core.k_data_reg[I]	core.e_reg[I]	core.k_data_reg[19]$_DFFE_PN0P_/Q	core.e_reg[60]$_DFFE_PN0P_/D
23	0.3254	core.h_reg[I]	core.e_reg[I]	core.h_reg[28]$_DFFE_PN0P_/Q	core.e_reg[60]$_DFFE_PN0P_/D
24	0.3281	core.w_mem_inst.w_mem[I][J]	core.w_mem_inst.w_mem[I][J]	core.w_mem_inst.w_mem[1][8]$_DFFE_PN0P_/Q	core.w_mem_inst.w_mem[15][55]$_DFFE_PN0P_/D
25	0.3337	core.d_reg[I]	core.e_reg[I]	core.d_reg[28]$_DFFE_PN0P_/Q	core.e_reg[60]$_DFFE_PN0P_/D
26	0.3808	work_factor_num_reg[I]	read_data[I]	work_factor_num_reg[1]$_DFFE_PN0P_/Q	read_data[1]
27	0.4061	next_reg	read_data[I]	next_reg$_DFF_PN0_/Q	read_data[1]
28	0.4081	init_reg	read_data[I]	init_reg$_DFF_PN0_/Q	read_data[0]
29	0.4224	work_factor_reg	read_data[I]	work_factor_reg$_DFFE_PN0P_/Q	read_data[7]
30	0.4292	digest_valid_reg	read_data[I]	digest_valid_reg$_DFF_PN0_/Q	read_data[1]
31	0.4314	address[I]	block_reg[I][J]	address[3]	block_reg[8][17]$_DFFE_PN0P_/D
32	0.4372	mode_reg[I]	read_data[I]	mode_reg[0]$_DFFE_PN1P_/Q	read_data[2]
33	0.4443	ready_reg	read_data[I]	ready_reg$_DFF_PN0_/Q	read_data[0]
34	0.5664	core.work_factor_ctr_reg[I]	core.w_mem_inst.w_mem[I][J]	core.work_factor_ctr_reg[18]$_DFFE_PN0P_/Q	core.w_mem_inst.w_mem[4][9]$_DFFE_PN0P_/D
35	0.5709	core.e_reg[I]	core.HI_reg[J]	core.e_reg[19]$_DFFE_PN0P_/Q	core.H4_reg[62]$_DFFE_PN0P_/D
36	0.5719	core.h_reg[I]	core.HI_reg[J]	core.h_reg[17]$_DFFE_PN0P_/Q	core.H7_reg[63]$_DFFE_PN0P_/D
37	0.5763	core.work_factor_ctr_reg[I]	core.w_mem_inst.w_precomp_reg[I]	core.work_factor_ctr_reg[18]$_DFFE_PN0P_/Q	core.w_mem_inst.w_precomp_reg[58]$_DFFE_PN0P_/D
38	0.5834	core.g_reg[I]	core.HI_reg[J]	core.g_reg[9]$_DFFE_PN0P_/Q	core.H6_reg[63]$_DFFE_PN0P_/D
39	0.5873	core.h_reg[I]	core.a_reg[I]	core.h_reg[12]$_DFFE_PN0P_/Q	core.a_reg[57]$_DFFE_PN0P_/D
40	0.5897	core.d_reg[I]	core.HI_reg[J]	core.d_reg[15]$_DFFE_PN0P_/Q	core.H3_reg[61]$_DFFE_PN0P_/D
41	0.5923	core.HI_reg[J]	core.HI_reg[J]	core.H7_reg[17]$_DFFE_PN0P_/Q	core.H7_reg[63]$_DFFE_PN0P_/D
42	0.6011	work_factor_num_reg[I]	core.w_mem_inst.w_mem[I][J]	work_factor_num_reg[18]$_DFFE_PN1P_/QN	core.w_mem_inst.w_mem[4][9]$_DFFE_PN0P_/D
43	0.6020	core.f_reg[I]	core.HI_reg[J]	core.f_reg[18]$_DFFE_PN0P_/Q	core.H5_reg[63]$_DFFE_PN0P_/D
44	0.6109	work_factor_num_reg[I]	core.w_mem_inst.w_precomp_reg[I]	work_factor_num_reg[18]$_DFFE_PN1P_/QN	core.w_mem_inst.w_precomp_reg[58]$_DFFE_PN0P_/D
45	0.6121	core.work_factor_ctr_reg[I]	core.e_reg[I]	core.work_factor_ctr_reg[18]$_DFFE_PN0P_/Q	core.e_reg[41]$_DFFE_PN0P_/D
46	0.6167	core.work_factor_ctr_reg[I]	core.f_reg[I]	core.work_factor_ctr_reg[18]$_DFFE_PN0P_/Q	core.f_reg[43]$_DFFE_PN0P_/D
47	0.6283	core.work_factor_ctr_reg[I]	core.g_reg[I]	core.work_factor_ctr_reg[18]$_DFFE_PN0P_/Q	core.g_reg[59]$_DFFE_PN0P_/D
48	0.6322	core.b_reg[I]	core.HI_reg[J]	core.b_reg[16]$_DFFE_PN0P_/Q	core.H1_reg[63]$_DFFE_PN0P_/D
49	0.6338	core.c_reg[I]	core.HI_reg[J]	core.c_reg[8]$_DFFE_PN0P_/Q	core.H2_reg[63]$_DFFE_PN0P_/D
50	0.6342	core.work_factor_ctr_reg[I]	core.c_reg[I]	core.work_factor_ctr_reg[25]$_DFFE_PN0P_/Q	core.c_reg[26]$_DFFE_PN0P_/D
51	0.6355	core.work_factor_ctr_reg[I]	core.k_data_reg[I]	core.work_factor_ctr_reg[18]$_DFFE_PN0P_/Q	core.k_data_reg[44]$_DFFE_PN0P_/D
52	0.6373	core.a_reg[I]	core.HI_reg[J]	core.a_reg[0]$_DFFE_PN0P_/Q	core.H0_reg[48]$_DFFE_PN0P_/D
53	0.6378	core.work_factor_ctr_reg[I]	core.h_reg[I]	core.work_factor_ctr_reg[18]$_DFFE_PN0P_/Q	core.h_reg[60]$_DFFE_PN0P_/D
54	0.6414	core.work_factor_ctr_reg[I]	core.b_reg[I]	core.work_factor_ctr_reg[25]$_DFFE_PN0P_/Q	core.b_reg[24]$_DFFE_PN0P_/D
55	0.6435	core.work_factor_ctr_reg[I]	core.a_reg[I]	core.work_factor_ctr_reg[25]$_DFFE_PN0P_/Q	core.a_reg[25]$_DFFE_PN0P_/D
56	0.6467	work_factor_num_reg[I]	core.e_reg[I]	work_factor_num_reg[18]$_DFFE_PN1P_/QN	core.e_reg[41]$_DFFE_PN0P_/D
57	0.6495	core.w_mem_inst.w_ctr_reg[I]	core.w_mem_inst.w_precomp_reg[I]	core.w_mem_inst.w_ctr_reg[1]$_DFFE_PN0P_/Q	core.w_mem_inst.w_precomp_reg[56]$_DFFE_PN0P_/D
58	0.6499	address[I]	work_factor_num_reg[I]	address[4]	work_factor_num_reg[21]$_DFFE_PN0P_/D
59	0.6500	work_factor_num_reg[I]	core.c_reg[I]	work_factor_num_reg[25]$_DFFE_PN0P_/QN	core.c_reg[26]$_DFFE_PN0P_/D
60	0.6514	work_factor_num_reg[I]	core.f_reg[I]	work_factor_num_reg[18]$_DFFE_PN1P_/QN	core.f_reg[43]$_DFFE_PN0P_/D
61	0.6572	work_factor_num_reg[I]	core.b_reg[I]	work_factor_num_reg[25]$_DFFE_PN0P_/QN	core.b_reg[24]$_DFFE_PN0P_/D
62	0.6584	core.work_factor_ctr_reg[I]	core.d_reg[I]	core.work_factor_ctr_reg[18]$_DFFE_PN0P_/Q	core.d_reg[28]$_DFFE_PN0P_/D
63	0.6593	work_factor_num_reg[I]	core.a_reg[I]	work_factor_num_reg[25]$_DFFE_PN0P_/QN	core.a_reg[25]$_DFFE_PN0P_/D
64	0.6629	work_factor_num_reg[I]	core.g_reg[I]	work_factor_num_reg[18]$_DFFE_PN1P_/QN	core.g_reg[59]$_DFFE_PN0P_/D
65	0.6652	core.round_ctr_reg[I]	core.k_data_reg[I]	core.round_ctr_reg[0]$_DFFE_PN0P_/Q	core.k_data_reg[30]$_DFFE_PN0P_/D
66	0.6701	work_factor_num_reg[I]	core.k_data_reg[I]	work_factor_num_reg[18]$_DFFE_PN1P_/QN	core.k_data_reg[44]$_DFFE_PN0P_/D
67	0.6724	work_factor_num_reg[I]	core.h_reg[I]	work_factor_num_reg[18]$_DFFE_PN1P_/QN	core.h_reg[60]$_DFFE_PN0P_/D
68	0.6775	core.work_factor_ctr_reg[I]	core.HI_reg[J]	core.work_factor_ctr_reg[25]$_DFFE_PN0P_/Q	core.H2_reg[25]$_DFFE_PN0P_/D
69	0.6930	work_factor_num_reg[I]	core.d_reg[I]	work_factor_num_reg[18]$_DFFE_PN1P_/QN	core.d_reg[28]$_DFFE_PN0P_/D
70	0.6933	work_factor_num_reg[I]	core.HI_reg[J]	work_factor_num_reg[25]$_DFFE_PN0P_/QN	core.H2_reg[25]$_DFFE_PN0P_/D
71	0.6974	core.shaI_ctrl_reg[J]	core.c_reg[I]	core.sha512_ctrl_reg[2]$_DFF_PN0_/Q	core.c_reg[24]$_DFFE_PN0P_/D
72	0.6985	core.shaI_ctrl_reg[J]	core.b_reg[I]	core.sha512_ctrl_reg[2]$_DFF_PN0_/Q	core.b_reg[21]$_DFFE_PN0P_/D
73	0.6995	core.shaI_ctrl_reg[J]	core.d_reg[I]	core.sha512_ctrl_reg[2]$_DFF_PN0_/Q	core.d_reg[22]$_DFFE_PN0P_/D
74	0.6996	core.shaI_ctrl_reg[J]	core.a_reg[I]	core.sha512_ctrl_reg[2]$_DFF_PN0_/Q	core.a_reg[25]$_DFFE_PN0P_/D
75	0.7228	init_reg	core.a_reg[I]	init_reg$_DFF_PN0_/Q	core.a_reg[0]$_DFFE_PN0P_/D
76	0.7296	core.w_mem_inst.w_ctr_reg[I]	core.w_mem_inst.w_mem[I][J]	core.w_mem_inst.w_ctr_reg[1]$_DFFE_PN0P_/Q	core.w_mem_inst.w_mem[0][40]$_DFFE_PN0P_/D
77	0.7373	cs	block_reg[I][J]	cs	block_reg[8][17]$_DFFE_PN0P_/D
78	0.7391	we	block_reg[I][J]	we	block_reg[8][17]$_DFFE_PN0P_/D
79	0.7398	init_reg	core.d_reg[I]	init_reg$_DFF_PN0_/Q	core.d_reg[2]$_DFFE_PN0P_/D
80	0.7493	core.work_factor_ctr_reg[I]	core.round_ctr_reg[I]	core.work_factor_ctr_reg[18]$_DFFE_PN0P_/Q	core.round_ctr_reg[2]$_DFFE_PN0P_/D
81	0.7575	init_reg	core.HI_reg[J]	init_reg$_DFF_PN0_/Q	core.H1_reg[2]$_DFFE_PN0P_/D
82	0.7647	init_reg	core.b_reg[I]	init_reg$_DFF_PN0_/Q	core.b_reg[2]$_DFFE_PN0P_/D
83	0.7649	init_reg	core.c_reg[I]	init_reg$_DFF_PN0_/Q	core.c_reg[3]$_DFFE_PN0P_/D
84	0.7663	address[I]	work_factor_reg	address[4]	work_factor_reg$_DFFE_PN0P_/D
85	0.7670	core.shaI_ctrl_reg[J]	core.HI_reg[J]	core.sha512_ctrl_reg[0]$_DFF_PN1_/Q	core.H1_reg[2]$_DFFE_PN0P_/D
86	0.7734	address[I]	mode_reg[I]	address[4]	mode_reg[0]$_DFFE_PN1P_/D
87	0.7772	core.shaI_ctrl_reg[J]	core.work_factor_ctr_reg[I]	core.sha512_ctrl_reg[2]$_DFF_PN0_/Q	core.work_factor_ctr_reg[26]$_DFFE_PN0P_/D
88	0.7840	work_factor_num_reg[I]	core.round_ctr_reg[I]	work_factor_num_reg[18]$_DFFE_PN1P_/QN	core.round_ctr_reg[2]$_DFFE_PN0P_/D
89	0.8010	address[I]	init_reg	address[4]	init_reg$_DFF_PN0_/D
90	0.8010	core.shaI_ctrl_reg[J]	core.k_data_reg[I]	core.sha512_ctrl_reg[2]$_DFF_PN0_/Q	core.k_data_reg[29]$_DFFE_PN0P_/D
91	0.8014	address[I]	next_reg	address[4]	next_reg$_DFF_PN0_/D
92	0.8067	core.shaI_ctrl_reg[J]	core.w_mem_inst.w_precomp_reg[I]	core.sha512_ctrl_reg[2]$_DFF_PN0_/Q	core.w_mem_inst.w_precomp_reg[4]$_DFFE_PN0P_/D
93	0.8323	init_reg	core.e_reg[I]	init_reg$_DFF_PN0_/Q	core.e_reg[2]$_DFFE_PN0P_/D
94	0.8329	init_reg	core.g_reg[I]	init_reg$_DFF_PN0_/Q	core.g_reg[1]$_DFFE_PN0P_/D
95	0.8339	init_reg	core.f_reg[I]	init_reg$_DFF_PN0_/Q	core.f_reg[0]$_DFFE_PN0P_/D
96	0.8356	init_reg	core.h_reg[I]	init_reg$_DFF_PN0_/Q	core.h_reg[0]$_DFFE_PN0P_/D
97	0.8418	core.shaI_ctrl_reg[J]	core.e_reg[I]	core.sha512_ctrl_reg[0]$_DFF_PN1_/Q	core.e_reg[2]$_DFFE_PN0P_/D
98	0.8423	core.shaI_ctrl_reg[J]	core.g_reg[I]	core.sha512_ctrl_reg[0]$_DFF_PN1_/Q	core.g_reg[1]$_DFFE_PN0P_/D
99	0.8433	core.shaI_ctrl_reg[J]	core.f_reg[I]	core.sha512_ctrl_reg[0]$_DFF_PN1_/Q	core.f_reg[0]$_DFFE_PN0P_/D
100	0.8450	core.shaI_ctrl_reg[J]	core.h_reg[I]	core.sha512_ctrl_reg[0]$_DFF_PN1_/Q	core.h_reg[0]$_DFFE_PN0P_/D
