# stage	6_final
# top_module	viterbi_core
# top_n	100
# kind	blocks
# include_full	1
# rank	worst_slack_ns	start	end	start_full	end_full
1	0.2132	src_rdata_i[I]	bmu_inst_I.bm_r[J]	src_rdata_i[16]	bmu_inst_41.bm_r[7]$_DFF_PN0_/D
2	0.2657	register_num_i[I]	acs_inst_I.pm_r[J]	register_num_i[1]	acs_inst_16.pm_r[1]$_DFF_PN0_/D
3	0.3029	register_num_i[I]	acs_inst_I.survivor_path_r	register_num_i[1]	acs_inst_49.survivor_path_r$_DFF_PN0_/D
4	0.3969	acs_inst_I.pm_r[J]	pm_normalize_inst.grp_max_r[I][J]	acs_inst_25.pm_r[7]$_DFF_PN0_/Q	pm_normalize_inst.grp_max_r[3][5]$_DFFE_PP_/D
5	0.4270	register_num_i[I]	bmu_inst_I.low_codeword_tmp[J]	register_num_i[1]	bmu_inst_10.low_codeword_tmp[2]$_DFFE_PN0P_/D
6	0.4632	acs_inst_I.valid_r	tb_addr_o[I]	acs_inst_0.valid_r$_DFF_PN0_/Q	tb_addr_o[1]
7	0.4775	pm_normalize_inst.grp_max_r[I][J]	pm_normalize_inst.max_r[I]	pm_normalize_inst.grp_max_r[7][3]$_DFFE_PP_/Q	pm_normalize_inst.max_r[0]$_DFFE_PN0P_/D
8	0.5749	rst_sync_i	bmu_inst_I.bm_r[J]	rst_sync_i	bmu_inst_40.bm_r[6]$_DFF_PN0_/D
9	0.6162	valid_polynomials_i[I]	bmu_inst_I.bm_r[J]	valid_polynomials_i[2]	bmu_inst_9.bm_r[2]$_DFF_PN0_/D
10	0.6406	rst_sync_i	bmu_inst_I.low_codeword_tmp[J]	rst_sync_i	bmu_inst_41.low_codeword_tmp[3]$_DFFE_PN0P_/D
11	0.6432	acs_inst_I.valid_r	tb_wr_o	acs_inst_0.valid_r$_DFF_PN0_/Q	tb_wr_o
12	0.6518	dst_wr_r	dst_wr_o	dst_wr_r$_DFF_PN0_/Q	dst_wr_o
13	0.6524	tb_wr_addr_r[I]	tb_addr_o[I]	tb_wr_addr_r[1]$_DFFE_PN0P_/Q	tb_addr_o[1]
14	0.6630	traceback_ins.tb_addr_r[I]	tb_addr_o[I]	traceback_ins.tb_addr_r[1]$_DFFE_PN0P_/Q	tb_addr_o[1]
15	0.6780	rst_sync_i	bmu_inst_I.low_codeword[J]	rst_sync_i	bmu_inst_50.low_codeword[3]$_DFFE_PN0P_/D
16	0.6942	dst_addr_r[I]	dst_addr_o[I]	dst_addr_r[6]$_DFFE_PN0P_/Q	dst_addr_o[6]
17	0.6954	src_rd_r	src_rd_o	src_rd_r$_DFFE_PN0P_/Q	src_rd_o
18	0.6960	acs_inst_I.survivor_path_r	tb_wdata_o[I]	acs_inst_30.survivor_path_r$_DFF_PN0_/Q	tb_wdata_o[30]
19	0.6997	src_addr_r[I]	src_addr_o[I]	src_addr_r[1]$_DFFE_PN0P_/Q	src_addr_o[1]
20	0.7006	rst_sync_i	fetch_src_cnt_r[I]	rst_sync_i	fetch_src_cnt_r[10]$_DFFE_PN0P_/D
21	0.7015	rst_sync_i	acs_inst_I.pm_r[J]	rst_sync_i	acs_inst_60.pm_r[7]$_DFF_PN0_/D
22	0.7112	busy_r	busy_o	busy_r$_DFFE_PN0P_/Q	busy_o
23	0.7118	bmu_inst_I.bm_r[J]	acs_inst_I.pm_r[J]	bmu_inst_63.bm_r[0]$_DFF_PN0_/Q	acs_inst_48.pm_r[6]$_DFF_PN0_/D
24	0.7120	frame_done_r	frame_done_o	frame_done_r$_DFFE_PN0P_/Q	frame_done_o
25	0.7151	valid_polynomials_i[I]	bmu_inst_I.low_codeword[J]	valid_polynomials_i[0]	bmu_inst_50.low_codeword[3]$_DFFE_PN0P_/D
26	0.7153	rst_sync_i	pm_normalize_inst.pm_pipe_r[I][J]	rst_sync_i	pm_normalize_inst.pm_pipe_r[62][8]$_DFFE_PN0P_/D
27	0.7153	bmu_inst_I.low_codeword[J]	bmu_inst_I.bm_r[J]	bmu_inst_41.low_codeword[4]$_DFFE_PN0P_/Q	bmu_inst_41.bm_r[7]$_DFF_PN0_/D
28	0.7228	traceback_ins.tb_rd_r	tb_rd_o	traceback_ins.tb_rd_r$_DFF_PN0_/Q	tb_rd_o
29	0.7257	rst_sync_i	pm_normalize_inst.pm_nom_r[I][J]	rst_sync_i	pm_normalize_inst.pm_nom_r[55][0]$_DFFE_PN0P_/D
30	0.7307	rst_sync_i	acs_inst_I.survivor_path_r	rst_sync_i	acs_inst_51.survivor_path_r$_DFF_PN0_/D
31	0.7362	polynomialI_i[J]	bmu_inst_I.low_codeword_tmp[J]	polynomial6_i[2]	bmu_inst_63.low_codeword_tmp[5]$_DFFE_PN0P_/D
32	0.7373	bmu_inst_I.bm_r[J]	acs_inst_I.survivor_path_r	bmu_inst_63.bm_r[0]$_DFF_PN0_/Q	acs_inst_58.survivor_path_r$_DFF_PN0_/D
33	0.7466	frame_start_i	pm_normalize_inst.pm_nom_r[I][J]	frame_start_i	pm_normalize_inst.pm_nom_r[35][8]$_DFFE_PN0P_/D
34	0.7597	rst_sync_i	src_len_counter_r[I]	rst_sync_i	src_len_counter_r[5]$_DFFE_PN0P_/D
35	0.7638	frame_start_i	fetch_src_cnt_r[I]	frame_start_i	fetch_src_cnt_r[10]$_DFFE_PN0P_/D
36	0.7720	rst_sync_i	pm_normalize_inst.grp_max_r[I][J]	rst_sync_i	pm_normalize_inst.grp_max_r[7][0]$_DFFE_PP_/D
37	0.7778	rst_sync_i	trellis_idx_r[I]	rst_sync_i	trellis_idx_r[11]$_DFFE_PN0P_/D
38	0.7917	rst_sync_i	src_addr_r[I]	rst_sync_i	src_addr_r[11]$_DFFE_PN0P_/D
39	0.8123	rst_sync_i	pm_normalize_inst.pm_update_en_pipe_r[I]	rst_sync_i	pm_normalize_inst.pm_update_en_pipe_r[15]$_DFFE_PN0P_/D
40	0.8132	rst_sync_i	acs_en_r[I]	rst_sync_i	acs_en_r[15]$_DFFE_PN0P_/D
41	0.8132	rst_an_i	tb_wr_addr_r[I]	rst_an_i	tb_wr_addr_r[0]$_DFFE_PN0P_/RN
42	0.8136	rst_an_i	src_addr_r[I]	rst_an_i	src_addr_r[7]$_DFFE_PN0P_/RN
43	0.8138	rst_an_i	traceback_ins.tb_addr_r[I]	rst_an_i	traceback_ins.tb_addr_r[4]$_DFFE_PN0P_/RN
44	0.8144	rst_an_i	acs_inst_I.survivor_path_r	rst_an_i	acs_inst_32.survivor_path_r$_DFF_PN0_/RN
45	0.8151	rst_an_i	bmu_inst_I.bm_r[J]	rst_an_i	bmu_inst_34.bm_r[7]$_DFF_PN0_/RN
46	0.8170	pm_normalize_inst.pm_nom_r[I][J]	acs_inst_I.pm_r[J]	pm_normalize_inst.pm_nom_r[34][0]$_DFFE_PN0P_/Q	acs_inst_52.pm_r[2]$_DFF_PN0_/D
47	0.8182	rst_an_i	bmu_inst_I.low_codeword_tmp[J]	rst_an_i	bmu_inst_39.low_codeword_tmp[4]$_DFFE_PN0P_/RN
48	0.8184	rst_an_i	bmu_inst_I.low_codeword[J]	rst_an_i	bmu_inst_35.low_codeword[2]$_DFFE_PN0P_/RN
49	0.8211	rst_sync_i	flush_all_start_r	rst_sync_i	flush_all_start_r$_DFFE_PN0P_/D
50	0.8288	rst_an_i	pm_normalize_inst.pm_pipe_r[I][J]	rst_an_i	pm_normalize_inst.pm_pipe_r[48][7]$_DFFE_PN0P_/RN
51	0.8377	rst_sync_i	acs_inst_I.valid_r	rst_sync_i	acs_inst_0.valid_r$_DFF_PN0_/D
52	0.8427	rst_an_i	dst_addr_r[I]	rst_an_i	dst_addr_r[10]$_DFFE_PN0P_/RN
53	0.8428	rst_an_i	traceback_ins.tb_counter_r[I]	rst_an_i	traceback_ins.tb_counter_r[7]$_DFFE_PN0P_/RN
54	0.8428	rst_an_i	traceback_ins.tb_rd_r	rst_an_i	traceback_ins.tb_rd_r$_DFF_PN0_/RN
55	0.8429	rst_an_i	src_rd_r	rst_an_i	src_rd_r$_DFFE_PN0P_/RN
56	0.8435	rst_an_i	tb_len_r[I]	rst_an_i	tb_len_r[0]$_DFFE_PN0P_/RN
57	0.8483	rst_sync_i	dst_addr_r[I]	rst_sync_i	dst_addr_r[11]$_DFFE_PN0P_/D
58	0.8515	pm_normalize_inst.pm_nom_r[I][J]	acs_inst_I.survivor_path_r	pm_normalize_inst.pm_nom_r[12][0]$_DFFE_PN0P_/Q	acs_inst_8.survivor_path_r$_DFF_PN0_/D
59	0.8526	frame_start_i	src_len_counter_r[I]	frame_start_i	src_len_counter_r[5]$_DFFE_PN0P_/D
60	0.8636	rst_an_i	state_r[I]	rst_an_i	state_r[0]$_DFF_PN1_/SN
61	0.8639	rst_an_i	acs_inst_I.pm_r[J]	rst_an_i	acs_inst_16.pm_r[2]$_DFF_PN0_/RN
62	0.8664	infobit_length_i[I]	src_addr_r[I]	infobit_length_i[5]	src_addr_r[11]$_DFFE_PN0P_/D
63	0.8666	rst_an_i	dst_wr_dI_r	rst_an_i	dst_wr_d1_r$_DFF_PN0_/RN
64	0.8666	rst_an_i	dst_wr_r	rst_an_i	dst_wr_r$_DFF_PN0_/RN
65	0.8667	rst_an_i	src_len_counter_r[I]	rst_an_i	src_len_counter_r[1]$_DFFE_PN0P_/RN
66	0.8669	rst_an_i	trellis_idx_r[I]	rst_an_i	trellis_idx_r[3]$_DFFE_PN0P_/RN
67	0.8672	rst_an_i	pm_normalize_inst.pm_nom_r[I][J]	rst_an_i	pm_normalize_inst.pm_nom_r[1][4]$_DFFE_PN0P_/RN
68	0.8672	rst_an_i	last_loop_r	rst_an_i	last_loop_r$_DFFE_PN0P_/RN
69	0.8689	rst_an_i	busy_r	rst_an_i	busy_r$_DFFE_PN0P_/RN
70	0.8703	rst_an_i	frame_done_r	rst_an_i	frame_done_r$_DFFE_PN0P_/RN
71	0.8703	rst_sync_i	state_r[I]	rst_sync_i	state_r[0]$_DFF_PN1_/D
72	0.8707	frame_start_i	trellis_idx_r[I]	frame_start_i	trellis_idx_r[11]$_DFFE_PN0P_/D
73	0.8708	register_num_i[I]	pm_normalize_inst.pm_update_en_pipe_r[I]	register_num_i[1]	pm_normalize_inst.pm_update_en_pipe_r[15]$_DFFE_PN0P_/D
74	0.8724	register_num_i[I]	acs_en_r[I]	register_num_i[1]	acs_en_r[15]$_DFFE_PN0P_/D
75	0.8734	rst_an_i	fetch_src_cnt_r[I]	rst_an_i	fetch_src_cnt_r[11]$_DFFE_PN0P_/RN
76	0.8737	rst_an_i	first_loop_r	rst_an_i	first_loop_r$_DFFE_PN0P_/RN
77	0.8757	rst_an_i	byte_idx_r[I]	rst_an_i	byte_idx_r[2]$_DFF_PN0_/RN
78	0.8779	rst_an_i	bmu_ready_dI_r	rst_an_i	bmu_ready_d1_r$_DFF_PN1_/SN
79	0.8790	rst_an_i	flush_all_start_r	rst_an_i	flush_all_start_r$_DFFE_PN0P_/RN
80	0.8820	rst_an_i	half_tb_start_r	rst_an_i	half_tb_start_r$_DFFE_PN0P_/RN
81	0.8823	rst_an_i	bmu_inst_I.ready_r	rst_an_i	bmu_inst_0.ready_r$_DFFE_PN0P_/RN
82	0.8824	rst_an_i	decoding_start_r	rst_an_i	decoding_start_r$_DFF_PN0_/RN
83	0.8827	rst_an_i	full_tb_start_r	rst_an_i	full_tb_start_r$_DFFE_PN0P_/RN
84	0.8846	frame_start_i	src_addr_r[I]	frame_start_i	src_addr_r[11]$_DFFE_PN0P_/D
85	0.8883	tail_biting_en_i	pm_normalize_inst.pm_nom_r[I][J]	tail_biting_en_i	pm_normalize_inst.pm_nom_r[22][8]$_DFFE_PN0P_/D
86	0.8901	acs_inst_I.valid_r	pm_normalize_inst.pm_pipe_r[I][J]	acs_inst_0.valid_r$_DFF_PN0_/Q	pm_normalize_inst.pm_pipe_r[49][6]$_DFFE_PN0P_/D
87	0.8901	rst_sync_i	tb_len_r[I]	rst_sync_i	tb_len_r[6]$_DFFE_PN0P_/D
88	0.8909	infobit_length_i[I]	src_len_counter_r[I]	infobit_length_i[5]	src_len_counter_r[5]$_DFFE_PN0P_/D
89	0.8950	pm_normalize_inst.max_r[I]	pm_normalize_inst.pm_nom_r[I][J]	pm_normalize_inst.max_r[5]$_DFFE_PN0P_/QN	pm_normalize_inst.pm_nom_r[17][4]$_DFFE_PN0P_/D
90	0.8958	acs_inst_I.valid_r	tb_wr_addr_r[I]	acs_inst_0.valid_r$_DFF_PN0_/Q	tb_wr_addr_r[1]$_DFFE_PN0P_/D
91	0.8966	rst_sync_i	byte_idx_r[I]	rst_sync_i	byte_idx_r[0]$_DFF_PN0_/D
92	0.9020	rst_an_i	pm_normalize_inst.grp_max_r[I][J]	rst_an_i	pm_normalize_inst.grp_max_r[7][2]$_DFFE_PP_/D
93	0.9114	frame_start_i	flush_all_start_r	frame_start_i	flush_all_start_r$_DFFE_PN0P_/D
94	0.9241	frame_start_i	dst_addr_r[I]	frame_start_i	dst_addr_r[8]$_DFFE_PN0P_/D
95	0.9259	rst_sync_i	dst_wr_r	rst_sync_i	dst_wr_r$_DFF_PN0_/D
96	0.9321	rst_sync_i	last_loop_r	rst_sync_i	last_loop_r$_DFFE_PN0P_/D
97	0.9323	rst_sync_i	frame_done_r	rst_sync_i	frame_done_r$_DFFE_PN0P_/D
98	0.9333	rst_sync_i	src_rd_r	rst_sync_i	src_rd_r$_DFFE_PN0P_/D
99	0.9346	acs_inst_I.valid_r	traceback_start_r	acs_inst_0.valid_r$_DFF_PN0_/Q	traceback_start_r$_DFF_PN0_/D
100	0.9420	rst_sync_i	first_loop_r	rst_sync_i	first_loop_r$_DFFE_PN0P_/D
