# stage	1_synth
# top_module	wb_dma_top
# top_n	100
# kind	blocks
# include_full	1
# rank	worst_slack_ns	start	end	start_full	end_full
1	-0.1646	uI.state[J]	wbIs_data_o[J]	u2.state[1]$_DFF_P_/Q	wb0s_data_o[11]
2	-0.1357	uI.uJ.pri_outK[L]	wbIs_data_o[J]	u1.u0.pri_out0[1]$_DFF_P_/Q	wb0s_data_o[11]
3	-0.1198	uI.uJ.state[K]	wbIs_data_o[J]	u1.u1.state[4]$_SDFFE_PP0P_/Q	wb0s_data_o[11]
4	-0.1170	wbI_addr_i[J]	wbIs_data_o[J]	wb0_addr_i[28]	wb1s_data_o[27]
5	-0.1010	wbI_addr_i[J]	wbI_addr_o[J]	wb0_addr_i[28]	wb1_addr_o[10]
6	-0.0938	wbI_addr_i[J]	wbI_cyc_o	wb0_addr_i[28]	wb1_cyc_o
7	-0.0878	wbI_addr_i[J]	wbI_sel_o[J]	wb0_addr_i[28]	wb1_sel_o[0]
8	-0.0862	wbI_addr_i[J]	wbI_ack_o	wb1_addr_i[29]	wb1_ack_o
9	-0.0769	wbI_addr_i[J]	wbI_err_o	wb0_addr_i[28]	wb0_err_o
10	-0.0769	wbI_addr_i[J]	wbI_rty_o	wb0_addr_i[28]	wb0_rty_o
11	-0.0706	uI.ch_sel_r[J]	wbIs_data_o[J]	u1.ch_sel_r[4]$_SDFFE_PP0P_/Q	wb0s_data_o[11]
12	-0.0699	wbI_addr_i[J]	wbIm_data_o[J]	wb1_addr_i[29]	wb1m_data_o[0]
13	-0.0495	wbI_addr_i[J]	wbI_stb_o	wb0_addr_i[28]	wb1_stb_o
14	-0.0495	wbI_addr_i[J]	wbI_we_o	wb0_addr_i[28]	wb1_we_o
15	-0.0479	wbI_cyc_i	wbI_addr_o[J]	wb0_cyc_i	wb1_addr_o[10]
16	-0.0190	wbI_cyc_i	wbI_ack_o	wb1_cyc_i	wb1_ack_o
17	-0.0163	wbI_cyc_i	wbIs_data_o[J]	wb0_cyc_i	wb1s_data_o[27]
18	-0.0114	wbI_cyc_i	wbI_err_o	wb0_cyc_i	wb0_err_o
19	-0.0114	wbI_cyc_i	wbI_rty_o	wb0_cyc_i	wb0_rty_o
20	-0.0075	wbI_ack_i	wbI_ack_o	wb0_ack_i	wb1_ack_o
21	-0.0063	wbI_cyc_i	wbI_cyc_o	wb0_cyc_i	wb1_cyc_o
22	0.0057	wbI_cyc_i	wbIm_data_o[J]	wb1_cyc_i	wb1m_data_o[0]
23	0.0129	wbI_cyc_i	wbI_sel_o[J]	wb0_cyc_i	wb1_sel_o[0]
24	0.0174	wbI_cyc_i	wbI_stb_o	wb0_cyc_i	wb1_stb_o
25	0.0174	wbI_cyc_i	wbI_we_o	wb0_cyc_i	wb1_we_o
26	0.0921	uI.ndr_r[J]	wbIs_data_o[J]	u1.ndr_r[13]$_DFF_P_/Q	wb0s_data_o[11]
27	0.1197	uI.uJ.ch_csr_r[K]	wbIs_data_o[J]	u0.u6.ch_csr_r[7]$_SDFFE_PP0P_/Q	wb0s_data_o[11]
28	0.1654	wbI_stb_i	wbI_stb_o	wb1_stb_i	wb0_stb_o
29	0.1654	wbI_we_i	wbI_we_o	wb1_we_i	wb0_we_o
30	0.1654	wbIs_data_i[J]	wbIm_data_o[J]	wb1s_data_i[0]	wb0m_data_o[0]
31	0.1658	wbIm_data_i[J]	wbIs_data_o[J]	wb1m_data_i[0]	wb0s_data_o[0]
32	0.1773	wbI_sel_i[J]	wbI_sel_o[J]	wb1_sel_i[0]	wb0_sel_o[0]
33	0.1841	uI.state[J]	uI.adrJ_cnt[K]	u2.state[1]$_DFF_P_/Q	u2.adr1_cnt[28]$_DFFE_PP_/D
34	0.1924	uI.state[J]	uI.mastJ_adr[K]	u2.state[1]$_DFF_P_/Q	u2.mast0_adr[10]$_DFF_P_/D
35	0.1930	wbI_err_i	wbI_err_o	wb1_err_i	wb0_err_o
36	0.1930	wbI_rty_i	wbI_rty_o	wb1_rty_i	wb0_rty_o
37	0.2110	uI.uJ.pri_outK[L]	uI.adrJ_cnt[K]	u1.u0.pri_out0[1]$_DFF_P_/Q	u2.adr1_cnt[24]$_DFFE_PP_/D
38	0.2127	uI.state[J]	uI.uJ.ch_txsz_s[K]	u2.state[1]$_DFF_P_/Q	u0.u12.ch_txsz_s[10]$_DFFE_PP_/D
39	0.2143	uI.state[J]	uI.chunk_J	u2.state[1]$_DFF_P_/Q	u2.chunk_0$_DFF_P_/D
40	0.2174	uI.state[J]	uI.tsz_cnt[J]	u2.state[1]$_DFF_P_/Q	u2.tsz_cnt[0]$_DFFE_PP_/D
41	0.2182	uI.state[J]	uI.uJ.ch_csr_r[K]	u2.state[1]$_DFF_P_/Q	u0.u12.ch_csr_r[1]$_SDFFE_PP0P_/D
42	0.2230	wbI_ack_i	uI.mastJ_adr[K]	wb0_ack_i	u2.mast0_adr[10]$_DFF_P_/D
43	0.2247	uI.state[J]	uI.uJ.ch_adrK_s[L]	u2.state[1]$_DFF_P_/Q	u0.u12.ch_adr1_s[0]$_DFFE_PP_/D
44	0.2249	uI.state[J]	uI.uJ.ch_tot_sz_r[K]	u2.state[1]$_DFF_P_/Q	u0.u0.ch_tot_sz_r[10]$_DFFE_PP_/D
45	0.2317	uI.uJ.pri_outK[L]	uI.mastJ_adr[K]	u1.u0.pri_out0[1]$_DFF_P_/Q	u2.mast0_adr[10]$_DFF_P_/D
46	0.2341	uI.uJ.state[K]	uI.adrJ_cnt[K]	u1.u1.state[1]$_SDFFE_PP0P_/Q	u2.adr1_cnt[23]$_DFFE_PP_/D
47	0.2365	uI.uJ.state[K]	uI.mastJ_adr[K]	u1.u1.state[4]$_SDFFE_PP0P_/Q	u2.mast0_adr[10]$_DFF_P_/D
48	0.2381	uI.state[J]	uI.uJ.ch_chk_sz_r[K]	u2.state[1]$_DFF_P_/Q	u0.u12.ch_chk_sz_r[0]$_DFFE_PP_/D
49	0.2444	uI.state[J]	uI.uJ.int_src_r[K]	u2.state[1]$_DFF_P_/Q	u0.u12.int_src_r[1]$_SDFFE_PP0P_/D
50	0.2450	uI.state[J]	uI.uJ.pointer_sr[K]	u2.state[1]$_DFF_P_/Q	u0.u12.pointer_sr[17]$_DFFE_PP_/D
51	0.2472	uI.state[J]	uI.uJ.mast_stb	u2.state[1]$_DFF_P_/Q	u3.u0.mast_stb$_DFF_P_/D
52	0.2490	uI.state[J]	uI.uJ.pointer_r[K]	u2.state[1]$_DFF_P_/Q	u0.u12.pointer_r[11]$_DFFE_PP_/D
53	0.2503	uI.state[J]	uI.uJ.ch_done	u2.state[1]$_DFF_P_/Q	u0.u12.ch_done$_SDFFE_PP0P_/D
54	0.2519	uI.state[J]	uI.chunk_cnt[J]	u2.state[3]$_DFF_P_/Q	u2.chunk_cnt[4]$_DFFE_PP_/D
55	0.2540	uI.uJ.pri_outK[L]	uI.chunk_J	u1.u0.pri_out0[1]$_DFF_P_/Q	u2.chunk_0$_DFF_P_/D
56	0.2543	uI.uJ.state[K]	uI.chunk_J	u1.u1.state[4]$_SDFFE_PP0P_/Q	u2.chunk_0$_DFF_P_/D
57	0.2547	uI.ch_sel_r[J]	uI.mastJ_adr[K]	u1.ch_sel_r[2]$_SDFFE_PP0P_/Q	u2.mast0_adr[10]$_DFF_P_/D
58	0.2573	uI.state[J]	uI.state[J]	u2.state[1]$_DFF_P_/Q	u2.state[10]$_DFF_P_/D
59	0.2575	uI.state[J]	uI.uJ.mast_we_r	u2.state[1]$_DFF_P_/Q	u3.u0.mast_we_r$_DFF_P_/D
60	0.2579	uI.state[J]	uI.uJ.ch_eol	u2.state[1]$_DFF_P_/Q	u0.u12.ch_eol$_SDFFE_PP0P_/D
61	0.2629	wbI_ack_i	uI.adrJ_cnt[K]	wb0_ack_i	u2.adr1_cnt[24]$_DFFE_PP_/D
62	0.2634	uI.uJ.state[K]	uI.uJ.pointer_sr[K]	u1.u1.state[1]$_SDFFE_PP0P_/Q	u0.u6.pointer_sr[10]$_DFFE_PP_/D
63	0.2667	uI.uJ.pri_outK[L]	uI.tsz_cnt[J]	u1.u0.pri_out0[1]$_DFF_P_/Q	u2.tsz_cnt[3]$_DFFE_PP_/D
64	0.2716	uI.uJ.state[K]	uI.uJ.pointer_r[K]	u1.u1.state[1]$_SDFFE_PP0P_/Q	u0.u6.pointer_r[12]$_DFFE_PP_/D
65	0.2716	uI.uJ.pri_outK[L]	uI.uJ.ch_tot_sz_r[K]	u1.u0.pri_out0[1]$_DFF_P_/Q	u0.u10.ch_tot_sz_r[5]$_DFFE_PP_/D
66	0.2718	uI.uJ.pri_outK[L]	uI.uJ.pointer_sr[K]	u1.u0.pri_out0[1]$_DFF_P_/Q	u0.u10.pointer_sr[17]$_DFFE_PP_/D
67	0.2740	uI.state[J]	uI.uJ.ptr_valid	u2.state[1]$_DFF_P_/Q	u0.u12.ptr_valid$_SDFFE_PP0P_/D
68	0.2740	uI.uJ.state[K]	uI.uJ.ch_chk_sz_r[K]	u1.u1.state[1]$_SDFFE_PP0P_/Q	u0.u6.ch_chk_sz_r[0]$_DFFE_PP_/D
69	0.2740	uI.uJ.pri_outK[L]	uI.uJ.ch_csr_r[K]	u1.u0.pri_out0[1]$_DFF_P_/Q	u0.u10.ch_csr_r[1]$_SDFFE_PP0P_/D
70	0.2748	uI.uJ.pri_outK[L]	uI.state[J]	u1.u0.pri_out0[1]$_DFF_P_/Q	u2.state[10]$_DFF_P_/D
71	0.2749	uI.uJ.pri_outK[L]	uI.chunk_cnt[J]	u1.u0.pri_out0[1]$_DFF_P_/Q	u2.chunk_cnt[8]$_DFFE_PP_/D
72	0.2752	uI.uJ.state[K]	uI.chunk_cnt[J]	u1.u1.state[4]$_SDFFE_PP0P_/Q	u2.chunk_cnt[8]$_DFFE_PP_/D
73	0.2764	uI.uJ.state[K]	uI.tsz_cnt[J]	u1.u1.state[4]$_SDFFE_PP0P_/Q	u2.tsz_cnt[6]$_DFFE_PP_/D
74	0.2774	uI.state[J]	uI.ack_o[J]	u2.state[1]$_DFF_P_/Q	u1.ack_o[14]$_DFF_P_/D
75	0.2785	uI.state[J]	uI.ch_sel_r[J]	u2.state[1]$_DFF_P_/Q	u1.ch_sel_r[0]$_SDFFE_PP0P_/D
76	0.2785	uI.uJ.state[K]	uI.uJ.ch_tot_sz_r[K]	u1.u1.state[1]$_SDFFE_PP0P_/Q	u0.u6.ch_tot_sz_r[11]$_DFFE_PP_/D
77	0.2787	uI.uJ.pri_outK[L]	uI.uJ.ch_txsz_s[K]	u1.u0.pri_out0[1]$_DFF_P_/Q	u0.u10.ch_txsz_s[2]$_DFFE_PP_/D
78	0.2790	uI.uJ.pri_outK[L]	uI.uJ.ch_chk_sz_r[K]	u1.u0.pri_out0[1]$_DFF_P_/Q	u0.u10.ch_chk_sz_r[0]$_DFFE_PP_/D
79	0.2821	uI.uJ.state[K]	uI.uJ.ch_txsz_s[K]	u1.u1.state[1]$_SDFFE_PP0P_/Q	u0.u11.ch_txsz_s[10]$_DFFE_PP_/D
80	0.2840	uI.uJ.pri_outK[L]	uI.uJ.pointer_r[K]	u1.u0.pri_out0[1]$_DFF_P_/Q	u0.u6.pointer_r[10]$_DFFE_PP_/D
81	0.2851	uI.uJ.pri_outK[L]	uI.uJ.ch_eol	u1.u0.pri_out0[1]$_DFF_P_/Q	u0.u10.ch_eol$_SDFFE_PP0P_/D
82	0.2857	wbI_ack_i	uI.uJ.mast_stb	wb0_ack_i	u3.u0.mast_stb$_DFF_P_/D
83	0.2864	uI.uJ.pri_outK[L]	uI.uJ.mast_stb	u1.u0.pri_out0[1]$_DFF_P_/Q	u3.u0.mast_stb$_DFF_P_/D
84	0.2867	uI.state[J]	uI.uJ.ch_rl	u2.state[1]$_DFF_P_/Q	u0.u12.ch_rl$_DFF_P_/D
85	0.2873	uI.state[J]	uI.uJ.ch_adrK_r[L]	u2.state[1]$_DFF_P_/Q	u0.u12.ch_adr1_r[0]$_DFFE_PP_/D
86	0.2893	uI.ch_sel_r[J]	uI.adrJ_cnt[K]	u1.ch_sel_r[4]$_SDFFE_PP0P_/Q	u2.adr1_cnt[23]$_DFFE_PP_/D
87	0.2913	uI.uJ.state[K]	uI.uJ.mast_stb	u1.u1.state[4]$_SDFFE_PP0P_/Q	u3.u0.mast_stb$_DFF_P_/D
88	0.2923	uI.uJ.pri_outK[L]	uI.uJ.ch_adrK_s[L]	u1.u0.pri_out0[1]$_DFF_P_/Q	u0.u2.ch_adr0_s[0]$_DFFE_PP_/D
89	0.2932	uI.uJ.pri_outK[L]	uI.uJ.int_src_r[K]	u1.u0.pri_out0[1]$_DFF_P_/Q	u0.u5.int_src_r[2]$_SDFFE_PP0P_/D
90	0.2967	uI.uJ.pri_outK[L]	uI.uJ.mast_we_r	u1.u0.pri_out0[1]$_DFF_P_/Q	u3.u0.mast_we_r$_DFF_P_/D
91	0.2975	uI.state[J]	uI.uJ.mast_cyc	u2.state[1]$_DFF_P_/Q	u3.u0.mast_cyc$_DFF_P_/D
92	0.2982	uI.state[J]	uI.write_r	u2.state[1]$_DFF_P_/Q	u2.write_r$_DFF_P_/D
93	0.3011	uI.uJ.state[K]	uI.uJ.ch_csr_r[K]	u1.u1.state[2]$_SDFFE_PP0P_/Q	u0.u13.ch_csr_r[1]$_SDFFE_PP0P_/D
94	0.3016	uI.uJ.state[K]	uI.uJ.mast_we_r	u1.u1.state[4]$_SDFFE_PP0P_/Q	u3.u0.mast_we_r$_DFF_P_/D
95	0.3020	uI.state[J]	uI.read_r	u2.state[1]$_DFF_P_/Q	u2.read_r$_DFF_P_/D
96	0.3036	uI.uJ.state[K]	uI.uJ.ch_adrK_s[L]	u1.u1.state[2]$_SDFFE_PP0P_/Q	u0.u13.ch_adr0_s[0]$_DFFE_PP_/D
97	0.3045	uI.state[J]	uI.next_start	u2.state[1]$_DFF_P_/Q	u1.next_start$_DFF_P_/D
98	0.3051	wbI_ack_i	uI.chunk_dec	wb0_ack_i	u2.chunk_dec$_DFF_P_/D
99	0.3052	uI.uJ.pri_outK[L]	uI.uJ.ptr_valid	u1.u0.pri_out0[1]$_DFF_P_/Q	u0.u1.ptr_valid$_SDFFE_PP0P_/D
100	0.3081	uI.uJ.pri_outK[L]	uI.uJ.ch_done	u1.u0.pri_out0[1]$_DFF_P_/Q	u0.u2.ch_done$_SDFFE_PP0P_/D
