# stage	6_final
# top_module	tpu_top
# top_n	100
# kind	blocks
# include_full	1
# rank	worst_slack_ns	start	end	start_full	end_full
1	-0.0427	systolic.weight_queue[I][J]	systolic.mul_product_reg[I][J]	systolic.weight_queue[39][3]$_SDFFE_PN0P_/Q	systolic.mul_product_reg[39][14]$_SDFF_PN0_/D
2	-0.0385	systolic.data_queue[I][J]	systolic.mul_product_reg[I][J]	systolic.data_queue[39][2]$_SDFFE_PN0P_/Q	systolic.mul_product_reg[39][15]$_SDFF_PN0_/D
3	0.0126	systolic_controll.matrix_index[I]	systolic.mul_outcome[I]	systolic_controll.matrix_index[4]$_SDFF_PP0_/QN	systolic.mul_outcome[97]$_SDFF_PN0_/D
4	0.0339	matrix_index_d[I]	_I_	matrix_index_d[0]$_SDFF_PN0_/QN	_85088_/D
5	0.1118	systolic.mul_outcome[I]	write_out.sram_wdata_c[I]	systolic.mul_outcome[11]$_SDFF_PN0_/Q	write_out.sram_wdata_c[103]$_SDFF_PN0_/D
6	0.1276	write_out.sram_wdata_c[I]	sram_wdata_c[I]	write_out.sram_wdata_c[108]$_SDFF_PN0_/Q	sram_wdata_c[108]
7	0.1318	systolic.mul_outcome[I]	write_out.sram_wdata_a[I]	systolic.mul_outcome[11]$_SDFF_PN0_/Q	write_out.sram_wdata_a[101]$_SDFF_PN0_/D
8	0.1320	matrix_index_d[I]	write_out.sram_wdata_c[I]	matrix_index_d[3]$_SDFF_PN0_/QN	write_out.sram_wdata_c[27]$_SDFF_PN0_/D
9	0.1328	matrix_index_d[I]	write_out.sram_wdata_a[I]	matrix_index_d[3]$_SDFF_PN0_/QN	write_out.sram_wdata_a[28]$_SDFF_PN0_/D
10	0.1352	write_out.sram_wdata_a[I]	sram_wdata_a[I]	write_out.sram_wdata_a[101]$_SDFF_PN0_/Q	sram_wdata_a[101]
11	0.1371	_I_	sram_wdata_b[I]	_85097_/Q	sram_wdata_b[54]
12	0.1439	systolic.mul_product_reg[I][J]	systolic.matrix_mul_ID[J][K]	systolic.mul_product_reg[1][0]$_SDFF_PN0_/Q	systolic.matrix_mul_2D[1][20]$_SDFFE_PN0P_/D
13	0.1443	addr_sel.sram_raddr_wI[J]	sram_raddr_wI[J]	addr_sel.sram_raddr_w0[0]$_SDFF_PN1_/Q	sram_raddr_w0[0]
14	0.1453	systolic.matrix_mul_ID[J][K]	systolic.matrix_mul_ID[J][K]	systolic.matrix_mul_2D[1][0]$_SDFFE_PN0P_/Q	systolic.matrix_mul_2D[1][20]$_SDFFE_PN0P_/D
15	0.1482	addr_sel.sram_raddr_wI[J]	sram_raddr_dI[J]	addr_sel.sram_raddr_w1[2]$_SDFF_PN1_/Q	sram_raddr_d1[2]
16	0.1503	_I_	sram_waddr_b[I]	_85171_/Q	sram_waddr_b[1]
17	0.1579	tpu_done	tpu_done	tpu_done$_SDFF_PN0_/Q	tpu_done
18	0.1582	write_out.sram_waddr_a[I]	sram_waddr_a[I]	write_out.sram_waddr_a[5]$_SDFF_PN0_/Q	sram_waddr_a[5]
19	0.1586	_I_	sram_write_enable_bI	_85040_/Q	sram_write_enable_b0
20	0.1590	write_out.sram_waddr_c[I]	sram_waddr_c[I]	write_out.sram_waddr_c[5]$_SDFF_PN0_/Q	sram_waddr_c[5]
21	0.1638	write_out.sram_write_enable_cI	sram_write_enable_cI	write_out.sram_write_enable_c0$_SDFF_PN1_/Q	sram_write_enable_c0
22	0.1642	write_out.sram_write_enable_aI	sram_write_enable_aI	write_out.sram_write_enable_a0$_SDFF_PN1_/Q	sram_write_enable_a0
23	0.1710	systolic.mul_outcome[I]	_I_	systolic.mul_outcome[162]$_SDFF_PN0_/Q	_85165_/D
24	0.2185	systolic_controll.cycle_num[I]	systolic.is_accum_reg[I]	systolic_controll.cycle_num[1]$_SDFF_PN0_/QN	systolic.is_accum_reg[6]$_SDFF_PP0_/D
25	0.2526	systolic_controll.state[I]	systolic.data_queue[I][J]	systolic_controll.state[3]$_DFF_P_/Q	systolic.data_queue[9][5]$_SDFFE_PN0P_/D
26	0.2535	systolic_controll.state[I]	systolic.weight_queue[I][J]	systolic_controll.state[3]$_DFF_P_/Q	systolic.weight_queue[4][3]$_SDFFE_PN0P_/D
27	0.3073	systolic_controll.state[I]	systolic.is_accum_reg[I]	systolic_controll.state[3]$_DFF_P_/Q	systolic.is_accum_reg[7]$_SDFF_PP0_/D
28	0.3078	systolic.matrix_mul_ID[J][K]	systolic.mul_outcome[I]	systolic.matrix_mul_2D[32][20]$_SDFFE_PN0P_/Q	systolic.mul_outcome[104]$_SDFF_PN0_/D
29	0.3129	systolic.is_reset_reg[I]	systolic.matrix_mul_ID[J][K]	systolic.is_reset_reg[31]$_SDFF_PN0_/Q	systolic.matrix_mul_2D[59][20]$_SDFFE_PN0P_/D
30	0.3184	systolic.is_accum_reg[I]	systolic.matrix_mul_ID[J][K]	systolic.is_accum_reg[7]$_SDFF_PP0_/Q	systolic.matrix_mul_2D[35][20]$_SDFFE_PN0P_/D
31	0.3314	srstn	_I_	srstn	_85045_/D
32	0.3348	srstn	systolic.data_queue[I][J]	srstn	systolic.data_queue[41][0]$_SDFFE_PN0P_/D
33	0.3355	srstn	write_out.sram_wdata_c[I]	srstn	write_out.sram_wdata_c[44]$_SDFF_PN0_/D
34	0.3501	data_set_d[I]	_I_	data_set_d[1]$_SDFF_PN0_/Q	_85140_/D
35	0.3513	srstn	systolic.mul_product_reg[I][J]	srstn	systolic.mul_product_reg[49][14]$_SDFF_PN0_/D
36	0.3550	srstn	systolic.matrix_mul_ID[J][K]	srstn	systolic.matrix_mul_2D[49][11]$_SDFFE_PN0P_/D
37	0.3553	systolic_controll.matrix_index[I]	systolic_controll.data_set[I]	systolic_controll.matrix_index[1]$_SDFF_PP0_/Q	systolic_controll.data_set[0]$_SDFFE_PN0P_/D
38	0.3556	systolic_controll.state[I]	systolic_controll.addr_serial_num[I]	systolic_controll.state[3]$_DFF_P_/Q	systolic_controll.addr_serial_num[1]$_SDFFE_PN0P_/D
39	0.3570	systolic_controll.matrix_index[I]	systolic_controll.state[I]	systolic_controll.matrix_index[1]$_SDFF_PP0_/Q	systolic_controll.state[3]$_DFF_P_/D
40	0.3571	systolic_controll.state[I]	systolic.is_reset_reg[I]	systolic_controll.state[3]$_DFF_P_/Q	systolic.is_reset_reg[2]$_SDFF_PN0_/D
41	0.3572	srstn	systolic.mul_outcome[I]	srstn	systolic.mul_outcome[72]$_SDFF_PN0_/D
42	0.3604	srstn	write_out.sram_wdata_a[I]	srstn	write_out.sram_wdata_a[66]$_SDFF_PN0_/D
43	0.3637	srstn	systolic.weight_queue[I][J]	srstn	systolic.weight_queue[46][6]$_SDFFE_PN0P_/D
44	0.3680	systolic_controll.cycle_num[I]	systolic.is_reset_reg[I]	systolic_controll.cycle_num[1]$_SDFF_PN0_/Q	systolic.is_reset_reg[0]$_SDFF_PN0_/D
45	0.3777	systolic_controll.matrix_index[I]	systolic_controll.tpu_done	systolic_controll.matrix_index[1]$_SDFF_PP0_/Q	systolic_controll.tpu_done$_SDFF_PN0_/D
46	0.3777	srstn	systolic_controll.addr_serial_num[I]	srstn	systolic_controll.addr_serial_num[3]$_SDFFE_PN0P_/D
47	0.3832	sram_write_enable_d	_I_	sram_write_enable_d$_SDFF_PN0_/Q	_85045_/D
48	0.3873	sram_write_enable_d	write_out.sram_wdata_c[I]	sram_write_enable_d$_SDFF_PN0_/Q	write_out.sram_wdata_c[44]$_SDFF_PN0_/D
49	0.3876	systolic_controll.matrix_index[I]	systolic_controll.matrix_index[I]	systolic_controll.matrix_index[1]$_SDFF_PP0_/Q	systolic_controll.matrix_index[2]$_SDFF_PP0_/D
50	0.3974	systolic_controll.state[I]	systolic_controll.tpu_done	systolic_controll.state[3]$_DFF_P_/Q	systolic_controll.tpu_done$_SDFF_PN0_/D
51	0.3985	systolic_controll.state[I]	systolic_controll.data_set[I]	systolic_controll.state[3]$_DFF_P_/Q	systolic_controll.data_set[1]$_SDFFE_PN0P_/D
52	0.3995	srstn	systolic.is_reset_reg[I]	srstn	systolic.is_reset_reg[5]$_SDFF_PN0_/D
53	0.3997	systolic_controll.state[I]	systolic_controll.cycle_num[I]	systolic_controll.state[3]$_DFF_P_/Q	systolic_controll.cycle_num[2]$_SDFF_PN0_/D
54	0.4121	sram_write_enable_d	write_out.sram_wdata_a[I]	sram_write_enable_d$_SDFF_PN0_/Q	write_out.sram_wdata_a[66]$_SDFF_PN0_/D
55	0.4149	srstn	systolic_controll.state[I]	srstn	systolic_controll.state[3]$_DFF_P_/D
56	0.4166	data_set_d[I]	write_out.sram_wdata_c[I]	data_set_d[1]$_SDFF_PN0_/Q	write_out.sram_wdata_c[44]$_SDFF_PN0_/D
57	0.4181	srstn	systolic.is_accum_reg[I]	srstn	systolic.is_accum_reg[7]$_SDFF_PP0_/D
58	0.4246	srstn	systolic_controll.matrix_index[I]	srstn	systolic_controll.matrix_index[2]$_SDFF_PP0_/D
59	0.4445	srstn	systolic_controll.tpu_done	srstn	systolic_controll.tpu_done$_SDFF_PN0_/D
60	0.4455	srstn	systolic_controll.data_set[I]	srstn	systolic_controll.data_set[1]$_SDFFE_PN0P_/D
61	0.4468	srstn	systolic_controll.cycle_num[I]	srstn	systolic_controll.cycle_num[2]$_SDFF_PN0_/D
62	0.4483	systolic_controll.cycle_num[I]	systolic_controll.data_set[I]	systolic_controll.cycle_num[6]$_SDFF_PN0_/Q	systolic_controll.data_set[0]$_SDFFE_PN0P_/D
63	0.4529	data_set_d[I]	write_out.sram_wdata_a[I]	data_set_d[0]$_SDFF_PN0_/Q	write_out.sram_wdata_a[66]$_SDFF_PN0_/D
64	0.4609	systolic_controll.addr_serial_num[I]	addr_sel.sram_raddr_wI[J]	systolic_controll.addr_serial_num[5]$_SDFFE_PN0P_/Q	addr_sel.sram_raddr_w1[5]$_SDFF_PN1_/D
65	0.4617	systolic_controll.addr_serial_num[I]	systolic_controll.addr_serial_num[I]	systolic_controll.addr_serial_num[1]$_SDFFE_PN0P_/Q	systolic_controll.addr_serial_num[5]$_SDFFE_PN0P_/D
66	0.4658	srstn	write_out.sram_waddr_c[I]	srstn	write_out.sram_waddr_c[3]$_SDFF_PN0_/D
67	0.4704	srstn	matrix_index_d[I]	srstn	matrix_index_d[5]$_SDFF_PN0_/D
68	0.4732	matrix_index_d[I]	write_out.sram_waddr_a[I]	matrix_index_d[1]$_SDFF_PN0_/Q	write_out.sram_waddr_a[1]$_SDFF_PN0_/D
69	0.4733	matrix_index_d[I]	write_out.sram_waddr_c[I]	matrix_index_d[1]$_SDFF_PN0_/Q	write_out.sram_waddr_c[1]$_SDFF_PN0_/D
70	0.4751	systolic_controll.state[I]	sram_write_enable_d	systolic_controll.state[3]$_DFF_P_/Q	sram_write_enable_d$_SDFF_PN0_/D
71	0.4781	srstn	write_out.sram_waddr_a[I]	srstn	write_out.sram_waddr_a[3]$_SDFF_PN0_/D
72	0.4802	srstn	data_set_d[I]	srstn	data_set_d[1]$_SDFF_PN0_/D
73	0.4838	systolic_controll.state[I]	systolic_controll.state[I]	systolic_controll.state[3]$_DFF_P_/Q	systolic_controll.state[0]$_DFF_P_/D
74	0.4855	tpu_start	systolic_controll.addr_serial_num[I]	tpu_start	systolic_controll.addr_serial_num[5]$_SDFFE_PN0P_/D
75	0.5077	srstn	write_out.sram_write_enable_aI	srstn	write_out.sram_write_enable_a0$_SDFF_PN1_/D
76	0.5092	systolic_controll.cycle_num[I]	systolic_controll.matrix_index[I]	systolic_controll.cycle_num[1]$_SDFF_PN0_/Q	systolic_controll.matrix_index[2]$_SDFF_PP0_/D
77	0.5175	sram_write_enable_d	write_out.sram_waddr_c[I]	sram_write_enable_d$_SDFF_PN0_/Q	write_out.sram_waddr_c[3]$_SDFF_PN0_/D
78	0.5201	srstn	tpu_done	srstn	tpu_done$_SDFF_PN0_/D
79	0.5272	srstn	write_out.sram_write_enable_cI	srstn	write_out.sram_write_enable_c0$_SDFF_PN1_/D
80	0.5287	systolic_controll.cycle_num[I]	sram_write_enable_d	systolic_controll.cycle_num[6]$_SDFF_PN0_/Q	sram_write_enable_d$_SDFF_PN0_/D
81	0.5298	sram_write_enable_d	write_out.sram_waddr_a[I]	sram_write_enable_d$_SDFF_PN0_/Q	write_out.sram_waddr_a[3]$_SDFF_PN0_/D
82	0.5415	systolic_controll.cycle_num[I]	systolic_controll.cycle_num[I]	systolic_controll.cycle_num[1]$_SDFF_PN0_/Q	systolic_controll.cycle_num[8]$_SDFF_PN0_/D
83	0.5469	data_set_d[I]	write_out.sram_waddr_c[I]	data_set_d[1]$_SDFF_PN0_/Q	write_out.sram_waddr_c[3]$_SDFF_PN0_/D
84	0.5595	sram_write_enable_d	write_out.sram_write_enable_aI	sram_write_enable_d$_SDFF_PN0_/Q	write_out.sram_write_enable_a0$_SDFF_PN1_/D
85	0.5706	data_set_d[I]	write_out.sram_waddr_a[I]	data_set_d[0]$_SDFF_PN0_/Q	write_out.sram_waddr_a[3]$_SDFF_PN0_/D
86	0.5814	data_set_d[I]	write_out.sram_write_enable_aI	data_set_d[1]$_SDFF_PN0_/Q	write_out.sram_write_enable_a0$_SDFF_PN1_/D
87	0.5832	systolic.data_queue[I][J]	systolic.data_queue[I][J]	systolic.data_queue[1][2]$_SDFFE_PN0P_/Q	systolic.data_queue[2][2]$_SDFFE_PN0P_/D
88	0.5840	srstn	sram_write_enable_d	srstn	sram_write_enable_d$_SDFF_PN0_/D
89	0.5877	data_set_d[I]	write_out.sram_write_enable_cI	data_set_d[1]$_SDFF_PN0_/Q	write_out.sram_write_enable_c0$_SDFF_PN1_/D
90	0.5886	sram_write_enable_d	write_out.sram_write_enable_cI	sram_write_enable_d$_SDFF_PN0_/Q	write_out.sram_write_enable_c0$_SDFF_PN1_/D
91	0.6029	systolic.weight_queue[I][J]	systolic.weight_queue[I][J]	systolic.weight_queue[8][1]$_SDFFE_PN0P_/Q	systolic.weight_queue[16][1]$_SDFFE_PN0P_/D
92	0.6484	systolic_controll.state[I]	systolic_controll.matrix_index[I]	systolic_controll.state[3]$_DFF_P_/QN	systolic_controll.matrix_index[2]$_SDFF_PP0_/D
93	0.6550	systolic_controll.data_set[I]	systolic_controll.data_set[I]	systolic_controll.data_set[0]$_SDFFE_PN0P_/Q	systolic_controll.data_set[1]$_SDFFE_PN0P_/D
94	0.6568	systolic_controll.data_set[I]	systolic_controll.state[I]	systolic_controll.data_set[0]$_SDFFE_PN0P_/Q	systolic_controll.state[3]$_DFF_P_/D
95	0.6614	sram_rdata_dI[J]	systolic.data_queue[I][J]	sram_rdata_d1[1]	systolic.data_queue[56][1]$_SDFFE_PN0P_/D
96	0.6775	systolic_controll.data_set[I]	systolic_controll.tpu_done	systolic_controll.data_set[0]$_SDFFE_PN0P_/Q	systolic_controll.tpu_done$_SDFF_PN0_/D
97	0.6879	sram_rdata_wI[J]	systolic.weight_queue[I][J]	sram_rdata_w1[0]	systolic.weight_queue[7][0]$_SDFFE_PN0P_/D
98	0.6952	systolic_controll.matrix_index[I]	matrix_index_d[I]	systolic_controll.matrix_index[4]$_SDFF_PP0_/Q	matrix_index_d[4]$_SDFF_PN0_/D
99	0.7089	tpu_start	systolic_controll.state[I]	tpu_start	systolic_controll.state[0]$_DFF_P_/D
100	0.7557	systolic_controll.data_set[I]	data_set_d[I]	systolic_controll.data_set[0]$_SDFFE_PN0P_/Q	data_set_d[0]$_SDFF_PN0_/D
