# stage	6_final
# top_module	jpeg_encoder
# top_n	100
# kind	blocks
# include_full	1
# rank	worst_slack_ns	start	end	start_full	end_full
1	-0.3412	fdct_zigzag.dct_mod.dct_block_I.ddin_r[J]	fdct_zigzag.dct_mod.dct_block_I.dct_unit_J.macu.mult_res[K]	fdct_zigzag.dct_mod.dct_block_5.ddin_r[3]$_DFFE_PP_/Q	fdct_zigzag.dct_mod.dct_block_6.dct_unit_0.macu.mult_res[18]$_DFFE_PP_/D
2	-0.2814	fdct_zigzag.dct_mod.dct_block_I.dct_unit_J.coef[K]	fdct_zigzag.dct_mod.dct_block_I.dct_unit_J.macu.mult_res[K]	fdct_zigzag.dct_mod.dct_block_2.dct_unit_5.coef[28]$_DFFE_PP_/Q	fdct_zigzag.dct_mod.dct_block_2.dct_unit_5.macu.mult_res[17]$_DFFE_PP_/D
3	0.0020	fdct_zigzag.dct_mod.dct_block_I.dct_unit_J.macu.mult_res[K]	fdct_zigzag.dct_mod.dct_block_I.dct_unit_J.macu.result[K]	fdct_zigzag.dct_mod.dct_block_7.dct_unit_7.macu.mult_res[0]$_DFFE_PP_/Q	fdct_zigzag.dct_mod.dct_block_7.dct_unit_7.macu.result[20]$_DFFE_PP_/D
4	0.0032	fdct_zigzag.dct_mod.dct_block_I.dct_unit_J.macu.result[K]	fdct_zigzag.dct_mod.dct_block_I.dct_unit_J.macu.result[K]	fdct_zigzag.dct_mod.dct_block_7.dct_unit_7.macu.result[0]$_DFFE_PP_/Q	fdct_zigzag.dct_mod.dct_block_7.dct_unit_7.macu.result[20]$_DFFE_PP_/D
5	0.0534	qnr.qnt_cnt[I]	qnt_cnt[I]	qnr.qnt_cnt[1]$_DFFE_PN0P_/Q	qnt_cnt[1]
6	0.0545	rle.rzI.deno	douten	rle.rz4.deno$_DFFE_PN0P_/Q	douten
7	0.0659	fdct_zigzag.dct_mod.dct_block_I.x_r[J]	fdct_zigzag.dct_mod.dct_block_I.dct_unit_J.coef[K]	fdct_zigzag.dct_mod.dct_block_5.x_r[1]$_DFFE_PP_/Q	fdct_zigzag.dct_mod.dct_block_6.dct_unit_5.coef[23]$_DFFE_PP_/D
8	0.0729	qnr.divider.divider.d_pipe[I][J]	qnr.divider.divider.s_pipe[I][J]	qnr.divider.divider.d_pipe[2][12]$_DFFE_PP_/QN	qnr.divider.divider.s_pipe[3][24]$_DFFE_PP_/D
9	0.0735	rle.rzI.ampo[J]	amp[I]	rle.rz4.ampo[2]$_DFFE_PP_/Q	amp[2]
10	0.0749	rle.rzI.rleno[J]	rlen[I]	rle.rz4.rleno[0]$_DFFE_PP_/Q	rlen[0]
11	0.0752	rle.rzI.sizeo[J]	size[I]	rle.rz4.sizeo[1]$_DFFE_PP_/Q	size[1]
12	0.0878	qnr.rq[I]	rle.rle.size[I]	qnr.rq[1]$_DFFE_PP_/QN	rle.rle.size[0]$_DFFE_PN0P_/D
13	0.0885	qnr.divider.divider.s_pipe[I][J]	qnr.divider.divider.s_pipe[I][J]	qnr.divider.divider.s_pipe[2][24]$_DFFE_PP_/Q	qnr.divider.divider.s_pipe[3][24]$_DFFE_PP_/D
14	0.1240	fdct_zigzag.dct_mod.dct_block_I.y_r[J]	fdct_zigzag.dct_mod.dct_block_I.dct_unit_J.coef[K]	fdct_zigzag.dct_mod.dct_block_5.y_r[1]$_DFFE_PP_/Q	fdct_zigzag.dct_mod.dct_block_1.dct_unit_4.coef[10]$_DFFE_PP_/D
15	0.1571	qnr.divider.q[I]	qnr.rq[I]	qnr.divider.q[12]$_SDFFCE_PN0P_/Q	qnr.rq[8]$_DFFE_PP_/D
16	0.1779	fdct_zigzag.dct_mod.dct_block_I.ddgo_r	fdct_zigzag.dct_mod.dct_block_I.dct_unit_J.macu.result[K]	fdct_zigzag.dct_mod.dct_block_5.ddgo_r$_DFFE_PP_/Q	fdct_zigzag.dct_mod.dct_block_3.dct_unit_6.macu.result[0]$_DFFE_PP_/D
17	0.2110	fdct_zigzag.zigzag_mod.ld_zigzag	fdct_zigzag.zigzag_mod.sresult[I][J]	fdct_zigzag.zigzag_mod.ld_zigzag$_DFFE_PP_/Q	fdct_zigzag.zigzag_mod.sresult[47][8]$_DFFE_PP_/D
18	0.2185	qnr.divider.id[I]	qnr.divider.divider.s_pipe[I][J]	qnr.divider.id[0]$_DFFE_PP_/Q	qnr.divider.divider.s_pipe[1][22]$_DFFE_PP_/D
19	0.2397	qnr.divider.q[I]	qnr.rq[I]	qnr.divider.q[0]$_DFFE_PP_/Q	qnr.rq[7]$_DFFE_PP_/D
20	0.2488	qnr.divider.iz[I]	qnr.divider.divider.s_pipe[I][J]	qnr.divider.iz[11]$_SDFFCE_PN0P_/QN	qnr.divider.divider.s_pipe[1][22]$_DFFE_PP_/D
21	0.2850	fdct_zigzag.zigzag_mod.ld_zigzag	qnr.dep[I]	fdct_zigzag.zigzag_mod.ld_zigzag$_DFFE_PP_/Q	qnr.dep[0]$_DFFE_PN0P_/D
22	0.2860	qnr.rq[I]	rle.rle.zero_cnt[I]	qnr.rq[1]$_DFFE_PP_/QN	rle.rle.zero_cnt[3]$_SDFFCE_PP0P_/D
23	0.3089	qnr.rq[I]	rle.rle.amp[I]	qnr.rq[1]$_DFFE_PP_/QN	rle.rle.amp[10]$_SDFFCE_PN0P_/D
24	0.3112	qnr.rq[I]	rle.rle.amp[I]	qnr.rq[3]$_DFFE_PP_/QN	rle.rle.amp[7]$_DFFE_PP_/D
25	0.3234	qnr.rq[I]	rle.rle.rlen[I]	qnr.rq[1]$_DFFE_PP_/QN	rle.rle.rlen[2]$_DFFE_PN0P_/D
26	0.3273	ena	fdct_zigzag.dct_mod.dct_block_I.dct_unit_J.macu.mult_res[K]	ena	fdct_zigzag.dct_mod.dct_block_7.dct_unit_0.macu.mult_res[12]$_DFFE_PP_/D
27	0.3286	ena	fdct_zigzag.zigzag_mod.sresult[I][J]	ena	fdct_zigzag.zigzag_mod.sresult[34][4]$_DFFE_PP_/D
28	0.3296	ena	fdct_zigzag.dct_mod.dct_block_I.dct_unit_J.macu.result[K]	ena	fdct_zigzag.dct_mod.dct_block_7.dct_unit_0.macu.result[12]$_DFFE_PP_/D
29	0.3335	qnr.rq[I]	rle.rle.den	qnr.rq[1]$_DFFE_PP_/QN	rle.rle.den$_DFFE_PN0P_/D
30	0.3347	qnr.divider.divider.q[I]	qnr.divider.q[I]	qnr.divider.divider.q[3]$_DFFE_PP_/QN	qnr.divider.q[11]$_DFFE_PP_/D
31	0.3360	ena	rle.rle.size[I]	ena	rle.rle.size[1]$_DFFE_PN0P_/D
32	0.3367	ena	fdct_zigzag.dct_mod.dct_block_I.ddin_r[J]	ena	fdct_zigzag.dct_mod.dct_block_5.ddin_r[6]$_DFFE_PP_/D
33	0.3526	ena	qnr.dep[I]	ena	qnr.dep[6]$_DFFE_PN0P_/D
34	0.3536	ena	qnr.divider.divider.s_pipe[I][J]	ena	qnr.divider.divider.s_pipe[1][1]$_DFFE_PP_/D
35	0.3538	ena	dfdct_dout[I]	ena	dfdct_dout[3]$_DFFE_PP_/D
36	0.3544	ena	qnr.divider.iz[I]	ena	qnr.divider.iz[0]$_DFFE_PP_/D
37	0.3562	ena	rle.rzI.amp[J]	ena	rle.rz4.amp[2]$_DFFE_PP_/D
38	0.3563	ena	fdct_zigzag.dct_mod.dct_block_I.dct_unit_J.coef[K]	ena	fdct_zigzag.dct_mod.dct_block_1.dct_unit_7.coef[26]$_DFFE_PP_/D
39	0.3586	ena	rle.rzI.size[J]	ena	rle.rz4.size[1]$_DFFE_PP_/D
40	0.3593	ena	rle.rzI.den	ena	rle.rz4.den$_DFFE_PN0P_/D
41	0.3606	ena	rle.rzI.sizeo[J]	ena	rle.rz1.sizeo[0]$_DFFE_PP_/D
42	0.3636	ena	rle.rzI.rleno[J]	ena	rle.rz3.rleno[0]$_DFFE_PP_/D
43	0.3643	ena	rle.rzI.deno	ena	rle.rz4.deno$_DFFE_PN0P_/D
44	0.3668	ena	fdct_zigzag.dct_mod.dct_block_I.ddgo_r	ena	fdct_zigzag.dct_mod.dct_block_5.ddgo_r$_DFFE_PP_/D
45	0.3672	ena	rle.rzI.rlen[J]	ena	rle.rz2.rlen[3]$_DFFE_PP_/D
46	0.3673	ena	qnr.qnt_cnt[I]	ena	qnr.qnt_cnt[3]$_DFFE_PN0P_/D
47	0.3682	fdct_zigzag.dct_mod.sample_cnt[I]	fdct_zigzag.dct_mod.sample_cnt[I]	fdct_zigzag.dct_mod.sample_cnt[0]$_DFFE_PN0P_/Q	fdct_zigzag.dct_mod.sample_cnt[1]$_DFFE_PN0P_/D
48	0.3691	ena	fdct_zigzag.dct_mod.ddin[I]	ena	fdct_zigzag.dct_mod.ddin[4]$_DFFE_PN0P_/D
49	0.3703	dfdct_dout[I]	qnr.divider.iz[I]	dfdct_dout[3]$_DFFE_PP_/QN	qnr.divider.iz[21]$_SDFFCE_PN0P_/D
50	0.3728	ena	rle.rzI.state	ena	rle.rz2.state$_DFFE_PN0P_/D
51	0.3765	dfdct_dout[I]	qnr.divider.iz[I]	dfdct_dout[3]$_DFFE_PP_/QN	qnr.divider.iz[10]$_DFFE_PP_/D
52	0.3767	ena	fdct_zigzag.dct_mod.sample_cnt[I]	ena	fdct_zigzag.dct_mod.sample_cnt[4]$_DFFE_PN0P_/D
53	0.3778	ena	qnr.divider.divider.q_pipe[I][J]	ena	qnr.divider.divider.q_pipe[6][0]$_DFFE_PP_/D
54	0.3788	ena	dqnr_doe	ena	dqnr_doe$_DFFE_PP_/D
55	0.3795	ena	fdct_zigzag.zigzag_mod.ld_zigzag	ena	fdct_zigzag.zigzag_mod.ld_zigzag$_DFFE_PP_/D
56	0.3807	ena	rle.rle.amp[I]	ena	rle.rle.amp[9]$_DFFE_PP_/D
57	0.3811	ena	fdct_zigzag.dct_mod.ddgo	ena	fdct_zigzag.dct_mod.ddgo$_DFFE_PN0P_/D
58	0.3813	ena	rle.rle.amp[I]	ena	rle.rle.amp[10]$_SDFFCE_PN0P_/D
59	0.3816	ena	fdct_zigzag.dct_mod.dgo	ena	fdct_zigzag.dct_mod.dgo$_DFFE_PN0P_/D
60	0.3818	ena	fdct_zigzag.dct_mod.dddcnt	ena	fdct_zigzag.dct_mod.dddcnt$_DFFE_PN1P_/D
61	0.3820	ena	fdct_zigzag.dct_mod.ddddcnt	ena	fdct_zigzag.dct_mod.ddddcnt$_DFFE_PN1P_/D
62	0.3895	ena	qnr.divider.divider.q[I]	ena	qnr.divider.divider.q[11]$_DFFE_PP_/D
63	0.3900	ena	qnr.divider.divider.d_pipe[I][J]	ena	qnr.divider.divider.d_pipe[9][14]$_DFFE_PP_/D
64	0.3926	ena	fdct_zigzag.dct_mod.douten	ena	fdct_zigzag.dct_mod.douten$_DFFE_PN0P_/D
65	0.3950	ena	qnr.rq[I]	ena	qnr.rq[11]$_DFFE_PP_/D
66	0.3969	rle.rle.size[I]	rle.rzI.den	rle.rle.size[1]$_DFFE_PN0P_/Q	rle.rz1.den$_DFFE_PN0P_/D
67	0.3991	ena	fdct_zigzag.dct_mod.dct_block_I.x_r[J]	ena	fdct_zigzag.dct_mod.dct_block_5.x_r[2]$_DFFE_PP_/D
68	0.4016	rle.rle.size[I]	rle.rzI.deno	rle.rle.size[1]$_DFFE_PN0P_/Q	rle.rz1.deno$_DFFE_PN0P_/D
69	0.4027	ena	rle.rle.sample_cnt[I]	ena	rle.rle.sample_cnt[5]$_SDFFCE_PP0P_/D
70	0.4058	ena	qnr.divider.q[I]	ena	qnr.divider.q[10]$_DFFE_PP_/D
71	0.4062	ena	qnr.divider.spipe[I]	ena	qnr.divider.spipe[2]$_DFFE_PP_/D
72	0.4136	fdct_zigzag.zigzag_mod.ld_zigzag	fdct_zigzag.zigzag_mod.ld_zigzag	fdct_zigzag.zigzag_mod.ld_zigzag$_DFFE_PP_/Q	fdct_zigzag.zigzag_mod.ld_zigzag$_DFFE_PP_/D
73	0.4170	ena	qnr.divider.q[I]	ena	qnr.divider.q[12]$_SDFFCE_PN0P_/D
74	0.4180	ena	fdct_zigzag.dct_mod.go	ena	fdct_zigzag.dct_mod.go$_DFFE_PN0P_/D
75	0.4190	ena	fdct_zigzag.dct_mod.dct_block_I.y_r[J]	ena	fdct_zigzag.dct_mod.dct_block_5.y_r[0]$_DFFE_PP_/D
76	0.4207	fdct_zigzag.dct_mod.sample_cnt[I]	fdct_zigzag.dct_mod.ddcnt	fdct_zigzag.dct_mod.sample_cnt[0]$_DFFE_PN0P_/Q	fdct_zigzag.dct_mod.ddcnt$_DFFE_PN1P_/D
77	0.4214	rle.rle.size[I]	rle.rzI.state	rle.rle.size[1]$_DFFE_PN0P_/Q	rle.rz1.state$_DFFE_PN0P_/D
78	0.4239	ena	qnr.divider.id[I]	ena	qnr.divider.id[7]$_DFFE_PP_/D
79	0.4250	ena	rle.rzI.dco	ena	rle.rz1.dco$_DFFE_PP_/D
80	0.4256	ena	rle.rzI.dc	ena	rle.rz2.dc$_DFFE_PP_/D
81	0.4270	ena	rle.rzI.ampo[J]	ena	rle.rz1.ampo[10]$_DFFE_PP_/D
82	0.4295	rle.rzI.sizeo[J]	rle.rzI.den	rle.rz1.sizeo[1]$_DFFE_PP_/Q	rle.rz2.den$_DFFE_PN0P_/D
83	0.4308	ena	rle.rle.rlen[I]	ena	rle.rle.rlen[2]$_DFFE_PN0P_/D
84	0.4331	rle.rzI.sizeo[J]	rle.rzI.deno	rle.rz1.sizeo[1]$_DFFE_PP_/Q	rle.rz2.deno$_DFFE_PN0P_/D
85	0.4338	fdct_zigzag.zigzag_mod.ld_zigzag	qnr.qnt_cnt[I]	fdct_zigzag.zigzag_mod.ld_zigzag$_DFFE_PP_/Q	qnr.qnt_cnt[0]$_DFFE_PN0P_/D
86	0.4352	fdct_zigzag.dct_mod.dct_block_I.ddin_r[J]	fdct_zigzag.dct_mod.dct_block_I.ddin_r[J]	fdct_zigzag.dct_mod.dct_block_5.ddin_r[1]$_DFFE_PP_/Q	fdct_zigzag.dct_mod.dct_block_5.ddin_r[1]$_DFFE_PP_/D
87	0.4358	qnr.divider.divider.q[I]	qnr.divider.q[I]	qnr.divider.divider.q[3]$_DFFE_PP_/QN	qnr.divider.q[12]$_SDFFCE_PN0P_/D
88	0.4377	rle.rle.rlen[I]	rle.rzI.den	rle.rle.rlen[1]$_DFFE_PN0P_/Q	rle.rz1.den$_DFFE_PN0P_/D
89	0.4426	ena	rle.rle.zero_cnt[I]	ena	rle.rle.zero_cnt[3]$_SDFFCE_PP0P_/D
90	0.4489	ena	fdct_zigzag.dct_mod.ddcnt	ena	fdct_zigzag.dct_mod.ddcnt$_DFFE_PN1P_/D
91	0.4534	rle.rzI.sizeo[J]	rle.rzI.state	rle.rz1.sizeo[1]$_DFFE_PP_/Q	rle.rz2.state$_DFFE_PN0P_/D
92	0.4560	rle.rle.rlen[I]	rle.rzI.deno	rle.rle.rlen[1]$_DFFE_PN0P_/Q	rle.rz1.deno$_DFFE_PN0P_/D
93	0.4573	rle.rzI.rleno[J]	rle.rzI.deno	rle.rz3.rleno[1]$_DFFE_PP_/Q	rle.rz4.deno$_DFFE_PN0P_/D
94	0.4600	ena	qnr.divider.iz[I]	ena	qnr.divider.iz[20]$_SDFFCE_PN0P_/D
95	0.4604	rst	fdct_zigzag.dct_mod.sample_cnt[I]	rst	fdct_zigzag.dct_mod.sample_cnt[1]$_DFFE_PN0P_/RN
96	0.4616	fdct_zigzag.dct_mod.dct_block_I.dct_unit_J.macu.mult_res[K]	fdct_zigzag.dct_mod.dct_block_I.dct_unit_J.macu.mult_res[K]	fdct_zigzag.dct_mod.dct_block_7.dct_unit_3.macu.mult_res[18]$_DFFE_PP_/Q	fdct_zigzag.dct_mod.dct_block_7.dct_unit_3.macu.mult_res[18]$_DFFE_PP_/D
97	0.4618	fdct_zigzag.dct_mod.dct_block_I.x_r[J]	fdct_zigzag.dct_mod.dct_block_I.x_r[J]	fdct_zigzag.dct_mod.dct_block_5.x_r[2]$_DFFE_PP_/Q	fdct_zigzag.dct_mod.dct_block_5.x_r[2]$_DFFE_PP_/D
98	0.4620	rle.rle.sample_cnt[I]	rle.rle.rlen[I]	rle.rle.sample_cnt[0]$_SDFFCE_PP1P_/Q	rle.rle.rlen[2]$_DFFE_PN0P_/D
99	0.4623	rle.rle.rlen[I]	rle.rzI.state	rle.rle.rlen[1]$_DFFE_PN0P_/Q	rle.rz1.state$_DFFE_PN0P_/D
100	0.4639	fdct_zigzag.dct_mod.dct_block_I.ddgo_r	fdct_zigzag.dct_mod.dct_block_I.ddgo_r	fdct_zigzag.dct_mod.dct_block_5.ddgo_r$_DFFE_PP_/Q	fdct_zigzag.dct_mod.dct_block_5.ddgo_r$_DFFE_PP_/D
