# stage	6_final
# top_module	jpeg_encoder
# top_n	100
# kind	blocks
# include_full	1
# rank	worst_slack_ns	start	end	start_full	end_full
1	-0.1777	fdct_zigzag.dct_mod.dct_block_I.dct_unit_J.macu.pl[K]	fdct_zigzag.dct_mod.dct_block_I.dct_unit_J.macu.result[K]	fdct_zigzag.dct_mod.dct_block_7.dct_unit_0.macu.pl[5]$_DFFE_PP_/Q	fdct_zigzag.dct_mod.dct_block_7.dct_unit_0.macu.result[21]$_DFFE_PP_/D
2	-0.1725	fdct_zigzag.dct_mod.dct_block_I.dct_unit_J.macu.ph[K]	fdct_zigzag.dct_mod.dct_block_I.dct_unit_J.macu.result[K]	fdct_zigzag.dct_mod.dct_block_7.dct_unit_0.macu.ph[1]$_DFFE_PP_/Q	fdct_zigzag.dct_mod.dct_block_7.dct_unit_0.macu.result[21]$_DFFE_PP_/D
3	-0.0468	fdct_zigzag.dct_mod.sample_cnt[I]	fdct_zigzag.dct_mod.dct_block_I.dct_unit_J.neg_coef[K]	fdct_zigzag.dct_mod.sample_cnt[2]$_DFFE_PN0P_/Q	fdct_zigzag.dct_mod.dct_block_5.dct_unit_1.neg_coef[9]$_DFFE_PP_/D
4	-0.0256	fdct_zigzag.dct_mod.ddin[I]	fdct_zigzag.dct_mod.dct_block_I.dct_unit_J.macu.ppK[L]	fdct_zigzag.dct_mod.ddin[1]$_DFFE_PN0P_/Q	fdct_zigzag.dct_mod.dct_block_6.dct_unit_5.macu.pp0[12]$_DFFE_PP_/D
5	0.0082	qnr.qnt_cnt[I]	qnt_cnt[I]	qnr.qnt_cnt[1]$_DFFE_PN0P_/Q	qnt_cnt[1]
6	0.0310	rle.rzI.ampo[J]	amp[I]	rle.rz4.ampo[3]$_DFFE_PP_/Q	amp[3]
7	0.0346	rle.rzI.sizeo[J]	size[I]	rle.rz4.sizeo[3]$_DFFE_PP_/Q	size[3]
8	0.0355	rle.rzI.deno	douten	rle.rz4.deno$_DFFE_PN0P_/Q	douten
9	0.0409	fdct_zigzag.dct_mod.sample_cnt[I]	fdct_zigzag.dct_mod.sample_cnt[I]	fdct_zigzag.dct_mod.sample_cnt[5]$_DFFE_PN0P_/Q	fdct_zigzag.dct_mod.sample_cnt[5]$_DFFE_PN0P_/D
10	0.0510	fdct_zigzag.dct_mod.dct_block_I.dct_unit_J.coef[K]	fdct_zigzag.dct_mod.dct_block_I.dct_unit_J.macu.ppK[L]	fdct_zigzag.dct_mod.dct_block_3.dct_unit_2.coef[6]$_DFFE_PP_/Q	fdct_zigzag.dct_mod.dct_block_5.dct_unit_2.macu.pp2[12]$_DFFE_PP_/D
11	0.0511	fdct_zigzag.dct_mod.dct_block_I.dct_unit_J.macu.result[K]	fdct_zigzag.dct_mod.dct_block_I.dct_unit_J.macu.result[K]	fdct_zigzag.dct_mod.dct_block_1.dct_unit_1.macu.result[0]$_DFFE_PP_/Q	fdct_zigzag.dct_mod.dct_block_1.dct_unit_1.macu.result[16]$_DFFE_PP_/D
12	0.0526	rle.rzI.rleno[J]	rlen[I]	rle.rz4.rleno[1]$_DFFE_PP_/Q	rlen[1]
13	0.0706	fdct_zigzag.dct_mod.sample_cnt[I]	fdct_zigzag.dct_mod.dct_block_I.dct_unit_J.coef[K]	fdct_zigzag.dct_mod.sample_cnt[1]$_DFFE_PN0P_/Q	fdct_zigzag.dct_mod.dct_block_5.dct_unit_5.coef[9]$_DFFE_PP_/D
14	0.0936	qnr.divider.divider.s_pipe[I][J]	qnr.divider.divider.s_pipe[I][J]	qnr.divider.divider.s_pipe[1][24]$_DFFE_PP_/Q	qnr.divider.divider.s_pipe[2][24]$_DFFE_PP_/D
15	0.0995	qnr.divider.divider.d_pipe[I][J]	qnr.divider.divider.s_pipe[I][J]	qnr.divider.divider.d_pipe[5][12]$_DFFE_PP_/QN	qnr.divider.divider.s_pipe[6][24]$_DFFE_PP_/D
16	0.1500	fdct_zigzag.dct_mod.dct_block_I.dct_unit_J.macu.ppK[L]	fdct_zigzag.dct_mod.dct_block_I.dct_unit_J.macu.pl[K]	fdct_zigzag.dct_mod.dct_block_4.dct_unit_4.macu.pp0[7]$_DFFE_PP_/Q	fdct_zigzag.dct_mod.dct_block_4.dct_unit_4.macu.pl[14]$_DFFE_PP_/D
17	0.1563	fdct_zigzag.dct_mod.dct_block_I.dct_unit_J.macu.dclr_dK	fdct_zigzag.dct_mod.dct_block_I.dct_unit_J.macu.result[K]	fdct_zigzag.dct_mod.dct_block_5.dct_unit_3.macu.dclr_d2$_DFFE_PP_/Q	fdct_zigzag.dct_mod.dct_block_3.dct_unit_6.macu.result[21]$_DFFE_PP_/D
18	0.1721	fdct_zigzag.dct_mod.dct_block_I.dct_unit_J.macu.ppK[L]	fdct_zigzag.dct_mod.dct_block_I.dct_unit_J.macu.ph[K]	fdct_zigzag.dct_mod.dct_block_4.dct_unit_4.macu.pp2[7]$_DFFE_PP_/Q	fdct_zigzag.dct_mod.dct_block_4.dct_unit_4.macu.ph[13]$_DFFE_PP_/D
19	0.1750	fdct_zigzag.dct_mod.dct_block_I.dct_unit_J.macu.ppK[L]	fdct_zigzag.dct_mod.dct_block_I.dct_unit_J.macu.ph[K]	fdct_zigzag.dct_mod.dct_block_4.dct_unit_4.macu.pp3[7]$_SDFFCE_PN0P_/Q	fdct_zigzag.dct_mod.dct_block_4.dct_unit_4.macu.ph[13]$_DFFE_PP_/D
20	0.1824	qnr.divider.q[I]	qnr.rq[I]	qnr.divider.q[12]$_SDFFCE_PN0P_/Q	qnr.rq[11]$_DFFE_PP_/D
21	0.1947	qnr.rq[I]	rle.rle.size[I]	qnr.rq[1]$_DFFE_PP_/QN	rle.rle.size[0]$_DFFE_PN0P_/D
22	0.2021	qnr.divider.q[I]	qnr.rq[I]	qnr.divider.q[0]$_DFFE_PP_/Q	qnr.rq[10]$_DFFE_PP_/D
23	0.2337	qnr.divider.id[I]	qnr.divider.divider.s_pipe[I][J]	qnr.divider.id[0]$_DFFE_PP_/Q	qnr.divider.divider.s_pipe[1][22]$_DFFE_PP_/D
24	0.2542	fdct_zigzag.zigzag_mod.ld_zigzagI	fdct_zigzag.zigzag_mod.sresult[I][J]	fdct_zigzag.zigzag_mod.ld_zigzag2$_DFFE_PP_/Q	fdct_zigzag.zigzag_mod.sresult[51][8]$_DFFE_PP_/D
25	0.2619	qnr.divider.iz[I]	qnr.divider.divider.s_pipe[I][J]	qnr.divider.iz[13]$_SDFFCE_PN0P_/Q	qnr.divider.divider.s_pipe[1][23]$_DFFE_PP_/D
26	0.2671	fdct_zigzag.dct_mod.sample_cnt[I]	fdct_zigzag.dct_mod.ddcnt	fdct_zigzag.dct_mod.sample_cnt[3]$_DFFE_PN0P_/Q	fdct_zigzag.dct_mod.ddcnt$_DFFE_PN1P_/D
27	0.2692	fdct_zigzag.dct_mod.ddin[I]	fdct_zigzag.dct_mod.dct_block_I.dct_unit_J.macu.ppK[L]	fdct_zigzag.dct_mod.ddin[7]$_DFFE_PN0P_/Q	fdct_zigzag.dct_mod.dct_block_0.dct_unit_6.macu.pp3[7]$_SDFFCE_PN0P_/D
28	0.2743	qnr.rq[I]	rle.rle.amp[I]	qnr.rq[1]$_DFFE_PP_/QN	rle.rle.amp[8]$_DFFE_PP_/D
29	0.2949	qnr.rq[I]	rle.rle.rlen[I]	qnr.rq[1]$_DFFE_PP_/QN	rle.rle.rlen[3]$_DFFE_PN0P_/D
30	0.2950	qnr.rq[I]	rle.rle.amp[I]	qnr.rq[1]$_DFFE_PP_/QN	rle.rle.amp[10]$_SDFFCE_PN0P_/D
31	0.3210	ena	fdct_zigzag.dct_mod.dct_block_I.dct_unit_J.macu.ppK[L]	ena	fdct_zigzag.dct_mod.dct_block_3.dct_unit_7.macu.pp3[11]$_SDFFCE_PN0P_/D
32	0.3219	ena	fdct_zigzag.dct_mod.dct_block_I.dct_unit_J.coef[K]	ena	fdct_zigzag.dct_mod.dct_block_4.dct_unit_7.coef[8]$_DFFE_PP_/D
33	0.3244	ena	fdct_zigzag.dct_mod.sample_cnt[I]	ena	fdct_zigzag.dct_mod.sample_cnt[5]$_DFFE_PN0P_/D
34	0.3264	ena	fdct_zigzag.dct_mod.dct_block_I.dct_unit_J.macu.result[K]	ena	fdct_zigzag.dct_mod.dct_block_2.dct_unit_7.macu.result[21]$_DFFE_PP_/D
35	0.3291	qnr.rq[I]	rle.rle.zero_cnt[I]	qnr.rq[1]$_DFFE_PP_/QN	rle.rle.zero_cnt[2]$_SDFFCE_PP0P_/D
36	0.3302	ena	fdct_zigzag.dct_mod.dct_block_I.dct_unit_J.neg_coef[K]	ena	fdct_zigzag.dct_mod.dct_block_4.dct_unit_7.neg_coef[8]$_DFFE_PP_/D
37	0.3319	qnr.rq[I]	rle.rle.den	qnr.rq[1]$_DFFE_PP_/QN	rle.rle.den$_DFFE_PN0P_/D
38	0.3368	ena	fdct_zigzag.dct_mod.dct_block_I.dct_unit_J.macu.ppK[L]	ena	fdct_zigzag.dct_mod.dct_block_6.dct_unit_7.macu.pp0[11]$_DFFE_PP_/D
39	0.3386	ena	fdct_zigzag.dct_mod.dct_block_I.dct_unit_J.macu.pl[K]	ena	fdct_zigzag.dct_mod.dct_block_6.dct_unit_7.macu.pl[9]$_DFFE_PP_/D
40	0.3394	ena	fdct_zigzag.zigzag_mod.sresult[I][J]	ena	fdct_zigzag.zigzag_mod.sresult[0][6]$_DFFE_PP_/D
41	0.3464	ena	fdct_zigzag.dct_mod.dct_block_I.dct_unit_J.macu.ph[K]	ena	fdct_zigzag.dct_mod.dct_block_2.dct_unit_7.macu.ph[12]$_DFFE_PP_/D
42	0.3534	ena	qnr.divider.divider.d_pipe[I][J]	ena	qnr.divider.divider.d_pipe[11][16]$_DFFE_PP_/D
43	0.3540	ena	qnr.divider.divider.s_pipe[I][J]	ena	qnr.divider.divider.s_pipe[11][24]$_DFFE_PP_/D
44	0.3594	fdct_zigzag.zigzag_mod.ld_zigzagI	qnr.dep[I]	fdct_zigzag.zigzag_mod.ld_zigzag2$_DFFE_PP_/Q	qnr.dep[0]$_DFFE_PN0P_/D
45	0.3605	qnr.divider.divider.q[I]	qnr.divider.q[I]	qnr.divider.divider.q[3]$_DFFE_PP_/QN	qnr.divider.q[11]$_DFFE_PP_/D
46	0.3666	ena	qnr.divider.divider.q_pipe[I][J]	ena	qnr.divider.divider.q_pipe[10][5]$_DFFE_PP_/D
47	0.3671	ena	qnr.rq[I]	ena	qnr.rq[9]$_DFFE_PP_/D
48	0.3708	ena	rle.rzI.amp[J]	ena	rle.rz2.amp[10]$_DFFE_PP_/D
49	0.3712	dstrb	fdct_zigzag.dct_mod.sample_cnt[I]	dstrb	fdct_zigzag.dct_mod.sample_cnt[5]$_DFFE_PN0P_/D
50	0.3713	dfdct_dout[I]	qnr.divider.iz[I]	dfdct_dout[3]$_DFFE_PP_/QN	qnr.divider.iz[10]$_DFFE_PP_/D
51	0.3713	ena	rle.rzI.rlen[J]	ena	rle.rz2.rlen[0]$_DFFE_PP_/D
52	0.3717	ena	rle.rzI.size[J]	ena	rle.rz2.size[0]$_DFFE_PP_/D
53	0.3733	ena	rle.rle.sample_cnt[I]	ena	rle.rle.sample_cnt[4]$_SDFFCE_PP0P_/D
54	0.3743	ena	dfdct_dout[I]	ena	dfdct_dout[0]$_DFFE_PP_/D
55	0.3747	ena	qnr.divider.spipe[I]	ena	qnr.divider.spipe[1]$_DFFE_PP_/D
56	0.3749	ena	qnr.divider.iz[I]	ena	qnr.divider.iz[1]$_DFFE_PP_/D
57	0.3770	ena	rle.rle.amp[I]	ena	rle.rle.amp[4]$_DFFE_PP_/D
58	0.3770	ena	rle.rzI.ampo[J]	ena	rle.rz1.ampo[4]$_DFFE_PP_/D
59	0.3777	ena	qnr.divider.divider.q[I]	ena	qnr.divider.divider.q[6]$_DFFE_PP_/D
60	0.3792	ena	rle.rle.dcterm	ena	rle.rle.dcterm$_DFFE_PN0P_/D
61	0.3794	ena	qnr.dep[I]	ena	qnr.dep[8]$_DFFE_PN0P_/D
62	0.3797	ena	rle.rle.rlen[I]	ena	rle.rle.rlen[3]$_DFFE_PN0P_/D
63	0.3817	dfdct_dout[I]	qnr.divider.iz[I]	dfdct_dout[3]$_DFFE_PP_/QN	qnr.divider.iz[13]$_SDFFCE_PN0P_/D
64	0.3825	fdct_zigzag.zigzag_mod.ld_zigzagI	qnr.qnt_cnt[I]	fdct_zigzag.zigzag_mod.ld_zigzag2$_DFFE_PP_/Q	qnr.qnt_cnt[0]$_DFFE_PN0P_/D
65	0.3829	ena	rle.rle.size[I]	ena	rle.rle.size[3]$_DFFE_PN0P_/D
66	0.3831	ena	rle.rle.zero_cnt[I]	ena	rle.rle.zero_cnt[3]$_SDFFCE_PP0P_/D
67	0.3835	ena	rle.rzI.den	ena	rle.rz3.den$_DFFE_PN0P_/D
68	0.3835	ena	dqnr_doe	ena	dqnr_doe$_DFFE_PP_/D
69	0.3842	ena	rle.rzI.dc	ena	rle.rz1.dc$_DFFE_PP_/D
70	0.3848	ena	qnr.divider.id[I]	ena	qnr.divider.id[5]$_DFFE_PP_/D
71	0.3849	ena	rle.rzI.sizeo[J]	ena	rle.rz1.sizeo[1]$_DFFE_PP_/D
72	0.3899	ena	qnr.qnt_cnt[I]	ena	qnr.qnt_cnt[0]$_DFFE_PN0P_/D
73	0.3917	ena	rle.rzI.state	ena	rle.rz2.state$_DFFE_PN0P_/D
74	0.3917	ena	rle.rle.den	ena	rle.rle.den$_DFFE_PN0P_/D
75	0.3968	ena	rle.rle.state	ena	rle.rle.state$_DFFE_PN0P_/D
76	0.3986	ena	rle.rle.amp[I]	ena	rle.rle.amp[10]$_SDFFCE_PN0P_/D
77	0.3986	ena	fdct_zigzag.dct_mod.ddin[I]	ena	fdct_zigzag.dct_mod.ddin[5]$_DFFE_PN0P_/D
78	0.3989	ena	rle.rzI.deno	ena	rle.rz4.deno$_DFFE_PN0P_/D
79	0.4010	ena	qnr.divider.q[I]	ena	qnr.divider.q[1]$_DFFE_PP_/D
80	0.4094	ena	rle.rzI.rleno[J]	ena	rle.rz3.rleno[2]$_DFFE_PP_/D
81	0.4098	ena	rle.rzI.dco	ena	rle.rz3.dco$_DFFE_PP_/D
82	0.4128	ena	qnr.divider.iz[I]	ena	qnr.divider.iz[11]$_SDFFCE_PN0P_/D
83	0.4172	ena	qnr.divider.q[I]	ena	qnr.divider.q[12]$_SDFFCE_PN0P_/D
84	0.4190	rle.rle.sample_cnt[I]	rle.rle.rlen[I]	rle.rle.sample_cnt[0]$_SDFFCE_PP1P_/Q	rle.rle.rlen[3]$_DFFE_PN0P_/D
85	0.4267	rst	rle.rzI.deno	rst	rle.rz4.deno$_DFFE_PN0P_/RN
86	0.4267	rst	rle.rzI.den	rst	rle.rz4.den$_DFFE_PN0P_/RN
87	0.4271	rst	rle.rzI.state	rst	rle.rz4.state$_DFFE_PN0P_/RN
88	0.4287	rst	rle.rle.rlen[I]	rst	rle.rle.rlen[3]$_DFFE_PN0P_/RN
89	0.4303	rst	rle.rle.dcterm	rst	rle.rle.dcterm$_DFFE_PN0P_/RN
90	0.4322	qnr.divider.divider.q[I]	qnr.divider.q[I]	qnr.divider.divider.q[3]$_DFFE_PP_/QN	qnr.divider.q[12]$_SDFFCE_PN0P_/D
91	0.4333	rle.rle.rlen[I]	rle.rzI.den	rle.rle.rlen[1]$_DFFE_PN0P_/Q	rle.rz1.den$_DFFE_PN0P_/D
92	0.4335	ena	fdct_zigzag.dct_mod.dct_block_I.dct_unit_J.macu.dclr_dK	ena	fdct_zigzag.dct_mod.dct_block_5.dct_unit_3.macu.dclr_d2$_DFFE_PP_/D
93	0.4337	rle.rle.size[I]	rle.rzI.den	rle.rle.size[1]$_DFFE_PN0P_/Q	rle.rz1.den$_DFFE_PN0P_/D
94	0.4338	rst	rle.rle.state	rst	rle.rle.state$_DFFE_PN0P_/RN
95	0.4347	rle.rzI.sizeo[J]	rle.rzI.deno	rle.rz3.sizeo[3]$_DFFE_PP_/Q	rle.rz4.deno$_DFFE_PN0P_/D
96	0.4366	fdct_zigzag.dct_mod.ddin[I]	fdct_zigzag.dct_mod.ddin[I]	fdct_zigzag.dct_mod.ddin[1]$_DFFE_PN0P_/Q	fdct_zigzag.dct_mod.ddin[1]$_DFFE_PN0P_/D
97	0.4386	rle.rle.size[I]	rle.rzI.deno	rle.rle.size[1]$_DFFE_PN0P_/Q	rle.rz1.deno$_DFFE_PN0P_/D
98	0.4397	rst	qnr.dep[I]	rst	qnr.dep[8]$_DFFE_PN0P_/RN
99	0.4416	rle.rzI.sizeo[J]	rle.rzI.den	rle.rz2.sizeo[1]$_DFFE_PP_/Q	rle.rz3.den$_DFFE_PN0P_/D
100	0.4522	rle.rle.sample_cnt[I]	rle.rle.den	rle.rle.sample_cnt[0]$_SDFFCE_PP1P_/Q	rle.rle.den$_DFFE_PN0P_/D
