# stage	6_final
# top_module	jpeg_encoder
# top_n	100
# kind	blocks
# include_full	1
# rank	worst_slack_ns	start	end	start_full	end_full
1	-0.2551	fdct_zigzag.dct_mod.dct_block_I.ddin_r[J]	fdct_zigzag.dct_mod.dct_block_I.dct_unit_J.macu.pp_hi[K]	fdct_zigzag.dct_mod.dct_block_6.ddin_r[7]$_DFFE_PP_/Q	fdct_zigzag.dct_mod.dct_block_7.dct_unit_6.macu.pp_hi[13]$_DFFE_PP_/D
2	-0.2379	fdct_zigzag.dct_mod.dct_block_I.ddin_r[J]	fdct_zigzag.dct_mod.dct_block_I.dct_unit_J.macu.pp_lo[K]	fdct_zigzag.dct_mod.dct_block_6.ddin_r[3]$_DFFE_PP_/Q	fdct_zigzag.dct_mod.dct_block_3.dct_unit_7.macu.pp_lo[14]$_DFFE_PP_/D
3	-0.1349	fdct_zigzag.dct_mod.dct_block_I.dct_unit_J.coef[K]	fdct_zigzag.dct_mod.dct_block_I.dct_unit_J.macu.pp_lo[K]	fdct_zigzag.dct_mod.dct_block_1.dct_unit_1.coef[8]$_DFFE_PP_/Q	fdct_zigzag.dct_mod.dct_block_7.dct_unit_7.macu.pp_lo[14]$_DFFE_PP_/D
4	-0.1230	fdct_zigzag.dct_mod.dct_block_I.dct_unit_J.coef[K]	fdct_zigzag.dct_mod.dct_block_I.dct_unit_J.macu.pp_hi[K]	fdct_zigzag.dct_mod.dct_block_2.dct_unit_2.coef[27]$_DFFE_PP_/Q	fdct_zigzag.dct_mod.dct_block_2.dct_unit_2.macu.pp_hi[13]$_DFFE_PP_/D
5	0.0360	fdct_zigzag.dct_mod.dct_block_I.dct_unit_J.macu.mult_res[K]	fdct_zigzag.dct_mod.dct_block_I.dct_unit_J.macu.result[K]	fdct_zigzag.dct_mod.dct_block_3.dct_unit_2.macu.mult_res[13]$_DFFE_PP_/Q	fdct_zigzag.dct_mod.dct_block_3.dct_unit_2.macu.result[19]$_DFFE_PP_/D
6	0.0369	fdct_zigzag.dct_mod.dct_block_I.dct_unit_J.macu.result[K]	fdct_zigzag.dct_mod.dct_block_I.dct_unit_J.macu.result[K]	fdct_zigzag.dct_mod.dct_block_3.dct_unit_2.macu.result[13]$_DFFE_PP_/Q	fdct_zigzag.dct_mod.dct_block_3.dct_unit_2.macu.result[19]$_DFFE_PP_/D
7	0.0384	qnr.qnt_cnt[I]	qnt_cnt[I]	qnr.qnt_cnt[0]$_DFFE_PN0P_/Q	qnt_cnt[0]
8	0.0423	rle.rzI.deno	douten	rle.rz4.deno$_DFFE_PN0P_/Q	douten
9	0.0437	rle.rzI.ampo[J]	amp[I]	rle.rz4.ampo[3]$_DFFE_PP_/Q	amp[3]
10	0.0476	fdct_zigzag.dct_mod.sample_cnt[I]	fdct_zigzag.dct_mod.dct_block_I.dct_unit_J.coef[K]	fdct_zigzag.dct_mod.sample_cnt[2]$_DFFE_PN0P_/Q	fdct_zigzag.dct_mod.dct_block_5.dct_unit_3.coef[25]$_DFFE_PP_/D
11	0.0538	rle.rzI.sizeo[J]	size[I]	rle.rz4.sizeo[3]$_DFFE_PP_/Q	size[3]
12	0.0596	rle.rzI.rleno[J]	rlen[I]	rle.rz4.rleno[3]$_DFFE_PP_/Q	rlen[3]
13	0.0705	qnr.divider.divider.d_pipe[I][J]	qnr.divider.divider.s_pipe[I][J]	qnr.divider.divider.d_pipe[2][12]$_DFFE_PP_/QN	qnr.divider.divider.s_pipe[3][24]$_DFFE_PP_/D
14	0.0729	fdct_zigzag.dct_mod.dct_block_I.dct_unit_J.macu.pp_lo[K]	fdct_zigzag.dct_mod.dct_block_I.dct_unit_J.macu.mult_res[K]	fdct_zigzag.dct_mod.dct_block_7.dct_unit_3.macu.pp_lo[5]$_DFFE_PP_/Q	fdct_zigzag.dct_mod.dct_block_7.dct_unit_3.macu.mult_res[17]$_DFFE_PP_/D
15	0.0755	fdct_zigzag.dct_mod.dct_block_I.dct_unit_J.macu.pp_hi[K]	fdct_zigzag.dct_mod.dct_block_I.dct_unit_J.macu.mult_res[K]	fdct_zigzag.dct_mod.dct_block_7.dct_unit_3.macu.pp_hi[1]$_DFFE_PP_/Q	fdct_zigzag.dct_mod.dct_block_7.dct_unit_3.macu.mult_res[17]$_DFFE_PP_/D
16	0.0786	qnr.divider.divider.s_pipe[I][J]	qnr.divider.divider.s_pipe[I][J]	qnr.divider.divider.s_pipe[7][24]$_DFFE_PP_/Q	qnr.divider.divider.s_pipe[8][24]$_DFFE_PP_/D
17	0.1069	qnr.divider.q[I]	qnr.rq[I]	qnr.divider.q[12]$_SDFFCE_PN0P_/Q	qnr.rq[10]$_DFFE_PP_/D
18	0.1569	fdct_zigzag.dct_mod.dct_block_I.dct_unit_J.macu.dclr_d	fdct_zigzag.dct_mod.dct_block_I.dct_unit_J.macu.result[K]	fdct_zigzag.dct_mod.dct_block_6.dct_unit_2.macu.dclr_d$_DFFE_PP_/Q	fdct_zigzag.dct_mod.dct_block_0.dct_unit_5.macu.result[15]$_DFFE_PP_/D
19	0.1662	qnr.divider.id[I]	qnr.divider.divider.s_pipe[I][J]	qnr.divider.id[0]$_DFFE_PP_/Q	qnr.divider.divider.s_pipe[1][22]$_DFFE_PP_/D
20	0.1697	fdct_zigzag.dct_mod.sample_cnt[I]	fdct_zigzag.dct_mod.sample_cnt[I]	fdct_zigzag.dct_mod.sample_cnt[4]$_DFFE_PN0P_/Q	fdct_zigzag.dct_mod.sample_cnt[5]$_DFFE_PN0P_/D
21	0.1866	qnr.divider.q[I]	qnr.rq[I]	qnr.divider.q[1]$_DFFE_PP_/Q	qnr.rq[10]$_DFFE_PP_/D
22	0.2025	qnr.divider.iz[I]	qnr.divider.divider.s_pipe[I][J]	qnr.divider.iz[11]$_SDFFCE_PN0P_/QN	qnr.divider.divider.s_pipe[1][22]$_DFFE_PP_/D
23	0.2552	fdct_zigzag.zigzag_mod.ld_zigzag	fdct_zigzag.zigzag_mod.sresult[I][J]	fdct_zigzag.zigzag_mod.ld_zigzag$_DFFE_PP_/Q	fdct_zigzag.zigzag_mod.sresult[58][0]$_DFFE_PP_/D
24	0.2597	qnr.rq[I]	rle.rle.size[I]	qnr.rq[1]$_DFFE_PP_/QN	rle.rle.size[0]$_DFFE_PN0P_/D
25	0.2666	fdct_zigzag.dct_mod.sample_cnt[I]	fdct_zigzag.dct_mod.ddcnt	fdct_zigzag.dct_mod.sample_cnt[4]$_DFFE_PN0P_/Q	fdct_zigzag.dct_mod.ddcnt$_DFFE_PN1P_/D
26	0.2810	qnr.rq[I]	rle.rle.amp[I]	qnr.rq[1]$_DFFE_PP_/QN	rle.rle.amp[8]$_DFFE_PP_/D
27	0.3219	qnr.rq[I]	rle.rle.amp[I]	qnr.rq[1]$_DFFE_PP_/QN	rle.rle.amp[10]$_SDFFCE_PN0P_/D
28	0.3274	qnr.divider.divider.q[I]	qnr.divider.q[I]	qnr.divider.divider.q[4]$_DFFE_PP_/QN	qnr.divider.q[11]$_DFFE_PP_/D
29	0.3361	ena	fdct_zigzag.dct_mod.dct_block_I.dct_unit_J.coef[K]	ena	fdct_zigzag.dct_mod.dct_block_5.dct_unit_3.coef[25]$_DFFE_PP_/D
30	0.3396	ena	fdct_zigzag.dct_mod.dct_block_I.dct_unit_J.macu.result[K]	ena	fdct_zigzag.dct_mod.dct_block_0.dct_unit_3.macu.result[21]$_DFFE_PP_/D
31	0.3471	ena	fdct_zigzag.dct_mod.dct_block_I.dct_unit_J.macu.mult_res[K]	ena	fdct_zigzag.dct_mod.dct_block_6.dct_unit_0.macu.mult_res[17]$_DFFE_PP_/D
32	0.3471	ena	fdct_zigzag.dct_mod.dct_block_I.dct_unit_J.macu.pp_hi[K]	ena	fdct_zigzag.dct_mod.dct_block_0.dct_unit_4.macu.pp_hi[9]$_DFFE_PP_/D
33	0.3480	ena	fdct_zigzag.dct_mod.dct_block_I.dct_unit_J.macu.pp_lo[K]	ena	fdct_zigzag.dct_mod.dct_block_0.dct_unit_4.macu.pp_lo[8]$_DFFE_PP_/D
34	0.3482	ena	fdct_zigzag.zigzag_mod.sresult[I][J]	ena	fdct_zigzag.zigzag_mod.sresult[56][11]$_DFFE_PP_/D
35	0.3576	dfdct_dout[I]	qnr.divider.iz[I]	dfdct_dout[0]$_DFFE_PP_/QN	qnr.divider.iz[8]$_DFFE_PP_/D
36	0.3598	ena	qnr.dep[I]	ena	qnr.dep[14]$_DFFE_PN0P_/D
37	0.3641	ena	rle.rzI.den	ena	rle.rz3.den$_DFFE_PN0P_/D
38	0.3655	ena	fdct_zigzag.dct_mod.sample_cnt[I]	ena	fdct_zigzag.dct_mod.sample_cnt[5]$_DFFE_PN0P_/D
39	0.3671	qnr.rq[I]	rle.rle.rlen[I]	qnr.rq[6]$_DFFE_PP_/Q	rle.rle.rlen[3]$_DFFE_PN0P_/D
40	0.3674	ena	qnr.divider.divider.s_pipe[I][J]	ena	qnr.divider.divider.s_pipe[8][23]$_DFFE_PP_/D
41	0.3698	ena	qnr.divider.divider.d_pipe[I][J]	ena	qnr.divider.divider.d_pipe[5][16]$_DFFE_PP_/D
42	0.3699	fdct_zigzag.zigzag_mod.ld_zigzag	qnr.dep[I]	fdct_zigzag.zigzag_mod.ld_zigzag$_DFFE_PP_/Q	qnr.dep[0]$_DFFE_PN0P_/D
43	0.3700	fdct_zigzag.dct_mod.dct_block_I.ddin_r[J]	fdct_zigzag.dct_mod.dct_block_I.ddin_r[J]	fdct_zigzag.dct_mod.dct_block_6.ddin_r[6]$_DFFE_PP_/Q	fdct_zigzag.dct_mod.dct_block_6.ddin_r[6]$_DFFE_PP_/D
44	0.3724	ena	dqnr_doe	ena	dqnr_doe$_DFFE_PP_/D
45	0.3725	ena	qnr.divider.divider.q_pipe[I][J]	ena	qnr.divider.divider.q_pipe[6][0]$_DFFE_PP_/D
46	0.3727	ena	fdct_zigzag.dct_mod.dct_block_I.ddin_r[J]	ena	fdct_zigzag.dct_mod.dct_block_6.ddin_r[5]$_DFFE_PP_/D
47	0.3728	ena	rle.rzI.amp[J]	ena	rle.rz3.amp[3]$_DFFE_PP_/D
48	0.3749	ena	rle.rzI.size[J]	ena	rle.rz3.size[0]$_DFFE_PP_/D
49	0.3749	ena	rle.rzI.rlen[J]	ena	rle.rz3.rlen[3]$_DFFE_PP_/D
50	0.3751	ena	dfdct_dout[I]	ena	dfdct_dout[4]$_DFFE_PP_/D
51	0.3783	ena	qnr.divider.iz[I]	ena	qnr.divider.iz[4]$_DFFE_PP_/D
52	0.3808	ena	qnr.divider.id[I]	ena	qnr.divider.id[7]$_DFFE_PP_/D
53	0.3817	qnr.rq[I]	rle.rle.zero_cnt[I]	qnr.rq[6]$_DFFE_PP_/Q	rle.rle.zero_cnt[3]$_SDFFCE_PP0P_/D
54	0.3837	ena	qnr.divider.iz[I]	ena	qnr.divider.iz[20]$_SDFFCE_PN0P_/D
55	0.3847	qnr.rq[I]	rle.rle.den	qnr.rq[6]$_DFFE_PP_/Q	rle.rle.den$_DFFE_PN0P_/D
56	0.3892	ena	rle.rle.amp[I]	ena	rle.rle.amp[10]$_SDFFCE_PN0P_/D
57	0.3897	ena	fdct_zigzag.dct_mod.go	ena	fdct_zigzag.dct_mod.go$_DFFE_PN0P_/D
58	0.3912	ena	rle.rzI.ampo[J]	ena	rle.rz1.ampo[2]$_DFFE_PP_/D
59	0.3914	ena	qnr.divider.divider.q[I]	ena	qnr.divider.divider.q[3]$_DFFE_PP_/D
60	0.3916	ena	fdct_zigzag.dct_mod.dgo	ena	fdct_zigzag.dct_mod.dgo$_DFFE_PN0P_/D
61	0.3925	ena	rle.rzI.dc	ena	rle.rz3.dc$_DFFE_PP_/D
62	0.3932	ena	rle.rzI.sizeo[J]	ena	rle.rz3.sizeo[0]$_DFFE_PP_/D
63	0.3949	ena	fdct_zigzag.dct_mod.ddgo	ena	fdct_zigzag.dct_mod.ddgo$_DFFE_PN0P_/D
64	0.3956	ena	rle.rzI.dco	ena	rle.rz2.dco$_DFFE_PP_/D
65	0.3968	ena	rle.rzI.deno	ena	rle.rz2.deno$_DFFE_PN0P_/D
66	0.3973	rle.rle.sample_cnt[I]	rle.rle.den	rle.rle.sample_cnt[1]$_SDFFCE_PP0P_/Q	rle.rle.den$_DFFE_PN0P_/D
67	0.3975	ena	rle.rzI.rleno[J]	ena	rle.rz2.rleno[3]$_DFFE_PP_/D
68	0.3995	dstrb	fdct_zigzag.dct_mod.sample_cnt[I]	dstrb	fdct_zigzag.dct_mod.sample_cnt[5]$_DFFE_PN0P_/D
69	0.4017	ena	rle.rzI.state	ena	rle.rz3.state$_DFFE_PN0P_/D
70	0.4028	ena	fdct_zigzag.dct_mod.dct_block_I.dct_unit_J.macu.dclr_d	ena	fdct_zigzag.dct_mod.dct_block_6.dct_unit_2.macu.dclr_d$_DFFE_PP_/D
71	0.4047	ena	qnr.divider.q[I]	ena	qnr.divider.q[5]$_DFFE_PP_/D
72	0.4054	ena	qnr.rq[I]	ena	qnr.rq[7]$_DFFE_PP_/D
73	0.4063	dfdct_dout[I]	qnr.divider.iz[I]	dfdct_dout[6]$_DFFE_PP_/QN	qnr.divider.iz[20]$_SDFFCE_PN0P_/D
74	0.4094	ena	qnr.qnt_cnt[I]	ena	qnr.qnt_cnt[0]$_DFFE_PN0P_/D
75	0.4102	ena	rle.rle.state	ena	rle.rle.state$_DFFE_PN0P_/D
76	0.4111	ena	rle.rle.size[I]	ena	rle.rle.size[0]$_DFFE_PN0P_/D
77	0.4118	ena	qnr.divider.spipe[I]	ena	qnr.divider.spipe[10]$_DFFE_PP_/D
78	0.4130	ena	rle.rle.den	ena	rle.rle.den$_DFFE_PN0P_/D
79	0.4137	ena	rle.rle.sample_cnt[I]	ena	rle.rle.sample_cnt[5]$_SDFFCE_PP0P_/D
80	0.4155	rle.rle.sample_cnt[I]	rle.rle.rlen[I]	rle.rle.sample_cnt[1]$_SDFFCE_PP0P_/Q	rle.rle.rlen[3]$_DFFE_PN0P_/D
81	0.4182	ena	rle.rle.zero_cnt[I]	ena	rle.rle.zero_cnt[1]$_SDFFCE_PP0P_/D
82	0.4195	ena	rle.rle.amp[I]	ena	rle.rle.amp[9]$_DFFE_PP_/D
83	0.4248	ena	qnr.divider.q[I]	ena	qnr.divider.q[12]$_SDFFCE_PN0P_/D
84	0.4265	ena	rle.rle.dcterm	ena	rle.rle.dcterm$_DFFE_PN0P_/D
85	0.4319	ena	rle.rle.rlen[I]	ena	rle.rle.rlen[3]$_DFFE_PN0P_/D
86	0.4345	qnr.divider.divider.q[I]	qnr.divider.q[I]	qnr.divider.divider.q[4]$_DFFE_PP_/QN	qnr.divider.q[12]$_SDFFCE_PN0P_/D
87	0.4369	rle.rle.size[I]	rle.rzI.den	rle.rle.size[1]$_DFFE_PN0P_/Q	rle.rz1.den$_DFFE_PN0P_/D
88	0.4398	rle.rle.size[I]	rle.rzI.deno	rle.rle.size[1]$_DFFE_PN0P_/Q	rle.rz1.deno$_DFFE_PN0P_/D
89	0.4420	rle.rle.rlen[I]	rle.rzI.den	rle.rle.rlen[1]$_DFFE_PN0P_/Q	rle.rz1.den$_DFFE_PN0P_/D
90	0.4459	rle.rzI.sizeo[J]	rle.rzI.den	rle.rz2.sizeo[1]$_DFFE_PP_/Q	rle.rz3.den$_DFFE_PN0P_/D
91	0.4493	rle.rle.sample_cnt[I]	rle.rle.state	rle.rle.sample_cnt[1]$_SDFFCE_PP0P_/Q	rle.rle.state$_DFFE_PN0P_/D
92	0.4521	rle.rzI.sizeo[J]	rle.rzI.deno	rle.rz1.sizeo[1]$_DFFE_PP_/Q	rle.rz2.deno$_DFFE_PN0P_/D
93	0.4528	fdct_zigzag.dct_mod.dct_block_I.dct_unit_J.macu.dclr_d	fdct_zigzag.dct_mod.dct_block_I.dct_unit_J.macu.dclr_d	fdct_zigzag.dct_mod.dct_block_6.dct_unit_2.macu.dclr_d$_DFFE_PP_/Q	fdct_zigzag.dct_mod.dct_block_6.dct_unit_2.macu.dclr_d$_DFFE_PP_/D
94	0.4583	rle.rle.rlen[I]	rle.rzI.deno	rle.rle.rlen[1]$_DFFE_PN0P_/Q	rle.rz1.deno$_DFFE_PN0P_/D
95	0.4620	rle.rzI.rleno[J]	rle.rzI.deno	rle.rz3.rleno[0]$_DFFE_PP_/Q	rle.rz4.deno$_DFFE_PN0P_/D
96	0.4640	rle.rle.size[I]	rle.rzI.state	rle.rle.size[1]$_DFFE_PN0P_/Q	rle.rz1.state$_DFFE_PN0P_/D
97	0.4649	fdct_zigzag.zigzag_mod.ld_zigzag	qnr.qnt_cnt[I]	fdct_zigzag.zigzag_mod.ld_zigzag$_DFFE_PP_/Q	qnr.qnt_cnt[0]$_DFFE_PN0P_/D
98	0.4675	ena	fdct_zigzag.dct_mod.ddcnt	ena	fdct_zigzag.dct_mod.ddcnt$_DFFE_PN1P_/D
99	0.4691	rle.rle.rlen[I]	rle.rzI.state	rle.rle.rlen[1]$_DFFE_PN0P_/Q	rle.rz1.state$_DFFE_PN0P_/D
100	0.4732	rle.rzI.sizeo[J]	rle.rzI.state	rle.rz1.sizeo[1]$_DFFE_PP_/Q	rle.rz2.state$_DFFE_PN0P_/D
