# stage	6_final
# top_module	ddr3_controller
# top_n	100
# kind	blocks
# include_full	1
# rank	worst_slack_ns	start	end	start_full	end_full
1	-0.3453	index_wb_data	o_wb_data[I]	index_wb_data$_SDFFE_PP0P_/Q	o_wb_data[206]
2	-0.3296	lane[I]	o_phy_odelay_data_cntvaluein[I]	lane[1]$_SDFFE_PP0P_/Q	o_phy_odelay_data_cntvaluein[0]
3	-0.3282	lane[I]	o_phy_odelay_dqs_cntvaluein[I]	lane[1]$_SDFFE_PP0P_/Q	o_phy_odelay_dqs_cntvaluein[3]
4	-0.3208	stageI_pending	o_phy_cmd[I]	stage2_pending$_SDFFE_PP0P_/Q	o_phy_cmd[18]
5	-0.3208	lane[I]	o_phy_idelay_data_cntvaluein[I]	lane[1]$_SDFFE_PP0P_/Q	o_phy_idelay_data_cntvaluein[4]
6	-0.3205	lane[I]	o_phy_idelay_dqs_cntvaluein[I]	lane[1]$_SDFFE_PP0P_/Q	o_phy_idelay_dqs_cntvaluein[4]
7	-0.2979	stageI_do_act	o_phy_cmd[I]	stage2_do_act$_SDFF_PP0_/Q	o_phy_cmd[18]
8	-0.2931	stageI_next_bank[J]	o_phy_cmd[I]	stage1_next_bank[2]$_SDFFE_PP0P_/Q	o_phy_cmd[18]
9	-0.2872	stageI_bank[J]	o_phy_cmd[I]	stage2_bank[1]$_SDFF_PP0_/Q	o_phy_cmd[18]
10	-0.2868	stageI_do_wr_or_rd	o_phy_cmd[I]	stage2_do_wr_or_rd$_SDFF_PP0_/Q	o_phy_cmd[69]
11	-0.2851	stageI_do_pre	o_phy_cmd[I]	stage2_do_pre$_SDFF_PP0_/Q	o_phy_cmd[18]
12	-0.2821	state_calibrate[I]	o_phy_cmd[I]	state_calibrate[3]$_SDFFE_PP0P_/Q	o_phy_cmd[69]
13	-0.2711	stageI_do_wr	o_phy_cmd[I]	stage2_do_wr$_SDFF_PP0_/Q	o_phy_cmd[69]
14	-0.2706	stageI_pending	o_wb_stall_int_q	stage2_pending$_SDFFE_PP0P_/Q	o_wb_stall_int_q$_SDFF_PP1_/D
15	-0.2579	stageI_bank[J]	o_wb_stall_int_q	stage2_bank[2]$_SDFF_PP0_/Q	o_wb_stall_int_q$_SDFF_PP1_/D
16	-0.2573	stageI_do_rd	o_phy_cmd[I]	stage2_do_rd$_SDFF_PP0_/Q	o_phy_cmd[69]
17	-0.2503	index_wb_data	reset_from_test	index_wb_data$_SDFFE_PP0P_/Q	reset_from_test$_SDFF_PP0_/D
18	-0.2374	stageI_do_act	o_wb_stall_int_q	stage2_do_act$_SDFF_PP0_/Q	o_wb_stall_int_q$_SDFF_PP1_/D
19	-0.2371	stageI_next_bank[J]	o_wb_stall_int_q	stage1_next_bank[2]$_SDFFE_PP0P_/Q	o_wb_stall_int_q$_SDFF_PP1_/D
20	-0.2363	delay_before_read_data[I]	o_phy_cmd[I]	delay_before_read_data[1]$_SDFF_PP0_/QN	o_phy_cmd[69]
21	-0.2261	stageI_pending	stageI_do_pre	stage2_pending$_SDFFE_PP0P_/Q	stage1_do_pre$_SDFF_PP0_/D
22	-0.2193	stageI_pending	stageI_do_wr_or_rd	stage2_pending$_SDFFE_PP0P_/Q	stage2_do_wr_or_rd$_SDFF_PP0_/D
23	-0.2131	stageI_do_pre	o_wb_stall_int_q	stage2_do_pre$_SDFF_PP0_/Q	o_wb_stall_int_q$_SDFF_PP1_/D
24	-0.2049	stageI_bank[J]	stageI_do_pre	stage2_bank[0]$_SDFF_PP0_/Q	stage1_do_pre$_SDFF_PP0_/D
25	-0.2033	lane[I]	data_start_index[I][J]	lane[1]$_SDFFE_PP0P_/Q	data_start_index[0][6]$_SDFFCE_PN0P_/D
26	-0.2032	stageI_do_act	stageI_do_pre	stage2_do_act$_SDFF_PP0_/Q	stage1_do_pre$_SDFF_PP0_/D
27	-0.2009	lane[I]	stored_write_level_feedback	lane[1]$_SDFFE_PP0P_/Q	stored_write_level_feedback$_SDFFCE_PN0P_/D
28	-0.1994	lane[I]	sample_clk_repeat[I]	lane[1]$_SDFFE_PP0P_/Q	sample_clk_repeat[3]$_SDFFCE_PP0P_/D
29	-0.1992	lane[I]	state_calibrate[I]	lane[1]$_SDFFE_PP0P_/Q	state_calibrate[2]$_SDFFE_PP0P_/D
30	-0.1983	o_wb_data_q[I][J]	o_wb_data[I]	o_wb_data_q[1][386]$_SDFFE_PP0P_/Q	o_wb_data[386]
31	-0.1956	stageI_next_bank[J]	stageI_do_pre	stage1_next_bank[2]$_SDFFE_PP0P_/Q	stage1_do_pre$_SDFF_PP0_/D
32	-0.1951	idelay_dqs_cntvaluein[I][J]	o_phy_idelay_dqs_cntvaluein[I]	idelay_dqs_cntvaluein[5][2]$_SDFFCE_PN0P_/Q	o_phy_idelay_dqs_cntvaluein[2]
33	-0.1920	odelay_dqs_cntvaluein[I][J]	o_phy_odelay_dqs_cntvaluein[I]	odelay_dqs_cntvaluein[2][1]$_SDFFCE_PN0P_/Q	o_phy_odelay_dqs_cntvaluein[1]
34	-0.1907	stageI_bank[J]	stageI_do_wr_or_rd	stage2_bank[2]$_SDFF_PP0_/Q	stage2_do_wr_or_rd$_SDFF_PP0_/D
35	-0.1881	stageI_row[J]	o_phy_cmd[I]	stage2_row[3]$_SDFF_PP0_/Q	o_phy_cmd[27]
36	-0.1870	lane[I]	dqs_start_index_repeat	lane[1]$_SDFFE_PP0P_/Q	dqs_start_index_repeat$_SDFFE_PP0P_/D
37	-0.1862	odelay_data_cntvaluein[I][J]	o_phy_odelay_data_cntvaluein[I]	odelay_data_cntvaluein[3][0]$_SDFFCE_PN0P_/Q	o_phy_odelay_data_cntvaluein[0]
38	-0.1862	idelay_data_cntvaluein[I][J]	o_phy_idelay_data_cntvaluein[I]	idelay_data_cntvaluein[3][3]$_SDFFCE_PN0P_/Q	o_phy_idelay_data_cntvaluein[3]
39	-0.1792	stageI_do_pre	stageI_do_pre	stage2_do_pre$_SDFF_PP0_/Q	stage1_do_pre$_SDFF_PP0_/D
40	-0.1768	lane[I]	initial_dqs	lane[1]$_SDFFE_PP0P_/Q	initial_dqs$_SDFFE_PP1P_/D
41	-0.1732	stageI_do_pre	stageI_do_wr_or_rd	stage2_do_pre$_SDFF_PP0_/Q	stage2_do_wr_or_rd$_SDFF_PP0_/D
42	-0.1726	stageI_do_act	stageI_do_wr_or_rd	stage2_do_act$_SDFF_PP0_/Q	stage2_do_wr_or_rd$_SDFF_PP0_/D
43	-0.1722	lane[I]	dqs_start_index_stored[I]	lane[1]$_SDFFE_PP0P_/Q	dqs_start_index_stored[3]$_SDFFE_PP0P_/D
44	-0.1714	stageI_next_bank[J]	stageI_do_wr_or_rd	stage1_next_bank[2]$_SDFFE_PP0P_/Q	stage2_do_wr_or_rd$_SDFF_PP0_/D
45	-0.1666	lane[I]	write_pattern_lane[I]	lane[1]$_SDFFE_PP0P_/Q	write_pattern_lane[23]$_SDFF_PP0_/D
46	-0.1649	lane[I]	prev_write_level_feedback	lane[1]$_SDFFE_PP0P_/Q	prev_write_level_feedback$_SDFFE_PP1P_/D
47	-0.1632	lane[I]	lane[I]	lane[1]$_SDFFE_PP0P_/Q	lane[2]$_SDFFE_PP0P_/D
48	-0.1590	lane[I]	o_phy_bitslip[I]	lane[1]$_SDFFE_PP0P_/Q	o_phy_bitslip[0]$_SDFF_PP0_/D
49	-0.1567	stageI_bank[J]	stageI_do_wr	stage2_bank[0]$_SDFF_PP0_/Q	stage2_do_wr$_SDFF_PP0_/D
50	-0.1559	stageI_pending	stageI_do_act	stage2_pending$_SDFFE_PP0P_/Q	stage1_do_act$_SDFF_PP0_/D
51	-0.1551	stageI_pending	stageI_do_rd	stage2_pending$_SDFFE_PP0P_/Q	stage2_do_rd$_SDFF_PP0_/D
52	-0.1478	stageI_bank[J]	stageI_do_update_delay_before_write_after_act	stage2_bank[0]$_SDFF_PP0_/Q	stage2_do_update_delay_before_write_after_act$_SDFF_PP0_/D
53	-0.1450	stageI_pending	stageI_do_update_delay_before_read_after_act	stage2_pending$_SDFFE_PP0P_/Q	stage2_do_update_delay_before_read_after_act$_SDFF_PP0_/D
54	-0.1443	lane[I]	train_delay[I]	lane[1]$_SDFFE_PP0P_/Q	train_delay[1]$_SDFF_PP0_/D
55	-0.1412	instruction[I]	o_phy_cmd[I]	instruction[9]$_SDFFE_PP0P_/Q	o_phy_cmd[33]
56	-0.1385	sync_rst_controller	o_phy_reset	sync_rst_controller$_DFF_P_/Q	o_phy_reset
57	-0.1384	stageI_pending	stageI_do_wr	stage2_pending$_SDFFE_PP0P_/Q	stage2_do_wr$_SDFF_PP0_/D
58	-0.1353	final_calibration_done	o_wb_ack	final_calibration_done$_SDFFE_PP0P_/Q	o_wb_ack
59	-0.1312	stageI_pending	stageI_do_update_delay_before_precharge_after_wr	stage2_pending$_SDFFE_PP0P_/Q	stage2_do_update_delay_before_precharge_after_wr$_SDFF_PP0_/D
60	-0.1295	stageI_pending	stageI_do_update_delay_before_write_after_act	stage2_pending$_SDFFE_PP0P_/Q	stage2_do_update_delay_before_write_after_act$_SDFF_PP0_/D
61	-0.1246	o_wb_stall_int_q	o_wb_stall	o_wb_stall_int_q$_SDFF_PP1_/Q	o_wb_stall
62	-0.1245	stageI_pending	delay_before_read_counter_q[I][J]	stage2_pending$_SDFFE_PP0P_/Q	delay_before_read_counter_q[5][0]$_SDFF_PP0_/D
63	-0.1225	lane[I]	start_index_check[I]	lane[1]$_SDFFE_PP0P_/Q	start_index_check[4]$_SDFFCE_PN0P_/D
64	-0.1203	stageI_do_wr_or_rd	o_wb_stall_int_q	stage2_do_wr_or_rd$_SDFF_PP0_/Q	o_wb_stall_int_q$_SDFF_PP1_/D
65	-0.1197	stageI_do_wr_or_rd	stageI_do_pre	stage2_do_wr_or_rd$_SDFF_PP0_/Q	stage1_do_pre$_SDFF_PP0_/D
66	-0.1197	stageI_bank[J]	delay_before_write_counter_q[I][J]	stage2_bank[0]$_SDFF_PP0_/Q	delay_before_write_counter_q[1][1]$_SDFF_PP0_/D
67	-0.1187	dqs_start_index[I]	dqs_start_index_repeat	dqs_start_index[1]$_SDFFE_PP0P_/Q	dqs_start_index_repeat$_SDFFE_PP0P_/D
68	-0.1171	dqs_start_index[I]	dqs_start_index[I]	dqs_start_index[1]$_SDFFE_PP0P_/Q	dqs_start_index[5]$_SDFFE_PP0P_/D
69	-0.1158	stageI_do_wr	o_wb_stall_int_q	stage2_do_wr$_SDFF_PP0_/Q	o_wb_stall_int_q$_SDFF_PP1_/D
70	-0.1152	stageI_do_wr	stageI_do_pre	stage2_do_wr$_SDFF_PP0_/Q	stage1_do_pre$_SDFF_PP0_/D
71	-0.1144	stageI_pending	stageI_do_update_delay_before_precharge_after_rd	stage2_pending$_SDFFE_PP0P_/Q	stage2_do_update_delay_before_precharge_after_rd$_SDFF_PP0_/D
72	-0.1135	stageI_bank[J]	stageI_do_rd	stage2_bank[1]$_SDFF_PP0_/Q	stage2_do_rd$_SDFF_PP0_/D
73	-0.1101	data_start_index[I][J]	data_start_index[I][J]	data_start_index[1][0]$_SDFFCE_PN0P_/Q	data_start_index[0][6]$_SDFFCE_PN0P_/D
74	-0.1099	dqs_start_index[I]	state_calibrate[I]	dqs_start_index[1]$_SDFFE_PP0P_/Q	state_calibrate[2]$_SDFFE_PP0P_/D
75	-0.1098	stageI_do_pre	stageI_do_act	stage2_do_pre$_SDFF_PP0_/Q	stage1_do_act$_SDFF_PP0_/D
76	-0.1092	stageI_do_act	stageI_do_act	stage2_do_act$_SDFF_PP0_/Q	stage1_do_act$_SDFF_PP0_/D
77	-0.1088	stageI_do_wr_or_rd	stageI_do_rd	stage2_do_wr_or_rd$_SDFF_PP0_/Q	stage2_do_rd$_SDFF_PP0_/D
78	-0.1084	dqs_start_index[I]	initial_dqs	dqs_start_index[1]$_SDFFE_PP0P_/Q	initial_dqs$_SDFFE_PP1P_/D
79	-0.1049	lane[I]	added_read_pipe_max	lane[1]$_SDFFE_PP0P_/Q	added_read_pipe_max$_SDFFE_PP0P_/D
80	-0.1044	stageI_do_wr	stageI_do_rd	stage2_do_wr$_SDFF_PP0_/Q	stage2_do_rd$_SDFF_PP0_/D
81	-0.1034	stageI_bank[J]	stageI_do_update_delay_before_read_after_act	stage2_bank[1]$_SDFF_PP0_/Q	stage2_do_update_delay_before_read_after_act$_SDFF_PP0_/D
82	-0.1025	dqs_start_index[I]	delay_before_read_data[I]	dqs_start_index[1]$_SDFFE_PP0P_/Q	delay_before_read_data[0]$_SDFF_PP0_/D
83	-0.1014	stageI_pending	delay_before_write_counter_q[I][J]	stage2_pending$_SDFFE_PP0P_/Q	delay_before_write_counter_q[1][1]$_SDFF_PP0_/D
84	-0.0998	final_calibration_done	o_calib_complete	final_calibration_done$_SDFFE_PP0P_/Q	o_calib_complete
85	-0.0995	dqs_start_index[I]	o_phy_idelay_data_ld[I]	dqs_start_index[1]$_SDFFE_PP0P_/Q	o_phy_idelay_data_ld[2]$_SDFF_PP0_/D
86	-0.0988	stageI_do_wr_or_rd	stageI_do_update_delay_before_read_after_act	stage2_do_wr_or_rd$_SDFF_PP0_/Q	stage2_do_update_delay_before_read_after_act$_SDFF_PP0_/D
87	-0.0982	stageI_do_act	stageI_do_wr	stage2_do_act$_SDFF_PP0_/Q	stage2_do_wr$_SDFF_PP0_/D
88	-0.0977	stageI_bank[J]	delay_before_read_counter_q[I][J]	stage2_bank[2]$_SDFF_PP0_/Q	delay_before_read_counter_q[5][0]$_SDFF_PP0_/D
89	-0.0971	write_calib_odt	o_phy_cmd[I]	write_calib_odt$_SDFFE_PP0P_/Q	o_phy_cmd[43]
90	-0.0970	stageI_anticipate_row[J]	o_wb_stall_int_q	stage1_anticipate_row[3]$_SDFF_PP0_/Q	o_wb_stall_int_q$_SDFF_PP1_/D
91	-0.0955	data_start_index[I][J]	write_pattern_lane[I]	data_start_index[1][0]$_SDFFCE_PN0P_/Q	write_pattern_lane[23]$_SDFF_PP0_/D
92	-0.0952	stageI_do_wr_or_rd	delay_before_read_counter_q[I][J]	stage2_do_wr_or_rd$_SDFF_PP0_/Q	delay_before_read_counter_q[5][0]$_SDFF_PP0_/D
93	-0.0950	o_wb_ack_read_q[I][J]	o_wb_ack	o_wb_ack_read_q[0][0]$_SDFF_PP0_/Q	o_wb_ack
94	-0.0943	stageI_do_wr	stageI_do_update_delay_before_read_after_act	stage2_do_wr$_SDFF_PP0_/Q	stage2_do_update_delay_before_read_after_act$_SDFF_PP0_/D
95	-0.0936	stageI_bank[J]	stageI_do_act	stage2_bank[2]$_SDFF_PP0_/Q	stage1_do_act$_SDFF_PP0_/D
96	-0.0927	stageI_do_act	stageI_do_rd	stage2_do_act$_SDFF_PP0_/Q	stage2_do_rd$_SDFF_PP0_/D
97	-0.0922	stageI_do_pre	stageI_do_wr	stage2_do_pre$_SDFF_PP0_/Q	stage2_do_wr$_SDFF_PP0_/D
98	-0.0908	stageI_do_wr	delay_before_read_counter_q[I][J]	stage2_do_wr$_SDFF_PP0_/Q	delay_before_read_counter_q[5][0]$_SDFF_PP0_/D
99	-0.0907	state_calibrate[I]	o_debugI[J]	state_calibrate[2]$_SDFFE_PP0P_/Q	o_debug1[2]
100	-0.0893	stageI_do_act	stageI_do_update_delay_before_write_after_act	stage2_do_act$_SDFF_PP0_/Q	stage2_do_update_delay_before_write_after_act$_SDFF_PP0_/D
