# stage	6_final
# top_module	sha512
# top_n	100
# kind	blocks
# include_full	1
# rank	worst_slack_ns	start	end	start_full	end_full
1	-0.2038	core.round_ctr_reg[I]	core.e_reg[I]	core.round_ctr_reg[0]$_DFFE_PN0P_/Q	core.e_reg[62]$_DFFE_PN0P_/D
2	-0.1998	core.w_mem_inst.w_mem[I][J]	core.a_reg[I]	core.w_mem_inst.w_mem[14][26]$_DFFE_PN0P_/Q	core.a_reg[59]$_DFFE_PN0P_/D
3	-0.1996	address[I]	read_data[I]	address[1]	read_data[6]
4	-0.1945	core.round_ctr_reg[I]	core.a_reg[I]	core.round_ctr_reg[0]$_DFFE_PN0P_/Q	core.a_reg[59]$_DFFE_PN0P_/D
5	-0.1721	core.w_mem_inst.w_mem[I][J]	core.e_reg[I]	core.w_mem_inst.w_mem[14][26]$_DFFE_PN0P_/Q	core.e_reg[61]$_DFFE_PN0P_/D
6	-0.0845	address[I]	error	address[4]	error
7	-0.0323	core.e_reg[I]	core.e_reg[I]	core.e_reg[25]$_DFFE_PN0P_/Q	core.e_reg[61]$_DFFE_PN0P_/D
8	-0.0264	core.e_reg[I]	core.a_reg[I]	core.e_reg[25]$_DFFE_PN0P_/Q	core.a_reg[59]$_DFFE_PN0P_/D
9	-0.0088	we	read_data[I]	we	read_data[16]
10	0.0021	cs	read_data[I]	cs	read_data[16]
11	0.0250	core.f_reg[I]	core.e_reg[I]	core.f_reg[1]$_DFFE_PN0P_/Q	core.e_reg[61]$_DFFE_PN0P_/D
12	0.0272	core.g_reg[I]	core.e_reg[I]	core.g_reg[14]$_DFFE_PN0P_/Q	core.e_reg[61]$_DFFE_PN0P_/D
13	0.0287	core.g_reg[I]	core.a_reg[I]	core.g_reg[14]$_DFFE_PN0P_/Q	core.a_reg[63]$_DFFE_PN0P_/D
14	0.0289	core.f_reg[I]	core.a_reg[I]	core.f_reg[14]$_DFFE_PN0P_/Q	core.a_reg[63]$_DFFE_PN0P_/D
15	0.1549	cs	error	cs	error
16	0.1559	core.w_mem_inst.w_ctr_reg[I]	core.a_reg[I]	core.w_mem_inst.w_ctr_reg[1]$_DFFE_PN0P_/Q	core.a_reg[40]$_DFFE_PN0P_/D
17	0.1685	we	error	we	error
18	0.1754	digest_reg[I]	read_data[I]	digest_reg[93]$_DFFE_PN0P_/Q	read_data[29]
19	0.2020	core.h_reg[I]	core.e_reg[I]	core.h_reg[23]$_DFFE_PN0P_/Q	core.e_reg[62]$_DFFE_PN0P_/D
20	0.2050	core.w_mem_inst.w_ctr_reg[I]	core.e_reg[I]	core.w_mem_inst.w_ctr_reg[1]$_DFFE_PN0P_/Q	core.e_reg[28]$_DFFE_PN0P_/D
21	0.2113	core.h_reg[I]	core.a_reg[I]	core.h_reg[23]$_DFFE_PN0P_/Q	core.a_reg[59]$_DFFE_PN0P_/D
22	0.2159	block_reg[I][J]	read_data[I]	block_reg[15][31]$_DFFE_PN0P_/Q	read_data[31]
23	0.3663	core.w_mem_inst.w_mem[I][J]	core.w_mem_inst.w_mem[I][J]	core.w_mem_inst.w_mem[14][26]$_DFFE_PN0P_/Q	core.w_mem_inst.w_mem[15][61]$_DFFE_PN0P_/D
24	0.4001	next_reg	read_data[I]	next_reg$_DFF_PN0_/Q	read_data[1]
25	0.4198	ready_reg	read_data[I]	ready_reg$_DFF_PN0_/Q	read_data[0]
26	0.4209	init_reg	read_data[I]	init_reg$_DFF_PN0_/Q	read_data[0]
27	0.4248	digest_valid_reg	read_data[I]	digest_valid_reg$_DFF_PN0_/Q	read_data[1]
28	0.4351	work_factor_num_reg[I]	read_data[I]	work_factor_num_reg[14]$_DFFE_PN0P_/Q	read_data[14]
29	0.4430	mode_reg[I]	read_data[I]	mode_reg[1]$_DFFE_PN1P_/Q	read_data[3]
30	0.4571	core.a_reg[I]	core.a_reg[I]	core.a_reg[35]$_DFFE_PN0P_/Q	core.a_reg[55]$_DFFE_PN0P_/D
31	0.4585	work_factor_reg	read_data[I]	work_factor_reg$_DFFE_PN0P_/Q	read_data[7]
32	0.4896	address[I]	block_reg[I][J]	address[1]	block_reg[10][28]$_DFFE_PN0P_/D
33	0.5059	core.f_reg[I]	core.HI_reg[J]	core.f_reg[19]$_DFFE_PN0P_/Q	core.H5_reg[62]$_DFFE_PN0P_/D
34	0.5184	core.work_factor_ctr_reg[I]	core.w_mem_inst.w_mem[I][J]	core.work_factor_ctr_reg[21]$_DFFE_PN0P_/Q	core.w_mem_inst.w_mem[11][52]$_DFFE_PN0P_/D
35	0.5319	core.HI_reg[J]	core.HI_reg[J]	core.H5_reg[19]$_DFFE_PN0P_/Q	core.H5_reg[62]$_DFFE_PN0P_/D
36	0.5366	work_factor_num_reg[I]	core.w_mem_inst.w_mem[I][J]	work_factor_num_reg[22]$_DFFE_PN0P_/QN	core.w_mem_inst.w_mem[11][52]$_DFFE_PN0P_/D
37	0.5576	core.b_reg[I]	core.a_reg[I]	core.b_reg[1]$_DFFE_PN0P_/Q	core.a_reg[55]$_DFFE_PN0P_/D
38	0.5601	core.e_reg[I]	core.HI_reg[J]	core.e_reg[16]$_DFFE_PN0P_/Q	core.H4_reg[59]$_DFFE_PN0P_/D
39	0.5646	core.c_reg[I]	core.a_reg[I]	core.c_reg[1]$_DFFE_PN0P_/Q	core.a_reg[55]$_DFFE_PN0P_/D
40	0.5885	core.work_factor_ctr_reg[I]	core.a_reg[I]	core.work_factor_ctr_reg[9]$_DFFE_PN0P_/Q	core.a_reg[36]$_DFFE_PN0P_/D
41	0.6001	core.work_factor_ctr_reg[I]	core.c_reg[I]	core.work_factor_ctr_reg[9]$_DFFE_PN0P_/Q	core.c_reg[43]$_DFFE_PN0P_/D
42	0.6010	core.work_factor_ctr_reg[I]	core.b_reg[I]	core.work_factor_ctr_reg[9]$_DFFE_PN0P_/Q	core.b_reg[43]$_DFFE_PN0P_/D
43	0.6023	core.b_reg[I]	core.HI_reg[J]	core.b_reg[14]$_DFFE_PN0P_/Q	core.H1_reg[51]$_DFFE_PN0P_/D
44	0.6035	work_factor_num_reg[I]	core.a_reg[I]	work_factor_num_reg[9]$_DFFE_PN0P_/QN	core.a_reg[36]$_DFFE_PN0P_/D
45	0.6045	core.c_reg[I]	core.HI_reg[J]	core.c_reg[10]$_DFFE_PN0P_/Q	core.H2_reg[47]$_DFFE_PN0P_/D
46	0.6094	core.work_factor_ctr_reg[I]	core.d_reg[I]	core.work_factor_ctr_reg[21]$_DFFE_PN0P_/Q	core.d_reg[52]$_DFFE_PN0P_/D
47	0.6114	core.work_factor_ctr_reg[I]	core.f_reg[I]	core.work_factor_ctr_reg[9]$_DFFE_PN0P_/Q	core.f_reg[30]$_DFFE_PN0P_/D
48	0.6117	core.work_factor_ctr_reg[I]	core.g_reg[I]	core.work_factor_ctr_reg[21]$_DFFE_PN0P_/Q	core.g_reg[18]$_DFFE_PN0P_/D
49	0.6151	work_factor_num_reg[I]	core.c_reg[I]	work_factor_num_reg[9]$_DFFE_PN0P_/QN	core.c_reg[43]$_DFFE_PN0P_/D
50	0.6160	work_factor_num_reg[I]	core.b_reg[I]	work_factor_num_reg[9]$_DFFE_PN0P_/QN	core.b_reg[43]$_DFFE_PN0P_/D
51	0.6177	core.work_factor_ctr_reg[I]	core.h_reg[I]	core.work_factor_ctr_reg[9]$_DFFE_PN0P_/Q	core.h_reg[29]$_DFFE_PN0P_/D
52	0.6190	core.work_factor_ctr_reg[I]	core.e_reg[I]	core.work_factor_ctr_reg[21]$_DFFE_PN0P_/Q	core.e_reg[4]$_DFFE_PN0P_/D
53	0.6215	core.work_factor_ctr_reg[I]	core.round_ctr_reg[I]	core.work_factor_ctr_reg[21]$_DFFE_PN0P_/Q	core.round_ctr_reg[4]$_DFFE_PN0P_/D
54	0.6224	core.h_reg[I]	core.HI_reg[J]	core.h_reg[0]$_DFFE_PN0P_/Q	core.H7_reg[32]$_DFFE_PN0P_/D
55	0.6264	work_factor_num_reg[I]	core.f_reg[I]	work_factor_num_reg[9]$_DFFE_PN0P_/QN	core.f_reg[30]$_DFFE_PN0P_/D
56	0.6276	work_factor_num_reg[I]	core.d_reg[I]	work_factor_num_reg[22]$_DFFE_PN0P_/QN	core.d_reg[52]$_DFFE_PN0P_/D
57	0.6299	work_factor_num_reg[I]	core.g_reg[I]	work_factor_num_reg[22]$_DFFE_PN0P_/QN	core.g_reg[18]$_DFFE_PN0P_/D
58	0.6327	work_factor_num_reg[I]	core.h_reg[I]	work_factor_num_reg[9]$_DFFE_PN0P_/QN	core.h_reg[29]$_DFFE_PN0P_/D
59	0.6372	work_factor_num_reg[I]	core.e_reg[I]	work_factor_num_reg[22]$_DFFE_PN0P_/QN	core.e_reg[4]$_DFFE_PN0P_/D
60	0.6397	work_factor_num_reg[I]	core.round_ctr_reg[I]	work_factor_num_reg[22]$_DFFE_PN0P_/QN	core.round_ctr_reg[4]$_DFFE_PN0P_/D
61	0.6555	address[I]	work_factor_num_reg[I]	address[4]	work_factor_num_reg[20]$_DFFE_PN0P_/D
62	0.6598	core.g_reg[I]	core.HI_reg[J]	core.g_reg[18]$_DFFE_PN0P_/Q	core.H6_reg[34]$_DFFE_PN0P_/D
63	0.6612	core.a_reg[I]	core.HI_reg[J]	core.a_reg[29]$_DFFE_PN0P_/Q	core.H0_reg[58]$_DFFE_PN0P_/D
64	0.6828	core.d_reg[I]	core.HI_reg[J]	core.d_reg[15]$_DFFE_PN0P_/Q	core.H3_reg[36]$_DFFE_PN0P_/D
65	0.6854	core.work_factor_ctr_reg[I]	core.HI_reg[J]	core.work_factor_ctr_reg[25]$_DFFE_PN0P_/Q	core.H6_reg[44]$_DFFE_PN0P_/D
66	0.6937	work_factor_num_reg[I]	core.HI_reg[J]	work_factor_num_reg[25]$_DFFE_PN0P_/QN	core.H2_reg[20]$_DFFE_PN0P_/D
67	0.6947	core.shaI_ctrl_reg[J]	core.a_reg[I]	core.sha512_ctrl_reg[0]$_DFF_PN1_/Q	core.a_reg[52]$_DFFE_PN0P_/D
68	0.6959	core.round_ctr_reg[I]	core.work_factor_ctr_reg[I]	core.round_ctr_reg[0]$_DFFE_PN0P_/Q	core.work_factor_ctr_reg[28]$_DFFE_PN0P_/D
69	0.7004	core.shaI_ctrl_reg[J]	core.e_reg[I]	core.sha512_ctrl_reg[0]$_DFF_PN1_/Q	core.e_reg[58]$_DFFE_PN0P_/D
70	0.7037	core.shaI_ctrl_reg[J]	core.c_reg[I]	core.sha512_ctrl_reg[0]$_DFF_PN1_/Q	core.c_reg[52]$_DFFE_PN0P_/D
71	0.7067	core.shaI_ctrl_reg[J]	core.f_reg[I]	core.sha512_ctrl_reg[0]$_DFF_PN1_/Q	core.f_reg[38]$_DFFE_PN0P_/D
72	0.7099	core.shaI_ctrl_reg[J]	core.h_reg[I]	core.sha512_ctrl_reg[0]$_DFF_PN1_/Q	core.h_reg[23]$_DFFE_PN0P_/D
73	0.7127	core.shaI_ctrl_reg[J]	core.g_reg[I]	core.sha512_ctrl_reg[0]$_DFF_PN1_/Q	core.g_reg[14]$_DFFE_PN0P_/D
74	0.7177	init_reg	core.a_reg[I]	init_reg$_DFF_PN0_/Q	core.a_reg[52]$_DFFE_PN0P_/D
75	0.7183	cs	block_reg[I][J]	cs	block_reg[10][28]$_DFFE_PN0P_/D
76	0.7233	init_reg	core.e_reg[I]	init_reg$_DFF_PN0_/Q	core.e_reg[58]$_DFFE_PN0P_/D
77	0.7266	init_reg	core.c_reg[I]	init_reg$_DFF_PN0_/Q	core.c_reg[52]$_DFFE_PN0P_/D
78	0.7296	init_reg	core.f_reg[I]	init_reg$_DFF_PN0_/Q	core.f_reg[38]$_DFFE_PN0P_/D
79	0.7329	init_reg	core.h_reg[I]	init_reg$_DFF_PN0_/Q	core.h_reg[23]$_DFFE_PN0P_/D
80	0.7355	we	block_reg[I][J]	we	block_reg[10][28]$_DFFE_PN0P_/D
81	0.7356	init_reg	core.g_reg[I]	init_reg$_DFF_PN0_/Q	core.g_reg[14]$_DFFE_PN0P_/D
82	0.7411	core.shaI_ctrl_reg[J]	core.HI_reg[J]	core.sha512_ctrl_reg[0]$_DFF_PN1_/Q	core.H6_reg[14]$_DFFE_PN0P_/D
83	0.7450	core.d_reg[I]	core.e_reg[I]	core.d_reg[9]$_DFFE_PN0P_/Q	core.e_reg[28]$_DFFE_PN0P_/D
84	0.7544	core.w_mem_inst.w_ctr_reg[I]	core.w_mem_inst.w_mem[I][J]	core.w_mem_inst.w_ctr_reg[5]$_DFFE_PN0P_/Q	core.w_mem_inst.w_mem[2][5]$_DFFE_PN0P_/D
85	0.7561	address[I]	mode_reg[I]	address[4]	mode_reg[1]$_DFFE_PN1P_/D
86	0.7640	init_reg	core.HI_reg[J]	init_reg$_DFF_PN0_/Q	core.H6_reg[14]$_DFFE_PN0P_/D
87	0.7715	address[I]	work_factor_reg	address[4]	work_factor_reg$_DFFE_PN0P_/D
88	0.7746	core.shaI_ctrl_reg[J]	core.b_reg[I]	core.sha512_ctrl_reg[0]$_DFF_PN1_/Q	core.b_reg[59]$_DFFE_PN0P_/D
89	0.7751	core.shaI_ctrl_reg[J]	core.d_reg[I]	core.sha512_ctrl_reg[0]$_DFF_PN1_/Q	core.d_reg[12]$_DFFE_PN0P_/D
90	0.7823	address[I]	init_reg	address[4]	init_reg$_DFF_PN0_/D
91	0.7897	core.work_factor_ctr_reg[I]	core.w_mem_inst.w_ctr_reg[I]	core.work_factor_ctr_reg[21]$_DFFE_PN0P_/Q	core.w_mem_inst.w_ctr_reg[2]$_DFFE_PN0P_/D
92	0.7939	init_reg	core.b_reg[I]	init_reg$_DFF_PN0_/Q	core.b_reg[59]$_DFFE_PN0P_/D
93	0.7955	address[I]	next_reg	address[4]	next_reg$_DFF_PN0_/D
94	0.7980	init_reg	core.d_reg[I]	init_reg$_DFF_PN0_/Q	core.d_reg[12]$_DFFE_PN0P_/D
95	0.8006	next_reg	core.f_reg[I]	next_reg$_DFF_PN0_/Q	core.f_reg[30]$_DFFE_PN0P_/D
96	0.8067	next_reg	core.h_reg[I]	next_reg$_DFF_PN0_/Q	core.h_reg[29]$_DFFE_PN0P_/D
97	0.8078	work_factor_num_reg[I]	core.w_mem_inst.w_ctr_reg[I]	work_factor_num_reg[22]$_DFFE_PN0P_/QN	core.w_mem_inst.w_ctr_reg[2]$_DFFE_PN0P_/D
98	0.8157	init_reg	core.w_mem_inst.w_mem[I][J]	init_reg$_DFF_PN0_/Q	core.w_mem_inst.w_mem[11][52]$_DFFE_PN0P_/D
99	0.8184	next_reg	core.w_mem_inst.w_mem[I][J]	next_reg$_DFF_PN0_/Q	core.w_mem_inst.w_mem[11][52]$_DFFE_PN0P_/D
100	0.8378	reset_n	block_reg[I][J]	reset_n	block_reg[24][0]$_DFFE_PN0P_/RN
