# stage	1_synth
# top_module	sha512
# top_n	100
# kind	blocks
# include_full	1
# rank	worst_slack_ns	start	end	start_full	end_full
1	-0.4695	core.w_mem_inst.w_mem[I][J]	core.a_reg[I]	core.w_mem_inst.w_mem[14][10]$_DFFE_PN0P_/Q	core.a_reg[63]$_DFFE_PN0P_/D
2	-0.3079	core.w_mem_inst.w_mem[I][J]	core.e_reg[I]	core.w_mem_inst.w_mem[14][10]$_DFFE_PN0P_/Q	core.e_reg[62]$_DFFE_PN0P_/D
3	-0.2380	address[I]	read_data[I]	address[4]	read_data[16]
4	-0.1624	core.e_reg[I]	core.e_reg[I]	core.e_reg[31]$_DFFE_PN0P_/Q	core.e_reg[62]$_DFFE_PN0P_/D
5	-0.1197	core.f_reg[I]	core.e_reg[I]	core.f_reg[13]$_DFFE_PN0P_/Q	core.e_reg[62]$_DFFE_PN0P_/D
6	-0.1127	core.g_reg[I]	core.e_reg[I]	core.g_reg[13]$_DFFE_PN0P_/Q	core.e_reg[62]$_DFFE_PN0P_/D
7	-0.1104	address[I]	error	address[4]	error
8	-0.0827	core.w_mem_inst.w_ctr_reg[I]	core.a_reg[I]	core.w_mem_inst.w_ctr_reg[3]$_DFFE_PN0P_/Q	core.a_reg[63]$_DFFE_PN0P_/D
9	-0.0481	core.e_reg[I]	core.a_reg[I]	core.e_reg[31]$_DFFE_PN0P_/Q	core.a_reg[63]$_DFFE_PN0P_/D
10	-0.0197	core.h_reg[I]	core.e_reg[I]	core.h_reg[13]$_DFFE_PN0P_/Q	core.e_reg[62]$_DFFE_PN0P_/D
11	-0.0053	core.f_reg[I]	core.a_reg[I]	core.f_reg[13]$_DFFE_PN0P_/Q	core.a_reg[63]$_DFFE_PN0P_/D
12	0.0016	core.g_reg[I]	core.a_reg[I]	core.g_reg[13]$_DFFE_PN0P_/Q	core.a_reg[63]$_DFFE_PN0P_/D
13	0.0403	core.round_ctr_reg[I]	core.e_reg[I]	core.round_ctr_reg[3]$_DFFE_PN0P_/Q	core.e_reg[62]$_DFFE_PN0P_/D
14	0.0421	core.round_ctr_reg[I]	core.a_reg[I]	core.round_ctr_reg[3]$_DFFE_PN0P_/Q	core.a_reg[63]$_DFFE_PN0P_/D
15	0.0479	core.w_mem_inst.w_ctr_reg[I]	core.e_reg[I]	core.w_mem_inst.w_ctr_reg[3]$_DFFE_PN0P_/Q	core.e_reg[62]$_DFFE_PN0P_/D
16	0.0805	core.h_reg[I]	core.a_reg[I]	core.h_reg[1]$_DFFE_PN0P_/Q	core.a_reg[63]$_DFFE_PN0P_/D
17	0.0908	we	read_data[I]	we	read_data[10]
18	0.1115	cs	read_data[I]	cs	read_data[10]
19	0.2122	we	error	we	error
20	0.2561	cs	error	cs	error
21	0.2994	address[I]	block_reg[I][J]	address[4]	block_reg[15][10]$_DFFE_PN0P_/D
22	0.3071	core.a_reg[I]	core.a_reg[I]	core.a_reg[37]$_DFFE_PN0P_/Q	core.a_reg[63]$_DFFE_PN0P_/D
23	0.3340	address[I]	work_factor_num_reg[I]	address[4]	work_factor_num_reg[10]$_DFFE_PN0P_/D
24	0.3732	core.b_reg[I]	core.a_reg[I]	core.b_reg[9]$_DFFE_PN0P_/Q	core.a_reg[63]$_DFFE_PN0P_/D
25	0.3771	core.c_reg[I]	core.a_reg[I]	core.c_reg[9]$_DFFE_PN0P_/Q	core.a_reg[63]$_DFFE_PN0P_/D
26	0.4578	core.w_mem_inst.w_mem[I][J]	core.w_mem_inst.w_mem[I][J]	core.w_mem_inst.w_mem[14][7]$_DFFE_PN0P_/Q	core.w_mem_inst.w_mem[15][61]$_DFFE_PN0P_/D
27	0.4666	address[I]	work_factor_reg	address[4]	work_factor_reg$_DFFE_PN0P_/D
28	0.4669	address[I]	mode_reg[I]	address[4]	mode_reg[0]$_DFFE_PN1P_/D
29	0.4957	address[I]	init_reg	address[4]	init_reg$_DFF_PN0_/D
30	0.4957	address[I]	next_reg	address[4]	next_reg$_DFF_PN0_/D
31	0.5710	digest_reg[I]	read_data[I]	digest_reg[269]$_DFFE_PN0P_/Q	read_data[13]
32	0.5869	block_reg[I][J]	read_data[I]	block_reg[30][6]$_DFFE_PN0P_/Q	read_data[6]
33	0.6023	we	block_reg[I][J]	we	block_reg[15][10]$_DFFE_PN0P_/D
34	0.6024	cs	block_reg[I][J]	cs	block_reg[15][10]$_DFFE_PN0P_/D
35	0.6450	we	work_factor_num_reg[I]	we	work_factor_num_reg[10]$_DFFE_PN0P_/D
36	0.6659	cs	work_factor_num_reg[I]	cs	work_factor_num_reg[10]$_DFFE_PN0P_/D
37	0.6760	core.d_reg[I]	core.e_reg[I]	core.d_reg[11]$_DFFE_PN0P_/Q	core.e_reg[62]$_DFFE_PN0P_/D
38	0.7432	init_reg	read_data[I]	init_reg$_DFF_PN0_/Q	read_data[0]
39	0.7595	work_factor_num_reg[I]	read_data[I]	work_factor_num_reg[8]$_DFFE_PN0P_/Q	read_data[8]
40	0.7809	ready_reg	read_data[I]	ready_reg$_DFF_PN0_/Q	read_data[0]
41	0.7819	mode_reg[I]	read_data[I]	mode_reg[1]$_DFFE_PN1P_/Q	read_data[3]
42	0.7882	next_reg	read_data[I]	next_reg$_DFF_PN0_/Q	read_data[1]
43	0.7936	digest_valid_reg	read_data[I]	digest_valid_reg$_DFF_PN0_/Q	read_data[1]
44	0.7996	work_factor_reg	read_data[I]	work_factor_reg$_DFFE_PN0P_/Q	read_data[7]
45	0.8016	we	work_factor_reg	we	work_factor_reg$_DFFE_PN0P_/D
46	0.8019	we	mode_reg[I]	we	mode_reg[0]$_DFFE_PN1P_/D
47	0.8033	cs	work_factor_reg	cs	work_factor_reg$_DFFE_PN0P_/D
48	0.8036	write_data[I]	block_reg[I][J]	write_data[0]	block_reg[0][0]$_DFFE_PN0P_/D
49	0.8036	write_data[I]	work_factor_num_reg[I]	write_data[0]	work_factor_num_reg[0]$_DFFE_PN0P_/D
50	0.8037	cs	mode_reg[I]	cs	mode_reg[0]$_DFFE_PN1P_/D
51	0.8084	core.e_reg[I]	core.HI_reg[J]	core.e_reg[4]$_DFFE_PN0P_/Q	core.H4_reg[63]$_DFFE_PN0P_/D
52	0.8105	core.HI_reg[J]	core.HI_reg[J]	core.H4_reg[0]$_DFFE_PN0P_/Q	core.H4_reg[48]$_DFFE_PN0P_/D
53	0.8188	core.g_reg[I]	core.HI_reg[J]	core.g_reg[11]$_DFFE_PN0P_/Q	core.H6_reg[60]$_DFFE_PN0P_/D
54	0.8285	core.b_reg[I]	core.HI_reg[J]	core.b_reg[10]$_DFFE_PN0P_/Q	core.H1_reg[47]$_DFFE_PN0P_/D
55	0.8291	core.f_reg[I]	core.HI_reg[J]	core.f_reg[6]$_DFFE_PN0P_/Q	core.H5_reg[57]$_DFFE_PN0P_/D
56	0.8294	core.a_reg[I]	core.HI_reg[J]	core.a_reg[24]$_DFFE_PN0P_/Q	core.H0_reg[61]$_DFFE_PN0P_/D
57	0.8306	core.d_reg[I]	core.HI_reg[J]	core.d_reg[15]$_DFFE_PN0P_/Q	core.H3_reg[57]$_DFFE_PN0P_/D
58	0.8307	we	init_reg	we	init_reg$_DFF_PN0_/D
59	0.8307	we	next_reg	we	next_reg$_DFF_PN0_/D
60	0.8325	cs	init_reg	cs	init_reg$_DFF_PN0_/D
61	0.8325	cs	next_reg	cs	next_reg$_DFF_PN0_/D
62	0.8400	write_data[I]	init_reg	write_data[0]	init_reg$_DFF_PN0_/D
63	0.8400	write_data[I]	next_reg	write_data[1]	next_reg$_DFF_PN0_/D
64	0.8467	core.h_reg[I]	core.HI_reg[J]	core.h_reg[9]$_DFFE_PN0P_/Q	core.H7_reg[50]$_DFFE_PN0P_/D
65	0.8531	core.c_reg[I]	core.HI_reg[J]	core.c_reg[9]$_DFFE_PN0P_/Q	core.H2_reg[63]$_DFFE_PN0P_/D
66	0.8621	write_data[I]	work_factor_reg	write_data[7]	work_factor_reg$_DFFE_PN0P_/D
67	0.8624	write_data[I]	mode_reg[I]	write_data[2]	mode_reg[0]$_DFFE_PN1P_/D
68	0.9053	core.work_factor_ctr_reg[I]	core.a_reg[I]	core.work_factor_ctr_reg[13]$_DFFE_PN0P_/Q	core.a_reg[62]$_DFFE_PN0P_/D
69	0.9101	core.work_factor_ctr_reg[I]	core.HI_reg[J]	core.work_factor_ctr_reg[13]$_DFFE_PN0P_/Q	core.H1_reg[11]$_DFFE_PN0P_/D
70	0.9116	core.work_factor_ctr_reg[I]	core.e_reg[I]	core.work_factor_ctr_reg[13]$_DFFE_PN0P_/Q	core.e_reg[51]$_DFFE_PN0P_/D
71	0.9116	core.work_factor_ctr_reg[I]	core.g_reg[I]	core.work_factor_ctr_reg[13]$_DFFE_PN0P_/Q	core.g_reg[29]$_DFFE_PN0P_/D
72	0.9116	core.work_factor_ctr_reg[I]	core.h_reg[I]	core.work_factor_ctr_reg[13]$_DFFE_PN0P_/Q	core.h_reg[22]$_DFFE_PN0P_/D
73	0.9116	core.work_factor_ctr_reg[I]	core.b_reg[I]	core.work_factor_ctr_reg[13]$_DFFE_PN0P_/Q	core.b_reg[10]$_DFFE_PN0P_/D
74	0.9126	core.work_factor_ctr_reg[I]	core.c_reg[I]	core.work_factor_ctr_reg[13]$_DFFE_PN0P_/Q	core.c_reg[12]$_DFFE_PN0P_/D
75	0.9203	work_factor_num_reg[I]	core.a_reg[I]	work_factor_num_reg[9]$_DFFE_PN0P_/QN	core.a_reg[62]$_DFFE_PN0P_/D
76	0.9205	core.work_factor_ctr_reg[I]	core.w_mem_inst.w_ctr_reg[I]	core.work_factor_ctr_reg[13]$_DFFE_PN0P_/Q	core.w_mem_inst.w_ctr_reg[4]$_DFFE_PN0P_/D
77	0.9205	core.work_factor_ctr_reg[I]	core.w_mem_inst.w_mem[I][J]	core.work_factor_ctr_reg[17]$_DFFE_PN0P_/Q	core.w_mem_inst.w_mem[0][0]$_DFFE_PN0P_/D
78	0.9227	core.work_factor_ctr_reg[I]	core.round_ctr_reg[I]	core.work_factor_ctr_reg[13]$_DFFE_PN0P_/Q	core.round_ctr_reg[6]$_DFFE_PN0P_/D
79	0.9252	work_factor_num_reg[I]	core.HI_reg[J]	work_factor_num_reg[9]$_DFFE_PN0P_/QN	core.H1_reg[11]$_DFFE_PN0P_/D
80	0.9267	work_factor_num_reg[I]	core.e_reg[I]	work_factor_num_reg[9]$_DFFE_PN0P_/QN	core.e_reg[51]$_DFFE_PN0P_/D
81	0.9267	work_factor_num_reg[I]	core.g_reg[I]	work_factor_num_reg[9]$_DFFE_PN0P_/QN	core.g_reg[29]$_DFFE_PN0P_/D
82	0.9267	work_factor_num_reg[I]	core.h_reg[I]	work_factor_num_reg[9]$_DFFE_PN0P_/QN	core.h_reg[22]$_DFFE_PN0P_/D
83	0.9267	work_factor_num_reg[I]	core.b_reg[I]	work_factor_num_reg[9]$_DFFE_PN0P_/QN	core.b_reg[10]$_DFFE_PN0P_/D
84	0.9276	work_factor_num_reg[I]	core.c_reg[I]	work_factor_num_reg[9]$_DFFE_PN0P_/QN	core.c_reg[12]$_DFFE_PN0P_/D
85	0.9321	core.work_factor_ctr_reg[I]	core.d_reg[I]	core.work_factor_ctr_reg[13]$_DFFE_PN0P_/Q	core.d_reg[10]$_DFFE_PN0P_/D
86	0.9354	core.work_factor_ctr_reg[I]	core.f_reg[I]	core.work_factor_ctr_reg[13]$_DFFE_PN0P_/Q	core.f_reg[63]$_DFFE_PN0P_/D
87	0.9355	work_factor_num_reg[I]	core.w_mem_inst.w_ctr_reg[I]	work_factor_num_reg[9]$_DFFE_PN0P_/QN	core.w_mem_inst.w_ctr_reg[4]$_DFFE_PN0P_/D
88	0.9362	core.work_factor_ctr_reg[I]	core.digest_valid_reg	core.work_factor_ctr_reg[13]$_DFFE_PN0P_/Q	core.digest_valid_reg$_DFFE_PN0P_/D
89	0.9365	core.work_factor_ctr_reg[I]	core.ready_reg	core.work_factor_ctr_reg[13]$_DFFE_PN0P_/Q	core.ready_reg$_DFFE_PN1P_/D
90	0.9378	work_factor_num_reg[I]	core.round_ctr_reg[I]	work_factor_num_reg[9]$_DFFE_PN0P_/QN	core.round_ctr_reg[6]$_DFFE_PN0P_/D
91	0.9471	work_factor_num_reg[I]	core.d_reg[I]	work_factor_num_reg[9]$_DFFE_PN0P_/QN	core.d_reg[10]$_DFFE_PN0P_/D
92	0.9504	work_factor_num_reg[I]	core.f_reg[I]	work_factor_num_reg[9]$_DFFE_PN0P_/QN	core.f_reg[63]$_DFFE_PN0P_/D
93	0.9512	work_factor_num_reg[I]	core.digest_valid_reg	work_factor_num_reg[9]$_DFFE_PN0P_/QN	core.digest_valid_reg$_DFFE_PN0P_/D
94	0.9515	work_factor_num_reg[I]	core.ready_reg	work_factor_num_reg[9]$_DFFE_PN0P_/QN	core.ready_reg$_DFFE_PN1P_/D
95	0.9531	work_factor_num_reg[I]	core.w_mem_inst.w_mem[I][J]	work_factor_num_reg[25]$_DFFE_PN0P_/QN	core.w_mem_inst.w_mem[0][0]$_DFFE_PN0P_/D
96	0.9780	core.round_ctr_reg[I]	core.work_factor_ctr_reg[I]	core.round_ctr_reg[5]$_DFFE_PN0P_/Q	core.work_factor_ctr_reg[31]$_DFFE_PN0P_/D
97	1.0279	core.round_ctr_reg[I]	core.round_ctr_reg[I]	core.round_ctr_reg[3]$_DFFE_PN0P_/Q	core.round_ctr_reg[5]$_DFFE_PN0P_/D
98	1.0293	core.work_factor_ctr_reg[I]	core.shaI_ctrl_reg[J]	core.work_factor_ctr_reg[13]$_DFFE_PN0P_/Q	core.sha512_ctrl_reg[0]$_DFF_PN1_/D
99	1.0304	reset_n	core.ready_reg	reset_n	core.ready_reg$_DFFE_PN1P_/SN
100	1.0304	reset_n	core.shaI_ctrl_reg[J]	reset_n	core.sha512_ctrl_reg[0]$_DFF_PN1_/SN
