# stage	6_final
# top_module	ddr3_controller
# top_n	100
# kind	blocks
# include_full	1
# rank	worst_slack_ns	start	end	start_full	end_full
1	-0.3386	index_wb_data	o_wb_data[I]	index_wb_data$_SDFFE_PP0P_/Q	o_wb_data[394]
2	-0.3265	lane[I]	o_phy_odelay_dqs_cntvaluein[I]	lane[1]$_SDFFE_PP0P_/Q	o_phy_odelay_dqs_cntvaluein[3]
3	-0.3238	lane[I]	o_phy_idelay_dqs_cntvaluein[I]	lane[1]$_SDFFE_PP0P_/Q	o_phy_idelay_dqs_cntvaluein[4]
4	-0.3227	lane[I]	o_phy_odelay_data_cntvaluein[I]	lane[1]$_SDFFE_PP0P_/Q	o_phy_odelay_data_cntvaluein[0]
5	-0.3216	lane[I]	o_phy_idelay_data_cntvaluein[I]	lane[1]$_SDFFE_PP0P_/Q	o_phy_idelay_data_cntvaluein[3]
6	-0.2987	stageI_bank[J]	o_wb_stall_int_q	stage2_bank[2]$_SDFF_PP0_/Q	o_wb_stall_int_q$_SDFF_PP1_/D
7	-0.2891	stageI_bank[J]	o_phy_cmd[I]	stage2_bank[2]$_SDFF_PP0_/Q	o_phy_cmd[3]
8	-0.2880	stageI_do_act	o_phy_cmd[I]	stage2_do_act$_SDFF_PP0_/Q	o_phy_cmd[3]
9	-0.2849	stageI_bank[J]	stageI_do_wr_or_rd	stage2_bank[2]$_SDFF_PP0_/Q	stage2_do_wr_or_rd$_SDFF_PP0_/D
10	-0.2830	stageI_do_pre	o_phy_cmd[I]	stage2_do_pre$_SDFF_PP0_/Q	o_phy_cmd[30]
11	-0.2826	stageI_pending	o_phy_cmd[I]	stage2_pending$_SDFFE_PP0P_/Q	o_phy_cmd[30]
12	-0.2768	stageI_next_bank[J]	o_phy_cmd[I]	stage1_next_bank[0]$_SDFFE_PP0P_/Q	o_phy_cmd[3]
13	-0.2709	stageI_bank[J]	stageI_do_pre	stage2_bank[2]$_SDFF_PP0_/Q	stage2_do_pre$_SDFF_PP0_/D
14	-0.2619	stageI_do_wr_or_rd	o_phy_cmd[I]	stage2_do_wr_or_rd$_SDFF_PP0_/Q	o_phy_cmd[86]
15	-0.2565	stageI_pending	o_wb_stall_int_q	stage2_pending$_SDFFE_PP0P_/Q	o_wb_stall_int_q$_SDFF_PP1_/D
16	-0.2522	stageI_do_act	o_wb_stall_int_q	stage2_do_act$_SDFF_PP0_/Q	o_wb_stall_int_q$_SDFF_PP1_/D
17	-0.2486	stageI_next_bank[J]	o_wb_stall_int_q	stage1_next_bank[1]$_SDFFE_PP0P_/Q	o_wb_stall_int_q$_SDFF_PP1_/D
18	-0.2437	stageI_do_pre	o_wb_stall_int_q	stage2_do_pre$_SDFF_PP0_/Q	o_wb_stall_int_q$_SDFF_PP1_/D
19	-0.2431	state_calibrate[I]	o_phy_cmd[I]	state_calibrate[0]$_SDFFE_PP0P_/Q	o_phy_cmd[69]
20	-0.2344	lane[I]	state_calibrate[I]	lane[1]$_SDFFE_PP0P_/Q	state_calibrate[2]$_SDFFE_PP0P_/D
21	-0.2340	stageI_do_act	stageI_do_wr_or_rd	stage2_do_act$_SDFF_PP0_/Q	stage2_do_wr_or_rd$_SDFF_PP0_/D
22	-0.2312	stageI_pending	stageI_do_wr_or_rd	stage2_pending$_SDFFE_PP0P_/Q	stage2_do_wr_or_rd$_SDFF_PP0_/D
23	-0.2303	stageI_do_wr	o_phy_cmd[I]	stage2_do_wr$_SDFF_PP0_/Q	o_phy_cmd[86]
24	-0.2274	lane[I]	prev_write_level_feedback	lane[1]$_SDFFE_PP0P_/Q	prev_write_level_feedback$_SDFFE_PP1P_/D
25	-0.2236	stageI_do_pre	stageI_do_wr_or_rd	stage2_do_pre$_SDFF_PP0_/Q	stage2_do_wr_or_rd$_SDFF_PP0_/D
26	-0.2234	stageI_next_bank[J]	stageI_do_wr_or_rd	stage1_next_bank[1]$_SDFFE_PP0P_/Q	stage2_do_wr_or_rd$_SDFF_PP0_/D
27	-0.2227	lane[I]	sample_clk_repeat[I]	lane[1]$_SDFFE_PP0P_/Q	sample_clk_repeat[1]$_SDFFCE_PP0P_/D
28	-0.2213	stageI_bank[J]	stageI_do_update_delay_before_write_after_act	stage2_bank[2]$_SDFF_PP0_/Q	stage2_do_update_delay_before_write_after_act$_SDFF_PP0_/D
29	-0.2200	stageI_do_act	stageI_do_pre	stage2_do_act$_SDFF_PP0_/Q	stage2_do_pre$_SDFF_PP0_/D
30	-0.2194	lane[I]	o_phy_write_leveling_calib	lane[1]$_SDFFE_PP0P_/Q	o_phy_write_leveling_calib$_SDFFE_PP0P_/D
31	-0.2182	lane[I]	dqs_start_index_stored[I]	lane[1]$_SDFFE_PP0P_/Q	dqs_start_index_stored[1]$_SDFFE_PP0P_/D
32	-0.2180	stageI_bank[J]	stageI_do_wr	stage2_bank[2]$_SDFF_PP0_/Q	stage2_do_wr$_SDFF_PP0_/D
33	-0.2172	stageI_pending	stageI_do_pre	stage2_pending$_SDFFE_PP0P_/Q	stage2_do_pre$_SDFF_PP0_/D
34	-0.2167	stageI_bank[J]	stageI_do_rd	stage2_bank[2]$_SDFF_PP0_/Q	stage2_do_rd$_SDFF_PP0_/D
35	-0.2159	index_wb_data	reset_from_test	index_wb_data$_SDFFE_PP0P_/Q	reset_from_test$_SDFF_PP0_/D
36	-0.2159	o_wb_data_q[I][J]	o_wb_data[I]	o_wb_data_q[0][370]$_SDFFE_PP0P_/Q	o_wb_data[370]
37	-0.2101	stageI_do_rd	o_phy_cmd[I]	stage2_do_rd$_SDFF_PP0_/Q	o_phy_cmd[56]
38	-0.2097	stageI_do_pre	stageI_do_pre	stage2_do_pre$_SDFF_PP0_/Q	stage2_do_pre$_SDFF_PP0_/D
39	-0.2094	stageI_next_bank[J]	stageI_do_pre	stage1_next_bank[1]$_SDFFE_PP0P_/Q	stage2_do_pre$_SDFF_PP0_/D
40	-0.2087	lane[I]	lane[I]	lane[1]$_SDFFE_PP0P_/Q	lane[2]$_SDFFE_PP0P_/D
41	-0.2078	stageI_bank[J]	stageI_do_update_delay_before_read_after_act	stage2_bank[2]$_SDFF_PP0_/Q	stage2_do_update_delay_before_read_after_act$_SDFF_PP0_/D
42	-0.2065	lane[I]	stored_write_level_feedback	lane[1]$_SDFFE_PP0P_/Q	stored_write_level_feedback$_SDFFCE_PN0P_/D
43	-0.2059	lane[I]	data_start_index[I][J]	lane[1]$_SDFFE_PP0P_/Q	data_start_index[1][6]$_SDFFCE_PN0P_/D
44	-0.2036	lane[I]	write_pattern_lane[I]	lane[1]$_SDFFE_PP0P_/Q	write_pattern_lane[34]$_SDFF_PP0_/D
45	-0.1969	lane[I]	added_read_pipe_max	lane[1]$_SDFFE_PP0P_/Q	added_read_pipe_max$_SDFFE_PP0P_/D
46	-0.1909	idelay_data_cntvaluein[I][J]	o_phy_idelay_data_cntvaluein[I]	idelay_data_cntvaluein[4][2]$_SDFFCE_PN0P_/Q	o_phy_idelay_data_cntvaluein[2]
47	-0.1877	lane[I]	o_phy_bitslip[I]	lane[1]$_SDFFE_PP0P_/Q	o_phy_bitslip[0]$_SDFF_PP0_/D
48	-0.1869	idelay_dqs_cntvaluein[I][J]	o_phy_idelay_dqs_cntvaluein[I]	idelay_dqs_cntvaluein[3][4]$_SDFFCE_PN0P_/Q	o_phy_idelay_dqs_cntvaluein[4]
49	-0.1846	odelay_dqs_cntvaluein[I][J]	o_phy_odelay_dqs_cntvaluein[I]	odelay_dqs_cntvaluein[0][3]$_SDFFCE_PN1P_/Q	o_phy_odelay_dqs_cntvaluein[3]
50	-0.1845	odelay_data_cntvaluein[I][J]	o_phy_odelay_data_cntvaluein[I]	odelay_data_cntvaluein[1][4]$_SDFFCE_PN0P_/Q	o_phy_odelay_data_cntvaluein[4]
51	-0.1768	stageI_row[J]	o_phy_cmd[I]	stage2_row[7]$_SDFF_PP0_/Q	o_phy_cmd[31]
52	-0.1671	lane[I]	train_delay[I]	lane[1]$_SDFFE_PP0P_/Q	train_delay[1]$_SDFF_PP0_/D
53	-0.1670	lane[I]	dqs_start_index_repeat	lane[1]$_SDFFE_PP0P_/Q	dqs_start_index_repeat$_SDFFE_PP0P_/D
54	-0.1653	lane[I]	initial_dqs	lane[1]$_SDFFE_PP0P_/Q	initial_dqs$_SDFFE_PP1P_/D
55	-0.1519	stageI_bank[J]	delay_before_write_counter_q[I][J]	stage2_bank[2]$_SDFF_PP0_/Q	delay_before_write_counter_q[1][0]$_SDFF_PP0_/D
56	-0.1494	lane[I]	read_lane_data[I]	lane[1]$_SDFFE_PP0P_/Q	read_lane_data[26]$_SDFF_PP0_/D
57	-0.1444	lane[I]	dqs_bitslip_arrangement[I]	lane[1]$_SDFFE_PP0P_/Q	dqs_bitslip_arrangement[4]$_SDFFE_PP0P_/D
58	-0.1433	lane[I]	added_read_pipe[I]	lane[1]$_SDFFE_PP0P_/Q	added_read_pipe[0]$_SDFFCE_PN0P_/D
59	-0.1430	delay_before_read_data[I]	o_phy_cmd[I]	delay_before_read_data[1]$_SDFF_PP0_/QN	o_phy_cmd[69]
60	-0.1402	lane[I]	dq_target_index[I][J]	lane[1]$_SDFFE_PP0P_/Q	dq_target_index[0][5]$_SDFFCE_PN0P_/D
61	-0.1393	o_wb_stall_int_q	o_wb_stall	o_wb_stall_int_q$_SDFF_PP1_/Q	o_wb_stall
62	-0.1364	sync_rst_controller	o_phy_reset	sync_rst_controller$_DFF_P_/Q	o_phy_reset
63	-0.1362	stageI_do_act	stageI_do_update_delay_before_write_after_act	stage2_do_act$_SDFF_PP0_/Q	stage2_do_update_delay_before_write_after_act$_SDFF_PP0_/D
64	-0.1345	stageI_do_act	stageI_do_rd	stage2_do_act$_SDFF_PP0_/Q	stage2_do_rd$_SDFF_PP0_/D
65	-0.1330	stageI_do_act	stageI_do_wr	stage2_do_act$_SDFF_PP0_/Q	stage2_do_wr$_SDFF_PP0_/D
66	-0.1330	instruction[I]	o_phy_cmd[I]	instruction[16]$_SDFFE_PP0P_/Q	o_phy_cmd[38]
67	-0.1278	stageI_do_wr_or_rd	stageI_do_wr_or_rd	stage2_do_wr_or_rd$_SDFF_PP0_/Q	stage2_do_wr_or_rd$_SDFF_PP0_/D
68	-0.1256	stageI_do_act	stageI_do_update_delay_before_read_after_act	stage2_do_act$_SDFF_PP0_/Q	stage2_do_update_delay_before_read_after_act$_SDFF_PP0_/D
69	-0.1212	stageI_bank[J]	stageI_do_update_delay_before_precharge_after_wr	stage2_bank[2]$_SDFF_PP0_/Q	stage2_do_update_delay_before_precharge_after_wr$_SDFF_PP0_/D
70	-0.1185	lane[I]	start_index_check[I]	lane[1]$_SDFFE_PP0P_/Q	start_index_check[4]$_SDFFCE_PN0P_/D
71	-0.1183	stageI_pending	stageI_do_rd	stage2_pending$_SDFFE_PP0P_/Q	stage2_do_rd$_SDFF_PP0_/D
72	-0.1177	stageI_do_wr	stageI_do_wr_or_rd	stage2_do_wr$_SDFF_PP0_/Q	stage2_do_wr_or_rd$_SDFF_PP0_/D
73	-0.1139	stageI_do_wr_or_rd	stageI_do_pre	stage2_do_wr_or_rd$_SDFF_PP0_/Q	stage2_do_pre$_SDFF_PP0_/D
74	-0.1115	stageI_bank[J]	delay_before_read_counter_q[I][J]	stage2_bank[2]$_SDFF_PP0_/Q	delay_before_read_counter_q[6][1]$_SDFF_PP0_/D
75	-0.1108	final_calibration_done	o_wb_ack	final_calibration_done$_SDFFE_PP0P_/Q	o_wb_ack
76	-0.1101	write_calib_odt	o_phy_cmd[I]	write_calib_odt$_SDFFE_PP0P_/Q	o_phy_cmd[19]
77	-0.1093	stageI_pending	stageI_do_update_delay_before_read_after_act	stage2_pending$_SDFFE_PP0P_/Q	stage2_do_update_delay_before_read_after_act$_SDFF_PP0_/D
78	-0.1078	stageI_do_pre	stageI_do_rd	stage2_do_pre$_SDFF_PP0_/Q	stage2_do_rd$_SDFF_PP0_/D
79	-0.1077	stageI_bank[J]	stageI_do_act	stage2_bank[2]$_SDFF_PP0_/Q	stage1_do_act$_SDFF_PP0_/D
80	-0.1055	stageI_pending	stageI_do_update_delay_before_write_after_act	stage2_pending$_SDFFE_PP0P_/Q	stage2_do_update_delay_before_write_after_act$_SDFF_PP0_/D
81	-0.1037	stageI_do_wr	stageI_do_pre	stage2_do_wr$_SDFF_PP0_/Q	stage2_do_pre$_SDFF_PP0_/D
82	-0.1030	cmd_odt_q	o_phy_cmd[I]	cmd_odt_q$_SDFF_PP0_/Q	o_phy_cmd[19]
83	-0.1028	stageI_pending	stageI_do_wr	stage2_pending$_SDFFE_PP0P_/Q	stage2_do_wr$_SDFF_PP0_/D
84	-0.1022	state_calibrate[I]	o_debugI[J]	state_calibrate[2]$_SDFFE_PP0P_/Q	o_debug1[2]
85	-0.1006	read_lane_data_shifted[I]	state_calibrate[I]	read_lane_data_shifted[13]$_SDFF_PP0_/Q	state_calibrate[2]$_SDFFE_PP0P_/D
86	-0.1005	stageI_do_rd	stageI_do_wr_or_rd	stage2_do_rd$_SDFF_PP0_/Q	stage2_do_wr_or_rd$_SDFF_PP0_/D
87	-0.1000	data_start_index[I][J]	unaligned_data[I][J]	data_start_index[5][0]$_SDFFCE_PN0P_/Q	unaligned_data[5][60]$_SDFF_PP0_/D
88	-0.0988	stageI_do_pre	stageI_do_update_delay_before_read_after_act	stage2_do_pre$_SDFF_PP0_/Q	stage2_do_update_delay_before_read_after_act$_SDFF_PP0_/D
89	-0.0961	stageI_do_pre	stageI_do_update_delay_before_write_after_act	stage2_do_pre$_SDFF_PP0_/Q	stage2_do_update_delay_before_write_after_act$_SDFF_PP0_/D
90	-0.0955	lane[I]	pause_counter	lane[1]$_SDFFE_PP0P_/Q	pause_counter$_SDFFE_PP0P_/D
91	-0.0928	stageI_do_pre	stageI_do_wr	stage2_do_pre$_SDFF_PP0_/Q	stage2_do_wr$_SDFF_PP0_/D
92	-0.0905	o_wb_ack_read_q[I][J]	state_calibrate[I]	o_wb_ack_read_q[0][9]$_SDFF_PP0_/Q	state_calibrate[2]$_SDFFE_PP0P_/D
93	-0.0878	stageI_do_wr_or_rd	o_wb_stall_int_q	stage2_do_wr_or_rd$_SDFF_PP0_/Q	o_wb_stall_int_q$_SDFF_PP1_/D
94	-0.0875	o_wb_data_q[I][J]	reset_from_test	o_wb_data_q[1][137]$_SDFFE_PP0P_/Q	reset_from_test$_SDFF_PP0_/D
95	-0.0865	stageI_do_rd	stageI_do_pre	stage2_do_rd$_SDFF_PP0_/Q	stage2_do_pre$_SDFF_PP0_/D
96	-0.0861	delay_before_read_counter_q[I][J]	o_wb_stall_int_q	delay_before_read_counter_q[5][0]$_SDFF_PP0_/QN	o_wb_stall_int_q$_SDFF_PP1_/D
97	-0.0861	force_o_wb_stall_high_q	o_wb_stall	force_o_wb_stall_high_q$_SDFF_PP0_/Q	o_wb_stall
98	-0.0848	data_start_index[I][J]	write_pattern_lane[I]	data_start_index[4][0]$_SDFFCE_PN0P_/Q	write_pattern_lane[22]$_SDFF_PP0_/D
99	-0.0840	stageI_do_wr	o_wb_stall_int_q	stage2_do_wr$_SDFF_PP0_/Q	o_wb_stall_int_q$_SDFF_PP1_/D
100	-0.0822	stageI_pending	stageI_do_act	stage2_pending$_SDFFE_PP0P_/Q	stage2_do_act$_SDFF_PP0_/D
