# stage	6_final
# top_module	sha512
# top_n	100
# kind	blocks
# include_full	1
# rank	worst_slack_ns	start	end	start_full	end_full
1	-0.2017	address[I]	read_data[I]	address[2]	read_data[9]
2	0.0013	address[I]	error	address[6]	error
3	0.0197	we	read_data[I]	we	read_data[11]
4	0.0322	cs	read_data[I]	cs	read_data[8]
5	0.1115	core.w_mem_inst.w_mem[I][J]	core.w_mem_inst.w_pre_reg[I]	core.w_mem_inst.w_mem[14][15]$_DFFE_PN0P_/Q	core.w_mem_inst.w_pre_reg[46]$_DFFE_PP_/D
6	0.1149	core.e_reg[I]	core.a_reg[I]	core.e_reg[21]$_DFFE_PN0P_/Q	core.a_reg[51]$_DFFE_PN0P_/D
7	0.1204	core.e_reg[I]	core.e_reg[I]	core.e_reg[20]$_DFFE_PN0P_/Q	core.e_reg[63]$_DFFE_PN0P_/D
8	0.1404	core.a_reg[I]	core.a_reg[I]	core.a_reg[56]$_DFFE_PN0P_/Q	core.a_reg[50]$_DFFE_PN0P_/D
9	0.1417	core.f_reg[I]	core.a_reg[I]	core.f_reg[44]$_DFFE_PN0P_/Q	core.a_reg[62]$_DFFE_PN0P_/D
10	0.1519	core.g_reg[I]	core.a_reg[I]	core.g_reg[44]$_DFFE_PN0P_/Q	core.a_reg[62]$_DFFE_PN0P_/D
11	0.1598	digest_reg[I]	read_data[I]	digest_reg[381]$_DFFE_PN0P_/Q	read_data[29]
12	0.1653	core.c_reg[I]	core.a_reg[I]	core.c_reg[28]$_DFFE_PN0P_/Q	core.a_reg[50]$_DFFE_PN0P_/D
13	0.1699	cs	error	cs	error
14	0.1808	we	error	we	error
15	0.1811	core.b_reg[I]	core.a_reg[I]	core.b_reg[28]$_DFFE_PN0P_/Q	core.a_reg[50]$_DFFE_PN0P_/D
16	0.1894	core.f_reg[I]	core.e_reg[I]	core.f_reg[2]$_DFFE_PN0P_/Q	core.e_reg[60]$_DFFE_PN0P_/D
17	0.1923	core.g_reg[I]	core.e_reg[I]	core.g_reg[2]$_DFFE_PN0P_/Q	core.e_reg[60]$_DFFE_PN0P_/D
18	0.1973	core.w_mem_inst.w_mem[I][J]	core.w_mem_inst.w_mem[I][J]	core.w_mem_inst.w_mem[14][15]$_DFFE_PN0P_/Q	core.w_mem_inst.w_mem[15][62]$_DFFE_PN0P_/D
19	0.1990	block_reg[I][J]	read_data[I]	block_reg[1][9]$_DFFE_PN0P_/Q	read_data[9]
20	0.2267	core.w_mem_inst.w_pre_reg[I]	core.e_reg[I]	core.w_mem_inst.w_pre_reg[20]$_DFFE_PP_/Q	core.e_reg[63]$_DFFE_PN0P_/D
21	0.2623	core.w_mem_inst.w_pre_reg[I]	core.a_reg[I]	core.w_mem_inst.w_pre_reg[28]$_DFFE_PP_/Q	core.a_reg[50]$_DFFE_PN0P_/D
22	0.2790	core.k_data_reg[I]	core.a_reg[I]	core.k_data_reg[17]$_DFFE_PP_/Q	core.a_reg[51]$_DFFE_PN0P_/D
23	0.3072	core.h_reg[I]	core.e_reg[I]	core.h_reg[2]$_DFFE_PN0P_/Q	core.e_reg[60]$_DFFE_PN0P_/D
24	0.3156	core.k_data_reg[I]	core.e_reg[I]	core.k_data_reg[18]$_DFFE_PP_/Q	core.e_reg[63]$_DFFE_PN0P_/D
25	0.3196	core.d_reg[I]	core.e_reg[I]	core.d_reg[2]$_DFFE_PN0P_/Q	core.e_reg[60]$_DFFE_PN0P_/D
26	0.3732	work_factor_num_reg[I]	read_data[I]	work_factor_num_reg[1]$_DFFE_PN0P_/Q	read_data[1]
27	0.3886	mode_reg[I]	read_data[I]	mode_reg[1]$_DFFE_PN1P_/Q	read_data[3]
28	0.3916	ready_reg	read_data[I]	ready_reg$_DFF_PN0_/Q	read_data[0]
29	0.4003	init_reg	read_data[I]	init_reg$_DFF_PN0_/Q	read_data[0]
30	0.4157	next_reg	read_data[I]	next_reg$_DFF_PN0_/Q	read_data[1]
31	0.4159	digest_valid_reg	read_data[I]	digest_valid_reg$_DFF_PN0_/Q	read_data[1]
32	0.4279	work_factor_reg	read_data[I]	work_factor_reg$_DFFE_PN0P_/Q	read_data[7]
33	0.4679	address[I]	block_reg[I][J]	address[4]	block_reg[13][18]$_DFFE_PN0P_/D
34	0.4874	core.work_factor_ctr_reg[I]	core.w_mem_inst.w_pre_reg[I]	core.work_factor_ctr_reg[28]$_DFFE_PN0P_/Q	core.w_mem_inst.w_pre_reg[2]$_DFFE_PP_/D
35	0.5032	core.work_factor_ctr_reg[I]	core.w_mem_inst.w_mem[I][J]	core.work_factor_ctr_reg[28]$_DFFE_PN0P_/Q	core.w_mem_inst.w_mem[7][1]$_DFFE_PN0P_/D
36	0.5406	core.work_factor_ctr_reg[I]	core.b_reg[I]	core.work_factor_ctr_reg[17]$_DFFE_PN0P_/Q	core.b_reg[61]$_DFFE_PN0P_/D
37	0.5428	work_factor_num_reg[I]	core.w_mem_inst.w_pre_reg[I]	work_factor_num_reg[25]$_DFFE_PN0P_/QN	core.w_mem_inst.w_pre_reg[2]$_DFFE_PP_/D
38	0.5587	work_factor_num_reg[I]	core.w_mem_inst.w_mem[I][J]	work_factor_num_reg[25]$_DFFE_PN0P_/QN	core.w_mem_inst.w_mem[7][1]$_DFFE_PN0P_/D
39	0.5641	work_factor_num_reg[I]	core.b_reg[I]	work_factor_num_reg[17]$_DFFE_PN1P_/QN	core.b_reg[61]$_DFFE_PN0P_/D
40	0.5693	core.work_factor_ctr_reg[I]	core.c_reg[I]	core.work_factor_ctr_reg[17]$_DFFE_PN0P_/Q	core.c_reg[51]$_DFFE_PN0P_/D
41	0.5699	core.work_factor_ctr_reg[I]	core.HI_reg[J]	core.work_factor_ctr_reg[28]$_DFFE_PN0P_/Q	core.H1_reg[24]$_DFFE_PN0P_/D
42	0.5865	work_factor_num_reg[I]	core.HI_reg[J]	work_factor_num_reg[25]$_DFFE_PN0P_/QN	core.H1_reg[24]$_DFFE_PN0P_/D
43	0.5878	core.work_factor_ctr_reg[I]	core.a_reg[I]	core.work_factor_ctr_reg[28]$_DFFE_PN0P_/Q	core.a_reg[48]$_DFFE_PN0P_/D
44	0.5927	work_factor_num_reg[I]	core.c_reg[I]	work_factor_num_reg[17]$_DFFE_PN1P_/QN	core.c_reg[51]$_DFFE_PN0P_/D
45	0.5961	address[I]	work_factor_num_reg[I]	address[6]	work_factor_num_reg[14]$_DFFE_PN0P_/D
46	0.6057	core.HI_reg[J]	core.HI_reg[J]	core.H6_reg[31]$_DFFE_PN0P_/Q	core.H6_reg[63]$_DFFE_PN0P_/D
47	0.6066	core.e_reg[I]	core.HI_reg[J]	core.e_reg[2]$_DFFE_PN0P_/Q	core.H4_reg[63]$_DFFE_PN0P_/D
48	0.6083	core.d_reg[I]	core.HI_reg[J]	core.d_reg[27]$_DFFE_PN0P_/Q	core.H3_reg[59]$_DFFE_PN0P_/D
49	0.6097	core.a_reg[I]	core.HI_reg[J]	core.a_reg[27]$_DFFE_PN0P_/Q	core.H0_reg[61]$_DFFE_PN0P_/D
50	0.6110	core.w_mem_inst.w_ctr_reg[I]	core.w_mem_inst.w_mem[I][J]	core.w_mem_inst.w_ctr_reg[1]$_DFFE_PN0P_/Q	core.w_mem_inst.w_mem[13][54]$_DFFE_PN0P_/D
51	0.6113	core.work_factor_ctr_reg[I]	core.d_reg[I]	core.work_factor_ctr_reg[28]$_DFFE_PN0P_/Q	core.d_reg[36]$_DFFE_PN0P_/D
52	0.6144	core.g_reg[I]	core.HI_reg[J]	core.g_reg[28]$_DFFE_PN0P_/Q	core.H6_reg[63]$_DFFE_PN0P_/D
53	0.6177	core.work_factor_ctr_reg[I]	core.e_reg[I]	core.work_factor_ctr_reg[28]$_DFFE_PN0P_/Q	core.e_reg[55]$_DFFE_PN0P_/D
54	0.6187	core.work_factor_ctr_reg[I]	core.h_reg[I]	core.work_factor_ctr_reg[28]$_DFFE_PN0P_/Q	core.h_reg[5]$_DFFE_PN0P_/D
55	0.6192	core.work_factor_ctr_reg[I]	core.g_reg[I]	core.work_factor_ctr_reg[28]$_DFFE_PN0P_/Q	core.g_reg[63]$_DFFE_PN0P_/D
56	0.6198	core.c_reg[I]	core.HI_reg[J]	core.c_reg[30]$_DFFE_PN0P_/Q	core.H2_reg[53]$_DFFE_PN0P_/D
57	0.6230	core.work_factor_ctr_reg[I]	core.w_mem_inst.w_ctr_reg[I]	core.work_factor_ctr_reg[28]$_DFFE_PN0P_/Q	core.w_mem_inst.w_ctr_reg[1]$_DFFE_PN0P_/D
58	0.6249	core.work_factor_ctr_reg[I]	core.f_reg[I]	core.work_factor_ctr_reg[28]$_DFFE_PN0P_/Q	core.f_reg[57]$_DFFE_PN0P_/D
59	0.6276	core.h_reg[I]	core.a_reg[I]	core.h_reg[15]$_DFFE_PN0P_/Q	core.a_reg[51]$_DFFE_PN0P_/D
60	0.6280	core.w_mem_inst.w_ctr_reg[I]	core.w_mem_inst.w_pre_reg[I]	core.w_mem_inst.w_ctr_reg[1]$_DFFE_PN0P_/Q	core.w_mem_inst.w_pre_reg[52]$_DFFE_PP_/D
61	0.6364	core.b_reg[I]	core.HI_reg[J]	core.b_reg[0]$_DFFE_PN0P_/Q	core.H1_reg[24]$_DFFE_PN0P_/D
62	0.6374	core.round_ctr_reg[I]	core.k_data_reg[I]	core.round_ctr_reg[1]$_DFFE_PN0P_/Q	core.k_data_reg[21]$_DFFE_PP_/D
63	0.6433	work_factor_num_reg[I]	core.a_reg[I]	work_factor_num_reg[25]$_DFFE_PN0P_/QN	core.a_reg[48]$_DFFE_PN0P_/D
64	0.6503	core.h_reg[I]	core.HI_reg[J]	core.h_reg[19]$_DFFE_PN0P_/Q	core.H7_reg[61]$_DFFE_PN0P_/D
65	0.6511	core.work_factor_ctr_reg[I]	core.k_data_reg[I]	core.work_factor_ctr_reg[28]$_DFFE_PN0P_/Q	core.k_data_reg[59]$_DFFE_PP_/D
66	0.6580	reset_n	core.f_reg[I]	reset_n	core.f_reg[17]$_DFFE_PN0P_/RN
67	0.6581	reset_n	digest_reg[I]	reset_n	digest_reg[143]$_DFFE_PN0P_/RN
68	0.6586	reset_n	core.HI_reg[J]	reset_n	core.H6_reg[27]$_DFFE_PN0P_/RN
69	0.6597	reset_n	core.g_reg[I]	reset_n	core.g_reg[27]$_DFFE_PN0P_/RN
70	0.6598	reset_n	core.e_reg[I]	reset_n	core.e_reg[28]$_DFFE_PN0P_/RN
71	0.6612	reset_n	core.h_reg[I]	reset_n	core.h_reg[31]$_DFFE_PN0P_/RN
72	0.6614	reset_n	block_reg[I][J]	reset_n	block_reg[23][8]$_DFFE_PN0P_/RN
73	0.6614	reset_n	core.w_mem_inst.w_mem[I][J]	reset_n	core.w_mem_inst.w_mem[8][8]$_DFFE_PN0P_/RN
74	0.6668	work_factor_num_reg[I]	core.d_reg[I]	work_factor_num_reg[25]$_DFFE_PN0P_/QN	core.d_reg[36]$_DFFE_PN0P_/D
75	0.6702	core.work_factor_ctr_reg[I]	core.round_ctr_reg[I]	core.work_factor_ctr_reg[28]$_DFFE_PN0P_/Q	core.round_ctr_reg[2]$_DFFE_PN0P_/D
76	0.6729	work_factor_num_reg[I]	core.h_reg[I]	work_factor_num_reg[17]$_DFFE_PN1P_/QN	core.h_reg[61]$_DFFE_PN0P_/D
77	0.6732	work_factor_num_reg[I]	core.e_reg[I]	work_factor_num_reg[25]$_DFFE_PN0P_/QN	core.e_reg[55]$_DFFE_PN0P_/D
78	0.6747	work_factor_num_reg[I]	core.g_reg[I]	work_factor_num_reg[25]$_DFFE_PN0P_/QN	core.g_reg[63]$_DFFE_PN0P_/D
79	0.6785	work_factor_num_reg[I]	core.w_mem_inst.w_ctr_reg[I]	work_factor_num_reg[25]$_DFFE_PN0P_/QN	core.w_mem_inst.w_ctr_reg[1]$_DFFE_PN0P_/D
80	0.6804	work_factor_num_reg[I]	core.f_reg[I]	work_factor_num_reg[25]$_DFFE_PN0P_/QN	core.f_reg[57]$_DFFE_PN0P_/D
81	0.6970	reset_n	core.d_reg[I]	reset_n	core.d_reg[4]$_DFFE_PN0P_/RN
82	0.6971	reset_n	core.a_reg[I]	reset_n	core.a_reg[3]$_DFFE_PN0P_/RN
83	0.6974	reset_n	core.w_mem_inst.w_pre_reg[I]	reset_n	core.w_mem_inst.w_pre_reg[60]$_DFFE_PP_/D
84	0.7001	reset_n	core.c_reg[I]	reset_n	core.c_reg[0]$_DFFE_PN0P_/RN
85	0.7003	reset_n	core.b_reg[I]	reset_n	core.b_reg[1]$_DFFE_PN0P_/RN
86	0.7066	work_factor_num_reg[I]	core.k_data_reg[I]	work_factor_num_reg[25]$_DFFE_PN0P_/QN	core.k_data_reg[59]$_DFFE_PP_/D
87	0.7129	core.round_ctr_reg[I]	core.work_factor_ctr_reg[I]	core.round_ctr_reg[1]$_DFFE_PN0P_/Q	core.work_factor_ctr_reg[30]$_DFFE_PN0P_/D
88	0.7152	core.f_reg[I]	core.HI_reg[J]	core.f_reg[0]$_DFFE_PN0P_/Q	core.H5_reg[62]$_DFFE_PN0P_/D
89	0.7200	address[I]	mode_reg[I]	address[6]	mode_reg[1]$_DFFE_PN1P_/D
90	0.7204	init_reg	core.b_reg[I]	init_reg$_DFF_PN0_/Q	core.b_reg[61]$_DFFE_PN0P_/D
91	0.7208	we	block_reg[I][J]	we	block_reg[13][18]$_DFFE_PN0P_/D
92	0.7257	work_factor_num_reg[I]	core.round_ctr_reg[I]	work_factor_num_reg[25]$_DFFE_PN0P_/QN	core.round_ctr_reg[2]$_DFFE_PN0P_/D
93	0.7294	cs	block_reg[I][J]	cs	block_reg[13][18]$_DFFE_PN0P_/D
94	0.7331	core.shaI_ctrl_reg[J]	core.b_reg[I]	core.sha512_ctrl_reg[1]$_DFF_PN0_/Q	core.b_reg[61]$_DFFE_PN0P_/D
95	0.7363	core.shaI_ctrl_reg[J]	core.c_reg[I]	core.sha512_ctrl_reg[2]$_DFF_PN0_/Q	core.c_reg[3]$_DFFE_PN0P_/D
96	0.7365	core.shaI_ctrl_reg[J]	core.d_reg[I]	core.sha512_ctrl_reg[2]$_DFF_PN0_/Q	core.d_reg[6]$_DFFE_PN0P_/D
97	0.7370	core.shaI_ctrl_reg[J]	core.a_reg[I]	core.sha512_ctrl_reg[2]$_DFF_PN0_/Q	core.a_reg[6]$_DFFE_PN0P_/D
98	0.7370	core.work_factor_ctr_reg[I]	core.digest_valid_reg	core.work_factor_ctr_reg[28]$_DFFE_PN0P_/Q	core.digest_valid_reg$_DFFE_PN0P_/D
99	0.7385	next_reg	core.b_reg[I]	next_reg$_DFF_PN0_/Q	core.b_reg[61]$_DFFE_PN0P_/D
100	0.7481	address[I]	work_factor_reg	address[6]	work_factor_reg$_DFFE_PN0P_/D
