# stage	1_synth
# top_module	ddr3_controller
# top_n	100
# kind	blocks
# include_full	1
# rank	worst_slack_ns	start	end	start_full	end_full
1	-0.2408	lane[I]	dqs_target_index[I]	lane[1]$_SDFFE_PP0P_/Q	dqs_target_index[0]$_SDFFE_PP0P_/D
2	-0.2381	i_wb_addr[I]	stageI_next_row[J]	i_wb_addr[6]	stage1_next_row[12]$_SDFFE_PP0P_/D
3	-0.2255	lane[I]	o_phy_idelay_dqs_cntvaluein[I]	lane[1]$_SDFFE_PP0P_/Q	o_phy_idelay_dqs_cntvaluein[1]
4	-0.2163	lane[I]	o_phy_idelay_data_cntvaluein[I]	lane[1]$_SDFFE_PP0P_/Q	o_phy_idelay_data_cntvaluein[4]
5	-0.2138	lane[I]	o_phy_odelay_data_cntvaluein[I]	lane[1]$_SDFFE_PP0P_/Q	o_phy_odelay_data_cntvaluein[4]
6	-0.2138	lane[I]	o_phy_odelay_dqs_cntvaluein[I]	lane[1]$_SDFFE_PP0P_/Q	o_phy_odelay_dqs_cntvaluein[4]
7	-0.1683	i_phy_iserdes_bitslip_reference[I]	sample_clk_repeat[I]	i_phy_iserdes_bitslip_reference[27]	sample_clk_repeat[0]$_SDFFCE_PP0P_/D
8	-0.1683	i_phy_iserdes_bitslip_reference[I]	stored_write_level_feedback	i_phy_iserdes_bitslip_reference[27]	stored_write_level_feedback$_SDFFCE_PN0P_/D
9	-0.1583	lane[I]	idelay_dqs_cntvaluein[I][J]	lane[1]$_SDFFE_PP0P_/Q	idelay_dqs_cntvaluein[0][1]$_SDFFCE_PN0P_/D
10	-0.1532	lane[I]	data_start_index[I][J]	lane[1]$_SDFFE_PP0P_/Q	data_start_index[4][0]$_SDFFCE_PN0P_/D
11	-0.1474	i_phy_iserdes_bitslip_reference[I]	prev_write_level_feedback	i_phy_iserdes_bitslip_reference[27]	prev_write_level_feedback$_SDFFE_PP1P_/D
12	-0.1447	lane[I]	sample_clk_repeat[I]	lane[0]$_SDFFE_PP0P_/Q	sample_clk_repeat[0]$_SDFFCE_PP0P_/D
13	-0.1447	lane[I]	stored_write_level_feedback	lane[0]$_SDFFE_PP0P_/Q	stored_write_level_feedback$_SDFFCE_PN0P_/D
14	-0.1434	i_phy_idelayctrl_rdy	state_calibrate[I]	i_phy_idelayctrl_rdy	state_calibrate[3]$_SDFFE_PP0P_/D
15	-0.1430	stageI_next_bank[J]	o_wb_stall_int_q	stage1_next_bank[0]$_SDFFE_PP0P_/Q	o_wb_stall_int_q$_SDFF_PP1_/D
16	-0.1407	stageI_bank[J]	o_wb_stall_int_q	stage2_bank[0]$_SDFF_PP0_/Q	o_wb_stall_int_q$_SDFF_PP1_/D
17	-0.1379	i_phy_iserdes_bitslip_reference[I]	state_calibrate[I]	i_phy_iserdes_bitslip_reference[27]	state_calibrate[3]$_SDFFE_PP0P_/D
18	-0.1360	lane[I]	added_read_pipe_precomp	lane[0]$_SDFFE_PP0P_/Q	added_read_pipe_precomp$_DFFE_PN_/D
19	-0.1308	stageI_pending	o_wb_stall_int_q	stage2_pending$_SDFFE_PP0P_/Q	o_wb_stall_int_q$_SDFF_PP1_/D
20	-0.1280	stageI_do_act	o_wb_stall_int_q	stage2_do_act$_SDFF_PP0_/Q	o_wb_stall_int_q$_SDFF_PP1_/D
21	-0.1264	lane[I]	dq_target_index[I][J]	lane[1]$_SDFFE_PP0P_/Q	dq_target_index[0][5]$_SDFFCE_PN0P_/D
22	-0.1262	stageI_do_pre	o_wb_stall_int_q	stage2_do_pre$_SDFF_PP0_/Q	o_wb_stall_int_q$_SDFF_PP1_/D
23	-0.1262	lane[I]	state_calibrate[I]	lane[0]$_SDFFE_PP0P_/Q	state_calibrate[3]$_SDFFE_PP0P_/D
24	-0.1238	lane[I]	prev_write_level_feedback	lane[0]$_SDFFE_PP0P_/Q	prev_write_level_feedback$_SDFFE_PP1P_/D
25	-0.1219	stageI_next_bank[J]	stageI_do_wr_or_rd	stage1_next_bank[0]$_SDFFE_PP0P_/Q	stage2_do_wr_or_rd$_SDFF_PP0_/D
26	-0.1218	instruction_address[I]	state_calibrate[I]	instruction_address[0]$_SDFF_PP0_/Q	state_calibrate[3]$_SDFFE_PP0P_/D
27	-0.1195	stageI_bank[J]	stageI_do_wr_or_rd	stage2_bank[0]$_SDFF_PP0_/Q	stage2_do_wr_or_rd$_SDFF_PP0_/D
28	-0.1195	stageI_next_bank[J]	stageI_do_pre	stage1_next_bank[0]$_SDFFE_PP0P_/Q	stage1_do_pre$_SDFF_PP0_/D
29	-0.1187	lane[I]	write_pattern_lane[I]	lane[1]$_SDFFE_PP0P_/Q	write_pattern_lane[59]$_SDFF_PP0_/D
30	-0.1172	stageI_bank[J]	stageI_do_pre	stage2_bank[0]$_SDFF_PP0_/Q	stage1_do_pre$_SDFF_PP0_/D
31	-0.1171	dqs_start_index[I]	dqs_start_index[I]	dqs_start_index[1]$_SDFFE_PP0P_/Q	dqs_start_index[2]$_SDFFE_PP0P_/D
32	-0.1157	lane[I]	odelay_dqs_cntvaluein[I][J]	lane[1]$_SDFFE_PP0P_/Q	odelay_dqs_cntvaluein[1][1]$_SDFFCE_PN0P_/D
33	-0.1143	dqs_start_index[I]	state_calibrate[I]	dqs_start_index[1]$_SDFFE_PP0P_/Q	state_calibrate[0]$_SDFFE_PP0P_/D
34	-0.1132	data_start_index[I][J]	data_start_index[I][J]	data_start_index[3][3]$_SDFFCE_PN0P_/Q	data_start_index[0][5]$_SDFFCE_PN0P_/D
35	-0.1126	sample_clk_repeat[I]	state_calibrate[I]	sample_clk_repeat[0]$_SDFFCE_PP0P_/Q	state_calibrate[3]$_SDFFE_PP0P_/D
36	-0.1097	lane[I]	idelay_data_cntvaluein[I][J]	lane[1]$_SDFFE_PP0P_/Q	idelay_data_cntvaluein[0][4]$_SDFFCE_PN0P_/D
37	-0.1097	stageI_pending	stageI_do_wr_or_rd	stage2_pending$_SDFFE_PP0P_/Q	stage2_do_wr_or_rd$_SDFF_PP0_/D
38	-0.1073	stageI_pending	stageI_do_pre	stage2_pending$_SDFFE_PP0P_/Q	stage1_do_pre$_SDFF_PP0_/D
39	-0.1069	stageI_do_act	stageI_do_wr_or_rd	stage2_do_act$_SDFF_PP0_/Q	stage2_do_wr_or_rd$_SDFF_PP0_/D
40	-0.1068	lane[I]	odelay_data_cntvaluein[I][J]	lane[1]$_SDFFE_PP0P_/Q	odelay_data_cntvaluein[0][4]$_SDFFCE_PN0P_/D
41	-0.1068	dqs_start_index[I]	o_phy_idelay_data_ld[I]	dqs_start_index[1]$_SDFFE_PP0P_/Q	o_phy_idelay_data_ld[0]$_SDFF_PP0_/D
42	-0.1055	delay_before_write_level_feedback[I]	state_calibrate[I]	delay_before_write_level_feedback[1]$_SDFF_PP0_/QN	state_calibrate[3]$_SDFFE_PP0P_/D
43	-0.1046	stageI_do_act	stageI_do_pre	stage2_do_act$_SDFF_PP0_/Q	stage1_do_pre$_SDFF_PP0_/D
44	-0.1033	i_phy_iserdes_bitslip_reference[I]	o_phy_bitslip[I]	i_phy_iserdes_bitslip_reference[27]	o_phy_bitslip[7]$_SDFF_PP0_/D
45	-0.1020	stageI_do_pre	stageI_do_wr_or_rd	stage2_do_pre$_SDFF_PP0_/Q	stage2_do_wr_or_rd$_SDFF_PP0_/D
46	-0.1009	data_start_index[I][J]	unaligned_data[I][J]	data_start_index[3][0]$_SDFFCE_PN0P_/Q	unaligned_data[3][63]$_SDFF_PP0_/D
47	-0.0996	stageI_do_pre	stageI_do_pre	stage2_do_pre$_SDFF_PP0_/Q	stage1_do_pre$_SDFF_PP0_/D
48	-0.0990	stageI_pending	o_phy_cmd[I]	stage2_pending$_SDFFE_PP0P_/Q	o_phy_cmd[10]
49	-0.0960	index_wb_data	reset_from_test	index_wb_data$_SDFFE_PP0P_/Q	reset_from_test$_SDFF_PP0_/D
50	-0.0940	stageI_next_bank[J]	o_phy_cmd[I]	stage1_next_bank[0]$_SDFFE_PP0P_/Q	o_phy_cmd[29]
51	-0.0930	stageI_do_act	o_phy_cmd[I]	stage2_do_act$_SDFF_PP0_/Q	o_phy_cmd[10]
52	-0.0925	stageI_do_rd	stageI_do_wr_or_rd	stage2_do_rd$_SDFF_PP0_/Q	stage2_do_wr_or_rd$_SDFF_PP0_/D
53	-0.0917	stageI_bank[J]	o_phy_cmd[I]	stage2_bank[0]$_SDFF_PP0_/Q	o_phy_cmd[29]
54	-0.0906	stageI_do_wr	stageI_do_wr_or_rd	stage2_do_wr$_SDFF_PP0_/Q	stage2_do_wr_or_rd$_SDFF_PP0_/D
55	-0.0901	read_lane_data_shifted[I]	data_start_index[I][J]	read_lane_data_shifted[6]$_SDFF_PP0_/Q	data_start_index[4][0]$_SDFFCE_PN0P_/D
56	-0.0866	stageI_do_pre	o_phy_cmd[I]	stage2_do_pre$_SDFF_PP0_/Q	o_phy_cmd[10]
57	-0.0858	stageI_pending	stageI_do_update_delay_before_write_after_act	stage2_pending$_SDFFE_PP0P_/Q	stage2_do_update_delay_before_write_after_act$_SDFF_PP0_/D
58	-0.0858	stageI_pending	stageI_do_wr	stage2_pending$_SDFFE_PP0P_/Q	stage2_do_wr$_SDFF_PP0_/D
59	-0.0856	index_wb_data	o_wb_data[I]	index_wb_data$_SDFFE_PP0P_/Q	o_wb_data[459]
60	-0.0852	dqs_start_index[I]	delay_before_read_data[I]	dqs_start_index[1]$_SDFFE_PP0P_/Q	delay_before_read_data[1]$_SDFF_PP0_/D
61	-0.0828	stageI_do_wr	stageI_do_rd	stage2_do_wr$_SDFF_PP0_/Q	stage2_do_rd$_SDFF_PP0_/D
62	-0.0823	state_calibrate[I]	write_test_address_counter[I]	state_calibrate[1]$_SDFFE_PP0P_/Q	write_test_address_counter[21]$_SDFFE_PP0P_/D
63	-0.0820	stageI_do_wr_or_rd	stageI_do_wr_or_rd	stage2_do_wr_or_rd$_SDFF_PP0_/Q	stage2_do_wr_or_rd$_SDFF_PP0_/D
64	-0.0803	stageI_do_wr_or_rd	stageI_do_rd	stage2_do_wr_or_rd$_SDFF_PP0_/Q	stage2_do_rd$_SDFF_PP0_/D
65	-0.0799	lane[I]	dqs_store[I]	lane[1]$_SDFFE_PP0P_/Q	dqs_store[39]$_SDFFE_PP0P_/D
66	-0.0792	state_calibrate[I]	state_calibrate[I]	state_calibrate[1]$_SDFFE_PP0P_/Q	state_calibrate[3]$_SDFFE_PP0P_/D
67	-0.0784	lane[I]	o_phy_bitslip[I]	lane[0]$_SDFFE_PP0P_/Q	o_phy_bitslip[7]$_SDFF_PP0_/D
68	-0.0778	stageI_do_rd	stageI_do_rd	stage2_do_rd$_SDFF_PP0_/Q	stage2_do_rd$_SDFF_PP0_/D
69	-0.0771	i_phy_idelayctrl_rdy	write_test_address_counter[I]	i_phy_idelayctrl_rdy	write_test_address_counter[21]$_SDFFE_PP0P_/D
70	-0.0757	stageI_bank[J]	stageI_do_update_delay_before_write_after_act	stage2_bank[1]$_SDFF_PP0_/Q	stage2_do_update_delay_before_write_after_act$_SDFF_PP0_/D
71	-0.0756	stageI_bank[J]	stageI_do_wr	stage2_bank[1]$_SDFF_PP0_/Q	stage2_do_wr$_SDFF_PP0_/D
72	-0.0756	write_pattern[I]	data_start_index[I][J]	write_pattern[0]$_SDFFE_PP0P_/Q	data_start_index[4][0]$_SDFFCE_PN0P_/D
73	-0.0738	lane[I]	added_read_pipe_max	lane[1]$_SDFFE_PP0P_/Q	added_read_pipe_max$_SDFFE_PP0P_/D
74	-0.0731	dqs_start_index[I]	initial_dqs	dqs_start_index[1]$_SDFFE_PP0P_/Q	initial_dqs$_SDFFE_PP1P_/D
75	-0.0712	stageI_do_pre	stageI_do_update_delay_before_write_after_act	stage2_do_pre$_SDFF_PP0_/Q	stage2_do_update_delay_before_write_after_act$_SDFF_PP0_/D
76	-0.0712	stageI_do_pre	stageI_do_wr	stage2_do_pre$_SDFF_PP0_/Q	stage2_do_wr$_SDFF_PP0_/D
77	-0.0702	stageI_do_wr	o_wb_stall_int_q	stage2_do_wr$_SDFF_PP0_/Q	o_wb_stall_int_q$_SDFF_PP1_/D
78	-0.0697	read_lane_data_shifted[I]	state_calibrate[I]	read_lane_data_shifted[6]$_SDFF_PP0_/Q	state_calibrate[3]$_SDFFE_PP0P_/D
79	-0.0697	dqs_start_index[I]	dqs_start_index_repeat	dqs_start_index[1]$_SDFFE_PP0P_/Q	dqs_start_index_repeat$_SDFFE_PP0P_/D
80	-0.0697	i_phy_iserdes_bitslip_reference[I]	lane[I]	i_phy_iserdes_bitslip_reference[27]	lane[0]$_SDFFE_PP0P_/D
81	-0.0688	stageI_do_update_delay_before_write_after_act	o_wb_stall_int_q	stage2_do_update_delay_before_write_after_act$_SDFF_PP0_/Q	o_wb_stall_int_q$_SDFF_PP1_/D
82	-0.0683	data_start_index[I][J]	write_pattern_lane[I]	data_start_index[1][2]$_SDFFCE_PN0P_/Q	write_pattern_lane[59]$_SDFF_PP0_/D
83	-0.0677	stageI_do_wr_or_rd	o_wb_stall_int_q	stage2_do_wr_or_rd$_SDFF_PP0_/Q	o_wb_stall_int_q$_SDFF_PP1_/D
84	-0.0672	stageI_do_rd	stageI_do_pre	stage2_do_rd$_SDFF_PP0_/Q	stage2_do_pre$_SDFF_PP0_/D
85	-0.0659	lane[I]	read_lane_data[I]	lane[1]$_SDFFE_PP0P_/Q	read_lane_data[63]$_SDFF_PP0_/D
86	-0.0659	stageI_do_rd	o_wb_stall_int_q	stage2_do_rd$_SDFF_PP0_/Q	o_wb_stall_int_q$_SDFF_PP1_/D
87	-0.0653	stageI_do_wr	stageI_do_pre	stage2_do_wr$_SDFF_PP0_/Q	stage2_do_pre$_SDFF_PP0_/D
88	-0.0633	stageI_do_act	stageI_do_update_delay_before_write_after_act	stage2_do_act$_SDFF_PP0_/Q	stage2_do_update_delay_before_write_after_act$_SDFF_PP0_/D
89	-0.0632	stageI_do_act	stageI_do_wr	stage2_do_act$_SDFF_PP0_/Q	stage2_do_wr$_SDFF_PP0_/D
90	-0.0622	lane[I]	start_index_check[I]	lane[0]$_SDFFE_PP0P_/Q	start_index_check[5]$_SDFFCE_PN0P_/D
91	-0.0608	stageI_bank[J]	stageI_do_rd	stage2_bank[1]$_SDFF_PP0_/Q	stage2_do_rd$_SDFF_PP0_/D
92	-0.0596	state_calibrate[I]	read_test_address_counter[I]	state_calibrate[1]$_SDFFE_PP0P_/Q	read_test_address_counter[20]$_SDFFE_PP0P_/D
93	-0.0586	stageI_do_wr	stageI_do_update_delay_before_read_after_act	stage2_do_wr$_SDFF_PP0_/Q	stage2_do_update_delay_before_read_after_act$_SDFF_PP0_/D
94	-0.0584	data_start_index[I][J]	stageI_data[J][K]	data_start_index[3][0]$_SDFFCE_PN0P_/Q	stage2_data[0][479]$_SDFFE_PP0N_/D
95	-0.0573	lane[I]	lane_write_dq_late[I]	lane[0]$_SDFFE_PP0P_/Q	lane_write_dq_late[0]$_SDFFE_PP0P_/D
96	-0.0567	stageI_do_wr_or_rd	stageI_do_pre	stage2_do_wr_or_rd$_SDFF_PP0_/Q	stage2_do_pre$_SDFF_PP0_/D
97	-0.0560	stageI_do_wr_or_rd	stageI_do_update_delay_before_read_after_act	stage2_do_wr_or_rd$_SDFF_PP0_/Q	stage2_do_update_delay_before_read_after_act$_SDFF_PP0_/D
98	-0.0559	i_phy_iserdes_bitslip_reference[I]	o_phy_write_leveling_calib	i_phy_iserdes_bitslip_reference[27]	o_phy_write_leveling_calib$_SDFFE_PP0P_/D
99	-0.0552	write_pattern[I]	state_calibrate[I]	write_pattern[0]$_SDFFE_PP0P_/Q	state_calibrate[3]$_SDFFE_PP0P_/D
100	-0.0547	i_phy_iserdes_bitslip_reference[I]	dqs_start_index_repeat	i_phy_iserdes_bitslip_reference[31]	dqs_start_index_repeat$_SDFFE_PP0P_/D
