# stage	1_synth
# top_module	ddr3_controller
# top_n	100
# kind	blocks
# include_full	1
# rank	worst_slack_ns	start	end	start_full	end_full
1	-0.3200	i_wb_addr[I]	stageI_next_row[J]	i_wb_addr[6]	stage1_next_row[13]$_SDFFE_PP0P_/D
2	-0.2708	lane[I]	o_phy_odelay_dqs_cntvaluein[I]	lane[1]$_SDFFE_PP0P_/Q	o_phy_odelay_dqs_cntvaluein[1]
3	-0.2683	lane[I]	added_read_pipe[I]	lane[1]$_SDFFE_PP0P_/Q	added_read_pipe[0]$_SDFFCE_PN0P_/D
4	-0.2659	lane[I]	o_phy_idelay_dqs_cntvaluein[I]	lane[1]$_SDFFE_PP0P_/Q	o_phy_idelay_dqs_cntvaluein[4]
5	-0.2623	lane[I]	o_phy_odelay_data_cntvaluein[I]	lane[1]$_SDFFE_PP0P_/Q	o_phy_odelay_data_cntvaluein[4]
6	-0.2303	lane[I]	o_phy_idelay_data_cntvaluein[I]	lane[0]$_SDFFE_PP0P_/Q	o_phy_idelay_data_cntvaluein[4]
7	-0.2187	lane[I]	odelay_dqs_cntvaluein[I][J]	lane[1]$_SDFFE_PP0P_/Q	odelay_dqs_cntvaluein[2][1]$_SDFFCE_PN0P_/D
8	-0.2020	i_phy_iserdes_bitslip_reference[I]	lane[I]	i_phy_iserdes_bitslip_reference[24]	lane[2]$_SDFFE_PP0P_/D
9	-0.1993	lane[I]	lane[I]	lane[1]$_SDFFE_PP0P_/Q	lane[2]$_SDFFE_PP0P_/D
10	-0.1992	i_phy_iserdes_bitslip_reference[I]	state_calibrate[I]	i_phy_iserdes_bitslip_reference[26]	state_calibrate[0]$_SDFFE_PP0P_/D
11	-0.1921	lane[I]	data_start_index[I][J]	lane[1]$_SDFFE_PP0P_/Q	data_start_index[2][0]$_SDFFCE_PN0P_/D
12	-0.1864	dqs_start_index[I]	state_calibrate[I]	dqs_start_index[1]$_SDFFE_PP0P_/Q	state_calibrate[0]$_SDFFE_PP0P_/D
13	-0.1861	i_phy_iserdes_bitslip_reference[I]	sample_clk_repeat[I]	i_phy_iserdes_bitslip_reference[24]	sample_clk_repeat[2]$_SDFFCE_PP0P_/D
14	-0.1849	stageI_bank[J]	o_wb_stall_int_q	stage2_bank[1]$_SDFF_PP0_/QN	o_wb_stall_int_q$_SDFF_PP1_/D
15	-0.1840	lane[I]	write_pattern_lane[I]	lane[1]$_SDFFE_PP0P_/Q	write_pattern_lane[36]$_SDFF_PP0_/D
16	-0.1840	stageI_next_bank_qJ[K]	stageI_do_wr_or_rd	stage1_next_bank_q2[0]$_SDFF_PP0_/Q	stage2_do_wr_or_rd$_SDFF_PP0_/D
17	-0.1836	lane[I]	added_read_pipe_val_q	lane[1]$_SDFFE_PP0P_/Q	added_read_pipe_val_q$_SDFF_PP0_/D
18	-0.1834	lane[I]	sample_clk_repeat[I]	lane[1]$_SDFFE_PP0P_/Q	sample_clk_repeat[2]$_SDFFCE_PP0P_/D
19	-0.1804	stageI_bank[J]	stageI_do_update_delay_before_write_after_act	stage2_bank[1]$_SDFF_PP0_/QN	stage2_do_update_delay_before_write_after_act$_SDFF_PP0_/D
20	-0.1804	stageI_bank[J]	stageI_do_wr	stage2_bank[1]$_SDFF_PP0_/QN	stage2_do_wr$_SDFF_PP0_/D
21	-0.1759	stageI_bank[J]	stageI_do_wr_or_rd	stage2_bank[1]$_SDFF_PP0_/Q	stage2_do_wr_or_rd$_SDFF_PP0_/D
22	-0.1743	stageI_next_bank_qJ[K]	o_wb_stall_int_q	stage1_next_bank_q2[0]$_SDFF_PP0_/Q	o_wb_stall_int_q$_SDFF_PP1_/D
23	-0.1730	i_phy_iserdes_bitslip_reference[I]	dqs_start_index_repeat	i_phy_iserdes_bitslip_reference[26]	dqs_start_index_repeat$_SDFFE_PP0P_/D
24	-0.1713	stageI_next_bank_qJ[K]	stageI_do_pre	stage1_next_bank_q2[0]$_SDFF_PP0_/Q	stage1_do_pre$_SDFF_PP0_/D
25	-0.1700	dqs_start_index[I]	delay_before_read_data[I]	dqs_start_index[1]$_SDFFE_PP0P_/Q	delay_before_read_data[3]$_SDFF_PP0_/D
26	-0.1686	lane[I]	idelay_dqs_cntvaluein[I][J]	lane[0]$_SDFFE_PP0P_/Q	idelay_dqs_cntvaluein[0][1]$_SDFFCE_PN0P_/D
27	-0.1681	stageI_do_pre	stageI_do_wr_or_rd	stage2_do_pre$_SDFF_PP0_/Q	stage2_do_wr_or_rd$_SDFF_PP0_/D
28	-0.1661	stageI_pending	o_wb_stall_int_q	stage2_pending$_SDFFE_PP0P_/Q	o_wb_stall_int_q$_SDFF_PP1_/D
29	-0.1642	lane[I]	state_calibrate[I]	lane[0]$_SDFFE_PP0P_/Q	state_calibrate[1]$_SDFFE_PP0P_/D
30	-0.1636	dqs_start_index[I]	o_phy_idelay_data_ld[I]	dqs_start_index[1]$_SDFFE_PP0P_/Q	o_phy_idelay_data_ld[7]$_SDFF_PP0_/D
31	-0.1633	stageI_bank[J]	stageI_do_pre	stage2_bank[1]$_SDFF_PP0_/Q	stage1_do_pre$_SDFF_PP0_/D
32	-0.1620	stageI_do_update_delay_before_write_after_act	o_wb_stall_int_q	stage2_do_update_delay_before_write_after_act$_SDFF_PP0_/Q	o_wb_stall_int_q$_SDFF_PP1_/D
33	-0.1615	stageI_pending	stageI_do_update_delay_before_write_after_act	stage2_pending$_SDFFE_PP0P_/Q	stage2_do_update_delay_before_write_after_act$_SDFF_PP0_/D
34	-0.1615	stageI_pending	stageI_do_wr	stage2_pending$_SDFFE_PP0P_/Q	stage2_do_wr$_SDFF_PP0_/D
35	-0.1579	stageI_do_act	o_wb_stall_int_q	stage2_do_act$_SDFF_PP0_/Q	o_wb_stall_int_q$_SDFF_PP1_/D
36	-0.1578	stageI_do_wr	o_wb_stall_int_q	stage2_do_wr$_SDFF_PP0_/Q	o_wb_stall_int_q$_SDFF_PP1_/D
37	-0.1574	stageI_do_update_delay_before_write_after_act	stageI_do_update_delay_before_write_after_act	stage2_do_update_delay_before_write_after_act$_SDFF_PP0_/Q	stage2_do_update_delay_before_write_after_act$_SDFF_PP0_/D
38	-0.1574	stageI_do_update_delay_before_write_after_act	stageI_do_wr	stage2_do_update_delay_before_write_after_act$_SDFF_PP0_/Q	stage2_do_wr$_SDFF_PP0_/D
39	-0.1565	dqs_start_index[I]	dqs_start_index_repeat	dqs_start_index[1]$_SDFFE_PP0P_/Q	dqs_start_index_repeat$_SDFFE_PP0P_/D
40	-0.1557	dqs_start_index[I]	dqs_start_index[I]	dqs_start_index[1]$_SDFFE_PP0P_/Q	dqs_start_index[2]$_SDFFE_PP0P_/D
41	-0.1553	lane[I]	odelay_data_cntvaluein[I][J]	lane[1]$_SDFFE_PP0P_/Q	odelay_data_cntvaluein[0][4]$_SDFFCE_PN0P_/D
42	-0.1545	stageI_do_wr_or_rd	o_wb_stall_int_q	stage2_do_wr_or_rd$_SDFF_PP0_/Q	o_wb_stall_int_q$_SDFF_PP1_/D
43	-0.1537	stageI_next_bank_qJ[K]	stageI_do_update_delay_before_write_after_act	stage1_next_bank_q2[0]$_SDFF_PP0_/Q	stage2_do_update_delay_before_write_after_act$_SDFF_PP0_/D
44	-0.1537	stageI_next_bank_qJ[K]	stageI_do_wr	stage1_next_bank_q2[0]$_SDFF_PP0_/Q	stage2_do_wr$_SDFF_PP0_/D
45	-0.1533	stageI_do_act	stageI_do_update_delay_before_write_after_act	stage2_do_act$_SDFF_PP0_/Q	stage2_do_update_delay_before_write_after_act$_SDFF_PP0_/D
46	-0.1533	stageI_do_act	stageI_do_wr	stage2_do_act$_SDFF_PP0_/Q	stage2_do_wr$_SDFF_PP0_/D
47	-0.1532	stageI_do_wr	stageI_do_update_delay_before_write_after_act	stage2_do_wr$_SDFF_PP0_/Q	stage2_do_update_delay_before_write_after_act$_SDFF_PP0_/D
48	-0.1532	stageI_do_wr	stageI_do_wr	stage2_do_wr$_SDFF_PP0_/Q	stage2_do_wr$_SDFF_PP0_/D
49	-0.1523	i_phy_idelayctrl_rdy	write_test_address_counter[I]	i_phy_idelayctrl_rdy	write_test_address_counter[21]$_SDFFE_PP0P_/D
50	-0.1500	stageI_do_wr_or_rd	stageI_do_update_delay_before_write_after_act	stage2_do_wr_or_rd$_SDFF_PP0_/Q	stage2_do_update_delay_before_write_after_act$_SDFF_PP0_/D
51	-0.1499	stageI_do_wr_or_rd	stageI_do_wr	stage2_do_wr_or_rd$_SDFF_PP0_/Q	stage2_do_wr$_SDFF_PP0_/D
52	-0.1486	i_phy_iserdes_bitslip_reference[I]	stored_write_level_feedback	i_phy_iserdes_bitslip_reference[24]	stored_write_level_feedback$_SDFFCE_PN0P_/D
53	-0.1473	lane[I]	dq_target_index[I][J]	lane[1]$_SDFFE_PP0P_/Q	dq_target_index[1][4]$_SDFFCE_PN0P_/D
54	-0.1463	stageI_do_pre	o_wb_stall_int_q	stage2_do_pre$_SDFF_PP0_/Q	o_wb_stall_int_q$_SDFF_PP1_/D
55	-0.1459	lane[I]	stored_write_level_feedback	lane[1]$_SDFFE_PP0P_/Q	stored_write_level_feedback$_SDFFCE_PN0P_/D
56	-0.1440	lane[I]	dqs_target_rollback_q	lane[0]$_SDFFE_PP0P_/Q	dqs_target_rollback_q$_SDFF_PP0_/D
57	-0.1434	lane[I]	idelay_data_cntvaluein[I][J]	lane[1]$_SDFFE_PP0P_/Q	idelay_data_cntvaluein[4][1]$_SDFFCE_PN0P_/D
58	-0.1428	i_phy_iserdes_bitslip_reference[I]	o_phy_write_leveling_calib	i_phy_iserdes_bitslip_reference[24]	o_phy_write_leveling_calib$_SDFFE_PP0P_/D
59	-0.1428	stageI_do_pre	stageI_do_pre	stage2_do_pre$_SDFF_PP0_/Q	stage1_do_pre$_SDFF_PP0_/D
60	-0.1423	stageI_do_act	stageI_do_wr_or_rd	stage2_do_act$_SDFF_PP0_/Q	stage2_do_wr_or_rd$_SDFF_PP0_/D
61	-0.1417	stageI_do_pre	stageI_do_update_delay_before_write_after_act	stage2_do_pre$_SDFF_PP0_/Q	stage2_do_update_delay_before_write_after_act$_SDFF_PP0_/D
62	-0.1417	stageI_do_pre	stageI_do_wr	stage2_do_pre$_SDFF_PP0_/Q	stage2_do_wr$_SDFF_PP0_/D
63	-0.1413	stageI_pending	stageI_do_wr_or_rd	stage2_pending$_SDFFE_PP0P_/Q	stage2_do_wr_or_rd$_SDFF_PP0_/D
64	-0.1401	stageI_do_wr_or_rd	stageI_do_wr_or_rd	stage2_do_wr_or_rd$_SDFF_PP0_/Q	stage2_do_wr_or_rd$_SDFF_PP0_/D
65	-0.1401	lane[I]	o_phy_write_leveling_calib	lane[1]$_SDFFE_PP0P_/Q	o_phy_write_leveling_calib$_SDFFE_PP0P_/D
66	-0.1395	stageI_do_wr	stageI_do_wr_or_rd	stage2_do_wr$_SDFF_PP0_/Q	stage2_do_wr_or_rd$_SDFF_PP0_/D
67	-0.1391	index_wb_data	reset_from_test	index_wb_data$_SDFFE_PP0P_/Q	reset_from_test$_SDFF_PP0_/D
68	-0.1369	stageI_do_rd	stageI_do_wr_or_rd	stage2_do_rd$_SDFF_PP0_/Q	stage2_do_wr_or_rd$_SDFF_PP0_/D
69	-0.1353	lane[I]	dqs_start_index_repeat	lane[1]$_SDFFE_PP0P_/Q	dqs_start_index_repeat$_SDFFE_PP0P_/D
70	-0.1343	data_start_index[I][J]	data_start_index[I][J]	data_start_index[3][0]$_SDFFCE_PN0P_/Q	data_start_index[2][0]$_SDFFCE_PN0P_/D
71	-0.1342	lane[I]	lane_write_dq_late[I]	lane[0]$_SDFFE_PP0P_/Q	lane_write_dq_late[1]$_SDFFE_PP0P_/D
72	-0.1330	stageI_next_bank_qJ[K]	o_phy_cmd[I]	stage1_next_bank_q2[2]$_SDFF_PP0_/Q	o_phy_cmd[10]
73	-0.1327	stageI_pending	o_phy_cmd[I]	stage2_pending$_SDFFE_PP0P_/Q	o_phy_cmd[10]
74	-0.1319	lane[I]	dq_target_rollback_q	lane[1]$_SDFFE_PP0P_/Q	dq_target_rollback_q$_SDFF_PP0_/D
75	-0.1288	stageI_do_act	stageI_do_pre	stage2_do_act$_SDFF_PP0_/Q	stage1_do_pre$_SDFF_PP0_/D
76	-0.1287	stageI_pending	stageI_do_pre	stage2_pending$_SDFFE_PP0P_/Q	stage1_do_pre$_SDFF_PP0_/D
77	-0.1271	stageI_do_pre	o_phy_cmd[I]	stage2_do_pre$_SDFF_PP0_/Q	o_phy_cmd[10]
78	-0.1265	stageI_bank[J]	o_phy_cmd[I]	stage2_bank[1]$_SDFF_PP0_/Q	o_phy_cmd[10]
79	-0.1263	read_lane_data_shifted[I]	data_start_index[I][J]	read_lane_data_shifted[6]$_SDFF_PP0_/Q	data_start_index[2][0]$_SDFFCE_PN0P_/D
80	-0.1248	stageI_do_rd	o_wb_stall_int_q	stage2_do_rd$_SDFF_PP0_/Q	o_wb_stall_int_q$_SDFF_PP1_/D
81	-0.1242	i_phy_iserdes_bitslip_reference[I]	initial_dqs	i_phy_iserdes_bitslip_reference[26]	initial_dqs$_SDFFE_PP1P_/D
82	-0.1214	state_calibrate[I]	write_test_address_counter[I]	state_calibrate[1]$_SDFFE_PP0P_/Q	write_test_address_counter[21]$_SDFFE_PP0P_/D
83	-0.1209	lane[I]	added_read_pipe_max	lane[1]$_SDFFE_PP0P_/Q	added_read_pipe_max$_SDFFE_PP0P_/D
84	-0.1203	stageI_do_rd	stageI_do_update_delay_before_write_after_act	stage2_do_rd$_SDFF_PP0_/Q	stage2_do_update_delay_before_write_after_act$_SDFF_PP0_/D
85	-0.1203	stageI_do_rd	stageI_do_wr	stage2_do_rd$_SDFF_PP0_/Q	stage2_do_wr$_SDFF_PP0_/D
86	-0.1193	delay_before_write_counter_q[I][J]	o_wb_stall_int_q	delay_before_write_counter_q[7][1]$_SDFF_PP0_/Q	o_wb_stall_int_q$_SDFF_PP1_/D
87	-0.1182	index_wb_data	o_wb_data[I]	index_wb_data$_SDFFE_PP0P_/Q	o_wb_data[57]
88	-0.1151	dqs_start_index[I]	initial_dqs	dqs_start_index[1]$_SDFFE_PP0P_/Q	initial_dqs$_SDFFE_PP1P_/D
89	-0.1151	i_phy_iserdes_bitslip_reference[I]	prev_write_level_feedback	i_phy_iserdes_bitslip_reference[24]	prev_write_level_feedback$_SDFFE_PP1P_/D
90	-0.1148	delay_before_write_counter_q[I][J]	stageI_do_update_delay_before_write_after_act	delay_before_write_counter_q[7][1]$_SDFF_PP0_/Q	stage2_do_update_delay_before_write_after_act$_SDFF_PP0_/D
91	-0.1147	delay_before_write_counter_q[I][J]	stageI_do_wr	delay_before_write_counter_q[7][1]$_SDFF_PP0_/Q	stage2_do_wr$_SDFF_PP0_/D
92	-0.1136	lane[I]	read_lane_data[I]	lane[1]$_SDFFE_PP0P_/Q	read_lane_data[24]$_SDFF_PP0_/D
93	-0.1124	lane[I]	prev_write_level_feedback	lane[1]$_SDFFE_PP0P_/Q	prev_write_level_feedback$_SDFFE_PP1P_/D
94	-0.1117	write_pattern[I]	data_start_index[I][J]	write_pattern[0]$_SDFFE_PP0P_/Q	data_start_index[2][0]$_SDFFCE_PN0P_/D
95	-0.1080	stageI_do_wr_or_rd	stageI_do_pre	stage2_do_wr_or_rd$_SDFF_PP0_/Q	stage2_do_pre$_SDFF_PP0_/D
96	-0.1075	stageI_do_wr	stageI_do_pre	stage2_do_wr$_SDFF_PP0_/Q	stage2_do_pre$_SDFF_PP0_/D
97	-0.1075	lane[I]	start_index_check[I]	lane[0]$_SDFFE_PP0P_/Q	start_index_check[5]$_SDFFCE_PN0P_/D
98	-0.1059	lane[I]	dqs_bitslip_arrangement[I]	lane[1]$_SDFFE_PP0P_/Q	dqs_bitslip_arrangement[5]$_SDFFE_PP0P_/D
99	-0.1048	stageI_do_rd	stageI_do_pre	stage2_do_rd$_SDFF_PP0_/Q	stage2_do_pre$_SDFF_PP0_/D
100	-0.1048	dqs_store[I]	state_calibrate[I]	dqs_store[32]$_SDFFE_PP0P_/Q	state_calibrate[0]$_SDFFE_PP0P_/D
