# stage	6_final
# top_module	fpu
# top_n	100
# kind	blocks
# include_full	1
# rank	worst_slack_ns	start	end	start_full	end_full
1	-0.3100	uI.mul_a[J]	uI.prod_a_lo[J]	u3.mul_a[5]$_SDFFE_PP0P_/Q	u3.prod_a_lo[28]$_SDFFE_PP0P_/D
2	-0.3044	uI.mul_b[J]	uI.prod_a_lo[J]	u3.mul_b[6]$_SDFFE_PP0P_/Q	u3.prod_a_lo[28]$_SDFFE_PP0P_/D
3	-0.2969	uI.mul_a[J]	uI.prod_a_hi[J]	u3.mul_a[20]$_SDFFE_PP0P_/Q	u3.prod_a_hi[26]$_SDFFE_PP0P_/D
4	-0.2951	uI.mul_a[J]	uI.prod_b_hi[J]	u3.mul_a[20]$_SDFFE_PP0P_/Q	u3.prod_b_hi[24]$_SDFFE_PP0P_/D
5	-0.2930	uI.mul_b[J]	uI.prod_a_hi[J]	u3.mul_b[6]$_SDFFE_PP0P_/Q	u3.prod_a_hi[26]$_SDFFE_PP0P_/D
6	-0.2876	uI.mul_a[J]	uI.prod_c_hi[J]	u3.mul_a[23]$_SDFFE_PP0P_/Q	u3.prod_c_hi[27]$_SDFFE_PP0P_/D
7	-0.2772	uI.mul_a[J]	uI.prod_b_lo[J]	u3.mul_a[8]$_SDFFE_PP0P_/Q	u3.prod_b_lo[26]$_SDFFE_PP0P_/D
8	-0.2701	uI.mul_b[J]	uI.prod_b_hi[J]	u3.mul_b[18]$_SDFFE_PP0P_/Q	u3.prod_b_hi[24]$_SDFFE_PP0P_/D
9	-0.2556	uI.mul_b[J]	uI.prod_b_lo[J]	u3.mul_b[24]$_SDFFE_PP0P_/Q	u3.prod_b_lo[26]$_SDFFE_PP0P_/D
10	-0.2527	uI.mul_b[J]	uI.prod_e_lo[J]	u3.mul_b[9]$_SDFFE_PP0P_/Q	u3.prod_e_lo[22]$_SDFFE_PP0P_/D
11	-0.2495	uI.mul_a[J]	uI.prod_c_lo[J]	u3.mul_a[5]$_SDFFE_PP0P_/Q	u3.prod_c_lo[28]$_SDFFE_PP0P_/D
12	-0.2269	uI.mul_b[J]	uI.prod_f_lo[J]	u3.mul_b[20]$_SDFFE_PP0P_/Q	u3.prod_f_lo[22]$_SDFFE_PP0P_/D
13	-0.2203	uI.mul_b[J]	uI.prod_c_hi[J]	u3.mul_b[40]$_SDFFE_PP0P_/Q	u3.prod_c_hi[27]$_SDFFE_PP0P_/D
14	-0.2165	uI.mul_a[J]	uI.prod_e_lo[J]	u3.mul_a[29]$_SDFFE_PP0P_/Q	u3.prod_e_lo[22]$_SDFFE_PP0P_/D
15	-0.2133	uI.mul_b[J]	uI.prod_c_lo[J]	u3.mul_b[42]$_SDFFE_PP0P_/Q	u3.prod_c_lo[28]$_SDFFE_PP0P_/D
16	-0.2108	uI.mul_b[J]	uI.prod_e_hi[J]	u3.mul_b[9]$_SDFFE_PP0P_/Q	u3.prod_e_hi[24]$_SDFFE_PP0P_/D
17	-0.2013	uI.mul_a[J]	uI.prod_f_lo[J]	u3.mul_a[24]$_SDFFE_PP0P_/Q	u3.prod_f_lo[22]$_SDFFE_PP0P_/D
18	-0.1978	uI.mul_b[J]	uI.prod_i_lo[J]	u3.mul_b[29]$_SDFFE_PP0P_/Q	u3.prod_i_lo[22]$_SDFFE_PP0P_/D
19	-0.1948	uI.mul_a[J]	uI.prod_g_lo[J]	u3.mul_a[24]$_SDFFE_PP0P_/Q	u3.prod_g_lo[22]$_SDFFE_PP0P_/D
20	-0.1935	uI.mul_a[J]	uI.prod_e_hi[J]	u3.mul_a[37]$_SDFFE_PP0P_/Q	u3.prod_e_hi[23]$_SDFFE_PP0P_/D
21	-0.1913	uI.mul_b[J]	uI.prod_g_hi[J]	u3.mul_b[41]$_SDFFE_PP0P_/Q	u3.prod_g_hi[25]$_SDFFE_PP0P_/D
22	-0.1906	uI.mul_a[J]	uI.prod_g_hi[J]	u3.mul_a[37]$_SDFFE_PP0P_/Q	u3.prod_g_hi[25]$_SDFFE_PP0P_/D
23	-0.1900	uI.mul_b[J]	uI.prod_g_lo[J]	u3.mul_b[38]$_SDFFE_PP0P_/Q	u3.prod_g_lo[22]$_SDFFE_PP0P_/D
24	-0.1894	uI.mul_b[J]	uI.prod_f_hi[J]	u3.mul_b[29]$_SDFFE_PP0P_/Q	u3.prod_f_hi[24]$_SDFFE_PP0P_/D
25	-0.1797	uI.mul_a[J]	uI.prod_f_hi[J]	u3.mul_a[39]$_SDFFE_PP0P_/Q	u3.prod_f_hi[24]$_SDFFE_PP0P_/D
26	-0.1769	uI.mul_b[J]	uI.prod_i_hi[J]	u3.mul_b[29]$_SDFFE_PP0P_/Q	u3.prod_i_hi[22]$_SDFFE_PP0P_/D
27	-0.1583	uI.mul_b[J]	uI.prod_j_hi[J]	u3.mul_b[35]$_SDFFE_PP0P_/Q	u3.prod_j_hi[24]$_SDFFE_PP0P_/D
28	-0.1538	uI.mul_b[J]	uI.prod_j_lo[J]	u3.mul_b[47]$_SDFFE_PP0P_/Q	u3.prod_j_lo[24]$_SDFFE_PP0P_/D
29	-0.1331	uI.mul_b[J]	uI.prod_h_hi[J]	u3.mul_b[1]$_SDFFE_PP0P_/Q	u3.prod_h_hi[21]$_SDFFE_PP0P_/D
30	-0.1316	uI.mul_a[J]	uI.prod_j_lo[J]	u3.mul_a[43]$_SDFFE_PP0P_/Q	u3.prod_j_lo[24]$_SDFFE_PP0P_/D
31	-0.1213	uI.mul_a[J]	uI.prod_h_lo[J]	u3.mul_a[43]$_SDFFE_PP0P_/Q	u3.prod_h_lo[20]$_SDFFE_PP0P_/D
32	-0.1169	uI.mul_a[J]	uI.prod_i_lo[J]	u3.mul_a[43]$_SDFFE_PP0P_/Q	u3.prod_i_lo[22]$_SDFFE_PP0P_/D
33	-0.1083	uI.mul_b[J]	uI.prod_h_lo[J]	u3.mul_b[16]$_SDFFE_PP0P_/Q	u3.prod_h_lo[20]$_SDFFE_PP0P_/D
34	-0.0745	uI.mul_a[J]	uI.prod_j_hi[J]	u3.mul_a[49]$_SDFFE_PP0P_/Q	u3.prod_j_hi[24]$_SDFFE_PP0P_/D
35	-0.0631	uI.mul_a[J]	uI.prod_i_hi[J]	u3.mul_a[47]$_SDFFE_PP0P_/Q	u3.prod_i_hi[22]$_SDFFE_PP0P_/D
36	-0.0620	uI.mul_a[J]	uI.prod_h_hi[J]	u3.mul_a[49]$_SDFFE_PP0P_/Q	u3.prod_h_hi[20]$_SDFFE_PP0P_/D
37	0.0221	uI.mul_b[J]	uI.product_d[J]	u3.mul_b[52]$_SDFFE_PP0P_/Q	u3.product_d[24]$_SDFFE_PP0P_/D
38	0.0434	uI.product_f[J]	uI.sum_J[K]	u3.product_f[0]$_SDFFE_PP0P_/Q	u3.sum_4[32]$_SDFFE_PP0P_/D
39	0.0467	uI.sum_J[K]	uI.sum_J[K]	u3.sum_3[0]$_SDFFE_PP0P_/Q	u3.sum_4[32]$_SDFFE_PP0P_/D
40	0.0701	uI.large_add[J]	uI.sum[J]	u1.large_add[18]$_SDFFE_PP0P_/Q	u1.sum[50]$_SDFFE_PP0P_/D
41	0.0767	uI.small_shift_J[K]	uI.sum[J]	u1.small_shift_3[18]$_SDFFE_PP0P_/Q	u1.sum[50]$_SDFFE_PP0P_/D
42	0.0816	uI.dividend_reg[J]	uI.dividend_reg[J]	u4.dividend_reg[25]$_SDFFE_PP0P_/Q	u4.dividend_reg[1]$_SDFFE_PP0P_/D
43	0.0868	uI.divisor_reg[J]	uI.dividend_reg[J]	u4.divisor_reg[0]$_SDFFE_PP0P_/Q	u4.dividend_reg[43]$_SDFFE_PP0P_/D
44	0.1018	uI.product_c[J]	uI.sum_J[K]	u3.product_c[1]$_SDFFE_PP0P_/Q	u3.sum_2[31]$_SDFFE_PP0P_/D
45	0.1103	uI.mul_a[J]	uI.product_d[J]	u3.mul_a[0]$_SDFFE_PP0P_/Q	u3.product_d[25]$_SDFFE_PP0P_/D
46	0.1106	uI.product_a[J]	uI.sum_J[K]	u3.product_a[27]$_SDFFE_PP0P_/Q	u3.sum_0[33]$_SDFFE_PP0P_/D
47	0.1108	uI.product_b[J]	uI.sum_J[K]	u3.product_b[10]$_SDFFE_PP0P_/Q	u3.sum_0[33]$_SDFFE_PP0P_/D
48	0.1116	uI.product_g[J]	uI.sum_J[K]	u3.product_g[0]$_SDFFE_PP0P_/Q	u3.sum_7[36]$_SDFFE_PP0P_/D
49	0.1151	uI.prod_c_lo[J]	uI.product_c[J]	u3.prod_c_lo[13]$_SDFFE_PP0P_/Q	u3.product_c[29]$_SDFFE_PP0P_/D
50	0.1249	uI.prod_c_hi[J]	uI.product_c[J]	u3.prod_c_hi[1]$_SDFFE_PP0P_/Q	u3.product_c[29]$_SDFFE_PP0P_/D
51	0.1286	uI.minuend[J]	uI.diff[J]	u2.minuend[30]$_SDFFE_PP0P_/Q	u2.diff[53]$_SDFFE_PP0P_/D
52	0.1385	out[I]	out[I]	out[5]$_SDFFE_PP0P_/Q	out[5]
53	0.1458	uI.divisor_b[J]	uI.divisor_shift_J[K]	u4.divisor_b[51]$_SDFFE_PP0P_/Q	u4.divisor_shift_2[1]$_SDFFE_PP0P_/D
54	0.1490	uI.dividend_reg[J]	uI.remainder_msb	u4.dividend_reg[25]$_SDFFE_PP0P_/Q	u4.remainder_msb$_SDFFE_PP0P_/D
55	0.1493	overflow	overflow	overflow$_SDFFE_PP0P_/Q	overflow
56	0.1494	uI.dividend_reg[J]	uI.quotient[J]	u4.dividend_reg[25]$_SDFFE_PP0P_/Q	u4.quotient[3]$_SDFFE_PP0P_/D
57	0.1499	uI.subtra_shift_J[K]	uI.diff[J]	u2.subtra_shift_3[30]$_SDFFE_PP0P_/QN	u2.diff[53]$_SDFFE_PP0P_/D
58	0.1509	inexact	inexact	inexact$_SDFFE_PP0P_/Q	inexact
59	0.1526	invalid	invalid	invalid$_SDFFE_PP0P_/Q	invalid
60	0.1548	uI.exponent_J[K]	uI.product_J[K]	u3.exponent_2[1]$_SDFFE_PP0P_/Q	u3.product_4[63]$_SDFFE_PP0P_/D
61	0.1552	underflow	underflow	underflow$_SDFFE_PP0P_/Q	underflow
62	0.1556	exception	exception	exception$_SDFFE_PP0P_/Q	exception
63	0.1566	uI.product_h[J]	uI.sum_J[K]	u3.product_h[2]$_SDFFE_PP0P_/Q	u3.sum_3[29]$_SDFFE_PP0P_/D
64	0.1583	uI.prod_g_hi[J]	uI.product_g[J]	u3.prod_g_hi[0]$_SDFFE_PP0P_/Q	u3.product_g[35]$_SDFFE_PP0P_/D
65	0.1602	uI.exponent_small[J]	uI.exponent_diff[J]	u2.exponent_small[0]$_SDFFE_PP0P_/Q	u2.exponent_diff[10]$_SDFFE_PP0P_/D
66	0.1611	uI.prod_g_lo[J]	uI.product_g[J]	u3.prod_g_lo[9]$_SDFFE_PP0P_/Q	u3.product_g[35]$_SDFFE_PP0P_/D
67	0.1628	uI.product_e[J]	uI.sum_J[K]	u3.product_e[14]$_SDFFE_PP0P_/Q	u3.sum_1[34]$_SDFFE_PP0P_/D
68	0.1630	uI.remainder_shift_term[J]	uI.remainder_b[J]	u4.remainder_shift_term[1]$_SDFFE_PP0P_/Q	u4.remainder_b[97]$_SDFFE_PP0P_/D
69	0.1676	uI.diff[J]	uI.diff_shift_J[K]	u2.diff[54]$_SDFFE_PP0P_/Q	u2.diff_shift_2[5]$_SDFFE_PP0P_/D
70	0.1682	uI.exponent_large[J]	uI.exponent_diff[J]	u2.exponent_large[0]$_SDFFE_PP0P_/QN	u2.exponent_diff[10]$_SDFFE_PP0P_/D
71	0.1691	uI.large_norm_small_denorm	uI.exponent_diff[J]	u2.large_norm_small_denorm$_SDFFE_PP0P_/Q	u2.exponent_diff[10]$_SDFFE_PP0P_/D
72	0.1697	uI.prod_i_lo[J]	uI.product_i[J]	u3.prod_i_lo[6]$_SDFFE_PP0P_/Q	u3.product_i[26]$_SDFFE_PP0P_/D
73	0.1705	ready	ready	ready$_SDFF_PP0_/Q	ready
74	0.1716	uI.prod_i_hi[J]	uI.product_i[J]	u3.prod_i_hi[0]$_SDFFE_PP0P_/Q	u3.product_i[26]$_SDFFE_PP0P_/D
75	0.1730	uI.diffshift_gt_exponent	uI.diff_J[K]	u2.diffshift_gt_exponent$_SDFFE_PP0P_/Q	u2.diff_1[33]$_SDFFE_PP0P_/D
76	0.1748	mantissa_round[I]	uI.sum_round[J]	mantissa_round[7]$_SDFF_PN0_/Q	u5.sum_round[50]$_SDFF_PP0_/D
77	0.1782	uI.divisor_reg[J]	uI.remainder_msb	u4.divisor_reg[28]$_SDFFE_PP0P_/Q	u4.remainder_msb$_SDFFE_PP0P_/D
78	0.1786	uI.divisor_reg[J]	uI.quotient[J]	u4.divisor_reg[28]$_SDFFE_PP0P_/Q	u4.quotient[3]$_SDFFE_PP0P_/D
79	0.1817	uI.dividend_a[J]	uI.dividend_shift_J[K]	u4.dividend_a[50]$_SDFFE_PP0P_/Q	u4.dividend_shift_2[1]$_SDFFE_PP0P_/D
80	0.1919	uI.product_shift_J[K]	uI.product_J[K]	u3.product_shift_2[1]$_SDFFE_PP0P_/Q	u3.product_3[73]$_SDFFE_PP0P_/D
81	0.2000	uI.exponent_large[J]	uI.diff_J[K]	u2.exponent_large[1]$_SDFFE_PP0P_/Q	u2.diff_1[33]$_SDFFE_PP0P_/D
82	0.2110	uI.prod_a_hi[J]	uI.product_a[J]	u3.prod_a_hi[3]$_SDFFE_PP0P_/Q	u3.product_a[39]$_SDFFE_PP0P_/D
83	0.2131	uI.prod_a_lo[J]	uI.product_a[J]	u3.prod_a_lo[15]$_SDFFE_PP0P_/Q	u3.product_a[39]$_SDFFE_PP0P_/D
84	0.2148	uI.dividend_shift_J[K]	uI.dividend_a_shifted[J]	u4.dividend_shift_2[1]$_SDFFE_PP0P_/Q	u4.dividend_a_shifted[51]$_SDFFE_PP0P_/D
85	0.2168	uI.divisor_shift_J[K]	uI.divisor_b_shifted[J]	u4.divisor_shift_2[1]$_SDFFE_PP0P_/Q	u4.divisor_b_shifted[51]$_SDFFE_PP0P_/D
86	0.2216	uI.diff_shift_J[K]	uI.diff_J[K]	u2.diff_shift_2[1]$_SDFFE_PP0P_/Q	u2.diff_1[33]$_SDFFE_PP0P_/D
87	0.2235	sub_enable	uI.exponent_J[K]	sub_enable$_SDFF_PP0_/Q	u2.exponent_2[6]$_SDFFE_PP0P_/D
88	0.2242	mul_enable	uI.product_J[K]	mul_enable$_SDFF_PP0_/Q	u3.product_4[72]$_SDFFE_PP0P_/D
89	0.2250	uI.prod_b_lo[J]	uI.product_b[J]	u3.prod_b_lo[12]$_SDFFE_PP0P_/Q	u3.product_b[40]$_SDFFE_PP0P_/D
90	0.2262	uI.prod_b_hi[J]	uI.product_b[J]	u3.prod_b_hi[0]$_SDFFE_PP0P_/Q	u3.product_b[40]$_SDFFE_PP0P_/D
91	0.2270	uI.product_d[J]	uI.sum_J[K]	u3.product_d[0]$_SDFFE_PP0P_/Q	u3.sum_5[26]$_SDFFE_PP0P_/D
92	0.2338	uI.exponent_diff[J]	uI.subtra_shift[J]	u2.exponent_diff[1]$_SDFFE_PP0P_/Q	u2.subtra_shift[3]$_SDFFE_PP0P_/D
93	0.2341	uI.product_j[J]	uI.sum_J[K]	u3.product_j[0]$_SDFFE_PP0P_/Q	u3.sum_8[22]$_SDFFE_PP0P_/D
94	0.2341	uI.prod_h_hi[J]	uI.product_h[J]	u3.prod_h_hi[0]$_SDFFE_PP0P_/Q	u3.product_h[28]$_SDFFE_PP0P_/D
95	0.2374	sub_enable	uI.diff[J]	sub_enable$_SDFF_PP0_/Q	u2.diff[49]$_SDFFE_PP0P_/D
96	0.2375	uI.prod_h_lo[J]	uI.product_h[J]	u3.prod_h_lo[6]$_SDFFE_PP0P_/Q	u3.product_h[28]$_SDFFE_PP0P_/D
97	0.2386	uI.expon_uf_term_J[K]	uI.mantissa_J[K]	u4.expon_uf_term_4[9]$_SDFFE_PP0P_/Q	u4.mantissa_1[27]$_SDFFE_PP0P_/D
98	0.2405	uI.product_i[J]	uI.sum_J[K]	u3.product_i[2]$_SDFFE_PP0P_/Q	u3.sum_6[23]$_SDFFE_PP0P_/D
99	0.2462	sub_enable	uI.exponent[J]	sub_enable$_SDFF_PP0_/Q	u2.exponent[10]$_SDFFE_PP0P_/D
100	0.2470	uI.exponent_diff[J]	uI.small_shift[J]	u1.exponent_diff[1]$_SDFFE_PP0P_/Q	u1.small_shift[16]$_SDFFE_PP0P_/D
