# stage	6_final
# top_module	fpu
# top_n	100
# kind	blocks
# include_full	1
# rank	worst_slack_ns	start	end	start_full	end_full
1	-0.3008	uI.mul_b[J]	uI.product_a_lo[J]	u3.mul_b[5]$_SDFFE_PP0P_/Q	u3.product_a_lo[28]$_SDFFE_PP0P_/D
2	-0.3004	uI.mul_a[J]	uI.product_a_lo[J]	u3.mul_a[5]$_SDFFE_PP0P_/Q	u3.product_a_lo[28]$_SDFFE_PP0P_/D
3	-0.2977	uI.mul_b[J]	uI.product_a_hi[J]	u3.mul_b[4]$_SDFFE_PP0P_/Q	u3.product_a_hi[26]$_SDFFE_PP0P_/D
4	-0.2925	uI.mul_a[J]	uI.product_a_hi[J]	u3.mul_a[20]$_SDFFE_PP0P_/Q	u3.product_a_hi[26]$_SDFFE_PP0P_/D
5	-0.2902	uI.mul_a[J]	uI.product_b_hi[J]	u3.mul_a[20]$_SDFFE_PP0P_/Q	u3.product_b_hi[24]$_SDFFE_PP0P_/D
6	-0.2880	uI.mul_a[J]	uI.product_c_lo[J]	u3.mul_a[4]$_SDFFE_PP0P_/Q	u3.product_c_lo[25]$_SDFFE_PP0P_/D
7	-0.2761	uI.mul_a[J]	uI.product_b_lo[J]	u3.mul_a[4]$_SDFFE_PP0P_/Q	u3.product_b_lo[24]$_SDFFE_PP0P_/D
8	-0.2700	uI.mul_b[J]	uI.product_b_hi[J]	u3.mul_b[19]$_SDFFE_PP0P_/Q	u3.product_b_hi[24]$_SDFFE_PP0P_/D
9	-0.2612	uI.mul_b[J]	uI.product_e_lo[J]	u3.mul_b[5]$_SDFFE_PP0P_/Q	u3.product_e_lo[24]$_SDFFE_PP0P_/D
10	-0.2545	uI.mul_a[J]	uI.product_c_hi[J]	u3.mul_a[20]$_SDFFE_PP0P_/Q	u3.product_c_hi[27]$_SDFFE_PP0P_/D
11	-0.2540	uI.mul_b[J]	uI.product_b_lo[J]	u3.mul_b[25]$_SDFFE_PP0P_/Q	u3.product_b_lo[24]$_SDFFE_PP0P_/D
12	-0.2485	uI.mul_b[J]	uI.product_e_hi[J]	u3.mul_b[4]$_SDFFE_PP0P_/Q	u3.product_e_hi[24]$_SDFFE_PP0P_/D
13	-0.2392	uI.mul_b[J]	uI.product_c_hi[J]	u3.mul_b[40]$_SDFFE_PP0P_/Q	u3.product_c_hi[27]$_SDFFE_PP0P_/D
14	-0.2384	uI.mul_b[J]	uI.product_c_lo[J]	u3.mul_b[37]$_SDFFE_PP0P_/Q	u3.product_c_lo[27]$_SDFFE_PP0P_/D
15	-0.2122	uI.mul_b[J]	uI.product_g_hi[J]	u3.mul_b[37]$_SDFFE_PP0P_/Q	u3.product_g_hi[25]$_SDFFE_PP0P_/D
16	-0.2063	uI.mul_a[J]	uI.product_g_hi[J]	u3.mul_a[37]$_SDFFE_PP0P_/Q	u3.product_g_hi[23]$_SDFFE_PP0P_/D
17	-0.2057	uI.mul_b[J]	uI.product_f_lo[J]	u3.mul_b[22]$_SDFFE_PP0P_/Q	u3.product_f_lo[22]$_SDFFE_PP0P_/D
18	-0.2036	uI.mul_a[J]	uI.product_e_lo[J]	u3.mul_a[27]$_SDFFE_PP0P_/Q	u3.product_e_lo[24]$_SDFFE_PP0P_/D
19	-0.1986	uI.mul_a[J]	uI.product_g_lo[J]	u3.mul_a[29]$_SDFFE_PP0P_/Q	u3.product_g_lo[27]$_SDFFE_PP0P_/D
20	-0.1973	uI.mul_a[J]	uI.product_e_hi[J]	u3.mul_a[37]$_SDFFE_PP0P_/Q	u3.product_e_hi[22]$_SDFFE_PP0P_/D
21	-0.1894	uI.mul_a[J]	uI.product_f_lo[J]	u3.mul_a[25]$_SDFFE_PP0P_/Q	u3.product_f_lo[22]$_SDFFE_PP0P_/D
22	-0.1881	uI.mul_b[J]	uI.product_f_hi[J]	u3.mul_b[17]$_SDFFE_PP0P_/Q	u3.product_f_hi[24]$_SDFFE_PP0P_/D
23	-0.1863	uI.mul_b[J]	uI.product_g_lo[J]	u3.mul_b[37]$_SDFFE_PP0P_/Q	u3.product_g_lo[22]$_SDFFE_PP0P_/D
24	-0.1847	uI.mul_a[J]	uI.product_f_hi[J]	u3.mul_a[37]$_SDFFE_PP0P_/Q	u3.product_f_hi[24]$_SDFFE_PP0P_/D
25	-0.1678	uI.mul_b[J]	uI.product_i_lo[J]	u3.mul_b[21]$_SDFFE_PP0P_/Q	u3.product_i_lo[22]$_SDFFE_PP0P_/D
26	-0.1531	uI.mul_b[J]	uI.product_i_hi[J]	u3.mul_b[20]$_SDFFE_PP0P_/Q	u3.product_i_hi[22]$_SDFFE_PP0P_/D
27	-0.1493	uI.mul_b[J]	uI.product_h_hi[J]	u3.mul_b[4]$_SDFFE_PP0P_/Q	u3.product_h_hi[21]$_SDFFE_PP0P_/D
28	-0.1348	uI.mul_b[J]	uI.product_j_hi[J]	u3.mul_b[37]$_SDFFE_PP0P_/Q	u3.product_j_hi[23]$_SDFFE_PP0P_/D
29	-0.1249	uI.mul_b[J]	uI.product_j_lo[J]	u3.mul_b[46]$_SDFFE_PP0P_/Q	u3.product_j_lo[24]$_SDFFE_PP0P_/D
30	-0.1152	uI.mul_b[J]	uI.product_h_lo[J]	u3.mul_b[1]$_SDFFE_PP0P_/Q	u3.product_h_lo[21]$_SDFFE_PP0P_/D
31	-0.1092	uI.mul_a[J]	uI.product_j_lo[J]	u3.mul_a[41]$_SDFFE_PP0P_/Q	u3.product_j_lo[23]$_SDFFE_PP0P_/D
32	-0.1092	uI.mul_a[J]	uI.product_i_lo[J]	u3.mul_a[43]$_SDFFE_PP0P_/Q	u3.product_i_lo[22]$_SDFFE_PP0P_/D
33	-0.1070	uI.mul_a[J]	uI.product_h_lo[J]	u3.mul_a[43]$_SDFFE_PP0P_/Q	u3.product_h_lo[12]$_SDFFE_PP0P_/D
34	-0.0845	uI.mul_a[J]	uI.product_i_hi[J]	u3.mul_a[52]$_SDFFE_PP0P_/Q	u3.product_i_hi[22]$_SDFFE_PP0P_/D
35	-0.0823	uI.mul_a[J]	uI.product_h_hi[J]	u3.mul_a[48]$_SDFFE_PP0P_/Q	u3.product_h_hi[21]$_SDFFE_PP0P_/D
36	-0.0773	uI.mul_a[J]	uI.product_j_hi[J]	u3.mul_a[52]$_SDFFE_PP0P_/Q	u3.product_j_hi[18]$_SDFFE_PP0P_/D
37	0.0395	uI.mul_b[J]	uI.product_d[J]	u3.mul_b[51]$_SDFFE_PP0P_/Q	u3.product_d[24]$_SDFFE_PP0P_/D
38	0.0536	uI.product_f[J]	uI.sum_J[K]	u3.product_f[0]$_SDFFE_PP0P_/Q	u3.sum_4[24]$_SDFFE_PP0P_/D
39	0.0569	uI.sum_J[K]	uI.sum_J[K]	u3.sum_3[0]$_SDFFE_PP0P_/Q	u3.sum_4[24]$_SDFFE_PP0P_/D
40	0.0588	uI.product_c[J]	uI.sum_J[K]	u3.product_c[8]$_SDFFE_PP0P_/Q	u3.sum_2[29]$_SDFFE_PP0P_/D
41	0.0915	uI.product_c_lo[J]	uI.product_c[J]	u3.product_c_lo[13]$_SDFFE_PP0P_/Q	u3.product_c[29]$_SDFFE_PP0P_/D
42	0.0967	uI.product_b[J]	uI.sum_J[K]	u3.product_b[10]$_SDFFE_PP0P_/Q	u3.sum_0[35]$_SDFFE_PP0P_/D
43	0.0991	uI.large_add[J]	uI.sum[J]	u1.large_add[2]$_SDFFE_PP0P_/Q	u1.sum[54]$_SDFFE_PP0P_/D
44	0.0993	uI.product_a[J]	uI.sum_J[K]	u3.product_a[27]$_SDFFE_PP0P_/Q	u3.sum_0[35]$_SDFFE_PP0P_/D
45	0.1063	uI.divisor_reg[J]	uI.dividend_reg[J]	u4.divisor_reg[0]$_SDFFE_PP0P_/Q	u4.dividend_reg[43]$_SDFFE_PP0P_/D
46	0.1070	uI.dividend_reg[J]	uI.dividend_reg[J]	u4.dividend_reg[18]$_SDFFE_PP0P_/Q	u4.dividend_reg[43]$_SDFFE_PP0P_/D
47	0.1078	uI.product_c_hi[J]	uI.product_c[J]	u3.product_c_hi[0]$_SDFFE_PP0P_/Q	u3.product_c[29]$_SDFFE_PP0P_/D
48	0.1091	uI.product_g[J]	uI.sum_J[K]	u3.product_g[16]$_SDFFE_PP0P_/Q	u3.sum_7[33]$_SDFFE_PP0P_/D
49	0.1135	uI.small_shift_J[K]	uI.sum[J]	u1.small_shift_3[2]$_SDFFE_PP0P_/Q	u1.sum[54]$_SDFFE_PP0P_/D
50	0.1159	uI.product_g_hi[J]	uI.product_g[J]	u3.product_g_hi[0]$_SDFFE_PP0P_/Q	u3.product_g[33]$_SDFFE_PP0P_/D
51	0.1168	uI.product_g_lo[J]	uI.product_g[J]	u3.product_g_lo[9]$_SDFFE_PP0P_/Q	u3.product_g[33]$_SDFFE_PP0P_/D
52	0.1228	uI.mul_a[J]	uI.product_d[J]	u3.mul_a[0]$_SDFFE_PP0P_/Q	u3.product_d[25]$_SDFFE_PP0P_/D
53	0.1269	uI.minuend[J]	uI.diff[J]	u2.minuend[35]$_SDFFE_PP0P_/Q	u2.diff[53]$_SDFFE_PP0P_/D
54	0.1322	uI.product_e[J]	uI.sum_J[K]	u3.product_e[14]$_SDFFE_PP0P_/Q	u3.sum_1[34]$_SDFFE_PP0P_/D
55	0.1392	uI.dividend_reg[J]	uI.quotient[J]	u4.dividend_reg[25]$_SDFFE_PP0P_/Q	u4.quotient[41]$_SDFFE_PP0P_/D
56	0.1477	uI.subtra_shift_J[K]	uI.diff[J]	u2.subtra_shift_3[35]$_SDFFE_PP0P_/QN	u2.diff[53]$_SDFFE_PP0P_/D
57	0.1498	uI.divisor_b[J]	uI.divisor_shift_J[K]	u4.divisor_b[51]$_SDFFE_PP0P_/Q	u4.divisor_shift_2[1]$_SDFFE_PP0P_/D
58	0.1516	uI.product_h[J]	uI.sum_J[K]	u3.product_h[2]$_SDFFE_PP0P_/Q	u3.sum_3[29]$_SDFFE_PP0P_/D
59	0.1525	out[I]	out[I]	out[3]$_SDFFE_PP0P_/Q	out[3]
60	0.1538	underflow	underflow	underflow$_SDFFE_PP0P_/Q	underflow
61	0.1546	overflow	overflow	overflow$_SDFFE_PP0P_/Q	overflow
62	0.1546	uI.diff[J]	uI.diff_shift_J[K]	u2.diff[54]$_SDFFE_PP0P_/Q	u2.diff_shift_2[5]$_SDFFE_PP0P_/D
63	0.1555	invalid	invalid	invalid$_SDFFE_PP0P_/Q	invalid
64	0.1555	inexact	inexact	inexact$_SDFFE_PP0P_/Q	inexact
65	0.1562	uI.dividend_reg[J]	uI.remainder_msb	u4.dividend_reg[25]$_SDFFE_PP0P_/Q	u4.remainder_msb$_SDFFE_PP0P_/D
66	0.1567	exception	exception	exception$_SDFFE_PP0P_/Q	exception
67	0.1604	uI.product_i_lo[J]	uI.product_i[J]	u3.product_i_lo[6]$_SDFFE_PP0P_/Q	u3.product_i[26]$_SDFFE_PP0P_/D
68	0.1624	uI.divisor_reg[J]	uI.quotient[J]	u4.divisor_reg[29]$_SDFFE_PP0P_/Q	u4.quotient[41]$_SDFFE_PP0P_/D
69	0.1627	uI.product_i_hi[J]	uI.product_i[J]	u3.product_i_hi[0]$_SDFFE_PP0P_/Q	u3.product_i[26]$_SDFFE_PP0P_/D
70	0.1637	uI.product_b_hi[J]	uI.product_b[J]	u3.product_b_hi[0]$_SDFFE_PP0P_/Q	u3.product_b[36]$_SDFFE_PP0P_/D
71	0.1642	uI.product_b_lo[J]	uI.product_b[J]	u3.product_b_lo[12]$_SDFFE_PP0P_/Q	u3.product_b[36]$_SDFFE_PP0P_/D
72	0.1710	uI.exponent_J[K]	uI.product_J[K]	u3.exponent_2[10]$_SDFFE_PP0P_/Q	u3.product_4[61]$_SDFFE_PP0P_/D
73	0.1726	ready	ready	ready$_SDFF_PP0_/Q	ready
74	0.1745	uI.remainder_shift_term[J]	uI.remainder_b[J]	u4.remainder_shift_term[1]$_SDFFE_PP0P_/Q	u4.remainder_b[92]$_SDFFE_PP0P_/D
75	0.1761	uI.exponent_large[J]	uI.diff_J[K]	u2.exponent_large[1]$_SDFFE_PP0P_/Q	u2.diff_1[36]$_SDFFE_PP0P_/D
76	0.1787	uI.dividend_a[J]	uI.dividend_shift_J[K]	u4.dividend_a[51]$_SDFFE_PP0P_/Q	u4.dividend_shift_2[5]$_SDFFE_PP0P_/D
77	0.1794	uI.divisor_reg[J]	uI.remainder_msb	u4.divisor_reg[29]$_SDFFE_PP0P_/Q	u4.remainder_msb$_SDFFE_PP0P_/D
78	0.1800	uI.exponent_J[K]	uI.exponent_J[K]	u3.exponent_2[1]$_SDFFE_PP0P_/Q	u3.exponent_3[11]$_SDFFE_PP0P_/D
79	0.1900	uI.large_norm_small_denorm	uI.exponent_diff[J]	u2.large_norm_small_denorm$_SDFFE_PP0P_/Q	u2.exponent_diff[10]$_SDFFE_PP0P_/D
80	0.1925	uI.product_a_lo[J]	uI.product_a[J]	u3.product_a_lo[15]$_SDFFE_PP0P_/Q	u3.product_a[29]$_SDFFE_PP0P_/D
81	0.1958	uI.diffshift_gt_exponent	uI.diff_J[K]	u2.diffshift_gt_exponent$_SDFFE_PP0P_/Q	u2.diff_1[44]$_SDFFE_PP0P_/D
82	0.1973	uI.product_a_hi[J]	uI.product_a[J]	u3.product_a_hi[2]$_SDFFE_PP0P_/Q	u3.product_a[29]$_SDFFE_PP0P_/D
83	0.2124	mantissa_round[I]	uI.sum_round[J]	mantissa_round[8]$_SDFF_PN0_/Q	u5.sum_round[50]$_SDFF_PP0_/D
84	0.2137	uI.exponent_diff[J]	uI.subtra_shift[J]	u2.exponent_diff[1]$_SDFFE_PP0P_/Q	u2.subtra_shift[3]$_SDFFE_PP0P_/D
85	0.2139	uI.product_f_hi[J]	uI.product_f[J]	u3.product_f_hi[2]$_SDFFE_PP0P_/Q	u3.product_f[30]$_SDFFE_PP0P_/D
86	0.2150	uI.product_f_lo[J]	uI.product_f[J]	u3.product_f_lo[11]$_SDFFE_PP0P_/Q	u3.product_f[30]$_SDFFE_PP0P_/D
87	0.2156	uI.product_d[J]	uI.sum_J[K]	u3.product_d[0]$_SDFFE_PP0P_/Q	u3.sum_5[26]$_SDFFE_PP0P_/D
88	0.2169	uI.dividend_shift_J[K]	uI.dividend_a_shifted[J]	u4.dividend_shift_2[1]$_SDFFE_PP0P_/Q	u4.dividend_a_shifted[51]$_SDFFE_PP0P_/D
89	0.2182	uI.diff_shift_J[K]	uI.diff_J[K]	u2.diff_shift_2[1]$_SDFFE_PP0P_/Q	u2.diff_1[36]$_SDFFE_PP0P_/D
90	0.2217	uI.product_shift_J[K]	uI.product_J[K]	u3.product_shift_2[0]$_SDFFE_PP0P_/Q	u3.product_3[80]$_SDFFE_PP0P_/D
91	0.2232	uI.divisor_shift_J[K]	uI.divisor_b_shifted[J]	u4.divisor_shift_2[1]$_SDFFE_PP0P_/Q	u4.divisor_b_shifted[51]$_SDFFE_PP0P_/D
92	0.2280	mul_enable	uI.sum_J[K]	mul_enable$_SDFF_PP0_/Q	u3.sum_7[36]$_SDFFE_PP0P_/D
93	0.2293	uI.product_h_lo[J]	uI.product_h[J]	u3.product_h_lo[6]$_SDFFE_PP0P_/Q	u3.product_h[28]$_SDFFE_PP0P_/D
94	0.2307	mul_enable	uI.mul_b[J]	mul_enable$_SDFF_PP0_/Q	u3.mul_b[21]$_SDFFE_PP0P_/D
95	0.2310	uI.product_h_hi[J]	uI.product_h[J]	u3.product_h_hi[0]$_SDFFE_PP0P_/Q	u3.product_h[28]$_SDFFE_PP0P_/D
96	0.2342	uI.product_j_lo[J]	uI.product_j[J]	u3.product_j_lo[15]$_SDFFE_PP0P_/Q	u3.product_j[27]$_SDFFE_PP0P_/D
97	0.2349	uI.product_j_hi[J]	uI.product_j[J]	u3.product_j_hi[10]$_SDFFE_PP0P_/Q	u3.product_j[27]$_SDFFE_PP0P_/D
98	0.2393	uI.enable_reg_J	uI.mantissa_J[K]	u4.enable_reg_2$_SDFFE_PP0P_/Q	u4.mantissa_1[42]$_SDFFE_PP0P_/D
99	0.2398	uI.product_i[J]	uI.sum_J[K]	u3.product_i[0]$_SDFFE_PP0P_/Q	u3.sum_6[22]$_SDFFE_PP0P_/D
100	0.2420	uI.expon_uf_term_J[K]	uI.mantissa_J[K]	u4.expon_uf_term_4[9]$_SDFFE_PP0P_/Q	u4.mantissa_1[17]$_SDFFE_PP0P_/D
