# stage	6_final
# top_module	sha512
# top_n	100
# kind	blocks
# include_full	1
# rank	worst_slack_ns	start	end	start_full	end_full
1	-0.2872	core.w_mem_inst.w_mem[I][J]	core.a_reg[I]	core.w_mem_inst.w_mem[14][11]$_DFFE_PN0P_/Q	core.a_reg[61]$_DFFE_PN0P_/D
2	-0.2527	core.w_mem_inst.w_mem[I][J]	core.e_reg[I]	core.w_mem_inst.w_mem[14][20]$_DFFE_PN0P_/Q	core.e_reg[56]$_DFFE_PN0P_/D
3	-0.2498	address[I]	read_data[I]	address[1]	read_data[18]
4	-0.1702	core.e_reg[I]	core.e_reg[I]	core.e_reg[22]$_DFFE_PN0P_/Q	core.e_reg[62]$_DFFE_PN0P_/D
5	-0.1209	core.e_reg[I]	core.a_reg[I]	core.e_reg[22]$_DFFE_PN0P_/Q	core.a_reg[61]$_DFFE_PN0P_/D
6	-0.1198	address[I]	error	address[4]	error
7	-0.1018	core.f_reg[I]	core.e_reg[I]	core.f_reg[11]$_DFFE_PN0P_/Q	core.e_reg[62]$_DFFE_PN0P_/D
8	-0.0964	core.g_reg[I]	core.e_reg[I]	core.g_reg[12]$_DFFE_PN0P_/Q	core.e_reg[62]$_DFFE_PN0P_/D
9	-0.0659	core.w_mem_inst.w_ctr_reg[I]	core.a_reg[I]	core.w_mem_inst.w_ctr_reg[1]$_DFFE_PN0P_/Q	core.a_reg[61]$_DFFE_PN0P_/D
10	-0.0521	core.f_reg[I]	core.a_reg[I]	core.f_reg[11]$_DFFE_PN0P_/Q	core.a_reg[61]$_DFFE_PN0P_/D
11	-0.0467	core.g_reg[I]	core.a_reg[I]	core.g_reg[12]$_DFFE_PN0P_/Q	core.a_reg[61]$_DFFE_PN0P_/D
12	-0.0108	core.w_mem_inst.w_ctr_reg[I]	core.e_reg[I]	core.w_mem_inst.w_ctr_reg[1]$_DFFE_PN0P_/Q	core.e_reg[62]$_DFFE_PN0P_/D
13	-0.0107	core.h_reg[I]	core.e_reg[I]	core.h_reg[14]$_DFFE_PN0P_/Q	core.e_reg[62]$_DFFE_PN0P_/D
14	0.0162	we	read_data[I]	we	read_data[24]
15	0.0294	cs	read_data[I]	cs	read_data[24]
16	0.0375	core.round_ctr_reg[I]	core.e_reg[I]	core.round_ctr_reg[0]$_DFFE_PN0P_/Q	core.e_reg[62]$_DFFE_PN0P_/D
17	0.0388	core.h_reg[I]	core.a_reg[I]	core.h_reg[14]$_DFFE_PN0P_/Q	core.a_reg[61]$_DFFE_PN0P_/D
18	0.0490	core.round_ctr_reg[I]	core.a_reg[I]	core.round_ctr_reg[1]$_DFFE_PN0P_/Q	core.a_reg[61]$_DFFE_PN0P_/D
19	0.1055	we	error	we	error
20	0.1187	cs	error	cs	error
21	0.1598	core.a_reg[I]	core.a_reg[I]	core.a_reg[35]$_DFFE_PN0P_/Q	core.a_reg[61]$_DFFE_PN0P_/D
22	0.1848	digest_reg[I]	read_data[I]	digest_reg[509]$_DFFE_PN0P_/Q	read_data[29]
23	0.2358	block_reg[I][J]	read_data[I]	block_reg[16][29]$_DFFE_PN0P_/Q	read_data[29]
24	0.3053	core.c_reg[I]	core.a_reg[I]	core.c_reg[1]$_DFFE_PN0P_/Q	core.a_reg[61]$_DFFE_PN0P_/D
25	0.3109	core.b_reg[I]	core.a_reg[I]	core.b_reg[1]$_DFFE_PN0P_/Q	core.a_reg[61]$_DFFE_PN0P_/D
26	0.3198	address[I]	block_reg[I][J]	address[1]	block_reg[0][16]$_DFFE_PN0P_/D
27	0.3891	work_factor_num_reg[I]	read_data[I]	work_factor_num_reg[24]$_DFFE_PN0P_/Q	read_data[24]
28	0.4092	core.w_mem_inst.w_mem[I][J]	core.w_mem_inst.w_mem[I][J]	core.w_mem_inst.w_mem[14][20]$_DFFE_PN0P_/Q	core.w_mem_inst.w_mem[15][61]$_DFFE_PN0P_/D
29	0.4234	init_reg	read_data[I]	init_reg$_DFF_PN0_/Q	read_data[0]
30	0.4667	ready_reg	read_data[I]	ready_reg$_DFF_PN0_/Q	read_data[0]
31	0.4681	next_reg	read_data[I]	next_reg$_DFF_PN0_/Q	read_data[1]
32	0.4702	mode_reg[I]	read_data[I]	mode_reg[1]$_DFFE_PN1P_/Q	read_data[3]
33	0.4743	digest_valid_reg	read_data[I]	digest_valid_reg$_DFF_PN0_/Q	read_data[1]
34	0.4877	work_factor_reg	read_data[I]	work_factor_reg$_DFFE_PN0P_/Q	read_data[7]
35	0.4980	core.d_reg[I]	core.HI_reg[J]	core.d_reg[15]$_DFFE_PN0P_/Q	core.H3_reg[57]$_DFFE_PN0P_/D
36	0.5058	core.HI_reg[J]	core.HI_reg[J]	core.H3_reg[14]$_DFFE_PN0P_/Q	core.H3_reg[57]$_DFFE_PN0P_/D
37	0.5246	core.e_reg[I]	core.HI_reg[J]	core.e_reg[4]$_DFFE_PN0P_/Q	core.H4_reg[63]$_DFFE_PN0P_/D
38	0.5404	core.b_reg[I]	core.HI_reg[J]	core.b_reg[17]$_DFFE_PN0P_/Q	core.H1_reg[63]$_DFFE_PN0P_/D
39	0.5781	core.work_factor_ctr_reg[I]	core.w_mem_inst.w_mem[I][J]	core.work_factor_ctr_reg[25]$_DFFE_PN0P_/Q	core.w_mem_inst.w_mem[1][33]$_DFFE_PN0P_/D
40	0.5819	work_factor_num_reg[I]	core.w_mem_inst.w_mem[I][J]	work_factor_num_reg[25]$_DFFE_PN0P_/QN	core.w_mem_inst.w_mem[1][33]$_DFFE_PN0P_/D
41	0.5853	core.f_reg[I]	core.HI_reg[J]	core.f_reg[0]$_DFFE_PN0P_/Q	core.H5_reg[58]$_DFFE_PN0P_/D
42	0.5912	core.a_reg[I]	core.HI_reg[J]	core.a_reg[18]$_DFFE_PN0P_/Q	core.H0_reg[52]$_DFFE_PN0P_/D
43	0.5920	core.g_reg[I]	core.HI_reg[J]	core.g_reg[17]$_DFFE_PN0P_/Q	core.H6_reg[58]$_DFFE_PN0P_/D
44	0.6181	core.work_factor_ctr_reg[I]	core.b_reg[I]	core.work_factor_ctr_reg[13]$_DFFE_PN0P_/Q	core.b_reg[25]$_DFFE_PN0P_/D
45	0.6194	core.work_factor_ctr_reg[I]	core.c_reg[I]	core.work_factor_ctr_reg[13]$_DFFE_PN0P_/Q	core.c_reg[23]$_DFFE_PN0P_/D
46	0.6208	core.work_factor_ctr_reg[I]	core.d_reg[I]	core.work_factor_ctr_reg[13]$_DFFE_PN0P_/Q	core.d_reg[52]$_DFFE_PN0P_/D
47	0.6278	address[I]	work_factor_num_reg[I]	address[4]	work_factor_num_reg[22]$_DFFE_PN0P_/D
48	0.6323	work_factor_num_reg[I]	core.b_reg[I]	work_factor_num_reg[25]$_DFFE_PN0P_/QN	core.b_reg[25]$_DFFE_PN0P_/D
49	0.6335	work_factor_num_reg[I]	core.c_reg[I]	work_factor_num_reg[25]$_DFFE_PN0P_/QN	core.c_reg[23]$_DFFE_PN0P_/D
50	0.6345	core.h_reg[I]	core.HI_reg[J]	core.h_reg[9]$_DFFE_PN0P_/Q	core.H7_reg[57]$_DFFE_PN0P_/D
51	0.6350	work_factor_num_reg[I]	core.d_reg[I]	work_factor_num_reg[25]$_DFFE_PN0P_/QN	core.d_reg[52]$_DFFE_PN0P_/D
52	0.6407	core.round_ctr_reg[I]	core.work_factor_ctr_reg[I]	core.round_ctr_reg[4]$_DFFE_PN0P_/Q	core.work_factor_ctr_reg[31]$_DFFE_PN0P_/D
53	0.6435	core.c_reg[I]	core.HI_reg[J]	core.c_reg[0]$_DFFE_PN0P_/Q	core.H2_reg[62]$_DFFE_PN0P_/D
54	0.6489	core.work_factor_ctr_reg[I]	core.g_reg[I]	core.work_factor_ctr_reg[25]$_DFFE_PN0P_/Q	core.g_reg[63]$_DFFE_PN0P_/D
55	0.6491	core.work_factor_ctr_reg[I]	core.h_reg[I]	core.work_factor_ctr_reg[13]$_DFFE_PN0P_/Q	core.h_reg[51]$_DFFE_PN0P_/D
56	0.6494	cs	block_reg[I][J]	cs	block_reg[0][16]$_DFFE_PN0P_/D
57	0.6520	core.work_factor_ctr_reg[I]	core.e_reg[I]	core.work_factor_ctr_reg[25]$_DFFE_PN0P_/Q	core.e_reg[63]$_DFFE_PN0P_/D
58	0.6527	work_factor_num_reg[I]	core.g_reg[I]	work_factor_num_reg[25]$_DFFE_PN0P_/QN	core.g_reg[63]$_DFFE_PN0P_/D
59	0.6531	core.work_factor_ctr_reg[I]	core.w_mem_inst.w_ctr_reg[I]	core.work_factor_ctr_reg[25]$_DFFE_PN0P_/Q	core.w_mem_inst.w_ctr_reg[6]$_DFFE_PN0P_/D
60	0.6558	work_factor_num_reg[I]	core.e_reg[I]	work_factor_num_reg[25]$_DFFE_PN0P_/QN	core.e_reg[63]$_DFFE_PN0P_/D
61	0.6569	work_factor_num_reg[I]	core.w_mem_inst.w_ctr_reg[I]	work_factor_num_reg[25]$_DFFE_PN0P_/QN	core.w_mem_inst.w_ctr_reg[6]$_DFFE_PN0P_/D
62	0.6613	core.work_factor_ctr_reg[I]	core.f_reg[I]	core.work_factor_ctr_reg[13]$_DFFE_PN0P_/Q	core.f_reg[32]$_DFFE_PN0P_/D
63	0.6614	we	block_reg[I][J]	we	block_reg[0][16]$_DFFE_PN0P_/D
64	0.6633	work_factor_num_reg[I]	core.h_reg[I]	work_factor_num_reg[25]$_DFFE_PN0P_/QN	core.h_reg[51]$_DFFE_PN0P_/D
65	0.6727	core.work_factor_ctr_reg[I]	core.HI_reg[J]	core.work_factor_ctr_reg[13]$_DFFE_PN0P_/Q	core.H3_reg[61]$_DFFE_PN0P_/D
66	0.6739	core.d_reg[I]	core.e_reg[I]	core.d_reg[4]$_DFFE_PN0P_/Q	core.e_reg[62]$_DFFE_PN0P_/D
67	0.6755	work_factor_num_reg[I]	core.f_reg[I]	work_factor_num_reg[25]$_DFFE_PN0P_/QN	core.f_reg[32]$_DFFE_PN0P_/D
68	0.6798	core.work_factor_ctr_reg[I]	core.a_reg[I]	core.work_factor_ctr_reg[13]$_DFFE_PN0P_/Q	core.a_reg[41]$_DFFE_PN0P_/D
69	0.6840	address[I]	mode_reg[I]	address[4]	mode_reg[1]$_DFFE_PN1P_/D
70	0.6896	work_factor_num_reg[I]	core.HI_reg[J]	work_factor_num_reg[9]$_DFFE_PN0P_/QN	core.H3_reg[61]$_DFFE_PN0P_/D
71	0.6918	address[I]	work_factor_reg	address[4]	work_factor_reg$_DFFE_PN0P_/D
72	0.6940	work_factor_num_reg[I]	core.a_reg[I]	work_factor_num_reg[25]$_DFFE_PN0P_/QN	core.a_reg[41]$_DFFE_PN0P_/D
73	0.7135	address[I]	next_reg	address[4]	next_reg$_DFF_PN0_/D
74	0.7189	address[I]	init_reg	address[4]	init_reg$_DFF_PN0_/D
75	0.7808	init_reg	core.w_mem_inst.w_mem[I][J]	init_reg$_DFF_PN0_/Q	core.w_mem_inst.w_mem[1][33]$_DFFE_PN0P_/D
76	0.7822	core.work_factor_ctr_reg[I]	core.round_ctr_reg[I]	core.work_factor_ctr_reg[13]$_DFFE_PN0P_/Q	core.round_ctr_reg[0]$_DFFE_PN0P_/D
77	0.7922	next_reg	core.w_mem_inst.w_mem[I][J]	next_reg$_DFF_PN0_/Q	core.w_mem_inst.w_mem[1][33]$_DFFE_PN0P_/D
78	0.7961	core.w_mem_inst.w_ctr_reg[I]	core.w_mem_inst.w_mem[I][J]	core.w_mem_inst.w_ctr_reg[5]$_DFFE_PN0P_/Q	core.w_mem_inst.w_mem[1][29]$_DFFE_PN0P_/D
79	0.7964	work_factor_num_reg[I]	core.round_ctr_reg[I]	work_factor_num_reg[25]$_DFFE_PN0P_/QN	core.round_ctr_reg[0]$_DFFE_PN0P_/D
80	0.7966	core.shaI_ctrl_reg[J]	core.g_reg[I]	core.sha512_ctrl_reg[0]$_DFF_PN1_/Q	core.g_reg[17]$_DFFE_PN0P_/D
81	0.7966	init_reg	core.g_reg[I]	init_reg$_DFF_PN0_/Q	core.g_reg[17]$_DFFE_PN0P_/D
82	0.7992	core.shaI_ctrl_reg[J]	core.h_reg[I]	core.sha512_ctrl_reg[0]$_DFF_PN1_/Q	core.h_reg[37]$_DFFE_PN0P_/D
83	0.7993	init_reg	core.h_reg[I]	init_reg$_DFF_PN0_/Q	core.h_reg[37]$_DFFE_PN0P_/D
84	0.8050	core.shaI_ctrl_reg[J]	core.HI_reg[J]	core.sha512_ctrl_reg[0]$_DFF_PN1_/Q	core.H5_reg[44]$_DFFE_PN0P_/D
85	0.8050	init_reg	core.HI_reg[J]	init_reg$_DFF_PN0_/Q	core.H5_reg[44]$_DFFE_PN0P_/D
86	0.8111	core.shaI_ctrl_reg[J]	core.f_reg[I]	core.sha512_ctrl_reg[0]$_DFF_PN1_/Q	core.f_reg[42]$_DFFE_PN0P_/D
87	0.8111	init_reg	core.f_reg[I]	init_reg$_DFF_PN0_/Q	core.f_reg[42]$_DFFE_PN0P_/D
88	0.8289	reset_n	core.w_mem_inst.w_mem[I][J]	reset_n	core.w_mem_inst.w_mem[14][45]$_DFFE_PN0P_/RN
89	0.8301	core.shaI_ctrl_reg[J]	core.w_mem_inst.w_mem[I][J]	core.sha512_ctrl_reg[0]$_DFF_PN1_/Q	core.w_mem_inst.w_mem[1][33]$_DFFE_PN0P_/D
90	0.8324	reset_n	block_reg[I][J]	reset_n	block_reg[1][16]$_DFFE_PN0P_/RN
91	0.8414	core.shaI_ctrl_reg[J]	core.d_reg[I]	core.sha512_ctrl_reg[2]$_DFF_PN0_/Q	core.d_reg[0]$_DFFE_PN0P_/D
92	0.8418	core.shaI_ctrl_reg[J]	core.c_reg[I]	core.sha512_ctrl_reg[2]$_DFF_PN0_/Q	core.c_reg[3]$_DFFE_PN0P_/D
93	0.8418	core.shaI_ctrl_reg[J]	core.e_reg[I]	core.sha512_ctrl_reg[2]$_DFF_PN0_/Q	core.e_reg[1]$_DFFE_PN0P_/D
94	0.8459	core.shaI_ctrl_reg[J]	core.b_reg[I]	core.sha512_ctrl_reg[2]$_DFF_PN0_/Q	core.b_reg[0]$_DFFE_PN0P_/D
95	0.8519	work_factor_reg	core.w_mem_inst.w_mem[I][J]	work_factor_reg$_DFFE_PN0P_/Q	core.w_mem_inst.w_mem[1][33]$_DFFE_PN0P_/D
96	0.8547	init_reg	core.e_reg[I]	init_reg$_DFF_PN0_/Q	core.e_reg[63]$_DFFE_PN0P_/D
97	0.8558	init_reg	core.w_mem_inst.w_ctr_reg[I]	init_reg$_DFF_PN0_/Q	core.w_mem_inst.w_ctr_reg[6]$_DFFE_PN0P_/D
98	0.8630	init_reg	core.b_reg[I]	init_reg$_DFF_PN0_/Q	core.b_reg[22]$_DFFE_PN0P_/D
99	0.8630	next_reg	core.g_reg[I]	next_reg$_DFF_PN0_/Q	core.g_reg[63]$_DFFE_PN0P_/D
100	0.8643	init_reg	core.c_reg[I]	init_reg$_DFF_PN0_/Q	core.c_reg[15]$_DFFE_PN0P_/D
