# stage	6_final
# top_module	bitonic_sort
# top_n	100
# kind	blocks
# include_full	1
# rank	worst_slack_ns	start	end	start_full	end_full
1	-0.1837	SORT_STAGE[I].BLOCK[J].bitonic_block_inst.BLOCK_STAGE[K].NODE[L].bitonic_node_inst.COMP[M].comp_inst.H[N]	data_out[I]	SORT_STAGE[4].BLOCK[0].bitonic_block_inst.BLOCK_STAGE[4].NODE[2].bitonic_node_inst.COMP[0].comp_inst.H[3]$_DFF_P_/Q	data_out[67]
2	-0.1833	SORT_STAGE[I].BLOCK[J].bitonic_block_inst.BLOCK_STAGE[K].NODE[L].bitonic_node_inst.COMP[M].comp_inst.L[N]	data_out[I]	SORT_STAGE[4].BLOCK[0].bitonic_block_inst.BLOCK_STAGE[4].NODE[1].bitonic_node_inst.COMP[0].comp_inst.L[3]$_DFF_P_/Q	data_out[51]
3	-0.1320	SORT_STAGE[I].BLOCK[J].bitonic_block_inst.BLOCK_STAGE[K].NODE[L].bitonic_node_inst.COMP[M].comp_inst.L[N]	SORT_STAGE[I].BLOCK[J].bitonic_block_inst.BLOCK_STAGE[K].NODE[L].bitonic_node_inst.COMP[M].comp_inst.L[N]	SORT_STAGE[3].BLOCK[1].bitonic_block_inst.BLOCK_STAGE[3].NODE[1].bitonic_node_inst.COMP[0].comp_inst.L[11]$_DFF_P_/Q	SORT_STAGE[4].BLOCK[0].bitonic_block_inst.BLOCK_STAGE[0].NODE[0].bitonic_node_inst.COMP[3].comp_inst.L[11]$_DFF_P_/D
4	-0.1123	SORT_STAGE[I].BLOCK[J].bitonic_block_inst.BLOCK_STAGE[K].NODE[L].bitonic_node_inst.COMP[M].comp_inst.H[N]	SORT_STAGE[I].BLOCK[J].bitonic_block_inst.BLOCK_STAGE[K].NODE[L].bitonic_node_inst.COMP[M].comp_inst.L[N]	SORT_STAGE[3].BLOCK[1].bitonic_block_inst.BLOCK_STAGE[3].NODE[1].bitonic_node_inst.COMP[0].comp_inst.H[12]$_DFF_P_/Q	SORT_STAGE[4].BLOCK[0].bitonic_block_inst.BLOCK_STAGE[0].NODE[0].bitonic_node_inst.COMP[2].comp_inst.L[10]$_DFF_P_/D
5	-0.1116	SORT_STAGE[I].BLOCK[J].bitonic_block_inst.BLOCK_STAGE[K].NODE[L].bitonic_node_inst.COMP[M].comp_inst.H[N]	SORT_STAGE[I].BLOCK[J].bitonic_block_inst.BLOCK_STAGE[K].NODE[L].bitonic_node_inst.COMP[M].comp_inst.H[N]	SORT_STAGE[3].BLOCK[1].bitonic_block_inst.BLOCK_STAGE[3].NODE[1].bitonic_node_inst.COMP[0].comp_inst.H[12]$_DFF_P_/Q	SORT_STAGE[4].BLOCK[0].bitonic_block_inst.BLOCK_STAGE[0].NODE[0].bitonic_node_inst.COMP[2].comp_inst.H[10]$_DFF_P_/D
6	-0.1099	SORT_STAGE[I].BLOCK[J].bitonic_block_inst.BLOCK_STAGE[K].NODE[L].bitonic_node_inst.COMP[M].comp_inst.L[N]	SORT_STAGE[I].BLOCK[J].bitonic_block_inst.BLOCK_STAGE[K].NODE[L].bitonic_node_inst.COMP[M].comp_inst.H[N]	SORT_STAGE[3].BLOCK[1].bitonic_block_inst.BLOCK_STAGE[3].NODE[3].bitonic_node_inst.COMP[0].comp_inst.L[7]$_DFF_P_/Q	SORT_STAGE[4].BLOCK[0].bitonic_block_inst.BLOCK_STAGE[0].NODE[0].bitonic_node_inst.COMP[7].comp_inst.H[8]$_DFF_P_/D
7	-0.0217	data_in[I]	SORT_STAGE[I].BLOCK[J].bitonic_block_inst.BLOCK_STAGE[K].NODE[L].bitonic_node_inst.COMP[M].comp_inst.L[N]	data_in[206]	SORT_STAGE[0].BLOCK[6].bitonic_block_inst.BLOCK_STAGE[0].NODE[0].bitonic_node_inst.COMP[0].comp_inst.L[3]$_DFF_P_/D
8	-0.0215	data_in[I]	SORT_STAGE[I].BLOCK[J].bitonic_block_inst.BLOCK_STAGE[K].NODE[L].bitonic_node_inst.COMP[M].comp_inst.H[N]	data_in[206]	SORT_STAGE[0].BLOCK[6].bitonic_block_inst.BLOCK_STAGE[0].NODE[0].bitonic_node_inst.COMP[0].comp_inst.H[2]$_DFF_P_/D
