# stage	6_final
# top_module	jpeg_encoder
# top_n	100
# kind	blocks
# include_full	1
# rank	worst_slack_ns	start	end	start_full	end_full
1	-0.4034	fdct_zigzag.dct_mod.ddin[I]	fdct_zigzag.dct_mod.dct_block_I.dct_unit_J.macu.mult_res[K]	fdct_zigzag.dct_mod.ddin[5]$_DFFE_PN0P_/Q	fdct_zigzag.dct_mod.dct_block_5.dct_unit_4.macu.mult_res[18]$_DFFE_PP_/D
2	-0.2905	fdct_zigzag.dct_mod.dct_block_I.dct_unit_J.coef[K]	fdct_zigzag.dct_mod.dct_block_I.dct_unit_J.macu.mult_res[K]	fdct_zigzag.dct_mod.dct_block_4.dct_unit_1.coef[29]$_DFFE_PP_/Q	fdct_zigzag.dct_mod.dct_block_4.dct_unit_1.macu.mult_res[18]$_DFFE_PP_/D
3	0.0212	fdct_zigzag.dct_mod.dct_block_I.dct_unit_J.macu.result[K]	fdct_zigzag.dct_mod.dct_block_I.dct_unit_J.macu.result[K]	fdct_zigzag.dct_mod.dct_block_6.dct_unit_1.macu.result[1]$_DFFE_PP_/Q	fdct_zigzag.dct_mod.dct_block_6.dct_unit_1.macu.result[21]$_DFFE_PP_/D
4	0.0269	fdct_zigzag.dct_mod.dct_block_I.dct_unit_J.macu.mult_res[K]	fdct_zigzag.dct_mod.dct_block_I.dct_unit_J.macu.result[K]	fdct_zigzag.dct_mod.dct_block_5.dct_unit_2.macu.mult_res[2]$_DFFE_PP_/Q	fdct_zigzag.dct_mod.dct_block_5.dct_unit_2.macu.result[21]$_DFFE_PP_/D
5	0.0428	fdct_zigzag.dct_mod.sample_cnt[I]	fdct_zigzag.dct_mod.dct_block_I.dct_unit_J.coef[K]	fdct_zigzag.dct_mod.sample_cnt[2]$_DFFE_PN0P_/Q	fdct_zigzag.dct_mod.dct_block_2.dct_unit_2.coef[28]$_DFFE_PP_/D
6	0.0486	rle.rzI.deno	douten	rle.rz4.deno$_DFFE_PN0P_/Q	douten
7	0.0602	qnr.qnt_cnt[I]	qnt_cnt[I]	qnr.qnt_cnt[1]$_DFFE_PN0P_/Q	qnt_cnt[1]
8	0.0634	rle.rzI.sizeo[J]	size[I]	rle.rz4.sizeo[0]$_DFFE_PP_/Q	size[0]
9	0.0650	rle.rzI.rleno[J]	rlen[I]	rle.rz4.rleno[1]$_DFFE_PP_/Q	rlen[1]
10	0.0686	rle.rzI.ampo[J]	amp[I]	rle.rz4.ampo[8]$_DFFE_PP_/Q	amp[8]
11	0.0725	qnr.divider.divider.d_pipe[I][J]	qnr.divider.divider.s_pipe[I][J]	qnr.divider.divider.d_pipe[10][12]$_DFFE_PP_/QN	qnr.divider.divider.s_pipe[11][24]$_DFFE_PP_/D
12	0.0868	qnr.divider.divider.s_pipe[I][J]	qnr.divider.divider.s_pipe[I][J]	qnr.divider.divider.s_pipe[1][24]$_DFFE_PP_/Q	qnr.divider.divider.s_pipe[2][24]$_DFFE_PP_/D
13	0.1433	qnr.divider.q[I]	qnr.rq[I]	qnr.divider.q[12]$_SDFFCE_PN0P_/Q	qnr.rq[8]$_DFFE_PP_/D
14	0.1483	qnr.rq[I]	rle.rle.size[I]	qnr.rq[1]$_DFFE_PP_/QN	rle.rle.size[0]$_DFFE_PN0P_/D
15	0.1765	fdct_zigzag.dct_mod.ddgo	fdct_zigzag.dct_mod.dct_block_I.dct_unit_J.macu.result[K]	fdct_zigzag.dct_mod.ddgo$_DFFE_PN0P_/Q	fdct_zigzag.dct_mod.dct_block_0.dct_unit_6.macu.result[21]$_DFFE_PP_/D
16	0.1940	fdct_zigzag.dct_mod.sample_cnt[I]	fdct_zigzag.dct_mod.sample_cnt[I]	fdct_zigzag.dct_mod.sample_cnt[4]$_DFFE_PN0P_/Q	fdct_zigzag.dct_mod.sample_cnt[3]$_DFFE_PN0P_/D
17	0.2023	qnr.divider.id[I]	qnr.divider.divider.s_pipe[I][J]	qnr.divider.id[0]$_DFFE_PP_/Q	qnr.divider.divider.s_pipe[1][22]$_DFFE_PP_/D
18	0.2354	qnr.divider.iz[I]	qnr.divider.divider.s_pipe[I][J]	qnr.divider.iz[11]$_SDFFCE_PN0P_/QN	qnr.divider.divider.s_pipe[1][22]$_DFFE_PP_/D
19	0.2463	qnr.divider.q[I]	qnr.rq[I]	qnr.divider.q[2]$_DFFE_PP_/Q	qnr.rq[8]$_DFFE_PP_/D
20	0.2697	fdct_zigzag.zigzag_mod.ld_zigzag	fdct_zigzag.zigzag_mod.sresult[I][J]	fdct_zigzag.zigzag_mod.ld_zigzag$_DFFE_PP_/Q	fdct_zigzag.zigzag_mod.sresult[16][9]$_DFFE_PP_/D
21	0.2707	fdct_zigzag.dct_mod.sample_cnt[I]	fdct_zigzag.dct_mod.ddcnt	fdct_zigzag.dct_mod.sample_cnt[4]$_DFFE_PN0P_/Q	fdct_zigzag.dct_mod.ddcnt$_DFFE_PN1P_/D
22	0.2717	qnr.rq[I]	rle.rle.amp[I]	qnr.rq[1]$_DFFE_PP_/QN	rle.rle.amp[8]$_DFFE_PP_/D
23	0.2914	ena	fdct_zigzag.dct_mod.dct_block_I.dct_unit_J.coef[K]	ena	fdct_zigzag.dct_mod.dct_block_5.dct_unit_3.coef[28]$_DFFE_PP_/D
24	0.3055	qnr.divider.divider.q[I]	qnr.divider.q[I]	qnr.divider.divider.q[3]$_DFFE_PP_/QN	qnr.divider.q[11]$_DFFE_PP_/D
25	0.3093	ena	fdct_zigzag.dct_mod.dct_block_I.dct_unit_J.macu.mult_res[K]	ena	fdct_zigzag.dct_mod.dct_block_3.dct_unit_6.macu.mult_res[17]$_DFFE_PP_/D
26	0.3094	qnr.rq[I]	rle.rle.den	qnr.rq[1]$_DFFE_PP_/QN	rle.rle.den$_DFFE_PN0P_/D
27	0.3167	ena	fdct_zigzag.dct_mod.dct_block_I.dct_unit_J.macu.result[K]	ena	fdct_zigzag.dct_mod.dct_block_7.dct_unit_6.macu.result[9]$_DFFE_PP_/D
28	0.3171	ena	fdct_zigzag.zigzag_mod.sresult[I][J]	ena	fdct_zigzag.zigzag_mod.sresult[2][3]$_DFFE_PP_/D
29	0.3196	qnr.rq[I]	rle.rle.rlen[I]	qnr.rq[1]$_DFFE_PP_/QN	rle.rle.rlen[3]$_DFFE_PN0P_/D
30	0.3284	qnr.rq[I]	rle.rle.amp[I]	qnr.rq[1]$_DFFE_PP_/QN	rle.rle.amp[10]$_SDFFCE_PN0P_/D
31	0.3331	dfdct_dout[I]	qnr.divider.iz[I]	dfdct_dout[3]$_DFFE_PP_/QN	qnr.divider.iz[10]$_DFFE_PP_/D
32	0.3347	qnr.rq[I]	rle.rle.zero_cnt[I]	qnr.rq[1]$_DFFE_PP_/QN	rle.rle.zero_cnt[1]$_SDFFCE_PP0P_/D
33	0.3349	ena	fdct_zigzag.dct_mod.sample_cnt[I]	ena	fdct_zigzag.dct_mod.sample_cnt[5]$_DFFE_PN0P_/D
34	0.3352	ena	dfdct_dout[I]	ena	dfdct_dout[3]$_DFFE_PP_/D
35	0.3355	ena	rle.rle.amp[I]	ena	rle.rle.amp[0]$_DFFE_PP_/D
36	0.3356	ena	rle.rzI.ampo[J]	ena	rle.rz2.ampo[2]$_DFFE_PP_/D
37	0.3451	ena	fdct_zigzag.zigzag_mod.ld_zigzag	ena	fdct_zigzag.zigzag_mod.ld_zigzag$_DFFE_PP_/D
38	0.3460	ena	qnr.qnt_cnt[I]	ena	qnr.qnt_cnt[5]$_DFFE_PN0P_/D
39	0.3472	ena	fdct_zigzag.dct_mod.dgo	ena	fdct_zigzag.dct_mod.dgo$_DFFE_PN0P_/D
40	0.3473	ena	fdct_zigzag.dct_mod.ddgo	ena	fdct_zigzag.dct_mod.ddgo$_DFFE_PN0P_/D
41	0.3474	ena	fdct_zigzag.dct_mod.go	ena	fdct_zigzag.dct_mod.go$_DFFE_PN0P_/D
42	0.3501	ena	rle.rzI.sizeo[J]	ena	rle.rz3.sizeo[2]$_DFFE_PP_/D
43	0.3501	ena	fdct_zigzag.dct_mod.dddcnt	ena	fdct_zigzag.dct_mod.dddcnt$_DFFE_PN1P_/D
44	0.3507	ena	rle.rzI.rleno[J]	ena	rle.rz3.rleno[3]$_DFFE_PP_/D
45	0.3509	ena	rle.rzI.dc	ena	rle.rz3.dc$_DFFE_PP_/D
46	0.3509	ena	rle.rzI.dco	ena	rle.rz2.dco$_DFFE_PP_/D
47	0.3542	dfdct_dout[I]	qnr.divider.iz[I]	dfdct_dout[3]$_DFFE_PP_/QN	qnr.divider.iz[11]$_SDFFCE_PN0P_/D
48	0.3545	ena	fdct_zigzag.dct_mod.douten	ena	fdct_zigzag.dct_mod.douten$_DFFE_PN0P_/D
49	0.3549	ena	qnr.divider.iz[I]	ena	qnr.divider.iz[21]$_SDFFCE_PN0P_/D
50	0.3561	ena	qnr.rq[I]	ena	qnr.rq[11]$_DFFE_PP_/D
51	0.3604	ena	fdct_zigzag.dct_mod.ddin[I]	ena	fdct_zigzag.dct_mod.ddin[7]$_DFFE_PN0P_/D
52	0.3649	ena	qnr.divider.divider.q_pipe[I][J]	ena	qnr.divider.divider.q_pipe[7][0]$_DFFE_PP_/D
53	0.3650	ena	qnr.divider.divider.s_pipe[I][J]	ena	qnr.divider.divider.s_pipe[1][10]$_DFFE_PP_/D
54	0.3662	ena	qnr.divider.divider.d_pipe[I][J]	ena	qnr.divider.divider.d_pipe[7][12]$_DFFE_PP_/D
55	0.3667	ena	rle.rle.sample_cnt[I]	ena	rle.rle.sample_cnt[2]$_SDFFCE_PP0P_/D
56	0.3672	fdct_zigzag.zigzag_mod.ld_zigzag	qnr.dep[I]	fdct_zigzag.zigzag_mod.ld_zigzag$_DFFE_PP_/Q	qnr.dep[0]$_DFFE_PN0P_/D
57	0.3683	ena	qnr.divider.divider.q[I]	ena	qnr.divider.divider.q[6]$_DFFE_PP_/D
58	0.3703	ena	rle.rzI.den	ena	rle.rz2.den$_DFFE_PN0P_/D
59	0.3714	ena	rle.rle.size[I]	ena	rle.rle.size[1]$_DFFE_PN0P_/D
60	0.3764	ena	rle.rzI.amp[J]	ena	rle.rz4.amp[2]$_DFFE_PP_/D
61	0.3768	ena	rle.rzI.size[J]	ena	rle.rz4.size[0]$_DFFE_PP_/D
62	0.3771	ena	rle.rzI.rlen[J]	ena	rle.rz4.rlen[2]$_DFFE_PP_/D
63	0.3800	ena	fdct_zigzag.dct_mod.ddcnt	ena	fdct_zigzag.dct_mod.ddcnt$_DFFE_PN1P_/D
64	0.3809	ena	qnr.divider.iz[I]	ena	qnr.divider.iz[10]$_DFFE_PP_/D
65	0.3814	ena	rle.rle.zero_cnt[I]	ena	rle.rle.zero_cnt[3]$_SDFFCE_PP0P_/D
66	0.3845	ena	rle.rle.rlen[I]	ena	rle.rle.rlen[3]$_DFFE_PN0P_/D
67	0.3847	ena	rle.rle.amp[I]	ena	rle.rle.amp[10]$_SDFFCE_PN0P_/D
68	0.3851	fdct_zigzag.dct_mod.ddgo	fdct_zigzag.dct_mod.ddgo	fdct_zigzag.dct_mod.ddgo$_DFFE_PN0P_/Q	fdct_zigzag.dct_mod.ddgo$_DFFE_PN0P_/D
69	0.3913	ena	rle.rzI.state	ena	rle.rz3.state$_DFFE_PN0P_/D
70	0.3939	ena	rle.rzI.deno	ena	rle.rz2.deno$_DFFE_PN0P_/D
71	0.4033	ena	rle.rle.dcterm	ena	rle.rle.dcterm$_DFFE_PN0P_/D
72	0.4059	ena	qnr.divider.spipe[I]	ena	qnr.divider.spipe[2]$_DFFE_PP_/D
73	0.4094	ena	qnr.dep[I]	ena	qnr.dep[12]$_DFFE_PN0P_/D
74	0.4122	fdct_zigzag.zigzag_mod.ld_zigzag	fdct_zigzag.zigzag_mod.ld_zigzag	fdct_zigzag.zigzag_mod.ld_zigzag$_DFFE_PP_/Q	fdct_zigzag.zigzag_mod.ld_zigzag$_DFFE_PP_/D
75	0.4142	ena	qnr.divider.id[I]	ena	qnr.divider.id[5]$_DFFE_PP_/D
76	0.4166	ena	dqnr_doe	ena	dqnr_doe$_DFFE_PP_/D
77	0.4171	ena	qnr.divider.q[I]	ena	qnr.divider.q[2]$_DFFE_PP_/D
78	0.4187	ena	rle.rle.state	ena	rle.rle.state$_DFFE_PN0P_/D
79	0.4212	fdct_zigzag.zigzag_mod.ld_zigzag	qnr.qnt_cnt[I]	fdct_zigzag.zigzag_mod.ld_zigzag$_DFFE_PP_/Q	qnr.qnt_cnt[1]$_DFFE_PN0P_/D
80	0.4274	ena	rle.rle.den	ena	rle.rle.den$_DFFE_PN0P_/D
81	0.4311	qnr.divider.divider.q[I]	qnr.divider.q[I]	qnr.divider.divider.q[3]$_DFFE_PP_/QN	qnr.divider.q[12]$_SDFFCE_PN0P_/D
82	0.4317	ena	qnr.divider.q[I]	ena	qnr.divider.q[12]$_SDFFCE_PN0P_/D
83	0.4327	rle.rzI.sizeo[J]	rle.rzI.den	rle.rz1.sizeo[1]$_DFFE_PP_/Q	rle.rz2.den$_DFFE_PN0P_/D
84	0.4342	rle.rzI.sizeo[J]	rle.rzI.deno	rle.rz1.sizeo[1]$_DFFE_PP_/Q	rle.rz2.deno$_DFFE_PN0P_/D
85	0.4371	rle.rle.rlen[I]	rle.rzI.den	rle.rle.rlen[1]$_DFFE_PN0P_/Q	rle.rz1.den$_DFFE_PN0P_/D
86	0.4374	rle.rle.size[I]	rle.rzI.den	rle.rle.size[1]$_DFFE_PN0P_/Q	rle.rz1.den$_DFFE_PN0P_/D
87	0.4378	rle.rle.size[I]	rle.rzI.deno	rle.rle.size[1]$_DFFE_PN0P_/Q	rle.rz1.deno$_DFFE_PN0P_/D
88	0.4411	rst	fdct_zigzag.dct_mod.sample_cnt[I]	rst	fdct_zigzag.dct_mod.sample_cnt[3]$_DFFE_PN0P_/RN
89	0.4423	rst	fdct_zigzag.dct_mod.ddin[I]	rst	fdct_zigzag.dct_mod.ddin[4]$_DFFE_PN0P_/RN
90	0.4436	fdct_zigzag.dct_mod.ddin[I]	fdct_zigzag.dct_mod.ddin[I]	fdct_zigzag.dct_mod.ddin[1]$_DFFE_PN0P_/Q	fdct_zigzag.dct_mod.ddin[1]$_DFFE_PN0P_/D
91	0.4489	rle.rle.sample_cnt[I]	rle.rle.rlen[I]	rle.rle.sample_cnt[1]$_SDFFCE_PP0P_/Q	rle.rle.rlen[3]$_DFFE_PN0P_/D
92	0.4541	fdct_zigzag.dct_mod.dct_block_I.dct_unit_J.coef[K]	fdct_zigzag.dct_mod.dct_block_I.dct_unit_J.coef[K]	fdct_zigzag.dct_mod.dct_block_5.dct_unit_3.coef[28]$_DFFE_PP_/Q	fdct_zigzag.dct_mod.dct_block_5.dct_unit_3.coef[28]$_DFFE_PP_/D
93	0.4550	rle.rzI.sizeo[J]	rle.rzI.state	rle.rz1.sizeo[1]$_DFFE_PP_/Q	rle.rz2.state$_DFFE_PN0P_/D
94	0.4595	rle.rle.rlen[I]	rle.rzI.deno	rle.rle.rlen[1]$_DFFE_PN0P_/Q	rle.rz1.deno$_DFFE_PN0P_/D
95	0.4627	rle.rzI.rleno[J]	rle.rzI.deno	rle.rz2.rleno[1]$_DFFE_PP_/Q	rle.rz3.deno$_DFFE_PN0P_/D
96	0.4647	rle.rle.rlen[I]	rle.rzI.state	rle.rle.rlen[1]$_DFFE_PN0P_/Q	rle.rz1.state$_DFFE_PN0P_/D
97	0.4650	rle.rle.size[I]	rle.rzI.state	rle.rle.size[1]$_DFFE_PN0P_/Q	rle.rz1.state$_DFFE_PN0P_/D
98	0.4685	rle.rle.sample_cnt[I]	rle.rle.den	rle.rle.sample_cnt[1]$_SDFFCE_PP0P_/Q	rle.rle.den$_DFFE_PN0P_/D
99	0.4801	rle.rle.sample_cnt[I]	rle.rle.sample_cnt[I]	rle.rle.sample_cnt[1]$_SDFFCE_PP0P_/Q	rle.rle.sample_cnt[5]$_SDFFCE_PP0P_/D
100	0.4812	qnr.qnt_cnt[I]	qnr.qnt_cnt[I]	qnr.qnt_cnt[1]$_DFFE_PN0P_/Q	qnr.qnt_cnt[4]$_DFFE_PN0P_/D
