# stage	1_synth
# top_module	ddr3_controller
# top_n	100
# kind	blocks
# include_full	1
# rank	worst_slack_ns	start	end	start_full	end_full
1	-0.4121	lane[I]	dq_target_index[I][J]	lane[0]$_SDFFE_PP0P_/Q	dq_target_index[4][5]$_SDFFCE_PN0P_/D
2	-0.3144	lane[I]	dqs_target_index[I]	lane[1]$_SDFFE_PP0P_/Q	dqs_target_index[0]$_SDFFE_PP0P_/D
3	-0.2839	lane[I]	added_read_pipe[I]	lane[0]$_SDFFE_PP0P_/Q	added_read_pipe[0]$_SDFFCE_PN0P_/D
4	-0.2746	i_wb_addr[I]	stageI_next_row[J]	i_wb_addr[3]	stage1_next_row[11]$_SDFFE_PP0P_/D
5	-0.2434	lane[I]	o_phy_idelay_dqs_cntvaluein[I]	lane[1]$_SDFFE_PP0P_/Q	o_phy_idelay_dqs_cntvaluein[1]
6	-0.2316	lane[I]	o_phy_odelay_data_cntvaluein[I]	lane[1]$_SDFFE_PP0P_/Q	o_phy_odelay_data_cntvaluein[4]
7	-0.2316	lane[I]	o_phy_odelay_dqs_cntvaluein[I]	lane[1]$_SDFFE_PP0P_/Q	o_phy_odelay_dqs_cntvaluein[4]
8	-0.2059	i_phy_iserdes_bitslip_reference[I]	sample_clk_repeat[I]	i_phy_iserdes_bitslip_reference[29]	sample_clk_repeat[3]$_SDFFCE_PP0P_/D
9	-0.2039	lane[I]	o_phy_idelay_data_cntvaluein[I]	lane[0]$_SDFFE_PP0P_/Q	o_phy_idelay_data_cntvaluein[0]
10	-0.2013	lane[I]	sample_clk_repeat[I]	lane[0]$_SDFFE_PP0P_/Q	sample_clk_repeat[3]$_SDFFCE_PP0P_/D
11	-0.1872	lane[I]	data_start_index[I][J]	lane[1]$_SDFFE_PP0P_/Q	data_start_index[7][0]$_SDFFCE_PN0P_/D
12	-0.1823	stageI_pending	stageI_do_wr_or_rd	stage2_pending$_SDFFE_PP0P_/Q	stage2_do_wr_or_rd$_SDFF_PP0_/D
13	-0.1796	stageI_bank[J]	o_wb_stall_int_q	stage2_bank[2]$_SDFF_PP0_/Q	o_wb_stall_int_q$_SDFF_PP1_/D
14	-0.1777	stageI_do_act	stageI_do_wr_or_rd	stage2_do_act$_SDFF_PP0_/Q	stage2_do_wr_or_rd$_SDFF_PP0_/D
15	-0.1776	stageI_next_bank[J]	o_wb_stall_int_q	stage1_next_bank[2]$_SDFFE_PP0P_/Q	o_wb_stall_int_q$_SDFF_PP1_/D
16	-0.1759	lane[I]	idelay_dqs_cntvaluein[I][J]	lane[1]$_SDFFE_PP0P_/Q	idelay_dqs_cntvaluein[0][1]$_SDFFCE_PN0P_/D
17	-0.1736	lane[I]	write_pattern_lane[I]	lane[1]$_SDFFE_PP0P_/Q	write_pattern_lane[10]$_SDFF_PP0_/D
18	-0.1733	stageI_do_pre	stageI_do_wr_or_rd	stage2_do_pre$_SDFF_PP0_/Q	stage2_do_wr_or_rd$_SDFF_PP0_/D
19	-0.1701	stageI_next_bank[J]	stageI_do_wr_or_rd	stage1_next_bank[2]$_SDFFE_PP0P_/Q	stage2_do_wr_or_rd$_SDFF_PP0_/D
20	-0.1695	stageI_bank[J]	stageI_do_wr_or_rd	stage2_bank[2]$_SDFF_PP0_/Q	stage2_do_wr_or_rd$_SDFF_PP0_/D
21	-0.1683	stageI_do_act	o_wb_stall_int_q	stage2_do_act$_SDFF_PP0_/Q	o_wb_stall_int_q$_SDFF_PP1_/D
22	-0.1682	lane[I]	state_calibrate[I]	lane[0]$_SDFFE_PP0P_/Q	state_calibrate[1]$_SDFFE_PP0P_/D
23	-0.1661	i_phy_iserdes_bitslip_reference[I]	state_calibrate[I]	i_phy_iserdes_bitslip_reference[56]	state_calibrate[1]$_SDFFE_PP0P_/D
24	-0.1641	stageI_pending	o_wb_stall_int_q	stage2_pending$_SDFFE_PP0P_/Q	o_wb_stall_int_q$_SDFF_PP1_/D
25	-0.1601	stageI_do_wr_or_rd	stageI_do_wr_or_rd	stage2_do_wr_or_rd$_SDFF_PP0_/Q	stage2_do_wr_or_rd$_SDFF_PP0_/D
26	-0.1590	stageI_pending	stageI_do_pre	stage2_pending$_SDFFE_PP0P_/Q	stage2_do_pre$_SDFF_PP0_/D
27	-0.1577	stageI_do_rd	stageI_do_wr_or_rd	stage2_do_rd$_SDFF_PP0_/Q	stage2_do_wr_or_rd$_SDFF_PP0_/D
28	-0.1558	stageI_do_pre	o_wb_stall_int_q	stage2_do_pre$_SDFF_PP0_/Q	o_wb_stall_int_q$_SDFF_PP1_/D
29	-0.1543	stageI_do_act	stageI_do_pre	stage2_do_act$_SDFF_PP0_/Q	stage2_do_pre$_SDFF_PP0_/D
30	-0.1527	data_start_index[I][J]	data_start_index[I][J]	data_start_index[3][0]$_SDFFCE_PN0P_/Q	data_start_index[7][0]$_SDFFCE_PN0P_/D
31	-0.1500	stageI_do_pre	stageI_do_pre	stage2_do_pre$_SDFF_PP0_/Q	stage2_do_pre$_SDFF_PP0_/D
32	-0.1494	read_lane_data_shifted[I]	data_start_index[I][J]	read_lane_data_shifted[6]$_SDFF_PP0_/Q	data_start_index[7][0]$_SDFFCE_PN0P_/D
33	-0.1468	stageI_next_bank[J]	stageI_do_pre	stage1_next_bank[2]$_SDFFE_PP0P_/Q	stage2_do_pre$_SDFF_PP0_/D
34	-0.1467	lane[I]	odelay_data_cntvaluein[I][J]	lane[0]$_SDFFE_PP0P_/Q	odelay_data_cntvaluein[2][1]$_SDFFCE_PN0P_/D
35	-0.1465	i_phy_iserdes_bitslip_reference[I]	lane[I]	i_phy_iserdes_bitslip_reference[29]	lane[0]$_SDFFE_PP0P_/D
36	-0.1462	stageI_bank[J]	stageI_do_pre	stage2_bank[2]$_SDFF_PP0_/Q	stage2_do_pre$_SDFF_PP0_/D
37	-0.1444	lane[I]	idelay_data_cntvaluein[I][J]	lane[0]$_SDFFE_PP0P_/Q	idelay_data_cntvaluein[4][1]$_SDFFCE_PN0P_/D
38	-0.1443	lane[I]	odelay_dqs_cntvaluein[I][J]	lane[0]$_SDFFE_PP0P_/Q	odelay_dqs_cntvaluein[2][1]$_SDFFCE_PN0P_/D
39	-0.1419	lane[I]	lane[I]	lane[0]$_SDFFE_PP0P_/Q	lane[0]$_SDFFE_PP0P_/D
40	-0.1373	dqs_start_index[I]	dqs_start_index[I]	dqs_start_index[1]$_SDFFE_PP0P_/Q	dqs_start_index[5]$_SDFFE_PP0P_/D
41	-0.1368	stageI_do_wr_or_rd	stageI_do_pre	stage2_do_wr_or_rd$_SDFF_PP0_/Q	stage2_do_pre$_SDFF_PP0_/D
42	-0.1363	write_pattern[I]	data_start_index[I][J]	write_pattern[0]$_SDFFE_PP0P_/Q	data_start_index[7][0]$_SDFFCE_PN0P_/D
43	-0.1358	lane[I]	dqs_start_index_stored[I]	lane[0]$_SDFFE_PP0P_/Q	dqs_start_index_stored[2]$_SDFFE_PP0P_/D
44	-0.1352	i_phy_iserdes_bitslip_reference[I]	o_phy_write_leveling_calib	i_phy_iserdes_bitslip_reference[29]	o_phy_write_leveling_calib$_SDFFE_PP0P_/D
45	-0.1346	i_phy_iserdes_bitslip_reference[I]	prev_write_level_feedback	i_phy_iserdes_bitslip_reference[29]	prev_write_level_feedback$_SDFFE_PP1P_/D
46	-0.1343	stageI_do_rd	stageI_do_pre	stage2_do_rd$_SDFF_PP0_/Q	stage2_do_pre$_SDFF_PP0_/D
47	-0.1338	i_phy_iserdes_bitslip_reference[I]	dqs_start_index_stored[I]	i_phy_iserdes_bitslip_reference[56]	dqs_start_index_stored[2]$_SDFFE_PP0P_/D
48	-0.1307	lane[I]	o_phy_write_leveling_calib	lane[0]$_SDFFE_PP0P_/Q	o_phy_write_leveling_calib$_SDFFE_PP0P_/D
49	-0.1303	lane[I]	lane_write_dq_late[I]	lane[0]$_SDFFE_PP0P_/Q	lane_write_dq_late[4]$_SDFFE_PP0P_/D
50	-0.1302	dqs_start_index[I]	state_calibrate[I]	dqs_start_index[1]$_SDFFE_PP0P_/Q	state_calibrate[1]$_SDFFE_PP0P_/D
51	-0.1300	lane[I]	prev_write_level_feedback	lane[0]$_SDFFE_PP0P_/Q	prev_write_level_feedback$_SDFFE_PP1P_/D
52	-0.1296	index_wb_data	reset_from_test	index_wb_data$_SDFFE_PP0P_/Q	reset_from_test$_SDFF_PP0_/D
53	-0.1257	stageI_do_wr	stageI_do_wr_or_rd	stage2_do_wr$_SDFF_PP0_/Q	stage2_do_wr_or_rd$_SDFF_PP0_/D
54	-0.1252	state_calibrate[I]	write_test_address_counter[I]	state_calibrate[1]$_SDFFE_PP0P_/Q	write_test_address_counter[23]$_SDFFE_PP0P_/D
55	-0.1248	i_phy_iserdes_bitslip_reference[I]	stored_write_level_feedback	i_phy_iserdes_bitslip_reference[29]	stored_write_level_feedback$_SDFFCE_PN0P_/D
56	-0.1247	lane[I]	added_read_pipe_max	lane[0]$_SDFFE_PP0P_/Q	added_read_pipe_max$_SDFFE_PP0P_/D
57	-0.1234	stageI_bank[J]	stageI_do_wr	stage2_bank[2]$_SDFF_PP0_/QN	stage2_do_wr$_SDFF_PP0_/D
58	-0.1232	lane[I]	start_index_check[I]	lane[0]$_SDFFE_PP0P_/Q	start_index_check[5]$_SDFFCE_PN0P_/D
59	-0.1221	index_wb_data	o_wb_data[I]	index_wb_data$_SDFFE_PP0P_/Q	o_wb_data[198]
60	-0.1202	lane[I]	stored_write_level_feedback	lane[0]$_SDFFE_PP0P_/Q	stored_write_level_feedback$_SDFFCE_PN0P_/D
61	-0.1093	lane[I]	dqs_bitslip_arrangement[I]	lane[0]$_SDFFE_PP0P_/Q	dqs_bitslip_arrangement[1]$_SDFFE_PP0P_/D
62	-0.1088	data_start_index[I][J]	write_pattern_lane[I]	data_start_index[7][3]$_SDFFCE_PN0P_/Q	write_pattern_lane[21]$_SDFF_PP0_/D
63	-0.1081	state_calibrate[I]	read_test_address_counter[I]	state_calibrate[2]$_SDFFE_PP0P_/Q	read_test_address_counter[21]$_SDFFE_PP0P_/D
64	-0.1070	instruction_address[I]	calib_data[I]	instruction_address[1]$_SDFF_PP0_/Q	calib_data[273]$_SDFFE_PP0P_/D
65	-0.1041	stageI_do_wr	stageI_do_pre	stage2_do_wr$_SDFF_PP0_/Q	stage2_do_pre$_SDFF_PP0_/D
66	-0.1019	stageI_bank[J]	stageI_do_update_delay_before_write_after_act	stage2_bank[2]$_SDFF_PP0_/QN	stage2_do_update_delay_before_write_after_act$_SDFF_PP0_/D
67	-0.1018	stageI_do_act	stageI_do_wr	stage2_do_act$_SDFF_PP0_/Q	stage2_do_wr$_SDFF_PP0_/D
68	-0.1001	dqs_start_index[I]	delay_before_read_data[I]	dqs_start_index[1]$_SDFFE_PP0P_/Q	delay_before_read_data[3]$_SDFF_PP0_/D
69	-0.0967	stageI_do_wr_or_rd	o_wb_stall_int_q	stage2_do_wr_or_rd$_SDFF_PP0_/Q	o_wb_stall_int_q$_SDFF_PP1_/D
70	-0.0950	dqs_start_index[I]	o_phy_idelay_data_ld[I]	dqs_start_index[1]$_SDFFE_PP0P_/Q	o_phy_idelay_data_ld[7]$_SDFF_PP0_/D
71	-0.0925	stageI_do_wr	delay_before_read_counter_q[I][J]	stage2_do_wr$_SDFF_PP0_/Q	delay_before_read_counter_q[3][0]$_SDFF_PP0_/D
72	-0.0925	lane[I]	dqs_store[I]	lane[1]$_SDFFE_PP0P_/Q	dqs_store[32]$_SDFFE_PP0P_/D
73	-0.0914	lane[I]	initial_dqs	lane[0]$_SDFFE_PP0P_/Q	initial_dqs$_SDFFE_PP1P_/D
74	-0.0901	lane[I]	dqs_start_index_repeat	lane[0]$_SDFFE_PP0P_/Q	dqs_start_index_repeat$_SDFFE_PP0P_/D
75	-0.0898	read_lane_data_shifted[I]	state_calibrate[I]	read_lane_data_shifted[6]$_SDFF_PP0_/Q	state_calibrate[1]$_SDFFE_PP0P_/D
76	-0.0893	i_phy_iserdes_bitslip_reference[I]	initial_dqs	i_phy_iserdes_bitslip_reference[56]	initial_dqs$_SDFFE_PP1P_/D
77	-0.0882	stageI_do_rd	o_wb_stall_int_q	stage2_do_rd$_SDFF_PP0_/Q	o_wb_stall_int_q$_SDFF_PP1_/D
78	-0.0881	i_phy_iserdes_bitslip_reference[I]	dqs_start_index_repeat	i_phy_iserdes_bitslip_reference[56]	dqs_start_index_repeat$_SDFFE_PP0P_/D
79	-0.0878	stageI_do_wr_or_rd	delay_before_read_counter_q[I][J]	stage2_do_wr_or_rd$_SDFF_PP0_/Q	delay_before_read_counter_q[3][0]$_SDFF_PP0_/D
80	-0.0849	stageI_do_wr	o_wb_stall_int_q	stage2_do_wr$_SDFF_PP0_/Q	o_wb_stall_int_q$_SDFF_PP1_/D
81	-0.0844	stageI_pending	o_phy_cmd[I]	stage2_pending$_SDFFE_PP0P_/Q	o_phy_cmd[10]
82	-0.0820	stageI_do_pre	stageI_do_wr	stage2_do_pre$_SDFF_PP0_/Q	stage2_do_wr$_SDFF_PP0_/D
83	-0.0820	i_phy_idelayctrl_rdy	write_test_address_counter[I]	i_phy_idelayctrl_rdy	write_test_address_counter[23]$_SDFFE_PP0P_/D
84	-0.0809	lane[I]	read_lane_data[I]	lane[1]$_SDFFE_PP0P_/Q	read_lane_data[10]$_SDFF_PP0_/D
85	-0.0803	stageI_do_act	stageI_do_update_delay_before_write_after_act	stage2_do_act$_SDFF_PP0_/Q	stage2_do_update_delay_before_write_after_act$_SDFF_PP0_/D
86	-0.0802	stageI_anticipate_row[J]	stageI_do_wr_or_rd	stage1_anticipate_row[9]$_SDFF_PP0_/Q	stage2_do_wr_or_rd$_SDFF_PP0_/D
87	-0.0792	delay_before_write_level_feedback[I]	state_calibrate[I]	delay_before_write_level_feedback[1]$_SDFF_PP0_/QN	state_calibrate[1]$_SDFFE_PP0P_/D
88	-0.0786	state_calibrate[I]	calib_data[I]	state_calibrate[1]$_SDFFE_PP0P_/Q	calib_data[273]$_SDFFE_PP0P_/D
89	-0.0771	stageI_next_bank[J]	o_phy_cmd[I]	stage1_next_bank[2]$_SDFFE_PP0P_/Q	o_phy_cmd[27]
90	-0.0767	write_pattern[I]	state_calibrate[I]	write_pattern[0]$_SDFFE_PP0P_/Q	state_calibrate[1]$_SDFFE_PP0P_/D
91	-0.0764	stageI_bank[J]	o_phy_cmd[I]	stage2_bank[2]$_SDFF_PP0_/Q	o_phy_cmd[27]
92	-0.0763	data_start_index[I][J]	state_calibrate[I]	data_start_index[3][0]$_SDFFCE_PN0P_/Q	state_calibrate[1]$_SDFFE_PP0P_/D
93	-0.0749	stageI_bank[J]	stageI_do_wr_or_rd	stage1_bank[0]$_SDFFE_PP0P_/Q	stage2_do_wr_or_rd$_SDFF_PP0_/D
94	-0.0741	stageI_do_pre	stageI_do_rd	stage2_do_pre$_SDFF_PP0_/Q	stage2_do_rd$_SDFF_PP0_/D
95	-0.0733	stageI_do_act	stageI_do_rd	stage2_do_act$_SDFF_PP0_/Q	stage2_do_rd$_SDFF_PP0_/D
96	-0.0722	stageI_row[J]	stageI_do_wr_or_rd	stage2_row[9]$_SDFF_PP0_/Q	stage2_do_wr_or_rd$_SDFF_PP0_/D
97	-0.0683	stageI_do_wr	stageI_do_rd	stage2_do_wr$_SDFF_PP0_/Q	stage2_do_rd$_SDFF_PP0_/D
98	-0.0681	stageI_do_wr_or_rd	stageI_do_wr	stage2_do_wr_or_rd$_SDFF_PP0_/Q	stage2_do_wr$_SDFF_PP0_/D
99	-0.0680	idelay_data_cntvaluein[I][J]	dq_target_index[I][J]	idelay_data_cntvaluein[3][0]$_SDFFCE_PN0P_/Q	dq_target_index[4][5]$_SDFFCE_PN0P_/D
100	-0.0679	i_phy_iserdes_bitslip_reference[I]	added_read_pipe_max	i_phy_iserdes_bitslip_reference[29]	added_read_pipe_max$_SDFFE_PP0P_/D
