# stage	6_final
# top_module	tpu_top
# top_n	100
# kind	blocks
# include_full	1
# rank	worst_slack_ns	start	end	start_full	end_full
1	-0.1129	systolic_controll.matrix_index[I]	write_out.sram_wdata_c[I]	systolic_controll.matrix_index[4]$_SDFF_PP0_/QN	write_out.sram_wdata_c[77]$_SDFF_PN0_/D
2	-0.1096	systolic_controll.matrix_index[I]	write_out.sram_wdata_a[I]	systolic_controll.matrix_index[4]$_SDFF_PP0_/QN	write_out.sram_wdata_a[40]$_SDFF_PN0_/D
3	-0.1002	systolic_controll.matrix_index[I]	_I_	systolic_controll.matrix_index[4]$_SDFF_PP0_/QN	_87738_/D
4	-0.0913	systolic.weight_queue[I][J]	systolic.mul_product_reg[I][J]	systolic.weight_queue[2][1]$_SDFFE_PN0P_/Q	systolic.mul_product_reg[2][15]$_SDFF_PN0_/D
5	-0.0867	systolic.data_queue[I][J]	systolic.mul_product_reg[I][J]	systolic.data_queue[30][4]$_SDFFE_PN0P_/Q	systolic.mul_product_reg[30][13]$_SDFF_PN0_/D
6	0.0336	systolic.matrix_mul_ID[J][K]	systolic.matrix_mul_ID[J][K]	systolic.matrix_mul_2D[39][0]$_SDFFE_PN0P_/Q	systolic.matrix_mul_2D[39][20]$_SDFFE_PN0P_/D
7	0.0417	systolic.mul_product_reg[I][J]	systolic.matrix_mul_ID[J][K]	systolic.mul_product_reg[23][0]$_SDFF_PN0_/Q	systolic.matrix_mul_2D[23][20]$_SDFFE_PN0P_/D
8	0.0433	systolic.matrix_mul_ID[J][K]	write_out.sram_wdata_a[I]	systolic.matrix_mul_2D[16][2]$_SDFFE_PN0P_/Q	write_out.sram_wdata_a[45]$_SDFF_PN0_/D
9	0.0506	systolic.matrix_mul_ID[J][K]	write_out.sram_wdata_c[I]	systolic.matrix_mul_2D[16][2]$_SDFFE_PN0P_/Q	write_out.sram_wdata_c[11]$_SDFF_PN0_/D
10	0.0678	systolic.matrix_mul_ID[J][K]	_I_	systolic.matrix_mul_2D[18][20]$_SDFFE_PN0P_/Q	_87744_/D
11	0.0868	write_out.sram_wdata_c[I]	sram_wdata_c[I]	write_out.sram_wdata_c[49]$_SDFF_PN0_/Q	sram_wdata_c[49]
12	0.0995	write_out.sram_wdata_a[I]	sram_wdata_a[I]	write_out.sram_wdata_a[56]$_SDFF_PN0_/Q	sram_wdata_a[56]
13	0.1140	_I_	sram_wdata_b[I]	_87721_/Q	sram_wdata_b[96]
14	0.1344	systolic_controll.cycle_num[I]	_I_	systolic_controll.cycle_num[8]$_SDFF_PN0_/QN	_87716_/D
15	0.1350	systolic_controll.state[I]	_I_	systolic_controll.state[3]$_DFF_P_/Q	_87716_/D
16	0.1420	addr_sel.sram_raddr_wI[J]	sram_raddr_dI[J]	addr_sel.sram_raddr_w0[0]$_SDFF_PN1_/Q	sram_raddr_d0[0]
17	0.1430	write_out.sram_waddr_c[I]	sram_waddr_c[I]	write_out.sram_waddr_c[5]$_SDFF_PN0_/Q	sram_waddr_c[5]
18	0.1433	write_out.sram_waddr_a[I]	sram_waddr_a[I]	write_out.sram_waddr_a[3]$_SDFF_PN0_/Q	sram_waddr_a[3]
19	0.1438	systolic_controll.tpu_done	tpu_done	systolic_controll.tpu_done$_SDFF_PN0_/Q	tpu_done
20	0.1444	addr_sel.sram_raddr_wI[J]	sram_raddr_wI[J]	addr_sel.sram_raddr_w0[2]$_SDFF_PN1_/Q	sram_raddr_w0[2]
21	0.1447	_I_	sram_waddr_b[I]	_87623_/Q	sram_waddr_b[3]
22	0.1447	write_out.sram_write_enable_cI	sram_write_enable_cI	write_out.sram_write_enable_c0$_SDFF_PN1_/Q	sram_write_enable_c0
23	0.1460	write_out.sram_write_enable_aI	sram_write_enable_aI	write_out.sram_write_enable_a0$_SDFF_PN1_/Q	sram_write_enable_a0
24	0.1527	_I_	sram_write_enable_bI	_87618_/Q	sram_write_enable_b0
25	0.1636	systolic_controll.cycle_num[I]	systolic.is_accum_reg[I]	systolic_controll.cycle_num[1]$_SDFF_PN0_/QN	systolic.is_accum_reg[2]$_SDFF_PP0_/D
26	0.1738	systolic_controll.cycle_num[I]	write_out.sram_wdata_c[I]	systolic_controll.cycle_num[1]$_SDFF_PN0_/Q	write_out.sram_wdata_c[10]$_SDFF_PN0_/D
27	0.1890	systolic_controll.cycle_num[I]	write_out.sram_wdata_a[I]	systolic_controll.cycle_num[1]$_SDFF_PN0_/Q	write_out.sram_wdata_a[65]$_SDFF_PN0_/D
28	0.2047	systolic_controll.state[I]	write_out.sram_wdata_c[I]	systolic_controll.state[3]$_DFF_P_/Q	write_out.sram_wdata_c[17]$_SDFF_PN0_/D
29	0.2180	systolic_controll.state[I]	write_out.sram_wdata_a[I]	systolic_controll.state[3]$_DFF_P_/Q	write_out.sram_wdata_a[21]$_SDFF_PN0_/D
30	0.2336	systolic_controll.state[I]	systolic.weight_queue[I][J]	systolic_controll.state[3]$_DFF_P_/Q	systolic.weight_queue[40][1]$_SDFFE_PN0P_/D
31	0.2435	systolic_controll.state[I]	systolic.data_queue[I][J]	systolic_controll.state[3]$_DFF_P_/Q	systolic.data_queue[56][3]$_SDFFE_PN0P_/D
32	0.2590	systolic_controll.cycle_num[I]	write_out.sram_waddr_c[I]	systolic_controll.cycle_num[1]$_SDFF_PN0_/Q	write_out.sram_waddr_c[4]$_SDFF_PN0_/D
33	0.2718	systolic_controll.cycle_num[I]	write_out.sram_write_enable_cI	systolic_controll.cycle_num[1]$_SDFF_PN0_/Q	write_out.sram_write_enable_c0$_SDFF_PN1_/D
34	0.2724	srstn	_I_	srstn	_87716_/D
35	0.2761	systolic_controll.cycle_num[I]	systolic.is_reset_reg[I]	systolic_controll.cycle_num[1]$_SDFF_PN0_/Q	systolic.is_reset_reg[3]$_SDFF_PN0_/D
36	0.2781	systolic_controll.cycle_num[I]	write_out.sram_waddr_a[I]	systolic_controll.cycle_num[1]$_SDFF_PN0_/Q	write_out.sram_waddr_a[4]$_SDFF_PN0_/D
37	0.2841	srstn	systolic.mul_product_reg[I][J]	srstn	systolic.mul_product_reg[43][11]$_SDFF_PN0_/D
38	0.2892	systolic_controll.cycle_num[I]	write_out.sram_write_enable_aI	systolic_controll.cycle_num[1]$_SDFF_PN0_/Q	write_out.sram_write_enable_a0$_SDFF_PN1_/D
39	0.2894	srstn	systolic.weight_queue[I][J]	srstn	systolic.weight_queue[44][6]$_SDFFE_PN0P_/D
40	0.3012	srstn	systolic.matrix_mul_ID[J][K]	srstn	systolic.matrix_mul_2D[50][2]$_SDFFE_PN0P_/D
41	0.3012	srstn	systolic.data_queue[I][J]	srstn	systolic.data_queue[34][3]$_SDFFE_PN0P_/D
42	0.3037	systolic_controll.state[I]	write_out.sram_waddr_c[I]	systolic_controll.state[3]$_DFF_P_/Q	write_out.sram_waddr_c[4]$_SDFF_PN0_/D
43	0.3052	systolic.is_reset_reg[I]	systolic.matrix_mul_ID[J][K]	systolic.is_reset_reg[6]$_SDFF_PN0_/Q	systolic.matrix_mul_2D[41][18]$_SDFFE_PN0P_/D
44	0.3114	systolic_controll.state[I]	systolic.is_accum_reg[I]	systolic_controll.state[3]$_DFF_P_/Q	systolic.is_accum_reg[4]$_SDFF_PP0_/D
45	0.3119	systolic_controll.data_set[I]	_I_	systolic_controll.data_set[0]$_SDFFE_PN0P_/Q	_87710_/D
46	0.3162	systolic_controll.state[I]	write_out.sram_waddr_a[I]	systolic_controll.state[3]$_DFF_P_/Q	write_out.sram_waddr_a[1]$_SDFF_PN0_/D
47	0.3284	systolic_controll.state[I]	write_out.sram_write_enable_cI	systolic_controll.state[3]$_DFF_P_/Q	write_out.sram_write_enable_c0$_SDFF_PN1_/D
48	0.3385	systolic_controll.state[I]	write_out.sram_write_enable_aI	systolic_controll.state[3]$_DFF_P_/Q	write_out.sram_write_enable_a0$_SDFF_PN1_/D
49	0.3405	srstn	write_out.sram_wdata_c[I]	srstn	write_out.sram_wdata_c[10]$_SDFF_PN0_/D
50	0.3500	systolic.is_accum_reg[I]	systolic.matrix_mul_ID[J][K]	systolic.is_accum_reg[15]$_SDFF_PP0_/Q	systolic.matrix_mul_2D[43][7]$_SDFFE_PN0P_/D
51	0.3533	srstn	systolic_controll.addr_serial_num[I]	srstn	systolic_controll.addr_serial_num[1]$_SDFFE_PN0P_/D
52	0.3553	srstn	write_out.sram_wdata_a[I]	srstn	write_out.sram_wdata_a[21]$_SDFF_PN0_/D
53	0.3638	srstn	systolic_controll.state[I]	srstn	systolic_controll.state[3]$_DFF_P_/D
54	0.3696	systolic_controll.matrix_index[I]	systolic_controll.state[I]	systolic_controll.matrix_index[1]$_SDFF_PP0_/Q	systolic_controll.state[3]$_DFF_P_/D
55	0.3838	systolic_controll.state[I]	systolic_controll.addr_serial_num[I]	systolic_controll.state[3]$_DFF_P_/Q	systolic_controll.addr_serial_num[4]$_SDFFE_PN0P_/D
56	0.3987	systolic_controll.matrix_index[I]	systolic_controll.tpu_done	systolic_controll.matrix_index[1]$_SDFF_PP0_/Q	systolic_controll.tpu_done$_SDFF_PN0_/D
57	0.4012	systolic_controll.data_set[I]	write_out.sram_wdata_c[I]	systolic_controll.data_set[0]$_SDFFE_PN0P_/Q	write_out.sram_wdata_c[17]$_SDFF_PN0_/D
58	0.4029	systolic_controll.matrix_index[I]	systolic_controll.data_set[I]	systolic_controll.matrix_index[3]$_SDFF_PP0_/Q	systolic_controll.data_set[0]$_SDFFE_PN0P_/D
59	0.4135	systolic_controll.state[I]	systolic_controll.state[I]	systolic_controll.state[3]$_DFF_P_/Q	systolic_controll.state[0]$_DFF_P_/D
60	0.4205	systolic_controll.matrix_index[I]	systolic_controll.matrix_index[I]	systolic_controll.matrix_index[1]$_SDFF_PP0_/Q	systolic_controll.matrix_index[4]$_SDFF_PP0_/D
61	0.4257	srstn	write_out.sram_waddr_c[I]	srstn	write_out.sram_waddr_c[4]$_SDFF_PN0_/D
62	0.4284	systolic_controll.data_set[I]	write_out.sram_wdata_a[I]	systolic_controll.data_set[1]$_SDFFE_PN0P_/QN	write_out.sram_wdata_a[65]$_SDFF_PN0_/D
63	0.4295	systolic_controll.state[I]	systolic.is_reset_reg[I]	systolic_controll.state[3]$_DFF_P_/Q	systolic.is_reset_reg[2]$_SDFF_PN0_/D
64	0.4385	srstn	write_out.sram_write_enable_cI	srstn	write_out.sram_write_enable_c0$_SDFF_PN1_/D
65	0.4447	srstn	write_out.sram_waddr_a[I]	srstn	write_out.sram_waddr_a[4]$_SDFF_PN0_/D
66	0.4470	systolic_controll.cycle_num[I]	systolic_controll.data_set[I]	systolic_controll.cycle_num[1]$_SDFF_PN0_/Q	systolic_controll.data_set[0]$_SDFFE_PN0P_/D
67	0.4487	srstn	systolic.is_accum_reg[I]	srstn	systolic.is_accum_reg[4]$_SDFF_PP0_/D
68	0.4528	systolic_controll.addr_serial_num[I]	systolic_controll.addr_serial_num[I]	systolic_controll.addr_serial_num[1]$_SDFFE_PN0P_/Q	systolic_controll.addr_serial_num[5]$_SDFFE_PN0P_/D
69	0.4558	srstn	write_out.sram_write_enable_aI	srstn	write_out.sram_write_enable_a0$_SDFF_PN1_/D
70	0.4576	systolic_controll.matrix_index[I]	write_out.sram_waddr_c[I]	systolic_controll.matrix_index[0]$_SDFF_PP0_/Q	write_out.sram_waddr_c[0]$_SDFF_PN0_/D
71	0.4606	systolic_controll.addr_serial_num[I]	addr_sel.sram_raddr_wI[J]	systolic_controll.addr_serial_num[5]$_SDFFE_PN0P_/Q	addr_sel.sram_raddr_w1[5]$_SDFF_PN1_/D
72	0.4609	systolic_controll.matrix_index[I]	write_out.sram_waddr_a[I]	systolic_controll.matrix_index[0]$_SDFF_PP0_/Q	write_out.sram_waddr_a[0]$_SDFF_PN0_/D
73	0.4635	systolic_controll.state[I]	systolic_controll.cycle_num[I]	systolic_controll.state[3]$_DFF_P_/Q	systolic_controll.cycle_num[7]$_SDFF_PN0_/D
74	0.4714	systolic_controll.cycle_num[I]	systolic_controll.matrix_index[I]	systolic_controll.cycle_num[8]$_SDFF_PN0_/QN	systolic_controll.matrix_index[3]$_SDFF_PP0_/D
75	0.4763	srstn	systolic_controll.cycle_num[I]	srstn	systolic_controll.cycle_num[7]$_SDFF_PN0_/D
76	0.4774	srstn	systolic_controll.matrix_index[I]	srstn	systolic_controll.matrix_index[3]$_SDFF_PP0_/D
77	0.4817	systolic_controll.cycle_num[I]	systolic_controll.cycle_num[I]	systolic_controll.cycle_num[1]$_SDFF_PN0_/Q	systolic_controll.cycle_num[8]$_SDFF_PN0_/D
78	0.4850	srstn	systolic.is_reset_reg[I]	srstn	systolic.is_reset_reg[4]$_SDFF_PN0_/D
79	0.4920	systolic_controll.data_set[I]	write_out.sram_waddr_c[I]	systolic_controll.data_set[1]$_SDFFE_PN0P_/QN	write_out.sram_waddr_c[4]$_SDFF_PN0_/D
80	0.5023	systolic_controll.state[I]	systolic_controll.tpu_done	systolic_controll.state[3]$_DFF_P_/Q	systolic_controll.tpu_done$_SDFF_PN0_/D
81	0.5048	systolic_controll.data_set[I]	write_out.sram_write_enable_cI	systolic_controll.data_set[1]$_SDFFE_PN0P_/QN	write_out.sram_write_enable_c0$_SDFF_PN1_/D
82	0.5134	tpu_start	systolic_controll.addr_serial_num[I]	tpu_start	systolic_controll.addr_serial_num[5]$_SDFFE_PN0P_/D
83	0.5151	srstn	systolic_controll.tpu_done	srstn	systolic_controll.tpu_done$_SDFF_PN0_/D
84	0.5175	systolic_controll.data_set[I]	write_out.sram_waddr_a[I]	systolic_controll.data_set[1]$_SDFFE_PN0P_/QN	write_out.sram_waddr_a[4]$_SDFF_PN0_/D
85	0.5188	systolic_controll.state[I]	systolic_controll.data_set[I]	systolic_controll.state[3]$_DFF_P_/Q	systolic_controll.data_set[0]$_SDFFE_PN0P_/D
86	0.5286	systolic_controll.data_set[I]	write_out.sram_write_enable_aI	systolic_controll.data_set[1]$_SDFFE_PN0P_/QN	write_out.sram_write_enable_a0$_SDFF_PN1_/D
87	0.5478	systolic_controll.data_set[I]	systolic_controll.state[I]	systolic_controll.data_set[0]$_SDFFE_PN0P_/Q	systolic_controll.state[3]$_DFF_P_/D
88	0.5646	systolic.weight_queue[I][J]	systolic.weight_queue[I][J]	systolic.weight_queue[8][2]$_SDFFE_PN0P_/Q	systolic.weight_queue[16][2]$_SDFFE_PN0P_/D
89	0.5769	systolic_controll.data_set[I]	systolic_controll.tpu_done	systolic_controll.data_set[0]$_SDFFE_PN0P_/Q	systolic_controll.tpu_done$_SDFF_PN0_/D
90	0.5936	systolic.data_queue[I][J]	systolic.data_queue[I][J]	systolic.data_queue[8][0]$_SDFFE_PN0P_/Q	systolic.data_queue[9][0]$_SDFFE_PN0P_/D
91	0.6057	systolic_controll.state[I]	systolic_controll.matrix_index[I]	systolic_controll.state[3]$_DFF_P_/QN	systolic_controll.matrix_index[3]$_SDFF_PP0_/D
92	0.6555	systolic_controll.data_set[I]	systolic_controll.data_set[I]	systolic_controll.data_set[1]$_SDFFE_PN0P_/QN	systolic_controll.data_set[1]$_SDFFE_PN0P_/D
93	0.6562	srstn	systolic_controll.data_set[I]	srstn	systolic_controll.data_set[0]$_SDFFE_PN0P_/D
94	0.7082	sram_rdata_dI[J]	systolic.data_queue[I][J]	sram_rdata_d1[0]	systolic.data_queue[56][0]$_SDFFE_PN0P_/D
95	0.7125	sram_rdata_wI[J]	systolic.weight_queue[I][J]	sram_rdata_w1[28]	systolic.weight_queue[4][4]$_SDFFE_PN0P_/D
96	0.7239	tpu_start	systolic_controll.state[I]	tpu_start	systolic_controll.state[0]$_DFF_P_/D
