# stage	6_final
# top_module	ddr3_controller
# top_n	100
# kind	blocks
# include_full	1
# rank	worst_slack_ns	start	end	start_full	end_full
1	-0.3478	index_wb_data	o_wb_data[I]	index_wb_data$_SDFFE_PP0P_/Q	o_wb_data[489]
2	-0.3391	lane[I]	o_phy_odelay_dqs_cntvaluein[I]	lane[1]$_SDFFE_PP0P_/Q	o_phy_odelay_dqs_cntvaluein[2]
3	-0.3353	lane[I]	o_phy_idelay_dqs_cntvaluein[I]	lane[1]$_SDFFE_PP0P_/Q	o_phy_idelay_dqs_cntvaluein[1]
4	-0.3346	lane[I]	o_phy_idelay_data_cntvaluein[I]	lane[1]$_SDFFE_PP0P_/Q	o_phy_idelay_data_cntvaluein[1]
5	-0.3308	lane[I]	o_phy_odelay_data_cntvaluein[I]	lane[1]$_SDFFE_PP0P_/Q	o_phy_odelay_data_cntvaluein[4]
6	-0.3195	stageI_bank[J]	o_phy_cmd[I]	stage2_bank[2]$_SDFF_PP0_/Q	o_phy_cmd[16]
7	-0.3132	stageI_pending	o_phy_cmd[I]	stage2_pending$_SDFFE_PP0P_/Q	o_phy_cmd[16]
8	-0.3128	stageI_next_bank[J]	o_phy_cmd[I]	stage1_next_bank[1]$_SDFFE_PP0P_/Q	o_phy_cmd[16]
9	-0.3123	stageI_do_pre	o_phy_cmd[I]	stage2_do_pre$_SDFF_PP0_/Q	o_phy_cmd[3]
10	-0.3025	stageI_do_act	o_phy_cmd[I]	stage2_do_act$_SDFF_PP0_/Q	o_phy_cmd[64]
11	-0.2938	stageI_do_rd	o_phy_cmd[I]	stage2_do_rd$_SDFF_PP0_/Q	o_phy_cmd[64]
12	-0.2656	stageI_do_wr_or_rd	o_phy_cmd[I]	stage2_do_wr_or_rd$_SDFF_PP0_/Q	o_phy_cmd[64]
13	-0.2577	state_calibrate[I]	o_phy_cmd[I]	state_calibrate[3]$_SDFFE_PP0P_/Q	o_phy_cmd[69]
14	-0.2495	stageI_pending	stageI_do_pre	stage2_pending$_SDFFE_PP0P_/Q	stage1_do_pre$_SDFF_PP0_/D
15	-0.2416	stageI_row[J]	o_phy_cmd[I]	stage2_row[8]$_SDFF_PP0_/Q	o_phy_cmd[32]
16	-0.2409	stageI_bank[J]	stageI_do_pre	stage2_bank[0]$_SDFF_PP0_/Q	stage1_do_pre$_SDFF_PP0_/D
17	-0.2382	stageI_do_act	stageI_do_pre	stage2_do_act$_SDFF_PP0_/Q	stage1_do_pre$_SDFF_PP0_/D
18	-0.2372	stageI_do_wr	o_phy_cmd[I]	stage2_do_wr$_SDFF_PP0_/Q	o_phy_cmd[64]
19	-0.2357	stageI_next_bank[J]	stageI_do_pre	stage1_next_bank[0]$_SDFFE_PP0P_/Q	stage1_do_pre$_SDFF_PP0_/D
20	-0.2286	stageI_pending	stageI_do_wr_or_rd	stage2_pending$_SDFFE_PP0P_/Q	stage2_do_wr_or_rd$_SDFF_PP0_/D
21	-0.2222	stageI_pending	o_wb_stall_int_q	stage2_pending$_SDFFE_PP0P_/Q	o_wb_stall_int_q$_SDFF_PP1_/D
22	-0.2212	stageI_do_pre	stageI_do_pre	stage2_do_pre$_SDFF_PP0_/Q	stage1_do_pre$_SDFF_PP0_/D
23	-0.2173	stageI_do_act	stageI_do_wr_or_rd	stage2_do_act$_SDFF_PP0_/Q	stage2_do_wr_or_rd$_SDFF_PP0_/D
24	-0.2156	stageI_bank[J]	stageI_do_wr_or_rd	stage2_bank[0]$_SDFF_PP0_/Q	stage2_do_wr_or_rd$_SDFF_PP0_/D
25	-0.2138	index_wb_data	reset_from_test	index_wb_data$_SDFFE_PP0P_/Q	reset_from_test$_SDFF_PP0_/D
26	-0.2128	lane[I]	start_index_check[I]	lane[1]$_SDFFE_PP0P_/Q	start_index_check[4]$_SDFFCE_PN0P_/D
27	-0.2109	stageI_do_act	o_wb_stall_int_q	stage2_do_act$_SDFF_PP0_/Q	o_wb_stall_int_q$_SDFF_PP1_/D
28	-0.2105	stageI_next_bank[J]	stageI_do_wr_or_rd	stage1_next_bank[0]$_SDFFE_PP0P_/Q	stage2_do_wr_or_rd$_SDFF_PP0_/D
29	-0.2090	idelay_data_cntvaluein[I][J]	o_phy_idelay_data_cntvaluein[I]	idelay_data_cntvaluein[0][1]$_SDFFCE_PN0P_/Q	o_phy_idelay_data_cntvaluein[1]
30	-0.2087	stageI_bank[J]	o_wb_stall_int_q	stage2_bank[0]$_SDFF_PP0_/Q	o_wb_stall_int_q$_SDFF_PP1_/D
31	-0.2064	sync_rst_controller	o_phy_reset	sync_rst_controller$_DFF_P_/Q	o_phy_reset
32	-0.2036	stageI_next_bank[J]	o_wb_stall_int_q	stage1_next_bank[0]$_SDFFE_PP0P_/Q	o_wb_stall_int_q$_SDFF_PP1_/D
33	-0.1977	stageI_do_pre	stageI_do_wr_or_rd	stage2_do_pre$_SDFF_PP0_/Q	stage2_do_wr_or_rd$_SDFF_PP0_/D
34	-0.1938	odelay_data_cntvaluein[I][J]	o_phy_odelay_data_cntvaluein[I]	odelay_data_cntvaluein[5][0]$_SDFFCE_PN0P_/Q	o_phy_odelay_data_cntvaluein[0]
35	-0.1913	stageI_do_pre	o_wb_stall_int_q	stage2_do_pre$_SDFF_PP0_/Q	o_wb_stall_int_q$_SDFF_PP1_/D
36	-0.1903	idelay_dqs_cntvaluein[I][J]	o_phy_idelay_dqs_cntvaluein[I]	idelay_dqs_cntvaluein[5][2]$_SDFFCE_PN0P_/Q	o_phy_idelay_dqs_cntvaluein[2]
37	-0.1899	odelay_dqs_cntvaluein[I][J]	o_phy_odelay_dqs_cntvaluein[I]	odelay_dqs_cntvaluein[3][3]$_SDFFCE_PN1P_/Q	o_phy_odelay_dqs_cntvaluein[3]
38	-0.1885	lane[I]	sample_clk_repeat[I]	lane[1]$_SDFFE_PP0P_/Q	sample_clk_repeat[3]$_SDFFCE_PP0P_/D
39	-0.1875	lane[I]	data_start_index[I][J]	lane[1]$_SDFFE_PP0P_/Q	data_start_index[4][6]$_SDFFCE_PN0P_/D
40	-0.1874	lane[I]	prev_write_level_feedback	lane[1]$_SDFFE_PP0P_/Q	prev_write_level_feedback$_SDFFE_PP1P_/D
41	-0.1865	lane[I]	write_pattern_lane[I]	lane[1]$_SDFFE_PP0P_/Q	write_pattern_lane[6]$_SDFF_PP0_/D
42	-0.1840	o_wb_data_q[I][J]	o_wb_data[I]	o_wb_data_q[0][381]$_SDFFE_PP0P_/Q	o_wb_data[381]
43	-0.1827	lane[I]	state_calibrate[I]	lane[1]$_SDFFE_PP0P_/Q	state_calibrate[4]$_SDFFE_PP0P_/D
44	-0.1818	lane[I]	initial_dqs	lane[1]$_SDFFE_PP0P_/Q	initial_dqs$_SDFFE_PP1P_/D
45	-0.1730	lane[I]	dqs_start_index_repeat	lane[1]$_SDFFE_PP0P_/Q	dqs_start_index_repeat$_SDFFE_PP0P_/D
46	-0.1724	lane[I]	dqs_start_index_stored[I]	lane[1]$_SDFFE_PP0P_/Q	dqs_start_index_stored[5]$_SDFFE_PP0P_/D
47	-0.1718	lane[I]	o_phy_bitslip[I]	lane[1]$_SDFFE_PP0P_/Q	o_phy_bitslip[1]$_SDFF_PP0_/D
48	-0.1710	stageI_do_act	stageI_do_wr	stage2_do_act$_SDFF_PP0_/Q	stage2_do_wr$_SDFF_PP0_/D
49	-0.1708	stageI_bank[J]	stageI_do_wr	stage2_bank[1]$_SDFF_PP0_/Q	stage2_do_wr$_SDFF_PP0_/D
50	-0.1694	stageI_do_act	stageI_do_rd	stage2_do_act$_SDFF_PP0_/Q	stage2_do_rd$_SDFF_PP0_/D
51	-0.1680	lane[I]	o_phy_write_leveling_calib	lane[1]$_SDFFE_PP0P_/Q	o_phy_write_leveling_calib$_SDFFE_PP0P_/D
52	-0.1661	delay_before_read_data[I]	o_phy_cmd[I]	delay_before_read_data[1]$_SDFF_PP0_/QN	o_phy_cmd[69]
53	-0.1656	stageI_do_act	stageI_do_update_delay_before_precharge_after_wr	stage2_do_act$_SDFF_PP0_/Q	stage2_do_update_delay_before_precharge_after_wr$_SDFF_PP0_/D
54	-0.1634	stageI_pending	stageI_do_wr	stage2_pending$_SDFFE_PP0P_/Q	stage2_do_wr$_SDFF_PP0_/D
55	-0.1633	lane[I]	read_lane_data[I]	lane[1]$_SDFFE_PP0P_/Q	read_lane_data[60]$_SDFF_PP0_/D
56	-0.1624	stageI_bank[J]	stageI_do_rd	stage2_bank[1]$_SDFF_PP0_/Q	stage2_do_rd$_SDFF_PP0_/D
57	-0.1599	stageI_next_row[J]	o_phy_cmd[I]	stage1_next_row[6]$_SDFFE_PP0P_/Q	o_phy_cmd[6]
58	-0.1569	lane[I]	train_delay[I]	lane[1]$_SDFFE_PP0P_/Q	train_delay[1]$_SDFF_PP0_/D
59	-0.1547	stageI_do_act	stageI_do_update_delay_before_read_after_act	stage2_do_act$_SDFF_PP0_/Q	stage2_do_update_delay_before_read_after_act$_SDFF_PP0_/D
60	-0.1543	o_wb_stall_int_q	o_wb_stall	o_wb_stall_int_q$_SDFF_PP1_/Q	o_wb_stall
61	-0.1523	stageI_next_bank[J]	stageI_do_wr	stage1_next_bank[0]$_SDFFE_PP0P_/Q	stage2_do_wr$_SDFF_PP0_/D
62	-0.1515	lane[I]	lane[I]	lane[1]$_SDFFE_PP0P_/Q	lane[1]$_SDFFE_PP0P_/D
63	-0.1503	stageI_pending	stageI_do_rd	stage2_pending$_SDFFE_PP0P_/Q	stage2_do_rd$_SDFF_PP0_/D
64	-0.1502	stageI_do_act	stageI_do_update_delay_before_write_after_act	stage2_do_act$_SDFF_PP0_/Q	stage2_do_update_delay_before_write_after_act$_SDFF_PP0_/D
65	-0.1500	stageI_bank[J]	stageI_do_update_delay_before_write_after_act	stage2_bank[1]$_SDFF_PP0_/Q	stage2_do_update_delay_before_write_after_act$_SDFF_PP0_/D
66	-0.1476	stageI_bank[J]	stageI_do_update_delay_before_read_after_act	stage2_bank[1]$_SDFF_PP0_/Q	stage2_do_update_delay_before_read_after_act$_SDFF_PP0_/D
67	-0.1471	stageI_bank[J]	stageI_do_update_delay_before_precharge_after_wr	stage2_bank[0]$_SDFF_PP0_/Q	stage2_do_update_delay_before_precharge_after_wr$_SDFF_PP0_/D
68	-0.1467	lane[I]	added_read_pipe[I]	lane[1]$_SDFFE_PP0P_/Q	added_read_pipe[2]$_SDFFCE_PN0P_/D
69	-0.1465	stageI_pending	stageI_do_update_delay_before_precharge_after_wr	stage2_pending$_SDFFE_PP0P_/Q	stage2_do_update_delay_before_precharge_after_wr$_SDFF_PP0_/D
70	-0.1452	lane[I]	stored_write_level_feedback	lane[1]$_SDFFE_PP0P_/Q	stored_write_level_feedback$_SDFFCE_PN0P_/D
71	-0.1448	instruction[I]	o_phy_cmd[I]	instruction[8]$_SDFFE_PP0P_/Q	o_phy_cmd[32]
72	-0.1437	stageI_do_pre	stageI_do_wr	stage2_do_pre$_SDFF_PP0_/Q	stage2_do_wr$_SDFF_PP0_/D
73	-0.1434	stageI_do_wr_or_rd	stageI_do_pre	stage2_do_wr_or_rd$_SDFF_PP0_/Q	stage2_do_pre$_SDFF_PP0_/D
74	-0.1426	stageI_pending	stageI_do_update_delay_before_write_after_act	stage2_pending$_SDFFE_PP0P_/Q	stage2_do_update_delay_before_write_after_act$_SDFF_PP0_/D
75	-0.1422	stageI_do_pre	stageI_do_rd	stage2_do_pre$_SDFF_PP0_/Q	stage2_do_rd$_SDFF_PP0_/D
76	-0.1418	stageI_next_bank[J]	stageI_do_update_delay_before_precharge_after_wr	stage1_next_bank[0]$_SDFFE_PP0P_/Q	stage2_do_update_delay_before_precharge_after_wr$_SDFF_PP0_/D
77	-0.1409	stageI_do_act	delay_before_read_counter_q[I][J]	stage2_do_act$_SDFF_PP0_/Q	delay_before_read_counter_q[1][1]$_SDFF_PP0_/D
78	-0.1408	stageI_do_wr_or_rd	o_wb_stall_int_q	stage2_do_wr_or_rd$_SDFF_PP0_/Q	o_wb_stall_int_q$_SDFF_PP1_/D
79	-0.1405	stageI_do_wr_or_rd	stageI_do_wr	stage2_do_wr_or_rd$_SDFF_PP0_/Q	stage2_do_wr$_SDFF_PP0_/D
80	-0.1383	stageI_do_pre	stageI_do_update_delay_before_precharge_after_wr	stage2_do_pre$_SDFF_PP0_/Q	stage2_do_update_delay_before_precharge_after_wr$_SDFF_PP0_/D
81	-0.1383	stageI_do_wr_or_rd	stageI_do_update_delay_before_write_after_act	stage2_do_wr_or_rd$_SDFF_PP0_/Q	stage2_do_update_delay_before_write_after_act$_SDFF_PP0_/D
82	-0.1363	stageI_bank[J]	delay_before_read_counter_q[I][J]	stage2_bank[1]$_SDFF_PP0_/Q	delay_before_read_counter_q[1][1]$_SDFF_PP0_/D
83	-0.1355	stageI_pending	stageI_do_update_delay_before_read_after_act	stage2_pending$_SDFFE_PP0P_/Q	stage2_do_update_delay_before_read_after_act$_SDFF_PP0_/D
84	-0.1347	lane[I]	idelay_data_cntvaluein[I][J]	lane[1]$_SDFFE_PP0P_/Q	idelay_data_cntvaluein[2][0]$_SDFFCE_PN0P_/D
85	-0.1326	stageI_do_wr_or_rd	stageI_do_rd	stage2_do_wr_or_rd$_SDFF_PP0_/Q	stage2_do_rd$_SDFF_PP0_/D
86	-0.1321	stageI_pending	delay_before_read_counter_q[I][J]	stage2_pending$_SDFFE_PP0P_/Q	delay_before_read_counter_q[5][0]$_SDFF_PP0_/D
87	-0.1321	lane[I]	idelay_dqs_cntvaluein[I][J]	lane[1]$_SDFFE_PP0P_/Q	idelay_dqs_cntvaluein[5][0]$_SDFFCE_PN0P_/D
88	-0.1315	stageI_next_bank[J]	stageI_do_update_delay_before_write_after_act	stage1_next_bank[0]$_SDFFE_PP0P_/Q	stage2_do_update_delay_before_write_after_act$_SDFF_PP0_/D
89	-0.1314	lane[I]	dq_target_index[I][J]	lane[1]$_SDFFE_PP0P_/Q	dq_target_index[6][5]$_SDFFCE_PN0P_/D
90	-0.1310	final_calibration_done	o_wb_ack	final_calibration_done$_SDFFE_PP0P_/Q	o_wb_ack
91	-0.1302	stageI_do_wr	stageI_do_wr_or_rd	stage2_do_wr$_SDFF_PP0_/Q	stage2_do_wr_or_rd$_SDFF_PP0_/D
92	-0.1288	stageI_do_wr_or_rd	stageI_do_update_delay_before_precharge_after_wr	stage2_do_wr_or_rd$_SDFF_PP0_/Q	stage2_do_update_delay_before_precharge_after_wr$_SDFF_PP0_/D
93	-0.1274	stageI_do_pre	stageI_do_update_delay_before_read_after_act	stage2_do_pre$_SDFF_PP0_/Q	stage2_do_update_delay_before_read_after_act$_SDFF_PP0_/D
94	-0.1258	stageI_do_wr_or_rd	stageI_do_wr_or_rd	stage2_do_wr_or_rd$_SDFF_PP0_/Q	stage2_do_wr_or_rd$_SDFF_PP0_/D
95	-0.1254	stageI_pending	stageI_do_act	stage2_pending$_SDFFE_PP0P_/Q	stage2_do_act$_SDFF_PP0_/D
96	-0.1253	lane[I]	odelay_data_cntvaluein[I][J]	lane[1]$_SDFFE_PP0P_/Q	odelay_data_cntvaluein[4][3]$_SDFFCE_PN0P_/D
97	-0.1251	stageI_do_pre	delay_before_read_counter_q[I][J]	stage2_do_pre$_SDFF_PP0_/Q	delay_before_read_counter_q[5][0]$_SDFF_PP0_/D
98	-0.1238	stageI_do_act	stageI_data_unaligned[J]	stage2_do_act$_SDFF_PP0_/Q	stage2_data_unaligned[209]$_SDFFE_PP0P_/D
99	-0.1237	stageI_next_bank[J]	stageI_do_rd	stage1_next_bank[2]$_SDFFE_PP0P_/Q	stage2_do_rd$_SDFF_PP0_/D
100	-0.1235	stageI_bank[J]	stageI_do_act	stage2_bank[0]$_SDFF_PP0_/Q	stage2_do_act$_SDFF_PP0_/D
