# stage	6_final
# top_module	viterbi_core
# top_n	100
# kind	blocks
# include_full	1
# rank	worst_slack_ns	start	end	start_full	end_full
1	-0.9273	acs_inst_I.pm_r[J]	pm_normalize_inst.pm_nom_r[I][J]	acs_inst_1.pm_r[3]$_DFF_PN0_/Q	pm_normalize_inst.pm_nom_r[16][8]$_DFFE_PN0P_/D
2	0.1626	src_rdata_i[I]	bmu_inst_I.bm_r[J]	src_rdata_i[16]	bmu_inst_31.bm_r[5]$_DFF_PN0_/D
3	0.2727	register_num_i[I]	acs_inst_I.pm_r[J]	register_num_i[0]	acs_inst_41.pm_r[1]$_DFF_PN0_/D
4	0.3022	register_num_i[I]	acs_inst_I.survivor_path_r	register_num_i[0]	acs_inst_40.survivor_path_r$_DFF_PN0_/D
5	0.3481	register_num_i[I]	pm_normalize_inst.pm_nom_r[I][J]	register_num_i[1]	pm_normalize_inst.pm_nom_r[16][8]$_DFFE_PN0P_/D
6	0.4386	acs_inst_I.valid_r	tb_addr_o[I]	acs_inst_0.valid_r$_DFF_PN0_/Q	tb_addr_o[4]
7	0.4484	register_num_i[I]	bmu_inst_I.low_codeword_tmp[J]	register_num_i[1]	bmu_inst_44.low_codeword_tmp[2]$_DFFE_PN0P_/D
8	0.6250	frame_start_i	pm_normalize_inst.pm_nom_r[I][J]	frame_start_i	pm_normalize_inst.pm_nom_r[12][7]$_DFFE_PN0P_/D
9	0.6404	rst_sync_i	pm_normalize_inst.pm_nom_r[I][J]	rst_sync_i	pm_normalize_inst.pm_nom_r[41][8]$_DFFE_PN0P_/D
10	0.6432	valid_polynomials_i[I]	bmu_inst_I.low_codeword[J]	valid_polynomials_i[0]	bmu_inst_23.low_codeword[2]$_DFFE_PN0P_/D
11	0.6449	tb_wr_addr_r[I]	tb_addr_o[I]	tb_wr_addr_r[4]$_DFFE_PN0P_/Q	tb_addr_o[4]
12	0.6472	rst_sync_i	bmu_inst_I.low_codeword_tmp[J]	rst_sync_i	bmu_inst_44.low_codeword_tmp[2]$_DFFE_PN0P_/D
13	0.6525	traceback_ins.tb_addr_r[I]	tb_addr_o[I]	traceback_ins.tb_addr_r[4]$_DFFE_PN0P_/Q	tb_addr_o[4]
14	0.6567	acs_inst_I.valid_r	tb_wr_o	acs_inst_0.valid_r$_DFF_PN0_/Q	tb_wr_o
15	0.6594	valid_polynomials_i[I]	bmu_inst_I.bm_r[J]	valid_polynomials_i[1]	bmu_inst_16.bm_r[5]$_DFF_PN0_/D
16	0.6647	rst_sync_i	src_addr_r[I]	rst_sync_i	src_addr_r[7]$_DFFE_PN0P_/D
17	0.6733	rst_sync_i	bmu_inst_I.bm_r[J]	rst_sync_i	bmu_inst_8.bm_r[1]$_DFF_PN0_/D
18	0.6891	dst_wr_r	dst_wr_o	dst_wr_r$_DFF_PN0_/Q	dst_wr_o
19	0.6907	src_addr_r[I]	src_addr_o[I]	src_addr_r[0]$_DFFE_PN0P_/Q	src_addr_o[0]
20	0.6924	frame_start_i	acs_en_r[I]	frame_start_i	acs_en_r[62]$_DFFE_PN0P_/D
21	0.6926	rst_sync_i	fetch_src_cnt_r[I]	rst_sync_i	fetch_src_cnt_r[11]$_DFFE_PN0P_/D
22	0.6972	src_rd_r	src_rd_o	src_rd_r$_DFFE_PN0P_/Q	src_rd_o
23	0.7008	acs_inst_I.survivor_path_r	tb_wdata_o[I]	acs_inst_26.survivor_path_r$_DFF_PN0_/Q	tb_wdata_o[26]
24	0.7036	frame_done_r	frame_done_o	frame_done_r$_DFFE_PN0P_/Q	frame_done_o
25	0.7051	traceback_ins.tb_rd_r	tb_rd_o	traceback_ins.tb_rd_r$_DFF_PN0_/Q	tb_rd_o
26	0.7062	dst_addr_r[I]	dst_addr_o[I]	dst_addr_r[11]$_DFFE_PN0P_/Q	dst_addr_o[11]
27	0.7068	rst_sync_i	bmu_inst_I.low_codeword[J]	rst_sync_i	bmu_inst_23.low_codeword[2]$_DFFE_PN0P_/D
28	0.7088	busy_r	busy_o	busy_r$_DFFE_PN0P_/Q	busy_o
29	0.7176	bmu_inst_I.low_codeword[J]	bmu_inst_I.bm_r[J]	bmu_inst_63.low_codeword[4]$_DFFE_PN0P_/Q	bmu_inst_63.bm_r[7]$_DFF_PN0_/D
30	0.7332	polynomialI_i[J]	bmu_inst_I.low_codeword_tmp[J]	polynomial2_i[2]	bmu_inst_63.low_codeword_tmp[1]$_DFFE_PN0P_/D
31	0.7411	bmu_inst_I.bm_r[J]	acs_inst_I.pm_r[J]	bmu_inst_63.bm_r[0]$_DFF_PN0_/Q	acs_inst_21.pm_r[1]$_DFF_PN0_/D
32	0.7482	rst_sync_i	acs_inst_I.survivor_path_r	rst_sync_i	acs_inst_33.survivor_path_r$_DFF_PN0_/D
33	0.7644	rst_sync_i	acs_inst_I.pm_r[J]	rst_sync_i	acs_inst_32.pm_r[1]$_DFF_PN0_/D
34	0.7649	rst_sync_i	trellis_idx_r[I]	rst_sync_i	trellis_idx_r[5]$_DFFE_PN0P_/D
35	0.7655	pm_normalize_inst.pm_nom_r[I][J]	acs_inst_I.pm_r[J]	pm_normalize_inst.pm_nom_r[31][1]$_DFFE_PN0P_/Q	acs_inst_47.pm_r[1]$_DFF_PN0_/D
36	0.7836	frame_start_i	fetch_src_cnt_r[I]	frame_start_i	fetch_src_cnt_r[11]$_DFFE_PN0P_/D
37	0.7850	bmu_inst_I.bm_r[J]	acs_inst_I.survivor_path_r	bmu_inst_63.bm_r[0]$_DFF_PN0_/Q	acs_inst_33.survivor_path_r$_DFF_PN0_/D
38	0.8110	rst_sync_i	src_len_counter_r[I]	rst_sync_i	src_len_counter_r[2]$_DFFE_PN0P_/D
39	0.8122	tail_biting_en_i	pm_normalize_inst.pm_nom_r[I][J]	tail_biting_en_i	pm_normalize_inst.pm_nom_r[52][8]$_DFFE_PN0P_/D
40	0.8149	rst_sync_i	dst_addr_r[I]	rst_sync_i	dst_addr_r[4]$_DFFE_PN0P_/D
41	0.8326	pm_normalize_inst.pm_nom_r[I][J]	acs_inst_I.survivor_path_r	pm_normalize_inst.pm_nom_r[31][1]$_DFFE_PN0P_/Q	acs_inst_47.survivor_path_r$_DFF_PN0_/D
42	0.8512	frame_start_i	src_len_counter_r[I]	frame_start_i	src_len_counter_r[2]$_DFFE_PN0P_/D
43	0.8587	rst_sync_i	state_r[I]	rst_sync_i	state_r[0]$_DFF_PN1_/D
44	0.8674	rst_sync_i	tb_len_r[I]	rst_sync_i	tb_len_r[6]$_DFFE_PN0P_/D
45	0.8732	rst_sync_i	tb_wr_addr_r[I]	rst_sync_i	tb_wr_addr_r[1]$_DFFE_PN0P_/D
46	0.8748	rst_sync_i	bmu_inst_I.ready_r	rst_sync_i	bmu_inst_0.ready_r$_DFFE_PN0P_/D
47	0.8789	frame_start_i	src_addr_r[I]	frame_start_i	src_addr_r[7]$_DFFE_PN0P_/D
48	0.8799	infobit_length_i[I]	src_len_counter_r[I]	infobit_length_i[0]	src_len_counter_r[5]$_DFFE_PN0P_/D
49	0.8882	frame_start_i	trellis_idx_r[I]	frame_start_i	trellis_idx_r[5]$_DFFE_PN0P_/D
50	0.8958	rst_sync_i	bmu_inst_I.calc_codeword_en	rst_sync_i	bmu_inst_54.calc_codeword_en$_DFF_PN0_/D
51	0.9145	infobit_length_i[I]	src_addr_r[I]	infobit_length_i[0]	src_addr_r[2]$_DFFE_PN0P_/D
52	0.9158	rst_sync_i	bmu_inst_I.calc_polyn_en	rst_sync_i	bmu_inst_18.calc_polyn_en$_DFF_PN0_/D
53	0.9172	rst_sync_i	last_loop_r	rst_sync_i	last_loop_r$_DFFE_PN0P_/D
54	0.9360	rst_sync_i	acs_inst_I.valid_r	rst_sync_i	acs_inst_0.valid_r$_DFF_PN0_/D
55	0.9410	register_num_i[I]	acs_en_r[I]	register_num_i[1]	acs_en_r[31]$_DFFE_PN0P_/D
56	0.9797	rst_an_i	pm_normalize_inst.pm_nom_r[I][J]	rst_an_i	pm_normalize_inst.pm_nom_r[13][4]$_DFFE_PN0P_/RN
57	0.9820	frame_start_i	state_r[I]	frame_start_i	state_r[0]$_DFF_PN1_/D
58	0.9823	rst_sync_i	frame_done_r	rst_sync_i	frame_done_r$_DFFE_PN0P_/D
59	0.9906	frame_start_i	tb_len_r[I]	frame_start_i	tb_len_r[6]$_DFFE_PN0P_/D
60	0.9912	rst_an_i	bmu_inst_I.low_codeword_tmp[J]	rst_an_i	bmu_inst_39.low_codeword_tmp[1]$_DFFE_PN0P_/RN
61	0.9914	rst_an_i	bmu_inst_I.low_codeword[J]	rst_an_i	bmu_inst_33.low_codeword[2]$_DFFE_PN0P_/RN
62	0.9926	rst_sync_i	byte_idx_r[I]	rst_sync_i	byte_idx_r[0]$_DFF_PN0_/D
63	0.9950	rst_an_i	acs_inst_I.pm_r[J]	rst_an_i	acs_inst_14.pm_r[4]$_DFF_PN0_/RN
64	0.9963	acs_inst_I.valid_r	pm_normalize_inst.pm_nom_r[I][J]	acs_inst_0.valid_r$_DFF_PN0_/Q	pm_normalize_inst.pm_nom_r[50][8]$_DFFE_PN0P_/D
65	0.9964	frame_start_i	tb_wr_addr_r[I]	frame_start_i	tb_wr_addr_r[1]$_DFFE_PN0P_/D
66	0.9974	frame_start_i	byte_idx_r[I]	frame_start_i	byte_idx_r[0]$_DFF_PN0_/D
67	0.9981	frame_start_i	bmu_inst_I.ready_r	frame_start_i	bmu_inst_0.ready_r$_DFFE_PN0P_/D
68	1.0000	rst_sync_i	half_tb_start_r	rst_sync_i	half_tb_start_r$_DFFE_PN0P_/D
69	1.0125	frame_start_i	dst_addr_r[I]	frame_start_i	dst_addr_r[5]$_DFFE_PN0P_/D
70	1.0136	rst_sync_i	traceback_ins.tb_counter_r[I]	rst_sync_i	traceback_ins.tb_counter_r[2]$_DFFE_PN0P_/D
71	1.0140	rst_an_i	bmu_inst_I.bm_r[J]	rst_an_i	bmu_inst_56.bm_r[3]$_DFF_PN0_/RN
72	1.0174	rst_an_i	acs_en_r[I]	rst_an_i	acs_en_r[15]$_DFFE_PN0P_/RN
73	1.0188	rst_sync_i	acs_en_r[I]	rst_sync_i	acs_en_r[31]$_DFFE_PN0P_/D
74	1.0224	rst_sync_i	src_rd_r	rst_sync_i	src_rd_r$_DFFE_PN0P_/D
75	1.0225	rst_sync_i	dst_wr_r	rst_sync_i	dst_wr_r$_DFF_PN0_/D
76	1.0245	rst_an_i	bmu_inst_I.calc_codeword_en	rst_an_i	bmu_inst_54.calc_codeword_en$_DFF_PN0_/RN
77	1.0273	frame_start_i	dst_wr_r	frame_start_i	dst_wr_r$_DFF_PN0_/D
78	1.0284	rst_an_i	acs_inst_I.survivor_path_r	rst_an_i	acs_inst_0.survivor_path_r$_DFF_PN0_/RN
79	1.0337	frame_start_i	src_rd_r	frame_start_i	src_rd_r$_DFFE_PN0P_/D
80	1.0369	rst_an_i	bmu_inst_I.bm_valid_r	rst_an_i	bmu_inst_18.bm_valid_r$_DFF_PN0_/RN
81	1.0405	frame_start_i	last_loop_r	frame_start_i	last_loop_r$_DFFE_PN0P_/D
82	1.0557	rst_an_i	acs_inst_I.valid_r	rst_an_i	acs_inst_0.valid_r$_DFF_PN0_/RN
83	1.0577	rst_sync_i	traceback_ins.tb_addr_r[I]	rst_sync_i	traceback_ins.tb_addr_r[4]$_DFFE_PN0P_/D
84	1.0650	rst_an_i	byte_idx_r[I]	rst_an_i	byte_idx_r[0]$_DFF_PN0_/RN
85	1.0652	rst_an_i	src_len_counter_r[I]	rst_an_i	src_len_counter_r[2]$_DFFE_PN0P_/RN
86	1.0653	rst_an_i	dst_wr_r	rst_an_i	dst_wr_r$_DFF_PN0_/RN
87	1.0663	rst_an_i	dst_addr_r[I]	rst_an_i	dst_addr_r[2]$_DFFE_PN0P_/RN
88	1.0671	rst_an_i	bmu_ready_dI_r	rst_an_i	bmu_ready_d1_r$_DFF_PN1_/SN
89	1.0675	rst_an_i	traceback_ins.tb_counter_r[I]	rst_an_i	traceback_ins.tb_counter_r[2]$_DFFE_PN0P_/RN
90	1.0699	rst_an_i	bmu_inst_I.ready_r	rst_an_i	bmu_inst_0.ready_r$_DFFE_PN0P_/RN
91	1.0713	rst_sync_i	full_tb_start_r	rst_sync_i	full_tb_start_r$_DFFE_PN0P_/D
92	1.0730	rst_sync_i	flush_all_start_r	rst_sync_i	flush_all_start_r$_DFFE_PN0P_/D
93	1.0733	rst_sync_i	first_loop_r	rst_sync_i	first_loop_r$_DFFE_PN0P_/D
94	1.0761	frame_start_i	full_tb_start_r	frame_start_i	full_tb_start_r$_DFFE_PN0P_/D
95	1.0778	frame_start_i	flush_all_start_r	frame_start_i	flush_all_start_r$_DFFE_PN0P_/D
96	1.0781	frame_start_i	first_loop_r	frame_start_i	first_loop_r$_DFFE_PN0P_/D
97	1.0793	frame_start_i	busy_r	frame_start_i	busy_r$_DFFE_PN0P_/D
98	1.0805	rst_sync_i	bmu_ready_dI_r	rst_sync_i	bmu_ready_d1_r$_DFF_PN1_/D
99	1.0866	rst_an_i	bmu_inst_I.calc_polyn_en	rst_an_i	bmu_inst_18.calc_polyn_en$_DFF_PN0_/RN
100	1.0876	rst_sync_i	dst_wr_dI_r	rst_sync_i	dst_wr_d1_r$_DFF_PN0_/D
