# stage	1_synth
# top_module	fpu
# top_n	100
# kind	blocks
# include_full	1
# rank	worst_slack_ns	start	end	start_full	end_full
1	-0.3159	uI.mul_a[J]	uI.sub_pf_hi[J]	u3.mul_a[39]$_SDFFE_PP0P_/Q	u3.sub_pf_hi[24]$_SDFFE_PP0P_/D
2	-0.3145	uI.mul_b[J]	uI.sub_pf_hi[J]	u3.mul_b[17]$_SDFFE_PP0P_/Q	u3.sub_pf_hi[24]$_SDFFE_PP0P_/D
3	-0.2726	uI.mul_a[J]	uI.sub_pg_lo[J]	u3.mul_a[28]$_SDFFE_PP0P_/Q	u3.sub_pg_lo[26]$_SDFFE_PP0P_/D
4	-0.2707	uI.mul_b[J]	uI.sub_pg_lo[J]	u3.mul_b[39]$_SDFFE_PP0P_/Q	u3.sub_pg_lo[26]$_SDFFE_PP0P_/D
5	-0.2467	uI.mul_a[J]	uI.sub_pe_hi[J]	u3.mul_a[39]$_SDFFE_PP0P_/Q	u3.sub_pe_hi[23]$_SDFFE_PP0P_/D
6	-0.2447	uI.mul_b[J]	uI.sub_pe_hi[J]	u3.mul_b[2]$_SDFFE_PP0P_/Q	u3.sub_pe_hi[23]$_SDFFE_PP0P_/D
7	-0.2006	uI.mul_a[J]	uI.sub_pf_lo[J]	u3.mul_a[28]$_SDFFE_PP0P_/Q	u3.sub_pf_lo[24]$_SDFFE_PP0P_/D
8	-0.1986	uI.mul_b[J]	uI.sub_pf_lo[J]	u3.mul_b[25]$_SDFFE_PP0P_/Q	u3.sub_pf_lo[24]$_SDFFE_PP0P_/D
9	-0.1981	uI.mul_a[J]	uI.sub_pe_lo[J]	u3.mul_a[31]$_SDFFE_PP0P_/Q	u3.sub_pe_lo[21]$_SDFFE_PP0P_/D
10	-0.1961	uI.mul_b[J]	uI.sub_pe_lo[J]	u3.mul_b[4]$_SDFFE_PP0P_/Q	u3.sub_pe_lo[21]$_SDFFE_PP0P_/D
11	-0.1903	uI.mul_a[J]	uI.sub_pg_hi[J]	u3.mul_a[36]$_SDFFE_PP0P_/Q	u3.sub_pg_hi[23]$_SDFFE_PP0P_/D
12	-0.1883	uI.mul_b[J]	uI.sub_pg_hi[J]	u3.mul_b[38]$_SDFFE_PP0P_/Q	u3.sub_pg_hi[23]$_SDFFE_PP0P_/D
13	-0.1839	uI.mul_a[J]	uI.sub_pi_hi[J]	u3.mul_a[51]$_SDFFE_PP0P_/Q	u3.sub_pi_hi[22]$_SDFFE_PP0P_/D
14	-0.1786	uI.mul_a[J]	uI.subJ_pa_hl[K]	u3.mul_a[16]$_SDFFE_PP0P_/Q	u3.sub2_pa_hl[22]$_SDFFE_PP0P_/D
15	-0.1773	uI.mul_a[J]	uI.sub_pi_lo[J]	u3.mul_a[45]$_SDFFE_PP0P_/Q	u3.sub_pi_lo[22]$_SDFFE_PP0P_/D
16	-0.1768	uI.mul_b[J]	uI.subJ_pa_hl[K]	u3.mul_b[0]$_SDFFE_PP0P_/Q	u3.sub2_pa_hl[22]$_SDFFE_PP0P_/D
17	-0.1758	uI.mul_b[J]	uI.sub_pi_lo[J]	u3.mul_b[17]$_SDFFE_PP0P_/Q	u3.sub_pi_lo[22]$_SDFFE_PP0P_/D
18	-0.1757	uI.mul_b[J]	uI.sub_pi_hi[J]	u3.mul_b[21]$_SDFFE_PP0P_/Q	u3.sub_pi_hi[22]$_SDFFE_PP0P_/D
19	-0.1740	uI.mul_a[J]	uI.subJ_pb_ll[K]	u3.mul_a[4]$_SDFFE_PP0P_/Q	u3.sub2_pb_ll[22]$_SDFFE_PP0P_/D
20	-0.1733	uI.mul_a[J]	uI.subJ_pa_hh[K]	u3.mul_a[22]$_SDFFE_PP0P_/Q	u3.sub2_pa_hh[22]$_SDFFE_PP0P_/D
21	-0.1727	uI.mul_b[J]	uI.subJ_pc_lh[K]	u3.mul_b[34]$_SDFFE_PP0P_/Q	u3.sub2_pc_lh[22]$_SDFFE_PP0P_/D
22	-0.1727	uI.mul_a[J]	uI.sub_ph_hi[J]	u3.mul_a[51]$_SDFFE_PP0P_/Q	u3.sub_ph_hi[22]$_SDFFE_PP0P_/D
23	-0.1726	uI.mul_a[J]	uI.subJ_pa_lh[K]	u3.mul_a[10]$_SDFFE_PP0P_/Q	u3.sub2_pa_lh[22]$_SDFFE_PP0P_/D
24	-0.1726	uI.mul_a[J]	uI.subJ_pa_ll[K]	u3.mul_a[4]$_SDFFE_PP0P_/Q	u3.sub2_pa_ll[22]$_SDFFE_PP0P_/D
25	-0.1725	uI.mul_b[J]	uI.subJ_pb_ll[K]	u3.mul_b[17]$_SDFFE_PP0P_/Q	u3.sub2_pb_ll[22]$_SDFFE_PP0P_/D
26	-0.1709	uI.mul_b[J]	uI.sub_ph_hi[J]	u3.mul_b[0]$_SDFFE_PP0P_/Q	u3.sub_ph_hi[22]$_SDFFE_PP0P_/D
27	-0.1709	uI.mul_b[J]	uI.subJ_pa_lh[K]	u3.mul_b[0]$_SDFFE_PP0P_/Q	u3.sub2_pa_lh[22]$_SDFFE_PP0P_/D
28	-0.1708	uI.mul_b[J]	uI.subJ_pa_ll[K]	u3.mul_b[0]$_SDFFE_PP0P_/Q	u3.sub2_pa_ll[22]$_SDFFE_PP0P_/D
29	-0.1705	uI.mul_a[J]	uI.subJ_pb_lh[K]	u3.mul_a[7]$_SDFFE_PP0P_/Q	u3.sub2_pb_lh[22]$_SDFFE_PP0P_/D
30	-0.1686	uI.mul_a[J]	uI.subJ_pc_lh[K]	u3.mul_a[9]$_SDFFE_PP0P_/Q	u3.sub2_pc_lh[22]$_SDFFE_PP0P_/D
31	-0.1685	uI.mul_b[J]	uI.subJ_pb_lh[K]	u3.mul_b[21]$_SDFFE_PP0P_/Q	u3.sub2_pb_lh[22]$_SDFFE_PP0P_/D
32	-0.1650	uI.mul_b[J]	uI.subJ_pa_hh[K]	u3.mul_b[4]$_SDFFE_PP0P_/Q	u3.sub2_pa_hh[22]$_SDFFE_PP0P_/D
33	-0.1572	uI.mul_a[J]	uI.subJ_pc_hl[K]	u3.mul_a[13]$_SDFFE_PP0P_/Q	u3.sub2_pc_hl[22]$_SDFFE_PP0P_/D
34	-0.1566	uI.mul_a[J]	uI.subJ_pb_hh[K]	u3.mul_a[22]$_SDFFE_PP0P_/Q	u3.sub2_pb_hh[22]$_SDFFE_PP0P_/D
35	-0.1561	uI.mul_a[J]	uI.sub_pj_hi[J]	u3.mul_a[48]$_SDFFE_PP0P_/Q	u3.sub_pj_hi[23]$_SDFFE_PP0P_/D
36	-0.1559	uI.mul_a[J]	uI.subJ_pb_hl[K]	u3.mul_a[16]$_SDFFE_PP0P_/Q	u3.sub2_pb_hl[21]$_SDFFE_PP0P_/D
37	-0.1552	uI.mul_b[J]	uI.subJ_pc_hl[K]	u3.mul_b[38]$_SDFFE_PP0P_/Q	u3.sub2_pc_hl[22]$_SDFFE_PP0P_/D
38	-0.1551	uI.mul_b[J]	uI.subJ_pb_hh[K]	u3.mul_b[17]$_SDFFE_PP0P_/Q	u3.sub2_pb_hh[22]$_SDFFE_PP0P_/D
39	-0.1545	uI.mul_b[J]	uI.subJ_pb_hl[K]	u3.mul_b[17]$_SDFFE_PP0P_/Q	u3.sub2_pb_hl[21]$_SDFFE_PP0P_/D
40	-0.1541	uI.mul_b[J]	uI.sub_pj_hi[J]	u3.mul_b[38]$_SDFFE_PP0P_/Q	u3.sub_pj_hi[23]$_SDFFE_PP0P_/D
41	-0.1482	uI.mul_a[J]	uI.sub_pj_lo[J]	u3.mul_a[42]$_SDFFE_PP0P_/Q	u3.sub_pj_lo[23]$_SDFFE_PP0P_/D
42	-0.1462	uI.mul_b[J]	uI.sub_pj_lo[J]	u3.mul_b[38]$_SDFFE_PP0P_/Q	u3.sub_pj_lo[23]$_SDFFE_PP0P_/D
43	-0.1440	uI.mul_b[J]	uI.subJ_pc_hh[K]	u3.mul_b[34]$_SDFFE_PP0P_/Q	u3.sub2_pc_hh[22]$_SDFFE_PP0P_/D
44	-0.1405	uI.mul_b[J]	uI.subJ_pc_ll[K]	u3.mul_b[34]$_SDFFE_PP0P_/Q	u3.sub2_pc_ll[22]$_SDFFE_PP0P_/D
45	-0.1399	uI.mul_a[J]	uI.subJ_pc_hh[K]	u3.mul_a[21]$_SDFFE_PP0P_/Q	u3.sub2_pc_hh[22]$_SDFFE_PP0P_/D
46	-0.1374	uI.mul_a[J]	uI.subJ_pc_ll[K]	u3.mul_a[0]$_SDFFE_PP0P_/Q	u3.sub2_pc_ll[22]$_SDFFE_PP0P_/D
47	-0.1252	uI.mul_a[J]	uI.sub_ph_lo[J]	u3.mul_a[42]$_SDFFE_PP0P_/Q	u3.sub_ph_lo[22]$_SDFFE_PP0P_/D
48	-0.1232	uI.mul_b[J]	uI.sub_ph_lo[J]	u3.mul_b[4]$_SDFFE_PP0P_/Q	u3.sub_ph_lo[22]$_SDFFE_PP0P_/D
49	0.1574	uI.exponent_J[K]	uI.product_J[K]	u3.exponent_1[0]$_SDFFE_PP0P_/Q	u3.product_1[2]$_SDFFE_PP0P_/D
50	0.1602	uI.minuend[J]	uI.diff[J]	u2.minuend[6]$_SDFFE_PP0P_/Q	u2.diff[53]$_SDFFE_PP0P_/D
51	0.1762	uI.divisor_b[J]	uI.divisor_shift_J[K]	u4.divisor_b[45]$_SDFFE_PP0P_/Q	u4.divisor_shift_2[5]$_SDFFE_PP0P_/D
52	0.1810	uI.subtra_shift_J[K]	uI.diff[J]	u2.subtra_shift_3[6]$_SDFFE_PP0P_/QN	u2.diff[53]$_SDFFE_PP0P_/D
53	0.1826	uI.dividend_a[J]	uI.dividend_shift_J[K]	u4.dividend_a[51]$_SDFFE_PP0P_/Q	u4.dividend_shift_2[1]$_SDFFE_PP0P_/D
54	0.1856	uI.product_j[J]	uI.sum_J[K]	u3.product_j[0]$_SDFFE_PP0P_/Q	u3.sum_8[30]$_SDFFE_PP0P_/D
55	0.1889	uI.sum_J[K]	uI.sum_J[K]	u3.sum_7[17]$_SDFFE_PP0P_/Q	u3.sum_8[30]$_SDFFE_PP0P_/D
56	0.1901	uI.dividend_reg[J]	uI.dividend_reg[J]	u4.dividend_reg[11]$_SDFFE_PP0P_/Q	u4.dividend_reg[53]$_SDFFE_PP0P_/D
57	0.1925	uI.divisor_reg[J]	uI.dividend_reg[J]	u4.divisor_reg[0]$_SDFFE_PP0P_/Q	u4.dividend_reg[53]$_SDFFE_PP0P_/D
58	0.1939	uI.mul_a[J]	uI.product_d[J]	u3.mul_a[0]$_SDFFE_PP0P_/Q	u3.product_d[23]$_SDFFE_PP0P_/D
59	0.1939	uI.mul_b[J]	uI.product_d[J]	u3.mul_b[52]$_SDFFE_PP0P_/Q	u3.product_d[23]$_SDFFE_PP0P_/D
60	0.1943	uI.small_shift_J[K]	uI.sum[J]	u1.small_shift_3[15]$_SDFFE_PP0P_/Q	u1.sum[43]$_SDFFE_PP0P_/D
61	0.1956	uI.large_add[J]	uI.sum[J]	u1.large_add[15]$_SDFFE_PP0P_/Q	u1.sum[43]$_SDFFE_PP0P_/D
62	0.1973	uI.sub_pb_lo[J]	uI.product_b[J]	u3.sub_pb_lo[12]$_SDFFE_PP0P_/Q	u3.product_b[34]$_SDFFE_PP0P_/D
63	0.1988	uI.sub_pb_hi[J]	uI.product_b[J]	u3.sub_pb_hi[0]$_SDFFE_PP0P_/Q	u3.product_b[34]$_SDFFE_PP0P_/D
64	0.2020	uI.remainder_shift_term[J]	uI.remainder_b[J]	u4.remainder_shift_term[1]$_SDFFE_PP0P_/Q	u4.remainder_b[99]$_SDFFE_PP0P_/D
65	0.2035	uI.product_a[J]	uI.sum_J[K]	u3.product_a[17]$_SDFFE_PP0P_/Q	u3.sum_0[32]$_SDFFE_PP0P_/D
66	0.2050	uI.product_b[J]	uI.sum_J[K]	u3.product_b[0]$_SDFFE_PP0P_/Q	u3.sum_0[32]$_SDFFE_PP0P_/D
67	0.2054	uI.product_g[J]	uI.sum_J[K]	u3.product_g[0]$_SDFFE_PP0P_/Q	u3.sum_7[34]$_SDFFE_PP0P_/D
68	0.2138	uI.product_d[J]	uI.sum_J[K]	u3.product_d[4]$_SDFFE_PP0P_/Q	u3.sum_5[22]$_SDFFE_PP0P_/D
69	0.2203	uI.exponent_large[J]	uI.diff_J[K]	u2.exponent_large[1]$_SDFFE_PP0P_/Q	u2.diff_1[45]$_SDFFE_PP0P_/D
70	0.2232	uI.dividend_reg[J]	uI.remainder_msb	u4.dividend_reg[8]$_SDFFE_PP0P_/Q	u4.remainder_msb$_SDFFE_PP0P_/D
71	0.2266	uI.dividend_reg[J]	uI.quotient[J]	u4.dividend_reg[8]$_SDFFE_PP0P_/Q	u4.quotient[46]$_SDFFE_PP0P_/D
72	0.2278	uI.diff[J]	uI.diff_shift_J[K]	u2.diff[44]$_SDFFE_PP0P_/Q	u2.diff_shift_2[4]$_SDFFE_PP0P_/D
73	0.2297	rst	uI.subJ_pb_lh[K]	rst	u3.sub2_pb_lh[21]$_SDFFE_PP0P_/D
74	0.2297	rst	uI.expon_final_J[K]	rst	u4.expon_final_1[11]$_SDFFE_PP0P_/D
75	0.2297	rst	uI.expon_uf_term_J[K]	rst	u4.expon_uf_term_1[11]$_SDFFE_PP0P_/D
76	0.2299	uI.divisor_reg[J]	uI.remainder_msb	u4.divisor_reg[11]$_SDFFE_PP0P_/Q	u4.remainder_msb$_SDFFE_PP0P_/D
77	0.2313	uI.dividend_shift_J[K]	uI.dividend_a_shifted[J]	u4.dividend_shift_2[1]$_SDFFE_PP0P_/Q	u4.dividend_a_shifted[37]$_SDFFE_PP0P_/D
78	0.2320	uI.divisor_reg[J]	uI.quotient[J]	u4.divisor_reg[11]$_SDFFE_PP0P_/Q	u4.quotient[46]$_SDFFE_PP0P_/D
79	0.2338	uI.product_i[J]	uI.sum_J[K]	u3.product_i[2]$_SDFFE_PP0P_/Q	u3.sum_6[23]$_SDFFE_PP0P_/D
80	0.2347	uI.sub_pc_lo[J]	uI.product_c[J]	u3.sub_pc_lo[12]$_SDFFE_PP0P_/Q	u3.product_c[36]$_SDFFE_PP0P_/D
81	0.2354	rst	uI.dividend_reg[J]	rst	u4.dividend_reg[53]$_SDFFE_PP0P_/D
82	0.2357	uI.product_h[J]	uI.sum_J[K]	u3.product_h[7]$_SDFFE_PP0P_/Q	u3.sum_3[31]$_SDFFE_PP0P_/D
83	0.2362	uI.sub_pc_hi[J]	uI.product_c[J]	u3.sub_pc_hi[0]$_SDFFE_PP0P_/Q	u3.product_c[36]$_SDFFE_PP0P_/D
84	0.2381	rst	uI.sum[J]	rst	u1.sum[44]$_SDFFE_PP0P_/D
85	0.2381	rst	uI.diff[J]	rst	u2.diff[43]$_SDFFE_PP0P_/D
86	0.2381	rst	uI.sub_pg_hi[J]	rst	u3.sub_pg_hi[26]$_SDFFE_PP0P_/D
87	0.2386	rst	uI.mana_gtet_manb	rst	u2.mana_gtet_manb$_SDFFE_PP0P_/D
88	0.2436	rst	uI.opa_QNaN	rst	u6.opa_QNaN$_SDFFE_PP0P_/D
89	0.2436	rst	uI.opa_SNaN	rst	u6.opa_SNaN$_SDFFE_PP0P_/D
90	0.2445	uI.diff_shift_J[K]	uI.diff_J[K]	u2.diff_shift_2[1]$_SDFFE_PP0P_/Q	u2.diff_1[45]$_SDFFE_PP0P_/D
91	0.2463	uI.sub_pg_lo[J]	uI.product_g[J]	u3.sub_pg_lo[9]$_SDFFE_PP0P_/Q	u3.product_g[33]$_SDFFE_PP0P_/D
92	0.2493	uI.diffshift_gt_exponent	uI.diff_J[K]	u2.diffshift_gt_exponent$_SDFFE_PP0P_/Q	u2.diff_1[45]$_SDFFE_PP0P_/D
93	0.2496	uI.sub_pg_hi[J]	uI.product_g[J]	u3.sub_pg_hi[0]$_SDFFE_PP0P_/Q	u3.product_g[33]$_SDFFE_PP0P_/D
94	0.2501	uI.product_f[J]	uI.sum_J[K]	u3.product_f[4]$_SDFFE_PP0P_/Q	u3.sum_4[21]$_SDFFE_PP0P_/D
95	0.2518	rst	exp_addsub[I]	rst	exp_addsub[10]$_SDFF_PP0_/D
96	0.2518	rst	uI.diff_J[K]	rst	u2.diff_2[54]$_SDFFE_PP0P_/D
97	0.2518	rst	uI.expon_shift_a[J]	rst	u4.expon_shift_a[5]$_SDFFE_PP0P_/D
98	0.2518	rst	uI.expon_shift_b[J]	rst	u4.expon_shift_b[5]$_SDFFE_PP0P_/D
99	0.2523	uI.exponent_small[J]	uI.exponent_diff[J]	u2.exponent_small[0]$_SDFFE_PP0P_/Q	u2.exponent_diff[10]$_SDFFE_PP0P_/D
100	0.2540	rst	uI.exponent_out[J]	rst	u4.exponent_out[0]$_SDFF_PP0_/D
