# stage	6_final
# top_module	RsDecodeTop
# top_n	100
# kind	blocks
# include_full	1
# rank	worst_slack_ns	start	end	start_full	end_full
1	0.0004	RsDecodeDelay.RsDecodeDpRam.rRdAddr[I]	RsDecodeDelay.RsDecodeDpRam.q[I]	RsDecodeDelay.RsDecodeDpRam.rRdAddr[0]$_DFF_P_/Q	RsDecodeDelay.RsDecodeDpRam.q[0]$_DFFE_PP_/D
2	0.0064	RsDecodeSyndrome.done	RsDecodePolymul.sumReg_I[J]	RsDecodeSyndrome.done$_DFFE_PN0P_/Q	RsDecodePolymul.sumReg_10[5]$_DFFE_PN0P_/D
3	0.0073	RsDecodeEuclide.qNewReg[I]	RsDecodeEuclide.omegaBkp_I[J]	RsDecodeEuclide.qNewReg[2]$_DFFE_PN0P_/Q	RsDecodeEuclide.omegaBkp_5[3]$_DFFE_PN0P_/D
4	0.0098	RsDecodeEuclide.qNewReg[I]	RsDecodeEuclide.lambdaInner_I[J]	RsDecodeEuclide.qNewReg[2]$_DFFE_PN0P_/Q	RsDecodeEuclide.lambdaInner_13[2]$_DFFE_PN0P_/D
5	0.0128	RsDecodeEuclide.qNewReg[I]	RsDecodeEuclide.omegaInner_I[J]	RsDecodeEuclide.qNewReg[2]$_DFFE_PN0P_/Q	RsDecodeEuclide.omegaInner_5[5]$_DFFE_PN0P_/D
6	0.0193	RsDecodeEuclide.count[I]	RsDecodeEuclide.omegaInner_I[J]	RsDecodeEuclide.count[6]$_DFFE_PN0P_/Q	RsDecodeEuclide.omegaInner_21[2]$_DFFE_PN0P_/D
7	0.0210	DataOutInner[I]	outData[I]	DataOutInner[7]$_DFF_PN0_/Q	outData[7]
8	0.0233	DelayedDataOutInner[I]	delayedData[I]	DelayedDataOutInner[0]$_DFF_PN0_/Q	delayedData[0]
9	0.0272	failRegInner	fail	failRegInner$_DFF_PN0_/Q	fail
10	0.0282	numErrorRegInner[I]	errorNum[I]	numErrorRegInner[0]$_DFF_PN0_/Q	errorNum[0]
11	0.0307	numErasureRegInner[I]	erasureNum[I]	numErasureRegInner[2]$_DFF_PN0_/Q	erasureNum[2]
12	0.0313	OutputValidRegInner	outEnable	OutputValidRegInner$_DFF_PN0_/Q	outEnable
13	0.0318	startRegInner	outStartPls	startRegInner$_DFF_PN0_/Q	outStartPls
14	0.0318	doneRegInner	outDone	doneRegInner$_DFF_PN0_/Q	outDone
15	0.0336	RsDecodeChien.lambdaReg_I[J]	RsDecodeChien.numErrorRegI[J]	RsDecodeChien.lambdaReg_1[7]$_DFFE_PN0P_/Q	RsDecodeChien.numErrorReg2[4]$_DFFE_PN0P_/D
16	0.0346	numShiftedReg[I]	nzOmega_I	numShiftedReg[4]$_DFFE_PN0P_/Q	nzOmega_1$_DFFE_PN0P_/D
17	0.0397	RsDecodeEuclide.count[I]	RsDecodeEuclide.lambdaXorReg_I[J]	RsDecodeEuclide.count[6]$_DFFE_PN0P_/Q	RsDecodeEuclide.lambdaXorReg_18[4]$_DFFE_PN0P_/D
18	0.0424	RsDecodeEuclide.qNewReg[I]	RsDecodeEuclide.lambdaXorReg_I[J]	RsDecodeEuclide.qNewReg[3]$_DFFE_PN0P_/Q	RsDecodeEuclide.lambdaXorReg_8[3]$_DFFE_PN0P_/D
19	0.0431	RsDecodeEuclide.count[I]	RsDecodeEuclide.numShiftedReg[I]	RsDecodeEuclide.count[6]$_DFFE_PN0P_/Q	RsDecodeEuclide.numShiftedReg[3]$_DFFE_PN0P_/D
20	0.0432	RsDecodeEuclide.count[I]	RsDecodeEuclide.omegaBkp_I[J]	RsDecodeEuclide.count[6]$_DFFE_PN0P_/Q	RsDecodeEuclide.omegaBkp_17[5]$_DFFE_PN0P_/D
21	0.0455	RsDecodeSyndrome.done	RsDecodePolymul.epsilonReg_I[J]	RsDecodeSyndrome.done$_DFFE_PN0P_/Q	RsDecodePolymul.epsilonReg_16[0]$_DFFE_PN0P_/D
22	0.0490	RsDecodeEuclide.euclideSteps[I]	RsDecodeEuclide.omegaInner_I[J]	RsDecodeEuclide.euclideSteps[5]$_DFFE_PN0P_/QN	RsDecodeEuclide.omegaInner_21[2]$_DFFE_PN0P_/D
23	0.0491	RsDecodeEuclide.count[I]	RsDecodeEuclide.offset[I]	RsDecodeEuclide.count[6]$_DFFE_PN0P_/Q	RsDecodeEuclide.offset[4]$_DFFE_PN0P_/D
24	0.0537	RsDecodeEuclide.count[I]	RsDecodeEuclide.lambdaInner_I[J]	RsDecodeEuclide.count[6]$_DFFE_PN0P_/Q	RsDecodeEuclide.lambdaInner_4[1]$_DFFE_PN0P_/D
25	0.0579	RsDecodeChien.numeRegI[J]	DataOutInner[I]	RsDecodeChien.numeReg2[3]$_DFFE_PN0P_/Q	DataOutInner[5]$_DFF_PN0_/D
26	0.0586	RsDecodeErasure.epsilonReg_I[J]	RsDecodePolymul.sumReg_I[J]	RsDecodeErasure.epsilonReg_22[6]$_DFFE_PN0P_/Q	RsDecodePolymul.sumReg_5[2]$_DFFE_PN0P_/D
27	0.0595	RsDecodeEuclide.count[I]	RsDecodeEuclide.lambdaBkp_I[J]	RsDecodeEuclide.count[6]$_DFFE_PN0P_/Q	RsDecodeEuclide.lambdaBkp_18[1]$_DFFE_PN0P_/D
28	0.0612	RsDecodePolymul.epsilonReg_I[J]	RsDecodePolymul.sumReg_I[J]	RsDecodePolymul.epsilonReg_22[6]$_DFFE_PN0P_/Q	RsDecodePolymul.sumReg_5[2]$_DFFE_PN0P_/D
29	0.0623	RsDecodeEuclide.omegaInner_I[J]	RsDecodeEuclide.omegaInvReg[I]	RsDecodeEuclide.omegaInner_21[1]$_DFFE_PN0P_/Q	RsDecodeEuclide.omegaInvReg[3]$_DFFE_PN0P_/D
30	0.0694	RsDecodeEuclide.euclideSteps[I]	RsDecodeEuclide.lambdaXorReg_I[J]	RsDecodeEuclide.euclideSteps[5]$_DFFE_PN0P_/QN	RsDecodeEuclide.lambdaXorReg_18[4]$_DFFE_PN0P_/D
31	0.0698	RsDecodeChien.denomEIReg[J]	RsDecodeChien.denomEIInvReg[J]	RsDecodeChien.denomE0Reg[1]$_DFFE_PN0P_/Q	RsDecodeChien.denomE0InvReg[5]$_DFFE_PN0P_/D
32	0.0715	numShiftedReg[I]	omegaShiftedReg_I[J]	numShiftedReg[4]$_DFFE_PN0P_/Q	omegaShiftedReg_1[0]$_DFFE_PN0P_/D
33	0.0715	RsDecodePolymul.count[I]	RsDecodeEuclide.lambdaBkp_I[J]	RsDecodePolymul.count[1]$_DFFE_PN0P_/Q	RsDecodeEuclide.lambdaBkp_18[1]$_DFFE_PN0P_/D
34	0.0722	RsDecodeEuclide.euclideSteps[I]	RsDecodeEuclide.lambdaInner_I[J]	RsDecodeEuclide.euclideSteps[6]$_DFFE_PN0P_/QN	RsDecodeEuclide.lambdaInner_4[1]$_DFFE_PN0P_/D
35	0.0728	RsDecodeEuclide.euclideSteps[I]	RsDecodeEuclide.numShiftedReg[I]	RsDecodeEuclide.euclideSteps[5]$_DFFE_PN0P_/QN	RsDecodeEuclide.numShiftedReg[3]$_DFFE_PN0P_/D
36	0.0729	RsDecodeEuclide.euclideSteps[I]	RsDecodeEuclide.omegaBkp_I[J]	RsDecodeEuclide.euclideSteps[5]$_DFFE_PN0P_/QN	RsDecodeEuclide.omegaBkp_17[5]$_DFFE_PN0P_/D
37	0.0734	RsDecodeEuclide.omegaInner_I[J]	RsDecodeEuclide.omegaInner_I[J]	RsDecodeEuclide.omegaInner_21[2]$_DFFE_PN0P_/Q	RsDecodeEuclide.omegaInner_21[2]$_DFFE_PN0P_/D
38	0.0755	RsDecodePolymul.count[I]	RsDecodeEuclide.lambdaInner_I[J]	RsDecodePolymul.count[1]$_DFFE_PN0P_/Q	RsDecodeEuclide.lambdaInner_14[1]$_DFFE_PN0P_/D
39	0.0780	RsDecodeEuclide.euclideSteps[I]	RsDecodeEuclide.lambdaBkp_I[J]	RsDecodeEuclide.euclideSteps[6]$_DFFE_PN0P_/QN	RsDecodeEuclide.lambdaBkp_18[1]$_DFFE_PN0P_/D
40	0.0788	RsDecodeEuclide.euclideSteps[I]	RsDecodeEuclide.offset[I]	RsDecodeEuclide.euclideSteps[5]$_DFFE_PN0P_/QN	RsDecodeEuclide.offset[4]$_DFFE_PN0P_/D
41	0.0800	RsDecodePolymul.count[I]	RsDecodeEuclide.numShiftedReg[I]	RsDecodePolymul.count[1]$_DFFE_PN0P_/Q	RsDecodeEuclide.numShiftedReg[4]$_DFFE_PN0P_/D
42	0.0903	RsDecodeErasure.powerReg[I]	RsDecodeErasure.epsilonReg_I[J]	RsDecodeErasure.powerReg[6]$_DFFE_PN0P_/Q	RsDecodeErasure.epsilonReg_11[0]$_DFFE_PN0P_/D
43	0.0911	RsDecodeEuclide.omegaInner_I[J]	RsDecodeEuclide.omegaBkp_I[J]	RsDecodeEuclide.omegaInner_21[2]$_DFFE_PN0P_/Q	RsDecodeEuclide.omegaBkp_15[6]$_DFFE_PN0P_/D
44	0.0913	RsDecodeChien.denomEIInvReg[J]	DataOutInner[I]	RsDecodeChien.denomE0InvReg[7]$_DFFE_PN0P_/Q	DataOutInner[5]$_DFF_PN0_/D
45	0.0941	RsDecodeEuclide.omegaInner_I[J]	RsDecodeEuclide.numShiftedReg[I]	RsDecodeEuclide.omegaInner_21[2]$_DFFE_PN0P_/Q	RsDecodeEuclide.numShiftedReg[3]$_DFFE_PN0P_/D
46	0.0958	RsDecodePolymul.count[I]	RsDecodeEuclide.omegaInner_I[J]	RsDecodePolymul.count[1]$_DFFE_PN0P_/Q	RsDecodeEuclide.omegaInner_21[2]$_DFFE_PN0P_/D
47	0.0966	degreeEpsilonReg[I]	RsDecodeEuclide.omegaInner_I[J]	degreeEpsilonReg[3]$_DFFE_PN0P_/Q	RsDecodeEuclide.omegaInner_21[2]$_DFFE_PN0P_/D
48	0.0977	RsDecodeEuclide.omegaInner_I[J]	RsDecodeEuclide.offset[I]	RsDecodeEuclide.omegaInner_21[2]$_DFFE_PN0P_/Q	RsDecodeEuclide.offset[4]$_DFFE_PN0P_/D
49	0.0978	RsDecodeEuclide.omegaInner_I[J]	RsDecodeEuclide.lambdaXorReg_I[J]	RsDecodeEuclide.omegaInner_21[2]$_DFFE_PN0P_/Q	RsDecodeEuclide.lambdaXorReg_7[4]$_DFFE_PN0P_/D
50	0.0988	degreeEpsilonReg[I]	RsDecodeEuclide.lambdaBkp_I[J]	degreeEpsilonReg[3]$_DFFE_PN0P_/Q	RsDecodeEuclide.lambdaBkp_3[6]$_DFFE_PN0P_/D
51	0.1037	RsDecodeEuclide.lambdaInner_I[J]	RsDecodeEuclide.lambdaInner_I[J]	RsDecodeEuclide.lambdaInner_14[6]$_DFFE_PN0P_/Q	RsDecodeEuclide.lambdaInner_14[4]$_DFFE_PN0P_/D
52	0.1041	degreeEpsilonReg[I]	RsDecodeEuclide.lambdaInner_I[J]	degreeEpsilonReg[3]$_DFFE_PN0P_/Q	RsDecodeEuclide.lambdaInner_3[1]$_DFFE_PN0P_/D
53	0.1069	RsDecodePolymul.count[I]	RsDecodeEuclide.omegaBkp_I[J]	RsDecodePolymul.count[1]$_DFFE_PN0P_/Q	RsDecodeEuclide.omegaBkp_10[2]$_DFFE_PN0P_/D
54	0.1107	RsDecodePolymul.count[I]	epsilonRegI_J[K]	RsDecodePolymul.count[1]$_DFFE_PN0P_/Q	epsilonReg2_0[2]$_DFFE_PN0P_/D
55	0.1125	RsDecodeEuclide.omegaInner_I[J]	RsDecodeEuclide.lambdaInner_I[J]	RsDecodeEuclide.omegaInner_21[4]$_DFFE_PN0P_/Q	RsDecodeEuclide.lambdaInner_4[1]$_DFFE_PN0P_/D
56	0.1136	RsDecodeEuclide.omegaInner_I[J]	RsDecodeEuclide.lambdaBkp_I[J]	RsDecodeEuclide.omegaInner_21[2]$_DFFE_PN0P_/Q	RsDecodeEuclide.lambdaBkp_3[6]$_DFFE_PN0P_/D
57	0.1170	degreeEpsilonReg[I]	RsDecodeEuclide.lambdaXorReg_I[J]	degreeEpsilonReg[3]$_DFFE_PN0P_/Q	RsDecodeEuclide.lambdaXorReg_18[4]$_DFFE_PN0P_/D
58	0.1174	degreeEpsilonReg[I]	RsDecodeEuclide.omegaBkp_I[J]	degreeEpsilonReg[3]$_DFFE_PN0P_/Q	RsDecodeEuclide.omegaBkp_19[3]$_DFFE_PN0P_/D
59	0.1204	degreeEpsilonReg[I]	RsDecodeEuclide.numShiftedReg[I]	degreeEpsilonReg[3]$_DFFE_PN0P_/Q	RsDecodeEuclide.numShiftedReg[3]$_DFFE_PN0P_/D
60	0.1264	degreeEpsilonReg[I]	RsDecodeEuclide.offset[I]	degreeEpsilonReg[3]$_DFFE_PN0P_/Q	RsDecodeEuclide.offset[4]$_DFFE_PN0P_/D
61	0.1272	RsDecodePolymul.count[I]	RsDecodeEuclide.lambdaXorReg_I[J]	RsDecodePolymul.count[1]$_DFFE_PN0P_/Q	RsDecodeEuclide.lambdaXorReg_18[4]$_DFFE_PN0P_/D
62	0.1356	RsDecodeEuclide.lambdaInner_I[J]	RsDecodeEuclide.lambdaXorReg_I[J]	RsDecodeEuclide.lambdaInner_18[5]$_DFFE_PN0P_/Q	RsDecodeEuclide.lambdaXorReg_18[4]$_DFFE_PN0P_/D
63	0.1366	RsDecodePolymul.count[I]	RsDecodeEuclide.offset[I]	RsDecodePolymul.count[1]$_DFFE_PN0P_/Q	RsDecodeEuclide.offset[4]$_DFFE_PN0P_/D
64	0.1474	RsDecodeErasure.epsilonReg_I[J]	RsDecodeErasure.epsilonReg_I[J]	RsDecodeErasure.epsilonReg_22[7]$_DFFE_PN0P_/Q	RsDecodeErasure.epsilonReg_22[5]$_DFFE_PN0P_/D
65	0.1520	RsDecodeDelay.RsDecodeDpRam.mem[I][J]	RsDecodeDelay.RsDecodeDpRam.q[I]	RsDecodeDelay.RsDecodeDpRam.mem[23][5]$_DFFE_PP_/Q	RsDecodeDelay.RsDecodeDpRam.q[5]$_DFFE_PP_/D
66	0.1564	RsDecodePolymul.count[I]	RsDecodeEuclide.count[I]	RsDecodePolymul.count[1]$_DFFE_PN0P_/Q	RsDecodeEuclide.count[3]$_DFFE_PN0P_/D
67	0.1567	degreeEpsilonRegI[J]	degreeErrorReg	degreeEpsilonReg4[0]$_DFFE_PN0P_/Q	degreeErrorReg$_DFFE_PN0P_/D
68	0.1585	degreeLambdaReg[I]	degreeErrorReg	degreeLambdaReg[0]$_DFFE_PN0P_/Q	degreeErrorReg$_DFFE_PN0P_/D
69	0.1586	RsDecodePolymul.syndromeReg_I[J]	RsDecodePolymul.sumReg_I[J]	RsDecodePolymul.syndromeReg_13[7]$_DFFE_PN0P_/Q	RsDecodePolymul.sumReg_13[7]$_DFFE_PN0P_/D
70	0.1627	RsDecodeEuclide.omegaBkpReg[I]	RsDecodeEuclide.qNewReg[I]	RsDecodeEuclide.omegaBkpReg[5]$_DFFE_PN0P_/Q	RsDecodeEuclide.qNewReg[4]$_DFFE_PN0P_/D
71	0.1631	RsDecodeChien.epsilonOddReg[I]	RsDecodeChien.denomEIReg[J]	RsDecodeChien.epsilonOddReg[7]$_DFFE_PN0P_/Q	RsDecodeChien.denomE1Reg[2]$_DFFE_PN0P_/D
72	0.1632	RsDecodeEuclide.offset[I]	RsDecodeEuclide.omegaInner_I[J]	RsDecodeEuclide.offset[0]$_DFFE_PN0P_/Q	RsDecodeEuclide.omegaInner_21[2]$_DFFE_PN0P_/D
73	0.1657	RsDecodeEuclide.omegaInvReg[I]	RsDecodeEuclide.qNewReg[I]	RsDecodeEuclide.omegaInvReg[4]$_DFFE_PN0P_/Q	RsDecodeEuclide.qNewReg[4]$_DFFE_PN0P_/D
74	0.1665	RsDecodeDelay.writePointer[I]	RsDecodeDelay.RsDecodeDpRam.mem[I][J]	RsDecodeDelay.writePointer[5]$_DFFE_PN0P_/Q	RsDecodeDelay.RsDecodeDpRam.mem[181][7]$_DFFE_PP_/D
75	0.1717	RsDecodeSyndrome.done	RsDecodePolymul.count[I]	RsDecodeSyndrome.done$_DFFE_PN0P_/Q	RsDecodePolymul.count[0]$_DFFE_PN0P_/D
76	0.1793	RsDecodeEuclide.phase[I]	RsDecodeEuclide.omegaInner_I[J]	RsDecodeEuclide.phase[0]$_DFFE_PN0P_/QN	RsDecodeEuclide.omegaInner_21[2]$_DFFE_PN0P_/D
77	0.1842	RsDecodePolymul.count[I]	degreeEpsilonRegI[J]	RsDecodePolymul.count[1]$_DFFE_PN0P_/Q	degreeEpsilonReg2[0]$_DFFE_PN0P_/D
78	0.1848	RsDecodePolymul.count[I]	failErasureRegI	RsDecodePolymul.count[1]$_DFFE_PN0P_/Q	failErasureReg2$_DFFE_PN0P_/D
79	0.1870	RsDecodeEuclide.offset[I]	RsDecodeEuclide.numShiftedReg[I]	RsDecodeEuclide.offset[0]$_DFFE_PN0P_/Q	RsDecodeEuclide.numShiftedReg[3]$_DFFE_PN0P_/D
80	0.1894	doneShiftReg	RsDecodeChien.lambdaReg_I[J]	doneShiftReg$_DFFE_PN0P_/Q	RsDecodeChien.lambdaReg_8[1]$_DFFE_PN0P_/D
81	0.1896	RsDecodeChien.lambdaSumReg[I]	RsDecodeChien.denomEIReg[J]	RsDecodeChien.lambdaSumReg[6]$_DFFE_PN0P_/Q	RsDecodeChien.denomE1Reg[2]$_DFFE_PN0P_/D
82	0.1898	omegaReg_I[J]	nzOmega_I	omegaReg_11[0]$_DFFE_PN0P_/Q	nzOmega_4$_DFFE_PN0P_/D
83	0.1961	RsDecodeChien.epsilonSumReg[I]	RsDecodeChien.denomEIReg[J]	RsDecodeChien.epsilonSumReg[7]$_DFFE_PN0P_/Q	RsDecodeChien.denomE0Reg[4]$_DFFE_PN0P_/D
84	0.1969	RsDecodeEuclide.offset[I]	RsDecodeEuclide.omegaBkp_I[J]	RsDecodeEuclide.offset[0]$_DFFE_PN0P_/Q	RsDecodeEuclide.omegaBkp_19[3]$_DFFE_PN0P_/D
85	0.1974	RsDecodeEuclide.offset[I]	RsDecodeEuclide.lambdaInner_I[J]	RsDecodeEuclide.offset[0]$_DFFE_PN0P_/Q	RsDecodeEuclide.lambdaInner_4[1]$_DFFE_PN0P_/D
86	0.1998	RsDecodeEuclide.phase[I]	RsDecodeEuclide.lambdaXorReg_I[J]	RsDecodeEuclide.phase[0]$_DFFE_PN0P_/QN	RsDecodeEuclide.lambdaXorReg_18[4]$_DFFE_PN0P_/D
87	0.2027	RsDecodeChien.lambdaOddRegI[J]	DataOutInner[I]	RsDecodeChien.lambdaOddReg3[4]$_DFFE_PN0P_/Q	DataOutInner[5]$_DFF_PN0_/D
88	0.2031	RsDecodeChien.lambdaOddReg[I]	RsDecodeChien.denomEIReg[J]	RsDecodeChien.lambdaOddReg[6]$_DFFE_PN0P_/Q	RsDecodeChien.denomE0Reg[0]$_DFFE_PN0P_/D
89	0.2032	RsDecodeEuclide.phase[I]	RsDecodeEuclide.numShiftedReg[I]	RsDecodeEuclide.phase[0]$_DFFE_PN0P_/QN	RsDecodeEuclide.numShiftedReg[3]$_DFFE_PN0P_/D
90	0.2033	RsDecodeEuclide.phase[I]	RsDecodeEuclide.omegaBkp_I[J]	RsDecodeEuclide.phase[0]$_DFFE_PN0P_/QN	RsDecodeEuclide.omegaBkp_17[5]$_DFFE_PN0P_/D
91	0.2041	RsDecodeChien.lambdaEvenRegI[J]	DataOutInner[I]	RsDecodeChien.lambdaEvenReg3[4]$_DFFE_PN0P_/Q	DataOutInner[5]$_DFF_PN0_/D
92	0.2051	RsDecodeEuclide.offset[I]	RsDecodeEuclide.lambdaBkp_I[J]	RsDecodeEuclide.offset[0]$_DFFE_PN0P_/Q	RsDecodeEuclide.lambdaBkp_4[2]$_DFFE_PN0P_/D
93	0.2091	RsDecodeEuclide.phase[I]	RsDecodeEuclide.offset[I]	RsDecodeEuclide.phase[0]$_DFFE_PN0P_/QN	RsDecodeEuclide.offset[4]$_DFFE_PN0P_/D
94	0.2163	doneShiftReg	RsDecodeChien.epsilonReg_I[J]	doneShiftReg$_DFFE_PN0P_/Q	RsDecodeChien.epsilonReg_6[3]$_DFFE_PN0P_/D
95	0.2200	RsDecodeEuclide.phase[I]	RsDecodeEuclide.lambdaInner_I[J]	RsDecodeEuclide.phase[0]$_DFFE_PN0P_/QN	RsDecodeEuclide.lambdaInner_4[1]$_DFFE_PN0P_/D
96	0.2216	RsDecodeEuclide.offset[I]	RsDecodeEuclide.lambdaXorReg_I[J]	RsDecodeEuclide.offset[0]$_DFFE_PN0P_/Q	RsDecodeEuclide.lambdaXorReg_20[3]$_DFFE_PN0P_/D
97	0.2229	RsDecodeEuclide.omegaBkp_I[J]	RsDecodeEuclide.omegaInner_I[J]	RsDecodeEuclide.omegaBkp_19[5]$_DFFE_PN0P_/Q	RsDecodeEuclide.omegaInner_20[5]$_DFFE_PN0P_/D
98	0.2258	RsDecodeEuclide.phase[I]	RsDecodeEuclide.lambdaBkp_I[J]	RsDecodeEuclide.phase[0]$_DFFE_PN0P_/QN	RsDecodeEuclide.lambdaBkp_18[1]$_DFFE_PN0P_/D
99	0.2270	doneShiftReg	degreeLambdaReg[I]	doneShiftReg$_DFFE_PN0P_/Q	degreeLambdaReg[0]$_DFFE_PN0P_/D
100	0.2270	doneShiftReg	RsDecodeChien.omegaReg_I[J]	doneShiftReg$_DFFE_PN0P_/Q	RsDecodeChien.omegaReg_11[6]$_DFFE_PN0P_/D
