# stage	6_final
# top_module	ddr3_controller
# top_n	100
# kind	blocks
# include_full	1
# rank	worst_slack_ns	start	end	start_full	end_full
1	-0.3519	index_wb_data	o_wb_data[I]	index_wb_data$_SDFFE_PP0P_/Q	o_wb_data[62]
2	-0.3117	lane[I]	o_phy_idelay_dqs_cntvaluein[I]	lane[1]$_SDFFE_PP0P_/Q	o_phy_idelay_dqs_cntvaluein[1]
3	-0.3088	lane[I]	o_phy_odelay_dqs_cntvaluein[I]	lane[1]$_SDFFE_PP0P_/Q	o_phy_odelay_dqs_cntvaluein[4]
4	-0.3069	lane[I]	o_phy_odelay_data_cntvaluein[I]	lane[1]$_SDFFE_PP0P_/Q	o_phy_odelay_data_cntvaluein[0]
5	-0.3063	lane[I]	o_phy_idelay_data_cntvaluein[I]	lane[1]$_SDFFE_PP0P_/Q	o_phy_idelay_data_cntvaluein[1]
6	-0.3043	stageI_pending	o_phy_cmd[I]	stage2_pending$_SDFFE_PP0P_/Q	o_phy_cmd[88]
7	-0.2935	stageI_next_bank[J]	o_phy_cmd[I]	stage1_next_bank[2]$_SDFFE_PP0P_/Q	o_phy_cmd[26]
8	-0.2922	stageI_do_act	o_phy_cmd[I]	stage2_do_act$_SDFF_PP0_/Q	o_phy_cmd[13]
9	-0.2863	stageI_do_pre	o_phy_cmd[I]	stage2_do_pre$_SDFF_PP0_/Q	o_phy_cmd[10]
10	-0.2851	stageI_bank[J]	o_phy_cmd[I]	stage2_bank[2]$_SDFF_PP0_/Q	o_phy_cmd[26]
11	-0.2800	stageI_do_wr_or_rd	o_phy_cmd[I]	stage2_do_wr_or_rd$_SDFF_PP0_/Q	o_phy_cmd[64]
12	-0.2776	stageI_do_wr	o_phy_cmd[I]	stage2_do_wr$_SDFF_PP0_/Q	o_phy_cmd[64]
13	-0.2724	stageI_do_rd	o_phy_cmd[I]	stage2_do_rd$_SDFF_PP0_/Q	o_phy_cmd[64]
14	-0.2503	index_wb_data	reset_from_test	index_wb_data$_SDFFE_PP0P_/Q	reset_from_test$_SDFF_PP0_/D
15	-0.2307	state_calibrate[I]	o_phy_cmd[I]	state_calibrate[3]$_SDFFE_PP0P_/Q	o_phy_cmd[71]
16	-0.2195	stageI_pending	stageI_do_pre	stage2_pending$_SDFFE_PP0P_/Q	stage1_do_pre$_SDFF_PP0_/D
17	-0.2135	stageI_bank[J]	stageI_do_pre	stage2_bank[2]$_SDFF_PP0_/Q	stage1_do_pre$_SDFF_PP0_/D
18	-0.2130	stageI_do_act	stageI_do_pre	stage2_do_act$_SDFF_PP0_/Q	stage1_do_pre$_SDFF_PP0_/D
19	-0.2098	stageI_next_bank[J]	stageI_do_pre	stage1_next_bank[2]$_SDFFE_PP0P_/Q	stage1_do_pre$_SDFF_PP0_/D
20	-0.2073	stageI_pending	stageI_do_wr_or_rd	stage2_pending$_SDFFE_PP0P_/Q	stage2_do_wr_or_rd$_SDFF_PP0_/D
21	-0.2033	lane[I]	state_calibrate[I]	lane[1]$_SDFFE_PP0P_/Q	state_calibrate[1]$_SDFFE_PP0P_/D
22	-0.2014	o_wb_data_q[I][J]	o_wb_data[I]	o_wb_data_q[1][450]$_SDFFE_PP0P_/Q	o_wb_data[450]
23	-0.2007	stageI_do_act	stageI_do_wr_or_rd	stage2_do_act$_SDFF_PP0_/Q	stage2_do_wr_or_rd$_SDFF_PP0_/D
24	-0.2000	stageI_pending	o_wb_stall_int_q	stage2_pending$_SDFFE_PP0P_/Q	o_wb_stall_int_q$_SDFF_PP1_/D
25	-0.1953	stageI_do_pre	stageI_do_pre	stage2_do_pre$_SDFF_PP0_/Q	stage1_do_pre$_SDFF_PP0_/D
26	-0.1935	stageI_do_act	o_wb_stall_int_q	stage2_do_act$_SDFF_PP0_/Q	o_wb_stall_int_q$_SDFF_PP1_/D
27	-0.1927	stageI_next_bank[J]	stageI_do_wr_or_rd	stage1_next_bank[2]$_SDFFE_PP0P_/Q	stage2_do_wr_or_rd$_SDFF_PP0_/D
28	-0.1906	stageI_do_pre	o_wb_stall_int_q	stage2_do_pre$_SDFF_PP0_/Q	o_wb_stall_int_q$_SDFF_PP1_/D
29	-0.1854	stageI_next_bank[J]	o_wb_stall_int_q	stage1_next_bank[2]$_SDFFE_PP0P_/Q	o_wb_stall_int_q$_SDFF_PP1_/D
30	-0.1844	stageI_bank[J]	stageI_do_wr_or_rd	stage2_bank[2]$_SDFF_PP0_/Q	stage2_do_wr_or_rd$_SDFF_PP0_/D
31	-0.1831	stageI_do_pre	stageI_do_wr_or_rd	stage2_do_pre$_SDFF_PP0_/Q	stage2_do_wr_or_rd$_SDFF_PP0_/D
32	-0.1813	lane[I]	data_start_index[I][J]	lane[1]$_SDFFE_PP0P_/Q	data_start_index[3][5]$_SDFFCE_PN0P_/D
33	-0.1799	stageI_bank[J]	o_wb_stall_int_q	stage2_bank[2]$_SDFF_PP0_/Q	o_wb_stall_int_q$_SDFF_PP1_/D
34	-0.1791	idelay_dqs_cntvaluein[I][J]	o_phy_idelay_dqs_cntvaluein[I]	idelay_dqs_cntvaluein[3][0]$_SDFFCE_PN0P_/Q	o_phy_idelay_dqs_cntvaluein[0]
35	-0.1779	lane[I]	write_pattern_lane[I]	lane[1]$_SDFFE_PP0P_/Q	write_pattern_lane[21]$_SDFF_PP0_/D
36	-0.1759	stageI_anticipate_row[J]	o_phy_cmd[I]	stage1_anticipate_row[5]$_SDFF_PP0_/Q	o_phy_cmd[29]
37	-0.1751	odelay_dqs_cntvaluein[I][J]	o_phy_odelay_dqs_cntvaluein[I]	odelay_dqs_cntvaluein[2][0]$_SDFFCE_PN0P_/Q	o_phy_odelay_dqs_cntvaluein[0]
38	-0.1746	odelay_data_cntvaluein[I][J]	o_phy_odelay_data_cntvaluein[I]	odelay_data_cntvaluein[5][0]$_SDFFCE_PN0P_/Q	o_phy_odelay_data_cntvaluein[0]
39	-0.1737	idelay_data_cntvaluein[I][J]	o_phy_idelay_data_cntvaluein[I]	idelay_data_cntvaluein[6][1]$_SDFFCE_PN0P_/Q	o_phy_idelay_data_cntvaluein[1]
40	-0.1527	final_calibration_done	o_wb_ack	final_calibration_done$_SDFFE_PP0P_/Q	o_wb_ack
41	-0.1447	read_lane_data_shifted[I]	data_start_index[I][J]	read_lane_data_shifted[6]$_SDFF_PP0_/Q	data_start_index[3][5]$_SDFFCE_PN0P_/D
42	-0.1403	delay_before_read_data[I]	o_phy_cmd[I]	delay_before_read_data[1]$_SDFF_PP0_/QN	o_phy_cmd[71]
43	-0.1291	stageI_bank[J]	stageI_do_update_delay_before_write_after_act	stage2_bank[2]$_SDFF_PP0_/Q	stage2_do_update_delay_before_write_after_act$_SDFF_PP0_/D
44	-0.1269	o_wb_stall_int_q	o_wb_stall	o_wb_stall_int_q$_SDFF_PP1_/Q	o_wb_stall
45	-0.1247	stageI_bank[J]	stageI_do_wr	stage2_bank[2]$_SDFF_PP0_/Q	stage2_do_wr$_SDFF_PP0_/D
46	-0.1234	stageI_do_wr_or_rd	stageI_do_pre	stage2_do_wr_or_rd$_SDFF_PP0_/Q	stage2_do_pre$_SDFF_PP0_/D
47	-0.1210	stageI_do_wr	stageI_do_pre	stage2_do_wr$_SDFF_PP0_/Q	stage2_do_pre$_SDFF_PP0_/D
48	-0.1205	lane[I]	start_index_check[I]	lane[1]$_SDFFE_PP0P_/Q	start_index_check[5]$_SDFFCE_PN0P_/D
49	-0.1204	stageI_do_wr_or_rd	stageI_do_wr_or_rd	stage2_do_wr_or_rd$_SDFF_PP0_/Q	stage2_do_wr_or_rd$_SDFF_PP0_/D
50	-0.1203	sync_rst_controller	o_phy_reset	sync_rst_controller$_DFF_P_/Q	o_phy_reset
51	-0.1197	instruction[I]	o_phy_cmd[I]	instruction[0]$_SDFFE_PP1P_/Q	o_phy_cmd[24]
52	-0.1180	stageI_do_wr	stageI_do_wr_or_rd	stage2_do_wr$_SDFF_PP0_/Q	stage2_do_wr_or_rd$_SDFF_PP0_/D
53	-0.1159	stageI_do_rd	stageI_do_pre	stage2_do_rd$_SDFF_PP0_/Q	stage2_do_pre$_SDFF_PP0_/D
54	-0.1148	final_calibration_done	o_calib_complete	final_calibration_done$_SDFFE_PP0P_/Q	o_calib_complete
55	-0.1128	stageI_do_rd	stageI_do_wr_or_rd	stage2_do_rd$_SDFF_PP0_/Q	stage2_do_wr_or_rd$_SDFF_PP0_/D
56	-0.1114	stageI_row[J]	o_phy_cmd[I]	stage2_row[4]$_SDFF_PP0_/Q	o_phy_cmd[28]
57	-0.1019	data_start_index[I][J]	state_calibrate[I]	data_start_index[4][0]$_SDFFCE_PN0P_/Q	state_calibrate[1]$_SDFFE_PP0P_/D
58	-0.0992	read_lane_data_shifted[I]	state_calibrate[I]	read_lane_data_shifted[6]$_SDFF_PP0_/Q	state_calibrate[3]$_SDFFE_PP0P_/D
59	-0.0963	stageI_pending	stageI_do_update_delay_before_write_after_act	stage2_pending$_SDFFE_PP0P_/Q	stage2_do_update_delay_before_write_after_act$_SDFF_PP0_/D
60	-0.0919	stageI_pending	stageI_do_wr	stage2_pending$_SDFFE_PP0P_/Q	stage2_do_wr$_SDFF_PP0_/D
61	-0.0918	stageI_bank[J]	delay_before_read_counter_q[I][J]	stage2_bank[2]$_SDFF_PP0_/Q	delay_before_read_counter_q[2][0]$_SDFF_PP0_/D
62	-0.0917	write_pattern[I]	data_start_index[I][J]	write_pattern[0]$_SDFFE_PP0P_/Q	data_start_index[3][5]$_SDFFCE_PN0P_/D
63	-0.0906	stageI_bank[J]	stageI_do_rd	stage2_bank[2]$_SDFF_PP0_/Q	stage2_do_rd$_SDFF_PP0_/D
64	-0.0901	state_calibrate[I]	o_debugI[J]	state_calibrate[4]$_SDFFE_PP0P_/Q	o_debug1[4]
65	-0.0898	stageI_pending	stageI_do_rd	stage2_pending$_SDFFE_PP0P_/Q	stage2_do_rd$_SDFF_PP0_/D
66	-0.0895	data_start_index[I][J]	write_pattern_lane[I]	data_start_index[4][0]$_SDFFCE_PN0P_/Q	write_pattern_lane[21]$_SDFF_PP0_/D
67	-0.0882	o_wb_data_q[I][J]	reset_from_test	o_wb_data_q[0][303]$_SDFFE_PP0P_/Q	reset_from_test$_SDFF_PP0_/D
68	-0.0877	stageI_pending	stageI_do_update_delay_before_precharge_after_wr	stage2_pending$_SDFFE_PP0P_/Q	stage2_do_update_delay_before_precharge_after_wr$_SDFF_PP0_/D
69	-0.0876	o_wb_ack_read_q[I][J]	o_wb_ack	o_wb_ack_read_q[0][0]$_SDFF_PP0_/Q	o_wb_ack
70	-0.0856	lane[I]	dqs_bitslip_arrangement[I]	lane[1]$_SDFFE_PP0P_/Q	dqs_bitslip_arrangement[7]$_SDFFE_PP0P_/D
71	-0.0812	stageI_bank[J]	stageI_do_update_delay_before_read_after_act	stage2_bank[2]$_SDFF_PP0_/Q	stage2_do_update_delay_before_read_after_act$_SDFF_PP0_/D
72	-0.0812	stageI_do_act	stageI_do_update_delay_before_precharge_after_wr	stage2_do_act$_SDFF_PP0_/Q	stage2_do_update_delay_before_precharge_after_wr$_SDFF_PP0_/D
73	-0.0804	stageI_pending	stageI_do_update_delay_before_read_after_act	stage2_pending$_SDFFE_PP0P_/Q	stage2_do_update_delay_before_read_after_act$_SDFF_PP0_/D
74	-0.0802	stageI_pending	delay_before_read_counter_q[I][J]	stage2_pending$_SDFFE_PP0P_/Q	delay_before_read_counter_q[2][0]$_SDFF_PP0_/D
75	-0.0799	data_start_index[I][J]	data_start_index[I][J]	data_start_index[4][0]$_SDFFCE_PN0P_/Q	data_start_index[3][5]$_SDFFCE_PN0P_/D
76	-0.0777	lane[I]	lane[I]	lane[1]$_SDFFE_PP0P_/Q	lane[2]$_SDFFE_PP0P_/D
77	-0.0774	stageI_bank[J]	stageI_do_act	stage2_bank[2]$_SDFF_PP0_/Q	stage2_do_act$_SDFF_PP0_/D
78	-0.0769	stageI_do_pre	stageI_do_update_delay_before_precharge_after_wr	stage2_do_pre$_SDFF_PP0_/Q	stage2_do_update_delay_before_precharge_after_wr$_SDFF_PP0_/D
79	-0.0763	lane[I]	sample_clk_repeat[I]	lane[1]$_SDFFE_PP0P_/Q	sample_clk_repeat[3]$_SDFFCE_PP0P_/D
80	-0.0761	stageI_do_act	stageI_data_unaligned[J]	stage2_do_act$_SDFF_PP0_/Q	stage2_data_unaligned[412]$_SDFFE_PP0P_/D
81	-0.0751	stageI_do_pre	stageI_data_unaligned[J]	stage2_do_pre$_SDFF_PP0_/Q	stage2_data_unaligned[412]$_SDFFE_PP0P_/D
82	-0.0734	lane[I]	dqs_start_index_repeat	lane[1]$_SDFFE_PP0P_/Q	dqs_start_index_repeat$_SDFFE_PP0P_/D
83	-0.0703	dqs_start_index[I]	state_calibrate[I]	dqs_start_index[1]$_SDFFE_PP0P_/Q	state_calibrate[0]$_SDFFE_PP0P_/D
84	-0.0699	dqs_start_index[I]	dqs_start_index[I]	dqs_start_index[1]$_SDFFE_PP0P_/Q	dqs_start_index[5]$_SDFFE_PP0P_/D
85	-0.0689	lane[I]	dqs_start_index_stored[I]	lane[1]$_SDFFE_PP0P_/Q	dqs_start_index_stored[5]$_SDFFE_PP0P_/D
86	-0.0682	data_start_index[I][J]	unaligned_data[I][J]	data_start_index[1][0]$_SDFFCE_PN0P_/Q	unaligned_data[1][62]$_SDFF_PP0_/D
87	-0.0681	lane[I]	stored_write_level_feedback	lane[1]$_SDFFE_PP0P_/Q	stored_write_level_feedback$_SDFFCE_PN0P_/D
88	-0.0673	lane[I]	initial_dqs	lane[1]$_SDFFE_PP0P_/Q	initial_dqs$_SDFFE_PP1P_/D
89	-0.0669	stageI_do_act	stageI_do_update_delay_before_write_after_act	stage2_do_act$_SDFF_PP0_/Q	stage2_do_update_delay_before_write_after_act$_SDFF_PP0_/D
90	-0.0660	stageI_next_bank[J]	stageI_do_update_delay_before_precharge_after_wr	stage1_next_bank[2]$_SDFFE_PP0P_/Q	stage2_do_update_delay_before_precharge_after_wr$_SDFF_PP0_/D
91	-0.0659	stageI_do_pre	stageI_do_update_delay_before_write_after_act	stage2_do_pre$_SDFF_PP0_/Q	stage2_do_update_delay_before_write_after_act$_SDFF_PP0_/D
92	-0.0657	lane[I]	idelay_dqs_cntvaluein[I][J]	lane[1]$_SDFFE_PP0P_/Q	idelay_dqs_cntvaluein[2][0]$_SDFFCE_PN0P_/D
93	-0.0650	stageI_pending	stageI_do_update_delay_before_precharge_after_rd	stage2_pending$_SDFFE_PP0P_/Q	stage2_do_update_delay_before_precharge_after_rd$_SDFF_PP0_/D
94	-0.0645	lane[I]	idelay_data_cntvaluein[I][J]	lane[1]$_SDFFE_PP0P_/Q	idelay_data_cntvaluein[3][2]$_SDFFCE_PN0P_/D
95	-0.0640	stageI_bank[J]	delay_before_write_counter_q[I][J]	stage2_bank[2]$_SDFF_PP0_/Q	delay_before_write_counter_q[2][1]$_SDFF_PP0_/D
96	-0.0640	read_lane_data_shifted[I]	dqs_bitslip_arrangement[I]	read_lane_data_shifted[6]$_SDFF_PP0_/Q	dqs_bitslip_arrangement[2]$_SDFFE_PP0P_/D
97	-0.0638	dqs_start_index[I]	delay_before_read_data[I]	dqs_start_index[1]$_SDFFE_PP0P_/Q	delay_before_read_data[2]$_SDFF_PP0_/D
98	-0.0635	delay_counter_is_zero	o_phy_cmd[I]	delay_counter_is_zero$_SDFF_PP0_/QN	o_phy_cmd[45]
99	-0.0629	force_o_wb_stall_high_q	o_wb_stall	force_o_wb_stall_high_q$_SDFF_PP0_/Q	o_wb_stall
100	-0.0627	lane[I]	odelay_data_cntvaluein[I][J]	lane[1]$_SDFFE_PP0P_/Q	odelay_data_cntvaluein[3][0]$_SDFFCE_PN0P_/D
