# stage	1_synth
# top_module	fpu
# top_n	100
# kind	blocks
# include_full	1
# rank	worst_slack_ns	start	end	start_full	end_full
1	-0.6177	uI.mul_a[J]	uI.product_e[J]	u3.mul_a[31]$_SDFFE_PP0P_/Q	u3.product_e[33]$_SDFFE_PP0P_/D
2	-0.6159	uI.mul_b[J]	uI.product_e[J]	u3.mul_b[6]$_SDFFE_PP0P_/Q	u3.product_e[33]$_SDFFE_PP0P_/D
3	-0.5565	uI.mul_a[J]	uI.product_g[J]	u3.mul_a[39]$_SDFFE_PP0P_/Q	u3.product_g[33]$_SDFFE_PP0P_/D
4	-0.5546	uI.mul_a[J]	uI.product_f[J]	u3.mul_a[27]$_SDFFE_PP0P_/Q	u3.product_f[33]$_SDFFE_PP0P_/D
5	-0.5527	uI.mul_b[J]	uI.product_f[J]	u3.mul_b[32]$_SDFFE_PP0P_/Q	u3.product_f[33]$_SDFFE_PP0P_/D
6	-0.5483	uI.mul_b[J]	uI.product_g[J]	u3.mul_b[40]$_SDFFE_PP0P_/Q	u3.product_g[33]$_SDFFE_PP0P_/D
7	-0.3958	uI.mul_a[J]	uI.product_i[J]	u3.mul_a[45]$_SDFFE_PP0P_/Q	u3.product_i[27]$_SDFFE_PP0P_/D
8	-0.3938	uI.mul_b[J]	uI.product_i[J]	u3.mul_b[19]$_SDFFE_PP0P_/Q	u3.product_i[27]$_SDFFE_PP0P_/D
9	-0.3889	uI.mul_a[J]	uI.product_j[J]	u3.mul_a[45]$_SDFFE_PP0P_/Q	u3.product_j[29]$_SDFFE_PP0P_/D
10	-0.3884	uI.mul_a[J]	uI.sub_pc_lo[J]	u3.mul_a[7]$_SDFFE_PP0P_/Q	u3.sub_pc_lo[28]$_SDFFE_PP0P_/D
11	-0.3869	uI.mul_b[J]	uI.product_j[J]	u3.mul_b[40]$_SDFFE_PP0P_/Q	u3.product_j[29]$_SDFFE_PP0P_/D
12	-0.3865	uI.mul_b[J]	uI.sub_pc_lo[J]	u3.mul_b[39]$_SDFFE_PP0P_/Q	u3.sub_pc_lo[28]$_SDFFE_PP0P_/D
13	-0.3842	uI.mul_a[J]	uI.sub_pb_hi[J]	u3.mul_a[22]$_SDFFE_PP0P_/Q	u3.sub_pb_hi[27]$_SDFFE_PP0P_/D
14	-0.3822	uI.mul_b[J]	uI.sub_pb_hi[J]	u3.mul_b[19]$_SDFFE_PP0P_/Q	u3.sub_pb_hi[27]$_SDFFE_PP0P_/D
15	-0.3790	uI.mul_a[J]	uI.sub_pb_lo[J]	u3.mul_a[10]$_SDFFE_PP0P_/Q	u3.sub_pb_lo[28]$_SDFFE_PP0P_/D
16	-0.3708	uI.mul_b[J]	uI.sub_pb_lo[J]	u3.mul_b[23]$_SDFFE_PP0P_/Q	u3.sub_pb_lo[28]$_SDFFE_PP0P_/D
17	-0.3505	uI.mul_a[J]	uI.sub_pa_hi[J]	u3.mul_a[21]$_SDFFE_PP0P_/Q	u3.sub_pa_hi[27]$_SDFFE_PP0P_/D
18	-0.3478	uI.mul_b[J]	uI.sub_pa_hi[J]	u3.mul_b[5]$_SDFFE_PP0P_/Q	u3.sub_pa_hi[27]$_SDFFE_PP0P_/D
19	-0.3338	uI.mul_a[J]	uI.sub_pa_lo[J]	u3.mul_a[4]$_SDFFE_PP0P_/Q	u3.sub_pa_lo[26]$_SDFFE_PP0P_/D
20	-0.3319	uI.mul_b[J]	uI.sub_pa_lo[J]	u3.mul_b[6]$_SDFFE_PP0P_/Q	u3.sub_pa_lo[26]$_SDFFE_PP0P_/D
21	-0.3214	uI.mul_a[J]	uI.sub_pc_hi[J]	u3.mul_a[16]$_SDFFE_PP0P_/Q	u3.sub_pc_hi[27]$_SDFFE_PP0P_/D
22	-0.3194	uI.mul_b[J]	uI.sub_pc_hi[J]	u3.mul_b[40]$_SDFFE_PP0P_/Q	u3.sub_pc_hi[27]$_SDFFE_PP0P_/D
23	-0.2934	uI.mul_a[J]	uI.product_h[J]	u3.mul_a[45]$_SDFFE_PP0P_/Q	u3.product_h[27]$_SDFFE_PP0P_/D
24	-0.2914	uI.mul_b[J]	uI.product_h[J]	u3.mul_b[4]$_SDFFE_PP0P_/Q	u3.product_h[27]$_SDFFE_PP0P_/D
25	0.1054	uI.product_c[J]	uI.sum_J[K]	u3.product_c[0]$_SDFFE_PP0P_/Q	u3.sum_2[34]$_SDFFE_PP0P_/D
26	0.1086	uI.sum_J[K]	uI.sum_J[K]	u3.sum_1[10]$_SDFFE_PP0P_/Q	u3.sum_2[34]$_SDFFE_PP0P_/D
27	0.1477	uI.exponent_under[J]	uI.product_J[K]	u3.exponent_under[1]$_SDFFE_PP0P_/Q	u3.product_1[20]$_SDFFE_PP0P_/D
28	0.1522	uI.diff[J]	uI.diff_shift_J[K]	u2.diff[46]$_SDFFE_PP0P_/Q	u2.diff_shift_2[4]$_SDFFE_PP0P_/D
29	0.1656	uI.dividend_reg[J]	uI.dividend_reg[J]	u4.dividend_reg[31]$_SDFFE_PP0P_/Q	u4.dividend_reg[35]$_SDFFE_PP0P_/D
30	0.1732	uI.dividend_a[J]	uI.dividend_shift_J[K]	u4.dividend_a[42]$_SDFFE_PP0P_/Q	u4.dividend_shift_2[3]$_SDFFE_PP0P_/D
31	0.1750	uI.divisor_b[J]	uI.divisor_shift_J[K]	u4.divisor_b[50]$_SDFFE_PP0P_/Q	u4.divisor_shift_2[2]$_SDFFE_PP0P_/D
32	0.1799	uI.minuend[J]	uI.diff[J]	u2.minuend[2]$_SDFFE_PP0P_/Q	u2.diff[48]$_SDFFE_PP0P_/D
33	0.1829	uI.divisor_reg[J]	uI.dividend_reg[J]	u4.divisor_reg[32]$_SDFFE_PP0P_/Q	u4.dividend_reg[35]$_SDFFE_PP0P_/D
34	0.1901	uI.exponent_J[K]	uI.product_J[K]	u3.exponent_2[1]$_SDFFE_PP0P_/Q	u3.product_4[73]$_SDFFE_PP0P_/D
35	0.1935	rst	uI.small_shift[J]	rst	u1.small_shift[10]$_SDFFE_PP0P_/D
36	0.1947	uI.small_shift_J[K]	uI.sum[J]	u1.small_shift_3[16]$_SDFFE_PP0P_/Q	u1.sum[39]$_SDFFE_PP0P_/D
37	0.1960	uI.large_add[J]	uI.sum[J]	u1.large_add[16]$_SDFFE_PP0P_/Q	u1.sum[39]$_SDFFE_PP0P_/D
38	0.1978	rst	uI.dividend_reg[J]	rst	u4.dividend_reg[34]$_SDFFE_PP0P_/D
39	0.1982	rst	uI.sum[J]	rst	u1.sum[52]$_SDFFE_PP0P_/D
40	0.1982	rst	uI.diff[J]	rst	u2.diff[33]$_SDFFE_PP0P_/D
41	0.2007	uI.subtra_shift_J[K]	uI.diff[J]	u2.subtra_shift_3[2]$_SDFFE_PP0P_/QN	u2.diff[48]$_SDFFE_PP0P_/D
42	0.2019	uI.mul_a[J]	uI.product_d[J]	u3.mul_a[0]$_SDFFE_PP0P_/Q	u3.product_d[23]$_SDFFE_PP0P_/D
43	0.2019	uI.mul_b[J]	uI.product_d[J]	u3.mul_b[52]$_SDFFE_PP0P_/Q	u3.product_d[23]$_SDFFE_PP0P_/D
44	0.2020	uI.remainder_shift_term[J]	uI.remainder_b[J]	u4.remainder_shift_term[1]$_SDFFE_PP0P_/Q	u4.remainder_b[99]$_SDFFE_PP0P_/D
45	0.2033	mantissa_round[I]	uI.sum_round[J]	mantissa_round[5]$_SDFF_PN0_/Q	u5.sum_round[51]$_SDFF_PP0_/D
46	0.2042	rst	uI.exponent_diff[J]	rst	u1.exponent_diff[1]$_SDFFE_PP0P_/D
47	0.2074	uI.dividend_reg[J]	uI.quotient[J]	u4.dividend_reg[31]$_SDFFE_PP0P_/Q	u4.quotient[44]$_SDFFE_PP0P_/D
48	0.2092	rst	uI.count_nonzero_reg_J	rst	u4.count_nonzero_reg_2$_SDFF_PP0_/D
49	0.2092	rst	uI.enable_reg_a	rst	u4.enable_reg_a$_SDFF_PP0_/D
50	0.2098	rst	uI.remainder_out[J]	rst	u4.remainder_out[43]$_SDFF_PP0_/D
51	0.2098	rst	uI.count_nonzero_reg	rst	u4.count_nonzero_reg$_SDFF_PP0_/D
52	0.2107	rst	uI.mantissa_large[J]	rst	u1.mantissa_large[29]$_SDFFE_PP0P_/D
53	0.2108	rst	enable_reg_I	rst	enable_reg_2$_SDFF_PP0_/D
54	0.2108	rst	uI.quotient_out[J]	rst	u4.quotient_out[0]$_SDFF_PP0_/D
55	0.2108	uI.product_a[J]	uI.sum_J[K]	u3.product_a[25]$_SDFFE_PP0P_/Q	u3.sum_0[26]$_SDFFE_PP0P_/D
56	0.2110	rst	uI.product_J[K]	rst	u3.product_1[15]$_SDFFE_PP0P_/D
57	0.2117	uI.exponent_small[J]	uI.exponent_diff[J]	u2.exponent_small[0]$_SDFFE_PP0P_/Q	u2.exponent_diff[10]$_SDFFE_PP0P_/D
58	0.2123	rst	uI.diff_J[K]	rst	u2.diff_1[54]$_SDFFE_PP0P_/D
59	0.2130	rst	uI.expa_gt_expb	rst	u1.expa_gt_expb$_SDFFE_PP0P_/D
60	0.2130	rst	uI.large_is_denorm	rst	u1.large_is_denorm$_SDFFE_PP0P_/D
61	0.2130	rst	uI.small_is_denorm	rst	u2.small_is_denorm$_SDFFE_PP0P_/D
62	0.2130	rst	uI.subtra_shift[J]	rst	u2.subtra_shift[54]$_SDFFE_PP0P_/D
63	0.2130	rst	uI.a_is_zero	rst	u3.a_is_zero$_SDFFE_PP0P_/D
64	0.2130	rst	uI.exponent_gt_prodshift	rst	u3.exponent_gt_prodshift$_SDFFE_PP0P_/D
65	0.2130	rst	uI.sign	rst	u3.sign$_SDFFE_PP0P_/D
66	0.2130	rst	uI.sum_J[K]	rst	u3.sum_0[41]$_SDFFE_PP0P_/D
67	0.2130	rst	uI.count_out[J]	rst	u4.count_out[5]$_SDFFE_PP0P_/D
68	0.2130	rst	uI.expon_uf_J	rst	u4.expon_uf_1$_SDFFE_PP0P_/D
69	0.2130	rst	uI.mantissa_J[K]	rst	u4.mantissa_1[51]$_SDFFE_PP0P_/D
70	0.2130	rst	uI.quotient[J]	rst	u4.quotient[53]$_SDFFE_PP0P_/D
71	0.2130	rst	uI.remainder_shift_term[J]	rst	u4.remainder_shift_term[6]$_SDFFE_PP0P_/D
72	0.2130	rst	uI.exponent_round[J]	rst	u5.exponent_round[10]$_SDFF_PP0_/D
73	0.2130	rst	uI.sum_round[J]	rst	u5.sum_round[10]$_SDFF_PP0_/D
74	0.2130	rst	uI.inf_round_down_trigger	rst	u6.inf_round_down_trigger$_SDFFE_PP0P_/D
75	0.2130	rst	uI.out_pos_inf	rst	u6.out_pos_inf$_SDFFE_PP0P_/D
76	0.2130	rst	uI.overflow_trigger	rst	u6.overflow_trigger$_SDFFE_PP0P_/D
77	0.2130	rst	uI.round_to_neg_inf	rst	u6.round_to_neg_inf$_SDFFE_PP0P_/D
78	0.2130	rst	uI.round_to_zero	rst	u6.round_to_zero$_SDFFE_PP0P_/D
79	0.2135	rst	uI.divisor_reg[J]	rst	u4.divisor_reg[17]$_SDFFE_PP0P_/D
80	0.2136	rst	uI.NaN_input	rst	u6.NaN_input$_SDFFE_PP0P_/D
81	0.2136	rst	uI.SNaN_input	rst	u6.SNaN_input$_SDFFE_PP0P_/D
82	0.2136	rst	uI.addsub_inf	rst	u6.addsub_inf$_SDFFE_PP0P_/D
83	0.2136	rst	uI.addsub_inf_invalid	rst	u6.addsub_inf_invalid$_SDFFE_PP0P_/D
84	0.2136	rst	uI.mul_J_by_inf	rst	u6.mul_0_by_inf$_SDFFE_PP0P_/D
85	0.2136	rst	uI.subtract	rst	u6.subtract$_SDFFE_PP0P_/D
86	0.2163	uI.product_b[J]	uI.sum_J[K]	u3.product_b[8]$_SDFFE_PP0P_/Q	u3.sum_0[26]$_SDFFE_PP0P_/D
87	0.2174	rst	uI.divisor_b_shifted[J]	rst	u4.divisor_b_shifted[32]$_SDFFE_PP0P_/D
88	0.2185	rst	uI.remainder_b[J]	rst	u4.remainder_b[76]$_SDFFE_PP0P_/D
89	0.2187	rst	uI.dividend_a_shifted[J]	rst	u4.dividend_a_shifted[32]$_SDFFE_PP0P_/D
90	0.2203	uI.exponent_large[J]	uI.exponent_diff[J]	u2.exponent_large[0]$_SDFFE_PP0P_/QN	u2.exponent_diff[10]$_SDFFE_PP0P_/D
91	0.2210	rst	opa_reg[I]	rst	opa_reg[59]$_SDFFE_PP0P_/D
92	0.2214	uI.product_f[J]	uI.sum_J[K]	u3.product_f[4]$_SDFFE_PP0P_/Q	u3.sum_4[33]$_SDFFE_PP0P_/D
93	0.2215	uI.large_norm_small_denorm	uI.exponent_diff[J]	u2.large_norm_small_denorm$_SDFFE_PP0P_/Q	u2.exponent_diff[10]$_SDFFE_PP0P_/D
94	0.2223	rst	opb_reg[I]	rst	opb_reg[62]$_SDFFE_PP0P_/D
95	0.2223	rst	uI.exponent[J]	rst	u1.exponent[2]$_SDFFE_PP0P_/D
96	0.2223	rst	uI.exponent_J[K]	rst	u1.exponent_2[2]$_SDFFE_PP0P_/D
97	0.2223	rst	uI.small_shift_J[K]	rst	u1.small_shift_3[10]$_SDFFE_PP0P_/D
98	0.2223	rst	uI.mul_a[J]	rst	u3.mul_a[0]$_SDFFE_PP0P_/D
99	0.2223	rst	uI.mul_b[J]	rst	u3.mul_b[0]$_SDFFE_PP0P_/D
100	0.2223	rst	uI.product[J]	rst	u3.product[101]$_SDFFE_PP0P_/D
