# stage	6_final
# top_module	aes
# top_n	100
# kind	blocks
# include_full	1
# rank	worst_slack_ns	start	end	start_full	end_full
1	-0.1855	encdec_reg	core.dec_block.block_wI_reg[J]	encdec_reg$_DFFE_PN0P_/Q	core.dec_block.block_w3_reg[13]$_DFFE_PN0P_/D
2	-0.1839	core.dec_block.sword_ctr_reg[I]	core.dec_block.block_wI_reg[J]	core.dec_block.sword_ctr_reg[0]$_DFFE_PN0P_/Q	core.dec_block.block_w3_reg[25]$_DFFE_PN0P_/D
3	-0.1820	core.keymem.prev_keyI_reg[J]	core.keymem.key_mem[I][J]	core.keymem.prev_key1_reg[16]$_DFFE_PN0P_/Q	core.keymem.key_mem[12][62]$_DFFE_PN0P_/D
4	-0.1763	core.enc_block.round_ctr_reg[I]	core.dec_block.block_wI_reg[J]	core.enc_block.round_ctr_reg[1]$_DFFE_PN0P_/Q	core.dec_block.block_w3_reg[13]$_DFFE_PN0P_/D
5	-0.1751	core.dec_block.round_ctr_reg[I]	core.dec_block.block_wI_reg[J]	core.dec_block.round_ctr_reg[2]$_DFFE_PN0P_/Q	core.dec_block.block_w3_reg[13]$_DFFE_PN0P_/D
6	-0.1670	core.keymem.prev_keyI_reg[J]	core.keymem.prev_keyI_reg[J]	core.keymem.prev_key1_reg[0]$_DFFE_PN0P_/Q	core.keymem.prev_key1_reg[12]$_DFFE_PN0P_/D
7	-0.1642	core.enc_block.sword_ctr_reg[I]	core.enc_block.block_wI_reg[J]	core.enc_block.sword_ctr_reg[1]$_DFFE_PN0P_/Q	core.enc_block.block_w2_reg[23]$_DFFE_PN0P_/D
8	-0.1153	core.dec_block.block_wI_reg[J]	core.dec_block.block_wI_reg[J]	core.dec_block.block_w1_reg[24]$_DFFE_PN0P_/Q	core.dec_block.block_w3_reg[25]$_DFFE_PN0P_/D
9	-0.0851	core.dec_block.dec_ctrl_reg[I]	core.dec_block.block_wI_reg[J]	core.dec_block.dec_ctrl_reg[2]$_DFF_PN0_/Q	core.dec_block.block_w3_reg[8]$_DFFE_PN0P_/D
10	-0.0688	core.enc_block.enc_ctrl_reg[I]	core.enc_block.block_wI_reg[J]	core.enc_block.enc_ctrl_reg[2]$_DFF_PN0_/Q	core.enc_block.block_w2_reg[23]$_DFFE_PN0P_/D
11	-0.0614	core.enc_block.block_wI_reg[J]	core.enc_block.block_wI_reg[J]	core.enc_block.block_w1_reg[17]$_DFFE_PN0P_/Q	core.enc_block.block_w3_reg[16]$_DFFE_PN0P_/D
12	-0.0538	encdec_reg	core.enc_block.block_wI_reg[J]	encdec_reg$_DFFE_PN0P_/Q	core.enc_block.block_w2_reg[12]$_DFFE_PN0P_/D
13	-0.0524	core.enc_block.round_ctr_reg[I]	core.enc_block.block_wI_reg[J]	core.enc_block.round_ctr_reg[3]$_DFFE_PN0P_/Q	core.enc_block.block_w2_reg[12]$_DFFE_PN0P_/D
14	-0.0416	core.dec_block.round_ctr_reg[I]	core.enc_block.block_wI_reg[J]	core.dec_block.round_ctr_reg[2]$_DFFE_PN0P_/Q	core.enc_block.block_w2_reg[12]$_DFFE_PN0P_/D
15	-0.0116	core.keymem.key_mem[I][J]	core.dec_block.block_wI_reg[J]	core.keymem.key_mem[6][22]$_DFFE_PN0P_/Q	core.dec_block.block_w0_reg[20]$_DFFE_PN0P_/D
16	0.0181	encdec_reg	result_reg[I]	encdec_reg$_DFFE_PN0P_/Q	result_reg[74]$_DFF_PN0_/D
17	0.0222	core.keymem.round_ctr_reg[I]	core.keymem.key_mem[I][J]	core.keymem.round_ctr_reg[0]$_DFFE_PN0P_/Q	core.keymem.key_mem[2][13]$_DFFE_PN0P_/D
18	0.0618	core.keymem.round_ctr_reg[I]	core.keymem.prev_keyI_reg[J]	core.keymem.round_ctr_reg[2]$_DFFE_PN0P_/Q	core.keymem.prev_key1_reg[38]$_DFFE_PN0P_/D
19	0.0959	keylen_reg	core.enc_block.block_wI_reg[J]	keylen_reg$_DFFE_PN0P_/QN	core.enc_block.block_w0_reg[11]$_DFFE_PN0P_/D
20	0.1002	encdec_reg	read_data_reg[I]	encdec_reg$_DFFE_PN0P_/Q	read_data_reg[2]$_DFF_PN0_/D
21	0.1092	keylen_reg	core.keymem.key_mem[I][J]	keylen_reg$_DFFE_PN0P_/Q	core.keymem.key_mem[2][13]$_DFFE_PN0P_/D
22	0.1122	core.keymem.round_ctr_reg[I]	core.keymem.rcon_reg[I]	core.keymem.round_ctr_reg[2]$_DFFE_PN0P_/Q	core.keymem.rcon_reg[2]$_DFFE_PN0P_/D
23	0.1250	keylen_reg	core.keymem.prev_keyI_reg[J]	keylen_reg$_DFFE_PN0P_/Q	core.keymem.prev_key1_reg[31]$_DFFE_PN0P_/D
24	0.1372	read_data_reg[I]	read_data[I]	read_data_reg[26]$_DFF_PN0_/Q	read_data[26]
25	0.1727	core.keymem.key_mem[I][J]	core.enc_block.block_wI_reg[J]	core.keymem.key_mem[4][65]$_DFFE_PN0P_/Q	core.enc_block.block_w1_reg[1]$_DFFE_PN0P_/D
26	0.1982	core.keymem.rcon_reg[I]	core.keymem.key_mem[I][J]	core.keymem.rcon_reg[7]$_DFFE_PN0P_/Q	core.keymem.key_mem[3][63]$_DFFE_PN0P_/D
27	0.2108	core.keymem.key_mem_ctrl_reg[I]	core.keymem.key_mem[I][J]	core.keymem.key_mem_ctrl_reg[1]$_DFF_PN0_/Q	core.keymem.key_mem[6][46]$_DFFE_PN0P_/D
28	0.2201	core.keymem.rcon_reg[I]	core.keymem.prev_keyI_reg[J]	core.keymem.rcon_reg[0]$_DFFE_PN0P_/Q	core.keymem.prev_key1_reg[24]$_DFFE_PN0P_/D
29	0.2227	encdec_reg	core.aes_core_ctrl_reg[I]	encdec_reg$_DFFE_PN0P_/Q	core.aes_core_ctrl_reg[2]$_DFF_PN0_/D
30	0.2319	core.keymem.key_mem_ctrl_reg[I]	core.keymem.prev_keyI_reg[J]	core.keymem.key_mem_ctrl_reg[1]$_DFF_PN0_/Q	core.keymem.prev_key1_reg[25]$_DFFE_PN0P_/D
31	0.2403	address[I]	read_data_reg[I]	address[7]	read_data_reg[31]$_DFF_PN0_/D
32	0.2626	address[I]	encdec_reg	address[7]	encdec_reg$_DFFE_PN0P_/D
33	0.2671	we	key_reg[I][J]	we	key_reg[6][17]$_DFFE_PN0P_/D
34	0.2682	encdec_reg	core.dec_block.round_ctr_reg[I]	encdec_reg$_DFFE_PN0P_/Q	core.dec_block.round_ctr_reg[0]$_DFFE_PN0P_/D
35	0.2706	cs	key_reg[I][J]	cs	key_reg[6][17]$_DFFE_PN0P_/D
36	0.2728	address[I]	key_reg[I][J]	address[7]	key_reg[6][17]$_DFFE_PN0P_/D
37	0.2824	encdec_reg	core.ready_reg	encdec_reg$_DFFE_PN0P_/Q	core.ready_reg$_DFFE_PN1P_/D
38	0.2835	address[I]	keylen_reg	address[7]	keylen_reg$_DFFE_PN0P_/D
39	0.2861	keylen_reg	core.keymem.rcon_reg[I]	keylen_reg$_DFFE_PN0P_/Q	core.keymem.rcon_reg[2]$_DFFE_PN0P_/D
40	0.3053	encdec_reg	core.dec_block.ready_reg	encdec_reg$_DFFE_PN0P_/Q	core.dec_block.ready_reg$_DFFE_PN1P_/D
41	0.3071	core.dec_block.dec_ctrl_reg[I]	core.dec_block.round_ctr_reg[I]	core.dec_block.dec_ctrl_reg[1]$_DFF_PN0_/Q	core.dec_block.round_ctr_reg[0]$_DFFE_PN0P_/D
42	0.3072	encdec_reg	core.enc_block.round_ctr_reg[I]	encdec_reg$_DFFE_PN0P_/Q	core.enc_block.round_ctr_reg[2]$_DFFE_PN0P_/D
43	0.3107	we	block_reg[I][J]	we	block_reg[0][14]$_DFFE_PN0P_/D
44	0.3117	core.keymem.key_mem_ctrl_reg[I]	core.keymem.rcon_reg[I]	core.keymem.key_mem_ctrl_reg[1]$_DFF_PN0_/Q	core.keymem.rcon_reg[2]$_DFFE_PN0P_/D
45	0.3129	core.enc_block.round_ctr_reg[I]	core.enc_block.enc_ctrl_reg[I]	core.enc_block.round_ctr_reg[2]$_DFFE_PN0P_/Q	core.enc_block.enc_ctrl_reg[1]$_DFF_PN0_/D
46	0.3142	cs	block_reg[I][J]	cs	block_reg[0][14]$_DFFE_PN0P_/D
47	0.3162	encdec_reg	core.result_valid_reg	encdec_reg$_DFFE_PN0P_/Q	core.result_valid_reg$_DFFE_PN0P_/D
48	0.3257	address[I]	block_reg[I][J]	address[1]	block_reg[3][15]$_DFFE_PN0P_/D
49	0.3275	encdec_reg	core.enc_block.ready_reg	encdec_reg$_DFFE_PN0P_/Q	core.enc_block.ready_reg$_DFFE_PN1P_/D
50	0.3321	keylen_reg	core.keymem.key_mem_ctrl_reg[I]	keylen_reg$_DFFE_PN0P_/Q	core.keymem.key_mem_ctrl_reg[2]$_DFF_PN0_/D
51	0.3386	core.keymem.key_mem_ctrl_reg[I]	core.keymem.round_ctr_reg[I]	core.keymem.key_mem_ctrl_reg[1]$_DFF_PN0_/Q	core.keymem.round_ctr_reg[3]$_DFFE_PN0P_/D
52	0.3429	core.enc_block.round_ctr_reg[I]	core.enc_block.ready_reg	core.enc_block.round_ctr_reg[2]$_DFFE_PN0P_/Q	core.enc_block.ready_reg$_DFFE_PN1P_/D
53	0.3442	core.dec_block.dec_ctrl_reg[I]	core.dec_block.ready_reg	core.dec_block.dec_ctrl_reg[1]$_DFF_PN0_/Q	core.dec_block.ready_reg$_DFFE_PN1P_/D
54	0.3550	address[I]	init_reg	address[7]	init_reg$_DFF_PN0_/D
55	0.3552	address[I]	next_reg	address[7]	next_reg$_DFF_PN0_/D
56	0.3664	encdec_reg	encdec_reg	encdec_reg$_DFFE_PN0P_/Q	encdec_reg$_DFFE_PN0P_/D
57	0.3720	we	encdec_reg	we	encdec_reg$_DFFE_PN0P_/D
58	0.3755	cs	encdec_reg	cs	encdec_reg$_DFFE_PN0P_/D
59	0.3778	core.keymem.key_mem_ctrl_reg[I]	core.keymem.key_mem_ctrl_reg[I]	core.keymem.key_mem_ctrl_reg[1]$_DFF_PN0_/Q	core.keymem.key_mem_ctrl_reg[0]$_DFF_PN1_/D
60	0.3820	core.dec_block.sword_ctr_reg[I]	core.dec_block.round_ctr_reg[I]	core.dec_block.sword_ctr_reg[1]$_DFFE_PN0P_/Q	core.dec_block.round_ctr_reg[2]$_DFFE_PN0P_/D
61	0.3838	block_reg[I][J]	core.dec_block.block_wI_reg[J]	block_reg[2][5]$_DFFE_PN0P_/Q	core.dec_block.block_w1_reg[5]$_DFFE_PN0P_/D
62	0.3929	we	keylen_reg	we	keylen_reg$_DFFE_PN0P_/D
63	0.3964	cs	keylen_reg	cs	keylen_reg$_DFFE_PN0P_/D
64	0.4077	keylen_reg	read_data_reg[I]	keylen_reg$_DFFE_PN0P_/Q	read_data_reg[3]$_DFF_PN0_/D
65	0.4107	core.keymem.round_ctr_reg[I]	core.keymem.key_mem_ctrl_reg[I]	core.keymem.round_ctr_reg[1]$_DFFE_PN0P_/Q	core.keymem.key_mem_ctrl_reg[2]$_DFF_PN0_/D
66	0.4217	key_reg[I][J]	core.keymem.key_mem[I][J]	key_reg[5][27]$_DFFE_PN0P_/Q	core.keymem.key_mem[10][91]$_DFFE_PN0P_/D
67	0.4237	keylen_reg	core.enc_block.enc_ctrl_reg[I]	keylen_reg$_DFFE_PN0P_/QN	core.enc_block.enc_ctrl_reg[1]$_DFF_PN0_/D
68	0.4256	next_reg	core.enc_block.round_ctr_reg[I]	next_reg$_DFF_PN0_/Q	core.enc_block.round_ctr_reg[2]$_DFFE_PN0P_/D
69	0.4288	encdec_reg	core.dec_block.dec_ctrl_reg[I]	encdec_reg$_DFFE_PN0P_/Q	core.dec_block.dec_ctrl_reg[0]$_DFF_PN1_/D
70	0.4338	key_reg[I][J]	core.keymem.prev_keyI_reg[J]	key_reg[3][29]$_DFFE_PN0P_/Q	core.keymem.prev_key1_reg[29]$_DFFE_PN0P_/D
71	0.4351	core.enc_block.round_ctr_reg[I]	core.enc_block.round_ctr_reg[I]	core.enc_block.round_ctr_reg[1]$_DFFE_PN0P_/Q	core.enc_block.round_ctr_reg[3]$_DFFE_PN0P_/D
72	0.4371	encdec_reg	core.enc_block.enc_ctrl_reg[I]	encdec_reg$_DFFE_PN0P_/Q	core.enc_block.enc_ctrl_reg[0]$_DFF_PN1_/D
73	0.4421	reset_n	core.keymem.key_mem[I][J]	reset_n	core.keymem.key_mem[0][107]$_DFFE_PN0P_/RN
74	0.4446	reset_n	result_reg[I]	reset_n	result_reg[12]$_DFF_PN0_/RN
75	0.4456	core.enc_block.ready_reg	core.aes_core_ctrl_reg[I]	core.enc_block.ready_reg$_DFFE_PN1P_/Q	core.aes_core_ctrl_reg[2]$_DFF_PN0_/D
76	0.4460	next_reg	core.enc_block.ready_reg	next_reg$_DFF_PN0_/Q	core.enc_block.ready_reg$_DFFE_PN1P_/D
77	0.4472	reset_n	core.keymem.prev_keyI_reg[J]	reset_n	core.keymem.prev_key1_reg[63]$_DFFE_PN0P_/RN
78	0.4477	reset_n	key_reg[I][J]	reset_n	key_reg[3][24]$_DFFE_PN0P_/RN
79	0.4490	reset_n	core.enc_block.block_wI_reg[J]	reset_n	core.enc_block.block_w2_reg[17]$_DFFE_PN0P_/RN
80	0.4491	next_reg	core.dec_block.round_ctr_reg[I]	next_reg$_DFF_PN0_/Q	core.dec_block.round_ctr_reg[0]$_DFFE_PN0P_/D
81	0.4514	reset_n	block_reg[I][J]	reset_n	block_reg[0][14]$_DFFE_PN0P_/RN
82	0.4521	core.dec_block.round_ctr_reg[I]	core.dec_block.round_ctr_reg[I]	core.dec_block.round_ctr_reg[2]$_DFFE_PN0P_/Q	core.dec_block.round_ctr_reg[3]$_DFFE_PN0P_/D
83	0.4527	reset_n	core.dec_block.block_wI_reg[J]	reset_n	core.dec_block.block_w1_reg[16]$_DFFE_PN0P_/RN
84	0.4536	keylen_reg	core.enc_block.ready_reg	keylen_reg$_DFFE_PN0P_/QN	core.enc_block.ready_reg$_DFFE_PN1P_/D
85	0.4566	result_reg[I]	read_data_reg[I]	result_reg[98]$_DFF_PN0_/Q	read_data_reg[2]$_DFF_PN0_/D
86	0.4582	core.dec_block.round_ctr_reg[I]	core.dec_block.dec_ctrl_reg[I]	core.dec_block.round_ctr_reg[1]$_DFFE_PN0P_/QN	core.dec_block.dec_ctrl_reg[1]$_DFF_PN0_/D
87	0.4592	core.enc_block.sword_ctr_reg[I]	core.enc_block.enc_ctrl_reg[I]	core.enc_block.sword_ctr_reg[1]$_DFFE_PN0P_/Q	core.enc_block.enc_ctrl_reg[0]$_DFF_PN1_/D
88	0.4595	core.dec_block.dec_ctrl_reg[I]	core.dec_block.dec_ctrl_reg[I]	core.dec_block.dec_ctrl_reg[3]$_DFF_PN0_/Q	core.dec_block.dec_ctrl_reg[0]$_DFF_PN1_/D
89	0.4611	core.keymem.round_ctr_reg[I]	core.keymem.round_ctr_reg[I]	core.keymem.round_ctr_reg[0]$_DFFE_PN0P_/Q	core.keymem.round_ctr_reg[2]$_DFFE_PN0P_/D
90	0.4613	keylen_reg	core.dec_block.round_ctr_reg[I]	keylen_reg$_DFFE_PN0P_/Q	core.dec_block.round_ctr_reg[2]$_DFFE_PN0P_/D
91	0.4622	core.enc_block.enc_ctrl_reg[I]	core.enc_block.enc_ctrl_reg[I]	core.enc_block.enc_ctrl_reg[3]$_DFF_PN0_/Q	core.enc_block.enc_ctrl_reg[1]$_DFF_PN0_/D
92	0.4644	we	init_reg	we	init_reg$_DFF_PN0_/D
93	0.4647	we	next_reg	we	next_reg$_DFF_PN0_/D
94	0.4649	reset_n	core.dec_block.ready_reg	reset_n	core.dec_block.ready_reg$_DFFE_PN1P_/SN
95	0.4659	reset_n	core.enc_block.enc_ctrl_reg[I]	reset_n	core.enc_block.enc_ctrl_reg[0]$_DFF_PN1_/SN
96	0.4679	cs	init_reg	cs	init_reg$_DFF_PN0_/D
97	0.4681	cs	next_reg	cs	next_reg$_DFF_PN0_/D
98	0.4685	reset_n	core.dec_block.round_ctr_reg[I]	reset_n	core.dec_block.round_ctr_reg[2]$_DFFE_PN0P_/RN
99	0.4688	block_reg[I][J]	core.enc_block.block_wI_reg[J]	block_reg[0][0]$_DFFE_PN0P_/Q	core.enc_block.block_w0_reg[0]$_DFFE_PN0P_/D
100	0.4694	keylen_reg	keylen_reg	keylen_reg$_DFFE_PN0P_/Q	keylen_reg$_DFFE_PN0P_/D
