# stage	1_synth
# top_module	e203_cpu_top
# top_n	100
# kind	blocks
# include_full	1
# rank	worst_slack_ns	start	end	start_full	end_full
1	-1.9843	dbg_mode	extIdtcm_icb_cmd_ready	dbg_mode	ext2dtcm_icb_cmd_ready
2	-1.9733	dbg_mode	extIitcm_icb_cmd_ready	dbg_mode	ext2itcm_icb_cmd_ready
3	-1.6624	u_eI_cpu.u_eJ_reset_ctrl.rst_sync_r[K]	u_eI_cpu.u_eJ_core.u_eK_biu.u_biu_icb_arbt.arbt_num_gt_L_gen.dp_M.u_sirv_gnrl_rspid_fifo.dp_gt_N.vld_dfflr.qout_r	u_e203_cpu.u_e203_reset_ctrl.rst_sync_r[1]$_DFF_PN0_/Q	u_e203_cpu.u_e203_core.u_e203_biu.u_biu_icb_arbt.arbt_num_gt_1_gen.dp_1.u_sirv_gnrl_rspid_fifo.dp_gt_0.vld_dfflr.qout_r$_DFFE_PN0P_/RN
4	-1.6624	u_eI_cpu.u_eJ_reset_ctrl.rst_sync_r[K]	u_eI_cpu.u_eJ_core.u_eK_biu.u_biu_icb_splt.splt_num_gt_L_gen.fifo_dp_M.u_sirv_gnrl_rspid_fifo.dp_gt_N.vld_dfflr.qout_r	u_e203_cpu.u_e203_reset_ctrl.rst_sync_r[1]$_DFF_PN0_/Q	u_e203_cpu.u_e203_core.u_e203_biu.u_biu_icb_splt.splt_num_gt_1_gen.fifo_dp_1.u_sirv_gnrl_rspid_fifo.dp_gt_0.vld_dfflr.qout_r$_DFFE_PN0P_/RN
5	-1.6624	u_eI_cpu.u_eJ_reset_ctrl.rst_sync_r[K]	u_eI_cpu.u_eJ_core.u_eK_biu.u_sirv_gnrl_icb_buffer.u_sirv_gnrl_cmd_fifo.dp_gtL.vec_M_dfflr.qout_r	u_e203_cpu.u_e203_reset_ctrl.rst_sync_r[1]$_DFF_PN0_/Q	u_e203_cpu.u_e203_core.u_e203_biu.u_sirv_gnrl_icb_buffer.u_sirv_gnrl_cmd_fifo.dp_gt0.vec_31_dfflr.qout_r$_DFFE_PN0P_/RN
6	-1.6624	u_eI_cpu.u_eJ_reset_ctrl.rst_sync_r[K]	u_eI_cpu.u_eJ_core.u_eK_biu.u_sirv_gnrl_icb_buffer.u_sirv_gnrl_rsp_fifo.dp_gtL.vec_M_dfflr.qout_r	u_e203_cpu.u_e203_reset_ctrl.rst_sync_r[1]$_DFF_PN0_/Q	u_e203_cpu.u_e203_core.u_e203_biu.u_sirv_gnrl_icb_buffer.u_sirv_gnrl_rsp_fifo.dp_gt0.vec_31_dfflr.qout_r$_DFFE_PN0P_/RN
7	-1.6624	u_eI_cpu.u_eJ_reset_ctrl.rst_sync_r[K]	u_eI_cpu.u_eJ_core.u_eK_exu.u_eL_exu_alu.u_eM_exu_alu_lsuagu.icb_leftover_err_dfflr.qout_r	u_e203_cpu.u_e203_reset_ctrl.rst_sync_r[1]$_DFF_PN0_/Q	u_e203_cpu.u_e203_core.u_e203_exu.u_e203_exu_alu.u_e203_exu_alu_lsuagu.icb_leftover_err_dfflr.qout_r$_DFFE_PN0P_/RN
8	-1.6624	u_eI_cpu.u_eJ_reset_ctrl.rst_sync_r[K]	u_eI_cpu.u_eJ_core.u_eK_exu.u_eL_exu_alu.u_eM_exu_alu_lsuagu.icb_state_dfflr.qout_r[N]	u_e203_cpu.u_e203_reset_ctrl.rst_sync_r[1]$_DFF_PN0_/Q	u_e203_cpu.u_e203_core.u_e203_exu.u_e203_exu_alu.u_e203_exu_alu_lsuagu.icb_state_dfflr.qout_r[0]$_DFFE_PN0P_/RN
9	-1.6624	u_eI_cpu.u_eJ_reset_ctrl.rst_sync_r[K]	u_eI_cpu.u_eJ_core.u_eK_exu.u_eL_exu_alu.u_eM_exu_alu_lsuagu.unalgn_flg_dffl.qout_r	u_e203_cpu.u_e203_reset_ctrl.rst_sync_r[1]$_DFF_PN0_/Q	u_e203_cpu.u_e203_core.u_e203_exu.u_e203_exu_alu.u_e203_exu_alu_lsuagu.unalgn_flg_dffl.qout_r$_DFFE_PN0P_/RN
10	-1.6624	u_eI_cpu.u_eJ_reset_ctrl.rst_sync_r[K]	u_eI_cpu.u_eJ_core.u_eK_exu.u_eL_exu_alu.u_eM_exu_alu_muldiv.exec_cnt_dfflr.qout_r[N]	u_e203_cpu.u_e203_reset_ctrl.rst_sync_r[1]$_DFF_PN0_/Q	u_e203_cpu.u_e203_core.u_e203_exu.u_e203_exu_alu.u_e203_exu_alu_muldiv.exec_cnt_dfflr.qout_r[0]$_DFFE_PN0P_/RN
11	-1.6624	u_eI_cpu.u_eJ_reset_ctrl.rst_sync_r[K]	u_eI_cpu.u_eJ_core.u_eK_exu.u_eL_exu_alu.u_eM_exu_alu_muldiv.flushed_dfflr.qout_r	u_e203_cpu.u_e203_reset_ctrl.rst_sync_r[1]$_DFF_PN0_/Q	u_e203_cpu.u_e203_core.u_e203_exu.u_e203_exu_alu.u_e203_exu_alu_muldiv.flushed_dfflr.qout_r$_DFFE_PN0P_/RN
12	-1.6624	u_eI_cpu.u_eJ_reset_ctrl.rst_sync_r[K]	u_eI_cpu.u_eJ_core.u_eK_exu.u_eL_exu_alu.u_eM_exu_alu_muldiv.muldiv_state_dfflr.qout_r[N]	u_e203_cpu.u_e203_reset_ctrl.rst_sync_r[1]$_DFF_PN0_/Q	u_e203_cpu.u_e203_core.u_e203_exu.u_e203_exu_alu.u_e203_exu_alu_muldiv.muldiv_state_dfflr.qout_r[0]$_DFFE_PN0P_/RN
13	-1.6624	u_eI_cpu.u_eJ_reset_ctrl.rst_sync_r[K]	u_eI_cpu.u_eJ_core.u_eK_exu.u_eL_exu_alu.u_eM_exu_alu_muldiv.part_prdt_sftN_dfflr.qout_r	u_e203_cpu.u_e203_reset_ctrl.rst_sync_r[1]$_DFF_PN0_/Q	u_e203_cpu.u_e203_core.u_e203_exu.u_e203_exu_alu.u_e203_exu_alu_muldiv.part_prdt_sft1_dfflr.qout_r$_DFFE_PN0P_/RN
14	-1.6624	u_eI_cpu.u_eJ_reset_ctrl.rst_sync_r[K]	u_eI_cpu.u_eJ_core.u_eK_exu.u_eL_exu_alu.u_eM_exu_alu_muldiv.part_remd_sftN_dfflr.qout_r	u_e203_cpu.u_e203_reset_ctrl.rst_sync_r[1]$_DFF_PN0_/Q	u_e203_cpu.u_e203_core.u_e203_exu.u_e203_exu_alu.u_e203_exu_alu_muldiv.part_remd_sft1_dfflr.qout_r$_DFFE_PN0P_/RN
15	-1.6624	u_eI_cpu.u_eJ_reset_ctrl.rst_sync_r[K]	u_eI_cpu.u_eJ_core.u_eK_exu.u_eL_exu_alu.u_eM_exu_nice.u_nice_itag_fifo.dp_gtN.dp_gtO.rptr_vec_P_dfflr.qout_r[Q]	u_e203_cpu.u_e203_reset_ctrl.rst_sync_r[1]$_DFF_PN0_/Q	u_e203_cpu.u_e203_core.u_e203_exu.u_e203_exu_alu.u_e203_exu_nice.u_nice_itag_fifo.dp_gt0.dp_gt1.rptr_vec_31_dfflr.qout_r[0]$_DFFE_PN0P_/RN
16	-1.6624	u_eI_cpu.u_eJ_reset_ctrl.rst_sync_r[K]	u_eI_cpu.u_eJ_core.u_eK_exu.u_eL_exu_alu.u_eM_exu_nice.u_nice_itag_fifo.dp_gtN.dp_gtO.wptr_vec_P_dfflr.qout_r[Q]	u_e203_cpu.u_e203_reset_ctrl.rst_sync_r[1]$_DFF_PN0_/Q	u_e203_cpu.u_e203_core.u_e203_exu.u_e203_exu_alu.u_e203_exu_nice.u_nice_itag_fifo.dp_gt0.dp_gt1.wptr_vec_31_dfflr.qout_r[0]$_DFFE_PN0P_/RN
17	-1.6624	u_eI_cpu.u_eJ_reset_ctrl.rst_sync_r[K]	u_eI_cpu.u_eJ_core.u_eK_exu.u_eL_exu_alu.u_eM_exu_nice.u_nice_itag_fifo.dp_gtN.vec_O_dfflr.qout_r[P]	u_e203_cpu.u_e203_reset_ctrl.rst_sync_r[1]$_DFF_PN0_/Q	u_e203_cpu.u_e203_core.u_e203_exu.u_e203_exu_alu.u_e203_exu_nice.u_nice_itag_fifo.dp_gt0.vec_31_dfflr.qout_r[0]$_DFFE_PN0P_/RN
18	-1.6624	u_eI_cpu.u_eJ_reset_ctrl.rst_sync_r[K]	u_eI_cpu.u_eJ_core.u_eK_exu.u_eL_exu_commit.u_eM_exu_excp.step_req_dfflr.qout_r	u_e203_cpu.u_e203_reset_ctrl.rst_sync_r[1]$_DFF_PN0_/Q	u_e203_cpu.u_e203_core.u_e203_exu.u_e203_exu_commit.u_e203_exu_excp.step_req_dfflr.qout_r$_DFFE_PN0P_/RN
19	-1.6624	u_eI_cpu.u_eJ_reset_ctrl.rst_sync_r[K]	u_eI_cpu.u_eJ_core.u_eK_exu.u_eL_exu_commit.u_eM_exu_excp.wfi_flag_dfflr.qout_r	u_e203_cpu.u_e203_reset_ctrl.rst_sync_r[1]$_DFF_PN0_/Q	u_e203_cpu.u_e203_core.u_e203_exu.u_e203_exu_commit.u_e203_exu_excp.wfi_flag_dfflr.qout_r$_DFFE_PN0P_/RN
20	-1.6624	u_eI_cpu.u_eJ_reset_ctrl.rst_sync_r[K]	u_eI_cpu.u_eJ_core.u_eK_exu.u_eL_exu_commit.u_eM_exu_excp.wfi_halt_req_dfflr.qout_r	u_e203_cpu.u_e203_reset_ctrl.rst_sync_r[1]$_DFF_PN0_/Q	u_e203_cpu.u_e203_core.u_e203_exu.u_e203_exu_commit.u_e203_exu_excp.wfi_halt_req_dfflr.qout_r$_DFFE_PN0P_/RN
21	-1.6624	u_eI_cpu.u_eJ_reset_ctrl.rst_sync_r[K]	u_eI_cpu.u_eJ_core.u_eK_exu.u_eL_exu_csr.badaddr_dfflr.qout_r[M]	u_e203_cpu.u_e203_reset_ctrl.rst_sync_r[1]$_DFF_PN0_/Q	u_e203_cpu.u_e203_core.u_e203_exu.u_e203_exu_csr.badaddr_dfflr.qout_r[0]$_DFFE_PN0P_/RN
22	-1.6624	u_eI_cpu.u_eJ_reset_ctrl.rst_sync_r[K]	u_eI_cpu.u_eJ_core.u_eK_exu.u_eL_exu_csr.cause_dfflr.qout_r[M]	u_e203_cpu.u_e203_reset_ctrl.rst_sync_r[1]$_DFF_PN0_/Q	u_e203_cpu.u_e203_core.u_e203_exu.u_e203_exu_csr.cause_dfflr.qout_r[0]$_DFFE_PN0P_/RN
23	-1.6624	u_eI_cpu.u_eJ_reset_ctrl.rst_sync_r[K]	u_eI_cpu.u_eJ_core.u_eK_exu.u_eL_exu_csr.counterstop_dfflr.qout_r[M]	u_e203_cpu.u_e203_reset_ctrl.rst_sync_r[1]$_DFF_PN0_/Q	u_e203_cpu.u_e203_core.u_e203_exu.u_e203_exu_csr.counterstop_dfflr.qout_r[0]$_DFFE_PN0P_/RN
24	-1.6624	u_eI_cpu.u_eJ_reset_ctrl.rst_sync_r[K]	u_eI_cpu.u_eJ_core.u_eK_exu.u_eL_exu_csr.epc_dfflr.qout_r[M]	u_e203_cpu.u_e203_reset_ctrl.rst_sync_r[1]$_DFF_PN0_/Q	u_e203_cpu.u_e203_core.u_e203_exu.u_e203_exu_csr.epc_dfflr.qout_r[10]$_DFFE_PN0P_/RN
25	-1.6624	u_eI_cpu.u_eJ_reset_ctrl.rst_sync_r[K]	u_eI_cpu.u_eJ_core.u_eK_exu.u_eL_exu_csr.itcmnohold_dfflr.qout_r[M]	u_e203_cpu.u_e203_reset_ctrl.rst_sync_r[1]$_DFF_PN0_/Q	u_e203_cpu.u_e203_core.u_e203_exu.u_e203_exu_csr.itcmnohold_dfflr.qout_r[0]$_DFFE_PN0P_/RN
26	-1.6624	u_eI_cpu.u_eJ_reset_ctrl.rst_sync_r[K]	u_eI_cpu.u_eJ_core.u_eK_exu.u_eL_exu_csr.mcgstop_dfflr.qout_r[M]	u_e203_cpu.u_e203_reset_ctrl.rst_sync_r[1]$_DFF_PN0_/Q	u_e203_cpu.u_e203_core.u_e203_exu.u_e203_exu_csr.mcgstop_dfflr.qout_r[0]$_DFFE_PN0P_/RN
27	-1.6624	u_eI_cpu.u_eJ_reset_ctrl.rst_sync_r[K]	u_eI_cpu.u_eJ_core.u_eK_exu.u_eL_exu_csr.mcycle_dfflr.qout_r[M]	u_e203_cpu.u_e203_reset_ctrl.rst_sync_r[1]$_DFF_PN0_/Q	u_e203_cpu.u_e203_core.u_e203_exu.u_e203_exu_csr.mcycle_dfflr.qout_r[0]$_DFFE_PN0P_/RN
28	-1.6624	u_eI_cpu.u_eJ_reset_ctrl.rst_sync_r[K]	u_eI_cpu.u_eJ_core.u_eK_exu.u_eL_exu_csr.mcycleh_dfflr.qout_r[M]	u_e203_cpu.u_e203_reset_ctrl.rst_sync_r[1]$_DFF_PN0_/Q	u_e203_cpu.u_e203_core.u_e203_exu.u_e203_exu_csr.mcycleh_dfflr.qout_r[0]$_DFFE_PN0P_/RN
29	-1.6624	u_eI_cpu.u_eJ_reset_ctrl.rst_sync_r[K]	u_eI_cpu.u_eJ_core.u_eK_exu.u_eL_exu_csr.mdvnobMb_dfflr.qout_r[N]	u_e203_cpu.u_e203_reset_ctrl.rst_sync_r[1]$_DFF_PN0_/Q	u_e203_cpu.u_e203_core.u_e203_exu.u_e203_exu_csr.mdvnob2b_dfflr.qout_r[0]$_DFFE_PN0P_/RN
30	-1.6624	u_eI_cpu.u_eJ_reset_ctrl.rst_sync_r[K]	u_eI_cpu.u_eJ_core.u_eK_exu.u_eL_exu_csr.meip_dffr.qout_r	u_e203_cpu.u_e203_reset_ctrl.rst_sync_r[1]$_DFF_PN0_/Q	u_e203_cpu.u_e203_core.u_e203_exu.u_e203_exu_csr.meip_dffr.qout_r$_DFF_PN0_/RN
31	-1.6624	u_eI_cpu.u_eJ_reset_ctrl.rst_sync_r[K]	u_eI_cpu.u_eJ_core.u_eK_exu.u_eL_exu_csr.mie_dfflr.qout_r[M]	u_e203_cpu.u_e203_reset_ctrl.rst_sync_r[1]$_DFF_PN0_/Q	u_e203_cpu.u_e203_core.u_e203_exu.u_e203_exu_csr.mie_dfflr.qout_r[11]$_DFFE_PN0P_/RN
32	-1.6624	u_eI_cpu.u_eJ_reset_ctrl.rst_sync_r[K]	u_eI_cpu.u_eJ_core.u_eK_exu.u_eL_exu_csr.minstret_dfflr.qout_r[M]	u_e203_cpu.u_e203_reset_ctrl.rst_sync_r[1]$_DFF_PN0_/Q	u_e203_cpu.u_e203_core.u_e203_exu.u_e203_exu_csr.minstret_dfflr.qout_r[0]$_DFFE_PN0P_/RN
33	-1.6624	u_eI_cpu.u_eJ_reset_ctrl.rst_sync_r[K]	u_eI_cpu.u_eJ_core.u_eK_exu.u_eL_exu_csr.minstreth_dfflr.qout_r[M]	u_e203_cpu.u_e203_reset_ctrl.rst_sync_r[1]$_DFF_PN0_/Q	u_e203_cpu.u_e203_core.u_e203_exu.u_e203_exu_csr.minstreth_dfflr.qout_r[0]$_DFFE_PN0P_/RN
34	-1.6624	u_eI_cpu.u_eJ_reset_ctrl.rst_sync_r[K]	u_eI_cpu.u_eJ_core.u_eK_exu.u_eL_exu_csr.mscratch_dfflr.qout_r[M]	u_e203_cpu.u_e203_reset_ctrl.rst_sync_r[1]$_DFF_PN0_/Q	u_e203_cpu.u_e203_core.u_e203_exu.u_e203_exu_csr.mscratch_dfflr.qout_r[0]$_DFFE_PN0P_/RN
35	-1.6624	u_eI_cpu.u_eJ_reset_ctrl.rst_sync_r[K]	u_eI_cpu.u_eJ_core.u_eK_exu.u_eL_exu_csr.msip_dffr.qout_r	u_e203_cpu.u_e203_reset_ctrl.rst_sync_r[1]$_DFF_PN0_/Q	u_e203_cpu.u_e203_core.u_e203_exu.u_e203_exu_csr.msip_dffr.qout_r$_DFF_PN0_/RN
36	-1.6624	u_eI_cpu.u_eJ_reset_ctrl.rst_sync_r[K]	u_eI_cpu.u_eJ_core.u_eK_exu.u_eL_exu_csr.mtip_dffr.qout_r	u_e203_cpu.u_e203_reset_ctrl.rst_sync_r[1]$_DFF_PN0_/Q	u_e203_cpu.u_e203_core.u_e203_exu.u_e203_exu_csr.mtip_dffr.qout_r$_DFF_PN0_/RN
37	-1.6624	u_eI_cpu.u_eJ_reset_ctrl.rst_sync_r[K]	u_eI_cpu.u_eJ_core.u_eK_exu.u_eL_exu_csr.mtvec_dfflr.qout_r[M]	u_e203_cpu.u_e203_reset_ctrl.rst_sync_r[1]$_DFF_PN0_/Q	u_e203_cpu.u_e203_core.u_e203_exu.u_e203_exu_csr.mtvec_dfflr.qout_r[0]$_DFFE_PN0P_/RN
38	-1.6624	u_eI_cpu.u_eJ_reset_ctrl.rst_sync_r[K]	u_eI_cpu.u_eJ_core.u_eK_exu.u_eL_exu_csr.status_mie_dfflr.qout_r	u_e203_cpu.u_e203_reset_ctrl.rst_sync_r[1]$_DFF_PN0_/Q	u_e203_cpu.u_e203_core.u_e203_exu.u_e203_exu_csr.status_mie_dfflr.qout_r$_DFFE_PN0P_/RN
39	-1.6624	u_eI_cpu.u_eJ_reset_ctrl.rst_sync_r[K]	u_eI_cpu.u_eJ_core.u_eK_exu.u_eL_exu_csr.status_mpie_dfflr.qout_r	u_e203_cpu.u_e203_reset_ctrl.rst_sync_r[1]$_DFF_PN0_/Q	u_e203_cpu.u_e203_core.u_e203_exu.u_e203_exu_csr.status_mpie_dfflr.qout_r$_DFFE_PN0P_/RN
40	-1.6624	u_eI_cpu.u_eJ_reset_ctrl.rst_sync_r[K]	u_eI_cpu.u_eJ_core.u_eK_exu.u_eL_exu_oitf.depth_gtM.alc_ptr_dfflrs.qout_r	u_e203_cpu.u_e203_reset_ctrl.rst_sync_r[1]$_DFF_PN0_/Q	u_e203_cpu.u_e203_core.u_e203_exu.u_e203_exu_oitf.depth_gt1.alc_ptr_dfflrs.qout_r$_DFFE_PN0P_/RN
41	-1.6624	u_eI_cpu.u_eJ_reset_ctrl.rst_sync_r[K]	u_eI_cpu.u_eJ_core.u_eK_exu.u_eL_exu_oitf.depth_gtM.alc_ptr_flg_dfflrs.qout_r	u_e203_cpu.u_e203_reset_ctrl.rst_sync_r[1]$_DFF_PN0_/Q	u_e203_cpu.u_e203_core.u_e203_exu.u_e203_exu_oitf.depth_gt1.alc_ptr_flg_dfflrs.qout_r$_DFFE_PN0P_/RN
42	-1.6624	u_eI_cpu.u_eJ_reset_ctrl.rst_sync_r[K]	u_eI_cpu.u_eJ_core.u_eK_exu.u_eL_exu_oitf.depth_gtM.ret_ptr_dfflrs.qout_r	u_e203_cpu.u_e203_reset_ctrl.rst_sync_r[1]$_DFF_PN0_/Q	u_e203_cpu.u_e203_core.u_e203_exu.u_e203_exu_oitf.depth_gt1.ret_ptr_dfflrs.qout_r$_DFFE_PN0P_/RN
43	-1.6624	u_eI_cpu.u_eJ_reset_ctrl.rst_sync_r[K]	u_eI_cpu.u_eJ_core.u_eK_exu.u_eL_exu_oitf.depth_gtM.ret_ptr_flg_dfflrs.qout_r	u_e203_cpu.u_e203_reset_ctrl.rst_sync_r[1]$_DFF_PN0_/Q	u_e203_cpu.u_e203_core.u_e203_exu.u_e203_exu_oitf.depth_gt1.ret_ptr_flg_dfflrs.qout_r$_DFFE_PN0P_/RN
44	-1.6624	u_eI_cpu.u_eJ_reset_ctrl.rst_sync_r[K]	u_eI_cpu.u_eJ_core.u_eK_exu.u_eL_exu_oitf.oitf_entries[M].vld_dfflrs.qout_r	u_e203_cpu.u_e203_reset_ctrl.rst_sync_r[1]$_DFF_PN0_/Q	u_e203_cpu.u_e203_core.u_e203_exu.u_e203_exu_oitf.oitf_entries[0].vld_dfflrs.qout_r$_DFFE_PN0P_/RN
45	-1.6624	u_eI_cpu.u_eJ_reset_ctrl.rst_sync_r[K]	u_eI_cpu.u_eJ_core.u_eK_ifu.u_eL_ifu_ifetch.dly_flush_dfflr.qout_r	u_e203_cpu.u_e203_reset_ctrl.rst_sync_r[1]$_DFF_PN0_/Q	u_e203_cpu.u_e203_core.u_e203_ifu.u_e203_ifu_ifetch.dly_flush_dfflr.qout_r$_DFFE_PN0P_/RN
46	-1.6624	u_eI_cpu.u_eJ_reset_ctrl.rst_sync_r[K]	u_eI_cpu.u_eJ_core.u_eK_ifu.u_eL_ifu_ifetch.halt_ack_dfflr.qout_r	u_e203_cpu.u_e203_reset_ctrl.rst_sync_r[1]$_DFF_PN0_/Q	u_e203_cpu.u_e203_core.u_e203_ifu.u_e203_ifu_ifetch.halt_ack_dfflr.qout_r$_DFFE_PN0P_/RN
47	-1.6624	u_eI_cpu.u_eJ_reset_ctrl.rst_sync_r[K]	u_eI_cpu.u_eJ_core.u_eK_ifu.u_eL_ifu_ifetch.ifu_err_dfflr.qout_r	u_e203_cpu.u_e203_reset_ctrl.rst_sync_r[1]$_DFF_PN0_/Q	u_e203_cpu.u_e203_core.u_e203_ifu.u_e203_ifu_ifetch.ifu_err_dfflr.qout_r$_DFFE_PN0P_/RN
48	-1.6624	u_eI_cpu.u_eJ_reset_ctrl.rst_sync_r[K]	u_eI_cpu.u_eJ_core.u_eK_ifu.u_eL_ifu_ifetch.ifu_hi_ir_dfflr.qout_r[M]	u_e203_cpu.u_e203_reset_ctrl.rst_sync_r[1]$_DFF_PN0_/Q	u_e203_cpu.u_e203_core.u_e203_ifu.u_e203_ifu_ifetch.ifu_hi_ir_dfflr.qout_r[0]$_DFFE_PN0P_/RN
49	-1.6624	u_eI_cpu.u_eJ_reset_ctrl.rst_sync_r[K]	u_eI_cpu.u_eJ_core.u_eK_ifu.u_eL_ifu_ifetch.ifu_lo_ir_dfflr.qout_r[M]	u_e203_cpu.u_e203_reset_ctrl.rst_sync_r[1]$_DFF_PN0_/Q	u_e203_cpu.u_e203_core.u_e203_ifu.u_e203_ifu_ifetch.ifu_lo_ir_dfflr.qout_r[0]$_DFFE_PN0P_/RN
50	-1.6624	u_eI_cpu.u_eJ_reset_ctrl.rst_sync_r[K]	u_eI_cpu.u_eJ_core.u_eK_ifu.u_eL_ifu_ifetch.ifu_pc_dfflr.qout_r[M]	u_e203_cpu.u_e203_reset_ctrl.rst_sync_r[1]$_DFF_PN0_/Q	u_e203_cpu.u_e203_core.u_e203_ifu.u_e203_ifu_ifetch.ifu_pc_dfflr.qout_r[10]$_DFFE_PN0P_/RN
51	-1.6624	u_eI_cpu.u_eJ_reset_ctrl.rst_sync_r[K]	u_eI_cpu.u_eJ_core.u_eK_ifu.u_eL_ifu_ifetch.ifu_prdt_taken_dfflr.qout_r	u_e203_cpu.u_e203_reset_ctrl.rst_sync_r[1]$_DFF_PN0_/Q	u_e203_cpu.u_e203_core.u_e203_ifu.u_e203_ifu_ifetch.ifu_prdt_taken_dfflr.qout_r$_DFFE_PN0P_/RN
52	-1.6624	u_eI_cpu.u_eJ_reset_ctrl.rst_sync_r[K]	u_eI_cpu.u_eJ_core.u_eK_ifu.u_eL_ifu_ifetch.ir_muldiv_bMb_dfflr.qout_r	u_e203_cpu.u_e203_reset_ctrl.rst_sync_r[1]$_DFF_PN0_/Q	u_e203_cpu.u_e203_core.u_e203_ifu.u_e203_ifu_ifetch.ir_muldiv_b2b_dfflr.qout_r$_DFFE_PN0P_/RN
53	-1.6624	u_eI_cpu.u_eJ_reset_ctrl.rst_sync_r[K]	u_eI_cpu.u_eJ_core.u_eK_ifu.u_eL_ifu_ifetch.ir_pc_vld_dfflr.qout_r	u_e203_cpu.u_e203_reset_ctrl.rst_sync_r[1]$_DFF_PN0_/Q	u_e203_cpu.u_e203_core.u_e203_ifu.u_e203_ifu_ifetch.ir_pc_vld_dfflr.qout_r$_DFFE_PN0P_/RN
54	-1.6624	u_eI_cpu.u_eJ_reset_ctrl.rst_sync_r[K]	u_eI_cpu.u_eJ_core.u_eK_ifu.u_eL_ifu_ifetch.ir_rsMidx_dfflr.qout_r[N]	u_e203_cpu.u_e203_reset_ctrl.rst_sync_r[1]$_DFF_PN0_/Q	u_e203_cpu.u_e203_core.u_e203_ifu.u_e203_ifu_ifetch.ir_rs1idx_dfflr.qout_r[0]$_DFFE_PN0P_/RN
55	-1.6624	u_eI_cpu.u_eJ_reset_ctrl.rst_sync_r[K]	u_eI_cpu.u_eJ_core.u_eK_ifu.u_eL_ifu_ifetch.ir_valid_dfflr.qout_r	u_e203_cpu.u_e203_reset_ctrl.rst_sync_r[1]$_DFF_PN0_/Q	u_e203_cpu.u_e203_core.u_e203_ifu.u_e203_ifu_ifetch.ir_valid_dfflr.qout_r$_DFFE_PN0P_/RN
56	-1.6624	u_eI_cpu.u_eJ_reset_ctrl.rst_sync_r[K]	u_eI_cpu.u_eJ_core.u_eK_ifu.u_eL_ifu_ifetch.out_flag_dfflr.qout_r	u_e203_cpu.u_e203_reset_ctrl.rst_sync_r[1]$_DFF_PN0_/Q	u_e203_cpu.u_e203_core.u_e203_ifu.u_e203_ifu_ifetch.out_flag_dfflr.qout_r$_DFFE_PN0P_/RN
57	-1.6624	u_eI_cpu.u_eJ_reset_ctrl.rst_sync_r[K]	u_eI_cpu.u_eJ_core.u_eK_ifu.u_eL_ifu_ifetch.pc_dfflr.qout_r[M]	u_e203_cpu.u_e203_reset_ctrl.rst_sync_r[1]$_DFF_PN0_/Q	u_e203_cpu.u_e203_core.u_e203_ifu.u_e203_ifu_ifetch.pc_dfflr.qout_r[10]$_DFFE_PN0P_/RN
58	-1.6624	u_eI_cpu.u_eJ_reset_ctrl.rst_sync_r[K]	u_eI_cpu.u_eJ_core.u_eK_ifu.u_eL_ifu_ifetch.pc_newpend_dfflr.qout_r	u_e203_cpu.u_e203_reset_ctrl.rst_sync_r[1]$_DFF_PN0_/Q	u_e203_cpu.u_e203_core.u_e203_ifu.u_e203_ifu_ifetch.pc_newpend_dfflr.qout_r$_DFFE_PN0P_/RN
59	-1.6624	u_eI_cpu.u_eJ_reset_ctrl.rst_sync_r[K]	u_eI_cpu.u_eJ_core.u_eK_ifu.u_eL_ifu_ifetch.reset_req_dfflr.qout_r	u_e203_cpu.u_e203_reset_ctrl.rst_sync_r[1]$_DFF_PN0_/Q	u_e203_cpu.u_e203_core.u_e203_ifu.u_e203_ifu_ifetch.reset_req_dfflr.qout_r$_DFFE_PN0P_/RN
60	-1.6624	u_eI_cpu.u_eJ_reset_ctrl.rst_sync_r[K]	u_eI_cpu.u_eJ_core.u_eK_ifu.u_eL_ifu_ifetch.u_eM_ifu_litebpu.rsNxn_rdrf_dfflrs.qout_r	u_e203_cpu.u_e203_reset_ctrl.rst_sync_r[1]$_DFF_PN0_/Q	u_e203_cpu.u_e203_core.u_e203_ifu.u_e203_ifu_ifetch.u_e203_ifu_litebpu.rs1xn_rdrf_dfflrs.qout_r$_DFFE_PN0P_/RN
61	-1.6624	u_eI_cpu.u_eJ_reset_ctrl.rst_sync_r[K]	u_eI_cpu.u_eJ_core.u_eK_ifu.u_eL_ifu_iftMicb.icbNitcm_dfflr.qout_r	u_e203_cpu.u_e203_reset_ctrl.rst_sync_r[1]$_DFF_PN0_/Q	u_e203_cpu.u_e203_core.u_e203_ifu.u_e203_ifu_ift2icb.icb2itcm_dfflr.qout_r$_DFFE_PN0P_/RN
62	-1.6624	u_eI_cpu.u_eJ_reset_ctrl.rst_sync_r[K]	u_eI_cpu.u_eJ_core.u_eK_ifu.u_eL_ifu_iftMicb.icbNmem_dfflr.qout_r	u_e203_cpu.u_e203_reset_ctrl.rst_sync_r[1]$_DFF_PN0_/Q	u_e203_cpu.u_e203_core.u_e203_ifu.u_e203_ifu_ift2icb.icb2mem_dfflr.qout_r$_DFFE_PN0P_/RN
63	-1.6624	u_eI_cpu.u_eJ_reset_ctrl.rst_sync_r[K]	u_eI_cpu.u_eJ_core.u_eK_ifu.u_eL_ifu_iftMicb.icb_state_dfflr.qout_r[N]	u_e203_cpu.u_e203_reset_ctrl.rst_sync_r[1]$_DFF_PN0_/Q	u_e203_cpu.u_e203_core.u_e203_ifu.u_e203_ifu_ift2icb.icb_state_dfflr.qout_r[0]$_DFFE_PN0P_/RN
64	-1.6624	u_eI_cpu.u_eJ_reset_ctrl.rst_sync_r[K]	u_eI_cpu.u_eJ_core.u_eK_ifu.u_eL_ifu_iftMicb.leftover_err_dfflr.qout_r	u_e203_cpu.u_e203_reset_ctrl.rst_sync_r[1]$_DFF_PN0_/Q	u_e203_cpu.u_e203_core.u_e203_ifu.u_e203_ifu_ift2icb.leftover_err_dfflr.qout_r$_DFFE_PN0P_/RN
65	-1.6624	u_eI_cpu.u_eJ_reset_ctrl.rst_sync_r[K]	u_eI_cpu.u_eJ_core.u_eK_ifu.u_eL_ifu_iftMicb.req_lane_cross_dfflr.qout_r	u_e203_cpu.u_e203_reset_ctrl.rst_sync_r[1]$_DFF_PN0_/Q	u_e203_cpu.u_e203_core.u_e203_ifu.u_e203_ifu_ift2icb.req_lane_cross_dfflr.qout_r$_DFFE_PN0P_/RN
66	-1.6624	u_eI_cpu.u_eJ_reset_ctrl.rst_sync_r[K]	u_eI_cpu.u_eJ_core.u_eK_ifu.u_eL_ifu_iftMicb.req_need_Nuop_dfflr.qout_r	u_e203_cpu.u_e203_reset_ctrl.rst_sync_r[1]$_DFF_PN0_/Q	u_e203_cpu.u_e203_core.u_e203_ifu.u_e203_ifu_ift2icb.req_need_0uop_dfflr.qout_r$_DFFE_PN0P_/RN
67	-1.6624	u_eI_cpu.u_eJ_reset_ctrl.rst_sync_r[K]	u_eI_cpu.u_eJ_core.u_eK_ifu.u_eL_ifu_iftMicb.req_same_cross_holdup_dfflr.qout_r	u_e203_cpu.u_e203_reset_ctrl.rst_sync_r[1]$_DFF_PN0_/Q	u_e203_cpu.u_e203_core.u_e203_ifu.u_e203_ifu_ift2icb.req_same_cross_holdup_dfflr.qout_r$_DFFE_PN0P_/RN
68	-1.6624	u_eI_cpu.u_eJ_reset_ctrl.rst_sync_r[K]	u_eI_cpu.u_eJ_core.u_eK_ifu.u_eL_ifu_iftMicb.u_eN_ifetch_rsp_bypbuf.u_bypbuf_fifo.dp_gtO.vec_P_dfflr.qout_r	u_e203_cpu.u_e203_reset_ctrl.rst_sync_r[1]$_DFF_PN0_/Q	u_e203_cpu.u_e203_core.u_e203_ifu.u_e203_ifu_ift2icb.u_e203_ifetch_rsp_bypbuf.u_bypbuf_fifo.dp_gt0.vec_31_dfflr.qout_r$_DFFE_PN0P_/RN
69	-1.6624	u_eI_cpu.u_eJ_reset_ctrl.rst_sync_r[K]	u_eI_cpu.u_eJ_core.u_eK_lsu.u_eL_lsu_ctrl.excl_addr_dffl.qout_r[M]	u_e203_cpu.u_e203_reset_ctrl.rst_sync_r[1]$_DFF_PN0_/Q	u_e203_cpu.u_e203_core.u_e203_lsu.u_e203_lsu_ctrl.excl_addr_dffl.qout_r[0]$_DFFE_PN0P_/RN
70	-1.6624	u_eI_cpu.u_eJ_reset_ctrl.rst_sync_r[K]	u_eI_cpu.u_eJ_core.u_eK_lsu.u_eL_lsu_ctrl.excl_flg_dffl.qout_r	u_e203_cpu.u_e203_reset_ctrl.rst_sync_r[1]$_DFF_PN0_/Q	u_e203_cpu.u_e203_core.u_e203_lsu.u_e203_lsu_ctrl.excl_flg_dffl.qout_r$_DFFE_PN0P_/RN
71	-1.6624	u_eI_cpu.u_eJ_reset_ctrl.rst_sync_r[K]	u_eI_cpu.u_eJ_core.u_eK_lsu.u_eL_lsu_ctrl.u_eM_lsu_splt_stage.dp_gt_N.vld_dfflr.qout_r	u_e203_cpu.u_e203_reset_ctrl.rst_sync_r[1]$_DFF_PN0_/Q	u_e203_cpu.u_e203_core.u_e203_lsu.u_e203_lsu_ctrl.u_e203_lsu_splt_stage.dp_gt_0.vld_dfflr.qout_r$_DFFE_PN0P_/RN
72	-1.6624	u_eI_cpu.u_eJ_reset_ctrl.rst_sync_r[K]	u_eI_cpu.u_eJ_core.u_eK_lsu.u_eL_lsu_ctrl.u_lsu_icb_arbt.arbt_num_gt_M_gen.dp_N.u_sirv_gnrl_rspid_fifo.dp_gt_O.vld_dfflr.qout_r	u_e203_cpu.u_e203_reset_ctrl.rst_sync_r[1]$_DFF_PN0_/Q	u_e203_cpu.u_e203_core.u_e203_lsu.u_e203_lsu_ctrl.u_lsu_icb_arbt.arbt_num_gt_1_gen.dp_1.u_sirv_gnrl_rspid_fifo.dp_gt_0.vld_dfflr.qout_r$_DFFE_PN0P_/RN
73	-1.6624	u_eI_cpu.u_eJ_reset_ctrl.rst_sync_r[K]	u_eI_cpu.u_eJ_dtcm_ctrl.u_dtcm_icb_arbt.arbt_num_gt_K_gen.dp_L.u_sirv_gnrl_rspid_fifo.dp_gt_M.vld_dfflr.qout_r	u_e203_cpu.u_e203_reset_ctrl.rst_sync_r[1]$_DFF_PN0_/Q	u_e203_cpu.u_e203_dtcm_ctrl.u_dtcm_icb_arbt.arbt_num_gt_1_gen.dp_1.u_sirv_gnrl_rspid_fifo.dp_gt_0.vld_dfflr.qout_r$_DFFE_PN0P_/RN
74	-1.6624	u_eI_cpu.u_eJ_reset_ctrl.rst_sync_r[K]	u_eI_cpu.u_eJ_dtcm_ctrl.u_sram_icb_ctrl.u_byp_icb_cmd_buf.u_bypbuf_fifo.dp_gtK.vec_L_dfflr.qout_r	u_e203_cpu.u_e203_reset_ctrl.rst_sync_r[1]$_DFF_PN0_/Q	u_e203_cpu.u_e203_dtcm_ctrl.u_sram_icb_ctrl.u_byp_icb_cmd_buf.u_bypbuf_fifo.dp_gt0.vec_31_dfflr.qout_r$_DFFE_PN0P_/RN
75	-1.6624	u_eI_cpu.u_eJ_reset_ctrl.rst_sync_r[K]	u_eI_cpu.u_eJ_dtcm_ctrl.u_sram_icb_ctrl.u_sirv_Kcyc_sram_ctrl.u_eL_stage.dp_gt_M.vld_dfflr.qout_r	u_e203_cpu.u_e203_reset_ctrl.rst_sync_r[1]$_DFF_PN0_/Q	u_e203_cpu.u_e203_dtcm_ctrl.u_sram_icb_ctrl.u_sirv_1cyc_sram_ctrl.u_e1_stage.dp_gt_0.vld_dfflr.qout_r$_DFFE_PN0P_/RN
76	-1.6624	u_eI_cpu.u_eJ_reset_ctrl.rst_sync_r[K]	u_eI_cpu.u_eJ_irq_sync.master_gen.u_dbg_irq_sync.sync_gen[K].i_is_L.sync_dffr.qout_r	u_e203_cpu.u_e203_reset_ctrl.rst_sync_r[1]$_DFF_PN0_/Q	u_e203_cpu.u_e203_irq_sync.master_gen.u_dbg_irq_sync.sync_gen[0].i_is_0.sync_dffr.qout_r$_DFF_PN0_/RN
77	-1.6624	u_eI_cpu.u_eJ_reset_ctrl.rst_sync_r[K]	u_eI_cpu.u_eJ_irq_sync.master_gen.u_ext_irq_sync.sync_gen[K].i_is_L.sync_dffr.qout_r	u_e203_cpu.u_e203_reset_ctrl.rst_sync_r[1]$_DFF_PN0_/Q	u_e203_cpu.u_e203_irq_sync.master_gen.u_ext_irq_sync.sync_gen[0].i_is_0.sync_dffr.qout_r$_DFF_PN0_/RN
78	-1.6624	u_eI_cpu.u_eJ_reset_ctrl.rst_sync_r[K]	u_eI_cpu.u_eJ_irq_sync.master_gen.u_sft_irq_sync.sync_gen[K].i_is_L.sync_dffr.qout_r	u_e203_cpu.u_e203_reset_ctrl.rst_sync_r[1]$_DFF_PN0_/Q	u_e203_cpu.u_e203_irq_sync.master_gen.u_sft_irq_sync.sync_gen[0].i_is_0.sync_dffr.qout_r$_DFF_PN0_/RN
79	-1.6624	u_eI_cpu.u_eJ_reset_ctrl.rst_sync_r[K]	u_eI_cpu.u_eJ_irq_sync.master_gen.u_tmr_irq_sync.sync_gen[K].i_is_L.sync_dffr.qout_r	u_e203_cpu.u_e203_reset_ctrl.rst_sync_r[1]$_DFF_PN0_/Q	u_e203_cpu.u_e203_irq_sync.master_gen.u_tmr_irq_sync.sync_gen[0].i_is_0.sync_dffr.qout_r$_DFF_PN0_/RN
80	-1.6624	u_eI_cpu.u_eJ_reset_ctrl.rst_sync_r[K]	u_eI_cpu.u_eJ_itcm_ctrl.ifu_holdup_dffl.qout_r	u_e203_cpu.u_e203_reset_ctrl.rst_sync_r[1]$_DFF_PN0_/Q	u_e203_cpu.u_e203_itcm_ctrl.ifu_holdup_dffl.qout_r$_DFFE_PN0P_/RN
81	-1.6624	u_eI_cpu.u_eJ_reset_ctrl.rst_sync_r[K]	u_eI_cpu.u_eJ_itcm_ctrl.u_itcm_icb_arbt.arbt_num_gt_K_gen.dp_L.u_sirv_gnrl_rspid_fifo.dp_gt_M.vld_dfflr.qout_r	u_e203_cpu.u_e203_reset_ctrl.rst_sync_r[1]$_DFF_PN0_/Q	u_e203_cpu.u_e203_itcm_ctrl.u_itcm_icb_arbt.arbt_num_gt_1_gen.dp_1.u_sirv_gnrl_rspid_fifo.dp_gt_0.vld_dfflr.qout_r$_DFFE_PN0P_/RN
82	-1.6624	u_eI_cpu.u_eJ_reset_ctrl.rst_sync_r[K]	u_eI_cpu.u_eJ_itcm_ctrl.u_itcm_icb_extKitcm_nLw.fifo_dp_M.u_sirv_gnrl_nNw_fifo.dp_gt_O.vld_dfflr.qout_r	u_e203_cpu.u_e203_reset_ctrl.rst_sync_r[1]$_DFF_PN0_/Q	u_e203_cpu.u_e203_itcm_ctrl.u_itcm_icb_ext2itcm_n2w.fifo_dp_1.u_sirv_gnrl_n2w_fifo.dp_gt_0.vld_dfflr.qout_r$_DFFE_PN0P_/RN
83	-1.6624	u_eI_cpu.u_eJ_reset_ctrl.rst_sync_r[K]	u_eI_cpu.u_eJ_itcm_ctrl.u_itcm_icb_lsuKitcm_nLw.fifo_dp_M.u_sirv_gnrl_nNw_fifo.dp_gt_O.vld_dfflr.qout_r	u_e203_cpu.u_e203_reset_ctrl.rst_sync_r[1]$_DFF_PN0_/Q	u_e203_cpu.u_e203_itcm_ctrl.u_itcm_icb_lsu2itcm_n2w.fifo_dp_1.u_sirv_gnrl_n2w_fifo.dp_gt_0.vld_dfflr.qout_r$_DFFE_PN0P_/RN
84	-1.6624	u_eI_cpu.u_eJ_reset_ctrl.rst_sync_r[K]	u_eI_cpu.u_eJ_itcm_ctrl.u_sram_icb_ctrl.u_byp_icb_cmd_buf.u_bypbuf_fifo.dp_gtK.vec_L_dfflr.qout_r	u_e203_cpu.u_e203_reset_ctrl.rst_sync_r[1]$_DFF_PN0_/Q	u_e203_cpu.u_e203_itcm_ctrl.u_sram_icb_ctrl.u_byp_icb_cmd_buf.u_bypbuf_fifo.dp_gt0.vec_31_dfflr.qout_r$_DFFE_PN0P_/RN
85	-1.6624	u_eI_cpu.u_eJ_reset_ctrl.rst_sync_r[K]	u_eI_cpu.u_eJ_itcm_ctrl.u_sram_icb_ctrl.u_sirv_Kcyc_sram_ctrl.u_eL_stage.dp_gt_M.vld_dfflr.qout_r	u_e203_cpu.u_e203_reset_ctrl.rst_sync_r[1]$_DFF_PN0_/Q	u_e203_cpu.u_e203_itcm_ctrl.u_sram_icb_ctrl.u_sirv_1cyc_sram_ctrl.u_e1_stage.dp_gt_0.vld_dfflr.qout_r$_DFFE_PN0P_/RN
86	-1.6624	u_eI_cpu.u_eJ_reset_ctrl.rst_sync_r[K]	u_eI_cpu.u_eJ_nice_core.gen_rowbuf[K].rowbuf_dfflr.qout_r[L]	u_e203_cpu.u_e203_reset_ctrl.rst_sync_r[1]$_DFF_PN0_/Q	u_e203_cpu.u_e203_nice_core.gen_rowbuf[0].rowbuf_dfflr.qout_r[0]$_DFFE_PN0P_/RN
87	-1.6624	u_eI_cpu.u_eJ_reset_ctrl.rst_sync_r[K]	u_eI_cpu.u_eJ_nice_core.lbuf_cnt_dfflr.qout_r[K]	u_e203_cpu.u_e203_reset_ctrl.rst_sync_r[1]$_DFF_PN0_/Q	u_e203_cpu.u_e203_nice_core.lbuf_cnt_dfflr.qout_r[0]$_DFFE_PN0P_/RN
88	-1.6624	u_eI_cpu.u_eJ_reset_ctrl.rst_sync_r[K]	u_eI_cpu.u_eJ_nice_core.maddr_acc_dfflr.qout_r[K]	u_e203_cpu.u_e203_reset_ctrl.rst_sync_r[1]$_DFF_PN0_/Q	u_e203_cpu.u_e203_nice_core.maddr_acc_dfflr.qout_r[0]$_DFFE_PN0P_/RN
89	-1.6624	u_eI_cpu.u_eJ_reset_ctrl.rst_sync_r[K]	u_eI_cpu.u_eJ_nice_core.rcv_data_buf_dfflr.qout_r[K]	u_e203_cpu.u_e203_reset_ctrl.rst_sync_r[1]$_DFF_PN0_/Q	u_e203_cpu.u_e203_nice_core.rcv_data_buf_dfflr.qout_r[0]$_DFFE_PN0P_/RN
90	-1.6624	u_eI_cpu.u_eJ_reset_ctrl.rst_sync_r[K]	u_eI_cpu.u_eJ_nice_core.rcv_data_buf_valid_dfflr.qout_r	u_e203_cpu.u_e203_reset_ctrl.rst_sync_r[1]$_DFF_PN0_/Q	u_e203_cpu.u_e203_nice_core.rcv_data_buf_valid_dfflr.qout_r$_DFF_PN0_/RN
91	-1.6624	u_eI_cpu.u_eJ_reset_ctrl.rst_sync_r[K]	u_eI_cpu.u_eJ_nice_core.rowbuf_cnt_d_dfflr.qout_r[K]	u_e203_cpu.u_e203_reset_ctrl.rst_sync_r[1]$_DFF_PN0_/Q	u_e203_cpu.u_e203_nice_core.rowbuf_cnt_d_dfflr.qout_r[0]$_DFFE_PN0P_/RN
92	-1.6624	u_eI_cpu.u_eJ_reset_ctrl.rst_sync_r[K]	u_eI_cpu.u_eJ_nice_core.rowbuf_cnt_dfflr.qout_r[K]	u_e203_cpu.u_e203_reset_ctrl.rst_sync_r[1]$_DFF_PN0_/Q	u_e203_cpu.u_e203_nice_core.rowbuf_cnt_dfflr.qout_r[0]$_DFFE_PN0P_/RN
93	-1.6624	u_eI_cpu.u_eJ_reset_ctrl.rst_sync_r[K]	u_eI_cpu.u_eJ_nice_core.rowsum_acc_dfflr.qout_r[K]	u_e203_cpu.u_e203_reset_ctrl.rst_sync_r[1]$_DFF_PN0_/Q	u_e203_cpu.u_e203_nice_core.rowsum_acc_dfflr.qout_r[0]$_DFFE_PN0P_/RN
94	-1.6624	u_eI_cpu.u_eJ_reset_ctrl.rst_sync_r[K]	u_eI_cpu.u_eJ_nice_core.sbuf_cmd_cnt_dfflr.qout_r[K]	u_e203_cpu.u_e203_reset_ctrl.rst_sync_r[1]$_DFF_PN0_/Q	u_e203_cpu.u_e203_nice_core.sbuf_cmd_cnt_dfflr.qout_r[0]$_DFFE_PN0P_/RN
95	-1.6624	u_eI_cpu.u_eJ_reset_ctrl.rst_sync_r[K]	u_eI_cpu.u_eJ_nice_core.sbuf_cnt_dfflr.qout_r[K]	u_e203_cpu.u_e203_reset_ctrl.rst_sync_r[1]$_DFF_PN0_/Q	u_e203_cpu.u_e203_nice_core.sbuf_cnt_dfflr.qout_r[0]$_DFFE_PN0P_/RN
96	-1.6624	u_eI_cpu.u_eJ_reset_ctrl.rst_sync_r[K]	u_eI_cpu.u_eJ_nice_core.state_dfflr.qout_r[K]	u_e203_cpu.u_e203_reset_ctrl.rst_sync_r[1]$_DFF_PN0_/Q	u_e203_cpu.u_e203_nice_core.state_dfflr.qout_r[0]$_DFFE_PN0P_/RN
97	-1.6196	dbg_mode	cmt_dcause[I]	dbg_mode	cmt_dcause[2]
98	-1.6164	dbg_step_r	extIdtcm_icb_cmd_ready	dbg_step_r	ext2dtcm_icb_cmd_ready
99	-1.6103	dbg_mode	cmt_dcause_ena	dbg_mode	cmt_dcause_ena
100	-1.6053	dbg_step_r	extIitcm_icb_cmd_ready	dbg_step_r	ext2itcm_icb_cmd_ready
