# stage	1_synth
# top_module	sha512
# top_n	100
# kind	blocks
# include_full	1
# rank	worst_slack_ns	start	end	start_full	end_full
1	-0.2522	address[I]	read_data[I]	address[4]	read_data[16]
2	-0.2301	core.e_reg[I]	core.a_reg[I]	core.e_reg[25]$_DFFE_PN0P_/Q	core.a_reg[61]$_DFFE_PN0P_/D
3	-0.1777	core.f_reg[I]	core.a_reg[I]	core.f_reg[7]$_DFFE_PN0P_/Q	core.a_reg[61]$_DFFE_PN0P_/D
4	-0.1707	core.g_reg[I]	core.a_reg[I]	core.g_reg[7]$_DFFE_PN0P_/Q	core.a_reg[61]$_DFFE_PN0P_/D
5	-0.1394	core.e_reg[I]	core.e_reg[I]	core.e_reg[25]$_DFFE_PN0P_/Q	core.e_reg[62]$_DFFE_PN0P_/D
6	-0.1026	address[I]	error	address[4]	error
7	-0.0870	core.f_reg[I]	core.e_reg[I]	core.f_reg[7]$_DFFE_PN0P_/Q	core.e_reg[62]$_DFFE_PN0P_/D
8	-0.0800	core.g_reg[I]	core.e_reg[I]	core.g_reg[7]$_DFFE_PN0P_/Q	core.e_reg[62]$_DFFE_PN0P_/D
9	-0.0680	core.w_mem_inst.w_pre_reg[I]	core.a_reg[I]	core.w_mem_inst.w_pre_reg[7]$_DFFE_PP_/Q	core.a_reg[61]$_DFFE_PN0P_/D
10	0.0227	core.w_mem_inst.w_pre_reg[I]	core.e_reg[I]	core.w_mem_inst.w_pre_reg[7]$_DFFE_PP_/Q	core.e_reg[62]$_DFFE_PN0P_/D
11	0.0459	core.k_data_reg[I]	core.a_reg[I]	core.k_data_reg[7]$_DFFE_PP_/Q	core.a_reg[61]$_DFFE_PN0P_/D
12	0.0815	we	read_data[I]	we	read_data[24]
13	0.0995	cs	read_data[I]	cs	read_data[24]
14	0.1288	core.h_reg[I]	core.a_reg[I]	core.h_reg[7]$_DFFE_PN0P_/Q	core.a_reg[61]$_DFFE_PN0P_/D
15	0.1366	core.k_data_reg[I]	core.e_reg[I]	core.k_data_reg[7]$_DFFE_PP_/Q	core.e_reg[62]$_DFFE_PN0P_/D
16	0.2196	core.h_reg[I]	core.e_reg[I]	core.h_reg[7]$_DFFE_PN0P_/Q	core.e_reg[62]$_DFFE_PN0P_/D
17	0.2563	we	error	we	error
18	0.2711	cs	error	cs	error
19	0.3673	address[I]	block_reg[I][J]	address[4]	block_reg[14][10]$_DFFE_PN0P_/D
20	0.3865	address[I]	work_factor_num_reg[I]	address[4]	work_factor_num_reg[10]$_DFFE_PN0P_/D
21	0.4073	address[I]	work_factor_reg	address[4]	work_factor_reg$_DFFE_PN0P_/D
22	0.4077	address[I]	mode_reg[I]	address[4]	mode_reg[0]$_DFFE_PN1P_/D
23	0.4331	address[I]	init_reg	address[4]	init_reg$_DFF_PN0_/D
24	0.4331	address[I]	next_reg	address[4]	next_reg$_DFF_PN0_/D
25	0.4661	core.w_mem_inst.w_mem[I][J]	core.w_mem_inst.w_pre_reg[I]	core.w_mem_inst.w_mem[1][11]$_DFFE_PN0P_/Q	core.w_mem_inst.w_pre_reg[51]$_DFFE_PP_/D
26	0.5175	core.w_mem_inst.w_mem[I][J]	core.w_mem_inst.w_mem[I][J]	core.w_mem_inst.w_mem[1][11]$_DFFE_PN0P_/Q	core.w_mem_inst.w_mem[15][63]$_DFFE_PN0P_/D
27	0.5572	digest_reg[I]	read_data[I]	digest_reg[141]$_DFFE_PN0P_/Q	read_data[13]
28	0.6055	core.a_reg[I]	core.a_reg[I]	core.a_reg[63]$_DFFE_PN0P_/Q	core.a_reg[62]$_DFFE_PN0P_/D
29	0.6168	block_reg[I][J]	read_data[I]	block_reg[15][15]$_DFFE_PN0P_/Q	read_data[15]
30	0.6233	we	block_reg[I][J]	we	block_reg[14][10]$_DFFE_PN0P_/D
31	0.6314	cs	block_reg[I][J]	cs	block_reg[14][10]$_DFFE_PN0P_/D
32	0.6427	reset_n	core.k_data_reg[I]	reset_n	core.k_data_reg[61]$_DFFE_PP_/D
33	0.6518	reset_n	core.w_mem_inst.w_pre_reg[I]	reset_n	core.w_mem_inst.w_pre_reg[57]$_DFFE_PP_/D
34	0.6934	core.b_reg[I]	core.a_reg[I]	core.b_reg[29]$_DFFE_PN0P_/Q	core.a_reg[62]$_DFFE_PN0P_/D
35	0.6946	core.c_reg[I]	core.a_reg[I]	core.c_reg[31]$_DFFE_PN0P_/Q	core.a_reg[62]$_DFFE_PN0P_/D
36	0.6994	we	work_factor_reg	we	work_factor_reg$_DFFE_PN0P_/D
37	0.6998	we	mode_reg[I]	we	mode_reg[0]$_DFFE_PN1P_/D
38	0.7118	cs	work_factor_reg	cs	work_factor_reg$_DFFE_PN0P_/D
39	0.7121	cs	mode_reg[I]	cs	mode_reg[0]$_DFFE_PN1P_/D
40	0.7252	we	init_reg	we	init_reg$_DFF_PN0_/D
41	0.7252	we	next_reg	we	next_reg$_DFF_PN0_/D
42	0.7376	cs	init_reg	cs	init_reg$_DFF_PN0_/D
43	0.7376	cs	next_reg	cs	next_reg$_DFF_PN0_/D
44	0.7540	we	work_factor_num_reg[I]	we	work_factor_num_reg[10]$_DFFE_PN0P_/D
45	0.7590	cs	work_factor_num_reg[I]	cs	work_factor_num_reg[10]$_DFFE_PN0P_/D
46	0.7601	work_factor_num_reg[I]	read_data[I]	work_factor_num_reg[1]$_DFFE_PN0P_/Q	read_data[1]
47	0.7819	mode_reg[I]	read_data[I]	mode_reg[1]$_DFFE_PN1P_/Q	read_data[3]
48	0.7934	work_factor_reg	read_data[I]	work_factor_reg$_DFFE_PN0P_/Q	read_data[7]
49	0.7951	next_reg	read_data[I]	next_reg$_DFF_PN0_/Q	read_data[1]
50	0.7966	digest_valid_reg	read_data[I]	digest_valid_reg$_DFF_PN0_/Q	read_data[1]
51	0.7970	init_reg	read_data[I]	init_reg$_DFF_PN0_/Q	read_data[0]
52	0.8035	ready_reg	read_data[I]	ready_reg$_DFF_PN0_/Q	read_data[0]
53	0.8059	write_data[I]	block_reg[I][J]	write_data[2]	block_reg[0][2]$_DFFE_PN0P_/D
54	0.8063	write_data[I]	mode_reg[I]	write_data[2]	mode_reg[0]$_DFFE_PN1P_/D
55	0.8304	core.b_reg[I]	core.HI_reg[J]	core.b_reg[0]$_DFFE_PN0P_/Q	core.H1_reg[60]$_DFFE_PN0P_/D
56	0.8351	core.h_reg[I]	core.HI_reg[J]	core.h_reg[0]$_DFFE_PN0P_/Q	core.H7_reg[60]$_DFFE_PN0P_/D
57	0.8356	write_data[I]	init_reg	write_data[0]	init_reg$_DFF_PN0_/D
58	0.8356	write_data[I]	next_reg	write_data[1]	next_reg$_DFF_PN0_/D
59	0.8409	core.HI_reg[J]	core.HI_reg[J]	core.H1_reg[0]$_DFFE_PN0P_/Q	core.H1_reg[60]$_DFFE_PN0P_/D
60	0.8425	core.c_reg[I]	core.HI_reg[J]	core.c_reg[0]$_DFFE_PN0P_/Q	core.H2_reg[62]$_DFFE_PN0P_/D
61	0.8432	core.d_reg[I]	core.HI_reg[J]	core.d_reg[24]$_DFFE_PN0P_/Q	core.H3_reg[62]$_DFFE_PN0P_/D
62	0.8445	core.e_reg[I]	core.HI_reg[J]	core.e_reg[16]$_DFFE_PN0P_/Q	core.H4_reg[37]$_DFFE_PN0P_/D
63	0.8509	core.f_reg[I]	core.HI_reg[J]	core.f_reg[11]$_DFFE_PN0P_/Q	core.H5_reg[59]$_DFFE_PN0P_/D
64	0.8546	core.d_reg[I]	core.e_reg[I]	core.d_reg[14]$_DFFE_PN0P_/Q	core.e_reg[63]$_DFFE_PN0P_/D
65	0.8616	core.w_mem_inst.w_ctr_reg[I]	core.w_mem_inst.w_pre_reg[I]	core.w_mem_inst.w_ctr_reg[1]$_DFFE_PN0P_/Q	core.w_mem_inst.w_pre_reg[4]$_DFFE_PP_/D
66	0.8617	write_data[I]	work_factor_reg	write_data[7]	work_factor_reg$_DFFE_PN0P_/D
67	0.8621	write_data[I]	work_factor_num_reg[I]	write_data[0]	work_factor_num_reg[0]$_DFFE_PN0P_/D
68	0.8624	core.work_factor_ctr_reg[I]	core.w_mem_inst.w_pre_reg[I]	core.work_factor_ctr_reg[21]$_DFFE_PN0P_/Q	core.w_mem_inst.w_pre_reg[60]$_DFFE_PP_/D
69	0.8672	core.g_reg[I]	core.HI_reg[J]	core.g_reg[45]$_DFFE_PN0P_/Q	core.H6_reg[62]$_DFFE_PN0P_/D
70	0.8684	core.a_reg[I]	core.HI_reg[J]	core.a_reg[0]$_DFFE_PN0P_/Q	core.H0_reg[48]$_DFFE_PN0P_/D
71	0.8774	core.work_factor_ctr_reg[I]	core.h_reg[I]	core.work_factor_ctr_reg[21]$_DFFE_PN0P_/Q	core.h_reg[22]$_DFFE_PN0P_/D
72	0.8774	core.work_factor_ctr_reg[I]	core.g_reg[I]	core.work_factor_ctr_reg[21]$_DFFE_PN0P_/Q	core.g_reg[35]$_DFFE_PN0P_/D
73	0.8823	core.work_factor_ctr_reg[I]	core.w_mem_inst.w_mem[I][J]	core.work_factor_ctr_reg[21]$_DFFE_PN0P_/Q	core.w_mem_inst.w_mem[0][0]$_DFFE_PN0P_/D
74	0.8840	work_factor_num_reg[I]	core.w_mem_inst.w_pre_reg[I]	work_factor_num_reg[21]$_DFFE_PN0P_/QN	core.w_mem_inst.w_pre_reg[60]$_DFFE_PP_/D
75	0.8916	core.work_factor_ctr_reg[I]	core.c_reg[I]	core.work_factor_ctr_reg[21]$_DFFE_PN0P_/Q	core.c_reg[19]$_DFFE_PN0P_/D
76	0.8916	core.work_factor_ctr_reg[I]	core.d_reg[I]	core.work_factor_ctr_reg[21]$_DFFE_PN0P_/Q	core.d_reg[0]$_DFFE_PN0P_/D
77	0.8916	core.work_factor_ctr_reg[I]	core.e_reg[I]	core.work_factor_ctr_reg[21]$_DFFE_PN0P_/Q	core.e_reg[45]$_DFFE_PN0P_/D
78	0.8916	core.work_factor_ctr_reg[I]	core.f_reg[I]	core.work_factor_ctr_reg[21]$_DFFE_PN0P_/Q	core.f_reg[5]$_DFFE_PN0P_/D
79	0.8958	core.work_factor_ctr_reg[I]	core.a_reg[I]	core.work_factor_ctr_reg[21]$_DFFE_PN0P_/Q	core.a_reg[0]$_DFFE_PN0P_/D
80	0.8958	core.work_factor_ctr_reg[I]	core.b_reg[I]	core.work_factor_ctr_reg[21]$_DFFE_PN0P_/Q	core.b_reg[10]$_DFFE_PN0P_/D
81	0.8990	work_factor_num_reg[I]	core.h_reg[I]	work_factor_num_reg[21]$_DFFE_PN0P_/QN	core.h_reg[22]$_DFFE_PN0P_/D
82	0.8991	work_factor_num_reg[I]	core.g_reg[I]	work_factor_num_reg[21]$_DFFE_PN0P_/QN	core.g_reg[35]$_DFFE_PN0P_/D
83	0.9016	core.work_factor_ctr_reg[I]	core.k_data_reg[I]	core.work_factor_ctr_reg[21]$_DFFE_PN0P_/Q	core.k_data_reg[24]$_DFFE_PP_/D
84	0.9039	work_factor_num_reg[I]	core.w_mem_inst.w_mem[I][J]	work_factor_num_reg[21]$_DFFE_PN0P_/QN	core.w_mem_inst.w_mem[0][0]$_DFFE_PN0P_/D
85	0.9126	core.work_factor_ctr_reg[I]	core.w_mem_inst.w_ctr_reg[I]	core.work_factor_ctr_reg[21]$_DFFE_PN0P_/Q	core.w_mem_inst.w_ctr_reg[4]$_DFFE_PN0P_/D
86	0.9132	work_factor_num_reg[I]	core.c_reg[I]	work_factor_num_reg[21]$_DFFE_PN0P_/QN	core.c_reg[19]$_DFFE_PN0P_/D
87	0.9132	work_factor_num_reg[I]	core.d_reg[I]	work_factor_num_reg[21]$_DFFE_PN0P_/QN	core.d_reg[0]$_DFFE_PN0P_/D
88	0.9132	work_factor_num_reg[I]	core.e_reg[I]	work_factor_num_reg[21]$_DFFE_PN0P_/QN	core.e_reg[45]$_DFFE_PN0P_/D
89	0.9132	work_factor_num_reg[I]	core.f_reg[I]	work_factor_num_reg[21]$_DFFE_PN0P_/QN	core.f_reg[5]$_DFFE_PN0P_/D
90	0.9155	core.round_ctr_reg[I]	core.k_data_reg[I]	core.round_ctr_reg[1]$_DFFE_PN0P_/Q	core.k_data_reg[36]$_DFFE_PP_/D
91	0.9174	work_factor_num_reg[I]	core.a_reg[I]	work_factor_num_reg[21]$_DFFE_PN0P_/QN	core.a_reg[0]$_DFFE_PN0P_/D
92	0.9174	work_factor_num_reg[I]	core.b_reg[I]	work_factor_num_reg[21]$_DFFE_PN0P_/QN	core.b_reg[10]$_DFFE_PN0P_/D
93	0.9233	work_factor_num_reg[I]	core.k_data_reg[I]	work_factor_num_reg[21]$_DFFE_PN0P_/QN	core.k_data_reg[24]$_DFFE_PP_/D
94	0.9286	core.work_factor_ctr_reg[I]	core.HI_reg[J]	core.work_factor_ctr_reg[21]$_DFFE_PN0P_/Q	core.H3_reg[39]$_DFFE_PN0P_/D
95	0.9342	work_factor_num_reg[I]	core.w_mem_inst.w_ctr_reg[I]	work_factor_num_reg[21]$_DFFE_PN0P_/QN	core.w_mem_inst.w_ctr_reg[4]$_DFFE_PN0P_/D
96	0.9502	work_factor_num_reg[I]	core.HI_reg[J]	work_factor_num_reg[21]$_DFFE_PN0P_/QN	core.H3_reg[39]$_DFFE_PN0P_/D
97	0.9543	core.w_mem_inst.w_ctr_reg[I]	core.w_mem_inst.w_mem[I][J]	core.w_mem_inst.w_ctr_reg[1]$_DFFE_PN0P_/Q	core.w_mem_inst.w_mem[14][49]$_DFFE_PN0P_/D
98	0.9643	core.work_factor_ctr_reg[I]	core.digest_valid_reg	core.work_factor_ctr_reg[21]$_DFFE_PN0P_/Q	core.digest_valid_reg$_DFFE_PN0P_/D
99	0.9646	core.work_factor_ctr_reg[I]	core.ready_reg	core.work_factor_ctr_reg[21]$_DFFE_PN0P_/Q	core.ready_reg$_DFFE_PN1P_/D
100	0.9727	core.round_ctr_reg[I]	core.work_factor_ctr_reg[I]	core.round_ctr_reg[1]$_DFFE_PN0P_/Q	core.work_factor_ctr_reg[31]$_DFFE_PN0P_/D
