# stage	6_final
# top_module	sha512
# top_n	100
# kind	blocks
# include_full	1
# rank	worst_slack_ns	start	end	start_full	end_full
1	-0.2120	address[I]	read_data[I]	address[1]	read_data[3]
2	-0.1238	core.e_reg[I]	core.a_reg[I]	core.e_reg[31]$_DFFE_PN0P_/Q	core.a_reg[54]$_DFFE_PN0P_/D
3	-0.1004	core.f_reg[I]	core.a_reg[I]	core.f_reg[13]$_DFFE_PN0P_/Q	core.a_reg[54]$_DFFE_PN0P_/D
4	-0.0974	core.g_reg[I]	core.a_reg[I]	core.g_reg[13]$_DFFE_PN0P_/Q	core.a_reg[54]$_DFFE_PN0P_/D
5	-0.0713	core.e_reg[I]	core.e_reg[I]	core.e_reg[31]$_DFFE_PN0P_/Q	core.e_reg[63]$_DFFE_PN0P_/D
6	-0.0687	core.w_mem_inst.w_pre_reg[I]	core.a_reg[I]	core.w_mem_inst.w_pre_reg[3]$_DFFE_PP_/Q	core.a_reg[54]$_DFFE_PN0P_/D
7	-0.0551	core.f_reg[I]	core.e_reg[I]	core.f_reg[13]$_DFFE_PN0P_/Q	core.e_reg[63]$_DFFE_PN0P_/D
8	-0.0522	core.g_reg[I]	core.e_reg[I]	core.g_reg[13]$_DFFE_PN0P_/Q	core.e_reg[63]$_DFFE_PN0P_/D
9	-0.0240	we	read_data[I]	we	read_data[13]
10	0.0095	address[I]	error	address[7]	error
11	0.0104	cs	read_data[I]	cs	read_data[14]
12	0.0159	core.w_mem_inst.w_pre_reg[I]	core.e_reg[I]	core.w_mem_inst.w_pre_reg[13]$_DFFE_PP_/Q	core.e_reg[63]$_DFFE_PN0P_/D
13	0.0298	core.k_data_reg[I]	core.a_reg[I]	core.k_data_reg[14]$_DFFE_PP_/Q	core.a_reg[54]$_DFFE_PN0P_/D
14	0.0795	core.k_data_reg[I]	core.e_reg[I]	core.k_data_reg[13]$_DFFE_PP_/Q	core.e_reg[63]$_DFFE_PN0P_/D
15	0.1268	we	error	we	error
16	0.1587	core.h_reg[I]	core.a_reg[I]	core.h_reg[13]$_DFFE_PN0P_/Q	core.a_reg[54]$_DFFE_PN0P_/D
17	0.1603	digest_reg[I]	read_data[I]	digest_reg[437]$_DFFE_PN0P_/Q	read_data[21]
18	0.1968	cs	error	cs	error
19	0.2040	core.h_reg[I]	core.e_reg[I]	core.h_reg[13]$_DFFE_PN0P_/Q	core.e_reg[63]$_DFFE_PN0P_/D
20	0.2227	block_reg[I][J]	read_data[I]	block_reg[9][15]$_DFFE_PN0P_/Q	read_data[15]
21	0.2798	core.w_mem_inst.w_mem[I][J]	core.w_mem_inst.w_pre_reg[I]	core.w_mem_inst.w_mem[14][20]$_DFFE_PN0P_/Q	core.w_mem_inst.w_pre_reg[63]$_DFFE_PP_/D
22	0.2983	core.w_mem_inst.w_mem[I][J]	core.w_mem_inst.w_mem[I][J]	core.w_mem_inst.w_mem[14][20]$_DFFE_PN0P_/Q	core.w_mem_inst.w_mem[15][63]$_DFFE_PN0P_/D
23	0.3336	work_factor_num_reg[I]	read_data[I]	work_factor_num_reg[1]$_DFFE_PN0P_/Q	read_data[1]
24	0.3625	ready_reg	read_data[I]	ready_reg$_DFF_PN0_/Q	read_data[0]
25	0.3709	next_reg	read_data[I]	next_reg$_DFF_PN0_/Q	read_data[1]
26	0.3752	init_reg	read_data[I]	init_reg$_DFF_PN0_/Q	read_data[0]
27	0.4002	digest_valid_reg	read_data[I]	digest_valid_reg$_DFF_PN0_/Q	read_data[1]
28	0.4043	mode_reg[I]	read_data[I]	mode_reg[1]$_DFFE_PN1P_/Q	read_data[3]
29	0.4154	work_factor_reg	read_data[I]	work_factor_reg$_DFFE_PN0P_/Q	read_data[7]
30	0.5058	address[I]	block_reg[I][J]	address[4]	block_reg[1][20]$_DFFE_PN0P_/D
31	0.5185	core.w_mem_inst.w_ctr_reg[I]	core.w_mem_inst.w_pre_reg[I]	core.w_mem_inst.w_ctr_reg[1]$_DFFE_PN0P_/Q	core.w_mem_inst.w_pre_reg[17]$_DFFE_PP_/D
32	0.5924	core.w_mem_inst.w_ctr_reg[I]	core.w_mem_inst.w_mem[I][J]	core.w_mem_inst.w_ctr_reg[1]$_DFFE_PN0P_/Q	core.w_mem_inst.w_mem[11][25]$_DFFE_PN0P_/D
33	0.5939	core.work_factor_ctr_reg[I]	core.HI_reg[J]	core.work_factor_ctr_reg[25]$_DFFE_PN0P_/Q	core.H7_reg[33]$_DFFE_PN0P_/D
34	0.5959	core.work_factor_ctr_reg[I]	core.k_data_reg[I]	core.work_factor_ctr_reg[13]$_DFFE_PN0P_/Q	core.k_data_reg[12]$_DFFE_PP_/D
35	0.6021	work_factor_num_reg[I]	core.k_data_reg[I]	work_factor_num_reg[13]$_DFFE_PN0P_/QN	core.k_data_reg[12]$_DFFE_PP_/D
36	0.6086	core.work_factor_ctr_reg[I]	core.d_reg[I]	core.work_factor_ctr_reg[13]$_DFFE_PN0P_/Q	core.d_reg[12]$_DFFE_PN0P_/D
37	0.6142	core.work_factor_ctr_reg[I]	core.w_mem_inst.w_pre_reg[I]	core.work_factor_ctr_reg[25]$_DFFE_PN0P_/Q	core.w_mem_inst.w_pre_reg[62]$_DFFE_PP_/D
38	0.6148	work_factor_num_reg[I]	core.d_reg[I]	work_factor_num_reg[13]$_DFFE_PN0P_/QN	core.d_reg[12]$_DFFE_PN0P_/D
39	0.6155	core.work_factor_ctr_reg[I]	core.w_mem_inst.w_mem[I][J]	core.work_factor_ctr_reg[25]$_DFFE_PN0P_/Q	core.w_mem_inst.w_mem[6][13]$_DFFE_PN0P_/D
40	0.6178	core.work_factor_ctr_reg[I]	core.a_reg[I]	core.work_factor_ctr_reg[13]$_DFFE_PN0P_/Q	core.a_reg[0]$_DFFE_PN0P_/D
41	0.6240	work_factor_num_reg[I]	core.a_reg[I]	work_factor_num_reg[13]$_DFFE_PN0P_/QN	core.a_reg[0]$_DFFE_PN0P_/D
42	0.6327	core.round_ctr_reg[I]	core.k_data_reg[I]	core.round_ctr_reg[0]$_DFFE_PN0P_/Q	core.k_data_reg[23]$_DFFE_PP_/D
43	0.6345	core.work_factor_ctr_reg[I]	core.e_reg[I]	core.work_factor_ctr_reg[13]$_DFFE_PN0P_/Q	core.e_reg[36]$_DFFE_PN0P_/D
44	0.6384	work_factor_num_reg[I]	core.HI_reg[J]	work_factor_num_reg[0]$_DFFE_PN0P_/Q	core.H6_reg[55]$_DFFE_PN0P_/D
45	0.6407	work_factor_num_reg[I]	core.e_reg[I]	work_factor_num_reg[13]$_DFFE_PN0P_/QN	core.e_reg[36]$_DFFE_PN0P_/D
46	0.6425	work_factor_num_reg[I]	core.w_mem_inst.w_pre_reg[I]	work_factor_num_reg[13]$_DFFE_PN0P_/QN	core.w_mem_inst.w_pre_reg[36]$_DFFE_PP_/D
47	0.6428	core.a_reg[I]	core.a_reg[I]	core.a_reg[35]$_DFFE_PN0P_/Q	core.a_reg[35]$_DFFE_PN0P_/D
48	0.6525	reset_n	core.w_mem_inst.w_mem[I][J]	reset_n	core.w_mem_inst.w_mem[6][16]$_DFFE_PN0P_/RN
49	0.6527	reset_n	block_reg[I][J]	reset_n	block_reg[11][20]$_DFFE_PN0P_/RN
50	0.6537	core.work_factor_ctr_reg[I]	core.b_reg[I]	core.work_factor_ctr_reg[13]$_DFFE_PN0P_/Q	core.b_reg[36]$_DFFE_PN0P_/D
51	0.6599	work_factor_num_reg[I]	core.b_reg[I]	work_factor_num_reg[13]$_DFFE_PN0P_/QN	core.b_reg[36]$_DFFE_PN0P_/D
52	0.6622	core.work_factor_ctr_reg[I]	core.c_reg[I]	core.work_factor_ctr_reg[13]$_DFFE_PN0P_/Q	core.c_reg[19]$_DFFE_PN0P_/D
53	0.6631	work_factor_num_reg[I]	core.w_mem_inst.w_mem[I][J]	work_factor_num_reg[25]$_DFFE_PN0P_/QN	core.w_mem_inst.w_mem[6][13]$_DFFE_PN0P_/D
54	0.6649	core.g_reg[I]	core.HI_reg[J]	core.g_reg[23]$_DFFE_PN0P_/Q	core.H6_reg[61]$_DFFE_PN0P_/D
55	0.6684	work_factor_num_reg[I]	core.c_reg[I]	work_factor_num_reg[13]$_DFFE_PN0P_/QN	core.c_reg[19]$_DFFE_PN0P_/D
56	0.6691	address[I]	work_factor_num_reg[I]	address[7]	work_factor_num_reg[27]$_DFFE_PN0P_/D
57	0.6746	core.e_reg[I]	core.HI_reg[J]	core.e_reg[9]$_DFFE_PN0P_/Q	core.H4_reg[57]$_DFFE_PN0P_/D
58	0.6789	core.a_reg[I]	core.HI_reg[J]	core.a_reg[11]$_DFFE_PN0P_/Q	core.H0_reg[60]$_DFFE_PN0P_/D
59	0.6803	we	block_reg[I][J]	we	block_reg[1][20]$_DFFE_PN0P_/D
60	0.6815	init_reg	core.f_reg[I]	init_reg$_DFF_PN0_/Q	core.f_reg[33]$_DFFE_PN0P_/D
61	0.6824	init_reg	core.HI_reg[J]	init_reg$_DFF_PN0_/Q	core.H5_reg[33]$_DFFE_PN0P_/D
62	0.6854	core.work_factor_ctr_reg[I]	core.g_reg[I]	core.work_factor_ctr_reg[13]$_DFFE_PN0P_/Q	core.g_reg[1]$_DFFE_PN0P_/D
63	0.6858	core.work_factor_ctr_reg[I]	core.f_reg[I]	core.work_factor_ctr_reg[13]$_DFFE_PN0P_/Q	core.f_reg[4]$_DFFE_PN0P_/D
64	0.6861	init_reg	core.g_reg[I]	init_reg$_DFF_PN0_/Q	core.g_reg[20]$_DFFE_PN0P_/D
65	0.6880	core.work_factor_ctr_reg[I]	core.h_reg[I]	core.work_factor_ctr_reg[13]$_DFFE_PN0P_/Q	core.h_reg[1]$_DFFE_PN0P_/D
66	0.6916	work_factor_num_reg[I]	core.g_reg[I]	work_factor_num_reg[13]$_DFFE_PN0P_/QN	core.g_reg[1]$_DFFE_PN0P_/D
67	0.6918	core.HI_reg[J]	core.HI_reg[J]	core.H6_reg[23]$_DFFE_PN0P_/Q	core.H6_reg[61]$_DFFE_PN0P_/D
68	0.6920	work_factor_num_reg[I]	core.f_reg[I]	work_factor_num_reg[13]$_DFFE_PN0P_/QN	core.f_reg[4]$_DFFE_PN0P_/D
69	0.6941	init_reg	core.h_reg[I]	init_reg$_DFF_PN0_/Q	core.h_reg[33]$_DFFE_PN0P_/D
70	0.6942	work_factor_num_reg[I]	core.h_reg[I]	work_factor_num_reg[13]$_DFFE_PN0P_/QN	core.h_reg[1]$_DFFE_PN0P_/D
71	0.6971	reset_n	core.HI_reg[J]	reset_n	core.H2_reg[32]$_DFFE_PN0P_/RN
72	0.6971	core.shaI_ctrl_reg[J]	core.f_reg[I]	core.sha512_ctrl_reg[0]$_DFF_PN1_/Q	core.f_reg[33]$_DFFE_PN0P_/D
73	0.6981	core.shaI_ctrl_reg[J]	core.HI_reg[J]	core.sha512_ctrl_reg[0]$_DFF_PN1_/Q	core.H5_reg[33]$_DFFE_PN0P_/D
74	0.6987	reset_n	core.c_reg[I]	reset_n	core.c_reg[14]$_DFFE_PN0P_/RN
75	0.7004	reset_n	core.b_reg[I]	reset_n	core.b_reg[44]$_DFFE_PN0P_/RN
76	0.7005	reset_n	digest_reg[I]	reset_n	digest_reg[365]$_DFFE_PN0P_/RN
77	0.7006	reset_n	core.a_reg[I]	reset_n	core.a_reg[43]$_DFFE_PN0P_/RN
78	0.7016	reset_n	core.w_mem_inst.w_pre_reg[I]	reset_n	core.w_mem_inst.w_pre_reg[41]$_DFFE_PP_/D
79	0.7018	core.shaI_ctrl_reg[J]	core.g_reg[I]	core.sha512_ctrl_reg[0]$_DFF_PN1_/Q	core.g_reg[20]$_DFFE_PN0P_/D
80	0.7063	core.shaI_ctrl_reg[J]	core.h_reg[I]	core.sha512_ctrl_reg[2]$_DFF_PN0_/Q	core.h_reg[15]$_DFFE_PN0P_/D
81	0.7094	core.b_reg[I]	core.HI_reg[J]	core.b_reg[32]$_DFFE_PN0P_/Q	core.H1_reg[60]$_DFFE_PN0P_/D
82	0.7154	cs	block_reg[I][J]	cs	block_reg[1][20]$_DFFE_PN0P_/D
83	0.7172	core.c_reg[I]	core.a_reg[I]	core.c_reg[39]$_DFFE_PN0P_/Q	core.a_reg[54]$_DFFE_PN0P_/D
84	0.7197	reset_n	core.k_data_reg[I]	reset_n	core.k_data_reg[12]$_DFFE_PP_/D
85	0.7264	core.shaI_ctrl_reg[J]	core.k_data_reg[I]	core.sha512_ctrl_reg[1]$_DFF_PN0_/Q	core.k_data_reg[12]$_DFFE_PP_/D
86	0.7290	core.shaI_ctrl_reg[J]	core.d_reg[I]	core.sha512_ctrl_reg[2]$_DFF_PN0_/Q	core.d_reg[38]$_DFFE_PN0P_/D
87	0.7293	core.work_factor_ctr_reg[I]	core.digest_valid_reg	core.work_factor_ctr_reg[25]$_DFFE_PN0P_/Q	core.digest_valid_reg$_DFFE_PN0P_/D
88	0.7294	core.work_factor_ctr_reg[I]	core.ready_reg	core.work_factor_ctr_reg[25]$_DFFE_PN0P_/Q	core.ready_reg$_DFFE_PN1P_/D
89	0.7304	core.b_reg[I]	core.a_reg[I]	core.b_reg[39]$_DFFE_PN0P_/Q	core.a_reg[54]$_DFFE_PN0P_/D
90	0.7361	reset_n	work_factor_num_reg[I]	reset_n	work_factor_num_reg[20]$_DFFE_PN0P_/RN
91	0.7362	reset_n	core.work_factor_ctr_reg[I]	reset_n	core.work_factor_ctr_reg[26]$_DFFE_PN0P_/RN
92	0.7380	reset_n	core.d_reg[I]	reset_n	core.d_reg[49]$_DFFE_PN0P_/RN
93	0.7453	core.f_reg[I]	core.HI_reg[J]	core.f_reg[2]$_DFFE_PN0P_/Q	core.H5_reg[63]$_DFFE_PN0P_/D
94	0.7482	core.shaI_ctrl_reg[J]	core.a_reg[I]	core.sha512_ctrl_reg[1]$_DFF_PN0_/Q	core.a_reg[0]$_DFFE_PN0P_/D
95	0.7492	reset_n	core.e_reg[I]	reset_n	core.e_reg[48]$_DFFE_PN0P_/RN
96	0.7494	reset_n	core.f_reg[I]	reset_n	core.f_reg[25]$_DFFE_PN0P_/RN
97	0.7649	core.shaI_ctrl_reg[J]	core.e_reg[I]	core.sha512_ctrl_reg[1]$_DFF_PN0_/Q	core.e_reg[36]$_DFFE_PN0P_/D
98	0.7658	core.h_reg[I]	core.HI_reg[J]	core.h_reg[9]$_DFFE_PN0P_/Q	core.H7_reg[56]$_DFFE_PN0P_/D
99	0.7663	work_factor_reg	core.k_data_reg[I]	work_factor_reg$_DFFE_PN0P_/Q	core.k_data_reg[12]$_DFFE_PP_/D
100	0.7668	core.shaI_ctrl_reg[J]	core.w_mem_inst.w_pre_reg[I]	core.sha512_ctrl_reg[1]$_DFF_PN0_/Q	core.w_mem_inst.w_pre_reg[36]$_DFFE_PP_/D
