# stage	6_final
# top_module	tpu_top
# top_n	100
# kind	blocks
# include_full	1
# rank	worst_slack_ns	start	end	start_full	end_full
1	0.0373	systolic.data_queue[I][J]	systolic.mul_partial_hi[I][J]	systolic.data_queue[47][2]$_SDFFE_PN0P_/Q	systolic.mul_partial_hi[47][11]$_SDFF_PN0_/D
2	0.0402	matrix_index_d[I]	_I_	matrix_index_d[1]$_SDFF_PN0_/QN	_103419_/D
3	0.0421	systolic.data_queue[I][J]	systolic.mul_partial_lo[I][J]	systolic.data_queue[22][1]$_SDFFE_PN0P_/Q	systolic.mul_partial_lo[22][11]$_SDFF_PN0_/D
4	0.0444	systolic.weight_queue[I][J]	systolic.mul_partial_hi[I][J]	systolic.weight_queue[53][6]$_SDFFE_PN0P_/Q	systolic.mul_partial_hi[53][11]$_SDFF_PN0_/D
5	0.0510	systolic_controll.matrix_index[I]	systolic.mul_outcome[I]	systolic_controll.matrix_index[4]$_SDFF_PP0_/Q	systolic.mul_outcome[11]$_SDFF_PN0_/D
6	0.0573	systolic.weight_queue[I][J]	systolic.mul_partial_lo[I][J]	systolic.weight_queue[47][3]$_SDFFE_PN0P_/Q	systolic.mul_partial_lo[47][14]$_SDFF_PN0_/D
7	0.0938	systolic.matrix_mul_ID[J][K]	systolic.matrix_mul_ID[J][K]	systolic.matrix_mul_2D[15][0]$_SDFFE_PN0P_/Q	systolic.matrix_mul_2D[15][20]$_SDFFE_PN0P_/D
8	0.1004	systolic.mul_product_reg[I][J]	systolic.matrix_mul_ID[J][K]	systolic.mul_product_reg[15][0]$_SDFF_PN0_/Q	systolic.matrix_mul_2D[15][20]$_SDFFE_PN0P_/D
9	0.1315	write_out.sram_wdata_a[I]	sram_wdata_a[I]	write_out.sram_wdata_a[8]$_SDFF_PN0_/Q	sram_wdata_a[8]
10	0.1315	write_out.sram_wdata_b[I]	sram_wdata_b[I]	write_out.sram_wdata_b[111]$_SDFF_PN0_/Q	sram_wdata_b[111]
11	0.1376	write_out.sram_wdata_c[I]	sram_wdata_c[I]	write_out.sram_wdata_c[43]$_SDFF_PN0_/Q	sram_wdata_c[43]
12	0.1382	write_out.sram_waddr_c[I]	sram_waddr_c[I]	write_out.sram_waddr_c[1]$_SDFF_PN0_/Q	sram_waddr_c[1]
13	0.1389	write_out.sram_waddr_b[I]	sram_waddr_b[I]	write_out.sram_waddr_b[4]$_SDFF_PN0_/Q	sram_waddr_b[4]
14	0.1402	write_out.sram_write_enable_bI	sram_write_enable_bI	write_out.sram_write_enable_b0$_SDFF_PN1_/Q	sram_write_enable_b0
15	0.1432	write_out.sram_waddr_a[I]	sram_waddr_a[I]	write_out.sram_waddr_a[2]$_SDFF_PN0_/Q	sram_waddr_a[2]
16	0.1464	write_out.sram_write_enable_aI	sram_write_enable_aI	write_out.sram_write_enable_a0$_SDFF_PN1_/Q	sram_write_enable_a0
17	0.1467	write_out.sram_write_enable_cI	sram_write_enable_cI	write_out.sram_write_enable_c0$_SDFF_PN1_/Q	sram_write_enable_c0
18	0.1491	tpu_done	tpu_done	tpu_done$_SDFF_PN0_/Q	tpu_done
19	0.1492	addr_sel.sram_raddr_wI[J]	sram_raddr_dI[J]	addr_sel.sram_raddr_w0[3]$_SDFF_PN1_/Q	sram_raddr_d0[3]
20	0.1493	addr_sel.sram_raddr_wI[J]	sram_raddr_wI[J]	addr_sel.sram_raddr_w0[3]$_SDFF_PN1_/Q	sram_raddr_w0[3]
21	0.2509	systolic_controll.state[I]	systolic.data_queue[I][J]	systolic_controll.state[3]$_DFF_P_/Q	systolic.data_queue[54][1]$_SDFFE_PN0P_/D
22	0.2583	systolic_controll.cycle_num[I]	systolic.is_accum_I[J]	systolic_controll.cycle_num[1]$_SDFF_PN0_/QN	systolic.is_accum_1[4]$_SDFF_PP0_/D
23	0.2801	systolic_controll.state[I]	systolic.weight_queue[I][J]	systolic_controll.state[3]$_DFF_P_/Q	systolic.weight_queue[61][2]$_SDFFE_PN0P_/D
24	0.2832	systolic.mul_outcome[I]	write_out.qd_pI[J]	systolic.mul_outcome[51]$_SDFF_PN0_/Q	write_out.qd_p1[42]$_SDFF_PN0_/D
25	0.3096	systolic.mul_partial_hi[I][J]	systolic.mul_product_reg[I][J]	systolic.mul_partial_hi[25][2]$_SDFF_PN0_/Q	systolic.mul_product_reg[25][15]$_SDFF_PN0_/D
26	0.3140	systolic.mul_partial_lo[I][J]	systolic.mul_product_reg[I][J]	systolic.mul_partial_lo[25][6]$_SDFF_PN0_/Q	systolic.mul_product_reg[25][15]$_SDFF_PN0_/D
27	0.3328	systolic.is_reset_reg[I]	systolic.matrix_mul_ID[J][K]	systolic.is_reset_reg[15]$_SDFF_PN0_/Q	systolic.matrix_mul_2D[57][13]$_SDFFE_PN0P_/D
28	0.3356	matrix_index_d[I]	write_out.src_b_pI[J][K]	matrix_index_d[4]$_SDFF_PN0_/QN	write_out.src_b_p1[1][0]$_SDFF_PN0_/D
29	0.3370	matrix_index_d[I]	write_out.en_a_pI[J]	matrix_index_d[4]$_SDFF_PN0_/QN	write_out.en_a_p1[1]$_SDFF_PN0_/D
30	0.3378	systolic_controll.state[I]	systolic_controll.cycle_num[I]	systolic_controll.state[3]$_DFF_P_/Q	systolic_controll.cycle_num[1]$_SDFF_PN0_/D
31	0.3408	matrix_index_d[I]	write_out.en_c_pI[J]	matrix_index_d[4]$_SDFF_PN0_/QN	write_out.en_c_p1[1]$_SDFF_PN0_/D
32	0.3480	systolic_controll.state[I]	systolic.is_accum_I[J]	systolic_controll.state[3]$_DFF_P_/Q	systolic.is_accum_1[2]$_SDFF_PP0_/D
33	0.3481	write_out.src_b_pI[J][K]	write_out.sram_wdata_b[I]	write_out.src_b_p1[7][0]$_SDFF_PN0_/Q	write_out.sram_wdata_b[1]$_SDFF_PN0_/D
34	0.3489	systolic.is_accum_reg[I]	systolic.matrix_mul_ID[J][K]	systolic.is_accum_reg[5]$_SDFF_PN0_/Q	systolic.matrix_mul_2D[5][11]$_SDFFE_PN0P_/D
35	0.3537	systolic_controll.cycle_num[I]	systolic.is_reset_I[J]	systolic_controll.cycle_num[0]$_SDFF_PN0_/Q	systolic.is_reset_1[4]$_SDFF_PN0_/D
36	0.3554	systolic.mul_outcome[I]	write_out.qd_pI[J]	systolic.mul_outcome[51]$_SDFF_PN0_/Q	write_out.qd_p1[47]$_SDFF_PP0_/D
37	0.3562	systolic_controll.state[I]	systolic_controll.tpu_done	systolic_controll.state[3]$_DFF_P_/Q	systolic_controll.tpu_done$_SDFF_PN0_/D
38	0.3579	write_out.src_c_pI[J][K]	write_out.sram_wdata_c[I]	write_out.src_c_p1[6][1]$_SDFF_PN0_/Q	write_out.sram_wdata_c[20]$_SDFF_PN0_/D
39	0.3632	systolic_controll.state[I]	systolic_controll.data_set[I]	systolic_controll.state[3]$_DFF_P_/Q	systolic_controll.data_set[1]$_SDFFE_PN0P_/D
40	0.3707	write_out.src_a_pI[J][K]	write_out.sram_wdata_a[I]	write_out.src_a_p1[7][1]$_SDFF_PN0_/Q	write_out.sram_wdata_a[1]$_SDFF_PN0_/D
41	0.3742	systolic.matrix_mul_ID[J][K]	systolic.mul_outcome[I]	systolic.matrix_mul_2D[48][1]$_SDFFE_PN0P_/Q	systolic.mul_outcome[127]$_SDFF_PN0_/D
42	0.3776	srstn	systolic.weight_queue[I][J]	srstn	systolic.weight_queue[43][0]$_SDFFE_PN0P_/D
43	0.3824	srstn	systolic.mul_product_reg[I][J]	srstn	systolic.mul_product_reg[43][7]$_SDFF_PN0_/D
44	0.3831	srstn	systolic.mul_outcome[I]	srstn	systolic.mul_outcome[152]$_SDFF_PN0_/D
45	0.3835	systolic_controll.cycle_num[I]	systolic_controll.data_set[I]	systolic_controll.cycle_num[1]$_SDFF_PN0_/Q	systolic_controll.data_set[0]$_SDFFE_PN0P_/D
46	0.3837	srstn	systolic.matrix_mul_ID[J][K]	srstn	systolic.matrix_mul_2D[56][20]$_SDFFE_PN0P_/D
47	0.3846	srstn	systolic.data_queue[I][J]	srstn	systolic.data_queue[43][1]$_SDFFE_PN0P_/D
48	0.3892	srstn	systolic.mul_partial_hi[I][J]	srstn	systolic.mul_partial_hi[44][5]$_SDFF_PN0_/D
49	0.3910	srstn	systolic.mul_partial_lo[I][J]	srstn	systolic.mul_partial_lo[44][9]$_SDFF_PN0_/D
50	0.3924	systolic_controll.cycle_num[I]	systolic_controll.matrix_index[I]	systolic_controll.cycle_num[1]$_SDFF_PN0_/Q	systolic_controll.matrix_index[4]$_SDFF_PP0_/D
51	0.3954	systolic_controll.matrix_index[I]	systolic_controll.matrix_index[I]	systolic_controll.matrix_index[2]$_SDFF_PP0_/QN	systolic_controll.matrix_index[4]$_SDFF_PP0_/D
52	0.4011	data_set_d[I]	write_out.src_b_pI[J][K]	data_set_d[1]$_SDFF_PN0_/Q	write_out.src_b_p1[4][0]$_SDFF_PN0_/D
53	0.4051	srstn	write_out.src_b_pI[J][K]	srstn	write_out.src_b_p1[4][0]$_SDFF_PN0_/D
54	0.4067	systolic_controll.state[I]	systolic.is_reset_I[J]	systolic_controll.state[3]$_DFF_P_/Q	systolic.is_reset_1[15]$_SDFF_PN0_/D
55	0.4127	srstn	write_out.qd_pI[J]	srstn	write_out.qd_p1[89]$_SDFF_PN0_/D
56	0.4144	matrix_index_d[I]	write_out.src_a_pI[J][K]	matrix_index_d[4]$_SDFF_PN0_/QN	write_out.src_a_p1[7][2]$_SDFF_PN0_/D
57	0.4190	systolic_controll.cycle_num[I]	sram_write_enable_d	systolic_controll.cycle_num[1]$_SDFF_PN0_/Q	sram_write_enable_d$_SDFF_PN0_/D
58	0.4191	sram_write_enable_d	write_out.src_b_pI[J][K]	sram_write_enable_d$_SDFF_PN0_/Q	write_out.src_b_p1[4][0]$_SDFF_PN0_/D
59	0.4214	srstn	systolic.is_accum_I[J]	srstn	systolic.is_accum_1[2]$_SDFF_PP0_/D
60	0.4216	data_set_d[I]	write_out.src_c_pI[J][K]	data_set_d[1]$_SDFF_PN0_/Q	write_out.src_c_p1[1][1]$_SDFF_PN0_/D
61	0.4241	matrix_index_d[I]	write_out.src_c_pI[J][K]	matrix_index_d[4]$_SDFF_PN0_/QN	write_out.src_c_p1[7][2]$_SDFF_PN0_/D
62	0.4255	srstn	write_out.src_c_pI[J][K]	srstn	write_out.src_c_p1[1][1]$_SDFF_PN0_/D
63	0.4395	sram_write_enable_d	write_out.src_c_pI[J][K]	sram_write_enable_d$_SDFF_PN0_/Q	write_out.src_c_p1[1][1]$_SDFF_PN0_/D
64	0.4400	systolic_controll.state[I]	systolic_controll.addr_serial_num[I]	systolic_controll.state[3]$_DFF_P_/Q	systolic_controll.addr_serial_num[0]$_SDFFE_PN0P_/D
65	0.4415	srstn	write_out.sram_wdata_a[I]	srstn	write_out.sram_wdata_a[16]$_SDFF_PN0_/D
66	0.4473	srstn	systolic_controll.cycle_num[I]	srstn	systolic_controll.cycle_num[1]$_SDFF_PN0_/D
67	0.4504	systolic_controll.matrix_index[I]	systolic_controll.data_set[I]	systolic_controll.matrix_index[1]$_SDFF_PP0_/Q	systolic_controll.data_set[0]$_SDFFE_PN0P_/D
68	0.4516	srstn	write_out.sram_write_enable_aI	srstn	write_out.sram_write_enable_a0$_SDFF_PN1_/D
69	0.4543	systolic_controll.addr_serial_num[I]	systolic_controll.addr_serial_num[I]	systolic_controll.addr_serial_num[1]$_SDFFE_PN0P_/Q	systolic_controll.addr_serial_num[5]$_SDFFE_PN0P_/D
70	0.4544	srstn	write_out.qd_pI[J]	srstn	write_out.qd_p1[31]$_SDFF_PP0_/D
71	0.4550	data_set_d[I]	write_out.en_c_pI[J]	data_set_d[1]$_SDFF_PN0_/Q	write_out.en_c_p1[0]$_SDFF_PN0_/D
72	0.4557	srstn	write_out.sram_write_enable_bI	srstn	write_out.sram_write_enable_b0$_SDFF_PN1_/D
73	0.4560	systolic_controll.matrix_index[I]	systolic_controll.state[I]	systolic_controll.matrix_index[1]$_SDFF_PP0_/Q	systolic_controll.state[3]$_DFF_P_/D
74	0.4570	srstn	write_out.sram_write_enable_cI	srstn	write_out.sram_write_enable_c0$_SDFF_PN1_/D
75	0.4590	srstn	write_out.en_c_pI[J]	srstn	write_out.en_c_p1[0]$_SDFF_PN0_/D
76	0.4595	srstn	systolic_controll.addr_serial_num[I]	srstn	systolic_controll.addr_serial_num[1]$_SDFFE_PN0P_/D
77	0.4617	systolic_controll.addr_serial_num[I]	addr_sel.sram_raddr_wI[J]	systolic_controll.addr_serial_num[5]$_SDFFE_PN0P_/Q	addr_sel.sram_raddr_w1[5]$_SDFF_PN1_/D
78	0.4658	srstn	systolic_controll.tpu_done	srstn	systolic_controll.tpu_done$_SDFF_PN0_/D
79	0.4660	data_set_d[I]	write_out.waddr_c_pI[J]	data_set_d[1]$_SDFF_PN0_/Q	write_out.waddr_c_p1[0]$_SDFF_PN0_/D
80	0.4662	srstn	write_out.sram_wdata_b[I]	srstn	write_out.sram_wdata_b[6]$_SDFF_PN0_/D
81	0.4665	data_set_d[I]	_I_	data_set_d[1]$_SDFF_PN0_/Q	_103419_/D
82	0.4675	srstn	systolic_controll.state[I]	srstn	systolic_controll.state[3]$_DFF_P_/D
83	0.4700	srstn	write_out.waddr_c_pI[J]	srstn	write_out.waddr_c_p1[0]$_SDFF_PN0_/D
84	0.4703	systolic_controll.cycle_num[I]	systolic_controll.cycle_num[I]	systolic_controll.cycle_num[1]$_SDFF_PN0_/Q	systolic_controll.cycle_num[8]$_SDFF_PN0_/D
85	0.4705	srstn	_I_	srstn	_103419_/D
86	0.4728	srstn	systolic_controll.data_set[I]	srstn	systolic_controll.data_set[1]$_SDFFE_PN0P_/D
87	0.4729	sram_write_enable_d	write_out.en_c_pI[J]	sram_write_enable_d$_SDFF_PN0_/Q	write_out.en_c_p1[0]$_SDFF_PN0_/D
88	0.4735	srstn	write_out.sram_wdata_c[I]	srstn	write_out.sram_wdata_c[50]$_SDFF_PN0_/D
89	0.4738	systolic_controll.state[I]	systolic_controll.state[I]	systolic_controll.state[3]$_DFF_P_/Q	systolic_controll.state[0]$_DFF_P_/D
90	0.4742	srstn	write_out.src_a_pI[J][K]	srstn	write_out.src_a_p1[4][0]$_SDFF_PN0_/D
91	0.4759	srstn	systolic.is_reset_I[J]	srstn	systolic.is_reset_1[15]$_SDFF_PN0_/D
92	0.4801	data_set_d[I]	write_out.src_a_pI[J][K]	data_set_d[1]$_SDFF_PN0_/Q	write_out.src_a_p1[4][0]$_SDFF_PN0_/D
93	0.4810	systolic_controll.matrix_index[I]	systolic_controll.tpu_done	systolic_controll.matrix_index[1]$_SDFF_PP0_/Q	systolic_controll.tpu_done$_SDFF_PN0_/D
94	0.4839	sram_write_enable_d	write_out.waddr_c_pI[J]	sram_write_enable_d$_SDFF_PN0_/Q	write_out.waddr_c_p1[0]$_SDFF_PN0_/D
95	0.4845	sram_write_enable_d	_I_	sram_write_enable_d$_SDFF_PN0_/Q	_103419_/D
96	0.4847	data_set_d[I]	write_out.we_c_pI	data_set_d[1]$_SDFF_PN0_/Q	write_out.we_c_p1$_SDFF_PN1_/D
97	0.4887	srstn	write_out.we_c_pI	srstn	write_out.we_c_p1$_SDFF_PN1_/D
98	0.4916	data_set_d[I]	write_out.en_a_pI[J]	data_set_d[1]$_SDFF_PN0_/Q	write_out.en_a_p1[0]$_SDFF_PN0_/D
99	0.4927	srstn	systolic_controll.matrix_index[I]	srstn	systolic_controll.matrix_index[4]$_SDFF_PP0_/D
100	0.4955	srstn	write_out.en_a_pI[J]	srstn	write_out.en_a_p1[0]$_SDFF_PN0_/D
