# stage	6_final
# top_module	aes
# top_n	100
# kind	blocks
# include_full	1
# rank	worst_slack_ns	start	end	start_full	end_full
1	-0.2219	core.keymem.prev_keyI_reg[J]	core.keymem.key_mem[I][J]	core.keymem.prev_key1_reg[24]$_DFFE_PN0P_/Q	core.keymem.key_mem[12][30]$_DFFE_PN0P_/D
2	-0.2150	encdec_reg	core.dec_block.block_wI_reg[J]	encdec_reg$_DFFE_PN0P_/Q	core.dec_block.block_w3_reg[19]$_DFFE_PN0P_/D
3	-0.2099	core.enc_block.sword_ctr_reg[I]	core.enc_block.block_wI_reg[J]	core.enc_block.sword_ctr_reg[1]$_DFFE_PN0P_/Q	core.enc_block.block_w1_reg[21]$_DFFE_PN0P_/D
4	-0.2070	core.dec_block.round_ctr_reg[I]	core.dec_block.block_wI_reg[J]	core.dec_block.round_ctr_reg[3]$_DFFE_PN0P_/Q	core.dec_block.block_w3_reg[12]$_DFFE_PN0P_/D
5	-0.1995	core.keymem.prev_keyI_reg[J]	core.keymem.prev_keyI_reg[J]	core.keymem.prev_key1_reg[9]$_DFFE_PN0P_/Q	core.keymem.prev_key1_reg[22]$_DFFE_PN0P_/D
6	-0.1939	core.enc_block.round_ctr_reg[I]	core.dec_block.block_wI_reg[J]	core.enc_block.round_ctr_reg[0]$_DFFE_PN0P_/Q	core.dec_block.block_w0_reg[4]$_DFFE_PN0P_/D
7	-0.1296	encdec_reg	core.enc_block.block_wI_reg[J]	encdec_reg$_DFFE_PN0P_/Q	core.enc_block.block_w3_reg[2]$_DFFE_PN0P_/D
8	-0.1289	core.enc_block.block_wI_reg[J]	core.enc_block.block_wI_reg[J]	core.enc_block.block_w2_reg[29]$_DFFE_PN0P_/Q	core.enc_block.block_w2_reg[26]$_DFFE_PN0P_/D
9	-0.0937	core.dec_block.round_ctr_reg[I]	core.enc_block.block_wI_reg[J]	core.dec_block.round_ctr_reg[3]$_DFFE_PN0P_/Q	core.enc_block.block_w3_reg[2]$_DFFE_PN0P_/D
10	-0.0861	core.enc_block.enc_ctrl_reg[I]	core.enc_block.block_wI_reg[J]	core.enc_block.enc_ctrl_reg[2]$_DFF_PN0_/Q	core.enc_block.block_w3_reg[4]$_DFFE_PN0P_/D
11	-0.0775	core.enc_block.round_ctr_reg[I]	core.enc_block.block_wI_reg[J]	core.enc_block.round_ctr_reg[2]$_DFFE_PN0P_/Q	core.enc_block.block_w3_reg[2]$_DFFE_PN0P_/D
12	-0.0507	core.dec_block.block_wI_reg[J]	core.dec_block.block_wI_reg[J]	core.dec_block.block_w2_reg[25]$_DFFE_PN0P_/Q	core.dec_block.block_w2_reg[29]$_DFFE_PN0P_/D
13	-0.0000	core.keymem.key_mem[I][J]	core.dec_block.block_wI_reg[J]	core.keymem.key_mem[7][86]$_DFFE_PN0P_/Q	core.dec_block.block_w0_reg[4]$_DFFE_PN0P_/D
14	0.0384	keylen_reg	core.enc_block.block_wI_reg[J]	keylen_reg$_DFFE_PN0P_/QN	core.enc_block.block_w3_reg[19]$_DFFE_PN0P_/D
15	0.0523	core.keymem.round_ctr_reg[I]	core.keymem.prev_keyI_reg[J]	core.keymem.round_ctr_reg[0]$_DFFE_PN0P_/Q	core.keymem.prev_key1_reg[19]$_DFFE_PN0P_/D
16	0.0711	core.keymem.round_ctr_reg[I]	core.keymem.key_mem[I][J]	core.keymem.round_ctr_reg[0]$_DFFE_PN0P_/Q	core.keymem.key_mem[12][30]$_DFFE_PN0P_/D
17	0.1115	core.keymem.key_mem[I][J]	core.enc_block.block_wI_reg[J]	core.keymem.key_mem[7][2]$_DFFE_PN0P_/Q	core.enc_block.block_w3_reg[2]$_DFFE_PN0P_/D
18	0.1215	encdec_reg	result_reg[I]	encdec_reg$_DFFE_PN0P_/Q	result_reg[100]$_DFF_PN0_/D
19	0.1260	read_data_reg[I]	read_data[I]	read_data_reg[27]$_DFF_PN0_/Q	read_data[27]
20	0.1264	core.dec_block.dec_ctrl_reg[I]	core.dec_block.block_wI_reg[J]	core.dec_block.dec_ctrl_reg[2]$_DFF_PN0_/Q	core.dec_block.block_w1_reg[18]$_DFFE_PN0P_/D
21	0.1306	core.keymem.key_mem_ctrl_reg[I]	core.keymem.key_mem[I][J]	core.keymem.key_mem_ctrl_reg[1]$_DFF_PN0_/Q	core.keymem.key_mem[10][24]$_DFFE_PN0P_/D
22	0.1334	core.keymem.rcon_reg[I]	core.keymem.key_mem[I][J]	core.keymem.rcon_reg[1]$_DFFE_PN0P_/Q	core.keymem.key_mem[4][57]$_DFFE_PN0P_/D
23	0.1349	encdec_reg	read_data_reg[I]	encdec_reg$_DFFE_PN0P_/Q	read_data_reg[2]$_DFF_PN0_/D
24	0.1712	core.keymem.rcon_reg[I]	core.keymem.prev_keyI_reg[J]	core.keymem.rcon_reg[2]$_DFFE_PN0P_/Q	core.keymem.prev_key1_reg[26]$_DFFE_PN0P_/D
25	0.1724	core.keymem.round_ctr_reg[I]	core.keymem.rcon_reg[I]	core.keymem.round_ctr_reg[0]$_DFFE_PN0P_/Q	core.keymem.rcon_reg[2]$_DFFE_PN0P_/D
26	0.1781	core.keymem.key_mem_ctrl_reg[I]	core.keymem.prev_keyI_reg[J]	core.keymem.key_mem_ctrl_reg[1]$_DFF_PN0_/Q	core.keymem.prev_key1_reg[19]$_DFFE_PN0P_/D
27	0.1799	keylen_reg	core.keymem.key_mem[I][J]	keylen_reg$_DFFE_PN0P_/Q	core.keymem.key_mem[6][9]$_DFFE_PN0P_/D
28	0.1812	keylen_reg	core.keymem.prev_keyI_reg[J]	keylen_reg$_DFFE_PN0P_/Q	core.keymem.prev_key1_reg[94]$_DFFE_PN0P_/D
29	0.1860	address[I]	key_reg[I][J]	address[3]	key_reg[2][24]$_DFFE_PN0P_/D
30	0.2327	address[I]	read_data_reg[I]	address[6]	read_data_reg[1]$_DFF_PN0_/D
31	0.2453	keylen_reg	core.keymem.key_mem_ctrl_reg[I]	keylen_reg$_DFFE_PN0P_/Q	core.keymem.key_mem_ctrl_reg[2]$_DFF_PN0_/D
32	0.2494	address[I]	block_reg[I][J]	address[3]	block_reg[3][10]$_DFFE_PN0P_/D
33	0.2585	core.keymem.key_mem_ctrl_reg[I]	core.keymem.rcon_reg[I]	core.keymem.key_mem_ctrl_reg[1]$_DFF_PN0_/Q	core.keymem.rcon_reg[2]$_DFFE_PN0P_/D
34	0.2626	we	key_reg[I][J]	we	key_reg[2][24]$_DFFE_PN0P_/D
35	0.2651	cs	key_reg[I][J]	cs	key_reg[2][24]$_DFFE_PN0P_/D
36	0.2960	keylen_reg	core.keymem.rcon_reg[I]	keylen_reg$_DFFE_PN0P_/Q	core.keymem.rcon_reg[2]$_DFFE_PN0P_/D
37	0.2998	address[I]	encdec_reg	address[6]	encdec_reg$_DFFE_PN0P_/D
38	0.3039	core.keymem.key_mem_ctrl_reg[I]	core.keymem.key_mem_ctrl_reg[I]	core.keymem.key_mem_ctrl_reg[1]$_DFF_PN0_/Q	core.keymem.key_mem_ctrl_reg[2]$_DFF_PN0_/D
39	0.3043	address[I]	keylen_reg	address[6]	keylen_reg$_DFFE_PN0P_/D
40	0.3061	address[I]	init_reg	address[6]	init_reg$_DFF_PN0_/D
41	0.3076	address[I]	next_reg	address[6]	next_reg$_DFF_PN0_/D
42	0.3261	we	block_reg[I][J]	we	block_reg[3][10]$_DFFE_PN0P_/D
43	0.3286	cs	block_reg[I][J]	cs	block_reg[3][10]$_DFFE_PN0P_/D
44	0.3678	encdec_reg	core.aes_core_ctrl_reg[I]	encdec_reg$_DFFE_PN0P_/Q	core.aes_core_ctrl_reg[2]$_DFF_PN0_/D
45	0.3731	core.enc_block.round_ctr_reg[I]	core.enc_block.enc_ctrl_reg[I]	core.enc_block.round_ctr_reg[2]$_DFFE_PN0P_/Q	core.enc_block.enc_ctrl_reg[1]$_DFF_PN0_/D
46	0.3793	core.keymem.round_ctr_reg[I]	core.keymem.key_mem_ctrl_reg[I]	core.keymem.round_ctr_reg[1]$_DFFE_PN0P_/Q	core.keymem.key_mem_ctrl_reg[2]$_DFF_PN0_/D
47	0.3846	core.keymem.key_mem_ctrl_reg[I]	core.keymem.round_ctr_reg[I]	core.keymem.key_mem_ctrl_reg[1]$_DFF_PN0_/Q	core.keymem.round_ctr_reg[3]$_DFFE_PN0P_/D
48	0.3864	encdec_reg	core.enc_block.round_ctr_reg[I]	encdec_reg$_DFFE_PN0P_/Q	core.enc_block.round_ctr_reg[3]$_DFFE_PN0P_/D
49	0.3937	cs	read_data_reg[I]	cs	read_data_reg[1]$_DFF_PN0_/D
50	0.3965	encdec_reg	core.enc_block.ready_reg	encdec_reg$_DFFE_PN0P_/Q	core.enc_block.ready_reg$_DFFE_PN1P_/D
51	0.3995	we	read_data_reg[I]	we	read_data_reg[1]$_DFF_PN0_/D
52	0.3995	block_reg[I][J]	core.dec_block.block_wI_reg[J]	block_reg[0][18]$_DFFE_PN0P_/Q	core.dec_block.block_w1_reg[18]$_DFFE_PN0P_/D
53	0.4006	encdec_reg	core.ready_reg	encdec_reg$_DFFE_PN0P_/Q	core.ready_reg$_DFFE_PN1P_/D
54	0.4011	core.keymem.round_ctr_reg[I]	core.keymem.round_ctr_reg[I]	core.keymem.round_ctr_reg[0]$_DFFE_PN0P_/Q	core.keymem.round_ctr_reg[2]$_DFFE_PN0P_/D
55	0.4020	core.enc_block.round_ctr_reg[I]	core.enc_block.ready_reg	core.enc_block.round_ctr_reg[2]$_DFFE_PN0P_/Q	core.enc_block.ready_reg$_DFFE_PN1P_/D
56	0.4104	encdec_reg	core.dec_block.round_ctr_reg[I]	encdec_reg$_DFFE_PN0P_/Q	core.dec_block.round_ctr_reg[2]$_DFFE_PN0P_/D
57	0.4238	core.dec_block.dec_ctrl_reg[I]	core.dec_block.round_ctr_reg[I]	core.dec_block.dec_ctrl_reg[2]$_DFF_PN0_/Q	core.dec_block.round_ctr_reg[2]$_DFFE_PN0P_/D
58	0.4245	reset_n	core.keymem.key_mem[I][J]	reset_n	core.keymem.key_mem[8][46]$_DFFE_PN0P_/RN
59	0.4329	block_reg[I][J]	core.enc_block.block_wI_reg[J]	block_reg[3][2]$_DFFE_PN0P_/Q	core.enc_block.block_w3_reg[2]$_DFFE_PN0P_/D
60	0.4337	reset_n	core.dec_block.block_wI_reg[J]	reset_n	core.dec_block.block_w0_reg[1]$_DFFE_PN0P_/RN
61	0.4340	key_reg[I][J]	core.keymem.key_mem[I][J]	key_reg[0][18]$_DFFE_PN0P_/Q	core.keymem.key_mem[0][114]$_DFFE_PN0P_/D
62	0.4384	core.dec_block.round_ctr_reg[I]	core.dec_block.round_ctr_reg[I]	core.dec_block.round_ctr_reg[2]$_DFFE_PN0P_/Q	core.dec_block.round_ctr_reg[3]$_DFFE_PN0P_/D
63	0.4408	reset_n	block_reg[I][J]	reset_n	block_reg[2][20]$_DFFE_PN0P_/RN
64	0.4429	encdec_reg	core.dec_block.ready_reg	encdec_reg$_DFFE_PN0P_/Q	core.dec_block.ready_reg$_DFFE_PN1P_/D
65	0.4490	reset_n	read_data_reg[I]	reset_n	read_data_reg[15]$_DFF_PN0_/RN
66	0.4495	reset_n	result_reg[I]	reset_n	result_reg[22]$_DFF_PN0_/RN
67	0.4508	reset_n	key_reg[I][J]	reset_n	key_reg[2][17]$_DFFE_PN0P_/RN
68	0.4517	reset_n	core.enc_block.block_wI_reg[J]	reset_n	core.enc_block.block_w3_reg[14]$_DFFE_PN0P_/RN
69	0.4519	reset_n	core.enc_block.sword_ctr_reg[I]	reset_n	core.enc_block.sword_ctr_reg[0]$_DFFE_PN0P_/RN
70	0.4526	reset_n	core.keymem.prev_keyI_reg[J]	reset_n	core.keymem.prev_key1_reg[49]$_DFFE_PN0P_/RN
71	0.4551	reset_n	core.enc_block.ready_reg	reset_n	core.enc_block.ready_reg$_DFFE_PN1P_/SN
72	0.4555	reset_n	core.enc_block.enc_ctrl_reg[I]	reset_n	core.enc_block.enc_ctrl_reg[0]$_DFF_PN1_/SN
73	0.4570	core.enc_block.round_ctr_reg[I]	core.enc_block.round_ctr_reg[I]	core.enc_block.round_ctr_reg[1]$_DFFE_PN0P_/Q	core.enc_block.round_ctr_reg[3]$_DFFE_PN0P_/D
74	0.4587	next_reg	core.enc_block.round_ctr_reg[I]	next_reg$_DFF_PN0_/Q	core.enc_block.round_ctr_reg[3]$_DFFE_PN0P_/D
75	0.4591	core.enc_block.sword_ctr_reg[I]	core.enc_block.enc_ctrl_reg[I]	core.enc_block.sword_ctr_reg[1]$_DFFE_PN0P_/Q	core.enc_block.enc_ctrl_reg[0]$_DFF_PN1_/D
76	0.4607	we	encdec_reg	we	encdec_reg$_DFFE_PN0P_/D
77	0.4609	cs	encdec_reg	cs	encdec_reg$_DFFE_PN0P_/D
78	0.4617	write_data[I]	block_reg[I][J]	write_data[31]	block_reg[0][31]$_DFFE_PN0P_/D
79	0.4627	encdec_reg	core.result_valid_reg	encdec_reg$_DFFE_PN0P_/Q	core.result_valid_reg$_DFFE_PN0P_/D
80	0.4641	we	init_reg	we	init_reg$_DFF_PN0_/D
81	0.4642	cs	init_reg	cs	init_reg$_DFF_PN0_/D
82	0.4652	we	keylen_reg	we	keylen_reg$_DFFE_PN0P_/D
83	0.4654	cs	keylen_reg	cs	keylen_reg$_DFFE_PN0P_/D
84	0.4655	we	next_reg	we	next_reg$_DFF_PN0_/D
85	0.4657	cs	next_reg	cs	next_reg$_DFF_PN0_/D
86	0.4676	write_data[I]	key_reg[I][J]	write_data[9]	key_reg[0][9]$_DFFE_PN0P_/D
87	0.4688	next_reg	core.enc_block.ready_reg	next_reg$_DFF_PN0_/Q	core.enc_block.ready_reg$_DFFE_PN1P_/D
88	0.4707	init_reg	read_data_reg[I]	init_reg$_DFF_PN0_/Q	read_data_reg[0]$_DFF_PN0_/D
89	0.4710	reset_n	core.keymem.key_mem_ctrl_reg[I]	reset_n	core.keymem.key_mem_ctrl_reg[0]$_DFF_PN1_/SN
90	0.4711	reset_n	core.keymem.ready_reg	reset_n	core.keymem.ready_reg$_DFFE_PN1P_/SN
91	0.4722	next_reg	core.dec_block.round_ctr_reg[I]	next_reg$_DFF_PN0_/Q	core.dec_block.round_ctr_reg[2]$_DFFE_PN0P_/D
92	0.4724	core.enc_block.enc_ctrl_reg[I]	core.enc_block.round_ctr_reg[I]	core.enc_block.enc_ctrl_reg[1]$_DFF_PN0_/Q	core.enc_block.round_ctr_reg[3]$_DFFE_PN0P_/D
93	0.4774	reset_n	core.keymem.round_ctr_reg[I]	reset_n	core.keymem.round_ctr_reg[0]$_DFFE_PN0P_/RN
94	0.4825	core.enc_block.enc_ctrl_reg[I]	core.enc_block.ready_reg	core.enc_block.enc_ctrl_reg[1]$_DFF_PN0_/Q	core.enc_block.ready_reg$_DFFE_PN1P_/D
95	0.4835	next_reg	read_data_reg[I]	next_reg$_DFF_PN0_/Q	read_data_reg[1]$_DFF_PN0_/D
96	0.4847	reset_n	core.dec_block.ready_reg	reset_n	core.dec_block.ready_reg$_DFFE_PN1P_/SN
97	0.4847	reset_n	core.dec_block.dec_ctrl_reg[I]	reset_n	core.dec_block.dec_ctrl_reg[0]$_DFF_PN1_/SN
98	0.4849	reset_n	core.keymem.rcon_reg[I]	reset_n	core.keymem.rcon_reg[6]$_DFFE_PN0P_/RN
99	0.4853	keylen_reg	core.enc_block.enc_ctrl_reg[I]	keylen_reg$_DFFE_PN0P_/QN	core.enc_block.enc_ctrl_reg[1]$_DFF_PN0_/D
100	0.4882	reset_n	core.dec_block.round_ctr_reg[I]	reset_n	core.dec_block.round_ctr_reg[0]$_DFFE_PN0P_/RN
