# stage	1_synth
# top_module	RsDecodeTop
# top_n	100
# kind	blocks
# include_full	1
# rank	worst_slack_ns	start	end	start_full	end_full
1	-0.2594	lambdaNonzeroReg_I	degreeLambdaReg[I]	lambdaNonzeroReg_13$_DFFE_PN0P_/Q	degreeLambdaReg[1]$_DFFE_PN0P_/D
2	-0.2545	omegaNonzeroReg_I	degreeOmegaReg[I]	omegaNonzeroReg_13$_DFFE_PN0P_/Q	degreeOmegaReg[2]$_DFFE_PN0P_/D
3	-0.0533	enable	omegaShiftedReg_I[J]	enable	omegaShiftedReg_20[1]$_DFFE_PN0P_/D
4	-0.0524	enable	RsDecodePolymul.sumReg_I[J]	enable	RsDecodePolymul.sumReg_10[1]$_DFFE_PN0P_/D
5	-0.0478	enable	RsDecodeChien.epsilonReg_I[J]	enable	RsDecodeChien.epsilonReg_13[7]$_DFFE_PN0P_/D
6	-0.0478	enable	RsDecodeChien.epsilonSumReg[I]	enable	RsDecodeChien.epsilonSumReg[7]$_DFFE_PN0P_/D
7	-0.0478	enable	RsDecodeChien.lambdaOddReg[I]	enable	RsDecodeChien.lambdaOddReg[7]$_DFFE_PN0P_/D
8	-0.0478	enable	RsDecodeChien.lambdaReg_I[J]	enable	RsDecodeChien.lambdaReg_14[7]$_DFFE_PN0P_/D
9	-0.0478	enable	RsDecodeChien.omegaReg_I[J]	enable	RsDecodeChien.omegaReg_18[7]$_DFFE_PN0P_/D
10	-0.0428	enable	omegaNonzeroReg_I	enable	omegaNonzeroReg_7$_DFFE_PN0P_/D
11	-0.0404	enable	RsDecodePolymul.count[I]	enable	RsDecodePolymul.count[0]$_DFFE_PN0P_/D
12	-0.0404	enable	RsDecodeSyndrome.count[I]	enable	RsDecodeSyndrome.count[0]$_DFFE_PN0P_/D
13	-0.0401	enable	lambdaNonzeroReg_I	enable	lambdaNonzeroReg_15$_DFFE_PN0P_/D
14	-0.0322	enable	RsDecodeChien.lambdaEvenReg[I]	enable	RsDecodeChien.lambdaEvenReg[0]$_DFFE_PN0P_/D
15	-0.0320	enable	RsDecodeChien.denomEIInvReg[J]	enable	RsDecodeChien.denomE0InvReg[0]$_DFFE_PN0P_/D
16	-0.0320	enable	RsDecodeEuclide.omegaInvReg[I]	enable	RsDecodeEuclide.omegaInvReg[3]$_DFFE_PN0P_/D
17	-0.0201	RsDecodeSyndrome.count[I]	RsDecodePolymul.sumReg_I[J]	RsDecodeSyndrome.count[1]$_DFFE_PN0P_/Q	RsDecodePolymul.sumReg_20[0]$_DFFE_PN0P_/D
18	-0.0138	enable	RsDecodeSyndrome.reg_I[J]	enable	RsDecodeSyndrome.reg_8[0]$_DFFE_PN0P_/D
19	-0.0032	RsDecodeDelay.RsDecodeDpRam.rRdAddr[I]	RsDecodeDelay.RsDecodeDpRam.q[I]	RsDecodeDelay.RsDecodeDpRam.rRdAddr[0]$_DFF_P_/Q	RsDecodeDelay.RsDecodeDpRam.q[0]$_DFFE_PP_/D
20	0.0015	enable	RsDecodeDelay.readPointer[I]	enable	RsDecodeDelay.readPointer[0]$_DFFE_PN0P_/D
21	0.0036	enable	RsDecodeDelay.writePointer[I]	enable	RsDecodeDelay.writePointer[0]$_DFFE_PN1P_/D
22	0.0101	enable	RsDecodeDelay.RsDecodeDpRam.mem[I][J]	enable	RsDecodeDelay.RsDecodeDpRam.mem[111][0]$_DFFE_PP_/D
23	0.0117	enable	RsDecodeChien.numErrorReg[I]	enable	RsDecodeChien.numErrorReg[0]$_DFFE_PN0P_/D
24	0.0128	enable	RsDecodeEuclide.count[I]	enable	RsDecodeEuclide.count[0]$_DFFE_PN0P_/D
25	0.0192	enable	RsDecodeErasure.powerReg[I]	enable	RsDecodeErasure.powerReg[0]$_DFFE_PN0P_/D
26	0.0238	enable	RsDecodeErasure.count[I]	enable	RsDecodeErasure.count[4]$_DFFE_PN0P_/D
27	0.0261	enable	RsDecodeChien.count[I]	enable	RsDecodeChien.count[5]$_DFFE_PN0P_/D
28	0.0265	enable	degreeEpsilonReg[I]	enable	degreeEpsilonReg[3]$_DFFE_PN0P_/D
29	0.0265	enable	epsilonReg_I[J]	enable	epsilonReg_0[6]$_DFFE_PN0P_/D
30	0.0287	enable	doneReg[I]	enable	doneReg[0]$_DFFE_PN0P_/D
31	0.0287	enable	lambdaRegI_J[K]	enable	lambdaReg2_0[0]$_DFFE_PN0P_/D
32	0.0287	enable	startReg[I]	enable	startReg[1]$_DFFE_PN0P_/D
33	0.0311	enable	RsDecodePolymul.epsilonReg_I[J]	enable	RsDecodePolymul.epsilonReg_10[7]$_DFFE_PN0P_/D
34	0.0339	enable	RsDecodeEuclide.phase[I]	enable	RsDecodeEuclide.phase[1]$_DFFE_PN0P_/D
35	0.0362	enable	RsDecodeEuclide.omegaInner_I[J]	enable	RsDecodeEuclide.omegaInner_21[2]$_DFFE_PN0P_/D
36	0.0382	enable	RsDecodeChien.denomEIReg[J]	enable	RsDecodeChien.denomE0Reg[7]$_DFFE_PN0P_/D
37	0.0382	enable	doneShiftReg	enable	doneShiftReg$_DFFE_PN0P_/D
38	0.0382	enable	RsDecodeChien.numeRegI[J]	enable	RsDecodeChien.numeReg2[7]$_DFFE_PN0P_/D
39	0.0382	enable	RsDecodeChien.epsilonOddReg[I]	enable	RsDecodeChien.epsilonOddReg[7]$_DFFE_PN0P_/D
40	0.0382	enable	RsDecodeChien.lambdaEvenRegI[J]	enable	RsDecodeChien.lambdaEvenReg2[7]$_DFFE_PN0P_/D
41	0.0382	enable	RsDecodeChien.lambdaOddRegI[J]	enable	RsDecodeChien.lambdaOddReg2[7]$_DFFE_PN0P_/D
42	0.0382	enable	RsDecodeChien.lambdaSumReg[I]	enable	RsDecodeChien.lambdaSumReg[7]$_DFFE_PN0P_/D
43	0.0382	enable	RsDecodeChien.omegaSumReg[I]	enable	RsDecodeChien.omegaSumReg[7]$_DFFE_PN0P_/D
44	0.0405	enable	RsDecodeEuclide.qNewReg[I]	enable	RsDecodeEuclide.qNewReg[7]$_DFFE_PN0P_/D
45	0.0405	enable	RsDecodeEuclide.omegaBkpReg[I]	enable	RsDecodeEuclide.omegaBkpReg[7]$_DFFE_PN0P_/D
46	0.0428	enable	degreeOmegaReg[I]	enable	degreeOmegaReg[3]$_DFFE_PN0P_/D
47	0.0462	RsDecodeErasure.epsilonReg_I[J]	RsDecodePolymul.sumReg_I[J]	RsDecodeErasure.epsilonReg_22[6]$_DFFE_PN0P_/Q	RsDecodePolymul.sumReg_19[2]$_DFFE_PN0P_/D
48	0.0463	erasureIn	RsDecodeSyndrome.reg_I[J]	erasureIn	RsDecodeSyndrome.reg_0[7]$_DFFE_PN0P_/D
49	0.0501	enable	RsDecodeEuclide.lambdaXorReg_I[J]	enable	RsDecodeEuclide.lambdaXorReg_10[1]$_DFFE_PN0P_/D
50	0.0506	enable	doneShift	enable	doneShift$_DFFE_PN0P_/D
51	0.0526	RsDecodeChien.lambdaReg_I[J]	RsDecodeChien.numErrorRegI[J]	RsDecodeChien.lambdaReg_17[7]$_DFFE_PN0P_/Q	RsDecodeChien.numErrorReg2[4]$_DFFE_PN0P_/D
52	0.0534	erasureIn	RsDecodeDelay.RsDecodeDpRam.mem[I][J]	erasureIn	RsDecodeDelay.RsDecodeDpRam.mem[0][7]$_DFFE_PP_/D
53	0.0538	RsDecodeEuclide.qNewReg[I]	RsDecodeEuclide.lambdaInner_I[J]	RsDecodeEuclide.qNewReg[5]$_DFFE_PN0P_/Q	RsDecodeEuclide.lambdaInner_3[5]$_DFFE_PN0P_/D
54	0.0552	enable	RsDecodeErasure.epsilonReg_I[J]	enable	RsDecodeErasure.epsilonReg_10[7]$_DFFE_PN0P_/D
55	0.0556	RsDecodeEuclide.qNewReg[I]	RsDecodeEuclide.lambdaXorReg_I[J]	RsDecodeEuclide.qNewReg[5]$_DFFE_PN0P_/Q	RsDecodeEuclide.lambdaXorReg_3[3]$_DFFE_PN0P_/D
56	0.0560	RsDecodePolymul.epsilonReg_I[J]	RsDecodePolymul.sumReg_I[J]	RsDecodePolymul.epsilonReg_22[6]$_DFFE_PN0P_/Q	RsDecodePolymul.sumReg_19[2]$_DFFE_PN0P_/D
57	0.0565	enable	RsDecodeErasure.erasureCount[I]	enable	RsDecodeErasure.erasureCount[5]$_DFFE_PN0P_/D
58	0.0566	enable	failErasureReg	enable	failErasureReg$_DFFE_PN0P_/D
59	0.0583	enable	failErasureRegI	enable	failErasureReg5$_DFFE_PN0P_/D
60	0.0583	enable	numErrorLambdaReg[I]	enable	numErrorLambdaReg[0]$_DFFE_PN0P_/D
61	0.0671	enable	degreeErrorReg	enable	degreeErrorReg$_DFFE_PN0P_/D
62	0.0676	enable	RsDecodePolymul.syndromeReg_I[J]	enable	RsDecodePolymul.syndromeReg_13[0]$_DFFE_PN0P_/D
63	0.0711	RsDecodeEuclide.count[I]	RsDecodeEuclide.omegaInner_I[J]	RsDecodeEuclide.count[0]$_DFFE_PN0P_/Q	RsDecodeEuclide.omegaInner_21[2]$_DFFE_PN0P_/D
64	0.0744	RsDecodeEuclide.omegaInner_I[J]	RsDecodeEuclide.omegaInner_I[J]	RsDecodeEuclide.omegaInner_21[5]$_DFFE_PN0P_/Q	RsDecodeEuclide.omegaInner_21[5]$_DFFE_PN0P_/D
65	0.0750	enable	RsDecodeEuclide.lambdaInner_I[J]	enable	RsDecodeEuclide.lambdaInner_2[1]$_DFFE_PN0P_/D
66	0.0751	RsDecodeChien.denomEIReg[J]	RsDecodeChien.denomEIInvReg[J]	RsDecodeChien.denomE0Reg[1]$_DFFE_PN0P_/Q	RsDecodeChien.denomE0InvReg[1]$_DFFE_PN0P_/D
67	0.0756	enable	RsDecodeEuclide.numShiftedReg[I]	enable	RsDecodeEuclide.numShiftedReg[3]$_DFFE_PN0P_/D
68	0.0764	RsDecodeEuclide.count[I]	RsDecodeEuclide.lambdaInner_I[J]	RsDecodeEuclide.count[0]$_DFFE_PN0P_/Q	RsDecodeEuclide.lambdaInner_2[1]$_DFFE_PN0P_/D
69	0.0768	RsDecodeEuclide.omegaInner_I[J]	RsDecodeEuclide.lambdaXorReg_I[J]	RsDecodeEuclide.omegaInner_21[5]$_DFFE_PN0P_/Q	RsDecodeEuclide.lambdaXorReg_0[5]$_DFFE_PN0P_/D
70	0.0772	enable	degreeEpsilonRegI[J]	enable	degreeEpsilonReg4[0]$_DFFE_PN0P_/D
71	0.0772	enable	degreeLambdaReg[I]	enable	degreeLambdaReg[3]$_DFFE_PN0P_/D
72	0.0777	enable	RsDecodeEuclide.omegaBkp_I[J]	enable	RsDecodeEuclide.omegaBkp_10[0]$_DFFE_PN0P_/D
73	0.0794	enable	RsDecodeChien.numErrorRegI[J]	enable	RsDecodeChien.numErrorReg2[0]$_DFFE_PN0P_/D
74	0.0795	RsDecodeEuclide.qNewReg[I]	RsDecodeEuclide.omegaInner_I[J]	RsDecodeEuclide.qNewReg[4]$_DFFE_PN0P_/Q	RsDecodeEuclide.omegaInner_15[5]$_DFFE_PN0P_/D
75	0.0802	RsDecodeEuclide.omegaInner_I[J]	RsDecodeEuclide.omegaInvReg[I]	RsDecodeEuclide.omegaInner_21[2]$_DFFE_PN0P_/Q	RsDecodeEuclide.omegaInvReg[2]$_DFFE_PN0P_/D
76	0.0827	enable	numErasureReg[I]	enable	numErasureReg[0]$_DFFE_PN0P_/D
77	0.0827	enable	numErrorReg[I]	enable	numErrorReg[0]$_DFFE_PN0P_/D
78	0.0839	numShiftedReg[I]	omegaNonzeroReg_I	numShiftedReg[3]$_DFFE_PN0P_/Q	omegaNonzeroReg_9$_DFFE_PN0P_/D
79	0.0846	RsDecodeEuclide.qNewReg[I]	RsDecodeEuclide.omegaBkp_I[J]	RsDecodeEuclide.qNewReg[4]$_DFFE_PN0P_/Q	RsDecodeEuclide.omegaBkp_1[5]$_DFFE_PN0P_/D
80	0.0855	startPls	RsDecodeSyndrome.reg_I[J]	startPls	RsDecodeSyndrome.reg_13[7]$_DFFE_PN0P_/D
81	0.0869	enable	RsDecodeEuclide.offset[I]	enable	RsDecodeEuclide.offset[4]$_DFFE_PN0P_/D
82	0.0904	numShiftedReg[I]	omegaShiftedReg_I[J]	numShiftedReg[3]$_DFFE_PN0P_/Q	omegaShiftedReg_0[0]$_DFFE_PN0P_/D
83	0.0906	enable	RsDecodeEuclide.lambdaBkp_I[J]	enable	RsDecodeEuclide.lambdaBkp_10[0]$_DFFE_PN0P_/D
84	0.0920	RsDecodeEuclide.count[I]	RsDecodeEuclide.lambdaBkp_I[J]	RsDecodeEuclide.count[0]$_DFFE_PN0P_/Q	RsDecodeEuclide.lambdaBkp_10[0]$_DFFE_PN0P_/D
85	0.0926	RsDecodeErasure.powerReg[I]	RsDecodeErasure.epsilonReg_I[J]	RsDecodeErasure.powerReg[5]$_DFFE_PN0P_/Q	RsDecodeErasure.epsilonReg_19[7]$_DFFE_PN0P_/D
86	0.0931	RsDecodeSyndrome.count[I]	RsDecodePolymul.epsilonReg_I[J]	RsDecodeSyndrome.count[1]$_DFFE_PN0P_/Q	RsDecodePolymul.epsilonReg_16[6]$_DFFE_PN0P_/D
87	0.0932	RsDecodeEuclide.omegaInner_I[J]	RsDecodeEuclide.offset[I]	RsDecodeEuclide.omegaInner_21[5]$_DFFE_PN0P_/Q	RsDecodeEuclide.offset[4]$_DFFE_PN0P_/D
88	0.0939	degreeEpsilonReg[I]	RsDecodeEuclide.omegaInner_I[J]	degreeEpsilonReg[2]$_DFFE_PN0P_/Q	RsDecodeEuclide.omegaInner_21[2]$_DFFE_PN0P_/D
89	0.0965	RsDecodePolymul.syndromeReg_I[J]	RsDecodePolymul.sumReg_I[J]	RsDecodePolymul.syndromeReg_4[6]$_DFFE_PN0P_/Q	RsDecodePolymul.sumReg_4[2]$_DFFE_PN0P_/D
90	0.0965	enable	OutputValidReg	enable	OutputValidReg$_DFFE_PN0P_/D
91	0.0974	enable	omegaReg_I[J]	enable	omegaReg_10[0]$_DFFE_PN0P_/D
92	0.0974	enable	epsilonRegI_J[K]	enable	epsilonReg3_0[0]$_DFFE_PN0P_/D
93	0.0974	enable	numShiftedReg[I]	enable	numShiftedReg[0]$_DFFE_PN0P_/D
94	0.0992	degreeEpsilonReg[I]	RsDecodeEuclide.lambdaInner_I[J]	degreeEpsilonReg[2]$_DFFE_PN0P_/Q	RsDecodeEuclide.lambdaInner_2[1]$_DFFE_PN0P_/D
95	0.1023	degreeEpsilonReg[I]	RsDecodeEuclide.lambdaXorReg_I[J]	degreeEpsilonReg[2]$_DFFE_PN0P_/Q	RsDecodeEuclide.lambdaXorReg_0[5]$_DFFE_PN0P_/D
96	0.1063	RsDecodeEuclide.count[I]	RsDecodeEuclide.omegaBkp_I[J]	RsDecodeEuclide.count[0]$_DFFE_PN0P_/Q	RsDecodeEuclide.omegaBkp_0[4]$_DFFE_PN0P_/D
97	0.1103	RsDecodeEuclide.omegaInner_I[J]	RsDecodeEuclide.omegaBkp_I[J]	RsDecodeEuclide.omegaInner_21[5]$_DFFE_PN0P_/Q	RsDecodeEuclide.omegaBkp_10[0]$_DFFE_PN0P_/D
98	0.1105	RsDecodeEuclide.count[I]	RsDecodeEuclide.numShiftedReg[I]	RsDecodeEuclide.count[0]$_DFFE_PN0P_/Q	RsDecodeEuclide.numShiftedReg[3]$_DFFE_PN0P_/D
99	0.1115	RsDecodeEuclide.omegaInner_I[J]	RsDecodeEuclide.lambdaInner_I[J]	RsDecodeEuclide.omegaInner_21[5]$_DFFE_PN0P_/Q	RsDecodeEuclide.lambdaInner_2[1]$_DFFE_PN0P_/D
100	0.1140	startPls	RsDecodeErasure.epsilonReg_I[J]	startPls	RsDecodeErasure.epsilonReg_10[7]$_DFFE_PN0P_/D
