# stage	1_synth
# top_module	wb_dma_top
# top_n	100
# kind	blocks
# include_full	1
# rank	worst_slack_ns	start	end	start_full	end_full
1	-7.1792	rst_syncI	uI.csr_r[J]	rst_sync2$_DFF_PP0_/Q	u0.csr_r[0]$_DFFE_PN0P_/RN
2	-7.1792	rst_syncI	uI.int_maska_r[J]	rst_sync2$_DFF_PP0_/Q	u0.int_maska_r[0]$_DFFE_PN0P_/RN
3	-7.1792	rst_syncI	uI.int_maskb_r[J]	rst_sync2$_DFF_PP0_/Q	u0.int_maskb_r[0]$_DFFE_PN0P_/RN
4	-7.1792	rst_syncI	uI.uJ.ch_csr_rK[L]	rst_sync2$_DFF_PP0_/Q	u0.u0.ch_csr_r2[0]$_DFFE_PN0P_/RN
5	-7.1792	rst_syncI	uI.uJ.ch_done	rst_sync2$_DFF_PP0_/Q	u0.u0.ch_done$_DFFE_PN0P_/RN
6	-7.1792	rst_syncI	uI.uJ.ch_eol	rst_sync2$_DFF_PP0_/Q	u0.u0.ch_eol$_DFFE_PN0P_/RN
7	-7.1792	rst_syncI	uI.uJ.int_src_r[K]	rst_sync2$_DFF_PP0_/Q	u0.u0.int_src_r[0]$_DFFE_PN0P_/RN
8	-7.1792	rst_syncI	uI.uJ.ptr_valid	rst_sync2$_DFF_PP0_/Q	u0.u0.ptr_valid$_DFFE_PN0P_/RN
9	-7.1792	rst_syncI	uI.uJ.rest_en	rst_sync2$_DFF_PP0_/Q	u0.u0.rest_en$_DFFE_PN0P_/RN
10	-7.1792	rst_syncI	uI.uJ.sw_pointer_r[K]	rst_sync2$_DFF_PP0_/Q	u0.u0.sw_pointer_r[0]$_DFFE_PN0P_/RN
11	-7.1792	rst_syncI	uI.uJ.ch_err	rst_sync2$_DFF_PP0_/Q	u0.u1.ch_err$_DFFE_PN0P_/RN
12	-7.1792	rst_syncI	uI.ch_sel_r[J]	rst_sync2$_DFF_PP0_/Q	u1.ch_sel_r[0]$_DFFE_PN0P_/RN
13	-7.1792	rst_syncI	uI.uJ.state[K]	rst_sync2$_DFF_PP0_/Q	u1.u1.state[0]$_DFFE_PN0P_/RN
14	-7.1792	rst_syncI	uI.state[J]	rst_sync2$_DFF_PP0_/Q	u2.state[10]$_DFF_PN0_/RN
15	-5.3120	rst_syncI	uI.uJ.ch_amK_r[L]	rst_sync2$_DFF_PP0_/Q	u0.u0.ch_am0_r[0]$_DFFE_PN1P_/SN
16	-0.3037	uI.state[J]	wbIs_data_o[J]	u2.state[8]$_DFF_PN0_/Q	wb0s_data_o[0]
17	-0.2226	uI.uJ.state[K]	wbIs_data_o[J]	u1.u2.state[2]$_DFFE_PN0P_/Q	wb0s_data_o[0]
18	-0.2085	uI.uJ.pri_outK[L]	wbIs_data_o[J]	u1.u0.pri_out0[1]$_DFF_P_/Q	wb0s_data_o[0]
19	-0.1386	uI.ch_sel_r[J]	wbIs_data_o[J]	u1.ch_sel_r[0]$_DFFE_PN0P_/Q	wb0s_data_o[0]
20	-0.0972	wbI_addr_i[J]	wbIm_data_o[J]	wb0_addr_i[28]	wb0m_data_o[25]
21	-0.0972	wbI_addr_i[J]	wbI_addr_o[J]	wb0_addr_i[28]	wb1_addr_o[10]
22	-0.0972	wbI_addr_i[J]	wbI_stb_o	wb0_addr_i[28]	wb1_stb_o
23	-0.0972	wbI_addr_i[J]	wbI_we_o	wb0_addr_i[28]	wb1_we_o
24	-0.0901	wbI_addr_i[J]	wbI_cyc_o	wb0_addr_i[28]	wb1_cyc_o
25	-0.0862	wbI_addr_i[J]	wbI_ack_o	wb1_addr_i[29]	wb1_ack_o
26	-0.0732	wbI_addr_i[J]	wbI_err_o	wb0_addr_i[28]	wb0_err_o
27	-0.0732	wbI_addr_i[J]	wbI_rty_o	wb0_addr_i[28]	wb0_rty_o
28	-0.0697	wbI_addr_i[J]	wbIs_data_o[J]	wb0_addr_i[28]	wb1s_data_o[10]
29	-0.0471	wbI_cyc_i	wbIm_data_o[J]	wb0_cyc_i	wb0m_data_o[25]
30	-0.0471	wbI_cyc_i	wbI_addr_o[J]	wb0_cyc_i	wb1_addr_o[10]
31	-0.0471	wbI_cyc_i	wbI_stb_o	wb0_cyc_i	wb1_stb_o
32	-0.0471	wbI_cyc_i	wbI_we_o	wb0_cyc_i	wb1_we_o
33	-0.0298	wbI_cyc_i	wbI_ack_o	wb1_cyc_i	wb1_ack_o
34	-0.0233	wbI_addr_i[J]	wbI_sel_o[J]	wb1_addr_i[29]	wb0_sel_o[0]
35	-0.0105	wbI_cyc_i	wbI_err_o	wb0_cyc_i	wb0_err_o
36	-0.0105	wbI_cyc_i	wbI_rty_o	wb0_cyc_i	wb0_rty_o
37	-0.0055	wbI_cyc_i	wbI_cyc_o	wb0_cyc_i	wb1_cyc_o
38	0.0001	uI.uJ.ch_csr_r[K]	wbIs_data_o[J]	u0.u7.ch_csr_r[7]$_DFFE_PN0P_/Q	wb0s_data_o[0]
39	0.0239	wbI_cyc_i	wbIs_data_o[J]	wb0_cyc_i	wb1s_data_o[10]
40	0.0416	uI.ndr_r[J]	wbIs_data_o[J]	u1.ndr_r[2]$_DFF_P_/Q	wb0s_data_o[0]
41	0.0582	wbI_ack_i	wbI_ack_o	wb1_ack_i	wb0_ack_o
42	0.0595	wbI_cyc_i	wbI_sel_o[J]	wb1_cyc_i	wb0_sel_o[0]
43	0.0814	uI.state[J]	uI.uJ.pointer_sr[K]	u2.state[8]$_DFF_PN0_/Q	u0.u9.pointer_sr[17]$_DFFE_PP_/D
44	0.0830	uI.state[J]	uI.mastJ_adr[K]	u2.state[8]$_DFF_PN0_/Q	u2.mast0_adr[13]$_DFF_P_/D
45	0.1048	uI.state[J]	uI.adrJ_cnt[K]	u2.state[8]$_DFF_PN0_/Q	u2.adr0_cnt[11]$_DFFE_PP_/D
46	0.1058	uI.state[J]	uI.uJ.ch_txsz_s[K]	u2.state[8]$_DFF_PN0_/Q	u0.u0.ch_txsz_s[10]$_DFFE_PP_/D
47	0.1226	uI.state[J]	uI.chunk_J	u2.state[8]$_DFF_PN0_/Q	u2.chunk_0$_DFF_P_/D
48	0.1264	uI.state[J]	uI.uJ.ch_csr_r[K]	u2.state[8]$_DFF_PN0_/Q	u0.u4.ch_csr_r[1]$_DFFE_PN0P_/D
49	0.1264	uI.state[J]	uI.uJ.ch_adrK_s[L]	u2.state[8]$_DFF_PN0_/Q	u0.u12.ch_adr0_s[29]$_DFFE_PP_/D
50	0.1272	uI.state[J]	uI.uJ.mast_stb	u2.state[8]$_DFF_PN0_/Q	u4.u0.mast_stb$_DFF_P_/D
51	0.1334	uI.uJ.state[K]	uI.mastJ_adr[K]	u1.u2.state[2]$_DFFE_PN0P_/Q	u2.mast0_adr[13]$_DFF_P_/D
52	0.1416	uI.state[J]	uI.uJ.pointer_r[K]	u2.state[8]$_DFF_PN0_/Q	u0.u9.pointer_r[10]$_DFFE_PP_/D
53	0.1418	uI.state[J]	uI.uJ.ch_chk_sz_r[K]	u2.state[8]$_DFF_PN0_/Q	u0.u12.ch_chk_sz_r[0]$_DFFE_PP_/D
54	0.1463	uI.uJ.state[K]	uI.adrJ_cnt[K]	u1.u2.state[3]$_DFFE_PN0P_/Q	u2.adr1_cnt[10]$_DFFE_PP_/D
55	0.1481	uI.state[J]	uI.tsz_cnt[J]	u2.state[8]$_DFF_PN0_/Q	u2.tsz_cnt[6]$_DFFE_PP_/D
56	0.1502	uI.uJ.pri_outK[L]	uI.adrJ_cnt[K]	u1.u0.pri_out0[1]$_DFF_P_/Q	u2.adr1_cnt[10]$_DFFE_PP_/D
57	0.1502	uI.state[J]	uI.uJ.mast_we_r	u2.state[8]$_DFF_PN0_/Q	u4.u0.mast_we_r$_DFF_P_/D
58	0.1544	uI.state[J]	uI.state[J]	u2.state[8]$_DFF_PN0_/Q	u2.state[7]$_DFF_PN0_/D
59	0.1577	uI.state[J]	uI.uJ.ch_tot_sz_r[K]	u2.state[8]$_DFF_PN0_/Q	u0.u12.ch_tot_sz_r[9]$_DFFE_PP_/D
60	0.1619	uI.state[J]	uI.uJ.ptr_valid	u2.state[8]$_DFF_PN0_/Q	u0.u9.ptr_valid$_DFFE_PN0P_/D
61	0.1654	wbI_stb_i	wbI_stb_o	wb1_stb_i	wb0_stb_o
62	0.1654	wbI_we_i	wbI_we_o	wb1_we_i	wb0_we_o
63	0.1654	wbIs_data_i[J]	wbIm_data_o[J]	wb1s_data_i[0]	wb0m_data_o[0]
64	0.1658	wbIm_data_i[J]	wbIs_data_o[J]	wb1m_data_i[0]	wb0s_data_o[0]
65	0.1671	uI.uJ.pri_outK[L]	uI.mastJ_adr[K]	u1.u0.pri_out0[1]$_DFF_P_/Q	u2.mast0_adr[13]$_DFF_P_/D
66	0.1679	uI.state[J]	uI.uJ.mast_cyc	u2.state[8]$_DFF_PN0_/Q	u3.u0.mast_cyc$_DFF_P_/D
67	0.1681	uI.uJ.state[K]	uI.uJ.pointer_sr[K]	u1.u2.state[0]$_DFFE_PN0P_/Q	u0.u9.pointer_sr[17]$_DFFE_PP_/D
68	0.1702	uI.uJ.state[K]	uI.uJ.mast_stb	u1.u2.state[2]$_DFFE_PN0P_/Q	u4.u0.mast_stb$_DFF_P_/D
69	0.1769	uI.state[J]	uI.uJ.ch_adrK_r[L]	u2.state[8]$_DFF_PN0_/Q	u0.u4.ch_adr0_r[0]$_DFFE_PP_/D
70	0.1773	wbI_sel_i[J]	wbI_sel_o[J]	wb1_sel_i[0]	wb0_sel_o[0]
71	0.1778	uI.state[J]	uI.chunk_cnt[J]	u2.state[8]$_DFF_PN0_/Q	u2.chunk_cnt[3]$_DFFE_PP_/D
72	0.1784	uI.state[J]	uI.write_r	u2.state[8]$_DFF_PN0_/Q	u2.write_r$_DFF_P_/D
73	0.1797	uI.uJ.pri_outK[L]	uI.uJ.ch_txsz_s[K]	u1.u0.pri_out0[1]$_DFF_P_/Q	u0.u1.ch_txsz_s[9]$_DFFE_PP_/D
74	0.1930	wbI_err_i	wbI_err_o	wb1_err_i	wb0_err_o
75	0.1930	wbI_rty_i	wbI_rty_o	wb1_rty_i	wb0_rty_o
76	0.1933	uI.uJ.state[K]	uI.uJ.mast_we_r	u1.u2.state[2]$_DFFE_PN0P_/Q	u4.u0.mast_we_r$_DFF_P_/D
77	0.1961	uI.uJ.pri_outK[L]	uI.uJ.pointer_sr[K]	u1.u0.pri_out0[1]$_DFF_P_/Q	u0.u1.pointer_sr[17]$_DFFE_PP_/D
78	0.1965	uI.uJ.state[K]	uI.tsz_cnt[J]	u1.u1.state[1]$_DFFE_PN0P_/Q	u2.tsz_cnt[1]$_DFFE_PP_/D
79	0.1972	uI.uJ.state[K]	uI.chunk_J	u1.u2.state[3]$_DFFE_PN0P_/Q	u2.chunk_0$_DFF_P_/D
80	0.1987	uI.uJ.pri_outK[L]	uI.uJ.ch_chk_sz_r[K]	u1.u0.pri_out0[1]$_DFF_P_/Q	u0.u1.ch_chk_sz_r[0]$_DFFE_PP_/D
81	0.1996	uI.state[J]	uI.uJ.ch_done	u2.state[8]$_DFF_PN0_/Q	u0.u5.ch_done$_DFFE_PN0P_/D
82	0.2001	uI.uJ.pri_outK[L]	uI.uJ.ch_adrK_s[L]	u1.u0.pri_out0[1]$_DFF_P_/Q	u0.u1.ch_adr1_s[18]$_DFFE_PP_/D
83	0.2011	uI.uJ.pri_outK[L]	uI.chunk_J	u1.u0.pri_out0[1]$_DFF_P_/Q	u2.chunk_0$_DFF_P_/D
84	0.2017	uI.state[J]	uI.uJ.ch_eol	u2.state[8]$_DFF_PN0_/Q	u0.u4.ch_eol$_DFFE_PN0P_/D
85	0.2040	uI.uJ.pri_outK[L]	uI.uJ.mast_stb	u1.u0.pri_out0[1]$_DFF_P_/Q	u4.u0.mast_stb$_DFF_P_/D
86	0.2063	uI.uJ.state[K]	uI.uJ.ch_chk_sz_r[K]	u1.u1.state[1]$_DFFE_PN0P_/Q	u0.u10.ch_chk_sz_r[0]$_DFFE_PP_/D
87	0.2070	uI.uJ.pri_outK[L]	uI.tsz_cnt[J]	u1.u0.pri_out0[1]$_DFF_P_/Q	u2.tsz_cnt[1]$_DFFE_PP_/D
88	0.2097	uI.ch_sel_r[J]	uI.adrJ_cnt[K]	u1.ch_sel_r[3]$_DFFE_PN0P_/Q	u2.adr1_cnt[10]$_DFFE_PP_/D
89	0.2109	uI.uJ.state[K]	uI.uJ.ch_txsz_s[K]	u1.u2.state[0]$_DFFE_PN0P_/Q	u0.u0.ch_txsz_s[10]$_DFFE_PP_/D
90	0.2111	uI.ch_sel_r[J]	uI.uJ.pointer_sr[K]	u1.ch_sel_r[0]$_DFFE_PN0P_/Q	u0.u9.pointer_sr[17]$_DFFE_PP_/D
91	0.2118	uI.uJ.state[K]	uI.uJ.mast_cyc	u1.u1.state[1]$_DFFE_PN0P_/Q	u3.u0.mast_cyc$_DFF_P_/D
92	0.2127	uI.state[J]	uI.write_hold_r	u2.state[8]$_DFF_PN0_/Q	u2.write_hold_r$_DFF_P_/D
93	0.2141	uI.state[J]	uI.ack_o[J]	u2.state[8]$_DFF_PN0_/Q	u1.ack_o[9]$_DFF_P_/D
94	0.2143	uI.state[J]	uI.read_r	u2.state[8]$_DFF_PN0_/Q	u2.read_r$_DFF_P_/D
95	0.2172	uI.state[J]	uI.uJ.int_src_r[K]	u2.state[8]$_DFF_PN0_/Q	u0.u5.int_src_r[1]$_DFFE_PN0P_/D
96	0.2181	uI.state[J]	uI.ch_sel_r[J]	u2.state[8]$_DFF_PN0_/Q	u1.ch_sel_r[2]$_DFFE_PN0P_/D
97	0.2211	uI.state[J]	uI.uJ.ch_rl	u2.state[8]$_DFF_PN0_/Q	u0.u5.ch_rl$_DFF_P_/D
98	0.2214	uI.uJ.state[K]	uI.write_r	u1.u2.state[2]$_DFFE_PN0P_/Q	u2.write_r$_DFF_P_/D
99	0.2242	uI.uJ.pri_outK[L]	uI.uJ.ch_tot_sz_r[K]	u1.u0.pri_out0[1]$_DFF_P_/Q	u0.u1.ch_tot_sz_r[11]$_DFFE_PP_/D
100	0.2257	uI.state[J]	uI.tsz_cnt_is_J_r	u2.state[8]$_DFF_PN0_/Q	u2.tsz_cnt_is_0_r$_DFF_P_/D
