# stage	1_synth
# top_module	fpu
# top_n	100
# kind	blocks
# include_full	1
# rank	worst_slack_ns	start	end	start_full	end_full
1	-0.3089	uI.mul_a[J]	uI.prod_g_hi[J]	u3.mul_a[36]$_SDFFE_PP0P_/Q	u3.prod_g_hi[26]$_SDFFE_PP0P_/D
2	-0.3069	uI.mul_b[J]	uI.prod_g_hi[J]	u3.mul_b[46]$_SDFFE_PP0P_/Q	u3.prod_g_hi[26]$_SDFFE_PP0P_/D
3	-0.2920	uI.mul_a[J]	uI.prod_e_lo[J]	u3.mul_a[28]$_SDFFE_PP0P_/Q	u3.prod_e_lo[25]$_SDFFE_PP0P_/D
4	-0.2900	uI.mul_b[J]	uI.prod_e_lo[J]	u3.mul_b[5]$_SDFFE_PP0P_/Q	u3.prod_e_lo[25]$_SDFFE_PP0P_/D
5	-0.2775	uI.mul_a[J]	uI.prod_e_hi[J]	u3.mul_a[39]$_SDFFE_PP0P_/Q	u3.prod_e_hi[20]$_SDFFE_PP0P_/D
6	-0.2757	uI.mul_b[J]	uI.prod_e_hi[J]	u3.mul_b[0]$_SDFFE_PP0P_/Q	u3.prod_e_hi[20]$_SDFFE_PP0P_/D
7	-0.2435	uI.mul_a[J]	uI.prod_f_hi[J]	u3.mul_a[39]$_SDFFE_PP0P_/Q	u3.prod_f_hi[22]$_SDFFE_PP0P_/D
8	-0.2416	uI.mul_b[J]	uI.prod_f_hi[J]	u3.mul_b[21]$_SDFFE_PP0P_/Q	u3.prod_f_hi[22]$_SDFFE_PP0P_/D
9	-0.2291	uI.mul_a[J]	uI.prod_g_lo[J]	u3.mul_a[28]$_SDFFE_PP0P_/Q	u3.prod_g_lo[25]$_SDFFE_PP0P_/D
10	-0.2271	uI.mul_b[J]	uI.prod_g_lo[J]	u3.mul_b[42]$_SDFFE_PP0P_/Q	u3.prod_g_lo[25]$_SDFFE_PP0P_/D
11	-0.1637	uI.mul_a[J]	uI.prod_f_lo[J]	u3.mul_a[31]$_SDFFE_PP0P_/Q	u3.prod_f_lo[25]$_SDFFE_PP0P_/D
12	-0.1618	uI.mul_b[J]	uI.prod_f_lo[J]	u3.mul_b[21]$_SDFFE_PP0P_/Q	u3.prod_f_lo[25]$_SDFFE_PP0P_/D
13	-0.1234	uI.mul_a[J]	uI.prod_j_hi[J]	u3.mul_a[48]$_SDFFE_PP0P_/Q	u3.prod_j_hi[24]$_SDFFE_PP0P_/D
14	-0.1215	uI.mul_a[J]	uI.prod_j_lo[J]	u3.mul_a[42]$_SDFFE_PP0P_/Q	u3.prod_j_lo[24]$_SDFFE_PP0P_/D
15	-0.1215	uI.mul_b[J]	uI.prod_j_hi[J]	u3.mul_b[43]$_SDFFE_PP0P_/Q	u3.prod_j_hi[24]$_SDFFE_PP0P_/D
16	-0.1195	uI.mul_b[J]	uI.prod_j_lo[J]	u3.mul_b[43]$_SDFFE_PP0P_/Q	u3.prod_j_lo[24]$_SDFFE_PP0P_/D
17	-0.1157	uI.mul_a[J]	uI.pp_aJ[K]	u3.mul_a[7]$_SDFFE_PP0P_/Q	u3.pp_a01[21]$_SDFFE_PP0P_/D
18	-0.1137	uI.mul_b[J]	uI.pp_aJ[K]	u3.mul_b[5]$_SDFFE_PP0P_/Q	u3.pp_a01[21]$_SDFFE_PP0P_/D
19	-0.1137	uI.mul_a[J]	uI.prod_h_lo[J]	u3.mul_a[42]$_SDFFE_PP0P_/Q	u3.prod_h_lo[21]$_SDFFE_PP0P_/D
20	-0.1117	uI.mul_b[J]	uI.prod_h_lo[J]	u3.mul_b[4]$_SDFFE_PP0P_/Q	u3.prod_h_lo[21]$_SDFFE_PP0P_/D
21	-0.1065	uI.mul_a[J]	uI.pp_bJ[K]	u3.mul_a[13]$_SDFFE_PP0P_/Q	u3.pp_b20[21]$_SDFFE_PP0P_/D
22	-0.1046	uI.mul_b[J]	uI.pp_bJ[K]	u3.mul_b[38]$_SDFFE_PP0P_/Q	u3.pp_b20[21]$_SDFFE_PP0P_/D
23	-0.1021	uI.mul_a[J]	uI.prod_i_lo[J]	u3.mul_a[45]$_SDFFE_PP0P_/Q	u3.prod_i_lo[21]$_SDFFE_PP0P_/D
24	-0.1007	uI.mul_b[J]	uI.prod_i_lo[J]	u3.mul_b[17]$_SDFFE_PP0P_/Q	u3.prod_i_lo[21]$_SDFFE_PP0P_/D
25	-0.0911	uI.mul_a[J]	uI.prod_i_hi[J]	u3.mul_a[48]$_SDFFE_PP0P_/Q	u3.prod_i_hi[21]$_SDFFE_PP0P_/D
26	-0.0891	uI.mul_b[J]	uI.prod_i_hi[J]	u3.mul_b[21]$_SDFFE_PP0P_/Q	u3.prod_i_hi[21]$_SDFFE_PP0P_/D
27	-0.0756	uI.mul_a[J]	uI.prod_h_hi[J]	u3.mul_a[48]$_SDFFE_PP0P_/Q	u3.prod_h_hi[21]$_SDFFE_PP0P_/D
28	-0.0736	uI.mul_b[J]	uI.prod_h_hi[J]	u3.mul_b[5]$_SDFFE_PP0P_/Q	u3.prod_h_hi[21]$_SDFFE_PP0P_/D
29	0.0645	uI.divisor_b[J]	uI.divisor_shift_J[K]	u4.divisor_b[37]$_SDFFE_PP0P_/Q	u4.divisor_shift_2[0]$_SDFFE_PP0P_/D
30	0.0943	uI.dividend_a[J]	uI.dividend_shift_J[K]	u4.dividend_a[51]$_SDFFE_PP0P_/Q	u4.dividend_shift_2[0]$_SDFFE_PP0P_/D
31	0.1066	uI.diff[J]	uI.diff_shift_J[K]	u2.diff[52]$_SDFFE_PP0P_/Q	u2.diff_shift_2[0]$_SDFFE_PP0P_/D
32	0.1150	uI.exponent_J[K]	uI.product_J[K]	u3.exponent_2[1]$_SDFFE_PP0P_/Q	u3.product_4[92]$_SDFFE_PP0P_/D
33	0.1293	uI.large_add[J]	uI.sum[J]	u1.large_add[16]$_SDFFE_PP0P_/Q	u1.sum[51]$_SDFFE_PP0P_/D
34	0.1350	uI.small_shift_J[K]	uI.sum[J]	u1.small_shift_3[16]$_SDFFE_PP0P_/Q	u1.sum[51]$_SDFFE_PP0P_/D
35	0.1615	uI.minuend[J]	uI.diff[J]	u2.minuend[3]$_SDFFE_PP0P_/Q	u2.diff[48]$_SDFFE_PP0P_/D
36	0.1793	uI.subtra_shift_J[K]	uI.diff[J]	u2.subtra_shift_3[3]$_SDFFE_PP0P_/QN	u2.diff[48]$_SDFFE_PP0P_/D
37	0.1807	uI.mul_a[J]	uI.product_d[J]	u3.mul_a[0]$_SDFFE_PP0P_/Q	u3.product_d[23]$_SDFFE_PP0P_/D
38	0.1830	uI.mul_b[J]	uI.product_d[J]	u3.mul_b[52]$_SDFFE_PP0P_/Q	u3.product_d[18]$_SDFFE_PP0P_/D
39	0.1999	rst	uI.product_J[K]	rst	u3.product_1[0]$_SDFFE_PP0P_/D
40	0.2020	uI.remainder_shift_term[J]	uI.remainder_b[J]	u4.remainder_shift_term[1]$_SDFFE_PP0P_/Q	u4.remainder_b[99]$_SDFFE_PP0P_/D
41	0.2041	uI.dividend_reg[J]	uI.dividend_reg[J]	u4.dividend_reg[48]$_SDFFE_PP0P_/Q	u4.dividend_reg[30]$_SDFFE_PP0P_/D
42	0.2100	rst	uI.diff[J]	rst	u2.diff[49]$_SDFFE_PP0P_/D
43	0.2100	rst	uI.expon_final_J[K]	rst	u4.expon_final_3[11]$_SDFFE_PP0P_/D
44	0.2119	uI.product_f[J]	uI.sum_J[K]	u3.product_f[0]$_SDFFE_PP0P_/Q	u3.sum_4[34]$_SDFFE_PP0P_/D
45	0.2119	uI.divisor_reg[J]	uI.dividend_reg[J]	u4.divisor_reg[52]$_SDFFE_PP0P_/Q	u4.dividend_reg[30]$_SDFFE_PP0P_/D
46	0.2151	uI.sum_J[K]	uI.sum_J[K]	u3.sum_3[0]$_SDFFE_PP0P_/Q	u3.sum_4[34]$_SDFFE_PP0P_/D
47	0.2181	rst	uI.dividend_a_shifted[J]	rst	u4.dividend_a_shifted[10]$_SDFFE_PP0P_/D
48	0.2181	rst	uI.sum_round[J]	rst	u5.sum_round[41]$_SDFF_PP0_/D
49	0.2182	uI.dividend_reg[J]	uI.quotient[J]	u4.dividend_reg[48]$_SDFFE_PP0P_/Q	u4.quotient[50]$_SDFFE_PP0P_/D
50	0.2210	uI.product_g[J]	uI.sum_J[K]	u3.product_g[11]$_SDFFE_PP0P_/Q	u3.sum_7[29]$_SDFFE_PP0P_/D
51	0.2226	rst	uI.sum[J]	rst	u1.sum[19]$_SDFFE_PP0P_/D
52	0.2226	uI.product_c[J]	uI.sum_J[K]	u3.product_c[0]$_SDFFE_PP0P_/Q	u3.sum_2[36]$_SDFFE_PP0P_/D
53	0.2238	rst	uI.exponent_J[K]	rst	u3.exponent_4[10]$_SDFFE_PP0P_/D
54	0.2238	rst	uI.pp_aJ[K]	rst	u3.pp_a11[10]$_SDFFE_PP0P_/D
55	0.2238	rst	uI.prod_c_lo[J]	rst	u3.prod_c_lo[11]$_SDFFE_PP0P_/D
56	0.2238	rst	uI.prod_f_lo[J]	rst	u3.prod_f_lo[10]$_SDFFE_PP0P_/D
57	0.2238	rst	uI.sum_J[K]	rst	u3.sum_7[12]$_SDFFE_PP0P_/D
58	0.2244	rst	uI.divisor_reg[J]	rst	u4.divisor_reg[18]$_SDFFE_PP0P_/D
59	0.2259	uI.exponent_large[J]	uI.diff_J[K]	u2.exponent_large[1]$_SDFFE_PP0P_/Q	u2.diff_1[36]$_SDFFE_PP0P_/D
60	0.2259	uI.divisor_reg[J]	uI.quotient[J]	u4.divisor_reg[52]$_SDFFE_PP0P_/Q	u4.quotient[50]$_SDFFE_PP0P_/D
61	0.2263	rst	uI.exponent_out[J]	rst	u4.exponent_out[0]$_SDFF_PP0_/D
62	0.2267	rst	uI.diff_J[K]	rst	u2.diff_1[54]$_SDFFE_PP0P_/D
63	0.2268	rst	uI.small_shift[J]	rst	u1.small_shift[10]$_SDFFE_PP0P_/D
64	0.2270	rst	uI.remainder_b[J]	rst	u4.remainder_b[70]$_SDFFE_PP0P_/D
65	0.2274	rst	uI.large_is_denorm	rst	u1.large_is_denorm$_SDFFE_PP0P_/D
66	0.2274	rst	uI.small_is_denorm	rst	u2.small_is_denorm$_SDFFE_PP0P_/D
67	0.2274	rst	uI.subtra_shift[J]	rst	u2.subtra_shift[54]$_SDFFE_PP0P_/D
68	0.2274	rst	uI.exponent_gt_expoffset	rst	u3.exponent_gt_expoffset$_SDFFE_PP0P_/D
69	0.2274	rst	uI.exponent_gt_prodshift	rst	u3.exponent_gt_prodshift$_SDFFE_PP0P_/D
70	0.2274	rst	uI.sign	rst	u3.sign$_SDFFE_PP0P_/D
71	0.2274	rst	uI.count_out[J]	rst	u4.count_out[0]$_SDFFE_PP0P_/D
72	0.2274	rst	uI.expon_uf_gt_maxshift	rst	u4.expon_uf_gt_maxshift$_SDFFE_PP0P_/D
73	0.2274	rst	uI.expon_uf_term_J[K]	rst	u4.expon_uf_term_2[11]$_SDFFE_PP0P_/D
74	0.2274	rst	uI.mantissa_J[K]	rst	u4.mantissa_1[51]$_SDFFE_PP0P_/D
75	0.2274	rst	uI.remainder[J]	rst	u4.remainder[52]$_SDFFE_PP0P_/D
76	0.2274	rst	uI.remainder_shift_term[J]	rst	u4.remainder_shift_term[6]$_SDFFE_PP0P_/D
77	0.2274	rst	uI.exponent_round[J]	rst	u5.exponent_round[10]$_SDFF_PP0_/D
78	0.2283	uI.dividend_reg[J]	uI.remainder_msb	u4.dividend_reg[48]$_SDFFE_PP0P_/Q	u4.remainder_msb$_SDFFE_PP0P_/D
79	0.2284	rst	uI.divisor_b_shifted[J]	rst	u4.divisor_b_shifted[32]$_SDFFE_PP0P_/D
80	0.2284	rst	uI.prod_a_hi[J]	rst	u3.prod_a_hi[19]$_SDFFE_PP0P_/D
81	0.2284	rst	uI.prod_b_hi[J]	rst	u3.prod_b_hi[23]$_SDFFE_PP0P_/D
82	0.2284	rst	uI.prod_b_lo[J]	rst	u3.prod_b_lo[14]$_SDFFE_PP0P_/D
83	0.2284	rst	uI.prod_c_hi[J]	rst	u3.prod_c_hi[16]$_SDFFE_PP0P_/D
84	0.2285	rst	uI.remainder_out[J]	rst	u4.remainder_out[49]$_SDFF_PP0_/D
85	0.2291	rst	opa_reg[I]	rst	opa_reg[60]$_SDFFE_PP0P_/D
86	0.2292	rst	uI.exponent[J]	rst	u1.exponent[0]$_SDFFE_PP0P_/D
87	0.2292	rst	uI.pp_bJ[K]	rst	u3.pp_b00[14]$_SDFFE_PP0P_/D
88	0.2292	rst	uI.prod_a_lo[J]	rst	u3.prod_a_lo[8]$_SDFFE_PP0P_/D
89	0.2292	rst	uI.prod_e_hi[J]	rst	u3.prod_e_hi[11]$_SDFFE_PP0P_/D
90	0.2292	rst	uI.prod_e_lo[J]	rst	u3.prod_e_lo[6]$_SDFFE_PP0P_/D
91	0.2292	rst	uI.prod_f_hi[J]	rst	u3.prod_f_hi[5]$_SDFFE_PP0P_/D
92	0.2292	rst	uI.prod_g_hi[J]	rst	u3.prod_g_hi[5]$_SDFFE_PP0P_/D
93	0.2292	rst	uI.prod_g_lo[J]	rst	u3.prod_g_lo[15]$_SDFFE_PP0P_/D
94	0.2292	rst	uI.prod_h_hi[J]	rst	u3.prod_h_hi[14]$_SDFFE_PP0P_/D
95	0.2292	rst	uI.prod_h_lo[J]	rst	u3.prod_h_lo[10]$_SDFFE_PP0P_/D
96	0.2292	rst	uI.prod_i_hi[J]	rst	u3.prod_i_hi[14]$_SDFFE_PP0P_/D
97	0.2292	rst	uI.prod_i_lo[J]	rst	u3.prod_i_lo[10]$_SDFFE_PP0P_/D
98	0.2292	rst	uI.prod_j_hi[J]	rst	u3.prod_j_hi[11]$_SDFFE_PP0P_/D
99	0.2292	rst	uI.prod_j_lo[J]	rst	u3.prod_j_lo[11]$_SDFFE_PP0P_/D
100	0.2294	rst	addsub_out[I]	rst	addsub_out[0]$_SDFF_PP0_/D
