# stage	1_synth
# top_module	jpeg_encoder
# top_n	100
# kind	blocks
# include_full	1
# rank	worst_slack_ns	start	end	start_full	end_full
1	-0.8871	fdct_zigzag.dct_mod.ddin[I]	fdct_zigzag.dct_mod.dct_block_I.dct_unit_J.macu.pp_hi[K]	fdct_zigzag.dct_mod.ddin[8]$_DFFE_PN0P_/Q	fdct_zigzag.dct_mod.dct_block_2.dct_unit_2.macu.pp_hi[13]$_DFFE_PP_/D
2	-0.3595	fdct_zigzag.dct_mod.ddin[I]	fdct_zigzag.dct_mod.dct_block_I.dct_unit_J.macu.pp_lo[K]	fdct_zigzag.dct_mod.ddin[4]$_DFFE_PN0P_/Q	fdct_zigzag.dct_mod.dct_block_2.dct_unit_2.macu.pp_lo[14]$_DFFE_PP_/D
3	-0.2506	fdct_zigzag.dct_mod.dct_block_I.dct_unit_J.coef[K]	fdct_zigzag.dct_mod.dct_block_I.dct_unit_J.macu.pp_hi[K]	fdct_zigzag.dct_mod.dct_block_2.dct_unit_2.coef[27]$_DFFE_PP_/Q	fdct_zigzag.dct_mod.dct_block_2.dct_unit_2.macu.pp_hi[13]$_DFFE_PP_/D
4	-0.2304	fdct_zigzag.dct_mod.dct_block_I.dct_unit_J.coef[K]	fdct_zigzag.dct_mod.dct_block_I.dct_unit_J.macu.pp_lo[K]	fdct_zigzag.dct_mod.dct_block_2.dct_unit_2.coef[27]$_DFFE_PP_/Q	fdct_zigzag.dct_mod.dct_block_2.dct_unit_2.macu.pp_lo[14]$_DFFE_PP_/D
5	-0.0025	fdct_zigzag.dct_mod.ddin[I]	fdct_zigzag.dct_mod.ddin[I]	fdct_zigzag.dct_mod.ddin[8]$_DFFE_PN0P_/Q	fdct_zigzag.dct_mod.ddin[8]$_DFFE_PN0P_/D
6	0.0555	qnr.divider.divider.d_pipe[I][J]	qnr.divider.divider.s_pipe[I][J]	qnr.divider.divider.d_pipe[3][14]$_DFFE_PP_/QN	qnr.divider.divider.s_pipe[4][23]$_DFFE_PP_/D
7	0.0761	ena	fdct_zigzag.dct_mod.dct_block_I.dct_unit_J.macu.result[K]	ena	fdct_zigzag.dct_mod.dct_block_2.dct_unit_0.macu.result[21]$_DFFE_PP_/D
8	0.0878	ena	fdct_zigzag.dct_mod.dct_block_I.dct_unit_J.coef[K]	ena	fdct_zigzag.dct_mod.dct_block_7.dct_unit_5.coef[29]$_DFFE_PP_/D
9	0.0954	ena	rle.rle.size[I]	ena	rle.rle.size[0]$_DFFE_PN0P_/D
10	0.1005	ena	fdct_zigzag.dct_mod.ddcnt	ena	fdct_zigzag.dct_mod.ddcnt$_DFFE_PN1P_/D
11	0.1006	ena	qnr.rq[I]	ena	qnr.rq[7]$_DFFE_PP_/D
12	0.1007	ena	rle.rzI.state	ena	rle.rz1.state$_DFFE_PN0P_/D
13	0.1007	ena	qnr.divider.divider.s_pipe[I][J]	ena	qnr.divider.divider.s_pipe[1][12]$_DFFE_PP_/D
14	0.1031	ena	rle.rle.den	ena	rle.rle.den$_DFFE_PN0P_/D
15	0.1051	ena	fdct_zigzag.dct_mod.dct_block_I.dct_unit_J.macu.mult_res[K]	ena	fdct_zigzag.dct_mod.dct_block_2.dct_unit_6.macu.mult_res[14]$_DFFE_PP_/D
16	0.1051	ena	fdct_zigzag.dct_mod.dct_block_I.dct_unit_J.macu.pp_lo[K]	ena	fdct_zigzag.dct_mod.dct_block_4.dct_unit_4.macu.pp_lo[11]$_DFFE_PP_/D
17	0.1054	ena	fdct_zigzag.dct_mod.douten	ena	fdct_zigzag.dct_mod.douten$_DFFE_PN0P_/D
18	0.1056	ena	fdct_zigzag.dct_mod.dct_block_I.dct_unit_J.macu.pp_hi[K]	ena	fdct_zigzag.dct_mod.dct_block_2.dct_unit_3.macu.pp_hi[0]$_DFFE_PP_/D
19	0.1056	ena	qnr.divider.iz[I]	ena	qnr.divider.iz[11]$_SDFFCE_PN0P_/D
20	0.1056	ena	qnr.divider.q[I]	ena	qnr.divider.q[12]$_SDFFCE_PN0P_/D
21	0.1078	ena	rle.rle.sample_cnt[I]	ena	rle.rle.sample_cnt[0]$_SDFFCE_PP1P_/D
22	0.1078	ena	rle.rle.zero_cnt[I]	ena	rle.rle.zero_cnt[0]$_SDFFCE_PP0P_/D
23	0.1116	qnr.divider.divider.s_pipe[I][J]	qnr.divider.divider.s_pipe[I][J]	qnr.divider.divider.s_pipe[5][24]$_DFFE_PP_/Q	qnr.divider.divider.s_pipe[6][24]$_DFFE_PP_/D
24	0.1149	ena	qnr.divider.q[I]	ena	qnr.divider.q[11]$_DFFE_PP_/D
25	0.1186	ena	rle.rzI.den	ena	rle.rz1.den$_DFFE_PN0P_/D
26	0.1236	ena	fdct_zigzag.dct_mod.ddgo	ena	fdct_zigzag.dct_mod.ddgo$_DFFE_PN0P_/D
27	0.1236	ena	fdct_zigzag.dct_mod.ddin[I]	ena	fdct_zigzag.dct_mod.ddin[8]$_DFFE_PN0P_/D
28	0.1236	ena	fdct_zigzag.dct_mod.dgo	ena	fdct_zigzag.dct_mod.dgo$_DFFE_PN0P_/D
29	0.1236	ena	fdct_zigzag.dct_mod.go	ena	fdct_zigzag.dct_mod.go$_DFFE_PN0P_/D
30	0.1236	ena	qnr.dep[I]	ena	qnr.dep[15]$_DFFE_PN0P_/D
31	0.1236	ena	rle.rzI.deno	ena	rle.rz1.deno$_DFFE_PN0P_/D
32	0.1238	ena	dfdct_dout[I]	ena	dfdct_dout[11]$_DFFE_PP_/D
33	0.1238	ena	qnr.divider.spipe[I]	ena	qnr.divider.spipe[0]$_DFFE_PP_/D
34	0.1238	ena	fdct_zigzag.zigzag_mod.ld_zigzag	ena	fdct_zigzag.zigzag_mod.ld_zigzag$_DFFE_PP_/D
35	0.1238	ena	dqnr_doe	ena	dqnr_doe$_DFFE_PP_/D
36	0.1238	ena	fdct_zigzag.zigzag_mod.sresult[I][J]	ena	fdct_zigzag.zigzag_mod.sresult[10][11]$_DFFE_PP_/D
37	0.1238	ena	qnr.divider.divider.d_pipe[I][J]	ena	qnr.divider.divider.d_pipe[10][12]$_DFFE_PP_/D
38	0.1238	ena	qnr.divider.divider.q[I]	ena	qnr.divider.divider.q[0]$_DFFE_PP_/D
39	0.1238	ena	qnr.divider.divider.q_pipe[I][J]	ena	qnr.divider.divider.q_pipe[10][0]$_DFFE_PP_/D
40	0.1238	ena	qnr.divider.id[I]	ena	qnr.divider.id[0]$_DFFE_PP_/D
41	0.1238	ena	qnr.divider.iz[I]	ena	qnr.divider.iz[0]$_DFFE_PP_/D
42	0.1238	ena	rle.rle.amp[I]	ena	rle.rle.amp[0]$_DFFE_PP_/D
43	0.1238	ena	rle.rzI.ampo[J]	ena	rle.rz1.ampo[0]$_DFFE_PP_/D
44	0.1238	ena	rle.rzI.dc	ena	rle.rz1.dc$_DFFE_PP_/D
45	0.1238	ena	rle.rzI.dco	ena	rle.rz1.dco$_DFFE_PP_/D
46	0.1238	ena	rle.rzI.rleno[J]	ena	rle.rz1.rleno[3]$_DFFE_PP_/D
47	0.1238	ena	rle.rzI.sizeo[J]	ena	rle.rz1.sizeo[3]$_DFFE_PP_/D
48	0.1239	ena	fdct_zigzag.dct_mod.dddcnt	ena	fdct_zigzag.dct_mod.dddcnt$_DFFE_PN1P_/D
49	0.1239	ena	fdct_zigzag.dct_mod.ddddcnt	ena	fdct_zigzag.dct_mod.ddddcnt$_DFFE_PN1P_/D
50	0.1269	fdct_zigzag.dct_mod.dct_block_I.dct_unit_J.macu.mult_res[K]	fdct_zigzag.dct_mod.dct_block_I.dct_unit_J.macu.result[K]	fdct_zigzag.dct_mod.dct_block_2.dct_unit_6.macu.mult_res[0]$_DFFE_PP_/Q	fdct_zigzag.dct_mod.dct_block_2.dct_unit_6.macu.result[18]$_DFFE_PP_/D
51	0.1272	ena	fdct_zigzag.dct_mod.dct_block_I.dct_unit_J.macu.dclr_d	ena	fdct_zigzag.dct_mod.dct_block_5.dct_unit_2.macu.dclr_d$_DFFE_PP_/D
52	0.1276	fdct_zigzag.dct_mod.dct_block_I.dct_unit_J.macu.result[K]	fdct_zigzag.dct_mod.dct_block_I.dct_unit_J.macu.result[K]	fdct_zigzag.dct_mod.dct_block_1.dct_unit_6.macu.result[0]$_DFFE_PP_/Q	fdct_zigzag.dct_mod.dct_block_1.dct_unit_6.macu.result[16]$_DFFE_PP_/D
53	0.1357	ena	rle.rle.amp[I]	ena	rle.rle.amp[10]$_SDFFCE_PN0P_/D
54	0.1429	ena	qnr.qnt_cnt[I]	ena	qnr.qnt_cnt[0]$_DFFE_PN0P_/D
55	0.1491	qnr.divider.q[I]	qnr.rq[I]	qnr.divider.q[12]$_SDFFCE_PN0P_/Q	qnr.rq[10]$_DFFE_PP_/D
56	0.1528	ena	rle.rle.dcterm	ena	rle.rle.dcterm$_DFFE_PN0P_/D
57	0.1528	ena	rle.rle.rlen[I]	ena	rle.rle.rlen[0]$_DFFE_PN0P_/D
58	0.1541	ena	rle.rle.state	ena	rle.rle.state$_DFFE_PN0P_/D
59	0.1679	ena	rle.rzI.amp[J]	ena	rle.rz2.amp[0]$_DFFE_PP_/D
60	0.1679	ena	rle.rzI.rlen[J]	ena	rle.rz2.rlen[3]$_DFFE_PP_/D
61	0.1679	ena	rle.rzI.size[J]	ena	rle.rz2.size[3]$_DFFE_PP_/D
62	0.1766	ena	fdct_zigzag.dct_mod.sample_cnt[I]	ena	fdct_zigzag.dct_mod.sample_cnt[5]$_DFFE_PN0P_/D
63	0.1770	fdct_zigzag.dct_mod.dct_block_I.dct_unit_J.macu.pp_lo[K]	fdct_zigzag.dct_mod.dct_block_I.dct_unit_J.macu.mult_res[K]	fdct_zigzag.dct_mod.dct_block_1.dct_unit_7.macu.pp_lo[5]$_DFFE_PP_/Q	fdct_zigzag.dct_mod.dct_block_1.dct_unit_7.macu.mult_res[17]$_DFFE_PP_/D
64	0.1814	fdct_zigzag.dct_mod.dct_block_I.dct_unit_J.macu.pp_hi[K]	fdct_zigzag.dct_mod.dct_block_I.dct_unit_J.macu.mult_res[K]	fdct_zigzag.dct_mod.dct_block_2.dct_unit_6.macu.pp_hi[0]$_DFFE_PP_/Q	fdct_zigzag.dct_mod.dct_block_6.dct_unit_2.macu.mult_res[18]$_DFFE_PP_/D
65	0.2015	fdct_zigzag.dct_mod.sample_cnt[I]	fdct_zigzag.dct_mod.dct_block_I.dct_unit_J.coef[K]	fdct_zigzag.dct_mod.sample_cnt[1]$_DFFE_PN0P_/Q	fdct_zigzag.dct_mod.dct_block_2.dct_unit_1.coef[20]$_DFFE_PP_/D
66	0.2057	qnr.divider.id[I]	qnr.divider.divider.s_pipe[I][J]	qnr.divider.id[0]$_DFFE_PP_/Q	qnr.divider.divider.s_pipe[1][22]$_DFFE_PP_/D
67	0.2081	qnr.rq[I]	rle.rle.size[I]	qnr.rq[1]$_DFFE_PP_/QN	rle.rle.size[0]$_DFFE_PN0P_/D
68	0.2211	qnr.divider.q[I]	qnr.rq[I]	qnr.divider.q[1]$_DFFE_PP_/Q	qnr.rq[10]$_DFFE_PP_/D
69	0.2337	qnr.divider.iz[I]	qnr.divider.divider.s_pipe[I][J]	qnr.divider.iz[11]$_SDFFCE_PN0P_/QN	qnr.divider.divider.s_pipe[1][22]$_DFFE_PP_/D
70	0.2644	fdct_zigzag.dct_mod.sample_cnt[I]	fdct_zigzag.dct_mod.sample_cnt[I]	fdct_zigzag.dct_mod.sample_cnt[4]$_DFFE_PN0P_/Q	fdct_zigzag.dct_mod.sample_cnt[5]$_DFFE_PN0P_/D
71	0.2914	qnr.rq[I]	rle.rle.amp[I]	qnr.rq[1]$_DFFE_PP_/QN	rle.rle.amp[10]$_SDFFCE_PN0P_/D
72	0.3053	fdct_zigzag.dct_mod.dct_block_I.dct_unit_J.macu.dclr_d	fdct_zigzag.dct_mod.dct_block_I.dct_unit_J.macu.result[K]	fdct_zigzag.dct_mod.dct_block_5.dct_unit_2.macu.dclr_d$_DFFE_PP_/Q	fdct_zigzag.dct_mod.dct_block_2.dct_unit_0.macu.result[21]$_DFFE_PP_/D
73	0.3077	dstrb	fdct_zigzag.dct_mod.sample_cnt[I]	dstrb	fdct_zigzag.dct_mod.sample_cnt[0]$_DFFE_PN0P_/D
74	0.3100	qnr.rq[I]	rle.rle.amp[I]	qnr.rq[1]$_DFFE_PP_/QN	rle.rle.amp[8]$_DFFE_PP_/D
75	0.3502	fdct_zigzag.dct_mod.sample_cnt[I]	fdct_zigzag.dct_mod.ddcnt	fdct_zigzag.dct_mod.sample_cnt[3]$_DFFE_PN0P_/Q	fdct_zigzag.dct_mod.ddcnt$_DFFE_PN1P_/D
76	0.3594	qnr.divider.divider.q[I]	qnr.divider.q[I]	qnr.divider.divider.q[3]$_DFFE_PP_/QN	qnr.divider.q[11]$_DFFE_PP_/D
77	0.3607	fdct_zigzag.dct_mod.dct_block_I.dct_unit_J.macu.dclr_d	fdct_zigzag.dct_mod.dct_block_I.dct_unit_J.macu.dclr_d	fdct_zigzag.dct_mod.dct_block_5.dct_unit_2.macu.dclr_d$_DFFE_PP_/Q	fdct_zigzag.dct_mod.dct_block_5.dct_unit_2.macu.dclr_d$_DFFE_PP_/D
78	0.3648	dfdct_dout[I]	qnr.divider.iz[I]	dfdct_dout[3]$_DFFE_PP_/QN	qnr.divider.iz[10]$_DFFE_PP_/D
79	0.3686	qnr.qnt_cnt[I]	qnt_cnt[I]	qnr.qnt_cnt[1]$_DFFE_PN0P_/Q	qnt_cnt[1]
80	0.3822	rle.rzI.deno	douten	rle.rz4.deno$_DFFE_PN0P_/Q	douten
81	0.3865	din[I]	fdct_zigzag.dct_mod.ddin[I]	din[0]	fdct_zigzag.dct_mod.ddin[1]$_DFFE_PN0P_/D
82	0.3865	dstrb	fdct_zigzag.dct_mod.go	dstrb	fdct_zigzag.dct_mod.go$_DFFE_PN0P_/D
83	0.3867	qnt_val[I]	qnr.divider.id[I]	qnt_val[0]	qnr.divider.id[0]$_DFFE_PP_/D
84	0.3898	qnr.rq[I]	rle.rle.zero_cnt[I]	qnr.rq[8]$_DFFE_PP_/Q	rle.rle.zero_cnt[3]$_SDFFCE_PP0P_/D
85	0.3916	qnr.rq[I]	rle.rle.den	qnr.rq[8]$_DFFE_PP_/Q	rle.rle.den$_DFFE_PN0P_/D
86	0.3959	rle.rzI.ampo[J]	amp[I]	rle.rz4.ampo[0]$_DFFE_PP_/Q	amp[0]
87	0.3959	rle.rzI.rleno[J]	rlen[I]	rle.rz4.rleno[0]$_DFFE_PP_/Q	rlen[0]
88	0.3959	rle.rzI.sizeo[J]	size[I]	rle.rz4.sizeo[0]$_DFFE_PP_/Q	size[0]
89	0.3970	fdct_zigzag.zigzag_mod.ld_zigzag	fdct_zigzag.zigzag_mod.sresult[I][J]	fdct_zigzag.zigzag_mod.ld_zigzag$_DFFE_PP_/Q	fdct_zigzag.zigzag_mod.sresult[1][0]$_DFFE_PP_/D
90	0.4030	dfdct_dout[I]	qnr.divider.iz[I]	dfdct_dout[3]$_DFFE_PP_/QN	qnr.divider.iz[11]$_SDFFCE_PN0P_/D
91	0.4325	qnr.rq[I]	rle.rle.rlen[I]	qnr.rq[8]$_DFFE_PP_/Q	rle.rle.rlen[0]$_DFFE_PN0P_/D
92	0.4325	qnr.divider.divider.q[I]	qnr.divider.q[I]	qnr.divider.divider.q[3]$_DFFE_PP_/QN	qnr.divider.q[12]$_SDFFCE_PN0P_/D
93	0.4537	rle.rle.rlen[I]	rle.rzI.den	rle.rle.rlen[1]$_DFFE_PN0P_/Q	rle.rz1.den$_DFFE_PN0P_/D
94	0.4579	rle.rle.size[I]	rle.rzI.den	rle.rle.size[1]$_DFFE_PN0P_/Q	rle.rz1.den$_DFFE_PN0P_/D
95	0.4584	rle.rle.size[I]	rle.rzI.deno	rle.rle.size[1]$_DFFE_PN0P_/Q	rle.rz1.deno$_DFFE_PN0P_/D
96	0.4598	qnr.divider.spipe[I]	qnr.divider.q[I]	qnr.divider.spipe[13]$_DFFE_PP_/Q	qnr.divider.q[10]$_DFFE_PP_/D
97	0.4649	rle.rzI.sizeo[J]	rle.rzI.den	rle.rz1.sizeo[1]$_DFFE_PP_/Q	rle.rz2.den$_DFFE_PN0P_/D
98	0.4654	rle.rzI.sizeo[J]	rle.rzI.deno	rle.rz3.sizeo[1]$_DFFE_PP_/Q	rle.rz4.deno$_DFFE_PN0P_/D
99	0.4681	qnr.rq[I]	qnr.rq[I]	qnr.rq[11]$_DFFE_PP_/Q	qnr.rq[11]$_DFFE_PP_/D
100	0.4712	rle.rle.rlen[I]	rle.rzI.deno	rle.rle.rlen[1]$_DFFE_PN0P_/Q	rle.rz1.deno$_DFFE_PN0P_/D
