# stage	1_synth
# top_module	viterbi_core
# top_n	100
# kind	blocks
# include_full	1
# rank	worst_slack_ns	start	end	start_full	end_full
1	-0.8380	pm_normalize_inst.grp_max_pI_r[J][K]	pm_normalize_inst.pm_nom_r[I][J]	pm_normalize_inst.grp_max_p1_r[1][8]$_DFFE_PP_/Q	pm_normalize_inst.pm_nom_r[5][7]$_DFFE_PN0P_/D
2	-0.8241	register_num_i[I]	pm_normalize_inst.pm_nom_r[I][J]	register_num_i[1]	pm_normalize_inst.pm_nom_r[5][7]$_DFFE_PN0P_/D
3	-0.3736	src_rdata_i[I]	bmu_inst_I.bm_r[J]	src_rdata_i[20]	bmu_inst_51.bm_r[8]$_DFF_PN0_/D
4	-0.0620	register_num_i[I]	acs_inst_I.pm_r[J]	register_num_i[1]	acs_inst_16.pm_r[3]$_DFF_PN0_/D
5	-0.0098	register_num_i[I]	acs_inst_I.survivor_path_r	register_num_i[1]	acs_inst_16.survivor_path_r$_DFF_PN0_/D
6	0.4607	acs_inst_I.pm_r[J]	pm_normalize_inst.grp_max_pI_r[J][K]	acs_inst_53.pm_r[1]$_DFF_PN0_/Q	pm_normalize_inst.grp_max_p1_r[6][3]$_DFFE_PP_/D
7	0.5227	bmu_inst_I.bm_r[J]	acs_inst_I.pm_r[J]	bmu_inst_63.bm_r[0]$_DFF_PN0_/Q	acs_inst_24.pm_r[3]$_DFF_PN0_/D
8	0.5748	bmu_inst_I.bm_r[J]	acs_inst_I.survivor_path_r	bmu_inst_63.bm_r[0]$_DFF_PN0_/Q	acs_inst_24.survivor_path_r$_DFF_PN0_/D
9	0.5969	register_num_i[I]	bmu_inst_I.low_codeword_tmp[J]	register_num_i[1]	bmu_inst_47.low_codeword_tmp[2]$_DFFE_PN0P_/D
10	0.6197	frame_start_i	pm_normalize_inst.pm_nom_r[I][J]	frame_start_i	pm_normalize_inst.pm_nom_r[16][1]$_DFFE_PN0P_/D
11	0.6304	frame_start_i	fetch_src_cnt_r[I]	frame_start_i	fetch_src_cnt_r[10]$_DFFE_PN0P_/D
12	0.6391	rst_sync_i	pm_normalize_inst.pm_nom_r[I][J]	rst_sync_i	pm_normalize_inst.pm_nom_r[16][1]$_DFFE_PN0P_/D
13	0.6421	infobit_length_i[I]	src_addr_r[I]	infobit_length_i[7]	src_addr_r[10]$_DFFE_PN0P_/D
14	0.6611	rst_sync_i	bmu_inst_I.low_codeword_tmp[J]	rst_sync_i	bmu_inst_43.low_codeword_tmp[0]$_DFFE_PN0P_/D
15	0.6615	polynomialI_i[J]	bmu_inst_I.low_codeword_tmp[J]	polynomial2_i[2]	bmu_inst_63.low_codeword_tmp[1]$_DFFE_PN0P_/D
16	0.6623	rst_sync_i	fetch_src_cnt_r[I]	rst_sync_i	fetch_src_cnt_r[10]$_DFFE_PN0P_/D
17	0.6786	valid_polynomials_i[I]	bmu_inst_I.bm_r[J]	valid_polynomials_i[0]	bmu_inst_43.bm_r[1]$_DFF_PN0_/D
18	0.6998	valid_polynomials_i[I]	bmu_inst_I.low_codeword[J]	valid_polynomials_i[0]	bmu_inst_1.low_codeword[2]$_DFFE_PN0P_/D
19	0.7123	rst_sync_i	src_addr_r[I]	rst_sync_i	src_addr_r[10]$_DFFE_PN0P_/D
20	0.7161	infobit_length_i[I]	src_len_counter_r[I]	infobit_length_i[7]	src_len_counter_r[10]$_DFFE_PN0P_/D
21	0.7163	frame_start_i	src_addr_r[I]	frame_start_i	src_addr_r[10]$_DFFE_PN0P_/D
22	0.7234	register_num_i[I]	acs_en_r[I]	register_num_i[1]	acs_en_r[15]$_DFFE_PN0P_/D
23	0.7274	frame_start_i	tb_len_r[I]	frame_start_i	tb_len_r[3]$_DFFE_PN0P_/D
24	0.7377	frame_start_i	half_tb_start_r	frame_start_i	half_tb_start_r$_DFFE_PN0P_/D
25	0.7377	frame_start_i	state_r[I]	frame_start_i	state_r[2]$_DFF_PN0_/D
26	0.7377	frame_start_i	tb_wr_addr_r[I]	frame_start_i	tb_wr_addr_r[2]$_DFFE_PN0P_/D
27	0.7577	frame_start_i	src_len_counter_r[I]	frame_start_i	src_len_counter_r[10]$_DFFE_PN0P_/D
28	0.7593	rst_sync_i	tb_len_r[I]	rst_sync_i	tb_len_r[3]$_DFFE_PN0P_/D
29	0.7615	frame_start_i	trellis_idx_r[I]	frame_start_i	trellis_idx_r[5]$_DFFE_PN0P_/D
30	0.7615	rst_sync_i	bmu_inst_I.bm_r[J]	rst_sync_i	bmu_inst_10.bm_r[5]$_DFF_PN0_/D
31	0.7697	rst_sync_i	half_tb_start_r	rst_sync_i	half_tb_start_r$_DFFE_PN0P_/D
32	0.7697	rst_sync_i	state_r[I]	rst_sync_i	state_r[2]$_DFF_PN0_/D
33	0.7697	rst_sync_i	tb_wr_addr_r[I]	rst_sync_i	tb_wr_addr_r[2]$_DFFE_PN0P_/D
34	0.7732	acs_inst_I.valid_r	tb_addr_o[I]	acs_inst_0.valid_r$_DFF_PN0_/Q	tb_addr_o[0]
35	0.7735	rst_sync_i	pm_normalize_inst.grp_max_pI_r[J][K]	rst_sync_i	pm_normalize_inst.grp_max_p1_r[2][0]$_DFFE_PP_/D
36	0.7748	frame_start_i	flush_all_start_r	frame_start_i	flush_all_start_r$_DFFE_PN0P_/D
37	0.7767	rst_sync_i	src_len_counter_r[I]	rst_sync_i	src_len_counter_r[10]$_DFFE_PN0P_/D
38	0.7778	rst_sync_i	bmu_inst_I.low_codeword[J]	rst_sync_i	bmu_inst_1.low_codeword[0]$_DFFE_PN0P_/D
39	0.7785	frame_start_i	dst_addr_r[I]	frame_start_i	dst_addr_r[5]$_DFFE_PN0P_/D
40	0.7790	rst_sync_i	acs_inst_I.pm_r[J]	rst_sync_i	acs_inst_58.pm_r[7]$_DFF_PN0_/D
41	0.7829	rst_sync_i	trellis_idx_r[I]	rst_sync_i	trellis_idx_r[5]$_DFFE_PN0P_/D
42	0.7942	rst_sync_i	flush_all_start_r	rst_sync_i	flush_all_start_r$_DFFE_PN0P_/D
43	0.7943	frame_start_i	frame_done_r	frame_start_i	frame_done_r$_DFFE_PN0P_/D
44	0.7943	frame_start_i	last_loop_r	frame_start_i	last_loop_r$_DFFE_PN0P_/D
45	0.8074	rst_sync_i	dst_addr_r[I]	rst_sync_i	dst_addr_r[9]$_DFFE_PN0P_/D
46	0.8137	bmu_inst_I.low_codeword[J]	bmu_inst_I.bm_r[J]	bmu_inst_51.low_codeword[4]$_DFFE_PN0P_/Q	bmu_inst_51.bm_r[8]$_DFF_PN0_/D
47	0.8249	rst_sync_i	acs_inst_I.survivor_path_r	rst_sync_i	acs_inst_60.survivor_path_r$_DFF_PN0_/D
48	0.8262	rst_sync_i	frame_done_r	rst_sync_i	frame_done_r$_DFFE_PN0P_/D
49	0.8262	rst_sync_i	last_loop_r	rst_sync_i	last_loop_r$_DFFE_PN0P_/D
50	0.8366	rst_sync_i	acs_en_r[I]	rst_sync_i	acs_en_r[31]$_DFFE_PN0P_/D
51	0.8406	frame_start_i	acs_en_r[I]	frame_start_i	acs_en_r[31]$_DFFE_PN0P_/D
52	0.8448	rst_an_i	pm_normalize_inst.grp_max_pI_r[J][K]	rst_an_i	pm_normalize_inst.grp_max_p1_r[2][0]$_DFFE_PP_/D
53	0.8533	frame_start_i	first_loop_r	frame_start_i	first_loop_r$_DFFE_PN0P_/D
54	0.8533	frame_start_i	full_tb_start_r	frame_start_i	full_tb_start_r$_DFFE_PN0P_/D
55	0.8550	frame_start_i	bmu_inst_I.ready_r	frame_start_i	bmu_inst_0.ready_r$_DFFE_PN0P_/D
56	0.8583	tail_biting_en_i	pm_normalize_inst.pm_nom_r[I][J]	tail_biting_en_i	pm_normalize_inst.pm_nom_r[17][7]$_DFFE_PN0P_/D
57	0.8616	tail_biting_en_i	trellis_idx_r[I]	tail_biting_en_i	trellis_idx_r[1]$_DFFE_PN0P_/D
58	0.8619	rst_sync_i	bmu_inst_I.calc_codeword_en	rst_sync_i	bmu_inst_17.calc_codeword_en$_DFF_PN0_/D
59	0.8691	rst_sync_i	acs_inst_I.valid_r	rst_sync_i	acs_inst_0.valid_r$_DFF_PN0_/D
60	0.8698	rst_sync_i	bmu_inst_I.calc_polyn_en	rst_sync_i	bmu_inst_36.calc_polyn_en$_DFF_PN0_/D
61	0.8716	frame_start_i	byte_idx_r[I]	frame_start_i	byte_idx_r[0]$_DFF_PN0_/D
62	0.8716	rst_sync_i	first_loop_r	rst_sync_i	first_loop_r$_DFFE_PN0P_/D
63	0.8716	rst_sync_i	full_tb_start_r	rst_sync_i	full_tb_start_r$_DFFE_PN0P_/D
64	0.8734	rst_sync_i	bmu_inst_I.ready_r	rst_sync_i	bmu_inst_0.ready_r$_DFFE_PN0P_/D
65	0.8738	frame_start_i	bmu_inst_I.calc_polyn_en	frame_start_i	bmu_inst_36.calc_polyn_en$_DFF_PN0_/D
66	0.8773	rst_sync_i	traceback_ins.tb_addr_r[I]	rst_sync_i	traceback_ins.tb_addr_r[0]$_DFFE_PN0P_/D
67	0.8790	rst_sync_i	traceback_ins.tb_counter_r[I]	rst_sync_i	traceback_ins.tb_counter_r[1]$_DFFE_PN0P_/D
68	0.8878	rst_sync_i	traceback_ins.tb_rd_r	rst_sync_i	traceback_ins.tb_rd_r$_DFF_PN0_/D
69	0.8879	rst_sync_i	decoding_start_r	rst_sync_i	decoding_start_r$_DFF_PN0_/D
70	0.8881	rst_sync_i	busy_r	rst_sync_i	busy_r$_DFFE_PN0P_/D
71	0.8899	rst_sync_i	byte_idx_r[I]	rst_sync_i	byte_idx_r[0]$_DFF_PN0_/D
72	0.9002	frame_start_i	src_rd_r	frame_start_i	src_rd_r$_DFFE_PN0P_/D
73	0.9005	frame_start_i	dst_wr_r	frame_start_i	dst_wr_r$_DFF_PN0_/D
74	0.9031	pm_normalize_inst.pm_nom_r[I][J]	acs_inst_I.pm_r[J]	pm_normalize_inst.pm_nom_r[13][1]$_DFFE_PN0P_/Q	acs_inst_10.pm_r[2]$_DFF_PN0_/D
75	0.9110	rst_sync_i	dst_wr_dI_r	rst_sync_i	dst_wr_d1_r$_DFF_PN0_/D
76	0.9111	rst_sync_i	traceback_start_r	rst_sync_i	traceback_start_r$_DFF_PN0_/D
77	0.9136	rst_sync_i	src_rd_r	rst_sync_i	src_rd_r$_DFFE_PN0P_/D
78	0.9189	rst_sync_i	dst_wr_r	rst_sync_i	dst_wr_r$_DFF_PN0_/D
79	0.9250	infobit_length_i[I]	trellis_idx_r[I]	infobit_length_i[7]	trellis_idx_r[7]$_DFFE_PN0P_/D
80	0.9295	rst_sync_i	pm_norm_en_cntI_r	rst_sync_i	pm_norm_en_cnt0_r$_DFF_PN0_/D
81	0.9380	rst_sync_i	bmu_ready_dI_r	rst_sync_i	bmu_ready_d1_r$_DFF_PN1_/D
82	0.9380	frame_start_i	busy_r	frame_start_i	busy_r$_DFFE_PN0P_/D
83	0.9436	decoding_length_i[I]	trellis_idx_r[I]	decoding_length_i[6]	trellis_idx_r[6]$_DFFE_PN0P_/D
84	0.9499	rst_sync_i	bmu_inst_I.bm_valid_r	rst_sync_i	bmu_inst_38.bm_valid_r$_DFF_PN0_/D
85	0.9619	pm_normalize_inst.pm_nom_r[I][J]	acs_inst_I.survivor_path_r	pm_normalize_inst.pm_nom_r[20][0]$_DFFE_PN0P_/Q	acs_inst_24.survivor_path_r$_DFF_PN0_/D
86	0.9628	tb_wr_addr_r[I]	tb_addr_o[I]	tb_wr_addr_r[2]$_DFFE_PN0P_/Q	tb_addr_o[2]
87	0.9912	traceback_ins.tb_addr_r[I]	tb_addr_o[I]	traceback_ins.tb_addr_r[3]$_DFFE_PN0P_/Q	tb_addr_o[3]
88	0.9926	rst_sync_i	soft_data_valid_r	rst_sync_i	soft_data_valid_r$_DFF_PN0_/D
89	1.0033	dst_start_addr_i[I]	dst_addr_r[I]	dst_start_addr_i[6]	dst_addr_r[6]$_DFFE_PN0P_/D
90	1.0086	src_start_addr_i[I]	src_addr_r[I]	src_start_addr_i[10]	src_addr_r[10]$_DFFE_PN0P_/D
91	1.0196	acs_inst_I.survivor_path_r	tb_wdata_o[I]	acs_inst_0.survivor_path_r$_DFF_PN0_/Q	tb_wdata_o[0]
92	1.0208	src_addr_r[I]	src_addr_o[I]	src_addr_r[1]$_DFFE_PN0P_/Q	src_addr_o[1]
93	1.0239	dst_addr_r[I]	dst_addr_o[I]	dst_addr_r[9]$_DFFE_PN0P_/Q	dst_addr_o[9]
94	1.0284	dst_wr_r	dst_wr_o	dst_wr_r$_DFF_PN0_/Q	dst_wr_o
95	1.0303	src_rd_r	src_rd_o	src_rd_r$_DFFE_PN0P_/Q	src_rd_o
96	1.0339	rst_sync_i	pm_normalize_inst.stageI_valid_r	rst_sync_i	pm_normalize_inst.stage1_valid_r$_DFF_PN0_/D
97	1.0346	frame_done_r	frame_done_o	frame_done_r$_DFFE_PN0P_/Q	frame_done_o
98	1.0346	busy_r	busy_o	busy_r$_DFFE_PN0P_/Q	busy_o
99	1.0367	acs_inst_I.valid_r	tb_wr_o	acs_inst_0.valid_r$_DFF_PN0_/Q	tb_wr_o
100	1.0396	traceback_ins.tb_rd_r	tb_rd_o	traceback_ins.tb_rd_r$_DFF_PN0_/Q	tb_rd_o
