# stage	6_final
# top_module	wb_dma_top
# top_n	100
# kind	blocks
# include_full	1
# rank	worst_slack_ns	start	end	start_full	end_full
1	-0.4606	uI.uJ.pri_outK[L]	wbIs_data_o[J]	u1.u0.pri_out0[1]$_DFF_P_/Q	wb0s_data_o[17]
2	-0.4378	uI.uJ.state[K]	wbIs_data_o[J]	u1.u1.state[0]$_SDFFE_PP0P_/Q	wb0s_data_o[17]
3	-0.4141	uI.dma_busy_r	wbIs_data_o[J]	u1.dma_busy_r$_DFF_P_/Q	wb0s_data_o[17]
4	-0.3750	uI.ch_sel_r[J]	wbIs_data_o[J]	u1.ch_sel_r[2]$_SDFFE_PP0P_/Q	wb0s_data_o[17]
5	-0.3613	uI.state[J]	wbIs_data_o[J]	u2.state[5]$_DFF_P_/Q	wb0s_data_o[17]
6	-0.2780	uI.uJ.ch_csr_r[K]	wbIs_data_o[J]	u0.u2.ch_csr_r[7]$_SDFFE_PP0P_/Q	wb0s_data_o[17]
7	-0.2397	uI.ndr_r[J]	wbIs_data_o[J]	u1.ndr_r[9]$_DFF_P_/Q	wb0s_data_o[17]
8	-0.1372	wbI_addr_i[J]	wbI_addr_o[J]	wb0_addr_i[28]	wb1_addr_o[4]
9	-0.1366	wbI_addr_i[J]	wbIs_data_o[J]	wb0_addr_i[28]	wb1s_data_o[25]
10	-0.1306	wbI_addr_i[J]	wbIm_data_o[J]	wb0_addr_i[28]	wb0m_data_o[0]
11	-0.1295	wbI_addr_i[J]	wbI_ack_o	wb0_addr_i[28]	wb0_ack_o
12	-0.1286	wbI_addr_i[J]	wbI_stb_o	wb0_addr_i[28]	wb1_stb_o
13	-0.1262	wbI_addr_i[J]	wbI_we_o	wb0_addr_i[28]	wb1_we_o
14	-0.1245	wbI_addr_i[J]	wbI_err_o	wb0_addr_i[28]	wb0_err_o
15	-0.1224	wbI_addr_i[J]	wbI_rty_o	wb0_addr_i[28]	wb0_rty_o
16	-0.1169	wbI_addr_i[J]	wbI_cyc_o	wb0_addr_i[28]	wb1_cyc_o
17	-0.0934	wbI_addr_i[J]	wbI_sel_o[J]	wb0_addr_i[28]	wb1_sel_o[1]
18	-0.0531	uI.uJ.mast_dout[K]	wbIs_data_o[J]	u3.u0.mast_dout[10]$_DFFE_PP_/Q	wb0s_data_o[10]
19	-0.0483	wbI_cyc_i	wbI_addr_o[J]	wb0_cyc_i	wb1_addr_o[4]
20	-0.0453	uI.uJ.pri_outK[L]	uI.mastJ_adr[K]	u1.u0.pri_out0[1]$_DFF_P_/Q	u2.mast0_adr[12]$_DFF_P_/D
21	-0.0417	wbI_cyc_i	wbIm_data_o[J]	wb0_cyc_i	wb0m_data_o[0]
22	-0.0405	wbI_cyc_i	wbI_ack_o	wb0_cyc_i	wb0_ack_o
23	-0.0396	wbI_cyc_i	wbI_stb_o	wb0_cyc_i	wb1_stb_o
24	-0.0375	wbI_cyc_i	wbI_we_o	wb0_cyc_i	wb1_we_o
25	-0.0349	uI.uJ.pri_outK[L]	uI.adrJ_cnt[K]	u1.u0.pri_out0[1]$_DFF_P_/Q	u2.adr0_cnt[29]$_DFFE_PP_/D
26	-0.0225	uI.uJ.state[K]	uI.mastJ_adr[K]	u1.u1.state[0]$_SDFFE_PP0P_/Q	u2.mast0_adr[12]$_DFF_P_/D
27	-0.0213	wbI_cyc_i	wbI_sel_o[J]	wb1_cyc_i	wb0_sel_o[2]
28	-0.0207	wbI_cyc_i	wbIs_data_o[J]	wb0_cyc_i	wb1s_data_o[25]
29	-0.0186	wbI_cyc_i	wbI_err_o	wb0_cyc_i	wb0_err_o
30	-0.0169	wbI_cyc_i	wbI_rty_o	wb0_cyc_i	wb0_rty_o
31	-0.0121	uI.uJ.state[K]	uI.adrJ_cnt[K]	u1.u1.state[0]$_SDFFE_PP0P_/Q	u2.adr0_cnt[29]$_DFFE_PP_/D
32	-0.0033	uI.uJ.pri_outK[L]	uI.uJ.ch_tot_sz_r[K]	u1.u0.pri_out0[1]$_DFF_P_/Q	u0.u10.ch_tot_sz_r[3]$_DFFE_PP_/D
33	0.0008	uI.uJ.slv_adr[K]	_I_	u3.u1.slv_adr[9]$_DFF_P_/Q	_56395_/D
34	0.0025	wbI_cyc_i	wbI_cyc_o	wb0_cyc_i	wb1_cyc_o
35	0.0094	uI.uJ.pri_outK[L]	uI.uJ.ch_txsz_s[K]	u1.u0.pri_out0[1]$_DFF_P_/Q	u0.u10.ch_txsz_s[8]$_DFFE_PP_/D
36	0.0097	uI.uJ.pri_outK[L]	uI.state[J]	u1.u0.pri_out0[1]$_DFF_P_/Q	u2.state[7]$_DFF_P_/D
37	0.0118	uI.dma_busy_r	uI.mastJ_adr[K]	u1.dma_busy_r$_DFF_P_/Q	u2.mast0_adr[12]$_DFF_P_/D
38	0.0191	uI.uJ.state[K]	uI.uJ.ch_tot_sz_r[K]	u1.u1.state[0]$_SDFFE_PP0P_/Q	u0.u10.ch_tot_sz_r[3]$_DFFE_PP_/D
39	0.0222	uI.dma_busy_r	uI.adrJ_cnt[K]	u1.dma_busy_r$_DFF_P_/Q	u2.adr0_cnt[29]$_DFFE_PP_/D
40	0.0226	uI.uJ.pri_outK[L]	uI.uJ.ch_chk_sz_r[K]	u1.u0.pri_out0[1]$_DFF_P_/Q	u0.u10.ch_chk_sz_r[7]$_DFFE_PP_/D
41	0.0271	uI.uJ.pri_outK[L]	uI.uJ.ch_adrK_r[L]	u1.u0.pri_out0[1]$_DFF_P_/Q	u0.u9.ch_adr1_r[12]$_DFFE_PP_/D
42	0.0273	uI.tsz_cnt[J]	wbIs_data_o[J]	u2.tsz_cnt[8]$_DFFE_PP_/Q	wb0s_data_o[8]
43	0.0317	uI.uJ.state[K]	uI.uJ.ch_txsz_s[K]	u1.u1.state[0]$_SDFFE_PP0P_/Q	u0.u10.ch_txsz_s[8]$_DFFE_PP_/D
44	0.0338	uI.uJ.pri_outK[L]	uI.chunk_J	u1.u0.pri_out0[1]$_DFF_P_/Q	u2.chunk_0$_DFF_P_/D
45	0.0380	uI.uJ.state[K]	uI.state[J]	u1.u1.state[2]$_SDFFE_PP0P_/Q	u2.state[7]$_DFF_P_/D
46	0.0392	uI.uJ.pri_outK[L]	uI.uJ.ch_adrK_s[L]	u1.u0.pri_out0[1]$_DFF_P_/Q	u0.u9.ch_adr1_s[0]$_DFFE_PP_/D
47	0.0450	uI.uJ.state[K]	uI.uJ.ch_chk_sz_r[K]	u1.u1.state[0]$_SDFFE_PP0P_/Q	u0.u10.ch_chk_sz_r[7]$_DFFE_PP_/D
48	0.0482	uI.uJ.pri_outK[L]	uI.uJ.ptr_valid	u1.u0.pri_out0[1]$_DFF_P_/Q	u0.u4.ptr_valid$_SDFFE_PP0P_/D
49	0.0485	uI.uJ.pri_outK[L]	uI.uJ.pointer_r[K]	u1.u0.pri_out0[1]$_DFF_P_/Q	u0.u4.pointer_r[0]$_DFFE_PP_/D
50	0.0495	uI.uJ.state[K]	uI.uJ.ch_adrK_r[L]	u1.u1.state[2]$_SDFFE_PP0P_/Q	u0.u9.ch_adr1_r[12]$_DFFE_PP_/D
51	0.0534	uI.dma_busy_r	uI.uJ.ch_tot_sz_r[K]	u1.dma_busy_r$_DFF_P_/Q	u0.u10.ch_tot_sz_r[3]$_DFFE_PP_/D
52	0.0561	uI.uJ.state[K]	uI.chunk_J	u1.u1.state[0]$_SDFFE_PP0P_/Q	u2.chunk_0$_DFF_P_/D
53	0.0592	uI.ch_sel_r[J]	uI.mastJ_adr[K]	u1.ch_sel_r[4]$_SDFFE_PP0P_/Q	u2.mast0_adr[12]$_DFF_P_/D
54	0.0616	uI.uJ.state[K]	uI.uJ.ch_adrK_s[L]	u1.u1.state[2]$_SDFFE_PP0P_/Q	u0.u9.ch_adr1_s[0]$_DFFE_PP_/D
55	0.0626	uI.mastJ_adr[K]	wbI_addr_o[J]	u2.mast0_adr[30]$_DFF_P_/Q	wb0_addr_o[30]
56	0.0660	uI.dma_busy_r	uI.uJ.ch_txsz_s[K]	u1.dma_busy_r$_DFF_P_/Q	u0.u10.ch_txsz_s[8]$_DFFE_PP_/D
57	0.0663	wbIm_data_i[J]	wbIs_data_o[J]	wb0m_data_i[31]	wb1s_data_o[31]
58	0.0669	uI.ch_sel_r[J]	uI.adrJ_cnt[K]	u1.ch_sel_r[2]$_SDFFE_PP0P_/Q	u2.adr1_cnt[25]$_DFFE_PP_/D
59	0.0683	uI.uJ.pri_outK[L]	uI.chunk_cnt[J]	u1.u0.pri_out0[1]$_DFF_P_/Q	u2.chunk_cnt[6]$_DFFE_PP_/D
60	0.0710	uI.uJ.state[K]	uI.uJ.ptr_valid	u1.u1.state[0]$_SDFFE_PP0P_/Q	u0.u4.ptr_valid$_SDFFE_PP0P_/D
61	0.0713	uI.uJ.state[K]	uI.uJ.pointer_r[K]	u1.u1.state[0]$_SDFFE_PP0P_/Q	u0.u4.pointer_r[0]$_DFFE_PP_/D
62	0.0736	uI.uJ.pri_outK[L]	uI.uJ.pointer_sr[K]	u1.u0.pri_out0[1]$_DFF_P_/Q	u0.u2.pointer_sr[21]$_DFFE_PP_/D
63	0.0773	uI.dma_busy_r	uI.state[J]	u1.dma_busy_r$_DFF_P_/Q	u2.state[0]$_DFF_P_/D
64	0.0781	uI.uJ.slv_adr[K]	uI.uJ.ch_amK_r[L]	u3.u1.slv_adr[6]$_DFF_P_/Q	u0.u4.ch_am1_r[27]$_SDFFE_PP1P_/D
65	0.0793	uI.dma_busy_r	uI.uJ.ch_chk_sz_r[K]	u1.dma_busy_r$_DFF_P_/Q	u0.u10.ch_chk_sz_r[7]$_DFFE_PP_/D
66	0.0893	uI.uJ.pri_outK[L]	uI.tsz_cnt[J]	u1.u0.pri_out0[1]$_DFF_P_/Q	u2.tsz_cnt[9]$_DFFE_PP_/D
67	0.0904	uI.dma_busy_r	uI.chunk_J	u1.dma_busy_r$_DFF_P_/Q	u2.chunk_0$_DFF_P_/D
68	0.0906	wbI_ack_i	wbI_ack_o	wb0_ack_i	wb1_ack_o
69	0.0906	uI.uJ.state[K]	uI.chunk_cnt[J]	u1.u1.state[2]$_SDFFE_PP0P_/Q	u2.chunk_cnt[6]$_DFFE_PP_/D
70	0.0942	uI.dma_busy_r	uI.uJ.ch_adrK_r[L]	u1.dma_busy_r$_DFF_P_/Q	u0.u6.ch_adr0_r[21]$_DFFE_PP_/D
71	0.0959	wbIs_data_i[J]	wbIm_data_o[J]	wb1s_data_i[19]	wb0m_data_o[19]
72	0.0960	uI.uJ.state[K]	uI.uJ.pointer_sr[K]	u1.u1.state[0]$_SDFFE_PP0P_/Q	u0.u2.pointer_sr[21]$_DFFE_PP_/D
73	0.0984	uI.uJ.pri_outK[L]	uI.ch_sel_r[J]	u1.u0.pri_out0[1]$_DFF_P_/Q	u1.ch_sel_r[0]$_SDFFE_PP0P_/D
74	0.0987	wbI_stb_i	wbI_stb_o	wb0_stb_i	wb1_stb_o
75	0.0998	uI.state[J]	uI.uJ.ch_adrK_s[L]	u2.state[5]$_DFF_P_/Q	u0.u15.ch_adr1_s[3]$_DFFE_PP_/D
76	0.1003	wbI_we_i	wbI_we_o	wb0_we_i	wb1_we_o
77	0.1029	uI.ch_sel_r[J]	uI.uJ.ch_tot_sz_r[K]	u1.ch_sel_r[0]$_SDFFE_PP0P_/Q	u0.u10.ch_tot_sz_r[3]$_DFFE_PP_/D
78	0.1036	_I_	wbIm_data_o[J]	_56401_/Q	wb0m_data_o[19]
79	0.1037	uI.uJ.pri_outK[L]	uI.uJ.int_src_r[K]	u1.u0.pri_out0[1]$_DFF_P_/Q	u0.u4.int_src_r[1]$_SDFFE_PP0P_/D
80	0.1053	uI.dma_busy_r	uI.uJ.ptr_valid	u1.dma_busy_r$_DFF_P_/Q	u0.u4.ptr_valid$_SDFFE_PP0P_/D
81	0.1056	uI.dma_busy_r	uI.uJ.pointer_r[K]	u1.dma_busy_r$_DFF_P_/Q	u0.u4.pointer_r[0]$_DFFE_PP_/D
82	0.1119	uI.ch_sel_r[J]	uI.state[J]	u1.ch_sel_r[1]$_SDFFE_PP0P_/Q	u2.state[7]$_DFF_P_/D
83	0.1138	uI.uJ.slv_adr[K]	uI.uJ.ch_adrK_r[L]	u3.u1.slv_adr[9]$_DFF_P_/Q	u0.u0.ch_adr1_r[15]$_DFFE_PP_/D
84	0.1139	uI.dma_busy_r	uI.uJ.ch_adrK_s[L]	u1.dma_busy_r$_DFF_P_/Q	u0.u9.ch_adr1_s[0]$_DFFE_PP_/D
85	0.1155	uI.uJ.slv_adr[K]	uI.uJ.ch_csr_r[K]	u3.u1.slv_adr[6]$_DFF_P_/Q	u0.u3.ch_csr_r[0]$_SDFFE_PP0P_/D
86	0.1155	uI.ch_sel_r[J]	uI.uJ.ch_txsz_s[K]	u1.ch_sel_r[0]$_SDFFE_PP0P_/Q	u0.u10.ch_txsz_s[8]$_DFFE_PP_/D
87	0.1174	uI.uJ.pri_outK[L]	uI.uJ.mast_stb	u1.u0.pri_out0[1]$_DFF_P_/Q	u4.u0.mast_stb$_DFF_P_/D
88	0.1175	uI.uJ.state[K]	uI.tsz_cnt[J]	u1.u1.state[2]$_SDFFE_PP0P_/Q	u2.tsz_cnt[10]$_DFFE_PP_/D
89	0.1179	uI.uJ.pri_outK[L]	uI.uJ.ch_done	u1.u0.pri_out0[1]$_DFF_P_/Q	u0.u4.ch_done$_SDFFE_PP0P_/D
90	0.1194	uI.uJ.slv_adr[K]	uI.uJ.ch_adrK_s[L]	u3.u1.slv_adr[6]$_DFF_P_/Q	u0.u11.ch_adr1_s[4]$_DFFE_PP_/D
91	0.1196	wbI_sel_i[J]	wbI_sel_o[J]	wb1_sel_i[3]	wb0_sel_o[3]
92	0.1249	uI.uJ.slv_adr[K]	uI.wb_rf_dout[J]	u3.u1.slv_adr[8]$_DFF_P_/QN	u0.wb_rf_dout[0]$_DFFE_PP_/D
93	0.1258	uI.uJ.slv_adr[K]	uI.uJ.ch_chk_sz_r[K]	u3.u1.slv_adr[8]$_DFF_P_/QN	u0.u13.ch_chk_sz_r[9]$_DFFE_PP_/D
94	0.1258	uI.dma_busy_r	uI.chunk_cnt[J]	u1.dma_busy_r$_DFF_P_/Q	u2.chunk_cnt[7]$_DFFE_PP_/D
95	0.1265	uI.uJ.state[K]	uI.uJ.int_src_r[K]	u1.u1.state[0]$_SDFFE_PP0P_/Q	u0.u4.int_src_r[1]$_SDFFE_PP0P_/D
96	0.1268	uI.uJ.state[K]	uI.ch_sel_r[J]	u1.u1.state[2]$_SDFFE_PP0P_/Q	u1.ch_sel_r[0]$_SDFFE_PP0P_/D
97	0.1282	uI.uJ.slv_adr[K]	uI.uJ.ch_csr_rK[L]	u3.u1.slv_adr[6]$_DFF_P_/Q	u0.u3.ch_csr_r2[0]$_SDFFE_PP0P_/D
98	0.1286	wbI_err_i	wbI_err_o	wb0_err_i	wb1_err_o
99	0.1288	uI.ch_sel_r[J]	uI.uJ.ch_chk_sz_r[K]	u1.ch_sel_r[0]$_SDFFE_PP0P_/Q	u0.u10.ch_chk_sz_r[7]$_DFFE_PP_/D
100	0.1303	uI.dma_busy_r	uI.uJ.pointer_sr[K]	u1.dma_busy_r$_DFF_P_/Q	u0.u2.pointer_sr[21]$_DFFE_PP_/D
