# stage	6_final
# top_module	sha512
# top_n	100
# kind	blocks
# include_full	1
# rank	worst_slack_ns	start	end	start_full	end_full
1	-0.2177	address[I]	read_data[I]	address[1]	read_data[4]
2	-0.0896	core.e_reg[I]	core.a_reg[I]	core.e_reg[23]$_DFFE_PN0P_/Q	core.a_reg[62]$_DFFE_PN0P_/D
3	-0.0717	core.g_reg[I]	core.a_reg[I]	core.g_reg[7]$_DFFE_PN0P_/Q	core.a_reg[62]$_DFFE_PN0P_/D
4	-0.0704	core.e_reg[I]	core.e_reg[I]	core.e_reg[23]$_DFFE_PN0P_/Q	core.e_reg[63]$_DFFE_PN0P_/D
5	-0.0654	core.f_reg[I]	core.a_reg[I]	core.f_reg[8]$_DFFE_PN0P_/Q	core.a_reg[62]$_DFFE_PN0P_/D
6	-0.0525	core.g_reg[I]	core.e_reg[I]	core.g_reg[7]$_DFFE_PN0P_/Q	core.e_reg[63]$_DFFE_PN0P_/D
7	-0.0462	core.f_reg[I]	core.e_reg[I]	core.f_reg[8]$_DFFE_PN0P_/Q	core.e_reg[63]$_DFFE_PN0P_/D
8	-0.0192	address[I]	error	address[4]	error
9	-0.0057	core.w_mem_inst.w_pre_reg[I]	core.a_reg[I]	core.w_mem_inst.w_pre_reg[7]$_DFFE_PP_/Q	core.a_reg[62]$_DFFE_PN0P_/D
10	0.0021	cs	read_data[I]	cs	read_data[19]
11	0.0132	we	read_data[I]	we	read_data[19]
12	0.0134	core.w_mem_inst.w_pre_reg[I]	core.e_reg[I]	core.w_mem_inst.w_pre_reg[7]$_DFFE_PP_/Q	core.e_reg[63]$_DFFE_PN0P_/D
13	0.0962	core.k_data_reg[I]	core.a_reg[I]	core.k_data_reg[7]$_DFFE_PP_/Q	core.a_reg[62]$_DFFE_PN0P_/D
14	0.1153	core.k_data_reg[I]	core.e_reg[I]	core.k_data_reg[7]$_DFFE_PP_/Q	core.e_reg[63]$_DFFE_PN0P_/D
15	0.1428	digest_reg[I]	read_data[I]	digest_reg[228]$_DFFE_PN0P_/Q	read_data[4]
16	0.1728	we	error	we	error
17	0.2001	core.h_reg[I]	core.a_reg[I]	core.h_reg[7]$_DFFE_PN0P_/Q	core.a_reg[62]$_DFFE_PN0P_/D
18	0.2059	cs	error	cs	error
19	0.2082	core.w_mem_inst.w_mem[I][J]	core.w_mem_inst.w_pre_reg[I]	core.w_mem_inst.w_mem[1][8]$_DFFE_PN0P_/Q	core.w_mem_inst.w_pre_reg[62]$_DFFE_PP_/D
20	0.2104	core.w_mem_inst.w_mem[I][J]	core.w_mem_inst.w_mem[I][J]	core.w_mem_inst.w_mem[1][8]$_DFFE_PN0P_/Q	core.w_mem_inst.w_mem[15][62]$_DFFE_PN0P_/D
21	0.2193	core.h_reg[I]	core.e_reg[I]	core.h_reg[7]$_DFFE_PN0P_/Q	core.e_reg[63]$_DFFE_PN0P_/D
22	0.2355	block_reg[I][J]	read_data[I]	block_reg[15][9]$_DFFE_PN0P_/Q	read_data[9]
23	0.4124	work_factor_num_reg[I]	read_data[I]	work_factor_num_reg[12]$_DFFE_PN0P_/Q	read_data[12]
24	0.4356	mode_reg[I]	read_data[I]	mode_reg[1]$_DFFE_PN1P_/Q	read_data[3]
25	0.4421	init_reg	read_data[I]	init_reg$_DFF_PN0_/Q	read_data[0]
26	0.4463	digest_valid_reg	read_data[I]	digest_valid_reg$_DFF_PN0_/Q	read_data[1]
27	0.4470	work_factor_reg	read_data[I]	work_factor_reg$_DFFE_PN0P_/Q	read_data[7]
28	0.4472	next_reg	read_data[I]	next_reg$_DFF_PN0_/Q	read_data[1]
29	0.4649	ready_reg	read_data[I]	ready_reg$_DFF_PN0_/Q	read_data[0]
30	0.4756	address[I]	block_reg[I][J]	address[2]	block_reg[10][13]$_DFFE_PN0P_/D
31	0.5793	core.w_mem_inst.w_ctr_reg[I]	core.w_mem_inst.w_pre_reg[I]	core.w_mem_inst.w_ctr_reg[0]$_DFFE_PN0P_/Q	core.w_mem_inst.w_pre_reg[62]$_DFFE_PP_/D
32	0.5944	core.work_factor_ctr_reg[I]	core.w_mem_inst.w_mem[I][J]	core.work_factor_ctr_reg[1]$_DFFE_PN0P_/Q	core.w_mem_inst.w_mem[14][6]$_DFFE_PN0P_/D
33	0.5997	core.a_reg[I]	core.a_reg[I]	core.a_reg[37]$_DFFE_PN0P_/Q	core.a_reg[62]$_DFFE_PN0P_/D
34	0.6274	core.work_factor_ctr_reg[I]	core.w_mem_inst.w_pre_reg[I]	core.work_factor_ctr_reg[21]$_DFFE_PN0P_/Q	core.w_mem_inst.w_pre_reg[62]$_DFFE_PP_/D
35	0.6293	core.e_reg[I]	core.HI_reg[J]	core.e_reg[0]$_DFFE_PN0P_/Q	core.H4_reg[56]$_DFFE_PN0P_/D
36	0.6358	core.round_ctr_reg[I]	core.k_data_reg[I]	core.round_ctr_reg[0]$_DFFE_PN0P_/Q	core.k_data_reg[49]$_DFFE_PP_/D
37	0.6386	work_factor_num_reg[I]	core.w_mem_inst.w_mem[I][J]	work_factor_num_reg[0]$_DFFE_PN0P_/Q	core.w_mem_inst.w_mem[14][6]$_DFFE_PN0P_/D
38	0.6435	reset_n	digest_reg[I]	reset_n	digest_reg[102]$_DFFE_PN0P_/RN
39	0.6458	work_factor_num_reg[I]	core.w_mem_inst.w_pre_reg[I]	work_factor_num_reg[21]$_DFFE_PN0P_/QN	core.w_mem_inst.w_pre_reg[62]$_DFFE_PP_/D
40	0.6470	reset_n	block_reg[I][J]	reset_n	block_reg[20][5]$_DFFE_PN0P_/RN
41	0.6471	reset_n	core.w_mem_inst.w_mem[I][J]	reset_n	core.w_mem_inst.w_mem[2][37]$_DFFE_PN0P_/RN
42	0.6527	reset_n	core.HI_reg[J]	reset_n	core.H7_reg[32]$_DFFE_PN0P_/RN
43	0.6532	reset_n	core.h_reg[I]	reset_n	core.h_reg[36]$_DFFE_PN0P_/RN
44	0.6590	core.work_factor_ctr_reg[I]	core.e_reg[I]	core.work_factor_ctr_reg[1]$_DFFE_PN0P_/Q	core.e_reg[29]$_DFFE_PN0P_/D
45	0.6626	core.w_mem_inst.w_ctr_reg[I]	core.w_mem_inst.w_mem[I][J]	core.w_mem_inst.w_ctr_reg[0]$_DFFE_PN0P_/Q	core.w_mem_inst.w_mem[5][17]$_DFFE_PN0P_/D
46	0.6712	address[I]	work_factor_num_reg[I]	address[4]	work_factor_num_reg[2]$_DFFE_PN0P_/D
47	0.6719	core.work_factor_ctr_reg[I]	core.k_data_reg[I]	core.work_factor_ctr_reg[21]$_DFFE_PN0P_/Q	core.k_data_reg[17]$_DFFE_PP_/D
48	0.6755	core.work_factor_ctr_reg[I]	core.h_reg[I]	core.work_factor_ctr_reg[1]$_DFFE_PN0P_/Q	core.h_reg[63]$_DFFE_PN0P_/D
49	0.6838	core.work_factor_ctr_reg[I]	core.g_reg[I]	core.work_factor_ctr_reg[21]$_DFFE_PN0P_/Q	core.g_reg[16]$_DFFE_PN0P_/D
50	0.6868	core.c_reg[I]	core.a_reg[I]	core.c_reg[9]$_DFFE_PN0P_/Q	core.a_reg[36]$_DFFE_PN0P_/D
51	0.6901	reset_n	core.g_reg[I]	reset_n	core.g_reg[33]$_DFFE_PN0P_/RN
52	0.6903	work_factor_num_reg[I]	core.k_data_reg[I]	work_factor_num_reg[21]$_DFFE_PN0P_/QN	core.k_data_reg[17]$_DFFE_PP_/D
53	0.6905	reset_n	core.e_reg[I]	reset_n	core.e_reg[17]$_DFFE_PN0P_/RN
54	0.6911	reset_n	core.d_reg[I]	reset_n	core.d_reg[15]$_DFFE_PN0P_/RN
55	0.6921	core.work_factor_ctr_reg[I]	core.d_reg[I]	core.work_factor_ctr_reg[21]$_DFFE_PN0P_/Q	core.d_reg[23]$_DFFE_PN0P_/D
56	0.6926	reset_n	core.f_reg[I]	reset_n	core.f_reg[14]$_DFFE_PN0P_/RN
57	0.6926	core.work_factor_ctr_reg[I]	core.c_reg[I]	core.work_factor_ctr_reg[21]$_DFFE_PN0P_/Q	core.c_reg[19]$_DFFE_PN0P_/D
58	0.6999	core.b_reg[I]	core.a_reg[I]	core.b_reg[1]$_DFFE_PN0P_/Q	core.a_reg[61]$_DFFE_PN0P_/D
59	0.7022	work_factor_num_reg[I]	core.g_reg[I]	work_factor_num_reg[21]$_DFFE_PN0P_/QN	core.g_reg[16]$_DFFE_PN0P_/D
60	0.7023	core.a_reg[I]	core.HI_reg[J]	core.a_reg[0]$_DFFE_PN0P_/Q	core.H0_reg[48]$_DFFE_PN0P_/D
61	0.7032	work_factor_num_reg[I]	core.e_reg[I]	work_factor_num_reg[0]$_DFFE_PN0P_/Q	core.e_reg[29]$_DFFE_PN0P_/D
62	0.7047	core.f_reg[I]	core.HI_reg[J]	core.f_reg[21]$_DFFE_PN0P_/Q	core.H5_reg[54]$_DFFE_PN0P_/D
63	0.7070	core.b_reg[I]	core.HI_reg[J]	core.b_reg[0]$_DFFE_PN0P_/Q	core.H1_reg[60]$_DFFE_PN0P_/D
64	0.7084	core.work_factor_ctr_reg[I]	core.f_reg[I]	core.work_factor_ctr_reg[21]$_DFFE_PN0P_/Q	core.f_reg[39]$_DFFE_PN0P_/D
65	0.7102	core.work_factor_ctr_reg[I]	core.HI_reg[J]	core.work_factor_ctr_reg[21]$_DFFE_PN0P_/Q	core.H0_reg[1]$_DFFE_PN0P_/D
66	0.7104	reset_n	core.k_data_reg[I]	reset_n	core.k_data_reg[33]$_DFFE_PP_/D
67	0.7105	work_factor_num_reg[I]	core.d_reg[I]	work_factor_num_reg[21]$_DFFE_PN0P_/QN	core.d_reg[23]$_DFFE_PN0P_/D
68	0.7110	work_factor_num_reg[I]	core.c_reg[I]	work_factor_num_reg[21]$_DFFE_PN0P_/QN	core.c_reg[19]$_DFFE_PN0P_/D
69	0.7116	core.d_reg[I]	core.HI_reg[J]	core.d_reg[23]$_DFFE_PN0P_/Q	core.H3_reg[62]$_DFFE_PN0P_/D
70	0.7123	work_factor_num_reg[I]	core.h_reg[I]	work_factor_num_reg[21]$_DFFE_PN0P_/QN	core.h_reg[22]$_DFFE_PN0P_/D
71	0.7157	core.work_factor_ctr_reg[I]	core.b_reg[I]	core.work_factor_ctr_reg[21]$_DFFE_PN0P_/Q	core.b_reg[16]$_DFFE_PN0P_/D
72	0.7196	core.HI_reg[J]	core.HI_reg[J]	core.H1_reg[0]$_DFFE_PN0P_/Q	core.H1_reg[60]$_DFFE_PN0P_/D
73	0.7202	reset_n	core.b_reg[I]	reset_n	core.b_reg[0]$_DFFE_PN0P_/RN
74	0.7205	reset_n	core.c_reg[I]	reset_n	core.c_reg[0]$_DFFE_PN0P_/RN
75	0.7219	reset_n	core.a_reg[I]	reset_n	core.a_reg[0]$_DFFE_PN0P_/RN
76	0.7234	core.g_reg[I]	core.HI_reg[J]	core.g_reg[21]$_DFFE_PN0P_/Q	core.H6_reg[48]$_DFFE_PN0P_/D
77	0.7248	core.work_factor_ctr_reg[I]	core.a_reg[I]	core.work_factor_ctr_reg[21]$_DFFE_PN0P_/Q	core.a_reg[0]$_DFFE_PN0P_/D
78	0.7266	reset_n	core.w_mem_inst.w_pre_reg[I]	reset_n	core.w_mem_inst.w_pre_reg[62]$_DFFE_PP_/D
79	0.7267	work_factor_num_reg[I]	core.f_reg[I]	work_factor_num_reg[21]$_DFFE_PN0P_/QN	core.f_reg[39]$_DFFE_PN0P_/D
80	0.7274	core.c_reg[I]	core.HI_reg[J]	core.c_reg[9]$_DFFE_PN0P_/Q	core.H2_reg[62]$_DFFE_PN0P_/D
81	0.7286	work_factor_num_reg[I]	core.HI_reg[J]	work_factor_num_reg[21]$_DFFE_PN0P_/QN	core.H0_reg[1]$_DFFE_PN0P_/D
82	0.7324	we	block_reg[I][J]	we	block_reg[10][13]$_DFFE_PN0P_/D
83	0.7341	work_factor_num_reg[I]	core.b_reg[I]	work_factor_num_reg[21]$_DFFE_PN0P_/QN	core.b_reg[16]$_DFFE_PN0P_/D
84	0.7353	address[I]	mode_reg[I]	address[4]	mode_reg[1]$_DFFE_PN1P_/D
85	0.7391	core.h_reg[I]	core.HI_reg[J]	core.h_reg[16]$_DFFE_PN0P_/Q	core.H7_reg[60]$_DFFE_PN0P_/D
86	0.7396	core.shaI_ctrl_reg[J]	core.e_reg[I]	core.sha512_ctrl_reg[0]$_DFF_PN1_/Q	core.e_reg[17]$_DFFE_PN0P_/D
87	0.7432	work_factor_num_reg[I]	core.a_reg[I]	work_factor_num_reg[21]$_DFFE_PN0P_/QN	core.a_reg[0]$_DFFE_PN0P_/D
88	0.7447	init_reg	core.e_reg[I]	init_reg$_DFF_PN0_/Q	core.e_reg[17]$_DFFE_PN0P_/D
89	0.7459	address[I]	work_factor_reg	address[4]	work_factor_reg$_DFFE_PN0P_/D
90	0.7509	core.shaI_ctrl_reg[J]	core.g_reg[I]	core.sha512_ctrl_reg[0]$_DFF_PN1_/Q	core.g_reg[17]$_DFFE_PN0P_/D
91	0.7520	core.shaI_ctrl_reg[J]	core.f_reg[I]	core.sha512_ctrl_reg[0]$_DFF_PN1_/Q	core.f_reg[16]$_DFFE_PN0P_/D
92	0.7560	init_reg	core.g_reg[I]	init_reg$_DFF_PN0_/Q	core.g_reg[17]$_DFFE_PN0P_/D
93	0.7571	init_reg	core.f_reg[I]	init_reg$_DFF_PN0_/Q	core.f_reg[16]$_DFFE_PN0P_/D
94	0.7628	cs	block_reg[I][J]	cs	block_reg[10][13]$_DFFE_PN0P_/D
95	0.7740	address[I]	init_reg	address[4]	init_reg$_DFF_PN0_/D
96	0.7743	address[I]	next_reg	address[4]	next_reg$_DFF_PN0_/D
97	0.7854	core.shaI_ctrl_reg[J]	core.HI_reg[J]	core.sha512_ctrl_reg[0]$_DFF_PN1_/Q	core.H6_reg[17]$_DFFE_PN0P_/D
98	0.7906	init_reg	core.HI_reg[J]	init_reg$_DFF_PN0_/Q	core.H6_reg[17]$_DFFE_PN0P_/D
99	0.8018	core.shaI_ctrl_reg[J]	core.k_data_reg[I]	core.sha512_ctrl_reg[2]$_DFF_PN0_/Q	core.k_data_reg[5]$_DFFE_PP_/D
100	0.8128	core.shaI_ctrl_reg[J]	core.w_mem_inst.w_pre_reg[I]	core.sha512_ctrl_reg[1]$_DFF_PN0_/Q	core.w_mem_inst.w_pre_reg[62]$_DFFE_PP_/D
