# stage	6_final
# top_module	tpu_top
# top_n	100
# kind	blocks
# include_full	1
# rank	worst_slack_ns	start	end	start_full	end_full
1	-0.1637	systolic_controll.matrix_index[I]	_I_	systolic_controll.matrix_index[3]$_SDFF_PP0_/QN	_93967_/D
2	-0.1606	systolic_controll.matrix_index[I]	write_out.sram_wdata_a[I]	systolic_controll.matrix_index[3]$_SDFF_PP0_/QN	write_out.sram_wdata_a[56]$_SDFF_PN0_/D
3	-0.1597	systolic_controll.matrix_index[I]	write_out.sram_wdata_c[I]	systolic_controll.matrix_index[3]$_SDFF_PP0_/QN	write_out.sram_wdata_c[100]$_SDFF_PN0_/D
4	-0.1185	systolic.data_queue[I][J]	systolic.product_reg[I][J]	systolic.data_queue[15][3]$_SDFFE_PN0P_/Q	systolic.product_reg[15][15]$_SDFFE_PN0P_/D
5	-0.1145	systolic.weight_queue[I][J]	systolic.product_reg[I][J]	systolic.weight_queue[15][2]$_SDFFE_PN0P_/Q	systolic.product_reg[15][15]$_SDFFE_PN0P_/D
6	-0.0355	systolic.matrix_mul_ID[J][K]	write_out.sram_wdata_a[I]	systolic.matrix_mul_2D[58][15]$_SDFFE_PN0P_/Q	write_out.sram_wdata_a[56]$_SDFF_PN0_/D
7	-0.0333	systolic.matrix_mul_ID[J][K]	write_out.sram_wdata_c[I]	systolic.matrix_mul_2D[58][15]$_SDFFE_PN0P_/Q	write_out.sram_wdata_c[57]$_SDFF_PN0_/D
8	-0.0261	systolic.matrix_mul_ID[J][K]	_I_	systolic.matrix_mul_2D[58][15]$_SDFFE_PN0P_/Q	_93933_/D
9	0.0385	systolic.matrix_mul_ID[J][K]	systolic.matrix_mul_ID[J][K]	systolic.matrix_mul_2D[42][1]$_SDFFE_PN0P_/Q	systolic.matrix_mul_2D[42][19]$_SDFFE_PN0P_/D
10	0.0457	systolic.product_reg[I][J]	systolic.matrix_mul_ID[J][K]	systolic.product_reg[0][0]$_SDFFE_PN0P_/Q	systolic.matrix_mul_2D[0][20]$_SDFFE_PN0P_/D
11	0.0967	write_out.sram_wdata_c[I]	sram_wdata_c[I]	write_out.sram_wdata_c[87]$_SDFF_PN0_/Q	sram_wdata_c[87]
12	0.1043	write_out.sram_wdata_a[I]	sram_wdata_a[I]	write_out.sram_wdata_a[82]$_SDFF_PN0_/Q	sram_wdata_a[82]
13	0.1045	_I_	sram_wdata_b[I]	_93900_/Q	sram_wdata_b[39]
14	0.1200	_I_	sram_write_enable_bI	_93858_/Q	sram_write_enable_b0
15	0.1321	_I_	sram_waddr_b[I]	_93991_/Q	sram_waddr_b[3]
16	0.1326	systolic_controll.state[I]	systolic.data_queue[I][J]	systolic_controll.state[3]$_DFF_P_/Q	systolic.data_queue[57][0]$_SDFFE_PN0P_/D
17	0.1334	write_out.sram_write_enable_aI	sram_write_enable_aI	write_out.sram_write_enable_a0$_SDFF_PN1_/Q	sram_write_enable_a0
18	0.1342	write_out.sram_write_enable_cI	sram_write_enable_cI	write_out.sram_write_enable_c0$_SDFF_PN1_/Q	sram_write_enable_c0
19	0.1343	addr_sel.sram_raddr_wI[J]	sram_raddr_dI[J]	addr_sel.sram_raddr_w0[6]$_SDFF_PN1_/Q	sram_raddr_d0[6]
20	0.1348	addr_sel.sram_raddr_wI[J]	sram_raddr_wI[J]	addr_sel.sram_raddr_w0[0]$_SDFF_PN1_/Q	sram_raddr_w0[0]
21	0.1351	write_out.sram_waddr_c[I]	sram_waddr_c[I]	write_out.sram_waddr_c[2]$_SDFF_PN0_/Q	sram_waddr_c[2]
22	0.1366	systolic_controll.state[I]	systolic.weight_queue[I][J]	systolic_controll.state[3]$_DFF_P_/Q	systolic.weight_queue[58][2]$_SDFFE_PN0P_/D
23	0.1387	write_out.sram_waddr_a[I]	sram_waddr_a[I]	write_out.sram_waddr_a[1]$_SDFF_PN0_/Q	sram_waddr_a[1]
24	0.1416	systolic_controll.tpu_done	tpu_done	systolic_controll.tpu_done$_SDFF_PN0_/Q	tpu_done
25	0.1727	systolic_controll.state[I]	systolic.product_reg[I][J]	systolic_controll.state[3]$_DFF_P_/Q	systolic.product_reg[40][0]$_SDFFE_PN0P_/D
26	0.1817	systolic_controll.cycle_num[I]	systolic.mode_reg[I][J]	systolic_controll.cycle_num[1]$_SDFF_PN0_/Q	systolic.mode_reg[3][1]$_DFF_P_/D
27	0.1973	systolic_controll.cycle_num[I]	write_out.sram_wdata_a[I]	systolic_controll.cycle_num[5]$_SDFF_PN0_/QN	write_out.sram_wdata_a[5]$_SDFF_PN0_/D
28	0.2017	systolic_controll.cycle_num[I]	_I_	systolic_controll.cycle_num[5]$_SDFF_PN0_/QN	_93960_/D
29	0.2050	systolic_controll.state[I]	write_out.sram_wdata_a[I]	systolic_controll.state[3]$_DFF_P_/Q	write_out.sram_wdata_a[5]$_SDFF_PN0_/D
30	0.2094	systolic_controll.state[I]	_I_	systolic_controll.state[3]$_DFF_P_/Q	_93960_/D
31	0.2243	systolic_controll.cycle_num[I]	write_out.sram_wdata_c[I]	systolic_controll.cycle_num[5]$_SDFF_PN0_/QN	write_out.sram_wdata_c[49]$_SDFF_PN0_/D
32	0.2321	systolic_controll.state[I]	write_out.sram_wdata_c[I]	systolic_controll.state[3]$_DFF_P_/Q	write_out.sram_wdata_c[49]$_SDFF_PN0_/D
33	0.2356	systolic.mode_reg[I][J]	systolic.matrix_mul_ID[J][K]	systolic.mode_reg[5][1]$_DFF_P_/Q	systolic.matrix_mul_2D[40][17]$_SDFFE_PN0P_/D
34	0.2951	systolic_controll.state[I]	systolic_controll.addr_serial_num[I]	systolic_controll.state[3]$_DFF_P_/Q	systolic_controll.addr_serial_num[0]$_SDFFE_PN0P_/D
35	0.2952	systolic_controll.data_set[I]	_I_	systolic_controll.data_set[0]$_SDFFE_PN0P_/Q	_93960_/D
36	0.3011	srstn	systolic.product_reg[I][J]	srstn	systolic.product_reg[50][15]$_SDFFE_PN0P_/D
37	0.3021	srstn	systolic.data_queue[I][J]	srstn	systolic.data_queue[45][4]$_SDFFE_PN0P_/D
38	0.3033	srstn	systolic.weight_queue[I][J]	srstn	systolic.weight_queue[45][7]$_SDFFE_PN0P_/D
39	0.3041	srstn	systolic.matrix_mul_ID[J][K]	srstn	systolic.matrix_mul_2D[4][10]$_SDFFE_PN0P_/D
40	0.3055	systolic_controll.matrix_index[I]	write_out.sram_waddr_a[I]	systolic_controll.matrix_index[0]$_SDFF_PP0_/Q	write_out.sram_waddr_a[0]$_SDFF_PN0_/D
41	0.3060	systolic_controll.matrix_index[I]	write_out.sram_waddr_c[I]	systolic_controll.matrix_index[0]$_SDFF_PP0_/Q	write_out.sram_waddr_c[0]$_SDFF_PN0_/D
42	0.3166	systolic_controll.cycle_num[I]	write_out.sram_waddr_a[I]	systolic_controll.cycle_num[5]$_SDFF_PN0_/QN	write_out.sram_waddr_a[0]$_SDFF_PN0_/D
43	0.3166	srstn	write_out.sram_wdata_a[I]	srstn	write_out.sram_wdata_a[5]$_SDFF_PN0_/D
44	0.3194	systolic_controll.matrix_index[I]	systolic_controll.tpu_done	systolic_controll.matrix_index[0]$_SDFF_PP0_/Q	systolic_controll.tpu_done$_SDFF_PN0_/D
45	0.3210	srstn	_I_	srstn	_93960_/D
46	0.3243	systolic_controll.state[I]	write_out.sram_waddr_a[I]	systolic_controll.state[3]$_DFF_P_/Q	write_out.sram_waddr_a[0]$_SDFF_PN0_/D
47	0.3334	srstn	systolic_controll.cycle_num[I]	srstn	systolic_controll.cycle_num[5]$_SDFF_PN0_/D
48	0.3384	systolic_controll.cycle_num[I]	write_out.sram_write_enable_aI	systolic_controll.cycle_num[5]$_SDFF_PN0_/QN	write_out.sram_write_enable_a0$_SDFF_PN1_/D
49	0.3392	srstn	systolic_controll.tpu_done	srstn	systolic_controll.tpu_done$_SDFF_PN0_/D
50	0.3399	systolic_controll.matrix_index[I]	systolic_controll.state[I]	systolic_controll.matrix_index[0]$_SDFF_PP0_/Q	systolic_controll.state[3]$_DFF_P_/D
51	0.3436	srstn	write_out.sram_wdata_c[I]	srstn	write_out.sram_wdata_c[49]$_SDFF_PN0_/D
52	0.3462	systolic_controll.state[I]	write_out.sram_write_enable_aI	systolic_controll.state[3]$_DFF_P_/Q	write_out.sram_write_enable_a0$_SDFF_PN1_/D
53	0.3492	systolic_controll.cycle_num[I]	write_out.sram_waddr_c[I]	systolic_controll.cycle_num[5]$_SDFF_PN0_/QN	write_out.sram_waddr_c[5]$_SDFF_PN0_/D
54	0.3512	systolic_controll.matrix_index[I]	systolic_controll.data_set[I]	systolic_controll.matrix_index[3]$_SDFF_PP0_/Q	systolic_controll.data_set[0]$_SDFFE_PN0P_/D
55	0.3533	srstn	systolic_controll.addr_serial_num[I]	srstn	systolic_controll.addr_serial_num[1]$_SDFFE_PN0P_/D
56	0.3570	systolic_controll.state[I]	write_out.sram_waddr_c[I]	systolic_controll.state[3]$_DFF_P_/Q	write_out.sram_waddr_c[5]$_SDFF_PN0_/D
57	0.3895	systolic_controll.data_set[I]	write_out.sram_wdata_a[I]	systolic_controll.data_set[1]$_SDFFE_PN0P_/QN	write_out.sram_wdata_a[5]$_SDFF_PN0_/D
58	0.3938	srstn	systolic.mode_reg[I][J]	srstn	systolic.mode_reg[3][1]$_DFF_P_/D
59	0.4025	systolic_controll.cycle_num[I]	write_out.sram_write_enable_cI	systolic_controll.cycle_num[5]$_SDFF_PN0_/QN	write_out.sram_write_enable_c0$_SDFF_PN1_/D
60	0.4065	systolic_controll.state[I]	systolic_controll.cycle_num[I]	systolic_controll.state[3]$_DFF_P_/Q	systolic_controll.cycle_num[5]$_SDFF_PN0_/D
61	0.4080	systolic_controll.matrix_index[I]	systolic_controll.matrix_index[I]	systolic_controll.matrix_index[0]$_SDFF_PP0_/Q	systolic_controll.matrix_index[3]$_SDFF_PP0_/D
62	0.4082	systolic_controll.state[I]	systolic_controll.state[I]	systolic_controll.state[3]$_DFF_P_/Q	systolic_controll.state[0]$_DFF_P_/D
63	0.4102	systolic_controll.state[I]	write_out.sram_write_enable_cI	systolic_controll.state[3]$_DFF_P_/Q	write_out.sram_write_enable_c0$_SDFF_PN1_/D
64	0.4123	systolic_controll.state[I]	systolic_controll.tpu_done	systolic_controll.state[3]$_DFF_P_/Q	systolic_controll.tpu_done$_SDFF_PN0_/D
65	0.4236	systolic_controll.data_set[I]	write_out.sram_wdata_c[I]	systolic_controll.data_set[0]$_SDFFE_PN0P_/Q	write_out.sram_wdata_c[49]$_SDFF_PN0_/D
66	0.4359	srstn	write_out.sram_waddr_a[I]	srstn	write_out.sram_waddr_a[0]$_SDFF_PN0_/D
67	0.4443	systolic_controll.addr_serial_num[I]	addr_sel.sram_raddr_wI[J]	systolic_controll.addr_serial_num[5]$_SDFFE_PN0P_/Q	addr_sel.sram_raddr_w1[5]$_SDFF_PN1_/D
68	0.4468	systolic_controll.state[I]	systolic.mode_reg[I][J]	systolic_controll.state[3]$_DFF_P_/QN	systolic.mode_reg[3][1]$_DFF_P_/D
69	0.4471	systolic_controll.addr_serial_num[I]	systolic_controll.addr_serial_num[I]	systolic_controll.addr_serial_num[1]$_SDFFE_PN0P_/Q	systolic_controll.addr_serial_num[5]$_SDFFE_PN0P_/D
70	0.4538	systolic_controll.cycle_num[I]	systolic_controll.data_set[I]	systolic_controll.cycle_num[5]$_SDFF_PN0_/QN	systolic_controll.data_set[0]$_SDFFE_PN0P_/D
71	0.4578	srstn	write_out.sram_write_enable_aI	srstn	write_out.sram_write_enable_a0$_SDFF_PN1_/D
72	0.4653	srstn	systolic_controll.state[I]	srstn	systolic_controll.state[3]$_DFF_P_/D
73	0.4686	srstn	write_out.sram_waddr_c[I]	srstn	write_out.sram_waddr_c[5]$_SDFF_PN0_/D
74	0.4755	systolic_controll.cycle_num[I]	systolic_controll.matrix_index[I]	systolic_controll.cycle_num[5]$_SDFF_PN0_/QN	systolic_controll.matrix_index[3]$_SDFF_PP0_/D
75	0.4914	systolic_controll.cycle_num[I]	systolic_controll.cycle_num[I]	systolic_controll.cycle_num[1]$_SDFF_PN0_/Q	systolic_controll.cycle_num[8]$_SDFF_PN0_/D
76	0.5014	tpu_start	systolic_controll.addr_serial_num[I]	tpu_start	systolic_controll.addr_serial_num[5]$_SDFFE_PN0P_/D
77	0.5016	systolic_controll.state[I]	systolic_controll.data_set[I]	systolic_controll.state[3]$_DFF_P_/Q	systolic_controll.data_set[0]$_SDFFE_PN0P_/D
78	0.5076	systolic_controll.data_set[I]	write_out.sram_waddr_a[I]	systolic_controll.data_set[1]$_SDFFE_PN0P_/QN	write_out.sram_waddr_a[0]$_SDFF_PN0_/D
79	0.5096	srstn	systolic_controll.matrix_index[I]	srstn	systolic_controll.matrix_index[3]$_SDFF_PP0_/D
80	0.5205	systolic_controll.data_set[I]	write_out.sram_write_enable_aI	systolic_controll.data_set[1]$_SDFFE_PN0P_/QN	write_out.sram_write_enable_a0$_SDFF_PN1_/D
81	0.5218	srstn	write_out.sram_write_enable_cI	srstn	write_out.sram_write_enable_c0$_SDFF_PN1_/D
82	0.5485	systolic_controll.data_set[I]	write_out.sram_waddr_c[I]	systolic_controll.data_set[0]$_SDFFE_PN0P_/Q	write_out.sram_waddr_c[5]$_SDFF_PN0_/D
83	0.5626	systolic_controll.state[I]	systolic_controll.matrix_index[I]	systolic_controll.state[3]$_DFF_P_/QN	systolic_controll.matrix_index[3]$_SDFF_PP0_/D
84	0.5760	systolic_controll.data_set[I]	systolic_controll.tpu_done	systolic_controll.data_set[0]$_SDFFE_PN0P_/Q	systolic_controll.tpu_done$_SDFF_PN0_/D
85	0.5964	systolic_controll.data_set[I]	systolic_controll.state[I]	systolic_controll.data_set[0]$_SDFFE_PN0P_/Q	systolic_controll.state[3]$_DFF_P_/D
86	0.5964	systolic.weight_queue[I][J]	systolic.weight_queue[I][J]	systolic.weight_queue[1][0]$_SDFFE_PN0P_/Q	systolic.weight_queue[9][0]$_SDFFE_PN0P_/D
87	0.6018	systolic_controll.data_set[I]	write_out.sram_write_enable_cI	systolic_controll.data_set[0]$_SDFFE_PN0P_/Q	write_out.sram_write_enable_c0$_SDFF_PN1_/D
88	0.6058	systolic.product_reg[I][J]	systolic.product_reg[I][J]	systolic.product_reg[23][15]$_SDFFE_PN0P_/Q	systolic.product_reg[23][15]$_SDFFE_PN0P_/D
89	0.6132	srstn	systolic_controll.data_set[I]	srstn	systolic_controll.data_set[0]$_SDFFE_PN0P_/D
90	0.6200	systolic.data_queue[I][J]	systolic.data_queue[I][J]	systolic.data_queue[56][0]$_SDFFE_PN0P_/Q	systolic.data_queue[56][0]$_SDFFE_PN0P_/D
91	0.6543	systolic_controll.data_set[I]	systolic_controll.data_set[I]	systolic_controll.data_set[1]$_SDFFE_PN0P_/QN	systolic_controll.data_set[1]$_SDFFE_PN0P_/D
92	0.7006	sram_rdata_dI[J]	systolic.data_queue[I][J]	sram_rdata_d1[18]	systolic.data_queue[40][2]$_SDFFE_PN0P_/D
93	0.7188	sram_rdata_wI[J]	systolic.weight_queue[I][J]	sram_rdata_w0[2]	systolic.weight_queue[3][2]$_SDFFE_PN0P_/D
94	0.7329	tpu_start	systolic_controll.state[I]	tpu_start	systolic_controll.state[0]$_DFF_P_/D
