# stage	6_final
# top_module	fpu
# top_n	100
# kind	blocks
# include_full	1
# rank	worst_slack_ns	start	end	start_full	end_full
1	-0.4591	uI.mul_a[J]	uI.product_f[J]	u3.mul_a[28]$_SDFFE_PP0P_/Q	u3.product_f[33]$_SDFFE_PP0P_/D
2	-0.4458	uI.mul_a[J]	uI.product_g[J]	u3.mul_a[28]$_SDFFE_PP0P_/Q	u3.product_g[33]$_SDFFE_PP0P_/D
3	-0.4409	uI.mul_a[J]	uI.product_e[J]	u3.mul_a[28]$_SDFFE_PP0P_/Q	u3.product_e[33]$_SDFFE_PP0P_/D
4	-0.4355	uI.mul_b[J]	uI.product_g[J]	u3.mul_b[41]$_SDFFE_PP0P_/Q	u3.product_g[33]$_SDFFE_PP0P_/D
5	-0.4159	uI.mul_b[J]	uI.product_f[J]	u3.mul_b[26]$_SDFFE_PP0P_/Q	u3.product_f[33]$_SDFFE_PP0P_/D
6	-0.4089	uI.mul_b[J]	uI.product_e[J]	u3.mul_b[4]$_SDFFE_PP0P_/Q	u3.product_e[33]$_SDFFE_PP0P_/D
7	-0.3354	uI.mul_b[J]	uI.product_b_lo[J]	u3.mul_b[21]$_SDFFE_PP0P_/Q	u3.product_b_lo[23]$_SDFFE_PP0P_/D
8	-0.3276	uI.mul_b[J]	uI.product_j[J]	u3.mul_b[38]$_SDFFE_PP0P_/Q	u3.product_j[29]$_SDFFE_PP0P_/D
9	-0.3226	uI.mul_a[J]	uI.product_j[J]	u3.mul_a[52]$_SDFFE_PP0P_/Q	u3.product_j[29]$_SDFFE_PP0P_/D
10	-0.3207	uI.mul_b[J]	uI.product_c_lo[J]	u3.mul_b[41]$_SDFFE_PP0P_/Q	u3.product_c_lo[27]$_SDFFE_PP0P_/D
11	-0.3177	uI.mul_a[J]	uI.product_b_lo[J]	u3.mul_a[4]$_SDFFE_PP0P_/Q	u3.product_b_lo[23]$_SDFFE_PP0P_/D
12	-0.3092	uI.mul_a[J]	uI.product_c_lo[J]	u3.mul_a[5]$_SDFFE_PP0P_/Q	u3.product_c_lo[24]$_SDFFE_PP0P_/D
13	-0.3088	uI.mul_b[J]	uI.product_c_hi[J]	u3.mul_b[38]$_SDFFE_PP0P_/Q	u3.product_c_hi[18]$_SDFFE_PP0P_/D
14	-0.3080	uI.mul_b[J]	uI.product_i[J]	u3.mul_b[27]$_SDFFE_PP0P_/Q	u3.product_i[27]$_SDFFE_PP0P_/D
15	-0.3020	uI.mul_a[J]	uI.product_i[J]	u3.mul_a[52]$_SDFFE_PP0P_/Q	u3.product_i[27]$_SDFFE_PP0P_/D
16	-0.2918	uI.mul_b[J]	uI.product_a_hi[J]	u3.mul_b[2]$_SDFFE_PP0P_/Q	u3.product_a_hi[28]$_SDFFE_PP0P_/D
17	-0.2846	uI.mul_b[J]	uI.product_h[J]	u3.mul_b[2]$_SDFFE_PP0P_/Q	u3.product_h[27]$_SDFFE_PP0P_/D
18	-0.2841	uI.mul_b[J]	uI.product_b_hi[J]	u3.mul_b[21]$_SDFFE_PP0P_/Q	u3.product_b_hi[27]$_SDFFE_PP0P_/D
19	-0.2825	uI.mul_a[J]	uI.product_a_hi[J]	u3.mul_a[21]$_SDFFE_PP0P_/Q	u3.product_a_hi[28]$_SDFFE_PP0P_/D
20	-0.2752	uI.mul_b[J]	uI.product_a_lo[J]	u3.mul_b[5]$_SDFFE_PP0P_/Q	u3.product_a_lo[26]$_SDFFE_PP0P_/D
21	-0.2746	uI.mul_a[J]	uI.product_h[J]	u3.mul_a[44]$_SDFFE_PP0P_/Q	u3.product_h[27]$_SDFFE_PP0P_/D
22	-0.2730	uI.mul_a[J]	uI.product_b_hi[J]	u3.mul_a[16]$_SDFFE_PP0P_/Q	u3.product_b_hi[27]$_SDFFE_PP0P_/D
23	-0.2675	uI.mul_a[J]	uI.product_a_lo[J]	u3.mul_a[5]$_SDFFE_PP0P_/Q	u3.product_a_lo[26]$_SDFFE_PP0P_/D
24	-0.2633	uI.mul_a[J]	uI.product_c_hi[J]	u3.mul_a[19]$_SDFFE_PP0P_/Q	u3.product_c_hi[27]$_SDFFE_PP0P_/D
25	0.0218	uI.mul_b[J]	uI.product_d[J]	u3.mul_b[52]$_SDFFE_PP0P_/Q	u3.product_d[23]$_SDFFE_PP0P_/D
26	0.0292	uI.product_c[J]	uI.sum_J[K]	u3.product_c[0]$_SDFFE_PP0P_/Q	u3.sum_2[34]$_SDFFE_PP0P_/D
27	0.0344	uI.sum_J[K]	uI.sum_J[K]	u3.sum_1[10]$_SDFFE_PP0P_/Q	u3.sum_2[34]$_SDFFE_PP0P_/D
28	0.0610	uI.mul_a[J]	uI.product_d[J]	u3.mul_a[0]$_SDFFE_PP0P_/Q	u3.product_d[23]$_SDFFE_PP0P_/D
29	0.0807	uI.minuend[J]	uI.diff[J]	u2.minuend[2]$_SDFFE_PP0P_/Q	u2.diff[48]$_SDFFE_PP0P_/D
30	0.0891	uI.subtra_shift_J[K]	uI.diff[J]	u2.subtra_shift_3[2]$_SDFFE_PP0P_/QN	u2.diff[48]$_SDFFE_PP0P_/D
31	0.0943	uI.large_add[J]	uI.sum[J]	u1.large_add[18]$_SDFFE_PP0P_/Q	u1.sum[39]$_SDFFE_PP0P_/D
32	0.0987	uI.small_shift_J[K]	uI.sum[J]	u1.small_shift_3[16]$_SDFFE_PP0P_/Q	u1.sum[39]$_SDFFE_PP0P_/D
33	0.1226	uI.diff[J]	uI.diff_shift_J[K]	u2.diff[46]$_SDFFE_PP0P_/Q	u2.diff_shift_2[4]$_SDFFE_PP0P_/D
34	0.1297	uI.product_a[J]	uI.sum_J[K]	u3.product_a[25]$_SDFFE_PP0P_/Q	u3.sum_0[26]$_SDFFE_PP0P_/D
35	0.1326	uI.dividend_reg[J]	uI.dividend_reg[J]	u4.dividend_reg[51]$_SDFFE_PP0P_/Q	u4.dividend_reg[18]$_SDFFE_PP0P_/D
36	0.1354	uI.product_b[J]	uI.sum_J[K]	u3.product_b[8]$_SDFFE_PP0P_/Q	u3.sum_0[26]$_SDFFE_PP0P_/D
37	0.1387	mantissa_round[I]	uI.sum_round[J]	mantissa_round[5]$_SDFF_PN0_/Q	u5.sum_round[51]$_SDFF_PP0_/D
38	0.1392	uI.diffshift_gt_exponent	uI.diff_J[K]	u2.diffshift_gt_exponent$_SDFFE_PP0P_/Q	u2.diff_1[29]$_SDFFE_PP0P_/D
39	0.1393	uI.divisor_reg[J]	uI.dividend_reg[J]	u4.divisor_reg[52]$_SDFFE_PP0P_/Q	u4.dividend_reg[18]$_SDFFE_PP0P_/D
40	0.1426	uI.product_e[J]	uI.sum_J[K]	u3.product_e[3]$_SDFFE_PP0P_/Q	u3.sum_1[34]$_SDFFE_PP0P_/D
41	0.1471	ready	ready	ready$_SDFF_PP0_/Q	ready
42	0.1495	uI.product_f[J]	uI.sum_J[K]	u3.product_f[4]$_SDFFE_PP0P_/Q	u3.sum_4[33]$_SDFFE_PP0P_/D
43	0.1534	uI.exponent_J[K]	uI.product_J[K]	u3.exponent_2[0]$_SDFFE_PP0P_/Q	u3.product_4[60]$_SDFFE_PP0P_/D
44	0.1594	uI.dividend_reg[J]	uI.quotient[J]	u4.dividend_reg[51]$_SDFFE_PP0P_/Q	u4.quotient[17]$_SDFFE_PP0P_/D
45	0.1604	uI.divisor_b[J]	uI.divisor_shift_J[K]	u4.divisor_b[43]$_SDFFE_PP0P_/Q	u4.divisor_shift_2[2]$_SDFFE_PP0P_/D
46	0.1613	out[I]	out[I]	out[7]$_SDFFE_PP0P_/Q	out[7]
47	0.1661	uI.divisor_reg[J]	uI.quotient[J]	u4.divisor_reg[52]$_SDFFE_PP0P_/Q	u4.quotient[17]$_SDFFE_PP0P_/D
48	0.1674	uI.dividend_a[J]	uI.dividend_shift_J[K]	u4.dividend_a[42]$_SDFFE_PP0P_/Q	u4.dividend_shift_2[3]$_SDFFE_PP0P_/D
49	0.1693	overflow	overflow	overflow$_SDFFE_PP0P_/Q	overflow
50	0.1699	exception	exception	exception$_SDFFE_PP0P_/Q	exception
51	0.1705	inexact	inexact	inexact$_SDFFE_PP0P_/Q	inexact
52	0.1710	underflow	underflow	underflow$_SDFFE_PP0P_/Q	underflow
53	0.1715	invalid	invalid	invalid$_SDFFE_PP0P_/Q	invalid
54	0.1759	uI.a_is_norm	uI.exponent_terms[J]	u3.a_is_norm$_SDFFE_PP0P_/Q	u3.exponent_terms[10]$_SDFFE_PP0P_/D
55	0.1771	uI.b_is_norm	uI.exponent_terms[J]	u3.b_is_norm$_SDFFE_PP0P_/Q	u3.exponent_terms[10]$_SDFFE_PP0P_/D
56	0.1807	uI.exponent_small[J]	uI.exponent_diff[J]	u2.exponent_small[0]$_SDFFE_PP0P_/Q	u2.exponent_diff[10]$_SDFFE_PP0P_/D
57	0.1813	uI.remainder_shift_term[J]	uI.remainder_b[J]	u4.remainder_shift_term[1]$_SDFFE_PP0P_/Q	u4.remainder_b[94]$_SDFFE_PP0P_/D
58	0.1825	uI.exponent_large[J]	uI.exponent_diff[J]	u2.exponent_large[0]$_SDFFE_PP0P_/QN	u2.exponent_diff[10]$_SDFFE_PP0P_/D
59	0.1839	uI.large_norm_small_denorm	uI.exponent_diff[J]	u2.large_norm_small_denorm$_SDFFE_PP0P_/Q	u2.exponent_diff[10]$_SDFFE_PP0P_/D
60	0.1850	uI.product_i[J]	uI.sum_J[K]	u3.product_i[0]$_SDFFE_PP0P_/Q	u3.sum_6[28]$_SDFFE_PP0P_/D
61	0.1887	uI.product_shift_J[K]	uI.product_J[K]	u3.product_shift_2[1]$_SDFFE_PP0P_/Q	u3.product_3[59]$_SDFFE_PP0P_/D
62	0.1943	uI.exponent_large[J]	uI.diff_J[K]	u2.exponent_large[1]$_SDFFE_PP0P_/Q	u2.diff_1[31]$_SDFFE_PP0P_/D
63	0.1971	uI.product_g[J]	uI.sum_J[K]	u3.product_g[5]$_SDFFE_PP0P_/Q	u3.sum_7[35]$_SDFFE_PP0P_/D
64	0.1989	uI.product_h[J]	uI.sum_J[K]	u3.product_h[0]$_SDFFE_PP0P_/Q	u3.sum_3[34]$_SDFFE_PP0P_/D
65	0.2061	uI.diff_shift_J[K]	uI.diff_J[K]	u2.diff_shift_2[0]$_SDFFE_PP0P_/Q	u2.diff_1[29]$_SDFFE_PP0P_/D
66	0.2062	uI.exponent_a[J]	uI.exponent_terms[J]	u3.exponent_a[0]$_SDFFE_PP0P_/QN	u3.exponent_terms[10]$_SDFFE_PP0P_/D
67	0.2155	uI.product_d[J]	uI.sum_J[K]	u3.product_d[0]$_SDFFE_PP0P_/Q	u3.sum_5[24]$_SDFFE_PP0P_/D
68	0.2163	uI.dividend_shift_J[K]	uI.dividend_a_shifted[J]	u4.dividend_shift_2[1]$_SDFFE_PP0P_/Q	u4.dividend_a_shifted[32]$_SDFFE_PP0P_/D
69	0.2196	uI.product_b_hi[J]	uI.product_b[J]	u3.product_b_hi[0]$_SDFFE_PP0P_/Q	u3.product_b[34]$_SDFFE_PP0P_/D
70	0.2213	uI.product_a_hi[J]	uI.product_a[J]	u3.product_a_hi[0]$_SDFFE_PP0P_/Q	u3.product_a[34]$_SDFFE_PP0P_/D
71	0.2228	uI.product_j[J]	uI.sum_J[K]	u3.product_j[2]$_SDFFE_PP0P_/Q	u3.sum_8[23]$_SDFFE_PP0P_/D
72	0.2240	uI.divisor_shift_J[K]	uI.divisor_b_shifted[J]	u4.divisor_shift_2[1]$_SDFFE_PP0P_/Q	u4.divisor_b_shifted[51]$_SDFFE_PP0P_/D
73	0.2273	uI.product_b_lo[J]	uI.product_b[J]	u3.product_b_lo[12]$_SDFFE_PP0P_/Q	u3.product_b[34]$_SDFFE_PP0P_/D
74	0.2295	uI.product_a_lo[J]	uI.product_a[J]	u3.product_a_lo[12]$_SDFFE_PP0P_/Q	u3.product_a[34]$_SDFFE_PP0P_/D
75	0.2295	uI.expon_uf_term_J[K]	uI.mantissa_J[K]	u4.expon_uf_term_4[9]$_SDFFE_PP0P_/Q	u4.mantissa_1[3]$_SDFFE_PP0P_/D
76	0.2438	opb_reg[I]	uI.b_is_zero	opb_reg[50]$_SDFFE_PP0P_/Q	u3.b_is_zero$_SDFFE_PP0P_/D
77	0.2450	uI.exponent_diff[J]	uI.small_shift[J]	u1.exponent_diff[1]$_SDFFE_PP0P_/Q	u1.small_shift[0]$_SDFFE_PP0P_/D
78	0.2517	opa_reg[I]	uI.exponent_out[J]	opa_reg[49]$_SDFFE_PP0P_/Q	u4.exponent_out[11]$_SDFF_PP0_/D
79	0.2537	opb_reg[I]	uI.opb_et_zero	opb_reg[50]$_SDFFE_PP0P_/Q	u6.opb_et_zero$_SDFFE_PP0P_/D
80	0.2577	uI.exponent_diff[J]	uI.subtra_shift[J]	u2.exponent_diff[1]$_SDFFE_PP0P_/Q	u2.subtra_shift[15]$_SDFFE_PP0P_/D
81	0.2640	opb_reg[I]	uI.opb_SNaN	opb_reg[50]$_SDFFE_PP0P_/Q	u6.opb_SNaN$_SDFFE_PP0P_/D
82	0.2673	opb_reg[I]	uI.opb_QNaN	opb_reg[50]$_SDFFE_PP0P_/Q	u6.opb_QNaN$_SDFFE_PP0P_/D
83	0.2715	opa_reg[I]	uI.a_is_zero	opa_reg[49]$_SDFFE_PP0P_/Q	u3.a_is_zero$_SDFFE_PP0P_/D
84	0.2731	opb_reg[I]	uI.opb_pos_inf	opb_reg[50]$_SDFFE_PP0P_/Q	u6.opb_pos_inf$_SDFFE_PP0P_/D
85	0.2748	opb_reg[I]	uI.opb_neg_inf	opb_reg[50]$_SDFFE_PP0P_/Q	u6.opb_neg_inf$_SDFFE_PP0P_/D
86	0.2768	uI.exponent_b[J]	uI.exponent_terms[J]	u3.exponent_b[2]$_SDFFE_PP0P_/Q	u3.exponent_terms[9]$_SDFFE_PP0P_/D
87	0.2811	sub_enable	uI.mantissa_small[J]	sub_enable$_SDFF_PP0_/Q	u2.mantissa_small[23]$_SDFFE_PP0P_/D
88	0.2841	uI.expon_final_J[K]	mantissa_round[I]	u4.expon_final_4[10]$_SDFFE_PP0P_/Q	mantissa_round[0]$_SDFF_PN0_/D
89	0.2855	mul_enable	uI.sum_J[K]	mul_enable$_SDFF_PP0_/Q	u3.sum_3[21]$_SDFFE_PP0P_/D
90	0.2872	uI.dividend_reg[J]	uI.remainder_msb	u4.dividend_reg[31]$_SDFFE_PP0P_/Q	u4.remainder_msb$_SDFFE_PP0P_/D
91	0.2881	opb_reg[I]	uI.opb_inf	opb_reg[50]$_SDFFE_PP0P_/Q	u6.opb_inf$_SDFFE_PP0P_/D
92	0.2904	sub_enable	uI.mantissa_large[J]	sub_enable$_SDFF_PP0_/Q	u2.mantissa_large[26]$_SDFFE_PP0P_/D
93	0.2911	uI.product_J[K]	uI.product_J[K]	u3.product_2[73]$_SDFFE_PP0P_/Q	u3.product_4[84]$_SDFFE_PP0P_/D
94	0.2926	sub_enable	uI.minuend[J]	sub_enable$_SDFF_PP0_/Q	u2.minuend[23]$_SDFFE_PP0P_/D
95	0.2973	sub_enable	uI.diff_J[K]	sub_enable$_SDFF_PP0_/Q	u2.diff_2[46]$_SDFFE_PP0P_/D
96	0.2981	mul_enable	uI.product_J[K]	mul_enable$_SDFF_PP0_/Q	u3.product_2[80]$_SDFFE_PP0P_/D
97	0.2982	sub_enable	uI.mantissa_a[J]	sub_enable$_SDFF_PP0_/Q	u2.mantissa_a[12]$_SDFFE_PP0P_/D
98	0.2987	uI.exponent_J[K]	uI.exponent_J[K]	u3.exponent_2[1]$_SDFFE_PP0P_/Q	u3.exponent_3[11]$_SDFFE_PP0P_/D
99	0.3003	sub_enable	uI.mantissa_b[J]	sub_enable$_SDFF_PP0_/Q	u2.mantissa_b[21]$_SDFFE_PP0P_/D
100	0.3024	sub_enable	uI.subtrahend[J]	sub_enable$_SDFF_PP0_/Q	u2.subtrahend[18]$_SDFFE_PP0P_/D
