# stage	1_synth
# top_module	viterbi_core
# top_n	100
# kind	blocks
# include_full	1
# rank	worst_slack_ns	start	end	start_full	end_full
1	-0.9537	pm_normalize_inst.grp_max_r[I][J]	pm_normalize_inst.pm_nom_r[I][J]	pm_normalize_inst.grp_max_r[3][2]$_DFF_PN0_/Q	pm_normalize_inst.pm_nom_r[40][0]$_DFFE_PN0P_/D
2	-0.8595	register_num_i[I]	pm_normalize_inst.pm_nom_r[I][J]	register_num_i[1]	pm_normalize_inst.pm_nom_r[40][0]$_DFFE_PN0P_/D
3	-0.3029	src_rdata_i[I]	bmu_inst_I.bm_r[J]	src_rdata_i[20]	bmu_inst_24.bm_r[6]$_DFF_PN0_/D
4	-0.0843	register_num_i[I]	acs_inst_I.pm_r[J]	register_num_i[1]	acs_inst_51.pm_r[4]$_DFF_PN0_/D
5	-0.0315	register_num_i[I]	acs_inst_I.survivor_path_r	register_num_i[1]	acs_inst_51.survivor_path_r$_DFF_PN0_/D
6	0.4725	bmu_inst_I.bm_rJ[K]	acs_inst_I.pm_r[J]	bmu_inst_63.bm_r2[0]$_DFF_PN0_/Q	acs_inst_56.pm_r[4]$_DFF_PN0_/D
7	0.5262	bmu_inst_I.bm_rJ[K]	acs_inst_I.survivor_path_r	bmu_inst_63.bm_r2[0]$_DFF_PN0_/Q	acs_inst_56.survivor_path_r$_DFF_PN0_/D
8	0.5659	acs_inst_I.pm_r[J]	pm_normalize_inst.grp_max_r[I][J]	acs_inst_37.pm_r[4]$_DFF_PN0_/Q	pm_normalize_inst.grp_max_r[4][8]$_DFF_PN0_/D
9	0.6635	infobit_length_i[I]	src_addr_r[I]	infobit_length_i[5]	src_addr_r[10]$_DFFE_PN0P_/D
10	0.6814	register_num_i[I]	bmu_inst_I.low_codeword_tmp[J]	register_num_i[1]	bmu_inst_51.low_codeword_tmp[1]$_DFFE_PN0P_/D
11	0.6954	infobit_length_i[I]	src_len_counter_r[I]	infobit_length_i[5]	src_len_counter_r[10]$_DFFE_PN0P_/D
12	0.7110	frame_start_i	fetch_src_cnt_r[I]	frame_start_i	fetch_src_cnt_r[10]$_DFFE_PN0P_/D
13	0.7177	rst_sync_i	fetch_src_cnt_r[I]	rst_sync_i	fetch_src_cnt_r[10]$_DFFE_PN0P_/D
14	0.7209	polynomialI_i[J]	bmu_inst_I.low_codeword_tmp[J]	polynomial4_i[4]	bmu_inst_59.low_codeword_tmp[3]$_DFFE_PN0P_/D
15	0.7393	valid_polynomials_i[I]	bmu_inst_I.bm_r[J]	valid_polynomials_i[0]	bmu_inst_59.bm_r[2]$_DFF_PN0_/D
16	0.7490	valid_polynomials_i[I]	bmu_inst_I.low_codeword[J]	valid_polynomials_i[0]	bmu_inst_1.low_codeword[3]$_DFFE_PN0P_/D
17	0.7580	rst_sync_i	bmu_inst_I.low_codeword_tmp[J]	rst_sync_i	bmu_inst_42.low_codeword_tmp[0]$_DFFE_PN0P_/D
18	0.7586	rst_sync_i	pm_normalize_inst.pm_nom_r[I][J]	rst_sync_i	pm_normalize_inst.pm_nom_r[17][6]$_DFFE_PN0P_/D
19	0.7651	rst_sync_i	bmu_inst_I.bm_r[J]	rst_sync_i	bmu_inst_21.bm_r[6]$_DFF_PN0_/D
20	0.7677	register_num_i[I]	acs_en_r[I]	register_num_i[1]	acs_en_r[15]$_DFFE_PN0P_/D
21	0.7768	rst_sync_i	acs_inst_I.pm_r[J]	rst_sync_i	acs_inst_37.pm_r[8]$_DFF_PN0_/D
22	0.7772	bmu_inst_I.low_codeword[J]	bmu_inst_I.bm_r[J]	bmu_inst_10.low_codeword[4]$_DFFE_PN0P_/Q	bmu_inst_10.bm_r[6]$_DFF_PN0_/D
23	0.7810	rst_sync_i	src_rd_r	rst_sync_i	src_rd_r$_DFFE_PN0P_/D
24	0.7850	frame_start_i	src_rd_r	frame_start_i	src_rd_r$_DFFE_PN0P_/D
25	0.7850	rst_sync_i	tb_len_r[I]	rst_sync_i	tb_len_r[3]$_DFFE_PN0P_/D
26	0.7856	rst_sync_i	bmu_inst_I.low_codeword[J]	rst_sync_i	bmu_inst_1.low_codeword[0]$_DFFE_PN0P_/D
27	0.7890	frame_start_i	tb_len_r[I]	frame_start_i	tb_len_r[3]$_DFFE_PN0P_/D
28	0.7953	rst_sync_i	state_r[I]	rst_sync_i	state_r[2]$_DFF_PN0_/D
29	0.7953	rst_sync_i	tb_wr_addr_r[I]	rst_sync_i	tb_wr_addr_r[2]$_DFFE_PN0P_/D
30	0.7993	frame_start_i	state_r[I]	frame_start_i	state_r[2]$_DFF_PN0_/D
31	0.7993	frame_start_i	tb_wr_addr_r[I]	frame_start_i	tb_wr_addr_r[2]$_DFFE_PN0P_/D
32	0.8023	rst_sync_i	flush_all_start_r	rst_sync_i	flush_all_start_r$_DFFE_PN0P_/D
33	0.8040	rst_sync_i	pm_normalize_inst.grp_max_r[I][J]	rst_sync_i	pm_normalize_inst.grp_max_r[7][1]$_DFF_PN0_/D
34	0.8047	rst_sync_i	src_addr_r[I]	rst_sync_i	src_addr_r[10]$_DFFE_PN0P_/D
35	0.8062	rst_sync_i	trellis_idx_r[I]	rst_sync_i	trellis_idx_r[12]$_DFFE_PN0P_/D
36	0.8063	frame_start_i	flush_all_start_r	frame_start_i	flush_all_start_r$_DFFE_PN0P_/D
37	0.8065	frame_start_i	src_addr_r[I]	frame_start_i	src_addr_r[10]$_DFFE_PN0P_/D
38	0.8066	rst_sync_i	pm_normalize_inst.pm_pipe_r[I][J]	rst_sync_i	pm_normalize_inst.pm_pipe_r[49][7]$_DFF_PN0_/D
39	0.8076	rst_sync_i	bmu_inst_I.bm_rJ[K]	rst_sync_i	bmu_inst_59.bm_r2[7]$_DFF_PN0_/D
40	0.8080	frame_start_i	trellis_idx_r[I]	frame_start_i	trellis_idx_r[12]$_DFFE_PN0P_/D
41	0.8095	rst_sync_i	traceback_ins.tb_addr_r[I]	rst_sync_i	traceback_ins.tb_addr_r[1]$_DFFE_PN0P_/D
42	0.8140	rst_sync_i	dst_addr_r[I]	rst_sync_i	dst_addr_r[4]$_DFFE_PN0P_/D
43	0.8146	rst_sync_i	acs_inst_I.survivor_path_r	rst_sync_i	acs_inst_57.survivor_path_r$_DFF_PN0_/D
44	0.8443	frame_start_i	dst_addr_r[I]	frame_start_i	dst_addr_r[8]$_DFFE_PN0P_/D
45	0.8495	rst_sync_i	src_len_counter_r[I]	rst_sync_i	src_len_counter_r[5]$_DFFE_PN0P_/D
46	0.8516	rst_sync_i	frame_done_r	rst_sync_i	frame_done_r$_DFFE_PN0P_/D
47	0.8516	rst_sync_i	last_loop_r	rst_sync_i	last_loop_r$_DFFE_PN0P_/D
48	0.8524	frame_start_i	src_len_counter_r[I]	frame_start_i	src_len_counter_r[9]$_DFFE_PN0P_/D
49	0.8526	pm_normalize_inst.pm_nom_r[I][J]	acs_inst_I.pm_r[J]	pm_normalize_inst.pm_nom_r[32][0]$_DFFE_PN0P_/Q	acs_inst_56.pm_r[4]$_DFF_PN0_/D
50	0.8529	rst_sync_i	traceback_start_r	rst_sync_i	traceback_start_r$_DFF_PN0_/D
51	0.8540	rst_sync_i	traceback_ins.tb_counter_r[I]	rst_sync_i	traceback_ins.tb_counter_r[4]$_DFFE_PN0P_/D
52	0.8556	frame_start_i	frame_done_r	frame_start_i	frame_done_r$_DFFE_PN0P_/D
53	0.8556	frame_start_i	last_loop_r	frame_start_i	last_loop_r$_DFFE_PN0P_/D
54	0.8556	frame_start_i	half_tb_start_r	frame_start_i	half_tb_start_r$_DFFE_PN0P_/D
55	0.8568	rst_sync_i	first_loop_r	rst_sync_i	first_loop_r$_DFFE_PN0P_/D
56	0.8571	rst_sync_i	full_tb_start_r	rst_sync_i	full_tb_start_r$_DFFE_PN0P_/D
57	0.8571	rst_sync_i	half_tb_start_r	rst_sync_i	half_tb_start_r$_DFFE_PN0P_/D
58	0.8577	rst_sync_i	dst_wr_dI_r	rst_sync_i	dst_wr_d1_r$_DFF_PN0_/D
59	0.8608	frame_start_i	first_loop_r	frame_start_i	first_loop_r$_DFFE_PN0P_/D
60	0.8611	frame_start_i	full_tb_start_r	frame_start_i	full_tb_start_r$_DFFE_PN0P_/D
61	0.8633	rst_sync_i	acs_en_r[I]	rst_sync_i	acs_en_r[15]$_DFFE_PN0P_/D
62	0.8647	rst_sync_i	bmu_ready_dI_r	rst_sync_i	bmu_ready_d1_r$_DFF_PN1_/D
63	0.8687	tail_biting_en_i	trellis_idx_r[I]	tail_biting_en_i	trellis_idx_r[10]$_DFFE_PN0P_/D
64	0.8704	rst_sync_i	traceback_ins.tb_rd_r	rst_sync_i	traceback_ins.tb_rd_r$_DFF_PN0_/D
65	0.8704	rst_sync_i	decoding_start_r	rst_sync_i	decoding_start_r$_DFF_PN0_/D
66	0.8704	rst_sync_i	pm_normalize_inst.en_pipe_r	rst_sync_i	pm_normalize_inst.en_pipe_r$_DFF_PN0_/D
67	0.8707	rst_sync_i	busy_r	rst_sync_i	busy_r$_DFFE_PN0P_/D
68	0.8725	rst_sync_i	bmu_inst_I.bm_valid_rJ	rst_sync_i	bmu_inst_16.bm_valid_r2$_DFF_PN0_/D
69	0.8765	acs_inst_I.valid_r	tb_addr_o[I]	acs_inst_0.valid_r$_DFF_PN0_/Q	tb_addr_o[0]
70	0.8858	rst_sync_i	acs_inst_I.valid_r	rst_sync_i	acs_inst_0.valid_r$_DFF_PN0_/D
71	0.8886	frame_start_i	bmu_inst_I.ready_r	frame_start_i	bmu_inst_0.ready_r$_DFFE_PN0P_/D
72	0.8901	frame_start_i	acs_en_r[I]	frame_start_i	acs_en_r[31]$_DFFE_PN0P_/D
73	0.9064	pm_normalize_inst.pm_nom_r[I][J]	acs_inst_I.survivor_path_r	pm_normalize_inst.pm_nom_r[32][0]$_DFFE_PN0P_/Q	acs_inst_56.survivor_path_r$_DFF_PN0_/D
74	0.9081	frame_start_i	byte_idx_r[I]	frame_start_i	byte_idx_r[0]$_DFF_PN0_/D
75	0.9219	rst_sync_i	bmu_inst_I.ready_r	rst_sync_i	bmu_inst_0.ready_r$_DFFE_PN0P_/D
76	0.9256	rst_sync_i	bmu_inst_I.calc_codeword_en	rst_sync_i	bmu_inst_60.calc_codeword_en$_DFF_PN0_/D
77	0.9371	frame_start_i	dst_wr_r	frame_start_i	dst_wr_r$_DFF_PN0_/D
78	0.9414	rst_sync_i	byte_idx_r[I]	rst_sync_i	byte_idx_r[0]$_DFF_PN0_/D
79	0.9436	decoding_length_i[I]	trellis_idx_r[I]	decoding_length_i[6]	trellis_idx_r[6]$_DFFE_PN0P_/D
80	0.9440	infobit_length_i[I]	trellis_idx_r[I]	infobit_length_i[6]	trellis_idx_r[6]$_DFFE_PN0P_/D
81	0.9497	frame_start_i	bmu_inst_I.calc_polyn_en	frame_start_i	bmu_inst_29.calc_polyn_en$_DFF_PN0_/D
82	0.9511	tail_biting_en_i	pm_normalize_inst.tail_biting_pipe_r	tail_biting_en_i	pm_normalize_inst.tail_biting_pipe_r$_DFF_PN0_/D
83	0.9628	tb_wr_addr_r[I]	tb_addr_o[I]	tb_wr_addr_r[2]$_DFFE_PN0P_/Q	tb_addr_o[2]
84	0.9631	frame_start_i	busy_r	frame_start_i	busy_r$_DFFE_PN0P_/D
85	0.9676	rst_sync_i	bmu_inst_I.calc_polyn_en	rst_sync_i	bmu_inst_29.calc_polyn_en$_DFF_PN0_/D
86	0.9703	rst_sync_i	dst_wr_r	rst_sync_i	dst_wr_r$_DFF_PN0_/D
87	0.9787	rst_sync_i	pm_normalize_inst.tail_biting_pipe_r	rst_sync_i	pm_normalize_inst.tail_biting_pipe_r$_DFF_PN0_/D
88	0.9912	traceback_ins.tb_addr_r[I]	tb_addr_o[I]	traceback_ins.tb_addr_r[3]$_DFFE_PN0P_/Q	tb_addr_o[3]
89	0.9989	dst_start_addr_i[I]	dst_addr_r[I]	dst_start_addr_i[8]	dst_addr_r[8]$_DFFE_PN0P_/D
90	1.0087	src_start_addr_i[I]	src_addr_r[I]	src_start_addr_i[10]	src_addr_r[10]$_DFFE_PN0P_/D
91	1.0196	acs_inst_I.survivor_path_r	tb_wdata_o[I]	acs_inst_0.survivor_path_r$_DFF_PN0_/Q	tb_wdata_o[0]
92	1.0224	dst_addr_r[I]	dst_addr_o[I]	dst_addr_r[1]$_DFFE_PN0P_/Q	dst_addr_o[1]
93	1.0227	src_addr_r[I]	src_addr_o[I]	src_addr_r[1]$_DFFE_PN0P_/Q	src_addr_o[1]
94	1.0267	src_rd_r	src_rd_o	src_rd_r$_DFFE_PN0P_/Q	src_rd_o
95	1.0346	frame_done_r	frame_done_o	frame_done_r$_DFFE_PN0P_/Q	frame_done_o
96	1.0346	busy_r	busy_o	busy_r$_DFFE_PN0P_/Q	busy_o
97	1.0367	dst_wr_r	dst_wr_o	dst_wr_r$_DFF_PN0_/Q	dst_wr_o
98	1.0367	acs_inst_I.valid_r	tb_wr_o	acs_inst_0.valid_r$_DFF_PN0_/Q	tb_wr_o
99	1.0383	rst_sync_i	soft_data_valid_r	rst_sync_i	soft_data_valid_r$_DFF_PN0_/D
100	1.0396	traceback_ins.tb_rd_r	tb_rd_o	traceback_ins.tb_rd_r$_DFF_PN0_/Q	tb_rd_o
