# stage	6_final
# top_module	jpeg_encoder
# top_n	100
# kind	blocks
# include_full	1
# rank	worst_slack_ns	start	end	start_full	end_full
1	-0.2619	fdct_zigzag.dct_mod.ddin[I]	fdct_zigzag.dct_mod.dct_block_I.dct_unit_J.macu.pp_hi[K]	fdct_zigzag.dct_mod.ddin[6]$_DFFE_PN0P_/Q	fdct_zigzag.dct_mod.dct_block_5.dct_unit_3.macu.pp_hi[13]$_DFFE_PP_/D
2	-0.2398	fdct_zigzag.dct_mod.ddin[I]	fdct_zigzag.dct_mod.dct_block_I.dct_unit_J.macu.pp_lo[K]	fdct_zigzag.dct_mod.ddin[4]$_DFFE_PN0P_/Q	fdct_zigzag.dct_mod.dct_block_4.dct_unit_6.macu.pp_lo[14]$_DFFE_PP_/D
3	-0.1261	fdct_zigzag.dct_mod.dct_block_I.dct_unit_J.coef[K]	fdct_zigzag.dct_mod.dct_block_I.dct_unit_J.macu.pp_hi[K]	fdct_zigzag.dct_mod.dct_block_4.dct_unit_4.coef[28]$_DFFE_PP_/Q	fdct_zigzag.dct_mod.dct_block_4.dct_unit_4.macu.pp_hi[12]$_DFFE_PP_/D
4	-0.1238	fdct_zigzag.dct_mod.dct_block_I.dct_unit_J.coef[K]	fdct_zigzag.dct_mod.dct_block_I.dct_unit_J.macu.pp_lo[K]	fdct_zigzag.dct_mod.dct_block_0.dct_unit_2.coef[29]$_DFFE_PP_/Q	fdct_zigzag.dct_mod.dct_block_0.dct_unit_6.macu.pp_lo[14]$_DFFE_PP_/D
5	0.0085	qnr.qnt_cnt[I]	qnt_cnt[I]	qnr.qnt_cnt[1]$_DFFE_PN0P_/Q	qnt_cnt[1]
6	0.0232	fdct_zigzag.dct_mod.dct_block_I.dct_unit_J.macu.result[K]	fdct_zigzag.dct_mod.dct_block_I.dct_unit_J.macu.result[K]	fdct_zigzag.dct_mod.dct_block_1.dct_unit_2.macu.result[8]$_DFFE_PP_/Q	fdct_zigzag.dct_mod.dct_block_1.dct_unit_2.macu.result[21]$_DFFE_PP_/D
7	0.0243	fdct_zigzag.dct_mod.dct_block_I.dct_unit_J.macu.mult_res[K]	fdct_zigzag.dct_mod.dct_block_I.dct_unit_J.macu.result[K]	fdct_zigzag.dct_mod.dct_block_1.dct_unit_2.macu.mult_res[0]$_DFFE_PP_/Q	fdct_zigzag.dct_mod.dct_block_1.dct_unit_2.macu.result[20]$_DFFE_PP_/D
8	0.0380	rle.rzI.deno	douten	rle.rz4.deno$_DFFE_PN0P_/Q	douten
9	0.0448	fdct_zigzag.dct_mod.sample_cnt[I]	fdct_zigzag.dct_mod.dct_block_I.dct_unit_J.coef[K]	fdct_zigzag.dct_mod.sample_cnt[2]$_DFFE_PN0P_/Q	fdct_zigzag.dct_mod.dct_block_7.dct_unit_5.coef[29]$_DFFE_PP_/D
10	0.0479	rle.rzI.ampo[J]	amp[I]	rle.rz4.ampo[6]$_DFFE_PP_/Q	amp[6]
11	0.0487	rle.rzI.rleno[J]	rlen[I]	rle.rz4.rleno[3]$_DFFE_PP_/Q	rlen[3]
12	0.0516	rle.rzI.sizeo[J]	size[I]	rle.rz4.sizeo[2]$_DFFE_PP_/Q	size[2]
13	0.0584	qnr.divider.divider.d_pipe[I][J]	qnr.divider.divider.s_pipe[I][J]	qnr.divider.divider.d_pipe[3][14]$_DFFE_PP_/QN	qnr.divider.divider.s_pipe[4][23]$_DFFE_PP_/D
14	0.0826	qnr.divider.divider.s_pipe[I][J]	qnr.divider.divider.s_pipe[I][J]	qnr.divider.divider.s_pipe[5][24]$_DFFE_PP_/Q	qnr.divider.divider.s_pipe[6][24]$_DFFE_PP_/D
15	0.0974	fdct_zigzag.dct_mod.dct_block_I.dct_unit_J.macu.pp_lo[K]	fdct_zigzag.dct_mod.dct_block_I.dct_unit_J.macu.mult_res[K]	fdct_zigzag.dct_mod.dct_block_1.dct_unit_2.macu.pp_lo[4]$_DFFE_PP_/Q	fdct_zigzag.dct_mod.dct_block_1.dct_unit_2.macu.mult_res[18]$_DFFE_PP_/D
16	0.0999	fdct_zigzag.dct_mod.dct_block_I.dct_unit_J.macu.pp_hi[K]	fdct_zigzag.dct_mod.dct_block_I.dct_unit_J.macu.mult_res[K]	fdct_zigzag.dct_mod.dct_block_1.dct_unit_2.macu.pp_hi[0]$_DFFE_PP_/Q	fdct_zigzag.dct_mod.dct_block_1.dct_unit_2.macu.mult_res[18]$_DFFE_PP_/D
17	0.1176	qnr.divider.q[I]	qnr.rq[I]	qnr.divider.q[12]$_SDFFCE_PN0P_/Q	qnr.rq[10]$_DFFE_PP_/D
18	0.1522	fdct_zigzag.dct_mod.sample_cnt[I]	fdct_zigzag.dct_mod.sample_cnt[I]	fdct_zigzag.dct_mod.sample_cnt[4]$_DFFE_PN0P_/Q	fdct_zigzag.dct_mod.sample_cnt[0]$_DFFE_PN0P_/D
19	0.1674	qnr.rq[I]	rle.rle.size[I]	qnr.rq[1]$_DFFE_PP_/QN	rle.rle.size[0]$_DFFE_PN0P_/D
20	0.1812	qnr.divider.id[I]	qnr.divider.divider.s_pipe[I][J]	qnr.divider.id[0]$_DFFE_PP_/Q	qnr.divider.divider.s_pipe[1][22]$_DFFE_PP_/D
21	0.1987	qnr.divider.q[I]	qnr.rq[I]	qnr.divider.q[1]$_DFFE_PP_/Q	qnr.rq[10]$_DFFE_PP_/D
22	0.2047	fdct_zigzag.dct_mod.dct_block_I.dct_unit_J.macu.dclr_d	fdct_zigzag.dct_mod.dct_block_I.dct_unit_J.macu.result[K]	fdct_zigzag.dct_mod.dct_block_5.dct_unit_2.macu.dclr_d$_DFFE_PP_/Q	fdct_zigzag.dct_mod.dct_block_4.dct_unit_6.macu.result[1]$_DFFE_PP_/D
23	0.2062	fdct_zigzag.dct_mod.sample_cnt[I]	fdct_zigzag.dct_mod.ddcnt	fdct_zigzag.dct_mod.sample_cnt[4]$_DFFE_PN0P_/Q	fdct_zigzag.dct_mod.ddcnt$_DFFE_PN1P_/D
24	0.2118	qnr.divider.iz[I]	qnr.divider.divider.s_pipe[I][J]	qnr.divider.iz[11]$_SDFFCE_PN0P_/QN	qnr.divider.divider.s_pipe[1][22]$_DFFE_PP_/D
25	0.2549	qnr.rq[I]	rle.rle.amp[I]	qnr.rq[1]$_DFFE_PP_/QN	rle.rle.amp[10]$_SDFFCE_PN0P_/D
26	0.2719	fdct_zigzag.zigzag_mod.ld_zigzag	fdct_zigzag.zigzag_mod.sresult[I][J]	fdct_zigzag.zigzag_mod.ld_zigzag$_DFFE_PP_/Q	fdct_zigzag.zigzag_mod.sresult[14][2]$_DFFE_PP_/D
27	0.2727	qnr.rq[I]	rle.rle.amp[I]	qnr.rq[1]$_DFFE_PP_/QN	rle.rle.amp[8]$_DFFE_PP_/D
28	0.3038	ena	fdct_zigzag.dct_mod.dct_block_I.dct_unit_J.coef[K]	ena	fdct_zigzag.dct_mod.dct_block_3.dct_unit_5.coef[23]$_DFFE_PP_/D
29	0.3354	ena	fdct_zigzag.dct_mod.dct_block_I.dct_unit_J.macu.result[K]	ena	fdct_zigzag.dct_mod.dct_block_4.dct_unit_2.macu.result[21]$_DFFE_PP_/D
30	0.3362	ena	fdct_zigzag.dct_mod.dct_block_I.dct_unit_J.macu.mult_res[K]	ena	fdct_zigzag.dct_mod.dct_block_2.dct_unit_5.macu.mult_res[14]$_DFFE_PP_/D
31	0.3463	ena	fdct_zigzag.dct_mod.dct_block_I.dct_unit_J.macu.pp_lo[K]	ena	fdct_zigzag.dct_mod.dct_block_7.dct_unit_2.macu.pp_lo[2]$_DFFE_PP_/D
32	0.3478	qnr.rq[I]	rle.rle.den	qnr.rq[11]$_DFFE_PP_/Q	rle.rle.den$_DFFE_PN0P_/D
33	0.3488	qnr.rq[I]	rle.rle.zero_cnt[I]	qnr.rq[11]$_DFFE_PP_/Q	rle.rle.zero_cnt[3]$_SDFFCE_PP0P_/D
34	0.3507	ena	fdct_zigzag.dct_mod.dct_block_I.dct_unit_J.macu.pp_hi[K]	ena	fdct_zigzag.dct_mod.dct_block_7.dct_unit_1.macu.pp_hi[5]$_DFFE_PP_/D
35	0.3535	ena	fdct_zigzag.zigzag_mod.sresult[I][J]	ena	fdct_zigzag.zigzag_mod.sresult[54][2]$_DFFE_PP_/D
36	0.3538	ena	rle.rle.sample_cnt[I]	ena	rle.rle.sample_cnt[5]$_SDFFCE_PP0P_/D
37	0.3575	qnr.divider.divider.q[I]	qnr.divider.q[I]	qnr.divider.divider.q[3]$_DFFE_PP_/QN	qnr.divider.q[11]$_DFFE_PP_/D
38	0.3579	ena	qnr.divider.divider.d_pipe[I][J]	ena	qnr.divider.divider.d_pipe[11][13]$_DFFE_PP_/D
39	0.3591	ena	qnr.divider.divider.s_pipe[I][J]	ena	qnr.divider.divider.s_pipe[3][7]$_DFFE_PP_/D
40	0.3620	ena	fdct_zigzag.dct_mod.sample_cnt[I]	ena	fdct_zigzag.dct_mod.sample_cnt[4]$_DFFE_PN0P_/D
41	0.3624	ena	qnr.divider.iz[I]	ena	qnr.divider.iz[22]$_SDFFCE_PN0P_/D
42	0.3626	ena	rle.rle.rlen[I]	ena	rle.rle.rlen[2]$_DFFE_PN0P_/D
43	0.3649	ena	qnr.divider.iz[I]	ena	qnr.divider.iz[3]$_DFFE_PP_/D
44	0.3668	ena	qnr.divider.divider.q_pipe[I][J]	ena	qnr.divider.divider.q_pipe[11][0]$_DFFE_PP_/D
45	0.3683	ena	dfdct_dout[I]	ena	dfdct_dout[0]$_DFFE_PP_/D
46	0.3706	ena	fdct_zigzag.dct_mod.ddin[I]	ena	fdct_zigzag.dct_mod.ddin[1]$_DFFE_PN0P_/D
47	0.3723	dfdct_dout[I]	qnr.divider.iz[I]	dfdct_dout[3]$_DFFE_PP_/QN	qnr.divider.iz[10]$_DFFE_PP_/D
48	0.3741	ena	rle.rle.amp[I]	ena	rle.rle.amp[10]$_SDFFCE_PN0P_/D
49	0.3748	ena	rle.rle.size[I]	ena	rle.rle.size[0]$_DFFE_PN0P_/D
50	0.3753	ena	qnr.dep[I]	ena	qnr.dep[3]$_DFFE_PN0P_/D
51	0.3757	ena	rle.rzI.amp[J]	ena	rle.rz2.amp[7]$_DFFE_PP_/D
52	0.3771	ena	rle.rzI.rlen[J]	ena	rle.rz2.rlen[2]$_DFFE_PP_/D
53	0.3773	ena	rle.rzI.den	ena	rle.rz2.den$_DFFE_PN0P_/D
54	0.3778	ena	qnr.divider.divider.q[I]	ena	qnr.divider.divider.q[4]$_DFFE_PP_/D
55	0.3805	ena	rle.rzI.size[J]	ena	rle.rz1.size[0]$_DFFE_PP_/D
56	0.3840	ena	qnr.divider.spipe[I]	ena	qnr.divider.spipe[6]$_DFFE_PP_/D
57	0.3848	qnr.rq[I]	rle.rle.rlen[I]	qnr.rq[11]$_DFFE_PP_/Q	rle.rle.rlen[2]$_DFFE_PN0P_/D
58	0.3864	ena	fdct_zigzag.dct_mod.dddcnt	ena	fdct_zigzag.dct_mod.dddcnt$_DFFE_PN1P_/D
59	0.3872	ena	qnr.rq[I]	ena	qnr.rq[7]$_DFFE_PP_/D
60	0.3874	ena	fdct_zigzag.dct_mod.ddddcnt	ena	fdct_zigzag.dct_mod.ddddcnt$_DFFE_PN1P_/D
61	0.3901	ena	rle.rzI.rleno[J]	ena	rle.rz2.rleno[1]$_DFFE_PP_/D
62	0.3902	ena	rle.rzI.sizeo[J]	ena	rle.rz4.sizeo[3]$_DFFE_PP_/D
63	0.3937	ena	qnr.qnt_cnt[I]	ena	qnr.qnt_cnt[5]$_DFFE_PN0P_/D
64	0.3969	ena	rle.rzI.deno	ena	rle.rz1.deno$_DFFE_PN0P_/D
65	0.3973	ena	rle.rzI.dc	ena	rle.rz1.dc$_DFFE_PP_/D
66	0.3975	ena	rle.rzI.dco	ena	rle.rz1.dco$_DFFE_PP_/D
67	0.4007	dfdct_dout[I]	qnr.divider.iz[I]	dfdct_dout[3]$_DFFE_PP_/QN	qnr.divider.iz[13]$_SDFFCE_PN0P_/D
68	0.4026	ena	rle.rle.dcterm	ena	rle.rle.dcterm$_DFFE_PN0P_/D
69	0.4038	ena	rle.rzI.ampo[J]	ena	rle.rz4.ampo[8]$_DFFE_PP_/D
70	0.4043	ena	fdct_zigzag.dct_mod.douten	ena	fdct_zigzag.dct_mod.douten$_DFFE_PN0P_/D
71	0.4049	ena	qnr.divider.q[I]	ena	qnr.divider.q[9]$_DFFE_PP_/D
72	0.4093	ena	rle.rle.amp[I]	ena	rle.rle.amp[2]$_DFFE_PP_/D
73	0.4113	ena	qnr.divider.id[I]	ena	qnr.divider.id[3]$_DFFE_PP_/D
74	0.4119	fdct_zigzag.zigzag_mod.ld_zigzag	qnr.qnt_cnt[I]	fdct_zigzag.zigzag_mod.ld_zigzag$_DFFE_PP_/Q	qnr.qnt_cnt[1]$_DFFE_PN0P_/D
75	0.4119	ena	rle.rzI.state	ena	rle.rz4.state$_DFFE_PN0P_/D
76	0.4124	fdct_zigzag.dct_mod.dct_block_I.dct_unit_J.macu.dclr_d	fdct_zigzag.dct_mod.dct_block_I.dct_unit_J.macu.dclr_d	fdct_zigzag.dct_mod.dct_block_5.dct_unit_2.macu.dclr_d$_DFFE_PP_/Q	fdct_zigzag.dct_mod.dct_block_5.dct_unit_2.macu.dclr_d$_DFFE_PP_/D
77	0.4155	ena	fdct_zigzag.zigzag_mod.ld_zigzag	ena	fdct_zigzag.zigzag_mod.ld_zigzag$_DFFE_PP_/D
78	0.4172	ena	fdct_zigzag.dct_mod.dct_block_I.dct_unit_J.macu.dclr_d	ena	fdct_zigzag.dct_mod.dct_block_5.dct_unit_2.macu.dclr_d$_DFFE_PP_/D
79	0.4172	fdct_zigzag.zigzag_mod.ld_zigzag	qnr.dep[I]	fdct_zigzag.zigzag_mod.ld_zigzag$_DFFE_PP_/Q	qnr.dep[0]$_DFFE_PN0P_/D
80	0.4178	ena	qnr.divider.q[I]	ena	qnr.divider.q[12]$_SDFFCE_PN0P_/D
81	0.4186	ena	rle.rle.state	ena	rle.rle.state$_DFFE_PN0P_/D
82	0.4199	ena	rle.rle.zero_cnt[I]	ena	rle.rle.zero_cnt[2]$_SDFFCE_PP0P_/D
83	0.4209	rle.rle.size[I]	rle.rzI.den	rle.rle.size[1]$_DFFE_PN0P_/Q	rle.rz1.den$_DFFE_PN0P_/D
84	0.4226	rle.rle.size[I]	rle.rzI.deno	rle.rle.size[1]$_DFFE_PN0P_/Q	rle.rz1.deno$_DFFE_PN0P_/D
85	0.4306	rle.rle.rlen[I]	rle.rzI.den	rle.rle.rlen[1]$_DFFE_PN0P_/Q	rle.rz1.den$_DFFE_PN0P_/D
86	0.4327	ena	fdct_zigzag.dct_mod.ddgo	ena	fdct_zigzag.dct_mod.ddgo$_DFFE_PN0P_/D
87	0.4329	ena	fdct_zigzag.dct_mod.go	ena	fdct_zigzag.dct_mod.go$_DFFE_PN0P_/D
88	0.4337	ena	fdct_zigzag.dct_mod.dgo	ena	fdct_zigzag.dct_mod.dgo$_DFFE_PN0P_/D
89	0.4348	qnr.divider.divider.q[I]	qnr.divider.q[I]	qnr.divider.divider.q[3]$_DFFE_PP_/QN	qnr.divider.q[12]$_SDFFCE_PN0P_/D
90	0.4401	ena	fdct_zigzag.dct_mod.ddcnt	ena	fdct_zigzag.dct_mod.ddcnt$_DFFE_PN1P_/D
91	0.4414	fdct_zigzag.dct_mod.ddin[I]	fdct_zigzag.dct_mod.ddin[I]	fdct_zigzag.dct_mod.ddin[6]$_DFFE_PN0P_/Q	fdct_zigzag.dct_mod.ddin[6]$_DFFE_PN0P_/D
92	0.4418	rle.rzI.sizeo[J]	rle.rzI.den	rle.rz2.sizeo[1]$_DFFE_PP_/Q	rle.rz3.den$_DFFE_PN0P_/D
93	0.4422	rle.rzI.sizeo[J]	rle.rzI.deno	rle.rz2.sizeo[1]$_DFFE_PP_/Q	rle.rz3.deno$_DFFE_PN0P_/D
94	0.4455	ena	rle.rle.den	ena	rle.rle.den$_DFFE_PN0P_/D
95	0.4492	rle.rzI.rleno[J]	rle.rzI.deno	rle.rz3.rleno[1]$_DFFE_PP_/Q	rle.rz4.deno$_DFFE_PN0P_/D
96	0.4504	rle.rle.size[I]	rle.rzI.state	rle.rle.size[1]$_DFFE_PN0P_/Q	rle.rz1.state$_DFFE_PN0P_/D
97	0.4565	fdct_zigzag.dct_mod.dct_block_I.dct_unit_J.coef[K]	fdct_zigzag.dct_mod.dct_block_I.dct_unit_J.coef[K]	fdct_zigzag.dct_mod.dct_block_1.dct_unit_7.coef[26]$_DFFE_PP_/Q	fdct_zigzag.dct_mod.dct_block_1.dct_unit_7.coef[26]$_DFFE_PP_/D
98	0.4568	rle.rle.rlen[I]	rle.rzI.deno	rle.rle.rlen[1]$_DFFE_PN0P_/Q	rle.rz1.deno$_DFFE_PN0P_/D
99	0.4590	ena	dqnr_doe	ena	dqnr_doe$_DFFE_PP_/D
100	0.4600	rle.rle.rlen[I]	rle.rzI.state	rle.rle.rlen[1]$_DFFE_PN0P_/Q	rle.rz1.state$_DFFE_PN0P_/D
