# stage	1_synth
# top_module	viterbi_core
# top_n	100
# kind	blocks
# include_full	1
# rank	worst_slack_ns	start	end	start_full	end_full
1	-0.0447	register_num_i[I]	acs_inst_I.pm_r[J]	register_num_i[1]	acs_inst_1.pm_r[7]$_DFF_PN0_/D
2	0.0033	register_num_i[I]	acs_inst_I.survivor_path_r	register_num_i[1]	acs_inst_1.survivor_path_r$_DFF_PN0_/D
3	0.3273	bmu_inst_I.soft_data_r[J]	bmu_inst_I.bm_r[J]	bmu_inst_20.soft_data_r[16]$_DFF_PN0_/Q	bmu_inst_47.bm_r[8]$_DFF_PN0_/D
4	0.4476	bmu_inst_I.bm_rJ[K]	acs_inst_I.pm_r[J]	bmu_inst_63.bm_r4[0]$_DFF_PN0_/Q	acs_inst_38.pm_r[3]$_DFF_PN0_/D
5	0.4957	bmu_inst_I.bm_rJ[K]	acs_inst_I.survivor_path_r	bmu_inst_63.bm_r4[0]$_DFF_PN0_/Q	acs_inst_38.survivor_path_r$_DFF_PN0_/D
6	0.5685	pm_normalize_inst.grp_max_r[I][J]	pm_normalize_inst.max_reg[I]	pm_normalize_inst.grp_max_r[1][7]$_DFF_PN0_/Q	pm_normalize_inst.max_reg[0]$_DFF_PN0_/D
7	0.5790	acs_inst_I.pm_r[J]	pm_normalize_inst.grp_max_r[I][J]	acs_inst_21.pm_r[5]$_DFF_PN0_/Q	pm_normalize_inst.grp_max_r[2][0]$_DFF_PN0_/D
8	0.6523	infobit_length_i[I]	src_len_counter_r[I]	infobit_length_i[5]	src_len_counter_r[10]$_DFFE_PN0P_/D
9	0.6669	infobit_length_i[I]	src_addr_r[I]	infobit_length_i[7]	src_addr_r[4]$_DFFE_PN0P_/D
10	0.6676	register_num_i[I]	bmu_inst_I.low_codeword_tmp[J]	register_num_i[1]	bmu_inst_27.low_codeword_tmp[2]$_DFFE_PN0P_/D
11	0.6686	register_num_i[I]	pm_normalize_inst.pm_nom_r[I][J]	register_num_i[1]	pm_normalize_inst.pm_nom_r[18][0]$_DFFE_PN0P_/D
12	0.6860	frame_start_i	fetch_src_cnt_r[I]	frame_start_i	fetch_src_cnt_r[10]$_DFFE_PN0P_/D
13	0.6945	register_num_i[I]	pm_normalize_inst.max_reg[I]	register_num_i[0]	pm_normalize_inst.max_reg[1]$_DFF_PN0_/D
14	0.7010	register_num_i[I]	acs_en_r[I]	register_num_i[1]	acs_en_r[62]$_DFFE_PN0P_/D
15	0.7041	polynomialI_i[J]	bmu_inst_I.low_codeword_tmp[J]	polynomial2_i[4]	bmu_inst_58.low_codeword_tmp[1]$_DFFE_PN0P_/D
16	0.7054	rst_sync_i	fetch_src_cnt_r[I]	rst_sync_i	fetch_src_cnt_r[10]$_DFFE_PN0P_/D
17	0.7180	valid_polynomials_i[I]	bmu_inst_I.low_codeword[J]	valid_polynomials_i[0]	bmu_inst_1.low_codeword[2]$_DFFE_PN0P_/D
18	0.7222	valid_polynomials_i[I]	bmu_inst_I.bm_r[J]	valid_polynomials_i[1]	bmu_inst_36.bm_r[8]$_DFF_PN0_/D
19	0.7399	rst_sync_i	bmu_inst_I.low_codeword_tmp[J]	rst_sync_i	bmu_inst_28.low_codeword_tmp[4]$_DFFE_PN0P_/D
20	0.7521	bmu_inst_I.low_codeword[J]	bmu_inst_I.bm_r[J]	bmu_inst_48.low_codeword[4]$_DFFE_PN0P_/Q	bmu_inst_48.bm_r[8]$_DFF_PN0_/D
21	0.7565	rst_sync_i	pm_normalize_inst.pm_nom_r[I][J]	rst_sync_i	pm_normalize_inst.pm_nom_r[18][0]$_DFFE_PN0P_/D
22	0.7664	pm_normalize_inst.max_reg[I]	pm_normalize_inst.pm_nom_r[I][J]	pm_normalize_inst.max_reg[0]$_DFF_PN0_/Q	pm_normalize_inst.pm_nom_r[1][8]$_DFFE_PN0P_/D
23	0.7676	rst_sync_i	pm_normalize_inst.pm_nom_out_r[I][J]	rst_sync_i	pm_normalize_inst.pm_nom_out_r[21][2]$_DFF_PN0_/D
24	0.7811	frame_start_i	src_len_counter_r[I]	frame_start_i	src_len_counter_r[10]$_DFFE_PN0P_/D
25	0.7827	rst_sync_i	src_len_counter_r[I]	rst_sync_i	src_len_counter_r[10]$_DFFE_PN0P_/D
26	0.7918	rst_sync_i	bmu_inst_I.low_codeword[J]	rst_sync_i	bmu_inst_1.low_codeword[3]$_DFFE_PN0P_/D
27	0.7983	rst_sync_i	acs_en_r[I]	rst_sync_i	acs_en_r[15]$_DFFE_PN0P_/D
28	0.7998	rst_sync_i	traceback_ins.tb_counter_r[I]	rst_sync_i	traceback_ins.tb_counter_r[0]$_DFFE_PN0P_/D
29	0.7999	rst_sync_i	dst_addr_r[I]	rst_sync_i	dst_addr_r[0]$_DFFE_PN0P_/D
30	0.7999	rst_sync_i	traceback_ins.tb_addr_r[I]	rst_sync_i	traceback_ins.tb_addr_r[0]$_DFFE_PN0P_/D
31	0.8014	rst_sync_i	pm_normalize_inst.grp_max_r[I][J]	rst_sync_i	pm_normalize_inst.grp_max_r[2][0]$_DFF_PN0_/D
32	0.8014	rst_sync_i	traceback_ins.tb_rd_r	rst_sync_i	traceback_ins.tb_rd_r$_DFF_PN0_/D
33	0.8014	rst_sync_i	decoding_start_r	rst_sync_i	decoding_start_r$_DFF_PN0_/D
34	0.8014	rst_sync_i	pm_normalize_inst.en_pipe_r	rst_sync_i	pm_normalize_inst.en_pipe_r$_DFF_PN0_/D
35	0.8018	rst_sync_i	bmu_inst_I.bm_r[J]	rst_sync_i	bmu_inst_58.bm_r[6]$_DFF_PN0_/D
36	0.8022	rst_sync_i	pm_normalize_inst.pm_pipe_r[I][J]	rst_sync_i	pm_normalize_inst.pm_pipe_r[0][8]$_DFF_PN0_/D
37	0.8079	rst_sync_i	busy_r	rst_sync_i	busy_r$_DFFE_PN0P_/D
38	0.8172	rst_sync_i	acs_inst_I.pm_r[J]	rst_sync_i	acs_inst_5.pm_r[4]$_DFF_PN0_/D
39	0.8190	rst_sync_i	bmu_inst_I.bm_rJ[K]	rst_sync_i	bmu_inst_60.bm_r3[1]$_DFF_PN0_/D
40	0.8226	rst_sync_i	bmu_ready_dI_r	rst_sync_i	bmu_ready_d1_r$_DFF_PN1_/D
41	0.8253	rst_sync_i	src_addr_r[I]	rst_sync_i	src_addr_r[10]$_DFFE_PN0P_/D
42	0.8259	frame_start_i	src_addr_r[I]	frame_start_i	src_addr_r[10]$_DFFE_PN0P_/D
43	0.8275	rst_sync_i	traceback_start_r	rst_sync_i	traceback_start_r$_DFF_PN0_/D
44	0.8330	rst_sync_i	trellis_idx_r[I]	rst_sync_i	trellis_idx_r[5]$_DFFE_PN0P_/D
45	0.8332	frame_start_i	tb_len_r[I]	frame_start_i	tb_len_r[2]$_DFFE_PN0P_/D
46	0.8345	rst_sync_i	pm_normalize_inst.max_reg[I]	rst_sync_i	pm_normalize_inst.max_reg[0]$_DFF_PN0_/D
47	0.8365	frame_start_i	dst_addr_r[I]	frame_start_i	dst_addr_r[8]$_DFFE_PN0P_/D
48	0.8381	rst_sync_i	bmu_inst_I.bm_valid_rJ	rst_sync_i	bmu_inst_15.bm_valid_r4$_DFF_PN0_/D
49	0.8381	rst_sync_i	bmu_inst_I.soft_data_r[J]	rst_sync_i	bmu_inst_20.soft_data_r[0]$_DFF_PN0_/D
50	0.8381	rst_sync_i	bmu_inst_I.soft_data_valid_r	rst_sync_i	bmu_inst_20.soft_data_valid_r$_DFF_PN0_/D
51	0.8381	rst_sync_i	pm_normalize_inst.pm_pipe_rI[J][K]	rst_sync_i	pm_normalize_inst.pm_pipe_r2[0][0]$_DFF_PN0_/D
52	0.8413	frame_start_i	trellis_idx_r[I]	frame_start_i	trellis_idx_r[12]$_DFFE_PN0P_/D
53	0.8420	rst_sync_i	acs_inst_I.survivor_path_r	rst_sync_i	acs_inst_33.survivor_path_r$_DFF_PN0_/D
54	0.8436	frame_start_i	state_r[I]	frame_start_i	state_r[2]$_DFF_PN0_/D
55	0.8436	frame_start_i	tb_wr_addr_r[I]	frame_start_i	tb_wr_addr_r[2]$_DFFE_PN0P_/D
56	0.8507	frame_start_i	flush_all_start_r	frame_start_i	flush_all_start_r$_DFFE_PN0P_/D
57	0.8526	rst_sync_i	tb_len_r[I]	rst_sync_i	tb_len_r[2]$_DFFE_PN0P_/D
58	0.8626	rst_sync_i	src_rd_r	rst_sync_i	src_rd_r$_DFFE_PN0P_/D
59	0.8629	rst_sync_i	state_r[I]	rst_sync_i	state_r[2]$_DFF_PN0_/D
60	0.8629	rst_sync_i	tb_wr_addr_r[I]	rst_sync_i	tb_wr_addr_r[2]$_DFFE_PN0P_/D
61	0.8648	rst_sync_i	bmu_inst_I.ready_r	rst_sync_i	bmu_inst_0.ready_r$_DFFE_PN0P_/D
62	0.8671	rst_sync_i	dst_wr_dI_r	rst_sync_i	dst_wr_d1_r$_DFF_PN0_/D
63	0.8671	rst_sync_i	pm_normalize_inst.en_pipe_rI	rst_sync_i	pm_normalize_inst.en_pipe_r2$_DFF_PN0_/D
64	0.8671	rst_sync_i	pm_normalize_inst.tail_biting_pipe_rI	rst_sync_i	pm_normalize_inst.tail_biting_pipe_r2$_DFF_PN0_/D
65	0.8687	tail_biting_en_i	trellis_idx_r[I]	tail_biting_en_i	trellis_idx_r[10]$_DFFE_PN0P_/D
66	0.8700	rst_sync_i	flush_all_start_r	rst_sync_i	flush_all_start_r$_DFFE_PN0P_/D
67	0.8751	frame_start_i	src_rd_r	frame_start_i	src_rd_r$_DFFE_PN0P_/D
68	0.8773	frame_start_i	bmu_inst_I.ready_r	frame_start_i	bmu_inst_0.ready_r$_DFFE_PN0P_/D
69	0.8799	rst_sync_i	acs_inst_I.valid_r	rst_sync_i	acs_inst_0.valid_r$_DFF_PN0_/D
70	0.8807	frame_start_i	acs_en_r[I]	frame_start_i	acs_en_r[31]$_DFFE_PN0P_/D
71	0.8823	acs_inst_I.valid_r	tb_addr_o[I]	acs_inst_0.valid_r$_DFF_PN0_/Q	tb_addr_o[0]
72	0.8875	rst_sync_i	full_tb_start_r	rst_sync_i	full_tb_start_r$_DFFE_PN0P_/D
73	0.8886	rst_sync_i	byte_idx_r[I]	rst_sync_i	byte_idx_r[0]$_DFF_PN0_/D
74	0.8915	rst_sync_i	half_tb_start_r	rst_sync_i	half_tb_start_r$_DFFE_PN0P_/D
75	0.8918	rst_sync_i	first_loop_r	rst_sync_i	first_loop_r$_DFFE_PN0P_/D
76	0.8999	frame_start_i	frame_done_r	frame_start_i	frame_done_r$_DFFE_PN0P_/D
77	0.8999	frame_start_i	last_loop_r	frame_start_i	last_loop_r$_DFFE_PN0P_/D
78	0.9011	frame_start_i	byte_idx_r[I]	frame_start_i	byte_idx_r[0]$_DFF_PN0_/D
79	0.9012	pm_normalize_inst.pm_nom_out_r[I][J]	acs_inst_I.pm_r[J]	pm_normalize_inst.pm_nom_out_r[35][0]$_DFF_PN0_/Q	acs_inst_38.pm_r[3]$_DFF_PN0_/D
80	0.9043	frame_start_i	full_tb_start_r	frame_start_i	full_tb_start_r$_DFFE_PN0P_/D
81	0.9051	rst_sync_i	frame_done_r	rst_sync_i	frame_done_r$_DFFE_PN0P_/D
82	0.9051	rst_sync_i	last_loop_r	rst_sync_i	last_loop_r$_DFFE_PN0P_/D
83	0.9054	frame_start_i	first_loop_r	frame_start_i	first_loop_r$_DFFE_PN0P_/D
84	0.9057	frame_start_i	half_tb_start_r	frame_start_i	half_tb_start_r$_DFFE_PN0P_/D
85	0.9175	rst_sync_i	dst_wr_r	rst_sync_i	dst_wr_r$_DFF_PN0_/D
86	0.9300	frame_start_i	dst_wr_r	frame_start_i	dst_wr_r$_DFF_PN0_/D
87	0.9401	rst_sync_i	bmu_inst_I.calc_codeword_en	rst_sync_i	bmu_inst_54.calc_codeword_en$_DFF_PN0_/D
88	0.9436	decoding_length_i[I]	trellis_idx_r[I]	decoding_length_i[6]	trellis_idx_r[6]$_DFFE_PN0P_/D
89	0.9440	infobit_length_i[I]	trellis_idx_r[I]	infobit_length_i[6]	trellis_idx_r[6]$_DFFE_PN0P_/D
90	0.9493	pm_normalize_inst.pm_nom_out_r[I][J]	acs_inst_I.survivor_path_r	pm_normalize_inst.pm_nom_out_r[35][0]$_DFF_PN0_/Q	acs_inst_38.survivor_path_r$_DFF_PN0_/D
91	0.9511	tail_biting_en_i	pm_normalize_inst.tail_biting_pipe_r	tail_biting_en_i	pm_normalize_inst.tail_biting_pipe_r$_DFF_PN0_/D
92	0.9555	rst_sync_i	bmu_inst_I.calc_polyn_en	rst_sync_i	bmu_inst_20.calc_polyn_en$_DFF_PN0_/D
93	0.9561	frame_start_i	bmu_inst_I.calc_polyn_en	frame_start_i	bmu_inst_20.calc_polyn_en$_DFF_PN0_/D
94	0.9628	tb_wr_addr_r[I]	tb_addr_o[I]	tb_wr_addr_r[2]$_DFFE_PN0P_/Q	tb_addr_o[2]
95	0.9645	frame_start_i	busy_r	frame_start_i	busy_r$_DFFE_PN0P_/D
96	0.9912	traceback_ins.tb_addr_r[I]	tb_addr_o[I]	traceback_ins.tb_addr_r[3]$_DFFE_PN0P_/Q	tb_addr_o[3]
97	1.0001	dst_start_addr_i[I]	dst_addr_r[I]	dst_start_addr_i[8]	dst_addr_r[8]$_DFFE_PN0P_/D
98	1.0186	src_addr_r[I]	src_addr_o[I]	src_addr_r[1]$_DFFE_PN0P_/Q	src_addr_o[1]
99	1.0196	acs_inst_I.survivor_path_r	tb_wdata_o[I]	acs_inst_0.survivor_path_r$_DFF_PN0_/Q	tb_wdata_o[0]
100	1.0223	dst_addr_r[I]	dst_addr_o[I]	dst_addr_r[1]$_DFFE_PN0P_/Q	dst_addr_o[1]
