# stage	6_final
# top_module	wb_dma_top
# top_n	100
# kind	blocks
# include_full	1
# rank	worst_slack_ns	start	end	start_full	end_full
1	-0.5415	uI.state[J]	wbIs_data_o[J]	u2.state[10]$_DFF_PN0_/Q	wb0s_data_o[11]
2	-0.4678	uI.uJ.pri_outK[L]	wbIs_data_o[J]	u1.u0.pri_out0[1]$_DFF_P_/Q	wb0s_data_o[11]
3	-0.4538	uI.uJ.state[K]	wbIs_data_o[J]	u1.u2.state[2]$_DFFE_PN0P_/Q	wb0s_data_o[11]
4	-0.3957	uI.ch_sel_r[J]	wbIs_data_o[J]	u1.ch_sel_r[2]$_DFFE_PN0P_/Q	wb0s_data_o[11]
5	-0.3233	uI.uJ.ch_csr_r[K]	wbIs_data_o[J]	u0.u14.ch_csr_r[8]$_DFFE_PN0P_/Q	wb0s_data_o[11]
6	-0.2677	uI.ndr_r[J]	wbIs_data_o[J]	u1.ndr_r[2]$_DFF_P_/Q	wb0s_data_o[11]
7	-0.1091	wbI_addr_i[J]	wbIm_data_o[J]	wb0_addr_i[29]	wb0m_data_o[2]
8	-0.1066	wbI_addr_i[J]	wbI_addr_o[J]	wb0_addr_i[29]	wb1_addr_o[13]
9	-0.1052	wbI_addr_i[J]	wbI_ack_o	wb0_addr_i[29]	wb0_ack_o
10	-0.0976	wbI_addr_i[J]	wbI_stb_o	wb0_addr_i[29]	wb1_stb_o
11	-0.0970	wbI_addr_i[J]	wbI_we_o	wb0_addr_i[29]	wb1_we_o
12	-0.0906	wbI_addr_i[J]	wbIs_data_o[J]	wb0_addr_i[29]	wb1s_data_o[18]
13	-0.0900	wbI_addr_i[J]	wbI_cyc_o	wb0_addr_i[29]	wb1_cyc_o
14	-0.0829	wbI_addr_i[J]	wbI_err_o	wb0_addr_i[29]	wb0_err_o
15	-0.0703	uI.uJ.mast_dout[K]	wbIs_data_o[J]	u3.u0.mast_dout[10]$_DFFE_PP_/Q	wb0s_data_o[10]
16	-0.0674	uI.state[J]	uI.adrJ_cnt[K]	u2.state[10]$_DFF_PN0_/Q	u2.adr1_cnt[8]$_DFFE_PP_/D
17	-0.0568	wbI_addr_i[J]	wbI_sel_o[J]	wb1_addr_i[29]	wb0_sel_o[3]
18	-0.0553	uI.state[J]	uI.uJ.ch_adrK_s[L]	u2.state[10]$_DFF_PN0_/Q	u0.u7.ch_adr0_s[6]$_DFFE_PP_/D
19	-0.0532	uI.state[J]	uI.tsz_cnt[J]	u2.state[10]$_DFF_PN0_/Q	u2.tsz_cnt[2]$_DFFE_PP_/D
20	-0.0450	wbI_cyc_i	wbI_addr_o[J]	wb0_cyc_i	wb1_addr_o[13]
21	-0.0437	wbI_cyc_i	wbI_ack_o	wb0_cyc_i	wb0_ack_o
22	-0.0425	wbI_cyc_i	wbIm_data_o[J]	wb0_cyc_i	wb0m_data_o[2]
23	-0.0409	wbI_addr_i[J]	wbI_rty_o	wb1_addr_i[29]	wb1_rty_o
24	-0.0407	uI.state[J]	uI.uJ.ch_adrK_r[L]	u2.state[10]$_DFF_PN0_/Q	u0.u7.ch_adr0_r[21]$_DFFE_PP_/D
25	-0.0352	wbI_cyc_i	wbI_stb_o	wb0_cyc_i	wb1_stb_o
26	-0.0346	wbI_cyc_i	wbI_we_o	wb0_cyc_i	wb1_we_o
27	-0.0329	wbI_cyc_i	wbIs_data_o[J]	wb0_cyc_i	wb1s_data_o[18]
28	-0.0209	uI.state[J]	uI.chunk_J	u2.state[10]$_DFF_PN0_/Q	u2.chunk_0$_DFF_P_/D
29	-0.0172	wbI_cyc_i	wbI_sel_o[J]	wb1_cyc_i	wb0_sel_o[3]
30	-0.0126	uI.state[J]	uI.uJ.ch_txsz_s[K]	u2.state[10]$_DFF_PN0_/Q	u0.u6.ch_txsz_s[7]$_DFFE_PP_/D
31	-0.0064	wbI_cyc_i	wbI_err_o	wb0_cyc_i	wb0_err_o
32	-0.0045	uI.state[J]	uI.uJ.ch_tot_sz_r[K]	u2.state[10]$_DFF_PN0_/Q	u0.u6.ch_tot_sz_r[8]$_DFFE_PP_/D
33	-0.0004	uI.state[J]	uI.uJ.ch_chk_sz_r[K]	u2.state[10]$_DFF_PN0_/Q	u0.u14.ch_chk_sz_r[2]$_DFFE_PP_/D
34	0.0004	uI.state[J]	uI.mastJ_adr[K]	u2.state[10]$_DFF_PN0_/Q	u2.mast0_adr[7]$_DFF_P_/D
35	0.0031	uI.uJ.state[K]	uI.adrJ_cnt[K]	u1.u1.state[2]$_DFFE_PN0P_/Q	u2.adr1_cnt[11]$_DFFE_PP_/D
36	0.0033	uI.uJ.pri_outK[L]	uI.adrJ_cnt[K]	u1.u0.pri_out0[1]$_DFF_P_/Q	u2.adr1_cnt[8]$_DFFE_PP_/D
37	0.0041	uI.uJ.pri_outK[L]	uI.uJ.ch_adrK_s[L]	u1.u0.pri_out0[1]$_DFF_P_/Q	u0.u7.ch_adr0_s[6]$_DFFE_PP_/D
38	0.0077	wbI_cyc_i	wbI_cyc_o	wb0_cyc_i	wb1_cyc_o
39	0.0166	uI.state[J]	uI.chunk_cnt[J]	u2.state[10]$_DFF_PN0_/Q	u2.chunk_cnt[1]$_DFFE_PP_/D
40	0.0184	uI.state[J]	uI.uJ.ch_csr_r[K]	u2.state[10]$_DFF_PN0_/Q	u0.u6.ch_csr_r[3]$_DFFE_PN0P_/D
41	0.0187	uI.uJ.pri_outK[L]	uI.uJ.ch_adrK_r[L]	u1.u0.pri_out0[1]$_DFF_P_/Q	u0.u7.ch_adr0_r[21]$_DFFE_PP_/D
42	0.0200	uI.uJ.state[K]	uI.uJ.ch_adrK_s[L]	u1.u1.state[1]$_DFFE_PN0P_/Q	u0.u7.ch_adr0_s[6]$_DFFE_PP_/D
43	0.0244	uI.state[J]	uI.uJ.mast_stb	u2.state[10]$_DFF_PN0_/Q	u4.u0.mast_stb$_DFF_P_/D
44	0.0256	uI.state[J]	uI.uJ.int_src_r[K]	u2.state[10]$_DFF_PN0_/Q	u0.u6.int_src_r[1]$_DFFE_PN0P_/D
45	0.0273	uI.state[J]	uI.uJ.pointer_r[K]	u2.state[10]$_DFF_PN0_/Q	u0.u4.pointer_r[4]$_DFFE_PP_/D
46	0.0290	uI.uJ.pri_outK[L]	uI.tsz_cnt[J]	u1.u0.pri_out0[1]$_DFF_P_/Q	u2.tsz_cnt[2]$_DFFE_PP_/D
47	0.0332	wbI_cyc_i	wbI_rty_o	wb1_cyc_i	wb1_rty_o
48	0.0346	uI.uJ.state[K]	uI.uJ.ch_adrK_r[L]	u1.u1.state[1]$_DFFE_PN0P_/Q	u0.u7.ch_adr0_r[21]$_DFFE_PP_/D
49	0.0388	uI.state[J]	uI.uJ.pointer_sr[K]	u2.state[10]$_DFF_PN0_/Q	u0.u2.pointer_sr[23]$_DFFE_PP_/D
50	0.0418	uI.uJ.slv_adr[K]	_I_	u3.u1.slv_adr[5]$_DFF_P_/Q	_51433_/D
51	0.0437	uI.uJ.state[K]	uI.tsz_cnt[J]	u1.u1.state[1]$_DFFE_PN0P_/Q	u2.tsz_cnt[2]$_DFFE_PP_/D
52	0.0471	uI.ch_sel_r[J]	uI.uJ.ch_adrK_s[L]	u1.ch_sel_r[2]$_DFFE_PN0P_/Q	u0.u7.ch_adr0_s[6]$_DFFE_PP_/D
53	0.0484	uI.state[J]	uI.ch_sel_r[J]	u2.state[10]$_DFF_PN0_/Q	u1.ch_sel_r[4]$_DFFE_PN0P_/D
54	0.0490	uI.state[J]	uI.uJ.ch_done	u2.state[10]$_DFF_PN0_/Q	u0.u6.ch_done$_DFFE_PN0P_/D
55	0.0519	uI.uJ.state[K]	uI.uJ.ch_txsz_s[K]	u1.u2.state[2]$_DFFE_PN0P_/Q	u0.u6.ch_txsz_s[7]$_DFFE_PP_/D
56	0.0579	uI.state[J]	uI.uJ.ptr_valid	u2.state[10]$_DFF_PN0_/Q	u0.u6.ptr_valid$_DFFE_PN0P_/D
57	0.0586	uI.tsz_cnt[J]	wbIs_data_o[J]	u2.tsz_cnt[11]$_DFFE_PP_/Q	wb0s_data_o[11]
58	0.0588	uI.ch_sel_r[J]	uI.adrJ_cnt[K]	u1.ch_sel_r[2]$_DFFE_PN0P_/Q	u2.adr1_cnt[11]$_DFFE_PP_/D
59	0.0600	uI.uJ.state[K]	uI.uJ.ch_tot_sz_r[K]	u1.u2.state[2]$_DFFE_PN0P_/Q	u0.u6.ch_tot_sz_r[8]$_DFFE_PP_/D
60	0.0601	uI.uJ.pri_outK[L]	uI.uJ.ch_txsz_s[K]	u1.u0.pri_out0[1]$_DFF_P_/Q	u0.u6.ch_txsz_s[7]$_DFFE_PP_/D
61	0.0616	uI.ch_sel_r[J]	uI.uJ.ch_adrK_r[L]	u1.ch_sel_r[2]$_DFFE_PN0P_/Q	u0.u7.ch_adr0_r[21]$_DFFE_PP_/D
62	0.0624	uI.state[J]	uI.uJ.mast_cyc	u2.state[10]$_DFF_PN0_/Q	u4.u0.mast_cyc$_DFF_P_/D
63	0.0631	uI.uJ.state[K]	uI.chunk_J	u1.u2.state[2]$_DFFE_PN0P_/Q	u2.chunk_0$_DFF_P_/D
64	0.0654	uI.uJ.state[K]	uI.uJ.ch_chk_sz_r[K]	u1.u2.state[2]$_DFFE_PN0P_/Q	u0.u6.ch_chk_sz_r[0]$_DFFE_PP_/D
65	0.0667	uI.state[J]	uI.ack_o[J]	u2.state[10]$_DFF_PN0_/Q	u1.ack_o[10]$_DFF_P_/D
66	0.0681	uI.uJ.pri_outK[L]	uI.uJ.ch_tot_sz_r[K]	u1.u0.pri_out0[1]$_DFF_P_/Q	u0.u6.ch_tot_sz_r[8]$_DFFE_PP_/D
67	0.0698	uI.state[J]	uI.state[J]	u2.state[10]$_DFF_PN0_/Q	u2.state[7]$_DFF_PN0_/D
68	0.0708	uI.uJ.pri_outK[L]	uI.chunk_J	u1.u0.pri_out0[1]$_DFF_P_/Q	u2.chunk_0$_DFF_P_/D
69	0.0713	uI.uJ.pri_outK[L]	uI.uJ.ch_chk_sz_r[K]	u1.u0.pri_out0[1]$_DFF_P_/Q	u0.u14.ch_chk_sz_r[2]$_DFFE_PP_/D
70	0.0760	uI.uJ.pri_outK[L]	uI.chunk_cnt[J]	u1.u0.pri_out0[1]$_DFF_P_/Q	u2.chunk_cnt[1]$_DFFE_PP_/D
71	0.0776	uI.uJ.pri_outK[L]	uI.mastJ_adr[K]	u1.u0.pri_out0[1]$_DFF_P_/Q	u2.mast0_adr[26]$_DFF_P_/D
72	0.0786	uI.state[J]	uI.uJ.mast_we_r	u2.state[10]$_DFF_PN0_/Q	u4.u0.mast_we_r$_DFF_P_/D
73	0.0829	uI.uJ.state[K]	uI.uJ.ch_csr_r[K]	u1.u2.state[2]$_DFFE_PN0P_/Q	u0.u6.ch_csr_r[3]$_DFFE_PN0P_/D
74	0.0859	wbI_ack_i	wbI_ack_o	wb1_ack_i	wb0_ack_o
75	0.0891	_I_	wbIm_data_o[J]	_51413_/Q	wb0m_data_o[31]
76	0.0901	uI.uJ.state[K]	uI.uJ.int_src_r[K]	u1.u2.state[2]$_DFFE_PN0P_/Q	u0.u6.int_src_r[1]$_DFFE_PN0P_/D
77	0.0911	uI.uJ.pri_outK[L]	uI.uJ.ch_csr_r[K]	u1.u0.pri_out0[1]$_DFF_P_/Q	u0.u6.ch_csr_r[3]$_DFFE_PN0P_/D
78	0.0919	uI.uJ.state[K]	uI.chunk_cnt[J]	u1.u1.state[1]$_DFFE_PN0P_/Q	u2.chunk_cnt[1]$_DFFE_PP_/D
79	0.0922	uI.ch_sel_r[J]	uI.tsz_cnt[J]	u1.ch_sel_r[2]$_DFFE_PN0P_/Q	u2.tsz_cnt[8]$_DFFE_PP_/D
80	0.0928	uI.uJ.state[K]	uI.mastJ_adr[K]	u1.u1.state[4]$_DFFE_PN0P_/Q	u2.mast0_adr[28]$_DFF_P_/D
81	0.0930	uI.uJ.pri_outK[L]	uI.uJ.pointer_r[K]	u1.u0.pri_out0[1]$_DFF_P_/Q	u0.u7.pointer_r[20]$_DFFE_PP_/D
82	0.0977	wbIm_data_i[J]	wbIs_data_o[J]	wb0m_data_i[29]	wb1s_data_o[29]
83	0.0983	uI.uJ.pri_outK[L]	uI.uJ.int_src_r[K]	u1.u0.pri_out0[1]$_DFF_P_/Q	u0.u6.int_src_r[1]$_DFFE_PN0P_/D
84	0.0997	wbI_we_i	wbI_we_o	wb0_we_i	wb1_we_o
85	0.0999	uI.state[J]	uI.uJ.ch_eol	u2.state[10]$_DFF_PN0_/Q	u0.u6.ch_eol$_DFFE_PN0P_/D
86	0.1020	uI.uJ.slv_adr[K]	uI.uJ.ch_amK_r[L]	u3.u1.slv_adr[6]$_DFF_P_/Q	u0.u4.ch_am0_r[0]$_DFFE_PN1P_/D
87	0.1024	wbI_stb_i	wbI_stb_o	wb0_stb_i	wb1_stb_o
88	0.1051	uI.state[J]	uI.uJ.ch_rl	u2.state[10]$_DFF_PN0_/Q	u0.u6.ch_rl$_DFF_P_/D
89	0.1053	uI.state[J]	uI.write_hold_r	u2.state[10]$_DFF_PN0_/Q	u2.write_hold_r$_DFF_P_/D
90	0.1065	wbIs_data_i[J]	wbIm_data_o[J]	wb1s_data_i[3]	wb0m_data_o[3]
91	0.1077	uI.uJ.pri_outK[L]	uI.ch_sel_r[J]	u1.u0.pri_out0[1]$_DFF_P_/Q	u1.ch_sel_r[4]$_DFFE_PN0P_/D
92	0.1078	uI.state[J]	uI.write_r	u2.state[10]$_DFF_PN0_/Q	u2.write_r$_DFF_P_/D
93	0.1089	uI.uJ.state[K]	uI.uJ.pointer_r[K]	u1.u1.state[1]$_DFFE_PN0P_/Q	u0.u7.pointer_r[20]$_DFFE_PP_/D
94	0.1105	uI.uJ.pri_outK[L]	uI.uJ.pointer_sr[K]	u1.u0.pri_out0[1]$_DFF_P_/Q	u0.u2.pointer_sr[23]$_DFFE_PP_/D
95	0.1107	uI.mastJ_adr[K]	wbI_addr_o[J]	u2.mast0_adr[31]$_DFF_P_/Q	wb0_addr_o[31]
96	0.1125	uI.uJ.pri_outK[L]	uI.uJ.mast_stb	u1.u0.pri_out0[1]$_DFF_P_/Q	u4.u0.mast_stb$_DFF_P_/D
97	0.1136	uI.uJ.state[K]	uI.uJ.ch_done	u1.u2.state[2]$_DFFE_PN0P_/Q	u0.u6.ch_done$_DFFE_PN0P_/D
98	0.1189	uI.ch_sel_r[J]	uI.chunk_cnt[J]	u1.ch_sel_r[2]$_DFFE_PN0P_/Q	u2.chunk_cnt[1]$_DFFE_PP_/D
99	0.1206	uI.ch_sel_r[J]	uI.mastJ_adr[K]	u1.ch_sel_r[2]$_DFFE_PN0P_/Q	u2.mast0_adr[26]$_DFF_P_/D
100	0.1217	uI.uJ.pri_outK[L]	uI.uJ.ch_done	u1.u0.pri_out0[1]$_DFF_P_/Q	u0.u6.ch_done$_DFFE_PN0P_/D
