# stage	6_final
# top_module	fpu
# top_n	100
# kind	blocks
# include_full	1
# rank	worst_slack_ns	start	end	start_full	end_full
1	-0.3356	uI.mul_b[J]	uI.product_j[J]	u3.mul_b[35]$_SDFFE_PP0P_/Q	u3.product_j[29]$_SDFFE_PP0P_/D
2	-0.3323	uI.mul_a[J]	uI.product_j[J]	u3.mul_a[46]$_SDFFE_PP0P_/Q	u3.product_j[29]$_SDFFE_PP0P_/D
3	-0.3290	uI.mul_b[J]	uI.prod_c_hi[J]	u3.mul_b[42]$_SDFFE_PP0P_/Q	u3.prod_c_hi[28]$_SDFFE_PP0P_/D
4	-0.3227	uI.mul_a[J]	uI.product_i[J]	u3.mul_a[46]$_SDFFE_PP0P_/Q	u3.product_i[26]$_SDFFE_PP0P_/D
5	-0.3094	uI.mul_a[J]	uI.product_h[J]	u3.mul_a[51]$_SDFFE_PP0P_/Q	u3.product_h[28]$_SDFFE_PP0P_/D
6	-0.2998	uI.mul_b[J]	uI.prod_c_lo[J]	u3.mul_b[42]$_SDFFE_PP0P_/Q	u3.prod_c_lo[23]$_SDFFE_PP0P_/D
7	-0.2788	uI.mul_b[J]	uI.product_h[J]	u3.mul_b[5]$_SDFFE_PP0P_/Q	u3.product_h[28]$_SDFFE_PP0P_/D
8	-0.2759	uI.mul_b[J]	uI.product_i[J]	u3.mul_b[23]$_SDFFE_PP0P_/Q	u3.product_i[25]$_SDFFE_PP0P_/D
9	-0.2685	uI.mul_b[J]	uI.prod_a_lo[J]	u3.mul_b[4]$_SDFFE_PP0P_/Q	u3.prod_a_lo[28]$_SDFFE_PP0P_/D
10	-0.2676	uI.mul_b[J]	uI.prod_b_hi[J]	u3.mul_b[21]$_SDFFE_PP0P_/Q	u3.prod_b_hi[28]$_SDFFE_PP0P_/D
11	-0.2669	uI.mul_b[J]	uI.prod_b_lo[J]	u3.mul_b[30]$_SDFFE_PP0P_/Q	u3.prod_b_lo[26]$_SDFFE_PP0P_/D
12	-0.2657	uI.mul_a[J]	uI.prod_c_hi[J]	u3.mul_a[18]$_SDFFE_PP0P_/Q	u3.prod_c_hi[28]$_SDFFE_PP0P_/D
13	-0.2645	uI.mul_a[J]	uI.prod_a_lo[J]	u3.mul_a[3]$_SDFFE_PP0P_/Q	u3.prod_a_lo[28]$_SDFFE_PP0P_/D
14	-0.2632	uI.mul_a[J]	uI.prod_b_lo[J]	u3.mul_a[3]$_SDFFE_PP0P_/Q	u3.prod_b_lo[26]$_SDFFE_PP0P_/D
15	-0.2583	uI.mul_a[J]	uI.prod_c_lo[J]	u3.mul_a[10]$_SDFFE_PP0P_/Q	u3.prod_c_lo[23]$_SDFFE_PP0P_/D
16	-0.2574	uI.mul_a[J]	uI.prod_b_hi[J]	u3.mul_a[23]$_SDFFE_PP0P_/Q	u3.prod_b_hi[28]$_SDFFE_PP0P_/D
17	-0.2552	uI.mul_b[J]	uI.prod_a_hi[J]	u3.mul_b[10]$_SDFFE_PP0P_/Q	u3.prod_a_hi[26]$_SDFFE_PP0P_/D
18	-0.2532	uI.mul_a[J]	uI.prod_a_hi[J]	u3.mul_a[18]$_SDFFE_PP0P_/Q	u3.prod_a_hi[26]$_SDFFE_PP0P_/D
19	-0.2311	uI.mul_b[J]	uI.prod_g_hi[J]	u3.mul_b[35]$_SDFFE_PP0P_/Q	u3.prod_g_hi[25]$_SDFFE_PP0P_/D
20	-0.2275	uI.mul_b[J]	uI.prod_f_lo[J]	u3.mul_b[19]$_SDFFE_PP0P_/Q	u3.prod_f_lo[25]$_SDFFE_PP0P_/D
21	-0.2266	uI.mul_b[J]	uI.prod_e_lo[J]	u3.mul_b[1]$_SDFFE_PP0P_/Q	u3.prod_e_lo[25]$_SDFFE_PP0P_/D
22	-0.2239	uI.mul_b[J]	uI.prod_g_lo[J]	u3.mul_b[42]$_SDFFE_PP0P_/Q	u3.prod_g_lo[27]$_SDFFE_PP0P_/D
23	-0.2233	uI.mul_b[J]	uI.prod_f_hi[J]	u3.mul_b[21]$_SDFFE_PP0P_/Q	u3.prod_f_hi[23]$_SDFFE_PP0P_/D
24	-0.2138	uI.mul_a[J]	uI.prod_f_lo[J]	u3.mul_a[31]$_SDFFE_PP0P_/Q	u3.prod_f_lo[25]$_SDFFE_PP0P_/D
25	-0.2137	uI.mul_a[J]	uI.prod_e_lo[J]	u3.mul_a[31]$_SDFFE_PP0P_/Q	u3.prod_e_lo[25]$_SDFFE_PP0P_/D
26	-0.2132	uI.mul_a[J]	uI.prod_g_hi[J]	u3.mul_a[35]$_SDFFE_PP0P_/Q	u3.prod_g_hi[25]$_SDFFE_PP0P_/D
27	-0.2094	uI.mul_a[J]	uI.prod_f_hi[J]	u3.mul_a[40]$_SDFFE_PP0P_/Q	u3.prod_f_hi[23]$_SDFFE_PP0P_/D
28	-0.1948	uI.mul_b[J]	uI.prod_e_hi[J]	u3.mul_b[4]$_SDFFE_PP0P_/Q	u3.prod_e_hi[23]$_SDFFE_PP0P_/D
29	-0.1875	uI.mul_a[J]	uI.prod_e_hi[J]	u3.mul_a[36]$_SDFFE_PP0P_/Q	u3.prod_e_hi[23]$_SDFFE_PP0P_/D
30	-0.1631	uI.mul_a[J]	uI.prod_g_lo[J]	u3.mul_a[31]$_SDFFE_PP0P_/Q	u3.prod_g_lo[27]$_SDFFE_PP0P_/D
31	-0.0198	uI.mul_b[J]	uI.product_d[J]	u3.mul_b[51]$_SDFFE_PP0P_/Q	u3.product_d[24]$_SDFFE_PP0P_/D
32	0.0405	uI.divisor_b[J]	uI.divisor_shift_J[K]	u4.divisor_b[51]$_SDFFE_PP0P_/Q	u4.divisor_shift_2[4]$_SDFFE_PP0P_/D
33	0.0421	uI.mul_a[J]	uI.product_d[J]	u3.mul_a[12]$_SDFFE_PP0P_/Q	u3.product_d[24]$_SDFFE_PP0P_/D
34	0.0498	uI.product_c[J]	uI.sum_J[K]	u3.product_c[0]$_SDFFE_PP0P_/Q	u3.sum_2[26]$_SDFFE_PP0P_/D
35	0.0522	uI.sum_J[K]	uI.sum_J[K]	u3.sum_1[10]$_SDFFE_PP0P_/Q	u3.sum_2[26]$_SDFFE_PP0P_/D
36	0.0908	uI.dividend_a[J]	uI.dividend_shift_J[K]	u4.dividend_a[51]$_SDFFE_PP0P_/Q	u4.dividend_shift_2[0]$_SDFFE_PP0P_/D
37	0.1038	uI.diff[J]	uI.diff_shift_J[K]	u2.diff[54]$_SDFFE_PP0P_/Q	u2.diff_shift_2[5]$_SDFFE_PP0P_/D
38	0.1042	uI.product_e[J]	uI.sum_J[K]	u3.product_e[4]$_SDFFE_PP0P_/Q	u3.sum_1[34]$_SDFFE_PP0P_/D
39	0.1164	uI.product_b[J]	uI.sum_J[K]	u3.product_b[13]$_SDFFE_PP0P_/Q	u3.sum_0[30]$_SDFFE_PP0P_/D
40	0.1189	uI.dividend_reg[J]	uI.dividend_reg[J]	u4.dividend_reg[15]$_SDFFE_PP0P_/Q	u4.dividend_reg[52]$_SDFFE_PP0P_/D
41	0.1215	uI.minuend[J]	uI.diff[J]	u2.minuend[14]$_SDFFE_PP0P_/Q	u2.diff[42]$_SDFFE_PP0P_/D
42	0.1281	uI.large_add[J]	uI.sum[J]	u1.large_add[21]$_SDFFE_PP0P_/Q	u1.sum[43]$_SDFFE_PP0P_/D
43	0.1292	uI.product_a[J]	uI.sum_J[K]	u3.product_a[30]$_SDFFE_PP0P_/Q	u3.sum_0[30]$_SDFFE_PP0P_/D
44	0.1312	uI.product_g[J]	uI.sum_J[K]	u3.product_g[2]$_SDFFE_PP0P_/Q	u3.sum_7[33]$_SDFFE_PP0P_/D
45	0.1360	uI.small_shift_J[K]	uI.sum[J]	u1.small_shift_3[21]$_SDFFE_PP0P_/Q	u1.sum[43]$_SDFFE_PP0P_/D
46	0.1391	out[I]	out[I]	out[60]$_SDFFE_PP0P_/Q	out[60]
47	0.1399	uI.divisor_reg[J]	uI.dividend_reg[J]	u4.divisor_reg[36]$_SDFFE_PP0P_/Q	u4.dividend_reg[1]$_SDFFE_PP0P_/D
48	0.1399	uI.dividend_reg[J]	uI.quotient[J]	u4.dividend_reg[35]$_SDFFE_PP0P_/Q	u4.quotient[15]$_SDFFE_PP0P_/D
49	0.1407	uI.product_d[J]	uI.sum_J[K]	u3.product_d[0]$_SDFFE_PP0P_/Q	u3.sum_5[24]$_SDFFE_PP0P_/D
50	0.1422	uI.product_j[J]	uI.sum_J[K]	u3.product_j[0]$_SDFFE_PP0P_/Q	u3.sum_8[30]$_SDFFE_PP0P_/D
51	0.1501	uI.product_f[J]	uI.sum_J[K]	u3.product_f[0]$_SDFFE_PP0P_/Q	u3.sum_4[36]$_SDFFE_PP0P_/D
52	0.1524	uI.exponent_J[K]	uI.product_J[K]	u3.exponent_2[0]$_SDFFE_PP0P_/Q	u3.product_4[60]$_SDFFE_PP0P_/D
53	0.1550	uI.prod_e_hi[J]	uI.product_e[J]	u3.prod_e_hi[0]$_SDFFE_PP0P_/Q	u3.product_e[29]$_SDFFE_PP0P_/D
54	0.1574	uI.prod_e_lo[J]	uI.product_e[J]	u3.prod_e_lo[9]$_SDFFE_PP0P_/Q	u3.product_e[29]$_SDFFE_PP0P_/D
55	0.1580	uI.divisor_reg[J]	uI.quotient[J]	u4.divisor_reg[36]$_SDFFE_PP0P_/Q	u4.quotient[15]$_SDFFE_PP0P_/D
56	0.1588	uI.remainder_shift_term[J]	uI.remainder_b[J]	u4.remainder_shift_term[1]$_SDFFE_PP0P_/Q	u4.remainder_b[92]$_SDFFE_PP0P_/D
57	0.1610	uI.subtra_shift_J[K]	uI.diff[J]	u2.subtra_shift_3[14]$_SDFFE_PP0P_/QN	u2.diff[42]$_SDFFE_PP0P_/D
58	0.1627	ready	ready	ready$_SDFF_PP0_/Q	ready
59	0.1658	uI.product_h[J]	uI.sum_J[K]	u3.product_h[3]$_SDFFE_PP0P_/Q	u3.sum_3[31]$_SDFFE_PP0P_/D
60	0.1678	inexact	inexact	inexact$_SDFFE_PP0P_/Q	inexact
61	0.1687	invalid	invalid	invalid$_SDFFE_PP0P_/Q	invalid
62	0.1695	overflow	overflow	overflow$_SDFFE_PP0P_/Q	overflow
63	0.1696	exception	exception	exception$_SDFFE_PP0P_/Q	exception
64	0.1700	underflow	underflow	underflow$_SDFFE_PP0P_/Q	underflow
65	0.1720	uI.prod_b_hi[J]	uI.product_b[J]	u3.prod_b_hi[0]$_SDFFE_PP0P_/Q	u3.product_b[32]$_SDFFE_PP0P_/D
66	0.1721	uI.dividend_reg[J]	uI.remainder_msb	u4.dividend_reg[35]$_SDFFE_PP0P_/Q	u4.remainder_msb$_SDFFE_PP0P_/D
67	0.1800	uI.exponent_small[J]	uI.exponent_diff[J]	u1.exponent_small[0]$_SDFFE_PP0P_/Q	u1.exponent_diff[10]$_SDFFE_PP0P_/D
68	0.1902	uI.divisor_reg[J]	uI.remainder_msb	u4.divisor_reg[36]$_SDFFE_PP0P_/Q	u4.remainder_msb$_SDFFE_PP0P_/D
69	0.1906	uI.large_norm_small_denorm	uI.exponent_diff[J]	u1.large_norm_small_denorm$_SDFFE_PP0P_/Q	u1.exponent_diff[10]$_SDFFE_PP0P_/D
70	0.1913	uI.exponent_large[J]	uI.exponent_diff[J]	u1.exponent_large[0]$_SDFFE_PP0P_/QN	u1.exponent_diff[10]$_SDFFE_PP0P_/D
71	0.1921	uI.product_shift_J[K]	uI.product_J[K]	u3.product_shift_2[1]$_SDFFE_PP0P_/Q	u3.product_3[59]$_SDFFE_PP0P_/D
72	0.1939	mantissa_round[I]	uI.sum_round[J]	mantissa_round[3]$_SDFF_PN0_/Q	u5.sum_round[52]$_SDFF_PP0_/D
73	0.1955	uI.prod_b_lo[J]	uI.product_b[J]	u3.prod_b_lo[12]$_SDFFE_PP0P_/Q	u3.product_b[32]$_SDFFE_PP0P_/D
74	0.1991	uI.prod_a_lo[J]	uI.product_a[J]	u3.prod_a_lo[12]$_SDFFE_PP0P_/Q	u3.product_a[40]$_SDFFE_PP0P_/D
75	0.1992	uI.exponent_large[J]	uI.diff_J[K]	u2.exponent_large[1]$_SDFFE_PP0P_/Q	u2.diff_1[28]$_SDFFE_PP0P_/D
76	0.2001	uI.prod_a_hi[J]	uI.product_a[J]	u3.prod_a_hi[0]$_SDFFE_PP0P_/Q	u3.product_a[40]$_SDFFE_PP0P_/D
77	0.2113	uI.dividend_shift_J[K]	uI.dividend_a_shifted[J]	u4.dividend_shift_2[1]$_SDFFE_PP0P_/Q	u4.dividend_a_shifted[51]$_SDFFE_PP0P_/D
78	0.2115	uI.exponent_diff[J]	uI.subtra_shift[J]	u2.exponent_diff[1]$_SDFFE_PP0P_/Q	u2.subtra_shift[16]$_SDFFE_PP0P_/D
79	0.2168	uI.diffshift_gt_exponent	uI.diff_J[K]	u2.diffshift_gt_exponent$_SDFFE_PP0P_/Q	u2.diff_1[28]$_SDFFE_PP0P_/D
80	0.2187	uI.divisor_shift_J[K]	uI.divisor_b_shifted[J]	u4.divisor_shift_2[1]$_SDFFE_PP0P_/Q	u4.divisor_b_shifted[51]$_SDFFE_PP0P_/D
81	0.2189	mul_enable	uI.product_J[K]	mul_enable$_SDFF_PP0_/Q	u3.product_1[79]$_SDFFE_PP0P_/D
82	0.2189	uI.a_is_norm	uI.exponent_terms[J]	u3.a_is_norm$_SDFFE_PP0P_/Q	u3.exponent_terms[10]$_SDFFE_PP0P_/D
83	0.2206	uI.product_i[J]	uI.sum_J[K]	u3.product_i[0]$_SDFFE_PP0P_/Q	u3.sum_6[24]$_SDFFE_PP0P_/D
84	0.2238	uI.b_is_norm	uI.exponent_terms[J]	u3.b_is_norm$_SDFFE_PP0P_/Q	u3.exponent_terms[10]$_SDFFE_PP0P_/D
85	0.2260	uI.diff_shift_J[K]	uI.diff_J[K]	u2.diff_shift_2[1]$_SDFFE_PP0P_/Q	u2.diff_1[28]$_SDFFE_PP0P_/D
86	0.2294	uI.exponent_a[J]	uI.exponent_terms[J]	u3.exponent_a[0]$_SDFFE_PP0P_/QN	u3.exponent_terms[10]$_SDFFE_PP0P_/D
87	0.2369	uI.prod_c_lo[J]	uI.product_c[J]	u3.prod_c_lo[12]$_SDFFE_PP0P_/Q	u3.product_c[34]$_SDFFE_PP0P_/D
88	0.2398	uI.prod_c_hi[J]	uI.product_c[J]	u3.prod_c_hi[0]$_SDFFE_PP0P_/Q	u3.product_c[34]$_SDFFE_PP0P_/D
89	0.2540	uI.expon_uf_term_J[K]	uI.mantissa_J[K]	u4.expon_uf_term_4[9]$_SDFFE_PP0P_/Q	u4.mantissa_1[1]$_SDFFE_PP0P_/D
90	0.2552	uI.prod_g_hi[J]	uI.product_g[J]	u3.prod_g_hi[0]$_SDFFE_PP0P_/Q	u3.product_g[33]$_SDFFE_PP0P_/D
91	0.2571	uI.exponent_b[J]	uI.exponent_terms[J]	u3.exponent_b[2]$_SDFFE_PP0P_/Q	u3.exponent_terms[9]$_SDFFE_PP0P_/D
92	0.2647	uI.exponent_diff[J]	uI.small_shift[J]	u1.exponent_diff[1]$_SDFFE_PP0P_/Q	u1.small_shift[3]$_SDFFE_PP0P_/D
93	0.2678	uI.product_J[K]	uI.product_J[K]	u3.product_2[0]$_SDFFE_PP0P_/Q	u3.product_4[62]$_SDFFE_PP0P_/D
94	0.2752	opa_reg[I]	uI.exponent_out[J]	opa_reg[38]$_SDFFE_PP0P_/Q	u4.exponent_out[11]$_SDFF_PP0_/D
95	0.2766	uI.prod_g_lo[J]	uI.product_g[J]	u3.prod_g_lo[9]$_SDFFE_PP0P_/Q	u3.product_g[33]$_SDFFE_PP0P_/D
96	0.2779	uI.prod_f_hi[J]	uI.product_f[J]	u3.prod_f_hi[2]$_SDFFE_PP0P_/Q	u3.product_f[28]$_SDFFE_PP0P_/D
97	0.2782	mul_enable	uI.mul_b[J]	mul_enable$_SDFF_PP0_/Q	u3.mul_b[34]$_SDFFE_PP0P_/D
98	0.2782	uI.prod_f_lo[J]	uI.product_f[J]	u3.prod_f_lo[11]$_SDFFE_PP0P_/Q	u3.product_f[28]$_SDFFE_PP0P_/D
99	0.2859	uI.enable_reg_J	uI.mantissa_J[K]	u4.enable_reg_2$_SDFFE_PP0P_/Q	u4.mantissa_1[13]$_SDFFE_PP0P_/D
100	0.2885	uI.enable_reg_J	uI.dividend_shift_J[K]	u4.enable_reg_2$_SDFFE_PP0P_/Q	u4.dividend_shift_2[1]$_SDFFE_PP0P_/D
