# stage	6_final
# top_module	aes
# top_n	100
# kind	blocks
# include_full	1
# rank	worst_slack_ns	start	end	start_full	end_full
1	-0.2258	encdec_reg	core.dec_block.block_wI_reg[J]	encdec_reg$_DFFE_PN0P_/Q	core.dec_block.block_w1_reg[5]$_DFFE_PN0P_/D
2	-0.2207	core.keymem.prev_keyI_reg[J]	core.keymem.key_mem[I][J]	core.keymem.prev_key1_reg[0]$_DFFE_PN0P_/Q	core.keymem.key_mem[14][15]$_DFFE_PN0P_/D
3	-0.2148	core.enc_block.round_ctr_reg[I]	core.dec_block.block_wI_reg[J]	core.enc_block.round_ctr_reg[1]$_DFFE_PN0P_/Q	core.dec_block.block_w0_reg[20]$_DFFE_PN0P_/D
4	-0.2144	core.dec_block.sword_ctr_reg[I]	core.dec_block.block_wI_reg[J]	core.dec_block.sword_ctr_reg[0]$_DFFE_PN0P_/Q	core.dec_block.block_w1_reg[5]$_DFFE_PN0P_/D
5	-0.2130	core.enc_block.sword_ctr_reg[I]	core.enc_block.block_wI_reg[J]	core.enc_block.sword_ctr_reg[1]$_DFFE_PN0P_/Q	core.enc_block.block_w2_reg[26]$_DFFE_PN0P_/D
6	-0.2127	address[I]	read_data[I]	address[2]	read_data[3]
7	-0.2093	core.keymem.prev_keyI_reg[J]	core.keymem.prev_keyI_reg[J]	core.keymem.prev_key1_reg[25]$_DFFE_PN0P_/Q	core.keymem.prev_key1_reg[4]$_DFFE_PN0P_/D
8	-0.1960	core.dec_block.round_ctr_reg[I]	core.dec_block.block_wI_reg[J]	core.dec_block.round_ctr_reg[0]$_DFFE_PN0P_/Q	core.dec_block.block_w0_reg[19]$_DFFE_PN0P_/D
9	-0.1915	cs	read_data[I]	cs	read_data[3]
10	-0.1831	we	read_data[I]	we	read_data[3]
11	-0.1659	core.enc_block.round_ctr_reg[I]	core.enc_block.block_wI_reg[J]	core.enc_block.round_ctr_reg[2]$_DFFE_PN0P_/Q	core.enc_block.block_w1_reg[31]$_DFFE_PN0P_/D
12	-0.1424	core.dec_block.block_wI_reg[J]	core.dec_block.block_wI_reg[J]	core.dec_block.block_w3_reg[24]$_DFFE_PN0P_/Q	core.dec_block.block_w0_reg[24]$_DFFE_PN0P_/D
13	-0.1390	keylen_reg	read_data[I]	keylen_reg$_DFFE_PN0P_/Q	read_data[3]
14	-0.1166	core.enc_block.enc_ctrl_reg[I]	core.enc_block.block_wI_reg[J]	core.enc_block.enc_ctrl_reg[2]$_DFF_PN0_/Q	core.enc_block.block_w1_reg[15]$_DFFE_PN0P_/D
15	-0.1137	core.enc_block.block_wI_reg[J]	core.enc_block.block_wI_reg[J]	core.enc_block.block_w1_reg[25]$_DFFE_PN0P_/Q	core.enc_block.block_w2_reg[26]$_DFFE_PN0P_/D
16	-0.1089	core.dec_block.dec_ctrl_reg[I]	core.dec_block.block_wI_reg[J]	core.dec_block.dec_ctrl_reg[2]$_DFF_PN0_/Q	core.dec_block.block_w0_reg[24]$_DFFE_PN0P_/D
17	-0.0761	encdec_reg	core.enc_block.block_wI_reg[J]	encdec_reg$_DFFE_PN0P_/Q	core.enc_block.block_w2_reg[17]$_DFFE_PN0P_/D
18	-0.0604	encdec_reg	read_data[I]	encdec_reg$_DFFE_PN0P_/Q	read_data[2]
19	-0.0467	core.dec_block.round_ctr_reg[I]	core.enc_block.block_wI_reg[J]	core.dec_block.round_ctr_reg[0]$_DFFE_PN0P_/Q	core.enc_block.block_w1_reg[31]$_DFFE_PN0P_/D
20	-0.0445	core.keymem.key_mem[I][J]	core.dec_block.block_wI_reg[J]	core.keymem.key_mem[13][63]$_DFFE_PN0P_/Q	core.dec_block.block_w3_reg[22]$_DFFE_PN0P_/D
21	-0.0433	result_reg[I]	read_data[I]	result_reg[98]$_DFF_PN0_/Q	read_data[2]
22	0.0141	init_reg	read_data[I]	init_reg$_DFF_PN0_/Q	read_data[0]
23	0.0295	next_reg	read_data[I]	next_reg$_DFF_PN0_/Q	read_data[1]
24	0.0320	ready_reg	read_data[I]	ready_reg$_DFF_PN0_/Q	read_data[0]
25	0.0379	valid_reg	read_data[I]	valid_reg$_DFF_PN0_/Q	read_data[1]
26	0.0651	keylen_reg	core.enc_block.block_wI_reg[J]	keylen_reg$_DFFE_PN0P_/QN	core.enc_block.block_w1_reg[31]$_DFFE_PN0P_/D
27	0.0665	encdec_reg	result_reg[I]	encdec_reg$_DFFE_PN0P_/Q	result_reg[41]$_DFF_PN0_/D
28	0.0771	keylen_reg	core.keymem.prev_keyI_reg[J]	keylen_reg$_DFFE_PN0P_/Q	core.keymem.prev_key1_reg[14]$_DFFE_PN0P_/D
29	0.0879	core.keymem.round_ctr_reg[I]	core.keymem.key_mem[I][J]	core.keymem.round_ctr_reg[2]$_DFFE_PN0P_/Q	core.keymem.key_mem[2][99]$_DFFE_PN0P_/D
30	0.0988	keylen_reg	core.keymem.key_mem[I][J]	keylen_reg$_DFFE_PN0P_/Q	core.keymem.key_mem[12][26]$_DFFE_PN0P_/D
31	0.1015	core.keymem.round_ctr_reg[I]	core.keymem.prev_keyI_reg[J]	core.keymem.round_ctr_reg[0]$_DFFE_PN0P_/Q	core.keymem.prev_key1_reg[18]$_DFFE_PN0P_/D
32	0.1343	core.keymem.key_mem[I][J]	core.enc_block.block_wI_reg[J]	core.keymem.key_mem[13][63]$_DFFE_PN0P_/Q	core.enc_block.block_w2_reg[31]$_DFFE_PN0P_/D
33	0.1625	core.keymem.key_mem_ctrl_reg[I]	core.keymem.key_mem[I][J]	core.keymem.key_mem_ctrl_reg[1]$_DFF_PN0_/Q	core.keymem.key_mem[4][99]$_DFFE_PN0P_/D
34	0.1849	core.enc_block.round_ctr_reg[I]	core.enc_block.enc_ctrl_reg[I]	core.enc_block.round_ctr_reg[2]$_DFFE_PN0P_/Q	core.enc_block.enc_ctrl_reg[1]$_DFF_PN0_/D
35	0.1874	core.keymem.rcon_reg[I]	core.keymem.key_mem[I][J]	core.keymem.rcon_reg[4]$_DFFE_PN0P_/Q	core.keymem.key_mem[8][28]$_DFFE_PN0P_/D
36	0.1945	core.keymem.round_ctr_reg[I]	core.keymem.rcon_reg[I]	core.keymem.round_ctr_reg[2]$_DFFE_PN0P_/Q	core.keymem.rcon_reg[0]$_DFFE_PN0P_/D
37	0.2148	core.enc_block.round_ctr_reg[I]	core.enc_block.ready_reg	core.enc_block.round_ctr_reg[2]$_DFFE_PN0P_/Q	core.enc_block.ready_reg$_DFFE_PN1P_/D
38	0.2287	keylen_reg	core.keymem.rcon_reg[I]	keylen_reg$_DFFE_PN0P_/Q	core.keymem.rcon_reg[0]$_DFFE_PN0P_/D
39	0.2305	core.keymem.rcon_reg[I]	core.keymem.prev_keyI_reg[J]	core.keymem.rcon_reg[4]$_DFFE_PN0P_/Q	core.keymem.prev_key1_reg[28]$_DFFE_PN0P_/D
40	0.2321	encdec_reg	core.enc_block.round_ctr_reg[I]	encdec_reg$_DFFE_PN0P_/Q	core.enc_block.round_ctr_reg[2]$_DFFE_PN0P_/D
41	0.2421	encdec_reg	core.enc_block.ready_reg	encdec_reg$_DFFE_PN0P_/Q	core.enc_block.ready_reg$_DFFE_PN1P_/D
42	0.2582	core.keymem.key_mem_ctrl_reg[I]	core.keymem.prev_keyI_reg[J]	core.keymem.key_mem_ctrl_reg[1]$_DFF_PN0_/Q	core.keymem.prev_key1_reg[13]$_DFFE_PN0P_/D
43	0.2672	address[I]	key_reg[I][J]	address[0]	key_reg[2][22]$_DFFE_PN0P_/D
44	0.2691	encdec_reg	core.aes_core_ctrl_reg[I]	encdec_reg$_DFFE_PN0P_/Q	core.aes_core_ctrl_reg[2]$_DFF_PN0_/D
45	0.2956	we	key_reg[I][J]	we	key_reg[2][22]$_DFFE_PN0P_/D
46	0.2977	address[I]	block_reg[I][J]	address[2]	block_reg[2][31]$_DFFE_PN0P_/D
47	0.3072	address[I]	encdec_reg	address[5]	encdec_reg$_DFFE_PN0P_/D
48	0.3076	encdec_reg	core.dec_block.round_ctr_reg[I]	encdec_reg$_DFFE_PN0P_/Q	core.dec_block.round_ctr_reg[2]$_DFFE_PN0P_/D
49	0.3167	cs	key_reg[I][J]	cs	key_reg[2][22]$_DFFE_PN0P_/D
50	0.3184	encdec_reg	core.dec_block.ready_reg	encdec_reg$_DFFE_PN0P_/Q	core.dec_block.ready_reg$_DFFE_PN1P_/D
51	0.3257	core.keymem.key_mem_ctrl_reg[I]	core.keymem.rcon_reg[I]	core.keymem.key_mem_ctrl_reg[1]$_DFF_PN0_/Q	core.keymem.rcon_reg[1]$_DFFE_PN0P_/D
52	0.3277	encdec_reg	core.ready_reg	encdec_reg$_DFFE_PN0P_/Q	core.ready_reg$_DFFE_PN1P_/D
53	0.3373	address[I]	keylen_reg	address[5]	keylen_reg$_DFFE_PN0P_/D
54	0.3385	we	block_reg[I][J]	we	block_reg[2][31]$_DFFE_PN0P_/D
55	0.3591	cs	block_reg[I][J]	cs	block_reg[2][31]$_DFFE_PN0P_/D
56	0.3630	core.enc_block.round_ctr_reg[I]	core.enc_block.round_ctr_reg[I]	core.enc_block.round_ctr_reg[1]$_DFFE_PN0P_/Q	core.enc_block.round_ctr_reg[3]$_DFFE_PN0P_/D
57	0.3630	encdec_reg	core.result_valid_reg	encdec_reg$_DFFE_PN0P_/Q	core.result_valid_reg$_DFFE_PN0P_/D
58	0.3767	keylen_reg	core.keymem.key_mem_ctrl_reg[I]	keylen_reg$_DFFE_PN0P_/Q	core.keymem.key_mem_ctrl_reg[2]$_DFF_PN0_/D
59	0.3953	core.dec_block.dec_ctrl_reg[I]	core.dec_block.round_ctr_reg[I]	core.dec_block.dec_ctrl_reg[1]$_DFF_PN0_/Q	core.dec_block.round_ctr_reg[2]$_DFFE_PN0P_/D
60	0.3970	we	encdec_reg	we	encdec_reg$_DFFE_PN0P_/D
61	0.3994	core.keymem.round_ctr_reg[I]	core.keymem.key_mem_ctrl_reg[I]	core.keymem.round_ctr_reg[1]$_DFFE_PN0P_/Q	core.keymem.key_mem_ctrl_reg[0]$_DFF_PN1_/D
62	0.4035	core.keymem.key_mem_ctrl_reg[I]	core.keymem.key_mem_ctrl_reg[I]	core.keymem.key_mem_ctrl_reg[1]$_DFF_PN0_/Q	core.keymem.key_mem_ctrl_reg[2]$_DFF_PN0_/D
63	0.4055	encdec_reg	core.dec_block.dec_ctrl_reg[I]	encdec_reg$_DFFE_PN0P_/Q	core.dec_block.dec_ctrl_reg[2]$_DFF_PN0_/D
64	0.4057	encdec_reg	encdec_reg	encdec_reg$_DFFE_PN0P_/Q	encdec_reg$_DFFE_PN0P_/D
65	0.4059	encdec_reg	core.enc_block.enc_ctrl_reg[I]	encdec_reg$_DFFE_PN0P_/Q	core.enc_block.enc_ctrl_reg[0]$_DFF_PN1_/D
66	0.4061	core.dec_block.dec_ctrl_reg[I]	core.dec_block.ready_reg	core.dec_block.dec_ctrl_reg[1]$_DFF_PN0_/Q	core.dec_block.ready_reg$_DFFE_PN1P_/D
67	0.4135	address[I]	init_reg	address[5]	init_reg$_DFF_PN0_/D
68	0.4139	address[I]	next_reg	address[5]	next_reg$_DFF_PN0_/D
69	0.4152	core.dec_block.sword_ctr_reg[I]	core.dec_block.round_ctr_reg[I]	core.dec_block.sword_ctr_reg[0]$_DFFE_PN0P_/Q	core.dec_block.round_ctr_reg[2]$_DFFE_PN0P_/D
70	0.4158	keylen_reg	core.enc_block.enc_ctrl_reg[I]	keylen_reg$_DFFE_PN0P_/QN	core.enc_block.enc_ctrl_reg[1]$_DFF_PN0_/D
71	0.4173	core.dec_block.round_ctr_reg[I]	core.dec_block.round_ctr_reg[I]	core.dec_block.round_ctr_reg[1]$_DFFE_PN0P_/Q	core.dec_block.round_ctr_reg[3]$_DFFE_PN0P_/D
72	0.4176	cs	encdec_reg	cs	encdec_reg$_DFFE_PN0P_/D
73	0.4209	key_reg[I][J]	core.keymem.key_mem[I][J]	key_reg[7][5]$_DFFE_PN0P_/Q	core.keymem.key_mem[5][5]$_DFFE_PN0P_/D
74	0.4259	next_reg	core.dec_block.round_ctr_reg[I]	next_reg$_DFF_PN0_/Q	core.dec_block.round_ctr_reg[2]$_DFFE_PN0P_/D
75	0.4270	we	keylen_reg	we	keylen_reg$_DFFE_PN0P_/D
76	0.4311	core.keymem.key_mem_ctrl_reg[I]	core.keymem.round_ctr_reg[I]	core.keymem.key_mem_ctrl_reg[1]$_DFF_PN0_/Q	core.keymem.round_ctr_reg[3]$_DFFE_PN0P_/D
77	0.4315	reset_n	core.keymem.key_mem[I][J]	reset_n	core.keymem.key_mem[10][2]$_DFFE_PN0P_/RN
78	0.4318	core.enc_block.enc_ctrl_reg[I]	core.enc_block.round_ctr_reg[I]	core.enc_block.enc_ctrl_reg[1]$_DFF_PN0_/Q	core.enc_block.round_ctr_reg[2]$_DFFE_PN0P_/D
79	0.4338	block_reg[I][J]	core.dec_block.block_wI_reg[J]	block_reg[2][5]$_DFFE_PN0P_/Q	core.dec_block.block_w1_reg[5]$_DFFE_PN0P_/D
80	0.4344	reset_n	core.keymem.round_ctr_reg[I]	reset_n	core.keymem.round_ctr_reg[3]$_DFFE_PN0P_/RN
81	0.4352	block_reg[I][J]	core.enc_block.block_wI_reg[J]	block_reg[1][20]$_DFFE_PN0P_/Q	core.enc_block.block_w1_reg[20]$_DFFE_PN0P_/D
82	0.4355	core.enc_block.sword_ctr_reg[I]	core.enc_block.enc_ctrl_reg[I]	core.enc_block.sword_ctr_reg[1]$_DFFE_PN0P_/Q	core.enc_block.enc_ctrl_reg[0]$_DFF_PN1_/D
83	0.4367	next_reg	core.dec_block.ready_reg	next_reg$_DFF_PN0_/Q	core.dec_block.ready_reg$_DFFE_PN1P_/D
84	0.4413	reset_n	key_reg[I][J]	reset_n	key_reg[6][15]$_DFFE_PN0P_/RN
85	0.4418	core.enc_block.enc_ctrl_reg[I]	core.enc_block.ready_reg	core.enc_block.enc_ctrl_reg[1]$_DFF_PN0_/Q	core.enc_block.ready_reg$_DFFE_PN1P_/D
86	0.4419	key_reg[I][J]	core.keymem.prev_keyI_reg[J]	key_reg[3][4]$_DFFE_PN0P_/Q	core.keymem.prev_key1_reg[4]$_DFFE_PN0P_/D
87	0.4431	reset_n	core.dec_block.block_wI_reg[J]	reset_n	core.dec_block.block_w0_reg[30]$_DFFE_PN0P_/RN
88	0.4432	next_reg	core.enc_block.round_ctr_reg[I]	next_reg$_DFF_PN0_/Q	core.enc_block.round_ctr_reg[2]$_DFFE_PN0P_/D
89	0.4433	reset_n	core.keymem.prev_keyI_reg[J]	reset_n	core.keymem.prev_key0_reg[45]$_DFFE_PN0P_/RN
90	0.4457	keylen_reg	core.enc_block.ready_reg	keylen_reg$_DFFE_PN0P_/QN	core.enc_block.ready_reg$_DFFE_PN1P_/D
91	0.4464	reset_n	core.dec_block.ready_reg	reset_n	core.dec_block.ready_reg$_DFFE_PN1P_/SN
92	0.4477	cs	keylen_reg	cs	keylen_reg$_DFFE_PN0P_/D
93	0.4505	reset_n	block_reg[I][J]	reset_n	block_reg[0][27]$_DFFE_PN0P_/RN
94	0.4532	next_reg	core.enc_block.ready_reg	next_reg$_DFF_PN0_/Q	core.enc_block.ready_reg$_DFFE_PN1P_/D
95	0.4551	reset_n	core.enc_block.block_wI_reg[J]	reset_n	core.enc_block.block_w1_reg[28]$_DFFE_PN0P_/RN
96	0.4555	reset_n	core.dec_block.dec_ctrl_reg[I]	reset_n	core.dec_block.dec_ctrl_reg[0]$_DFF_PN1_/SN
97	0.4558	reset_n	result_reg[I]	reset_n	result_reg[51]$_DFF_PN0_/RN
98	0.4610	reset_n	core.dec_block.sword_ctr_reg[I]	reset_n	core.dec_block.sword_ctr_reg[0]$_DFFE_PN0P_/RN
99	0.4613	reset_n	core.keymem.ready_reg	reset_n	core.keymem.ready_reg$_DFFE_PN1P_/SN
100	0.4618	reset_n	core.aes_core_ctrl_reg[I]	reset_n	core.aes_core_ctrl_reg[2]$_DFF_PN0_/RN
