# stage	6_final
# top_module	ddr3_controller
# top_n	100
# kind	blocks
# include_full	1
# rank	worst_slack_ns	start	end	start_full	end_full
1	-0.3586	index_wb_data	o_wb_data[I]	index_wb_data$_SDFFE_PP0P_/Q	o_wb_data[11]
2	-0.3536	lane[I]	o_phy_odelay_dqs_cntvaluein[I]	lane[1]$_SDFFE_PP0P_/Q	o_phy_odelay_dqs_cntvaluein[3]
3	-0.3517	lane[I]	o_phy_idelay_data_cntvaluein[I]	lane[1]$_SDFFE_PP0P_/Q	o_phy_idelay_data_cntvaluein[2]
4	-0.3514	lane[I]	o_phy_odelay_data_cntvaluein[I]	lane[1]$_SDFFE_PP0P_/Q	o_phy_odelay_data_cntvaluein[2]
5	-0.3508	lane[I]	data_start_index[I][J]	lane[1]$_SDFFE_PP0P_/Q	data_start_index[3][6]$_SDFFCE_PN0P_/D
6	-0.3483	lane[I]	o_phy_idelay_dqs_cntvaluein[I]	lane[1]$_SDFFE_PP0P_/Q	o_phy_idelay_dqs_cntvaluein[0]
7	-0.3342	stageI_pending	o_phy_cmd[I]	stage2_pending$_SDFFE_PP0P_/Q	o_phy_cmd[22]
8	-0.3262	stageI_do_pre	o_phy_cmd[I]	stage2_do_pre$_SDFF_PP0_/Q	o_phy_cmd[18]
9	-0.3261	stageI_bank[J]	o_phy_cmd[I]	stage2_bank[1]$_SDFF_PP0_/Q	o_phy_cmd[14]
10	-0.3202	stageI_next_bank[J]	o_phy_cmd[I]	stage1_next_bank[0]$_SDFFE_PP0P_/Q	o_phy_cmd[14]
11	-0.3059	lane[I]	write_pattern_lane[I]	lane[1]$_SDFFE_PP0P_/Q	write_pattern_lane[5]$_SDFF_PP0_/D
12	-0.3029	stageI_do_act	o_phy_cmd[I]	stage2_do_act$_SDFF_PP0_/Q	o_phy_cmd[18]
13	-0.2998	stageI_pending	stageI_do_wr_or_rd	stage2_pending$_SDFFE_PP0P_/Q	stage2_do_wr_or_rd$_SDFF_PP0_/D
14	-0.2971	stageI_bank[J]	stageI_do_wr_or_rd	stage2_bank[1]$_SDFF_PP0_/Q	stage2_do_wr_or_rd$_SDFF_PP0_/D
15	-0.2952	stageI_do_pre	stageI_do_wr_or_rd	stage2_do_pre$_SDFF_PP0_/Q	stage2_do_wr_or_rd$_SDFF_PP0_/D
16	-0.2928	stageI_pending	stageI_do_pre	stage2_pending$_SDFFE_PP0P_/Q	stage2_do_pre$_SDFF_PP0_/D
17	-0.2912	stageI_next_bank[J]	stageI_do_wr_or_rd	stage1_next_bank[0]$_SDFFE_PP0P_/Q	stage2_do_wr_or_rd$_SDFF_PP0_/D
18	-0.2901	stageI_bank[J]	stageI_do_pre	stage2_bank[1]$_SDFF_PP0_/Q	stage2_do_pre$_SDFF_PP0_/D
19	-0.2883	stageI_do_pre	stageI_do_pre	stage2_do_pre$_SDFF_PP0_/Q	stage2_do_pre$_SDFF_PP0_/D
20	-0.2865	stageI_do_rd	o_phy_cmd[I]	stage2_do_rd$_SDFF_PP0_/Q	o_phy_cmd[64]
21	-0.2842	stageI_next_bank[J]	stageI_do_pre	stage1_next_bank[0]$_SDFFE_PP0P_/Q	stage2_do_pre$_SDFF_PP0_/D
22	-0.2780	stageI_do_wr_or_rd	o_phy_cmd[I]	stage2_do_wr_or_rd$_SDFF_PP0_/Q	o_phy_cmd[64]
23	-0.2724	stageI_do_pre	o_wb_stall_int_q	stage2_do_pre$_SDFF_PP0_/Q	o_wb_stall_int_q$_SDFF_PP1_/D
24	-0.2719	stageI_do_act	stageI_do_wr_or_rd	stage2_do_act$_SDFF_PP0_/Q	stage2_do_wr_or_rd$_SDFF_PP0_/D
25	-0.2682	stageI_next_bank[J]	o_wb_stall_int_q	stage1_next_bank[2]$_SDFFE_PP0P_/Q	o_wb_stall_int_q$_SDFF_PP1_/D
26	-0.2671	stageI_bank[J]	o_wb_stall_int_q	stage2_bank[1]$_SDFF_PP0_/Q	o_wb_stall_int_q$_SDFF_PP1_/D
27	-0.2649	stageI_do_act	stageI_do_pre	stage2_do_act$_SDFF_PP0_/Q	stage2_do_pre$_SDFF_PP0_/D
28	-0.2564	stageI_pending	o_wb_stall_int_q	stage2_pending$_SDFFE_PP0P_/Q	o_wb_stall_int_q$_SDFF_PP1_/D
29	-0.2542	lane[I]	dqs_bitslip_arrangement[I]	lane[1]$_SDFFE_PP0P_/Q	dqs_bitslip_arrangement[7]$_SDFFE_PP0P_/D
30	-0.2532	lane[I]	state_calibrate[I]	lane[1]$_SDFFE_PP0P_/Q	state_calibrate[1]$_SDFFE_PP0P_/D
31	-0.2528	index_wb_data	reset_from_test	index_wb_data$_SDFFE_PP0P_/Q	reset_from_test$_SDFF_PP0_/D
32	-0.2494	stageI_do_wr	o_phy_cmd[I]	stage2_do_wr$_SDFF_PP0_/Q	o_phy_cmd[64]
33	-0.2424	lane[I]	added_read_pipe[I]	lane[1]$_SDFFE_PP0P_/Q	added_read_pipe[2]$_SDFFCE_PN0P_/D
34	-0.2377	stageI_do_act	o_wb_stall_int_q	stage2_do_act$_SDFF_PP0_/Q	o_wb_stall_int_q$_SDFF_PP1_/D
35	-0.2296	state_calibrate[I]	o_phy_cmd[I]	state_calibrate[1]$_SDFFE_PP0P_/QN	o_phy_cmd[71]
36	-0.2283	stageI_pending	stageI_do_wr	stage2_pending$_SDFFE_PP0P_/Q	stage2_do_wr$_SDFF_PP0_/D
37	-0.2195	stageI_row[J]	o_phy_cmd[I]	stage2_row[1]$_SDFF_PP0_/Q	o_phy_cmd[25]
38	-0.2180	stageI_pending	stageI_do_update_delay_before_write_after_act	stage2_pending$_SDFFE_PP0P_/Q	stage2_do_update_delay_before_write_after_act$_SDFF_PP0_/D
39	-0.2157	stageI_bank[J]	stageI_do_wr	stage2_bank[2]$_SDFF_PP0_/Q	stage2_do_wr$_SDFF_PP0_/D
40	-0.2156	o_wb_data_q[I][J]	o_wb_data[I]	o_wb_data_q[0][429]$_SDFFE_PP0P_/Q	o_wb_data[429]
41	-0.2136	lane[I]	initial_dqs	lane[1]$_SDFFE_PP0P_/Q	initial_dqs$_SDFFE_PP1P_/D
42	-0.2093	lane[I]	o_phy_bitslip[I]	lane[1]$_SDFFE_PP0P_/Q	o_phy_bitslip[1]$_SDFF_PP0_/D
43	-0.2068	lane[I]	dqs_start_index_repeat	lane[1]$_SDFFE_PP0P_/Q	dqs_start_index_repeat$_SDFFE_PP0P_/D
44	-0.2054	stageI_bank[J]	stageI_do_update_delay_before_write_after_act	stage2_bank[2]$_SDFF_PP0_/Q	stage2_do_update_delay_before_write_after_act$_SDFF_PP0_/D
45	-0.2021	stageI_do_pre	stageI_do_wr	stage2_do_pre$_SDFF_PP0_/Q	stage2_do_wr$_SDFF_PP0_/D
46	-0.2003	stageI_next_bank[J]	stageI_do_rd	stage1_next_bank[0]$_SDFFE_PP0P_/Q	stage2_do_rd$_SDFF_PP0_/D
47	-0.2000	stageI_bank[J]	stageI_do_rd	stage2_bank[2]$_SDFF_PP0_/Q	stage2_do_rd$_SDFF_PP0_/D
48	-0.1997	stageI_next_bank[J]	stageI_do_update_delay_before_read_after_act	stage1_next_bank[0]$_SDFFE_PP0P_/Q	stage2_do_update_delay_before_read_after_act$_SDFF_PP0_/D
49	-0.1994	stageI_bank[J]	stageI_do_update_delay_before_read_after_act	stage2_bank[2]$_SDFF_PP0_/Q	stage2_do_update_delay_before_read_after_act$_SDFF_PP0_/D
50	-0.1968	idelay_data_cntvaluein[I][J]	o_phy_idelay_data_cntvaluein[I]	idelay_data_cntvaluein[2][1]$_SDFFCE_PN0P_/Q	o_phy_idelay_data_cntvaluein[1]
51	-0.1954	stageI_next_bank[J]	stageI_do_wr	stage1_next_bank[0]$_SDFFE_PP0P_/Q	stage2_do_wr$_SDFF_PP0_/D
52	-0.1949	lane[I]	dqs_start_index_stored[I]	lane[1]$_SDFFE_PP0P_/Q	dqs_start_index_stored[3]$_SDFFE_PP0P_/D
53	-0.1934	odelay_dqs_cntvaluein[I][J]	o_phy_odelay_dqs_cntvaluein[I]	odelay_dqs_cntvaluein[4][4]$_SDFFCE_PN0P_/Q	o_phy_odelay_dqs_cntvaluein[4]
54	-0.1919	lane[I]	sample_clk_repeat[I]	lane[1]$_SDFFE_PP0P_/Q	sample_clk_repeat[2]$_SDFFCE_PP0P_/D
55	-0.1918	stageI_do_pre	stageI_do_update_delay_before_write_after_act	stage2_do_pre$_SDFF_PP0_/Q	stage2_do_update_delay_before_write_after_act$_SDFF_PP0_/D
56	-0.1908	stageI_do_act	stageI_do_wr	stage2_do_act$_SDFF_PP0_/Q	stage2_do_wr$_SDFF_PP0_/D
57	-0.1908	lane[I]	added_read_pipe_max	lane[1]$_SDFFE_PP0P_/Q	added_read_pipe_max$_SDFFE_PP0P_/D
58	-0.1880	stageI_do_wr_or_rd	stageI_do_wr_or_rd	stage2_do_wr_or_rd$_SDFF_PP0_/Q	stage2_do_wr_or_rd$_SDFF_PP0_/D
59	-0.1851	stageI_next_bank[J]	stageI_do_update_delay_before_write_after_act	stage1_next_bank[0]$_SDFFE_PP0P_/Q	stage2_do_update_delay_before_write_after_act$_SDFF_PP0_/D
60	-0.1816	idelay_dqs_cntvaluein[I][J]	o_phy_idelay_dqs_cntvaluein[I]	idelay_dqs_cntvaluein[2][0]$_SDFFCE_PN0P_/Q	o_phy_idelay_dqs_cntvaluein[0]
61	-0.1814	lane[I]	prev_write_level_feedback	lane[1]$_SDFFE_PP0P_/Q	prev_write_level_feedback$_SDFFE_PP1P_/D
62	-0.1810	stageI_do_wr_or_rd	stageI_do_pre	stage2_do_wr_or_rd$_SDFF_PP0_/Q	stage2_do_pre$_SDFF_PP0_/D
63	-0.1805	stageI_do_act	stageI_do_update_delay_before_write_after_act	stage2_do_act$_SDFF_PP0_/Q	stage2_do_update_delay_before_write_after_act$_SDFF_PP0_/D
64	-0.1755	lane[I]	train_delay[I]	lane[1]$_SDFFE_PP0P_/Q	train_delay[0]$_SDFF_PP0_/D
65	-0.1744	lane[I]	stored_write_level_feedback	lane[1]$_SDFFE_PP0P_/Q	stored_write_level_feedback$_SDFFCE_PN0P_/D
66	-0.1733	odelay_data_cntvaluein[I][J]	o_phy_odelay_data_cntvaluein[I]	odelay_data_cntvaluein[4][4]$_SDFFCE_PN0P_/Q	o_phy_odelay_data_cntvaluein[4]
67	-0.1714	lane[I]	lane[I]	lane[1]$_SDFFE_PP0P_/Q	lane[1]$_SDFFE_PP0P_/D
68	-0.1702	stageI_do_pre	stageI_data_unaligned[J]	stage2_do_pre$_SDFF_PP0_/Q	stage2_data_unaligned[265]$_SDFFE_PP0P_/D
69	-0.1688	stageI_do_rd	stageI_do_wr_or_rd	stage2_do_rd$_SDFF_PP0_/Q	stage2_do_wr_or_rd$_SDFF_PP0_/D
70	-0.1659	stageI_next_row[J]	o_phy_cmd[I]	stage1_next_row[5]$_SDFFE_PP0P_/Q	o_phy_cmd[29]
71	-0.1648	lane[I]	o_phy_write_leveling_calib	lane[1]$_SDFFE_PP0P_/Q	o_phy_write_leveling_calib$_SDFFE_PP0P_/D
72	-0.1643	stageI_do_wr	stageI_do_wr_or_rd	stage2_do_wr$_SDFF_PP0_/Q	stage2_do_wr_or_rd$_SDFF_PP0_/D
73	-0.1641	stageI_do_wr_or_rd	stageI_do_wr	stage2_do_wr_or_rd$_SDFF_PP0_/Q	stage2_do_wr$_SDFF_PP0_/D
74	-0.1620	stageI_pending	stageI_do_rd	stage2_pending$_SDFFE_PP0P_/Q	stage2_do_rd$_SDFF_PP0_/D
75	-0.1619	stageI_do_rd	stageI_do_pre	stage2_do_rd$_SDFF_PP0_/Q	stage2_do_pre$_SDFF_PP0_/D
76	-0.1614	lane[I]	start_index_check[I]	lane[1]$_SDFFE_PP0P_/Q	start_index_check[4]$_SDFFCE_PN0P_/D
77	-0.1614	stageI_pending	stageI_do_update_delay_before_read_after_act	stage2_pending$_SDFFE_PP0P_/Q	stage2_do_update_delay_before_read_after_act$_SDFF_PP0_/D
78	-0.1605	delay_before_read_data[I]	o_phy_cmd[I]	delay_before_read_data[1]$_SDFF_PP0_/QN	o_phy_cmd[71]
79	-0.1583	lane[I]	pause_counter	lane[1]$_SDFFE_PP0P_/Q	pause_counter$_SDFFE_PP0P_/D
80	-0.1573	stageI_do_wr	stageI_do_pre	stage2_do_wr$_SDFF_PP0_/Q	stage2_do_pre$_SDFF_PP0_/D
81	-0.1542	instruction[I]	o_phy_cmd[I]	instruction[9]$_SDFFE_PP0P_/Q	o_phy_cmd[33]
82	-0.1537	stageI_do_wr_or_rd	stageI_do_update_delay_before_write_after_act	stage2_do_wr_or_rd$_SDFF_PP0_/Q	stage2_do_update_delay_before_write_after_act$_SDFF_PP0_/D
83	-0.1522	stageI_next_bank[J]	delay_before_read_counter_q[I][J]	stage1_next_bank[0]$_SDFFE_PP0P_/Q	delay_before_read_counter_q[2][0]$_SDFF_PP0_/D
84	-0.1519	stageI_bank[J]	delay_before_read_counter_q[I][J]	stage2_bank[2]$_SDFF_PP0_/Q	delay_before_read_counter_q[2][0]$_SDFF_PP0_/D
85	-0.1516	stageI_do_pre	stageI_do_update_delay_before_precharge_after_rd	stage2_do_pre$_SDFF_PP0_/Q	stage2_do_update_delay_before_precharge_after_rd$_SDFF_PP0_/D
86	-0.1516	lane[I]	lane_read_dq_early[I]	lane[1]$_SDFFE_PP0P_/Q	lane_read_dq_early[6]$_SDFFE_PP0P_/D
87	-0.1506	stageI_do_wr_or_rd	stageI_data_unaligned[J]	stage2_do_wr_or_rd$_SDFF_PP0_/Q	stage2_data_unaligned[265]$_SDFFE_PP0P_/D
88	-0.1489	stageI_do_act	stageI_data_unaligned[J]	stage2_do_act$_SDFF_PP0_/Q	stage2_data_unaligned[265]$_SDFFE_PP0P_/D
89	-0.1476	stageI_do_wr_or_rd	o_wb_stall_int_q	stage2_do_wr_or_rd$_SDFF_PP0_/Q	o_wb_stall_int_q$_SDFF_PP1_/D
90	-0.1475	stageI_do_pre	stageI_do_update_delay_before_precharge_after_wr	stage2_do_pre$_SDFF_PP0_/Q	stage2_do_update_delay_before_precharge_after_wr$_SDFF_PP0_/D
91	-0.1463	stageI_bank[J]	stageI_do_update_delay_before_precharge_after_rd	stage2_bank[1]$_SDFF_PP0_/Q	stage2_do_update_delay_before_precharge_after_rd$_SDFF_PP0_/D
92	-0.1422	stageI_bank[J]	stageI_do_update_delay_before_precharge_after_wr	stage2_bank[1]$_SDFF_PP0_/Q	stage2_do_update_delay_before_precharge_after_wr$_SDFF_PP0_/D
93	-0.1408	stageI_do_pre	stageI_do_rd	stage2_do_pre$_SDFF_PP0_/Q	stage2_do_rd$_SDFF_PP0_/D
94	-0.1404	stageI_next_bank[J]	stageI_do_update_delay_before_precharge_after_rd	stage1_next_bank[0]$_SDFFE_PP0P_/Q	stage2_do_update_delay_before_precharge_after_rd$_SDFF_PP0_/D
95	-0.1401	stageI_do_pre	stageI_do_update_delay_before_read_after_act	stage2_do_pre$_SDFF_PP0_/Q	stage2_do_update_delay_before_read_after_act$_SDFF_PP0_/D
96	-0.1363	stageI_next_bank[J]	stageI_do_update_delay_before_precharge_after_wr	stage1_next_bank[0]$_SDFFE_PP0P_/Q	stage2_do_update_delay_before_precharge_after_wr$_SDFF_PP0_/D
97	-0.1356	stageI_pending	stageI_do_update_delay_before_precharge_after_rd	stage2_pending$_SDFFE_PP0P_/Q	stage2_do_update_delay_before_precharge_after_rd$_SDFF_PP0_/D
98	-0.1342	stageI_do_act	stageI_do_rd	stage2_do_act$_SDFF_PP0_/Q	stage2_do_rd$_SDFF_PP0_/D
99	-0.1338	stageI_do_wr_or_rd	stageI_do_rd	stage2_do_wr_or_rd$_SDFF_PP0_/Q	stage2_do_rd$_SDFF_PP0_/D
100	-0.1336	stageI_do_act	stageI_do_update_delay_before_read_after_act	stage2_do_act$_SDFF_PP0_/Q	stage2_do_update_delay_before_read_after_act$_SDFF_PP0_/D
