# stage	1_synth
# top_module	wb_dma_top
# top_n	100
# kind	blocks
# include_full	1
# rank	worst_slack_ns	start	end	start_full	end_full
1	-0.1678	uI.state[J]	wbIs_data_o[J]	u2.state[8]$_DFF_P_/Q	wb0s_data_o[0]
2	-0.1253	uI.uJ.state[K]	wbIs_data_o[J]	u1.u1.state[2]$_SDFFE_PN0P_/Q	wb0s_data_o[0]
3	-0.1202	uI.uJ.pri_outK[L]	wbIs_data_o[J]	u1.u0.pri_out0[1]$_DFF_P_/Q	wb0s_data_o[0]
4	-0.1161	wbI_addr_i[J]	wbIs_data_o[J]	wb0_addr_i[28]	wb1s_data_o[28]
5	-0.1010	wbI_addr_i[J]	wbI_addr_o[J]	wb0_addr_i[28]	wb1_addr_o[10]
6	-0.0938	wbI_addr_i[J]	wbI_cyc_o	wb0_addr_i[28]	wb1_cyc_o
7	-0.0868	wbI_addr_i[J]	wbI_sel_o[J]	wb0_addr_i[28]	wb1_sel_o[0]
8	-0.0862	wbI_addr_i[J]	wbI_ack_o	wb1_addr_i[29]	wb1_ack_o
9	-0.0769	wbI_addr_i[J]	wbI_err_o	wb0_addr_i[28]	wb0_err_o
10	-0.0769	wbI_addr_i[J]	wbI_rty_o	wb0_addr_i[28]	wb0_rty_o
11	-0.0757	uI.ch_sel_r[J]	wbIs_data_o[J]	u1.ch_sel_r[3]$_SDFFE_PN0P_/Q	wb0s_data_o[0]
12	-0.0699	wbI_addr_i[J]	wbIm_data_o[J]	wb1_addr_i[29]	wb1m_data_o[0]
13	-0.0532	wbI_cyc_i	wbI_addr_o[J]	wb0_cyc_i	wb1_addr_o[10]
14	-0.0495	wbI_addr_i[J]	wbI_stb_o	wb0_addr_i[28]	wb1_stb_o
15	-0.0495	wbI_addr_i[J]	wbI_we_o	wb0_addr_i[28]	wb1_we_o
16	-0.0298	wbI_cyc_i	wbI_ack_o	wb1_cyc_i	wb1_ack_o
17	-0.0181	wbI_cyc_i	wbIs_data_o[J]	wb0_cyc_i	wb1s_data_o[28]
18	-0.0167	wbI_cyc_i	wbI_err_o	wb0_cyc_i	wb0_err_o
19	-0.0167	wbI_cyc_i	wbI_rty_o	wb0_cyc_i	wb0_rty_o
20	-0.0116	wbI_cyc_i	wbI_cyc_o	wb0_cyc_i	wb1_cyc_o
21	-0.0050	wbI_cyc_i	wbIm_data_o[J]	wb1_cyc_i	wb1m_data_o[0]
22	-0.0049	wbI_ack_i	wbI_ack_o	wb0_ack_i	wb1_ack_o
23	0.0112	wbI_cyc_i	wbI_sel_o[J]	wb0_cyc_i	wb1_sel_o[0]
24	0.0122	wbI_cyc_i	wbI_stb_o	wb0_cyc_i	wb1_stb_o
25	0.0122	wbI_cyc_i	wbI_we_o	wb0_cyc_i	wb1_we_o
26	0.1004	uI.ndr_r[J]	wbIs_data_o[J]	u1.ndr_r[4]$_DFF_P_/Q	wb0s_data_o[0]
27	0.1092	uI.uJ.ch_csr_r[K]	wbIs_data_o[J]	u0.u14.ch_csr_r[2]$_SDFFE_PN0P_/Q	wb0s_data_o[6]
28	0.1654	wbI_stb_i	wbI_stb_o	wb1_stb_i	wb0_stb_o
29	0.1654	wbI_we_i	wbI_we_o	wb1_we_i	wb0_we_o
30	0.1654	wbIs_data_i[J]	wbIm_data_o[J]	wb1s_data_i[0]	wb0m_data_o[0]
31	0.1658	wbIm_data_i[J]	wbIs_data_o[J]	wb1m_data_i[0]	wb0s_data_o[0]
32	0.1773	wbI_sel_i[J]	wbI_sel_o[J]	wb1_sel_i[0]	wb0_sel_o[0]
33	0.1930	wbI_err_i	wbI_err_o	wb1_err_i	wb0_err_o
34	0.1930	wbI_rty_i	wbI_rty_o	wb1_rty_i	wb0_rty_o
35	0.1939	wbI_ack_i	uI.adrJ_cnt[K]	wb0_ack_i	u2.adr1_cnt[9]$_DFFE_PP_/D
36	0.2026	uI.state[J]	uI.adrJ_cnt[K]	u2.state[8]$_DFF_P_/Q	u2.adr1_cnt[9]$_DFFE_PP_/D
37	0.2049	wbI_ack_i	uI.mastJ_adr[K]	wb0_ack_i	u2.mast0_adr[12]$_DFF_P_/D
38	0.2056	uI.state[J]	uI.mastJ_adr[K]	u2.state[8]$_DFF_P_/Q	u2.mast0_adr[12]$_DFF_P_/D
39	0.2291	uI.uJ.state[K]	uI.mastJ_adr[K]	u1.u1.state[3]$_SDFFE_PN0P_/Q	u2.mast0_adr[12]$_DFF_P_/D
40	0.2314	uI.uJ.state[K]	uI.adrJ_cnt[K]	u1.u1.state[2]$_SDFFE_PN0P_/Q	u2.adr0_cnt[8]$_DFFE_PP_/D
41	0.2382	uI.state[J]	uI.uJ.mast_stb	u2.state[8]$_DFF_P_/Q	u3.u0.mast_stb$_DFF_P_/D
42	0.2397	uI.uJ.pri_outK[L]	uI.mastJ_adr[K]	u1.u0.pri_out0[1]$_DFF_P_/Q	u2.mast0_adr[12]$_DFF_P_/D
43	0.2421	uI.state[J]	uI.uJ.mast_cyc	u2.state[8]$_DFF_P_/Q	u3.u0.mast_cyc$_DFF_P_/D
44	0.2427	uI.uJ.pri_outK[L]	uI.adrJ_cnt[K]	u1.u0.pri_out0[1]$_DFF_P_/Q	u2.adr1_cnt[9]$_DFFE_PP_/D
45	0.2467	wbI_ack_i	uI.uJ.mast_stb	wb0_ack_i	u4.u0.mast_stb$_DFF_P_/D
46	0.2487	uI.state[J]	uI.chunk_J	u2.state[8]$_DFF_P_/Q	u2.chunk_0$_DFF_P_/D
47	0.2488	uI.state[J]	uI.chunk_cnt[J]	u2.state[8]$_DFF_P_/Q	u2.chunk_cnt[3]$_DFFE_PP_/D
48	0.2498	uI.state[J]	uI.uJ.ch_adrK_s[L]	u2.state[5]$_DFF_P_/Q	u0.u6.ch_adr1_s[10]$_DFFE_PP_/D
49	0.2506	wbI_ack_i	uI.uJ.mast_cyc	wb0_ack_i	u4.u0.mast_cyc$_DFF_P_/D
50	0.2537	uI.state[J]	uI.tsz_cnt[J]	u2.state[8]$_DFF_P_/Q	u2.tsz_cnt[6]$_DFFE_PP_/D
51	0.2551	uI.state[J]	uI.ch_sel_r[J]	u2.state[8]$_DFF_P_/Q	u1.ch_sel_r[0]$_SDFFE_PN0P_/D
52	0.2568	wbI_ack_i	uI.chunk_dec	wb0_ack_i	u2.chunk_dec$_DFF_P_/D
53	0.2589	uI.uJ.pri_outK[L]	uI.uJ.pointer_sr[K]	u1.u0.pri_out0[1]$_DFF_P_/Q	u0.u1.pointer_sr[17]$_DFFE_PP_/D
54	0.2615	uI.uJ.state[K]	uI.uJ.ch_chk_sz_r[K]	u1.u1.state[2]$_SDFFE_PN0P_/Q	u0.u8.ch_chk_sz_r[0]$_DFFE_PP_/D
55	0.2648	uI.state[J]	uI.uJ.pointer_sr[K]	u2.state[8]$_DFF_P_/Q	u0.u1.pointer_sr[17]$_DFFE_PP_/D
56	0.2651	uI.state[J]	uI.uJ.mast_we_r	u2.state[8]$_DFF_P_/Q	u3.u0.mast_we_r$_DFF_P_/D
57	0.2669	uI.uJ.pri_outK[L]	uI.uJ.pointer_r[K]	u1.u0.pri_out0[1]$_DFF_P_/Q	u0.u1.pointer_r[12]$_DFFE_PP_/D
58	0.2670	uI.state[J]	uI.state[J]	u2.state[8]$_DFF_P_/Q	u2.state[10]$_DFF_P_/D
59	0.2673	uI.state[J]	uI.uJ.ch_chk_sz_r[K]	u2.state[8]$_DFF_P_/Q	u0.u8.ch_chk_sz_r[0]$_DFFE_PP_/D
60	0.2674	uI.uJ.state[K]	uI.uJ.mast_stb	u1.u1.state[2]$_SDFFE_PN0P_/Q	u3.u0.mast_stb$_DFF_P_/D
61	0.2680	uI.uJ.state[K]	uI.uJ.ch_txsz_s[K]	u1.u1.state[2]$_SDFFE_PN0P_/Q	u0.u8.ch_txsz_s[10]$_DFFE_PP_/D
62	0.2701	uI.uJ.state[K]	uI.uJ.ch_adrK_s[L]	u1.u1.state[2]$_SDFFE_PN0P_/Q	u0.u8.ch_adr1_s[10]$_DFFE_PP_/D
63	0.2708	uI.state[J]	uI.uJ.ch_txsz_s[K]	u2.state[8]$_DFF_P_/Q	u0.u2.ch_txsz_s[10]$_DFFE_PP_/D
64	0.2710	uI.state[J]	uI.uJ.ch_tot_sz_r[K]	u2.state[8]$_DFF_P_/Q	u0.u6.ch_tot_sz_r[0]$_DFFE_PP_/D
65	0.2713	uI.uJ.state[K]	uI.chunk_cnt[J]	u1.u1.state[2]$_SDFFE_PN0P_/Q	u2.chunk_cnt[1]$_DFFE_PP_/D
66	0.2725	uI.uJ.pri_outK[L]	uI.uJ.mast_stb	u1.u0.pri_out0[1]$_DFF_P_/Q	u3.u0.mast_stb$_DFF_P_/D
67	0.2728	uI.state[J]	uI.uJ.pointer_r[K]	u2.state[8]$_DFF_P_/Q	u0.u1.pointer_r[12]$_DFFE_PP_/D
68	0.2731	uI.uJ.pri_outK[L]	uI.uJ.ch_chk_sz_r[K]	u1.u0.pri_out0[1]$_DFF_P_/Q	u0.u1.ch_chk_sz_r[0]$_DFFE_PP_/D
69	0.2737	uI.uJ.state[K]	uI.uJ.ch_csr_r[K]	u1.u1.state[2]$_SDFFE_PN0P_/Q	u0.u8.ch_csr_r[3]$_SDFFE_PN0P_/D
70	0.2739	uI.uJ.state[K]	uI.uJ.pointer_sr[K]	u1.u1.state[2]$_SDFFE_PN0P_/Q	u0.u8.pointer_sr[17]$_DFFE_PP_/D
71	0.2746	uI.uJ.state[K]	uI.uJ.int_src_r[K]	u1.u1.state[2]$_SDFFE_PN0P_/Q	u0.u8.int_src_r[1]$_SDFFE_PN0P_/D
72	0.2748	uI.uJ.state[K]	uI.uJ.mast_cyc	u1.u1.state[3]$_SDFFE_PN0P_/Q	u4.u0.mast_cyc$_DFF_P_/D
73	0.2795	uI.state[J]	uI.uJ.ch_csr_r[K]	u2.state[8]$_DFF_P_/Q	u0.u8.ch_csr_r[3]$_SDFFE_PN0P_/D
74	0.2800	uI.uJ.pri_outK[L]	uI.uJ.ch_txsz_s[K]	u1.u0.pri_out0[1]$_DFF_P_/Q	u0.u1.ch_txsz_s[10]$_DFFE_PP_/D
75	0.2805	uI.state[J]	uI.uJ.int_src_r[K]	u2.state[8]$_DFF_P_/Q	u0.u8.int_src_r[1]$_SDFFE_PN0P_/D
76	0.2811	uI.state[J]	uI.uJ.ch_done	u2.state[8]$_DFF_P_/Q	u0.u13.ch_done$_SDFFE_PN0P_/D
77	0.2811	uI.uJ.state[K]	uI.chunk_dec	u1.u1.state[3]$_SDFFE_PN0P_/Q	u2.chunk_dec$_DFF_P_/D
78	0.2832	uI.uJ.state[K]	uI.uJ.ch_done	u1.u1.state[2]$_SDFFE_PN0P_/Q	u0.u8.ch_done$_SDFFE_PN0P_/D
79	0.2845	wbI_ack_i	uI.read_r	wb0_ack_i	u2.read_r$_DFF_P_/D
80	0.2852	uI.state[J]	uI.read_r	u2.state[8]$_DFF_P_/Q	u2.read_r$_DFF_P_/D
81	0.2854	uI.uJ.pri_outK[L]	uI.uJ.mast_cyc	u1.u0.pri_out0[1]$_DFF_P_/Q	u4.u0.mast_cyc$_DFF_P_/D
82	0.2855	uI.uJ.pri_outK[L]	uI.uJ.ch_adrK_s[L]	u1.u0.pri_out0[1]$_DFF_P_/Q	u0.u8.ch_adr1_s[10]$_DFFE_PP_/D
83	0.2856	uI.ch_sel_r[J]	uI.mastJ_adr[K]	u1.ch_sel_r[2]$_SDFFE_PN0P_/Q	u2.mast0_adr[12]$_DFF_P_/D
84	0.2860	uI.uJ.pri_outK[L]	uI.uJ.ch_csr_r[K]	u1.u0.pri_out0[1]$_DFF_P_/Q	u0.u1.ch_csr_r[1]$_SDFFE_PN0P_/D
85	0.2866	uI.uJ.state[K]	uI.uJ.mast_we_r	u1.u1.state[2]$_SDFFE_PN0P_/Q	u3.u0.mast_we_r$_DFF_P_/D
86	0.2866	uI.uJ.pri_outK[L]	uI.chunk_cnt[J]	u1.u0.pri_out0[1]$_DFF_P_/Q	u2.chunk_cnt[1]$_DFFE_PP_/D
87	0.2869	uI.uJ.state[K]	uI.uJ.pointer_r[K]	u1.u1.state[0]$_SDFFE_PN0P_/Q	u0.u1.pointer_r[10]$_DFFE_PP_/D
88	0.2879	uI.uJ.state[K]	uI.tsz_cnt[J]	u1.u1.state[2]$_SDFFE_PN0P_/Q	u2.tsz_cnt[11]$_DFFE_PP_/D
89	0.2882	uI.uJ.pri_outK[L]	uI.uJ.int_src_r[K]	u1.u0.pri_out0[1]$_DFF_P_/Q	u0.u1.int_src_r[1]$_SDFFE_PN0P_/D
90	0.2891	uI.uJ.state[K]	uI.uJ.ch_eol	u1.u1.state[2]$_SDFFE_PN0P_/Q	u0.u8.ch_eol$_SDFFE_PN0P_/D
91	0.2917	uI.uJ.pri_outK[L]	uI.chunk_dec	u1.u0.pri_out0[1]$_DFF_P_/Q	u2.chunk_dec$_DFF_P_/D
92	0.2917	uI.uJ.state[K]	uI.uJ.ch_tot_sz_r[K]	u1.u1.state[2]$_SDFFE_PN0P_/Q	u0.u8.ch_tot_sz_r[10]$_DFFE_PP_/D
93	0.2918	uI.uJ.pri_outK[L]	uI.uJ.mast_we_r	u1.u0.pri_out0[1]$_DFF_P_/Q	u3.u0.mast_we_r$_DFF_P_/D
94	0.2935	uI.ch_sel_r[J]	uI.adrJ_cnt[K]	u1.ch_sel_r[2]$_SDFFE_PN0P_/Q	u2.adr0_cnt[8]$_DFFE_PP_/D
95	0.2949	uI.state[J]	uI.uJ.ch_eol	u2.state[8]$_DFF_P_/Q	u0.u8.ch_eol$_SDFFE_PN0P_/D
96	0.2966	uI.uJ.pri_outK[L]	uI.tsz_cnt[J]	u1.u0.pri_out0[1]$_DFF_P_/Q	u2.tsz_cnt[10]$_DFFE_PP_/D
97	0.2968	uI.uJ.pri_outK[L]	uI.uJ.ch_done	u1.u0.pri_out0[1]$_DFF_P_/Q	u0.u1.ch_done$_SDFFE_PN0P_/D
98	0.2968	uI.state[J]	uI.uJ.ch_adrK_r[L]	u2.state[5]$_DFF_P_/Q	u0.u14.ch_adr1_r[7]$_DFFE_PP_/D
99	0.2984	uI.uJ.pri_outK[L]	uI.uJ.ch_eol	u1.u0.pri_out0[1]$_DFF_P_/Q	u0.u1.ch_eol$_SDFFE_PN0P_/D
100	0.2998	wbI_ack_i	uI.state[J]	wb0_ack_i	u2.state[8]$_DFF_P_/D
