# stage	6_final
# top_module	fpu
# top_n	100
# kind	blocks
# include_full	1
# rank	worst_slack_ns	start	end	start_full	end_full
1	-0.4381	uI.mul_a[J]	uI.product_f[J]	u3.mul_a[30]$_SDFFE_PP0P_/Q	u3.product_f[33]$_SDFFE_PP0P_/D
2	-0.4343	uI.mul_a[J]	uI.product_g[J]	u3.mul_a[30]$_SDFFE_PP0P_/Q	u3.product_g[31]$_SDFFE_PP0P_/D
3	-0.4256	uI.mul_a[J]	uI.product_e[J]	u3.mul_a[31]$_SDFFE_PP0P_/Q	u3.product_e[33]$_SDFFE_PP0P_/D
4	-0.4170	uI.mul_b[J]	uI.product_g[J]	u3.mul_b[46]$_SDFFE_PP0P_/Q	u3.product_g[31]$_SDFFE_PP0P_/D
5	-0.4079	uI.mul_b[J]	uI.product_f[J]	u3.mul_b[24]$_SDFFE_PP0P_/Q	u3.product_f[33]$_SDFFE_PP0P_/D
6	-0.4037	uI.mul_b[J]	uI.product_e[J]	u3.mul_b[6]$_SDFFE_PP0P_/Q	u3.product_e[33]$_SDFFE_PP0P_/D
7	-0.3314	uI.mul_b[J]	uI.product_j[J]	u3.mul_b[43]$_SDFFE_PP0P_/Q	u3.product_j[29]$_SDFFE_PP0P_/D
8	-0.3249	uI.mul_b[J]	uI.prod_c_lo[J]	u3.mul_b[42]$_SDFFE_PP0P_/Q	u3.prod_c_lo[28]$_SDFFE_PP0P_/D
9	-0.3165	uI.mul_a[J]	uI.prod_c_lo[J]	u3.mul_a[3]$_SDFFE_PP0P_/Q	u3.prod_c_lo[28]$_SDFFE_PP0P_/D
10	-0.3119	uI.mul_b[J]	uI.product_i[J]	u3.mul_b[27]$_SDFFE_PP0P_/Q	u3.product_i[27]$_SDFFE_PP0P_/D
11	-0.3021	uI.mul_b[J]	uI.prod_a_hi[J]	u3.mul_b[5]$_SDFFE_PP0P_/Q	u3.prod_a_hi[27]$_SDFFE_PP0P_/D
12	-0.3009	uI.mul_a[J]	uI.product_j[J]	u3.mul_a[52]$_SDFFE_PP0P_/Q	u3.product_j[29]$_SDFFE_PP0P_/D
13	-0.2908	uI.mul_a[J]	uI.product_i[J]	u3.mul_a[46]$_SDFFE_PP0P_/Q	u3.product_i[27]$_SDFFE_PP0P_/D
14	-0.2903	uI.mul_a[J]	uI.prod_a_hi[J]	u3.mul_a[16]$_SDFFE_PP0P_/Q	u3.prod_a_hi[27]$_SDFFE_PP0P_/D
15	-0.2842	uI.mul_b[J]	uI.prod_b_lo[J]	u3.mul_b[27]$_SDFFE_PP0P_/Q	u3.prod_b_lo[23]$_SDFFE_PP0P_/D
16	-0.2842	uI.mul_b[J]	uI.prod_a_lo[J]	u3.mul_b[5]$_SDFFE_PP0P_/Q	u3.prod_a_lo[26]$_SDFFE_PP0P_/D
17	-0.2836	uI.mul_a[J]	uI.prod_b_lo[J]	u3.mul_a[5]$_SDFFE_PP0P_/Q	u3.prod_b_lo[23]$_SDFFE_PP0P_/D
18	-0.2758	uI.mul_b[J]	uI.product_h[J]	u3.mul_b[2]$_SDFFE_PP0P_/Q	u3.product_h[27]$_SDFFE_PP0P_/D
19	-0.2756	uI.mul_b[J]	uI.prod_b_hi[J]	u3.mul_b[21]$_SDFFE_PP0P_/Q	u3.prod_b_hi[27]$_SDFFE_PP0P_/D
20	-0.2708	uI.mul_a[J]	uI.prod_b_hi[J]	u3.mul_a[19]$_SDFFE_PP0P_/Q	u3.prod_b_hi[27]$_SDFFE_PP0P_/D
21	-0.2684	uI.mul_b[J]	uI.prod_c_hi[J]	u3.mul_b[42]$_SDFFE_PP0P_/Q	u3.prod_c_hi[27]$_SDFFE_PP0P_/D
22	-0.2682	uI.mul_a[J]	uI.prod_a_lo[J]	u3.mul_a[4]$_SDFFE_PP0P_/Q	u3.prod_a_lo[26]$_SDFFE_PP0P_/D
23	-0.2676	uI.mul_a[J]	uI.prod_c_hi[J]	u3.mul_a[22]$_SDFFE_PP0P_/Q	u3.prod_c_hi[27]$_SDFFE_PP0P_/D
24	-0.2584	uI.mul_a[J]	uI.product_h[J]	u3.mul_a[51]$_SDFFE_PP0P_/Q	u3.product_h[27]$_SDFFE_PP0P_/D
25	0.0119	uI.mul_a[J]	uI.product_d[J]	u3.mul_a[0]$_SDFFE_PP0P_/Q	u3.product_d[23]$_SDFFE_PP0P_/D
26	0.0532	uI.mul_b[J]	uI.product_d[J]	u3.mul_b[52]$_SDFFE_PP0P_/Q	u3.product_d[23]$_SDFFE_PP0P_/D
27	0.0577	uI.sum_J[K]	uI.sum_J[K]	u3.sum_1[10]$_SDFFE_PP0P_/Q	u3.sum_2[34]$_SDFFE_PP0P_/D
28	0.0579	uI.product_c[J]	uI.sum_J[K]	u3.product_c[0]$_SDFFE_PP0P_/Q	u3.sum_2[34]$_SDFFE_PP0P_/D
29	0.1103	uI.exponent_J[K]	uI.product_J[K]	u3.exponent_2[0]$_SDFFE_PP0P_/Q	u3.product_4[61]$_SDFFE_PP0P_/D
30	0.1110	uI.diff[J]	uI.diff_shift_J[K]	u2.diff[46]$_SDFFE_PP0P_/Q	u2.diff_shift_2[4]$_SDFFE_PP0P_/D
31	0.1121	uI.large_add[J]	uI.sum[J]	u1.large_add[18]$_SDFFE_PP0P_/Q	u1.sum[39]$_SDFFE_PP0P_/D
32	0.1142	uI.minuend[J]	uI.diff[J]	u2.minuend[2]$_SDFFE_PP0P_/Q	u2.diff[48]$_SDFFE_PP0P_/D
33	0.1151	uI.product_a[J]	uI.sum_J[K]	u3.product_a[25]$_SDFFE_PP0P_/Q	u3.sum_0[26]$_SDFFE_PP0P_/D
34	0.1175	uI.dividend_reg[J]	uI.dividend_reg[J]	u4.dividend_reg[37]$_SDFFE_PP0P_/Q	u4.dividend_reg[7]$_SDFFE_PP0P_/D
35	0.1210	uI.small_shift_J[K]	uI.sum[J]	u1.small_shift_3[16]$_SDFFE_PP0P_/Q	u1.sum[39]$_SDFFE_PP0P_/D
36	0.1214	uI.product_b[J]	uI.sum_J[K]	u3.product_b[8]$_SDFFE_PP0P_/Q	u3.sum_0[26]$_SDFFE_PP0P_/D
37	0.1305	uI.subtra_shift_J[K]	uI.diff[J]	u2.subtra_shift_3[2]$_SDFFE_PP0P_/QN	u2.diff[48]$_SDFFE_PP0P_/D
38	0.1388	uI.diffshift_gt_exponent	uI.diff_J[K]	u2.diffshift_gt_exponent$_SDFFE_PP0P_/Q	u2.diff_1[52]$_SDFFE_PP0P_/D
39	0.1398	uI.product_e[J]	uI.sum_J[K]	u3.product_e[3]$_SDFFE_PP0P_/Q	u3.sum_1[34]$_SDFFE_PP0P_/D
40	0.1426	mantissa_round[I]	uI.sum_round[J]	mantissa_round[5]$_SDFF_PN0_/Q	u5.sum_round[42]$_SDFF_PP0_/D
41	0.1455	uI.divisor_reg[J]	uI.dividend_reg[J]	u4.divisor_reg[52]$_SDFFE_PP0P_/Q	u4.dividend_reg[18]$_SDFFE_PP0P_/D
42	0.1461	ready	ready	ready$_SDFF_PP0_/Q	ready
43	0.1508	uI.b_is_norm	uI.exponent_terms[J]	u3.b_is_norm$_SDFFE_PP0P_/Q	u3.exponent_terms[10]$_SDFFE_PP0P_/D
44	0.1582	uI.divisor_b[J]	uI.divisor_shift_J[K]	u4.divisor_b[43]$_SDFFE_PP0P_/Q	u4.divisor_shift_2[0]$_SDFFE_PP0P_/D
45	0.1637	out[I]	out[I]	out[13]$_SDFFE_PP0P_/Q	out[13]
46	0.1648	uI.product_f[J]	uI.sum_J[K]	u3.product_f[4]$_SDFFE_PP0P_/Q	u3.sum_4[33]$_SDFFE_PP0P_/D
47	0.1650	uI.a_is_norm	uI.exponent_terms[J]	u3.a_is_norm$_SDFFE_PP0P_/Q	u3.exponent_terms[10]$_SDFFE_PP0P_/D
48	0.1654	inexact	inexact	inexact$_SDFFE_PP0P_/Q	inexact
49	0.1655	invalid	invalid	invalid$_SDFFE_PP0P_/Q	invalid
50	0.1661	uI.dividend_a[J]	uI.dividend_shift_J[K]	u4.dividend_a[42]$_SDFFE_PP0P_/Q	u4.dividend_shift_2[3]$_SDFFE_PP0P_/D
51	0.1685	overflow	overflow	overflow$_SDFFE_PP0P_/Q	overflow
52	0.1690	underflow	underflow	underflow$_SDFFE_PP0P_/Q	underflow
53	0.1694	uI.exponent_small[J]	uI.exponent_diff[J]	u2.exponent_small[0]$_SDFFE_PP0P_/Q	u2.exponent_diff[10]$_SDFFE_PP0P_/D
54	0.1698	exception	exception	exception$_SDFFE_PP0P_/Q	exception
55	0.1735	uI.dividend_reg[J]	uI.quotient[J]	u4.dividend_reg[37]$_SDFFE_PP0P_/Q	u4.quotient[52]$_SDFFE_PP0P_/D
56	0.1764	uI.remainder_shift_term[J]	uI.remainder_b[J]	u4.remainder_shift_term[1]$_SDFFE_PP0P_/Q	u4.remainder_b[95]$_SDFFE_PP0P_/D
57	0.1775	uI.exponent_large[J]	uI.exponent_diff[J]	u2.exponent_large[0]$_SDFFE_PP0P_/QN	u2.exponent_diff[10]$_SDFFE_PP0P_/D
58	0.1801	uI.large_norm_small_denorm	uI.exponent_diff[J]	u2.large_norm_small_denorm$_SDFFE_PP0P_/Q	u2.exponent_diff[10]$_SDFFE_PP0P_/D
59	0.1808	uI.product_h[J]	uI.sum_J[K]	u3.product_h[0]$_SDFFE_PP0P_/Q	u3.sum_3[34]$_SDFFE_PP0P_/D
60	0.1857	uI.product_shift_J[K]	uI.product_J[K]	u3.product_shift_2[1]$_SDFFE_PP0P_/Q	u3.product_3[57]$_SDFFE_PP0P_/D
61	0.1908	uI.product_g[J]	uI.sum_J[K]	u3.product_g[5]$_SDFFE_PP0P_/Q	u3.sum_7[35]$_SDFFE_PP0P_/D
62	0.1911	uI.exponent_a[J]	uI.exponent_terms[J]	u3.exponent_a[0]$_SDFFE_PP0P_/QN	u3.exponent_terms[10]$_SDFFE_PP0P_/D
63	0.1920	uI.prod_a_lo[J]	uI.product_a[J]	u3.prod_a_lo[12]$_SDFFE_PP0P_/Q	u3.product_a[34]$_SDFFE_PP0P_/D
64	0.1934	uI.product_i[J]	uI.sum_J[K]	u3.product_i[0]$_SDFFE_PP0P_/Q	u3.sum_6[28]$_SDFFE_PP0P_/D
65	0.1942	uI.divisor_reg[J]	uI.quotient[J]	u4.divisor_reg[35]$_SDFFE_PP0P_/Q	u4.quotient[52]$_SDFFE_PP0P_/D
66	0.1981	opb_reg[I]	uI.opb_pos_inf	opb_reg[44]$_SDFFE_PP0P_/Q	u6.opb_pos_inf$_SDFFE_PP0P_/D
67	0.1986	opb_reg[I]	uI.opb_neg_inf	opb_reg[44]$_SDFFE_PP0P_/Q	u6.opb_neg_inf$_SDFFE_PP0P_/D
68	0.2015	uI.diff_shift_J[K]	uI.diff_J[K]	u2.diff_shift_2[0]$_SDFFE_PP0P_/Q	u2.diff_1[52]$_SDFFE_PP0P_/D
69	0.2016	uI.prod_a_hi[J]	uI.product_a[J]	u3.prod_a_hi[0]$_SDFFE_PP0P_/Q	u3.product_a[34]$_SDFFE_PP0P_/D
70	0.2033	opb_reg[I]	uI.opb_et_zero	opb_reg[44]$_SDFFE_PP0P_/Q	u6.opb_et_zero$_SDFFE_PP0P_/D
71	0.2059	opb_reg[I]	uI.b_is_zero	opb_reg[44]$_SDFFE_PP0P_/Q	u3.b_is_zero$_SDFFE_PP0P_/D
72	0.2065	uI.exponent_large[J]	uI.diff_J[K]	u2.exponent_large[1]$_SDFFE_PP0P_/Q	u2.diff_1[51]$_SDFFE_PP0P_/D
73	0.2088	opb_reg[I]	uI.opb_SNaN	opb_reg[44]$_SDFFE_PP0P_/Q	u6.opb_SNaN$_SDFFE_PP0P_/D
74	0.2119	uI.divisor_shift_J[K]	uI.divisor_b_shifted[J]	u4.divisor_shift_2[1]$_SDFFE_PP0P_/Q	u4.divisor_b_shifted[51]$_SDFFE_PP0P_/D
75	0.2120	opb_reg[I]	uI.opb_QNaN	opb_reg[44]$_SDFFE_PP0P_/Q	u6.opb_QNaN$_SDFFE_PP0P_/D
76	0.2139	uI.prod_b_hi[J]	uI.product_b[J]	u3.prod_b_hi[0]$_SDFFE_PP0P_/Q	u3.product_b[34]$_SDFFE_PP0P_/D
77	0.2155	opb_reg[I]	uI.opb_inf	opb_reg[44]$_SDFFE_PP0P_/Q	u6.opb_inf$_SDFFE_PP0P_/D
78	0.2168	uI.dividend_shift_J[K]	uI.dividend_a_shifted[J]	u4.dividend_shift_2[1]$_SDFFE_PP0P_/Q	u4.dividend_a_shifted[51]$_SDFFE_PP0P_/D
79	0.2226	uI.product_j[J]	uI.sum_J[K]	u3.product_j[2]$_SDFFE_PP0P_/Q	u3.sum_8[25]$_SDFFE_PP0P_/D
80	0.2261	uI.expon_uf_term_J[K]	uI.mantissa_J[K]	u4.expon_uf_term_4[9]$_SDFFE_PP0P_/Q	u4.mantissa_1[1]$_SDFFE_PP0P_/D
81	0.2284	uI.prod_b_lo[J]	uI.product_b[J]	u3.prod_b_lo[12]$_SDFFE_PP0P_/Q	u3.product_b[34]$_SDFFE_PP0P_/D
82	0.2312	uI.product_d[J]	uI.sum_J[K]	u3.product_d[0]$_SDFFE_PP0P_/Q	u3.sum_5[24]$_SDFFE_PP0P_/D
83	0.2384	sub_enable	uI.mantissa_large[J]	sub_enable$_SDFF_PP0_/Q	u2.mantissa_large[26]$_SDFFE_PP0P_/D
84	0.2403	sub_enable	uI.mantissa_small[J]	sub_enable$_SDFF_PP0_/Q	u2.mantissa_small[39]$_SDFFE_PP0P_/D
85	0.2437	mul_enable	uI.exponent_J[K]	mul_enable$_SDFF_PP0_/Q	u3.exponent_2[5]$_SDFFE_PP0P_/D
86	0.2472	uI.dividend_reg[J]	uI.remainder_msb	u4.dividend_reg[37]$_SDFFE_PP0P_/Q	u4.remainder_msb$_SDFFE_PP0P_/D
87	0.2514	sub_enable	uI.mantissa_b[J]	sub_enable$_SDFF_PP0_/Q	u2.mantissa_b[29]$_SDFFE_PP0P_/D
88	0.2521	sub_enable	uI.mantissa_a[J]	sub_enable$_SDFF_PP0_/Q	u2.mantissa_a[25]$_SDFFE_PP0P_/D
89	0.2544	mul_enable	uI.sum_J[K]	mul_enable$_SDFF_PP0_/Q	u3.sum_7[14]$_SDFFE_PP0P_/D
90	0.2597	uI.exponent_diff[J]	uI.small_shift[J]	u1.exponent_diff[1]$_SDFFE_PP0P_/Q	u1.small_shift[0]$_SDFFE_PP0P_/D
91	0.2641	uI.exponent_b[J]	uI.exponent_terms[J]	u3.exponent_b[1]$_SDFFE_PP0P_/Q	u3.exponent_terms[9]$_SDFFE_PP0P_/D
92	0.2646	mul_enable	uI.product_J[K]	mul_enable$_SDFF_PP0_/Q	u3.product_2[2]$_SDFFE_PP0P_/D
93	0.2663	uI.enable_reg_e	uI.dividend_reg[J]	u4.enable_reg_e$_SDFF_PP0_/Q	u4.dividend_reg[10]$_SDFFE_PP0P_/D
94	0.2669	uI.enable_reg_e	uI.divisor_reg[J]	u4.enable_reg_e$_SDFF_PP0_/Q	u4.divisor_reg[15]$_SDFFE_PP0P_/D
95	0.2671	mul_enable	uI.prod_c_hi[J]	mul_enable$_SDFF_PP0_/Q	u3.prod_c_hi[17]$_SDFFE_PP0P_/D
96	0.2684	sub_enable	uI.minuend[J]	sub_enable$_SDFF_PP0_/Q	u2.minuend[38]$_SDFFE_PP0P_/D
97	0.2708	mul_enable	uI.mul_b[J]	mul_enable$_SDFF_PP0_/Q	u3.mul_b[32]$_SDFFE_PP0P_/D
98	0.2757	opa_reg[I]	uI.exponent_out[J]	opa_reg[50]$_SDFFE_PP0P_/Q	u4.exponent_out[11]$_SDFF_PP0_/D
99	0.2771	mul_enable	uI.prod_b_lo[J]	mul_enable$_SDFF_PP0_/Q	u3.prod_b_lo[0]$_SDFFE_PP0P_/D
100	0.2773	mul_enable	uI.product[J]	mul_enable$_SDFF_PP0_/Q	u3.product[77]$_SDFFE_PP0P_/D
