# stage	6_final
# top_module	viterbi_core
# top_n	100
# kind	blocks
# include_full	1
# rank	worst_slack_ns	start	end	start_full	end_full
1	-0.8954	acs_inst_I.pm_r[J]	pm_normalize_inst.pm_nom_r[I][J]	acs_inst_33.pm_r[2]$_DFF_PN0_/Q	pm_normalize_inst.pm_nom_r[56][1]$_DFFE_PN0P_/D
2	0.1849	src_rdata_i[I]	bmu_inst_I.bm_r[J]	src_rdata_i[16]	bmu_inst_8.bm_r[5]$_DFF_PN0_/D
3	0.2789	register_num_i[I]	acs_inst_I.pm_r[J]	register_num_i[0]	acs_inst_38.pm_r[1]$_DFF_PN0_/D
4	0.3044	register_num_i[I]	pm_normalize_inst.pm_nom_r[I][J]	register_num_i[1]	pm_normalize_inst.pm_nom_r[54][8]$_DFFE_PN0P_/D
5	0.3182	register_num_i[I]	acs_inst_I.survivor_path_r	register_num_i[1]	acs_inst_9.survivor_path_r$_DFF_PN0_/D
6	0.4647	acs_inst_I.valid_r	tb_addr_o[I]	acs_inst_0.valid_r$_DFF_PN0_/Q	tb_addr_o[1]
7	0.4787	register_num_i[I]	bmu_inst_I.low_codeword_tmp[J]	register_num_i[1]	bmu_inst_22.low_codeword_tmp[0]$_DFFE_PN0P_/D
8	0.5213	rst_sync_i	pm_normalize_inst.pm_nom_r[I][J]	rst_sync_i	pm_normalize_inst.pm_nom_r[40][7]$_DFFE_PN0P_/D
9	0.5285	frame_start_i	pm_normalize_inst.pm_nom_r[I][J]	frame_start_i	pm_normalize_inst.pm_nom_r[35][7]$_DFFE_PN0P_/D
10	0.6087	acs_inst_I.valid_r	tb_wr_o	acs_inst_0.valid_r$_DFF_PN0_/Q	tb_wr_o
11	0.6500	rst_sync_i	bmu_inst_I.low_codeword_tmp[J]	rst_sync_i	bmu_inst_21.low_codeword_tmp[0]$_DFFE_PN0P_/D
12	0.6699	valid_polynomials_i[I]	bmu_inst_I.bm_r[J]	valid_polynomials_i[0]	bmu_inst_40.bm_r[5]$_DFF_PN0_/D
13	0.6725	valid_polynomials_i[I]	bmu_inst_I.low_codeword[J]	valid_polynomials_i[0]	bmu_inst_11.low_codeword[5]$_DFFE_PN0P_/D
14	0.6735	tb_wr_addr_r[I]	tb_addr_o[I]	tb_wr_addr_r[1]$_DFFE_PN0P_/Q	tb_addr_o[1]
15	0.6829	traceback_ins.tb_addr_r[I]	tb_addr_o[I]	traceback_ins.tb_addr_r[3]$_DFFE_PN0P_/Q	tb_addr_o[3]
16	0.6897	dst_wr_r	dst_wr_o	dst_wr_r$_DFF_PN0_/Q	dst_wr_o
17	0.6917	acs_inst_I.survivor_path_r	tb_wdata_o[I]	acs_inst_53.survivor_path_r$_DFF_PN0_/Q	tb_wdata_o[53]
18	0.6950	rst_sync_i	bmu_inst_I.bm_r[J]	rst_sync_i	bmu_inst_13.bm_r[1]$_DFF_PN0_/D
19	0.7015	src_rd_r	src_rd_o	src_rd_r$_DFFE_PN0P_/Q	src_rd_o
20	0.7075	src_addr_r[I]	src_addr_o[I]	src_addr_r[2]$_DFFE_PN0P_/Q	src_addr_o[2]
21	0.7146	dst_addr_r[I]	dst_addr_o[I]	dst_addr_r[2]$_DFFE_PN0P_/Q	dst_addr_o[2]
22	0.7243	polynomialI_i[J]	bmu_inst_I.low_codeword_tmp[J]	polynomial4_i[1]	bmu_inst_62.low_codeword_tmp[3]$_DFFE_PN0P_/D
23	0.7305	bmu_inst_I.low_codeword[J]	bmu_inst_I.bm_r[J]	bmu_inst_8.low_codeword[5]$_DFFE_PN0P_/Q	bmu_inst_8.bm_r[5]$_DFF_PN0_/D
24	0.7305	frame_done_r	frame_done_o	frame_done_r$_DFFE_PN0P_/Q	frame_done_o
25	0.7309	busy_r	busy_o	busy_r$_DFFE_PN0P_/Q	busy_o
26	0.7331	rst_sync_i	bmu_inst_I.low_codeword[J]	rst_sync_i	bmu_inst_42.low_codeword[4]$_DFFE_PN0P_/D
27	0.7436	traceback_ins.tb_rd_r	tb_rd_o	traceback_ins.tb_rd_r$_DFF_PN0_/Q	tb_rd_o
28	0.7557	frame_start_i	fetch_src_cnt_r[I]	frame_start_i	fetch_src_cnt_r[10]$_DFFE_PN0P_/D
29	0.7611	rst_sync_i	fetch_src_cnt_r[I]	rst_sync_i	fetch_src_cnt_r[10]$_DFFE_PN0P_/D
30	0.7653	rst_sync_i	acs_inst_I.pm_r[J]	rst_sync_i	acs_inst_38.pm_r[1]$_DFF_PN0_/D
31	0.7758	frame_start_i	trellis_idx_r[I]	frame_start_i	trellis_idx_r[5]$_DFFE_PN0P_/D
32	0.7811	rst_sync_i	trellis_idx_r[I]	rst_sync_i	trellis_idx_r[5]$_DFFE_PN0P_/D
33	0.7855	rst_sync_i	acs_inst_I.survivor_path_r	rst_sync_i	acs_inst_7.survivor_path_r$_DFF_PN0_/D
34	0.7863	bmu_inst_I.bm_r[J]	acs_inst_I.pm_r[J]	bmu_inst_63.bm_r[0]$_DFF_PN0_/Q	acs_inst_38.pm_r[5]$_DFF_PN0_/D
35	0.7991	bmu_inst_I.bm_r[J]	acs_inst_I.survivor_path_r	bmu_inst_63.bm_r[0]$_DFF_PN0_/Q	acs_inst_46.survivor_path_r$_DFF_PN0_/D
36	0.8147	pm_normalize_inst.pm_nom_r[I][J]	acs_inst_I.pm_r[J]	pm_normalize_inst.pm_nom_r[27][1]$_DFFE_PN0P_/Q	acs_inst_47.pm_r[0]$_DFF_PN0_/D
37	0.8161	pm_normalize_inst.pm_nom_r[I][J]	acs_inst_I.survivor_path_r	pm_normalize_inst.pm_nom_r[27][1]$_DFFE_PN0P_/Q	acs_inst_46.survivor_path_r$_DFF_PN0_/D
38	0.8228	infobit_length_i[I]	src_addr_r[I]	infobit_length_i[0]	src_addr_r[10]$_DFFE_PN0P_/D
39	0.8240	register_num_i[I]	acs_en_r[I]	register_num_i[1]	acs_en_r[31]$_DFFE_PN0P_/D
40	0.8498	tail_biting_en_i	pm_normalize_inst.pm_nom_r[I][J]	tail_biting_en_i	pm_normalize_inst.pm_nom_r[41][8]$_DFFE_PN0P_/D
41	0.8799	infobit_length_i[I]	src_len_counter_r[I]	infobit_length_i[0]	src_len_counter_r[11]$_DFFE_PN0P_/D
42	0.9088	frame_start_i	src_len_counter_r[I]	frame_start_i	src_len_counter_r[4]$_DFFE_PN0P_/D
43	0.9091	frame_start_i	src_addr_r[I]	frame_start_i	src_addr_r[10]$_DFFE_PN0P_/D
44	0.9142	rst_sync_i	src_len_counter_r[I]	rst_sync_i	src_len_counter_r[4]$_DFFE_PN0P_/D
45	0.9144	rst_sync_i	src_addr_r[I]	rst_sync_i	src_addr_r[10]$_DFFE_PN0P_/D
46	0.9274	frame_start_i	acs_en_r[I]	frame_start_i	acs_en_r[31]$_DFFE_PN0P_/D
47	0.9290	frame_start_i	dst_addr_r[I]	frame_start_i	dst_addr_r[9]$_DFFE_PN0P_/D
48	0.9343	rst_sync_i	dst_addr_r[I]	rst_sync_i	dst_addr_r[9]$_DFFE_PN0P_/D
49	0.9455	rst_an_i	bmu_inst_I.low_codeword[J]	rst_an_i	bmu_inst_52.low_codeword[1]$_DFFE_PN0P_/RN
50	0.9467	frame_start_i	src_rd_r	frame_start_i	src_rd_r$_DFFE_PN0P_/D
51	0.9565	rst_sync_i	bmu_inst_I.calc_codeword_en	rst_sync_i	bmu_inst_36.calc_codeword_en$_DFF_PN0_/D
52	0.9573	rst_sync_i	byte_idx_r[I]	rst_sync_i	byte_idx_r[0]$_DFF_PN0_/D
53	0.9585	rst_sync_i	state_r[I]	rst_sync_i	state_r[0]$_DFF_PN1_/D
54	0.9618	frame_start_i	state_r[I]	frame_start_i	state_r[0]$_DFF_PN1_/D
55	0.9621	frame_start_i	tb_len_r[I]	frame_start_i	tb_len_r[6]$_DFFE_PN0P_/D
56	0.9675	rst_sync_i	tb_len_r[I]	rst_sync_i	tb_len_r[6]$_DFFE_PN0P_/D
57	0.9704	frame_start_i	byte_idx_r[I]	frame_start_i	byte_idx_r[0]$_DFF_PN0_/D
58	0.9873	rst_an_i	bmu_inst_I.low_codeword_tmp[J]	rst_an_i	bmu_inst_54.low_codeword_tmp[0]$_DFFE_PN0P_/RN
59	0.9876	rst_an_i	pm_normalize_inst.pm_nom_r[I][J]	rst_an_i	pm_normalize_inst.pm_nom_r[13][2]$_DFFE_PN0P_/RN
60	0.9888	rst_sync_i	dst_wr_r	rst_sync_i	dst_wr_r$_DFF_PN0_/D
61	0.9933	tail_biting_en_i	trellis_idx_r[I]	tail_biting_en_i	trellis_idx_r[6]$_DFFE_PN0P_/D
62	0.9951	frame_start_i	tb_wr_addr_r[I]	frame_start_i	tb_wr_addr_r[0]$_DFFE_PN0P_/D
63	0.9979	frame_start_i	frame_done_r	frame_start_i	frame_done_r$_DFFE_PN0P_/D
64	1.0005	rst_sync_i	tb_wr_addr_r[I]	rst_sync_i	tb_wr_addr_r[0]$_DFFE_PN0P_/D
65	1.0019	frame_start_i	dst_wr_r	frame_start_i	dst_wr_r$_DFF_PN0_/D
66	1.0029	rst_an_i	bmu_inst_I.bm_r[J]	rst_an_i	bmu_inst_0.bm_r[6]$_DFF_PN0_/RN
67	1.0032	rst_sync_i	frame_done_r	rst_sync_i	frame_done_r$_DFFE_PN0P_/D
68	1.0035	rst_an_i	state_r[I]	rst_an_i	state_r[2]$_DFF_PN0_/RN
69	1.0039	rst_an_i	tb_len_r[I]	rst_an_i	tb_len_r[4]$_DFFE_PN0P_/RN
70	1.0044	rst_an_i	soft_data_valid_r	rst_an_i	soft_data_valid_r$_DFF_PN0_/RN
71	1.0046	rst_an_i	decoding_start_r	rst_an_i	decoding_start_r$_DFF_PN0_/RN
72	1.0048	rst_an_i	traceback_start_r	rst_an_i	traceback_start_r$_DFF_PN0_/RN
73	1.0054	rst_an_i	acs_inst_I.pm_r[J]	rst_an_i	acs_inst_28.pm_r[1]$_DFF_PN0_/RN
74	1.0063	rst_an_i	trellis_idx_r[I]	rst_an_i	trellis_idx_r[4]$_DFFE_PN0P_/RN
75	1.0063	rst_an_i	first_loop_r	rst_an_i	first_loop_r$_DFFE_PN0P_/RN
76	1.0066	rst_an_i	bmu_inst_I.ready_r	rst_an_i	bmu_inst_0.ready_r$_DFFE_PN0P_/RN
77	1.0066	rst_an_i	src_len_counter_r[I]	rst_an_i	src_len_counter_r[6]$_DFFE_PN0P_/RN
78	1.0068	rst_an_i	bmu_inst_I.bm_valid_r	rst_an_i	bmu_inst_17.bm_valid_r$_DFF_PN0_/RN
79	1.0072	rst_an_i	bmu_ready_dI_r	rst_an_i	bmu_ready_d1_r$_DFF_PN1_/SN
80	1.0074	rst_an_i	half_tb_start_r	rst_an_i	half_tb_start_r$_DFFE_PN0P_/RN
81	1.0075	rst_an_i	flush_all_start_r	rst_an_i	flush_all_start_r$_DFFE_PN0P_/RN
82	1.0078	rst_an_i	full_tb_start_r	rst_an_i	full_tb_start_r$_DFFE_PN0P_/RN
83	1.0084	rst_an_i	fetch_src_cnt_r[I]	rst_an_i	fetch_src_cnt_r[0]$_DFFE_PN0P_/RN
84	1.0138	rst_sync_i	first_loop_r	rst_sync_i	first_loop_r$_DFFE_PN0P_/D
85	1.0139	rst_sync_i	full_tb_start_r	rst_sync_i	full_tb_start_r$_DFFE_PN0P_/D
86	1.0143	rst_sync_i	half_tb_start_r	rst_sync_i	half_tb_start_r$_DFFE_PN0P_/D
87	1.0153	rst_sync_i	bmu_inst_I.ready_r	rst_sync_i	bmu_inst_0.ready_r$_DFFE_PN0P_/D
88	1.0154	frame_start_i	last_loop_r	frame_start_i	last_loop_r$_DFFE_PN0P_/D
89	1.0157	rst_an_i	src_rd_r	rst_an_i	src_rd_r$_DFFE_PN0P_/RN
90	1.0169	rst_sync_i	traceback_ins.tb_counter_r[I]	rst_sync_i	traceback_ins.tb_counter_r[1]$_DFFE_PN0P_/D
91	1.0194	rst_sync_i	src_rd_r	rst_sync_i	src_rd_r$_DFFE_PN0P_/D
92	1.0200	frame_start_i	flush_all_start_r	frame_start_i	flush_all_start_r$_DFFE_PN0P_/D
93	1.0208	rst_sync_i	last_loop_r	rst_sync_i	last_loop_r$_DFFE_PN0P_/D
94	1.0227	rst_sync_i	acs_en_r[I]	rst_sync_i	acs_en_r[31]$_DFFE_PN0P_/D
95	1.0231	rst_an_i	dst_addr_r[I]	rst_an_i	dst_addr_r[11]$_DFFE_PN0P_/RN
96	1.0254	rst_sync_i	flush_all_start_r	rst_sync_i	flush_all_start_r$_DFFE_PN0P_/D
97	1.0263	rst_an_i	tb_wr_addr_r[I]	rst_an_i	tb_wr_addr_r[5]$_DFFE_PN0P_/RN
98	1.0265	rst_an_i	busy_r	rst_an_i	busy_r$_DFFE_PN0P_/RN
99	1.0266	rst_an_i	traceback_ins.tb_addr_r[I]	rst_an_i	traceback_ins.tb_addr_r[5]$_DFFE_PN0P_/RN
100	1.0269	frame_start_i	first_loop_r	frame_start_i	first_loop_r$_DFFE_PN0P_/D
