# stage	6_final
# top_module	aes
# top_n	100
# kind	blocks
# include_full	1
# rank	worst_slack_ns	start	end	start_full	end_full
1	-0.2517	core.keymem.prev_keyI_reg[J]	core.keymem.key_mem[I][J]	core.keymem.prev_key1_reg[25]$_DFFE_PN0P_/Q	core.keymem.key_mem[5][25]$_DFFE_PN0P_/D
2	-0.2241	encdec_reg	core.dec_block.block_wI_reg[J]	encdec_reg$_DFFE_PN0P_/Q	core.dec_block.block_w1_reg[1]$_DFFE_PN0P_/D
3	-0.2136	core.dec_block.round_ctr_reg[I]	core.dec_block.block_wI_reg[J]	core.dec_block.round_ctr_reg[3]$_DFFE_PN0P_/Q	core.dec_block.block_w1_reg[1]$_DFFE_PN0P_/D
4	-0.2119	core.keymem.prev_keyI_reg[J]	core.keymem.prev_keyI_reg[J]	core.keymem.prev_key1_reg[16]$_DFFE_PN0P_/Q	core.keymem.prev_key1_reg[16]$_DFFE_PN0P_/D
5	-0.2087	core.enc_block.round_ctr_reg[I]	core.dec_block.block_wI_reg[J]	core.enc_block.round_ctr_reg[3]$_DFFE_PN0P_/Q	core.dec_block.block_w1_reg[1]$_DFFE_PN0P_/D
6	-0.1761	core.enc_block.sword_ctr_reg[I]	core.enc_block.block_wI_reg[J]	core.enc_block.sword_ctr_reg[1]$_DFFE_PN0P_/Q	core.enc_block.block_w3_reg[19]$_DFFE_PN0P_/D
7	-0.0976	core.enc_block.block_wI_reg[J]	core.enc_block.block_wI_reg[J]	core.enc_block.block_w3_reg[4]$_DFFE_PN0P_/Q	core.enc_block.block_w0_reg[7]$_DFFE_PN0P_/D
8	-0.0897	core.enc_block.enc_ctrl_reg[I]	core.enc_block.block_wI_reg[J]	core.enc_block.enc_ctrl_reg[2]$_DFF_PN0_/Q	core.enc_block.block_w3_reg[0]$_DFFE_PN0P_/D
9	-0.0575	core.dec_block.block_wI_reg[J]	core.dec_block.block_wI_reg[J]	core.dec_block.block_w1_reg[26]$_DFFE_PN0P_/Q	core.dec_block.block_w1_reg[24]$_DFFE_PN0P_/D
10	-0.0379	core.keymem.key_mem[I][J]	core.dec_block.block_wI_reg[J]	core.keymem.key_mem[6][86]$_DFFE_PN0P_/Q	core.dec_block.block_w0_reg[0]$_DFFE_PN0P_/D
11	-0.0249	encdec_reg	core.enc_block.block_wI_reg[J]	encdec_reg$_DFFE_PN0P_/Q	core.enc_block.block_w3_reg[15]$_DFFE_PN0P_/D
12	-0.0185	core.dec_block.round_ctr_reg[I]	core.enc_block.block_wI_reg[J]	core.dec_block.round_ctr_reg[1]$_DFFE_PN0P_/Q	core.enc_block.block_w3_reg[28]$_DFFE_PN0P_/D
13	0.0023	core.enc_block.round_ctr_reg[I]	core.enc_block.block_wI_reg[J]	core.enc_block.round_ctr_reg[1]$_DFFE_PN0P_/Q	core.enc_block.block_w2_reg[9]$_DFFE_PN0P_/D
14	0.0624	core.keymem.round_ctr_reg[I]	core.keymem.key_mem[I][J]	core.keymem.round_ctr_reg[0]$_DFFE_PN0P_/Q	core.keymem.key_mem[14][46]$_DFFE_PN0P_/D
15	0.0811	core.keymem.rcon_reg[I]	core.keymem.key_mem[I][J]	core.keymem.rcon_reg[1]$_DFFE_PN0P_/Q	core.keymem.key_mem[5][25]$_DFFE_PN0P_/D
16	0.0887	core.keymem.round_ctr_reg[I]	core.keymem.prev_keyI_reg[J]	core.keymem.round_ctr_reg[0]$_DFFE_PN0P_/Q	core.keymem.prev_key1_reg[9]$_DFFE_PN0P_/D
17	0.0890	read_data_reg[I]	read_data[I]	read_data_reg[31]$_DFF_PN0_/Q	read_data[31]
18	0.0959	core.keymem.key_mem_ctrl_reg[I]	core.keymem.key_mem[I][J]	core.keymem.key_mem_ctrl_reg[1]$_DFF_PN0_/Q	core.keymem.key_mem[12][114]$_DFFE_PN0P_/D
19	0.1141	encdec_reg	result_reg[I]	encdec_reg$_DFFE_PN0P_/Q	result_reg[46]$_DFF_PN0_/D
20	0.1145	core.dec_block.dec_ctrl_reg[I]	core.dec_block.block_wI_reg[J]	core.dec_block.dec_ctrl_reg[3]$_DFF_PN0_/Q	core.dec_block.block_w1_reg[18]$_DFFE_PN0P_/D
21	0.1156	keylen_reg	core.enc_block.block_wI_reg[J]	keylen_reg$_DFFE_PN0P_/QN	core.enc_block.block_w0_reg[23]$_DFFE_PN0P_/D
22	0.1432	core.keymem.rcon_reg[I]	core.keymem.prev_keyI_reg[J]	core.keymem.rcon_reg[1]$_DFFE_PN0P_/Q	core.keymem.prev_key1_reg[57]$_DFFE_PN0P_/D
23	0.1511	keylen_reg	core.keymem.key_mem[I][J]	keylen_reg$_DFFE_PN0P_/Q	core.keymem.key_mem[9][64]$_DFFE_PN0P_/D
24	0.1772	core.keymem.key_mem[I][J]	core.enc_block.block_wI_reg[J]	core.keymem.key_mem[10][54]$_DFFE_PN0P_/Q	core.enc_block.block_w2_reg[22]$_DFFE_PN0P_/D
25	0.1845	keylen_reg	core.keymem.prev_keyI_reg[J]	keylen_reg$_DFFE_PN0P_/Q	core.keymem.prev_key1_reg[8]$_DFFE_PN0P_/D
26	0.1963	core.keymem.key_mem_ctrl_reg[I]	core.keymem.prev_keyI_reg[J]	core.keymem.key_mem_ctrl_reg[1]$_DFF_PN0_/Q	core.keymem.prev_key1_reg[45]$_DFFE_PN0P_/D
27	0.1995	core.keymem.round_ctr_reg[I]	core.keymem.rcon_reg[I]	core.keymem.round_ctr_reg[0]$_DFFE_PN0P_/Q	core.keymem.rcon_reg[6]$_DFFE_PN0P_/D
28	0.2373	keylen_reg	core.keymem.rcon_reg[I]	keylen_reg$_DFFE_PN0P_/Q	core.keymem.rcon_reg[0]$_DFFE_PN0P_/D
29	0.2615	address[I]	read_data_reg[I]	address[3]	read_data_reg[6]$_DFF_PN0_/D
30	0.2701	address[I]	key_reg[I][J]	address[7]	key_reg[4][4]$_DFFE_PN0P_/D
31	0.2782	encdec_reg	core.enc_block.round_ctr_reg[I]	encdec_reg$_DFFE_PN0P_/Q	core.enc_block.round_ctr_reg[2]$_DFFE_PN0P_/D
32	0.2789	address[I]	block_reg[I][J]	address[3]	block_reg[3][27]$_DFFE_PN0P_/D
33	0.2843	core.keymem.key_mem_ctrl_reg[I]	core.keymem.rcon_reg[I]	core.keymem.key_mem_ctrl_reg[1]$_DFF_PN0_/Q	core.keymem.rcon_reg[6]$_DFFE_PN0P_/D
34	0.2957	encdec_reg	core.enc_block.ready_reg	encdec_reg$_DFFE_PN0P_/Q	core.enc_block.ready_reg$_DFFE_PN1P_/D
35	0.3016	cs	key_reg[I][J]	cs	key_reg[4][4]$_DFFE_PN0P_/D
36	0.3040	we	key_reg[I][J]	we	key_reg[4][4]$_DFFE_PN0P_/D
37	0.3240	address[I]	keylen_reg	address[7]	keylen_reg$_DFFE_PN0P_/D
38	0.3247	address[I]	encdec_reg	address[7]	encdec_reg$_DFFE_PN0P_/D
39	0.3511	we	read_data_reg[I]	we	read_data_reg[6]$_DFF_PN0_/D
40	0.3530	cs	block_reg[I][J]	cs	block_reg[3][27]$_DFFE_PN0P_/D
41	0.3543	core.keymem.key_mem_ctrl_reg[I]	core.keymem.key_mem_ctrl_reg[I]	core.keymem.key_mem_ctrl_reg[1]$_DFF_PN0_/Q	core.keymem.key_mem_ctrl_reg[2]$_DFF_PN0_/D
42	0.3553	cs	read_data_reg[I]	cs	read_data_reg[6]$_DFF_PN0_/D
43	0.3568	we	block_reg[I][J]	we	block_reg[3][27]$_DFFE_PN0P_/D
44	0.3744	address[I]	next_reg	address[1]	next_reg$_DFF_PN0_/D
45	0.3752	encdec_reg	core.aes_core_ctrl_reg[I]	encdec_reg$_DFFE_PN0P_/Q	core.aes_core_ctrl_reg[1]$_DFF_PN0_/D
46	0.3768	address[I]	init_reg	address[1]	init_reg$_DFF_PN0_/D
47	0.3993	block_reg[I][J]	core.dec_block.block_wI_reg[J]	block_reg[1][9]$_DFFE_PN0P_/Q	core.dec_block.block_w3_reg[9]$_DFFE_PN0P_/D
48	0.3993	core.enc_block.round_ctr_reg[I]	core.enc_block.enc_ctrl_reg[I]	core.enc_block.round_ctr_reg[2]$_DFFE_PN0P_/Q	core.enc_block.enc_ctrl_reg[1]$_DFF_PN0_/D
49	0.4026	encdec_reg	core.dec_block.round_ctr_reg[I]	encdec_reg$_DFFE_PN0P_/Q	core.dec_block.round_ctr_reg[2]$_DFFE_PN0P_/D
50	0.4048	core.keymem.round_ctr_reg[I]	core.keymem.key_mem_ctrl_reg[I]	core.keymem.round_ctr_reg[1]$_DFFE_PN0P_/Q	core.keymem.key_mem_ctrl_reg[0]$_DFF_PN1_/D
51	0.4082	key_reg[I][J]	core.keymem.key_mem[I][J]	key_reg[3][25]$_DFFE_PN0P_/Q	core.keymem.key_mem[5][25]$_DFFE_PN0P_/D
52	0.4113	encdec_reg	core.enc_block.enc_ctrl_reg[I]	encdec_reg$_DFFE_PN0P_/Q	core.enc_block.enc_ctrl_reg[0]$_DFF_PN1_/D
53	0.4147	cs	keylen_reg	cs	keylen_reg$_DFFE_PN0P_/D
54	0.4154	cs	encdec_reg	cs	encdec_reg$_DFFE_PN0P_/D
55	0.4185	we	keylen_reg	we	keylen_reg$_DFFE_PN0P_/D
56	0.4193	we	encdec_reg	we	encdec_reg$_DFFE_PN0P_/D
57	0.4316	core.enc_block.round_ctr_reg[I]	core.enc_block.ready_reg	core.enc_block.round_ctr_reg[2]$_DFFE_PN0P_/Q	core.enc_block.ready_reg$_DFFE_PN1P_/D
58	0.4325	keylen_reg	core.keymem.key_mem_ctrl_reg[I]	keylen_reg$_DFFE_PN0P_/Q	core.keymem.key_mem_ctrl_reg[0]$_DFF_PN1_/D
59	0.4344	encdec_reg	core.dec_block.ready_reg	encdec_reg$_DFFE_PN0P_/Q	core.dec_block.ready_reg$_DFFE_PN1P_/D
60	0.4367	core.dec_block.round_ctr_reg[I]	core.dec_block.round_ctr_reg[I]	core.dec_block.round_ctr_reg[0]$_DFFE_PN0P_/Q	core.dec_block.round_ctr_reg[3]$_DFFE_PN0P_/D
61	0.4378	encdec_reg	core.ready_reg	encdec_reg$_DFFE_PN0P_/Q	core.ready_reg$_DFFE_PN1P_/D
62	0.4495	core.dec_block.dec_ctrl_reg[I]	core.dec_block.round_ctr_reg[I]	core.dec_block.dec_ctrl_reg[1]$_DFF_PN0_/Q	core.dec_block.round_ctr_reg[2]$_DFFE_PN0P_/D
63	0.4535	next_reg	core.enc_block.round_ctr_reg[I]	next_reg$_DFF_PN0_/Q	core.enc_block.round_ctr_reg[2]$_DFFE_PN0P_/D
64	0.4566	encdec_reg	read_data_reg[I]	encdec_reg$_DFFE_PN0P_/Q	read_data_reg[2]$_DFF_PN0_/D
65	0.4585	core.enc_block.enc_ctrl_reg[I]	core.enc_block.round_ctr_reg[I]	core.enc_block.enc_ctrl_reg[1]$_DFF_PN0_/Q	core.enc_block.round_ctr_reg[2]$_DFFE_PN0P_/D
66	0.4611	reset_n	core.keymem.key_mem[I][J]	reset_n	core.keymem.key_mem[5][60]$_DFFE_PN0P_/RN
67	0.4663	write_data[I]	key_reg[I][J]	write_data[5]	key_reg[3][5]$_DFFE_PN0P_/D
68	0.4672	reset_n	core.dec_block.block_wI_reg[J]	reset_n	core.dec_block.block_w0_reg[23]$_DFFE_PN0P_/RN
69	0.4674	reset_n	core.keymem.key_mem_ctrl_reg[I]	reset_n	core.keymem.key_mem_ctrl_reg[0]$_DFF_PN1_/SN
70	0.4698	reset_n	read_data_reg[I]	reset_n	read_data_reg[6]$_DFF_PN0_/RN
71	0.4710	next_reg	core.enc_block.ready_reg	next_reg$_DFF_PN0_/Q	core.enc_block.ready_reg$_DFFE_PN1P_/D
72	0.4717	reset_n	block_reg[I][J]	reset_n	block_reg[3][24]$_DFFE_PN0P_/RN
73	0.4724	encdec_reg	core.result_valid_reg	encdec_reg$_DFFE_PN0P_/Q	core.result_valid_reg$_DFFE_PN0P_/D
74	0.4725	core.dec_block.dec_ctrl_reg[I]	core.dec_block.ready_reg	core.dec_block.dec_ctrl_reg[1]$_DFF_PN0_/Q	core.dec_block.ready_reg$_DFFE_PN1P_/D
75	0.4735	next_reg	core.dec_block.round_ctr_reg[I]	next_reg$_DFF_PN0_/Q	core.dec_block.round_ctr_reg[2]$_DFFE_PN0P_/D
76	0.4738	core.enc_block.round_ctr_reg[I]	core.enc_block.round_ctr_reg[I]	core.enc_block.round_ctr_reg[1]$_DFFE_PN0P_/Q	core.enc_block.round_ctr_reg[3]$_DFFE_PN0P_/D
77	0.4774	reset_n	core.enc_block.block_wI_reg[J]	reset_n	core.enc_block.block_w0_reg[31]$_DFFE_PN0P_/RN
78	0.4784	key_reg[I][J]	core.keymem.prev_keyI_reg[J]	key_reg[4][1]$_DFFE_PN0P_/Q	core.keymem.prev_key1_reg[97]$_DFFE_PN0P_/D
79	0.4786	core.enc_block.ready_reg	core.aes_core_ctrl_reg[I]	core.enc_block.ready_reg$_DFFE_PN1P_/Q	core.aes_core_ctrl_reg[1]$_DFF_PN0_/D
80	0.4787	write_data[I]	block_reg[I][J]	write_data[6]	block_reg[3][6]$_DFFE_PN0P_/D
81	0.4814	reset_n	core.keymem.ready_reg	reset_n	core.keymem.ready_reg$_DFFE_PN1P_/SN
82	0.4815	reset_n	result_reg[I]	reset_n	result_reg[39]$_DFF_PN0_/RN
83	0.4823	encdec_reg	core.dec_block.dec_ctrl_reg[I]	encdec_reg$_DFFE_PN0P_/Q	core.dec_block.dec_ctrl_reg[2]$_DFF_PN0_/D
84	0.4831	core.enc_block.enc_ctrl_reg[I]	core.enc_block.ready_reg	core.enc_block.enc_ctrl_reg[1]$_DFF_PN0_/Q	core.enc_block.ready_reg$_DFFE_PN1P_/D
85	0.4837	reset_n	core.keymem.prev_keyI_reg[J]	reset_n	core.keymem.prev_key0_reg[53]$_DFFE_PN0P_/RN
86	0.4841	reset_n	key_reg[I][J]	reset_n	key_reg[2][14]$_DFFE_PN0P_/RN
87	0.4870	keylen_reg	core.enc_block.enc_ctrl_reg[I]	keylen_reg$_DFFE_PN0P_/QN	core.enc_block.enc_ctrl_reg[1]$_DFF_PN0_/D
88	0.4930	block_reg[I][J]	core.enc_block.block_wI_reg[J]	block_reg[3][21]$_DFFE_PN0P_/Q	core.enc_block.block_w3_reg[21]$_DFFE_PN0P_/D
89	0.4951	write_data[I]	next_reg	write_data[1]	next_reg$_DFF_PN0_/D
90	0.4953	core.keymem.round_ctr_reg[I]	core.keymem.round_ctr_reg[I]	core.keymem.round_ctr_reg[0]$_DFFE_PN0P_/Q	core.keymem.round_ctr_reg[2]$_DFFE_PN0P_/D
91	0.4962	core.dec_block.block_wI_reg[J]	result_reg[I]	core.dec_block.block_w1_reg[18]$_DFFE_PN0P_/Q	result_reg[82]$_DFF_PN0_/D
92	0.4969	init_reg	core.aes_core_ctrl_reg[I]	init_reg$_DFF_PN0_/Q	core.aes_core_ctrl_reg[1]$_DFF_PN0_/D
93	0.4992	core.dec_block.ready_reg	core.aes_core_ctrl_reg[I]	core.dec_block.ready_reg$_DFFE_PN1P_/Q	core.aes_core_ctrl_reg[1]$_DFF_PN0_/D
94	0.4994	reset_n	core.keymem.round_ctr_reg[I]	reset_n	core.keymem.round_ctr_reg[0]$_DFFE_PN0P_/RN
95	0.5028	core.enc_block.sword_ctr_reg[I]	core.enc_block.enc_ctrl_reg[I]	core.enc_block.sword_ctr_reg[1]$_DFFE_PN0P_/Q	core.enc_block.enc_ctrl_reg[0]$_DFF_PN1_/D
96	0.5040	cs	next_reg	cs	next_reg$_DFF_PN0_/D
97	0.5062	reset_n	core.enc_block.enc_ctrl_reg[I]	reset_n	core.enc_block.enc_ctrl_reg[1]$_DFF_PN0_/RN
98	0.5064	cs	init_reg	cs	init_reg$_DFF_PN0_/D
99	0.5065	reset_n	core.enc_block.sword_ctr_reg[I]	reset_n	core.enc_block.sword_ctr_reg[0]$_DFFE_PN0P_/RN
100	0.5075	core.dec_block.dec_ctrl_reg[I]	core.dec_block.dec_ctrl_reg[I]	core.dec_block.dec_ctrl_reg[3]$_DFF_PN0_/Q	core.dec_block.dec_ctrl_reg[0]$_DFF_PN1_/D
