# stage	6_final
# top_module	wb_dma_top
# top_n	100
# kind	blocks
# include_full	1
# rank	worst_slack_ns	start	end	start_full	end_full
1	-0.1068	wbI_addr_i[J]	wbI_addr_o[J]	wb1_addr_i[30]	wb0_addr_o[10]
2	-0.0988	wbI_addr_i[J]	wbIs_data_o[J]	wb0_addr_i[29]	wb1s_data_o[31]
3	-0.0987	wbI_addr_i[J]	wbIm_data_o[J]	wb0_addr_i[29]	wb0m_data_o[25]
4	-0.0876	wbI_addr_i[J]	wbI_stb_o	wb0_addr_i[29]	wb1_stb_o
5	-0.0856	wbI_addr_i[J]	wbI_ack_o	wb0_addr_i[29]	wb0_ack_o
6	-0.0815	wbI_addr_i[J]	wbI_we_o	wb0_addr_i[29]	wb1_we_o
7	-0.0799	uI.csr_r[J]	wbIs_data_o[J]	u2.csr_r[2]$_DFF_P_/Q	wb1s_data_o[22]
8	-0.0782	wbI_addr_i[J]	wbI_cyc_o	wb1_addr_i[30]	wb0_cyc_o
9	-0.0770	wbI_addr_i[J]	wbI_err_o	wb1_addr_i[30]	wb1_err_o
10	-0.0723	wbI_addr_i[J]	wbI_rty_o	wb1_addr_i[30]	wb1_rty_o
11	-0.0680	uI.mJ_we_r	wbIs_data_o[J]	u2.m0_we_r$_DFF_P_/Q	wb0s_data_o[18]
12	-0.0665	wbI_addr_i[J]	wbI_sel_o[J]	wb1_addr_i[30]	wb0_sel_o[3]
13	-0.0548	wbI_cyc_i	wbI_addr_o[J]	wb1_cyc_i	wb0_addr_o[29]
14	-0.0506	wbI_cyc_i	wbI_sel_o[J]	wb1_cyc_i	wb0_sel_o[3]
15	-0.0389	uI.uJ.mast_dout[K]	wbIs_data_o[J]	u3.u0.mast_dout[10]$_DFFE_PP_/Q	wb0s_data_o[10]
16	-0.0385	wbI_cyc_i	wbIs_data_o[J]	wb0_cyc_i	wb1s_data_o[31]
17	-0.0278	wbI_cyc_i	wbI_stb_o	wb1_cyc_i	wb0_stb_o
18	-0.0272	wbI_cyc_i	wbI_we_o	wb1_cyc_i	wb0_we_o
19	-0.0272	wbI_cyc_i	wbI_ack_o	wb1_cyc_i	wb1_ack_o
20	-0.0231	wbI_cyc_i	wbIm_data_o[J]	wb1_cyc_i	wb1m_data_o[10]
21	-0.0081	wbI_cyc_i	wbI_err_o	wb1_cyc_i	wb1_err_o
22	0.0130	wbI_cyc_i	wbI_cyc_o	wb1_cyc_i	wb0_cyc_o
23	0.0184	uI.uJ.pri_outK[L]	uI.chunk_cnt[J]	u1.u0.pri_out0[1]$_DFF_P_/Q	u2.chunk_cnt[7]$_DFFE_PP_/D
24	0.0237	uI.uJ.pri_outK[L]	uI.adrJ_cnt[K]	u1.u0.pri_out0[1]$_DFF_P_/Q	u2.adr1_cnt[0]$_DFFE_PP_/D
25	0.0265	uI.uJ.pri_outK[L]	uI.chunk_J	u1.u0.pri_out0[1]$_DFF_P_/Q	u2.chunk_0$_DFF_P_/D
26	0.0309	wbI_cyc_i	wbI_rty_o	wb0_cyc_i	wb0_rty_o
27	0.0339	uI.uJ.pri_outK[L]	uI.uJ.ch_txsz_s[K]	u1.u0.pri_out0[1]$_DFF_P_/Q	u0.u1.ch_txsz_s[10]$_DFFE_PP_/D
28	0.0355	uI.uJ.pri_outK[L]	uI.state[J]	u1.u0.pri_out0[1]$_DFF_P_/Q	u2.state[10]$_DFF_P_/D
29	0.0382	uI.state[J]	uI.chunk_cnt[J]	u2.state[8]$_DFF_P_/Q	u2.chunk_cnt[7]$_DFFE_PP_/D
30	0.0431	uI.uJ.pri_outK[L]	uI.ch_sel_r[J]	u1.u0.pri_out0[1]$_DFF_P_/Q	u1.ch_sel_r[4]$_SDFFE_PP0P_/D
31	0.0452	uI.uJ.pri_outK[L]	uI.tsz_cnt[J]	u1.u0.pri_out0[1]$_DFF_P_/Q	u2.tsz_cnt[11]$_DFFE_PP_/D
32	0.0463	uI.state[J]	uI.chunk_J	u2.state[8]$_DFF_P_/Q	u2.chunk_0$_DFF_P_/D
33	0.0504	uI.uJ.pri_outK[L]	uI.uJ.pointer_r[K]	u1.u0.pri_out0[1]$_DFF_P_/Q	u0.u5.pointer_r[24]$_DFFE_PP_/D
34	0.0511	uI.uJ.pri_outK[L]	uI.uJ.ch_tot_sz_r[K]	u1.u0.pri_out0[1]$_DFF_P_/Q	u0.u1.ch_tot_sz_r[10]$_DFFE_PP_/D
35	0.0559	uI.uJ.state[K]	uI.adrJ_cnt[K]	u1.u2.state[0]$_SDFFE_PP0P_/Q	u2.adr1_cnt[0]$_DFFE_PP_/D
36	0.0561	uI.uJ.state[K]	uI.chunk_cnt[J]	u1.u1.state[4]$_SDFFE_PP0P_/Q	u2.chunk_cnt[7]$_DFFE_PP_/D
37	0.0600	uI.uJ.pri_outK[L]	uI.mastJ_adr[K]	u1.u0.pri_out0[1]$_DFF_P_/Q	u2.mast0_adr[27]$_DFF_P_/D
38	0.0642	uI.uJ.state[K]	uI.chunk_J	u1.u1.state[4]$_SDFFE_PP0P_/Q	u2.chunk_0$_DFF_P_/D
39	0.0647	uI.uJ.slv_adr[K]	_I_	u3.u1.slv_adr[9]$_DFF_P_/Q	_57900_/D
40	0.0661	uI.uJ.state[K]	uI.uJ.ch_txsz_s[K]	u1.u2.state[0]$_SDFFE_PP0P_/Q	u0.u1.ch_txsz_s[10]$_DFFE_PP_/D
41	0.0677	uI.uJ.state[K]	uI.state[J]	u1.u2.state[0]$_SDFFE_PP0P_/Q	u2.state[10]$_DFF_P_/D
42	0.0681	uI.state[J]	uI.uJ.ch_txsz_s[K]	u2.state[3]$_DFF_P_/Q	u0.u7.ch_txsz_s[1]$_DFFE_PP_/D
43	0.0688	uI.state[J]	uI.mastJ_adr[K]	u2.state[8]$_DFF_P_/Q	u2.mast0_adr[8]$_DFF_P_/D
44	0.0692	uI.uJ.state[K]	uI.tsz_cnt[J]	u1.u1.state[2]$_SDFFE_PP0P_/Q	u2.tsz_cnt[6]$_DFFE_PP_/D
45	0.0714	uI.tsz_cnt[J]	wbIs_data_o[J]	u2.tsz_cnt[9]$_DFFE_PP_/Q	wb0s_data_o[9]
46	0.0732	uI.uJ.state[K]	uI.uJ.pointer_r[K]	u1.u1.state[2]$_SDFFE_PP0P_/Q	u0.u5.pointer_r[24]$_DFFE_PP_/D
47	0.0749	uI.uJ.state[K]	uI.csr_r[J]	u1.u1.state[2]$_SDFFE_PP0P_/Q	u2.csr_r[3]$_DFF_P_/D
48	0.0750	uI.uJ.pri_outK[L]	uI.uJ.ch_chk_sz_r[K]	u1.u0.pri_out0[1]$_DFF_P_/Q	u0.u1.ch_chk_sz_r[3]$_DFFE_PP_/D
49	0.0753	uI.uJ.state[K]	uI.ch_sel_r[J]	u1.u2.state[0]$_SDFFE_PP0P_/Q	u1.ch_sel_r[4]$_SDFFE_PP0P_/D
50	0.0798	uI.ch_sel_r[J]	uI.chunk_cnt[J]	u1.ch_sel_r[0]$_SDFFE_PP0P_/Q	u2.chunk_cnt[7]$_DFFE_PP_/D
51	0.0828	uI.uJ.state[K]	uI.mastJ_adr[K]	u1.u1.state[2]$_SDFFE_PP0P_/Q	u2.mast0_adr[27]$_DFF_P_/D
52	0.0831	uI.uJ.pri_outK[L]	uI.uJ.ch_adrK_s[L]	u1.u0.pri_out0[1]$_DFF_P_/Q	u0.u11.ch_adr1_s[0]$_DFFE_PP_/D
53	0.0833	uI.uJ.state[K]	uI.uJ.ch_tot_sz_r[K]	u1.u2.state[0]$_SDFFE_PP0P_/Q	u0.u1.ch_tot_sz_r[10]$_DFFE_PP_/D
54	0.0849	uI.uJ.pri_outK[L]	uI.csr_r[J]	u1.u0.pri_out0[1]$_DFF_P_/Q	u2.csr_r[3]$_DFF_P_/D
55	0.0871	wbI_ack_i	wbI_ack_o	wb1_ack_i	wb0_ack_o
56	0.0879	uI.ch_sel_r[J]	uI.chunk_J	u1.ch_sel_r[0]$_SDFFE_PP0P_/Q	u2.chunk_0$_DFF_P_/D
57	0.0892	uI.state[J]	uI.uJ.ch_rl	u2.state[8]$_DFF_P_/Q	u0.u9.ch_rl$_DFF_P_/D
58	0.0934	_I_	wbIm_data_o[J]	_57894_/Q	wb0m_data_o[31]
59	0.0961	uI.uJ.state[K]	uI.uJ.ch_adrK_s[L]	u1.u1.state[3]$_SDFFE_PP0P_/Q	u0.u11.ch_adr1_s[0]$_DFFE_PP_/D
60	0.0983	wbIs_data_i[J]	wbIm_data_o[J]	wb1s_data_i[11]	wb0m_data_o[11]
61	0.0993	uI.uJ.slv_adr[K]	uI.uJ.ch_csr_r[K]	u3.u1.slv_adr[6]$_DFF_P_/QN	u0.u9.ch_csr_r[4]$_SDFFE_PP0P_/D
62	0.1004	uI.uJ.pri_outK[L]	uI.uJ.pointer_sr[K]	u1.u0.pri_out0[1]$_DFF_P_/Q	u0.u13.pointer_sr[27]$_DFFE_PP_/D
63	0.1006	wbIm_data_i[J]	wbIs_data_o[J]	wb0m_data_i[10]	wb1s_data_o[10]
64	0.1014	wbI_stb_i	wbI_stb_o	wb0_stb_i	wb1_stb_o
65	0.1017	uI.state[J]	uI.ch_sel_r[J]	u2.state[8]$_DFF_P_/Q	u1.ch_sel_r[4]$_SDFFE_PP0P_/D
66	0.1020	uI.state[J]	uI.uJ.ch_tot_sz_r[K]	u2.state[3]$_DFF_P_/Q	u0.u13.ch_tot_sz_r[1]$_DFFE_PP_/D
67	0.1022	wbI_we_i	wbI_we_o	wb0_we_i	wb1_we_o
68	0.1026	uI.state[J]	uI.uJ.ch_chk_sz_r[K]	u2.state[3]$_DFF_P_/Q	u0.u7.ch_chk_sz_r[9]$_DFFE_PP_/D
69	0.1072	uI.uJ.state[K]	uI.uJ.ch_chk_sz_r[K]	u1.u2.state[0]$_SDFFE_PP0P_/Q	u0.u1.ch_chk_sz_r[3]$_DFFE_PP_/D
70	0.1082	uI.state[J]	uI.adrJ_cnt[K]	u2.state[8]$_DFF_P_/Q	u2.adr1_cnt[0]$_DFFE_PP_/D
71	0.1121	uI.uJ.slv_adr[K]	uI.uJ.sw_pointer_r[K]	u3.u1.slv_adr[8]$_DFF_P_/QN	u0.u12.sw_pointer_r[4]$_SDFFE_PP0P_/D
72	0.1129	uI.uJ.state[K]	uI.uJ.ch_csr_r[K]	u1.u1.state[2]$_SDFFE_PP0P_/Q	u0.u7.ch_csr_r[1]$_SDFFE_PP0P_/D
73	0.1134	uI.state[J]	uI.uJ.ch_eol	u2.state[8]$_DFF_P_/Q	u0.u15.ch_eol$_SDFFE_PP0P_/D
74	0.1145	uI.state[J]	uI.uJ.ch_adrK_s[L]	u2.state[8]$_DFF_P_/Q	u0.u8.ch_adr0_s[1]$_DFFE_PP_/D
75	0.1150	uI.state[J]	uI.uJ.ch_csr_r[K]	u2.state[8]$_DFF_P_/Q	u0.u15.ch_csr_r[0]$_SDFFE_PP0P_/D
76	0.1154	uI.mastJ_adr[K]	wbI_addr_o[J]	u2.mast0_adr[29]$_DFF_P_/Q	wb0_addr_o[29]
77	0.1163	uI.uJ.slv_adr[K]	uI.uJ.rest_en	u3.u1.slv_adr[6]$_DFF_P_/QN	u0.u9.rest_en$_SDFFE_PP0P_/D
78	0.1165	uI.uJ.state[K]	uI.uJ.ch_rl	u1.u1.state[2]$_SDFFE_PP0P_/Q	u0.u9.ch_rl$_DFF_P_/D
79	0.1200	uI.state[J]	uI.state[J]	u2.state[8]$_DFF_P_/Q	u2.state[10]$_DFF_P_/D
80	0.1217	uI.state[J]	uI.tsz_cnt[J]	u2.state[8]$_DFF_P_/Q	u2.tsz_cnt[2]$_DFFE_PP_/D
81	0.1229	uI.uJ.pri_outK[L]	uI.uJ.ch_csr_r[K]	u1.u0.pri_out0[1]$_DFF_P_/Q	u0.u7.ch_csr_r[1]$_SDFFE_PP0P_/D
82	0.1255	uI.uJ.pri_outK[L]	uI.uJ.ch_adrK_r[L]	u1.u0.pri_out0[1]$_DFF_P_/Q	u0.u1.ch_adr1_r[26]$_DFFE_PP_/D
83	0.1289	wbI_sel_i[J]	wbI_sel_o[J]	wb0_sel_i[0]	wb1_sel_o[0]
84	0.1293	uI.uJ.pri_outK[L]	uI.uJ.ptr_valid	u1.u0.pri_out0[1]$_DFF_P_/Q	u0.u1.ptr_valid$_SDFFE_PP0P_/D
85	0.1302	uI.uJ.state[K]	uI.uJ.pointer_sr[K]	u1.u1.state[2]$_SDFFE_PP0P_/Q	u0.u5.pointer_sr[27]$_DFFE_PP_/D
86	0.1304	uI.state[J]	uI.uJ.pointer_r[K]	u2.state[1]$_DFF_P_/Q	u0.u5.pointer_r[24]$_DFFE_PP_/D
87	0.1318	uI.state[J]	uI.csr_r[J]	u2.state[1]$_DFF_P_/Q	u2.csr_r[3]$_DFF_P_/D
88	0.1321	uI.state[J]	uI.uJ.ptr_valid	u2.state[8]$_DFF_P_/Q	u0.u15.ptr_valid$_SDFFE_PP0P_/D
89	0.1338	uI.uJ.slv_adr[K]	uI.uJ.ch_amK_r[L]	u3.u1.slv_adr[6]$_DFF_P_/QN	u0.u2.ch_am0_r[23]$_SDFFE_PP1P_/D
90	0.1352	uI.uJ.state[K]	uI.uJ.ch_adrK_r[L]	u1.u1.state[2]$_SDFFE_PP0P_/Q	u0.u6.ch_adr1_r[12]$_DFFE_PP_/D
91	0.1364	uI.uJ.slv_adr[K]	uI.uJ.ch_adrK_s[L]	u3.u1.slv_adr[6]$_DFF_P_/QN	u0.u9.ch_adr1_s[26]$_DFFE_PP_/D
92	0.1398	uI.wb_rf_dout[J]	wbIm_data_o[J]	u0.wb_rf_dout[0]$_DFFE_PP_/Q	wb0m_data_o[0]
93	0.1398	wbI_err_i	wbI_err_o	wb1_err_i	wb0_err_o
94	0.1400	uI.uJ.pri_outK[L]	uI.uJ.ch_rl	u1.u0.pri_out0[1]$_DFF_P_/Q	u0.u9.ch_rl$_DFF_P_/D
95	0.1406	uI.uJ.state[K]	uI.uJ.ch_eol	u1.u1.state[2]$_SDFFE_PP0P_/Q	u0.u15.ch_eol$_SDFFE_PP0P_/D
96	0.1409	uI.uJ.pri_outK[L]	uI.uJ.ch_done	u1.u0.pri_out0[1]$_DFF_P_/Q	u0.u11.ch_done$_SDFFE_PP0P_/D
97	0.1422	uI.state[J]	uI.ack_o[J]	u2.state[8]$_DFF_P_/Q	u1.ack_o[12]$_DFF_P_/D
98	0.1431	wbI_rty_i	wbI_rty_o	wb1_rty_i	wb0_rty_o
99	0.1443	uI.state[J]	uI.uJ.ch_done	u2.state[8]$_DFF_P_/Q	u0.u2.ch_done$_SDFFE_PP0P_/D
100	0.1472	uI.uJ.mast_stb	wbI_stb_o	u4.u0.mast_stb$_DFF_P_/Q	wb1_stb_o
