# stage	6_final
# top_module	fpu
# top_n	100
# kind	blocks
# include_full	1
# rank	worst_slack_ns	start	end	start_full	end_full
1	-0.4448	uI.mul_a[J]	uI.product_f[J]	u3.mul_a[30]$_SDFFE_PP0P_/Q	u3.product_f[33]$_SDFFE_PP0P_/D
2	-0.4436	uI.mul_a[J]	uI.product_g[J]	u3.mul_a[30]$_SDFFE_PP0P_/Q	u3.product_g[31]$_SDFFE_PP0P_/D
3	-0.4274	uI.mul_b[J]	uI.product_g[J]	u3.mul_b[39]$_SDFFE_PP0P_/Q	u3.product_g[31]$_SDFFE_PP0P_/D
4	-0.4227	uI.mul_a[J]	uI.product_e[J]	u3.mul_a[30]$_SDFFE_PP0P_/Q	u3.product_e[31]$_SDFFE_PP0P_/D
5	-0.4059	uI.mul_b[J]	uI.product_e[J]	u3.mul_b[6]$_SDFFE_PP0P_/Q	u3.product_e[31]$_SDFFE_PP0P_/D
6	-0.4045	uI.mul_b[J]	uI.product_f[J]	u3.mul_b[23]$_SDFFE_PP0P_/Q	u3.product_f[33]$_SDFFE_PP0P_/D
7	-0.3308	uI.mul_b[J]	uI.product_j[J]	u3.mul_b[39]$_SDFFE_PP0P_/Q	u3.product_j[28]$_SDFFE_PP0P_/D
8	-0.3268	uI.mul_b[J]	uI.product_i[J]	u3.mul_b[22]$_SDFFE_PP0P_/Q	u3.product_i[27]$_SDFFE_PP0P_/D
9	-0.3260	uI.mul_b[J]	uI.sub_pc_hi[J]	u3.mul_b[41]$_SDFFE_PP0P_/Q	u3.sub_pc_hi[22]$_SDFFE_PP0P_/D
10	-0.3139	uI.mul_b[J]	uI.sub_pb_lo[J]	u3.mul_b[25]$_SDFFE_PP0P_/Q	u3.sub_pb_lo[28]$_SDFFE_PP0P_/D
11	-0.3105	uI.mul_b[J]	uI.sub_pc_lo[J]	u3.mul_b[41]$_SDFFE_PP0P_/Q	u3.sub_pc_lo[24]$_SDFFE_PP0P_/D
12	-0.2981	uI.mul_a[J]	uI.product_j[J]	u3.mul_a[51]$_SDFFE_PP0P_/Q	u3.product_j[28]$_SDFFE_PP0P_/D
13	-0.2948	uI.mul_a[J]	uI.product_i[J]	u3.mul_a[51]$_SDFFE_PP0P_/Q	u3.product_i[27]$_SDFFE_PP0P_/D
14	-0.2923	uI.mul_a[J]	uI.sub_pa_hi[J]	u3.mul_a[16]$_SDFFE_PP0P_/Q	u3.sub_pa_hi[28]$_SDFFE_PP0P_/D
15	-0.2920	uI.mul_b[J]	uI.sub_pb_hi[J]	u3.mul_b[22]$_SDFFE_PP0P_/Q	u3.sub_pb_hi[27]$_SDFFE_PP0P_/D
16	-0.2912	uI.mul_a[J]	uI.sub_pc_hi[J]	u3.mul_a[17]$_SDFFE_PP0P_/Q	u3.sub_pc_hi[27]$_SDFFE_PP0P_/D
17	-0.2859	uI.mul_b[J]	uI.sub_pa_hi[J]	u3.mul_b[4]$_SDFFE_PP0P_/Q	u3.sub_pa_hi[28]$_SDFFE_PP0P_/D
18	-0.2848	uI.mul_a[J]	uI.sub_pb_hi[J]	u3.mul_a[17]$_SDFFE_PP0P_/Q	u3.sub_pb_hi[25]$_SDFFE_PP0P_/D
19	-0.2841	uI.mul_b[J]	uI.sub_pa_lo[J]	u3.mul_b[0]$_SDFFE_PP0P_/Q	u3.sub_pa_lo[22]$_SDFFE_PP0P_/D
20	-0.2770	uI.mul_a[J]	uI.sub_pb_lo[J]	u3.mul_a[4]$_SDFFE_PP0P_/Q	u3.sub_pb_lo[28]$_SDFFE_PP0P_/D
21	-0.2663	uI.mul_a[J]	uI.sub_pa_lo[J]	u3.mul_a[3]$_SDFFE_PP0P_/Q	u3.sub_pa_lo[26]$_SDFFE_PP0P_/D
22	-0.2609	uI.mul_a[J]	uI.sub_pc_lo[J]	u3.mul_a[5]$_SDFFE_PP0P_/Q	u3.sub_pc_lo[24]$_SDFFE_PP0P_/D
23	-0.2550	uI.mul_b[J]	uI.product_h[J]	u3.mul_b[8]$_SDFFE_PP0P_/Q	u3.product_h[27]$_SDFFE_PP0P_/D
24	-0.2385	uI.mul_a[J]	uI.product_h[J]	u3.mul_a[46]$_SDFFE_PP0P_/Q	u3.product_h[25]$_SDFFE_PP0P_/D
25	-0.0156	uI.mul_b[J]	uI.product_d[J]	u3.mul_b[51]$_SDFFE_PP0P_/Q	u3.product_d[23]$_SDFFE_PP0P_/D
26	0.0585	uI.sum_J[K]	uI.sum_J[K]	u3.sum_1[10]$_SDFFE_PP0P_/Q	u3.sum_2[34]$_SDFFE_PP0P_/D
27	0.0885	uI.product_c[J]	uI.sum_J[K]	u3.product_c[0]$_SDFFE_PP0P_/Q	u3.sum_2[34]$_SDFFE_PP0P_/D
28	0.0926	uI.mul_a[J]	uI.product_d[J]	u3.mul_a[1]$_SDFFE_PP0P_/Q	u3.product_d[23]$_SDFFE_PP0P_/D
29	0.1006	uI.large_add[J]	uI.sum[J]	u1.large_add[18]$_SDFFE_PP0P_/Q	u1.sum[39]$_SDFFE_PP0P_/D
30	0.1050	uI.small_shift_J[K]	uI.sum[J]	u1.small_shift_3[16]$_SDFFE_PP0P_/Q	u1.sum[39]$_SDFFE_PP0P_/D
31	0.1074	uI.minuend[J]	uI.diff[J]	u2.minuend[2]$_SDFFE_PP0P_/Q	u2.diff[48]$_SDFFE_PP0P_/D
32	0.1086	uI.subtra_shift_J[K]	uI.diff[J]	u2.subtra_shift_3[2]$_SDFFE_PP0P_/QN	u2.diff[48]$_SDFFE_PP0P_/D
33	0.1214	uI.diff[J]	uI.diff_shift_J[K]	u2.diff[46]$_SDFFE_PP0P_/Q	u2.diff_shift_2[5]$_SDFFE_PP0P_/D
34	0.1280	opb_reg[I]	uI.opb_pos_inf	opb_reg[45]$_SDFFE_PP0P_/Q	u6.opb_pos_inf$_SDFFE_PP0P_/D
35	0.1291	uI.product_a[J]	uI.sum_J[K]	u3.product_a[25]$_SDFFE_PP0P_/Q	u3.sum_0[26]$_SDFFE_PP0P_/D
36	0.1300	opb_reg[I]	uI.opb_neg_inf	opb_reg[45]$_SDFFE_PP0P_/Q	u6.opb_neg_inf$_SDFFE_PP0P_/D
37	0.1326	uI.dividend_reg[J]	uI.dividend_reg[J]	u4.dividend_reg[0]$_SDFFE_PP0P_/Q	u4.dividend_reg[34]$_SDFFE_PP0P_/D
38	0.1331	uI.product_b[J]	uI.sum_J[K]	u3.product_b[8]$_SDFFE_PP0P_/Q	u3.sum_0[26]$_SDFFE_PP0P_/D
39	0.1344	mantissa_round[I]	uI.sum_round[J]	mantissa_round[5]$_SDFF_PN0_/Q	u5.sum_round[51]$_SDFF_PP0_/D
40	0.1446	uI.exponent_J[K]	uI.product_J[K]	u3.exponent_2[0]$_SDFFE_PP0P_/Q	u3.product_4[62]$_SDFFE_PP0P_/D
41	0.1451	opb_reg[I]	uI.opb_inf	opb_reg[45]$_SDFFE_PP0P_/Q	u6.opb_inf$_SDFFE_PP0P_/D
42	0.1534	ready	ready	ready$_SDFF_PP0_/Q	ready
43	0.1540	uI.product_f[J]	uI.sum_J[K]	u3.product_f[4]$_SDFFE_PP0P_/Q	u3.sum_4[33]$_SDFFE_PP0P_/D
44	0.1542	uI.divisor_b[J]	uI.divisor_shift_J[K]	u4.divisor_b[51]$_SDFFE_PP0P_/Q	u4.divisor_shift_2[5]$_SDFFE_PP0P_/D
45	0.1543	uI.product_e[J]	uI.sum_J[K]	u3.product_e[0]$_SDFFE_PP0P_/Q	u3.sum_1[34]$_SDFFE_PP0P_/D
46	0.1543	out[I]	out[I]	out[44]$_SDFFE_PP0P_/Q	out[44]
47	0.1645	uI.dividend_reg[J]	uI.quotient[J]	u4.dividend_reg[0]$_SDFFE_PP0P_/Q	u4.quotient[52]$_SDFFE_PP0P_/D
48	0.1662	exception	exception	exception$_SDFFE_PP0P_/Q	exception
49	0.1670	underflow	underflow	underflow$_SDFFE_PP0P_/Q	underflow
50	0.1674	overflow	overflow	overflow$_SDFFE_PP0P_/Q	overflow
51	0.1676	inexact	inexact	inexact$_SDFFE_PP0P_/Q	inexact
52	0.1677	invalid	invalid	invalid$_SDFFE_PP0P_/Q	invalid
53	0.1679	uI.divisor_reg[J]	uI.dividend_reg[J]	u4.divisor_reg[1]$_SDFFE_PP0P_/Q	u4.dividend_reg[34]$_SDFFE_PP0P_/D
54	0.1680	uI.dividend_a[J]	uI.dividend_shift_J[K]	u4.dividend_a[42]$_SDFFE_PP0P_/Q	u4.dividend_shift_2[3]$_SDFFE_PP0P_/D
55	0.1698	opb_reg[I]	uI.opb_et_zero	opb_reg[45]$_SDFFE_PP0P_/Q	u6.opb_et_zero$_SDFFE_PP0P_/D
56	0.1749	uI.exponent_small[J]	uI.exponent_diff[J]	u2.exponent_small[0]$_SDFFE_PP0P_/Q	u2.exponent_diff[10]$_SDFFE_PP0P_/D
57	0.1779	uI.remainder_shift_term[J]	uI.remainder_b[J]	u4.remainder_shift_term[0]$_SDFFE_PP0P_/Q	u4.remainder_b[92]$_SDFFE_PP0P_/D
58	0.1783	opb_reg[I]	uI.opb_SNaN	opb_reg[45]$_SDFFE_PP0P_/Q	u6.opb_SNaN$_SDFFE_PP0P_/D
59	0.1812	uI.exponent_large[J]	uI.exponent_diff[J]	u2.exponent_large[0]$_SDFFE_PP0P_/QN	u2.exponent_diff[10]$_SDFFE_PP0P_/D
60	0.1814	opb_reg[I]	uI.opb_QNaN	opb_reg[45]$_SDFFE_PP0P_/Q	u6.opb_QNaN$_SDFFE_PP0P_/D
61	0.1855	uI.large_norm_small_denorm	uI.exponent_diff[J]	u2.large_norm_small_denorm$_SDFFE_PP0P_/Q	u2.exponent_diff[10]$_SDFFE_PP0P_/D
62	0.1864	uI.product_g[J]	uI.sum_J[K]	u3.product_g[3]$_SDFFE_PP0P_/Q	u3.sum_7[35]$_SDFFE_PP0P_/D
63	0.1878	uI.product_i[J]	uI.sum_J[K]	u3.product_i[0]$_SDFFE_PP0P_/Q	u3.sum_6[28]$_SDFFE_PP0P_/D
64	0.1887	uI.product_h[J]	uI.sum_J[K]	u3.product_h[0]$_SDFFE_PP0P_/Q	u3.sum_3[34]$_SDFFE_PP0P_/D
65	0.1935	uI.a_is_norm	uI.exponent_terms[J]	u3.a_is_norm$_SDFFE_PP0P_/Q	u3.exponent_terms[10]$_SDFFE_PP0P_/D
66	0.1954	uI.product_shift_J[K]	uI.product_J[K]	u3.product_shift_2[1]$_SDFFE_PP0P_/Q	u3.product_3[63]$_SDFFE_PP0P_/D
67	0.1998	uI.divisor_reg[J]	uI.quotient[J]	u4.divisor_reg[1]$_SDFFE_PP0P_/Q	u4.quotient[52]$_SDFFE_PP0P_/D
68	0.2051	uI.b_is_norm	uI.exponent_terms[J]	u3.b_is_norm$_SDFFE_PP0P_/Q	u3.exponent_terms[10]$_SDFFE_PP0P_/D
69	0.2061	uI.exponent_large[J]	uI.diff_J[K]	u2.exponent_large[1]$_SDFFE_PP0P_/Q	u2.diff_1[51]$_SDFFE_PP0P_/D
70	0.2097	uI.divisor_shift_J[K]	uI.divisor_b_shifted[J]	u4.divisor_shift_2[1]$_SDFFE_PP0P_/Q	u4.divisor_b_shifted[51]$_SDFFE_PP0P_/D
71	0.2109	opb_reg[I]	uI.b_is_zero	opb_reg[45]$_SDFFE_PP0P_/Q	u3.b_is_zero$_SDFFE_PP0P_/D
72	0.2119	uI.dividend_shift_J[K]	uI.dividend_a_shifted[J]	u4.dividend_shift_2[1]$_SDFFE_PP0P_/Q	u4.dividend_a_shifted[51]$_SDFFE_PP0P_/D
73	0.2136	uI.product_j[J]	uI.sum_J[K]	u3.product_j[2]$_SDFFE_PP0P_/Q	u3.sum_8[23]$_SDFFE_PP0P_/D
74	0.2171	uI.diffshift_gt_exponent	uI.diff_J[K]	u2.diffshift_gt_exponent$_SDFFE_PP0P_/Q	u2.diff_1[51]$_SDFFE_PP0P_/D
75	0.2186	uI.sub_pb_hi[J]	uI.product_b[J]	u3.sub_pb_hi[0]$_SDFFE_PP0P_/Q	u3.product_b[34]$_SDFFE_PP0P_/D
76	0.2190	uI.exponent_a[J]	uI.exponent_terms[J]	u3.exponent_a[0]$_SDFFE_PP0P_/QN	u3.exponent_terms[10]$_SDFFE_PP0P_/D
77	0.2194	uI.sub_pa_hi[J]	uI.product_a[J]	u3.sub_pa_hi[0]$_SDFFE_PP0P_/Q	u3.product_a[34]$_SDFFE_PP0P_/D
78	0.2204	uI.product_d[J]	uI.sum_J[K]	u3.product_d[0]$_SDFFE_PP0P_/Q	u3.sum_5[24]$_SDFFE_PP0P_/D
79	0.2228	opa_reg[I]	uI.exponent_out[J]	opa_reg[39]$_SDFFE_PP0P_/Q	u4.exponent_out[10]$_SDFF_PP0_/D
80	0.2244	sub_enable	uI.mantissa_small[J]	sub_enable$_SDFF_PP0_/Q	u2.mantissa_small[39]$_SDFFE_PP0P_/D
81	0.2273	sub_enable	uI.mantissa_large[J]	sub_enable$_SDFF_PP0_/Q	u2.mantissa_large[19]$_SDFFE_PP0P_/D
82	0.2275	uI.diff_shift_J[K]	uI.diff_J[K]	u2.diff_shift_2[1]$_SDFFE_PP0P_/Q	u2.diff_1[51]$_SDFFE_PP0P_/D
83	0.2278	sub_enable	uI.subtrahend[J]	sub_enable$_SDFF_PP0_/Q	u2.subtrahend[29]$_SDFFE_PP0P_/D
84	0.2281	uI.sub_pb_lo[J]	uI.product_b[J]	u3.sub_pb_lo[12]$_SDFFE_PP0P_/Q	u3.product_b[34]$_SDFFE_PP0P_/D
85	0.2329	uI.sub_pa_lo[J]	uI.product_a[J]	u3.sub_pa_lo[12]$_SDFFE_PP0P_/Q	u3.product_a[34]$_SDFFE_PP0P_/D
86	0.2330	sub_enable	uI.mantissa_a[J]	sub_enable$_SDFF_PP0_/Q	u2.mantissa_a[24]$_SDFFE_PP0P_/D
87	0.2335	sub_enable	uI.minuend[J]	sub_enable$_SDFF_PP0_/Q	u2.minuend[15]$_SDFFE_PP0P_/D
88	0.2339	sub_enable	uI.mantissa_b[J]	sub_enable$_SDFF_PP0_/Q	u2.mantissa_b[21]$_SDFFE_PP0P_/D
89	0.2423	opa_reg[I]	uI.a_is_zero	opa_reg[39]$_SDFFE_PP0P_/Q	u3.a_is_zero$_SDFFE_PP0P_/D
90	0.2484	uI.expon_uf_term_J[K]	uI.mantissa_J[K]	u4.expon_uf_term_4[9]$_SDFFE_PP0P_/Q	u4.mantissa_1[24]$_SDFFE_PP0P_/D
91	0.2540	uI.exponent_diff[J]	uI.subtra_shift[J]	u2.exponent_diff[1]$_SDFFE_PP0P_/Q	u2.subtra_shift[15]$_SDFFE_PP0P_/D
92	0.2605	mul_enable	uI.product_J[K]	mul_enable$_SDFF_PP0_/Q	u3.product_1[101]$_SDFFE_PP0P_/D
93	0.2636	sub_enable	uI.diff_J[K]	sub_enable$_SDFF_PP0_/Q	u2.diff_2[27]$_SDFFE_PP0P_/D
94	0.2662	mul_enable	uI.sum_J[K]	mul_enable$_SDFF_PP0_/Q	u3.sum_1[22]$_SDFFE_PP0P_/D
95	0.2667	uI.exponent_diff[J]	uI.small_shift[J]	u1.exponent_diff[1]$_SDFFE_PP0P_/Q	u1.small_shift[7]$_SDFFE_PP0P_/D
96	0.2702	mul_enable	uI.sub_pc_hi[J]	mul_enable$_SDFF_PP0_/Q	u3.sub_pc_hi[2]$_SDFFE_PP0P_/D
97	0.2797	sub_enable	uI.sign	sub_enable$_SDFF_PP0_/Q	u2.sign$_SDFFE_PP0P_/D
98	0.2851	uI.exponent_b[J]	uI.exponent_terms[J]	u3.exponent_b[1]$_SDFFE_PP0P_/Q	u3.exponent_terms[9]$_SDFFE_PP0P_/D
99	0.2877	uI.product_J[K]	uI.product_J[K]	u3.product_2[73]$_SDFFE_PP0P_/Q	u3.product_4[92]$_SDFFE_PP0P_/D
100	0.2924	uI.dividend_reg[J]	uI.remainder_msb	u4.dividend_reg[37]$_SDFFE_PP0P_/Q	u4.remainder_msb$_SDFFE_PP0P_/D
