# stage	1_synth
# top_module	wb_dma_top
# top_n	100
# kind	blocks
# include_full	1
# rank	worst_slack_ns	start	end	start_full	end_full
1	-0.1541	uI.uJ.pri_outK[L]	wbIs_data_o[J]	u1.u0.pri_out0[1]$_DFF_P_/Q	wb0s_data_o[0]
2	-0.1471	uI.uJ.state[K]	wbIs_data_o[J]	u1.u2.state[4]$_SDFFE_PP0P_/Q	wb0s_data_o[0]
3	-0.1303	uI.dma_busy_r	wbIs_data_o[J]	u1.dma_busy_r$_DFF_P_/Q	wb0s_data_o[0]
4	-0.1170	wbI_addr_i[J]	wbIs_data_o[J]	wb0_addr_i[28]	wb1s_data_o[27]
5	-0.1010	wbI_addr_i[J]	wbI_addr_o[J]	wb0_addr_i[28]	wb1_addr_o[10]
6	-0.0938	wbI_addr_i[J]	wbI_cyc_o	wb0_addr_i[28]	wb1_cyc_o
7	-0.0878	wbI_addr_i[J]	wbI_sel_o[J]	wb0_addr_i[28]	wb1_sel_o[0]
8	-0.0862	wbI_addr_i[J]	wbI_ack_o	wb1_addr_i[29]	wb1_ack_o
9	-0.0769	wbI_addr_i[J]	wbI_err_o	wb0_addr_i[28]	wb0_err_o
10	-0.0769	wbI_addr_i[J]	wbI_rty_o	wb0_addr_i[28]	wb0_rty_o
11	-0.0699	wbI_addr_i[J]	wbIm_data_o[J]	wb1_addr_i[29]	wb1m_data_o[0]
12	-0.0515	uI.ch_sel_r[J]	wbIs_data_o[J]	u1.ch_sel_r[4]$_SDFFE_PP0P_/Q	wb0s_data_o[0]
13	-0.0495	wbI_addr_i[J]	wbI_stb_o	wb0_addr_i[28]	wb1_stb_o
14	-0.0495	wbI_addr_i[J]	wbI_we_o	wb0_addr_i[28]	wb1_we_o
15	-0.0479	wbI_cyc_i	wbI_addr_o[J]	wb0_cyc_i	wb1_addr_o[10]
16	-0.0409	uI.state[J]	wbIs_data_o[J]	u2.state[5]$_DFF_P_/Q	wb0s_data_o[0]
17	-0.0298	wbI_cyc_i	wbI_ack_o	wb1_cyc_i	wb1_ack_o
18	-0.0163	wbI_cyc_i	wbIs_data_o[J]	wb0_cyc_i	wb1s_data_o[27]
19	-0.0114	wbI_cyc_i	wbI_err_o	wb0_cyc_i	wb0_err_o
20	-0.0114	wbI_cyc_i	wbI_rty_o	wb0_cyc_i	wb0_rty_o
21	-0.0063	wbI_cyc_i	wbI_cyc_o	wb0_cyc_i	wb1_cyc_o
22	-0.0050	wbI_cyc_i	wbIm_data_o[J]	wb1_cyc_i	wb1m_data_o[0]
23	0.0051	wbI_ack_i	wbI_ack_o	wb0_ack_i	wb1_ack_o
24	0.0129	wbI_cyc_i	wbI_sel_o[J]	wb0_cyc_i	wb1_sel_o[0]
25	0.0174	wbI_cyc_i	wbI_stb_o	wb0_cyc_i	wb1_stb_o
26	0.0174	wbI_cyc_i	wbI_we_o	wb0_cyc_i	wb1_we_o
27	0.0878	uI.ndr_r[J]	wbIs_data_o[J]	u1.ndr_r[9]$_DFF_P_/Q	wb0s_data_o[0]
28	0.1267	uI.uJ.ch_csr_r[K]	wbIs_data_o[J]	u0.u4.ch_csr_r[7]$_SDFFE_PP0P_/Q	wb0s_data_o[0]
29	0.1654	wbI_stb_i	wbI_stb_o	wb1_stb_i	wb0_stb_o
30	0.1654	wbI_we_i	wbI_we_o	wb1_we_i	wb0_we_o
31	0.1654	wbIs_data_i[J]	wbIm_data_o[J]	wb1s_data_i[0]	wb0m_data_o[0]
32	0.1658	wbIm_data_i[J]	wbIs_data_o[J]	wb1m_data_i[0]	wb0s_data_o[0]
33	0.1773	wbI_sel_i[J]	wbI_sel_o[J]	wb1_sel_i[0]	wb0_sel_o[0]
34	0.1930	wbI_err_i	wbI_err_o	wb1_err_i	wb0_err_o
35	0.1930	wbI_rty_i	wbI_rty_o	wb1_rty_i	wb0_rty_o
36	0.2118	uI.uJ.pri_outK[L]	uI.mastJ_adr[K]	u1.u0.pri_out0[1]$_DFF_P_/Q	u2.mast0_adr[22]$_DFF_P_/D
37	0.2187	uI.uJ.state[K]	uI.mastJ_adr[K]	u1.u2.state[4]$_SDFFE_PP0P_/Q	u2.mast0_adr[22]$_DFF_P_/D
38	0.2335	uI.uJ.pri_outK[L]	uI.uJ.ptr_valid	u1.u0.pri_out0[1]$_DFF_P_/Q	u0.u1.ptr_valid$_SDFFE_PP0P_/D
39	0.2360	uI.dma_busy_r	uI.mastJ_adr[K]	u1.dma_busy_r$_DFF_P_/Q	u2.mast0_adr[22]$_DFF_P_/D
40	0.2405	uI.uJ.state[K]	uI.uJ.ptr_valid	u1.u2.state[4]$_SDFFE_PP0P_/Q	u0.u1.ptr_valid$_SDFFE_PP0P_/D
41	0.2438	uI.uJ.pri_outK[L]	uI.adrJ_cnt[K]	u1.u0.pri_out0[1]$_DFF_P_/Q	u2.adr0_cnt[22]$_DFFE_PP_/D
42	0.2458	uI.uJ.pri_outK[L]	uI.uJ.ch_eol	u1.u0.pri_out0[1]$_DFF_P_/Q	u0.u0.ch_eol$_SDFFE_PP0P_/D
43	0.2476	uI.uJ.pri_outK[L]	uI.uJ.ch_rl	u1.u0.pri_out0[1]$_DFF_P_/Q	u0.u5.ch_rl$_DFF_P_/D
44	0.2501	uI.uJ.state[K]	uI.adrJ_cnt[K]	u1.u1.state[2]$_SDFFE_PP0P_/Q	u2.adr0_cnt[22]$_DFFE_PP_/D
45	0.2528	uI.uJ.state[K]	uI.uJ.ch_eol	u1.u2.state[4]$_SDFFE_PP0P_/Q	u0.u0.ch_eol$_SDFFE_PP0P_/D
46	0.2545	uI.uJ.state[K]	uI.uJ.ch_rl	u1.u2.state[4]$_SDFFE_PP0P_/Q	u0.u5.ch_rl$_DFF_P_/D
47	0.2573	uI.dma_busy_r	uI.uJ.ptr_valid	u1.dma_busy_r$_DFF_P_/Q	u0.u1.ptr_valid$_SDFFE_PP0P_/D
48	0.2594	uI.state[J]	uI.uJ.ch_adrK_s[L]	u2.state[5]$_DFF_P_/Q	u0.u15.ch_adr1_s[0]$_DFFE_PP_/D
49	0.2603	wbI_ack_i	uI.mastJ_adr[K]	wb1_ack_i	u2.mast0_adr[11]$_DFF_P_/D
50	0.2679	uI.uJ.pri_outK[L]	uI.tsz_cnt[J]	u1.u0.pri_out0[1]$_DFF_P_/Q	u2.tsz_cnt[1]$_DFFE_PP_/D
51	0.2682	uI.uJ.pri_outK[L]	uI.uJ.pointer_sr[K]	u1.u0.pri_out0[1]$_DFF_P_/Q	u0.u1.pointer_sr[17]$_DFFE_PP_/D
52	0.2696	uI.dma_busy_r	uI.uJ.ch_eol	u1.dma_busy_r$_DFF_P_/Q	u0.u0.ch_eol$_SDFFE_PP0P_/D
53	0.2698	uI.uJ.slv_adr[K]	_I_	u3.u1.slv_adr[8]$_DFF_P_/Q	_56392_/D
54	0.2708	uI.dma_busy_r	uI.adrJ_cnt[K]	u1.dma_busy_r$_DFF_P_/Q	u2.adr0_cnt[22]$_DFFE_PP_/D
55	0.2713	uI.dma_busy_r	uI.uJ.ch_rl	u1.dma_busy_r$_DFF_P_/Q	u0.u5.ch_rl$_DFF_P_/D
56	0.2724	uI.uJ.pri_outK[L]	uI.uJ.ch_csr_r[K]	u1.u0.pri_out0[1]$_DFF_P_/Q	u0.u13.ch_csr_r[1]$_SDFFE_PP0P_/D
57	0.2726	uI.uJ.pri_outK[L]	uI.chunk_J	u1.u0.pri_out0[1]$_DFF_P_/Q	u2.chunk_0$_DFF_P_/D
58	0.2737	uI.uJ.pri_outK[L]	uI.uJ.ch_chk_sz_r[K]	u1.u0.pri_out0[1]$_DFF_P_/Q	u0.u10.ch_chk_sz_r[0]$_DFFE_PP_/D
59	0.2741	uI.uJ.state[K]	uI.tsz_cnt[J]	u1.u1.state[2]$_SDFFE_PP0P_/Q	u2.tsz_cnt[1]$_DFFE_PP_/D
60	0.2744	uI.uJ.state[K]	uI.uJ.pointer_sr[K]	u1.u1.state[2]$_SDFFE_PP0P_/Q	u0.u1.pointer_sr[17]$_DFFE_PP_/D
61	0.2748	uI.uJ.pri_outK[L]	uI.uJ.ch_adrK_s[L]	u1.u0.pri_out0[1]$_DFF_P_/Q	u0.u1.ch_adr1_s[0]$_DFFE_PP_/D
62	0.2752	uI.uJ.pri_outK[L]	uI.uJ.ch_done	u1.u0.pri_out0[1]$_DFF_P_/Q	u0.u2.ch_done$_SDFFE_PP0P_/D
63	0.2758	uI.uJ.pri_outK[L]	uI.uJ.ch_txsz_s[K]	u1.u0.pri_out0[1]$_DFF_P_/Q	u0.u4.ch_txsz_s[10]$_DFFE_PP_/D
64	0.2785	uI.uJ.pri_outK[L]	uI.uJ.mast_stb	u1.u0.pri_out0[1]$_DFF_P_/Q	u4.u0.mast_stb$_DFF_P_/D
65	0.2785	uI.uJ.state[K]	uI.chunk_J	u1.u1.state[1]$_SDFFE_PP0P_/Q	u2.chunk_0$_DFF_P_/D
66	0.2787	uI.uJ.pri_outK[L]	uI.uJ.int_src_r[K]	u1.u0.pri_out0[1]$_DFF_P_/Q	u0.u1.int_src_r[1]$_SDFFE_PP0P_/D
67	0.2793	uI.uJ.state[K]	uI.uJ.ch_csr_r[K]	u1.u2.state[4]$_SDFFE_PP0P_/Q	u0.u13.ch_csr_r[1]$_SDFFE_PP0P_/D
68	0.2799	uI.uJ.state[K]	uI.uJ.ch_chk_sz_r[K]	u1.u1.state[2]$_SDFFE_PP0P_/Q	u0.u10.ch_chk_sz_r[0]$_DFFE_PP_/D
69	0.2810	uI.uJ.state[K]	uI.uJ.ch_adrK_s[L]	u1.u1.state[2]$_SDFFE_PP0P_/Q	u0.u1.ch_adr1_s[0]$_DFFE_PP_/D
70	0.2812	uI.uJ.state[K]	uI.uJ.ch_done	u1.u1.state[1]$_SDFFE_PP0P_/Q	u0.u2.ch_done$_SDFFE_PP0P_/D
71	0.2821	uI.uJ.pri_outK[L]	uI.uJ.ch_tot_sz_r[K]	u1.u0.pri_out0[1]$_DFF_P_/Q	u0.u6.ch_tot_sz_r[2]$_DFFE_PP_/D
72	0.2826	wbI_ack_i	uI.adrJ_cnt[K]	wb1_ack_i	u2.adr1_cnt[20]$_DFFE_PP_/D
73	0.2828	uI.uJ.state[K]	uI.uJ.ch_txsz_s[K]	u1.u2.state[4]$_SDFFE_PP0P_/Q	u0.u4.ch_txsz_s[10]$_DFFE_PP_/D
74	0.2833	uI.state[J]	uI.uJ.ch_adrK_r[L]	u2.state[5]$_DFF_P_/Q	u0.u0.ch_adr1_r[11]$_DFFE_PP_/D
75	0.2849	uI.uJ.state[K]	uI.uJ.int_src_r[K]	u1.u1.state[2]$_SDFFE_PP0P_/Q	u0.u1.int_src_r[1]$_SDFFE_PP0P_/D
76	0.2854	uI.uJ.state[K]	uI.uJ.mast_stb	u1.u2.state[4]$_SDFFE_PP0P_/Q	u4.u0.mast_stb$_DFF_P_/D
77	0.2880	uI.uJ.pri_outK[L]	uI.state[J]	u1.u0.pri_out0[1]$_DFF_P_/Q	u2.state[10]$_DFF_P_/D
78	0.2891	uI.uJ.state[K]	uI.uJ.ch_tot_sz_r[K]	u1.u2.state[4]$_SDFFE_PP0P_/Q	u0.u6.ch_tot_sz_r[2]$_DFFE_PP_/D
79	0.2912	uI.uJ.pri_outK[L]	uI.chunk_cnt[J]	u1.u0.pri_out0[1]$_DFF_P_/Q	u2.chunk_cnt[0]$_DFFE_PP_/D
80	0.2925	uI.dma_busy_r	uI.uJ.pointer_sr[K]	u1.dma_busy_r$_DFF_P_/Q	u0.u4.pointer_sr[17]$_DFFE_PP_/D
81	0.2943	uI.uJ.state[K]	uI.state[J]	u1.u1.state[2]$_SDFFE_PP0P_/Q	u2.state[10]$_DFF_P_/D
82	0.2954	uI.uJ.slv_adr[K]	uI.uJ.ch_tot_sz_r[K]	u3.u1.slv_adr[9]$_DFF_P_/Q	u0.u2.ch_tot_sz_r[9]$_DFFE_PP_/D
83	0.2954	uI.uJ.slv_adr[K]	uI.uJ.ch_txsz_s[K]	u3.u1.slv_adr[9]$_DFF_P_/Q	u0.u2.ch_txsz_s[9]$_DFFE_PP_/D
84	0.2965	uI.dma_busy_r	uI.uJ.ch_csr_r[K]	u1.dma_busy_r$_DFF_P_/Q	u0.u13.ch_csr_r[1]$_SDFFE_PP0P_/D
85	0.2971	uI.uJ.state[K]	uI.chunk_cnt[J]	u1.u1.state[1]$_SDFFE_PP0P_/Q	u2.chunk_cnt[0]$_DFFE_PP_/D
86	0.2983	uI.dma_busy_r	uI.uJ.ch_adrK_s[L]	u1.dma_busy_r$_DFF_P_/Q	u0.u12.ch_adr0_s[0]$_DFFE_PP_/D
87	0.3000	uI.dma_busy_r	uI.uJ.ch_txsz_s[K]	u1.dma_busy_r$_DFF_P_/Q	u0.u4.ch_txsz_s[10]$_DFFE_PP_/D
88	0.3002	uI.uJ.slv_adr[K]	uI.uJ.ch_amK_r[L]	u3.u1.slv_adr[9]$_DFF_P_/Q	u0.u0.ch_am1_r[7]$_SDFFE_PP1P_/D
89	0.3015	uI.uJ.pri_outK[L]	uI.ack_o[J]	u1.u0.pri_out0[1]$_DFF_P_/Q	u1.ack_o[0]$_DFF_P_/D
90	0.3018	uI.dma_busy_r	uI.tsz_cnt[J]	u1.dma_busy_r$_DFF_P_/Q	u2.tsz_cnt[1]$_DFFE_PP_/D
91	0.3026	uI.dma_busy_r	uI.uJ.mast_stb	u1.dma_busy_r$_DFF_P_/Q	u4.u0.mast_stb$_DFF_P_/D
92	0.3029	uI.uJ.pri_outK[L]	uI.uJ.ch_adrK_r[L]	u1.u0.pri_out0[1]$_DFF_P_/Q	u0.u6.ch_adr0_r[10]$_DFFE_PP_/D
93	0.3035	uI.state[J]	uI.uJ.ptr_valid	u2.state[5]$_DFF_P_/Q	u0.u1.ptr_valid$_SDFFE_PP0P_/D
94	0.3037	uI.dma_busy_r	uI.uJ.int_src_r[K]	u1.dma_busy_r$_DFF_P_/Q	u0.u12.int_src_r[1]$_SDFFE_PP0P_/D
95	0.3045	uI.uJ.pri_outK[L]	uI.uJ.pointer_r[K]	u1.u0.pri_out0[1]$_DFF_P_/Q	u0.u1.pointer_r[11]$_DFFE_PP_/D
96	0.3047	uI.dma_busy_r	uI.chunk_J	u1.dma_busy_r$_DFF_P_/Q	u2.chunk_0$_DFF_P_/D
97	0.3047	uI.dma_busy_r	uI.chunk_cnt[J]	u1.dma_busy_r$_DFF_P_/Q	u2.chunk_cnt[0]$_DFFE_PP_/D
98	0.3060	uI.dma_busy_r	uI.uJ.ch_chk_sz_r[K]	u1.dma_busy_r$_DFF_P_/Q	u0.u10.ch_chk_sz_r[0]$_DFFE_PP_/D
99	0.3063	uI.dma_busy_r	uI.uJ.ch_tot_sz_r[K]	u1.dma_busy_r$_DFF_P_/Q	u0.u6.ch_tot_sz_r[2]$_DFFE_PP_/D
100	0.3072	uI.uJ.slv_adr[K]	uI.uJ.sw_pointer_r[K]	u3.u1.slv_adr[9]$_DFF_P_/Q	u0.u2.sw_pointer_r[7]$_SDFFE_PP0P_/D
