# stage	1_synth
# top_module	fpu
# top_n	100
# kind	blocks
# include_full	1
# rank	worst_slack_ns	start	end	start_full	end_full
1	-0.4864	uI.mul_b[J]	uI.product_a_lo[J]	u3.mul_b[0]$_SDFFE_PP0P_/Q	u3.product_a_lo[28]$_SDFFE_PP0P_/D
2	-0.4673	uI.mul_a[J]	uI.product_a_lo[J]	u3.mul_a[7]$_SDFFE_PP0P_/Q	u3.product_a_lo[28]$_SDFFE_PP0P_/D
3	-0.4281	uI.mul_a[J]	uI.product_b_hi[J]	u3.mul_a[22]$_SDFFE_PP0P_/Q	u3.product_b_hi[24]$_SDFFE_PP0P_/D
4	-0.4261	uI.mul_b[J]	uI.product_b_hi[J]	u3.mul_b[19]$_SDFFE_PP0P_/Q	u3.product_b_hi[24]$_SDFFE_PP0P_/D
5	-0.3488	uI.mul_a[J]	uI.product_c_hi[J]	u3.mul_a[16]$_SDFFE_PP0P_/Q	u3.product_c_hi[26]$_SDFFE_PP0P_/D
6	-0.3483	uI.mul_a[J]	uI.product_a_hi[J]	u3.mul_a[22]$_SDFFE_PP0P_/Q	u3.product_a_hi[26]$_SDFFE_PP0P_/D
7	-0.3468	uI.mul_b[J]	uI.product_c_hi[J]	u3.mul_b[38]$_SDFFE_PP0P_/Q	u3.product_c_hi[26]$_SDFFE_PP0P_/D
8	-0.3464	uI.mul_b[J]	uI.product_a_hi[J]	u3.mul_b[5]$_SDFFE_PP0P_/Q	u3.product_a_hi[26]$_SDFFE_PP0P_/D
9	-0.3171	uI.mul_a[J]	uI.product_c_lo[J]	u3.mul_a[4]$_SDFFE_PP0P_/Q	u3.product_c_lo[27]$_SDFFE_PP0P_/D
10	-0.3164	uI.mul_a[J]	uI.product_b_lo[J]	u3.mul_a[7]$_SDFFE_PP0P_/Q	u3.product_b_lo[26]$_SDFFE_PP0P_/D
11	-0.3151	uI.mul_b[J]	uI.product_c_lo[J]	u3.mul_b[40]$_SDFFE_PP0P_/Q	u3.product_c_lo[27]$_SDFFE_PP0P_/D
12	-0.3144	uI.mul_b[J]	uI.product_b_lo[J]	u3.mul_b[26]$_SDFFE_PP0P_/Q	u3.product_b_lo[26]$_SDFFE_PP0P_/D
13	-0.2879	uI.mul_b[J]	uI.product_f_lo[J]	u3.mul_b[17]$_SDFFE_PP0P_/Q	u3.product_f_lo[24]$_SDFFE_PP0P_/D
14	-0.2783	uI.mul_b[J]	uI.product_g_hi[J]	u3.mul_b[34]$_SDFFE_PP0P_/Q	u3.product_g_hi[25]$_SDFFE_PP0P_/D
15	-0.2743	uI.mul_a[J]	uI.product_f_lo[J]	u3.mul_a[28]$_SDFFE_PP0P_/Q	u3.product_f_lo[24]$_SDFFE_PP0P_/D
16	-0.2711	uI.mul_a[J]	uI.product_e_hi[J]	u3.mul_a[38]$_SDFFE_PP0P_/Q	u3.product_e_hi[24]$_SDFFE_PP0P_/D
17	-0.2684	uI.mul_b[J]	uI.product_e_hi[J]	u3.mul_b[5]$_SDFFE_PP0P_/Q	u3.product_e_hi[24]$_SDFFE_PP0P_/D
18	-0.2652	uI.mul_a[J]	uI.product_e_lo[J]	u3.mul_a[28]$_SDFFE_PP0P_/Q	u3.product_e_lo[24]$_SDFFE_PP0P_/D
19	-0.2632	uI.mul_b[J]	uI.product_e_lo[J]	u3.mul_b[5]$_SDFFE_PP0P_/Q	u3.product_e_lo[24]$_SDFFE_PP0P_/D
20	-0.2544	uI.mul_a[J]	uI.product_g_hi[J]	u3.mul_a[39]$_SDFFE_PP0P_/Q	u3.product_g_hi[25]$_SDFFE_PP0P_/D
21	-0.2211	uI.mul_b[J]	uI.product_g_lo[J]	u3.mul_b[34]$_SDFFE_PP0P_/Q	u3.product_g_lo[26]$_SDFFE_PP0P_/D
22	-0.2007	uI.mul_a[J]	uI.product_g_lo[J]	u3.mul_a[31]$_SDFFE_PP0P_/Q	u3.product_g_lo[27]$_SDFFE_PP0P_/D
23	-0.1999	uI.mul_b[J]	uI.product_f_hi[J]	u3.mul_b[17]$_SDFFE_PP0P_/Q	u3.product_f_hi[21]$_SDFFE_PP0P_/D
24	-0.1951	uI.mul_a[J]	uI.product_j_hi[J]	u3.mul_a[51]$_SDFFE_PP0P_/Q	u3.product_j_hi[18]$_SDFFE_PP0P_/D
25	-0.1931	uI.mul_b[J]	uI.product_j_hi[J]	u3.mul_b[35]$_SDFFE_PP0P_/Q	u3.product_j_hi[18]$_SDFFE_PP0P_/D
26	-0.1930	uI.mul_a[J]	uI.product_f_hi[J]	u3.mul_a[36]$_SDFFE_PP0P_/Q	u3.product_f_hi[21]$_SDFFE_PP0P_/D
27	-0.1850	uI.mul_a[J]	uI.product_i_lo[J]	u3.mul_a[45]$_SDFFE_PP0P_/Q	u3.product_i_lo[22]$_SDFFE_PP0P_/D
28	-0.1831	uI.mul_b[J]	uI.product_i_lo[J]	u3.mul_b[20]$_SDFFE_PP0P_/Q	u3.product_i_lo[22]$_SDFFE_PP0P_/D
29	-0.1388	uI.mul_a[J]	uI.product_i_hi[J]	u3.mul_a[48]$_SDFFE_PP0P_/Q	u3.product_i_hi[22]$_SDFFE_PP0P_/D
30	-0.1368	uI.mul_b[J]	uI.product_i_hi[J]	u3.mul_b[21]$_SDFFE_PP0P_/Q	u3.product_i_hi[22]$_SDFFE_PP0P_/D
31	-0.1365	uI.mul_b[J]	uI.product_j_lo[J]	u3.mul_b[34]$_SDFFE_PP0P_/Q	u3.product_j_lo[21]$_SDFFE_PP0P_/D
32	-0.1174	uI.mul_a[J]	uI.product_j_lo[J]	u3.mul_a[42]$_SDFFE_PP0P_/Q	u3.product_j_lo[21]$_SDFFE_PP0P_/D
33	-0.1122	uI.mul_a[J]	uI.product_h_hi[J]	u3.mul_a[51]$_SDFFE_PP0P_/Q	u3.product_h_hi[21]$_SDFFE_PP0P_/D
34	-0.1102	uI.mul_b[J]	uI.product_h_hi[J]	u3.mul_b[1]$_SDFFE_PP0P_/Q	u3.product_h_hi[21]$_SDFFE_PP0P_/D
35	-0.1047	uI.mul_b[J]	uI.product_h_lo[J]	u3.mul_b[0]$_SDFFE_PP0P_/Q	u3.product_h_lo[21]$_SDFFE_PP0P_/D
36	-0.0891	uI.mul_a[J]	uI.product_h_lo[J]	u3.mul_a[45]$_SDFFE_PP0P_/Q	u3.product_h_lo[21]$_SDFFE_PP0P_/D
37	0.1552	uI.mul_b[J]	uI.product_d[J]	u3.mul_b[52]$_SDFFE_PP0P_/Q	u3.product_d[24]$_SDFFE_PP0P_/D
38	0.1554	uI.product_f[J]	uI.sum_J[K]	u3.product_f[0]$_SDFFE_PP0P_/Q	u3.sum_4[24]$_SDFFE_PP0P_/D
39	0.1555	uI.mul_a[J]	uI.product_d[J]	u3.mul_a[1]$_SDFFE_PP0P_/Q	u3.product_d[24]$_SDFFE_PP0P_/D
40	0.1586	uI.sum_J[K]	uI.sum_J[K]	u3.sum_3[0]$_SDFFE_PP0P_/Q	u3.sum_4[24]$_SDFFE_PP0P_/D
41	0.1603	uI.dividend_reg[J]	uI.remainder_msb	u4.dividend_reg[46]$_SDFFE_PP0P_/Q	u4.remainder_msb$_SDFFE_PP0P_/D
42	0.1617	uI.dividend_reg[J]	uI.dividend_reg[J]	u4.dividend_reg[46]$_SDFFE_PP0P_/Q	u4.dividend_reg[21]$_SDFFE_PP0P_/D
43	0.1648	uI.divisor_reg[J]	uI.remainder_msb	u4.divisor_reg[52]$_SDFFE_PP0P_/Q	u4.remainder_msb$_SDFFE_PP0P_/D
44	0.1662	uI.divisor_reg[J]	uI.dividend_reg[J]	u4.divisor_reg[52]$_SDFFE_PP0P_/Q	u4.dividend_reg[21]$_SDFFE_PP0P_/D
45	0.1682	uI.divisor_b[J]	uI.divisor_shift_J[K]	u4.divisor_b[51]$_SDFFE_PP0P_/Q	u4.divisor_shift_2[1]$_SDFFE_PP0P_/D
46	0.1688	uI.minuend[J]	uI.diff[J]	u2.minuend[35]$_SDFFE_PP0P_/Q	u2.diff[53]$_SDFFE_PP0P_/D
47	0.1707	uI.large_add[J]	uI.sum[J]	u1.large_add[2]$_SDFFE_PP0P_/Q	u1.sum[54]$_SDFFE_PP0P_/D
48	0.1739	uI.small_shift_J[K]	uI.sum[J]	u1.small_shift_3[2]$_SDFFE_PP0P_/Q	u1.sum[54]$_SDFFE_PP0P_/D
49	0.1777	uI.product_c[J]	uI.sum_J[K]	u3.product_c[12]$_SDFFE_PP0P_/Q	u3.sum_2[39]$_SDFFE_PP0P_/D
50	0.1843	uI.dividend_reg[J]	uI.quotient[J]	u4.dividend_reg[46]$_SDFFE_PP0P_/Q	u4.quotient[31]$_SDFFE_PP0P_/D
51	0.1864	uI.diff[J]	uI.diff_shift_J[K]	u2.diff[54]$_SDFFE_PP0P_/Q	u2.diff_shift_2[4]$_SDFFE_PP0P_/D
52	0.1870	uI.dividend_a[J]	uI.dividend_shift_J[K]	u4.dividend_a[51]$_SDFFE_PP0P_/Q	u4.dividend_shift_2[1]$_SDFFE_PP0P_/D
53	0.1887	uI.exponent_J[K]	uI.product_J[K]	u3.exponent_2[1]$_SDFFE_PP0P_/Q	u3.product_4[95]$_SDFFE_PP0P_/D
54	0.1888	uI.divisor_reg[J]	uI.quotient[J]	u4.divisor_reg[52]$_SDFFE_PP0P_/Q	u4.quotient[31]$_SDFFE_PP0P_/D
55	0.1896	uI.subtra_shift_J[K]	uI.diff[J]	u2.subtra_shift_3[35]$_SDFFE_PP0P_/QN	u2.diff[53]$_SDFFE_PP0P_/D
56	0.1900	uI.product_g[J]	uI.sum_J[K]	u3.product_g[2]$_SDFFE_PP0P_/Q	u3.sum_7[31]$_SDFFE_PP0P_/D
57	0.1992	uI.product_c_lo[J]	uI.product_c[J]	u3.product_c_lo[13]$_SDFFE_PP0P_/Q	u3.product_c[29]$_SDFFE_PP0P_/D
58	0.2020	uI.remainder_shift_term[J]	uI.remainder_b[J]	u4.remainder_shift_term[1]$_SDFFE_PP0P_/Q	u4.remainder_b[99]$_SDFFE_PP0P_/D
59	0.2023	uI.product_b[J]	uI.sum_J[K]	u3.product_b[10]$_SDFFE_PP0P_/Q	u3.sum_0[33]$_SDFFE_PP0P_/D
60	0.2037	uI.product_a[J]	uI.sum_J[K]	u3.product_a[27]$_SDFFE_PP0P_/Q	u3.sum_0[33]$_SDFFE_PP0P_/D
61	0.2045	uI.product_c_hi[J]	uI.product_c[J]	u3.product_c_hi[1]$_SDFFE_PP0P_/Q	u3.product_c[29]$_SDFFE_PP0P_/D
62	0.2091	uI.exponent_small[J]	uI.exponent_diff[J]	u2.exponent_small[0]$_SDFFE_PP0P_/Q	u2.exponent_diff[10]$_SDFFE_PP0P_/D
63	0.2117	uI.exponent_large[J]	uI.diff_J[K]	u2.exponent_large[1]$_SDFFE_PP0P_/Q	u2.diff_1[36]$_SDFFE_PP0P_/D
64	0.2157	uI.diffshift_gt_exponent	uI.diff_J[K]	u2.diffshift_gt_exponent$_SDFFE_PP0P_/Q	u2.diff_1[36]$_SDFFE_PP0P_/D
65	0.2177	uI.exponent_large[J]	uI.exponent_diff[J]	u2.exponent_large[0]$_SDFFE_PP0P_/QN	u2.exponent_diff[10]$_SDFFE_PP0P_/D
66	0.2189	uI.large_norm_small_denorm	uI.exponent_diff[J]	u2.large_norm_small_denorm$_SDFFE_PP0P_/Q	u2.exponent_diff[10]$_SDFFE_PP0P_/D
67	0.2249	uI.product_g_lo[J]	uI.product_g[J]	u3.product_g_lo[9]$_SDFFE_PP0P_/Q	u3.product_g[35]$_SDFFE_PP0P_/D
68	0.2283	uI.product_g_hi[J]	uI.product_g[J]	u3.product_g_hi[0]$_SDFFE_PP0P_/Q	u3.product_g[35]$_SDFFE_PP0P_/D
69	0.2313	uI.dividend_shift_J[K]	uI.dividend_a_shifted[J]	u4.dividend_shift_2[1]$_SDFFE_PP0P_/Q	u4.dividend_a_shifted[37]$_SDFFE_PP0P_/D
70	0.2313	uI.divisor_shift_J[K]	uI.divisor_b_shifted[J]	u4.divisor_shift_2[1]$_SDFFE_PP0P_/Q	u4.divisor_b_shifted[37]$_SDFFE_PP0P_/D
71	0.2318	uI.product_h[J]	uI.sum_J[K]	u3.product_h[2]$_SDFFE_PP0P_/Q	u3.sum_3[29]$_SDFFE_PP0P_/D
72	0.2318	rst	uI.sum_J[K]	rst	u3.sum_5[25]$_SDFFE_PP0P_/D
73	0.2321	uI.product_i_lo[J]	uI.product_i[J]	u3.product_i_lo[6]$_SDFFE_PP0P_/Q	u3.product_i[26]$_SDFFE_PP0P_/D
74	0.2326	rst	uI.product_c[J]	rst	u3.product_c[32]$_SDFFE_PP0P_/D
75	0.2326	rst	uI.product_j[J]	rst	u3.product_j[26]$_SDFFE_PP0P_/D
76	0.2335	uI.product_i_hi[J]	uI.product_i[J]	u3.product_i_hi[0]$_SDFFE_PP0P_/Q	u3.product_i[26]$_SDFFE_PP0P_/D
77	0.2360	uI.diff_shift_J[K]	uI.diff_J[K]	u2.diff_shift_2[1]$_SDFFE_PP0P_/Q	u2.diff_1[36]$_SDFFE_PP0P_/D
78	0.2361	rst	uI.opa_QNaN	rst	u6.opa_QNaN$_SDFFE_PP0P_/D
79	0.2361	rst	uI.opa_SNaN	rst	u6.opa_SNaN$_SDFFE_PP0P_/D
80	0.2410	rst	uI.product_J[K]	rst	u3.product_1[27]$_SDFFE_PP0P_/D
81	0.2414	rst	uI.dividend_reg[J]	rst	u4.dividend_reg[43]$_SDFFE_PP0P_/D
82	0.2420	rst	uI.expon_term[J]	rst	u4.expon_term[11]$_SDFFE_PP0P_/D
83	0.2476	rst	uI.sum[J]	rst	u1.sum[44]$_SDFFE_PP0P_/D
84	0.2485	rst	uI.exponent[J]	rst	u2.exponent[10]$_SDFFE_PP0P_/D
85	0.2485	rst	uI.expon_final_J[K]	rst	u4.expon_final_3[10]$_SDFFE_PP0P_/D
86	0.2490	rst	uI.out_J[K]	rst	u6.out_0[10]$_SDFFE_PP0P_/D
87	0.2519	rst	uI.dividend_a[J]	rst	u4.dividend_a[0]$_SDFFE_PP0P_/D
88	0.2519	rst	uI.divisor_b[J]	rst	u4.divisor_b[10]$_SDFFE_PP0P_/D
89	0.2519	rst	uI.mantissa_b[J]	rst	u4.mantissa_b[30]$_SDFFE_PP0P_/D
90	0.2521	rst	uI.small_shift[J]	rst	u1.small_shift[27]$_SDFFE_PP0P_/D
91	0.2561	rst	uI.exponent_out[J]	rst	u4.exponent_out[0]$_SDFF_PP0_/D
92	0.2565	rst	uI.expon_uf_term_J[K]	rst	u4.expon_uf_term_3[9]$_SDFFE_PP0P_/D
93	0.2574	rst	uI.subtrahend[J]	rst	u2.subtrahend[26]$_SDFFE_PP0P_/D
94	0.2577	rst	uI.opa_neg_inf	rst	u6.opa_neg_inf$_SDFFE_PP0P_/D
95	0.2577	rst	uI.opa_pos_inf	rst	u6.opa_pos_inf$_SDFFE_PP0P_/D
96	0.2581	rst	addsub_out[I]	rst	addsub_out[54]$_SDFF_PP0_/D
97	0.2581	rst	uI.denorm_to_norm	rst	u1.denorm_to_norm$_SDFFE_PP0P_/D
98	0.2581	rst	uI.exponent_J[K]	rst	u1.exponent_2[10]$_SDFFE_PP0P_/D
99	0.2581	rst	uI.large_norm_small_denorm	rst	u1.large_norm_small_denorm$_SDFFE_PP0P_/D
100	0.2581	rst	uI.mantissa_a[J]	rst	u1.mantissa_a[51]$_SDFFE_PP0P_/D
