# stage	6_final
# top_module	viterbi_core
# top_n	100
# kind	blocks
# include_full	1
# rank	worst_slack_ns	start	end	start_full	end_full
1	-0.8834	acs_inst_I.pm_r[J]	pm_normalize_inst.pm_nom_r[I][J]	acs_inst_41.pm_r[7]$_DFF_PN0_/Q	pm_normalize_inst.pm_nom_r[55][2]$_DFFE_PN0P_/D
2	0.1438	src_rdata_i[I]	bmu_inst_I.bm_r[J]	src_rdata_i[16]	bmu_inst_33.bm_r[5]$_DFF_PN0_/D
3	0.2705	register_num_i[I]	acs_inst_I.pm_r[J]	register_num_i[1]	acs_inst_16.pm_r[1]$_DFF_PN0_/D
4	0.3012	register_num_i[I]	acs_inst_I.survivor_path_r	register_num_i[1]	acs_inst_17.survivor_path_r$_DFF_PN0_/D
5	0.3500	register_num_i[I]	bmu_inst_I.low_codeword_tmp[J]	register_num_i[1]	bmu_inst_51.low_codeword_tmp[3]$_DFFE_PN0P_/D
6	0.3519	register_num_i[I]	pm_normalize_inst.pm_nom_r[I][J]	register_num_i[1]	pm_normalize_inst.pm_nom_r[2][7]$_DFFE_PN0P_/D
7	0.5842	acs_inst_I.valid_r	tb_addr_o[I]	acs_inst_0.valid_r$_DFF_PN0_/Q	tb_addr_o[4]
8	0.5939	acs_inst_I.valid_r	tb_wr_o	acs_inst_0.valid_r$_DFF_PN0_/Q	tb_wr_o
9	0.6132	rst_sync_i	pm_normalize_inst.pm_nom_r[I][J]	rst_sync_i	pm_normalize_inst.pm_nom_r[30][7]$_DFFE_PN0P_/D
10	0.6316	rst_sync_i	bmu_inst_I.low_codeword_tmp[J]	rst_sync_i	bmu_inst_40.low_codeword_tmp[5]$_DFFE_PN0P_/D
11	0.6580	rst_sync_i	acs_inst_I.survivor_path_r	rst_sync_i	acs_inst_55.survivor_path_r$_DFF_PN0_/D
12	0.6660	valid_polynomials_i[I]	bmu_inst_I.bm_r[J]	valid_polynomials_i[0]	bmu_inst_33.bm_r[1]$_DFF_PN0_/D
13	0.6696	rst_sync_i	acs_inst_I.pm_r[J]	rst_sync_i	acs_inst_50.pm_r[0]$_DFF_PN0_/D
14	0.6767	tb_wr_addr_r[I]	tb_addr_o[I]	tb_wr_addr_r[1]$_DFFE_PN0P_/Q	tb_addr_o[1]
15	0.6852	traceback_ins.tb_addr_r[I]	tb_addr_o[I]	traceback_ins.tb_addr_r[4]$_DFFE_PN0P_/Q	tb_addr_o[4]
16	0.7011	rst_sync_i	bmu_inst_I.bm_r[J]	rst_sync_i	bmu_inst_33.bm_r[1]$_DFF_PN0_/D
17	0.7090	dst_wr_r	dst_wr_o	dst_wr_r$_DFF_PN0_/Q	dst_wr_o
18	0.7163	bmu_inst_I.low_codeword[J]	bmu_inst_I.bm_r[J]	bmu_inst_33.low_codeword[4]$_DFFE_PN0P_/Q	bmu_inst_33.bm_r[5]$_DFF_PN0_/D
19	0.7186	acs_inst_I.survivor_path_r	tb_wdata_o[I]	acs_inst_50.survivor_path_r$_DFF_PN0_/Q	tb_wdata_o[50]
20	0.7193	src_addr_r[I]	src_addr_o[I]	src_addr_r[8]$_DFFE_PN0P_/Q	src_addr_o[8]
21	0.7203	dst_addr_r[I]	dst_addr_o[I]	dst_addr_r[3]$_DFFE_PN0P_/Q	dst_addr_o[3]
22	0.7242	rst_sync_i	fetch_src_cnt_r[I]	rst_sync_i	fetch_src_cnt_r[9]$_DFFE_PN0P_/D
23	0.7271	src_rd_r	src_rd_o	src_rd_r$_DFFE_PN0P_/Q	src_rd_o
24	0.7391	infobit_length_i[I]	src_addr_r[I]	infobit_length_i[0]	src_addr_r[2]$_DFFE_PN0P_/D
25	0.7394	frame_start_i	pm_normalize_inst.pm_nom_r[I][J]	frame_start_i	pm_normalize_inst.pm_nom_r[22][1]$_DFFE_PN0P_/D
26	0.7395	polynomialI_i[J]	bmu_inst_I.low_codeword_tmp[J]	polynomial1_i[2]	bmu_inst_63.low_codeword_tmp[0]$_DFFE_PN0P_/D
27	0.7419	frame_done_r	frame_done_o	frame_done_r$_DFFE_PN0P_/Q	frame_done_o
28	0.7428	busy_r	busy_o	busy_r$_DFFE_PN0P_/Q	busy_o
29	0.7429	traceback_ins.tb_rd_r	tb_rd_o	traceback_ins.tb_rd_r$_DFF_PN0_/Q	tb_rd_o
30	0.7447	valid_polynomials_i[I]	bmu_inst_I.low_codeword[J]	valid_polynomials_i[0]	bmu_inst_26.low_codeword[3]$_DFFE_PN0P_/D
31	0.7568	rst_sync_i	bmu_inst_I.low_codeword[J]	rst_sync_i	bmu_inst_17.low_codeword[4]$_DFFE_PN0P_/D
32	0.7631	rst_sync_i	trellis_idx_r[I]	rst_sync_i	trellis_idx_r[5]$_DFFE_PN0P_/D
33	0.7686	bmu_inst_I.bm_r[J]	acs_inst_I.pm_r[J]	bmu_inst_63.bm_r[0]$_DFF_PN0_/Q	acs_inst_41.pm_r[8]$_DFF_PN0_/D
34	0.7997	bmu_inst_I.bm_r[J]	acs_inst_I.survivor_path_r	bmu_inst_63.bm_r[0]$_DFF_PN0_/Q	acs_inst_56.survivor_path_r$_DFF_PN0_/D
35	0.8052	infobit_length_i[I]	src_len_counter_r[I]	infobit_length_i[0]	src_len_counter_r[7]$_DFFE_PN0P_/D
36	0.8082	register_num_i[I]	acs_en_r[I]	register_num_i[0]	acs_en_r[31]$_DFFE_PN0P_/D
37	0.8538	pm_normalize_inst.pm_nom_r[I][J]	acs_inst_I.pm_r[J]	pm_normalize_inst.pm_nom_r[28][1]$_DFFE_PN0P_/Q	acs_inst_49.pm_r[1]$_DFF_PN0_/D
38	0.8674	rst_sync_i	flush_all_start_r	rst_sync_i	flush_all_start_r$_DFFE_PN0P_/D
39	0.8722	frame_start_i	fetch_src_cnt_r[I]	frame_start_i	fetch_src_cnt_r[9]$_DFFE_PN0P_/D
40	0.8753	tail_biting_en_i	pm_normalize_inst.pm_nom_r[I][J]	tail_biting_en_i	pm_normalize_inst.pm_nom_r[2][8]$_DFFE_PN0P_/D
41	0.8966	rst_sync_i	dst_addr_r[I]	rst_sync_i	dst_addr_r[5]$_DFFE_PN0P_/D
42	0.9000	rst_sync_i	src_len_counter_r[I]	rst_sync_i	src_len_counter_r[7]$_DFFE_PN0P_/D
43	0.9059	rst_sync_i	state_r[I]	rst_sync_i	state_r[0]$_DFF_PN1_/D
44	0.9112	frame_start_i	trellis_idx_r[I]	frame_start_i	trellis_idx_r[5]$_DFFE_PN0P_/D
45	0.9132	pm_normalize_inst.pm_nom_r[I][J]	acs_inst_I.survivor_path_r	pm_normalize_inst.pm_nom_r[25][1]$_DFFE_PN0P_/Q	acs_inst_43.survivor_path_r$_DFF_PN0_/D
46	0.9225	rst_sync_i	src_addr_r[I]	rst_sync_i	src_addr_r[2]$_DFFE_PN0P_/D
47	0.9296	rst_sync_i	acs_inst_I.valid_r	rst_sync_i	acs_inst_0.valid_r$_DFF_PN0_/D
48	0.9325	rst_sync_i	tb_len_r[I]	rst_sync_i	tb_len_r[6]$_DFFE_PN0P_/D
49	0.9491	rst_sync_i	bmu_inst_I.calc_codeword_en	rst_sync_i	bmu_inst_54.calc_codeword_en$_DFF_PN0_/D
50	0.9494	frame_start_i	dst_addr_r[I]	frame_start_i	dst_addr_r[5]$_DFFE_PN0P_/D
51	0.9509	rst_an_i	pm_normalize_inst.pm_nom_r[I][J]	rst_an_i	pm_normalize_inst.pm_nom_r[3][0]$_DFFE_PN0P_/RN
52	0.9518	rst_an_i	bmu_inst_I.bm_r[J]	rst_an_i	bmu_inst_6.bm_r[8]$_DFF_PN0_/RN
53	0.9541	rst_an_i	acs_inst_I.pm_r[J]	rst_an_i	acs_inst_3.pm_r[4]$_DFF_PN0_/RN
54	0.9541	rst_an_i	acs_inst_I.survivor_path_r	rst_an_i	acs_inst_12.survivor_path_r$_DFF_PN0_/RN
55	0.9623	rst_sync_i	tb_wr_addr_r[I]	rst_sync_i	tb_wr_addr_r[0]$_DFFE_PN0P_/D
56	0.9679	rst_sync_i	last_loop_r	rst_sync_i	last_loop_r$_DFFE_PN0P_/D
57	0.9683	rst_sync_i	byte_idx_r[I]	rst_sync_i	byte_idx_r[0]$_DFF_PN0_/D
58	0.9690	rst_sync_i	frame_done_r	rst_sync_i	frame_done_r$_DFFE_PN0P_/D
59	0.9697	frame_start_i	src_len_counter_r[I]	frame_start_i	src_len_counter_r[7]$_DFFE_PN0P_/D
60	0.9773	rst_an_i	bmu_inst_I.low_codeword[J]	rst_an_i	bmu_inst_53.low_codeword[3]$_DFFE_PN0P_/RN
61	0.9776	frame_start_i	src_addr_r[I]	frame_start_i	src_addr_r[5]$_DFFE_PN0P_/D
62	0.9851	rst_sync_i	half_tb_start_r	rst_sync_i	half_tb_start_r$_DFFE_PN0P_/D
63	0.9897	rst_an_i	bmu_inst_I.low_codeword_tmp[J]	rst_an_i	bmu_inst_39.low_codeword_tmp[1]$_DFFE_PN0P_/RN
64	0.9907	tail_biting_en_i	trellis_idx_r[I]	tail_biting_en_i	trellis_idx_r[6]$_DFFE_PN0P_/D
65	0.9981	rst_sync_i	dst_wr_r	rst_sync_i	dst_wr_r$_DFF_PN0_/D
66	0.9985	rst_an_i	bmu_inst_I.calc_codeword_en	rst_an_i	bmu_inst_54.calc_codeword_en$_DFF_PN0_/RN
67	1.0114	rst_an_i	bmu_inst_I.bm_valid_r	rst_an_i	bmu_inst_18.bm_valid_r$_DFF_PN0_/RN
68	1.0116	rst_an_i	acs_en_r[I]	rst_an_i	acs_en_r[15]$_DFFE_PN0P_/RN
69	1.0155	frame_start_i	flush_all_start_r	frame_start_i	flush_all_start_r$_DFFE_PN0P_/D
70	1.0157	frame_start_i	acs_en_r[I]	frame_start_i	acs_en_r[31]$_DFFE_PN0P_/D
71	1.0175	rst_sync_i	full_tb_start_r	rst_sync_i	full_tb_start_r$_DFFE_PN0P_/D
72	1.0180	rst_sync_i	first_loop_r	rst_sync_i	first_loop_r$_DFFE_PN0P_/D
73	1.0195	rst_sync_i	bmu_inst_I.ready_r	rst_sync_i	bmu_inst_0.ready_r$_DFFE_PN0P_/D
74	1.0295	rst_an_i	bmu_inst_I.calc_polyn_en	rst_an_i	bmu_inst_18.calc_polyn_en$_DFF_PN0_/RN
75	1.0364	rst_an_i	src_addr_r[I]	rst_an_i	src_addr_r[7]$_DFFE_PN0P_/RN
76	1.0381	frame_start_i	byte_idx_r[I]	frame_start_i	byte_idx_r[0]$_DFF_PN0_/D
77	1.0391	rst_an_i	src_len_counter_r[I]	rst_an_i	src_len_counter_r[11]$_DFFE_PN0P_/RN
78	1.0406	rst_an_i	src_rd_r	rst_an_i	src_rd_r$_DFFE_PN0P_/RN
79	1.0417	rst_sync_i	acs_en_r[I]	rst_sync_i	acs_en_r[31]$_DFFE_PN0P_/D
80	1.0526	frame_start_i	state_r[I]	frame_start_i	state_r[1]$_DFF_PN0_/D
81	1.0564	frame_start_i	bmu_inst_I.calc_polyn_en	frame_start_i	bmu_inst_18.calc_polyn_en$_DFF_PN0_/D
82	1.0624	rst_sync_i	traceback_ins.tb_counter_r[I]	rst_sync_i	traceback_ins.tb_counter_r[4]$_DFFE_PN0P_/D
83	1.0678	frame_start_i	dst_wr_r	frame_start_i	dst_wr_r$_DFF_PN0_/D
84	1.0806	frame_start_i	tb_len_r[I]	frame_start_i	tb_len_r[6]$_DFFE_PN0P_/D
85	1.0825	rst_sync_i	bmu_inst_I.calc_polyn_en	rst_sync_i	bmu_inst_18.calc_polyn_en$_DFF_PN0_/D
86	1.0873	frame_start_i	full_tb_start_r	frame_start_i	full_tb_start_r$_DFFE_PN0P_/D
87	1.0877	frame_start_i	first_loop_r	frame_start_i	first_loop_r$_DFFE_PN0P_/D
88	1.0893	frame_start_i	bmu_inst_I.ready_r	frame_start_i	bmu_inst_0.ready_r$_DFFE_PN0P_/D
89	1.0902	acs_inst_I.valid_r	pm_normalize_inst.pm_nom_r[I][J]	acs_inst_0.valid_r$_DFF_PN0_/Q	pm_normalize_inst.pm_nom_r[22][1]$_DFFE_PN0P_/D
90	1.0917	bmu_inst_I.calc_polyn_en	bmu_inst_I.low_codeword_tmp[J]	bmu_inst_18.calc_polyn_en$_DFF_PN0_/Q	bmu_inst_49.low_codeword_tmp[1]$_DFFE_PN0P_/D
91	1.0938	frame_start_i	tb_wr_addr_r[I]	frame_start_i	tb_wr_addr_r[0]$_DFFE_PN0P_/D
92	1.1001	frame_start_i	last_loop_r	frame_start_i	last_loop_r$_DFFE_PN0P_/D
93	1.1002	frame_start_i	frame_done_r	frame_start_i	frame_done_r$_DFFE_PN0P_/D
94	1.1003	rst_sync_i	bmu_inst_I.bm_valid_r	rst_sync_i	bmu_inst_18.bm_valid_r$_DFF_PN0_/D
95	1.1095	rst_an_i	tb_wr_addr_r[I]	rst_an_i	tb_wr_addr_r[4]$_DFFE_PN0P_/RN
96	1.1098	rst_an_i	traceback_ins.tb_addr_r[I]	rst_an_i	traceback_ins.tb_addr_r[5]$_DFFE_PN0P_/RN
97	1.1119	rst_an_i	traceback_ins.tb_counter_r[I]	rst_an_i	traceback_ins.tb_counter_r[2]$_DFFE_PN0P_/RN
98	1.1124	frame_start_i	half_tb_start_r	frame_start_i	half_tb_start_r$_DFFE_PN0P_/D
99	1.1154	rst_an_i	bmu_inst_I.ready_r	rst_an_i	bmu_inst_0.ready_r$_DFFE_PN0P_/RN
100	1.1208	rst_an_i	bmu_ready_dI_r	rst_an_i	bmu_ready_d1_r$_DFF_PN1_/SN
