# stage	6_final
# top_module	sha512
# top_n	100
# kind	blocks
# include_full	1
# rank	worst_slack_ns	start	end	start_full	end_full
1	-0.2268	address[I]	read_data[I]	address[1]	read_data[14]
2	-0.0761	address[I]	error	address[4]	error
3	-0.0571	core.e_reg[I]	core.a_reg[I]	core.e_reg[42]$_DFFE_PN0P_/Q	core.a_reg[63]$_DFFE_PN0P_/D
4	-0.0504	core.f_reg[I]	core.a_reg[I]	core.f_reg[1]$_DFFE_PN0P_/Q	core.a_reg[63]$_DFFE_PN0P_/D
5	-0.0437	core.e_reg[I]	core.e_reg[I]	core.e_reg[20]$_DFFE_PN0P_/Q	core.e_reg[63]$_DFFE_PN0P_/D
6	-0.0341	core.g_reg[I]	core.a_reg[I]	core.g_reg[1]$_DFFE_PN0P_/Q	core.a_reg[63]$_DFFE_PN0P_/D
7	-0.0109	core.f_reg[I]	core.e_reg[I]	core.f_reg[1]$_DFFE_PN0P_/Q	core.e_reg[63]$_DFFE_PN0P_/D
8	-0.0048	cs	read_data[I]	cs	read_data[14]
9	-0.0024	core.g_reg[I]	core.e_reg[I]	core.g_reg[7]$_DFFE_PN0P_/Q	core.e_reg[63]$_DFFE_PN0P_/D
10	0.0061	we	read_data[I]	we	read_data[14]
11	0.0432	core.k_data_reg[I]	core.a_reg[I]	core.k_data_reg[1]$_DFF_PN0_/Q	core.a_reg[63]$_DFFE_PN0P_/D
12	0.0621	core.k_data_reg[I]	core.e_reg[I]	core.k_data_reg[9]$_DFF_PN0_/Q	core.e_reg[63]$_DFFE_PN0P_/D
13	0.1302	core.h_reg[I]	core.a_reg[I]	core.h_reg[1]$_DFFE_PN0P_/Q	core.a_reg[63]$_DFFE_PN0P_/D
14	0.1308	we	error	we	error
15	0.1608	core.h_reg[I]	core.e_reg[I]	core.h_reg[9]$_DFFE_PN0P_/Q	core.e_reg[63]$_DFFE_PN0P_/D
16	0.2002	digest_reg[I]	read_data[I]	digest_reg[472]$_DFFE_PN0P_/Q	read_data[24]
17	0.2074	block_reg[I][J]	read_data[I]	block_reg[15][18]$_DFFE_PN0P_/Q	read_data[18]
18	0.2147	cs	error	cs	error
19	0.2456	core.w_mem_inst.w_mem[I][J]	core.w_mem_inst.w_out_reg[I]	core.w_mem_inst.w_mem[14][16]$_DFFE_PN0P_/Q	core.w_mem_inst.w_out_reg[36]$_DFFE_PN0P_/D
20	0.2749	core.w_mem_inst.w_mem[I][J]	core.w_mem_inst.w_mem[I][J]	core.w_mem_inst.w_mem[14][8]$_DFFE_PN0P_/Q	core.w_mem_inst.w_mem[15][42]$_DFFE_PN0P_/D
21	0.3715	work_factor_num_reg[I]	read_data[I]	work_factor_num_reg[7]$_DFFE_PN0P_/Q	read_data[7]
22	0.3776	work_factor_reg	read_data[I]	work_factor_reg$_DFFE_PN0P_/Q	read_data[7]
23	0.4110	next_reg	read_data[I]	next_reg$_DFF_PN0_/Q	read_data[1]
24	0.4211	init_reg	read_data[I]	init_reg$_DFF_PN0_/Q	read_data[0]
25	0.4248	core.a_reg[I]	core.a_reg[I]	core.a_reg[29]$_DFFE_PN0P_/Q	core.a_reg[35]$_DFFE_PN0P_/D
26	0.4390	mode_reg[I]	read_data[I]	mode_reg[0]$_DFFE_PN1P_/Q	read_data[2]
27	0.4681	digest_valid_reg	read_data[I]	digest_valid_reg$_DFF_PN0_/Q	read_data[1]
28	0.4763	core.c_reg[I]	core.a_reg[I]	core.c_reg[1]$_DFFE_PN0P_/Q	core.a_reg[35]$_DFFE_PN0P_/D
29	0.4851	core.b_reg[I]	core.a_reg[I]	core.b_reg[1]$_DFFE_PN0P_/Q	core.a_reg[35]$_DFFE_PN0P_/D
30	0.4859	core.w_mem_inst.w_out_reg[I]	core.a_reg[I]	core.w_mem_inst.w_out_reg[11]$_DFFE_PN0P_/Q	core.a_reg[35]$_DFFE_PN0P_/D
31	0.4891	core.work_factor_ctr_reg[I]	core.w_mem_inst.w_mem[I][J]	core.work_factor_ctr_reg[25]$_DFFE_PN0P_/Q	core.w_mem_inst.w_mem[13][11]$_DFFE_PN0P_/D
32	0.5019	core.work_factor_ctr_reg[I]	core.g_reg[I]	core.work_factor_ctr_reg[25]$_DFFE_PN0P_/Q	core.g_reg[56]$_DFFE_PN0P_/D
33	0.5039	core.work_factor_ctr_reg[I]	core.h_reg[I]	core.work_factor_ctr_reg[25]$_DFFE_PN0P_/Q	core.h_reg[60]$_DFFE_PN0P_/D
34	0.5040	ready_reg	read_data[I]	ready_reg$_DFF_PN0_/Q	read_data[0]
35	0.5051	core.work_factor_ctr_reg[I]	core.f_reg[I]	core.work_factor_ctr_reg[25]$_DFFE_PN0P_/Q	core.f_reg[57]$_DFFE_PN0P_/D
36	0.5293	work_factor_num_reg[I]	core.w_mem_inst.w_mem[I][J]	work_factor_num_reg[25]$_DFFE_PN0P_/QN	core.w_mem_inst.w_mem[13][11]$_DFFE_PN0P_/D
37	0.5307	address[I]	block_reg[I][J]	address[2]	block_reg[10][9]$_DFFE_PN0P_/D
38	0.5421	work_factor_num_reg[I]	core.g_reg[I]	work_factor_num_reg[25]$_DFFE_PN0P_/QN	core.g_reg[56]$_DFFE_PN0P_/D
39	0.5441	work_factor_num_reg[I]	core.h_reg[I]	work_factor_num_reg[25]$_DFFE_PN0P_/QN	core.h_reg[60]$_DFFE_PN0P_/D
40	0.5453	work_factor_num_reg[I]	core.f_reg[I]	work_factor_num_reg[25]$_DFFE_PN0P_/QN	core.f_reg[57]$_DFFE_PN0P_/D
41	0.5492	core.work_factor_ctr_reg[I]	core.w_mem_inst.w_out_reg[I]	core.work_factor_ctr_reg[25]$_DFFE_PN0P_/Q	core.w_mem_inst.w_out_reg[11]$_DFFE_PN0P_/D
42	0.5505	core.work_factor_ctr_reg[I]	core.a_reg[I]	core.work_factor_ctr_reg[25]$_DFFE_PN0P_/Q	core.a_reg[48]$_DFFE_PN0P_/D
43	0.5535	core.work_factor_ctr_reg[I]	core.b_reg[I]	core.work_factor_ctr_reg[25]$_DFFE_PN0P_/Q	core.b_reg[57]$_DFFE_PN0P_/D
44	0.5573	core.work_factor_ctr_reg[I]	core.e_reg[I]	core.work_factor_ctr_reg[25]$_DFFE_PN0P_/Q	core.e_reg[38]$_DFFE_PN0P_/D
45	0.5699	core.work_factor_ctr_reg[I]	core.c_reg[I]	core.work_factor_ctr_reg[25]$_DFFE_PN0P_/Q	core.c_reg[15]$_DFFE_PN0P_/D
46	0.5840	core.work_factor_ctr_reg[I]	core.d_reg[I]	core.work_factor_ctr_reg[25]$_DFFE_PN0P_/Q	core.d_reg[63]$_DFFE_PN0P_/D
47	0.5894	work_factor_num_reg[I]	core.w_mem_inst.w_out_reg[I]	work_factor_num_reg[25]$_DFFE_PN0P_/QN	core.w_mem_inst.w_out_reg[11]$_DFFE_PN0P_/D
48	0.5907	work_factor_num_reg[I]	core.a_reg[I]	work_factor_num_reg[25]$_DFFE_PN0P_/QN	core.a_reg[48]$_DFFE_PN0P_/D
49	0.5936	work_factor_num_reg[I]	core.b_reg[I]	work_factor_num_reg[25]$_DFFE_PN0P_/QN	core.b_reg[57]$_DFFE_PN0P_/D
50	0.5957	address[I]	work_factor_num_reg[I]	address[4]	work_factor_num_reg[20]$_DFFE_PN0P_/D
51	0.5975	work_factor_num_reg[I]	core.e_reg[I]	work_factor_num_reg[25]$_DFFE_PN0P_/QN	core.e_reg[38]$_DFFE_PN0P_/D
52	0.6025	core.w_mem_inst.w_ctr_reg[I]	core.w_mem_inst.w_out_reg[I]	core.w_mem_inst.w_ctr_reg[1]$_DFFE_PN0P_/Q	core.w_mem_inst.w_out_reg[8]$_DFFE_PN0P_/D
53	0.6101	work_factor_num_reg[I]	core.c_reg[I]	work_factor_num_reg[25]$_DFFE_PN0P_/QN	core.c_reg[15]$_DFFE_PN0P_/D
54	0.6167	core.work_factor_ctr_reg[I]	core.HI_reg[J]	core.work_factor_ctr_reg[25]$_DFFE_PN0P_/Q	core.H7_reg[60]$_DFFE_PN0P_/D
55	0.6242	work_factor_num_reg[I]	core.d_reg[I]	work_factor_num_reg[25]$_DFFE_PN0P_/QN	core.d_reg[63]$_DFFE_PN0P_/D
56	0.6456	core.e_reg[I]	core.HI_reg[J]	core.e_reg[21]$_DFFE_PN0P_/Q	core.H4_reg[60]$_DFFE_PN0P_/D
57	0.6490	core.h_reg[I]	core.HI_reg[J]	core.h_reg[27]$_DFFE_PN0P_/Q	core.H7_reg[63]$_DFFE_PN0P_/D
58	0.6512	core.w_mem_inst.w_out_reg[I]	core.e_reg[I]	core.w_mem_inst.w_out_reg[11]$_DFFE_PN0P_/Q	core.e_reg[27]$_DFFE_PN0P_/D
59	0.6517	core.HI_reg[J]	core.HI_reg[J]	core.H7_reg[26]$_DFFE_PN0P_/Q	core.H7_reg[63]$_DFFE_PN0P_/D
60	0.6569	work_factor_num_reg[I]	core.HI_reg[J]	work_factor_num_reg[25]$_DFFE_PN0P_/QN	core.H7_reg[60]$_DFFE_PN0P_/D
61	0.6842	core.a_reg[I]	core.HI_reg[J]	core.a_reg[47]$_DFFE_PN0P_/Q	core.H0_reg[60]$_DFFE_PN0P_/D
62	0.6902	core.w_mem_inst.w_ctr_reg[I]	core.w_mem_inst.w_mem[I][J]	core.w_mem_inst.w_ctr_reg[1]$_DFFE_PN0P_/Q	core.w_mem_inst.w_mem[13][47]$_DFFE_PN0P_/D
63	0.6907	core.d_reg[I]	core.e_reg[I]	core.d_reg[1]$_DFFE_PN0P_/Q	core.e_reg[27]$_DFFE_PN0P_/D
64	0.7170	core.g_reg[I]	core.HI_reg[J]	core.g_reg[18]$_DFFE_PN0P_/Q	core.H6_reg[63]$_DFFE_PN0P_/D
65	0.7187	core.b_reg[I]	core.HI_reg[J]	core.b_reg[9]$_DFFE_PN0P_/Q	core.H1_reg[40]$_DFFE_PN0P_/D
66	0.7245	core.f_reg[I]	core.HI_reg[J]	core.f_reg[20]$_DFFE_PN0P_/Q	core.H5_reg[63]$_DFFE_PN0P_/D
67	0.7343	we	block_reg[I][J]	we	block_reg[10][9]$_DFFE_PN0P_/D
68	0.7365	core.d_reg[I]	core.HI_reg[J]	core.d_reg[25]$_DFFE_PN0P_/Q	core.H3_reg[62]$_DFFE_PN0P_/D
69	0.7371	core.shaI_ctrl_reg[J]	core.a_reg[I]	core.sha512_ctrl_reg[0]$_DFF_PN1_/Q	core.a_reg[28]$_DFFE_PN0P_/D
70	0.7409	core.round_ctr_reg[I]	core.k_data_reg[I]	core.round_ctr_reg[1]$_DFFE_PN0P_/Q	core.k_data_reg[2]$_DFF_PN0_/D
71	0.7441	init_reg	core.a_reg[I]	init_reg$_DFF_PN0_/Q	core.a_reg[28]$_DFFE_PN0P_/D
72	0.7450	core.work_factor_ctr_reg[I]	core.w_mem_inst.w_ctr_reg[I]	core.work_factor_ctr_reg[25]$_DFFE_PN0P_/Q	core.w_mem_inst.w_ctr_reg[1]$_DFFE_PN0P_/D
73	0.7480	cs	block_reg[I][J]	cs	block_reg[10][9]$_DFFE_PN0P_/D
74	0.7509	core.shaI_ctrl_reg[J]	core.HI_reg[J]	core.sha512_ctrl_reg[0]$_DFF_PN1_/Q	core.H0_reg[25]$_DFFE_PN0P_/D
75	0.7573	core.shaI_ctrl_reg[J]	core.b_reg[I]	core.sha512_ctrl_reg[0]$_DFF_PN1_/Q	core.b_reg[45]$_DFFE_PN0P_/D
76	0.7579	init_reg	core.HI_reg[J]	init_reg$_DFF_PN0_/Q	core.H0_reg[25]$_DFFE_PN0P_/D
77	0.7583	core.c_reg[I]	core.HI_reg[J]	core.c_reg[10]$_DFFE_PN0P_/Q	core.H2_reg[62]$_DFFE_PN0P_/D
78	0.7643	init_reg	core.b_reg[I]	init_reg$_DFF_PN0_/Q	core.b_reg[45]$_DFFE_PN0P_/D
79	0.7668	address[I]	mode_reg[I]	address[4]	mode_reg[1]$_DFFE_PN1P_/D
80	0.7742	core.shaI_ctrl_reg[J]	core.k_data_reg[I]	core.sha512_ctrl_reg[2]$_DFF_PN0_/Q	core.k_data_reg[38]$_DFF_PN0_/D
81	0.7825	core.work_factor_ctr_reg[I]	core.round_ctr_reg[I]	core.work_factor_ctr_reg[25]$_DFFE_PN0P_/Q	core.round_ctr_reg[6]$_DFFE_PN0P_/D
82	0.7852	work_factor_num_reg[I]	core.w_mem_inst.w_ctr_reg[I]	work_factor_num_reg[25]$_DFFE_PN0P_/QN	core.w_mem_inst.w_ctr_reg[1]$_DFFE_PN0P_/D
83	0.7906	init_reg	core.w_mem_inst.w_mem[I][J]	init_reg$_DFF_PN0_/Q	core.w_mem_inst.w_mem[13][11]$_DFFE_PN0P_/D
84	0.7915	address[I]	work_factor_reg	address[4]	work_factor_reg$_DFFE_PN0P_/D
85	0.7969	next_reg	core.w_mem_inst.w_mem[I][J]	next_reg$_DFF_PN0_/Q	core.w_mem_inst.w_mem[13][11]$_DFFE_PN0P_/D
86	0.8028	core.shaI_ctrl_reg[J]	core.f_reg[I]	core.sha512_ctrl_reg[2]$_DFF_PN0_/Q	core.f_reg[50]$_DFFE_PN0P_/D
87	0.8032	core.shaI_ctrl_reg[J]	core.h_reg[I]	core.sha512_ctrl_reg[2]$_DFF_PN0_/Q	core.h_reg[48]$_DFFE_PN0P_/D
88	0.8034	init_reg	core.g_reg[I]	init_reg$_DFF_PN0_/Q	core.g_reg[56]$_DFFE_PN0P_/D
89	0.8035	core.shaI_ctrl_reg[J]	core.g_reg[I]	core.sha512_ctrl_reg[2]$_DFF_PN0_/Q	core.g_reg[48]$_DFFE_PN0P_/D
90	0.8053	init_reg	core.h_reg[I]	init_reg$_DFF_PN0_/Q	core.h_reg[60]$_DFFE_PN0P_/D
91	0.8062	core.shaI_ctrl_reg[J]	core.w_mem_inst.w_out_reg[I]	core.sha512_ctrl_reg[2]$_DFF_PN0_/Q	core.w_mem_inst.w_out_reg[31]$_DFFE_PN0P_/D
92	0.8065	init_reg	core.f_reg[I]	init_reg$_DFF_PN0_/Q	core.f_reg[57]$_DFFE_PN0P_/D
93	0.8070	address[I]	init_reg	address[4]	init_reg$_DFF_PN0_/D
94	0.8097	next_reg	core.g_reg[I]	next_reg$_DFF_PN0_/Q	core.g_reg[56]$_DFFE_PN0P_/D
95	0.8117	next_reg	core.h_reg[I]	next_reg$_DFF_PN0_/Q	core.h_reg[60]$_DFFE_PN0P_/D
96	0.8129	next_reg	core.f_reg[I]	next_reg$_DFF_PN0_/Q	core.f_reg[57]$_DFFE_PN0P_/D
97	0.8159	address[I]	next_reg	address[4]	next_reg$_DFF_PN0_/D
98	0.8227	work_factor_num_reg[I]	core.round_ctr_reg[I]	work_factor_num_reg[25]$_DFFE_PN0P_/QN	core.round_ctr_reg[6]$_DFFE_PN0P_/D
99	0.8407	core.shaI_ctrl_reg[J]	core.d_reg[I]	core.sha512_ctrl_reg[2]$_DFF_PN0_/Q	core.d_reg[47]$_DFFE_PN0P_/D
100	0.8452	core.shaI_ctrl_reg[J]	core.w_mem_inst.w_mem[I][J]	core.sha512_ctrl_reg[0]$_DFF_PN1_/Q	core.w_mem_inst.w_mem[13][11]$_DFFE_PN0P_/D
