# stage	1_synth
# top_module	aes
# top_n	100
# kind	blocks
# include_full	1
# rank	worst_slack_ns	start	end	start_full	end_full
1	-0.1738	core.dec_block.round_ctr_reg[I]	core.dec_block.block_wI_reg[J]	core.dec_block.round_ctr_reg[0]$_DFFE_PN0P_/Q	core.dec_block.block_w2_reg[21]$_DFFE_PN0P_/D
2	-0.1582	core.keymem.prev_keyI_reg[J]	core.keymem.key_mem[I][J]	core.keymem.prev_key1_reg[20]$_DFFE_PN0P_/Q	core.keymem.key_mem[3][57]$_DFFE_PN0P_/D
3	-0.1458	core.enc_block.sword_ctr_reg[I]	core.enc_block.block_wI_reg[J]	core.enc_block.sword_ctr_reg[0]$_DFFE_PN0P_/Q	core.enc_block.block_w0_reg[7]$_DFFE_PN0P_/D
4	-0.1284	core.keymem.prev_keyI_reg[J]	core.keymem.prev_keyI_reg[J]	core.keymem.prev_key1_reg[22]$_DFFE_PN0P_/Q	core.keymem.prev_key1_reg[27]$_DFFE_PN0P_/D
5	-0.0830	core.enc_block.enc_ctrl_reg[I]	core.enc_block.block_wI_reg[J]	core.enc_block.enc_ctrl_reg[2]$_DFF_PN0_/Q	core.enc_block.block_w0_reg[25]$_DFFE_PN0P_/D
6	-0.0789	core.enc_block.block_wI_reg[J]	core.enc_block.block_wI_reg[J]	core.enc_block.block_w1_reg[18]$_DFFE_PN0P_/Q	core.enc_block.block_w0_reg[17]$_DFFE_PN0P_/D
7	-0.0392	core.keymem.key_mem[I][J]	core.dec_block.block_wI_reg[J]	core.keymem.key_mem[11][49]$_DFFE_PN0P_/Q	core.dec_block.block_w2_reg[28]$_DFFE_PN0P_/D
8	0.0206	core.dec_block.block_wI_reg[J]	core.dec_block.block_wI_reg[J]	core.dec_block.block_w3_reg[2]$_DFFE_PN0P_/Q	core.dec_block.block_w3_reg[4]$_DFFE_PN0P_/D
9	0.0796	address[I]	key_reg[I][J]	address[7]	key_reg[1][26]$_DFFE_PN0P_/D
10	0.0868	core.keymem.round_ctr_reg[I]	core.keymem.key_mem[I][J]	core.keymem.round_ctr_reg[0]$_DFFE_PN0P_/Q	core.keymem.key_mem[2][90]$_DFFE_PN0P_/D
11	0.0939	address[I]	block_reg[I][J]	address[2]	block_reg[3][10]$_DFFE_PN0P_/D
12	0.0948	cs	key_reg[I][J]	cs	key_reg[1][26]$_DFFE_PN0P_/D
13	0.0952	we	key_reg[I][J]	we	key_reg[1][26]$_DFFE_PN0P_/D
14	0.1258	core.enc_block.round_ctr_reg[I]	core.enc_block.block_wI_reg[J]	core.enc_block.round_ctr_reg[2]$_DFFE_PN0P_/Q	core.enc_block.block_w1_reg[28]$_DFFE_PN0P_/D
15	0.1288	address[I]	read_data_reg[I]	address[0]	read_data_reg[0]$_DFF_PN0_/D
16	0.1409	core.keymem.round_ctr_reg[I]	core.keymem.prev_keyI_reg[J]	core.keymem.round_ctr_reg[0]$_DFFE_PN0P_/Q	core.keymem.prev_key1_reg[46]$_DFFE_PN0P_/D
17	0.1543	address[I]	init_reg	address[0]	init_reg$_DFF_PN0_/D
18	0.1543	address[I]	next_reg	address[0]	next_reg$_DFF_PN0_/D
19	0.1678	cs	block_reg[I][J]	cs	block_reg[3][10]$_DFFE_PN0P_/D
20	0.1693	we	block_reg[I][J]	we	block_reg[3][10]$_DFFE_PN0P_/D
21	0.1833	keylen_reg	core.enc_block.block_wI_reg[J]	keylen_reg$_DFFE_PN0P_/QN	core.enc_block.block_w0_reg[23]$_DFFE_PN0P_/D
22	0.1879	address[I]	encdec_reg	address[4]	encdec_reg$_DFFE_PN0P_/D
23	0.1879	address[I]	keylen_reg	address[4]	keylen_reg$_DFFE_PN0P_/D
24	0.1961	core.dec_block.dec_ctrl_reg[I]	core.dec_block.block_wI_reg[J]	core.dec_block.dec_ctrl_reg[2]$_DFF_PN0_/Q	core.dec_block.block_w2_reg[29]$_DFFE_PN0P_/D
25	0.2020	core.keymem.round_ctr_reg[I]	core.keymem.rcon_reg[I]	core.keymem.round_ctr_reg[0]$_DFFE_PN0P_/Q	core.keymem.rcon_reg[0]$_DFFE_PN0P_/D
26	0.2288	we	read_data_reg[I]	we	read_data_reg[14]$_DFF_PN0_/D
27	0.2327	core.keymem.rcon_reg[I]	core.keymem.key_mem[I][J]	core.keymem.rcon_reg[4]$_DFFE_PN0P_/Q	core.keymem.key_mem[3][28]$_DFFE_PN0P_/D
28	0.2391	core.keymem.key_mem_ctrl_reg[I]	core.keymem.key_mem[I][J]	core.keymem.key_mem_ctrl_reg[1]$_DFF_PN0_/Q	core.keymem.key_mem[12][63]$_DFFE_PN0P_/D
29	0.2393	cs	read_data_reg[I]	cs	read_data_reg[14]$_DFF_PN0_/D
30	0.2494	keylen_reg	core.keymem.prev_keyI_reg[J]	keylen_reg$_DFFE_PN0P_/Q	core.keymem.prev_key1_reg[93]$_DFFE_PN0P_/D
31	0.2516	keylen_reg	core.keymem.key_mem[I][J]	keylen_reg$_DFFE_PN0P_/Q	core.keymem.key_mem[1][125]$_DFFE_PN0P_/D
32	0.2632	core.dec_block.sword_ctr_reg[I]	core.dec_block.block_wI_reg[J]	core.dec_block.sword_ctr_reg[1]$_DFFE_PN0P_/Q	core.dec_block.block_w2_reg[29]$_DFFE_PN0P_/D
33	0.2664	core.dec_block.round_ctr_reg[I]	core.dec_block.round_ctr_reg[I]	core.dec_block.round_ctr_reg[1]$_DFFE_PN0P_/QN	core.dec_block.round_ctr_reg[2]$_DFFE_PN0P_/D
34	0.2694	core.keymem.rcon_reg[I]	core.keymem.prev_keyI_reg[J]	core.keymem.rcon_reg[3]$_DFFE_PN0P_/Q	core.keymem.prev_key1_reg[27]$_DFFE_PN0P_/D
35	0.2808	cs	encdec_reg	cs	encdec_reg$_DFFE_PN0P_/D
36	0.2808	cs	keylen_reg	cs	keylen_reg$_DFFE_PN0P_/D
37	0.2823	we	encdec_reg	we	encdec_reg$_DFFE_PN0P_/D
38	0.2823	we	keylen_reg	we	keylen_reg$_DFFE_PN0P_/D
39	0.3089	keylen_reg	read_data_reg[I]	keylen_reg$_DFFE_PN0P_/Q	read_data_reg[3]$_DFF_PN0_/D
40	0.3245	keylen_reg	keylen_reg	keylen_reg$_DFFE_PN0P_/Q	keylen_reg$_DFFE_PN0P_/D
41	0.3246	keylen_reg	core.dec_block.round_ctr_reg[I]	keylen_reg$_DFFE_PN0P_/Q	core.dec_block.round_ctr_reg[2]$_DFFE_PN0P_/D
42	0.3364	keylen_reg	core.keymem.rcon_reg[I]	keylen_reg$_DFFE_PN0P_/Q	core.keymem.rcon_reg[0]$_DFFE_PN0P_/D
43	0.3520	write_data[I]	key_reg[I][J]	write_data[26]	key_reg[1][26]$_DFFE_PN0P_/D
44	0.3521	write_data[I]	encdec_reg	write_data[0]	encdec_reg$_DFFE_PN0P_/D
45	0.3521	write_data[I]	keylen_reg	write_data[1]	keylen_reg$_DFFE_PN0P_/D
46	0.3523	write_data[I]	block_reg[I][J]	write_data[10]	block_reg[0][10]$_DFFE_PN0P_/D
47	0.3645	write_data[I]	init_reg	write_data[0]	init_reg$_DFF_PN0_/D
48	0.3645	write_data[I]	next_reg	write_data[1]	next_reg$_DFF_PN0_/D
49	0.3813	keylen_reg	core.keymem.key_mem_ctrl_reg[I]	keylen_reg$_DFFE_PN0P_/Q	core.keymem.key_mem_ctrl_reg[2]$_DFF_PN0_/D
50	0.3816	we	init_reg	we	init_reg$_DFF_PN0_/D
51	0.3816	we	next_reg	we	next_reg$_DFF_PN0_/D
52	0.3834	cs	init_reg	cs	init_reg$_DFF_PN0_/D
53	0.3834	cs	next_reg	cs	next_reg$_DFF_PN0_/D
54	0.3838	core.keymem.key_mem_ctrl_reg[I]	core.keymem.prev_keyI_reg[J]	core.keymem.key_mem_ctrl_reg[1]$_DFF_PN0_/Q	core.keymem.prev_key1_reg[88]$_DFFE_PN0P_/D
55	0.3883	core.dec_block.dec_ctrl_reg[I]	core.dec_block.dec_ctrl_reg[I]	core.dec_block.dec_ctrl_reg[2]$_DFF_PN0_/Q	core.dec_block.dec_ctrl_reg[0]$_DFF_PN1_/D
56	0.3891	core.keymem.key_mem[I][J]	core.enc_block.block_wI_reg[J]	core.keymem.key_mem[8][1]$_DFFE_PN0P_/Q	core.enc_block.block_w3_reg[1]$_DFFE_PN0P_/D
57	0.4017	core.keymem.key_mem_ctrl_reg[I]	core.keymem.round_ctr_reg[I]	core.keymem.key_mem_ctrl_reg[1]$_DFF_PN0_/Q	core.keymem.round_ctr_reg[0]$_DFFE_PN0P_/D
58	0.4062	read_data_reg[I]	read_data[I]	read_data_reg[0]$_DFF_PN0_/Q	read_data[0]
59	0.4085	key_reg[I][J]	core.keymem.key_mem[I][J]	key_reg[0][11]$_DFFE_PN0P_/Q	core.keymem.key_mem[0][107]$_DFFE_PN0P_/D
60	0.4124	core.dec_block.round_ctr_reg[I]	core.dec_block.dec_ctrl_reg[I]	core.dec_block.round_ctr_reg[3]$_DFFE_PN0P_/QN	core.dec_block.dec_ctrl_reg[0]$_DFF_PN1_/D
61	0.4289	core.enc_block.sword_ctr_reg[I]	core.enc_block.enc_ctrl_reg[I]	core.enc_block.sword_ctr_reg[1]$_DFFE_PN0P_/Q	core.enc_block.enc_ctrl_reg[0]$_DFF_PN1_/D
62	0.4319	core.dec_block.round_ctr_reg[I]	core.dec_block.ready_reg	core.dec_block.round_ctr_reg[3]$_DFFE_PN0P_/QN	core.dec_block.ready_reg$_DFFE_PN1P_/D
63	0.4349	core.keymem.key_mem_ctrl_reg[I]	core.keymem.rcon_reg[I]	core.keymem.key_mem_ctrl_reg[1]$_DFF_PN0_/Q	core.keymem.rcon_reg[0]$_DFFE_PN0P_/D
64	0.4392	core.keymem.round_ctr_reg[I]	core.keymem.round_ctr_reg[I]	core.keymem.round_ctr_reg[0]$_DFFE_PN0P_/Q	core.keymem.round_ctr_reg[3]$_DFFE_PN0P_/D
65	0.4402	core.keymem.key_mem_ctrl_reg[I]	core.keymem.key_mem_ctrl_reg[I]	core.keymem.key_mem_ctrl_reg[1]$_DFF_PN0_/Q	core.keymem.key_mem_ctrl_reg[0]$_DFF_PN1_/D
66	0.4495	core.dec_block.dec_ctrl_reg[I]	core.dec_block.round_ctr_reg[I]	core.dec_block.dec_ctrl_reg[2]$_DFF_PN0_/Q	core.dec_block.round_ctr_reg[2]$_DFFE_PN0P_/D
67	0.4597	key_reg[I][J]	core.keymem.prev_keyI_reg[J]	key_reg[7][29]$_DFFE_PN0P_/Q	core.keymem.prev_key1_reg[29]$_DFFE_PN0P_/D
68	0.4616	encdec_reg	core.aes_core_ctrl_reg[I]	encdec_reg$_DFFE_PN0P_/Q	core.aes_core_ctrl_reg[2]$_DFF_PN0_/D
69	0.4744	encdec_reg	result_reg[I]	encdec_reg$_DFFE_PN0P_/Q	result_reg[91]$_DFF_PN0_/D
70	0.4753	core.keymem.round_ctr_reg[I]	core.keymem.key_mem_ctrl_reg[I]	core.keymem.round_ctr_reg[1]$_DFFE_PN0P_/Q	core.keymem.key_mem_ctrl_reg[2]$_DFF_PN0_/D
71	0.4793	encdec_reg	core.enc_block.enc_ctrl_reg[I]	encdec_reg$_DFFE_PN0P_/Q	core.enc_block.enc_ctrl_reg[2]$_DFF_PN0_/D
72	0.4838	core.dec_block.sword_ctr_reg[I]	core.dec_block.round_ctr_reg[I]	core.dec_block.sword_ctr_reg[1]$_DFFE_PN0P_/Q	core.dec_block.round_ctr_reg[2]$_DFFE_PN0P_/D
73	0.4913	block_reg[I][J]	core.enc_block.block_wI_reg[J]	block_reg[1][1]$_DFFE_PN0P_/Q	core.enc_block.block_w1_reg[1]$_DFFE_PN0P_/D
74	0.4919	encdec_reg	core.ready_reg	encdec_reg$_DFFE_PN0P_/Q	core.ready_reg$_DFFE_PN1P_/D
75	0.4969	core.enc_block.enc_ctrl_reg[I]	core.enc_block.round_ctr_reg[I]	core.enc_block.enc_ctrl_reg[3]$_DFF_PN0_/Q	core.enc_block.round_ctr_reg[3]$_DFFE_PN0P_/D
76	0.4972	encdec_reg	read_data_reg[I]	encdec_reg$_DFFE_PN0P_/Q	read_data_reg[2]$_DFF_PN0_/D
77	0.5040	encdec_reg	encdec_reg	encdec_reg$_DFFE_PN0P_/Q	encdec_reg$_DFFE_PN0P_/D
78	0.5064	next_reg	core.enc_block.round_ctr_reg[I]	next_reg$_DFF_PN0_/Q	core.enc_block.round_ctr_reg[3]$_DFFE_PN0P_/D
79	0.5075	core.enc_block.round_ctr_reg[I]	core.enc_block.enc_ctrl_reg[I]	core.enc_block.round_ctr_reg[2]$_DFFE_PN0P_/Q	core.enc_block.enc_ctrl_reg[0]$_DFF_PN1_/D
80	0.5123	block_reg[I][J]	core.dec_block.block_wI_reg[J]	block_reg[2][15]$_DFFE_PN0P_/Q	core.dec_block.block_w0_reg[15]$_DFFE_PN0P_/D
81	0.5124	core.dec_block.dec_ctrl_reg[I]	core.dec_block.ready_reg	core.dec_block.dec_ctrl_reg[2]$_DFF_PN0_/Q	core.dec_block.ready_reg$_DFFE_PN1P_/D
82	0.5140	core.enc_block.round_ctr_reg[I]	core.enc_block.ready_reg	core.enc_block.round_ctr_reg[2]$_DFFE_PN0P_/Q	core.enc_block.ready_reg$_DFFE_PN1P_/D
83	0.5147	next_reg	core.enc_block.ready_reg	next_reg$_DFF_PN0_/Q	core.enc_block.ready_reg$_DFFE_PN1P_/D
84	0.5169	key_reg[I][J]	key_reg[I][J]	key_reg[1][26]$_DFFE_PN0P_/Q	key_reg[1][26]$_DFFE_PN0P_/D
85	0.5176	encdec_reg	core.enc_block.round_ctr_reg[I]	encdec_reg$_DFFE_PN0P_/Q	core.enc_block.round_ctr_reg[3]$_DFFE_PN0P_/D
86	0.5224	core.enc_block.ready_reg	core.aes_core_ctrl_reg[I]	core.enc_block.ready_reg$_DFFE_PN1P_/Q	core.aes_core_ctrl_reg[2]$_DFF_PN0_/D
87	0.5227	core.dec_block.ready_reg	core.aes_core_ctrl_reg[I]	core.dec_block.ready_reg$_DFFE_PN1P_/Q	core.aes_core_ctrl_reg[2]$_DFF_PN0_/D
88	0.5260	encdec_reg	core.enc_block.ready_reg	encdec_reg$_DFFE_PN0P_/Q	core.enc_block.ready_reg$_DFFE_PN1P_/D
89	0.5303	next_reg	core.dec_block.round_ctr_reg[I]	next_reg$_DFF_PN0_/Q	core.dec_block.round_ctr_reg[2]$_DFFE_PN0P_/D
90	0.5321	keylen_reg	core.enc_block.enc_ctrl_reg[I]	keylen_reg$_DFFE_PN0P_/QN	core.enc_block.enc_ctrl_reg[0]$_DFF_PN1_/D
91	0.5386	keylen_reg	core.enc_block.ready_reg	keylen_reg$_DFFE_PN0P_/QN	core.enc_block.ready_reg$_DFFE_PN1P_/D
92	0.5427	reset_n	core.aes_core_ctrl_reg[I]	reset_n	core.aes_core_ctrl_reg[0]$_DFF_PN1_/SN
93	0.5427	reset_n	core.dec_block.dec_ctrl_reg[I]	reset_n	core.dec_block.dec_ctrl_reg[0]$_DFF_PN1_/SN
94	0.5427	reset_n	core.dec_block.ready_reg	reset_n	core.dec_block.ready_reg$_DFFE_PN1P_/SN
95	0.5427	reset_n	core.enc_block.enc_ctrl_reg[I]	reset_n	core.enc_block.enc_ctrl_reg[0]$_DFF_PN1_/SN
96	0.5427	reset_n	core.enc_block.ready_reg	reset_n	core.enc_block.ready_reg$_DFFE_PN1P_/SN
97	0.5427	reset_n	core.keymem.key_mem_ctrl_reg[I]	reset_n	core.keymem.key_mem_ctrl_reg[0]$_DFF_PN1_/SN
98	0.5427	reset_n	core.keymem.ready_reg	reset_n	core.keymem.ready_reg$_DFFE_PN1P_/SN
99	0.5427	reset_n	core.ready_reg	reset_n	core.ready_reg$_DFFE_PN1P_/SN
100	0.5438	core.enc_block.enc_ctrl_reg[I]	core.enc_block.enc_ctrl_reg[I]	core.enc_block.enc_ctrl_reg[2]$_DFF_PN0_/Q	core.enc_block.enc_ctrl_reg[0]$_DFF_PN1_/D
