# stage	1_synth
# top_module	fpu
# top_n	100
# kind	blocks
# include_full	1
# rank	worst_slack_ns	start	end	start_full	end_full
1	-0.4199	uI.mul_a[J]	uI.product_h[J]	u3.mul_a[48]$_SDFFE_PP0P_/Q	u3.product_h[28]$_SDFFE_PP0P_/D
2	-0.4190	uI.mul_a[J]	uI.product_j[J]	u3.mul_a[51]$_SDFFE_PP0P_/Q	u3.product_j[27]$_SDFFE_PP0P_/D
3	-0.4179	uI.mul_b[J]	uI.product_h[J]	u3.mul_b[5]$_SDFFE_PP0P_/Q	u3.product_h[28]$_SDFFE_PP0P_/D
4	-0.4132	uI.mul_a[J]	uI.sub_pb_lo[J]	u3.mul_a[7]$_SDFFE_PP0P_/Q	u3.sub_pb_lo[28]$_SDFFE_PP0P_/D
5	-0.4112	uI.mul_b[J]	uI.sub_pb_lo[J]	u3.mul_b[22]$_SDFFE_PP0P_/Q	u3.sub_pb_lo[28]$_SDFFE_PP0P_/D
6	-0.4108	uI.mul_b[J]	uI.product_j[J]	u3.mul_b[41]$_SDFFE_PP0P_/Q	u3.product_j[27]$_SDFFE_PP0P_/D
7	-0.4105	uI.mul_a[J]	uI.sub_pb_hi[J]	u3.mul_a[19]$_SDFFE_PP0P_/Q	u3.sub_pb_hi[28]$_SDFFE_PP0P_/D
8	-0.4085	uI.mul_b[J]	uI.sub_pb_hi[J]	u3.mul_b[22]$_SDFFE_PP0P_/Q	u3.sub_pb_hi[28]$_SDFFE_PP0P_/D
9	-0.3900	uI.mul_a[J]	uI.sub_pa_hi[J]	u3.mul_a[22]$_SDFFE_PP0P_/Q	u3.sub_pa_hi[26]$_SDFFE_PP0P_/D
10	-0.3818	uI.mul_b[J]	uI.sub_pa_hi[J]	u3.mul_b[5]$_SDFFE_PP0P_/Q	u3.sub_pa_hi[26]$_SDFFE_PP0P_/D
11	-0.3418	uI.mul_a[J]	uI.sub_pc_hi[J]	u3.mul_a[22]$_SDFFE_PP0P_/Q	u3.sub_pc_hi[23]$_SDFFE_PP0P_/D
12	-0.3398	uI.mul_b[J]	uI.sub_pc_hi[J]	u3.mul_b[36]$_SDFFE_PP0P_/Q	u3.sub_pc_hi[23]$_SDFFE_PP0P_/D
13	-0.3323	uI.mul_a[J]	uI.sub_pf_hi[J]	u3.mul_a[36]$_SDFFE_PP0P_/Q	u3.sub_pf_hi[24]$_SDFFE_PP0P_/D
14	-0.3313	uI.mul_b[J]	uI.sub_pe_lo[J]	u3.mul_b[0]$_SDFFE_PP0P_/Q	u3.sub_pe_lo[25]$_SDFFE_PP0P_/D
15	-0.3303	uI.mul_b[J]	uI.sub_pf_hi[J]	u3.mul_b[22]$_SDFFE_PP0P_/Q	u3.sub_pf_hi[24]$_SDFFE_PP0P_/D
16	-0.3247	uI.mul_a[J]	uI.product_i[J]	u3.mul_a[48]$_SDFFE_PP0P_/Q	u3.product_i[27]$_SDFFE_PP0P_/D
17	-0.3246	uI.mul_a[J]	uI.sub_pa_lo[J]	u3.mul_a[7]$_SDFFE_PP0P_/Q	u3.sub_pa_lo[27]$_SDFFE_PP0P_/D
18	-0.3227	uI.mul_b[J]	uI.product_i[J]	u3.mul_b[21]$_SDFFE_PP0P_/Q	u3.product_i[27]$_SDFFE_PP0P_/D
19	-0.3226	uI.mul_b[J]	uI.sub_pa_lo[J]	u3.mul_b[4]$_SDFFE_PP0P_/Q	u3.sub_pa_lo[27]$_SDFFE_PP0P_/D
20	-0.3198	uI.mul_a[J]	uI.sub_pc_lo[J]	u3.mul_a[7]$_SDFFE_PP0P_/Q	u3.sub_pc_lo[27]$_SDFFE_PP0P_/D
21	-0.3180	uI.mul_b[J]	uI.sub_pc_lo[J]	u3.mul_b[44]$_SDFFE_PP0P_/Q	u3.sub_pc_lo[27]$_SDFFE_PP0P_/D
22	-0.3119	uI.mul_a[J]	uI.sub_pe_lo[J]	u3.mul_a[28]$_SDFFE_PP0P_/Q	u3.sub_pe_lo[25]$_SDFFE_PP0P_/D
23	-0.2872	uI.mul_a[J]	uI.sub_pg_hi[J]	u3.mul_a[36]$_SDFFE_PP0P_/Q	u3.sub_pg_hi[24]$_SDFFE_PP0P_/D
24	-0.2852	uI.mul_b[J]	uI.sub_pg_hi[J]	u3.mul_b[40]$_SDFFE_PP0P_/Q	u3.sub_pg_hi[24]$_SDFFE_PP0P_/D
25	-0.2393	uI.mul_a[J]	uI.sub_pe_hi[J]	u3.mul_a[39]$_SDFFE_PP0P_/Q	u3.sub_pe_hi[24]$_SDFFE_PP0P_/D
26	-0.2373	uI.mul_b[J]	uI.sub_pe_hi[J]	u3.mul_b[2]$_SDFFE_PP0P_/Q	u3.sub_pe_hi[24]$_SDFFE_PP0P_/D
27	-0.2278	uI.mul_a[J]	uI.sub_pg_lo[J]	u3.mul_a[31]$_SDFFE_PP0P_/Q	u3.sub_pg_lo[27]$_SDFFE_PP0P_/D
28	-0.2259	uI.mul_b[J]	uI.sub_pg_lo[J]	u3.mul_b[38]$_SDFFE_PP0P_/Q	u3.sub_pg_lo[27]$_SDFFE_PP0P_/D
29	-0.2202	uI.mul_a[J]	uI.sub_pf_lo[J]	u3.mul_a[25]$_SDFFE_PP0P_/Q	u3.sub_pf_lo[24]$_SDFFE_PP0P_/D
30	-0.2182	uI.mul_b[J]	uI.sub_pf_lo[J]	u3.mul_b[21]$_SDFFE_PP0P_/Q	u3.sub_pf_lo[24]$_SDFFE_PP0P_/D
31	0.0835	uI.mul_a[J]	uI.product_d[J]	u3.mul_a[0]$_SDFFE_PP0P_/Q	u3.product_d[23]$_SDFFE_PP0P_/D
32	0.1155	uI.divisor_b[J]	uI.divisor_shift_J[K]	u4.divisor_b[40]$_SDFFE_PP0P_/Q	u4.divisor_shift_2[1]$_SDFFE_PP0P_/D
33	0.1206	uI.dividend_a[J]	uI.dividend_shift_J[K]	u4.dividend_a[51]$_SDFFE_PP0P_/Q	u4.dividend_shift_2[1]$_SDFFE_PP0P_/D
34	0.1235	uI.mul_b[J]	uI.product_d[J]	u3.mul_b[52]$_SDFFE_PP0P_/Q	u3.product_d[23]$_SDFFE_PP0P_/D
35	0.1260	uI.dividend_reg[J]	uI.dividend_reg[J]	u4.dividend_reg[51]$_SDFFE_PP0P_/Q	u4.dividend_reg[51]$_SDFFE_PP0P_/D
36	0.1295	uI.diff[J]	uI.diff_shift_J[K]	u2.diff[48]$_SDFFE_PP0P_/Q	u2.diff_shift_2[5]$_SDFFE_PP0P_/D
37	0.1297	uI.exponent_under[J]	uI.product_J[K]	u3.exponent_under[1]$_SDFFE_PP0P_/Q	u3.product_1[16]$_SDFFE_PP0P_/D
38	0.1368	uI.dividend_reg[J]	uI.quotient[J]	u4.dividend_reg[51]$_SDFFE_PP0P_/Q	u4.quotient[28]$_SDFFE_PP0P_/D
39	0.1373	uI.divisor_reg[J]	uI.dividend_reg[J]	u4.divisor_reg[52]$_SDFFE_PP0P_/Q	u4.dividend_reg[51]$_SDFFE_PP0P_/D
40	0.1456	uI.dividend_reg[J]	uI.remainder_msb	u4.dividend_reg[51]$_SDFFE_PP0P_/Q	u4.remainder_msb$_SDFFE_PP0P_/D
41	0.1480	uI.divisor_reg[J]	uI.quotient[J]	u4.divisor_reg[52]$_SDFFE_PP0P_/Q	u4.quotient[28]$_SDFFE_PP0P_/D
42	0.1534	uI.exponent_J[K]	uI.product_J[K]	u3.exponent_2[1]$_SDFFE_PP0P_/Q	u3.product_4[100]$_SDFFE_PP0P_/D
43	0.1568	uI.divisor_reg[J]	uI.remainder_msb	u4.divisor_reg[52]$_SDFFE_PP0P_/Q	u4.remainder_msb$_SDFFE_PP0P_/D
44	0.1600	uI.minuend[J]	uI.diff[J]	u2.minuend[5]$_SDFFE_PP0P_/Q	u2.diff[54]$_SDFFE_PP0P_/D
45	0.1672	uI.product_e[J]	uI.sum_J[K]	u3.product_e[0]$_SDFFE_PP0P_/Q	u3.sum_1[32]$_SDFFE_PP0P_/D
46	0.1704	uI.sum_J[K]	uI.sum_J[K]	u3.sum_0[7]$_SDFFE_PP0P_/Q	u3.sum_1[32]$_SDFFE_PP0P_/D
47	0.1778	uI.subtra_shift_J[K]	uI.diff[J]	u2.subtra_shift_3[5]$_SDFFE_PP0P_/QN	u2.diff[54]$_SDFFE_PP0P_/D
48	0.1903	uI.product_f[J]	uI.sum_J[K]	u3.product_f[4]$_SDFFE_PP0P_/Q	u3.sum_4[35]$_SDFFE_PP0P_/D
49	0.1906	uI.product_c[J]	uI.sum_J[K]	u3.product_c[0]$_SDFFE_PP0P_/Q	u3.sum_2[28]$_SDFFE_PP0P_/D
50	0.2020	uI.remainder_shift_term[J]	uI.remainder_b[J]	u4.remainder_shift_term[1]$_SDFFE_PP0P_/Q	u4.remainder_b[99]$_SDFFE_PP0P_/D
51	0.2028	mantissa_round[I]	uI.sum_round[J]	mantissa_round[7]$_SDFF_PN0_/Q	u5.sum_round[51]$_SDFF_PP0_/D
52	0.2079	uI.diffshift_gt_exponent	uI.diff_J[K]	u2.diffshift_gt_exponent$_SDFFE_PP0P_/Q	u2.diff_1[49]$_SDFFE_PP0P_/D
53	0.2104	uI.product_d[J]	uI.sum_J[K]	u3.product_d[0]$_SDFFE_PP0P_/Q	u3.sum_5[26]$_SDFFE_PP0P_/D
54	0.2173	uI.product_b[J]	uI.sum_J[K]	u3.product_b[5]$_SDFFE_PP0P_/Q	u3.sum_0[27]$_SDFFE_PP0P_/D
55	0.2182	uI.product_a[J]	uI.sum_J[K]	u3.product_a[22]$_SDFFE_PP0P_/Q	u3.sum_0[27]$_SDFFE_PP0P_/D
56	0.2196	rst	uI.sub_pa_lo[J]	rst	u3.sub_pa_lo[27]$_SDFFE_PP0P_/D
57	0.2230	uI.large_add[J]	uI.sum[J]	u1.large_add[2]$_SDFFE_PP0P_/Q	u1.sum[54]$_SDFFE_PP0P_/D
58	0.2243	uI.small_shift_J[K]	uI.sum[J]	u1.small_shift_3[21]$_SDFFE_PP0P_/Q	u1.sum[43]$_SDFFE_PP0P_/D
59	0.2275	rst	uI.sum_J[K]	rst	u3.sum_7[35]$_SDFFE_PP0P_/D
60	0.2313	uI.dividend_shift_J[K]	uI.dividend_a_shifted[J]	u4.dividend_shift_2[1]$_SDFFE_PP0P_/Q	u4.dividend_a_shifted[37]$_SDFFE_PP0P_/D
61	0.2313	uI.divisor_shift_J[K]	uI.divisor_b_shifted[J]	u4.divisor_shift_2[1]$_SDFFE_PP0P_/Q	u4.divisor_b_shifted[37]$_SDFFE_PP0P_/D
62	0.2321	uI.exponent_large[J]	uI.diff_J[K]	u2.exponent_large[1]$_SDFFE_PP0P_/Q	u2.diff_1[52]$_SDFFE_PP0P_/D
63	0.2330	uI.diff_shift_J[K]	uI.diff_J[K]	u2.diff_shift_2[0]$_SDFFE_PP0P_/Q	u2.diff_1[49]$_SDFFE_PP0P_/D
64	0.2384	rst	uI.product_f[J]	rst	u3.product_f[28]$_SDFFE_PP0P_/D
65	0.2386	rst	uI.product_g[J]	rst	u3.product_g[29]$_SDFFE_PP0P_/D
66	0.2482	rst	uI.out_J[K]	rst	u6.out_2[62]$_SDFFE_PP0P_/D
67	0.2483	rst	uI.product_b[J]	rst	u3.product_b[31]$_SDFFE_PP0P_/D
68	0.2489	rst	uI.dividend_reg[J]	rst	u4.dividend_reg[34]$_SDFFE_PP0P_/D
69	0.2489	rst	uI.dividend_shift_J[K]	rst	u4.dividend_shift_2[2]$_SDFFE_PP0P_/D
70	0.2496	rst	uI.small_shift_J[K]	rst	u1.small_shift_3[0]$_SDFFE_PP0P_/D
71	0.2496	rst	uI.sum[J]	rst	u1.sum[44]$_SDFFE_PP0P_/D
72	0.2498	uI.exponent_small[J]	uI.exponent_diff[J]	u2.exponent_small[0]$_SDFFE_PP0P_/Q	u2.exponent_diff[10]$_SDFFE_PP0P_/D
73	0.2532	rst	uI.product[J]	rst	u3.product[53]$_SDFFE_PP0P_/D
74	0.2534	rst	uI.opa_QNaN	rst	u6.opa_QNaN$_SDFFE_PP0P_/D
75	0.2534	rst	uI.opa_SNaN	rst	u6.opa_SNaN$_SDFFE_PP0P_/D
76	0.2536	rst	uI.sub_pf_hi[J]	rst	u3.sub_pf_hi[14]$_SDFFE_PP0P_/D
77	0.2536	rst	uI.sub_pf_lo[J]	rst	u3.sub_pf_lo[1]$_SDFFE_PP0P_/D
78	0.2540	rst	uI.product_i[J]	rst	u3.product_i[25]$_SDFFE_PP0P_/D
79	0.2542	rst	uI.product_e[J]	rst	u3.product_e[0]$_SDFFE_PP0P_/D
80	0.2542	rst	uI.product_j[J]	rst	u3.product_j[11]$_SDFFE_PP0P_/D
81	0.2545	rst	uI.product_J[K]	rst	u3.product_3[100]$_SDFFE_PP0P_/D
82	0.2548	rst	uI.exponent_J[K]	rst	u3.exponent_2[10]$_SDFFE_PP0P_/D
83	0.2555	rst	uI.mul_a[J]	rst	u3.mul_a[0]$_SDFFE_PP0P_/D
84	0.2555	rst	uI.mul_b[J]	rst	u3.mul_b[0]$_SDFFE_PP0P_/D
85	0.2570	rst	uI.sub_pc_lo[J]	rst	u3.sub_pc_lo[25]$_SDFFE_PP0P_/D
86	0.2570	rst	uI.sub_pe_hi[J]	rst	u3.sub_pe_hi[16]$_SDFFE_PP0P_/D
87	0.2570	rst	uI.sub_pe_lo[J]	rst	u3.sub_pe_lo[21]$_SDFFE_PP0P_/D
88	0.2585	uI.exponent_large[J]	uI.exponent_diff[J]	u2.exponent_large[0]$_SDFFE_PP0P_/QN	u2.exponent_diff[10]$_SDFFE_PP0P_/D
89	0.2585	rst	uI.expon_final_J[K]	rst	u4.expon_final_1[10]$_SDFFE_PP0P_/D
90	0.2592	rst	uI.diff[J]	rst	u2.diff[35]$_SDFFE_PP0P_/D
91	0.2594	rst	uI.sub_pa_hi[J]	rst	u3.sub_pa_hi[14]$_SDFFE_PP0P_/D
92	0.2594	rst	uI.sub_pb_hi[J]	rst	u3.sub_pb_hi[14]$_SDFFE_PP0P_/D
93	0.2594	rst	uI.sub_pb_lo[J]	rst	u3.sub_pb_lo[14]$_SDFFE_PP0P_/D
94	0.2594	rst	uI.sub_pc_hi[J]	rst	u3.sub_pc_hi[24]$_SDFFE_PP0P_/D
95	0.2596	uI.large_norm_small_denorm	uI.exponent_diff[J]	u2.large_norm_small_denorm$_SDFFE_PP0P_/Q	u2.exponent_diff[10]$_SDFFE_PP0P_/D
96	0.2597	rst	uI.small_shift[J]	rst	u1.small_shift[10]$_SDFFE_PP0P_/D
97	0.2605	uI.expon_uf_term_J[K]	uI.mantissa_J[K]	u4.expon_uf_term_4[9]$_SDFFE_PP0P_/Q	u4.mantissa_1[1]$_SDFFE_PP0P_/D
98	0.2615	rst	uI.divisor_shift_J[K]	rst	u4.divisor_shift_2[2]$_SDFFE_PP0P_/D
99	0.2616	rst	uI.NaN_output[J]	rst	u6.NaN_output[50]$_SDFFE_PP0P_/D
100	0.2616	rst	uI.expa_et_expb	rst	u2.expa_et_expb$_SDFFE_PP0P_/D
