# stage	1_synth
# top_module	ddr3_controller
# top_n	100
# kind	blocks
# include_full	1
# rank	worst_slack_ns	start	end	start_full	end_full
1	-0.2515	lane[I]	dqs_target_index[I]	lane[1]$_SDFFE_PP0P_/Q	dqs_target_index[1]$_SDFFE_PP0P_/D
2	-0.2478	i_wb_addr[I]	stageI_next_row[J]	i_wb_addr[6]	stage1_next_row[13]$_SDFFE_PP0P_/D
3	-0.2380	lane[I]	o_phy_idelay_dqs_cntvaluein[I]	lane[1]$_SDFFE_PP0P_/Q	o_phy_idelay_dqs_cntvaluein[0]
4	-0.2358	lane[I]	o_phy_odelay_data_cntvaluein[I]	lane[1]$_SDFFE_PP0P_/Q	o_phy_odelay_data_cntvaluein[4]
5	-0.2358	lane[I]	o_phy_odelay_dqs_cntvaluein[I]	lane[1]$_SDFFE_PP0P_/Q	o_phy_odelay_dqs_cntvaluein[4]
6	-0.2351	lane[I]	o_phy_idelay_data_cntvaluein[I]	lane[1]$_SDFFE_PP0P_/Q	o_phy_idelay_data_cntvaluein[0]
7	-0.2206	stageI_pending	o_wb_stall_int_q	stage2_pending$_SDFFE_PP0P_/Q	o_wb_stall_int_q$_SDFF_PP1_/D
8	-0.2201	stageI_bank[J]	o_wb_stall_int_q	stage2_bank[2]$_SDFF_PP0_/Q	o_wb_stall_int_q$_SDFF_PP1_/D
9	-0.2198	stageI_next_bank[J]	o_wb_stall_int_q	stage1_next_bank[0]$_SDFFE_PP0P_/Q	o_wb_stall_int_q$_SDFF_PP1_/D
10	-0.2141	stageI_do_pre	o_wb_stall_int_q	stage2_do_pre$_SDFF_PP0_/Q	o_wb_stall_int_q$_SDFF_PP1_/D
11	-0.1943	lane[I]	odelay_dqs_cntvaluein[I][J]	lane[1]$_SDFFE_PP0P_/Q	odelay_dqs_cntvaluein[5][1]$_SDFFCE_PN0P_/D
12	-0.1933	stageI_do_act	o_wb_stall_int_q	stage2_do_act$_SDFF_PP0_/Q	o_wb_stall_int_q$_SDFF_PP1_/D
13	-0.1929	lane[I]	idelay_data_cntvaluein[I][J]	lane[1]$_SDFFE_PP0P_/Q	idelay_data_cntvaluein[1][1]$_SDFFCE_PN0P_/D
14	-0.1911	stageI_bank[J]	stageI_do_wr_or_rd	stage2_bank[0]$_SDFF_PP0_/Q	stage2_do_wr_or_rd$_SDFF_PP0_/D
15	-0.1889	lane[I]	odelay_data_cntvaluein[I][J]	lane[1]$_SDFFE_PP0P_/Q	odelay_data_cntvaluein[1][1]$_SDFFCE_PN0P_/D
16	-0.1882	lane[I]	idelay_dqs_cntvaluein[I][J]	lane[1]$_SDFFE_PP0P_/Q	idelay_dqs_cntvaluein[0][2]$_SDFFCE_PN0P_/D
17	-0.1841	stageI_pending	stageI_do_wr_or_rd	stage2_pending$_SDFFE_PP0P_/Q	stage2_do_wr_or_rd$_SDFF_PP0_/D
18	-0.1833	stageI_next_bank[J]	stageI_do_wr_or_rd	stage1_next_bank[0]$_SDFFE_PP0P_/Q	stage2_do_wr_or_rd$_SDFF_PP0_/D
19	-0.1777	stageI_do_pre	stageI_do_wr_or_rd	stage2_do_pre$_SDFF_PP0_/Q	stage2_do_wr_or_rd$_SDFF_PP0_/D
20	-0.1759	lane[I]	state_calibrate[I]	lane[1]$_SDFFE_PP0P_/Q	state_calibrate[1]$_SDFFE_PP0P_/D
21	-0.1710	i_phy_idelayctrl_rdy	write_test_address_counter[I]	i_phy_idelayctrl_rdy	write_test_address_counter[22]$_SDFFE_PP0P_/D
22	-0.1685	stageI_do_act	stageI_do_wr_or_rd	stage2_do_act$_SDFF_PP0_/Q	stage2_do_wr_or_rd$_SDFF_PP0_/D
23	-0.1684	lane[I]	sample_clk_repeat[I]	lane[1]$_SDFFE_PP0P_/Q	sample_clk_repeat[3]$_SDFFCE_PP0P_/D
24	-0.1676	lane[I]	data_start_index[I][J]	lane[1]$_SDFFE_PP0P_/Q	data_start_index[2][5]$_SDFFCE_PN0P_/D
25	-0.1662	stageI_bank[J]	stageI_do_pre	stage2_bank[0]$_SDFF_PP0_/Q	stage2_do_pre$_SDFF_PP0_/D
26	-0.1592	stageI_pending	stageI_do_pre	stage2_pending$_SDFFE_PP0P_/Q	stage2_do_pre$_SDFF_PP0_/D
27	-0.1584	stageI_next_bank[J]	stageI_do_pre	stage1_next_bank[0]$_SDFFE_PP0P_/Q	stage2_do_pre$_SDFF_PP0_/D
28	-0.1582	dqs_start_index[I]	state_calibrate[I]	dqs_start_index[1]$_SDFFE_PP0P_/Q	state_calibrate[1]$_SDFFE_PP0P_/D
29	-0.1570	stageI_do_wr_or_rd	stageI_do_wr_or_rd	stage2_do_wr_or_rd$_SDFF_PP0_/Q	stage2_do_wr_or_rd$_SDFF_PP0_/D
30	-0.1558	lane[I]	write_pattern_lane[I]	lane[1]$_SDFFE_PP0P_/Q	write_pattern_lane[55]$_SDFF_PP0_/D
31	-0.1548	stageI_do_rd	stageI_do_wr_or_rd	stage2_do_rd$_SDFF_PP0_/Q	stage2_do_wr_or_rd$_SDFF_PP0_/D
32	-0.1528	stageI_do_pre	stageI_do_pre	stage2_do_pre$_SDFF_PP0_/Q	stage2_do_pre$_SDFF_PP0_/D
33	-0.1513	dqs_start_index[I]	dqs_start_index[I]	dqs_start_index[1]$_SDFFE_PP0P_/Q	dqs_start_index[4]$_SDFFE_PP0P_/D
34	-0.1500	i_phy_iserdes_bitslip_reference[I]	state_calibrate[I]	i_phy_iserdes_bitslip_reference[25]	state_calibrate[1]$_SDFFE_PP0P_/D
35	-0.1461	lane[I]	added_read_pipe_max	lane[1]$_SDFFE_PP0P_/Q	added_read_pipe_max$_SDFFE_PP0P_/D
36	-0.1439	stageI_do_wr	stageI_do_wr_or_rd	stage2_do_wr$_SDFF_PP0_/Q	stage2_do_wr_or_rd$_SDFF_PP0_/D
37	-0.1436	stageI_do_act	stageI_do_pre	stage2_do_act$_SDFF_PP0_/Q	stage2_do_pre$_SDFF_PP0_/D
38	-0.1390	lane[I]	dqs_start_index_stored[I]	lane[1]$_SDFFE_PP0P_/Q	dqs_start_index_stored[0]$_SDFFE_PP0P_/D
39	-0.1356	lane[I]	read_lane_data[I]	lane[1]$_SDFFE_PP0P_/Q	read_lane_data[10]$_SDFF_PP0_/D
40	-0.1348	lane[I]	dqs_store[I]	lane[1]$_SDFFE_PP0P_/Q	dqs_store[32]$_SDFFE_PP0P_/D
41	-0.1334	lane[I]	stored_write_level_feedback	lane[1]$_SDFFE_PP0P_/Q	stored_write_level_feedback$_SDFFCE_PN0P_/D
42	-0.1321	stageI_do_wr_or_rd	stageI_do_pre	stage2_do_wr_or_rd$_SDFF_PP0_/Q	stage2_do_pre$_SDFF_PP0_/D
43	-0.1311	i_phy_iserdes_bitslip_reference[I]	sample_clk_repeat[I]	i_phy_iserdes_bitslip_reference[31]	sample_clk_repeat[3]$_SDFFCE_PP0P_/D
44	-0.1299	stageI_do_rd	stageI_do_pre	stage2_do_rd$_SDFF_PP0_/Q	stage2_do_pre$_SDFF_PP0_/D
45	-0.1285	lane[I]	o_phy_bitslip[I]	lane[1]$_SDFFE_PP0P_/Q	o_phy_bitslip[7]$_SDFF_PP0_/D
46	-0.1244	state_calibrate[I]	read_test_address_counter[I]	state_calibrate[3]$_SDFFE_PP0P_/Q	read_test_address_counter[23]$_SDFFE_PP0P_/D
47	-0.1224	dqs_start_index[I]	o_phy_idelay_data_ld[I]	dqs_start_index[1]$_SDFFE_PP0P_/Q	o_phy_idelay_data_ld[7]$_SDFF_PP0_/D
48	-0.1224	dqs_start_index[I]	delay_before_read_data[I]	dqs_start_index[1]$_SDFFE_PP0P_/Q	delay_before_read_data[3]$_SDFF_PP0_/D
49	-0.1190	stageI_do_wr	stageI_do_pre	stage2_do_wr$_SDFF_PP0_/Q	stage2_do_pre$_SDFF_PP0_/D
50	-0.1184	lane[I]	start_index_check[I]	lane[1]$_SDFFE_PP0P_/Q	start_index_check[4]$_SDFFCE_PN0P_/D
51	-0.1183	index_wb_data	reset_from_test	index_wb_data$_SDFFE_PP0P_/Q	reset_from_test$_SDFF_PP0_/D
52	-0.1163	lane[I]	lane_write_dq_late[I]	lane[1]$_SDFFE_PP0P_/Q	lane_write_dq_late[0]$_SDFFE_PP0P_/D
53	-0.1137	lane[I]	lane[I]	lane[1]$_SDFFE_PP0P_/Q	lane[2]$_SDFFE_PP0P_/D
54	-0.1135	data_start_index[I][J]	data_start_index[I][J]	data_start_index[3][2]$_SDFFCE_PN0P_/Q	data_start_index[2][5]$_SDFFCE_PN0P_/D
55	-0.1131	i_phy_iserdes_bitslip_reference[I]	dqs_start_index_stored[I]	i_phy_iserdes_bitslip_reference[25]	dqs_start_index_stored[0]$_SDFFE_PP0P_/D
56	-0.1059	lane[I]	initial_dqs	lane[1]$_SDFFE_PP0P_/Q	initial_dqs$_SDFFE_PP1P_/D
57	-0.1011	lane[I]	dqs_start_index_repeat	lane[1]$_SDFFE_PP0P_/Q	dqs_start_index_repeat$_SDFFE_PP0P_/D
58	-0.1002	lane[I]	prev_write_level_feedback	lane[1]$_SDFFE_PP0P_/Q	prev_write_level_feedback$_SDFFE_PP1P_/D
59	-0.0964	stageI_do_act	o_phy_cmd[I]	stage2_do_act$_SDFF_PP0_/Q	o_phy_cmd[10]
60	-0.0961	i_phy_iserdes_bitslip_reference[I]	stored_write_level_feedback	i_phy_iserdes_bitslip_reference[31]	stored_write_level_feedback$_SDFFCE_PN0P_/D
61	-0.0951	stageI_do_wr_or_rd	stageI_do_rd	stage2_do_wr_or_rd$_SDFF_PP0_/Q	stage2_do_rd$_SDFF_PP0_/D
62	-0.0948	read_lane_data_shifted[I]	added_read_pipe[I]	read_lane_data_shifted[6]$_SDFF_PP0_/Q	added_read_pipe[1]$_SDFFCE_PN0P_/D
63	-0.0935	stageI_row[J]	o_wb_stall_int_q	stage2_row[7]$_SDFF_PP0_/Q	o_wb_stall_int_q$_SDFF_PP1_/D
64	-0.0931	stageI_do_wr	stageI_do_rd	stage2_do_wr$_SDFF_PP0_/Q	stage2_do_rd$_SDFF_PP0_/D
65	-0.0929	stageI_pending	o_phy_cmd[I]	stage2_pending$_SDFFE_PP0P_/Q	o_phy_cmd[10]
66	-0.0920	data_start_index[I][J]	write_pattern_lane[I]	data_start_index[3][1]$_SDFFCE_PN0P_/Q	write_pattern_lane[55]$_SDFF_PP0_/D
67	-0.0907	state_calibrate[I]	write_test_address_counter[I]	state_calibrate[0]$_SDFFE_PP0P_/Q	write_test_address_counter[22]$_SDFFE_PP0P_/D
68	-0.0900	i_phy_iserdes_bitslip_reference[I]	o_phy_bitslip[I]	i_phy_iserdes_bitslip_reference[31]	o_phy_bitslip[7]$_SDFF_PP0_/D
69	-0.0891	stageI_pending	stageI_do_wr	stage2_pending$_SDFFE_PP0P_/Q	stage2_do_wr$_SDFF_PP0_/D
70	-0.0884	stageI_do_wr_or_rd	stageI_do_wr	stage2_do_wr_or_rd$_SDFF_PP0_/Q	stage2_do_wr$_SDFF_PP0_/D
71	-0.0883	stageI_bank[J]	stageI_do_wr	stage2_bank[1]$_SDFF_PP0_/QN	stage2_do_wr$_SDFF_PP0_/D
72	-0.0873	stageI_bank[J]	o_wb_stall_int_q	stage1_bank[0]$_SDFFE_PP0P_/Q	o_wb_stall_int_q$_SDFF_PP1_/D
73	-0.0862	lane[I]	train_delay[I]	lane[1]$_SDFFE_PP0P_/Q	train_delay[0]$_SDFF_PP0_/D
74	-0.0851	stageI_do_rd	stageI_do_wr	stage2_do_rd$_SDFF_PP0_/Q	stage2_do_wr$_SDFF_PP0_/D
75	-0.0838	lane[I]	added_read_pipe[I]	lane[1]$_SDFFE_PP0P_/Q	added_read_pipe[1]$_SDFFCE_PN0P_/D
76	-0.0832	i_phy_idelayctrl_rdy	read_test_address_counter[I]	i_phy_idelayctrl_rdy	read_test_address_counter[23]$_SDFFE_PP0P_/D
77	-0.0823	stageI_next_row[J]	o_wb_stall_int_q	stage1_next_row[7]$_SDFFE_PP0P_/Q	o_wb_stall_int_q$_SDFF_PP1_/D
78	-0.0815	stageI_do_pre	o_phy_cmd[I]	stage2_do_pre$_SDFF_PP0_/Q	o_phy_cmd[10]
79	-0.0802	write_pattern[I]	added_read_pipe[I]	write_pattern[0]$_SDFFE_PP0P_/Q	added_read_pipe[1]$_SDFFCE_PN0P_/D
80	-0.0800	i_phy_iserdes_bitslip_reference[I]	initial_dqs	i_phy_iserdes_bitslip_reference[25]	initial_dqs$_SDFFE_PP1P_/D
81	-0.0798	stageI_do_act	stageI_do_wr	stage2_do_act$_SDFF_PP0_/Q	stage2_do_wr$_SDFF_PP0_/D
82	-0.0797	data_start_index[I][J]	unaligned_data[I][J]	data_start_index[0][0]$_SDFFCE_PN0P_/Q	unaligned_data[0][0]$_SDFF_PP0_/D
83	-0.0766	lane[I]	idelay_data_will_wrap	lane[1]$_SDFFE_PP0P_/Q	idelay_data_will_wrap$_DFFE_PN_/D
84	-0.0765	i_phy_iserdes_bitslip_reference[I]	lane[I]	i_phy_iserdes_bitslip_reference[31]	lane[2]$_SDFFE_PP0P_/D
85	-0.0761	read_lane_data_shifted[I]	data_start_index[I][J]	read_lane_data_shifted[6]$_SDFF_PP0_/Q	data_start_index[2][5]$_SDFFCE_PN0P_/D
86	-0.0760	instruction_address[I]	write_test_address_counter[I]	instruction_address[3]$_SDFF_PP0_/QN	write_test_address_counter[22]$_SDFFE_PP0P_/D
87	-0.0759	stageI_do_wr	stageI_do_wr	stage2_do_wr$_SDFF_PP0_/Q	stage2_do_wr$_SDFF_PP0_/D
88	-0.0752	i_phy_iserdes_bitslip_reference[I]	dqs_start_index_repeat	i_phy_iserdes_bitslip_reference[25]	dqs_start_index_repeat$_SDFFE_PP0P_/D
89	-0.0738	index_wb_data	o_wb_data[I]	index_wb_data$_SDFFE_PP0P_/Q	o_wb_data[213]
90	-0.0730	stageI_pending	stageI_do_update_delay_before_write_after_act	stage2_pending$_SDFFE_PP0P_/Q	stage2_do_update_delay_before_write_after_act$_SDFF_PP0_/D
91	-0.0725	i_phy_iserdes_bitslip_reference[I]	added_read_pipe_max	i_phy_iserdes_bitslip_reference[31]	added_read_pipe_max$_SDFFE_PP0P_/D
92	-0.0722	stageI_do_wr_or_rd	stageI_do_update_delay_before_write_after_act	stage2_do_wr_or_rd$_SDFF_PP0_/Q	stage2_do_update_delay_before_write_after_act$_SDFF_PP0_/D
93	-0.0722	stageI_bank[J]	stageI_do_update_delay_before_write_after_act	stage2_bank[1]$_SDFF_PP0_/QN	stage2_do_update_delay_before_write_after_act$_SDFF_PP0_/D
94	-0.0719	stageI_do_rd	stageI_do_rd	stage2_do_rd$_SDFF_PP0_/Q	stage2_do_rd$_SDFF_PP0_/D
95	-0.0715	stageI_bank[J]	stageI_do_rd	stage2_bank[0]$_SDFF_PP0_/Q	stage2_do_rd$_SDFF_PP0_/D
96	-0.0689	stageI_do_rd	stageI_do_update_delay_before_write_after_act	stage2_do_rd$_SDFF_PP0_/Q	stage2_do_update_delay_before_write_after_act$_SDFF_PP0_/D
97	-0.0650	stageI_pending	stageI_do_rd	stage2_pending$_SDFFE_PP0P_/Q	stage2_do_rd$_SDFF_PP0_/D
98	-0.0643	stageI_do_wr	o_wb_stall_int_q	stage2_do_wr$_SDFF_PP0_/Q	o_wb_stall_int_q$_SDFF_PP1_/D
99	-0.0636	stageI_do_act	stageI_do_update_delay_before_write_after_act	stage2_do_act$_SDFF_PP0_/Q	stage2_do_update_delay_before_write_after_act$_SDFF_PP0_/D
100	-0.0629	i_phy_iserdes_bitslip_reference[I]	prev_write_level_feedback	i_phy_iserdes_bitslip_reference[31]	prev_write_level_feedback$_SDFFE_PP1P_/D
