# stage	6_final
# top_module	RsDecodeTop
# top_n	100
# kind	blocks
# include_full	1
# rank	worst_slack_ns	start	end	start_full	end_full
1	-0.0442	RsDecodeDelay.RsDecodeDpRam.rRdAddr[I]	RsDecodeDelay.RsDecodeDpRam.q[I]	RsDecodeDelay.RsDecodeDpRam.rRdAddr[0]$_DFF_P_/Q	RsDecodeDelay.RsDecodeDpRam.q[6]$_DFFE_PP_/D
2	-0.0020	numShiftedReg[I]	omegaStepIReg_J[K]	numShiftedReg[4]$_DFFE_PN0P_/Q	omegaStep01Reg_3[2]$_DFFE_PN0P_/D
3	0.0068	RsDecodeSyndrome.count[I]	RsDecodePolymul.sumReg_I[J]	RsDecodeSyndrome.count[3]$_DFFE_PN0P_/QN	RsDecodePolymul.sumReg_18[1]$_DFFE_PN0P_/D
4	0.0094	RsDecodeEuclide.qNewReg[I]	RsDecodeEuclide.omegaInner_I[J]	RsDecodeEuclide.qNewReg[5]$_DFFE_PN0P_/Q	RsDecodeEuclide.omegaInner_11[4]$_DFFE_PN0P_/D
5	0.0099	RsDecodeEuclide.qNewReg[I]	RsDecodeEuclide.omegaBkp_I[J]	RsDecodeEuclide.qNewReg[4]$_DFFE_PN0P_/Q	RsDecodeEuclide.omegaBkp_1[6]$_DFFE_PN0P_/D
6	0.0108	RsDecodeEuclide.qNewReg[I]	RsDecodeEuclide.lambdaInner_I[J]	RsDecodeEuclide.qNewReg[6]$_DFFE_PN0P_/Q	RsDecodeEuclide.lambdaInner_8[3]$_DFFE_PN0P_/D
7	0.0109	RsDecodeEuclide.qNewReg[I]	RsDecodeEuclide.lambdaXorReg_I[J]	RsDecodeEuclide.qNewReg[6]$_DFFE_PN0P_/Q	RsDecodeEuclide.lambdaXorReg_6[2]$_DFFE_PN0P_/D
8	0.0130	DelayedDataOutInner[I]	delayedData[I]	DelayedDataOutInner[7]$_DFF_PN0_/Q	delayedData[7]
9	0.0131	RsDecodeChien.lambdaReg_I[J]	RsDecodeChien.numErrorRegI[J]	RsDecodeChien.lambdaReg_18[7]$_DFFE_PN0P_/Q	RsDecodeChien.numErrorReg2[4]$_DFFE_PN0P_/D
10	0.0134	numErrorRegInner[I]	errorNum[I]	numErrorRegInner[4]$_DFF_PN0_/Q	errorNum[4]
11	0.0140	failRegInner	fail	failRegInner$_DFF_PN0_/Q	fail
12	0.0145	DataOutInner[I]	outData[I]	DataOutInner[7]$_DFF_PN0_/Q	outData[7]
13	0.0156	RsDecodeEuclide.count[I]	RsDecodeEuclide.lambdaBkp_I[J]	RsDecodeEuclide.count[5]$_DFFE_PN0P_/Q	RsDecodeEuclide.lambdaBkp_18[1]$_DFFE_PN0P_/D
14	0.0164	numErasureRegInner[I]	erasureNum[I]	numErasureRegInner[0]$_DFF_PN0_/Q	erasureNum[0]
15	0.0166	RsDecodeEuclide.omegaInner_I[J]	RsDecodeEuclide.omegaInvReg[I]	RsDecodeEuclide.omegaInner_21[0]$_DFFE_PN0P_/Q	RsDecodeEuclide.omegaInvReg[5]$_DFFE_PN0P_/D
16	0.0175	doneRegInner	outDone	doneRegInner$_DFF_PN0_/Q	outDone
17	0.0180	startRegInner	outStartPls	startRegInner$_DFF_PN0_/Q	outStartPls
18	0.0189	OutputValidRegInner	outEnable	OutputValidRegInner$_DFF_PN0_/Q	outEnable
19	0.0200	RsDecodeEuclide.count[I]	RsDecodeEuclide.lambdaXorReg_I[J]	RsDecodeEuclide.count[5]$_DFFE_PN0P_/Q	RsDecodeEuclide.lambdaXorReg_4[6]$_DFFE_PN0P_/D
20	0.0230	RsDecodeEuclide.count[I]	RsDecodeEuclide.omegaBkp_I[J]	RsDecodeEuclide.count[1]$_DFFE_PN0P_/Q	RsDecodeEuclide.omegaBkp_11[0]$_DFFE_PN0P_/D
21	0.0246	RsDecodeSyndrome.count[I]	RsDecodePolymul.epsilonReg_I[J]	RsDecodeSyndrome.count[1]$_DFFE_PN0P_/Q	RsDecodePolymul.epsilonReg_8[0]$_DFFE_PN0P_/D
22	0.0273	RsDecodeEuclide.count[I]	RsDecodeEuclide.lambdaInner_I[J]	RsDecodeEuclide.count[5]$_DFFE_PN0P_/Q	RsDecodeEuclide.lambdaInner_4[2]$_DFFE_PN0P_/D
23	0.0406	RsDecodeEuclide.count[I]	RsDecodeEuclide.omegaInner_I[J]	RsDecodeEuclide.count[5]$_DFFE_PN0P_/Q	RsDecodeEuclide.omegaInner_7[6]$_DFFE_PN0P_/D
24	0.0427	lambdaWIReg[J]	degreeLambdaReg[I]	lambdaW02Reg[0]$_DFFE_PN0P_/Q	degreeLambdaReg[0]$_DFFE_PN0P_/D
25	0.0432	RsDecodeEuclide.euclideSteps[I]	RsDecodeEuclide.omegaBkp_I[J]	RsDecodeEuclide.euclideSteps[0]$_DFFE_PN0P_/Q	RsDecodeEuclide.omegaBkp_11[0]$_DFFE_PN0P_/D
26	0.0451	RsDecodeEuclide.omegaInner_I[J]	RsDecodeEuclide.omegaBkp_I[J]	RsDecodeEuclide.omegaInner_21[0]$_DFFE_PN0P_/Q	RsDecodeEuclide.omegaBkp_11[0]$_DFFE_PN0P_/D
27	0.0548	RsDecodeChien.denomEIReg[J]	RsDecodeChien.denomEIInvReg[J]	RsDecodeChien.denomE1Reg[1]$_DFFE_PN0P_/Q	RsDecodeChien.denomE1InvReg[0]$_DFFE_PN0P_/D
28	0.0584	omegaWIReg[J]	degreeOmegaReg[I]	omegaW02Reg[0]$_DFFE_PN0P_/Q	degreeOmegaReg[2]$_DFFE_PN0P_/D
29	0.0642	RsDecodeEuclide.euclideSteps[I]	RsDecodeEuclide.lambdaInner_I[J]	RsDecodeEuclide.euclideSteps[0]$_DFFE_PN0P_/Q	RsDecodeEuclide.lambdaInner_7[1]$_DFFE_PN0P_/D
30	0.0663	RsDecodeEuclide.count[I]	RsDecodeEuclide.offset[I]	RsDecodeEuclide.count[5]$_DFFE_PN0P_/Q	RsDecodeEuclide.offset[4]$_DFFE_PN0P_/D
31	0.0668	RsDecodeEuclide.omegaInner_I[J]	RsDecodeEuclide.offset[I]	RsDecodeEuclide.omegaInner_21[0]$_DFFE_PN0P_/Q	RsDecodeEuclide.offset[4]$_DFFE_PN0P_/D
32	0.0676	RsDecodeEuclide.omegaInner_I[J]	RsDecodeEuclide.omegaInner_I[J]	RsDecodeEuclide.omegaInner_21[0]$_DFFE_PN0P_/Q	RsDecodeEuclide.omegaInner_7[6]$_DFFE_PN0P_/D
33	0.0679	RsDecodeEuclide.omegaInner_I[J]	RsDecodeEuclide.lambdaInner_I[J]	RsDecodeEuclide.omegaInner_21[0]$_DFFE_PN0P_/Q	RsDecodeEuclide.lambdaInner_4[2]$_DFFE_PN0P_/D
34	0.0683	RsDecodeEuclide.omegaInner_I[J]	RsDecodeEuclide.lambdaBkp_I[J]	RsDecodeEuclide.omegaInner_21[0]$_DFFE_PN0P_/Q	RsDecodeEuclide.lambdaBkp_0[5]$_DFFE_PN0P_/D
35	0.0696	RsDecodeEuclide.euclideSteps[I]	RsDecodeEuclide.lambdaBkp_I[J]	RsDecodeEuclide.euclideSteps[5]$_DFFE_PN0P_/QN	RsDecodeEuclide.lambdaBkp_18[1]$_DFFE_PN0P_/D
36	0.0712	RsDecodeEuclide.euclideSteps[I]	RsDecodeEuclide.lambdaXorReg_I[J]	RsDecodeEuclide.euclideSteps[0]$_DFFE_PN0P_/Q	RsDecodeEuclide.lambdaXorReg_3[1]$_DFFE_PN0P_/D
37	0.0712	RsDecodeEuclide.omegaInner_I[J]	RsDecodeEuclide.lambdaXorReg_I[J]	RsDecodeEuclide.omegaInner_21[0]$_DFFE_PN0P_/Q	RsDecodeEuclide.lambdaXorReg_12[1]$_DFFE_PN0P_/D
38	0.0716	RsDecodePolymul.count[I]	RsDecodeEuclide.omegaInner_I[J]	RsDecodePolymul.count[1]$_DFFE_PN0P_/Q	RsDecodeEuclide.omegaInner_7[6]$_DFFE_PN0P_/D
39	0.0769	omegaReg_I[J]	omegaStepIReg_J[K]	omegaReg_20[3]$_DFFE_PN0P_/Q	omegaStep01Reg_2[3]$_DFFE_PN0P_/D
40	0.0787	RsDecodePolymul.count[I]	RsDecodeEuclide.lambdaXorReg_I[J]	RsDecodePolymul.count[1]$_DFFE_PN0P_/Q	RsDecodeEuclide.lambdaXorReg_4[6]$_DFFE_PN0P_/D
41	0.0804	numShiftedReg[I]	omegaShiftedReg_I[J]	numShiftedReg[1]$_DFFE_PN0P_/QN	omegaShiftedReg_2[2]$_DFFE_PN0P_/D
42	0.0851	RsDecodePolymul.count[I]	epsilonRegI_J[K]	RsDecodePolymul.count[1]$_DFFE_PN0P_/Q	epsilonReg2_1[4]$_DFFE_PN0P_/D
43	0.0917	degreeEpsilonReg[I]	RsDecodeEuclide.omegaBkp_I[J]	degreeEpsilonReg[3]$_DFFE_PN0P_/Q	RsDecodeEuclide.omegaBkp_1[2]$_DFFE_PN0P_/D
44	0.0923	RsDecodeChien.numeRegI[J]	DataOutInner[I]	RsDecodeChien.numeReg2[5]$_DFFE_PN0P_/Q	DataOutInner[3]$_DFF_PN0_/D
45	0.0945	RsDecodeEuclide.euclideSteps[I]	RsDecodeEuclide.omegaInner_I[J]	RsDecodeEuclide.euclideSteps[5]$_DFFE_PN0P_/QN	RsDecodeEuclide.omegaInner_7[6]$_DFFE_PN0P_/D
46	0.0973	degreeEpsilonReg[I]	RsDecodeEuclide.lambdaBkp_I[J]	degreeEpsilonReg[3]$_DFFE_PN0P_/Q	RsDecodeEuclide.lambdaBkp_18[1]$_DFFE_PN0P_/D
47	0.0984	degreeEpsilonReg[I]	RsDecodeEuclide.lambdaInner_I[J]	degreeEpsilonReg[3]$_DFFE_PN0P_/Q	RsDecodeEuclide.lambdaInner_4[2]$_DFFE_PN0P_/D
48	0.1008	degreeEpsilonReg[I]	RsDecodeEuclide.lambdaXorReg_I[J]	degreeEpsilonReg[3]$_DFFE_PN0P_/Q	RsDecodeEuclide.lambdaXorReg_3[1]$_DFFE_PN0P_/D
49	0.1023	RsDecodeEuclide.count[I]	RsDecodeEuclide.numShiftedReg[I]	RsDecodeEuclide.count[1]$_DFFE_PN0P_/Q	RsDecodeEuclide.numShiftedReg[1]$_DFFE_PN0P_/D
50	0.1042	RsDecodePolymul.count[I]	RsDecodeEuclide.omegaBkp_I[J]	RsDecodePolymul.count[1]$_DFFE_PN0P_/Q	RsDecodeEuclide.omegaBkp_19[5]$_DFFE_PN0P_/D
51	0.1045	RsDecodeEuclide.omegaInner_I[J]	RsDecodeEuclide.numShiftedReg[I]	RsDecodeEuclide.omegaInner_21[1]$_DFFE_PN0P_/Q	RsDecodeEuclide.numShiftedReg[3]$_DFFE_PN0P_/D
52	0.1052	RsDecodeDelay.RsDecodeDpRam.mem[I][J]	RsDecodeDelay.RsDecodeDpRam.q[I]	RsDecodeDelay.RsDecodeDpRam.mem[83][3]$_DFFE_PP_/Q	RsDecodeDelay.RsDecodeDpRam.q[3]$_DFFE_PP_/D
53	0.1054	RsDecodeErasure.epsilonReg_I[J]	RsDecodePolymul.sumReg_I[J]	RsDecodeErasure.epsilonReg_22[2]$_DFFE_PN0P_/Q	RsDecodePolymul.sumReg_8[4]$_DFFE_PN0P_/D
54	0.1057	RsDecodePolymul.epsilonReg_I[J]	RsDecodePolymul.sumReg_I[J]	RsDecodePolymul.epsilonReg_22[2]$_DFFE_PN0P_/Q	RsDecodePolymul.sumReg_8[4]$_DFFE_PN0P_/D
55	0.1081	RsDecodeErasure.powerReg[I]	RsDecodeErasure.epsilonReg_I[J]	RsDecodeErasure.powerReg[3]$_DFFE_PN0P_/Q	RsDecodeErasure.epsilonReg_0[4]$_DFFE_PN0P_/D
56	0.1202	RsDecodeEuclide.euclideSteps[I]	RsDecodeEuclide.offset[I]	RsDecodeEuclide.euclideSteps[5]$_DFFE_PN0P_/QN	RsDecodeEuclide.offset[4]$_DFFE_PN0P_/D
57	0.1222	degreeEpsilonReg[I]	RsDecodeEuclide.omegaInner_I[J]	degreeEpsilonReg[3]$_DFFE_PN0P_/Q	RsDecodeEuclide.omegaInner_7[6]$_DFFE_PN0P_/D
58	0.1225	RsDecodeEuclide.euclideSteps[I]	RsDecodeEuclide.numShiftedReg[I]	RsDecodeEuclide.euclideSteps[0]$_DFFE_PN0P_/Q	RsDecodeEuclide.numShiftedReg[1]$_DFFE_PN0P_/D
59	0.1225	RsDecodeEuclide.offset[I]	RsDecodeEuclide.omegaInner_I[J]	RsDecodeEuclide.offset[1]$_DFFE_PN0P_/Q	RsDecodeEuclide.omegaInner_11[1]$_DFFE_PN0P_/D
60	0.1235	RsDecodeEuclide.lambdaInner_I[J]	RsDecodeEuclide.lambdaXorReg_I[J]	RsDecodeEuclide.lambdaInner_7[5]$_DFFE_PN0P_/Q	RsDecodeEuclide.lambdaXorReg_7[3]$_DFFE_PN0P_/D
61	0.1241	RsDecodeChien.denomEIInvReg[J]	DataOutInner[I]	RsDecodeChien.denomE0InvReg[7]$_DFFE_PN0P_/Q	DataOutInner[3]$_DFF_PN0_/D
62	0.1266	RsDecodeEuclide.lambdaInner_I[J]	RsDecodeEuclide.lambdaInner_I[J]	RsDecodeEuclide.lambdaInner_7[5]$_DFFE_PN0P_/Q	RsDecodeEuclide.lambdaInner_7[3]$_DFFE_PN0P_/D
63	0.1271	RsDecodeEuclide.offset[I]	RsDecodeEuclide.lambdaInner_I[J]	RsDecodeEuclide.offset[1]$_DFFE_PN0P_/Q	RsDecodeEuclide.lambdaInner_7[1]$_DFFE_PN0P_/D
64	0.1327	RsDecodePolymul.syndromeReg_I[J]	RsDecodePolymul.sumReg_I[J]	RsDecodePolymul.syndromeReg_13[2]$_DFFE_PN0P_/Q	RsDecodePolymul.sumReg_13[3]$_DFFE_PN0P_/D
65	0.1403	RsDecodeChien.epsilonSumReg[I]	RsDecodeChien.denomEIReg[J]	RsDecodeChien.epsilonSumReg[6]$_DFFE_PN0P_/Q	RsDecodeChien.denomE0Reg[4]$_DFFE_PN0P_/D
66	0.1426	RsDecodeSyndrome.count[I]	RsDecodePolymul.syndromeReg_I[J]	RsDecodeSyndrome.count[3]$_DFFE_PN0P_/QN	RsDecodePolymul.syndromeReg_17[6]$_DFFE_PN0P_/D
67	0.1457	degreeEpsilonReg[I]	RsDecodeEuclide.numShiftedReg[I]	degreeEpsilonReg[3]$_DFFE_PN0P_/Q	RsDecodeEuclide.numShiftedReg[1]$_DFFE_PN0P_/D
68	0.1464	RsDecodeEuclide.offset[I]	RsDecodeEuclide.lambdaBkp_I[J]	RsDecodeEuclide.offset[1]$_DFFE_PN0P_/Q	RsDecodeEuclide.lambdaBkp_18[1]$_DFFE_PN0P_/D
69	0.1480	degreeEpsilonReg[I]	RsDecodeEuclide.offset[I]	degreeEpsilonReg[3]$_DFFE_PN0P_/Q	RsDecodeEuclide.offset[4]$_DFFE_PN0P_/D
70	0.1497	RsDecodePolymul.count[I]	RsDecodeEuclide.numShiftedReg[I]	RsDecodePolymul.count[1]$_DFFE_PN0P_/Q	RsDecodeEuclide.numShiftedReg[3]$_DFFE_PN0P_/D
71	0.1520	RsDecodePolymul.count[I]	RsDecodeEuclide.lambdaBkp_I[J]	RsDecodePolymul.count[1]$_DFFE_PN0P_/Q	RsDecodeEuclide.lambdaBkp_6[6]$_DFFE_PN0P_/D
72	0.1550	RsDecodeErasure.epsilonReg_I[J]	RsDecodeErasure.epsilonReg_I[J]	RsDecodeErasure.epsilonReg_17[3]$_DFFE_PN0P_/Q	RsDecodeErasure.epsilonReg_17[0]$_DFFE_PN0P_/D
73	0.1587	RsDecodePolymul.count[I]	RsDecodeEuclide.lambdaInner_I[J]	RsDecodePolymul.count[1]$_DFFE_PN0P_/Q	RsDecodeEuclide.lambdaInner_3[3]$_DFFE_PN0P_/D
74	0.1592	RsDecodeEuclide.offset[I]	RsDecodeEuclide.numShiftedReg[I]	RsDecodeEuclide.offset[1]$_DFFE_PN0P_/Q	RsDecodeEuclide.numShiftedReg[3]$_DFFE_PN0P_/D
75	0.1605	RsDecodePolymul.count[I]	degreeEpsilonRegI[J]	RsDecodePolymul.count[1]$_DFFE_PN0P_/Q	degreeEpsilonReg2[2]$_DFFE_PN0P_/D
76	0.1615	RsDecodePolymul.count[I]	failErasureRegI	RsDecodePolymul.count[1]$_DFFE_PN0P_/Q	failErasureReg2$_DFFE_PN0P_/D
77	0.1645	RsDecodeEuclide.offset[I]	RsDecodeEuclide.omegaBkp_I[J]	RsDecodeEuclide.offset[1]$_DFFE_PN0P_/Q	RsDecodeEuclide.omegaBkp_21[0]$_DFFE_PN0P_/D
78	0.1744	RsDecodePolymul.count[I]	RsDecodeEuclide.offset[I]	RsDecodePolymul.count[1]$_DFFE_PN0P_/Q	RsDecodeEuclide.offset[2]$_DFFE_PN0P_/D
79	0.1749	RsDecodeChien.lambdaOddReg[I]	RsDecodeChien.denomEIReg[J]	RsDecodeChien.lambdaOddReg[5]$_DFFE_PN0P_/Q	RsDecodeChien.denomE0Reg[4]$_DFFE_PN0P_/D
80	0.1792	RsDecodePolymul.count[I]	RsDecodeEuclide.count[I]	RsDecodePolymul.count[1]$_DFFE_PN0P_/Q	RsDecodeEuclide.count[0]$_DFFE_PN0P_/D
81	0.1806	RsDecodeChien.epsilonOddReg[I]	RsDecodeChien.denomEIReg[J]	RsDecodeChien.epsilonOddReg[5]$_DFFE_PN0P_/Q	RsDecodeChien.denomE1Reg[5]$_DFFE_PN0P_/D
82	0.1834	RsDecodeEuclide.count[I]	RsDecodeEuclide.count[I]	RsDecodeEuclide.count[0]$_DFFE_PN0P_/Q	RsDecodeEuclide.count[1]$_DFFE_PN0P_/D
83	0.1845	RsDecodeSyndrome.count[I]	RsDecodePolymul.count[I]	RsDecodeSyndrome.count[1]$_DFFE_PN0P_/Q	RsDecodePolymul.count[4]$_DFFE_PN0P_/D
84	0.1880	RsDecodeSyndrome.count[I]	RsDecodeSyndrome.count[I]	RsDecodeSyndrome.count[3]$_DFFE_PN0P_/QN	RsDecodeSyndrome.count[3]$_DFFE_PN0P_/D
85	0.1890	RsDecodeChien.lambdaSumReg[I]	RsDecodeChien.denomEIReg[J]	RsDecodeChien.lambdaSumReg[5]$_DFFE_PN0P_/Q	RsDecodeChien.denomE1Reg[5]$_DFFE_PN0P_/D
86	0.1895	RsDecodeEuclide.phase[I]	RsDecodeEuclide.lambdaBkp_I[J]	RsDecodeEuclide.phase[0]$_DFFE_PN0P_/QN	RsDecodeEuclide.lambdaBkp_18[1]$_DFFE_PN0P_/D
87	0.1923	doneShiftReg	RsDecodeChien.lambdaReg_I[J]	doneShiftReg$_DFFE_PN0P_/Q	RsDecodeChien.lambdaReg_16[5]$_DFFE_PN0P_/D
88	0.1929	doneShiftReg	RsDecodeChien.epsilonReg_I[J]	doneShiftReg$_DFFE_PN0P_/Q	RsDecodeChien.epsilonReg_6[7]$_DFFE_PN0P_/D
89	0.1935	degreeEpsilonRegI[J]	degreeErrorReg	degreeEpsilonReg4[0]$_DFFE_PN0P_/Q	degreeErrorReg$_DFFE_PN0P_/D
90	0.1938	RsDecodeEuclide.count[I]	omegaReg_I[J]	RsDecodeEuclide.count[0]$_DFFE_PN0P_/Q	omegaReg_14[3]$_DFFE_PN0P_/D
91	0.1938	RsDecodeEuclide.phase[I]	RsDecodeEuclide.lambdaXorReg_I[J]	RsDecodeEuclide.phase[0]$_DFFE_PN0P_/QN	RsDecodeEuclide.lambdaXorReg_4[6]$_DFFE_PN0P_/D
92	0.1944	RsDecodeEuclide.offset[I]	RsDecodeEuclide.lambdaXorReg_I[J]	RsDecodeEuclide.offset[1]$_DFFE_PN0P_/Q	RsDecodeEuclide.lambdaXorReg_12[6]$_DFFE_PN0P_/D
93	0.1963	RsDecodeDelay.writePointer[I]	RsDecodeDelay.RsDecodeDpRam.mem[I][J]	RsDecodeDelay.writePointer[1]$_DFFE_PN1P_/Q	RsDecodeDelay.RsDecodeDpRam.mem[226][1]$_DFFE_PP_/D
94	0.2003	RsDecodeEuclide.count[I]	epsilonRegI_J[K]	RsDecodeEuclide.count[0]$_DFFE_PN0P_/Q	epsilonReg3_2[7]$_DFFE_PN0P_/D
95	0.2003	RsDecodeEuclide.count[I]	lambdaReg_I[J]	RsDecodeEuclide.count[0]$_DFFE_PN0P_/Q	lambdaReg_6[4]$_DFFE_PN0P_/D
96	0.2004	RsDecodeEuclide.phase[I]	RsDecodeEuclide.omegaBkp_I[J]	RsDecodeEuclide.phase[0]$_DFFE_PN0P_/QN	RsDecodeEuclide.omegaBkp_3[0]$_DFFE_PN0P_/D
97	0.2007	RsDecodeEuclide.count[I]	numShiftedReg[I]	RsDecodeEuclide.count[0]$_DFFE_PN0P_/Q	numShiftedReg[3]$_DFFE_PN0P_/D
98	0.2011	RsDecodeEuclide.phase[I]	RsDecodeEuclide.lambdaInner_I[J]	RsDecodeEuclide.phase[0]$_DFFE_PN0P_/QN	RsDecodeEuclide.lambdaInner_4[2]$_DFFE_PN0P_/D
99	0.2024	doneShiftReg	RsDecodeChien.omegaReg_I[J]	doneShiftReg$_DFFE_PN0P_/Q	RsDecodeChien.omegaReg_18[4]$_DFFE_PN0P_/D
100	0.2072	RsDecodeEuclide.count[I]	degreeEpsilonRegI[J]	RsDecodeEuclide.count[0]$_DFFE_PN0P_/Q	degreeEpsilonReg3[1]$_DFFE_PN0P_/D
