# stage	1_synth
# top_module	ddr3_controller
# top_n	100
# kind	blocks
# include_full	1
# rank	worst_slack_ns	start	end	start_full	end_full
1	-0.3757	lane[I]	dq_target_index[I]	lane[1]$_SDFFE_PP0P_/Q	dq_target_index[3]$_SDFF_PP0_/D
2	-0.3298	lane[I]	dq_target_index[I]	lane[1]$_SDFFE_PP0P_/Q	dq_target_index[0]$_SDFFE_PP0P_/D
3	-0.2622	lane[I]	dqs_target_index[I]	lane[1]$_SDFFE_PP0P_/Q	dqs_target_index[1]$_SDFFE_PP0P_/D
4	-0.2474	lane[I]	o_phy_idelay_dqs_cntvaluein[I]	lane[1]$_SDFFE_PP0P_/Q	o_phy_idelay_dqs_cntvaluein[1]
5	-0.2442	lane[I]	o_phy_odelay_dqs_cntvaluein[I]	lane[1]$_SDFFE_PP0P_/Q	o_phy_odelay_dqs_cntvaluein[1]
6	-0.2354	lane[I]	o_phy_odelay_data_cntvaluein[I]	lane[1]$_SDFFE_PP0P_/Q	o_phy_odelay_data_cntvaluein[4]
7	-0.2054	lane[I]	odelay_dqs_cntvaluein[I][J]	lane[1]$_SDFFE_PP0P_/Q	odelay_dqs_cntvaluein[5][1]$_SDFFCE_PN0P_/D
8	-0.2053	i_wb_addr[I]	stageI_next_row[J]	i_wb_addr[6]	stage1_next_row[8]$_SDFFE_PP0P_/D
9	-0.2052	lane[I]	o_phy_idelay_data_cntvaluein[I]	lane[1]$_SDFFE_PP0P_/Q	o_phy_idelay_data_cntvaluein[0]
10	-0.1870	lane[I]	odelay_data_cntvaluein[I][J]	lane[1]$_SDFFE_PP0P_/Q	odelay_data_cntvaluein[1][1]$_SDFFCE_PN0P_/D
11	-0.1870	lane[I]	idelay_dqs_cntvaluein[I][J]	lane[1]$_SDFFE_PP0P_/Q	idelay_dqs_cntvaluein[1][1]$_SDFFCE_PN0P_/D
12	-0.1666	lane[I]	sample_clk_repeat[I]	lane[1]$_SDFFE_PP0P_/Q	sample_clk_repeat[2]$_SDFFCE_PP0P_/D
13	-0.1663	dqs_start_index[I]	o_phy_idelay_data_ld[I]	dqs_start_index[1]$_SDFFE_PP0P_/Q	o_phy_idelay_data_ld[0]$_SDFF_PP0_/D
14	-0.1653	i_phy_iserdes_bitslip_reference[I]	sample_clk_repeat[I]	i_phy_iserdes_bitslip_reference[27]	sample_clk_repeat[2]$_SDFFCE_PP0P_/D
15	-0.1640	stageI_bank[J]	stageI_do_pre	stage2_bank[1]$_SDFF_PP0_/Q	stage1_do_pre$_SDFF_PP0_/D
16	-0.1631	stageI_next_bank[J]	stageI_do_pre	stage1_next_bank[0]$_SDFFE_PP0P_/Q	stage1_do_pre$_SDFF_PP0_/D
17	-0.1621	lane[I]	state_calibrate[I]	lane[1]$_SDFFE_PP0P_/Q	state_calibrate[1]$_SDFFE_PP0P_/D
18	-0.1609	stageI_do_pre	stageI_do_wr_or_rd	stage2_do_pre$_SDFF_PP0_/Q	stage2_do_wr_or_rd$_SDFF_PP0_/D
19	-0.1608	i_phy_iserdes_bitslip_reference[I]	state_calibrate[I]	i_phy_iserdes_bitslip_reference[27]	state_calibrate[1]$_SDFFE_PP0P_/D
20	-0.1595	stageI_do_act	stageI_do_pre	stage2_do_act$_SDFF_PP0_/Q	stage1_do_pre$_SDFF_PP0_/D
21	-0.1594	dqs_start_index[I]	delay_before_read_data[I]	dqs_start_index[1]$_SDFFE_PP0P_/Q	delay_before_read_data[3]$_SDFF_PP0_/D
22	-0.1593	stageI_do_pre	stageI_do_pre	stage2_do_pre$_SDFF_PP0_/Q	stage2_do_pre$_SDFF_PP0_/D
23	-0.1587	stageI_bank[J]	o_phy_cmd[I]	stage2_bank[1]$_SDFF_PP0_/Q	o_phy_cmd[10]
24	-0.1578	stageI_next_bank[J]	o_phy_cmd[I]	stage1_next_bank[0]$_SDFFE_PP0P_/Q	o_phy_cmd[10]
25	-0.1529	stageI_do_wr_or_rd	stageI_do_rd	stage2_do_wr_or_rd$_SDFF_PP0_/Q	stage2_do_rd$_SDFF_PP0_/D
26	-0.1519	stageI_do_pre	o_phy_cmd[I]	stage2_do_pre$_SDFF_PP0_/Q	o_phy_cmd[10]
27	-0.1506	stageI_pending	stageI_do_pre	stage2_pending$_SDFFE_PP0P_/Q	stage1_do_pre$_SDFF_PP0_/D
28	-0.1504	stageI_bank[J]	stageI_do_wr_or_rd	stage2_bank[1]$_SDFF_PP0_/Q	stage2_do_wr_or_rd$_SDFF_PP0_/D
29	-0.1495	stageI_next_bank[J]	stageI_do_wr_or_rd	stage1_next_bank[0]$_SDFFE_PP0P_/Q	stage2_do_wr_or_rd$_SDFF_PP0_/D
30	-0.1485	lane[I]	idelay_data_cntvaluein[I][J]	lane[1]$_SDFFE_PP0P_/Q	idelay_data_cntvaluein[1][1]$_SDFFCE_PN0P_/D
31	-0.1480	lane[I]	data_start_index[I][J]	lane[1]$_SDFFE_PP0P_/Q	data_start_index[0][0]$_SDFFCE_PN0P_/D
32	-0.1446	stageI_do_wr	stageI_do_wr_or_rd	stage2_do_wr$_SDFF_PP0_/Q	stage2_do_wr_or_rd$_SDFF_PP0_/D
33	-0.1435	stageI_pending	stageI_do_rd	stage2_pending$_SDFFE_PP0P_/Q	stage2_do_rd$_SDFF_PP0_/D
34	-0.1430	stageI_do_wr	stageI_do_pre	stage2_do_wr$_SDFF_PP0_/Q	stage2_do_pre$_SDFF_PP0_/D
35	-0.1426	stageI_bank[J]	o_wb_stall_int_q	stage2_bank[1]$_SDFF_PP0_/Q	o_wb_stall_int_q$_SDFF_PP1_/D
36	-0.1417	stageI_next_bank[J]	o_wb_stall_int_q	stage1_next_bank[0]$_SDFFE_PP0P_/Q	o_wb_stall_int_q$_SDFF_PP1_/D
37	-0.1410	stageI_pending	o_phy_cmd[I]	stage1_pending$_SDFFE_PP0P_/Q	o_phy_cmd[10]
38	-0.1403	lane[I]	write_pattern_lane[I]	lane[1]$_SDFFE_PP0P_/Q	write_pattern_lane[10]$_SDFF_PP0_/D
39	-0.1402	stageI_do_wr_or_rd	stageI_do_update_delay_before_read_after_act	stage2_do_wr_or_rd$_SDFF_PP0_/Q	stage2_do_update_delay_before_read_after_act$_SDFF_PP0_/D
40	-0.1393	dqs_start_index[I]	state_calibrate[I]	dqs_start_index[1]$_SDFFE_PP0P_/Q	state_calibrate[1]$_SDFFE_PP0P_/D
41	-0.1360	stageI_do_rd	stageI_do_rd	stage2_do_rd$_SDFF_PP0_/Q	stage2_do_rd$_SDFF_PP0_/D
42	-0.1358	stageI_do_pre	o_wb_stall_int_q	stage2_do_pre$_SDFF_PP0_/Q	o_wb_stall_int_q$_SDFF_PP1_/D
43	-0.1351	lane[I]	added_read_pipe_max	lane[1]$_SDFFE_PP0P_/Q	added_read_pipe_max$_SDFFE_PP0P_/D
44	-0.1331	dqs_start_index[I]	dqs_start_index[I]	dqs_start_index[1]$_SDFFE_PP0P_/Q	dqs_start_index[3]$_SDFFE_PP0P_/D
45	-0.1321	stageI_pending	stageI_do_wr_or_rd	stage1_pending$_SDFFE_PP0P_/Q	stage2_do_wr_or_rd$_SDFF_PP0_/D
46	-0.1308	stageI_pending	stageI_do_update_delay_before_read_after_act	stage2_pending$_SDFFE_PP0P_/Q	stage2_do_update_delay_before_read_after_act$_SDFF_PP0_/D
47	-0.1292	stageI_do_act	stageI_do_wr_or_rd	stage2_do_act$_SDFF_PP0_/Q	stage2_do_wr_or_rd$_SDFF_PP0_/D
48	-0.1288	i_phy_idelayctrl_rdy	write_test_address_counter[I]	i_phy_idelayctrl_rdy	write_test_address_counter[23]$_SDFFE_PP0P_/D
49	-0.1279	stageI_do_act	stageI_do_rd	stage2_do_act$_SDFF_PP0_/Q	stage2_do_rd$_SDFF_PP0_/D
50	-0.1249	stageI_pending	o_wb_stall_int_q	stage1_pending$_SDFFE_PP0P_/Q	o_wb_stall_int_q$_SDFF_PP1_/D
51	-0.1240	stageI_do_act	o_wb_stall_int_q	stage2_do_act$_SDFF_PP0_/Q	o_wb_stall_int_q$_SDFF_PP1_/D
52	-0.1238	state_calibrate[I]	read_test_address_counter[I]	state_calibrate[1]$_SDFFE_PP0P_/Q	read_test_address_counter[23]$_SDFFE_PP0P_/D
53	-0.1233	stageI_do_rd	stageI_do_update_delay_before_read_after_act	stage2_do_rd$_SDFF_PP0_/Q	stage2_do_update_delay_before_read_after_act$_SDFF_PP0_/D
54	-0.1209	stageI_do_wr_or_rd	o_wb_stall_int_q	stage2_do_wr_or_rd$_SDFF_PP0_/Q	o_wb_stall_int_q$_SDFF_PP1_/D
55	-0.1209	lane[I]	read_lane_data[I]	lane[1]$_SDFFE_PP0P_/Q	read_lane_data[13]$_SDFF_PP0_/D
56	-0.1182	stageI_do_rd	stageI_do_wr_or_rd	stage2_do_rd$_SDFF_PP0_/Q	stage2_do_wr_or_rd$_SDFF_PP0_/D
57	-0.1178	lane[I]	lane_write_dq_late[I]	lane[1]$_SDFFE_PP0P_/Q	lane_write_dq_late[0]$_SDFFE_PP0P_/D
58	-0.1176	state_calibrate[I]	write_test_address_counter[I]	state_calibrate[1]$_SDFFE_PP0P_/Q	write_test_address_counter[23]$_SDFFE_PP0P_/D
59	-0.1169	stageI_do_wr_or_rd	stageI_do_wr_or_rd	stage2_do_wr_or_rd$_SDFF_PP0_/Q	stage2_do_wr_or_rd$_SDFF_PP0_/D
60	-0.1166	stageI_do_rd	stageI_do_pre	stage2_do_rd$_SDFF_PP0_/Q	stage2_do_pre$_SDFF_PP0_/D
61	-0.1162	stageI_do_pre	stageI_do_rd	stage2_do_pre$_SDFF_PP0_/Q	stage2_do_rd$_SDFF_PP0_/D
62	-0.1155	lane[I]	stored_write_level_feedback	lane[1]$_SDFFE_PP0P_/Q	stored_write_level_feedback$_SDFFCE_PN0P_/D
63	-0.1153	stageI_do_wr_or_rd	stageI_do_pre	stage2_do_wr_or_rd$_SDFF_PP0_/Q	stage2_do_pre$_SDFF_PP0_/D
64	-0.1152	stageI_do_act	stageI_do_update_delay_before_read_after_act	stage2_do_act$_SDFF_PP0_/Q	stage2_do_update_delay_before_read_after_act$_SDFF_PP0_/D
65	-0.1142	i_phy_iserdes_bitslip_reference[I]	stored_write_level_feedback	i_phy_iserdes_bitslip_reference[27]	stored_write_level_feedback$_SDFFCE_PN0P_/D
66	-0.1135	index_wb_data	reset_from_test	index_wb_data$_SDFFE_PP0P_/Q	reset_from_test$_SDFF_PP0_/D
67	-0.1129	state_calibrate[I]	data_start_index[I][J]	state_calibrate[3]$_SDFFE_PP0P_/QN	data_start_index[0][0]$_SDFFCE_PN0P_/D
68	-0.1120	stageI_bank[J]	stageI_do_rd	stage2_bank[2]$_SDFF_PP0_/QN	stage2_do_rd$_SDFF_PP0_/D
69	-0.1060	stageI_do_act	o_phy_cmd[I]	stage1_do_act$_SDFF_PP0_/Q	o_phy_cmd[10]
70	-0.1051	lane[I]	dqs_store[I]	lane[1]$_SDFFE_PP0P_/Q	dqs_store[38]$_SDFFE_PP0P_/D
71	-0.1041	stageI_do_rd	o_wb_stall_int_q	stage2_do_rd$_SDFF_PP0_/Q	o_wb_stall_int_q$_SDFF_PP1_/D
72	-0.1036	stageI_do_pre	stageI_do_update_delay_before_read_after_act	stage2_do_pre$_SDFF_PP0_/Q	stage2_do_update_delay_before_read_after_act$_SDFF_PP0_/D
73	-0.1030	dqs_start_index[I]	dqs_start_index_repeat	dqs_start_index[1]$_SDFFE_PP0P_/Q	dqs_start_index_repeat$_SDFFE_PP0P_/D
74	-0.1018	data_start_index[I][J]	data_start_index[I][J]	data_start_index[1][1]$_SDFFCE_PN0P_/Q	data_start_index[0][0]$_SDFFCE_PN0P_/D
75	-0.1015	stageI_pending	stageI_do_wr	stage2_pending$_SDFFE_PP0P_/Q	stage2_do_wr$_SDFF_PP0_/D
76	-0.1004	lane[I]	o_phy_bitslip[I]	lane[1]$_SDFFE_PP0P_/Q	o_phy_bitslip[7]$_SDFF_PP0_/D
77	-0.0999	i_phy_iserdes_bitslip_reference[I]	o_phy_bitslip[I]	i_phy_iserdes_bitslip_reference[27]	o_phy_bitslip[7]$_SDFF_PP0_/D
78	-0.0998	lane[I]	prev_write_level_feedback	lane[1]$_SDFFE_PP0P_/Q	prev_write_level_feedback$_SDFFE_PP1P_/D
79	-0.0993	stageI_bank[J]	stageI_do_update_delay_before_read_after_act	stage2_bank[2]$_SDFF_PP0_/QN	stage2_do_update_delay_before_read_after_act$_SDFF_PP0_/D
80	-0.0985	i_phy_iserdes_bitslip_reference[I]	prev_write_level_feedback	i_phy_iserdes_bitslip_reference[27]	prev_write_level_feedback$_SDFFE_PP1P_/D
81	-0.0984	stageI_do_wr	stageI_do_wr	stage2_do_wr$_SDFF_PP0_/Q	stage2_do_wr$_SDFF_PP0_/D
82	-0.0958	stageI_do_update_delay_before_read_after_act	stageI_do_rd	stage2_do_update_delay_before_read_after_act$_SDFF_PP0_/Q	stage2_do_rd$_SDFF_PP0_/D
83	-0.0949	lane[I]	dqs_start_index_repeat	lane[1]$_SDFFE_PP0P_/Q	dqs_start_index_repeat$_SDFFE_PP0P_/D
84	-0.0945	index_wb_data	o_wb_data[I]	index_wb_data$_SDFFE_PP0P_/Q	o_wb_data[402]
85	-0.0933	i_phy_iserdes_bitslip_reference[I]	dqs_start_index_repeat	i_phy_iserdes_bitslip_reference[26]	dqs_start_index_repeat$_SDFFE_PP0P_/D
86	-0.0920	stageI_bank[J]	stageI_do_wr	stage2_bank[0]$_SDFF_PP0_/Q	stage2_do_wr$_SDFF_PP0_/D
87	-0.0900	data_start_index[I][J]	write_pattern_lane[I]	data_start_index[4][0]$_SDFFCE_PN0P_/Q	write_pattern_lane[14]$_SDFF_PP0_/D
88	-0.0887	dqs_start_index[I]	initial_dqs	dqs_start_index[1]$_SDFFE_PP0P_/Q	initial_dqs$_SDFFE_PP1P_/D
89	-0.0874	stageI_next_bank[J]	stageI_do_rd	stage1_next_bank[2]$_SDFFE_PP0P_/Q	stage2_do_rd$_SDFF_PP0_/D
90	-0.0856	stageI_do_wr	stageI_do_rd	stage2_do_wr$_SDFF_PP0_/Q	stage2_do_rd$_SDFF_PP0_/D
91	-0.0847	read_lane_data_shifted[I]	data_start_index[I][J]	read_lane_data_shifted[0]$_SDFF_PP0_/Q	data_start_index[0][0]$_SDFFCE_PN0P_/D
92	-0.0846	stageI_do_rd	stageI_do_wr	stage2_do_rd$_SDFF_PP0_/Q	stage2_do_wr$_SDFF_PP0_/D
93	-0.0832	stageI_do_update_delay_before_read_after_act	stageI_do_update_delay_before_read_after_act	stage2_do_update_delay_before_read_after_act$_SDFF_PP0_/Q	stage2_do_update_delay_before_read_after_act$_SDFF_PP0_/D
94	-0.0825	stageI_do_act	stageI_do_wr	stage2_do_act$_SDFF_PP0_/Q	stage2_do_wr$_SDFF_PP0_/D
95	-0.0797	data_start_index[I][J]	unaligned_data[I][J]	data_start_index[0][0]$_SDFFCE_PN0P_/Q	unaligned_data[0][0]$_SDFF_PP0_/D
96	-0.0776	stageI_do_wr	o_wb_stall_int_q	stage2_do_wr$_SDFF_PP0_/Q	o_wb_stall_int_q$_SDFF_PP1_/D
97	-0.0747	stageI_next_bank[J]	stageI_do_update_delay_before_read_after_act	stage1_next_bank[2]$_SDFFE_PP0P_/Q	stage2_do_update_delay_before_read_after_act$_SDFF_PP0_/D
98	-0.0729	stageI_do_wr	stageI_do_update_delay_before_read_after_act	stage2_do_wr$_SDFF_PP0_/Q	stage2_do_update_delay_before_read_after_act$_SDFF_PP0_/D
99	-0.0723	lane[I]	start_index_check[I]	lane[0]$_SDFFE_PP0P_/Q	start_index_check[4]$_SDFFCE_PN0P_/D
100	-0.0722	stageI_pending	stageI_do_update_delay_before_write_after_act	stage2_pending$_SDFFE_PP0P_/Q	stage2_do_update_delay_before_write_after_act$_SDFF_PP0_/D
