# stage	6_final
# top_module	fpu
# top_n	100
# kind	blocks
# include_full	1
# rank	worst_slack_ns	start	end	start_full	end_full
1	-0.1725	uI.mul_a[J]	uI.prod_e_hi[J]	u3.mul_a[37]$_SDFFE_PP0P_/Q	u3.prod_e_hi[24]$_SDFFE_PP0P_/D
2	-0.1697	uI.mul_a[J]	uI.prod_g_hi[J]	u3.mul_a[40]$_SDFFE_PP0P_/Q	u3.prod_g_hi[26]$_SDFFE_PP0P_/D
3	-0.1683	uI.mul_b[J]	uI.prod_e_hi[J]	u3.mul_b[4]$_SDFFE_PP0P_/Q	u3.prod_e_hi[24]$_SDFFE_PP0P_/D
4	-0.1676	uI.mul_a[J]	uI.prod_g_lo[J]	u3.mul_a[25]$_SDFFE_PP0P_/Q	u3.prod_g_lo[25]$_SDFFE_PP0P_/D
5	-0.1629	uI.mul_a[J]	uI.prod_e_lo[J]	u3.mul_a[25]$_SDFFE_PP0P_/Q	u3.prod_e_lo[24]$_SDFFE_PP0P_/D
6	-0.1626	uI.mul_b[J]	uI.prod_e_lo[J]	u3.mul_b[6]$_SDFFE_PP0P_/Q	u3.prod_e_lo[25]$_SDFFE_PP0P_/D
7	-0.1596	uI.mul_a[J]	uI.prod_f_hi[J]	u3.mul_a[37]$_SDFFE_PP0P_/Q	u3.prod_f_hi[22]$_SDFFE_PP0P_/D
8	-0.1436	uI.mul_b[J]	uI.prod_g_hi[J]	u3.mul_b[45]$_SDFFE_PP0P_/Q	u3.prod_g_hi[26]$_SDFFE_PP0P_/D
9	-0.1428	uI.mul_b[J]	uI.prod_f_hi[J]	u3.mul_b[21]$_SDFFE_PP0P_/Q	u3.prod_f_hi[22]$_SDFFE_PP0P_/D
10	-0.1425	uI.mul_b[J]	uI.prod_g_lo[J]	u3.mul_b[45]$_SDFFE_PP0P_/Q	u3.prod_g_lo[25]$_SDFFE_PP0P_/D
11	-0.1299	uI.mul_a[J]	uI.prod_f_lo[J]	u3.mul_a[27]$_SDFFE_PP0P_/Q	u3.prod_f_lo[25]$_SDFFE_PP0P_/D
12	-0.1033	uI.mul_b[J]	uI.pp_aJ[K]	u3.mul_b[19]$_SDFFE_PP0P_/Q	u3.pp_a10[21]$_SDFFE_PP0P_/D
13	-0.1024	uI.mul_b[J]	uI.prod_f_lo[J]	u3.mul_b[24]$_SDFFE_PP0P_/Q	u3.prod_f_lo[25]$_SDFFE_PP0P_/D
14	-0.0979	uI.mul_b[J]	uI.prod_h_lo[J]	u3.mul_b[2]$_SDFFE_PP0P_/Q	u3.prod_h_lo[21]$_SDFFE_PP0P_/D
15	-0.0866	uI.mul_b[J]	uI.prod_i_lo[J]	u3.mul_b[19]$_SDFFE_PP0P_/Q	u3.prod_i_lo[21]$_SDFFE_PP0P_/D
16	-0.0860	uI.mul_b[J]	uI.prod_i_hi[J]	u3.mul_b[19]$_SDFFE_PP0P_/Q	u3.prod_i_hi[21]$_SDFFE_PP0P_/D
17	-0.0809	uI.mul_b[J]	uI.pp_bJ[K]	u3.mul_b[5]$_SDFFE_PP0P_/Q	u3.pp_b00[21]$_SDFFE_PP0P_/D
18	-0.0751	uI.mul_b[J]	uI.prod_j_lo[J]	u3.mul_b[35]$_SDFFE_PP0P_/Q	u3.prod_j_lo[23]$_SDFFE_PP0P_/D
19	-0.0750	uI.mul_a[J]	uI.pp_aJ[K]	u3.mul_a[6]$_SDFFE_PP0P_/Q	u3.pp_a11[17]$_SDFFE_PP0P_/D
20	-0.0722	uI.mul_b[J]	uI.prod_j_hi[J]	u3.mul_b[35]$_SDFFE_PP0P_/Q	u3.prod_j_hi[24]$_SDFFE_PP0P_/D
21	-0.0629	uI.mul_b[J]	uI.prod_h_hi[J]	u3.mul_b[2]$_SDFFE_PP0P_/Q	u3.prod_h_hi[22]$_SDFFE_PP0P_/D
22	-0.0507	uI.mul_a[J]	uI.prod_i_lo[J]	u3.mul_a[46]$_SDFFE_PP0P_/Q	u3.prod_i_lo[22]$_SDFFE_PP0P_/D
23	-0.0443	uI.mul_a[J]	uI.prod_j_lo[J]	u3.mul_a[42]$_SDFFE_PP0P_/Q	u3.prod_j_lo[23]$_SDFFE_PP0P_/D
24	-0.0374	uI.mul_a[J]	uI.pp_bJ[K]	u3.mul_a[12]$_SDFFE_PP0P_/Q	u3.pp_b20[21]$_SDFFE_PP0P_/D
25	-0.0367	uI.mul_a[J]	uI.prod_h_hi[J]	u3.mul_a[51]$_SDFFE_PP0P_/Q	u3.prod_h_hi[16]$_SDFFE_PP0P_/D
26	-0.0343	uI.mul_a[J]	uI.prod_j_hi[J]	u3.mul_a[51]$_SDFFE_PP0P_/Q	u3.prod_j_hi[23]$_SDFFE_PP0P_/D
27	-0.0298	uI.mul_a[J]	uI.prod_i_hi[J]	u3.mul_a[51]$_SDFFE_PP0P_/Q	u3.prod_i_hi[21]$_SDFFE_PP0P_/D
28	-0.0275	uI.mul_a[J]	uI.prod_h_lo[J]	u3.mul_a[45]$_SDFFE_PP0P_/Q	u3.prod_h_lo[21]$_SDFFE_PP0P_/D
29	0.0213	uI.mul_b[J]	uI.product_d[J]	u3.mul_b[52]$_SDFFE_PP0P_/Q	u3.product_d[18]$_SDFFE_PP0P_/D
30	0.0545	uI.diff[J]	uI.diff_shift_J[K]	u2.diff[54]$_SDFFE_PP0P_/Q	u2.diff_shift_2[4]$_SDFFE_PP0P_/D
31	0.0693	uI.dividend_a[J]	uI.dividend_shift_J[K]	u4.dividend_a[44]$_SDFFE_PP0P_/Q	u4.dividend_shift_2[0]$_SDFFE_PP0P_/D
32	0.0711	uI.large_add[J]	uI.sum[J]	u1.large_add[16]$_SDFFE_PP0P_/Q	u1.sum[51]$_SDFFE_PP0P_/D
33	0.0712	uI.mul_a[J]	uI.product_d[J]	u3.mul_a[1]$_SDFFE_PP0P_/Q	u3.product_d[17]$_SDFFE_PP0P_/D
34	0.0750	uI.small_shift_J[K]	uI.sum[J]	u1.small_shift_3[18]$_SDFFE_PP0P_/Q	u1.sum[51]$_SDFFE_PP0P_/D
35	0.0857	uI.divisor_b[J]	uI.divisor_shift_J[K]	u4.divisor_b[50]$_SDFFE_PP0P_/Q	u4.divisor_shift_2[0]$_SDFFE_PP0P_/D
36	0.1153	uI.prod_e_lo[J]	uI.product_e[J]	u3.prod_e_lo[16]$_SDFFE_PP0P_/Q	u3.product_e[30]$_SDFFE_PP0P_/D
37	0.1174	uI.minuend[J]	uI.diff[J]	u2.minuend[27]$_SDFFE_PP0P_/Q	u2.diff[53]$_SDFFE_PP0P_/D
38	0.1201	uI.product_f[J]	uI.sum_J[K]	u3.product_f[0]$_SDFFE_PP0P_/Q	u3.sum_4[34]$_SDFFE_PP0P_/D
39	0.1214	uI.sum_J[K]	uI.sum_J[K]	u3.sum_3[0]$_SDFFE_PP0P_/Q	u3.sum_4[34]$_SDFFE_PP0P_/D
40	0.1263	uI.product_e[J]	uI.sum_J[K]	u3.product_e[0]$_SDFFE_PP0P_/Q	u3.sum_1[34]$_SDFFE_PP0P_/D
41	0.1291	uI.divisor_reg[J]	uI.quotient[J]	u4.divisor_reg[52]$_SDFFE_PP0P_/Q	u4.quotient[51]$_SDFFE_PP0P_/D
42	0.1315	mantissa_round[I]	uI.sum_round[J]	mantissa_round[3]$_SDFF_PN0_/Q	u5.sum_round[53]$_SDFF_PP0_/D
43	0.1325	uI.divisor_reg[J]	uI.dividend_reg[J]	u4.divisor_reg[52]$_SDFFE_PP0P_/Q	u4.dividend_reg[8]$_SDFFE_PP0P_/D
44	0.1373	uI.dividend_reg[J]	uI.quotient[J]	u4.dividend_reg[48]$_SDFFE_PP0P_/Q	u4.quotient[51]$_SDFFE_PP0P_/D
45	0.1390	out[I]	out[I]	out[12]$_SDFFE_PP0P_/Q	out[12]
46	0.1398	uI.prod_e_hi[J]	uI.product_e[J]	u3.prod_e_hi[2]$_SDFFE_PP0P_/Q	u3.product_e[30]$_SDFFE_PP0P_/D
47	0.1408	uI.dividend_reg[J]	uI.dividend_reg[J]	u4.dividend_reg[48]$_SDFFE_PP0P_/Q	u4.dividend_reg[8]$_SDFFE_PP0P_/D
48	0.1420	uI.product_g[J]	uI.sum_J[K]	u3.product_g[11]$_SDFFE_PP0P_/Q	u3.sum_7[29]$_SDFFE_PP0P_/D
49	0.1430	exception	exception	exception$_SDFFE_PP0P_/Q	exception
50	0.1455	ready	ready	ready$_SDFF_PP0_/Q	ready
51	0.1486	invalid	invalid	invalid$_SDFFE_PP0P_/Q	invalid
52	0.1498	overflow	overflow	overflow$_SDFFE_PP0P_/Q	overflow
53	0.1517	uI.subtra_shift_J[K]	uI.diff[J]	u2.subtra_shift_3[27]$_SDFFE_PP0P_/QN	u2.diff[53]$_SDFFE_PP0P_/D
54	0.1529	inexact	inexact	inexact$_SDFFE_PP0P_/Q	inexact
55	0.1532	underflow	underflow	underflow$_SDFFE_PP0P_/Q	underflow
56	0.1556	uI.product_h[J]	uI.sum_J[K]	u3.product_h[11]$_SDFFE_PP0P_/Q	u3.sum_3[35]$_SDFFE_PP0P_/D
57	0.1628	uI.product_c[J]	uI.sum_J[K]	u3.product_c[2]$_SDFFE_PP0P_/Q	u3.sum_2[37]$_SDFFE_PP0P_/D
58	0.1705	uI.exponent_small[J]	uI.exponent_diff[J]	u2.exponent_small[0]$_SDFFE_PP0P_/Q	u2.exponent_diff[10]$_SDFFE_PP0P_/D
59	0.1705	uI.exponent_J[K]	uI.product_J[K]	u3.exponent_2[1]$_SDFFE_PP0P_/Q	u3.product_4[65]$_SDFFE_PP0P_/D
60	0.1708	uI.remainder_shift_term[J]	uI.remainder_b[J]	u4.remainder_shift_term[1]$_SDFFE_PP0P_/Q	u4.remainder_b[64]$_SDFFE_PP0P_/D
61	0.1749	uI.diffshift_gt_exponent	uI.diff_J[K]	u2.diffshift_gt_exponent$_SDFFE_PP0P_/Q	u2.diff_1[30]$_SDFFE_PP0P_/D
62	0.1816	uI.exponent_large[J]	uI.diff_J[K]	u2.exponent_large[1]$_SDFFE_PP0P_/Q	u2.diff_1[50]$_SDFFE_PP0P_/D
63	0.1859	uI.product_shift_J[K]	uI.product_J[K]	u3.product_shift_2[1]$_SDFFE_PP0P_/Q	u3.product_3[95]$_SDFFE_PP0P_/D
64	0.1876	uI.product_b[J]	uI.sum_J[K]	u3.product_b[0]$_SDFFE_PP0P_/Q	u3.sum_0[26]$_SDFFE_PP0P_/D
65	0.1979	uI.diff_shift_J[K]	uI.diff_J[K]	u2.diff_shift_2[0]$_SDFFE_PP0P_/Q	u2.diff_1[31]$_SDFFE_PP0P_/D
66	0.2002	uI.prod_a_lo[J]	uI.product_a[J]	u3.prod_a_lo[12]$_SDFFE_PP0P_/Q	u3.product_a[40]$_SDFFE_PP0P_/D
67	0.2027	uI.pp_aJ[K]	uI.prod_c_lo[J]	u3.pp_a20[12]$_SDFFE_PP0P_/Q	u3.prod_c_lo[24]$_SDFFE_PP0P_/D
68	0.2041	uI.prod_a_hi[J]	uI.product_a[J]	u3.prod_a_hi[0]$_SDFFE_PP0P_/Q	u3.product_a[40]$_SDFFE_PP0P_/D
69	0.2103	uI.product_a[J]	uI.sum_J[K]	u3.product_a[23]$_SDFFE_PP0P_/Q	u3.sum_0[35]$_SDFFE_PP0P_/D
70	0.2136	uI.exponent_large[J]	uI.exponent_diff[J]	u2.exponent_large[0]$_SDFFE_PP0P_/QN	u2.exponent_diff[10]$_SDFFE_PP0P_/D
71	0.2149	uI.prod_g_lo[J]	uI.product_g[J]	u3.prod_g_lo[11]$_SDFFE_PP0P_/Q	u3.product_g[32]$_SDFFE_PP0P_/D
72	0.2168	uI.large_norm_small_denorm	uI.exponent_diff[J]	u2.large_norm_small_denorm$_SDFFE_PP0P_/Q	u2.exponent_diff[10]$_SDFFE_PP0P_/D
73	0.2170	uI.prod_g_hi[J]	uI.product_g[J]	u3.prod_g_hi[2]$_SDFFE_PP0P_/Q	u3.product_g[32]$_SDFFE_PP0P_/D
74	0.2210	uI.expon_uf_term_J[K]	uI.mantissa_J[K]	u4.expon_uf_term_4[9]$_SDFFE_PP0P_/Q	u4.mantissa_1[26]$_SDFFE_PP0P_/D
75	0.2219	uI.dividend_shift_J[K]	uI.dividend_a_shifted[J]	u4.dividend_shift_2[1]$_SDFFE_PP0P_/Q	u4.dividend_a_shifted[47]$_SDFFE_PP0P_/D
76	0.2236	uI.prod_c_hi[J]	uI.product_c[J]	u3.prod_c_hi[0]$_SDFFE_PP0P_/Q	u3.product_c[32]$_SDFFE_PP0P_/D
77	0.2237	uI.divisor_reg[J]	uI.remainder_msb	u4.divisor_reg[52]$_SDFFE_PP0P_/Q	u4.remainder_msb$_SDFFE_PP0P_/D
78	0.2299	mul_enable	uI.prod_e_lo[J]	mul_enable$_SDFF_PP0_/Q	u3.prod_e_lo[10]$_SDFFE_PP0P_/D
79	0.2303	uI.divisor_shift_J[K]	uI.divisor_b_shifted[J]	u4.divisor_shift_2[1]$_SDFFE_PP0P_/Q	u4.divisor_b_shifted[32]$_SDFFE_PP0P_/D
80	0.2319	uI.dividend_reg[J]	uI.remainder_msb	u4.dividend_reg[48]$_SDFFE_PP0P_/Q	u4.remainder_msb$_SDFFE_PP0P_/D
81	0.2327	opa_reg[I]	uI.exponent_out[J]	opa_reg[45]$_SDFFE_PP0P_/Q	u4.exponent_out[3]$_SDFF_PP0_/D
82	0.2339	uI.prod_c_lo[J]	uI.product_c[J]	u3.prod_c_lo[12]$_SDFFE_PP0P_/Q	u3.product_c[32]$_SDFFE_PP0P_/D
83	0.2340	mul_enable	uI.sum_J[K]	mul_enable$_SDFF_PP0_/Q	u3.sum_0[12]$_SDFFE_PP0P_/D
84	0.2341	mul_enable	uI.product_e[J]	mul_enable$_SDFF_PP0_/Q	u3.product_e[13]$_SDFFE_PP0P_/D
85	0.2352	mul_enable	uI.prod_f_lo[J]	mul_enable$_SDFF_PP0_/Q	u3.prod_f_lo[9]$_SDFFE_PP0P_/D
86	0.2379	uI.product_j[J]	uI.sum_J[K]	u3.product_j[0]$_SDFFE_PP0P_/Q	u3.sum_8[30]$_SDFFE_PP0P_/D
87	0.2388	uI.prod_h_hi[J]	uI.product_h[J]	u3.prod_h_hi[0]$_SDFFE_PP0P_/Q	u3.product_h[26]$_SDFFE_PP0P_/D
88	0.2409	uI.prod_h_lo[J]	uI.product_h[J]	u3.prod_h_lo[6]$_SDFFE_PP0P_/Q	u3.product_h[26]$_SDFFE_PP0P_/D
89	0.2424	mul_enable	uI.prod_b_lo[J]	mul_enable$_SDFF_PP0_/Q	u3.prod_b_lo[0]$_SDFFE_PP0P_/D
90	0.2439	mul_enable	uI.prod_f_hi[J]	mul_enable$_SDFF_PP0_/Q	u3.prod_f_hi[1]$_SDFFE_PP0P_/D
91	0.2452	mul_enable	uI.mul_b[J]	mul_enable$_SDFF_PP0_/Q	u3.mul_b[25]$_SDFFE_PP0P_/D
92	0.2476	uI.pp_bJ[K]	uI.prod_c_hi[J]	u3.pp_b21[0]$_SDFFE_PP0P_/Q	u3.prod_c_hi[26]$_SDFFE_PP0P_/D
93	0.2495	uI.product_d[J]	uI.sum_J[K]	u3.product_d[4]$_SDFFE_PP0P_/Q	u3.sum_5[25]$_SDFFE_PP0P_/D
94	0.2544	mul_enable	uI.product_J[K]	mul_enable$_SDFF_PP0_/Q	u3.product_3[73]$_SDFFE_PP0P_/D
95	0.2569	mul_enable	uI.prod_g_lo[J]	mul_enable$_SDFF_PP0_/Q	u3.prod_g_lo[23]$_SDFFE_PP0P_/D
96	0.2588	mul_enable	uI.exponent_J[K]	mul_enable$_SDFF_PP0_/Q	u3.exponent_2[0]$_SDFFE_PP0P_/D
97	0.2590	uI.pp_bJ[K]	uI.prod_a_hi[J]	u3.pp_b01[0]$_SDFFE_PP0P_/Q	u3.prod_a_hi[20]$_SDFFE_PP0P_/D
98	0.2617	opa_reg[I]	uI.a_is_zero	opa_reg[45]$_SDFFE_PP0P_/Q	u3.a_is_zero$_SDFFE_PP0P_/D
99	0.2617	mul_enable	uI.prod_e_hi[J]	mul_enable$_SDFF_PP0_/Q	u3.prod_e_hi[14]$_SDFFE_PP0P_/D
100	0.2630	uI.a_is_norm	uI.exponent_terms[J]	u3.a_is_norm$_SDFFE_PP0P_/Q	u3.exponent_terms[10]$_SDFFE_PP0P_/D
