# stage	1_synth
# top_module	tpu_top
# top_n	100
# kind	blocks
# include_full	1
# rank	worst_slack_ns	start	end	start_full	end_full
1	-0.1170	systolic.data_queue[I][J]	systolic.mul_product_reg[I][J]	systolic.data_queue[14][3]$_SDFFE_PN0P_/Q	systolic.mul_product_reg[14][15]$_SDFF_PN0_/D
2	-0.1127	systolic.weight_queue[I][J]	systolic.mul_product_reg[I][J]	systolic.weight_queue[14][2]$_SDFFE_PN0P_/Q	systolic.mul_product_reg[14][15]$_SDFF_PN0_/D
3	0.0178	matrix_index_d[I]	_I_	matrix_index_d[0]$_SDFF_PN0_/QN	_87952_/D
4	0.1690	srstn	systolic.matrix_mul_ID[J][K]	srstn	systolic.matrix_mul_2D[0][20]$_SDFFE_PN0P_/D
5	0.1754	srstn	write_out.src_b_pI[J][K]	srstn	write_out.src_b_p1[1][0]$_SDFF_PN0_/D
6	0.1754	srstn	write_out.qd_pI[J]	srstn	write_out.qd_p1[111]$_SDFF_PP0_/D
7	0.1773	srstn	systolic.data_queue[I][J]	srstn	systolic.data_queue[63][1]$_SDFFE_PN0P_/D
8	0.1778	srstn	write_out.src_a_pI[J][K]	srstn	write_out.src_a_p1[4][2]$_SDFF_PN0_/D
9	0.1778	srstn	write_out.src_c_pI[J][K]	srstn	write_out.src_c_p1[4][2]$_SDFF_PN0_/D
10	0.1781	srstn	write_out.qd_pI[J]	srstn	write_out.qd_p1[126]$_SDFF_PN0_/D
11	0.1789	srstn	sram_write_enable_d	srstn	sram_write_enable_d$_SDFF_PN0_/D
12	0.1791	srstn	systolic.mul_product_reg[I][J]	srstn	systolic.mul_product_reg[0][0]$_SDFF_PN0_/D
13	0.1840	srstn	write_out.sram_write_enable_bI	srstn	write_out.sram_write_enable_b0$_SDFF_PN1_/D
14	0.1840	srstn	write_out.sram_write_enable_cI	srstn	write_out.sram_write_enable_c0$_SDFF_PN1_/D
15	0.1863	srstn	systolic.mul_outcome[I]	srstn	systolic.mul_outcome[0]$_SDFF_PN0_/D
16	0.1956	srstn	systolic_controll.cycle_num[I]	srstn	systolic_controll.cycle_num[2]$_SDFF_PN0_/D
17	0.1956	srstn	systolic_controll.data_set[I]	srstn	systolic_controll.data_set[1]$_SDFFE_PN0P_/D
18	0.1956	srstn	systolic_controll.tpu_done	srstn	systolic_controll.tpu_done$_SDFF_PN0_/D
19	0.1964	srstn	systolic_controll.state[I]	srstn	systolic_controll.state[0]$_DFF_P_/D
20	0.2010	srstn	systolic.weight_queue[I][J]	srstn	systolic.weight_queue[0][0]$_SDFFE_PN0P_/D
21	0.2010	srstn	systolic_controll.addr_serial_num[I]	srstn	systolic_controll.addr_serial_num[1]$_SDFFE_PN0P_/D
22	0.2029	systolic.mul_product_reg[I][J]	systolic.matrix_mul_ID[J][K]	systolic.mul_product_reg[0][0]$_SDFF_PN0_/Q	systolic.matrix_mul_2D[0][14]$_SDFFE_PN0P_/D
23	0.2041	srstn	tpu_done	srstn	tpu_done$_SDFF_PN0_/D
24	0.2041	srstn	tpu_done_pI	srstn	tpu_done_p1$_SDFF_PN0_/D
25	0.2041	srstn	write_out.sram_waddr_a[I]	srstn	write_out.sram_waddr_a[0]$_SDFF_PN0_/D
26	0.2041	srstn	write_out.sram_waddr_b[I]	srstn	write_out.sram_waddr_b[5]$_SDFF_PN0_/D
27	0.2041	srstn	write_out.sram_waddr_c[I]	srstn	write_out.sram_waddr_c[5]$_SDFF_PN0_/D
28	0.2042	srstn	matrix_index_d[I]	srstn	matrix_index_d[1]$_SDFF_PN0_/D
29	0.2043	systolic.matrix_mul_ID[J][K]	systolic.matrix_mul_ID[J][K]	systolic.matrix_mul_2D[0][0]$_SDFFE_PN0P_/Q	systolic.matrix_mul_2D[0][14]$_SDFFE_PN0P_/D
30	0.2047	srstn	data_set_d[I]	srstn	data_set_d[1]$_SDFF_PN0_/D
31	0.2188	srstn	systolic.is_reset_reg[I]	srstn	systolic.is_reset_reg[47]$_SDFF_PN0_/D
32	0.2193	srstn	write_out.sram_wdata_c[I]	srstn	write_out.sram_wdata_c[10]$_SDFF_PN0_/D
33	0.2239	srstn	write_out.sram_wdata_a[I]	srstn	write_out.sram_wdata_a[101]$_SDFF_PN0_/D
34	0.2259	srstn	write_out.sram_wdata_b[I]	srstn	write_out.sram_wdata_b[101]$_SDFF_PN0_/D
35	0.2380	srstn	_I_	srstn	_87950_/D
36	0.2406	systolic_controll.matrix_index[I]	systolic.mul_outcome[I]	systolic_controll.matrix_index[4]$_SDFF_PP0_/QN	systolic.mul_outcome[47]$_SDFF_PN0_/D
37	0.2521	srstn	write_out.sram_write_enable_aI	srstn	write_out.sram_write_enable_a0$_SDFF_PN1_/D
38	0.2524	srstn	systolic.is_accum_reg[I]	srstn	systolic.is_accum_reg[63]$_SDFF_PP0_/D
39	0.2533	tpu_start	systolic_controll.addr_serial_num[I]	tpu_start	systolic_controll.addr_serial_num[5]$_SDFFE_PN0P_/D
40	0.2635	srstn	write_out.waddr_a_pI[J]	srstn	write_out.waddr_a_p1[1]$_SDFF_PN0_/D
41	0.2649	srstn	write_out.waddr_c_pI[J]	srstn	write_out.waddr_c_p1[1]$_SDFF_PN0_/D
42	0.2679	srstn	write_out.en_a_pI[J]	srstn	write_out.en_a_p1[1]$_SDFF_PN0_/D
43	0.2693	srstn	write_out.en_c_pI[J]	srstn	write_out.en_c_p1[1]$_SDFF_PN0_/D
44	0.2737	srstn	systolic_controll.matrix_index[I]	srstn	systolic_controll.matrix_index[5]$_SDFF_PP0_/D
45	0.2811	srstn	write_out.we_a_pI	srstn	write_out.we_a_p1$_SDFF_PN1_/D
46	0.2825	srstn	write_out.we_c_pI	srstn	write_out.we_c_p1$_SDFF_PN1_/D
47	0.3031	systolic_controll.cycle_num[I]	systolic.is_accum_reg[I]	systolic_controll.cycle_num[0]$_SDFF_PN0_/QN	systolic.is_accum_reg[2]$_SDFF_PP0_/D
48	0.4142	systolic.mul_outcome[I]	write_out.qd_pI[J]	systolic.mul_outcome[11]$_SDFF_PN0_/Q	write_out.qd_p1[10]$_SDFF_PN0_/D
49	0.4224	write_out.src_b_pI[J][K]	write_out.sram_wdata_b[I]	write_out.src_b_p1[1][1]$_SDFF_PN0_/Q	write_out.sram_wdata_b[32]$_SDFF_PN0_/D
50	0.4491	addr_sel.sram_raddr_wI[J]	sram_raddr_wI[J]	addr_sel.sram_raddr_w0[0]$_SDFF_PN1_/Q	sram_raddr_w0[0]
51	0.4529	systolic_controll.cycle_num[I]	systolic.is_reset_reg[I]	systolic_controll.cycle_num[6]$_SDFF_PN0_/Q	systolic.is_reset_reg[0]$_SDFF_PN0_/D
52	0.4648	systolic_controll.addr_serial_num[I]	addr_sel.sram_raddr_wI[J]	systolic_controll.addr_serial_num[5]$_SDFFE_PN0P_/Q	addr_sel.sram_raddr_w1[5]$_SDFF_PN1_/D
53	0.4657	addr_sel.sram_raddr_wI[J]	sram_raddr_dI[J]	addr_sel.sram_raddr_w0[0]$_SDFF_PN1_/Q	sram_raddr_d0[0]
54	0.4673	write_out.src_a_pI[J][K]	write_out.sram_wdata_a[I]	write_out.src_a_p1[7][1]$_SDFF_PN0_/Q	write_out.sram_wdata_a[0]$_SDFF_PN0_/D
55	0.4673	write_out.src_c_pI[J][K]	write_out.sram_wdata_c[I]	write_out.src_c_p1[7][1]$_SDFF_PN0_/Q	write_out.sram_wdata_c[0]$_SDFF_PN0_/D
56	0.4679	write_out.sram_waddr_a[I]	sram_waddr_a[I]	write_out.sram_waddr_a[0]$_SDFF_PN0_/Q	sram_waddr_a[0]
57	0.4679	write_out.sram_waddr_b[I]	sram_waddr_b[I]	write_out.sram_waddr_b[0]$_SDFF_PN0_/Q	sram_waddr_b[0]
58	0.4679	write_out.sram_waddr_c[I]	sram_waddr_c[I]	write_out.sram_waddr_c[0]$_SDFF_PN0_/Q	sram_waddr_c[0]
59	0.4679	write_out.sram_wdata_a[I]	sram_wdata_a[I]	write_out.sram_wdata_a[0]$_SDFF_PN0_/Q	sram_wdata_a[0]
60	0.4679	write_out.sram_wdata_b[I]	sram_wdata_b[I]	write_out.sram_wdata_b[0]$_SDFF_PN0_/Q	sram_wdata_b[0]
61	0.4679	write_out.sram_wdata_c[I]	sram_wdata_c[I]	write_out.sram_wdata_c[0]$_SDFF_PN0_/Q	sram_wdata_c[0]
62	0.4679	write_out.sram_write_enable_aI	sram_write_enable_aI	write_out.sram_write_enable_a0$_SDFF_PN1_/Q	sram_write_enable_a0
63	0.4679	write_out.sram_write_enable_bI	sram_write_enable_bI	write_out.sram_write_enable_b0$_SDFF_PN1_/Q	sram_write_enable_b0
64	0.4679	write_out.sram_write_enable_cI	sram_write_enable_cI	write_out.sram_write_enable_c0$_SDFF_PN1_/Q	sram_write_enable_c0
65	0.4679	tpu_done	tpu_done	tpu_done$_SDFF_PN0_/Q	tpu_done
66	0.4681	tpu_start	systolic_controll.state[I]	tpu_start	systolic_controll.state[0]$_DFF_P_/D
67	0.4739	systolic.mul_outcome[I]	write_out.qd_pI[J]	systolic.mul_outcome[93]$_SDFF_PN0_/Q	write_out.qd_p1[79]$_SDFF_PP0_/D
68	0.4746	matrix_index_d[I]	write_out.src_b_pI[J][K]	matrix_index_d[4]$_SDFF_PN0_/QN	write_out.src_b_p1[0][2]$_SDFF_PN0_/D
69	0.4805	sram_rdata_dI[J]	systolic.data_queue[I][J]	sram_rdata_d0[14]	systolic.data_queue[16][6]$_SDFFE_PN0P_/D
70	0.4805	sram_rdata_wI[J]	systolic.weight_queue[I][J]	sram_rdata_w0[25]	systolic.weight_queue[0][1]$_SDFFE_PN0P_/D
71	0.4816	systolic_controll.matrix_index[I]	systolic_controll.data_set[I]	systolic_controll.matrix_index[1]$_SDFF_PP0_/Q	systolic_controll.data_set[0]$_SDFFE_PN0P_/D
72	0.4882	systolic_controll.addr_serial_num[I]	systolic_controll.addr_serial_num[I]	systolic_controll.addr_serial_num[1]$_SDFFE_PN0P_/Q	systolic_controll.addr_serial_num[5]$_SDFFE_PN0P_/D
73	0.4894	systolic_controll.cycle_num[I]	systolic_controll.data_set[I]	systolic_controll.cycle_num[6]$_SDFF_PN0_/Q	systolic_controll.data_set[0]$_SDFFE_PN0P_/D
74	0.4895	data_set_d[I]	_I_	data_set_d[1]$_SDFF_PN0_/Q	_87950_/D
75	0.4948	systolic.is_accum_reg[I]	systolic.matrix_mul_ID[J][K]	systolic.is_accum_reg[7]$_SDFF_PP0_/Q	systolic.matrix_mul_2D[21][10]$_SDFFE_PN0P_/D
76	0.4988	systolic.is_reset_reg[I]	systolic.matrix_mul_ID[J][K]	systolic.is_reset_reg[6]$_SDFF_PN0_/Q	systolic.matrix_mul_2D[13][0]$_SDFFE_PN0P_/D
77	0.4989	matrix_index_d[I]	write_out.en_a_pI[J]	matrix_index_d[4]$_SDFF_PN0_/QN	write_out.en_a_p1[1]$_SDFF_PN0_/D
78	0.4989	matrix_index_d[I]	write_out.en_c_pI[J]	matrix_index_d[4]$_SDFF_PN0_/QN	write_out.en_c_p1[1]$_SDFF_PN0_/D
79	0.5150	data_set_d[I]	write_out.waddr_a_pI[J]	data_set_d[1]$_SDFF_PN0_/Q	write_out.waddr_a_p1[1]$_SDFF_PN0_/D
80	0.5164	data_set_d[I]	write_out.waddr_c_pI[J]	data_set_d[1]$_SDFF_PN0_/Q	write_out.waddr_c_p1[1]$_SDFF_PN0_/D
81	0.5194	data_set_d[I]	write_out.en_a_pI[J]	data_set_d[1]$_SDFF_PN0_/Q	write_out.en_a_p1[1]$_SDFF_PN0_/D
82	0.5208	data_set_d[I]	write_out.en_c_pI[J]	data_set_d[1]$_SDFF_PN0_/Q	write_out.en_c_p1[1]$_SDFF_PN0_/D
83	0.5242	data_set_d[I]	write_out.src_a_pI[J][K]	data_set_d[1]$_SDFF_PN0_/Q	write_out.src_a_p1[4][0]$_SDFF_PN0_/D
84	0.5248	sram_write_enable_d	_I_	sram_write_enable_d$_SDFF_PN0_/Q	_87950_/D
85	0.5256	data_set_d[I]	write_out.src_c_pI[J][K]	data_set_d[1]$_SDFF_PN0_/Q	write_out.src_c_p1[4][0]$_SDFF_PN0_/D
86	0.5258	systolic.matrix_mul_ID[J][K]	systolic.mul_outcome[I]	systolic.matrix_mul_2D[9][20]$_SDFFE_PN0P_/Q	systolic.mul_outcome[41]$_SDFF_PN0_/D
87	0.5262	systolic_controll.state[I]	systolic.is_accum_reg[I]	systolic_controll.state[3]$_DFF_P_/Q	systolic.is_accum_reg[15]$_SDFF_PP0_/D
88	0.5269	matrix_index_d[I]	write_out.src_a_pI[J][K]	matrix_index_d[4]$_SDFF_PN0_/QN	write_out.src_a_p1[4][2]$_SDFF_PN0_/D
89	0.5269	matrix_index_d[I]	write_out.src_c_pI[J][K]	matrix_index_d[4]$_SDFF_PN0_/QN	write_out.src_c_p1[4][2]$_SDFF_PN0_/D
90	0.5326	data_set_d[I]	write_out.we_a_pI	data_set_d[1]$_SDFF_PN0_/Q	write_out.we_a_p1$_SDFF_PN1_/D
91	0.5332	systolic_controll.cycle_num[I]	systolic_controll.cycle_num[I]	systolic_controll.cycle_num[1]$_SDFF_PN0_/Q	systolic_controll.cycle_num[8]$_SDFF_PN0_/D
92	0.5340	data_set_d[I]	write_out.we_c_pI	data_set_d[1]$_SDFF_PN0_/Q	write_out.we_c_p1$_SDFF_PN1_/D
93	0.5343	systolic_controll.state[I]	systolic.data_queue[I][J]	systolic_controll.state[3]$_DFF_P_/Q	systolic.data_queue[28][3]$_SDFFE_PN0P_/D
94	0.5453	systolic_controll.matrix_index[I]	systolic_controll.state[I]	systolic_controll.matrix_index[1]$_SDFF_PP0_/Q	systolic_controll.state[3]$_DFF_P_/D
95	0.5468	data_set_d[I]	write_out.src_b_pI[J][K]	data_set_d[1]$_SDFF_PN0_/Q	write_out.src_b_p1[0][2]$_SDFF_PN0_/D
96	0.5504	sram_write_enable_d	write_out.waddr_a_pI[J]	sram_write_enable_d$_SDFF_PN0_/Q	write_out.waddr_a_p1[1]$_SDFF_PN0_/D
97	0.5517	systolic_controll.matrix_index[I]	systolic_controll.matrix_index[I]	systolic_controll.matrix_index[1]$_SDFF_PP0_/Q	systolic_controll.matrix_index[5]$_SDFF_PP0_/D
98	0.5518	sram_write_enable_d	write_out.waddr_c_pI[J]	sram_write_enable_d$_SDFF_PN0_/Q	write_out.waddr_c_p1[1]$_SDFF_PN0_/D
99	0.5531	systolic_controll.state[I]	systolic_controll.addr_serial_num[I]	systolic_controll.state[0]$_DFF_P_/QN	systolic_controll.addr_serial_num[5]$_SDFFE_PN0P_/D
100	0.5548	sram_write_enable_d	write_out.en_a_pI[J]	sram_write_enable_d$_SDFF_PN0_/Q	write_out.en_a_p1[1]$_SDFF_PN0_/D
