# stage	1_synth
# top_module	viterbi_core
# top_n	100
# kind	blocks
# include_full	1
# rank	worst_slack_ns	start	end	start_full	end_full
1	-0.3045	src_rdata_i[I]	bmu_inst_I.bm_r[J]	src_rdata_i[20]	bmu_inst_44.bm_r[6]$_DFF_PN0_/D
2	-0.0229	register_num_i[I]	acs_inst_I.pm_r[J]	register_num_i[0]	acs_inst_52.pm_r[4]$_DFF_PN0_/D
3	0.0288	register_num_i[I]	acs_inst_I.survivor_path_r	register_num_i[1]	acs_inst_45.survivor_path_r$_DFF_PN0_/D
4	0.4880	bmu_inst_I.bm_r[J]	acs_inst_I.pm_r[J]	bmu_inst_63.bm_r[0]$_DFF_PN0_/Q	acs_inst_14.pm_r[6]$_DFF_PN0_/D
5	0.5361	bmu_inst_I.bm_r[J]	acs_inst_I.survivor_path_r	bmu_inst_63.bm_r[0]$_DFF_PN0_/Q	acs_inst_14.survivor_path_r$_DFF_PN0_/D
6	0.5420	acs_inst_I.pm_r[J]	pm_normalize_inst.grp_max_r[I][J]	acs_inst_43.pm_r[4]$_DFF_PN0_/Q	pm_normalize_inst.grp_max_r[5][0]$_DFFE_PP_/D
7	0.6352	infobit_length_i[I]	src_addr_r[I]	infobit_length_i[5]	src_addr_r[10]$_DFFE_PN0P_/D
8	0.6495	pm_normalize_inst.grp_max_r[I][J]	pm_normalize_inst.max_r[I]	pm_normalize_inst.grp_max_r[1][2]$_DFFE_PP_/Q	pm_normalize_inst.max_r[0]$_DFFE_PN0P_/D
9	0.6607	register_num_i[I]	bmu_inst_I.low_codeword_tmp[J]	register_num_i[1]	bmu_inst_49.low_codeword_tmp[3]$_DFFE_PN0P_/D
10	0.6648	infobit_length_i[I]	src_len_counter_r[I]	infobit_length_i[5]	src_len_counter_r[5]$_DFFE_PN0P_/D
11	0.6864	rst_sync_i	fetch_src_cnt_r[I]	rst_sync_i	fetch_src_cnt_r[10]$_DFFE_PN0P_/D
12	0.6880	frame_start_i	fetch_src_cnt_r[I]	frame_start_i	fetch_src_cnt_r[10]$_DFFE_PN0P_/D
13	0.6914	polynomialI_i[J]	bmu_inst_I.low_codeword_tmp[J]	polynomial3_i[2]	bmu_inst_63.low_codeword_tmp[2]$_DFFE_PN0P_/D
14	0.7196	pm_normalize_inst.max_r[I]	pm_normalize_inst.pm_nom_r[I][J]	pm_normalize_inst.max_r[0]$_DFFE_PN0P_/Q	pm_normalize_inst.pm_nom_r[32][2]$_DFFE_PN0P_/D
15	0.7255	valid_polynomials_i[I]	bmu_inst_I.bm_r[J]	valid_polynomials_i[1]	bmu_inst_33.bm_r[6]$_DFF_PN0_/D
16	0.7274	rst_sync_i	bmu_inst_I.low_codeword_tmp[J]	rst_sync_i	bmu_inst_46.low_codeword_tmp[4]$_DFFE_PN0P_/D
17	0.7327	frame_start_i	pm_normalize_inst.pm_nom_r[I][J]	frame_start_i	pm_normalize_inst.pm_nom_r[16][1]$_DFFE_PN0P_/D
18	0.7388	register_num_i[I]	pm_normalize_inst.pm_update_en_pipe_r[I]	register_num_i[1]	pm_normalize_inst.pm_update_en_pipe_r[31]$_DFFE_PN0P_/D
19	0.7395	rst_sync_i	pm_normalize_inst.pm_nom_r[I][J]	rst_sync_i	pm_normalize_inst.pm_nom_r[16][1]$_DFFE_PN0P_/D
20	0.7402	valid_polynomials_i[I]	bmu_inst_I.low_codeword[J]	valid_polynomials_i[1]	bmu_inst_1.low_codeword[3]$_DFFE_PN0P_/D
21	0.7505	rst_sync_i	bmu_inst_I.bm_r[J]	rst_sync_i	bmu_inst_25.bm_r[6]$_DFF_PN0_/D
22	0.7505	rst_sync_i	pm_normalize_inst.grp_max_r[I][J]	rst_sync_i	pm_normalize_inst.grp_max_r[4][0]$_DFFE_PP_/D
23	0.7534	register_num_i[I]	acs_en_r[I]	register_num_i[1]	acs_en_r[31]$_DFFE_PN0P_/D
24	0.7663	frame_start_i	trellis_idx_r[I]	frame_start_i	trellis_idx_r[5]$_DFFE_PN0P_/D
25	0.7731	rst_sync_i	trellis_idx_r[I]	rst_sync_i	trellis_idx_r[5]$_DFFE_PN0P_/D
26	0.7755	bmu_inst_I.low_codeword[J]	bmu_inst_I.bm_r[J]	bmu_inst_44.low_codeword[4]$_DFFE_PN0P_/Q	bmu_inst_44.bm_r[6]$_DFF_PN0_/D
27	0.7767	frame_start_i	src_len_counter_r[I]	frame_start_i	src_len_counter_r[5]$_DFFE_PN0P_/D
28	0.7824	rst_sync_i	acs_inst_I.pm_r[J]	rst_sync_i	acs_inst_32.pm_r[8]$_DFF_PN0_/D
29	0.7826	rst_sync_i	bmu_inst_I.low_codeword[J]	rst_sync_i	bmu_inst_1.low_codeword[0]$_DFFE_PN0P_/D
30	0.7835	rst_sync_i	src_len_counter_r[I]	rst_sync_i	src_len_counter_r[5]$_DFFE_PN0P_/D
31	0.7863	frame_start_i	src_addr_r[I]	frame_start_i	src_addr_r[10]$_DFFE_PN0P_/D
32	0.7899	rst_sync_i	src_addr_r[I]	rst_sync_i	src_addr_r[10]$_DFFE_PN0P_/D
33	0.7904	frame_start_i	flush_all_start_r	frame_start_i	flush_all_start_r$_DFFE_PN0P_/D
34	0.7932	tail_biting_en_i	pm_normalize_inst.pm_nom_r[I][J]	tail_biting_en_i	pm_normalize_inst.pm_nom_r[1][7]$_DFFE_PN0P_/D
35	0.7972	rst_sync_i	flush_all_start_r	rst_sync_i	flush_all_start_r$_DFFE_PN0P_/D
36	0.8053	rst_sync_i	src_rd_r	rst_sync_i	src_rd_r$_DFFE_PN0P_/D
37	0.8069	frame_start_i	src_rd_r	frame_start_i	src_rd_r$_DFFE_PN0P_/D
38	0.8070	rst_an_i	pm_normalize_inst.grp_max_r[I][J]	rst_an_i	pm_normalize_inst.grp_max_r[4][0]$_DFFE_PP_/D
39	0.8098	rst_sync_i	tb_len_r[I]	rst_sync_i	tb_len_r[3]$_DFFE_PN0P_/D
40	0.8112	rst_sync_i	frame_done_r	rst_sync_i	frame_done_r$_DFFE_PN0P_/D
41	0.8112	rst_sync_i	last_loop_r	rst_sync_i	last_loop_r$_DFFE_PN0P_/D
42	0.8112	rst_sync_i	tb_wr_addr_r[I]	rst_sync_i	tb_wr_addr_r[0]$_DFFE_PN0P_/D
43	0.8114	frame_start_i	tb_len_r[I]	frame_start_i	tb_len_r[3]$_DFFE_PN0P_/D
44	0.8128	frame_start_i	frame_done_r	frame_start_i	frame_done_r$_DFFE_PN0P_/D
45	0.8128	frame_start_i	last_loop_r	frame_start_i	last_loop_r$_DFFE_PN0P_/D
46	0.8128	frame_start_i	tb_wr_addr_r[I]	frame_start_i	tb_wr_addr_r[0]$_DFFE_PN0P_/D
47	0.8135	frame_start_i	state_r[I]	frame_start_i	state_r[0]$_DFF_PN1_/D
48	0.8150	frame_start_i	dst_addr_r[I]	frame_start_i	dst_addr_r[10]$_DFFE_PN0P_/D
49	0.8181	rst_sync_i	dst_addr_r[I]	rst_sync_i	dst_addr_r[10]$_DFFE_PN0P_/D
50	0.8201	rst_sync_i	state_r[I]	rst_sync_i	state_r[2]$_DFF_PN0_/D
51	0.8250	rst_sync_i	acs_inst_I.survivor_path_r	rst_sync_i	acs_inst_44.survivor_path_r$_DFF_PN0_/D
52	0.8284	frame_start_i	first_loop_r	frame_start_i	first_loop_r$_DFFE_PN0P_/D
53	0.8284	frame_start_i	full_tb_start_r	frame_start_i	full_tb_start_r$_DFFE_PN0P_/D
54	0.8284	frame_start_i	half_tb_start_r	frame_start_i	half_tb_start_r$_DFFE_PN0P_/D
55	0.8301	frame_start_i	bmu_inst_I.ready_r	frame_start_i	bmu_inst_0.ready_r$_DFFE_PN0P_/D
56	0.8311	frame_start_i	acs_en_r[I]	frame_start_i	acs_en_r[31]$_DFFE_PN0P_/D
57	0.8315	rst_sync_i	first_loop_r	rst_sync_i	first_loop_r$_DFFE_PN0P_/D
58	0.8315	rst_sync_i	full_tb_start_r	rst_sync_i	full_tb_start_r$_DFFE_PN0P_/D
59	0.8315	rst_sync_i	half_tb_start_r	rst_sync_i	half_tb_start_r$_DFFE_PN0P_/D
60	0.8332	rst_sync_i	bmu_inst_I.ready_r	rst_sync_i	bmu_inst_0.ready_r$_DFFE_PN0P_/D
61	0.8342	rst_sync_i	acs_en_r[I]	rst_sync_i	acs_en_r[31]$_DFFE_PN0P_/D
62	0.8385	tail_biting_en_i	trellis_idx_r[I]	tail_biting_en_i	trellis_idx_r[7]$_DFFE_PN0P_/D
63	0.8413	rst_sync_i	pm_normalize_inst.max_r[I]	rst_sync_i	pm_normalize_inst.max_r[0]$_DFFE_PN0P_/D
64	0.8446	frame_start_i	byte_idx_r[I]	frame_start_i	byte_idx_r[0]$_DFF_PN0_/D
65	0.8477	rst_sync_i	byte_idx_r[I]	rst_sync_i	byte_idx_r[0]$_DFF_PN0_/D
66	0.8688	acs_inst_I.valid_r	tb_addr_o[I]	acs_inst_0.valid_r$_DFF_PN0_/Q	tb_addr_o[0]
67	0.8698	rst_sync_i	traceback_ins.tb_addr_r[I]	rst_sync_i	traceback_ins.tb_addr_r[1]$_DFFE_PN0P_/D
68	0.8736	frame_start_i	dst_wr_r	frame_start_i	dst_wr_r$_DFF_PN0_/D
69	0.8750	rst_sync_i	pm_normalize_inst.pm_pipe_r[I][J]	rst_sync_i	pm_normalize_inst.pm_pipe_r[23][8]$_DFFE_PN0P_/D
70	0.8767	rst_sync_i	dst_wr_r	rst_sync_i	dst_wr_r$_DFF_PN0_/D
71	0.8818	rst_sync_i	acs_inst_I.valid_r	rst_sync_i	acs_inst_0.valid_r$_DFF_PN0_/D
72	0.8836	rst_sync_i	traceback_ins.tb_counter_r[I]	rst_sync_i	traceback_ins.tb_counter_r[0]$_DFFE_PN0P_/D
73	0.8851	rst_sync_i	pm_normalize_inst.pm_update_en_pipe_r[I]	rst_sync_i	pm_normalize_inst.pm_update_en_pipe_r[15]$_DFFE_PN0P_/D
74	0.8856	frame_start_i	bmu_inst_I.calc_polyn_en	frame_start_i	bmu_inst_56.calc_polyn_en$_DFF_PN0_/D
75	0.8856	pm_normalize_inst.pm_nom_r[I][J]	acs_inst_I.pm_r[J]	pm_normalize_inst.pm_nom_r[12][0]$_DFFE_PN0P_/Q	acs_inst_8.pm_r[3]$_DFF_PN0_/D
76	0.8884	frame_start_i	busy_r	frame_start_i	busy_r$_DFFE_PN0P_/D
77	0.8947	rst_sync_i	traceback_ins.tb_rd_r	rst_sync_i	traceback_ins.tb_rd_r$_DFF_PN0_/D
78	0.8947	rst_sync_i	decoding_start_r	rst_sync_i	decoding_start_r$_DFF_PN0_/D
79	0.8949	rst_sync_i	traceback_start_r	rst_sync_i	traceback_start_r$_DFF_PN0_/D
80	0.8952	rst_sync_i	busy_r	rst_sync_i	busy_r$_DFFE_PN0P_/D
81	0.9066	rst_sync_i	bmu_inst_I.calc_codeword_en	rst_sync_i	bmu_inst_49.calc_codeword_en$_DFF_PN0_/D
82	0.9079	rst_sync_i	bmu_inst_I.calc_polyn_en	rst_sync_i	bmu_inst_56.calc_polyn_en$_DFF_PN0_/D
83	0.9133	rst_sync_i	pm_normalize_inst.en_i_rr	rst_sync_i	pm_normalize_inst.en_i_rr$_DFF_PN0_/D
84	0.9133	rst_sync_i	dst_wr_dI_r	rst_sync_i	dst_wr_d1_r$_DFF_PN0_/D
85	0.9226	infobit_length_i[I]	trellis_idx_r[I]	infobit_length_i[7]	trellis_idx_r[7]$_DFFE_PN0P_/D
86	0.9320	pm_normalize_inst.pm_nom_r[I][J]	acs_inst_I.survivor_path_r	pm_normalize_inst.pm_nom_r[12][0]$_DFFE_PN0P_/Q	acs_inst_8.survivor_path_r$_DFF_PN0_/D
87	0.9342	rst_sync_i	bmu_ready_dI_r	rst_sync_i	bmu_ready_d1_r$_DFF_PN1_/D
88	0.9435	decoding_length_i[I]	trellis_idx_r[I]	decoding_length_i[6]	trellis_idx_r[6]$_DFFE_PN0P_/D
89	0.9628	tb_wr_addr_r[I]	tb_addr_o[I]	tb_wr_addr_r[2]$_DFFE_PN0P_/Q	tb_addr_o[2]
90	0.9873	dst_start_addr_i[I]	dst_addr_r[I]	dst_start_addr_i[8]	dst_addr_r[8]$_DFFE_PN0P_/D
91	0.9912	traceback_ins.tb_addr_r[I]	tb_addr_o[I]	traceback_ins.tb_addr_r[3]$_DFFE_PN0P_/Q	tb_addr_o[3]
92	1.0042	rst_sync_i	soft_data_valid_r	rst_sync_i	soft_data_valid_r$_DFF_PN0_/D
93	1.0066	rst_sync_i	bmu_inst_I.bm_valid_r	rst_sync_i	bmu_inst_33.bm_valid_r$_DFF_PN0_/D
94	1.0088	src_start_addr_i[I]	src_addr_r[I]	src_start_addr_i[10]	src_addr_r[10]$_DFFE_PN0P_/D
95	1.0187	dst_addr_r[I]	dst_addr_o[I]	dst_addr_r[1]$_DFFE_PN0P_/Q	dst_addr_o[1]
96	1.0196	acs_inst_I.survivor_path_r	tb_wdata_o[I]	acs_inst_0.survivor_path_r$_DFF_PN0_/Q	tb_wdata_o[0]
97	1.0210	src_addr_r[I]	src_addr_o[I]	src_addr_r[1]$_DFFE_PN0P_/Q	src_addr_o[1]
98	1.0282	dst_wr_r	dst_wr_o	dst_wr_r$_DFF_PN0_/Q	dst_wr_o
99	1.0346	frame_done_r	frame_done_o	frame_done_r$_DFFE_PN0P_/Q	frame_done_o
100	1.0346	busy_r	busy_o	busy_r$_DFFE_PN0P_/Q	busy_o
